layer at (0,0) size 785x4621
  RenderView at (0,0) size 785x600
layer at (0,0) size 785x4621
  RenderBlock {HTML} at (0,0) size 785x4621
    RenderBody {BODY} at (8,8) size 769x4605
      RenderBlock {DIV} at (0,0) size 769x4589
        RenderBlock (anonymous) at (0,0) size 769x18
          RenderText {#text} at (0,0) size 4x17
            text run at (0,0) width 4: " "
        RenderTable {TABLE} at (67.19,18) size 473x4523
          RenderTableSection {TBODY} at (0,0) size 473x4523
            RenderTableRow {TR} at (0,0) size 473x21
              RenderTableCell {TD} at (0,0) size 473x21 [r=0 c=0 rs=1 cs=4]
                RenderBlock {P} at (7.19,0) size 459x0
                  RenderInline {B} at (0,0) size 0x0
                    RenderInline {SPAN} at (0,0) size 0x0
                      RenderInline {O:P} at (0,0) size 0x0
                RenderBlock {P} at (7.19,0) size 459x21
                  RenderInline {B} at (0,0) size 399x15
                    RenderInline {SPAN} at (0,0) size 399x15
                      RenderInline {FONT} at (0,0) size 399x20 [color=#008080]
                        RenderText {#text} at (30,0) size 399x20
                          text run at (30,0) width 188: "Radio Channel usage at "
                          text run at (217,0) width 212: "Bayside.    Rev date 6-25-01"
                RenderBlock {P} at (7.19,21) size 459x0
                  RenderInline {B} at (0,0) size 0x0
                    RenderInline {SPAN} at (0,0) size 0x0
                      RenderInline {O:P} at (0,0) size 0x0
            RenderTableRow {TR} at (0,21) size 473x36
              RenderTableCell {TD} at (0,21) size 98x36 [r=1 c=0 rs=1 cs=1]
                RenderInline {B} at (0,0) size 54x35
                  RenderInline {SPAN} at (0,0) size 54x35
                    RenderText {#text} at (22,0) size 54x35
                      text run at (22,0) width 54: "Channel"
                      text run at (24,18) width 50: "number"
                RenderText {#text} at (0,0) size 0x0
              RenderTableCell {TD} at (98,21) size 170x18 [r=1 c=1 rs=1 cs=1]
                RenderInline {B} at (0,0) size 96x17
                  RenderInline {SPAN} at (0,0) size 96x17
                    RenderText {#text} at (37,0) size 96x17
                      text run at (37,0) width 96: "Member name"
                RenderText {#text} at (0,0) size 0x0
              RenderTableCell {TD} at (268,21) size 99x36 [r=1 c=2 rs=1 cs=1]
                RenderBlock {P} at (7.19,0) size 85x18
                  RenderInline {B} at (0,0) size 45x15
                    RenderInline {SPAN} at (0,0) size 45x17
                      RenderText {#text} at (20,0) size 45x17
                        text run at (20,0) width 45: "Proper"
                      RenderInline {SPAN} at (0,0) size 0x17
                        RenderInline {O:P} at (0,0) size 0x17
                RenderBlock {P} at (7.19,18) size 85x18
                  RenderInline {B} at (0,0) size 37x15
                    RenderInline {SPAN} at (0,0) size 37x17
                      RenderText {#text} at (24,0) size 37x17
                        text run at (24,0) width 37: "Plane"
              RenderTableCell {TD} at (367,21) size 106x36 [r=1 c=3 rs=1 cs=1]
                RenderBlock {P} at (7.19,0) size 92x18
                  RenderInline {B} at (0,0) size 70x15
                    RenderInline {SPAN} at (0,0) size 70x17
                      RenderText {#text} at (11,0) size 70x17
                        text run at (11,0) width 70: "Helicopter"
                      RenderInline {SPAN} at (0,0) size 0x17
                        RenderInline {O:P} at (0,0) size 0x17
                RenderBlock {P} at (7.19,18) size 92x18
                  RenderInline {B} at (0,0) size 50x15
                    RenderInline {SPAN} at (0,0) size 50x17
                      RenderText {#text} at (21,0) size 50x17
                        text run at (21,0) width 50: "thingy.-"
            RenderTableRow {TR} at (0,57) size 473x32
              RenderTableCell {TD} at (0,57) size 98x16 [r=2 c=0 rs=1 cs=1]
                RenderBlock {P} at (7.19,0) size 84x16
                  RenderText {#text} at (36,0) size 12x15
                    text run at (36,0) width 12: "00"
                  RenderInline {SPAN} at (0,0) size 0x15
                    RenderInline {O:P} at (0,0) size 0x15
              RenderTableCell {TD} at (98,57) size 170x32 [r=2 c=1 rs=1 cs=1]
                RenderBlock {P} at (7.19,0) size 156x16
                  RenderText {#text} at (0,0) size 54x15
                    text run at (0,0) width 54: "Paul Scott"
                RenderBlock {P} at (7.19,16) size 156x16
                  RenderText {#text} at (0,0) size 90x15
                    text run at (0,0) width 90: "Donald Carvalho"
                  RenderInline {SPAN} at (0,0) size 0x15
                    RenderInline {O:P} at (0,0) size 0x15
              RenderTableCell {TD} at (268,57) size 99x16 [r=2 c=2 rs=1 cs=1]
                RenderBlock {P} at (7.19,0) size 85x16
                  RenderText {#text} at (34,0) size 17x15
                    text run at (34,0) width 17: "No"
                  RenderInline {SPAN} at (0,0) size 1x15
                    RenderInline {O:P} at (0,0) size 1x15
              RenderTableCell {TD} at (367,57) size 106x16 [r=2 c=3 rs=1 cs=1]
                RenderBlock {P} at (7.19,0) size 92x16
                  RenderText {#text} at (36,0) size 20x15
                    text run at (36,0) width 20: "Yes"
                  RenderInline {SPAN} at (0,0) size 0x15
                    RenderInline {O:P} at (0,0) size 0x15
            RenderTableRow {TR} at (0,89) size 473x16
              RenderTableCell {TD} at (0,89) size 98x16 [r=3 c=0 rs=1 cs=1]
                RenderBlock {P} at (7.19,0) size 84x16
                  RenderText {#text} at (36,0) size 12x15
                    text run at (36,0) width 12: "01"
                  RenderInline {SPAN} at (0,0) size 0x15
                    RenderInline {O:P} at (0,0) size 0x15
              RenderTableCell {TD} at (98,89) size 170x16 [r=3 c=1 rs=1 cs=1]
                RenderBlock {P} at (7.19,0) size 156x16
                  RenderText {#text} at (0,0) size 54x15
                    text run at (0,0) width 54: "Paul Scott"
                  RenderInline {SPAN} at (0,0) size 0x15
                    RenderInline {O:P} at (0,0) size 0x15
              RenderTableCell {TD} at (268,89) size 99x16 [r=3 c=2 rs=1 cs=1]
                RenderBlock {P} at (7.19,0) size 85x16
                  RenderText {#text} at (34,0) size 17x15
                    text run at (34,0) width 17: "No"
                  RenderInline {SPAN} at (0,0) size 1x15
                    RenderInline {O:P} at (0,0) size 1x15
              RenderTableCell {TD} at (367,89) size 106x16 [r=3 c=3 rs=1 cs=1]
                RenderBlock {P} at (7.19,0) size 92x16
                  RenderText {#text} at (36,0) size 20x15
                    text run at (36,0) width 20: "Yes"
                  RenderInline {SPAN} at (0,0) size 0x15
                    RenderInline {O:P} at (0,0) size 0x15
            RenderTableRow {TR} at (0,105) size 473x18
              RenderTableCell {TD} at (0,105) size 98x16 [r=4 c=0 rs=1 cs=1]
                RenderBlock {P} at (7.19,0) size 84x16
                  RenderInline {FONT} at (0,0) size 12x15
                    RenderText {#text} at (36,0) size 12x15
                      text run at (36,0) width 12: "02"
                  RenderText {#text} at (0,0) size 0x0
              RenderTableCell {TD} at (98,105) size 170x16 [r=4 c=1 rs=1 cs=1]
                RenderInline {FONT} at (0,0) size 55x15
                  RenderText {#text} at (7,0) size 55x15
                    text run at (7,0) width 55: "Don Coon"
                RenderText {#text} at (0,0) size 0x0
              RenderTableCell {TD} at (268,105) size 99x18 [r=4 c=2 rs=1 cs=1]
                RenderText {#text} at (7,0) size 4x17
                  text run at (7,0) width 4: " "
              RenderTableCell {TD} at (367,105) size 106x18 [r=4 c=3 rs=1 cs=1]
                RenderText {#text} at (7,0) size 4x17
                  text run at (7,0) width 4: " "
            RenderTableRow {TR} at (0,123) size 473x32
              RenderTableCell {TD} at (0,123) size 98x16 [r=5 c=0 rs=1 cs=1]
                RenderInline {FONT} at (0,0) size 12x15
                  RenderText {#text} at (43,0) size 12x15
                    text run at (43,0) width 12: "05"
                RenderText {#text} at (0,0) size 0x0
              RenderTableCell {TD} at (98,123) size 170x32 [r=5 c=1 rs=1 cs=1]
                RenderBlock {P} at (7.19,0) size 156x16
                  RenderInline {FONT} at (0,0) size 54x15
                    RenderText {#text} at (0,0) size 54x15
                      text run at (0,0) width 54: "Paul Scott"
                RenderBlock {P} at (7.19,16) size 156x16
                  RenderInline {FONT} at (0,0) size 47x15
                    RenderText {#text} at (0,0) size 47x15
                      text run at (0,0) width 47: "Bill Hunt"
                    RenderInline {SPAN} at (0,0) size 0x15
                      RenderInline {O:P} at (0,0) size 0x15
              RenderTableCell {TD} at (268,123) size 99x16 [r=5 c=2 rs=1 cs=1]
                RenderBlock {P} at (7.19,0) size 85x16
                  RenderInline {FONT} at (0,0) size 17x15
                    RenderText {#text} at (34,0) size 17x15
                      text run at (34,0) width 17: "No"
                    RenderInline {SPAN} at (0,0) size 1x15
                      RenderInline {O:P} at (0,0) size 1x15
              RenderTableCell {TD} at (367,123) size 106x16 [r=5 c=3 rs=1 cs=1]
                RenderBlock {P} at (7.19,0) size 92x16
                  RenderInline {FONT} at (0,0) size 20x15
                    RenderText {#text} at (36,0) size 20x15
                      text run at (36,0) width 20: "Yes"
                    RenderInline {SPAN} at (0,0) size 0x15
                      RenderInline {O:P} at (0,0) size 0x15
            RenderTableRow {TR} at (0,155) size 473x32
              RenderTableCell {TD} at (0,155) size 98x16 [r=6 c=0 rs=1 cs=1]
                RenderInline {FONT} at (0,0) size 12x15
                  RenderText {#text} at (43,0) size 12x15
                    text run at (43,0) width 12: "06"
                RenderText {#text} at (0,0) size 0x0
              RenderTableCell {TD} at (98,155) size 170x32 [r=6 c=1 rs=1 cs=1]
                RenderInline {FONT} at (0,0) size 128x31
                  RenderText {#text} at (7,0) size 128x31
                    text run at (7,0) width 128: "Gene Pheiffer                   "
                    text run at (7,16) width 81: "Alberto Lanzas"
                RenderText {#text} at (0,0) size 0x0
              RenderTableCell {TD} at (268,155) size 99x32 [r=6 c=2 rs=1 cs=1]
                RenderBlock {P} at (7.19,0) size 85x16
                  RenderText {#text} at (32,0) size 21x15
                    text run at (32,0) width 21: "Yes"
                RenderBlock {P} at (7.19,16) size 85x16
                  RenderText {#text} at (32,0) size 21x15
                    text run at (32,0) width 21: "Yes"
              RenderTableCell {TD} at (367,155) size 106x32 [r=6 c=3 rs=1 cs=1]
                RenderBlock (anonymous) at (7.19,0) size 92x16
                  RenderInline {SPAN} at (0,0) size 16x17
                    RenderInline {FONT} at (0,0) size 16x15
                      RenderText {#text} at (38,0) size 16x15
                        text run at (38,0) width 16: "No"
                  RenderText {#text} at (0,0) size 0x0
                RenderBlock {P} at (7.19,16) size 92x16
                  RenderText {#text} at (36,0) size 20x15
                    text run at (36,0) width 20: "Yes"
            RenderTableRow {TR} at (0,187) size 473x16
              RenderTableCell {TD} at (0,187) size 98x16 [r=7 c=0 rs=1 cs=1]
                RenderBlock {P} at (7.19,0) size 84x16
                  RenderInline {FONT} at (0,0) size 12x15
                    RenderText {#text} at (36,0) size 12x15
                      text run at (36,0) width 12: "07"
                  RenderText {#text} at (0,0) size 0x0
              RenderTableCell {TD} at (98,187) size 170x16 [r=7 c=1 rs=1 cs=1]
                RenderInline {FONT} at (0,0) size 47x15
                  RenderText {#text} at (7,0) size 47x15
                    text run at (7,0) width 47: "Phil Cole"
                RenderText {#text} at (0,0) size 0x0
              RenderTableCell {TD} at (268,187) size 99x16 [r=7 c=2 rs=1 cs=1]
                RenderBlock {P} at (7.19,0) size 85x16
                  RenderInline {FONT} at (0,0) size 21x15
                    RenderText {#text} at (32,0) size 21x15
                      text run at (32,0) width 21: "Yes"
                  RenderText {#text} at (0,0) size 0x0
              RenderTableCell {TD} at (367,187) size 106x16 [r=7 c=3 rs=1 cs=1]
                RenderBlock {P} at (7.19,0) size 92x16
                  RenderInline {FONT} at (0,0) size 20x15
                    RenderText {#text} at (36,0) size 20x15
                      text run at (36,0) width 20: "Yes"
                  RenderText {#text} at (0,0) size 0x0
            RenderTableRow {TR} at (0,203) size 473x32
              RenderTableCell {TD} at (0,203) size 98x16 [r=8 c=0 rs=1 cs=1]
                RenderBlock {P} at (7.19,0) size 84x16
                  RenderText {#text} at (36,0) size 12x15
                    text run at (36,0) width 12: "08"
                  RenderInline {SPAN} at (0,0) size 0x15
                    RenderInline {O:P} at (0,0) size 0x15
              RenderTableCell {TD} at (98,203) size 170x32 [r=8 c=1 rs=1 cs=1]
                RenderBlock {P} at (7.19,0) size 156x16
                  RenderText {#text} at (0,0) size 54x15
                    text run at (0,0) width 54: "Paul Scott"
                RenderBlock {P} at (7.19,16) size 156x16
                  RenderText {#text} at (0,0) size 71x15
                    text run at (0,0) width 71: "Gene Pheiffer"
                  RenderInline {SPAN} at (0,0) size 0x15
                    RenderInline {O:P} at (0,0) size 0x15
              RenderTableCell {TD} at (268,203) size 99x32 [r=8 c=2 rs=1 cs=1]
                RenderBlock {P} at (7.19,0) size 85x16
                  RenderText {#text} at (34,0) size 17x15
                    text run at (34,0) width 17: "No"
                RenderBlock {P} at (7.19,16) size 85x16
                  RenderText {#text} at (32,0) size 21x15
                    text run at (32,0) width 21: "Yes"
                  RenderInline {SPAN} at (0,0) size 1x15
                    RenderInline {O:P} at (0,0) size 1x15
              RenderTableCell {TD} at (367,203) size 106x32 [r=8 c=3 rs=1 cs=1]
                RenderBlock {P} at (7.19,0) size 92x16
                  RenderText {#text} at (36,0) size 20x15
                    text run at (36,0) width 20: "Yes"
                RenderBlock {P} at (7.19,16) size 92x16
                  RenderText {#text} at (38,0) size 16x15
                    text run at (38,0) width 16: "No"
                  RenderInline {SPAN} at (0,0) size 0x15
                    RenderInline {O:P} at (0,0) size 0x15
            RenderTableRow {TR} at (0,235) size 473x48
              RenderTableCell {TD} at (0,235) size 98x16 [r=9 c=0 rs=1 cs=1]
                RenderBlock {P} at (7.19,0) size 84x16
                  RenderText {#text} at (4,0) size 76x15
                    text run at (4,0) width 76: "Programmable"
                  RenderInline {SPAN} at (0,0) size 1x15
                    RenderInline {O:P} at (0,0) size 1x15
              RenderTableCell {TD} at (98,235) size 170x48 [r=9 c=1 rs=1 cs=1]
                RenderBlock {P} at (7.19,0) size 156x16
                  RenderText {#text} at (0,0) size 103x15
                    text run at (0,0) width 103: "Richard Pevehouse"
                  RenderInline {SPAN} at (0,0) size 0x15
                    RenderInline {O:P} at (0,0) size 0x15
                RenderBlock {P} at (7.19,16) size 156x16
                  RenderText {#text} at (0,0) size 60x15
                    text run at (0,0) width 60: "Gary Heath"
                RenderBlock {P} at (7.19,32) size 156x16
                  RenderText {#text} at (0,0) size 63x15
                    text run at (0,0) width 63: "Scott Hersh"
                  RenderInline {SPAN} at (0,0) size 0x15
                    RenderInline {O:P} at (0,0) size 0x15
              RenderTableCell {TD} at (268,235) size 99x32 [r=9 c=2 rs=1 cs=1]
                RenderBlock {P} at (7.19,0) size 85x16
                  RenderText {#text} at (32,0) size 21x15
                    text run at (32,0) width 21: "Yes"
                  RenderInline {SPAN} at (0,0) size 1x15
                    RenderInline {O:P} at (0,0) size 1x15
                RenderBlock {P} at (7.19,16) size 85x16
                  RenderText {#text} at (34,0) size 17x15
                    text run at (34,0) width 17: "No"
                  RenderInline {SPAN} at (0,0) size 1x15
                    RenderInline {O:P} at (0,0) size 1x15
              RenderTableCell {TD} at (367,235) size 106x32 [r=9 c=3 rs=1 cs=1]
                RenderBlock {P} at (7.19,0) size 92x16
                  RenderText {#text} at (38,0) size 16x15
                    text run at (38,0) width 16: "No"
                  RenderInline {SPAN} at (0,0) size 0x15
                    RenderInline {O:P} at (0,0) size 0x15
                RenderBlock {P} at (7.19,16) size 92x16
                  RenderText {#text} at (36,0) size 20x15
                    text run at (36,0) width 20: "Yes"
                  RenderInline {SPAN} at (0,0) size 0x15
                    RenderInline {O:P} at (0,0) size 0x15
            RenderTableRow {TR} at (0,283) size 473x112
              RenderTableCell {TD} at (0,283) size 98x16 [r=10 c=0 rs=1 cs=1]
                RenderBlock {P} at (7.19,0) size 84x16
                  RenderText {#text} at (36,0) size 12x15
                    text run at (36,0) width 12: "11"
                  RenderInline {SPAN} at (0,0) size 0x15
                    RenderInline {O:P} at (0,0) size 0x15
              RenderTableCell {TD} at (98,283) size 170x112 [r=10 c=1 rs=1 cs=1]
                RenderBlock {P} at (7.19,0) size 156x16
                  RenderText {#text} at (0,0) size 78x15
                    text run at (0,0) width 78: "George Cowan"
                  RenderInline {SPAN} at (0,0) size 0x15
                    RenderInline {O:P} at (0,0) size 0x15
                RenderBlock {P} at (7.19,16) size 156x16
                  RenderText {#text} at (0,0) size 70x15
                    text run at (0,0) width 70: "Rick Klement"
                  RenderInline {SPAN} at (0,0) size 0x15
                    RenderInline {O:P} at (0,0) size 0x15
                RenderBlock {P} at (7.19,32) size 156x16
                  RenderText {#text} at (0,0) size 79x15
                    text run at (0,0) width 79: "John Mathews"
                RenderBlock {P} at (7.19,48) size 156x16
                  RenderText {#text} at (0,0) size 53x15
                    text run at (0,0) width 53: "Ed Cypret"
                RenderBlock {P} at (7.19,64) size 156x16
                  RenderText {#text} at (0,0) size 81x15
                    text run at (0,0) width 81: "John Chamorro"
                RenderBlock {P} at (7.19,80) size 156x16
                  RenderText {#text} at (0,0) size 83x15
                    text run at (0,0) width 83: "John Yearwood"
                RenderBlock {P} at (7.19,96) size 156x16
                  RenderText {#text} at (0,0) size 88x15
                    text run at (0,0) width 88: "Jason Anderson"
                  RenderInline {SPAN} at (0,0) size 0x15
                    RenderInline {O:P} at (0,0) size 0x15
              RenderTableCell {TD} at (268,283) size 99x112 [r=10 c=2 rs=1 cs=1]
                RenderBlock {P} at (7.19,0) size 85x16
                  RenderText {#text} at (32,0) size 21x15
                    text run at (32,0) width 21: "Yes"
                  RenderInline {SPAN} at (0,0) size 1x15
                    RenderInline {O:P} at (0,0) size 1x15
                RenderBlock {P} at (7.19,16) size 85x16
                  RenderText {#text} at (32,0) size 21x15
                    text run at (32,0) width 21: "Yes"
                  RenderInline {SPAN} at (0,0) size 1x15
                    RenderInline {O:P} at (0,0) size 1x15
                RenderBlock {P} at (7.19,32) size 85x16
                  RenderText {#text} at (32,0) size 21x15
                    text run at (32,0) width 21: "Yes"
                RenderBlock {P} at (7.19,48) size 85x16
                  RenderText {#text} at (41,0) size 3x15
                    text run at (41,0) width 3: " "
                RenderBlock {P} at (7.19,64) size 85x16
                  RenderText {#text} at (41,0) size 3x15
                    text run at (41,0) width 3: " "
                RenderBlock {P} at (7.19,80) size 85x16
                  RenderText {#text} at (32,0) size 21x15
                    text run at (32,0) width 21: "Yes"
                RenderBlock {P} at (7.19,96) size 85x16
                  RenderText {#text} at (32,0) size 21x15
                    text run at (32,0) width 21: "Yes"
                  RenderInline {SPAN} at (0,0) size 1x15
                    RenderInline {O:P} at (0,0) size 1x15
              RenderTableCell {TD} at (367,283) size 106x112 [r=10 c=3 rs=1 cs=1]
                RenderBlock {P} at (7.19,0) size 92x16
                  RenderText {#text} at (38,0) size 16x15
                    text run at (38,0) width 16: "No"
                  RenderInline {SPAN} at (0,0) size 0x15
                    RenderInline {O:P} at (0,0) size 0x15
                RenderBlock {P} at (7.19,16) size 92x16
                  RenderText {#text} at (36,0) size 20x15
                    text run at (36,0) width 20: "Yes"
                  RenderInline {SPAN} at (0,0) size 0x15
                    RenderInline {O:P} at (0,0) size 0x15
                RenderBlock {P} at (7.19,32) size 92x16
                  RenderText {#text} at (38,0) size 16x15
                    text run at (38,0) width 16: "No"
                RenderBlock {P} at (7.19,48) size 92x16
                  RenderText {#text} at (44,0) size 4x15
                    text run at (44,0) width 4: " "
                RenderBlock {P} at (7.19,64) size 92x16
                  RenderText {#text} at (44,0) size 4x15
                    text run at (44,0) width 4: " "
                RenderBlock {P} at (7.19,80) size 92x16
                  RenderText {#text} at (38,0) size 16x15
                    text run at (38,0) width 16: "No"
                RenderBlock {P} at (7.19,96) size 92x16
                  RenderText {#text} at (38,0) size 16x15
                    text run at (38,0) width 16: "No"
                  RenderInline {SPAN} at (0,0) size 0x15
                    RenderInline {O:P} at (0,0) size 0x15
            RenderTableRow {TR} at (0,395) size 473x80
              RenderTableCell {TD} at (0,395) size 98x16 [r=11 c=0 rs=1 cs=1]
                RenderBlock {P} at (7.19,0) size 84x16
                  RenderText {#text} at (36,0) size 12x15
                    text run at (36,0) width 12: "12"
                  RenderInline {SPAN} at (0,0) size 0x15
                    RenderInline {O:P} at (0,0) size 0x15
              RenderTableCell {TD} at (98,395) size 170x80 [r=11 c=1 rs=1 cs=1]
                RenderBlock {P} at (7.19,0) size 156x16
                  RenderText {#text} at (0,0) size 70x15
                    text run at (0,0) width 70: "Rick Klement"
                RenderBlock {P} at (7.19,16) size 156x16
                  RenderText {#text} at (0,0) size 82x15
                    text run at (0,0) width 82: "George Coward"
                RenderBlock {P} at (7.19,32) size 156x16
                  RenderText {#text} at (0,0) size 81x15
                    text run at (0,0) width 81: "Gerald Cardinal"
                RenderBlock {P} at (7.19,48) size 156x16
                  RenderText {#text} at (0,0) size 69x15
                    text run at (0,0) width 69: "Brock Brown"
                RenderBlock {P} at (7.19,64) size 156x16
                  RenderText {#text} at (0,0) size 93x15
                    text run at (0,0) width 93: "Ellsworth Crowell"
              RenderTableCell {TD} at (268,395) size 99x80 [r=11 c=2 rs=1 cs=1]
                RenderBlock {P} at (7.19,0) size 85x16
                  RenderText {#text} at (32,0) size 21x15
                    text run at (32,0) width 21: "Yes"
                RenderBlock {P} at (7.19,16) size 85x16
                  RenderText {#text} at (32,0) size 21x15
                    text run at (32,0) width 21: "Yes"
                RenderBlock {P} at (7.19,32) size 85x16
                  RenderText {#text} at (41,0) size 3x15
                    text run at (41,0) width 3: " "
                RenderBlock {P} at (7.19,48) size 85x16
                  RenderText {#text} at (32,0) size 21x15
                    text run at (32,0) width 21: "Yes"
                RenderBlock {P} at (7.19,64) size 85x16
                  RenderText {#text} at (32,0) size 21x15
                    text run at (32,0) width 21: "Yes"
                  RenderInline {SPAN} at (0,0) size 1x15
                    RenderInline {O:P} at (0,0) size 1x15
              RenderTableCell {TD} at (367,395) size 106x80 [r=11 c=3 rs=1 cs=1]
                RenderBlock {P} at (7.19,0) size 92x16
                  RenderText {#text} at (36,0) size 20x15
                    text run at (36,0) width 20: "Yes"
                RenderBlock {P} at (7.19,16) size 92x16
                  RenderText {#text} at (38,0) size 16x15
                    text run at (38,0) width 16: "No"
                RenderBlock {P} at (7.19,32) size 92x16
                  RenderText {#text} at (44,0) size 4x15
                    text run at (44,0) width 4: " "
                RenderBlock {P} at (7.19,48) size 92x16
                  RenderText {#text} at (38,0) size 16x15
                    text run at (38,0) width 16: "No"
                RenderBlock {P} at (7.19,64) size 92x16
                  RenderText {#text} at (38,0) size 16x15
                    text run at (38,0) width 16: "No"
                  RenderInline {SPAN} at (0,0) size 0x15
                    RenderInline {O:P} at (0,0) size 0x15
            RenderTableRow {TR} at (0,475) size 473x64
              RenderTableCell {TD} at (0,475) size 98x16 [r=12 c=0 rs=1 cs=1]
                RenderBlock {P} at (7.19,0) size 84x16
                  RenderText {#text} at (36,0) size 12x15
                    text run at (36,0) width 12: "13"
                  RenderInline {SPAN} at (0,0) size 0x15
                    RenderInline {O:P} at (0,0) size 0x15
              RenderTableCell {TD} at (98,475) size 170x64 [r=12 c=1 rs=1 cs=1]
                RenderBlock {P} at (7.19,0) size 156x16
                  RenderText {#text} at (0,0) size 62x15
                    text run at (0,0) width 62: " Oliver Baer"
                RenderBlock {P} at (7.19,16) size 156x16
                  RenderText {#text} at (0,0) size 58x15
                    text run at (0,0) width 58: "Joe Araujo"
                RenderBlock {P} at (7.19,32) size 156x16
                  RenderText {#text} at (0,0) size 70x15
                    text run at (0,0) width 70: "Jim Mirowski"
                RenderBlock {P} at (7.19,48) size 156x16
                  RenderText {#text} at (0,0) size 63x15
                    text run at (0,0) width 63: "Scott Hersh"
                  RenderInline {SPAN} at (0,0) size 0x15
                    RenderInline {O:P} at (0,0) size 0x15
              RenderTableCell {TD} at (268,475) size 99x64 [r=12 c=2 rs=1 cs=1]
                RenderBlock {P} at (7.19,0) size 85x16
                  RenderText {#text} at (31,0) size 23x15
                    text run at (31,0) width 23: " Yes"
                RenderBlock {P} at (7.19,16) size 85x16
                  RenderText {#text} at (41,0) size 3x15
                    text run at (41,0) width 3: " "
                RenderBlock {P} at (7.19,32) size 85x16
                  RenderText {#text} at (41,0) size 3x15
                    text run at (41,0) width 3: " "
                RenderBlock {P} at (7.19,48) size 85x16
                  RenderText {#text} at (32,0) size 21x15
                    text run at (32,0) width 21: "Yes"
                  RenderInline {SPAN} at (0,0) size 1x15
                    RenderInline {O:P} at (0,0) size 1x15
              RenderTableCell {TD} at (367,475) size 106x64 [r=12 c=3 rs=1 cs=1]
                RenderBlock {P} at (7.19,0) size 92x16
                  RenderText {#text} at (36,0) size 20x15
                    text run at (36,0) width 20: " No"
                RenderBlock {P} at (7.19,16) size 92x16
                  RenderText {#text} at (44,0) size 4x15
                    text run at (44,0) width 4: " "
                RenderBlock {P} at (7.19,32) size 92x16
                  RenderText {#text} at (44,0) size 4x15
                    text run at (44,0) width 4: " "
                RenderBlock {P} at (7.19,48) size 92x16
                  RenderText {#text} at (38,0) size 16x15
                    text run at (38,0) width 16: "No"
                  RenderInline {SPAN} at (0,0) size 0x15
                    RenderInline {O:P} at (0,0) size 0x15
            RenderTableRow {TR} at (0,539) size 473x48
              RenderTableCell {TD} at (0,539) size 98x16 [r=13 c=0 rs=1 cs=1]
                RenderBlock {P} at (7.19,0) size 84x16
                  RenderText {#text} at (36,0) size 12x15
                    text run at (36,0) width 12: "14"
                  RenderInline {SPAN} at (0,0) size 0x15
                    RenderInline {O:P} at (0,0) size 0x15
              RenderTableCell {TD} at (98,539) size 170x48 [r=13 c=1 rs=1 cs=1]
                RenderBlock {P} at (7.19,0) size 156x16
                  RenderText {#text} at (0,0) size 61x15
                    text run at (0,0) width 61: " Joe Araujo"
                RenderBlock {P} at (7.19,16) size 156x16
                  RenderText {#text} at (0,0) size 68x15
                    text run at (0,0) width 68: "Steve Gilbert"
                RenderBlock {P} at (7.19,32) size 156x16
                  RenderText {#text} at (0,0) size 74x15
                    text run at (0,0) width 74: "Gary Williams"
                  RenderInline {SPAN} at (0,0) size 0x15
                    RenderInline {O:P} at (0,0) size 0x15
              RenderTableCell {TD} at (268,539) size 99x32 [r=13 c=2 rs=1 cs=1]
                RenderBlock {P} at (7.19,0) size 85x16
                  RenderText {#text} at (41,0) size 3x15
                    text run at (41,0) width 3: " "
                RenderBlock {P} at (7.19,16) size 85x16
                  RenderText {#text} at (32,0) size 21x15
                    text run at (32,0) width 21: "Yes"
                  RenderInline {SPAN} at (0,0) size 1x15
                    RenderInline {O:P} at (0,0) size 1x15
              RenderTableCell {TD} at (367,539) size 106x32 [r=13 c=3 rs=1 cs=1]
                RenderBlock {P} at (7.19,0) size 92x16
                  RenderText {#text} at (44,0) size 4x15
                    text run at (44,0) width 4: " "
                RenderBlock {P} at (7.19,16) size 92x16
                  RenderText {#text} at (38,0) size 16x15
                    text run at (38,0) width 16: "No"
                  RenderInline {SPAN} at (0,0) size 0x15
                    RenderInline {O:P} at (0,0) size 0x15
            RenderTableRow {TR} at (0,587) size 473x80
              RenderTableCell {TD} at (0,587) size 98x16 [r=14 c=0 rs=1 cs=1]
                RenderBlock {P} at (7.19,0) size 84x16
                  RenderText {#text} at (36,0) size 12x15
                    text run at (36,0) width 12: "15"
                  RenderInline {SPAN} at (0,0) size 0x15
                    RenderInline {O:P} at (0,0) size 0x15
              RenderTableCell {TD} at (98,587) size 170x80 [r=14 c=1 rs=1 cs=1]
                RenderBlock {P} at (7.19,0) size 156x16
                  RenderText {#text} at (0,0) size 62x15
                    text run at (0,0) width 62: " Oliver Baer"
                RenderBlock {P} at (7.19,16) size 156x16
                  RenderText {#text} at (0,0) size 51x15
                    text run at (0,0) width 51: "Joe Smith"
                RenderBlock {P} at (7.19,32) size 156x16
                  RenderText {#text} at (0,0) size 55x15
                    text run at (0,0) width 55: "John Paye"
                RenderBlock {P} at (7.19,48) size 156x16
                  RenderText {#text} at (0,0) size 83x15
                    text run at (0,0) width 83: "John Yearwood"
                RenderBlock {P} at (7.19,64) size 156x16
                  RenderText {#text} at (0,0) size 68x15
                    text run at (0,0) width 68: "Harald Close"
                  RenderInline {SPAN} at (0,0) size 0x15
                    RenderInline {O:P} at (0,0) size 0x15
              RenderTableCell {TD} at (268,587) size 99x80 [r=14 c=2 rs=1 cs=1]
                RenderBlock {P} at (7.19,0) size 85x16
                  RenderText {#text} at (31,0) size 23x15
                    text run at (31,0) width 23: " Yes"
                RenderBlock {P} at (7.19,16) size 85x16
                  RenderText {#text} at (41,0) size 3x15
                    text run at (41,0) width 3: " "
                RenderBlock {P} at (7.19,32) size 85x16
                  RenderText {#text} at (41,0) size 3x15
                    text run at (41,0) width 3: " "
                RenderBlock {P} at (7.19,48) size 85x16
                  RenderText {#text} at (32,0) size 21x15
                    text run at (32,0) width 21: "Yes"
                RenderBlock {P} at (7.19,64) size 85x16
                  RenderText {#text} at (32,0) size 21x15
                    text run at (32,0) width 21: "Yes"
                  RenderInline {SPAN} at (0,0) size 1x15
                    RenderInline {O:P} at (0,0) size 1x15
              RenderTableCell {TD} at (367,587) size 106x80 [r=14 c=3 rs=1 cs=1]
                RenderBlock {P} at (7.19,0) size 92x16
                  RenderText {#text} at (36,0) size 20x15
                    text run at (36,0) width 20: " No"
                RenderBlock {P} at (7.19,16) size 92x16
                  RenderText {#text} at (44,0) size 4x15
                    text run at (44,0) width 4: " "
                RenderBlock {P} at (7.19,32) size 92x16
                  RenderText {#text} at (44,0) size 4x15
                    text run at (44,0) width 4: " "
                RenderBlock {P} at (7.19,48) size 92x16
                  RenderText {#text} at (38,0) size 16x15
                    text run at (38,0) width 16: "No"
                RenderBlock {P} at (7.19,64) size 92x16
                  RenderText {#text} at (38,0) size 16x15
                    text run at (38,0) width 16: "No"
                  RenderInline {SPAN} at (0,0) size 0x15
                    RenderInline {O:P} at (0,0) size 0x15
            RenderTableRow {TR} at (0,667) size 473x32
              RenderTableCell {TD} at (0,667) size 98x16 [r=15 c=0 rs=1 cs=1]
                RenderBlock {P} at (7.19,0) size 84x16
                  RenderText {#text} at (36,0) size 12x15
                    text run at (36,0) width 12: "16"
                  RenderInline {SPAN} at (0,0) size 0x15
                    RenderInline {O:P} at (0,0) size 0x15
              RenderTableCell {TD} at (98,667) size 170x32 [r=15 c=1 rs=1 cs=1]
                RenderBlock {P} at (7.19,0) size 156x16
                  RenderText {#text} at (0,0) size 82x15
                    text run at (0,0) width 82: " James Haladus"
                RenderBlock {P} at (7.19,16) size 156x16
                  RenderText {#text} at (0,0) size 51x15
                    text run at (0,0) width 51: "Joe Smith"
                  RenderInline {SPAN} at (0,0) size 0x15
                    RenderInline {O:P} at (0,0) size 0x15
              RenderTableCell {TD} at (268,667) size 99x16 [r=15 c=2 rs=1 cs=1]
                RenderBlock {P} at (7.19,0) size 85x16
                  RenderText {#text} at (31,0) size 23x15
                    text run at (31,0) width 23: " Yes"
                  RenderInline {SPAN} at (0,0) size 0x15
                    RenderInline {O:P} at (0,0) size 0x15
              RenderTableCell {TD} at (367,667) size 106x16 [r=15 c=3 rs=1 cs=1]
                RenderBlock {P} at (7.19,0) size 92x16
                  RenderText {#text} at (36,0) size 20x15
                    text run at (36,0) width 20: " No"
                  RenderInline {SPAN} at (0,0) size 1x15
                    RenderInline {O:P} at (0,0) size 1x15
            RenderTableRow {TR} at (0,699) size 473x80
              RenderTableCell {TD} at (0,699) size 98x16 [r=16 c=0 rs=1 cs=1]
                RenderBlock {P} at (7.19,0) size 84x16
                  RenderText {#text} at (36,0) size 12x15
                    text run at (36,0) width 12: "17"
                  RenderInline {SPAN} at (0,0) size 0x15
                    RenderInline {O:P} at (0,0) size 0x15
              RenderTableCell {TD} at (98,699) size 170x80 [r=16 c=1 rs=1 cs=1]
                RenderBlock {P} at (7.19,0) size 156x16
                  RenderText {#text} at (0,0) size 59x15
                    text run at (0,0) width 59: "Doug Field"
                  RenderInline {SPAN} at (0,0) size 0x15
                    RenderInline {O:P} at (0,0) size 0x15
                RenderBlock {P} at (7.19,16) size 156x16
                  RenderText {#text} at (0,0) size 65x15
                    text run at (0,0) width 65: "Dave Neves"
                RenderBlock {P} at (7.19,32) size 156x16
                  RenderText {#text} at (0,0) size 59x15
                    text run at (0,0) width 59: "Oliver Baer"
                RenderBlock {P} at (7.19,48) size 156x16
                  RenderText {#text} at (0,0) size 58x15
                    text run at (0,0) width 58: "John Todd"
                RenderBlock {P} at (7.19,64) size 156x16
                  RenderText {#text} at (0,0) size 98x15
                    text run at (0,0) width 98: "Dave Christiansen"
                  RenderInline {SPAN} at (0,0) size 0x15
                    RenderInline {O:P} at (0,0) size 0x15
              RenderTableCell {TD} at (268,699) size 99x80 [r=16 c=2 rs=1 cs=1]
                RenderBlock {P} at (7.19,0) size 85x16
                  RenderText {#text} at (32,0) size 21x15
                    text run at (32,0) width 21: "Yes"
                  RenderInline {SPAN} at (0,0) size 1x15
                    RenderInline {O:P} at (0,0) size 1x15
                RenderBlock {P} at (7.19,16) size 85x16
                  RenderText {#text} at (32,0) size 21x15
                    text run at (32,0) width 21: "Yes"
                RenderBlock {P} at (7.19,32) size 85x16
                  RenderText {#text} at (32,0) size 21x15
                    text run at (32,0) width 21: "Yes"
                RenderBlock {P} at (7.19,48) size 85x16
                  RenderText {#text} at (41,0) size 3x15
                    text run at (41,0) width 3: " "
                RenderBlock {P} at (7.19,64) size 85x16
                  RenderText {#text} at (32,0) size 21x15
                    text run at (32,0) width 21: "Yes"
                  RenderInline {SPAN} at (0,0) size 1x15
                    RenderInline {O:P} at (0,0) size 1x15
              RenderTableCell {TD} at (367,699) size 106x80 [r=16 c=3 rs=1 cs=1]
                RenderBlock {P} at (7.19,0) size 92x16
                  RenderText {#text} at (38,0) size 16x15
                    text run at (38,0) width 16: "No"
                  RenderInline {SPAN} at (0,0) size 0x15
                    RenderInline {O:P} at (0,0) size 0x15
                RenderBlock {P} at (7.19,16) size 92x16
                  RenderText {#text} at (36,0) size 20x15
                    text run at (36,0) width 20: "Yes"
                RenderBlock {P} at (7.19,32) size 92x16
                  RenderText {#text} at (38,0) size 16x15
                    text run at (38,0) width 16: "No"
                RenderBlock {P} at (7.19,48) size 92x16
                  RenderText {#text} at (44,0) size 4x15
                    text run at (44,0) width 4: " "
                RenderBlock {P} at (7.19,64) size 92x16
                  RenderText {#text} at (38,0) size 16x15
                    text run at (38,0) width 16: "No"
                  RenderInline {SPAN} at (0,0) size 0x15
                    RenderInline {O:P} at (0,0) size 0x15
            RenderTableRow {TR} at (0,779) size 473x112
              RenderTableCell {TD} at (0,779) size 98x16 [r=17 c=0 rs=1 cs=1]
                RenderBlock {P} at (7.19,0) size 84x16
                  RenderText {#text} at (36,0) size 12x15
                    text run at (36,0) width 12: "18"
                  RenderInline {SPAN} at (0,0) size 0x15
                    RenderInline {O:P} at (0,0) size 0x15
              RenderTableCell {TD} at (98,779) size 170x112 [r=17 c=1 rs=1 cs=1]
                RenderBlock {P} at (7.19,0) size 156x16
                  RenderText {#text} at (0,0) size 78x15
                    text run at (0,0) width 78: "Robert Barnett"
                RenderBlock {P} at (7.19,16) size 156x16
                  RenderText {#text} at (0,0) size 72x15
                    text run at (0,0) width 72: "Jim Mahoney"
                RenderBlock {P} at (7.19,32) size 156x16
                  RenderText {#text} at (0,0) size 78x15
                    text run at (0,0) width 78: "Dave Marshall"
                RenderBlock {P} at (7.19,48) size 156x16
                  RenderText {#text} at (0,0) size 81x15
                    text run at (0,0) width 81: "Gerald Cardinal"
                RenderBlock {P} at (7.19,64) size 156x16
                  RenderText {#text} at (0,0) size 100x15
                    text run at (0,0) width 100: "Dan & Will Sievert"
                RenderBlock {P} at (7.19,80) size 156x16
                  RenderText {#text} at (0,0) size 93x15
                    text run at (0,0) width 93: "Ellsworth Crowell"
                RenderBlock {P} at (7.19,96) size 156x16
                  RenderText {#text} at (0,0) size 55x15
                    text run at (0,0) width 55: "Jim Colvin"
                  RenderInline {SPAN} at (0,0) size 0x15
                    RenderInline {O:P} at (0,0) size 0x15
              RenderTableCell {TD} at (268,779) size 99x96 [r=17 c=2 rs=1 cs=1]
                RenderBlock {P} at (7.19,0) size 85x16
                  RenderText {#text} at (32,0) size 21x15
                    text run at (32,0) width 21: "Yes"
                RenderBlock {P} at (7.19,16) size 85x16
                  RenderText {#text} at (32,0) size 21x15
                    text run at (32,0) width 21: "Yes"
                RenderBlock {P} at (7.19,32) size 85x16
                  RenderText {#text} at (32,0) size 21x15
                    text run at (32,0) width 21: "Yes"
                RenderBlock {P} at (7.19,48) size 85x16
                  RenderText {#text} at (41,0) size 3x15
                    text run at (41,0) width 3: " "
                RenderBlock {P} at (7.19,64) size 85x16
                  RenderText {#text} at (32,0) size 21x15
                    text run at (32,0) width 21: "Yes"
                RenderBlock {P} at (7.19,80) size 85x16
                  RenderText {#text} at (32,0) size 21x15
                    text run at (32,0) width 21: "Yes"
                  RenderInline {SPAN} at (0,0) size 1x15
                    RenderInline {O:P} at (0,0) size 1x15
              RenderTableCell {TD} at (367,779) size 106x96 [r=17 c=3 rs=1 cs=1]
                RenderBlock {P} at (7.19,0) size 92x16
                  RenderText {#text} at (38,0) size 16x15
                    text run at (38,0) width 16: "No"
                RenderBlock {P} at (7.19,16) size 92x16
                  RenderText {#text} at (36,0) size 20x15
                    text run at (36,0) width 20: "Yes"
                RenderBlock {P} at (7.19,32) size 92x16
                  RenderText {#text} at (38,0) size 16x15
                    text run at (38,0) width 16: "No"
                RenderBlock {P} at (7.19,48) size 92x16
                  RenderText {#text} at (44,0) size 4x15
                    text run at (44,0) width 4: " "
                RenderBlock {P} at (7.19,64) size 92x16
                  RenderText {#text} at (38,0) size 16x15
                    text run at (38,0) width 16: "No"
                RenderBlock {P} at (7.19,80) size 92x16
                  RenderText {#text} at (38,0) size 16x15
                    text run at (38,0) width 16: "No"
                  RenderInline {SPAN} at (0,0) size 0x15
                    RenderInline {O:P} at (0,0) size 0x15
            RenderTableRow {TR} at (0,891) size 473x64
              RenderTableCell {TD} at (0,891) size 98x16 [r=18 c=0 rs=1 cs=1]
                RenderBlock {P} at (7.19,0) size 84x16
                  RenderText {#text} at (36,0) size 12x15
                    text run at (36,0) width 12: "19"
                  RenderInline {SPAN} at (0,0) size 0x15
                    RenderInline {O:P} at (0,0) size 0x15
              RenderTableCell {TD} at (98,891) size 170x64 [r=18 c=1 rs=1 cs=1]
                RenderBlock {P} at (7.19,0) size 156x16
                  RenderInline {SPAN} at (0,0) size 65x15
                    RenderText {#text} at (0,0) size 65x15
                      text run at (0,0) width 39: "Noriya "
                      text run at (39,0) width 26: "Kato"
                RenderBlock {P} at (7.19,16) size 156x16
                  RenderText {#text} at (0,0) size 58x15
                    text run at (0,0) width 58: "John Todd"
                RenderBlock {P} at (7.19,32) size 156x16
                  RenderText {#text} at (0,0) size 70x15
                    text run at (0,0) width 70: "James Brown"
                RenderBlock {P} at (7.19,48) size 156x16
                  RenderText {#text} at (0,0) size 84x15
                    text run at (0,0) width 84: "Mike Anderson"
                  RenderInline {SPAN} at (0,0) size 0x15
                    RenderInline {O:P} at (0,0) size 0x15
              RenderTableCell {TD} at (268,891) size 99x64 [r=18 c=2 rs=1 cs=1]
                RenderBlock {P} at (7.19,0) size 85x16
                  RenderInline {SPAN} at (0,0) size 21x15
                    RenderText {#text} at (32,0) size 21x15
                      text run at (32,0) width 21: "Yes"
                RenderBlock {P} at (7.19,16) size 85x16
                  RenderText {#text} at (41,0) size 3x15
                    text run at (41,0) width 3: " "
                RenderBlock {P} at (7.19,32) size 85x16
                  RenderInline {SPAN} at (0,0) size 21x15
                    RenderText {#text} at (32,0) size 21x15
                      text run at (32,0) width 21: "Yes"
                RenderBlock {P} at (7.19,48) size 85x16
                  RenderInline {SPAN} at (0,0) size 21x15
                    RenderText {#text} at (32,0) size 21x15
                      text run at (32,0) width 21: "Yes"
                  RenderInline {SPAN} at (0,0) size 1x15
                    RenderInline {O:P} at (0,0) size 1x15
              RenderTableCell {TD} at (367,891) size 106x64 [r=18 c=3 rs=1 cs=1]
                RenderBlock {P} at (7.19,0) size 92x16
                  RenderInline {SPAN} at (0,0) size 16x15
                    RenderText {#text} at (38,0) size 16x15
                      text run at (38,0) width 16: "No"
                RenderBlock {P} at (7.19,16) size 92x16
                  RenderText {#text} at (44,0) size 4x15
                    text run at (44,0) width 4: " "
                RenderBlock {P} at (7.19,32) size 92x16
                  RenderInline {SPAN} at (0,0) size 16x15
                    RenderText {#text} at (38,0) size 16x15
                      text run at (38,0) width 16: "No"
                RenderBlock {P} at (7.19,48) size 92x16
                  RenderInline {SPAN} at (0,0) size 16x15
                    RenderText {#text} at (38,0) size 16x15
                      text run at (38,0) width 16: "No"
                  RenderInline {SPAN} at (0,0) size 0x15
                    RenderInline {O:P} at (0,0) size 0x15
            RenderTableRow {TR} at (0,955) size 473x48
              RenderTableCell {TD} at (0,955) size 98x16 [r=19 c=0 rs=1 cs=1]
                RenderBlock {P} at (7.19,0) size 84x16
                  RenderText {#text} at (36,0) size 12x15
                    text run at (36,0) width 12: "20"
                  RenderInline {SPAN} at (0,0) size 0x15
                    RenderInline {O:P} at (0,0) size 0x15
              RenderTableCell {TD} at (98,955) size 170x48 [r=19 c=1 rs=1 cs=1]
                RenderBlock {P} at (7.19,0) size 156x16
                  RenderText {#text} at (0,0) size 66x15
                    text run at (0,0) width 66: "Bill Johnson"
                RenderBlock {P} at (7.19,16) size 156x16
                  RenderText {#text} at (0,0) size 84x15
                    text run at (0,0) width 84: "Dominic Bayani"
                RenderBlock {P} at (7.19,32) size 156x16
                  RenderText {#text} at (0,0) size 65x15
                    text run at (0,0) width 65: "Rick Latham"
                  RenderInline {SPAN} at (0,0) size 0x15
                    RenderInline {O:P} at (0,0) size 0x15
              RenderTableCell {TD} at (268,955) size 99x48 [r=19 c=2 rs=1 cs=1]
                RenderBlock {P} at (7.19,0) size 85x16
                  RenderText {#text} at (32,0) size 21x15
                    text run at (32,0) width 21: "Yes"
                RenderBlock {P} at (7.19,16) size 85x16
                  RenderText {#text} at (41,0) size 3x15
                    text run at (41,0) width 3: " "
                RenderBlock {P} at (7.19,32) size 85x16
                  RenderText {#text} at (32,0) size 21x15
                    text run at (32,0) width 21: "Yes"
                  RenderInline {SPAN} at (0,0) size 1x15
                    RenderInline {O:P} at (0,0) size 1x15
              RenderTableCell {TD} at (367,955) size 106x48 [r=19 c=3 rs=1 cs=1]
                RenderBlock {P} at (7.19,0) size 92x16
                  RenderText {#text} at (38,0) size 16x15
                    text run at (38,0) width 16: "No"
                RenderBlock {P} at (7.19,16) size 92x16
                  RenderText {#text} at (44,0) size 4x15
                    text run at (44,0) width 4: " "
                RenderBlock {P} at (7.19,32) size 92x16
                  RenderText {#text} at (38,0) size 16x15
                    text run at (38,0) width 16: "No"
                  RenderInline {SPAN} at (0,0) size 0x15
                    RenderInline {O:P} at (0,0) size 0x15
            RenderTableRow {TR} at (0,1003) size 473x16
              RenderTableCell {TD} at (0,1003) size 98x16 [r=20 c=0 rs=1 cs=1]
                RenderBlock {P} at (7.19,0) size 84x16
                  RenderText {#text} at (36,0) size 12x15
                    text run at (36,0) width 12: "21"
                  RenderInline {SPAN} at (0,0) size 0x15
                    RenderInline {O:P} at (0,0) size 0x15
              RenderTableCell {TD} at (98,1003) size 170x16 [r=20 c=1 rs=1 cs=1]
                RenderBlock {P} at (7.19,0) size 156x16
                  RenderText {#text} at (0,0) size 62x15
                    text run at (0,0) width 62: " Simon Tam"
                  RenderInline {SPAN} at (0,0) size 0x15
                    RenderInline {O:P} at (0,0) size 0x15
              RenderTableCell {TD} at (268,1003) size 99x16 [r=20 c=2 rs=1 cs=1]
                RenderBlock {P} at (7.19,0) size 85x16
                  RenderText {#text} at (41,0) size 3x15
                    text run at (41,0) width 3: " "
                  RenderInline {SPAN} at (0,0) size 0x15
                    RenderInline {O:P} at (0,0) size 0x15
              RenderTableCell {TD} at (367,1003) size 106x16 [r=20 c=3 rs=1 cs=1]
                RenderBlock {P} at (7.19,0) size 92x16
                  RenderText {#text} at (44,0) size 4x15
                    text run at (44,0) width 4: " "
                  RenderInline {SPAN} at (0,0) size 1x15
                    RenderInline {O:P} at (0,0) size 1x15
            RenderTableRow {TR} at (0,1019) size 473x80
              RenderTableCell {TD} at (0,1019) size 98x16 [r=21 c=0 rs=1 cs=1]
                RenderBlock {P} at (7.19,0) size 84x16
                  RenderText {#text} at (36,0) size 12x15
                    text run at (36,0) width 12: "22"
                  RenderInline {SPAN} at (0,0) size 0x15
                    RenderInline {O:P} at (0,0) size 0x15
              RenderTableCell {TD} at (98,1019) size 170x80 [r=21 c=1 rs=1 cs=1]
                RenderBlock {P} at (7.19,0) size 156x16
                  RenderText {#text} at (0,0) size 65x15
                    text run at (0,0) width 65: "Dave Neves"
                  RenderInline {SPAN} at (0,0) size 0x15
                    RenderInline {O:P} at (0,0) size 0x15
                RenderBlock {P} at (7.19,16) size 156x16
                  RenderText {#text} at (0,0) size 89x15
                    text run at (0,0) width 89: "Grant Sanderson"
                  RenderInline {SPAN} at (0,0) size 0x15
                    RenderInline {O:P} at (0,0) size 0x15
                RenderBlock {P} at (7.19,32) size 156x16
                  RenderText {#text} at (0,0) size 84x15
                    text run at (0,0) width 84: "Maurice Burton"
                RenderBlock {P} at (7.19,48) size 156x16
                  RenderText {#text} at (0,0) size 110x15
                    text run at (0,0) width 110: "Mike Gilmartin ?????"
                RenderBlock {P} at (7.19,64) size 156x16
                  RenderText {#text} at (0,0) size 66x15
                    text run at (0,0) width 66: "Chris Walsh"
                  RenderInline {SPAN} at (0,0) size 0x15
                    RenderInline {O:P} at (0,0) size 0x15
              RenderTableCell {TD} at (268,1019) size 99x80 [r=21 c=2 rs=1 cs=1]
                RenderBlock {P} at (7.19,0) size 85x16
                  RenderText {#text} at (32,0) size 21x15
                    text run at (32,0) width 21: "Yes"
                  RenderInline {SPAN} at (0,0) size 1x15
                    RenderInline {O:P} at (0,0) size 1x15
                RenderBlock {P} at (7.19,16) size 85x16
                  RenderText {#text} at (32,0) size 21x15
                    text run at (32,0) width 21: "Yes"
                  RenderInline {SPAN} at (0,0) size 1x15
                    RenderInline {O:P} at (0,0) size 1x15
                RenderBlock {P} at (7.19,32) size 85x16
                  RenderText {#text} at (32,0) size 21x15
                    text run at (32,0) width 21: "Yes"
                RenderBlock {P} at (7.19,48) size 85x16
                  RenderText {#text} at (32,0) size 21x15
                    text run at (32,0) width 21: "Yes"
                RenderBlock {P} at (7.19,64) size 85x16
                  RenderText {#text} at (32,0) size 21x15
                    text run at (32,0) width 21: "Yes"
                  RenderInline {SPAN} at (0,0) size 1x15
                    RenderInline {O:P} at (0,0) size 1x15
              RenderTableCell {TD} at (367,1019) size 106x80 [r=21 c=3 rs=1 cs=1]
                RenderBlock {P} at (7.19,0) size 92x16
                  RenderText {#text} at (36,0) size 20x15
                    text run at (36,0) width 20: "Yes"
                  RenderInline {SPAN} at (0,0) size 0x15
                    RenderInline {O:P} at (0,0) size 0x15
                RenderBlock {P} at (7.19,16) size 92x16
                  RenderText {#text} at (38,0) size 16x15
                    text run at (38,0) width 16: "No"
                  RenderInline {SPAN} at (0,0) size 0x15
                    RenderInline {O:P} at (0,0) size 0x15
                RenderBlock {P} at (7.19,32) size 92x16
                  RenderText {#text} at (38,0) size 16x15
                    text run at (38,0) width 16: "No"
                RenderBlock {P} at (7.19,48) size 92x16
                  RenderText {#text} at (36,0) size 20x15
                    text run at (36,0) width 20: "Yes"
                RenderBlock {P} at (7.19,64) size 92x16
                  RenderText {#text} at (38,0) size 16x15
                    text run at (38,0) width 16: "No"
                  RenderInline {SPAN} at (0,0) size 0x15
                    RenderInline {O:P} at (0,0) size 0x15
            RenderTableRow {TR} at (0,1099) size 473x80
              RenderTableCell {TD} at (0,1099) size 98x16 [r=22 c=0 rs=1 cs=1]
                RenderBlock {P} at (7.19,0) size 84x16
                  RenderText {#text} at (36,0) size 12x15
                    text run at (36,0) width 12: "23"
                  RenderInline {SPAN} at (0,0) size 0x15
                    RenderInline {O:P} at (0,0) size 0x15
              RenderTableCell {TD} at (98,1099) size 170x80 [r=22 c=1 rs=1 cs=1]
                RenderBlock {P} at (7.19,0) size 156x16
                  RenderText {#text} at (0,0) size 65x15
                    text run at (0,0) width 65: "Dave Neves"
                  RenderInline {SPAN} at (0,0) size 0x15
                    RenderInline {O:P} at (0,0) size 0x15
                RenderBlock {P} at (7.19,16) size 156x16
                  RenderText {#text} at (0,0) size 84x15
                    text run at (0,0) width 84: "Maurice Burton"
                RenderBlock {P} at (7.19,32) size 156x16
                  RenderText {#text} at (0,0) size 59x15
                    text run at (0,0) width 59: "Oliver Baer"
                RenderBlock {P} at (7.19,48) size 156x16
                  RenderText {#text} at (0,0) size 58x15
                    text run at (0,0) width 58: "John Todd"
                RenderBlock {P} at (7.19,64) size 156x16
                  RenderText {#text} at (0,0) size 64x15
                    text run at (0,0) width 64: "Rich Saunef"
                  RenderInline {SPAN} at (0,0) size 0x15
                    RenderInline {O:P} at (0,0) size 0x15
              RenderTableCell {TD} at (268,1099) size 99x80 [r=22 c=2 rs=1 cs=1]
                RenderBlock {P} at (7.19,0) size 85x16
                  RenderText {#text} at (32,0) size 21x15
                    text run at (32,0) width 21: "Yes"
                  RenderInline {SPAN} at (0,0) size 1x15
                    RenderInline {O:P} at (0,0) size 1x15
                RenderBlock {P} at (7.19,16) size 85x16
                  RenderText {#text} at (32,0) size 21x15
                    text run at (32,0) width 21: "Yes"
                RenderBlock {P} at (7.19,32) size 85x16
                  RenderText {#text} at (32,0) size 21x15
                    text run at (32,0) width 21: "Yes"
                RenderBlock {P} at (7.19,48) size 85x16
                  RenderText {#text} at (41,0) size 3x15
                    text run at (41,0) width 3: " "
                RenderBlock {P} at (7.19,64) size 85x16
                  RenderText {#text} at (32,0) size 21x15
                    text run at (32,0) width 21: "Yes"
                  RenderInline {SPAN} at (0,0) size 1x15
                    RenderInline {O:P} at (0,0) size 1x15
              RenderTableCell {TD} at (367,1099) size 106x80 [r=22 c=3 rs=1 cs=1]
                RenderBlock {P} at (7.19,0) size 92x16
                  RenderText {#text} at (36,0) size 20x15
                    text run at (36,0) width 20: "Yes"
                  RenderInline {SPAN} at (0,0) size 0x15
                    RenderInline {O:P} at (0,0) size 0x15
                RenderBlock {P} at (7.19,16) size 92x16
                  RenderText {#text} at (38,0) size 16x15
                    text run at (38,0) width 16: "No"
                RenderBlock {P} at (7.19,32) size 92x16
                  RenderText {#text} at (38,0) size 16x15
                    text run at (38,0) width 16: "No"
                RenderBlock {P} at (7.19,48) size 92x16
                  RenderText {#text} at (44,0) size 4x15
                    text run at (44,0) width 4: " "
                RenderBlock {P} at (7.19,64) size 92x16
                  RenderText {#text} at (38,0) size 16x15
                    text run at (38,0) width 16: "No"
                  RenderInline {SPAN} at (0,0) size 0x15
                    RenderInline {O:P} at (0,0) size 0x15
            RenderTableRow {TR} at (0,1179) size 473x80
              RenderTableCell {TD} at (0,1179) size 98x16 [r=23 c=0 rs=1 cs=1]
                RenderBlock {P} at (7.19,0) size 84x16
                  RenderText {#text} at (36,0) size 12x15
                    text run at (36,0) width 12: "24"
                  RenderInline {SPAN} at (0,0) size 0x15
                    RenderInline {O:P} at (0,0) size 0x15
              RenderTableCell {TD} at (98,1179) size 170x80 [r=23 c=1 rs=1 cs=1]
                RenderBlock {P} at (7.19,0) size 156x16
                  RenderText {#text} at (0,0) size 65x15
                    text run at (0,0) width 65: " Dan Sievert"
                RenderBlock {P} at (7.19,16) size 156x16
                  RenderText {#text} at (0,0) size 60x15
                    text run at (0,0) width 60: "Jerry Davis"
                RenderBlock {P} at (7.19,32) size 156x16
                  RenderText {#text} at (0,0) size 63x15
                    text run at (0,0) width 63: "Scott Hersh"
                RenderBlock {P} at (7.19,48) size 156x16
                  RenderText {#text} at (0,0) size 46x15
                    text run at (0,0) width 46: "Rick Bell"
                RenderBlock {P} at (7.19,64) size 156x16
                  RenderText {#text} at (0,0) size 53x15
                    text run at (0,0) width 53: "Eric Shum"
                  RenderInline {SPAN} at (0,0) size 0x15
                    RenderInline {O:P} at (0,0) size 0x15
              RenderTableCell {TD} at (268,1179) size 99x80 [r=23 c=2 rs=1 cs=1]
                RenderBlock {P} at (7.19,0) size 85x16
                  RenderText {#text} at (31,0) size 23x15
                    text run at (31,0) width 23: " Yes"
                RenderBlock {P} at (7.19,16) size 85x16
                  RenderText {#text} at (32,0) size 21x15
                    text run at (32,0) width 21: "Yes"
                RenderBlock {P} at (7.19,32) size 85x16
                  RenderText {#text} at (32,0) size 21x15
                    text run at (32,0) width 21: "Yes"
                RenderBlock {P} at (7.19,48) size 85x16
                  RenderText {#text} at (32,0) size 21x15
                    text run at (32,0) width 21: "Yes"
                RenderBlock {P} at (7.19,64) size 85x16
                  RenderText {#text} at (32,0) size 21x15
                    text run at (32,0) width 21: "Yes"
                  RenderInline {SPAN} at (0,0) size 1x15
                    RenderInline {O:P} at (0,0) size 1x15
              RenderTableCell {TD} at (367,1179) size 106x80 [r=23 c=3 rs=1 cs=1]
                RenderBlock {P} at (7.19,0) size 92x16
                  RenderText {#text} at (36,0) size 20x15
                    text run at (36,0) width 20: " No"
                RenderBlock {P} at (7.19,16) size 92x16
                  RenderText {#text} at (38,0) size 16x15
                    text run at (38,0) width 16: "No"
                RenderBlock {P} at (7.19,32) size 92x16
                  RenderText {#text} at (38,0) size 16x15
                    text run at (38,0) width 16: "No"
                RenderBlock {P} at (7.19,48) size 92x16
                  RenderText {#text} at (38,0) size 16x15
                    text run at (38,0) width 16: "No"
                RenderBlock {P} at (7.19,64) size 92x16
                  RenderText {#text} at (38,0) size 16x15
                    text run at (38,0) width 16: "No"
                  RenderInline {SPAN} at (0,0) size 0x15
                    RenderInline {O:P} at (0,0) size 0x15
            RenderTableRow {TR} at (0,1259) size 473x32
              RenderTableCell {TD} at (0,1259) size 98x16 [r=24 c=0 rs=1 cs=1]
                RenderBlock {P} at (7.19,0) size 84x16
                  RenderText {#text} at (36,0) size 12x15
                    text run at (36,0) width 12: "25"
                  RenderInline {SPAN} at (0,0) size 0x15
                    RenderInline {O:P} at (0,0) size 0x15
              RenderTableCell {TD} at (98,1259) size 170x32 [r=24 c=1 rs=1 cs=1]
                RenderBlock {P} at (7.19,0) size 156x16
                  RenderText {#text} at (0,0) size 70x15
                    text run at (0,0) width 70: "James Davey"
                RenderBlock {P} at (7.19,16) size 156x16
                  RenderText {#text} at (0,0) size 90x15
                    text run at (0,0) width 90: "Ruenjoe (Joe) Lu"
                  RenderInline {SPAN} at (0,0) size 0x15
                    RenderInline {O:P} at (0,0) size 0x15
              RenderTableCell {TD} at (268,1259) size 99x16 [r=24 c=2 rs=1 cs=1]
                RenderBlock {P} at (7.19,0) size 85x16
                  RenderText {#text} at (32,0) size 21x15
                    text run at (32,0) width 21: "Yes"
                  RenderInline {SPAN} at (0,0) size 1x15
                    RenderInline {O:P} at (0,0) size 1x15
              RenderTableCell {TD} at (367,1259) size 106x16 [r=24 c=3 rs=1 cs=1]
                RenderBlock {P} at (7.19,0) size 92x16
                  RenderText {#text} at (36,0) size 20x15
                    text run at (36,0) width 20: "Yes"
                  RenderInline {SPAN} at (0,0) size 0x15
                    RenderInline {O:P} at (0,0) size 0x15
            RenderTableRow {TR} at (0,1291) size 473x160
              RenderTableCell {TD} at (0,1291) size 98x16 [r=25 c=0 rs=1 cs=1]
                RenderBlock {P} at (7.19,0) size 84x16
                  RenderText {#text} at (36,0) size 12x15
                    text run at (36,0) width 12: "26"
                  RenderInline {SPAN} at (0,0) size 0x15
                    RenderInline {O:P} at (0,0) size 0x15
              RenderTableCell {TD} at (98,1291) size 170x160 [r=25 c=1 rs=1 cs=1]
                RenderBlock {P} at (7.19,0) size 156x16
                  RenderText {#text} at (0,0) size 86x15
                    text run at (0,0) width 86: "Alan Littlewood"
                  RenderInline {SPAN} at (0,0) size 0x15
                    RenderInline {O:P} at (0,0) size 0x15
                RenderBlock {P} at (7.19,16) size 156x16
                  RenderText {#text} at (0,0) size 71x15
                    text run at (0,0) width 71: "Darren Braun"
                  RenderInline {SPAN} at (0,0) size 0x15
                    RenderInline {O:P} at (0,0) size 0x15
                RenderBlock {P} at (7.19,32) size 156x16
                  RenderText {#text} at (0,0) size 59x15
                    text run at (0,0) width 59: "Simon Tam"
                RenderBlock {P} at (7.19,48) size 156x16
                  RenderText {#text} at (0,0) size 74x15
                    text run at (0,0) width 74: "Chuck Pringle"
                RenderBlock {P} at (7.19,64) size 156x16
                  RenderText {#text} at (0,0) size 88x15
                    text run at (0,0) width 88: "Gary Pendergras"
                RenderBlock {P} at (7.19,80) size 156x16
                  RenderText {#text} at (0,0) size 78x15
                    text run at (0,0) width 78: "Peter Mazanec"
                RenderBlock {P} at (7.19,96) size 156x16
                  RenderText {#text} at (0,0) size 78x15
                    text run at (0,0) width 78: "Harry Imamura"
                RenderBlock {P} at (7.19,112) size 156x16
                  RenderText {#text} at (0,0) size 58x15
                    text run at (0,0) width 58: "Joe Araujo"
                RenderBlock {P} at (7.19,128) size 156x16
                  RenderText {#text} at (0,0) size 74x15
                    text run at (0,0) width 74: "Gary Williams"
                RenderBlock {P} at (7.19,144) size 156x16
                  RenderText {#text} at (0,0) size 86x15
                    text run at (0,0) width 86: "Jack Goodfriend"
                  RenderInline {SPAN} at (0,0) size 0x15
                    RenderInline {O:P} at (0,0) size 0x15
              RenderTableCell {TD} at (268,1291) size 99x112 [r=25 c=2 rs=1 cs=1]
                RenderBlock {P} at (7.19,0) size 85x16
                  RenderText {#text} at (32,0) size 21x15
                    text run at (32,0) width 21: "Yes"
                  RenderInline {SPAN} at (0,0) size 1x15
                    RenderInline {O:P} at (0,0) size 1x15
                RenderBlock {P} at (7.19,16) size 85x16
                  RenderText {#text} at (32,0) size 21x15
                    text run at (32,0) width 21: "Yes"
                  RenderInline {SPAN} at (0,0) size 1x15
                    RenderInline {O:P} at (0,0) size 1x15
                RenderBlock {P} at (7.19,32) size 85x16
                  RenderText {#text} at (32,0) size 21x15
                    text run at (32,0) width 21: "Yes"
                RenderBlock {P} at (7.19,48) size 85x16
                  RenderText {#text} at (32,0) size 21x15
                    text run at (32,0) width 21: "Yes"
                RenderBlock {P} at (7.19,64) size 85x16
                  RenderText {#text} at (32,0) size 21x15
                    text run at (32,0) width 21: "Yes"
                RenderBlock {P} at (7.19,80) size 85x16
                  RenderText {#text} at (32,0) size 21x15
                    text run at (32,0) width 21: "Yes"
                RenderBlock {P} at (7.19,96) size 85x16
                  RenderText {#text} at (34,0) size 17x15
                    text run at (34,0) width 17: "No"
                  RenderInline {SPAN} at (0,0) size 1x15
                    RenderInline {O:P} at (0,0) size 1x15
              RenderTableCell {TD} at (367,1291) size 106x112 [r=25 c=3 rs=1 cs=1]
                RenderBlock {P} at (7.19,0) size 92x16
                  RenderText {#text} at (38,0) size 16x15
                    text run at (38,0) width 16: "No"
                  RenderInline {SPAN} at (0,0) size 0x15
                    RenderInline {O:P} at (0,0) size 0x15
                RenderBlock {P} at (7.19,16) size 92x16
                  RenderText {#text} at (38,0) size 16x15
                    text run at (38,0) width 16: "No"
                  RenderInline {SPAN} at (0,0) size 0x15
                    RenderInline {O:P} at (0,0) size 0x15
                RenderBlock {P} at (7.19,32) size 92x16
                  RenderText {#text} at (38,0) size 16x15
                    text run at (38,0) width 16: "No"
                RenderBlock {P} at (7.19,48) size 92x16
                  RenderText {#text} at (38,0) size 16x15
                    text run at (38,0) width 16: "No"
                RenderBlock {P} at (7.19,64) size 92x16
                  RenderText {#text} at (38,0) size 16x15
                    text run at (38,0) width 16: "No"
                RenderBlock {P} at (7.19,80) size 92x16
                  RenderText {#text} at (38,0) size 16x15
                    text run at (38,0) width 16: "No"
                RenderBlock {P} at (7.19,96) size 92x16
                  RenderText {#text} at (36,0) size 20x15
                    text run at (36,0) width 20: "Yes"
                  RenderInline {SPAN} at (0,0) size 0x15
                    RenderInline {O:P} at (0,0) size 0x15
            RenderTableRow {TR} at (0,1451) size 473x96
              RenderTableCell {TD} at (0,1451) size 98x16 [r=26 c=0 rs=1 cs=1]
                RenderBlock {P} at (7.19,0) size 84x16
                  RenderText {#text} at (36,0) size 12x15
                    text run at (36,0) width 12: "27"
                  RenderInline {SPAN} at (0,0) size 0x15
                    RenderInline {O:P} at (0,0) size 0x15
              RenderTableCell {TD} at (98,1451) size 170x96 [r=26 c=1 rs=1 cs=1]
                RenderBlock {P} at (7.19,0) size 156x16
                  RenderText {#text} at (0,0) size 71x15
                    text run at (0,0) width 71: "Darren Braun"
                  RenderInline {SPAN} at (0,0) size 0x15
                    RenderInline {O:P} at (0,0) size 0x15
                RenderBlock {P} at (7.19,16) size 156x16
                  RenderText {#text} at (0,0) size 90x15
                    text run at (0,0) width 90: "Ian + Brad Carter"
                  RenderInline {SPAN} at (0,0) size 0x15
                    RenderInline {O:P} at (0,0) size 0x15
                RenderBlock {P} at (7.19,32) size 156x16
                  RenderText {#text} at (0,0) size 73x15
                    text run at (0,0) width 73: "Pete Peterson"
                RenderBlock {P} at (7.19,48) size 156x16
                  RenderText {#text} at (0,0) size 81x15
                    text run at (0,0) width 81: "John Chamorro"
                RenderBlock {P} at (7.19,64) size 156x16
                  RenderText {#text} at (0,0) size 65x15
                    text run at (0,0) width 65: "Ali Erdengiz"
                RenderBlock {P} at (7.19,80) size 156x16
                  RenderText {#text} at (0,0) size 55x15
                    text run at (0,0) width 55: "Saibal Sen"
                  RenderInline {SPAN} at (0,0) size 0x15
                    RenderInline {O:P} at (0,0) size 0x15
              RenderTableCell {TD} at (268,1451) size 99x96 [r=26 c=2 rs=1 cs=1]
                RenderBlock {P} at (7.19,0) size 85x16
                  RenderText {#text} at (32,0) size 21x15
                    text run at (32,0) width 21: "Yes"
                  RenderInline {SPAN} at (0,0) size 1x15
                    RenderInline {O:P} at (0,0) size 1x15
                RenderBlock {P} at (7.19,16) size 85x16
                  RenderText {#text} at (32,0) size 21x15
                    text run at (32,0) width 21: "Yes"
                  RenderInline {SPAN} at (0,0) size 1x15
                    RenderInline {O:P} at (0,0) size 1x15
                RenderBlock {P} at (7.19,32) size 85x16
                  RenderText {#text} at (32,0) size 21x15
                    text run at (32,0) width 21: "Yes"
                RenderBlock {P} at (7.19,48) size 85x16
                  RenderText {#text} at (41,0) size 3x15
                    text run at (41,0) width 3: " "
                RenderBlock {P} at (7.19,64) size 85x16
                  RenderText {#text} at (41,0) size 3x15
                    text run at (41,0) width 3: " "
                RenderBlock {P} at (7.19,80) size 85x16
                  RenderText {#text} at (32,0) size 21x15
                    text run at (32,0) width 21: "Yes"
                  RenderInline {SPAN} at (0,0) size 1x15
                    RenderInline {O:P} at (0,0) size 1x15
              RenderTableCell {TD} at (367,1451) size 106x96 [r=26 c=3 rs=1 cs=1]
                RenderBlock {P} at (7.19,0) size 92x16
                  RenderText {#text} at (38,0) size 16x15
                    text run at (38,0) width 16: "No"
                  RenderInline {SPAN} at (0,0) size 0x15
                    RenderInline {O:P} at (0,0) size 0x15
                RenderBlock {P} at (7.19,16) size 92x16
                  RenderText {#text} at (38,0) size 16x15
                    text run at (38,0) width 16: "No"
                  RenderInline {SPAN} at (0,0) size 0x15
                    RenderInline {O:P} at (0,0) size 0x15
                RenderBlock {P} at (7.19,32) size 92x16
                  RenderText {#text} at (38,0) size 16x15
                    text run at (38,0) width 16: "No"
                RenderBlock {P} at (7.19,48) size 92x16
                  RenderText {#text} at (44,0) size 4x15
                    text run at (44,0) width 4: " "
                RenderBlock {P} at (7.19,64) size 92x16
                  RenderText {#text} at (44,0) size 4x15
                    text run at (44,0) width 4: " "
                RenderBlock {P} at (7.19,80) size 92x16
                  RenderText {#text} at (38,0) size 16x15
                    text run at (38,0) width 16: "No"
                  RenderInline {SPAN} at (0,0) size 0x15
                    RenderInline {O:P} at (0,0) size 0x15
            RenderTableRow {TR} at (0,1547) size 473x144
              RenderTableCell {TD} at (0,1547) size 98x16 [r=27 c=0 rs=1 cs=1]
                RenderBlock {P} at (7.19,0) size 84x16
                  RenderText {#text} at (36,0) size 12x15
                    text run at (36,0) width 12: "28"
                  RenderInline {SPAN} at (0,0) size 0x15
                    RenderInline {O:P} at (0,0) size 0x15
              RenderTableCell {TD} at (98,1547) size 170x144 [r=27 c=1 rs=1 cs=1]
                RenderBlock {P} at (7.19,0) size 156x16
                  RenderText {#text} at (0,0) size 92x15
                    text run at (0,0) width 92: "Zak + Mike West"
                  RenderInline {SPAN} at (0,0) size 0x15
                    RenderInline {O:P} at (0,0) size 0x15
                RenderBlock {P} at (7.19,16) size 156x16
                  RenderText {#text} at (0,0) size 65x15
                    text run at (0,0) width 65: "Dave Neves"
                  RenderInline {SPAN} at (0,0) size 0x15
                    RenderInline {O:P} at (0,0) size 0x15
                RenderBlock {P} at (7.19,32) size 156x16
                  RenderText {#text} at (0,0) size 75x15
                    text run at (0,0) width 75: "Richard Green"
                  RenderInline {SPAN} at (0,0) size 0x15
                    RenderInline {O:P} at (0,0) size 0x15
                RenderBlock {P} at (7.19,48) size 156x16
                  RenderText {#text} at (0,0) size 67x15
                    text run at (0,0) width 67: "Javier Flores"
                RenderBlock {P} at (7.19,64) size 156x16
                  RenderText {#text} at (0,0) size 81x15
                    text run at (0,0) width 81: "Gerald Cardinal"
                RenderBlock {P} at (7.19,80) size 156x16
                  RenderText {#text} at (0,0) size 62x15
                    text run at (0,0) width 62: "Dan Sievert"
                RenderBlock {P} at (7.19,96) size 156x16
                  RenderText {#text} at (0,0) size 65x15
                    text run at (0,0) width 65: "Ali Erdengiz"
                RenderBlock {P} at (7.19,112) size 156x16
                  RenderText {#text} at (0,0) size 62x15
                    text run at (0,0) width 62: "Paul Walter"
                RenderBlock {P} at (7.19,128) size 156x16
                  RenderText {#text} at (0,0) size 60x15
                    text run at (0,0) width 60: "Jerry Davis"
                  RenderInline {SPAN} at (0,0) size 0x15
                    RenderInline {O:P} at (0,0) size 0x15
              RenderTableCell {TD} at (268,1547) size 99x144 [r=27 c=2 rs=1 cs=1]
                RenderBlock {P} at (7.19,0) size 85x16
                  RenderText {#text} at (32,0) size 21x15
                    text run at (32,0) width 21: "Yes"
                  RenderInline {SPAN} at (0,0) size 1x15
                    RenderInline {O:P} at (0,0) size 1x15
                RenderBlock {P} at (7.19,16) size 85x16
                  RenderText {#text} at (32,0) size 21x15
                    text run at (32,0) width 21: "Yes"
                  RenderInline {SPAN} at (0,0) size 1x15
                    RenderInline {O:P} at (0,0) size 1x15
                RenderBlock {P} at (7.19,32) size 85x16
                  RenderText {#text} at (32,0) size 21x15
                    text run at (32,0) width 21: "Yes"
                  RenderInline {SPAN} at (0,0) size 1x15
                    RenderInline {O:P} at (0,0) size 1x15
                RenderBlock {P} at (7.19,48) size 85x16
                  RenderText {#text} at (32,0) size 21x15
                    text run at (32,0) width 21: "Yes"
                RenderBlock {P} at (7.19,64) size 85x16
                  RenderText {#text} at (41,0) size 3x15
                    text run at (41,0) width 3: " "
                RenderBlock {P} at (7.19,80) size 85x16
                  RenderText {#text} at (32,0) size 21x15
                    text run at (32,0) width 21: "Yes"
                RenderBlock {P} at (7.19,96) size 85x16
                  RenderText {#text} at (41,0) size 3x15
                    text run at (41,0) width 3: " "
                RenderBlock {P} at (7.19,112) size 85x16
                  RenderText {#text} at (41,0) size 3x15
                    text run at (41,0) width 3: " "
                RenderBlock {P} at (7.19,128) size 85x16
                  RenderText {#text} at (32,0) size 21x15
                    text run at (32,0) width 21: "Yes"
                  RenderInline {SPAN} at (0,0) size 1x15
                    RenderInline {O:P} at (0,0) size 1x15
              RenderTableCell {TD} at (367,1547) size 106x144 [r=27 c=3 rs=1 cs=1]
                RenderBlock {P} at (7.19,0) size 92x16
                  RenderText {#text} at (36,0) size 20x15
                    text run at (36,0) width 20: "Yes"
                  RenderInline {SPAN} at (0,0) size 0x15
                    RenderInline {O:P} at (0,0) size 0x15
                RenderBlock {P} at (7.19,16) size 92x16
                  RenderText {#text} at (36,0) size 20x15
                    text run at (36,0) width 20: "Yes"
                  RenderInline {SPAN} at (0,0) size 0x15
                    RenderInline {O:P} at (0,0) size 0x15
                RenderBlock {P} at (7.19,32) size 92x16
                  RenderText {#text} at (38,0) size 16x15
                    text run at (38,0) width 16: "No"
                  RenderInline {SPAN} at (0,0) size 0x15
                    RenderInline {O:P} at (0,0) size 0x15
                RenderBlock {P} at (7.19,48) size 92x16
                  RenderText {#text} at (38,0) size 16x15
                    text run at (38,0) width 16: "No"
                RenderBlock {P} at (7.19,64) size 92x16
                  RenderText {#text} at (44,0) size 4x15
                    text run at (44,0) width 4: " "
                RenderBlock {P} at (7.19,80) size 92x16
                  RenderText {#text} at (38,0) size 16x15
                    text run at (38,0) width 16: "No"
                RenderBlock {P} at (7.19,96) size 92x16
                  RenderText {#text} at (44,0) size 4x15
                    text run at (44,0) width 4: " "
                RenderBlock {P} at (7.19,112) size 92x16
                  RenderText {#text} at (44,0) size 4x15
                    text run at (44,0) width 4: " "
                RenderBlock {P} at (7.19,128) size 92x16
                  RenderText {#text} at (38,0) size 16x15
                    text run at (38,0) width 16: "No"
                  RenderInline {SPAN} at (0,0) size 0x15
                    RenderInline {O:P} at (0,0) size 0x15
            RenderTableRow {TR} at (0,1691) size 473x48
              RenderTableCell {TD} at (0,1691) size 98x16 [r=28 c=0 rs=1 cs=1]
                RenderBlock {P} at (7.19,0) size 84x16
                  RenderText {#text} at (36,0) size 12x15
                    text run at (36,0) width 12: "29"
                  RenderInline {SPAN} at (0,0) size 0x15
                    RenderInline {O:P} at (0,0) size 0x15
              RenderTableCell {TD} at (98,1691) size 170x48 [r=28 c=1 rs=1 cs=1]
                RenderBlock {P} at (7.19,0) size 156x16
                  RenderText {#text} at (0,0) size 67x15
                    text run at (0,0) width 67: "Javier Flores"
                  RenderInline {SPAN} at (0,0) size 0x15
                    RenderInline {O:P} at (0,0) size 0x15
                RenderBlock {P} at (7.19,16) size 156x16
                  RenderText {#text} at (0,0) size 66x15
                    text run at (0,0) width 66: "Bill Johnson"
                RenderBlock {P} at (7.19,32) size 156x16
                  RenderText {#text} at (0,0) size 58x15
                    text run at (0,0) width 58: "John Todd"
                  RenderInline {SPAN} at (0,0) size 0x15
                    RenderInline {O:P} at (0,0) size 0x15
              RenderTableCell {TD} at (268,1691) size 99x32 [r=28 c=2 rs=1 cs=1]
                RenderBlock {P} at (7.19,0) size 85x16
                  RenderText {#text} at (32,0) size 21x15
                    text run at (32,0) width 21: "Yes"
                  RenderInline {SPAN} at (0,0) size 1x15
                    RenderInline {O:P} at (0,0) size 1x15
                RenderBlock {P} at (7.19,16) size 85x16
                  RenderText {#text} at (32,0) size 21x15
                    text run at (32,0) width 21: "Yes"
                  RenderInline {SPAN} at (0,0) size 1x15
                    RenderInline {O:P} at (0,0) size 1x15
              RenderTableCell {TD} at (367,1691) size 106x32 [r=28 c=3 rs=1 cs=1]
                RenderBlock {P} at (7.19,0) size 92x16
                  RenderText {#text} at (38,0) size 16x15
                    text run at (38,0) width 16: "No"
                  RenderInline {SPAN} at (0,0) size 0x15
                    RenderInline {O:P} at (0,0) size 0x15
                RenderBlock {P} at (7.19,16) size 92x16
                  RenderText {#text} at (38,0) size 16x15
                    text run at (38,0) width 16: "No"
                  RenderInline {SPAN} at (0,0) size 0x15
                    RenderInline {O:P} at (0,0) size 0x15
            RenderTableRow {TR} at (0,1739) size 473x112
              RenderTableCell {TD} at (0,1739) size 98x16 [r=29 c=0 rs=1 cs=1]
                RenderBlock {P} at (7.19,0) size 84x16
                  RenderText {#text} at (36,0) size 12x15
                    text run at (36,0) width 12: "30"
                  RenderInline {SPAN} at (0,0) size 0x15
                    RenderInline {O:P} at (0,0) size 0x15
              RenderTableCell {TD} at (98,1739) size 170x112 [r=29 c=1 rs=1 cs=1]
                RenderBlock {P} at (7.19,0) size 156x16
                  RenderText {#text} at (0,0) size 86x15
                    text run at (0,0) width 86: "Alan Littlewood"
                  RenderInline {SPAN} at (0,0) size 0x15
                    RenderInline {O:P} at (0,0) size 0x15
                RenderBlock {P} at (7.19,16) size 156x16
                  RenderText {#text} at (0,0) size 82x15
                    text run at (0,0) width 82: "George Coward"
                  RenderInline {SPAN} at (0,0) size 0x15
                    RenderInline {O:P} at (0,0) size 0x15
                RenderBlock {P} at (7.19,32) size 156x16
                  RenderText {#text} at (0,0) size 84x15
                    text run at (0,0) width 84: "Maurice Burton"
                RenderBlock {P} at (7.19,48) size 156x16
                  RenderText {#text} at (0,0) size 62x15
                    text run at (0,0) width 62: "Dan Sievert"
                RenderBlock {P} at (7.19,64) size 156x16
                  RenderText {#text} at (0,0) size 109x15
                    text run at (0,0) width 109: "Michael DeGiovanni"
                RenderBlock {P} at (7.19,80) size 156x16
                  RenderText {#text} at (0,0) size 86x15
                    text run at (0,0) width 86: "Jack Goodfriend"
                RenderBlock {P} at (7.19,96) size 156x16
                  RenderText {#text} at (0,0) size 88x15
                    text run at (0,0) width 88: "Richard Sanchez"
                  RenderInline {SPAN} at (0,0) size 0x15
                    RenderInline {O:P} at (0,0) size 0x15
              RenderTableCell {TD} at (268,1739) size 99x112 [r=29 c=2 rs=1 cs=1]
                RenderBlock {P} at (7.19,0) size 85x16
                  RenderText {#text} at (32,0) size 21x15
                    text run at (32,0) width 21: "Yes"
                  RenderInline {SPAN} at (0,0) size 1x15
                    RenderInline {O:P} at (0,0) size 1x15
                RenderBlock {P} at (7.19,16) size 85x16
                  RenderText {#text} at (32,0) size 21x15
                    text run at (32,0) width 21: "Yes"
                  RenderInline {SPAN} at (0,0) size 1x15
                    RenderInline {O:P} at (0,0) size 1x15
                RenderBlock {P} at (7.19,32) size 85x16
                  RenderText {#text} at (32,0) size 21x15
                    text run at (32,0) width 21: "Yes"
                RenderBlock {P} at (7.19,48) size 85x16
                  RenderText {#text} at (32,0) size 21x15
                    text run at (32,0) width 21: "Yes"
                RenderBlock {P} at (7.19,64) size 85x16
                  RenderText {#text} at (41,0) size 3x15
                    text run at (41,0) width 3: " "
                RenderBlock {P} at (7.19,80) size 85x16
                  RenderText {#text} at (41,0) size 3x15
                    text run at (41,0) width 3: " "
                RenderBlock {P} at (7.19,96) size 85x16
                  RenderText {#text} at (34,0) size 17x15
                    text run at (34,0) width 17: "No"
                  RenderInline {SPAN} at (0,0) size 1x15
                    RenderInline {O:P} at (0,0) size 1x15
              RenderTableCell {TD} at (367,1739) size 106x112 [r=29 c=3 rs=1 cs=1]
                RenderBlock {P} at (7.19,0) size 92x16
                  RenderText {#text} at (38,0) size 16x15
                    text run at (38,0) width 16: "No"
                  RenderInline {SPAN} at (0,0) size 0x15
                    RenderInline {O:P} at (0,0) size 0x15
                RenderBlock {P} at (7.19,16) size 92x16
                  RenderText {#text} at (38,0) size 16x15
                    text run at (38,0) width 16: "No"
                  RenderInline {SPAN} at (0,0) size 0x15
                    RenderInline {O:P} at (0,0) size 0x15
                RenderBlock {P} at (7.19,32) size 92x16
                  RenderText {#text} at (38,0) size 16x15
                    text run at (38,0) width 16: "No"
                RenderBlock {P} at (7.19,48) size 92x16
                  RenderText {#text} at (38,0) size 16x15
                    text run at (38,0) width 16: "No"
                RenderBlock {P} at (7.19,64) size 92x16
                  RenderText {#text} at (44,0) size 4x15
                    text run at (44,0) width 4: " "
                RenderBlock {P} at (7.19,80) size 92x16
                  RenderText {#text} at (44,0) size 4x15
                    text run at (44,0) width 4: " "
                RenderBlock {P} at (7.19,96) size 92x16
                  RenderText {#text} at (36,0) size 20x15
                    text run at (36,0) width 20: "Yes"
                  RenderInline {SPAN} at (0,0) size 0x15
                    RenderInline {O:P} at (0,0) size 0x15
            RenderTableRow {TR} at (0,1851) size 473x48
              RenderTableCell {TD} at (0,1851) size 98x16 [r=30 c=0 rs=1 cs=1]
                RenderBlock {P} at (7.19,0) size 84x16
                  RenderText {#text} at (36,0) size 12x15
                    text run at (36,0) width 12: "31"
                  RenderInline {SPAN} at (0,0) size 0x15
                    RenderInline {O:P} at (0,0) size 0x15
              RenderTableCell {TD} at (98,1851) size 170x48 [r=30 c=1 rs=1 cs=1]
                RenderBlock {P} at (7.19,0) size 156x16
                  RenderText {#text} at (0,0) size 65x15
                    text run at (0,0) width 65: "Dave Neves"
                RenderBlock {P} at (7.19,16) size 156x16
                  RenderText {#text} at (0,0) size 79x15
                    text run at (0,0) width 79: "James Haladus"
                RenderBlock {P} at (7.19,32) size 156x16
                  RenderText {#text} at (0,0) size 62x15
                    text run at (0,0) width 62: "Randy Reid"
                  RenderInline {SPAN} at (0,0) size 0x15
                    RenderInline {O:P} at (0,0) size 0x15
              RenderTableCell {TD} at (268,1851) size 99x32 [r=30 c=2 rs=1 cs=1]
                RenderBlock {P} at (7.19,0) size 85x16
                  RenderText {#text} at (32,0) size 21x15
                    text run at (32,0) width 21: "Yes"
                RenderBlock {P} at (7.19,16) size 85x16
                  RenderText {#text} at (32,0) size 21x15
                    text run at (32,0) width 21: "Yes"
                  RenderInline {SPAN} at (0,0) size 1x15
                    RenderInline {O:P} at (0,0) size 1x15
              RenderTableCell {TD} at (367,1851) size 106x32 [r=30 c=3 rs=1 cs=1]
                RenderBlock {P} at (7.19,0) size 92x16
                  RenderText {#text} at (36,0) size 20x15
                    text run at (36,0) width 20: "Yes"
                RenderBlock {P} at (7.19,16) size 92x16
                  RenderText {#text} at (38,0) size 16x15
                    text run at (38,0) width 16: "No"
                  RenderInline {SPAN} at (0,0) size 0x15
                    RenderInline {O:P} at (0,0) size 0x15
            RenderTableRow {TR} at (0,1899) size 473x64
              RenderTableCell {TD} at (0,1899) size 98x16 [r=31 c=0 rs=1 cs=1]
                RenderBlock {P} at (7.19,0) size 84x16
                  RenderText {#text} at (36,0) size 12x15
                    text run at (36,0) width 12: "32"
                  RenderInline {SPAN} at (0,0) size 0x15
                    RenderInline {O:P} at (0,0) size 0x15
              RenderTableCell {TD} at (98,1899) size 170x64 [r=31 c=1 rs=1 cs=1]
                RenderBlock {P} at (7.19,0) size 156x16
                  RenderText {#text} at (0,0) size 62x15
                    text run at (0,0) width 62: " Oliver Baer"
                RenderBlock {P} at (7.19,16) size 156x16
                  RenderText {#text} at (0,0) size 66x15
                    text run at (0,0) width 66: "Dale Barnett"
                RenderBlock {P} at (7.19,32) size 156x16
                  RenderText {#text} at (0,0) size 58x15
                    text run at (0,0) width 58: "John Todd"
                RenderBlock {P} at (7.19,48) size 156x16
                  RenderText {#text} at (0,0) size 84x15
                    text run at (0,0) width 84: "Dominic Bayani"
                  RenderInline {SPAN} at (0,0) size 0x15
                    RenderInline {O:P} at (0,0) size 0x15
              RenderTableCell {TD} at (268,1899) size 99x32 [r=31 c=2 rs=1 cs=1]
                RenderBlock {P} at (7.19,0) size 85x16
                  RenderText {#text} at (31,0) size 23x15
                    text run at (31,0) width 23: " Yes"
                RenderBlock {P} at (7.19,16) size 85x16
                  RenderText {#text} at (32,0) size 21x15
                    text run at (32,0) width 21: "Yes"
                  RenderInline {SPAN} at (0,0) size 1x15
                    RenderInline {O:P} at (0,0) size 1x15
              RenderTableCell {TD} at (367,1899) size 106x32 [r=31 c=3 rs=1 cs=1]
                RenderBlock {P} at (7.19,0) size 92x16
                  RenderText {#text} at (36,0) size 20x15
                    text run at (36,0) width 20: " No"
                RenderBlock {P} at (7.19,16) size 92x16
                  RenderText {#text} at (38,0) size 16x15
                    text run at (38,0) width 16: "No"
                  RenderInline {SPAN} at (0,0) size 0x15
                    RenderInline {O:P} at (0,0) size 0x15
            RenderTableRow {TR} at (0,1963) size 473x144
              RenderTableCell {TD} at (0,1963) size 98x16 [r=32 c=0 rs=1 cs=1]
                RenderBlock {P} at (7.19,0) size 84x16
                  RenderText {#text} at (36,0) size 12x15
                    text run at (36,0) width 12: "33"
                  RenderInline {SPAN} at (0,0) size 0x15
                    RenderInline {O:P} at (0,0) size 0x15
              RenderTableCell {TD} at (98,1963) size 170x144 [r=32 c=1 rs=1 cs=1]
                RenderBlock {P} at (7.19,0) size 156x16
                  RenderText {#text} at (0,0) size 70x15
                    text run at (0,0) width 70: "Tom Wagner"
                  RenderInline {SPAN} at (0,0) size 0x15
                    RenderInline {O:P} at (0,0) size 0x15
                RenderBlock {P} at (7.19,16) size 156x16
                  RenderText {#text} at (0,0) size 73x15
                    text run at (0,0) width 73: "Gene Langley"
                RenderBlock {P} at (7.19,32) size 156x16
                  RenderText {#text} at (0,0) size 79x15
                    text run at (0,0) width 79: "James Haladus"
                RenderBlock {P} at (7.19,48) size 156x16
                  RenderText {#text} at (0,0) size 80x15
                    text run at (0,0) width 80: "Daniel Buckley"
                RenderBlock {P} at (7.19,64) size 156x16
                  RenderText {#text} at (0,0) size 67x15
                    text run at (0,0) width 67: "Chris Larsen"
                RenderBlock {P} at (7.19,80) size 156x16
                  RenderText {#text} at (0,0) size 71x15
                    text run at (0,0) width 71: "Mike Chansu"
                RenderBlock {P} at (7.19,96) size 156x16
                  RenderText {#text} at (0,0) size 70x15
                    text run at (0,0) width 70: "James Brown"
                RenderBlock {P} at (7.19,112) size 156x16
                  RenderText {#text} at (0,0) size 62x15
                    text run at (0,0) width 62: "Will Sievert"
                RenderBlock {P} at (7.19,128) size 156x16
                  RenderText {#text} at (0,0) size 68x15
                    text run at (0,0) width 68: "Terry Chong"
                  RenderInline {SPAN} at (0,0) size 0x15
                    RenderInline {O:P} at (0,0) size 0x15
              RenderTableCell {TD} at (268,1963) size 99x144 [r=32 c=2 rs=1 cs=1]
                RenderBlock {P} at (7.19,0) size 85x16
                  RenderText {#text} at (32,0) size 21x15
                    text run at (32,0) width 21: "Yes"
                  RenderInline {SPAN} at (0,0) size 1x15
                    RenderInline {O:P} at (0,0) size 1x15
                RenderBlock {P} at (7.19,16) size 85x16
                  RenderText {#text} at (32,0) size 21x15
                    text run at (32,0) width 21: "Yes"
                RenderBlock {P} at (7.19,32) size 85x16
                  RenderText {#text} at (32,0) size 21x15
                    text run at (32,0) width 21: "Yes"
                RenderBlock {P} at (7.19,48) size 85x16
                  RenderText {#text} at (32,0) size 21x15
                    text run at (32,0) width 21: "Yes"
                RenderBlock {P} at (7.19,64) size 85x16
                  RenderText {#text} at (41,0) size 3x15
                    text run at (41,0) width 3: " "
                RenderBlock {P} at (7.19,80) size 85x16
                  RenderText {#text} at (32,0) size 21x15
                    text run at (32,0) width 21: "Yes"
                RenderBlock {P} at (7.19,96) size 85x16
                  RenderText {#text} at (32,0) size 21x15
                    text run at (32,0) width 21: "Yes"
                RenderBlock {P} at (7.19,112) size 85x16
                  RenderText {#text} at (32,0) size 21x15
                    text run at (32,0) width 21: "Yes"
                RenderBlock {P} at (7.19,128) size 85x16
                  RenderText {#text} at (32,0) size 21x15
                    text run at (32,0) width 21: "Yes"
                  RenderInline {SPAN} at (0,0) size 1x15
                    RenderInline {O:P} at (0,0) size 1x15
              RenderTableCell {TD} at (367,1963) size 106x144 [r=32 c=3 rs=1 cs=1]
                RenderBlock {P} at (7.19,0) size 92x16
                  RenderText {#text} at (38,0) size 16x15
                    text run at (38,0) width 16: "No"
                  RenderInline {SPAN} at (0,0) size 0x15
                    RenderInline {O:P} at (0,0) size 0x15
                RenderBlock {P} at (7.19,16) size 92x16
                  RenderText {#text} at (7,0) size 78x15
                    text run at (7,0) width 78: "Gyro wannabe"
                RenderBlock {P} at (7.19,32) size 92x16
                  RenderText {#text} at (38,0) size 16x15
                    text run at (38,0) width 16: "No"
                RenderBlock {P} at (7.19,48) size 92x16
                  RenderText {#text} at (38,0) size 16x15
                    text run at (38,0) width 16: "No"
                RenderBlock {P} at (7.19,64) size 92x16
                  RenderText {#text} at (44,0) size 4x15
                    text run at (44,0) width 4: " "
                RenderBlock {P} at (7.19,80) size 92x16
                  RenderText {#text} at (38,0) size 16x15
                    text run at (38,0) width 16: "No"
                RenderBlock {P} at (7.19,96) size 92x16
                  RenderText {#text} at (38,0) size 16x15
                    text run at (38,0) width 16: "No"
                RenderBlock {P} at (7.19,112) size 92x16
                  RenderText {#text} at (38,0) size 16x15
                    text run at (38,0) width 16: "No"
                RenderBlock {P} at (7.19,128) size 92x16
                  RenderText {#text} at (38,0) size 16x15
                    text run at (38,0) width 16: "No"
                  RenderInline {SPAN} at (0,0) size 0x15
                    RenderInline {O:P} at (0,0) size 0x15
            RenderTableRow {TR} at (0,2107) size 473x128
              RenderTableCell {TD} at (0,2107) size 98x16 [r=33 c=0 rs=1 cs=1]
                RenderBlock {P} at (7.19,0) size 84x16
                  RenderText {#text} at (36,0) size 12x15
                    text run at (36,0) width 12: "34"
                  RenderInline {SPAN} at (0,0) size 0x15
                    RenderInline {O:P} at (0,0) size 0x15
              RenderTableCell {TD} at (98,2107) size 170x128 [r=33 c=1 rs=1 cs=1]
                RenderBlock {P} at (7.19,0) size 156x16
                  RenderText {#text} at (0,0) size 55x15
                    text run at (0,0) width 55: "Jay Ribera"
                RenderBlock {P} at (7.19,16) size 156x16
                  RenderText {#text} at (0,0) size 81x15
                    text run at (0,0) width 81: "Gerald Cardinal"
                RenderBlock {P} at (7.19,32) size 156x16
                  RenderText {#text} at (0,0) size 66x15
                    text run at (0,0) width 66: "Dale Barnett"
                RenderBlock {P} at (7.19,48) size 156x16
                  RenderText {#text} at (0,0) size 62x15
                    text run at (0,0) width 62: "Paul Walter"
                RenderBlock {P} at (7.19,64) size 156x16
                  RenderText {#text} at (0,0) size 84x15
                    text run at (0,0) width 84: "Dominic Bayani"
                RenderBlock {P} at (7.19,80) size 156x16
                  RenderText {#text} at (0,0) size 90x15
                    text run at (0,0) width 90: "Donald Carvalho"
                RenderBlock {P} at (7.19,96) size 156x16
                  RenderText {#text} at (0,0) size 73x15
                    text run at (0,0) width 73: "Jack Peterson"
                RenderBlock {P} at (7.19,112) size 156x16
                  RenderText {#text} at (0,0) size 63x15
                    text run at (0,0) width 63: "Scott Hersh"
                  RenderInline {SPAN} at (0,0) size 0x15
                    RenderInline {O:P} at (0,0) size 0x15
              RenderTableCell {TD} at (268,2107) size 99x128 [r=33 c=2 rs=1 cs=1]
                RenderBlock {P} at (7.19,0) size 85x16
                  RenderText {#text} at (32,0) size 21x15
                    text run at (32,0) width 21: "Yes"
                RenderBlock {P} at (7.19,16) size 85x16
                  RenderText {#text} at (41,0) size 3x15
                    text run at (41,0) width 3: " "
                RenderBlock {P} at (7.19,32) size 85x16
                  RenderText {#text} at (32,0) size 21x15
                    text run at (32,0) width 21: "Yes"
                RenderBlock {P} at (7.19,48) size 85x16
                  RenderText {#text} at (41,0) size 3x15
                    text run at (41,0) width 3: " "
                RenderBlock {P} at (7.19,64) size 85x16
                  RenderText {#text} at (41,0) size 3x15
                    text run at (41,0) width 3: " "
                RenderBlock {P} at (7.19,80) size 85x16
                  RenderText {#text} at (41,0) size 3x15
                    text run at (41,0) width 3: " "
                RenderBlock {P} at (7.19,96) size 85x16
                  RenderText {#text} at (41,0) size 3x15
                    text run at (41,0) width 3: " "
                RenderBlock {P} at (7.19,112) size 85x16
                  RenderText {#text} at (32,0) size 21x15
                    text run at (32,0) width 21: "Yes"
                  RenderInline {SPAN} at (0,0) size 1x15
                    RenderInline {O:P} at (0,0) size 1x15
              RenderTableCell {TD} at (367,2107) size 106x128 [r=33 c=3 rs=1 cs=1]
                RenderBlock {P} at (7.19,0) size 92x16
                  RenderText {#text} at (38,0) size 16x15
                    text run at (38,0) width 16: "No"
                RenderBlock {P} at (7.19,16) size 92x16
                  RenderText {#text} at (44,0) size 4x15
                    text run at (44,0) width 4: " "
                RenderBlock {P} at (7.19,32) size 92x16
                  RenderText {#text} at (38,0) size 16x15
                    text run at (38,0) width 16: "No"
                RenderBlock {P} at (7.19,48) size 92x16
                  RenderText {#text} at (44,0) size 4x15
                    text run at (44,0) width 4: " "
                RenderBlock {P} at (7.19,64) size 92x16
                  RenderText {#text} at (44,0) size 4x15
                    text run at (44,0) width 4: " "
                RenderBlock {P} at (7.19,80) size 92x16
                  RenderText {#text} at (44,0) size 4x15
                    text run at (44,0) width 4: " "
                RenderBlock {P} at (7.19,96) size 92x16
                  RenderText {#text} at (44,0) size 4x15
                    text run at (44,0) width 4: " "
                RenderBlock {P} at (7.19,112) size 92x16
                  RenderText {#text} at (38,0) size 16x15
                    text run at (38,0) width 16: "No"
                  RenderInline {SPAN} at (0,0) size 0x15
                    RenderInline {O:P} at (0,0) size 0x15
            RenderTableRow {TR} at (0,2235) size 473x80
              RenderTableCell {TD} at (0,2235) size 98x16 [r=34 c=0 rs=1 cs=1]
                RenderBlock {P} at (7.19,0) size 84x16
                  RenderText {#text} at (36,0) size 12x15
                    text run at (36,0) width 12: "35"
                  RenderInline {SPAN} at (0,0) size 0x15
                    RenderInline {O:P} at (0,0) size 0x15
              RenderTableCell {TD} at (98,2235) size 170x80 [r=34 c=1 rs=1 cs=1]
                RenderBlock {P} at (7.19,0) size 156x16
                  RenderText {#text} at (0,0) size 78x15
                    text run at (0,0) width 78: " Richard Green"
                RenderBlock {P} at (7.19,16) size 156x16
                  RenderText {#text} at (0,0) size 64x15
                    text run at (0,0) width 64: "David Allen"
                RenderBlock {P} at (7.19,32) size 156x16
                  RenderText {#text} at (0,0) size 55x15
                    text run at (0,0) width 55: "Jim Colvin"
                RenderBlock {P} at (7.19,48) size 156x16
                  RenderText {#text} at (0,0) size 68x15
                    text run at (0,0) width 68: "Harald Close"
                RenderBlock {P} at (7.19,64) size 156x16
                  RenderText {#text} at (0,0) size 59x15
                    text run at (0,0) width 59: "Oliver Baer"
                  RenderInline {SPAN} at (0,0) size 0x15
                    RenderInline {O:P} at (0,0) size 0x15
              RenderTableCell {TD} at (268,2235) size 99x80 [r=34 c=2 rs=1 cs=1]
                RenderBlock {P} at (7.19,0) size 85x16
                  RenderText {#text} at (41,0) size 3x15
                    text run at (41,0) width 3: " "
                RenderBlock {P} at (7.19,16) size 85x16
                  RenderText {#text} at (41,0) size 3x15
                    text run at (41,0) width 3: " "
                RenderBlock {P} at (7.19,32) size 85x16
                  RenderText {#text} at (41,0) size 3x15
                    text run at (41,0) width 3: " "
                RenderBlock {P} at (7.19,48) size 85x16
                  RenderText {#text} at (32,0) size 21x15
                    text run at (32,0) width 21: "Yes"
                RenderBlock {P} at (7.19,64) size 85x16
                  RenderText {#text} at (32,0) size 21x15
                    text run at (32,0) width 21: "Yes"
                  RenderInline {SPAN} at (0,0) size 1x15
                    RenderInline {O:P} at (0,0) size 1x15
              RenderTableCell {TD} at (367,2235) size 106x80 [r=34 c=3 rs=1 cs=1]
                RenderBlock {P} at (7.19,0) size 92x16
                  RenderText {#text} at (44,0) size 4x15
                    text run at (44,0) width 4: " "
                RenderBlock {P} at (7.19,16) size 92x16
                  RenderText {#text} at (44,0) size 4x15
                    text run at (44,0) width 4: " "
                RenderBlock {P} at (7.19,32) size 92x16
                  RenderText {#text} at (44,0) size 4x15
                    text run at (44,0) width 4: " "
                RenderBlock {P} at (7.19,48) size 92x16
                  RenderText {#text} at (36,0) size 20x15
                    text run at (36,0) width 20: "Yes"
                RenderBlock {P} at (7.19,64) size 92x16
                  RenderText {#text} at (38,0) size 16x15
                    text run at (38,0) width 16: "No"
                  RenderInline {SPAN} at (0,0) size 0x15
                    RenderInline {O:P} at (0,0) size 0x15
            RenderTableRow {TR} at (0,2315) size 473x80
              RenderTableCell {TD} at (0,2315) size 98x16 [r=35 c=0 rs=1 cs=1]
                RenderBlock {P} at (7.19,0) size 84x16
                  RenderText {#text} at (36,0) size 12x15
                    text run at (36,0) width 12: "36"
                  RenderInline {SPAN} at (0,0) size 0x15
                    RenderInline {O:P} at (0,0) size 0x15
              RenderTableCell {TD} at (98,2315) size 170x80 [r=35 c=1 rs=1 cs=1]
                RenderBlock {P} at (7.19,0) size 156x16
                  RenderText {#text} at (0,0) size 70x15
                    text run at (0,0) width 70: "Jason Beehm"
                RenderBlock {P} at (7.19,16) size 156x16
                  RenderText {#text} at (0,0) size 90x15
                    text run at (0,0) width 90: "Darrell Carpenter"
                RenderBlock {P} at (7.19,32) size 156x16
                  RenderText {#text} at (0,0) size 79x15
                    text run at (0,0) width 79: "Stefan Kiritzov"
                RenderBlock {P} at (7.19,48) size 156x16
                  RenderText {#text} at (0,0) size 66x15
                    text run at (0,0) width 66: "Dale Barnett"
                RenderBlock {P} at (7.19,64) size 156x16
                  RenderText {#text} at (0,0) size 62x15
                    text run at (0,0) width 62: "Dan Sievert"
                  RenderInline {SPAN} at (0,0) size 0x15
                    RenderInline {O:P} at (0,0) size 0x15
              RenderTableCell {TD} at (268,2315) size 99x80 [r=35 c=2 rs=1 cs=1]
                RenderBlock {P} at (7.19,0) size 85x16
                  RenderText {#text} at (32,0) size 21x15
                    text run at (32,0) width 21: "Yes"
                RenderBlock {P} at (7.19,16) size 85x16
                  RenderText {#text} at (32,0) size 21x15
                    text run at (32,0) width 21: "Yes"
                RenderBlock {P} at (7.19,32) size 85x16
                  RenderText {#text} at (32,0) size 21x15
                    text run at (32,0) width 21: "Yes"
                RenderBlock {P} at (7.19,48) size 85x16
                  RenderText {#text} at (32,0) size 21x15
                    text run at (32,0) width 21: "Yes"
                RenderBlock {P} at (7.19,64) size 85x16
                  RenderText {#text} at (32,0) size 21x15
                    text run at (32,0) width 21: "Yes"
                  RenderInline {SPAN} at (0,0) size 1x15
                    RenderInline {O:P} at (0,0) size 1x15
              RenderTableCell {TD} at (367,2315) size 106x80 [r=35 c=3 rs=1 cs=1]
                RenderBlock {P} at (7.19,0) size 92x16
                  RenderText {#text} at (38,0) size 16x15
                    text run at (38,0) width 16: "No"
                RenderBlock {P} at (7.19,16) size 92x16
                  RenderText {#text} at (38,0) size 16x15
                    text run at (38,0) width 16: "No"
                RenderBlock {P} at (7.19,32) size 92x16
                  RenderText {#text} at (36,0) size 20x15
                    text run at (36,0) width 20: "Yes"
                RenderBlock {P} at (7.19,48) size 92x16
                  RenderText {#text} at (38,0) size 16x15
                    text run at (38,0) width 16: "No"
                RenderBlock {P} at (7.19,64) size 92x16
                  RenderText {#text} at (38,0) size 16x15
                    text run at (38,0) width 16: "No"
                  RenderInline {SPAN} at (0,0) size 0x15
                    RenderInline {O:P} at (0,0) size 0x15
            RenderTableRow {TR} at (0,2395) size 473x64
              RenderTableCell {TD} at (0,2395) size 98x16 [r=36 c=0 rs=1 cs=1]
                RenderBlock {P} at (7.19,0) size 84x16
                  RenderText {#text} at (36,0) size 12x15
                    text run at (36,0) width 12: "37"
                  RenderInline {SPAN} at (0,0) size 0x15
                    RenderInline {O:P} at (0,0) size 0x15
              RenderTableCell {TD} at (98,2395) size 170x64 [r=36 c=1 rs=1 cs=1]
                RenderBlock {P} at (7.19,0) size 156x16
                  RenderText {#text} at (0,0) size 88x15
                    text run at (0,0) width 88: "Dominic Civiletti"
                RenderBlock {P} at (7.19,16) size 156x16
                  RenderText {#text} at (0,0) size 81x15
                    text run at (0,0) width 81: "John Chamorro"
                RenderBlock {P} at (7.19,32) size 156x16
                  RenderText {#text} at (0,0) size 70x15
                    text run at (0,0) width 70: "Jim Mirowski"
                RenderBlock {P} at (7.19,48) size 156x16
                  RenderText {#text} at (0,0) size 76x15
                    text run at (0,0) width 76: "Soohong  Kim"
                  RenderInline {SPAN} at (0,0) size 0x15
                    RenderInline {O:P} at (0,0) size 0x15
              RenderTableCell {TD} at (268,2395) size 99x64 [r=36 c=2 rs=1 cs=1]
                RenderBlock {P} at (7.19,0) size 85x16
                  RenderText {#text} at (32,0) size 21x15
                    text run at (32,0) width 21: "Yes"
                RenderBlock {P} at (7.19,16) size 85x16
                  RenderText {#text} at (41,0) size 3x15
                    text run at (41,0) width 3: " "
                RenderBlock {P} at (7.19,32) size 85x16
                  RenderText {#text} at (41,0) size 3x15
                    text run at (41,0) width 3: " "
                RenderBlock {P} at (7.19,48) size 85x16
                  RenderText {#text} at (32,0) size 21x15
                    text run at (32,0) width 21: "Yes"
                  RenderInline {SPAN} at (0,0) size 1x15
                    RenderInline {O:P} at (0,0) size 1x15
              RenderTableCell {TD} at (367,2395) size 106x64 [r=36 c=3 rs=1 cs=1]
                RenderBlock {P} at (7.19,0) size 92x16
                  RenderText {#text} at (38,0) size 16x15
                    text run at (38,0) width 16: "No"
                RenderBlock {P} at (7.19,16) size 92x16
                  RenderText {#text} at (44,0) size 4x15
                    text run at (44,0) width 4: " "
                RenderBlock {P} at (7.19,32) size 92x16
                  RenderText {#text} at (44,0) size 4x15
                    text run at (44,0) width 4: " "
                RenderBlock {P} at (7.19,48) size 92x16
                  RenderText {#text} at (38,0) size 16x15
                    text run at (38,0) width 16: "No"
                  RenderInline {SPAN} at (0,0) size 0x15
                    RenderInline {O:P} at (0,0) size 0x15
            RenderTableRow {TR} at (0,2459) size 473x96
              RenderTableCell {TD} at (0,2459) size 98x16 [r=37 c=0 rs=1 cs=1]
                RenderBlock {P} at (7.19,0) size 84x16
                  RenderText {#text} at (36,0) size 12x15
                    text run at (36,0) width 12: "38"
                  RenderInline {SPAN} at (0,0) size 0x15
                    RenderInline {O:P} at (0,0) size 0x15
              RenderTableCell {TD} at (98,2459) size 170x96 [r=37 c=1 rs=1 cs=1]
                RenderBlock {P} at (7.19,0) size 156x16
                  RenderText {#text} at (0,0) size 97x15
                    text run at (0,0) width 97: "Karl Allmendinger"
                  RenderInline {SPAN} at (0,0) size 0x15
                    RenderInline {O:P} at (0,0) size 0x15
                RenderBlock {P} at (7.19,16) size 156x16
                  RenderText {#text} at (0,0) size 63x15
                    text run at (0,0) width 63: "John Bernal"
                  RenderInline {SPAN} at (0,0) size 0x15
                    RenderInline {O:P} at (0,0) size 0x15
                RenderBlock {P} at (7.19,32) size 156x16
                  RenderText {#text} at (0,0) size 73x15
                    text run at (0,0) width 73: "Gene Langley"
                RenderBlock {P} at (7.19,48) size 156x16
                  RenderText {#text} at (0,0) size 74x15
                    text run at (0,0) width 74: "Chuck Pringle"
                RenderBlock {P} at (7.19,64) size 156x16
                  RenderText {#text} at (0,0) size 52x15
                    text run at (0,0) width 52: "Jimmy Lei"
                RenderBlock {P} at (7.19,80) size 156x16
                  RenderText {#text} at (0,0) size 90x15
                    text run at (0,0) width 90: "Ruenjoe (Joe) Lu"
                  RenderInline {SPAN} at (0,0) size 0x15
                    RenderInline {O:P} at (0,0) size 0x15
              RenderTableCell {TD} at (268,2459) size 99x64 [r=37 c=2 rs=1 cs=1]
                RenderBlock {P} at (7.19,0) size 85x16
                  RenderText {#text} at (32,0) size 21x15
                    text run at (32,0) width 21: "Yes"
                  RenderInline {SPAN} at (0,0) size 1x15
                    RenderInline {O:P} at (0,0) size 1x15
                RenderBlock {P} at (7.19,16) size 85x16
                  RenderText {#text} at (32,0) size 21x15
                    text run at (32,0) width 21: "Yes"
                  RenderInline {SPAN} at (0,0) size 1x15
                    RenderInline {O:P} at (0,0) size 1x15
                RenderBlock {P} at (7.19,32) size 85x16
                  RenderText {#text} at (32,0) size 21x15
                    text run at (32,0) width 21: "Yes"
                RenderBlock {P} at (7.19,48) size 85x16
                  RenderText {#text} at (32,0) size 21x15
                    text run at (32,0) width 21: "Yes"
                  RenderInline {SPAN} at (0,0) size 1x15
                    RenderInline {O:P} at (0,0) size 1x15
              RenderTableCell {TD} at (367,2459) size 106x64 [r=37 c=3 rs=1 cs=1]
                RenderBlock {P} at (7.19,0) size 92x16
                  RenderText {#text} at (38,0) size 16x15
                    text run at (38,0) width 16: "No"
                  RenderInline {SPAN} at (0,0) size 0x15
                    RenderInline {O:P} at (0,0) size 0x15
                RenderBlock {P} at (7.19,16) size 92x16
                  RenderText {#text} at (38,0) size 16x15
                    text run at (38,0) width 16: "No"
                  RenderInline {SPAN} at (0,0) size 0x15
                    RenderInline {O:P} at (0,0) size 0x15
                RenderBlock {P} at (7.19,32) size 92x16
                  RenderText {#text} at (7,0) size 78x15
                    text run at (7,0) width 78: "Gyro wannabe"
                RenderBlock {P} at (7.19,48) size 92x16
                  RenderText {#text} at (38,0) size 16x15
                    text run at (38,0) width 16: "No"
                  RenderInline {SPAN} at (0,0) size 0x15
                    RenderInline {O:P} at (0,0) size 0x15
            RenderTableRow {TR} at (0,2555) size 473x48
              RenderTableCell {TD} at (0,2555) size 98x16 [r=38 c=0 rs=1 cs=1]
                RenderBlock {P} at (7.19,0) size 84x16
                  RenderText {#text} at (36,0) size 12x15
                    text run at (36,0) width 12: "39"
                  RenderInline {SPAN} at (0,0) size 0x15
                    RenderInline {O:P} at (0,0) size 0x15
              RenderTableCell {TD} at (98,2555) size 170x48 [r=38 c=1 rs=1 cs=1]
                RenderBlock {P} at (7.19,0) size 156x16
                  RenderText {#text} at (0,0) size 70x15
                    text run at (0,0) width 70: "Tom Wagner"
                RenderBlock {P} at (7.19,16) size 156x16
                  RenderText {#text} at (0,0) size 59x15
                    text run at (0,0) width 59: "Oliver Baer"
                RenderBlock {P} at (7.19,32) size 156x16
                  RenderText {#text} at (0,0) size 62x15
                    text run at (0,0) width 62: "Will Sievert"
                  RenderInline {SPAN} at (0,0) size 0x15
                    RenderInline {O:P} at (0,0) size 0x15
              RenderTableCell {TD} at (268,2555) size 99x48 [r=38 c=2 rs=1 cs=1]
                RenderBlock {P} at (7.19,0) size 85x16
                  RenderText {#text} at (32,0) size 21x15
                    text run at (32,0) width 21: "Yes"
                RenderBlock {P} at (7.19,16) size 85x16
                  RenderText {#text} at (32,0) size 21x15
                    text run at (32,0) width 21: "Yes"
                RenderBlock {P} at (7.19,32) size 85x16
                  RenderText {#text} at (32,0) size 21x15
                    text run at (32,0) width 21: "Yes"
                  RenderInline {SPAN} at (0,0) size 1x15
                    RenderInline {O:P} at (0,0) size 1x15
              RenderTableCell {TD} at (367,2555) size 106x48 [r=38 c=3 rs=1 cs=1]
                RenderBlock {P} at (7.19,0) size 92x16
                  RenderText {#text} at (38,0) size 16x15
                    text run at (38,0) width 16: "No"
                RenderBlock {P} at (7.19,16) size 92x16
                  RenderText {#text} at (38,0) size 16x15
                    text run at (38,0) width 16: "No"
                RenderBlock {P} at (7.19,32) size 92x16
                  RenderText {#text} at (38,0) size 16x15
                    text run at (38,0) width 16: "No"
                  RenderInline {SPAN} at (0,0) size 0x15
                    RenderInline {O:P} at (0,0) size 0x15
            RenderTableRow {TR} at (0,2603) size 473x128
              RenderTableCell {TD} at (0,2603) size 98x16 [r=39 c=0 rs=1 cs=1]
                RenderBlock {P} at (7.19,0) size 84x16
                  RenderText {#text} at (36,0) size 12x15
                    text run at (36,0) width 12: "40"
                  RenderInline {SPAN} at (0,0) size 0x15
                    RenderInline {O:P} at (0,0) size 0x15
              RenderTableCell {TD} at (98,2603) size 170x128 [r=39 c=1 rs=1 cs=1]
                RenderBlock {P} at (7.19,0) size 156x16
                  RenderText {#text} at (0,0) size 81x15
                    text run at (0,0) width 81: "Alberto Lanzas"
                  RenderInline {SPAN} at (0,0) size 0x15
                    RenderInline {O:P} at (0,0) size 0x15
                RenderBlock {P} at (7.19,16) size 156x16
                  RenderText {#text} at (0,0) size 92x15
                    text run at (0,0) width 92: "Zak + Mike West"
                  RenderInline {SPAN} at (0,0) size 0x15
                    RenderInline {O:P} at (0,0) size 0x15
                RenderBlock {P} at (7.19,32) size 156x16
                  RenderText {#text} at (0,0) size 67x15
                    text run at (0,0) width 67: "Javier Flores"
                  RenderInline {SPAN} at (0,0) size 0x15
                    RenderInline {O:P} at (0,0) size 0x15
                RenderBlock {P} at (7.19,48) size 156x16
                  RenderText {#text} at (0,0) size 66x15
                    text run at (0,0) width 66: "Bill Johnson"
                  RenderInline {SPAN} at (0,0) size 0x15
                    RenderInline {O:P} at (0,0) size 0x15
                RenderBlock {P} at (7.19,64) size 156x16
                  RenderText {#text} at (0,0) size 73x15
                    text run at (0,0) width 73: "Gene Langley"
                RenderBlock {P} at (7.19,80) size 156x16
                  RenderText {#text} at (0,0) size 67x15
                    text run at (0,0) width 67: "Rich Burnett"
                RenderBlock {P} at (7.19,96) size 156x16
                  RenderText {#text} at (0,0) size 86x15
                    text run at (0,0) width 86: "Jack Goodfriend"
                RenderBlock {P} at (7.19,112) size 156x16
                  RenderText {#text} at (0,0) size 68x15
                    text run at (0,0) width 68: "Harald Close"
                  RenderInline {SPAN} at (0,0) size 0x15
                    RenderInline {O:P} at (0,0) size 0x15
              RenderTableCell {TD} at (268,2603) size 99x128 [r=39 c=2 rs=1 cs=1]
                RenderBlock {P} at (7.19,0) size 85x16
                  RenderText {#text} at (32,0) size 21x15
                    text run at (32,0) width 21: "Yes"
                  RenderInline {SPAN} at (0,0) size 1x15
                    RenderInline {O:P} at (0,0) size 1x15
                RenderBlock {P} at (7.19,16) size 85x16
                  RenderText {#text} at (32,0) size 21x15
                    text run at (32,0) width 21: "Yes"
                  RenderInline {SPAN} at (0,0) size 1x15
                    RenderInline {O:P} at (0,0) size 1x15
                RenderBlock {P} at (7.19,32) size 85x16
                  RenderText {#text} at (32,0) size 21x15
                    text run at (32,0) width 21: "Yes"
                  RenderInline {SPAN} at (0,0) size 1x15
                    RenderInline {O:P} at (0,0) size 1x15
                RenderBlock {P} at (7.19,48) size 85x16
                  RenderText {#text} at (32,0) size 21x15
                    text run at (32,0) width 21: "Yes"
                  RenderInline {SPAN} at (0,0) size 1x15
                    RenderInline {O:P} at (0,0) size 1x15
                RenderBlock {P} at (7.19,64) size 85x16
                  RenderText {#text} at (32,0) size 21x15
                    text run at (32,0) width 21: "Yes"
                RenderBlock {P} at (7.19,80) size 85x16
                  RenderText {#text} at (41,0) size 3x15
                    text run at (41,0) width 3: " "
                RenderBlock {P} at (7.19,96) size 85x16
                  RenderText {#text} at (41,0) size 3x15
                    text run at (41,0) width 3: " "
                RenderBlock {P} at (7.19,112) size 85x16
                  RenderText {#text} at (32,0) size 21x15
                    text run at (32,0) width 21: "Yes"
                  RenderInline {SPAN} at (0,0) size 1x15
                    RenderInline {O:P} at (0,0) size 1x15
              RenderTableCell {TD} at (367,2603) size 106x128 [r=39 c=3 rs=1 cs=1]
                RenderBlock {P} at (7.19,0) size 92x16
                  RenderText {#text} at (36,0) size 20x15
                    text run at (36,0) width 20: "Yes"
                  RenderInline {SPAN} at (0,0) size 0x15
                    RenderInline {O:P} at (0,0) size 0x15
                RenderBlock {P} at (7.19,16) size 92x16
                  RenderText {#text} at (36,0) size 20x15
                    text run at (36,0) width 20: "Yes"
                  RenderInline {SPAN} at (0,0) size 0x15
                    RenderInline {O:P} at (0,0) size 0x15
                RenderBlock {P} at (7.19,32) size 92x16
                  RenderText {#text} at (38,0) size 16x15
                    text run at (38,0) width 16: "No"
                  RenderInline {SPAN} at (0,0) size 0x15
                    RenderInline {O:P} at (0,0) size 0x15
                RenderBlock {P} at (7.19,48) size 92x16
                  RenderText {#text} at (38,0) size 16x15
                    text run at (38,0) width 16: "No"
                  RenderInline {SPAN} at (0,0) size 0x15
                    RenderInline {O:P} at (0,0) size 0x15
                RenderBlock {P} at (7.19,64) size 92x16
                  RenderText {#text} at (30,0) size 32x15
                    text run at (30,0) width 32: "Glider"
                RenderBlock {P} at (7.19,80) size 92x16
                  RenderText {#text} at (44,0) size 4x15
                    text run at (44,0) width 4: " "
                RenderBlock {P} at (7.19,96) size 92x16
                  RenderText {#text} at (44,0) size 4x15
                    text run at (44,0) width 4: " "
                RenderBlock {P} at (7.19,112) size 92x16
                  RenderText {#text} at (38,0) size 16x15
                    text run at (38,0) width 16: "No"
                  RenderInline {SPAN} at (0,0) size 0x15
                    RenderInline {O:P} at (0,0) size 0x15
            RenderTableRow {TR} at (0,2731) size 473x128
              RenderTableCell {TD} at (0,2731) size 98x16 [r=40 c=0 rs=1 cs=1]
                RenderBlock {P} at (7.19,0) size 84x16
                  RenderText {#text} at (36,0) size 12x15
                    text run at (36,0) width 12: "41"
                  RenderInline {SPAN} at (0,0) size 0x15
                    RenderInline {O:P} at (0,0) size 0x15
              RenderTableCell {TD} at (98,2731) size 170x128 [r=40 c=1 rs=1 cs=1]
                RenderBlock {P} at (7.19,0) size 156x16
                  RenderText {#text} at (0,0) size 88x15
                    text run at (0,0) width 88: "Dominic Civiletti"
                  RenderInline {SPAN} at (0,0) size 0x15
                    RenderInline {O:P} at (0,0) size 0x15
                RenderBlock {P} at (7.19,16) size 156x16
                  RenderText {#text} at (0,0) size 103x15
                    text run at (0,0) width 103: "Corbin Christensen"
                  RenderInline {SPAN} at (0,0) size 0x15
                    RenderInline {O:P} at (0,0) size 0x15
                RenderBlock {P} at (7.19,32) size 156x16
                  RenderText {#text} at (0,0) size 56x15
                    text run at (0,0) width 56: "Hal Hirsch"
                  RenderInline {SPAN} at (0,0) size 0x15
                    RenderInline {O:P} at (0,0) size 0x15
                RenderBlock {P} at (7.19,48) size 156x16
                  RenderText {#text} at (0,0) size 88x15
                    text run at (0,0) width 88: "Richard Sanchez"
                RenderBlock {P} at (7.19,64) size 156x16
                  RenderText {#text} at (0,0) size 63x15
                    text run at (0,0) width 63: "John Bernal"
                RenderBlock {P} at (7.19,80) size 156x16
                  RenderText {#text} at (0,0) size 67x15
                    text run at (0,0) width 67: "Rich Burnett"
                RenderBlock {P} at (7.19,96) size 156x16
                  RenderText {#text} at (0,0) size 69x15
                    text run at (0,0) width 69: "Brock Brown"
                RenderBlock {P} at (7.19,112) size 156x16
                  RenderText {#text} at (0,0) size 55x15
                    text run at (0,0) width 55: "John Paye"
                  RenderInline {SPAN} at (0,0) size 0x15
                    RenderInline {O:P} at (0,0) size 0x15
              RenderTableCell {TD} at (268,2731) size 99x112 [r=40 c=2 rs=1 cs=1]
                RenderBlock {P} at (7.19,0) size 85x16
                  RenderText {#text} at (32,0) size 21x15
                    text run at (32,0) width 21: "Yes"
                  RenderInline {SPAN} at (0,0) size 1x15
                    RenderInline {O:P} at (0,0) size 1x15
                RenderBlock {P} at (7.19,16) size 85x16
                  RenderText {#text} at (32,0) size 21x15
                    text run at (32,0) width 21: "Yes"
                  RenderInline {SPAN} at (0,0) size 1x15
                    RenderInline {O:P} at (0,0) size 1x15
                RenderBlock {P} at (7.19,32) size 85x16
                  RenderText {#text} at (32,0) size 21x15
                    text run at (32,0) width 21: "Yes"
                  RenderInline {SPAN} at (0,0) size 1x15
                    RenderInline {O:P} at (0,0) size 1x15
                RenderBlock {P} at (7.19,48) size 85x16
                  RenderText {#text} at (34,0) size 17x15
                    text run at (34,0) width 17: "No"
                RenderBlock {P} at (7.19,64) size 85x16
                  RenderText {#text} at (32,0) size 21x15
                    text run at (32,0) width 21: "Yes"
                RenderBlock {P} at (7.19,80) size 85x16
                  RenderText {#text} at (41,0) size 3x15
                    text run at (41,0) width 3: " "
                RenderBlock {P} at (7.19,96) size 85x16
                  RenderText {#text} at (32,0) size 21x15
                    text run at (32,0) width 21: "Yes"
                  RenderInline {SPAN} at (0,0) size 1x15
                    RenderInline {O:P} at (0,0) size 1x15
              RenderTableCell {TD} at (367,2731) size 106x112 [r=40 c=3 rs=1 cs=1]
                RenderBlock {P} at (7.19,0) size 92x16
                  RenderText {#text} at (38,0) size 16x15
                    text run at (38,0) width 16: "No"
                  RenderInline {SPAN} at (0,0) size 0x15
                    RenderInline {O:P} at (0,0) size 0x15
                RenderBlock {P} at (7.19,16) size 92x16
                  RenderText {#text} at (38,0) size 16x15
                    text run at (38,0) width 16: "No"
                  RenderInline {SPAN} at (0,0) size 0x15
                    RenderInline {O:P} at (0,0) size 0x15
                RenderBlock {P} at (7.19,32) size 92x16
                  RenderText {#text} at (38,0) size 16x15
                    text run at (38,0) width 16: "No"
                  RenderInline {SPAN} at (0,0) size 0x15
                    RenderInline {O:P} at (0,0) size 0x15
                RenderBlock {P} at (7.19,48) size 92x16
                  RenderText {#text} at (36,0) size 20x15
                    text run at (36,0) width 20: "Yes"
                RenderBlock {P} at (7.19,64) size 92x16
                  RenderText {#text} at (38,0) size 16x15
                    text run at (38,0) width 16: "No"
                RenderBlock {P} at (7.19,80) size 92x16
                  RenderText {#text} at (44,0) size 4x15
                    text run at (44,0) width 4: " "
                RenderBlock {P} at (7.19,96) size 92x16
                  RenderText {#text} at (38,0) size 16x15
                    text run at (38,0) width 16: "No"
                  RenderInline {SPAN} at (0,0) size 0x15
                    RenderInline {O:P} at (0,0) size 0x15
            RenderTableRow {TR} at (0,2859) size 473x128
              RenderTableCell {TD} at (0,2859) size 98x16 [r=41 c=0 rs=1 cs=1]
                RenderBlock {P} at (7.19,0) size 84x16
                  RenderText {#text} at (36,0) size 12x15
                    text run at (36,0) width 12: "42"
                  RenderInline {SPAN} at (0,0) size 0x15
                    RenderInline {O:P} at (0,0) size 0x15
              RenderTableCell {TD} at (98,2859) size 170x128 [r=41 c=1 rs=1 cs=1]
                RenderBlock {P} at (7.19,0) size 156x16
                  RenderText {#text} at (0,0) size 47x15
                    text run at (0,0) width 47: "Tony Yu"
                  RenderInline {SPAN} at (0,0) size 0x15
                    RenderInline {O:P} at (0,0) size 0x15
                RenderBlock {P} at (7.19,16) size 156x16
                  RenderText {#text} at (0,0) size 65x15
                    text run at (0,0) width 65: "Jason Miller"
                  RenderInline {SPAN} at (0,0) size 0x15
                    RenderInline {O:P} at (0,0) size 0x15
                RenderBlock {P} at (7.19,32) size 156x16
                  RenderText {#text} at (0,0) size 84x15
                    text run at (0,0) width 84: "Maurice Burton"
                RenderBlock {P} at (7.19,48) size 156x16
                  RenderText {#text} at (0,0) size 62x15
                    text run at (0,0) width 62: "Dan Sievert"
                RenderBlock {P} at (7.19,64) size 156x16
                  RenderText {#text} at (0,0) size 60x15
                    text run at (0,0) width 60: "Jerry Davis"
                RenderBlock {P} at (7.19,80) size 156x16
                  RenderText {#text} at (0,0) size 55x15
                    text run at (0,0) width 55: "John Paye"
                RenderBlock {P} at (7.19,96) size 156x16
                  RenderText {#text} at (0,0) size 71x15
                    text run at (0,0) width 71: "Gordon Frost"
                RenderBlock {P} at (7.19,112) size 156x16
                  RenderText {#text} at (0,0) size 66x15
                    text run at (0,0) width 66: "Chris Walsh"
                  RenderInline {SPAN} at (0,0) size 0x15
                    RenderInline {O:P} at (0,0) size 0x15
              RenderTableCell {TD} at (268,2859) size 99x80 [r=41 c=2 rs=1 cs=1]
                RenderBlock {P} at (7.19,0) size 85x16
                  RenderText {#text} at (32,0) size 21x15
                    text run at (32,0) width 21: "Yes"
                  RenderInline {SPAN} at (0,0) size 1x15
                    RenderInline {O:P} at (0,0) size 1x15
                RenderBlock {P} at (7.19,16) size 85x16
                  RenderText {#text} at (32,0) size 21x15
                    text run at (32,0) width 21: "Yes"
                  RenderInline {SPAN} at (0,0) size 1x15
                    RenderInline {O:P} at (0,0) size 1x15
                RenderBlock {P} at (7.19,32) size 85x16
                  RenderText {#text} at (32,0) size 21x15
                    text run at (32,0) width 21: "Yes"
                RenderBlock {P} at (7.19,48) size 85x16
                  RenderText {#text} at (32,0) size 21x15
                    text run at (32,0) width 21: "Yes"
                RenderBlock {P} at (7.19,64) size 85x16
                  RenderText {#text} at (32,0) size 21x15
                    text run at (32,0) width 21: "Yes"
                  RenderInline {SPAN} at (0,0) size 1x15
                    RenderInline {O:P} at (0,0) size 1x15
              RenderTableCell {TD} at (367,2859) size 106x80 [r=41 c=3 rs=1 cs=1]
                RenderBlock {P} at (7.19,0) size 92x16
                  RenderText {#text} at (38,0) size 16x15
                    text run at (38,0) width 16: "No"
                  RenderInline {SPAN} at (0,0) size 0x15
                    RenderInline {O:P} at (0,0) size 0x15
                RenderBlock {P} at (7.19,16) size 92x16
                  RenderText {#text} at (38,0) size 16x15
                    text run at (38,0) width 16: "No"
                  RenderInline {SPAN} at (0,0) size 0x15
                    RenderInline {O:P} at (0,0) size 0x15
                RenderBlock {P} at (7.19,32) size 92x16
                  RenderText {#text} at (38,0) size 16x15
                    text run at (38,0) width 16: "No"
                RenderBlock {P} at (7.19,48) size 92x16
                  RenderText {#text} at (38,0) size 16x15
                    text run at (38,0) width 16: "No"
                RenderBlock {P} at (7.19,64) size 92x16
                  RenderText {#text} at (38,0) size 16x15
                    text run at (38,0) width 16: "No"
                  RenderInline {SPAN} at (0,0) size 0x15
                    RenderInline {O:P} at (0,0) size 0x15
            RenderTableRow {TR} at (0,2987) size 473x112
              RenderTableCell {TD} at (0,2987) size 98x16 [r=42 c=0 rs=1 cs=1]
                RenderBlock {P} at (7.19,0) size 84x16
                  RenderText {#text} at (36,0) size 12x15
                    text run at (36,0) width 12: "43"
                  RenderInline {SPAN} at (0,0) size 0x15
                    RenderInline {O:P} at (0,0) size 0x15
              RenderTableCell {TD} at (98,2987) size 170x112 [r=42 c=1 rs=1 cs=1]
                RenderBlock {P} at (7.19,0) size 156x16
                  RenderText {#text} at (0,0) size 88x15
                    text run at (0,0) width 88: "Dominic Civiletti"
                  RenderInline {SPAN} at (0,0) size 0x15
                    RenderInline {O:P} at (0,0) size 0x15
                RenderBlock {P} at (7.19,16) size 156x16
                  RenderText {#text} at (0,0) size 63x15
                    text run at (0,0) width 63: "Ken Gullion"
                  RenderInline {SPAN} at (0,0) size 0x15
                    RenderInline {O:P} at (0,0) size 0x15
                RenderBlock {P} at (7.19,32) size 156x16
                  RenderText {#text} at (0,0) size 62x15
                    text run at (0,0) width 62: "Will Sievert"
                RenderBlock {P} at (7.19,48) size 156x16
                  RenderText {#text} at (0,0) size 72x15
                    text run at (0,0) width 72: "Jim Mahoney"
                RenderBlock {P} at (7.19,64) size 156x16
                  RenderText {#text} at (0,0) size 66x15
                    text run at (0,0) width 66: "Ken Manuel"
                RenderBlock {P} at (7.19,80) size 156x16
                  RenderText {#text} at (0,0) size 58x15
                    text run at (0,0) width 58: "John Todd"
                RenderBlock {P} at (7.19,96) size 156x16
                  RenderText {#text} at (0,0) size 87x15
                    text run at (0,0) width 87: "Rick Rasmussen"
                  RenderInline {SPAN} at (0,0) size 0x15
                    RenderInline {O:P} at (0,0) size 0x15
              RenderTableCell {TD} at (268,2987) size 99x80 [r=42 c=2 rs=1 cs=1]
                RenderBlock {P} at (7.19,0) size 85x16
                  RenderText {#text} at (32,0) size 21x15
                    text run at (32,0) width 21: "Yes"
                  RenderInline {SPAN} at (0,0) size 1x15
                    RenderInline {O:P} at (0,0) size 1x15
                RenderBlock {P} at (7.19,16) size 85x16
                  RenderText {#text} at (32,0) size 21x15
                    text run at (32,0) width 21: "Yes"
                  RenderInline {SPAN} at (0,0) size 1x15
                    RenderInline {O:P} at (0,0) size 1x15
                RenderBlock {P} at (7.19,32) size 85x16
                  RenderText {#text} at (32,0) size 21x15
                    text run at (32,0) width 21: "Yes"
                RenderBlock {P} at (7.19,48) size 85x16
                  RenderText {#text} at (32,0) size 21x15
                    text run at (32,0) width 21: "Yes"
                RenderBlock {P} at (7.19,64) size 85x16
                  RenderText {#text} at (32,0) size 21x15
                    text run at (32,0) width 21: "Yes"
                  RenderInline {SPAN} at (0,0) size 1x15
                    RenderInline {O:P} at (0,0) size 1x15
              RenderTableCell {TD} at (367,2987) size 106x80 [r=42 c=3 rs=1 cs=1]
                RenderBlock {P} at (7.19,0) size 92x16
                  RenderText {#text} at (38,0) size 16x15
                    text run at (38,0) width 16: "No"
                  RenderInline {SPAN} at (0,0) size 0x15
                    RenderInline {O:P} at (0,0) size 0x15
                RenderBlock {P} at (7.19,16) size 92x16
                  RenderText {#text} at (38,0) size 16x15
                    text run at (38,0) width 16: "No"
                  RenderInline {SPAN} at (0,0) size 0x15
                    RenderInline {O:P} at (0,0) size 0x15
                RenderBlock {P} at (7.19,32) size 92x16
                  RenderText {#text} at (21,0) size 50x15
                    text run at (21,0) width 50: "Someday"
                RenderBlock {P} at (7.19,48) size 92x16
                  RenderText {#text} at (36,0) size 20x15
                    text run at (36,0) width 20: "Yes"
                RenderBlock {P} at (7.19,64) size 92x16
                  RenderText {#text} at (38,0) size 16x15
                    text run at (38,0) width 16: "No"
                  RenderInline {SPAN} at (0,0) size 0x15
                    RenderInline {O:P} at (0,0) size 0x15
            RenderTableRow {TR} at (0,3099) size 473x64
              RenderTableCell {TD} at (0,3099) size 98x16 [r=43 c=0 rs=1 cs=1]
                RenderBlock {P} at (7.19,0) size 84x16
                  RenderText {#text} at (36,0) size 12x15
                    text run at (36,0) width 12: "44"
                  RenderInline {SPAN} at (0,0) size 0x15
                    RenderInline {O:P} at (0,0) size 0x15
              RenderTableCell {TD} at (98,3099) size 170x64 [r=43 c=1 rs=1 cs=1]
                RenderBlock {P} at (7.19,0) size 156x16
                  RenderText {#text} at (0,0) size 60x15
                    text run at (0,0) width 60: "Gary Heath"
                  RenderInline {SPAN} at (0,0) size 0x15
                    RenderInline {O:P} at (0,0) size 0x15
                RenderBlock {P} at (7.19,16) size 156x16
                  RenderText {#text} at (0,0) size 79x15
                    text run at (0,0) width 79: "Quinn Chuong"
                RenderBlock {P} at (7.19,32) size 156x16
                  RenderText {#text} at (0,0) size 62x15
                    text run at (0,0) width 62: "Dan Sievert"
                RenderBlock {P} at (7.19,48) size 156x16
                  RenderText {#text} at (0,0) size 84x15
                    text run at (0,0) width 84: "Alexander Wert"
                  RenderInline {SPAN} at (0,0) size 0x15
                    RenderInline {O:P} at (0,0) size 0x15
              RenderTableCell {TD} at (268,3099) size 99x64 [r=43 c=2 rs=1 cs=1]
                RenderBlock {P} at (7.19,0) size 85x16
                  RenderText {#text} at (34,0) size 17x15
                    text run at (34,0) width 17: "No"
                  RenderInline {SPAN} at (0,0) size 1x15
                    RenderInline {O:P} at (0,0) size 1x15
                RenderBlock {P} at (7.19,16) size 85x16
                  RenderText {#text} at (32,0) size 21x15
                    text run at (32,0) width 21: "Yes"
                RenderBlock {P} at (7.19,32) size 85x16
                  RenderText {#text} at (32,0) size 21x15
                    text run at (32,0) width 21: "Yes"
                RenderBlock {P} at (7.19,48) size 85x16
                  RenderText {#text} at (34,0) size 17x15
                    text run at (34,0) width 17: "No"
                  RenderInline {SPAN} at (0,0) size 1x15
                    RenderInline {O:P} at (0,0) size 1x15
              RenderTableCell {TD} at (367,3099) size 106x64 [r=43 c=3 rs=1 cs=1]
                RenderBlock {P} at (7.19,0) size 92x16
                  RenderText {#text} at (36,0) size 20x15
                    text run at (36,0) width 20: "Yes"
                  RenderInline {SPAN} at (0,0) size 0x15
                    RenderInline {O:P} at (0,0) size 0x15
                RenderBlock {P} at (7.19,16) size 92x16
                  RenderText {#text} at (36,0) size 20x15
                    text run at (36,0) width 20: "Yes"
                RenderBlock {P} at (7.19,32) size 92x16
                  RenderText {#text} at (38,0) size 16x15
                    text run at (38,0) width 16: "No"
                RenderBlock {P} at (7.19,48) size 92x16
                  RenderText {#text} at (36,0) size 20x15
                    text run at (36,0) width 20: "Yes"
                  RenderInline {SPAN} at (0,0) size 0x15
                    RenderInline {O:P} at (0,0) size 0x15
            RenderTableRow {TR} at (0,3163) size 473x48
              RenderTableCell {TD} at (0,3163) size 98x16 [r=44 c=0 rs=1 cs=1]
                RenderBlock {P} at (7.19,0) size 84x16
                  RenderText {#text} at (36,0) size 12x15
                    text run at (36,0) width 12: "45"
                  RenderInline {SPAN} at (0,0) size 0x15
                    RenderInline {O:P} at (0,0) size 0x15
              RenderTableCell {TD} at (98,3163) size 170x48 [r=44 c=1 rs=1 cs=1]
                RenderBlock {P} at (7.19,0) size 156x16
                  RenderText {#text} at (0,0) size 79x15
                    text run at (0,0) width 79: "James Holaduz"
                RenderBlock {P} at (7.19,16) size 156x16
                  RenderInline {FONT} at (0,0) size 55x15
                    RenderText {#text} at (0,0) size 55x15
                      text run at (0,0) width 55: "Don Coon"
                RenderBlock {P} at (7.19,32) size 156x16
                  RenderText {#text} at (0,0) size 83x15
                    text run at (0,0) width 83: "John Yearwood"
                  RenderInline {SPAN} at (0,0) size 0x15
                    RenderInline {O:P} at (0,0) size 0x15
              RenderTableCell {TD} at (268,3163) size 99x48 [r=44 c=2 rs=1 cs=1]
                RenderBlock {P} at (7.19,0) size 85x16
                  RenderText {#text} at (32,0) size 21x15
                    text run at (32,0) width 21: "Yes"
                RenderBlock {P} at (7.19,16) size 85x16
                  RenderText {#text} at (41,0) size 3x15
                    text run at (41,0) width 3: " "
                RenderBlock {P} at (7.19,32) size 85x16
                  RenderText {#text} at (32,0) size 21x15
                    text run at (32,0) width 21: "Yes"
                  RenderInline {SPAN} at (0,0) size 1x15
                    RenderInline {O:P} at (0,0) size 1x15
              RenderTableCell {TD} at (367,3163) size 106x48 [r=44 c=3 rs=1 cs=1]
                RenderBlock {P} at (7.19,0) size 92x16
                  RenderText {#text} at (38,0) size 16x15
                    text run at (38,0) width 16: "No"
                RenderBlock {P} at (7.19,16) size 92x16
                  RenderText {#text} at (44,0) size 4x15
                    text run at (44,0) width 4: " "
                RenderBlock {P} at (7.19,32) size 92x16
                  RenderText {#text} at (38,0) size 16x15
                    text run at (38,0) width 16: "No"
                  RenderInline {SPAN} at (0,0) size 0x15
                    RenderInline {O:P} at (0,0) size 0x15
            RenderTableRow {TR} at (0,3211) size 473x128
              RenderTableCell {TD} at (0,3211) size 98x16 [r=45 c=0 rs=1 cs=1]
                RenderBlock {P} at (7.19,0) size 84x16
                  RenderText {#text} at (36,0) size 12x15
                    text run at (36,0) width 12: "46"
                  RenderInline {SPAN} at (0,0) size 0x15
                    RenderInline {O:P} at (0,0) size 0x15
              RenderTableCell {TD} at (98,3211) size 170x128 [r=45 c=1 rs=1 cs=1]
                RenderBlock {P} at (7.19,0) size 156x16
                  RenderText {#text} at (0,0) size 52x15
                    text run at (0,0) width 52: "Zak West"
                  RenderInline {SPAN} at (0,0) size 0x15
                    RenderInline {O:P} at (0,0) size 0x15
                RenderBlock {P} at (7.19,16) size 156x16
                  RenderText {#text} at (0,0) size 97x15
                    text run at (0,0) width 97: "Karl Allmendinger"
                RenderBlock {P} at (7.19,32) size 156x16
                  RenderText {#text} at (0,0) size 83x15
                    text run at (0,0) width 83: "John Espectzde"
                RenderBlock {P} at (7.19,48) size 156x16
                  RenderText {#text} at (0,0) size 71x15
                    text run at (0,0) width 71: "Gene Pheiffer"
                RenderBlock {P} at (7.19,64) size 156x16
                  RenderText {#text} at (0,0) size 68x15
                    text run at (0,0) width 68: "Harold Todd"
                RenderBlock {P} at (7.19,80) size 156x16
                  RenderText {#text} at (0,0) size 81x15
                    text run at (0,0) width 81: "Gerald Cardinal"
                RenderBlock {P} at (7.19,96) size 156x16
                  RenderText {#text} at (0,0) size 65x15
                    text run at (0,0) width 65: "Ali Erdengiz"
                RenderBlock {P} at (7.19,112) size 156x16
                  RenderText {#text} at (0,0) size 88x15
                    text run at (0,0) width 88: "Jason Anderson"
                  RenderInline {SPAN} at (0,0) size 0x15
                    RenderInline {O:P} at (0,0) size 0x15
              RenderTableCell {TD} at (268,3211) size 99x128 [r=45 c=2 rs=1 cs=1]
                RenderBlock {P} at (7.19,0) size 85x16
                  RenderText {#text} at (32,0) size 21x15
                    text run at (32,0) width 21: "Yes"
                  RenderInline {SPAN} at (0,0) size 1x15
                    RenderInline {O:P} at (0,0) size 1x15
                RenderBlock {P} at (7.19,16) size 85x16
                  RenderText {#text} at (32,0) size 21x15
                    text run at (32,0) width 21: "Yes"
                RenderBlock {P} at (7.19,32) size 85x16
                  RenderText {#text} at (41,0) size 3x15
                    text run at (41,0) width 3: " "
                RenderBlock {P} at (7.19,48) size 85x16
                  RenderText {#text} at (32,0) size 21x15
                    text run at (32,0) width 21: "Yes"
                RenderBlock {P} at (7.19,64) size 85x16
                  RenderText {#text} at (41,0) size 3x15
                    text run at (41,0) width 3: " "
                RenderBlock {P} at (7.19,80) size 85x16
                  RenderText {#text} at (41,0) size 3x15
                    text run at (41,0) width 3: " "
                RenderBlock {P} at (7.19,96) size 85x16
                  RenderText {#text} at (41,0) size 3x15
                    text run at (41,0) width 3: " "
                RenderBlock {P} at (7.19,112) size 85x16
                  RenderText {#text} at (32,0) size 21x15
                    text run at (32,0) width 21: "Yes"
                  RenderInline {SPAN} at (0,0) size 1x15
                    RenderInline {O:P} at (0,0) size 1x15
              RenderTableCell {TD} at (367,3211) size 106x128 [r=45 c=3 rs=1 cs=1]
                RenderBlock {P} at (7.19,0) size 92x16
                  RenderText {#text} at (36,0) size 20x15
                    text run at (36,0) width 20: "Yes"
                  RenderInline {SPAN} at (0,0) size 0x15
                    RenderInline {O:P} at (0,0) size 0x15
                RenderBlock {P} at (7.19,16) size 92x16
                  RenderText {#text} at (38,0) size 16x15
                    text run at (38,0) width 16: "No"
                RenderBlock {P} at (7.19,32) size 92x16
                  RenderText {#text} at (44,0) size 4x15
                    text run at (44,0) width 4: " "
                RenderBlock {P} at (7.19,48) size 92x16
                  RenderText {#text} at (38,0) size 16x15
                    text run at (38,0) width 16: "No"
                RenderBlock {P} at (7.19,64) size 92x16
                  RenderText {#text} at (44,0) size 4x15
                    text run at (44,0) width 4: " "
                RenderBlock {P} at (7.19,80) size 92x16
                  RenderText {#text} at (44,0) size 4x15
                    text run at (44,0) width 4: " "
                RenderBlock {P} at (7.19,96) size 92x16
                  RenderText {#text} at (44,0) size 4x15
                    text run at (44,0) width 4: " "
                RenderBlock {P} at (7.19,112) size 92x16
                  RenderText {#text} at (38,0) size 16x15
                    text run at (38,0) width 16: "No"
                  RenderInline {SPAN} at (0,0) size 0x15
                    RenderInline {O:P} at (0,0) size 0x15
            RenderTableRow {TR} at (0,3339) size 473x176
              RenderTableCell {TD} at (0,3339) size 98x16 [r=46 c=0 rs=1 cs=1]
                RenderBlock {P} at (7.19,0) size 84x16
                  RenderText {#text} at (36,0) size 12x15
                    text run at (36,0) width 12: "47"
                  RenderInline {SPAN} at (0,0) size 0x15
                    RenderInline {O:P} at (0,0) size 0x15
              RenderTableCell {TD} at (98,3339) size 170x176 [r=46 c=1 rs=1 cs=1]
                RenderBlock {P} at (7.19,0) size 156x16
                  RenderText {#text} at (0,0) size 79x15
                    text run at (0,0) width 79: "James Holaduz"
                  RenderInline {SPAN} at (0,0) size 0x15
                    RenderInline {O:P} at (0,0) size 0x15
                RenderBlock {P} at (7.19,16) size 156x16
                  RenderText {#text} at (0,0) size 47x15
                    text run at (0,0) width 47: "Tony Yu"
                  RenderInline {SPAN} at (0,0) size 0x15
                    RenderInline {O:P} at (0,0) size 0x15
                RenderBlock {P} at (7.19,32) size 156x16
                  RenderText {#text} at (0,0) size 82x15
                    text run at (0,0) width 82: "Quang Nguyen"
                  RenderInline {SPAN} at (0,0) size 0x15
                    RenderInline {O:P} at (0,0) size 0x15
                RenderBlock {P} at (7.19,48) size 156x16
                  RenderText {#text} at (0,0) size 70x15
                    text run at (0,0) width 70: "Rick Klement"
                  RenderInline {SPAN} at (0,0) size 0x15
                    RenderInline {O:P} at (0,0) size 0x15
                RenderBlock {P} at (7.19,64) size 156x16
                  RenderText {#text} at (0,0) size 77x15
                    text run at (0,0) width 77: "Mark Glanville"
                  RenderInline {SPAN} at (0,0) size 0x15
                    RenderInline {O:P} at (0,0) size 0x15
                RenderBlock {P} at (7.19,80) size 156x16
                  RenderText {#text} at (0,0) size 87x15
                    text run at (0,0) width 87: "Michael Chansu"
                RenderBlock {P} at (7.19,96) size 156x16
                  RenderText {#text} at (0,0) size 68x15
                    text run at (0,0) width 68: "Harold Todd"
                RenderBlock {P} at (7.19,112) size 156x16
                  RenderInline {FONT} at (0,0) size 55x15
                    RenderText {#text} at (0,0) size 55x15
                      text run at (0,0) width 55: "Don Coon"
                RenderBlock {P} at (7.19,128) size 156x16
                  RenderText {#text} at (0,0) size 55x15
                    text run at (0,0) width 55: "John Paye"
                RenderBlock {P} at (7.19,144) size 156x16
                  RenderText {#text} at (0,0) size 64x15
                    text run at (0,0) width 64: "David Allen"
                RenderBlock {P} at (7.19,160) size 156x16
                  RenderText {#text} at (0,0) size 105x15
                    text run at (0,0) width 105: "Raymund Leonardo"
                  RenderInline {SPAN} at (0,0) size 0x15
                    RenderInline {O:P} at (0,0) size 0x15
              RenderTableCell {TD} at (268,3339) size 99x176 [r=46 c=2 rs=1 cs=1]
                RenderBlock {P} at (7.19,0) size 85x16
                  RenderText {#text} at (32,0) size 21x15
                    text run at (32,0) width 21: "Yes"
                  RenderInline {SPAN} at (0,0) size 1x15
                    RenderInline {O:P} at (0,0) size 1x15
                RenderBlock {P} at (7.19,16) size 85x16
                  RenderText {#text} at (32,0) size 21x15
                    text run at (32,0) width 21: "Yes"
                  RenderInline {SPAN} at (0,0) size 1x15
                    RenderInline {O:P} at (0,0) size 1x15
                RenderBlock {P} at (7.19,32) size 85x16
                  RenderText {#text} at (32,0) size 21x15
                    text run at (32,0) width 21: "Yes"
                  RenderInline {SPAN} at (0,0) size 1x15
                    RenderInline {O:P} at (0,0) size 1x15
                RenderBlock {P} at (7.19,48) size 85x16
                  RenderText {#text} at (32,0) size 21x15
                    text run at (32,0) width 21: "Yes"
                  RenderInline {SPAN} at (0,0) size 1x15
                    RenderInline {O:P} at (0,0) size 1x15
                RenderBlock {P} at (7.19,64) size 85x16
                  RenderText {#text} at (32,0) size 21x15
                    text run at (32,0) width 21: "Yes"
                  RenderInline {SPAN} at (0,0) size 1x15
                    RenderInline {O:P} at (0,0) size 1x15
                RenderBlock {P} at (7.19,80) size 85x16
                  RenderText {#text} at (32,0) size 21x15
                    text run at (32,0) width 21: "Yes"
                RenderBlock {P} at (7.19,96) size 85x16
                  RenderText {#text} at (41,0) size 3x15
                    text run at (41,0) width 3: " "
                RenderBlock {P} at (7.19,112) size 85x16
                  RenderText {#text} at (41,0) size 3x15
                    text run at (41,0) width 3: " "
                RenderBlock {P} at (7.19,128) size 85x16
                  RenderText {#text} at (41,0) size 3x15
                    text run at (41,0) width 3: " "
                RenderBlock {P} at (7.19,144) size 85x16
                  RenderText {#text} at (41,0) size 3x15
                    text run at (41,0) width 3: " "
                RenderBlock {P} at (7.19,160) size 85x16
                  RenderText {#text} at (34,0) size 17x15
                    text run at (34,0) width 17: "No"
                  RenderInline {SPAN} at (0,0) size 1x15
                    RenderInline {O:P} at (0,0) size 1x15
              RenderTableCell {TD} at (367,3339) size 106x176 [r=46 c=3 rs=1 cs=1]
                RenderBlock {P} at (7.19,0) size 92x16
                  RenderText {#text} at (38,0) size 16x15
                    text run at (38,0) width 16: "No"
                  RenderInline {SPAN} at (0,0) size 0x15
                    RenderInline {O:P} at (0,0) size 0x15
                RenderBlock {P} at (7.19,16) size 92x16
                  RenderText {#text} at (38,0) size 16x15
                    text run at (38,0) width 16: "No"
                  RenderInline {SPAN} at (0,0) size 0x15
                    RenderInline {O:P} at (0,0) size 0x15
                RenderBlock {P} at (7.19,32) size 92x16
                  RenderText {#text} at (38,0) size 16x15
                    text run at (38,0) width 16: "No"
                  RenderInline {SPAN} at (0,0) size 0x15
                    RenderInline {O:P} at (0,0) size 0x15
                RenderBlock {P} at (7.19,48) size 92x16
                  RenderText {#text} at (36,0) size 20x15
                    text run at (36,0) width 20: "Yes"
                  RenderInline {SPAN} at (0,0) size 0x15
                    RenderInline {O:P} at (0,0) size 0x15
                RenderBlock {P} at (7.19,64) size 92x16
                  RenderText {#text} at (38,0) size 16x15
                    text run at (38,0) width 16: "No"
                  RenderInline {SPAN} at (0,0) size 0x15
                    RenderInline {O:P} at (0,0) size 0x15
                RenderBlock {P} at (7.19,80) size 92x16
                  RenderText {#text} at (38,0) size 16x15
                    text run at (38,0) width 16: "No"
                RenderBlock {P} at (7.19,96) size 92x16
                  RenderText {#text} at (44,0) size 4x15
                    text run at (44,0) width 4: " "
                RenderBlock {P} at (7.19,112) size 92x16
                  RenderText {#text} at (44,0) size 4x15
                    text run at (44,0) width 4: " "
                RenderBlock {P} at (7.19,128) size 92x16
                  RenderText {#text} at (44,0) size 4x15
                    text run at (44,0) width 4: " "
                RenderBlock {P} at (7.19,144) size 92x16
                  RenderText {#text} at (44,0) size 4x15
                    text run at (44,0) width 4: " "
                RenderBlock {P} at (7.19,160) size 92x16
                  RenderText {#text} at (36,0) size 20x15
                    text run at (36,0) width 20: "Yes"
                  RenderInline {SPAN} at (0,0) size 0x15
                    RenderInline {O:P} at (0,0) size 0x15
            RenderTableRow {TR} at (0,3515) size 473x144
              RenderTableCell {TD} at (0,3515) size 98x16 [r=47 c=0 rs=1 cs=1]
                RenderBlock {P} at (7.19,0) size 84x16
                  RenderText {#text} at (36,0) size 12x15
                    text run at (36,0) width 12: "48"
                  RenderInline {SPAN} at (0,0) size 0x15
                    RenderInline {O:P} at (0,0) size 0x15
              RenderTableCell {TD} at (98,3515) size 170x144 [r=47 c=1 rs=1 cs=1]
                RenderBlock {P} at (7.19,0) size 156x16
                  RenderText {#text} at (0,0) size 77x15
                    text run at (0,0) width 77: "Mark Glanville"
                  RenderInline {SPAN} at (0,0) size 0x15
                    RenderInline {O:P} at (0,0) size 0x15
                RenderBlock {P} at (7.19,16) size 156x16
                  RenderText {#text} at (0,0) size 90x15
                    text run at (0,0) width 90: "Ian + Brad Carter"
                RenderBlock {P} at (7.19,32) size 156x16
                  RenderText {#text} at (0,0) size 79x15
                    text run at (0,0) width 79: "Stefan Kiritzov"
                RenderBlock {P} at (7.19,48) size 156x16
                  RenderText {#text} at (0,0) size 58x15
                    text run at (0,0) width 58: "Joe Araujo"
                RenderBlock {P} at (7.19,64) size 156x16
                  RenderText {#text} at (0,0) size 68x15
                    text run at (0,0) width 68: "Harold Todd"
                RenderBlock {P} at (7.19,80) size 156x16
                  RenderText {#text} at (0,0) size 68x15
                    text run at (0,0) width 68: "Steve Gilbert"
                RenderBlock {P} at (7.19,96) size 156x16
                  RenderText {#text} at (0,0) size 52x15
                    text run at (0,0) width 52: "Mark Diel"
                RenderBlock {P} at (7.19,112) size 156x16
                  RenderText {#text} at (0,0) size 86x15
                    text run at (0,0) width 86: "Jack Goodfriend"
                RenderBlock {P} at (7.19,128) size 156x16
                  RenderText {#text} at (0,0) size 90x15
                    text run at (0,0) width 90: "Ruenjoe (Joe) Lu"
                  RenderInline {SPAN} at (0,0) size 0x15
                    RenderInline {O:P} at (0,0) size 0x15
              RenderTableCell {TD} at (268,3515) size 99x96 [r=47 c=2 rs=1 cs=1]
                RenderBlock {P} at (7.19,0) size 85x16
                  RenderText {#text} at (32,0) size 21x15
                    text run at (32,0) width 21: "Yes"
                  RenderInline {SPAN} at (0,0) size 1x15
                    RenderInline {O:P} at (0,0) size 1x15
                RenderBlock {P} at (7.19,16) size 85x16
                  RenderText {#text} at (32,0) size 21x15
                    text run at (32,0) width 21: "Yes"
                RenderBlock {P} at (7.19,32) size 85x16
                  RenderText {#text} at (32,0) size 21x15
                    text run at (32,0) width 21: "Yes"
                RenderBlock {P} at (7.19,48) size 85x16
                  RenderText {#text} at (41,0) size 3x15
                    text run at (41,0) width 3: " "
                RenderBlock {P} at (7.19,64) size 85x16
                  RenderText {#text} at (41,0) size 3x15
                    text run at (41,0) width 3: " "
                RenderBlock {P} at (7.19,80) size 85x16
                  RenderText {#text} at (32,0) size 21x15
                    text run at (32,0) width 21: "Yes"
                  RenderInline {SPAN} at (0,0) size 1x15
                    RenderInline {O:P} at (0,0) size 1x15
              RenderTableCell {TD} at (367,3515) size 106x96 [r=47 c=3 rs=1 cs=1]
                RenderBlock {P} at (7.19,0) size 92x16
                  RenderText {#text} at (38,0) size 16x15
                    text run at (38,0) width 16: "No"
                  RenderInline {SPAN} at (0,0) size 0x15
                    RenderInline {O:P} at (0,0) size 0x15
                RenderBlock {P} at (7.19,16) size 92x16
                  RenderText {#text} at (38,0) size 16x15
                    text run at (38,0) width 16: "No"
                RenderBlock {P} at (7.19,32) size 92x16
                  RenderText {#text} at (36,0) size 20x15
                    text run at (36,0) width 20: "Yes"
                RenderBlock {P} at (7.19,48) size 92x16
                  RenderText {#text} at (44,0) size 4x15
                    text run at (44,0) width 4: " "
                RenderBlock {P} at (7.19,64) size 92x16
                  RenderText {#text} at (44,0) size 4x15
                    text run at (44,0) width 4: " "
                RenderBlock {P} at (7.19,80) size 92x16
                  RenderText {#text} at (38,0) size 16x15
                    text run at (38,0) width 16: "No"
                  RenderInline {SPAN} at (0,0) size 0x15
                    RenderInline {O:P} at (0,0) size 0x15
            RenderTableRow {TR} at (0,3659) size 473x64
              RenderTableCell {TD} at (0,3659) size 98x16 [r=48 c=0 rs=1 cs=1]
                RenderBlock {P} at (7.19,0) size 84x16
                  RenderText {#text} at (36,0) size 12x15
                    text run at (36,0) width 12: "49"
                  RenderInline {SPAN} at (0,0) size 0x15
                    RenderInline {O:P} at (0,0) size 0x15
              RenderTableCell {TD} at (98,3659) size 170x64 [r=48 c=1 rs=1 cs=1]
                RenderBlock {P} at (7.19,0) size 156x16
                  RenderText {#text} at (0,0) size 65x15
                    text run at (0,0) width 65: "Ali Erdengiz"
                RenderBlock {P} at (7.19,16) size 156x16
                  RenderText {#text} at (0,0) size 64x15
                    text run at (0,0) width 64: "David Allen"
                RenderBlock {P} at (7.19,32) size 156x16
                  RenderInline {SPAN} at (0,0) size 72x15
                    RenderInline {O:P} at (0,0) size 0x0
                    RenderText {#text} at (0,0) size 72x15
                      text run at (0,0) width 72: "Narayen Raju"
                RenderBlock {P} at (7.19,48) size 156x16
                  RenderInline {SPAN} at (0,0) size 88x15
                    RenderText {#text} at (0,0) size 88x15
                      text run at (0,0) width 34: "Jason "
                      text run at (34,0) width 54: "Anderson"
              RenderTableCell {TD} at (268,3659) size 99x64 [r=48 c=2 rs=1 cs=1]
                RenderBlock {P} at (7.19,0) size 85x16
                  RenderText {#text} at (41,0) size 3x15
                    text run at (41,0) width 3: " "
                RenderBlock {P} at (7.19,16) size 85x16
                  RenderText {#text} at (41,0) size 3x15
                    text run at (41,0) width 3: " "
                RenderBlock {P} at (7.19,32) size 85x16
                  RenderText {#text} at (41,0) size 3x15
                    text run at (41,0) width 3: " "
                RenderBlock {P} at (7.19,48) size 85x16
                  RenderText {#text} at (32,0) size 21x15
                    text run at (32,0) width 21: "Yes"
                  RenderInline {SPAN} at (0,0) size 1x15
                    RenderInline {O:P} at (0,0) size 1x15
              RenderTableCell {TD} at (367,3659) size 106x64 [r=48 c=3 rs=1 cs=1]
                RenderBlock {P} at (7.19,0) size 92x16
                  RenderText {#text} at (44,0) size 4x15
                    text run at (44,0) width 4: " "
                RenderBlock {P} at (7.19,16) size 92x16
                  RenderText {#text} at (44,0) size 4x15
                    text run at (44,0) width 4: " "
                RenderBlock {P} at (7.19,32) size 92x16
                  RenderText {#text} at (44,0) size 4x15
                    text run at (44,0) width 4: " "
                RenderBlock {P} at (7.19,48) size 92x16
                  RenderText {#text} at (38,0) size 16x15
                    text run at (38,0) width 16: "No"
                  RenderInline {SPAN} at (0,0) size 0x15
                    RenderInline {O:P} at (0,0) size 0x15
            RenderTableRow {TR} at (0,3723) size 473x144
              RenderTableCell {TD} at (0,3723) size 98x16 [r=49 c=0 rs=1 cs=1]
                RenderBlock {P} at (7.19,0) size 84x16
                  RenderText {#text} at (36,0) size 12x15
                    text run at (36,0) width 12: "50"
                  RenderInline {SPAN} at (0,0) size 0x15
                    RenderInline {O:P} at (0,0) size 0x15
              RenderTableCell {TD} at (98,3723) size 170x144 [r=49 c=1 rs=1 cs=1]
                RenderBlock {P} at (7.19,0) size 156x16
                  RenderText {#text} at (0,0) size 52x15
                    text run at (0,0) width 52: "Zak West"
                  RenderInline {SPAN} at (0,0) size 0x15
                    RenderInline {O:P} at (0,0) size 0x15
                RenderBlock {P} at (7.19,16) size 156x16
                  RenderText {#text} at (0,0) size 70x15
                    text run at (0,0) width 70: "Rick Klement"
                  RenderInline {SPAN} at (0,0) size 0x15
                    RenderInline {O:P} at (0,0) size 0x15
                RenderBlock {P} at (7.19,32) size 156x16
                  RenderText {#text} at (0,0) size 54x15
                    text run at (0,0) width 54: "Jim Bernal"
                RenderBlock {P} at (7.19,48) size 156x16
                  RenderText {#text} at (0,0) size 86x15
                    text run at (0,0) width 86: "Alan Littlewood"
                RenderBlock {P} at (7.19,64) size 156x16
                  RenderText {#text} at (0,0) size 60x15
                    text run at (0,0) width 60: "Jerry Davis"
                RenderBlock {P} at (7.19,80) size 156x16
                  RenderText {#text} at (0,0) size 84x15
                    text run at (0,0) width 84: "Lauren Bussard"
                RenderBlock {P} at (7.19,96) size 156x16
                  RenderText {#text} at (0,0) size 83x15
                    text run at (0,0) width 83: "John Yearwood"
                RenderBlock {P} at (7.19,112) size 156x16
                  RenderText {#text} at (0,0) size 72x15
                    text run at (0,0) width 72: "Narayan Raju"
                RenderBlock {P} at (7.19,128) size 156x16
                  RenderText {#text} at (0,0) size 66x15
                    text run at (0,0) width 66: "Ken Manuel"
                  RenderInline {SPAN} at (0,0) size 0x15
                    RenderInline {O:P} at (0,0) size 0x15
              RenderTableCell {TD} at (268,3723) size 99x112 [r=49 c=2 rs=1 cs=1]
                RenderBlock {P} at (7.19,0) size 85x16
                  RenderText {#text} at (32,0) size 21x15
                    text run at (32,0) width 21: "Yes"
                  RenderInline {SPAN} at (0,0) size 1x15
                    RenderInline {O:P} at (0,0) size 1x15
                RenderBlock {P} at (7.19,16) size 85x16
                  RenderText {#text} at (32,0) size 21x15
                    text run at (32,0) width 21: "Yes"
                  RenderInline {SPAN} at (0,0) size 1x15
                    RenderInline {O:P} at (0,0) size 1x15
                RenderBlock {P} at (7.19,32) size 85x16
                  RenderText {#text} at (32,0) size 21x15
                    text run at (32,0) width 21: "Yes"
                RenderBlock {P} at (7.19,48) size 85x16
                  RenderText {#text} at (32,0) size 21x15
                    text run at (32,0) width 21: "Yes"
                RenderBlock {P} at (7.19,64) size 85x16
                  RenderText {#text} at (32,0) size 21x15
                    text run at (32,0) width 21: "Yes"
                RenderBlock {P} at (7.19,80) size 85x16
                  RenderText {#text} at (41,0) size 3x15
                    text run at (41,0) width 3: " "
                RenderBlock {P} at (7.19,96) size 85x16
                  RenderText {#text} at (32,0) size 21x15
                    text run at (32,0) width 21: "Yes"
                  RenderInline {SPAN} at (0,0) size 1x15
                    RenderInline {O:P} at (0,0) size 1x15
              RenderTableCell {TD} at (367,3723) size 106x112 [r=49 c=3 rs=1 cs=1]
                RenderBlock {P} at (7.19,0) size 92x16
                  RenderText {#text} at (36,0) size 20x15
                    text run at (36,0) width 20: "Yes"
                  RenderInline {SPAN} at (0,0) size 0x15
                    RenderInline {O:P} at (0,0) size 0x15
                RenderBlock {P} at (7.19,16) size 92x16
                  RenderText {#text} at (36,0) size 20x15
                    text run at (36,0) width 20: "Yes"
                  RenderInline {SPAN} at (0,0) size 0x15
                    RenderInline {O:P} at (0,0) size 0x15
                RenderBlock {P} at (7.19,32) size 92x16
                  RenderText {#text} at (38,0) size 16x15
                    text run at (38,0) width 16: "No"
                RenderBlock {P} at (7.19,48) size 92x16
                  RenderText {#text} at (38,0) size 16x15
                    text run at (38,0) width 16: "No"
                RenderBlock {P} at (7.19,64) size 92x16
                  RenderText {#text} at (36,0) size 20x15
                    text run at (36,0) width 20: "Yes"
                RenderBlock {P} at (7.19,80) size 92x16
                  RenderText {#text} at (44,0) size 4x15
                    text run at (44,0) width 4: " "
                RenderBlock {P} at (7.19,96) size 92x16
                  RenderText {#text} at (38,0) size 16x15
                    text run at (38,0) width 16: "No"
                  RenderInline {SPAN} at (0,0) size 0x15
                    RenderInline {O:P} at (0,0) size 0x15
            RenderTableRow {TR} at (0,3867) size 473x48
              RenderTableCell {TD} at (0,3867) size 98x16 [r=50 c=0 rs=1 cs=1]
                RenderBlock {P} at (7.19,0) size 84x16
                  RenderText {#text} at (36,0) size 12x15
                    text run at (36,0) width 12: "51"
                  RenderInline {SPAN} at (0,0) size 0x15
                    RenderInline {O:P} at (0,0) size 0x15
              RenderTableCell {TD} at (98,3867) size 170x48 [r=50 c=1 rs=1 cs=1]
                RenderBlock {P} at (7.19,0) size 156x16
                  RenderText {#text} at (0,0) size 78x15
                    text run at (0,0) width 78: "Robert Barnett"
                RenderBlock {P} at (7.19,16) size 156x16
                  RenderText {#text} at (0,0) size 72x15
                    text run at (0,0) width 72: "Jim Mahoney"
                RenderBlock {P} at (7.19,32) size 156x16
                  RenderText {#text} at (0,0) size 88x15
                    text run at (0,0) width 88: "Jason Anderson"
                  RenderInline {SPAN} at (0,0) size 0x15
                    RenderInline {O:P} at (0,0) size 0x15
              RenderTableCell {TD} at (268,3867) size 99x48 [r=50 c=2 rs=1 cs=1]
                RenderBlock {P} at (7.19,0) size 85x16
                  RenderText {#text} at (32,0) size 21x15
                    text run at (32,0) width 21: "Yes"
                RenderBlock {P} at (7.19,16) size 85x16
                  RenderText {#text} at (32,0) size 21x15
                    text run at (32,0) width 21: "Yes"
                RenderBlock {P} at (7.19,32) size 85x16
                  RenderText {#text} at (32,0) size 21x15
                    text run at (32,0) width 21: "Yes"
                  RenderInline {SPAN} at (0,0) size 1x15
                    RenderInline {O:P} at (0,0) size 1x15
              RenderTableCell {TD} at (367,3867) size 106x48 [r=50 c=3 rs=1 cs=1]
                RenderBlock {P} at (7.19,0) size 92x16
                  RenderInline {SPAN} at (0,0) size 16x15
                    RenderText {#text} at (38,0) size 16x15
                      text run at (38,0) width 16: "No"
                    RenderInline {O:P} at (0,0) size 0x15
                RenderBlock {P} at (7.19,16) size 92x16
                  RenderInline {SPAN} at (0,0) size 20x15
                    RenderText {#text} at (36,0) size 20x15
                      text run at (36,0) width 20: "Yes"
                RenderBlock {P} at (7.19,32) size 92x16
                  RenderInline {SPAN} at (0,0) size 16x15
                    RenderText {#text} at (38,0) size 16x15
                      text run at (38,0) width 16: "No"
                  RenderInline {SPAN} at (0,0) size 0x15
                    RenderInline {O:P} at (0,0) size 0x15
            RenderTableRow {TR} at (0,3915) size 473x80
              RenderTableCell {TD} at (0,3915) size 98x16 [r=51 c=0 rs=1 cs=1]
                RenderBlock {P} at (7.19,0) size 84x16
                  RenderText {#text} at (36,0) size 12x15
                    text run at (36,0) width 12: "52"
                  RenderInline {SPAN} at (0,0) size 0x15
                    RenderInline {O:P} at (0,0) size 0x15
              RenderTableCell {TD} at (98,3915) size 170x80 [r=51 c=1 rs=1 cs=1]
                RenderBlock {P} at (7.19,0) size 156x16
                  RenderText {#text} at (0,0) size 59x15
                    text run at (0,0) width 59: "Mike West"
                  RenderInline {SPAN} at (0,0) size 0x15
                    RenderInline {O:P} at (0,0) size 0x15
                RenderBlock {P} at (7.19,16) size 156x16
                  RenderText {#text} at (0,0) size 81x15
                    text run at (0,0) width 81: "Robert Frogner"
                RenderBlock {P} at (7.19,32) size 156x16
                  RenderText {#text} at (0,0) size 86x15
                    text run at (0,0) width 86: "Chris McDowell"
                RenderBlock {P} at (7.19,48) size 156x16
                  RenderText {#text} at (0,0) size 53x15
                    text run at (0,0) width 53: "Ed Cypret"
                RenderBlock {P} at (7.19,64) size 156x16
                  RenderText {#text} at (0,0) size 66x15
                    text run at (0,0) width 66: "Dale Barnett"
                  RenderInline {SPAN} at (0,0) size 0x15
                    RenderInline {O:P} at (0,0) size 0x15
              RenderTableCell {TD} at (268,3915) size 99x80 [r=51 c=2 rs=1 cs=1]
                RenderBlock {P} at (7.19,0) size 85x16
                  RenderText {#text} at (32,0) size 21x15
                    text run at (32,0) width 21: "Yes"
                  RenderInline {SPAN} at (0,0) size 1x15
                    RenderInline {O:P} at (0,0) size 1x15
                RenderBlock {P} at (7.19,16) size 85x16
                  RenderText {#text} at (32,0) size 21x15
                    text run at (32,0) width 21: "Yes"
                RenderBlock {P} at (7.19,32) size 85x16
                  RenderText {#text} at (32,0) size 21x15
                    text run at (32,0) width 21: "Yes"
                RenderBlock {P} at (7.19,48) size 85x16
                  RenderText {#text} at (41,0) size 3x15
                    text run at (41,0) width 3: " "
                RenderBlock {P} at (7.19,64) size 85x16
                  RenderText {#text} at (32,0) size 21x15
                    text run at (32,0) width 21: "Yes"
                  RenderInline {SPAN} at (0,0) size 1x15
                    RenderInline {O:P} at (0,0) size 1x15
              RenderTableCell {TD} at (367,3915) size 106x80 [r=51 c=3 rs=1 cs=1]
                RenderBlock {P} at (7.19,0) size 92x16
                  RenderText {#text} at (36,0) size 20x15
                    text run at (36,0) width 20: "Yes"
                  RenderInline {SPAN} at (0,0) size 0x15
                    RenderInline {O:P} at (0,0) size 0x15
                RenderBlock {P} at (7.19,16) size 92x16
                  RenderText {#text} at (38,0) size 16x15
                    text run at (38,0) width 16: "No"
                RenderBlock {P} at (7.19,32) size 92x16
                  RenderText {#text} at (38,0) size 16x15
                    text run at (38,0) width 16: "No"
                RenderBlock {P} at (7.19,48) size 92x16
                  RenderText {#text} at (44,0) size 4x15
                    text run at (44,0) width 4: " "
                RenderBlock {P} at (7.19,64) size 92x16
                  RenderText {#text} at (38,0) size 16x15
                    text run at (38,0) width 16: "No"
                  RenderInline {SPAN} at (0,0) size 0x15
                    RenderInline {O:P} at (0,0) size 0x15
            RenderTableRow {TR} at (0,3995) size 473x80
              RenderTableCell {TD} at (0,3995) size 98x16 [r=52 c=0 rs=1 cs=1]
                RenderBlock {P} at (7.19,0) size 84x16
                  RenderText {#text} at (36,0) size 12x15
                    text run at (36,0) width 12: "53"
                  RenderInline {SPAN} at (0,0) size 0x15
                    RenderInline {O:P} at (0,0) size 0x15
              RenderTableCell {TD} at (98,3995) size 170x80 [r=52 c=1 rs=1 cs=1]
                RenderBlock {P} at (7.19,0) size 156x16
                  RenderText {#text} at (0,0) size 81x15
                    text run at (0,0) width 81: "Alberto Lanzas"
                  RenderInline {SPAN} at (0,0) size 0x15
                    RenderInline {O:P} at (0,0) size 0x15
                RenderBlock {P} at (7.19,16) size 156x16
                  RenderText {#text} at (0,0) size 66x15
                    text run at (0,0) width 66: "Bill Johnson"
                RenderBlock {P} at (7.19,32) size 156x16
                  RenderText {#text} at (0,0) size 43x15
                    text run at (0,0) width 43: "Al Wert"
                RenderBlock {P} at (7.19,48) size 156x16
                  RenderText {#text} at (0,0) size 66x15
                    text run at (0,0) width 66: "Dale Barnett"
                RenderBlock {P} at (7.19,64) size 156x16
                  RenderText {#text} at (0,0) size 101x15
                    text run at (0,0) width 101: "Ramin Khoshnevis"
                  RenderInline {SPAN} at (0,0) size 0x15
                    RenderInline {O:P} at (0,0) size 0x15
              RenderTableCell {TD} at (268,3995) size 99x80 [r=52 c=2 rs=1 cs=1]
                RenderBlock {P} at (7.19,0) size 85x16
                  RenderText {#text} at (32,0) size 21x15
                    text run at (32,0) width 21: "Yes"
                  RenderInline {SPAN} at (0,0) size 1x15
                    RenderInline {O:P} at (0,0) size 1x15
                RenderBlock {P} at (7.19,16) size 85x16
                  RenderText {#text} at (32,0) size 21x15
                    text run at (32,0) width 21: "Yes"
                RenderBlock {P} at (7.19,32) size 85x16
                  RenderText {#text} at (34,0) size 17x15
                    text run at (34,0) width 17: "No"
                RenderBlock {P} at (7.19,48) size 85x16
                  RenderText {#text} at (32,0) size 21x15
                    text run at (32,0) width 21: "Yes"
                RenderBlock {P} at (7.19,64) size 85x16
                  RenderText {#text} at (32,0) size 21x15
                    text run at (32,0) width 21: "Yes"
                  RenderInline {SPAN} at (0,0) size 1x15
                    RenderInline {O:P} at (0,0) size 1x15
              RenderTableCell {TD} at (367,3995) size 106x80 [r=52 c=3 rs=1 cs=1]
                RenderBlock {P} at (7.19,0) size 92x16
                  RenderText {#text} at (36,0) size 20x15
                    text run at (36,0) width 20: "Yes"
                  RenderInline {SPAN} at (0,0) size 0x15
                    RenderInline {O:P} at (0,0) size 0x15
                RenderBlock {P} at (7.19,16) size 92x16
                  RenderText {#text} at (38,0) size 16x15
                    text run at (38,0) width 16: "No"
                RenderBlock {P} at (7.19,32) size 92x16
                  RenderText {#text} at (36,0) size 20x15
                    text run at (36,0) width 20: "Yes"
                RenderBlock {P} at (7.19,48) size 92x16
                  RenderText {#text} at (38,0) size 16x15
                    text run at (38,0) width 16: "No"
                RenderBlock {P} at (7.19,64) size 92x16
                  RenderText {#text} at (38,0) size 16x15
                    text run at (38,0) width 16: "No"
                  RenderInline {SPAN} at (0,0) size 0x15
                    RenderInline {O:P} at (0,0) size 0x15
            RenderTableRow {TR} at (0,4075) size 473x112
              RenderTableCell {TD} at (0,4075) size 98x16 [r=53 c=0 rs=1 cs=1]
                RenderBlock {P} at (7.19,0) size 84x16
                  RenderText {#text} at (36,0) size 12x15
                    text run at (36,0) width 12: "54"
                  RenderInline {SPAN} at (0,0) size 0x15
                    RenderInline {O:P} at (0,0) size 0x15
              RenderTableCell {TD} at (98,4075) size 170x112 [r=53 c=1 rs=1 cs=1]
                RenderBlock {P} at (7.19,0) size 156x16
                  RenderText {#text} at (0,0) size 73x15
                    text run at (0,0) width 73: "Gene Langley"
                RenderBlock {P} at (7.19,16) size 156x16
                  RenderText {#text} at (0,0) size 66x15
                    text run at (0,0) width 66: "Bill Johnson"
                RenderBlock {P} at (7.19,32) size 156x16
                  RenderText {#text} at (0,0) size 52x15
                    text run at (0,0) width 52: "Mark Diel"
                RenderBlock {P} at (7.19,48) size 156x16
                  RenderText {#text} at (0,0) size 60x15
                    text run at (0,0) width 60: "Jerry Davis"
                RenderBlock {P} at (7.19,64) size 156x16
                  RenderText {#text} at (0,0) size 55x15
                    text run at (0,0) width 55: "Peter Starr"
                RenderBlock {P} at (7.19,80) size 156x16
                  RenderText {#text} at (0,0) size 83x15
                    text run at (0,0) width 83: "John Yearwood"
                RenderBlock {P} at (7.19,96) size 156x16
                  RenderText {#text} at (0,0) size 63x15
                    text run at (0,0) width 63: "Scott Hersh"
                  RenderInline {SPAN} at (0,0) size 0x15
                    RenderInline {O:P} at (0,0) size 0x15
              RenderTableCell {TD} at (268,4075) size 99x112 [r=53 c=2 rs=1 cs=1]
                RenderBlock {P} at (7.19,0) size 85x16
                  RenderText {#text} at (32,0) size 21x15
                    text run at (32,0) width 21: "Yes"
                RenderBlock {P} at (7.19,16) size 85x16
                  RenderText {#text} at (32,0) size 21x15
                    text run at (32,0) width 21: "Yes"
                RenderBlock {P} at (7.19,32) size 85x16
                  RenderText {#text} at (41,0) size 3x15
                    text run at (41,0) width 3: " "
                RenderBlock {P} at (7.19,48) size 85x16
                  RenderText {#text} at (32,0) size 21x15
                    text run at (32,0) width 21: "Yes"
                RenderBlock {P} at (7.19,64) size 85x16
                  RenderText {#text} at (41,0) size 3x15
                    text run at (41,0) width 3: " "
                RenderBlock {P} at (7.19,80) size 85x16
                  RenderText {#text} at (32,0) size 21x15
                    text run at (32,0) width 21: "Yes"
                RenderBlock {P} at (7.19,96) size 85x16
                  RenderText {#text} at (32,0) size 21x15
                    text run at (32,0) width 21: "Yes"
                  RenderInline {SPAN} at (0,0) size 1x15
                    RenderInline {O:P} at (0,0) size 1x15
              RenderTableCell {TD} at (367,4075) size 106x112 [r=53 c=3 rs=1 cs=1]
                RenderBlock {P} at (7.19,0) size 92x16
                  RenderText {#text} at (7,0) size 78x15
                    text run at (7,0) width 78: "Gyro wannabe"
                RenderBlock {P} at (7.19,16) size 92x16
                  RenderText {#text} at (38,0) size 16x15
                    text run at (38,0) width 16: "No"
                RenderBlock {P} at (7.19,32) size 92x16
                  RenderText {#text} at (44,0) size 4x15
                    text run at (44,0) width 4: " "
                RenderBlock {P} at (7.19,48) size 92x16
                  RenderText {#text} at (38,0) size 16x15
                    text run at (38,0) width 16: "No"
                RenderBlock {P} at (7.19,64) size 92x16
                  RenderText {#text} at (44,0) size 4x15
                    text run at (44,0) width 4: " "
                RenderBlock {P} at (7.19,80) size 92x16
                  RenderText {#text} at (38,0) size 16x15
                    text run at (38,0) width 16: "No"
                RenderBlock {P} at (7.19,96) size 92x16
                  RenderText {#text} at (38,0) size 16x15
                    text run at (38,0) width 16: "No"
                  RenderInline {SPAN} at (0,0) size 0x15
                    RenderInline {O:P} at (0,0) size 0x15
            RenderTableRow {TR} at (0,4187) size 473x48
              RenderTableCell {TD} at (0,4187) size 98x16 [r=54 c=0 rs=1 cs=1]
                RenderBlock {P} at (7.19,0) size 84x16
                  RenderText {#text} at (36,0) size 12x15
                    text run at (36,0) width 12: "55"
                  RenderInline {SPAN} at (0,0) size 0x15
                    RenderInline {O:P} at (0,0) size 0x15
              RenderTableCell {TD} at (98,4187) size 170x48 [r=54 c=1 rs=1 cs=1]
                RenderBlock {P} at (7.19,0) size 156x16
                  RenderText {#text} at (0,0) size 81x15
                    text run at (0,0) width 81: "Alberto Lanzas"
                  RenderInline {SPAN} at (0,0) size 0x15
                    RenderInline {O:P} at (0,0) size 0x15
                RenderBlock {P} at (7.19,16) size 156x16
                  RenderText {#text} at (0,0) size 57x15
                    text run at (0,0) width 57: "Bob Roger"
                RenderBlock {P} at (7.19,32) size 156x16
                  RenderText {#text} at (0,0) size 73x15
                    text run at (0,0) width 73: "Randy StClair"
                  RenderInline {SPAN} at (0,0) size 0x15
                    RenderInline {O:P} at (0,0) size 0x15
              RenderTableCell {TD} at (268,4187) size 99x48 [r=54 c=2 rs=1 cs=1]
                RenderBlock {P} at (7.19,0) size 85x16
                  RenderText {#text} at (32,0) size 21x15
                    text run at (32,0) width 21: "Yes"
                  RenderInline {SPAN} at (0,0) size 1x15
                    RenderInline {O:P} at (0,0) size 1x15
                RenderBlock {P} at (7.19,16) size 85x16
                  RenderText {#text} at (32,0) size 21x15
                    text run at (32,0) width 21: "Yes"
                RenderBlock {P} at (7.19,32) size 85x16
                  RenderText {#text} at (32,0) size 21x15
                    text run at (32,0) width 21: "Yes"
                  RenderInline {SPAN} at (0,0) size 1x15
                    RenderInline {O:P} at (0,0) size 1x15
              RenderTableCell {TD} at (367,4187) size 106x48 [r=54 c=3 rs=1 cs=1]
                RenderBlock {P} at (7.19,0) size 92x16
                  RenderText {#text} at (36,0) size 20x15
                    text run at (36,0) width 20: "Yes"
                  RenderInline {SPAN} at (0,0) size 0x15
                    RenderInline {O:P} at (0,0) size 0x15
                RenderBlock {P} at (7.19,16) size 92x16
                  RenderText {#text} at (38,0) size 16x15
                    text run at (38,0) width 16: "No"
                RenderBlock {P} at (7.19,32) size 92x16
                  RenderText {#text} at (38,0) size 16x15
                    text run at (38,0) width 16: "No"
                  RenderInline {SPAN} at (0,0) size 0x15
                    RenderInline {O:P} at (0,0) size 0x15
            RenderTableRow {TR} at (0,4235) size 473x80
              RenderTableCell {TD} at (0,4235) size 98x16 [r=55 c=0 rs=1 cs=1]
                RenderBlock {P} at (7.19,0) size 84x16
                  RenderText {#text} at (36,0) size 12x15
                    text run at (36,0) width 12: "56"
                  RenderInline {SPAN} at (0,0) size 0x15
                    RenderInline {O:P} at (0,0) size 0x15
              RenderTableCell {TD} at (98,4235) size 170x80 [r=55 c=1 rs=1 cs=1]
                RenderBlock {P} at (7.19,0) size 156x16
                  RenderText {#text} at (0,0) size 77x15
                    text run at (0,0) width 77: "Mark Glanville"
                RenderBlock {P} at (7.19,16) size 156x16
                  RenderText {#text} at (0,0) size 68x15
                    text run at (0,0) width 68: "Steve Gilbert"
                RenderBlock {P} at (7.19,32) size 156x16
                  RenderText {#text} at (0,0) size 60x15
                    text run at (0,0) width 60: "Jerry Davis"
                RenderBlock {P} at (7.19,48) size 156x16
                  RenderText {#text} at (0,0) size 64x15
                    text run at (0,0) width 64: "Rich Saunef"
                RenderBlock {P} at (7.19,64) size 156x16
                  RenderText {#text} at (0,0) size 68x15
                    text run at (0,0) width 68: "Harald Close"
                  RenderInline {SPAN} at (0,0) size 0x15
                    RenderInline {O:P} at (0,0) size 0x15
              RenderTableCell {TD} at (268,4235) size 99x80 [r=55 c=2 rs=1 cs=1]
                RenderBlock {P} at (7.19,0) size 85x16
                  RenderText {#text} at (32,0) size 21x15
                    text run at (32,0) width 21: "Yes"
                RenderBlock {P} at (7.19,16) size 85x16
                  RenderText {#text} at (32,0) size 21x15
                    text run at (32,0) width 21: "Yes"
                RenderBlock {P} at (7.19,32) size 85x16
                  RenderText {#text} at (32,0) size 21x15
                    text run at (32,0) width 21: "Yes"
                RenderBlock {P} at (7.19,48) size 85x16
                  RenderText {#text} at (32,0) size 21x15
                    text run at (32,0) width 21: "Yes"
                RenderBlock {P} at (7.19,64) size 85x16
                  RenderText {#text} at (32,0) size 21x15
                    text run at (32,0) width 21: "Yes"
                  RenderInline {SPAN} at (0,0) size 1x15
                    RenderInline {O:P} at (0,0) size 1x15
              RenderTableCell {TD} at (367,4235) size 106x80 [r=55 c=3 rs=1 cs=1]
                RenderBlock {P} at (7.19,0) size 92x16
                  RenderText {#text} at (38,0) size 16x15
                    text run at (38,0) width 16: "No"
                RenderBlock {P} at (7.19,16) size 92x16
                  RenderText {#text} at (38,0) size 16x15
                    text run at (38,0) width 16: "No"
                RenderBlock {P} at (7.19,32) size 92x16
                  RenderText {#text} at (38,0) size 16x15
                    text run at (38,0) width 16: "No"
                RenderBlock {P} at (7.19,48) size 92x16
                  RenderText {#text} at (38,0) size 16x15
                    text run at (38,0) width 16: "No"
                RenderBlock {P} at (7.19,64) size 92x16
                  RenderText {#text} at (38,0) size 16x15
                    text run at (38,0) width 16: "No"
                  RenderInline {SPAN} at (0,0) size 0x15
                    RenderInline {O:P} at (0,0) size 0x15
            RenderTableRow {TR} at (0,4315) size 473x48
              RenderTableCell {TD} at (0,4315) size 98x16 [r=56 c=0 rs=1 cs=1]
                RenderBlock {P} at (7.19,0) size 84x16
                  RenderText {#text} at (36,0) size 12x15
                    text run at (36,0) width 12: "57"
                  RenderInline {SPAN} at (0,0) size 0x15
                    RenderInline {O:P} at (0,0) size 0x15
              RenderTableCell {TD} at (98,4315) size 170x48 [r=56 c=1 rs=1 cs=1]
                RenderBlock {P} at (7.19,0) size 156x16
                  RenderText {#text} at (0,0) size 57x15
                    text run at (0,0) width 57: "Bob Roger"
                RenderBlock {P} at (7.19,16) size 156x16
                  RenderText {#text} at (0,0) size 67x15
                    text run at (0,0) width 67: "Rich Burnett"
                RenderBlock {P} at (7.19,32) size 156x16
                  RenderText {#text} at (0,0) size 65x15
                    text run at (0,0) width 65: "David Dunn"
                  RenderInline {SPAN} at (0,0) size 0x15
                    RenderInline {O:P} at (0,0) size 0x15
              RenderTableCell {TD} at (268,4315) size 99x16 [r=56 c=2 rs=1 cs=1]
                RenderBlock {P} at (7.19,0) size 85x16
                  RenderText {#text} at (32,0) size 21x15
                    text run at (32,0) width 21: "Yes"
                  RenderInline {SPAN} at (0,0) size 1x15
                    RenderInline {O:P} at (0,0) size 1x15
              RenderTableCell {TD} at (367,4315) size 106x16 [r=56 c=3 rs=1 cs=1]
                RenderBlock {P} at (7.19,0) size 92x16
                  RenderText {#text} at (38,0) size 16x15
                    text run at (38,0) width 16: "No"
                  RenderInline {SPAN} at (0,0) size 0x15
                    RenderInline {O:P} at (0,0) size 0x15
            RenderTableRow {TR} at (0,4363) size 473x64
              RenderTableCell {TD} at (0,4363) size 98x16 [r=57 c=0 rs=1 cs=1]
                RenderBlock {P} at (7.19,0) size 84x16
                  RenderText {#text} at (36,0) size 12x15
                    text run at (36,0) width 12: "58"
                  RenderInline {SPAN} at (0,0) size 0x15
                    RenderInline {O:P} at (0,0) size 0x15
              RenderTableCell {TD} at (98,4363) size 170x64 [r=57 c=1 rs=1 cs=1]
                RenderBlock {P} at (7.19,0) size 156x16
                  RenderText {#text} at (0,0) size 90x15
                    text run at (0,0) width 90: "Ian + Brad Carter"
                  RenderInline {SPAN} at (0,0) size 0x15
                    RenderInline {O:P} at (0,0) size 0x15
                RenderBlock {P} at (7.19,16) size 156x16
                  RenderText {#text} at (0,0) size 66x15
                    text run at (0,0) width 66: "Bill Johnson"
                RenderBlock {P} at (7.19,32) size 156x16
                  RenderText {#text} at (0,0) size 74x15
                    text run at (0,0) width 74: "Chuck Pringle"
                RenderBlock {P} at (7.19,48) size 156x16
                  RenderText {#text} at (0,0) size 65x15
                    text run at (0,0) width 65: "David Dunn"
                  RenderInline {SPAN} at (0,0) size 0x15
                    RenderInline {O:P} at (0,0) size 0x15
              RenderTableCell {TD} at (268,4363) size 99x48 [r=57 c=2 rs=1 cs=1]
                RenderBlock {P} at (7.19,0) size 85x16
                  RenderText {#text} at (32,0) size 21x15
                    text run at (32,0) width 21: "Yes"
                  RenderInline {SPAN} at (0,0) size 1x15
                    RenderInline {O:P} at (0,0) size 1x15
                RenderBlock {P} at (7.19,16) size 85x16
                  RenderText {#text} at (32,0) size 21x15
                    text run at (32,0) width 21: "Yes"
                RenderBlock {P} at (7.19,32) size 85x16
                  RenderText {#text} at (32,0) size 21x15
                    text run at (32,0) width 21: "Yes"
                  RenderInline {SPAN} at (0,0) size 1x15
                    RenderInline {O:P} at (0,0) size 1x15
              RenderTableCell {TD} at (367,4363) size 106x48 [r=57 c=3 rs=1 cs=1]
                RenderBlock {P} at (7.19,0) size 92x16
                  RenderText {#text} at (38,0) size 16x15
                    text run at (38,0) width 16: "No"
                  RenderInline {SPAN} at (0,0) size 0x15
                    RenderInline {O:P} at (0,0) size 0x15
                RenderBlock {P} at (7.19,16) size 92x16
                  RenderText {#text} at (38,0) size 16x15
                    text run at (38,0) width 16: "No"
                RenderBlock {P} at (7.19,32) size 92x16
                  RenderText {#text} at (38,0) size 16x15
                    text run at (38,0) width 16: "No"
                  RenderInline {SPAN} at (0,0) size 0x15
                    RenderInline {O:P} at (0,0) size 0x15
            RenderTableRow {TR} at (0,4427) size 473x32
              RenderTableCell {TD} at (0,4427) size 98x16 [r=58 c=0 rs=1 cs=1]
                RenderBlock {P} at (7.19,0) size 84x16
                  RenderText {#text} at (36,0) size 12x15
                    text run at (36,0) width 12: "59"
                  RenderInline {SPAN} at (0,0) size 0x15
                    RenderInline {O:P} at (0,0) size 0x15
              RenderTableCell {TD} at (98,4427) size 170x32 [r=58 c=1 rs=1 cs=1]
                RenderBlock {P} at (7.19,0) size 156x16
                  RenderText {#text} at (0,0) size 57x15
                    text run at (0,0) width 57: "Bob Roger"
                RenderBlock {P} at (7.19,16) size 156x16
                  RenderText {#text} at (0,0) size 67x15
                    text run at (0,0) width 67: "Rich Burnett"
                  RenderInline {SPAN} at (0,0) size 0x15
                    RenderInline {O:P} at (0,0) size 0x15
              RenderTableCell {TD} at (268,4427) size 99x16 [r=58 c=2 rs=1 cs=1]
                RenderBlock {P} at (7.19,0) size 85x16
                  RenderText {#text} at (32,0) size 21x15
                    text run at (32,0) width 21: "Yes"
                  RenderInline {SPAN} at (0,0) size 1x15
                    RenderInline {O:P} at (0,0) size 1x15
              RenderTableCell {TD} at (367,4427) size 106x16 [r=58 c=3 rs=1 cs=1]
                RenderBlock {P} at (7.19,0) size 92x16
                  RenderText {#text} at (38,0) size 16x15
                    text run at (38,0) width 16: "No"
                  RenderInline {SPAN} at (0,0) size 0x15
                    RenderInline {O:P} at (0,0) size 0x15
            RenderTableRow {TR} at (0,4459) size 473x64
              RenderTableCell {TD} at (0,4459) size 98x16 [r=59 c=0 rs=1 cs=1]
                RenderBlock {P} at (7.19,0) size 84x16
                  RenderText {#text} at (36,0) size 12x15
                    text run at (36,0) width 12: "60"
                  RenderInline {SPAN} at (0,0) size 0x15
                    RenderInline {O:P} at (0,0) size 0x15
              RenderTableCell {TD} at (98,4459) size 170x64 [r=59 c=1 rs=1 cs=1]
                RenderBlock {P} at (7.19,0) size 156x16
                  RenderText {#text} at (0,0) size 66x15
                    text run at (0,0) width 66: "Bill Johnson"
                RenderBlock {P} at (7.19,16) size 156x16
                  RenderText {#text} at (0,0) size 89x15
                    text run at (0,0) width 89: "Vladimir Dvorkin"
                RenderBlock {P} at (7.19,32) size 156x16
                  RenderText {#text} at (0,0) size 51x15
                    text run at (0,0) width 51: "Ken Price"
                RenderBlock {P} at (7.19,48) size 156x16
                  RenderText {#text} at (0,0) size 87x15
                    text run at (0,0) width 87: "Rick Rasmussen"
                  RenderInline {SPAN} at (0,0) size 0x15
                    RenderInline {O:P} at (0,0) size 0x15
              RenderTableCell {TD} at (268,4459) size 99x32 [r=59 c=2 rs=1 cs=1]
                RenderBlock {P} at (7.19,0) size 85x16
                  RenderText {#text} at (32,0) size 21x15
                    text run at (32,0) width 21: "Yes"
                RenderBlock {P} at (7.19,16) size 85x16
                  RenderText {#text} at (34,0) size 17x15
                    text run at (34,0) width 17: "No"
                  RenderInline {SPAN} at (0,0) size 1x15
                    RenderInline {O:P} at (0,0) size 1x15
              RenderTableCell {TD} at (367,4459) size 106x32 [r=59 c=3 rs=1 cs=1]
                RenderBlock {P} at (7.19,0) size 92x16
                  RenderText {#text} at (38,0) size 16x15
                    text run at (38,0) width 16: "No"
                RenderBlock {P} at (7.19,16) size 92x16
                  RenderText {#text} at (36,0) size 20x15
                    text run at (36,0) width 20: "Yes"
                  RenderInline {SPAN} at (0,0) size 0x15
                    RenderInline {O:P} at (0,0) size 0x15
        RenderBlock {P} at (0,4541) size 769x16
          RenderInline {SPAN} at (0,0) size 3x15
            RenderText {#text} at (0,0) size 3x15
              text run at (0,0) width 3: " "
        RenderBlock {P} at (0,4557) size 769x16
          RenderText {#text} at (0,0) size 3x15
            text run at (0,0) width 3: " "
        RenderBlock {P} at (0,4573) size 769x16
          RenderText {#text} at (0,0) size 3x15
            text run at (0,0) width 3: " "
      RenderBlock {P} at (0,4589) size 769x16
        RenderText {#text} at (383,0) size 3x15
          text run at (383,0) width 3: " "
