layer at (0,0) size 785x870
  RenderView at (0,0) size 785x600
layer at (0,0) size 785x616
  RenderBlock {HTML} at (0,0) size 785x616
    RenderBody {BODY} at (8,16) size 769x592
      RenderBlock {P} at (0,0) size 769x18
        RenderText {#text} at (0,0) size 356x17
          text run at (0,0) width 356: "Test overlay cast button rendering on light background."
      RenderBlock {DIV} at (0,34) size 769x292
        RenderText {#text} at (0,0) size 0x0
      RenderBlock {DIV} at (0,326) size 769x266
        RenderText {#text} at (0,0) size 0x0
      RenderBlock {DIV} at (0,592) size 769x0
layer at (8,50) size 352x288
  RenderVideo {VIDEO} at (0,0) size 352x288
layer at (8,342) size 320x262
  RenderVideo {VIDEO} at (0,0) size 320x262
layer at (8,50) size 352x288
  RenderFlexibleBox {DIV} at (0,0) size 352x288
    RenderBlock {DIV} at (0,253) size 352x35
layer at (8,50) size 352x253
  RenderFlexibleBox {DIV} at (0,0) size 352x253
layer at (26,63) size 30x30
  RenderButton {INPUT} at (17.59,12.64) size 30x30
layer at (8,342) size 320x262
  RenderFlexibleBox {DIV} at (0,0) size 320x262
    RenderBlock {DIV} at (0,227) size 320x35
layer at (8,342) size 320x227
  RenderFlexibleBox {DIV} at (0,0) size 320x227
layer at (24,353) size 30x30
  RenderButton {INPUT} at (16,11.34) size 30x30
layer at (8,608) size 320x262
  RenderVideo {VIDEO} at (8,608) size 320x262
layer at (8,608) size 320x262
  RenderFlexibleBox {DIV} at (0,0) size 320x262
    RenderBlock {DIV} at (0,227) size 320x35
layer at (8,608) size 320x227
  RenderFlexibleBox {DIV} at (0,0) size 320x227
layer at (24,619) size 30x30
  RenderButton {INPUT} at (16,11.34) size 30x30
