layer at (0,0) size 800x600
  RenderView at (0,0) size 800x600
layer at (0,0) size 800x600
  RenderBlock {HTML} at (0,0) size 800x600
    RenderBody {BODY} at (8,8) size 784x584
      RenderTable {TABLE} at (0,0) size 784x45
        RenderTableSection {TBODY} at (0,0) size 784x45
          RenderTableRow {TR} at (0,2) size 784x21
            RenderTableCell {TD} at (2,3) size 61x18 [r=0 c=0 rs=1 cs=1]
              RenderText {#text} at (1,1) size 37x16
                text run at (1,1) width 37: "URL:"
            RenderTableCell {TD} at (65,2) size 717x21 [r=0 c=1 rs=1 cs=1]
              RenderTextControl {INPUT} at (1,1) size 715x19 [bgcolor=#FFFFFF] [border: (2px inset #EEEEEE)]
          RenderTableRow {TR} at (0,25) size 784x18
            RenderTableCell {TD} at (2,25) size 780x18 [bgcolor=#FF0000] [r=1 c=0 rs=1 cs=2]
              RenderText {#text} at (1,1) size 257x16
                text run at (1,1) width 257: "Alongwordtogiveyouanicebigminwidth."
      RenderTable {TABLE} at (0,45) size 100x100 [bgcolor=#FF0000] [border: (2px outset #808080)]
        RenderTableSection {TBODY} at (2,2) size 96x96
          RenderTableRow {TR} at (0,2) size 96x92
            RenderTableCell {TD} at (2,46) size 92x4 [border: (1px inset #808080)] [r=0 c=0 rs=1 cs=1]
      RenderTable {TABLE} at (0,145) size 173x120 [border: (2px outset #808080)]
        RenderTableSection {TBODY} at (2,2) size 169x116
          RenderTableRow {TR} at (0,2) size 169x20
            RenderTableCell {TD} at (2,2) size 165x20 [border: (1px inset #808080)] [r=0 c=0 rs=1 cs=1]
              RenderText {#text} at (2,2) size 32x16
                text run at (2,2) width 32: "hello"
          RenderTableRow {TR} at (0,24) size 169x20
            RenderTableCell {TD} at (2,24) size 165x20 [border: (1px inset #808080)] [r=1 c=0 rs=1 cs=1]
              RenderText {#text} at (2,2) size 69x16
                text run at (2,2) width 69: "more hello"
          RenderTableRow {TR} at (0,46) size 169x20
            RenderTableCell {TD} at (2,46) size 165x20 [border: (1px inset #808080)] [r=2 c=0 rs=1 cs=1]
              RenderText {#text} at (2,2) size 38x16
                text run at (2,2) width 38: "world"
          RenderTableRow {TR} at (0,68) size 169x46
            RenderTableCell {TD} at (2,71) size 165x40 [border: (1px inset #808080)] [r=3 c=0 rs=1 cs=1]
              RenderText {#text} at (0,0) size 0x0
      RenderTable {TABLE} at (0,265) size 106x70
        RenderTableSection {TBODY} at (0,0) size 106x70
          RenderTableRow {TR} at (0,2) size 106x66
            RenderTableCell {TD} at (2,2) size 102x66 [r=0 c=0 rs=1 cs=1]
              RenderText {#text} at (1,1) size 88x64
                text run at (1,1) width 88: "I should wrap"
                text run at (1,17) width 82: "and not have"
                text run at (1,33) width 56: "nowrap. "
                text run at (56,33) width 7: "I"
                text run at (1,49) width 88: "really should."
      RenderTable {TABLE} at (0,335) size 106x70
        RenderTableSection {TBODY} at (0,0) size 106x70
          RenderTableRow {TR} at (0,2) size 106x66
            RenderTableCell {TD} at (2,2) size 102x66 [r=0 c=0 rs=1 cs=1]
              RenderBlock {DIV} at (1,1) size 100x64
                RenderText {#text} at (0,0) size 88x64
                  text run at (0,0) width 88: "I should wrap"
                  text run at (0,16) width 82: "and not have"
                  text run at (0,32) width 56: "nowrap. "
                  text run at (55,32) width 7: "I"
                  text run at (0,48) width 88: "really should."
      RenderTable {TABLE} at (0,405) size 375x22
        RenderTableSection {TBODY} at (0,0) size 375x22
          RenderTableRow {TR} at (0,2) size 375x18
            RenderTableCell {TD} at (2,2) size 371x18 [r=0 c=0 rs=1 cs=1]
              RenderText {#text} at (1,1) size 369x16
                text run at (1,1) width 147: "I should have nowrap. "
                text run at (147,1) width 101: "I really should. "
                text run at (247,1) width 123: "Definitely. Should."
      RenderTable {TABLE} at (0,427) size 375x22
        RenderTableSection {TBODY} at (0,0) size 375x22
          RenderTableRow {TR} at (0,2) size 375x18
            RenderTableCell {TD} at (2,2) size 371x18 [r=0 c=0 rs=1 cs=1]
              RenderBlock {DIV} at (1,1) size 369x16
                RenderText {#text} at (0,0) size 369x16
                  text run at (0,0) width 147: "I should have nowrap. "
                  text run at (146,0) width 101: "I really should. "
                  text run at (246,0) width 123: "Definitely. Should."
layer at (77,14) size 709x13
  RenderBlock {DIV} at (3,3) size 709x13
layer at (14,228) size 161x36 clip at (15,229) size 159x34
  RenderTextControl {TEXTAREA} at (2,2) size 161x36 [bgcolor=#FFFFFF] [border: (1px solid #000000)]
    RenderBlock {DIV} at (3,3) size 155x13
