layer at (0,0) size 800x600
  RenderView at (0,0) size 800x600
layer at (0,0) size 800x600
  RenderBlock {HTML} at (0,0) size 800x600
    RenderBody {BODY} at (8,8) size 784x584
      RenderTable {TABLE} at (0,0) size 770x80
        RenderTableSection {TBODY} at (0,0) size 770x80
          RenderTableRow {TR} at (0,0) size 770x16
            RenderTableCell {TD} at (0,32) size 130x16 [bgcolor=#008000] [r=0 c=0 rs=5 cs=1]
              RenderTable {TABLE} at (0,0) size 130x16
                RenderTableSection {TBODY} at (0,0) size 130x16
                  RenderTableRow {TR} at (0,0) size 130x16
                    RenderTableCell {TD} at (0,0) size 130x16 [r=0 c=0 rs=1 cs=1]
                      RenderImage {IMG} at (0,0) size 130x0
                      RenderBR {BR} at (130,0) size 0x0
                      RenderText {#text} at (0,0) size 8x16
                        text run at (0,0) width 8: "1"
            RenderTableCell {TD} at (130,36) size 1x7 [bgcolor=#FF0000] [r=0 c=1 rs=5 cs=1]
              RenderImage {IMG} at (0,0) size 1x7
            RenderTableCell {TD} at (131,0) size 280x16 [bgcolor=#800080] [r=0 c=2 rs=1 cs=1]
              RenderText {#text} at (0,0) size 8x16
                text run at (0,0) width 8: "3"
            RenderTableCell {TD} at (411,0) size 9x16 [bgcolor=#0000FF] [r=0 c=3 rs=1 cs=1]
              RenderText {#text} at (0,0) size 8x16
                text run at (0,0) width 8: "4"
            RenderTableCell {TD} at (420,0) size 350x16 [bgcolor=#FFA500] [r=0 c=4 rs=1 cs=1]
              RenderText {#text} at (0,0) size 8x16
                text run at (0,0) width 8: "5"
          RenderTableRow {TR} at (0,16) size 770x16
            RenderTableCell {TD} at (131,24) size 280x16 [bgcolor=#800080] [r=1 c=2 rs=2 cs=1]
              RenderImage {IMG} at (0,0) size 280x0
              RenderBR {BR} at (280,0) size 0x0
              RenderText {#text} at (0,0) size 8x16
                text run at (0,0) width 8: "3"
            RenderTableCell {TD} at (411,24) size 9x16 [bgcolor=#0000FF] [r=1 c=3 rs=2 cs=1]
              RenderText {#text} at (0,0) size 8x16
                text run at (0,0) width 8: "4"
            RenderTableCell {TD} at (420,16) size 350x16 [bgcolor=#FFA500] [r=1 c=4 rs=1 cs=1]
              RenderText {#text} at (0,0) size 8x16
                text run at (0,0) width 8: "5"
          RenderTableRow {TR} at (0,32) size 770x16
            RenderTableCell {TD} at (420,32) size 350x16 [r=2 c=4 rs=1 cs=1]
              RenderTable {TABLE} at (0,0) size 350x16 [bgcolor=#FFA500]
                RenderTableSection {TBODY} at (0,0) size 350x16
                  RenderTableRow {TR} at (0,0) size 350x16
                    RenderTableCell {TD} at (0,0) size 273x16 [r=0 c=0 rs=1 cs=1]
                      RenderImage {IMG} at (0,0) size 267x0
                      RenderBR {BR} at (267,0) size 0x0
                      RenderText {#text} at (0,0) size 8x16
                        text run at (0,0) width 8: "5"
                    RenderTableCell {TD} at (273,8) size 77x0 [r=0 c=1 rs=1 cs=1]
                      RenderImage {IMG} at (0,0) size 77x0
          RenderTableRow {TR} at (0,48) size 770x16
            RenderTableCell {TD} at (131,48) size 280x16 [bgcolor=#800080] [r=3 c=2 rs=1 cs=1]
              RenderText {#text} at (0,0) size 8x16
                text run at (0,0) width 8: "3"
            RenderTableCell {TD} at (411,48) size 9x16 [bgcolor=#0000FF] [r=3 c=3 rs=1 cs=1]
              RenderText {#text} at (0,0) size 8x16
                text run at (0,0) width 8: "4"
            RenderTableCell {TD} at (420,48) size 350x16 [bgcolor=#FFA500] [r=3 c=4 rs=1 cs=1]
              RenderText {#text} at (0,0) size 8x16
                text run at (0,0) width 8: "5"
          RenderTableRow {TR} at (0,64) size 770x16
            RenderTableCell {TD} at (131,64) size 280x16 [bgcolor=#800080] [r=4 c=2 rs=1 cs=1]
              RenderText {#text} at (0,0) size 8x16
                text run at (0,0) width 8: "3"
            RenderTableCell {TD} at (411,64) size 9x16 [bgcolor=#0000FF] [r=4 c=3 rs=1 cs=1]
              RenderText {#text} at (0,0) size 8x16
                text run at (0,0) width 8: "4"
            RenderTableCell {TD} at (420,64) size 350x16 [bgcolor=#FFA500] [r=4 c=4 rs=1 cs=1]
              RenderText {#text} at (0,0) size 8x16
                text run at (0,0) width 8: "5"
