layer at (0,0) size 800x600
  RenderView at (0,0) size 800x600
layer at (0,0) size 800x600
  RenderBlock {HTML} at (0,0) size 800x600
    RenderBody {BODY} at (8,8) size 784x584
      RenderTable {TABLE} at (0,0) size 784x96 [bgcolor=#808000]
        RenderTableSection {TBODY} at (0,0) size 784x96
          RenderTableRow {TR} at (0,0) size 784x96
            RenderTableCell {TD} at (0,0) size 74x96 [r=0 c=0 rs=1 cs=1]
              RenderText {#text} at (0,0) size 74x96
                text run at (0,0) width 54: "Dorothy"
                text run at (0,16) width 74: "Rothschild:"
                text run at (0,32) width 37: "Love,"
                text run at (0,48) width 60: "curiosity,"
                text run at (0,64) width 51: "freckles"
                text run at (0,80) width 24: "and"
            RenderTableCell {TD} at (74,0) size 710x16 [bgcolor=#008000] [r=0 c=1 rs=1 cs=1]
              RenderText {#text} at (0,0) size 200x16
                text run at (0,0) width 200: "Animal Friends Rescue Project"
