layer at (0,0) size 800x600
  RenderView at (0,0) size 800x600
layer at (0,0) size 800x600
  RenderBlock {HTML} at (0,0) size 800x600
    RenderBody {BODY} at (8,8) size 784x584
      RenderTable {TABLE} at (0,0) size 744x48 [border: (1px outset #808080)]
        RenderTableSection {TBODY} at (1,1) size 742x46
          RenderTableRow {TR} at (0,2) size 742x42
            RenderTableCell {TD} at (2,2) size 238x42 [border: (1px inset #808080)] [r=0 c=0 rs=1 cs=1]
              RenderTable {TABLE} at (2,2) size 234x38
                RenderTableSection {TBODY} at (0,0) size 234x38
                  RenderTableRow {TR} at (0,2) size 234x34
                    RenderTableCell {TD} at (2,2) size 230x34 [r=0 c=0 rs=1 cs=1]
                      RenderText {#text} at (1,1) size 192x32
                        text run at (1,1) width 192: "This is the first column. It has"
                        text run at (1,17) width 96: "some text in it."
            RenderTableCell {TD} at (242,2) size 498x42 [border: (1px inset #808080)] [r=0 c=1 rs=1 cs=1]
              RenderTable {TABLE} at (2,2) size 494x38
                RenderTableSection {TBODY} at (0,0) size 494x38
                  RenderTableRow {TR} at (0,2) size 494x34
                    RenderTableCell {TD} at (2,2) size 490x34 [r=0 c=0 rs=1 cs=1]
                      RenderText {#text} at (1,1) size 472x32
                        text run at (1,1) width 176: "This is the second column. "
                        text run at (176,1) width 297: "It has a lot more content than the first column."
                        text run at (1,17) width 141: "That shouldn't matter."
