layer at (0,0) size 785x672
  RenderView at (0,0) size 785x600
layer at (0,0) size 785x672
  RenderBlock {HTML} at (0,0) size 785x672
    RenderBody {BODY} at (8,8) size 769x648
      RenderTable {TABLE} at (0,0) size 769x72
        RenderTableSection {TBODY} at (0,0) size 769x72
          RenderTableRow {TR} at (0,2) size 769x68
            RenderTableCell {TD} at (2,26) size 687x20 [border: (1px solid #008000)] [r=0 c=0 rs=1 cs=1]
              RenderText {#text} at (2,2) size 8x16
                text run at (2,2) width 8: "1"
            RenderTableCell {TD} at (691,2) size 62x68 [border: (1px solid #008000)] [r=0 c=1 rs=1 cs=1]
              RenderText {#text} at (2,2) size 58x64
                text run at (2,2) width 55: "See, this"
                text run at (2,18) width 35: "is the"
                text run at (2,34) width 58: "problem."
                text run at (2,50) width 51: "It will..."
            RenderTableCell {TD} at (755,26) size 12x20 [border: (1px solid #008000)] [r=0 c=2 rs=1 cs=1]
              RenderText {#text} at (2,2) size 8x16
                text run at (2,2) width 8: "3"
      RenderBlock {P} at (0,88) size 769x0
      RenderTable {TABLE} at (0,88) size 769x176
        RenderTableSection {TBODY} at (0,0) size 769x176
          RenderTableRow {TR} at (0,2) size 769x172
            RenderTableCell {TD} at (2,2) size 765x172 [border: (1px solid #008000)] [r=0 c=0 rs=1 cs=1]
              RenderTable {TABLE} at (2,2) size 761x168
                RenderTableSection {TBODY} at (0,0) size 761x168
                  RenderTableRow {TR} at (0,2) size 761x164
                    RenderTableCell {TD} at (2,74) size 679x20 [border: (1px solid #008000)] [r=0 c=0 rs=1 cs=1]
                      RenderText {#text} at (2,2) size 8x16
                        text run at (2,2) width 8: "1"
                    RenderTableCell {TD} at (683,2) size 62x164 [border: (1px solid #008000)] [r=0 c=1 rs=1 cs=1]
                      RenderText {#text} at (2,2) size 58x160
                        text run at (2,2) width 55: "See, this"
                        text run at (2,18) width 35: "is the"
                        text run at (2,34) width 58: "problem."
                        text run at (2,50) width 40: "S See,"
                        text run at (2,66) width 38: "this is"
                        text run at (2,82) width 20: "the"
                        text run at (2,98) width 58: "problem."
                        text run at (2,114) width 55: "See, this"
                        text run at (2,130) width 35: "is the"
                        text run at (2,146) width 58: "problem."
                    RenderTableCell {TD} at (747,74) size 12x20 [border: (1px solid #008000)] [r=0 c=2 rs=1 cs=1]
                      RenderText {#text} at (2,2) size 8x16
                        text run at (2,2) width 8: "3"
      RenderBlock {P} at (0,280) size 769x0
      RenderTable {TABLE} at (0,280) size 527x176
        RenderTableSection {TBODY} at (0,0) size 527x176
          RenderTableRow {TR} at (0,2) size 527x172
            RenderTableCell {TD} at (2,2) size 523x172 [border: (1px solid #008000)] [r=0 c=0 rs=1 cs=1]
              RenderTable {TABLE} at (2,2) size 519x168
                RenderTableSection {TBODY} at (0,0) size 519x168
                  RenderTableRow {TR} at (0,2) size 519x164
                    RenderTableCell {TD} at (2,74) size 437x20 [border: (1px solid #008000)] [r=0 c=0 rs=1 cs=1]
                      RenderText {#text} at (2,2) size 8x16
                        text run at (2,2) width 8: "1"
                    RenderTableCell {TD} at (441,2) size 62x164 [border: (1px solid #008000)] [r=0 c=1 rs=1 cs=1]
                      RenderText {#text} at (2,2) size 58x160
                        text run at (2,2) width 55: "See, this"
                        text run at (2,18) width 35: "is the"
                        text run at (2,34) width 58: "problem."
                        text run at (2,50) width 40: "S See,"
                        text run at (2,66) width 38: "this is"
                        text run at (2,82) width 20: "the"
                        text run at (2,98) width 58: "problem."
                        text run at (2,114) width 55: "See, this"
                        text run at (2,130) width 35: "is the"
                        text run at (2,146) width 58: "problem."
                    RenderTableCell {TD} at (505,74) size 12x20 [border: (1px solid #008000)] [r=0 c=2 rs=1 cs=1]
                      RenderText {#text} at (2,2) size 8x16
                        text run at (2,2) width 8: "3"
      RenderBlock {P} at (0,472) size 769x0
      RenderTable {TABLE} at (0,472) size 527x176
        RenderTableSection {TBODY} at (0,0) size 527x176
          RenderTableRow {TR} at (0,2) size 527x172
            RenderTableCell {TD} at (2,2) size 523x172 [border: (1px solid #008000)] [r=0 c=0 rs=1 cs=1]
              RenderBlock {DIV} at (2,2) size 519x168
                RenderTable {TABLE} at (0,0) size 519x168
                  RenderTableSection {TBODY} at (0,0) size 519x168
                    RenderTableRow {TR} at (0,2) size 519x164
                      RenderTableCell {TD} at (2,74) size 437x20 [border: (1px solid #008000)] [r=0 c=0 rs=1 cs=1]
                        RenderText {#text} at (2,2) size 8x16
                          text run at (2,2) width 8: "1"
                      RenderTableCell {TD} at (441,2) size 62x164 [border: (1px solid #008000)] [r=0 c=1 rs=1 cs=1]
                        RenderText {#text} at (2,2) size 58x160
                          text run at (2,2) width 55: "See, this"
                          text run at (2,18) width 35: "is the"
                          text run at (2,34) width 58: "problem."
                          text run at (2,50) width 40: "S See,"
                          text run at (2,66) width 38: "this is"
                          text run at (2,82) width 20: "the"
                          text run at (2,98) width 58: "problem."
                          text run at (2,114) width 55: "See, this"
                          text run at (2,130) width 35: "is the"
                          text run at (2,146) width 58: "problem."
                      RenderTableCell {TD} at (505,74) size 12x20 [border: (1px solid #008000)] [r=0 c=2 rs=1 cs=1]
                        RenderText {#text} at (2,2) size 8x16
                          text run at (2,2) width 8: "3"
      RenderBlock {P} at (0,664) size 769x0
