layer at (0,0) size 801x585
  RenderView at (0,0) size 800x585
layer at (0,0) size 800x585
  RenderBlock {HTML} at (0,0) size 800x585
    RenderBody {BODY} at (8,8) size 784x569
      RenderTable {TABLE} at (0,0) size 793x304
        RenderTableSection {TBODY} at (0,0) size 793x304
          RenderTableRow {TR} at (0,0) size 793x24
            RenderTableCell {TD} at (0,0) size 793x24 [border: (1px solid #008000)] [r=0 c=0 rs=1 cs=3]
              RenderText {#text} at (4,4) size 239x16
                text run at (4,4) width 145: "   Join Now   Sign In   "
                text run at (148,4) width 95: "   Personalize: "
              RenderInline {A} at (0,0) size 53x16
                RenderText {#text} at (242,4) size 53x16
                  text run at (242,4) width 53: "Settings"
              RenderText {#text} at (294,4) size 14x16
                text run at (294,4) width 14: " \x{2022} "
              RenderInline {A} at (0,0) size 52x16
                RenderText {#text} at (307,4) size 52x16
                  text run at (307,4) width 52: "Content"
              RenderText {#text} at (358,4) size 15x16
                text run at (358,4) width 15: " \x{2022} "
              RenderInline {A} at (0,0) size 46x16
                RenderText {#text} at (372,4) size 46x16
                  text run at (372,4) width 46: "Layout"
              RenderText {#text} at (417,4) size 14x16
                text run at (417,4) width 14: " \x{2022} "
              RenderInline {A} at (0,0) size 114x16
                RenderText {#text} at (431,4) size 114x16
                  text run at (431,4) width 114: "Colors & Themes"
              RenderText {#text} at (544,4) size 15x16
                text run at (544,4) width 15: " \x{2022} "
              RenderInline {A} at (0,0) size 48x16
                RenderText {#text} at (558,4) size 48x16
                  text run at (558,4) width 48: "Sign In"
              RenderText {#text} at (605,4) size 185x16
                text run at (605,4) width 9: "  "
                text run at (613,4) width 92: "   My Links:   "
                text run at (704,4) width 86: "  Lite \x{2022} Email"
          RenderTableRow {TR} at (0,24) size 793x280
            RenderTableCell {TD} at (0,160) size 222x8 [border: (1px solid #008000)] [r=1 c=0 rs=1 cs=1]
            RenderTableCell {TD} at (222,24) size 349x280 [border: (1px solid #008000)] [r=1 c=1 rs=1 cs=1]
              RenderTable {TABLE} at (4,4) size 341x272
                RenderTableSection {TBODY} at (0,0) size 341x272
                  RenderTableRow {TR} at (0,2) size 341x268
                    RenderTableCell {TD} at (2,2) size 337x268 [border: (1px solid #008000)] [r=0 c=0 rs=1 cs=1]
                      RenderTable {TABLE} at (2,2) size 333x264
                        RenderTableSection {TBODY} at (0,0) size 333x264
                          RenderTableRow {TR} at (0,2) size 333x260
                            RenderTableCell {TD} at (2,130) size 126x4 [border: (1px solid #008000)] [r=0 c=0 rs=1 cs=1]
                            RenderTableCell {TD} at (130,2) size 72x260 [border: (1px solid #008000)] [r=0 c=1 rs=1 cs=1]
                              RenderText {#text} at (2,2) size 68x256
                                text run at (2,2) width 57: "This guy"
                                text run at (2,18) width 43: "should"
                                text run at (2,34) width 54: "have the"
                                text run at (2,50) width 61: "really big"
                                text run at (2,66) width 68: "maxwidth."
                                text run at (2,82) width 14: "It "
                                text run at (15,82) width 44: "should"
                                text run at (2,98) width 40: "be big"
                                text run at (2,114) width 64: "enough to"
                                text run at (2,130) width 37: "really"
                                text run at (2,146) width 37: "really"
                                text run at (2,162) width 38: "screw"
                                text run at (2,178) width 64: "things up."
                                text run at (2,194) width 44: "That is"
                                text run at (2,210) width 41: "what I"
                                text run at (2,226) width 62: "think will"
                                text run at (2,242) width 37: "work."
                            RenderTableCell {TD} at (204,130) size 127x4 [border: (1px solid #008000)] [r=0 c=2 rs=1 cs=1]
            RenderTableCell {TD} at (571,151) size 222x26 [border: (1px solid #008000)] [r=1 c=2 rs=1 cs=1]
              RenderImage {IMG} at (4,4) size 212x18
              RenderText {#text} at (0,0) size 0x0
