layer at (0,0) size 785x809
  RenderView at (0,0) size 785x600
layer at (0,0) size 785x809
  RenderBlock {HTML} at (0,0) size 785x809
    RenderBody {BODY} at (8,8) size 769x793
      RenderTable {TABLE} at (0,0) size 304x793
        RenderTableSection {TBODY} at (0,0) size 304x793
          RenderTableRow {TR} at (0,0) size 24x793
            RenderTableCell {TD} at (0,0) size 24x793 [border: (1px solid #008000)] [r=0 c=0 rs=1 cs=3]
              RenderText {#text} at (4,4) size 16x239
                text run at (4,4) width 145: "   Join Now   Sign In   "
                text run at (4,148) width 95: "   Personalize: "
              RenderInline {A} at (0,0) size 16x53
                RenderText {#text} at (4,242) size 16x53
                  text run at (4,242) width 52: "Settings"
              RenderText {#text} at (4,294) size 16x14
                text run at (4,294) width 14: " \x{2022} "
              RenderInline {A} at (0,0) size 16x52
                RenderText {#text} at (4,307) size 16x52
                  text run at (4,307) width 51: "Content"
              RenderText {#text} at (4,358) size 16x15
                text run at (4,358) width 14: " \x{2022} "
              RenderInline {A} at (0,0) size 16x46
                RenderText {#text} at (4,372) size 16x46
                  text run at (4,372) width 46: "Layout"
              RenderText {#text} at (4,417) size 16x14
                text run at (4,417) width 14: " \x{2022} "
              RenderInline {A} at (0,0) size 16x114
                RenderText {#text} at (4,431) size 16x114
                  text run at (4,431) width 114: "Colors & Themes"
              RenderText {#text} at (4,544) size 16x15
                text run at (4,544) width 14: " \x{2022} "
              RenderInline {A} at (0,0) size 16x48
                RenderText {#text} at (4,558) size 16x48
                  text run at (4,558) width 47: "Sign In"
              RenderText {#text} at (4,605) size 16x185
                text run at (4,605) width 8: "  "
                text run at (4,613) width 92: "   My Links:   "
                text run at (4,704) width 86: "  Lite \x{2022} Email"
          RenderTableRow {TR} at (0,24) size 280x793
            RenderTableCell {TD} at (24,136) size 280x-50 [border: (1px solid #008000)] [r=1 c=0 rs=1 cs=1]
            RenderTableCell {TD} at (24,222) size 280x349 [border: (1px solid #008000)] [r=1 c=1 rs=1 cs=1]
              RenderTable {TABLE} at (4,4) size 272x341
                RenderTableSection {TBODY} at (0,0) size 272x341
                  RenderTableRow {TR} at (0,2) size 268x341
                    RenderTableCell {TD} at (2,2) size 268x337 [border: (1px solid #008000)] [r=0 c=0 rs=1 cs=1]
                      RenderTable {TABLE} at (2,2) size 264x333
                        RenderTableSection {TBODY} at (0,0) size 264x333
                          RenderTableRow {TR} at (0,2) size 260x333
                            RenderTableCell {TD} at (2,130) size 260x-130 [border: (1px solid #008000)] [r=0 c=0 rs=1 cs=1]
                            RenderTableCell {TD} at (2,130) size 260x72 [border: (1px solid #008000)] [r=0 c=1 rs=1 cs=1]
                              RenderText {#text} at (2,2) size 256x68
                                text run at (2,2) width 57: "This guy"
                                text run at (18,2) width 43: "should"
                                text run at (34,2) width 54: "have the"
                                text run at (50,2) width 61: "really big"
                                text run at (66,2) width 68: "maxwidth."
                                text run at (82,2) width 14: "It "
                                text run at (82,15) width 43: "should"
                                text run at (98,2) width 40: "be big"
                                text run at (114,2) width 64: "enough to"
                                text run at (130,2) width 37: "really"
                                text run at (146,2) width 37: "really"
                                text run at (162,2) width 38: "screw"
                                text run at (178,2) width 64: "things up."
                                text run at (194,2) width 44: "That is"
                                text run at (210,2) width 41: "what I"
                                text run at (226,2) width 62: "think will"
                                text run at (242,2) width 37: "work."
                            RenderTableCell {TD} at (2,332) size 260x-129 [border: (1px solid #008000)] [r=0 c=2 rs=1 cs=1]
            RenderTableCell {TD} at (24,698) size 280x-32 [border: (1px solid #008000)] [r=1 c=2 rs=1 cs=1]
              RenderImage {IMG} at (131,-123) size 18x212
              RenderText {#text} at (0,0) size 0x0
