layer at (0,0) size 800x632
  RenderView at (0,0) size 800x600
layer at (0,0) size 800x632
  RenderBlock {HTML} at (0,0) size 800x632
    RenderBody {BODY} at (8,8) size 784x616
      RenderBlock (anonymous) at (0,0) size 784x32
        RenderText {#text} at (0,0) size 768x32
          text run at (0,0) width 278: "The two rows below should look identical. "
          text run at (277,0) width 491: "In both, the spanning cells in columns 2-3 should consume as much width as"
          text run at (0,16) width 259: "possible, while column 1 should be tiny."
      RenderTable {TABLE} at (0,32) size 50x584 [border: (2px outset #808080)]
        RenderTableSection {TBODY} at (2,2) size 46x580
          RenderTableRow {TR} at (0,2) size 20x580
            RenderTableCell {TD} at (2,2) size 20x12 [border: (1px inset #808080)] [r=0 c=0 rs=1 cs=1]
              RenderText {#text} at (2,2) size 16x8
                text run at (2,2) width 8: "1"
            RenderTableCell {TD} at (2,16) size 20x562 [border: (1px inset #808080)] [r=0 c=1 rs=1 cs=2]
              RenderText {#text} at (2,2) size 16x22
                text run at (2,2) width 22: "2-3"
          RenderTableRow {TR} at (0,24) size 20x580
            RenderTableCell {TD} at (24,2) size 20x12 [border: (1px inset #808080)] [r=1 c=0 rs=1 cs=1]
              RenderText {#text} at (2,2) size 16x8
                text run at (2,2) width 8: "1"
            RenderTableCell {TD} at (24,16) size 20x562 [border: (1px inset #808080)] [r=1 c=1 rs=1 cs=2]
              RenderText {#text} at (2,2) size 16x22
                text run at (2,2) width 22: "2-3"
