layer at (0,0) size 800x600
  RenderView at (0,0) size 800x600
layer at (0,0) size 800x600
  RenderBlock {HTML} at (0,0) size 800x600
    RenderBody {BODY} at (8,8) size 784x584
      RenderBlock (anonymous) at (0,0) size 784x32
        RenderText {#text} at (0,0) size 768x32
          text run at (0,0) width 278: "The two rows below should look identical. "
          text run at (277,0) width 491: "In both, the spanning cells in columns 2-3 should consume as much width as"
          text run at (0,16) width 259: "possible, while column 1 should be tiny."
      RenderTable {TABLE} at (0,32) size 784x50 [border: (2px outset #808080)]
        RenderTableSection {TBODY} at (2,2) size 780x46
          RenderTableRow {TR} at (0,2) size 780x20
            RenderTableCell {TD} at (2,2) size 12x20 [border: (1px inset #808080)] [r=0 c=0 rs=1 cs=1]
              RenderText {#text} at (2,2) size 8x16
                text run at (2,2) width 8: "1"
            RenderTableCell {TD} at (16,2) size 762x20 [border: (1px inset #808080)] [r=0 c=1 rs=1 cs=2]
              RenderText {#text} at (2,2) size 22x16
                text run at (2,2) width 22: "2-3"
          RenderTableRow {TR} at (0,24) size 780x20
            RenderTableCell {TD} at (2,24) size 12x20 [border: (1px inset #808080)] [r=1 c=0 rs=1 cs=1]
              RenderText {#text} at (2,2) size 8x16
                text run at (2,2) width 8: "1"
            RenderTableCell {TD} at (16,24) size 762x20 [border: (1px inset #808080)] [r=1 c=1 rs=1 cs=2]
              RenderText {#text} at (2,2) size 22x16
                text run at (2,2) width 22: "2-3"
