layer at (0,0) size 800x600
  RenderView at (0,0) size 800x600
layer at (0,0) size 800x600
  RenderBlock {HTML} at (0,0) size 800x600
    RenderBody {BODY} at (8,8) size 784x576
      RenderTable {TABLE} at (0,0) size 183x45 [border: (1px outset #808080)]
        RenderTableSection {TBODY} at (1,1) size 181x43
          RenderTableRow {TR} at (0,1) size 181x20
            RenderTableCell {TH} at (1,1) size 35x20 [border: (1px inset #808080)] [r=0 c=0 rs=1 cs=1]
              RenderText {#text} at (2,2) size 31x16
                text run at (2,2) width 31: "(1,1)"
            RenderTableCell {TH} at (37,1) size 35x20 [border: (1px inset #808080)] [r=0 c=1 rs=1 cs=1]
              RenderText {#text} at (2,2) size 31x16
                text run at (2,2) width 31: "(1,2)"
            RenderTableCell {TH} at (73,1) size 35x20 [border: (1px inset #808080)] [r=0 c=2 rs=1 cs=1]
              RenderText {#text} at (2,2) size 31x16
                text run at (2,2) width 31: "(1,3)"
            RenderTableCell {TH} at (109,1) size 35x20 [border: (1px inset #808080)] [r=0 c=3 rs=1 cs=1]
              RenderText {#text} at (2,2) size 31x16
                text run at (2,2) width 31: "(1,4)"
            RenderTableCell {TH} at (145,1) size 35x20 [border: (1px inset #808080)] [r=0 c=4 rs=1 cs=1]
              RenderText {#text} at (2,2) size 31x16
                text run at (2,2) width 31: "(1,5)"
          RenderTableRow {TR} at (0,22) size 181x20
            RenderTableCell {TD} at (1,22) size 35x20 [border: (1px inset #808080)] [r=1 c=0 rs=1 cs=1]
              RenderText {#text} at (2,2) size 31x16
                text run at (2,2) width 31: "(2,1)"
            RenderTableCell {TD} at (37,22) size 35x20 [border: (1px inset #808080)] [r=1 c=1 rs=1 cs=1]
              RenderText {#text} at (2,2) size 31x16
                text run at (2,2) width 31: "(2,2)"
            RenderTableCell {TD} at (73,22) size 35x20 [border: (1px inset #808080)] [r=1 c=2 rs=1 cs=1]
              RenderText {#text} at (2,2) size 31x16
                text run at (2,2) width 31: "(2,3)"
            RenderTableCell {TD} at (109,22) size 35x20 [border: (1px inset #808080)] [r=1 c=3 rs=1 cs=1]
              RenderText {#text} at (2,2) size 31x16
                text run at (2,2) width 31: "(2,4)"
            RenderTableCell {TD} at (145,22) size 35x20 [border: (1px inset #808080)] [r=1 c=4 rs=1 cs=1]
              RenderText {#text} at (2,2) size 31x16
                text run at (2,2) width 31: "(2,5)"
      RenderBlock {P} at (0,61) size 784x32
        RenderInline {B} at (0,0) size 49x16
          RenderText {#text} at (0,0) size 49x16
            text run at (0,0) width 49: "Row 0:"
        RenderText {#text} at (48,0) size 174x16
          text run at (48,0) width 174: " (1,1)\x{9}(1,2)\x{9}(1,3)\x{9}(1,4)\x{9}(1,5)"
        RenderBR {BR} at (221,12) size 1x0
        RenderInline {B} at (0,0) size 49x16
          RenderText {#text} at (0,16) size 49x16
            text run at (0,16) width 49: "Row 1:"
        RenderText {#text} at (48,16) size 174x16
          text run at (48,16) width 174: " (2,1)\x{9}(2,2)\x{9}(2,3)\x{9}(2,4)\x{9}(2,5)"
        RenderBR {BR} at (221,28) size 1x0
