layer at (0,0) size 800x600
  RenderView at (0,0) size 800x600
layer at (0,0) size 800x600
  RenderBlock {HTML} at (0,0) size 800x600
    RenderBody {BODY} at (8,8) size 784x584
      RenderBlock {H1} at (0,0) size 784x32
        RenderText {#text} at (0,0) size 606x32
          text run at (0,0) width 606: "Fixed Columns, Auto Span, Minwidth Table"
      RenderTable {TABLE} at (0,53.44) size 100x40
        RenderTableSection {TBODY} at (0,0) size 100x40
          RenderTableRow {TR} at (0,0) size 100x20
            RenderTableCell {TD} at (0,10) size 33x0 [bgcolor=#00FFFF] [r=0 c=0 rs=1 cs=1]
            RenderTableCell {TD} at (33,10) size 67x0 [bgcolor=#FFFF00] [r=0 c=1 rs=1 cs=1]
          RenderTableRow {TR} at (0,20) size 100x20
            RenderTableCell {TD} at (0,30) size 100x0 [bgcolor=#FFC0CB] [r=1 c=0 rs=1 cs=2]
              RenderBlock {DIV} at (0,0) size 100x0
      RenderBlock {P} at (0,109.44) size 784x48
        RenderText {#text} at (0,0) size 148x16
          text run at (0,0) width 148: "The table width is: 100"
        RenderBR {BR} at (147,12) size 1x0
        RenderText {#text} at (0,16) size 135x16
          text run at (0,16) width 135: "Column One is: 33%"
        RenderBR {BR} at (134,28) size 1x0
        RenderText {#text} at (0,32) size 138x16
          text run at (0,32) width 138: "Column Two is: 67%"
      RenderBlock {HR} at (0,173.44) size 784x2 [border: (1px inset #EEEEEE)]
      RenderTable {TABLE} at (0,183.44) size 600x40
        RenderTableSection {TBODY} at (0,0) size 600x40
          RenderTableRow {TR} at (0,0) size 600x20
            RenderTableCell {TD} at (0,10) size 200x0 [bgcolor=#00FFFF] [r=0 c=0 rs=1 cs=1]
            RenderTableCell {TD} at (200,10) size 400x0 [bgcolor=#FFFF00] [r=0 c=1 rs=1 cs=1]
          RenderTableRow {TR} at (0,20) size 600x20
            RenderTableCell {TD} at (0,30) size 600x0 [bgcolor=#FFC0CB] [r=1 c=0 rs=1 cs=2]
              RenderBlock {DIV} at (0,0) size 600x0
      RenderBlock {P} at (0,239.44) size 784x48
        RenderText {#text} at (0,0) size 148x16
          text run at (0,0) width 148: "The table width is: 600"
        RenderBR {BR} at (147,12) size 1x0
        RenderText {#text} at (0,16) size 135x16
          text run at (0,16) width 135: "Column One is: 33%"
        RenderBR {BR} at (134,28) size 1x0
        RenderText {#text} at (0,32) size 138x16
          text run at (0,32) width 138: "Column Two is: 67%"
      RenderBlock {HR} at (0,303.44) size 784x2 [border: (1px inset #EEEEEE)]
      RenderTable {TABLE} at (0,313.44) size 600x52
        RenderTableSection {TBODY} at (0,0) size 600x52
          RenderTableRow {TR} at (0,0) size 600x32
            RenderTableCell {TD} at (0,0) size 200x32 [bgcolor=#00FFFF] [r=0 c=0 rs=1 cs=1]
              RenderText {#text} at (0,0) size 192x32
                text run at (0,0) width 192: "Fixed cell in column one with"
                text run at (0,16) width 66: "some text."
            RenderTableCell {TD} at (200,0) size 400x32 [bgcolor=#FFFF00] [r=0 c=1 rs=1 cs=1]
              RenderText {#text} at (0,0) size 389x32
                text run at (0,0) width 389: "Fixed cell in column two with a lot more text. Will the ratios"
                text run at (0,16) width 89: "be preserved?"
          RenderTableRow {TR} at (0,32) size 600x20
            RenderTableCell {TD} at (0,42) size 600x0 [bgcolor=#FFC0CB] [r=1 c=0 rs=1 cs=2]
              RenderBlock {DIV} at (0,0) size 600x0
      RenderBlock {P} at (0,381.44) size 784x48
        RenderText {#text} at (0,0) size 148x16
          text run at (0,0) width 148: "The table width is: 600"
        RenderBR {BR} at (147,12) size 1x0
        RenderText {#text} at (0,16) size 135x16
          text run at (0,16) width 135: "Column One is: 33%"
        RenderBR {BR} at (134,28) size 1x0
        RenderText {#text} at (0,32) size 138x16
          text run at (0,32) width 138: "Column Two is: 67%"
      RenderBlock {HR} at (0,445.44) size 784x2 [border: (1px inset #EEEEEE)]
      RenderTable {TABLE} at (0,455.44) size 600x40
        RenderTableSection {TBODY} at (0,0) size 600x40
          RenderTableRow {TR} at (0,0) size 600x20
            RenderTableCell {TD} at (0,10) size 200x0 [bgcolor=#00FFFF] [r=0 c=0 rs=1 cs=1]
              RenderBlock {DIV} at (0,0) size 100x0
            RenderTableCell {TD} at (200,10) size 400x0 [bgcolor=#FFFF00] [r=0 c=1 rs=1 cs=1]
              RenderBlock {DIV} at (0,0) size 250x0
          RenderTableRow {TR} at (0,20) size 600x20
            RenderTableCell {TD} at (0,30) size 600x0 [bgcolor=#FFC0CB] [r=1 c=0 rs=1 cs=2]
              RenderBlock {DIV} at (0,0) size 600x0
      RenderBlock {P} at (0,511.44) size 784x48
        RenderText {#text} at (0,0) size 148x16
          text run at (0,0) width 148: "The table width is: 600"
        RenderBR {BR} at (147,12) size 1x0
        RenderText {#text} at (0,16) size 135x16
          text run at (0,16) width 135: "Column One is: 33%"
        RenderBR {BR} at (134,28) size 1x0
        RenderText {#text} at (0,32) size 138x16
          text run at (0,32) width 138: "Column Two is: 67%"
      RenderBlock {HR} at (0,575.44) size 784x2 [border: (1px inset #EEEEEE)]
