layer at (0,0) size 800x600
  RenderView at (0,0) size 800x600
layer at (0,0) size 800x171
  RenderBlock {HTML} at (0,0) size 800x170.88
    RenderBody {BODY} at (8,8) size 784x154.88
      RenderBlock {P} at (0,0) size 784x16
        RenderText {#text} at (0,0) size 110x16
          text run at (0,0) width 110: "Testcase for bug "
        RenderInline {A} at (0,0) size 33x16 [color=#0000EE]
          RenderText {#text} at (109,0) size 33x16
            text run at (109,0) width 33: "4874"
        RenderText {#text} at (141,0) size 429x16
          text run at (141,0) width 429: " - Table with absolute bottom positioning is positioned incorrectly."
      RenderBlock {H1} at (0,37.44) size 784x32
        RenderText {#text} at (0,0) size 170x32
          text run at (0,0) width 170: "Look Down!"
      RenderBlock {P} at (0,90.88) size 784x64
        RenderText {#text} at (0,0) size 783x64
          text run at (0,0) width 512: "At the bottom of the window you should see the word \"Paragraph\" followed by "
          text run at (511,0) width 272: "three boxes containing text. The entire red"
          text run at (0,16) width 203: "border around each box should "
          text run at (202,16) width 465: "be visible without scrolling (the window should not be scrollable at all). "
          text run at (666,16) width 103: "The three boxes"
          text run at (0,32) width 352: "should be aligned at the bottom with the bottom of the "
          text run at (351,32) width 415: "window. The text \"Tall table\" should be vertically centered in its"
          text run at (0,48) width 32: "box, "
          text run at (32,48) width 487: "which should be 50px tall. The other two boxes should both be shorter than "
          text run at (518,48) width 207: "50px, and have the same height."
layer at (120,550) size 120x50
  RenderTable {TABLE} at (120,550) size 120x50 [border: (1px solid #FF0000)]
    RenderTableSection {TBODY} at (1,1) size 118x48
      RenderTableRow {TR} at (0,2) size 118x44
        RenderTableCell {TD} at (2,15) size 114x18 [r=0 c=0 rs=1 cs=1]
          RenderText {#text} at (1,1) size 61x16
            text run at (1,1) width 61: "Tall table"
layer at (240,576) size 120x24
  RenderTable {TABLE} at (240,576) size 120x24 [border: (1px solid #FF0000)]
    RenderTableSection {TBODY} at (1,1) size 118x22
      RenderTableRow {TR} at (0,2) size 118x18
        RenderTableCell {TD} at (2,2) size 114x18 [r=0 c=0 rs=1 cs=1]
          RenderText {#text} at (1,1) size 84x16
            text run at (1,1) width 84: "Normal table"
layer at (360,576) size 120x24
  RenderTable {TABLE} at (360,576) size 120x24 [border: (1px solid #FF0000)]
    RenderTableSection {TBODY} at (1,1) size 118x22
      RenderTableRow {TR} at (0,2) size 118x18
        RenderTableCell {TD} at (2,2) size 114x18 [r=0 c=0 rs=1 cs=1]
          RenderText {#text} at (1,1) size 70x16
            text run at (1,1) width 70: "Short table"
layer at (0,584) size 65x16
  RenderBlock (positioned) {P} at (0,584) size 64.86x16
    RenderText {#text} at (0,0) size 65x16
      text run at (0,0) width 65: "Paragraph"
