layer at (0,0) size 800x600
  RenderView at (0,0) size 800x600
layer at (0,0) size 800x600
  RenderBlock {HTML} at (0,0) size 800x600
    RenderBody {BODY} at (8,8) size 784x584
      RenderBlock {P} at (0,0) size 784x16
        RenderText {#text} at (0,0) size 307x16
          text run at (0,0) width 307: "Both rows should have the same width (725px)."
      RenderTable {TABLE} at (0,32) size 725x32
        RenderTableSection {TBODY} at (0,0) size 725x32
          RenderTableRow {TR} at (0,0) size 725x16
            RenderTableCell {TD} at (0,0) size 181x16 [bgcolor=#7CFC00] [r=0 c=0 rs=1 cs=1]
              RenderText {#text} at (0,0) size 24x16
                text run at (0,0) width 24: "cell"
            RenderTableCell {TD} at (181,0) size 181x16 [bgcolor=#00FFFF] [r=0 c=1 rs=1 cs=1]
              RenderText {#text} at (0,0) size 24x16
                text run at (0,0) width 24: "cell"
            RenderTableCell {TD} at (362,0) size 181x16 [bgcolor=#FFFF00] [r=0 c=2 rs=1 cs=1]
              RenderText {#text} at (0,0) size 24x16
                text run at (0,0) width 24: "cell"
            RenderTableCell {TD} at (543,0) size 182x16 [bgcolor=#FFA500] [r=0 c=3 rs=1 cs=1]
              RenderText {#text} at (0,0) size 24x16
                text run at (0,0) width 24: "cell"
          RenderTableRow {TR} at (0,16) size 725x16
            RenderTableCell {TD} at (0,16) size 181x16 [r=1 c=0 rs=1 cs=1]
              RenderText {#text} at (0,0) size 4x16
                text run at (0,0) width 4: " "
            RenderTableCell {TD} at (181,16) size 181x16 [r=1 c=1 rs=1 cs=1]
              RenderText {#text} at (0,0) size 4x16
                text run at (0,0) width 4: " "
            RenderTableCell {TD} at (362,16) size 181x16 [r=1 c=2 rs=1 cs=1]
              RenderText {#text} at (0,0) size 4x16
                text run at (0,0) width 4: " "
            RenderTableCell {TD} at (543,16) size 182x16 [r=1 c=3 rs=1 cs=1]
              RenderText {#text} at (0,0) size 4x16
                text run at (0,0) width 4: " "
      RenderTable {TABLE} at (0,64) size 725x16
        RenderTableSection {TBODY} at (0,0) size 725x16
          RenderTableRow {TR} at (0,0) size 725x16
            RenderTableCell {TD} at (0,0) size 181x16 [bgcolor=#7CFC00] [r=0 c=0 rs=1 cs=1]
              RenderText {#text} at (0,0) size 8x16
                text run at (0,0) width 8: "1"
            RenderTableCell {TD} at (181,0) size 181x16 [bgcolor=#00FFFF] [r=0 c=1 rs=1 cs=1]
              RenderText {#text} at (0,0) size 8x16
                text run at (0,0) width 8: "2"
            RenderTableCell {TD} at (362,0) size 181x16 [bgcolor=#FFFF00] [r=0 c=2 rs=1 cs=1]
              RenderText {#text} at (0,0) size 8x16
                text run at (0,0) width 8: "3"
            RenderTableCell {TD} at (543,0) size 182x16 [bgcolor=#FFA500] [r=0 c=3 rs=1 cs=1]
              RenderText {#text} at (0,0) size 8x16
                text run at (0,0) width 8: "4"
