layer at (0,0) size 800x600
  RenderView at (0,0) size 800x600
layer at (0,0) size 800x600
  RenderBlock {HTML} at (0,0) size 800x600
    RenderBody {BODY} at (8,8) size 784x584
      RenderTable {TABLE} at (0,0) size 155x22
        RenderTableSection {TBODY} at (0,0) size 155x22
          RenderTableRow {TR} at (0,2) size 155x18
            RenderTableCell {TH} at (2,2) size 65x18 [r=0 c=0 rs=1 cs=1]
              RenderText {#text} at (1,1) size 63x16
                text run at (1,1) width 63: "Header 1"
            RenderTableCell {TD} at (69,2) size 41x18 [r=0 c=1 rs=1 cs=1]
              RenderText {#text} at (1,1) size 39x16
                text run at (1,1) width 39: "Cell 1"
            RenderTableCell {TD} at (112,2) size 41x18 [r=0 c=2 rs=1 cs=1]
              RenderText {#text} at (1,1) size 39x16
                text run at (1,1) width 39: "Cell 2"
      RenderBlock (anonymous) at (0,22) size 784x48
        RenderText {#text} at (0,0) size 93x16
          text run at (0,0) width 93: "h1 has index 0"
        RenderBR {BR} at (92,12) size 1x0
        RenderText {#text} at (0,16) size 92x16
          text run at (0,16) width 92: "c1 has index 1"
        RenderBR {BR} at (91,28) size 1x0
        RenderText {#text} at (0,32) size 92x16
          text run at (0,32) width 92: "c2 has index 2"
        RenderBR {BR} at (91,44) size 1x0
