layer at (0,0) size 800x600
  RenderView at (0,0) size 800x600
layer at (0,0) size 800x208
  RenderBlock {html} at (0,0) size 800x208
    RenderBody {body} at (8,8) size 784x192
      RenderTable {table} at (0,0) size 82x192
        RenderBlock {caption} at (0,0) size 82x64
          RenderText {#text} at (19,0) size 83x64
            text run at (19,0) width 44: "PASS:"
            text run at (0,16) width 83: "Dynamically"
            text run at (21,32) width 40: "added"
            text run at (17,48) width 48: "caption"
        RenderBlock {caption} at (0,64) size 82x32
          RenderText {#text} at (2,0) size 78x32
            text run at (2,0) width 78: "PASS: Text"
            text run at (3,16) width 76: "in caption 1"
layer at (8,104) size 82x32 transparent
  RenderBlock {caption} at (0,96) size 82x32
    RenderText {#text} at (2,0) size 78x32
      text run at (2,0) width 78: "PASS: Text"
      text run at (3,16) width 76: "in caption 2"
layer at (8,136) size 82x32 transparent
  RenderBlock {caption} at (0,128) size 82x32
    RenderText {#text} at (2,0) size 78x32
      text run at (2,0) width 78: "PASS: Text"
      text run at (3,16) width 76: "in caption 3"
layer at (8,168) size 82x32 transparent
  RenderBlock {caption} at (0,160) size 82x32
    RenderText {#text} at (2,0) size 78x32
      text run at (2,0) width 78: "PASS: Text"
      text run at (3,16) width 76: "in caption 4"
