layer at (0,0) size 800x600
  RenderView at (0,0) size 800x600
layer at (0,0) size 800x600
  RenderBlock {HTML} at (0,0) size 800x600
    RenderBody {BODY} at (8,8) size 784x584
      RenderBlock {P} at (0,0) size 784x32
        RenderText {#text} at (0,0) size 218x16
          text run at (0,0) width 218: "This tests for a regression against "
        RenderInline {I} at (0,0) size 745x32
          RenderInline {A} at (0,0) size 355x16 [color=#0000EE]
            RenderText {#text} at (217,0) size 355x16
              text run at (217,0) width 355: "http://bugzilla.opendarwin.org/show_bug.cgi?id=7054"
          RenderText {#text} at (571,0) size 745x32
            text run at (571,0) width 5: " "
            text run at (575,0) width 170: "Vertical scroll bars do not"
            text run at (0,16) width 222: "appear or do not scroll completely"
        RenderText {#text} at (221,16) size 5x16
          text run at (221,16) width 5: "."
      RenderBlock {P} at (0,48) size 784x16
        RenderText {#text} at (0,0) size 661x16
          text run at (0,0) width 661: "The top two boxes should have horizontal scroll bars. The bottom box should have a vertical scroll bar."
      RenderBlock {HR} at (0,80) size 784x2 [border: (1px inset #EEEEEE)]
      RenderBlock (anonymous) at (0,192) size 784x16
        RenderBR {BR} at (0,0) size 0x16
      RenderBlock (anonymous) at (0,310) size 784x16
        RenderBR {BR} at (0,0) size 0x16
layer at (8,98) size 102x102 clip at (9,99) size 100x85 scrollWidth 133
  RenderBlock {DIV} at (0,90) size 102x102 [border: (1px solid #0000FF)]
    RenderTable {TABLE} at (1,1) size 6x6
      RenderTableSection {TBODY} at (0,0) size 6x6
        RenderTableRow {TR} at (0,2) size 6x2
          RenderTableCell {TD} at (2,2) size 2x2 [r=0 c=0 rs=1 cs=1]
layer at (8,216) size 102x102 clip at (9,217) size 100x85 scrollX 33.00 scrollWidth 133
  RenderBlock {DIV} at (0,208) size 102x102 [border: (1px solid #0000FF)]
    RenderTable {TABLE} at (95,1) size 6x6
      RenderTableSection {TBODY} at (0,0) size 6x6
        RenderTableRow {TR} at (0,2) size 6x2
          RenderTableCell {TD} at (2,2) size 2x2 [r=0 c=0 rs=1 cs=1]
layer at (8,334) size 102x102 clip at (9,335) size 85x100 scrollHeight 133
  RenderBlock {DIV} at (0,326) size 102x102 [border: (1px solid #0000FF)]
    RenderTable {TABLE} at (1,1) size 6x6
      RenderTableSection {TBODY} at (0,0) size 6x6
        RenderTableRow {TR} at (0,2) size 6x2
          RenderTableCell {TD} at (2,2) size 2x2 [r=0 c=0 rs=1 cs=1]
layer at (82,102) size 60x60 backgroundClip at (9,99) size 100x85 clip at (9,99) size 100x85 outlineClip at (9,99) size 100x85
  RenderBlock (positioned) {DIV} at (70,0) size 60x60 [bgcolor=#C0C0C0]
layer at (-24,220) size 60x60 backgroundClip at (9,217) size 100x85 clip at (9,217) size 100x85 outlineClip at (9,217) size 100x85
  RenderBlock (positioned) {DIV} at (-130,0) size 60x60 [bgcolor=#C0C0C0]
layer at (12,408) size 60x60 backgroundClip at (9,335) size 85x100 clip at (9,335) size 85x100 outlineClip at (9,335) size 85x100
  RenderBlock (positioned) {DIV} at (0,70) size 60x60 [bgcolor=#C0C0C0]
