layer at (0,0) size 785x775
  RenderView at (0,0) size 785x600
layer at (0,0) size 785x775
  RenderBlock {HTML} at (0,0) size 785x775
    RenderBody {BODY} at (0,0) size 785x775
      RenderTable {TABLE} at (0,0) size 785x29 [border: (2px solid #000000)]
        RenderTableSection {TBODY} at (2,2) size 781x25
          RenderTableRow {TR} at (0,0) size 781x25
            RenderTableCell {TD} at (0,12) size 0x0 [r=0 c=0 rs=1 cs=1]
            RenderTableCell {TD} at (0,4) size 781x16 [bgcolor=#FF0000] [r=0 c=1 rs=1 cs=1]
              RenderText {#text} at (0,0) size 225x16
                text run at (0,0) width 225: "First cell empty, second auto width"
      RenderTable {TABLE} at (0,29) size 785x29 [border: (2px solid #000000)]
        RenderTableSection {TBODY} at (2,2) size 781x25
          RenderTableRow {TR} at (0,0) size 781x25
            RenderTableCell {TD} at (0,12) size 0x0 [r=0 c=0 rs=1 cs=1]
            RenderTableCell {TD} at (0,4) size 781x16 [bgcolor=#FF0000] [r=0 c=1 rs=1 cs=1]
              RenderText {#text} at (0,0) size 245x16
                text run at (0,0) width 245: "First cell empty, second percent width"
      RenderTable {TABLE} at (0,58) size 785x29 [border: (2px solid #000000)]
        RenderTableSection {TBODY} at (2,2) size 781x25
          RenderTableRow {TR} at (0,0) size 781x25
            RenderTableCell {TD} at (0,12) size 0x0 [r=0 c=0 rs=1 cs=1]
            RenderTableCell {TD} at (0,4) size 781x16 [bgcolor=#FF0000] [r=0 c=1 rs=1 cs=1]
              RenderText {#text} at (0,0) size 231x16
                text run at (0,0) width 231: "First cell empty, second fixed width"
      RenderTable {TABLE} at (0,87) size 785x29 [border: (2px solid #000000)]
        RenderTableSection {TBODY} at (2,2) size 781x25
          RenderTableRow {TR} at (0,0) size 781x25
            RenderTableCell {TD} at (0,4) size 391x16 [r=0 c=0 rs=1 cs=1]
              RenderText {#text} at (0,0) size 4x16
                text run at (0,0) width 4: " "
            RenderTableCell {TD} at (391,4) size 390x16 [bgcolor=#FF0000] [r=0 c=1 rs=1 cs=1]
              RenderText {#text} at (0,0) size 341x16
                text run at (0,0) width 341: "First cell empty (with space) and has white-space:pre"
      RenderTable {TABLE} at (0,116) size 785x29 [border: (2px solid #000000)]
        RenderTableSection {TBODY} at (2,2) size 781x25
          RenderTableRow {TR} at (0,0) size 781x25
            RenderTableCell {TD} at (0,12) size 0x0 [r=0 c=0 rs=1 cs=1]
            RenderTableCell {TD} at (0,4) size 781x16 [bgcolor=#FF0000] [r=0 c=1 rs=1 cs=1]
              RenderText {#text} at (0,0) size 329x16
                text run at (0,0) width 329: "First cell empty (no space) and has white-space:pre"
      RenderTable {TABLE} at (0,145) size 785x29 [border: (2px solid #000000)]
        RenderTableSection {TBODY} at (2,2) size 781x25
          RenderTableRow {TR} at (0,0) size 781x25
            RenderTableCell {TD} at (0,10) size 391x4 [border: (2px solid #008000)] [r=0 c=0 rs=1 cs=1]
            RenderTableCell {TD} at (391,4) size 390x16 [bgcolor=#FF0000] [r=0 c=1 rs=1 cs=1]
              RenderText {#text} at (0,0) size 196x16
                text run at (0,0) width 196: "First cell empty but has border"
      RenderTable {TABLE} at (0,174) size 785x29 [border: (2px solid #000000)]
        RenderTableSection {TBODY} at (2,2) size 781x25
          RenderTableRow {TR} at (0,0) size 781x25
            RenderTableCell {TD} at (0,10) size 391x4 [r=0 c=0 rs=1 cs=1]
            RenderTableCell {TD} at (391,4) size 390x16 [bgcolor=#FF0000] [r=0 c=1 rs=1 cs=1]
              RenderText {#text} at (0,0) size 206x16
                text run at (0,0) width 206: "First cell empty but has padding"
      RenderTable {TABLE} at (0,203) size 785x29 [border: (2px solid #000000)]
        RenderTableSection {TBODY} at (2,2) size 781x25
          RenderTableRow {TR} at (0,0) size 781x25
            RenderTableCell {TD} at (0,11) size 391x2 [r=0 c=0 rs=1 cs=1]
            RenderTableCell {TD} at (391,3) size 390x18 [bgcolor=#FF0000] [r=0 c=1 rs=1 cs=1]
              RenderText {#text} at (1,1) size 244x16
                text run at (1,1) width 244: "First cell empty, table has cellpadding"
      RenderTable {TABLE} at (0,232) size 785x31 [border: (2px solid #000000)]
        RenderTableSection {TBODY} at (2,2) size 781x27
          RenderTableRow {TR} at (0,1) size 781x25
            RenderTableCell {TD} at (1,13) size 0x0 [r=0 c=0 rs=1 cs=1]
            RenderTableCell {TD} at (2,5) size 778x16 [bgcolor=#FF0000] [r=0 c=1 rs=1 cs=1]
              RenderText {#text} at (0,0) size 241x16
                text run at (0,0) width 241: "First cell empty, table has cellspacing"
      RenderTable {TABLE} at (0,263) size 785x29 [border: (2px solid #000000)]
        RenderTableSection {TBODY} at (2,2) size 781x25
          RenderTableRow {TR} at (0,0) size 781x25
            RenderTableCell {TD} at (0,12) size 0x0 [r=0 c=0 rs=1 cs=1]
            RenderTableCell {TD} at (0,4) size 781x16 [bgcolor=#FF0000] [r=0 c=1 rs=1 cs=1]
              RenderText {#text} at (0,0) size 200x16
                text run at (0,0) width 200: "First cell empty but has margin"
      RenderTable {TABLE} at (0,292) size 785x29 [border: (2px solid #000000)]
        RenderTableSection {TBODY} at (2,2) size 781x25
          RenderTableRow {TR} at (0,0) size 781x25
            RenderTableCell {TD} at (0,12) size 391x0 [bgcolor=#FFFF00] [r=0 c=0 rs=1 cs=1]
            RenderTableCell {TD} at (391,4) size 390x16 [bgcolor=#FF0000] [r=0 c=1 rs=1 cs=1]
              RenderText {#text} at (0,0) size 267x16
                text run at (0,0) width 267: "First cell empty but has background color"
      RenderTable {TABLE} at (0,321) size 785x54 [border: (2px solid #000000)]
        RenderTableSection {TBODY} at (2,2) size 781x50
          RenderTableRow {TR} at (0,0) size 781x25
            RenderTableCell {TD} at (0,12) size 391x0 [r=0 c=0 rs=1 cs=1]
            RenderTableCell {TD} at (391,4) size 390x16 [bgcolor=#FF0000] [r=0 c=1 rs=1 cs=1]
              RenderText {#text} at (0,0) size 164x16
                text run at (0,0) width 164: "First row, first cell empty"
          RenderTableRow {TR} at (0,25) size 781x25
            RenderTableCell {TD} at (0,29) size 391x16 [r=1 c=0 rs=1 cs=1]
              RenderText {#text} at (0,0) size 24x16
                text run at (0,0) width 24: "text"
            RenderTableCell {TD} at (391,29) size 390x16 [bgcolor=#FF0000] [r=1 c=1 rs=1 cs=1]
              RenderText {#text} at (0,0) size 206x16
                text run at (0,0) width 206: "Second row, first cell not empty"
      RenderTable {TABLE} at (0,375) size 785x54 [border: (2px solid #000000)]
        RenderTableSection {TBODY} at (2,2) size 781x50
          RenderTableRow {TR} at (0,0) size 781x25
            RenderTableCell {TD} at (0,12) size 0x0 [r=0 c=0 rs=1 cs=1]
            RenderTableCell {TD} at (0,4) size 781x16 [bgcolor=#FF0000] [r=0 c=1 rs=1 cs=1]
              RenderText {#text} at (0,0) size 164x16
                text run at (0,0) width 164: "First row, first cell empty"
          RenderTableRow {TR} at (0,25) size 781x25
            RenderTableCell {TD} at (0,37) size 0x0 [r=1 c=0 rs=1 cs=1]
            RenderTableCell {TD} at (0,29) size 781x16 [bgcolor=#FF0000] [r=1 c=1 rs=1 cs=1]
              RenderText {#text} at (0,0) size 181x16
                text run at (0,0) width 181: "Second row, first cell empty"
      RenderTable {TABLE} at (0,429) size 785x29 [border: (2px solid #000000)]
        RenderTableSection {TBODY} at (2,2) size 781x25
          RenderTableRow {TR} at (0,0) size 781x25
            RenderTableCell {TD} at (0,12) size 391x0 [r=0 c=0 rs=1 cs=2]
            RenderTableCell {TD} at (391,4) size 390x16 [bgcolor=#FF0000] [r=0 c=2 rs=1 cs=1]
              RenderText {#text} at (0,0) size 183x16
                text run at (0,0) width 183: "First cell empty, has colspan"
      RenderTable {TABLE} at (0,458) size 785x54 [border: (2px solid #000000)]
        RenderTableSection {TBODY} at (2,2) size 781x50
          RenderTableRow {TR} at (0,0) size 781x25
            RenderTableCell {TD} at (0,12) size 0x0 [r=0 c=0 rs=1 cs=1]
            RenderTableCell {TD} at (0,4) size 391x16 [bgcolor=#FF0000] [r=0 c=1 rs=1 cs=1]
              RenderText {#text} at (0,0) size 24x16
                text run at (0,0) width 24: "text"
            RenderTableCell {TD} at (391,4) size 390x16 [bgcolor=#FF0000] [r=0 c=2 rs=1 cs=1]
              RenderText {#text} at (0,0) size 316x16
                text run at (0,0) width 316: "First row, first cell empty, second cell non-empty"
          RenderTableRow {TR} at (0,25) size 781x25
            RenderTableCell {TD} at (0,37) size 391x0 [r=1 c=0 rs=1 cs=2]
            RenderTableCell {TD} at (391,29) size 390x16 [bgcolor=#FF0000] [r=1 c=2 rs=1 cs=1]
              RenderText {#text} at (0,0) size 284x16
                text run at (0,0) width 284: "Second row, first cell empty with colspan=2"
      RenderTable {TABLE} at (0,512) size 785x54 [border: (2px solid #000000)]
        RenderTableSection {TBODY} at (2,2) size 781x50
          RenderTableRow {TR} at (0,0) size 781x25
            RenderTableCell {TD} at (0,4) size 391x16 [bgcolor=#FF0000] [r=0 c=0 rs=1 cs=1]
              RenderText {#text} at (0,0) size 24x16
                text run at (0,0) width 24: "text"
            RenderTableCell {TD} at (391,12) size 0x0 [r=0 c=1 rs=1 cs=1]
            RenderTableCell {TD} at (391,4) size 390x16 [bgcolor=#FF0000] [r=0 c=2 rs=1 cs=1]
              RenderText {#text} at (0,0) size 316x16
                text run at (0,0) width 316: "First row, first cell non-empty, second cell empty"
          RenderTableRow {TR} at (0,25) size 781x25
            RenderTableCell {TD} at (0,37) size 391x0 [r=1 c=0 rs=1 cs=2]
            RenderTableCell {TD} at (391,29) size 390x16 [bgcolor=#FF0000] [r=1 c=2 rs=1 cs=1]
              RenderText {#text} at (0,0) size 284x16
                text run at (0,0) width 284: "Second row, first cell empty with colspan=2"
      RenderTable {TABLE} at (0,566) size 785x54 [border: (2px solid #000000)]
        RenderTableSection {TBODY} at (2,2) size 781x50
          RenderTableRow {TR} at (0,0) size 781x25
            RenderTableCell {TD} at (0,12) size 195x0 [r=0 c=0 rs=1 cs=1]
            RenderTableCell {TD} at (195,12) size 196x0 [r=0 c=1 rs=1 cs=1]
            RenderTableCell {TD} at (391,4) size 390x16 [bgcolor=#FF0000] [r=0 c=2 rs=1 cs=1]
              RenderText {#text} at (0,0) size 239x16
                text run at (0,0) width 239: "First row, first and second cell empty"
          RenderTableRow {TR} at (0,25) size 781x25
            RenderTableCell {TD} at (0,37) size 391x0 [r=1 c=0 rs=1 cs=2]
            RenderTableCell {TD} at (391,29) size 390x16 [bgcolor=#FF0000] [r=1 c=2 rs=1 cs=1]
              RenderText {#text} at (0,0) size 281x16
                text run at (0,0) width 281: "Second row, first cell empty, has colspan=2"
      RenderTable {TABLE} at (0,620) size 785x61 [border: (2px solid #000000)]
        RenderTableSection {TBODY} at (2,2) size 781x57
          RenderTableRow {TR} at (0,0) size 781x25
            RenderTableCell {TD} at (0,12) size 196x0 [r=0 c=0 rs=1 cs=1]
            RenderTableCell {TD} at (196,12) size 195x0 [r=0 c=1 rs=1 cs=1]
            RenderTableCell {TD} at (391,4) size 390x16 [bgcolor=#FF0000] [r=0 c=2 rs=1 cs=1]
              RenderText {#text} at (0,0) size 239x16
                text run at (0,0) width 239: "First row, first and second cell empty"
          RenderTableRow {TR} at (0,25) size 781x32
            RenderTableCell {TD} at (0,41) size 391x0 [r=1 c=0 rs=1 cs=2]
            RenderTableCell {TD} at (391,25) size 390x32 [bgcolor=#FF0000] [r=1 c=2 rs=1 cs=1]
              RenderText {#text} at (0,0) size 359x32
                text run at (0,0) width 359: "Second row, first cell empty, has colspan=2 and percent"
                text run at (0,16) width 37: "width"
      RenderTable {TABLE} at (0,681) size 785x54 [border: (2px solid #000000)]
        RenderTableSection {TBODY} at (2,2) size 781x50
          RenderTableRow {TR} at (0,0) size 781x25
            RenderTableCell {TD} at (0,12) size 195x0 [r=0 c=0 rs=1 cs=1]
            RenderTableCell {TD} at (195,12) size 196x0 [r=0 c=1 rs=1 cs=1]
            RenderTableCell {TD} at (391,4) size 390x16 [bgcolor=#FF0000] [r=0 c=2 rs=1 cs=1]
              RenderText {#text} at (0,0) size 239x16
                text run at (0,0) width 239: "First row, first and second cell empty"
          RenderTableRow {TR} at (0,25) size 781x25
            RenderTableCell {TD} at (0,37) size 391x0 [r=1 c=0 rs=1 cs=2]
            RenderTableCell {TD} at (391,29) size 390x16 [bgcolor=#FF0000] [r=1 c=2 rs=1 cs=1]
              RenderText {#text} at (0,0) size 385x16
                text run at (0,0) width 385: "Second row, first cell empty, has colspan=2 and fixed width"
      RenderBlock (anonymous) at (0,735) size 785x16
        RenderText {#text} at (0,0) size 103x16
          text run at (0,0) width 103: "One empty cell:"
      RenderTable {TABLE} at (0,751) size 785x4 [border: (2px solid #000000)]
        RenderTableSection {TBODY} at (2,2) size 781x0
          RenderTableRow {TR} at (0,0) size 781x0
            RenderTableCell {TD} at (0,0) size 0x0 [r=0 c=0 rs=1 cs=1]
      RenderBlock (anonymous) at (0,755) size 785x16
        RenderText {#text} at (0,0) size 112x16
          text run at (0,0) width 112: "Two empty cells:"
      RenderTable {TABLE} at (0,771) size 785x4 [border: (2px solid #000000)]
        RenderTableSection {TBODY} at (2,2) size 781x0
          RenderTableRow {TR} at (0,0) size 781x0
            RenderTableCell {TD} at (0,0) size 0x0 [r=0 c=0 rs=1 cs=1]
            RenderTableCell {TD} at (0,0) size 0x0 [r=0 c=1 rs=1 cs=1]
