layer at (0,0) size 800x600
  RenderView at (0,0) size 800x600
layer at (0,0) size 800x600
  RenderBlock {HTML} at (0,0) size 800x600
    RenderBody {BODY} at (8,8) size 784x584
      RenderTable {TABLE} at (0,0) size 784x56 [bgcolor=#FF0000]
        RenderTableSection {TBODY} at (0,0) size 784x56
          RenderTableRow {TR} at (0,2) size 784x52
            RenderTableCell {TD} at (2,2) size 780x52 [r=0 c=0 rs=1 cs=1]
              RenderBlock {DIV} at (1,1) size 778x50
                RenderBlock (anonymous) at (0,0) size 778x16
                  RenderText {#text} at (0,0) size 24x16
                    text run at (0,0) width 24: "boo"
                RenderTable {TABLE} at (0,16) size 100x34 [bgcolor=#800080]
                  RenderTableSection {TBODY} at (0,0) size 100x34
                    RenderTableRow {TR} at (0,2) size 100x30
                      RenderTableCell {TD} at (2,2) size 96x30 [r=0 c=0 rs=1 cs=1]
                        RenderTable {TABLE} at (1,1) size 94x28 [bgcolor=#0000FF]
                          RenderTableSection {TBODY} at (0,0) size 94x28
                            RenderTableRow {TR} at (0,2) size 94x24
                              RenderTableCell {TD} at (2,2) size 90x24 [r=0 c=0 rs=1 cs=1]
                                RenderTable {TABLE} at (1,1) size 88x22 [bgcolor=#008000]
                                  RenderTableSection {TBODY} at (0,0) size 88x22
                                    RenderTableRow {TR} at (0,2) size 88x18
                                      RenderTableCell {TD} at (2,2) size 84x18 [r=0 c=0 rs=1 cs=1]
                                        RenderText {#text} at (1,1) size 51x16
                                          text run at (1,1) width 51: "Content"
