layer at (0,0) size 800x600
  RenderView at (0,0) size 800x600
layer at (0,0) size 800x600
  RenderBlock {HTML} at (0,0) size 800x600
    RenderBody {BODY} at (8,8) size 784x584
      RenderTable {TABLE} at (0,0) size 784x34 [bgcolor=#FF0000]
        RenderTableSection {TBODY} at (0,0) size 784x34
          RenderTableRow {TR} at (0,2) size 784x30
            RenderTableCell {TD} at (2,2) size 780x30 [r=0 c=0 rs=1 cs=1]
              RenderBlock {DIV} at (1,1) size 150x28 [bgcolor=#800080]
                RenderTable {TABLE} at (0,0) size 150x28 [bgcolor=#0000FF]
                  RenderTableSection {TBODY} at (0,0) size 150x28
                    RenderTableRow {TR} at (0,2) size 150x24
                      RenderTableCell {TD} at (2,2) size 146x24 [r=0 c=0 rs=1 cs=1]
                        RenderTable {TABLE} at (1,1) size 144x22 [bgcolor=#008000]
                          RenderTableSection {TBODY} at (0,0) size 144x22
                            RenderTableRow {TR} at (0,2) size 144x18
                              RenderTableCell {TD} at (2,2) size 140x18 [r=0 c=0 rs=1 cs=1]
                                RenderText {#text} at (1,1) size 51x16
                                  text run at (1,1) width 51: "Content"
