layer at (0,0) size 785x7068
  RenderView at (0,0) size 785x600
layer at (0,0) size 785x7068
  RenderBlock {HTML} at (0,0) size 785x7068
    RenderBody {BODY} at (8,8) size 769x7012
      RenderTable {TABLE} at (0,0) size 273x106
        RenderBlock {CAPTION} at (0,0) size 273x16
          RenderInline {A} at (0,0) size 226x16
            RenderText {#text} at (21,0) size 226x16
              text run at (21,0) width 226: "Frame=\x{201C}void\x{201D} and Rules=\x{201C}none\x{201D}"
          RenderInline {<pseudo:after>} at (0,0) size 6x16
            RenderTextFragment at (246,0) size 6x16
              text run at (246,0) width 6: ":"
        RenderTableSection {THEAD} at (0,16) size 273x18
          RenderTableRow {TR} at (0,0) size 273x18
            RenderTableCell {TD} at (0,0) size 91x18 [r=0 c=0 rs=1 cs=1]
              RenderText {#text} at (1,1) size 89x16
                text run at (1,1) width 89: "Row 1, Cell 1"
            RenderTableCell {TD} at (91,0) size 91x18 [r=0 c=1 rs=1 cs=1]
              RenderText {#text} at (1,1) size 89x16
                text run at (1,1) width 89: "Row 1, Cell 2"
            RenderTableCell {TD} at (182,0) size 91x18 [r=0 c=2 rs=1 cs=1]
              RenderText {#text} at (1,1) size 89x16
                text run at (1,1) width 89: "Row 1, Cell 3"
        RenderTableSection {TBODY} at (0,34) size 273x54
          RenderTableRow {TR} at (0,0) size 273x18
            RenderTableCell {TD} at (0,9) size 91x18 [r=0 c=0 rs=2 cs=1]
              RenderText {#text} at (1,1) size 89x16
                text run at (1,1) width 89: "Row 2, Cell 1"
            RenderTableCell {TD} at (91,0) size 182x18 [r=0 c=1 rs=1 cs=2]
              RenderText {#text} at (1,1) size 89x16
                text run at (1,1) width 89: "Row 2, Cell 2"
          RenderTableRow {TR} at (0,18) size 273x18
            RenderTableCell {TD} at (91,18) size 91x18 [r=1 c=1 rs=1 cs=1]
              RenderText {#text} at (1,1) size 89x16
                text run at (1,1) width 89: "Row 3, Cell 2"
            RenderTableCell {TD} at (182,27) size 91x18 [r=1 c=2 rs=2 cs=1]
              RenderText {#text} at (1,1) size 89x16
                text run at (1,1) width 89: "Row 3, Cell 3"
          RenderTableRow {TR} at (0,36) size 273x18
            RenderTableCell {TD} at (0,36) size 182x18 [r=2 c=0 rs=1 cs=2]
              RenderText {#text} at (1,1) size 89x16
                text run at (1,1) width 89: "Row 4, Cell 1"
        RenderTableSection {TFOOT} at (0,88) size 273x18
          RenderTableRow {TR} at (0,0) size 273x18
            RenderTableCell {TD} at (0,0) size 91x18 [r=0 c=0 rs=1 cs=1]
              RenderText {#text} at (1,1) size 89x16
                text run at (1,1) width 89: "Row 5, Cell 1"
            RenderTableCell {TD} at (91,0) size 91x18 [r=0 c=1 rs=1 cs=1]
              RenderText {#text} at (1,1) size 89x16
                text run at (1,1) width 89: "Row 5, Cell 2"
            RenderTableCell {TD} at (182,0) size 91x18 [r=0 c=2 rs=1 cs=1]
              RenderText {#text} at (1,1) size 89x16
                text run at (1,1) width 89: "Row 5, Cell 3"
      RenderTable {TABLE} at (0,154) size 273x107
        RenderBlock {CAPTION} at (0,0) size 273x16
          RenderInline {A} at (0,0) size 237x16
            RenderText {#text} at (15,0) size 237x16
              text run at (15,0) width 237: "Frame=\x{201C}above\x{201D} and Rules=\x{201C}none\x{201D}"
          RenderInline {<pseudo:after>} at (0,0) size 7x16
            RenderTextFragment at (251,0) size 7x16
              text run at (251,0) width 7: ":"
        RenderTableSection {THEAD} at (0,16) size 273x19
          RenderTableRow {TR} at (0,0) size 273x19
            RenderTableCell {TD} at (0,0) size 91x19 [border: (1px none #000000)] [r=0 c=0 rs=1 cs=1]
              RenderText {#text} at (1,2) size 89x16
                text run at (1,2) width 89: "Row 1, Cell 1"
            RenderTableCell {TD} at (91,0) size 91x19 [border: (1px none #000000)] [r=0 c=1 rs=1 cs=1]
              RenderText {#text} at (1,2) size 89x16
                text run at (1,2) width 89: "Row 1, Cell 2"
            RenderTableCell {TD} at (182,0) size 91x19 [border: (1px none #000000)] [r=0 c=2 rs=1 cs=1]
              RenderText {#text} at (1,2) size 89x16
                text run at (1,2) width 89: "Row 1, Cell 3"
        RenderTableSection {TBODY} at (0,35) size 273x54
          RenderTableRow {TR} at (0,0) size 273x18
            RenderTableCell {TD} at (0,9) size 91x18 [r=0 c=0 rs=2 cs=1]
              RenderText {#text} at (1,1) size 89x16
                text run at (1,1) width 89: "Row 2, Cell 1"
            RenderTableCell {TD} at (91,0) size 182x18 [r=0 c=1 rs=1 cs=2]
              RenderText {#text} at (1,1) size 89x16
                text run at (1,1) width 89: "Row 2, Cell 2"
          RenderTableRow {TR} at (0,18) size 273x18
            RenderTableCell {TD} at (91,18) size 91x18 [r=1 c=1 rs=1 cs=1]
              RenderText {#text} at (1,1) size 89x16
                text run at (1,1) width 89: "Row 3, Cell 2"
            RenderTableCell {TD} at (182,27) size 91x18 [r=1 c=2 rs=2 cs=1]
              RenderText {#text} at (1,1) size 89x16
                text run at (1,1) width 89: "Row 3, Cell 3"
          RenderTableRow {TR} at (0,36) size 273x18
            RenderTableCell {TD} at (0,36) size 182x18 [r=2 c=0 rs=1 cs=2]
              RenderText {#text} at (1,1) size 89x16
                text run at (1,1) width 89: "Row 4, Cell 1"
        RenderTableSection {TFOOT} at (0,89) size 273x18
          RenderTableRow {TR} at (0,0) size 273x18
            RenderTableCell {TD} at (0,0) size 91x18 [r=0 c=0 rs=1 cs=1]
              RenderText {#text} at (1,1) size 89x16
                text run at (1,1) width 89: "Row 5, Cell 1"
            RenderTableCell {TD} at (91,0) size 91x18 [r=0 c=1 rs=1 cs=1]
              RenderText {#text} at (1,1) size 89x16
                text run at (1,1) width 89: "Row 5, Cell 2"
            RenderTableCell {TD} at (182,0) size 91x18 [r=0 c=2 rs=1 cs=1]
              RenderText {#text} at (1,1) size 89x16
                text run at (1,1) width 89: "Row 5, Cell 3"
      RenderTable {TABLE} at (0,309) size 273x107 [border: none (1px solid #808080) none]
        RenderBlock {CAPTION} at (0,0) size 273x16
          RenderInline {A} at (0,0) size 237x16
            RenderText {#text} at (15,0) size 237x16
              text run at (15,0) width 237: "Frame=\x{201C}below\x{201D} and Rules=\x{201C}none\x{201D}"
          RenderInline {<pseudo:after>} at (0,0) size 7x16
            RenderTextFragment at (251,0) size 7x16
              text run at (251,0) width 7: ":"
        RenderTableSection {THEAD} at (0,16) size 273x18
          RenderTableRow {TR} at (0,0) size 273x18
            RenderTableCell {TD} at (0,0) size 91x18 [r=0 c=0 rs=1 cs=1]
              RenderText {#text} at (1,1) size 89x16
                text run at (1,1) width 89: "Row 1, Cell 1"
            RenderTableCell {TD} at (91,0) size 91x18 [r=0 c=1 rs=1 cs=1]
              RenderText {#text} at (1,1) size 89x16
                text run at (1,1) width 89: "Row 1, Cell 2"
            RenderTableCell {TD} at (182,0) size 91x18 [r=0 c=2 rs=1 cs=1]
              RenderText {#text} at (1,1) size 89x16
                text run at (1,1) width 89: "Row 1, Cell 3"
        RenderTableSection {TBODY} at (0,34) size 273x54
          RenderTableRow {TR} at (0,0) size 273x18
            RenderTableCell {TD} at (0,9) size 91x18 [r=0 c=0 rs=2 cs=1]
              RenderText {#text} at (1,1) size 89x16
                text run at (1,1) width 89: "Row 2, Cell 1"
            RenderTableCell {TD} at (91,0) size 182x18 [r=0 c=1 rs=1 cs=2]
              RenderText {#text} at (1,1) size 89x16
                text run at (1,1) width 89: "Row 2, Cell 2"
          RenderTableRow {TR} at (0,18) size 273x18
            RenderTableCell {TD} at (91,18) size 91x18 [r=1 c=1 rs=1 cs=1]
              RenderText {#text} at (1,1) size 89x16
                text run at (1,1) width 89: "Row 3, Cell 2"
            RenderTableCell {TD} at (182,27) size 91x18 [r=1 c=2 rs=2 cs=1]
              RenderText {#text} at (1,1) size 89x16
                text run at (1,1) width 89: "Row 3, Cell 3"
          RenderTableRow {TR} at (0,36) size 273x18
            RenderTableCell {TD} at (0,36) size 182x18 [r=2 c=0 rs=1 cs=2]
              RenderText {#text} at (1,1) size 89x16
                text run at (1,1) width 89: "Row 4, Cell 1"
        RenderTableSection {TFOOT} at (0,88) size 273x18
          RenderTableRow {TR} at (0,0) size 273x18
            RenderTableCell {TD} at (0,0) size 91x18 [r=0 c=0 rs=1 cs=1]
              RenderText {#text} at (1,1) size 89x16
                text run at (1,1) width 89: "Row 5, Cell 1"
            RenderTableCell {TD} at (91,0) size 91x18 [r=0 c=1 rs=1 cs=1]
              RenderText {#text} at (1,1) size 89x16
                text run at (1,1) width 89: "Row 5, Cell 2"
            RenderTableCell {TD} at (182,0) size 91x18 [r=0 c=2 rs=1 cs=1]
              RenderText {#text} at (1,1) size 89x16
                text run at (1,1) width 89: "Row 5, Cell 3"
      RenderTable {TABLE} at (0,464) size 273x108 [border: none none (1px solid #808080) none]
        RenderBlock {CAPTION} at (0,0) size 273x16
          RenderInline {A} at (0,0) size 240x16
            RenderText {#text} at (14,0) size 240x16
              text run at (14,0) width 240: "Frame=\x{201C}hsides\x{201D} and Rules=\x{201C}none\x{201D}"
          RenderInline {<pseudo:after>} at (0,0) size 6x16
            RenderTextFragment at (253,0) size 6x16
              text run at (253,0) width 6: ":"
        RenderTableSection {THEAD} at (0,16) size 273x19
          RenderTableRow {TR} at (0,0) size 273x19
            RenderTableCell {TD} at (0,0) size 91x19 [border: (1px none #000000)] [r=0 c=0 rs=1 cs=1]
              RenderText {#text} at (1,2) size 89x16
                text run at (1,2) width 89: "Row 1, Cell 1"
            RenderTableCell {TD} at (91,0) size 91x19 [border: (1px none #000000)] [r=0 c=1 rs=1 cs=1]
              RenderText {#text} at (1,2) size 89x16
                text run at (1,2) width 89: "Row 1, Cell 2"
            RenderTableCell {TD} at (182,0) size 91x19 [border: (1px none #000000)] [r=0 c=2 rs=1 cs=1]
              RenderText {#text} at (1,2) size 89x16
                text run at (1,2) width 89: "Row 1, Cell 3"
        RenderTableSection {TBODY} at (0,35) size 273x54
          RenderTableRow {TR} at (0,0) size 273x18
            RenderTableCell {TD} at (0,9) size 91x18 [r=0 c=0 rs=2 cs=1]
              RenderText {#text} at (1,1) size 89x16
                text run at (1,1) width 89: "Row 2, Cell 1"
            RenderTableCell {TD} at (91,0) size 182x18 [r=0 c=1 rs=1 cs=2]
              RenderText {#text} at (1,1) size 89x16
                text run at (1,1) width 89: "Row 2, Cell 2"
          RenderTableRow {TR} at (0,18) size 273x18
            RenderTableCell {TD} at (91,18) size 91x18 [r=1 c=1 rs=1 cs=1]
              RenderText {#text} at (1,1) size 89x16
                text run at (1,1) width 89: "Row 3, Cell 2"
            RenderTableCell {TD} at (182,27) size 91x18 [r=1 c=2 rs=2 cs=1]
              RenderText {#text} at (1,1) size 89x16
                text run at (1,1) width 89: "Row 3, Cell 3"
          RenderTableRow {TR} at (0,36) size 273x18
            RenderTableCell {TD} at (0,36) size 182x18 [r=2 c=0 rs=1 cs=2]
              RenderText {#text} at (1,1) size 89x16
                text run at (1,1) width 89: "Row 4, Cell 1"
        RenderTableSection {TFOOT} at (0,89) size 273x18
          RenderTableRow {TR} at (0,0) size 273x18
            RenderTableCell {TD} at (0,0) size 91x18 [r=0 c=0 rs=1 cs=1]
              RenderText {#text} at (1,1) size 89x16
                text run at (1,1) width 89: "Row 5, Cell 1"
            RenderTableCell {TD} at (91,0) size 91x18 [r=0 c=1 rs=1 cs=1]
              RenderText {#text} at (1,1) size 89x16
                text run at (1,1) width 89: "Row 5, Cell 2"
            RenderTableCell {TD} at (182,0) size 91x18 [r=0 c=2 rs=1 cs=1]
              RenderText {#text} at (1,1) size 89x16
                text run at (1,1) width 89: "Row 5, Cell 3"
      RenderTable {TABLE} at (0,620) size 275x106 [border: none (1px solid #808080) none none]
        RenderBlock {CAPTION} at (0,0) size 275x16
          RenderInline {A} at (0,0) size 238x16
            RenderText {#text} at (16,0) size 238x16
              text run at (16,0) width 238: "Frame=\x{201C}vsides\x{201D} and Rules=\x{201C}none\x{201D}"
          RenderInline {<pseudo:after>} at (0,0) size 6x16
            RenderTextFragment at (253,0) size 6x16
              text run at (253,0) width 6: ":"
        RenderTableSection {THEAD} at (0,16) size 274x18
          RenderTableRow {TR} at (0,0) size 274x18
            RenderTableCell {TD} at (0,0) size 92x18 [border: none] [r=0 c=0 rs=1 cs=1]
              RenderText {#text} at (2,1) size 89x16
                text run at (2,1) width 89: "Row 1, Cell 1"
            RenderTableCell {TD} at (92,0) size 91x18 [r=0 c=1 rs=1 cs=1]
              RenderText {#text} at (1,1) size 89x16
                text run at (1,1) width 89: "Row 1, Cell 2"
            RenderTableCell {TD} at (183,0) size 91x18 [r=0 c=2 rs=1 cs=1]
              RenderText {#text} at (1,1) size 89x16
                text run at (1,1) width 89: "Row 1, Cell 3"
        RenderTableSection {TBODY} at (0,34) size 274x54
          RenderTableRow {TR} at (0,0) size 274x18
            RenderTableCell {TD} at (0,9) size 92x18 [border: none] [r=0 c=0 rs=2 cs=1]
              RenderText {#text} at (2,1) size 89x16
                text run at (2,1) width 89: "Row 2, Cell 1"
            RenderTableCell {TD} at (92,0) size 182x18 [r=0 c=1 rs=1 cs=2]
              RenderText {#text} at (1,1) size 89x16
                text run at (1,1) width 89: "Row 2, Cell 2"
          RenderTableRow {TR} at (0,18) size 274x18
            RenderTableCell {TD} at (92,18) size 91x18 [r=1 c=1 rs=1 cs=1]
              RenderText {#text} at (1,1) size 89x16
                text run at (1,1) width 89: "Row 3, Cell 2"
            RenderTableCell {TD} at (183,27) size 91x18 [r=1 c=2 rs=2 cs=1]
              RenderText {#text} at (1,1) size 89x16
                text run at (1,1) width 89: "Row 3, Cell 3"
          RenderTableRow {TR} at (0,36) size 274x18
            RenderTableCell {TD} at (0,36) size 183x18 [border: none] [r=2 c=0 rs=1 cs=2]
              RenderText {#text} at (2,1) size 89x16
                text run at (2,1) width 89: "Row 4, Cell 1"
        RenderTableSection {TFOOT} at (0,88) size 274x18
          RenderTableRow {TR} at (0,0) size 274x18
            RenderTableCell {TD} at (0,0) size 92x18 [border: none] [r=0 c=0 rs=1 cs=1]
              RenderText {#text} at (2,1) size 89x16
                text run at (2,1) width 89: "Row 5, Cell 1"
            RenderTableCell {TD} at (92,0) size 91x18 [r=0 c=1 rs=1 cs=1]
              RenderText {#text} at (1,1) size 89x16
                text run at (1,1) width 89: "Row 5, Cell 2"
            RenderTableCell {TD} at (183,0) size 91x18 [r=0 c=2 rs=1 cs=1]
              RenderText {#text} at (1,1) size 89x16
                text run at (1,1) width 89: "Row 5, Cell 3"
      RenderTable {TABLE} at (0,774) size 274x106
        RenderBlock {CAPTION} at (0,0) size 274x16
          RenderInline {A} at (0,0) size 219x16
            RenderText {#text} at (25,0) size 219x16
              text run at (25,0) width 219: "Frame=\x{201C}lhs\x{201D} and Rules=\x{201C}none\x{201D}"
          RenderInline {<pseudo:after>} at (0,0) size 6x16
            RenderTextFragment at (243,0) size 6x16
              text run at (243,0) width 6: ":"
        RenderTableSection {THEAD} at (0,16) size 274x18
          RenderTableRow {TR} at (0,0) size 274x18
            RenderTableCell {TD} at (0,0) size 92x18 [border: none] [r=0 c=0 rs=1 cs=1]
              RenderText {#text} at (2,1) size 89x16
                text run at (2,1) width 89: "Row 1, Cell 1"
            RenderTableCell {TD} at (92,0) size 91x18 [r=0 c=1 rs=1 cs=1]
              RenderText {#text} at (1,1) size 89x16
                text run at (1,1) width 89: "Row 1, Cell 2"
            RenderTableCell {TD} at (183,0) size 91x18 [r=0 c=2 rs=1 cs=1]
              RenderText {#text} at (1,1) size 89x16
                text run at (1,1) width 89: "Row 1, Cell 3"
        RenderTableSection {TBODY} at (0,34) size 274x54
          RenderTableRow {TR} at (0,0) size 274x18
            RenderTableCell {TD} at (0,9) size 92x18 [border: none] [r=0 c=0 rs=2 cs=1]
              RenderText {#text} at (2,1) size 89x16
                text run at (2,1) width 89: "Row 2, Cell 1"
            RenderTableCell {TD} at (92,0) size 182x18 [r=0 c=1 rs=1 cs=2]
              RenderText {#text} at (1,1) size 89x16
                text run at (1,1) width 89: "Row 2, Cell 2"
          RenderTableRow {TR} at (0,18) size 274x18
            RenderTableCell {TD} at (92,18) size 91x18 [r=1 c=1 rs=1 cs=1]
              RenderText {#text} at (1,1) size 89x16
                text run at (1,1) width 89: "Row 3, Cell 2"
            RenderTableCell {TD} at (183,27) size 91x18 [r=1 c=2 rs=2 cs=1]
              RenderText {#text} at (1,1) size 89x16
                text run at (1,1) width 89: "Row 3, Cell 3"
          RenderTableRow {TR} at (0,36) size 274x18
            RenderTableCell {TD} at (0,36) size 183x18 [border: none] [r=2 c=0 rs=1 cs=2]
              RenderText {#text} at (2,1) size 89x16
                text run at (2,1) width 89: "Row 4, Cell 1"
        RenderTableSection {TFOOT} at (0,88) size 274x18
          RenderTableRow {TR} at (0,0) size 274x18
            RenderTableCell {TD} at (0,0) size 92x18 [border: none] [r=0 c=0 rs=1 cs=1]
              RenderText {#text} at (2,1) size 89x16
                text run at (2,1) width 89: "Row 5, Cell 1"
            RenderTableCell {TD} at (92,0) size 91x18 [r=0 c=1 rs=1 cs=1]
              RenderText {#text} at (1,1) size 89x16
                text run at (1,1) width 89: "Row 5, Cell 2"
            RenderTableCell {TD} at (183,0) size 91x18 [r=0 c=2 rs=1 cs=1]
              RenderText {#text} at (1,1) size 89x16
                text run at (1,1) width 89: "Row 5, Cell 3"
      RenderTable {TABLE} at (0,928) size 274x106 [border: none (1px solid #808080) none]
        RenderBlock {CAPTION} at (0,0) size 274x16
          RenderInline {A} at (0,0) size 220x16
            RenderText {#text} at (24,0) size 220x16
              text run at (24,0) width 220: "Frame=\x{201C}rhs\x{201D} and Rules=\x{201C}none\x{201D}"
          RenderInline {<pseudo:after>} at (0,0) size 7x16
            RenderTextFragment at (243,0) size 7x16
              text run at (243,0) width 7: ":"
        RenderTableSection {THEAD} at (0,16) size 273x18
          RenderTableRow {TR} at (0,0) size 273x18
            RenderTableCell {TD} at (0,0) size 91x18 [r=0 c=0 rs=1 cs=1]
              RenderText {#text} at (1,1) size 89x16
                text run at (1,1) width 89: "Row 1, Cell 1"
            RenderTableCell {TD} at (91,0) size 91x18 [r=0 c=1 rs=1 cs=1]
              RenderText {#text} at (1,1) size 89x16
                text run at (1,1) width 89: "Row 1, Cell 2"
            RenderTableCell {TD} at (182,0) size 91x18 [r=0 c=2 rs=1 cs=1]
              RenderText {#text} at (1,1) size 89x16
                text run at (1,1) width 89: "Row 1, Cell 3"
        RenderTableSection {TBODY} at (0,34) size 273x54
          RenderTableRow {TR} at (0,0) size 273x18
            RenderTableCell {TD} at (0,9) size 91x18 [r=0 c=0 rs=2 cs=1]
              RenderText {#text} at (1,1) size 89x16
                text run at (1,1) width 89: "Row 2, Cell 1"
            RenderTableCell {TD} at (91,0) size 182x18 [r=0 c=1 rs=1 cs=2]
              RenderText {#text} at (1,1) size 89x16
                text run at (1,1) width 89: "Row 2, Cell 2"
          RenderTableRow {TR} at (0,18) size 273x18
            RenderTableCell {TD} at (91,18) size 91x18 [r=1 c=1 rs=1 cs=1]
              RenderText {#text} at (1,1) size 89x16
                text run at (1,1) width 89: "Row 3, Cell 2"
            RenderTableCell {TD} at (182,27) size 91x18 [r=1 c=2 rs=2 cs=1]
              RenderText {#text} at (1,1) size 89x16
                text run at (1,1) width 89: "Row 3, Cell 3"
          RenderTableRow {TR} at (0,36) size 273x18
            RenderTableCell {TD} at (0,36) size 182x18 [r=2 c=0 rs=1 cs=2]
              RenderText {#text} at (1,1) size 89x16
                text run at (1,1) width 89: "Row 4, Cell 1"
        RenderTableSection {TFOOT} at (0,88) size 273x18
          RenderTableRow {TR} at (0,0) size 273x18
            RenderTableCell {TD} at (0,0) size 91x18 [r=0 c=0 rs=1 cs=1]
              RenderText {#text} at (1,1) size 89x16
                text run at (1,1) width 89: "Row 5, Cell 1"
            RenderTableCell {TD} at (91,0) size 91x18 [r=0 c=1 rs=1 cs=1]
              RenderText {#text} at (1,1) size 89x16
                text run at (1,1) width 89: "Row 5, Cell 2"
            RenderTableCell {TD} at (182,0) size 91x18 [r=0 c=2 rs=1 cs=1]
              RenderText {#text} at (1,1) size 89x16
                text run at (1,1) width 89: "Row 5, Cell 3"
      RenderTable {TABLE} at (0,1082) size 275x108 [border: none]
        RenderBlock {CAPTION} at (0,0) size 275x16
          RenderInline {A} at (0,0) size 223x16
            RenderText {#text} at (23,0) size 223x16
              text run at (23,0) width 223: "Frame=\x{201C}box\x{201D} and Rules=\x{201C}none\x{201D}"
          RenderInline {<pseudo:after>} at (0,0) size 7x16
            RenderTextFragment at (245,0) size 7x16
              text run at (245,0) width 7: ":"
        RenderTableSection {THEAD} at (0,16) size 274x19
          RenderTableRow {TR} at (0,0) size 274x19
            RenderTableCell {TD} at (0,0) size 92x19 [border: (1px none #000000)] [r=0 c=0 rs=1 cs=1]
              RenderText {#text} at (2,2) size 89x16
                text run at (2,2) width 89: "Row 1, Cell 1"
            RenderTableCell {TD} at (92,0) size 91x19 [border: (1px none #000000)] [r=0 c=1 rs=1 cs=1]
              RenderText {#text} at (1,2) size 89x16
                text run at (1,2) width 89: "Row 1, Cell 2"
            RenderTableCell {TD} at (183,0) size 91x19 [border: (1px none #000000)] [r=0 c=2 rs=1 cs=1]
              RenderText {#text} at (1,2) size 89x16
                text run at (1,2) width 89: "Row 1, Cell 3"
        RenderTableSection {TBODY} at (0,35) size 274x54
          RenderTableRow {TR} at (0,0) size 274x18
            RenderTableCell {TD} at (0,9) size 92x18 [border: none] [r=0 c=0 rs=2 cs=1]
              RenderText {#text} at (2,1) size 89x16
                text run at (2,1) width 89: "Row 2, Cell 1"
            RenderTableCell {TD} at (92,0) size 182x18 [r=0 c=1 rs=1 cs=2]
              RenderText {#text} at (1,1) size 89x16
                text run at (1,1) width 89: "Row 2, Cell 2"
          RenderTableRow {TR} at (0,18) size 274x18
            RenderTableCell {TD} at (92,18) size 91x18 [r=1 c=1 rs=1 cs=1]
              RenderText {#text} at (1,1) size 89x16
                text run at (1,1) width 89: "Row 3, Cell 2"
            RenderTableCell {TD} at (183,27) size 91x18 [r=1 c=2 rs=2 cs=1]
              RenderText {#text} at (1,1) size 89x16
                text run at (1,1) width 89: "Row 3, Cell 3"
          RenderTableRow {TR} at (0,36) size 274x18
            RenderTableCell {TD} at (0,36) size 183x18 [border: none] [r=2 c=0 rs=1 cs=2]
              RenderText {#text} at (2,1) size 89x16
                text run at (2,1) width 89: "Row 4, Cell 1"
        RenderTableSection {TFOOT} at (0,89) size 274x18
          RenderTableRow {TR} at (0,0) size 274x18
            RenderTableCell {TD} at (0,0) size 92x18 [border: none] [r=0 c=0 rs=1 cs=1]
              RenderText {#text} at (2,1) size 89x16
                text run at (2,1) width 89: "Row 5, Cell 1"
            RenderTableCell {TD} at (92,0) size 91x18 [r=0 c=1 rs=1 cs=1]
              RenderText {#text} at (1,1) size 89x16
                text run at (1,1) width 89: "Row 5, Cell 2"
            RenderTableCell {TD} at (183,0) size 91x18 [r=0 c=2 rs=1 cs=1]
              RenderText {#text} at (1,1) size 89x16
                text run at (1,1) width 89: "Row 5, Cell 3"
      RenderTable {TABLE} at (0,1238) size 275x108 [border: none]
        RenderBlock {CAPTION} at (0,0) size 275x16
          RenderInline {A} at (0,0) size 242x16
            RenderText {#text} at (14,0) size 242x16
              text run at (14,0) width 242: "Frame=\x{201C}border\x{201D} and Rules=\x{201C}none\x{201D}"
          RenderInline {<pseudo:after>} at (0,0) size 6x16
            RenderTextFragment at (255,0) size 6x16
              text run at (255,0) width 6: ":"
        RenderTableSection {THEAD} at (0,16) size 274x19
          RenderTableRow {TR} at (0,0) size 274x19
            RenderTableCell {TD} at (0,0) size 92x19 [border: (1px none #000000)] [r=0 c=0 rs=1 cs=1]
              RenderText {#text} at (2,2) size 89x16
                text run at (2,2) width 89: "Row 1, Cell 1"
            RenderTableCell {TD} at (92,0) size 91x19 [border: (1px none #000000)] [r=0 c=1 rs=1 cs=1]
              RenderText {#text} at (1,2) size 89x16
                text run at (1,2) width 89: "Row 1, Cell 2"
            RenderTableCell {TD} at (183,0) size 91x19 [border: (1px none #000000)] [r=0 c=2 rs=1 cs=1]
              RenderText {#text} at (1,2) size 89x16
                text run at (1,2) width 89: "Row 1, Cell 3"
        RenderTableSection {TBODY} at (0,35) size 274x54
          RenderTableRow {TR} at (0,0) size 274x18
            RenderTableCell {TD} at (0,9) size 92x18 [border: none] [r=0 c=0 rs=2 cs=1]
              RenderText {#text} at (2,1) size 89x16
                text run at (2,1) width 89: "Row 2, Cell 1"
            RenderTableCell {TD} at (92,0) size 182x18 [r=0 c=1 rs=1 cs=2]
              RenderText {#text} at (1,1) size 89x16
                text run at (1,1) width 89: "Row 2, Cell 2"
          RenderTableRow {TR} at (0,18) size 274x18
            RenderTableCell {TD} at (92,18) size 91x18 [r=1 c=1 rs=1 cs=1]
              RenderText {#text} at (1,1) size 89x16
                text run at (1,1) width 89: "Row 3, Cell 2"
            RenderTableCell {TD} at (183,27) size 91x18 [r=1 c=2 rs=2 cs=1]
              RenderText {#text} at (1,1) size 89x16
                text run at (1,1) width 89: "Row 3, Cell 3"
          RenderTableRow {TR} at (0,36) size 274x18
            RenderTableCell {TD} at (0,36) size 183x18 [border: none] [r=2 c=0 rs=1 cs=2]
              RenderText {#text} at (2,1) size 89x16
                text run at (2,1) width 89: "Row 4, Cell 1"
        RenderTableSection {TFOOT} at (0,89) size 274x18
          RenderTableRow {TR} at (0,0) size 274x18
            RenderTableCell {TD} at (0,0) size 92x18 [border: none] [r=0 c=0 rs=1 cs=1]
              RenderText {#text} at (2,1) size 89x16
                text run at (2,1) width 89: "Row 5, Cell 1"
            RenderTableCell {TD} at (92,0) size 91x18 [r=0 c=1 rs=1 cs=1]
              RenderText {#text} at (1,1) size 89x16
                text run at (1,1) width 89: "Row 5, Cell 2"
            RenderTableCell {TD} at (183,0) size 91x18 [r=0 c=2 rs=1 cs=1]
              RenderText {#text} at (1,1) size 89x16
                text run at (1,1) width 89: "Row 5, Cell 3"
      RenderTable {TABLE} at (0,1394) size 273x108
        RenderBlock {CAPTION} at (0,0) size 273x16
          RenderInline {A} at (0,0) size 239x16
            RenderText {#text} at (14,0) size 239x16
              text run at (14,0) width 239: "Frame=\x{201C}void\x{201D} and Rules=\x{201C}groups\x{201D}"
          RenderInline {<pseudo:after>} at (0,0) size 7x16
            RenderTextFragment at (252,0) size 7x16
              text run at (252,0) width 7: ":"
        RenderTableSection {THEAD} at (0,16) size 273x18 [border: (1px solid #808080) none (1px solid #808080) none]
          RenderTableRow {TR} at (0,0) size 273x18
            RenderTableCell {TD} at (0,0) size 91x18 [r=0 c=0 rs=1 cs=1]
              RenderText {#text} at (1,1) size 89x16
                text run at (1,1) width 89: "Row 1, Cell 1"
            RenderTableCell {TD} at (91,0) size 91x18 [r=0 c=1 rs=1 cs=1]
              RenderText {#text} at (1,1) size 89x16
                text run at (1,1) width 89: "Row 1, Cell 2"
            RenderTableCell {TD} at (182,0) size 91x18 [r=0 c=2 rs=1 cs=1]
              RenderText {#text} at (1,1) size 89x16
                text run at (1,1) width 89: "Row 1, Cell 3"
        RenderTableSection {TBODY} at (0,34) size 273x55 [border: (1px solid #808080) none (1px solid #808080) none]
          RenderTableRow {TR} at (0,0) size 273x19
            RenderTableCell {TD} at (0,9) size 91x19 [border: (1px none #000000)] [r=0 c=0 rs=2 cs=1]
              RenderText {#text} at (1,2) size 89x16
                text run at (1,2) width 89: "Row 2, Cell 1"
            RenderTableCell {TD} at (91,0) size 182x19 [border: (1px none #000000)] [r=0 c=1 rs=1 cs=2]
              RenderText {#text} at (1,2) size 89x16
                text run at (1,2) width 89: "Row 2, Cell 2"
          RenderTableRow {TR} at (0,19) size 273x18
            RenderTableCell {TD} at (91,19) size 91x18 [r=1 c=1 rs=1 cs=1]
              RenderText {#text} at (1,1) size 89x16
                text run at (1,1) width 89: "Row 3, Cell 2"
            RenderTableCell {TD} at (182,28) size 91x18 [r=1 c=2 rs=2 cs=1]
              RenderText {#text} at (1,1) size 89x16
                text run at (1,1) width 89: "Row 3, Cell 3"
          RenderTableRow {TR} at (0,37) size 273x18
            RenderTableCell {TD} at (0,37) size 182x18 [r=2 c=0 rs=1 cs=2]
              RenderText {#text} at (1,1) size 89x16
                text run at (1,1) width 89: "Row 4, Cell 1"
        RenderTableSection {TFOOT} at (0,89) size 273x19 [border: (1px solid #808080) none (1px solid #808080) none]
          RenderTableRow {TR} at (0,0) size 273x19
            RenderTableCell {TD} at (0,0) size 91x19 [border: (1px none #000000)] [r=0 c=0 rs=1 cs=1]
              RenderText {#text} at (1,2) size 89x16
                text run at (1,2) width 89: "Row 5, Cell 1"
            RenderTableCell {TD} at (91,0) size 91x19 [border: (1px none #000000)] [r=0 c=1 rs=1 cs=1]
              RenderText {#text} at (1,2) size 89x16
                text run at (1,2) width 89: "Row 5, Cell 2"
            RenderTableCell {TD} at (182,0) size 91x19 [border: (1px none #000000)] [r=0 c=2 rs=1 cs=1]
              RenderText {#text} at (1,2) size 89x16
                text run at (1,2) width 89: "Row 5, Cell 3"
      RenderTable {TABLE} at (0,1550) size 273x109
        RenderBlock {CAPTION} at (0,0) size 273x16
          RenderInline {A} at (0,0) size 250x16
            RenderText {#text} at (9,0) size 250x16
              text run at (9,0) width 250: "Frame=\x{201C}above\x{201D} and Rules=\x{201C}groups\x{201D}"
          RenderInline {<pseudo:after>} at (0,0) size 6x16
            RenderTextFragment at (258,0) size 6x16
              text run at (258,0) width 6: ":"
        RenderTableSection {THEAD} at (0,16) size 273x19 [border: (1px solid #808080) none (1px solid #808080) none]
          RenderTableRow {TR} at (0,0) size 273x19
            RenderTableCell {TD} at (0,0) size 91x19 [border: (1px none #000000)] [r=0 c=0 rs=1 cs=1]
              RenderText {#text} at (1,2) size 89x16
                text run at (1,2) width 89: "Row 1, Cell 1"
            RenderTableCell {TD} at (91,0) size 91x19 [border: (1px none #000000)] [r=0 c=1 rs=1 cs=1]
              RenderText {#text} at (1,2) size 89x16
                text run at (1,2) width 89: "Row 1, Cell 2"
            RenderTableCell {TD} at (182,0) size 91x19 [border: (1px none #000000)] [r=0 c=2 rs=1 cs=1]
              RenderText {#text} at (1,2) size 89x16
                text run at (1,2) width 89: "Row 1, Cell 3"
        RenderTableSection {TBODY} at (0,35) size 273x55 [border: (1px solid #808080) none (1px solid #808080) none]
          RenderTableRow {TR} at (0,0) size 273x19
            RenderTableCell {TD} at (0,9) size 91x19 [border: (1px none #000000)] [r=0 c=0 rs=2 cs=1]
              RenderText {#text} at (1,2) size 89x16
                text run at (1,2) width 89: "Row 2, Cell 1"
            RenderTableCell {TD} at (91,0) size 182x19 [border: (1px none #000000)] [r=0 c=1 rs=1 cs=2]
              RenderText {#text} at (1,2) size 89x16
                text run at (1,2) width 89: "Row 2, Cell 2"
          RenderTableRow {TR} at (0,19) size 273x18
            RenderTableCell {TD} at (91,19) size 91x18 [r=1 c=1 rs=1 cs=1]
              RenderText {#text} at (1,1) size 89x16
                text run at (1,1) width 89: "Row 3, Cell 2"
            RenderTableCell {TD} at (182,28) size 91x18 [r=1 c=2 rs=2 cs=1]
              RenderText {#text} at (1,1) size 89x16
                text run at (1,1) width 89: "Row 3, Cell 3"
          RenderTableRow {TR} at (0,37) size 273x18
            RenderTableCell {TD} at (0,37) size 182x18 [r=2 c=0 rs=1 cs=2]
              RenderText {#text} at (1,1) size 89x16
                text run at (1,1) width 89: "Row 4, Cell 1"
        RenderTableSection {TFOOT} at (0,90) size 273x19 [border: (1px solid #808080) none (1px solid #808080) none]
          RenderTableRow {TR} at (0,0) size 273x19
            RenderTableCell {TD} at (0,0) size 91x19 [border: (1px none #000000)] [r=0 c=0 rs=1 cs=1]
              RenderText {#text} at (1,2) size 89x16
                text run at (1,2) width 89: "Row 5, Cell 1"
            RenderTableCell {TD} at (91,0) size 91x19 [border: (1px none #000000)] [r=0 c=1 rs=1 cs=1]
              RenderText {#text} at (1,2) size 89x16
                text run at (1,2) width 89: "Row 5, Cell 2"
            RenderTableCell {TD} at (182,0) size 91x19 [border: (1px none #000000)] [r=0 c=2 rs=1 cs=1]
              RenderText {#text} at (1,2) size 89x16
                text run at (1,2) width 89: "Row 5, Cell 3"
      RenderTable {TABLE} at (0,1707) size 273x109 [border: none (1px solid #808080) none]
        RenderBlock {CAPTION} at (0,0) size 273x16
          RenderInline {A} at (0,0) size 250x16
            RenderText {#text} at (9,0) size 250x16
              text run at (9,0) width 250: "Frame=\x{201C}below\x{201D} and Rules=\x{201C}groups\x{201D}"
          RenderInline {<pseudo:after>} at (0,0) size 6x16
            RenderTextFragment at (258,0) size 6x16
              text run at (258,0) width 6: ":"
        RenderTableSection {THEAD} at (0,16) size 273x18 [border: (1px solid #808080) none (1px solid #808080) none]
          RenderTableRow {TR} at (0,0) size 273x18
            RenderTableCell {TD} at (0,0) size 91x18 [r=0 c=0 rs=1 cs=1]
              RenderText {#text} at (1,1) size 89x16
                text run at (1,1) width 89: "Row 1, Cell 1"
            RenderTableCell {TD} at (91,0) size 91x18 [r=0 c=1 rs=1 cs=1]
              RenderText {#text} at (1,1) size 89x16
                text run at (1,1) width 89: "Row 1, Cell 2"
            RenderTableCell {TD} at (182,0) size 91x18 [r=0 c=2 rs=1 cs=1]
              RenderText {#text} at (1,1) size 89x16
                text run at (1,1) width 89: "Row 1, Cell 3"
        RenderTableSection {TBODY} at (0,34) size 273x55 [border: (1px solid #808080) none (1px solid #808080) none]
          RenderTableRow {TR} at (0,0) size 273x19
            RenderTableCell {TD} at (0,9) size 91x19 [border: (1px none #000000)] [r=0 c=0 rs=2 cs=1]
              RenderText {#text} at (1,2) size 89x16
                text run at (1,2) width 89: "Row 2, Cell 1"
            RenderTableCell {TD} at (91,0) size 182x19 [border: (1px none #000000)] [r=0 c=1 rs=1 cs=2]
              RenderText {#text} at (1,2) size 89x16
                text run at (1,2) width 89: "Row 2, Cell 2"
          RenderTableRow {TR} at (0,19) size 273x18
            RenderTableCell {TD} at (91,19) size 91x18 [r=1 c=1 rs=1 cs=1]
              RenderText {#text} at (1,1) size 89x16
                text run at (1,1) width 89: "Row 3, Cell 2"
            RenderTableCell {TD} at (182,28) size 91x18 [r=1 c=2 rs=2 cs=1]
              RenderText {#text} at (1,1) size 89x16
                text run at (1,1) width 89: "Row 3, Cell 3"
          RenderTableRow {TR} at (0,37) size 273x18
            RenderTableCell {TD} at (0,37) size 182x18 [r=2 c=0 rs=1 cs=2]
              RenderText {#text} at (1,1) size 89x16
                text run at (1,1) width 89: "Row 4, Cell 1"
        RenderTableSection {TFOOT} at (0,89) size 273x19 [border: (1px solid #808080) none (1px solid #808080) none]
          RenderTableRow {TR} at (0,0) size 273x19
            RenderTableCell {TD} at (0,0) size 91x19 [border: (1px none #000000)] [r=0 c=0 rs=1 cs=1]
              RenderText {#text} at (1,2) size 89x16
                text run at (1,2) width 89: "Row 5, Cell 1"
            RenderTableCell {TD} at (91,0) size 91x19 [border: (1px none #000000)] [r=0 c=1 rs=1 cs=1]
              RenderText {#text} at (1,2) size 89x16
                text run at (1,2) width 89: "Row 5, Cell 2"
            RenderTableCell {TD} at (182,0) size 91x19 [border: (1px none #000000)] [r=0 c=2 rs=1 cs=1]
              RenderText {#text} at (1,2) size 89x16
                text run at (1,2) width 89: "Row 5, Cell 3"
      RenderTable {TABLE} at (0,1864) size 273x110 [border: none none (1px solid #808080) none]
        RenderBlock {CAPTION} at (0,0) size 273x16
          RenderInline {A} at (0,0) size 252x16
            RenderText {#text} at (8,0) size 252x16
              text run at (8,0) width 252: "Frame=\x{201C}hsides\x{201D} and Rules=\x{201C}groups\x{201D}"
          RenderInline {<pseudo:after>} at (0,0) size 6x16
            RenderTextFragment at (259,0) size 6x16
              text run at (259,0) width 6: ":"
        RenderTableSection {THEAD} at (0,16) size 273x19 [border: (1px solid #808080) none (1px solid #808080) none]
          RenderTableRow {TR} at (0,0) size 273x19
            RenderTableCell {TD} at (0,0) size 91x19 [border: (1px none #000000)] [r=0 c=0 rs=1 cs=1]
              RenderText {#text} at (1,2) size 89x16
                text run at (1,2) width 89: "Row 1, Cell 1"
            RenderTableCell {TD} at (91,0) size 91x19 [border: (1px none #000000)] [r=0 c=1 rs=1 cs=1]
              RenderText {#text} at (1,2) size 89x16
                text run at (1,2) width 89: "Row 1, Cell 2"
            RenderTableCell {TD} at (182,0) size 91x19 [border: (1px none #000000)] [r=0 c=2 rs=1 cs=1]
              RenderText {#text} at (1,2) size 89x16
                text run at (1,2) width 89: "Row 1, Cell 3"
        RenderTableSection {TBODY} at (0,35) size 273x55 [border: (1px solid #808080) none (1px solid #808080) none]
          RenderTableRow {TR} at (0,0) size 273x19
            RenderTableCell {TD} at (0,9) size 91x19 [border: (1px none #000000)] [r=0 c=0 rs=2 cs=1]
              RenderText {#text} at (1,2) size 89x16
                text run at (1,2) width 89: "Row 2, Cell 1"
            RenderTableCell {TD} at (91,0) size 182x19 [border: (1px none #000000)] [r=0 c=1 rs=1 cs=2]
              RenderText {#text} at (1,2) size 89x16
                text run at (1,2) width 89: "Row 2, Cell 2"
          RenderTableRow {TR} at (0,19) size 273x18
            RenderTableCell {TD} at (91,19) size 91x18 [r=1 c=1 rs=1 cs=1]
              RenderText {#text} at (1,1) size 89x16
                text run at (1,1) width 89: "Row 3, Cell 2"
            RenderTableCell {TD} at (182,28) size 91x18 [r=1 c=2 rs=2 cs=1]
              RenderText {#text} at (1,1) size 89x16
                text run at (1,1) width 89: "Row 3, Cell 3"
          RenderTableRow {TR} at (0,37) size 273x18
            RenderTableCell {TD} at (0,37) size 182x18 [r=2 c=0 rs=1 cs=2]
              RenderText {#text} at (1,1) size 89x16
                text run at (1,1) width 89: "Row 4, Cell 1"
        RenderTableSection {TFOOT} at (0,90) size 273x19 [border: (1px solid #808080) none (1px solid #808080) none]
          RenderTableRow {TR} at (0,0) size 273x19
            RenderTableCell {TD} at (0,0) size 91x19 [border: (1px none #000000)] [r=0 c=0 rs=1 cs=1]
              RenderText {#text} at (1,2) size 89x16
                text run at (1,2) width 89: "Row 5, Cell 1"
            RenderTableCell {TD} at (91,0) size 91x19 [border: (1px none #000000)] [r=0 c=1 rs=1 cs=1]
              RenderText {#text} at (1,2) size 89x16
                text run at (1,2) width 89: "Row 5, Cell 2"
            RenderTableCell {TD} at (182,0) size 91x19 [border: (1px none #000000)] [r=0 c=2 rs=1 cs=1]
              RenderText {#text} at (1,2) size 89x16
                text run at (1,2) width 89: "Row 5, Cell 3"
      RenderTable {TABLE} at (0,2022) size 275x108 [border: none (1px solid #808080) none none]
        RenderBlock {CAPTION} at (0,0) size 275x16
          RenderInline {A} at (0,0) size 250x16
            RenderText {#text} at (10,0) size 250x16
              text run at (10,0) width 250: "Frame=\x{201C}vsides\x{201D} and Rules=\x{201C}groups\x{201D}"
          RenderInline {<pseudo:after>} at (0,0) size 6x16
            RenderTextFragment at (259,0) size 6x16
              text run at (259,0) width 6: ":"
        RenderTableSection {THEAD} at (0,16) size 274x18 [border: (1px solid #808080) none (1px solid #808080) none]
          RenderTableRow {TR} at (0,0) size 274x18
            RenderTableCell {TD} at (0,0) size 92x18 [border: none] [r=0 c=0 rs=1 cs=1]
              RenderText {#text} at (2,1) size 89x16
                text run at (2,1) width 89: "Row 1, Cell 1"
            RenderTableCell {TD} at (92,0) size 91x18 [r=0 c=1 rs=1 cs=1]
              RenderText {#text} at (1,1) size 89x16
                text run at (1,1) width 89: "Row 1, Cell 2"
            RenderTableCell {TD} at (183,0) size 91x18 [r=0 c=2 rs=1 cs=1]
              RenderText {#text} at (1,1) size 89x16
                text run at (1,1) width 89: "Row 1, Cell 3"
        RenderTableSection {TBODY} at (0,34) size 274x55 [border: (1px solid #808080) none (1px solid #808080) none]
          RenderTableRow {TR} at (0,0) size 274x19
            RenderTableCell {TD} at (0,9) size 92x19 [border: (1px none #000000)] [r=0 c=0 rs=2 cs=1]
              RenderText {#text} at (2,2) size 89x16
                text run at (2,2) width 89: "Row 2, Cell 1"
            RenderTableCell {TD} at (92,0) size 182x19 [border: (1px none #000000)] [r=0 c=1 rs=1 cs=2]
              RenderText {#text} at (1,2) size 89x16
                text run at (1,2) width 89: "Row 2, Cell 2"
          RenderTableRow {TR} at (0,19) size 274x18
            RenderTableCell {TD} at (92,19) size 91x18 [r=1 c=1 rs=1 cs=1]
              RenderText {#text} at (1,1) size 89x16
                text run at (1,1) width 89: "Row 3, Cell 2"
            RenderTableCell {TD} at (183,28) size 91x18 [r=1 c=2 rs=2 cs=1]
              RenderText {#text} at (1,1) size 89x16
                text run at (1,1) width 89: "Row 3, Cell 3"
          RenderTableRow {TR} at (0,37) size 274x18
            RenderTableCell {TD} at (0,37) size 183x18 [border: none] [r=2 c=0 rs=1 cs=2]
              RenderText {#text} at (2,1) size 89x16
                text run at (2,1) width 89: "Row 4, Cell 1"
        RenderTableSection {TFOOT} at (0,89) size 274x19 [border: (1px solid #808080) none (1px solid #808080) none]
          RenderTableRow {TR} at (0,0) size 274x19
            RenderTableCell {TD} at (0,0) size 92x19 [border: (1px none #000000)] [r=0 c=0 rs=1 cs=1]
              RenderText {#text} at (2,2) size 89x16
                text run at (2,2) width 89: "Row 5, Cell 1"
            RenderTableCell {TD} at (92,0) size 91x19 [border: (1px none #000000)] [r=0 c=1 rs=1 cs=1]
              RenderText {#text} at (1,2) size 89x16
                text run at (1,2) width 89: "Row 5, Cell 2"
            RenderTableCell {TD} at (183,0) size 91x19 [border: (1px none #000000)] [r=0 c=2 rs=1 cs=1]
              RenderText {#text} at (1,2) size 89x16
                text run at (1,2) width 89: "Row 5, Cell 3"
      RenderTable {TABLE} at (0,2178) size 274x108
        RenderBlock {CAPTION} at (0,0) size 274x16
          RenderInline {A} at (0,0) size 231x16
            RenderText {#text} at (19,0) size 231x16
              text run at (19,0) width 231: "Frame=\x{201C}lhs\x{201D} and Rules=\x{201C}groups\x{201D}"
          RenderInline {<pseudo:after>} at (0,0) size 6x16
            RenderTextFragment at (249,0) size 6x16
              text run at (249,0) width 6: ":"
        RenderTableSection {THEAD} at (0,16) size 274x18 [border: (1px solid #808080) none (1px solid #808080) none]
          RenderTableRow {TR} at (0,0) size 274x18
            RenderTableCell {TD} at (0,0) size 92x18 [border: none] [r=0 c=0 rs=1 cs=1]
              RenderText {#text} at (2,1) size 89x16
                text run at (2,1) width 89: "Row 1, Cell 1"
            RenderTableCell {TD} at (92,0) size 91x18 [r=0 c=1 rs=1 cs=1]
              RenderText {#text} at (1,1) size 89x16
                text run at (1,1) width 89: "Row 1, Cell 2"
            RenderTableCell {TD} at (183,0) size 91x18 [r=0 c=2 rs=1 cs=1]
              RenderText {#text} at (1,1) size 89x16
                text run at (1,1) width 89: "Row 1, Cell 3"
        RenderTableSection {TBODY} at (0,34) size 274x55 [border: (1px solid #808080) none (1px solid #808080) none]
          RenderTableRow {TR} at (0,0) size 274x19
            RenderTableCell {TD} at (0,9) size 92x19 [border: (1px none #000000)] [r=0 c=0 rs=2 cs=1]
              RenderText {#text} at (2,2) size 89x16
                text run at (2,2) width 89: "Row 2, Cell 1"
            RenderTableCell {TD} at (92,0) size 182x19 [border: (1px none #000000)] [r=0 c=1 rs=1 cs=2]
              RenderText {#text} at (1,2) size 89x16
                text run at (1,2) width 89: "Row 2, Cell 2"
          RenderTableRow {TR} at (0,19) size 274x18
            RenderTableCell {TD} at (92,19) size 91x18 [r=1 c=1 rs=1 cs=1]
              RenderText {#text} at (1,1) size 89x16
                text run at (1,1) width 89: "Row 3, Cell 2"
            RenderTableCell {TD} at (183,28) size 91x18 [r=1 c=2 rs=2 cs=1]
              RenderText {#text} at (1,1) size 89x16
                text run at (1,1) width 89: "Row 3, Cell 3"
          RenderTableRow {TR} at (0,37) size 274x18
            RenderTableCell {TD} at (0,37) size 183x18 [border: none] [r=2 c=0 rs=1 cs=2]
              RenderText {#text} at (2,1) size 89x16
                text run at (2,1) width 89: "Row 4, Cell 1"
        RenderTableSection {TFOOT} at (0,89) size 274x19 [border: (1px solid #808080) none (1px solid #808080) none]
          RenderTableRow {TR} at (0,0) size 274x19
            RenderTableCell {TD} at (0,0) size 92x19 [border: (1px none #000000)] [r=0 c=0 rs=1 cs=1]
              RenderText {#text} at (2,2) size 89x16
                text run at (2,2) width 89: "Row 5, Cell 1"
            RenderTableCell {TD} at (92,0) size 91x19 [border: (1px none #000000)] [r=0 c=1 rs=1 cs=1]
              RenderText {#text} at (1,2) size 89x16
                text run at (1,2) width 89: "Row 5, Cell 2"
            RenderTableCell {TD} at (183,0) size 91x19 [border: (1px none #000000)] [r=0 c=2 rs=1 cs=1]
              RenderText {#text} at (1,2) size 89x16
                text run at (1,2) width 89: "Row 5, Cell 3"
      RenderTable {TABLE} at (0,2334) size 274x108 [border: none (1px solid #808080) none]
        RenderBlock {CAPTION} at (0,0) size 274x16
          RenderInline {A} at (0,0) size 233x16
            RenderText {#text} at (18,0) size 233x16
              text run at (18,0) width 233: "Frame=\x{201C}rhs\x{201D} and Rules=\x{201C}groups\x{201D}"
          RenderInline {<pseudo:after>} at (0,0) size 6x16
            RenderTextFragment at (250,0) size 6x16
              text run at (250,0) width 6: ":"
        RenderTableSection {THEAD} at (0,16) size 273x18 [border: (1px solid #808080) none (1px solid #808080) none]
          RenderTableRow {TR} at (0,0) size 273x18
            RenderTableCell {TD} at (0,0) size 91x18 [r=0 c=0 rs=1 cs=1]
              RenderText {#text} at (1,1) size 89x16
                text run at (1,1) width 89: "Row 1, Cell 1"
            RenderTableCell {TD} at (91,0) size 91x18 [r=0 c=1 rs=1 cs=1]
              RenderText {#text} at (1,1) size 89x16
                text run at (1,1) width 89: "Row 1, Cell 2"
            RenderTableCell {TD} at (182,0) size 91x18 [r=0 c=2 rs=1 cs=1]
              RenderText {#text} at (1,1) size 89x16
                text run at (1,1) width 89: "Row 1, Cell 3"
        RenderTableSection {TBODY} at (0,34) size 273x55 [border: (1px solid #808080) none (1px solid #808080) none]
          RenderTableRow {TR} at (0,0) size 273x19
            RenderTableCell {TD} at (0,9) size 91x19 [border: (1px none #000000)] [r=0 c=0 rs=2 cs=1]
              RenderText {#text} at (1,2) size 89x16
                text run at (1,2) width 89: "Row 2, Cell 1"
            RenderTableCell {TD} at (91,0) size 182x19 [border: (1px none #000000)] [r=0 c=1 rs=1 cs=2]
              RenderText {#text} at (1,2) size 89x16
                text run at (1,2) width 89: "Row 2, Cell 2"
          RenderTableRow {TR} at (0,19) size 273x18
            RenderTableCell {TD} at (91,19) size 91x18 [r=1 c=1 rs=1 cs=1]
              RenderText {#text} at (1,1) size 89x16
                text run at (1,1) width 89: "Row 3, Cell 2"
            RenderTableCell {TD} at (182,28) size 91x18 [r=1 c=2 rs=2 cs=1]
              RenderText {#text} at (1,1) size 89x16
                text run at (1,1) width 89: "Row 3, Cell 3"
          RenderTableRow {TR} at (0,37) size 273x18
            RenderTableCell {TD} at (0,37) size 182x18 [r=2 c=0 rs=1 cs=2]
              RenderText {#text} at (1,1) size 89x16
                text run at (1,1) width 89: "Row 4, Cell 1"
        RenderTableSection {TFOOT} at (0,89) size 273x19 [border: (1px solid #808080) none (1px solid #808080) none]
          RenderTableRow {TR} at (0,0) size 273x19
            RenderTableCell {TD} at (0,0) size 91x19 [border: (1px none #000000)] [r=0 c=0 rs=1 cs=1]
              RenderText {#text} at (1,2) size 89x16
                text run at (1,2) width 89: "Row 5, Cell 1"
            RenderTableCell {TD} at (91,0) size 91x19 [border: (1px none #000000)] [r=0 c=1 rs=1 cs=1]
              RenderText {#text} at (1,2) size 89x16
                text run at (1,2) width 89: "Row 5, Cell 2"
            RenderTableCell {TD} at (182,0) size 91x19 [border: (1px none #000000)] [r=0 c=2 rs=1 cs=1]
              RenderText {#text} at (1,2) size 89x16
                text run at (1,2) width 89: "Row 5, Cell 3"
      RenderTable {TABLE} at (0,2490) size 275x110 [border: none]
        RenderBlock {CAPTION} at (0,0) size 275x16
          RenderInline {A} at (0,0) size 235x16
            RenderText {#text} at (17,0) size 235x16
              text run at (17,0) width 235: "Frame=\x{201C}box\x{201D} and Rules=\x{201C}groups\x{201D}"
          RenderInline {<pseudo:after>} at (0,0) size 7x16
            RenderTextFragment at (251,0) size 7x16
              text run at (251,0) width 7: ":"
        RenderTableSection {THEAD} at (0,16) size 274x19 [border: (1px solid #808080) none (1px solid #808080) none]
          RenderTableRow {TR} at (0,0) size 274x19
            RenderTableCell {TD} at (0,0) size 92x19 [border: (1px none #000000)] [r=0 c=0 rs=1 cs=1]
              RenderText {#text} at (2,2) size 89x16
                text run at (2,2) width 89: "Row 1, Cell 1"
            RenderTableCell {TD} at (92,0) size 91x19 [border: (1px none #000000)] [r=0 c=1 rs=1 cs=1]
              RenderText {#text} at (1,2) size 89x16
                text run at (1,2) width 89: "Row 1, Cell 2"
            RenderTableCell {TD} at (183,0) size 91x19 [border: (1px none #000000)] [r=0 c=2 rs=1 cs=1]
              RenderText {#text} at (1,2) size 89x16
                text run at (1,2) width 89: "Row 1, Cell 3"
        RenderTableSection {TBODY} at (0,35) size 274x55 [border: (1px solid #808080) none (1px solid #808080) none]
          RenderTableRow {TR} at (0,0) size 274x19
            RenderTableCell {TD} at (0,9) size 92x19 [border: (1px none #000000)] [r=0 c=0 rs=2 cs=1]
              RenderText {#text} at (2,2) size 89x16
                text run at (2,2) width 89: "Row 2, Cell 1"
            RenderTableCell {TD} at (92,0) size 182x19 [border: (1px none #000000)] [r=0 c=1 rs=1 cs=2]
              RenderText {#text} at (1,2) size 89x16
                text run at (1,2) width 89: "Row 2, Cell 2"
          RenderTableRow {TR} at (0,19) size 274x18
            RenderTableCell {TD} at (92,19) size 91x18 [r=1 c=1 rs=1 cs=1]
              RenderText {#text} at (1,1) size 89x16
                text run at (1,1) width 89: "Row 3, Cell 2"
            RenderTableCell {TD} at (183,28) size 91x18 [r=1 c=2 rs=2 cs=1]
              RenderText {#text} at (1,1) size 89x16
                text run at (1,1) width 89: "Row 3, Cell 3"
          RenderTableRow {TR} at (0,37) size 274x18
            RenderTableCell {TD} at (0,37) size 183x18 [border: none] [r=2 c=0 rs=1 cs=2]
              RenderText {#text} at (2,1) size 89x16
                text run at (2,1) width 89: "Row 4, Cell 1"
        RenderTableSection {TFOOT} at (0,90) size 274x19 [border: (1px solid #808080) none (1px solid #808080) none]
          RenderTableRow {TR} at (0,0) size 274x19
            RenderTableCell {TD} at (0,0) size 92x19 [border: (1px none #000000)] [r=0 c=0 rs=1 cs=1]
              RenderText {#text} at (2,2) size 89x16
                text run at (2,2) width 89: "Row 5, Cell 1"
            RenderTableCell {TD} at (92,0) size 91x19 [border: (1px none #000000)] [r=0 c=1 rs=1 cs=1]
              RenderText {#text} at (1,2) size 89x16
                text run at (1,2) width 89: "Row 5, Cell 2"
            RenderTableCell {TD} at (183,0) size 91x19 [border: (1px none #000000)] [r=0 c=2 rs=1 cs=1]
              RenderText {#text} at (1,2) size 89x16
                text run at (1,2) width 89: "Row 5, Cell 3"
      RenderTable {TABLE} at (0,2648) size 275x110 [border: none]
        RenderBlock {CAPTION} at (0,0) size 275x16
          RenderInline {A} at (0,0) size 255x16
            RenderText {#text} at (7,0) size 255x16
              text run at (7,0) width 255: "Frame=\x{201C}border\x{201D} and Rules=\x{201C}groups\x{201D}"
          RenderInline {<pseudo:after>} at (0,0) size 7x16
            RenderTextFragment at (261,0) size 7x16
              text run at (261,0) width 7: ":"
        RenderTableSection {THEAD} at (0,16) size 274x19 [border: (1px solid #808080) none (1px solid #808080) none]
          RenderTableRow {TR} at (0,0) size 274x19
            RenderTableCell {TD} at (0,0) size 92x19 [border: (1px none #000000)] [r=0 c=0 rs=1 cs=1]
              RenderText {#text} at (2,2) size 89x16
                text run at (2,2) width 89: "Row 1, Cell 1"
            RenderTableCell {TD} at (92,0) size 91x19 [border: (1px none #000000)] [r=0 c=1 rs=1 cs=1]
              RenderText {#text} at (1,2) size 89x16
                text run at (1,2) width 89: "Row 1, Cell 2"
            RenderTableCell {TD} at (183,0) size 91x19 [border: (1px none #000000)] [r=0 c=2 rs=1 cs=1]
              RenderText {#text} at (1,2) size 89x16
                text run at (1,2) width 89: "Row 1, Cell 3"
        RenderTableSection {TBODY} at (0,35) size 274x55 [border: (1px solid #808080) none (1px solid #808080) none]
          RenderTableRow {TR} at (0,0) size 274x19
            RenderTableCell {TD} at (0,9) size 92x19 [border: (1px none #000000)] [r=0 c=0 rs=2 cs=1]
              RenderText {#text} at (2,2) size 89x16
                text run at (2,2) width 89: "Row 2, Cell 1"
            RenderTableCell {TD} at (92,0) size 182x19 [border: (1px none #000000)] [r=0 c=1 rs=1 cs=2]
              RenderText {#text} at (1,2) size 89x16
                text run at (1,2) width 89: "Row 2, Cell 2"
          RenderTableRow {TR} at (0,19) size 274x18
            RenderTableCell {TD} at (92,19) size 91x18 [r=1 c=1 rs=1 cs=1]
              RenderText {#text} at (1,1) size 89x16
                text run at (1,1) width 89: "Row 3, Cell 2"
            RenderTableCell {TD} at (183,28) size 91x18 [r=1 c=2 rs=2 cs=1]
              RenderText {#text} at (1,1) size 89x16
                text run at (1,1) width 89: "Row 3, Cell 3"
          RenderTableRow {TR} at (0,37) size 274x18
            RenderTableCell {TD} at (0,37) size 183x18 [border: none] [r=2 c=0 rs=1 cs=2]
              RenderText {#text} at (2,1) size 89x16
                text run at (2,1) width 89: "Row 4, Cell 1"
        RenderTableSection {TFOOT} at (0,90) size 274x19 [border: (1px solid #808080) none (1px solid #808080) none]
          RenderTableRow {TR} at (0,0) size 274x19
            RenderTableCell {TD} at (0,0) size 92x19 [border: (1px none #000000)] [r=0 c=0 rs=1 cs=1]
              RenderText {#text} at (2,2) size 89x16
                text run at (2,2) width 89: "Row 5, Cell 1"
            RenderTableCell {TD} at (92,0) size 91x19 [border: (1px none #000000)] [r=0 c=1 rs=1 cs=1]
              RenderText {#text} at (1,2) size 89x16
                text run at (1,2) width 89: "Row 5, Cell 2"
            RenderTableCell {TD} at (183,0) size 91x19 [border: (1px none #000000)] [r=0 c=2 rs=1 cs=1]
              RenderText {#text} at (1,2) size 89x16
                text run at (1,2) width 89: "Row 5, Cell 3"
      RenderTable {TABLE} at (0,2806) size 273x110
        RenderBlock {CAPTION} at (0,0) size 273x16
          RenderInline {A} at (0,0) size 224x16
            RenderText {#text} at (22,0) size 224x16
              text run at (22,0) width 224: "Frame=\x{201C}void\x{201D} and Rules=\x{201C}rows\x{201D}"
          RenderInline {<pseudo:after>} at (0,0) size 6x16
            RenderTextFragment at (245,0) size 6x16
              text run at (245,0) width 6: ":"
        RenderTableSection {THEAD} at (0,16) size 273x18
          RenderTableRow {TR} at (0,0) size 273x18
            RenderTableCell {TD} at (0,0) size 91x18 [r=0 c=0 rs=1 cs=1]
              RenderText {#text} at (1,1) size 89x16
                text run at (1,1) width 89: "Row 1, Cell 1"
            RenderTableCell {TD} at (91,0) size 91x18 [r=0 c=1 rs=1 cs=1]
              RenderText {#text} at (1,1) size 89x16
                text run at (1,1) width 89: "Row 1, Cell 2"
            RenderTableCell {TD} at (182,0) size 91x18 [r=0 c=2 rs=1 cs=1]
              RenderText {#text} at (1,1) size 89x16
                text run at (1,1) width 89: "Row 1, Cell 3"
        RenderTableSection {TBODY} at (0,34) size 273x57
          RenderTableRow {TR} at (0,0) size 273x19
            RenderTableCell {TD} at (0,9) size 91x19 [border: (1px solid #808080) none none none] [r=0 c=0 rs=2 cs=1]
              RenderText {#text} at (1,2) size 89x16
                text run at (1,2) width 89: "Row 2, Cell 1"
            RenderTableCell {TD} at (91,0) size 182x19 [border: (1px solid #808080) none none none] [r=0 c=1 rs=1 cs=2]
              RenderText {#text} at (1,2) size 89x16
                text run at (1,2) width 89: "Row 2, Cell 2"
          RenderTableRow {TR} at (0,19) size 273x19
            RenderTableCell {TD} at (91,19) size 91x19 [border: (1px solid #808080) none none none] [r=1 c=1 rs=1 cs=1]
              RenderText {#text} at (1,2) size 89x16
                text run at (1,2) width 89: "Row 3, Cell 2"
            RenderTableCell {TD} at (182,28) size 91x19 [border: (1px solid #808080) none none none] [r=1 c=2 rs=2 cs=1]
              RenderText {#text} at (1,2) size 89x16
                text run at (1,2) width 89: "Row 3, Cell 3"
          RenderTableRow {TR} at (0,38) size 273x19
            RenderTableCell {TD} at (0,38) size 182x19 [border: (1px solid #808080) none none none] [r=2 c=0 rs=1 cs=2]
              RenderText {#text} at (1,2) size 89x16
                text run at (1,2) width 89: "Row 4, Cell 1"
        RenderTableSection {TFOOT} at (0,91) size 273x19
          RenderTableRow {TR} at (0,0) size 273x19
            RenderTableCell {TD} at (0,0) size 91x19 [border: (1px solid #808080) none none none] [r=0 c=0 rs=1 cs=1]
              RenderText {#text} at (1,2) size 89x16
                text run at (1,2) width 89: "Row 5, Cell 1"
            RenderTableCell {TD} at (91,0) size 91x19 [border: (1px solid #808080) none none none] [r=0 c=1 rs=1 cs=1]
              RenderText {#text} at (1,2) size 89x16
                text run at (1,2) width 89: "Row 5, Cell 2"
            RenderTableCell {TD} at (182,0) size 91x19 [border: (1px solid #808080) none none none] [r=0 c=2 rs=1 cs=1]
              RenderText {#text} at (1,2) size 89x16
                text run at (1,2) width 89: "Row 5, Cell 3"
      RenderTable {TABLE} at (0,2964) size 273x111
        RenderBlock {CAPTION} at (0,0) size 273x16
          RenderInline {A} at (0,0) size 235x16
            RenderText {#text} at (16,0) size 235x16
              text run at (16,0) width 235: "Frame=\x{201C}above\x{201D} and Rules=\x{201C}rows\x{201D}"
          RenderInline {<pseudo:after>} at (0,0) size 7x16
            RenderTextFragment at (250,0) size 7x16
              text run at (250,0) width 7: ":"
        RenderTableSection {THEAD} at (0,16) size 273x19
          RenderTableRow {TR} at (0,0) size 273x19
            RenderTableCell {TD} at (0,0) size 91x19 [border: (1px solid #808080) none none none] [r=0 c=0 rs=1 cs=1]
              RenderText {#text} at (1,2) size 89x16
                text run at (1,2) width 89: "Row 1, Cell 1"
            RenderTableCell {TD} at (91,0) size 91x19 [border: (1px solid #808080) none none none] [r=0 c=1 rs=1 cs=1]
              RenderText {#text} at (1,2) size 89x16
                text run at (1,2) width 89: "Row 1, Cell 2"
            RenderTableCell {TD} at (182,0) size 91x19 [border: (1px solid #808080) none none none] [r=0 c=2 rs=1 cs=1]
              RenderText {#text} at (1,2) size 89x16
                text run at (1,2) width 89: "Row 1, Cell 3"
        RenderTableSection {TBODY} at (0,35) size 273x57
          RenderTableRow {TR} at (0,0) size 273x19
            RenderTableCell {TD} at (0,9) size 91x19 [border: (1px solid #808080) none none none] [r=0 c=0 rs=2 cs=1]
              RenderText {#text} at (1,2) size 89x16
                text run at (1,2) width 89: "Row 2, Cell 1"
            RenderTableCell {TD} at (91,0) size 182x19 [border: (1px solid #808080) none none none] [r=0 c=1 rs=1 cs=2]
              RenderText {#text} at (1,2) size 89x16
                text run at (1,2) width 89: "Row 2, Cell 2"
          RenderTableRow {TR} at (0,19) size 273x19
            RenderTableCell {TD} at (91,19) size 91x19 [border: (1px solid #808080) none none none] [r=1 c=1 rs=1 cs=1]
              RenderText {#text} at (1,2) size 89x16
                text run at (1,2) width 89: "Row 3, Cell 2"
            RenderTableCell {TD} at (182,28) size 91x19 [border: (1px solid #808080) none none none] [r=1 c=2 rs=2 cs=1]
              RenderText {#text} at (1,2) size 89x16
                text run at (1,2) width 89: "Row 3, Cell 3"
          RenderTableRow {TR} at (0,38) size 273x19
            RenderTableCell {TD} at (0,38) size 182x19 [border: (1px solid #808080) none none none] [r=2 c=0 rs=1 cs=2]
              RenderText {#text} at (1,2) size 89x16
                text run at (1,2) width 89: "Row 4, Cell 1"
        RenderTableSection {TFOOT} at (0,92) size 273x19
          RenderTableRow {TR} at (0,0) size 273x19
            RenderTableCell {TD} at (0,0) size 91x19 [border: (1px solid #808080) none none none] [r=0 c=0 rs=1 cs=1]
              RenderText {#text} at (1,2) size 89x16
                text run at (1,2) width 89: "Row 5, Cell 1"
            RenderTableCell {TD} at (91,0) size 91x19 [border: (1px solid #808080) none none none] [r=0 c=1 rs=1 cs=1]
              RenderText {#text} at (1,2) size 89x16
                text run at (1,2) width 89: "Row 5, Cell 2"
            RenderTableCell {TD} at (182,0) size 91x19 [border: (1px solid #808080) none none none] [r=0 c=2 rs=1 cs=1]
              RenderText {#text} at (1,2) size 89x16
                text run at (1,2) width 89: "Row 5, Cell 3"
      RenderTable {TABLE} at (0,3123) size 273x111 [border: none (1px solid #808080) none]
        RenderBlock {CAPTION} at (0,0) size 273x16
          RenderInline {A} at (0,0) size 235x16
            RenderText {#text} at (16,0) size 235x16
              text run at (16,0) width 235: "Frame=\x{201C}below\x{201D} and Rules=\x{201C}rows\x{201D}"
          RenderInline {<pseudo:after>} at (0,0) size 7x16
            RenderTextFragment at (250,0) size 7x16
              text run at (250,0) width 7: ":"
        RenderTableSection {THEAD} at (0,16) size 273x18
          RenderTableRow {TR} at (0,0) size 273x18
            RenderTableCell {TD} at (0,0) size 91x18 [r=0 c=0 rs=1 cs=1]
              RenderText {#text} at (1,1) size 89x16
                text run at (1,1) width 89: "Row 1, Cell 1"
            RenderTableCell {TD} at (91,0) size 91x18 [r=0 c=1 rs=1 cs=1]
              RenderText {#text} at (1,1) size 89x16
                text run at (1,1) width 89: "Row 1, Cell 2"
            RenderTableCell {TD} at (182,0) size 91x18 [r=0 c=2 rs=1 cs=1]
              RenderText {#text} at (1,1) size 89x16
                text run at (1,1) width 89: "Row 1, Cell 3"
        RenderTableSection {TBODY} at (0,34) size 273x57
          RenderTableRow {TR} at (0,0) size 273x19
            RenderTableCell {TD} at (0,9) size 91x19 [border: (1px solid #808080) none none none] [r=0 c=0 rs=2 cs=1]
              RenderText {#text} at (1,2) size 89x16
                text run at (1,2) width 89: "Row 2, Cell 1"
            RenderTableCell {TD} at (91,0) size 182x19 [border: (1px solid #808080) none none none] [r=0 c=1 rs=1 cs=2]
              RenderText {#text} at (1,2) size 89x16
                text run at (1,2) width 89: "Row 2, Cell 2"
          RenderTableRow {TR} at (0,19) size 273x19
            RenderTableCell {TD} at (91,19) size 91x19 [border: (1px solid #808080) none none none] [r=1 c=1 rs=1 cs=1]
              RenderText {#text} at (1,2) size 89x16
                text run at (1,2) width 89: "Row 3, Cell 2"
            RenderTableCell {TD} at (182,28) size 91x19 [border: (1px solid #808080) none none none] [r=1 c=2 rs=2 cs=1]
              RenderText {#text} at (1,2) size 89x16
                text run at (1,2) width 89: "Row 3, Cell 3"
          RenderTableRow {TR} at (0,38) size 273x19
            RenderTableCell {TD} at (0,38) size 182x19 [border: (1px solid #808080) none none none] [r=2 c=0 rs=1 cs=2]
              RenderText {#text} at (1,2) size 89x16
                text run at (1,2) width 89: "Row 4, Cell 1"
        RenderTableSection {TFOOT} at (0,91) size 273x19
          RenderTableRow {TR} at (0,0) size 273x19
            RenderTableCell {TD} at (0,0) size 91x19 [border: (1px solid #808080) none none none] [r=0 c=0 rs=1 cs=1]
              RenderText {#text} at (1,2) size 89x16
                text run at (1,2) width 89: "Row 5, Cell 1"
            RenderTableCell {TD} at (91,0) size 91x19 [border: (1px solid #808080) none none none] [r=0 c=1 rs=1 cs=1]
              RenderText {#text} at (1,2) size 89x16
                text run at (1,2) width 89: "Row 5, Cell 2"
            RenderTableCell {TD} at (182,0) size 91x19 [border: (1px solid #808080) none none none] [r=0 c=2 rs=1 cs=1]
              RenderText {#text} at (1,2) size 89x16
                text run at (1,2) width 89: "Row 5, Cell 3"
      RenderTable {TABLE} at (0,3282) size 273x112 [border: none none (1px solid #808080) none]
        RenderBlock {CAPTION} at (0,0) size 273x16
          RenderInline {A} at (0,0) size 238x16
            RenderText {#text} at (15,0) size 238x16
              text run at (15,0) width 238: "Frame=\x{201C}hsides\x{201D} and Rules=\x{201C}rows\x{201D}"
          RenderInline {<pseudo:after>} at (0,0) size 6x16
            RenderTextFragment at (252,0) size 6x16
              text run at (252,0) width 6: ":"
        RenderTableSection {THEAD} at (0,16) size 273x19
          RenderTableRow {TR} at (0,0) size 273x19
            RenderTableCell {TD} at (0,0) size 91x19 [border: (1px solid #808080) none none none] [r=0 c=0 rs=1 cs=1]
              RenderText {#text} at (1,2) size 89x16
                text run at (1,2) width 89: "Row 1, Cell 1"
            RenderTableCell {TD} at (91,0) size 91x19 [border: (1px solid #808080) none none none] [r=0 c=1 rs=1 cs=1]
              RenderText {#text} at (1,2) size 89x16
                text run at (1,2) width 89: "Row 1, Cell 2"
            RenderTableCell {TD} at (182,0) size 91x19 [border: (1px solid #808080) none none none] [r=0 c=2 rs=1 cs=1]
              RenderText {#text} at (1,2) size 89x16
                text run at (1,2) width 89: "Row 1, Cell 3"
        RenderTableSection {TBODY} at (0,35) size 273x57
          RenderTableRow {TR} at (0,0) size 273x19
            RenderTableCell {TD} at (0,9) size 91x19 [border: (1px solid #808080) none none none] [r=0 c=0 rs=2 cs=1]
              RenderText {#text} at (1,2) size 89x16
                text run at (1,2) width 89: "Row 2, Cell 1"
            RenderTableCell {TD} at (91,0) size 182x19 [border: (1px solid #808080) none none none] [r=0 c=1 rs=1 cs=2]
              RenderText {#text} at (1,2) size 89x16
                text run at (1,2) width 89: "Row 2, Cell 2"
          RenderTableRow {TR} at (0,19) size 273x19
            RenderTableCell {TD} at (91,19) size 91x19 [border: (1px solid #808080) none none none] [r=1 c=1 rs=1 cs=1]
              RenderText {#text} at (1,2) size 89x16
                text run at (1,2) width 89: "Row 3, Cell 2"
            RenderTableCell {TD} at (182,28) size 91x19 [border: (1px solid #808080) none none none] [r=1 c=2 rs=2 cs=1]
              RenderText {#text} at (1,2) size 89x16
                text run at (1,2) width 89: "Row 3, Cell 3"
          RenderTableRow {TR} at (0,38) size 273x19
            RenderTableCell {TD} at (0,38) size 182x19 [border: (1px solid #808080) none none none] [r=2 c=0 rs=1 cs=2]
              RenderText {#text} at (1,2) size 89x16
                text run at (1,2) width 89: "Row 4, Cell 1"
        RenderTableSection {TFOOT} at (0,92) size 273x19
          RenderTableRow {TR} at (0,0) size 273x19
            RenderTableCell {TD} at (0,0) size 91x19 [border: (1px solid #808080) none none none] [r=0 c=0 rs=1 cs=1]
              RenderText {#text} at (1,2) size 89x16
                text run at (1,2) width 89: "Row 5, Cell 1"
            RenderTableCell {TD} at (91,0) size 91x19 [border: (1px solid #808080) none none none] [r=0 c=1 rs=1 cs=1]
              RenderText {#text} at (1,2) size 89x16
                text run at (1,2) width 89: "Row 5, Cell 2"
            RenderTableCell {TD} at (182,0) size 91x19 [border: (1px solid #808080) none none none] [r=0 c=2 rs=1 cs=1]
              RenderText {#text} at (1,2) size 89x16
                text run at (1,2) width 89: "Row 5, Cell 3"
      RenderTable {TABLE} at (0,3442) size 275x110 [border: none (1px solid #808080) none none]
        RenderBlock {CAPTION} at (0,0) size 275x16
          RenderInline {A} at (0,0) size 236x16
            RenderText {#text} at (17,0) size 236x16
              text run at (17,0) width 236: "Frame=\x{201C}vsides\x{201D} and Rules=\x{201C}rows\x{201D}"
          RenderInline {<pseudo:after>} at (0,0) size 6x16
            RenderTextFragment at (252,0) size 6x16
              text run at (252,0) width 6: ":"
        RenderTableSection {THEAD} at (0,16) size 274x18
          RenderTableRow {TR} at (0,0) size 274x18
            RenderTableCell {TD} at (0,0) size 92x18 [border: none none none (1px none #808080)] [r=0 c=0 rs=1 cs=1]
              RenderText {#text} at (2,1) size 89x16
                text run at (2,1) width 89: "Row 1, Cell 1"
            RenderTableCell {TD} at (92,0) size 91x18 [r=0 c=1 rs=1 cs=1]
              RenderText {#text} at (1,1) size 89x16
                text run at (1,1) width 89: "Row 1, Cell 2"
            RenderTableCell {TD} at (183,0) size 91x18 [r=0 c=2 rs=1 cs=1]
              RenderText {#text} at (1,1) size 89x16
                text run at (1,1) width 89: "Row 1, Cell 3"
        RenderTableSection {TBODY} at (0,34) size 274x57
          RenderTableRow {TR} at (0,0) size 274x19
            RenderTableCell {TD} at (0,9) size 92x19 [border: (1px solid #808080) none none (1px none #808080)] [r=0 c=0 rs=2 cs=1]
              RenderText {#text} at (2,2) size 89x16
                text run at (2,2) width 89: "Row 2, Cell 1"
            RenderTableCell {TD} at (92,0) size 182x19 [border: (1px solid #808080) none none none] [r=0 c=1 rs=1 cs=2]
              RenderText {#text} at (1,2) size 89x16
                text run at (1,2) width 89: "Row 2, Cell 2"
          RenderTableRow {TR} at (0,19) size 274x19
            RenderTableCell {TD} at (92,19) size 91x19 [border: (1px solid #808080) none none none] [r=1 c=1 rs=1 cs=1]
              RenderText {#text} at (1,2) size 89x16
                text run at (1,2) width 89: "Row 3, Cell 2"
            RenderTableCell {TD} at (183,28) size 91x19 [border: (1px solid #808080) none none none] [r=1 c=2 rs=2 cs=1]
              RenderText {#text} at (1,2) size 89x16
                text run at (1,2) width 89: "Row 3, Cell 3"
          RenderTableRow {TR} at (0,38) size 274x19
            RenderTableCell {TD} at (0,38) size 183x19 [border: (1px solid #808080) none none (1px none #808080)] [r=2 c=0 rs=1 cs=2]
              RenderText {#text} at (2,2) size 89x16
                text run at (2,2) width 89: "Row 4, Cell 1"
        RenderTableSection {TFOOT} at (0,91) size 274x19
          RenderTableRow {TR} at (0,0) size 274x19
            RenderTableCell {TD} at (0,0) size 92x19 [border: (1px solid #808080) none none (1px none #808080)] [r=0 c=0 rs=1 cs=1]
              RenderText {#text} at (2,2) size 89x16
                text run at (2,2) width 89: "Row 5, Cell 1"
            RenderTableCell {TD} at (92,0) size 91x19 [border: (1px solid #808080) none none none] [r=0 c=1 rs=1 cs=1]
              RenderText {#text} at (1,2) size 89x16
                text run at (1,2) width 89: "Row 5, Cell 2"
            RenderTableCell {TD} at (183,0) size 91x19 [border: (1px solid #808080) none none none] [r=0 c=2 rs=1 cs=1]
              RenderText {#text} at (1,2) size 89x16
                text run at (1,2) width 89: "Row 5, Cell 3"
      RenderTable {TABLE} at (0,3600) size 274x110
        RenderBlock {CAPTION} at (0,0) size 274x16
          RenderInline {A} at (0,0) size 217x16
            RenderText {#text} at (26,0) size 217x16
              text run at (26,0) width 217: "Frame=\x{201C}lhs\x{201D} and Rules=\x{201C}rows\x{201D}"
          RenderInline {<pseudo:after>} at (0,0) size 6x16
            RenderTextFragment at (242,0) size 6x16
              text run at (242,0) width 6: ":"
        RenderTableSection {THEAD} at (0,16) size 274x18
          RenderTableRow {TR} at (0,0) size 274x18
            RenderTableCell {TD} at (0,0) size 92x18 [border: none none none (1px none #808080)] [r=0 c=0 rs=1 cs=1]
              RenderText {#text} at (2,1) size 89x16
                text run at (2,1) width 89: "Row 1, Cell 1"
            RenderTableCell {TD} at (92,0) size 91x18 [r=0 c=1 rs=1 cs=1]
              RenderText {#text} at (1,1) size 89x16
                text run at (1,1) width 89: "Row 1, Cell 2"
            RenderTableCell {TD} at (183,0) size 91x18 [r=0 c=2 rs=1 cs=1]
              RenderText {#text} at (1,1) size 89x16
                text run at (1,1) width 89: "Row 1, Cell 3"
        RenderTableSection {TBODY} at (0,34) size 274x57
          RenderTableRow {TR} at (0,0) size 274x19
            RenderTableCell {TD} at (0,9) size 92x19 [border: (1px solid #808080) none none (1px none #808080)] [r=0 c=0 rs=2 cs=1]
              RenderText {#text} at (2,2) size 89x16
                text run at (2,2) width 89: "Row 2, Cell 1"
            RenderTableCell {TD} at (92,0) size 182x19 [border: (1px solid #808080) none none none] [r=0 c=1 rs=1 cs=2]
              RenderText {#text} at (1,2) size 89x16
                text run at (1,2) width 89: "Row 2, Cell 2"
          RenderTableRow {TR} at (0,19) size 274x19
            RenderTableCell {TD} at (92,19) size 91x19 [border: (1px solid #808080) none none none] [r=1 c=1 rs=1 cs=1]
              RenderText {#text} at (1,2) size 89x16
                text run at (1,2) width 89: "Row 3, Cell 2"
            RenderTableCell {TD} at (183,28) size 91x19 [border: (1px solid #808080) none none none] [r=1 c=2 rs=2 cs=1]
              RenderText {#text} at (1,2) size 89x16
                text run at (1,2) width 89: "Row 3, Cell 3"
          RenderTableRow {TR} at (0,38) size 274x19
            RenderTableCell {TD} at (0,38) size 183x19 [border: (1px solid #808080) none none (1px none #808080)] [r=2 c=0 rs=1 cs=2]
              RenderText {#text} at (2,2) size 89x16
                text run at (2,2) width 89: "Row 4, Cell 1"
        RenderTableSection {TFOOT} at (0,91) size 274x19
          RenderTableRow {TR} at (0,0) size 274x19
            RenderTableCell {TD} at (0,0) size 92x19 [border: (1px solid #808080) none none (1px none #808080)] [r=0 c=0 rs=1 cs=1]
              RenderText {#text} at (2,2) size 89x16
                text run at (2,2) width 89: "Row 5, Cell 1"
            RenderTableCell {TD} at (92,0) size 91x19 [border: (1px solid #808080) none none none] [r=0 c=1 rs=1 cs=1]
              RenderText {#text} at (1,2) size 89x16
                text run at (1,2) width 89: "Row 5, Cell 2"
            RenderTableCell {TD} at (183,0) size 91x19 [border: (1px solid #808080) none none none] [r=0 c=2 rs=1 cs=1]
              RenderText {#text} at (1,2) size 89x16
                text run at (1,2) width 89: "Row 5, Cell 3"
      RenderTable {TABLE} at (0,3758) size 274x110 [border: none (1px solid #808080) none]
        RenderBlock {CAPTION} at (0,0) size 274x16
          RenderInline {A} at (0,0) size 219x16
            RenderText {#text} at (25,0) size 219x16
              text run at (25,0) width 219: "Frame=\x{201C}rhs\x{201D} and Rules=\x{201C}rows\x{201D}"
          RenderInline {<pseudo:after>} at (0,0) size 6x16
            RenderTextFragment at (243,0) size 6x16
              text run at (243,0) width 6: ":"
        RenderTableSection {THEAD} at (0,16) size 273x18
          RenderTableRow {TR} at (0,0) size 273x18
            RenderTableCell {TD} at (0,0) size 91x18 [r=0 c=0 rs=1 cs=1]
              RenderText {#text} at (1,1) size 89x16
                text run at (1,1) width 89: "Row 1, Cell 1"
            RenderTableCell {TD} at (91,0) size 91x18 [r=0 c=1 rs=1 cs=1]
              RenderText {#text} at (1,1) size 89x16
                text run at (1,1) width 89: "Row 1, Cell 2"
            RenderTableCell {TD} at (182,0) size 91x18 [r=0 c=2 rs=1 cs=1]
              RenderText {#text} at (1,1) size 89x16
                text run at (1,1) width 89: "Row 1, Cell 3"
        RenderTableSection {TBODY} at (0,34) size 273x57
          RenderTableRow {TR} at (0,0) size 273x19
            RenderTableCell {TD} at (0,9) size 91x19 [border: (1px solid #808080) none none none] [r=0 c=0 rs=2 cs=1]
              RenderText {#text} at (1,2) size 89x16
                text run at (1,2) width 89: "Row 2, Cell 1"
            RenderTableCell {TD} at (91,0) size 182x19 [border: (1px solid #808080) none none none] [r=0 c=1 rs=1 cs=2]
              RenderText {#text} at (1,2) size 89x16
                text run at (1,2) width 89: "Row 2, Cell 2"
          RenderTableRow {TR} at (0,19) size 273x19
            RenderTableCell {TD} at (91,19) size 91x19 [border: (1px solid #808080) none none none] [r=1 c=1 rs=1 cs=1]
              RenderText {#text} at (1,2) size 89x16
                text run at (1,2) width 89: "Row 3, Cell 2"
            RenderTableCell {TD} at (182,28) size 91x19 [border: (1px solid #808080) none none none] [r=1 c=2 rs=2 cs=1]
              RenderText {#text} at (1,2) size 89x16
                text run at (1,2) width 89: "Row 3, Cell 3"
          RenderTableRow {TR} at (0,38) size 273x19
            RenderTableCell {TD} at (0,38) size 182x19 [border: (1px solid #808080) none none none] [r=2 c=0 rs=1 cs=2]
              RenderText {#text} at (1,2) size 89x16
                text run at (1,2) width 89: "Row 4, Cell 1"
        RenderTableSection {TFOOT} at (0,91) size 273x19
          RenderTableRow {TR} at (0,0) size 273x19
            RenderTableCell {TD} at (0,0) size 91x19 [border: (1px solid #808080) none none none] [r=0 c=0 rs=1 cs=1]
              RenderText {#text} at (1,2) size 89x16
                text run at (1,2) width 89: "Row 5, Cell 1"
            RenderTableCell {TD} at (91,0) size 91x19 [border: (1px solid #808080) none none none] [r=0 c=1 rs=1 cs=1]
              RenderText {#text} at (1,2) size 89x16
                text run at (1,2) width 89: "Row 5, Cell 2"
            RenderTableCell {TD} at (182,0) size 91x19 [border: (1px solid #808080) none none none] [r=0 c=2 rs=1 cs=1]
              RenderText {#text} at (1,2) size 89x16
                text run at (1,2) width 89: "Row 5, Cell 3"
      RenderTable {TABLE} at (0,3916) size 275x112 [border: none]
        RenderBlock {CAPTION} at (0,0) size 275x16
          RenderInline {A} at (0,0) size 221x16
            RenderText {#text} at (24,0) size 221x16
              text run at (24,0) width 221: "Frame=\x{201C}box\x{201D} and Rules=\x{201C}rows\x{201D}"
          RenderInline {<pseudo:after>} at (0,0) size 7x16
            RenderTextFragment at (244,0) size 7x16
              text run at (244,0) width 7: ":"
        RenderTableSection {THEAD} at (0,16) size 274x19
          RenderTableRow {TR} at (0,0) size 274x19
            RenderTableCell {TD} at (0,0) size 92x19 [border: (1px solid #808080) none none (1px none #808080)] [r=0 c=0 rs=1 cs=1]
              RenderText {#text} at (2,2) size 89x16
                text run at (2,2) width 89: "Row 1, Cell 1"
            RenderTableCell {TD} at (92,0) size 91x19 [border: (1px solid #808080) none none none] [r=0 c=1 rs=1 cs=1]
              RenderText {#text} at (1,2) size 89x16
                text run at (1,2) width 89: "Row 1, Cell 2"
            RenderTableCell {TD} at (183,0) size 91x19 [border: (1px solid #808080) none none none] [r=0 c=2 rs=1 cs=1]
              RenderText {#text} at (1,2) size 89x16
                text run at (1,2) width 89: "Row 1, Cell 3"
        RenderTableSection {TBODY} at (0,35) size 274x57
          RenderTableRow {TR} at (0,0) size 274x19
            RenderTableCell {TD} at (0,9) size 92x19 [border: (1px solid #808080) none none (1px none #808080)] [r=0 c=0 rs=2 cs=1]
              RenderText {#text} at (2,2) size 89x16
                text run at (2,2) width 89: "Row 2, Cell 1"
            RenderTableCell {TD} at (92,0) size 182x19 [border: (1px solid #808080) none none none] [r=0 c=1 rs=1 cs=2]
              RenderText {#text} at (1,2) size 89x16
                text run at (1,2) width 89: "Row 2, Cell 2"
          RenderTableRow {TR} at (0,19) size 274x19
            RenderTableCell {TD} at (92,19) size 91x19 [border: (1px solid #808080) none none none] [r=1 c=1 rs=1 cs=1]
              RenderText {#text} at (1,2) size 89x16
                text run at (1,2) width 89: "Row 3, Cell 2"
            RenderTableCell {TD} at (183,28) size 91x19 [border: (1px solid #808080) none none none] [r=1 c=2 rs=2 cs=1]
              RenderText {#text} at (1,2) size 89x16
                text run at (1,2) width 89: "Row 3, Cell 3"
          RenderTableRow {TR} at (0,38) size 274x19
            RenderTableCell {TD} at (0,38) size 183x19 [border: (1px solid #808080) none none (1px none #808080)] [r=2 c=0 rs=1 cs=2]
              RenderText {#text} at (2,2) size 89x16
                text run at (2,2) width 89: "Row 4, Cell 1"
        RenderTableSection {TFOOT} at (0,92) size 274x19
          RenderTableRow {TR} at (0,0) size 274x19
            RenderTableCell {TD} at (0,0) size 92x19 [border: (1px solid #808080) none none (1px none #808080)] [r=0 c=0 rs=1 cs=1]
              RenderText {#text} at (2,2) size 89x16
                text run at (2,2) width 89: "Row 5, Cell 1"
            RenderTableCell {TD} at (92,0) size 91x19 [border: (1px solid #808080) none none none] [r=0 c=1 rs=1 cs=1]
              RenderText {#text} at (1,2) size 89x16
                text run at (1,2) width 89: "Row 5, Cell 2"
            RenderTableCell {TD} at (183,0) size 91x19 [border: (1px solid #808080) none none none] [r=0 c=2 rs=1 cs=1]
              RenderText {#text} at (1,2) size 89x16
                text run at (1,2) width 89: "Row 5, Cell 3"
      RenderTable {TABLE} at (0,4076) size 275x112 [border: none]
        RenderBlock {CAPTION} at (0,0) size 275x16
          RenderInline {A} at (0,0) size 240x16
            RenderText {#text} at (15,0) size 240x16
              text run at (15,0) width 240: "Frame=\x{201C}border\x{201D} and Rules=\x{201C}rows\x{201D}"
          RenderInline {<pseudo:after>} at (0,0) size 6x16
            RenderTextFragment at (254,0) size 6x16
              text run at (254,0) width 6: ":"
        RenderTableSection {THEAD} at (0,16) size 274x19
          RenderTableRow {TR} at (0,0) size 274x19
            RenderTableCell {TD} at (0,0) size 92x19 [border: (1px solid #808080) none none (1px none #808080)] [r=0 c=0 rs=1 cs=1]
              RenderText {#text} at (2,2) size 89x16
                text run at (2,2) width 89: "Row 1, Cell 1"
            RenderTableCell {TD} at (92,0) size 91x19 [border: (1px solid #808080) none none none] [r=0 c=1 rs=1 cs=1]
              RenderText {#text} at (1,2) size 89x16
                text run at (1,2) width 89: "Row 1, Cell 2"
            RenderTableCell {TD} at (183,0) size 91x19 [border: (1px solid #808080) none none none] [r=0 c=2 rs=1 cs=1]
              RenderText {#text} at (1,2) size 89x16
                text run at (1,2) width 89: "Row 1, Cell 3"
        RenderTableSection {TBODY} at (0,35) size 274x57
          RenderTableRow {TR} at (0,0) size 274x19
            RenderTableCell {TD} at (0,9) size 92x19 [border: (1px solid #808080) none none (1px none #808080)] [r=0 c=0 rs=2 cs=1]
              RenderText {#text} at (2,2) size 89x16
                text run at (2,2) width 89: "Row 2, Cell 1"
            RenderTableCell {TD} at (92,0) size 182x19 [border: (1px solid #808080) none none none] [r=0 c=1 rs=1 cs=2]
              RenderText {#text} at (1,2) size 89x16
                text run at (1,2) width 89: "Row 2, Cell 2"
          RenderTableRow {TR} at (0,19) size 274x19
            RenderTableCell {TD} at (92,19) size 91x19 [border: (1px solid #808080) none none none] [r=1 c=1 rs=1 cs=1]
              RenderText {#text} at (1,2) size 89x16
                text run at (1,2) width 89: "Row 3, Cell 2"
            RenderTableCell {TD} at (183,28) size 91x19 [border: (1px solid #808080) none none none] [r=1 c=2 rs=2 cs=1]
              RenderText {#text} at (1,2) size 89x16
                text run at (1,2) width 89: "Row 3, Cell 3"
          RenderTableRow {TR} at (0,38) size 274x19
            RenderTableCell {TD} at (0,38) size 183x19 [border: (1px solid #808080) none none (1px none #808080)] [r=2 c=0 rs=1 cs=2]
              RenderText {#text} at (2,2) size 89x16
                text run at (2,2) width 89: "Row 4, Cell 1"
        RenderTableSection {TFOOT} at (0,92) size 274x19
          RenderTableRow {TR} at (0,0) size 274x19
            RenderTableCell {TD} at (0,0) size 92x19 [border: (1px solid #808080) none none (1px none #808080)] [r=0 c=0 rs=1 cs=1]
              RenderText {#text} at (2,2) size 89x16
                text run at (2,2) width 89: "Row 5, Cell 1"
            RenderTableCell {TD} at (92,0) size 91x19 [border: (1px solid #808080) none none none] [r=0 c=1 rs=1 cs=1]
              RenderText {#text} at (1,2) size 89x16
                text run at (1,2) width 89: "Row 5, Cell 2"
            RenderTableCell {TD} at (183,0) size 91x19 [border: (1px solid #808080) none none none] [r=0 c=2 rs=1 cs=1]
              RenderText {#text} at (1,2) size 89x16
                text run at (1,2) width 89: "Row 5, Cell 3"
      RenderTable {TABLE} at (0,4236) size 275x106
        RenderBlock {CAPTION} at (0,0) size 275x16
          RenderInline {A} at (0,0) size 219x16
            RenderText {#text} at (25,0) size 219x16
              text run at (25,0) width 219: "Frame=\x{201C}void\x{201D} and Rules=\x{201C}cols\x{201D}"
          RenderInline {<pseudo:after>} at (0,0) size 7x16
            RenderTextFragment at (243,0) size 7x16
              text run at (243,0) width 7: ":"
        RenderTableSection {THEAD} at (0,16) size 275x18
          RenderTableRow {TR} at (0,0) size 275x18
            RenderTableCell {TD} at (0,0) size 91x18 [r=0 c=0 rs=1 cs=1]
              RenderText {#text} at (1,1) size 89x16
                text run at (1,1) width 89: "Row 1, Cell 1"
            RenderTableCell {TD} at (91,0) size 92x18 [border: none none none (1px solid #808080)] [r=0 c=1 rs=1 cs=1]
              RenderText {#text} at (2,1) size 89x16
                text run at (2,1) width 89: "Row 1, Cell 2"
            RenderTableCell {TD} at (183,0) size 92x18 [border: none none none (1px solid #808080)] [r=0 c=2 rs=1 cs=1]
              RenderText {#text} at (2,1) size 89x16
                text run at (2,1) width 89: "Row 1, Cell 3"
        RenderTableSection {TBODY} at (0,34) size 275x54
          RenderTableRow {TR} at (0,0) size 275x18
            RenderTableCell {TD} at (0,9) size 91x18 [r=0 c=0 rs=2 cs=1]
              RenderText {#text} at (1,1) size 89x16
                text run at (1,1) width 89: "Row 2, Cell 1"
            RenderTableCell {TD} at (91,0) size 184x18 [border: none none none (1px solid #808080)] [r=0 c=1 rs=1 cs=2]
              RenderText {#text} at (2,1) size 89x16
                text run at (2,1) width 89: "Row 2, Cell 2"
          RenderTableRow {TR} at (0,18) size 275x18
            RenderTableCell {TD} at (91,18) size 92x18 [border: none none none (1px solid #808080)] [r=1 c=1 rs=1 cs=1]
              RenderText {#text} at (2,1) size 89x16
                text run at (2,1) width 89: "Row 3, Cell 2"
            RenderTableCell {TD} at (183,27) size 92x18 [border: none none none (1px solid #808080)] [r=1 c=2 rs=2 cs=1]
              RenderText {#text} at (2,1) size 89x16
                text run at (2,1) width 89: "Row 3, Cell 3"
          RenderTableRow {TR} at (0,36) size 275x18
            RenderTableCell {TD} at (0,36) size 183x18 [r=2 c=0 rs=1 cs=2]
              RenderText {#text} at (1,1) size 89x16
                text run at (1,1) width 89: "Row 4, Cell 1"
        RenderTableSection {TFOOT} at (0,88) size 275x18
          RenderTableRow {TR} at (0,0) size 275x18
            RenderTableCell {TD} at (0,0) size 91x18 [r=0 c=0 rs=1 cs=1]
              RenderText {#text} at (1,1) size 89x16
                text run at (1,1) width 89: "Row 5, Cell 1"
            RenderTableCell {TD} at (91,0) size 92x18 [border: none none none (1px solid #808080)] [r=0 c=1 rs=1 cs=1]
              RenderText {#text} at (2,1) size 89x16
                text run at (2,1) width 89: "Row 5, Cell 2"
            RenderTableCell {TD} at (183,0) size 92x18 [border: none none none (1px solid #808080)] [r=0 c=2 rs=1 cs=1]
              RenderText {#text} at (2,1) size 89x16
                text run at (2,1) width 89: "Row 5, Cell 3"
      RenderTable {TABLE} at (0,4390) size 275x107
        RenderBlock {CAPTION} at (0,0) size 275x16
          RenderInline {A} at (0,0) size 230x16
            RenderText {#text} at (20,0) size 230x16
              text run at (20,0) width 230: "Frame=\x{201C}above\x{201D} and Rules=\x{201C}cols\x{201D}"
          RenderInline {<pseudo:after>} at (0,0) size 6x16
            RenderTextFragment at (249,0) size 6x16
              text run at (249,0) width 6: ":"
        RenderTableSection {THEAD} at (0,16) size 275x19
          RenderTableRow {TR} at (0,0) size 275x19
            RenderTableCell {TD} at (0,0) size 91x19 [border: (1px none #808080) none none none] [r=0 c=0 rs=1 cs=1]
              RenderText {#text} at (1,2) size 89x16
                text run at (1,2) width 89: "Row 1, Cell 1"
            RenderTableCell {TD} at (91,0) size 92x19 [border: (1px none #808080) none none (1px solid #808080)] [r=0 c=1 rs=1 cs=1]
              RenderText {#text} at (2,2) size 89x16
                text run at (2,2) width 89: "Row 1, Cell 2"
            RenderTableCell {TD} at (183,0) size 92x19 [border: (1px none #808080) none none (1px solid #808080)] [r=0 c=2 rs=1 cs=1]
              RenderText {#text} at (2,2) size 89x16
                text run at (2,2) width 89: "Row 1, Cell 3"
        RenderTableSection {TBODY} at (0,35) size 275x54
          RenderTableRow {TR} at (0,0) size 275x18
            RenderTableCell {TD} at (0,9) size 91x18 [r=0 c=0 rs=2 cs=1]
              RenderText {#text} at (1,1) size 89x16
                text run at (1,1) width 89: "Row 2, Cell 1"
            RenderTableCell {TD} at (91,0) size 184x18 [border: none none none (1px solid #808080)] [r=0 c=1 rs=1 cs=2]
              RenderText {#text} at (2,1) size 89x16
                text run at (2,1) width 89: "Row 2, Cell 2"
          RenderTableRow {TR} at (0,18) size 275x18
            RenderTableCell {TD} at (91,18) size 92x18 [border: none none none (1px solid #808080)] [r=1 c=1 rs=1 cs=1]
              RenderText {#text} at (2,1) size 89x16
                text run at (2,1) width 89: "Row 3, Cell 2"
            RenderTableCell {TD} at (183,27) size 92x18 [border: none none none (1px solid #808080)] [r=1 c=2 rs=2 cs=1]
              RenderText {#text} at (2,1) size 89x16
                text run at (2,1) width 89: "Row 3, Cell 3"
          RenderTableRow {TR} at (0,36) size 275x18
            RenderTableCell {TD} at (0,36) size 183x18 [r=2 c=0 rs=1 cs=2]
              RenderText {#text} at (1,1) size 89x16
                text run at (1,1) width 89: "Row 4, Cell 1"
        RenderTableSection {TFOOT} at (0,89) size 275x18
          RenderTableRow {TR} at (0,0) size 275x18
            RenderTableCell {TD} at (0,0) size 91x18 [r=0 c=0 rs=1 cs=1]
              RenderText {#text} at (1,1) size 89x16
                text run at (1,1) width 89: "Row 5, Cell 1"
            RenderTableCell {TD} at (91,0) size 92x18 [border: none none none (1px solid #808080)] [r=0 c=1 rs=1 cs=1]
              RenderText {#text} at (2,1) size 89x16
                text run at (2,1) width 89: "Row 5, Cell 2"
            RenderTableCell {TD} at (183,0) size 92x18 [border: none none none (1px solid #808080)] [r=0 c=2 rs=1 cs=1]
              RenderText {#text} at (2,1) size 89x16
                text run at (2,1) width 89: "Row 5, Cell 3"
      RenderTable {TABLE} at (0,4545) size 275x107 [border: none (1px solid #808080) none]
        RenderBlock {CAPTION} at (0,0) size 275x16
          RenderInline {A} at (0,0) size 230x16
            RenderText {#text} at (20,0) size 230x16
              text run at (20,0) width 230: "Frame=\x{201C}below\x{201D} and Rules=\x{201C}cols\x{201D}"
          RenderInline {<pseudo:after>} at (0,0) size 6x16
            RenderTextFragment at (249,0) size 6x16
              text run at (249,0) width 6: ":"
        RenderTableSection {THEAD} at (0,16) size 275x18
          RenderTableRow {TR} at (0,0) size 275x18
            RenderTableCell {TD} at (0,0) size 91x18 [r=0 c=0 rs=1 cs=1]
              RenderText {#text} at (1,1) size 89x16
                text run at (1,1) width 89: "Row 1, Cell 1"
            RenderTableCell {TD} at (91,0) size 92x18 [border: none none none (1px solid #808080)] [r=0 c=1 rs=1 cs=1]
              RenderText {#text} at (2,1) size 89x16
                text run at (2,1) width 89: "Row 1, Cell 2"
            RenderTableCell {TD} at (183,0) size 92x18 [border: none none none (1px solid #808080)] [r=0 c=2 rs=1 cs=1]
              RenderText {#text} at (2,1) size 89x16
                text run at (2,1) width 89: "Row 1, Cell 3"
        RenderTableSection {TBODY} at (0,34) size 275x54
          RenderTableRow {TR} at (0,0) size 275x18
            RenderTableCell {TD} at (0,9) size 91x18 [r=0 c=0 rs=2 cs=1]
              RenderText {#text} at (1,1) size 89x16
                text run at (1,1) width 89: "Row 2, Cell 1"
            RenderTableCell {TD} at (91,0) size 184x18 [border: none none none (1px solid #808080)] [r=0 c=1 rs=1 cs=2]
              RenderText {#text} at (2,1) size 89x16
                text run at (2,1) width 89: "Row 2, Cell 2"
          RenderTableRow {TR} at (0,18) size 275x18
            RenderTableCell {TD} at (91,18) size 92x18 [border: none none none (1px solid #808080)] [r=1 c=1 rs=1 cs=1]
              RenderText {#text} at (2,1) size 89x16
                text run at (2,1) width 89: "Row 3, Cell 2"
            RenderTableCell {TD} at (183,27) size 92x18 [border: none none none (1px solid #808080)] [r=1 c=2 rs=2 cs=1]
              RenderText {#text} at (2,1) size 89x16
                text run at (2,1) width 89: "Row 3, Cell 3"
          RenderTableRow {TR} at (0,36) size 275x18
            RenderTableCell {TD} at (0,36) size 183x18 [r=2 c=0 rs=1 cs=2]
              RenderText {#text} at (1,1) size 89x16
                text run at (1,1) width 89: "Row 4, Cell 1"
        RenderTableSection {TFOOT} at (0,88) size 275x18
          RenderTableRow {TR} at (0,0) size 275x18
            RenderTableCell {TD} at (0,0) size 91x18 [r=0 c=0 rs=1 cs=1]
              RenderText {#text} at (1,1) size 89x16
                text run at (1,1) width 89: "Row 5, Cell 1"
            RenderTableCell {TD} at (91,0) size 92x18 [border: none none none (1px solid #808080)] [r=0 c=1 rs=1 cs=1]
              RenderText {#text} at (2,1) size 89x16
                text run at (2,1) width 89: "Row 5, Cell 2"
            RenderTableCell {TD} at (183,0) size 92x18 [border: none none none (1px solid #808080)] [r=0 c=2 rs=1 cs=1]
              RenderText {#text} at (2,1) size 89x16
                text run at (2,1) width 89: "Row 5, Cell 3"
      RenderTable {TABLE} at (0,4700) size 275x108 [border: none none (1px solid #808080) none]
        RenderBlock {CAPTION} at (0,0) size 275x16
          RenderInline {A} at (0,0) size 232x16
            RenderText {#text} at (19,0) size 232x16
              text run at (19,0) width 232: "Frame=\x{201C}hsides\x{201D} and Rules=\x{201C}cols\x{201D}"
          RenderInline {<pseudo:after>} at (0,0) size 6x16
            RenderTextFragment at (250,0) size 6x16
              text run at (250,0) width 6: ":"
        RenderTableSection {THEAD} at (0,16) size 275x19
          RenderTableRow {TR} at (0,0) size 275x19
            RenderTableCell {TD} at (0,0) size 91x19 [border: (1px none #808080) none none none] [r=0 c=0 rs=1 cs=1]
              RenderText {#text} at (1,2) size 89x16
                text run at (1,2) width 89: "Row 1, Cell 1"
            RenderTableCell {TD} at (91,0) size 92x19 [border: (1px none #808080) none none (1px solid #808080)] [r=0 c=1 rs=1 cs=1]
              RenderText {#text} at (2,2) size 89x16
                text run at (2,2) width 89: "Row 1, Cell 2"
            RenderTableCell {TD} at (183,0) size 92x19 [border: (1px none #808080) none none (1px solid #808080)] [r=0 c=2 rs=1 cs=1]
              RenderText {#text} at (2,2) size 89x16
                text run at (2,2) width 89: "Row 1, Cell 3"
        RenderTableSection {TBODY} at (0,35) size 275x54
          RenderTableRow {TR} at (0,0) size 275x18
            RenderTableCell {TD} at (0,9) size 91x18 [r=0 c=0 rs=2 cs=1]
              RenderText {#text} at (1,1) size 89x16
                text run at (1,1) width 89: "Row 2, Cell 1"
            RenderTableCell {TD} at (91,0) size 184x18 [border: none none none (1px solid #808080)] [r=0 c=1 rs=1 cs=2]
              RenderText {#text} at (2,1) size 89x16
                text run at (2,1) width 89: "Row 2, Cell 2"
          RenderTableRow {TR} at (0,18) size 275x18
            RenderTableCell {TD} at (91,18) size 92x18 [border: none none none (1px solid #808080)] [r=1 c=1 rs=1 cs=1]
              RenderText {#text} at (2,1) size 89x16
                text run at (2,1) width 89: "Row 3, Cell 2"
            RenderTableCell {TD} at (183,27) size 92x18 [border: none none none (1px solid #808080)] [r=1 c=2 rs=2 cs=1]
              RenderText {#text} at (2,1) size 89x16
                text run at (2,1) width 89: "Row 3, Cell 3"
          RenderTableRow {TR} at (0,36) size 275x18
            RenderTableCell {TD} at (0,36) size 183x18 [r=2 c=0 rs=1 cs=2]
              RenderText {#text} at (1,1) size 89x16
                text run at (1,1) width 89: "Row 4, Cell 1"
        RenderTableSection {TFOOT} at (0,89) size 275x18
          RenderTableRow {TR} at (0,0) size 275x18
            RenderTableCell {TD} at (0,0) size 91x18 [r=0 c=0 rs=1 cs=1]
              RenderText {#text} at (1,1) size 89x16
                text run at (1,1) width 89: "Row 5, Cell 1"
            RenderTableCell {TD} at (91,0) size 92x18 [border: none none none (1px solid #808080)] [r=0 c=1 rs=1 cs=1]
              RenderText {#text} at (2,1) size 89x16
                text run at (2,1) width 89: "Row 5, Cell 2"
            RenderTableCell {TD} at (183,0) size 92x18 [border: none none none (1px solid #808080)] [r=0 c=2 rs=1 cs=1]
              RenderText {#text} at (2,1) size 89x16
                text run at (2,1) width 89: "Row 5, Cell 3"
      RenderTable {TABLE} at (0,4856) size 277x106 [border: none (1px solid #808080) none none]
        RenderBlock {CAPTION} at (0,0) size 277x16
          RenderInline {A} at (0,0) size 231x16
            RenderText {#text} at (20,0) size 231x16
              text run at (20,0) width 231: "Frame=\x{201C}vsides\x{201D} and Rules=\x{201C}cols\x{201D}"
          RenderInline {<pseudo:after>} at (0,0) size 7x16
            RenderTextFragment at (250,0) size 7x16
              text run at (250,0) width 7: ":"
        RenderTableSection {THEAD} at (0,16) size 276x18
          RenderTableRow {TR} at (0,0) size 276x18
            RenderTableCell {TD} at (0,0) size 92x18 [border: none none none (1px solid #808080)] [r=0 c=0 rs=1 cs=1]
              RenderText {#text} at (2,1) size 89x16
                text run at (2,1) width 89: "Row 1, Cell 1"
            RenderTableCell {TD} at (92,0) size 92x18 [border: none none none (1px solid #808080)] [r=0 c=1 rs=1 cs=1]
              RenderText {#text} at (2,1) size 89x16
                text run at (2,1) width 89: "Row 1, Cell 2"
            RenderTableCell {TD} at (184,0) size 92x18 [border: none none none (1px solid #808080)] [r=0 c=2 rs=1 cs=1]
              RenderText {#text} at (2,1) size 89x16
                text run at (2,1) width 89: "Row 1, Cell 3"
        RenderTableSection {TBODY} at (0,34) size 276x54
          RenderTableRow {TR} at (0,0) size 276x18
            RenderTableCell {TD} at (0,9) size 92x18 [border: none none none (1px solid #808080)] [r=0 c=0 rs=2 cs=1]
              RenderText {#text} at (2,1) size 89x16
                text run at (2,1) width 89: "Row 2, Cell 1"
            RenderTableCell {TD} at (92,0) size 184x18 [border: none none none (1px solid #808080)] [r=0 c=1 rs=1 cs=2]
              RenderText {#text} at (2,1) size 89x16
                text run at (2,1) width 89: "Row 2, Cell 2"
          RenderTableRow {TR} at (0,18) size 276x18
            RenderTableCell {TD} at (92,18) size 92x18 [border: none none none (1px solid #808080)] [r=1 c=1 rs=1 cs=1]
              RenderText {#text} at (2,1) size 89x16
                text run at (2,1) width 89: "Row 3, Cell 2"
            RenderTableCell {TD} at (184,27) size 92x18 [border: none none none (1px solid #808080)] [r=1 c=2 rs=2 cs=1]
              RenderText {#text} at (2,1) size 89x16
                text run at (2,1) width 89: "Row 3, Cell 3"
          RenderTableRow {TR} at (0,36) size 276x18
            RenderTableCell {TD} at (0,36) size 184x18 [border: none none none (1px solid #808080)] [r=2 c=0 rs=1 cs=2]
              RenderText {#text} at (2,1) size 89x16
                text run at (2,1) width 89: "Row 4, Cell 1"
        RenderTableSection {TFOOT} at (0,88) size 276x18
          RenderTableRow {TR} at (0,0) size 276x18
            RenderTableCell {TD} at (0,0) size 92x18 [border: none none none (1px solid #808080)] [r=0 c=0 rs=1 cs=1]
              RenderText {#text} at (2,1) size 89x16
                text run at (2,1) width 89: "Row 5, Cell 1"
            RenderTableCell {TD} at (92,0) size 92x18 [border: none none none (1px solid #808080)] [r=0 c=1 rs=1 cs=1]
              RenderText {#text} at (2,1) size 89x16
                text run at (2,1) width 89: "Row 5, Cell 2"
            RenderTableCell {TD} at (184,0) size 92x18 [border: none none none (1px solid #808080)] [r=0 c=2 rs=1 cs=1]
              RenderText {#text} at (2,1) size 89x16
                text run at (2,1) width 89: "Row 5, Cell 3"
      RenderTable {TABLE} at (0,5010) size 276x106
        RenderBlock {CAPTION} at (0,0) size 276x16
          RenderInline {A} at (0,0) size 211x16
            RenderText {#text} at (30,0) size 211x16
              text run at (30,0) width 211: "Frame=\x{201C}lhs\x{201D} and Rules=\x{201C}cols\x{201D}"
          RenderInline {<pseudo:after>} at (0,0) size 6x16
            RenderTextFragment at (240,0) size 6x16
              text run at (240,0) width 6: ":"
        RenderTableSection {THEAD} at (0,16) size 276x18
          RenderTableRow {TR} at (0,0) size 276x18
            RenderTableCell {TD} at (0,0) size 92x18 [border: none none none (1px solid #808080)] [r=0 c=0 rs=1 cs=1]
              RenderText {#text} at (2,1) size 89x16
                text run at (2,1) width 89: "Row 1, Cell 1"
            RenderTableCell {TD} at (92,0) size 92x18 [border: none none none (1px solid #808080)] [r=0 c=1 rs=1 cs=1]
              RenderText {#text} at (2,1) size 89x16
                text run at (2,1) width 89: "Row 1, Cell 2"
            RenderTableCell {TD} at (184,0) size 92x18 [border: none none none (1px solid #808080)] [r=0 c=2 rs=1 cs=1]
              RenderText {#text} at (2,1) size 89x16
                text run at (2,1) width 89: "Row 1, Cell 3"
        RenderTableSection {TBODY} at (0,34) size 276x54
          RenderTableRow {TR} at (0,0) size 276x18
            RenderTableCell {TD} at (0,9) size 92x18 [border: none none none (1px solid #808080)] [r=0 c=0 rs=2 cs=1]
              RenderText {#text} at (2,1) size 89x16
                text run at (2,1) width 89: "Row 2, Cell 1"
            RenderTableCell {TD} at (92,0) size 184x18 [border: none none none (1px solid #808080)] [r=0 c=1 rs=1 cs=2]
              RenderText {#text} at (2,1) size 89x16
                text run at (2,1) width 89: "Row 2, Cell 2"
          RenderTableRow {TR} at (0,18) size 276x18
            RenderTableCell {TD} at (92,18) size 92x18 [border: none none none (1px solid #808080)] [r=1 c=1 rs=1 cs=1]
              RenderText {#text} at (2,1) size 89x16
                text run at (2,1) width 89: "Row 3, Cell 2"
            RenderTableCell {TD} at (184,27) size 92x18 [border: none none none (1px solid #808080)] [r=1 c=2 rs=2 cs=1]
              RenderText {#text} at (2,1) size 89x16
                text run at (2,1) width 89: "Row 3, Cell 3"
          RenderTableRow {TR} at (0,36) size 276x18
            RenderTableCell {TD} at (0,36) size 184x18 [border: none none none (1px solid #808080)] [r=2 c=0 rs=1 cs=2]
              RenderText {#text} at (2,1) size 89x16
                text run at (2,1) width 89: "Row 4, Cell 1"
        RenderTableSection {TFOOT} at (0,88) size 276x18
          RenderTableRow {TR} at (0,0) size 276x18
            RenderTableCell {TD} at (0,0) size 92x18 [border: none none none (1px solid #808080)] [r=0 c=0 rs=1 cs=1]
              RenderText {#text} at (2,1) size 89x16
                text run at (2,1) width 89: "Row 5, Cell 1"
            RenderTableCell {TD} at (92,0) size 92x18 [border: none none none (1px solid #808080)] [r=0 c=1 rs=1 cs=1]
              RenderText {#text} at (2,1) size 89x16
                text run at (2,1) width 89: "Row 5, Cell 2"
            RenderTableCell {TD} at (184,0) size 92x18 [border: none none none (1px solid #808080)] [r=0 c=2 rs=1 cs=1]
              RenderText {#text} at (2,1) size 89x16
                text run at (2,1) width 89: "Row 5, Cell 3"
      RenderTable {TABLE} at (0,5164) size 276x106 [border: none (1px solid #808080) none]
        RenderBlock {CAPTION} at (0,0) size 276x16
          RenderInline {A} at (0,0) size 213x16
            RenderText {#text} at (29,0) size 213x16
              text run at (29,0) width 213: "Frame=\x{201C}rhs\x{201D} and Rules=\x{201C}cols\x{201D}"
          RenderInline {<pseudo:after>} at (0,0) size 6x16
            RenderTextFragment at (241,0) size 6x16
              text run at (241,0) width 6: ":"
        RenderTableSection {THEAD} at (0,16) size 275x18
          RenderTableRow {TR} at (0,0) size 275x18
            RenderTableCell {TD} at (0,0) size 91x18 [r=0 c=0 rs=1 cs=1]
              RenderText {#text} at (1,1) size 89x16
                text run at (1,1) width 89: "Row 1, Cell 1"
            RenderTableCell {TD} at (91,0) size 92x18 [border: none none none (1px solid #808080)] [r=0 c=1 rs=1 cs=1]
              RenderText {#text} at (2,1) size 89x16
                text run at (2,1) width 89: "Row 1, Cell 2"
            RenderTableCell {TD} at (183,0) size 92x18 [border: none none none (1px solid #808080)] [r=0 c=2 rs=1 cs=1]
              RenderText {#text} at (2,1) size 89x16
                text run at (2,1) width 89: "Row 1, Cell 3"
        RenderTableSection {TBODY} at (0,34) size 275x54
          RenderTableRow {TR} at (0,0) size 275x18
            RenderTableCell {TD} at (0,9) size 91x18 [r=0 c=0 rs=2 cs=1]
              RenderText {#text} at (1,1) size 89x16
                text run at (1,1) width 89: "Row 2, Cell 1"
            RenderTableCell {TD} at (91,0) size 184x18 [border: none none none (1px solid #808080)] [r=0 c=1 rs=1 cs=2]
              RenderText {#text} at (2,1) size 89x16
                text run at (2,1) width 89: "Row 2, Cell 2"
          RenderTableRow {TR} at (0,18) size 275x18
            RenderTableCell {TD} at (91,18) size 92x18 [border: none none none (1px solid #808080)] [r=1 c=1 rs=1 cs=1]
              RenderText {#text} at (2,1) size 89x16
                text run at (2,1) width 89: "Row 3, Cell 2"
            RenderTableCell {TD} at (183,27) size 92x18 [border: none none none (1px solid #808080)] [r=1 c=2 rs=2 cs=1]
              RenderText {#text} at (2,1) size 89x16
                text run at (2,1) width 89: "Row 3, Cell 3"
          RenderTableRow {TR} at (0,36) size 275x18
            RenderTableCell {TD} at (0,36) size 183x18 [r=2 c=0 rs=1 cs=2]
              RenderText {#text} at (1,1) size 89x16
                text run at (1,1) width 89: "Row 4, Cell 1"
        RenderTableSection {TFOOT} at (0,88) size 275x18
          RenderTableRow {TR} at (0,0) size 275x18
            RenderTableCell {TD} at (0,0) size 91x18 [r=0 c=0 rs=1 cs=1]
              RenderText {#text} at (1,1) size 89x16
                text run at (1,1) width 89: "Row 5, Cell 1"
            RenderTableCell {TD} at (91,0) size 92x18 [border: none none none (1px solid #808080)] [r=0 c=1 rs=1 cs=1]
              RenderText {#text} at (2,1) size 89x16
                text run at (2,1) width 89: "Row 5, Cell 2"
            RenderTableCell {TD} at (183,0) size 92x18 [border: none none none (1px solid #808080)] [r=0 c=2 rs=1 cs=1]
              RenderText {#text} at (2,1) size 89x16
                text run at (2,1) width 89: "Row 5, Cell 3"
      RenderTable {TABLE} at (0,5318) size 277x108 [border: none]
        RenderBlock {CAPTION} at (0,0) size 277x16
          RenderInline {A} at (0,0) size 216x16
            RenderText {#text} at (28,0) size 216x16
              text run at (28,0) width 216: "Frame=\x{201C}box\x{201D} and Rules=\x{201C}cols\x{201D}"
          RenderInline {<pseudo:after>} at (0,0) size 6x16
            RenderTextFragment at (243,0) size 6x16
              text run at (243,0) width 6: ":"
        RenderTableSection {THEAD} at (0,16) size 276x19
          RenderTableRow {TR} at (0,0) size 276x19
            RenderTableCell {TD} at (0,0) size 92x19 [border: (1px none #808080) none none (1px solid #808080)] [r=0 c=0 rs=1 cs=1]
              RenderText {#text} at (2,2) size 89x16
                text run at (2,2) width 89: "Row 1, Cell 1"
            RenderTableCell {TD} at (92,0) size 92x19 [border: (1px none #808080) none none (1px solid #808080)] [r=0 c=1 rs=1 cs=1]
              RenderText {#text} at (2,2) size 89x16
                text run at (2,2) width 89: "Row 1, Cell 2"
            RenderTableCell {TD} at (184,0) size 92x19 [border: (1px none #808080) none none (1px solid #808080)] [r=0 c=2 rs=1 cs=1]
              RenderText {#text} at (2,2) size 89x16
                text run at (2,2) width 89: "Row 1, Cell 3"
        RenderTableSection {TBODY} at (0,35) size 276x54
          RenderTableRow {TR} at (0,0) size 276x18
            RenderTableCell {TD} at (0,9) size 92x18 [border: none none none (1px solid #808080)] [r=0 c=0 rs=2 cs=1]
              RenderText {#text} at (2,1) size 89x16
                text run at (2,1) width 89: "Row 2, Cell 1"
            RenderTableCell {TD} at (92,0) size 184x18 [border: none none none (1px solid #808080)] [r=0 c=1 rs=1 cs=2]
              RenderText {#text} at (2,1) size 89x16
                text run at (2,1) width 89: "Row 2, Cell 2"
          RenderTableRow {TR} at (0,18) size 276x18
            RenderTableCell {TD} at (92,18) size 92x18 [border: none none none (1px solid #808080)] [r=1 c=1 rs=1 cs=1]
              RenderText {#text} at (2,1) size 89x16
                text run at (2,1) width 89: "Row 3, Cell 2"
            RenderTableCell {TD} at (184,27) size 92x18 [border: none none none (1px solid #808080)] [r=1 c=2 rs=2 cs=1]
              RenderText {#text} at (2,1) size 89x16
                text run at (2,1) width 89: "Row 3, Cell 3"
          RenderTableRow {TR} at (0,36) size 276x18
            RenderTableCell {TD} at (0,36) size 184x18 [border: none none none (1px solid #808080)] [r=2 c=0 rs=1 cs=2]
              RenderText {#text} at (2,1) size 89x16
                text run at (2,1) width 89: "Row 4, Cell 1"
        RenderTableSection {TFOOT} at (0,89) size 276x18
          RenderTableRow {TR} at (0,0) size 276x18
            RenderTableCell {TD} at (0,0) size 92x18 [border: none none none (1px solid #808080)] [r=0 c=0 rs=1 cs=1]
              RenderText {#text} at (2,1) size 89x16
                text run at (2,1) width 89: "Row 5, Cell 1"
            RenderTableCell {TD} at (92,0) size 92x18 [border: none none none (1px solid #808080)] [r=0 c=1 rs=1 cs=1]
              RenderText {#text} at (2,1) size 89x16
                text run at (2,1) width 89: "Row 5, Cell 2"
            RenderTableCell {TD} at (184,0) size 92x18 [border: none none none (1px solid #808080)] [r=0 c=2 rs=1 cs=1]
              RenderText {#text} at (2,1) size 89x16
                text run at (2,1) width 89: "Row 5, Cell 3"
      RenderTable {TABLE} at (0,5474) size 277x108 [border: none]
        RenderBlock {CAPTION} at (0,0) size 277x16
          RenderInline {A} at (0,0) size 235x16
            RenderText {#text} at (18,0) size 235x16
              text run at (18,0) width 235: "Frame=\x{201C}border\x{201D} and Rules=\x{201C}cols\x{201D}"
          RenderInline {<pseudo:after>} at (0,0) size 7x16
            RenderTextFragment at (252,0) size 7x16
              text run at (252,0) width 7: ":"
        RenderTableSection {THEAD} at (0,16) size 276x19
          RenderTableRow {TR} at (0,0) size 276x19
            RenderTableCell {TD} at (0,0) size 92x19 [border: (1px none #808080) none none (1px solid #808080)] [r=0 c=0 rs=1 cs=1]
              RenderText {#text} at (2,2) size 89x16
                text run at (2,2) width 89: "Row 1, Cell 1"
            RenderTableCell {TD} at (92,0) size 92x19 [border: (1px none #808080) none none (1px solid #808080)] [r=0 c=1 rs=1 cs=1]
              RenderText {#text} at (2,2) size 89x16
                text run at (2,2) width 89: "Row 1, Cell 2"
            RenderTableCell {TD} at (184,0) size 92x19 [border: (1px none #808080) none none (1px solid #808080)] [r=0 c=2 rs=1 cs=1]
              RenderText {#text} at (2,2) size 89x16
                text run at (2,2) width 89: "Row 1, Cell 3"
        RenderTableSection {TBODY} at (0,35) size 276x54
          RenderTableRow {TR} at (0,0) size 276x18
            RenderTableCell {TD} at (0,9) size 92x18 [border: none none none (1px solid #808080)] [r=0 c=0 rs=2 cs=1]
              RenderText {#text} at (2,1) size 89x16
                text run at (2,1) width 89: "Row 2, Cell 1"
            RenderTableCell {TD} at (92,0) size 184x18 [border: none none none (1px solid #808080)] [r=0 c=1 rs=1 cs=2]
              RenderText {#text} at (2,1) size 89x16
                text run at (2,1) width 89: "Row 2, Cell 2"
          RenderTableRow {TR} at (0,18) size 276x18
            RenderTableCell {TD} at (92,18) size 92x18 [border: none none none (1px solid #808080)] [r=1 c=1 rs=1 cs=1]
              RenderText {#text} at (2,1) size 89x16
                text run at (2,1) width 89: "Row 3, Cell 2"
            RenderTableCell {TD} at (184,27) size 92x18 [border: none none none (1px solid #808080)] [r=1 c=2 rs=2 cs=1]
              RenderText {#text} at (2,1) size 89x16
                text run at (2,1) width 89: "Row 3, Cell 3"
          RenderTableRow {TR} at (0,36) size 276x18
            RenderTableCell {TD} at (0,36) size 184x18 [border: none none none (1px solid #808080)] [r=2 c=0 rs=1 cs=2]
              RenderText {#text} at (2,1) size 89x16
                text run at (2,1) width 89: "Row 4, Cell 1"
        RenderTableSection {TFOOT} at (0,89) size 276x18
          RenderTableRow {TR} at (0,0) size 276x18
            RenderTableCell {TD} at (0,0) size 92x18 [border: none none none (1px solid #808080)] [r=0 c=0 rs=1 cs=1]
              RenderText {#text} at (2,1) size 89x16
                text run at (2,1) width 89: "Row 5, Cell 1"
            RenderTableCell {TD} at (92,0) size 92x18 [border: none none none (1px solid #808080)] [r=0 c=1 rs=1 cs=1]
              RenderText {#text} at (2,1) size 89x16
                text run at (2,1) width 89: "Row 5, Cell 2"
            RenderTableCell {TD} at (184,0) size 92x18 [border: none none none (1px solid #808080)] [r=0 c=2 rs=1 cs=1]
              RenderText {#text} at (2,1) size 89x16
                text run at (2,1) width 89: "Row 5, Cell 3"
      RenderTable {TABLE} at (0,5630) size 275x110
        RenderBlock {CAPTION} at (0,0) size 275x16
          RenderInline {A} at (0,0) size 210x16
            RenderText {#text} at (30,0) size 210x16
              text run at (30,0) width 210: "Frame=\x{201C}void\x{201D} and Rules=\x{201C}all\x{201D}"
          RenderInline {<pseudo:after>} at (0,0) size 6x16
            RenderTextFragment at (239,0) size 6x16
              text run at (239,0) width 6: ":"
        RenderTableSection {THEAD} at (0,16) size 275x18
          RenderTableRow {TR} at (0,0) size 275x18
            RenderTableCell {TD} at (0,0) size 91x18 [r=0 c=0 rs=1 cs=1]
              RenderText {#text} at (1,1) size 89x16
                text run at (1,1) width 89: "Row 1, Cell 1"
            RenderTableCell {TD} at (91,0) size 92x18 [border: none] [r=0 c=1 rs=1 cs=1]
              RenderText {#text} at (2,1) size 89x16
                text run at (2,1) width 89: "Row 1, Cell 2"
            RenderTableCell {TD} at (183,0) size 92x18 [border: none] [r=0 c=2 rs=1 cs=1]
              RenderText {#text} at (2,1) size 89x16
                text run at (2,1) width 89: "Row 1, Cell 3"
        RenderTableSection {TBODY} at (0,34) size 275x57
          RenderTableRow {TR} at (0,0) size 275x19
            RenderTableCell {TD} at (0,9) size 91x19 [border: (1px solid #808080)] [r=0 c=0 rs=2 cs=1]
              RenderText {#text} at (1,2) size 89x16
                text run at (1,2) width 89: "Row 2, Cell 1"
            RenderTableCell {TD} at (91,0) size 184x19 [border: (1px solid #808080)] [r=0 c=1 rs=1 cs=2]
              RenderText {#text} at (2,2) size 89x16
                text run at (2,2) width 89: "Row 2, Cell 2"
          RenderTableRow {TR} at (0,19) size 275x19
            RenderTableCell {TD} at (91,19) size 92x19 [border: (1px solid #808080)] [r=1 c=1 rs=1 cs=1]
              RenderText {#text} at (2,2) size 89x16
                text run at (2,2) width 89: "Row 3, Cell 2"
            RenderTableCell {TD} at (183,28) size 92x19 [border: (1px solid #808080)] [r=1 c=2 rs=2 cs=1]
              RenderText {#text} at (2,2) size 89x16
                text run at (2,2) width 89: "Row 3, Cell 3"
          RenderTableRow {TR} at (0,38) size 275x19
            RenderTableCell {TD} at (0,38) size 183x19 [border: (1px solid #808080)] [r=2 c=0 rs=1 cs=2]
              RenderText {#text} at (1,2) size 89x16
                text run at (1,2) width 89: "Row 4, Cell 1"
        RenderTableSection {TFOOT} at (0,91) size 275x19
          RenderTableRow {TR} at (0,0) size 275x19
            RenderTableCell {TD} at (0,0) size 91x19 [border: (1px solid #808080)] [r=0 c=0 rs=1 cs=1]
              RenderText {#text} at (1,2) size 89x16
                text run at (1,2) width 89: "Row 5, Cell 1"
            RenderTableCell {TD} at (91,0) size 92x19 [border: (1px solid #808080)] [r=0 c=1 rs=1 cs=1]
              RenderText {#text} at (2,2) size 89x16
                text run at (2,2) width 89: "Row 5, Cell 2"
            RenderTableCell {TD} at (183,0) size 92x19 [border: (1px solid #808080)] [r=0 c=2 rs=1 cs=1]
              RenderText {#text} at (2,2) size 89x16
                text run at (2,2) width 89: "Row 5, Cell 3"
      RenderTable {TABLE} at (0,5788) size 275x111
        RenderBlock {CAPTION} at (0,0) size 275x16
          RenderInline {A} at (0,0) size 221x16
            RenderText {#text} at (24,0) size 221x16
              text run at (24,0) width 221: "Frame=\x{201C}above\x{201D} and Rules=\x{201C}all\x{201D}"
          RenderInline {<pseudo:after>} at (0,0) size 7x16
            RenderTextFragment at (244,0) size 7x16
              text run at (244,0) width 7: ":"
        RenderTableSection {THEAD} at (0,16) size 275x19
          RenderTableRow {TR} at (0,0) size 275x19
            RenderTableCell {TD} at (0,0) size 91x19 [border: (1px solid #808080)] [r=0 c=0 rs=1 cs=1]
              RenderText {#text} at (1,2) size 89x16
                text run at (1,2) width 89: "Row 1, Cell 1"
            RenderTableCell {TD} at (91,0) size 92x19 [border: (1px solid #808080)] [r=0 c=1 rs=1 cs=1]
              RenderText {#text} at (2,2) size 89x16
                text run at (2,2) width 89: "Row 1, Cell 2"
            RenderTableCell {TD} at (183,0) size 92x19 [border: (1px solid #808080)] [r=0 c=2 rs=1 cs=1]
              RenderText {#text} at (2,2) size 89x16
                text run at (2,2) width 89: "Row 1, Cell 3"
        RenderTableSection {TBODY} at (0,35) size 275x57
          RenderTableRow {TR} at (0,0) size 275x19
            RenderTableCell {TD} at (0,9) size 91x19 [border: (1px solid #808080)] [r=0 c=0 rs=2 cs=1]
              RenderText {#text} at (1,2) size 89x16
                text run at (1,2) width 89: "Row 2, Cell 1"
            RenderTableCell {TD} at (91,0) size 184x19 [border: (1px solid #808080)] [r=0 c=1 rs=1 cs=2]
              RenderText {#text} at (2,2) size 89x16
                text run at (2,2) width 89: "Row 2, Cell 2"
          RenderTableRow {TR} at (0,19) size 275x19
            RenderTableCell {TD} at (91,19) size 92x19 [border: (1px solid #808080)] [r=1 c=1 rs=1 cs=1]
              RenderText {#text} at (2,2) size 89x16
                text run at (2,2) width 89: "Row 3, Cell 2"
            RenderTableCell {TD} at (183,28) size 92x19 [border: (1px solid #808080)] [r=1 c=2 rs=2 cs=1]
              RenderText {#text} at (2,2) size 89x16
                text run at (2,2) width 89: "Row 3, Cell 3"
          RenderTableRow {TR} at (0,38) size 275x19
            RenderTableCell {TD} at (0,38) size 183x19 [border: (1px solid #808080)] [r=2 c=0 rs=1 cs=2]
              RenderText {#text} at (1,2) size 89x16
                text run at (1,2) width 89: "Row 4, Cell 1"
        RenderTableSection {TFOOT} at (0,92) size 275x19
          RenderTableRow {TR} at (0,0) size 275x19
            RenderTableCell {TD} at (0,0) size 91x19 [border: (1px solid #808080)] [r=0 c=0 rs=1 cs=1]
              RenderText {#text} at (1,2) size 89x16
                text run at (1,2) width 89: "Row 5, Cell 1"
            RenderTableCell {TD} at (91,0) size 92x19 [border: (1px solid #808080)] [r=0 c=1 rs=1 cs=1]
              RenderText {#text} at (2,2) size 89x16
                text run at (2,2) width 89: "Row 5, Cell 2"
            RenderTableCell {TD} at (183,0) size 92x19 [border: (1px solid #808080)] [r=0 c=2 rs=1 cs=1]
              RenderText {#text} at (2,2) size 89x16
                text run at (2,2) width 89: "Row 5, Cell 3"
      RenderTable {TABLE} at (0,5947) size 275x111 [border: none (1px solid #808080) none]
        RenderBlock {CAPTION} at (0,0) size 275x16
          RenderInline {A} at (0,0) size 221x16
            RenderText {#text} at (24,0) size 221x16
              text run at (24,0) width 221: "Frame=\x{201C}below\x{201D} and Rules=\x{201C}all\x{201D}"
          RenderInline {<pseudo:after>} at (0,0) size 7x16
            RenderTextFragment at (244,0) size 7x16
              text run at (244,0) width 7: ":"
        RenderTableSection {THEAD} at (0,16) size 275x18
          RenderTableRow {TR} at (0,0) size 275x18
            RenderTableCell {TD} at (0,0) size 91x18 [r=0 c=0 rs=1 cs=1]
              RenderText {#text} at (1,1) size 89x16
                text run at (1,1) width 89: "Row 1, Cell 1"
            RenderTableCell {TD} at (91,0) size 92x18 [border: none] [r=0 c=1 rs=1 cs=1]
              RenderText {#text} at (2,1) size 89x16
                text run at (2,1) width 89: "Row 1, Cell 2"
            RenderTableCell {TD} at (183,0) size 92x18 [border: none] [r=0 c=2 rs=1 cs=1]
              RenderText {#text} at (2,1) size 89x16
                text run at (2,1) width 89: "Row 1, Cell 3"
        RenderTableSection {TBODY} at (0,34) size 275x57
          RenderTableRow {TR} at (0,0) size 275x19
            RenderTableCell {TD} at (0,9) size 91x19 [border: (1px solid #808080)] [r=0 c=0 rs=2 cs=1]
              RenderText {#text} at (1,2) size 89x16
                text run at (1,2) width 89: "Row 2, Cell 1"
            RenderTableCell {TD} at (91,0) size 184x19 [border: (1px solid #808080)] [r=0 c=1 rs=1 cs=2]
              RenderText {#text} at (2,2) size 89x16
                text run at (2,2) width 89: "Row 2, Cell 2"
          RenderTableRow {TR} at (0,19) size 275x19
            RenderTableCell {TD} at (91,19) size 92x19 [border: (1px solid #808080)] [r=1 c=1 rs=1 cs=1]
              RenderText {#text} at (2,2) size 89x16
                text run at (2,2) width 89: "Row 3, Cell 2"
            RenderTableCell {TD} at (183,28) size 92x19 [border: (1px solid #808080)] [r=1 c=2 rs=2 cs=1]
              RenderText {#text} at (2,2) size 89x16
                text run at (2,2) width 89: "Row 3, Cell 3"
          RenderTableRow {TR} at (0,38) size 275x19
            RenderTableCell {TD} at (0,38) size 183x19 [border: (1px solid #808080)] [r=2 c=0 rs=1 cs=2]
              RenderText {#text} at (1,2) size 89x16
                text run at (1,2) width 89: "Row 4, Cell 1"
        RenderTableSection {TFOOT} at (0,91) size 275x19
          RenderTableRow {TR} at (0,0) size 275x19
            RenderTableCell {TD} at (0,0) size 91x19 [border: (1px solid #808080)] [r=0 c=0 rs=1 cs=1]
              RenderText {#text} at (1,2) size 89x16
                text run at (1,2) width 89: "Row 5, Cell 1"
            RenderTableCell {TD} at (91,0) size 92x19 [border: (1px solid #808080)] [r=0 c=1 rs=1 cs=1]
              RenderText {#text} at (2,2) size 89x16
                text run at (2,2) width 89: "Row 5, Cell 2"
            RenderTableCell {TD} at (183,0) size 92x19 [border: (1px solid #808080)] [r=0 c=2 rs=1 cs=1]
              RenderText {#text} at (2,2) size 89x16
                text run at (2,2) width 89: "Row 5, Cell 3"
      RenderTable {TABLE} at (0,6106) size 275x112 [border: none none (1px solid #808080) none]
        RenderBlock {CAPTION} at (0,0) size 275x16
          RenderInline {A} at (0,0) size 224x16
            RenderText {#text} at (23,0) size 224x16
              text run at (23,0) width 224: "Frame=\x{201C}hsides\x{201D} and Rules=\x{201C}all\x{201D}"
          RenderInline {<pseudo:after>} at (0,0) size 6x16
            RenderTextFragment at (246,0) size 6x16
              text run at (246,0) width 6: ":"
        RenderTableSection {THEAD} at (0,16) size 275x19
          RenderTableRow {TR} at (0,0) size 275x19
            RenderTableCell {TD} at (0,0) size 91x19 [border: (1px solid #808080)] [r=0 c=0 rs=1 cs=1]
              RenderText {#text} at (1,2) size 89x16
                text run at (1,2) width 89: "Row 1, Cell 1"
            RenderTableCell {TD} at (91,0) size 92x19 [border: (1px solid #808080)] [r=0 c=1 rs=1 cs=1]
              RenderText {#text} at (2,2) size 89x16
                text run at (2,2) width 89: "Row 1, Cell 2"
            RenderTableCell {TD} at (183,0) size 92x19 [border: (1px solid #808080)] [r=0 c=2 rs=1 cs=1]
              RenderText {#text} at (2,2) size 89x16
                text run at (2,2) width 89: "Row 1, Cell 3"
        RenderTableSection {TBODY} at (0,35) size 275x57
          RenderTableRow {TR} at (0,0) size 275x19
            RenderTableCell {TD} at (0,9) size 91x19 [border: (1px solid #808080)] [r=0 c=0 rs=2 cs=1]
              RenderText {#text} at (1,2) size 89x16
                text run at (1,2) width 89: "Row 2, Cell 1"
            RenderTableCell {TD} at (91,0) size 184x19 [border: (1px solid #808080)] [r=0 c=1 rs=1 cs=2]
              RenderText {#text} at (2,2) size 89x16
                text run at (2,2) width 89: "Row 2, Cell 2"
          RenderTableRow {TR} at (0,19) size 275x19
            RenderTableCell {TD} at (91,19) size 92x19 [border: (1px solid #808080)] [r=1 c=1 rs=1 cs=1]
              RenderText {#text} at (2,2) size 89x16
                text run at (2,2) width 89: "Row 3, Cell 2"
            RenderTableCell {TD} at (183,28) size 92x19 [border: (1px solid #808080)] [r=1 c=2 rs=2 cs=1]
              RenderText {#text} at (2,2) size 89x16
                text run at (2,2) width 89: "Row 3, Cell 3"
          RenderTableRow {TR} at (0,38) size 275x19
            RenderTableCell {TD} at (0,38) size 183x19 [border: (1px solid #808080)] [r=2 c=0 rs=1 cs=2]
              RenderText {#text} at (1,2) size 89x16
                text run at (1,2) width 89: "Row 4, Cell 1"
        RenderTableSection {TFOOT} at (0,92) size 275x19
          RenderTableRow {TR} at (0,0) size 275x19
            RenderTableCell {TD} at (0,0) size 91x19 [border: (1px solid #808080)] [r=0 c=0 rs=1 cs=1]
              RenderText {#text} at (1,2) size 89x16
                text run at (1,2) width 89: "Row 5, Cell 1"
            RenderTableCell {TD} at (91,0) size 92x19 [border: (1px solid #808080)] [r=0 c=1 rs=1 cs=1]
              RenderText {#text} at (2,2) size 89x16
                text run at (2,2) width 89: "Row 5, Cell 2"
            RenderTableCell {TD} at (183,0) size 92x19 [border: (1px solid #808080)] [r=0 c=2 rs=1 cs=1]
              RenderText {#text} at (2,2) size 89x16
                text run at (2,2) width 89: "Row 5, Cell 3"
      RenderTable {TABLE} at (0,6266) size 277x110 [border: none (1px solid #808080) none none]
        RenderBlock {CAPTION} at (0,0) size 277x16
          RenderInline {A} at (0,0) size 222x16
            RenderText {#text} at (25,0) size 222x16
              text run at (25,0) width 222: "Frame=\x{201C}vsides\x{201D} and Rules=\x{201C}all\x{201D}"
          RenderInline {<pseudo:after>} at (0,0) size 6x16
            RenderTextFragment at (246,0) size 6x16
              text run at (246,0) width 6: ":"
        RenderTableSection {THEAD} at (0,16) size 276x18
          RenderTableRow {TR} at (0,0) size 276x18
            RenderTableCell {TD} at (0,0) size 92x18 [border: none] [r=0 c=0 rs=1 cs=1]
              RenderText {#text} at (2,1) size 89x16
                text run at (2,1) width 89: "Row 1, Cell 1"
            RenderTableCell {TD} at (92,0) size 92x18 [border: none] [r=0 c=1 rs=1 cs=1]
              RenderText {#text} at (2,1) size 89x16
                text run at (2,1) width 89: "Row 1, Cell 2"
            RenderTableCell {TD} at (184,0) size 92x18 [border: none] [r=0 c=2 rs=1 cs=1]
              RenderText {#text} at (2,1) size 89x16
                text run at (2,1) width 89: "Row 1, Cell 3"
        RenderTableSection {TBODY} at (0,34) size 276x57
          RenderTableRow {TR} at (0,0) size 276x19
            RenderTableCell {TD} at (0,9) size 92x19 [border: (1px solid #808080)] [r=0 c=0 rs=2 cs=1]
              RenderText {#text} at (2,2) size 89x16
                text run at (2,2) width 89: "Row 2, Cell 1"
            RenderTableCell {TD} at (92,0) size 184x19 [border: (1px solid #808080)] [r=0 c=1 rs=1 cs=2]
              RenderText {#text} at (2,2) size 89x16
                text run at (2,2) width 89: "Row 2, Cell 2"
          RenderTableRow {TR} at (0,19) size 276x19
            RenderTableCell {TD} at (92,19) size 92x19 [border: (1px solid #808080)] [r=1 c=1 rs=1 cs=1]
              RenderText {#text} at (2,2) size 89x16
                text run at (2,2) width 89: "Row 3, Cell 2"
            RenderTableCell {TD} at (184,28) size 92x19 [border: (1px solid #808080)] [r=1 c=2 rs=2 cs=1]
              RenderText {#text} at (2,2) size 89x16
                text run at (2,2) width 89: "Row 3, Cell 3"
          RenderTableRow {TR} at (0,38) size 276x19
            RenderTableCell {TD} at (0,38) size 184x19 [border: (1px solid #808080)] [r=2 c=0 rs=1 cs=2]
              RenderText {#text} at (2,2) size 89x16
                text run at (2,2) width 89: "Row 4, Cell 1"
        RenderTableSection {TFOOT} at (0,91) size 276x19
          RenderTableRow {TR} at (0,0) size 276x19
            RenderTableCell {TD} at (0,0) size 92x19 [border: (1px solid #808080)] [r=0 c=0 rs=1 cs=1]
              RenderText {#text} at (2,2) size 89x16
                text run at (2,2) width 89: "Row 5, Cell 1"
            RenderTableCell {TD} at (92,0) size 92x19 [border: (1px solid #808080)] [r=0 c=1 rs=1 cs=1]
              RenderText {#text} at (2,2) size 89x16
                text run at (2,2) width 89: "Row 5, Cell 2"
            RenderTableCell {TD} at (184,0) size 92x19 [border: (1px solid #808080)] [r=0 c=2 rs=1 cs=1]
              RenderText {#text} at (2,2) size 89x16
                text run at (2,2) width 89: "Row 5, Cell 3"
      RenderTable {TABLE} at (0,6424) size 276x110
        RenderBlock {CAPTION} at (0,0) size 276x16
          RenderInline {A} at (0,0) size 203x16
            RenderText {#text} at (34,0) size 203x16
              text run at (34,0) width 203: "Frame=\x{201C}lhs\x{201D} and Rules=\x{201C}all\x{201D}"
          RenderInline {<pseudo:after>} at (0,0) size 6x16
            RenderTextFragment at (236,0) size 6x16
              text run at (236,0) width 6: ":"
        RenderTableSection {THEAD} at (0,16) size 276x18
          RenderTableRow {TR} at (0,0) size 276x18
            RenderTableCell {TD} at (0,0) size 92x18 [border: none] [r=0 c=0 rs=1 cs=1]
              RenderText {#text} at (2,1) size 89x16
                text run at (2,1) width 89: "Row 1, Cell 1"
            RenderTableCell {TD} at (92,0) size 92x18 [border: none] [r=0 c=1 rs=1 cs=1]
              RenderText {#text} at (2,1) size 89x16
                text run at (2,1) width 89: "Row 1, Cell 2"
            RenderTableCell {TD} at (184,0) size 92x18 [border: none] [r=0 c=2 rs=1 cs=1]
              RenderText {#text} at (2,1) size 89x16
                text run at (2,1) width 89: "Row 1, Cell 3"
        RenderTableSection {TBODY} at (0,34) size 276x57
          RenderTableRow {TR} at (0,0) size 276x19
            RenderTableCell {TD} at (0,9) size 92x19 [border: (1px solid #808080)] [r=0 c=0 rs=2 cs=1]
              RenderText {#text} at (2,2) size 89x16
                text run at (2,2) width 89: "Row 2, Cell 1"
            RenderTableCell {TD} at (92,0) size 184x19 [border: (1px solid #808080)] [r=0 c=1 rs=1 cs=2]
              RenderText {#text} at (2,2) size 89x16
                text run at (2,2) width 89: "Row 2, Cell 2"
          RenderTableRow {TR} at (0,19) size 276x19
            RenderTableCell {TD} at (92,19) size 92x19 [border: (1px solid #808080)] [r=1 c=1 rs=1 cs=1]
              RenderText {#text} at (2,2) size 89x16
                text run at (2,2) width 89: "Row 3, Cell 2"
            RenderTableCell {TD} at (184,28) size 92x19 [border: (1px solid #808080)] [r=1 c=2 rs=2 cs=1]
              RenderText {#text} at (2,2) size 89x16
                text run at (2,2) width 89: "Row 3, Cell 3"
          RenderTableRow {TR} at (0,38) size 276x19
            RenderTableCell {TD} at (0,38) size 184x19 [border: (1px solid #808080)] [r=2 c=0 rs=1 cs=2]
              RenderText {#text} at (2,2) size 89x16
                text run at (2,2) width 89: "Row 4, Cell 1"
        RenderTableSection {TFOOT} at (0,91) size 276x19
          RenderTableRow {TR} at (0,0) size 276x19
            RenderTableCell {TD} at (0,0) size 92x19 [border: (1px solid #808080)] [r=0 c=0 rs=1 cs=1]
              RenderText {#text} at (2,2) size 89x16
                text run at (2,2) width 89: "Row 5, Cell 1"
            RenderTableCell {TD} at (92,0) size 92x19 [border: (1px solid #808080)] [r=0 c=1 rs=1 cs=1]
              RenderText {#text} at (2,2) size 89x16
                text run at (2,2) width 89: "Row 5, Cell 2"
            RenderTableCell {TD} at (184,0) size 92x19 [border: (1px solid #808080)] [r=0 c=2 rs=1 cs=1]
              RenderText {#text} at (2,2) size 89x16
                text run at (2,2) width 89: "Row 5, Cell 3"
      RenderTable {TABLE} at (0,6582) size 276x110 [border: none (1px solid #808080) none]
        RenderBlock {CAPTION} at (0,0) size 276x16
          RenderInline {A} at (0,0) size 204x16
            RenderText {#text} at (33,0) size 204x16
              text run at (33,0) width 204: "Frame=\x{201C}rhs\x{201D} and Rules=\x{201C}all\x{201D}"
          RenderInline {<pseudo:after>} at (0,0) size 7x16
            RenderTextFragment at (236,0) size 7x16
              text run at (236,0) width 7: ":"
        RenderTableSection {THEAD} at (0,16) size 275x18
          RenderTableRow {TR} at (0,0) size 275x18
            RenderTableCell {TD} at (0,0) size 91x18 [r=0 c=0 rs=1 cs=1]
              RenderText {#text} at (1,1) size 89x16
                text run at (1,1) width 89: "Row 1, Cell 1"
            RenderTableCell {TD} at (91,0) size 92x18 [border: none] [r=0 c=1 rs=1 cs=1]
              RenderText {#text} at (2,1) size 89x16
                text run at (2,1) width 89: "Row 1, Cell 2"
            RenderTableCell {TD} at (183,0) size 92x18 [border: none] [r=0 c=2 rs=1 cs=1]
              RenderText {#text} at (2,1) size 89x16
                text run at (2,1) width 89: "Row 1, Cell 3"
        RenderTableSection {TBODY} at (0,34) size 275x57
          RenderTableRow {TR} at (0,0) size 275x19
            RenderTableCell {TD} at (0,9) size 91x19 [border: (1px solid #808080)] [r=0 c=0 rs=2 cs=1]
              RenderText {#text} at (1,2) size 89x16
                text run at (1,2) width 89: "Row 2, Cell 1"
            RenderTableCell {TD} at (91,0) size 184x19 [border: (1px solid #808080)] [r=0 c=1 rs=1 cs=2]
              RenderText {#text} at (2,2) size 89x16
                text run at (2,2) width 89: "Row 2, Cell 2"
          RenderTableRow {TR} at (0,19) size 275x19
            RenderTableCell {TD} at (91,19) size 92x19 [border: (1px solid #808080)] [r=1 c=1 rs=1 cs=1]
              RenderText {#text} at (2,2) size 89x16
                text run at (2,2) width 89: "Row 3, Cell 2"
            RenderTableCell {TD} at (183,28) size 92x19 [border: (1px solid #808080)] [r=1 c=2 rs=2 cs=1]
              RenderText {#text} at (2,2) size 89x16
                text run at (2,2) width 89: "Row 3, Cell 3"
          RenderTableRow {TR} at (0,38) size 275x19
            RenderTableCell {TD} at (0,38) size 183x19 [border: (1px solid #808080)] [r=2 c=0 rs=1 cs=2]
              RenderText {#text} at (1,2) size 89x16
                text run at (1,2) width 89: "Row 4, Cell 1"
        RenderTableSection {TFOOT} at (0,91) size 275x19
          RenderTableRow {TR} at (0,0) size 275x19
            RenderTableCell {TD} at (0,0) size 91x19 [border: (1px solid #808080)] [r=0 c=0 rs=1 cs=1]
              RenderText {#text} at (1,2) size 89x16
                text run at (1,2) width 89: "Row 5, Cell 1"
            RenderTableCell {TD} at (91,0) size 92x19 [border: (1px solid #808080)] [r=0 c=1 rs=1 cs=1]
              RenderText {#text} at (2,2) size 89x16
                text run at (2,2) width 89: "Row 5, Cell 2"
            RenderTableCell {TD} at (183,0) size 92x19 [border: (1px solid #808080)] [r=0 c=2 rs=1 cs=1]
              RenderText {#text} at (2,2) size 89x16
                text run at (2,2) width 89: "Row 5, Cell 3"
      RenderTable {TABLE} at (0,6740) size 277x112 [border: none]
        RenderBlock {CAPTION} at (0,0) size 277x16
          RenderInline {A} at (0,0) size 207x16
            RenderText {#text} at (32,0) size 207x16
              text run at (32,0) width 207: "Frame=\x{201C}box\x{201D} and Rules=\x{201C}all\x{201D}"
          RenderInline {<pseudo:after>} at (0,0) size 7x16
            RenderTextFragment at (238,0) size 7x16
              text run at (238,0) width 7: ":"
        RenderTableSection {THEAD} at (0,16) size 276x19
          RenderTableRow {TR} at (0,0) size 276x19
            RenderTableCell {TD} at (0,0) size 92x19 [border: (1px solid #808080)] [r=0 c=0 rs=1 cs=1]
              RenderText {#text} at (2,2) size 89x16
                text run at (2,2) width 89: "Row 1, Cell 1"
            RenderTableCell {TD} at (92,0) size 92x19 [border: (1px solid #808080)] [r=0 c=1 rs=1 cs=1]
              RenderText {#text} at (2,2) size 89x16
                text run at (2,2) width 89: "Row 1, Cell 2"
            RenderTableCell {TD} at (184,0) size 92x19 [border: (1px solid #808080)] [r=0 c=2 rs=1 cs=1]
              RenderText {#text} at (2,2) size 89x16
                text run at (2,2) width 89: "Row 1, Cell 3"
        RenderTableSection {TBODY} at (0,35) size 276x57
          RenderTableRow {TR} at (0,0) size 276x19
            RenderTableCell {TD} at (0,9) size 92x19 [border: (1px solid #808080)] [r=0 c=0 rs=2 cs=1]
              RenderText {#text} at (2,2) size 89x16
                text run at (2,2) width 89: "Row 2, Cell 1"
            RenderTableCell {TD} at (92,0) size 184x19 [border: (1px solid #808080)] [r=0 c=1 rs=1 cs=2]
              RenderText {#text} at (2,2) size 89x16
                text run at (2,2) width 89: "Row 2, Cell 2"
          RenderTableRow {TR} at (0,19) size 276x19
            RenderTableCell {TD} at (92,19) size 92x19 [border: (1px solid #808080)] [r=1 c=1 rs=1 cs=1]
              RenderText {#text} at (2,2) size 89x16
                text run at (2,2) width 89: "Row 3, Cell 2"
            RenderTableCell {TD} at (184,28) size 92x19 [border: (1px solid #808080)] [r=1 c=2 rs=2 cs=1]
              RenderText {#text} at (2,2) size 89x16
                text run at (2,2) width 89: "Row 3, Cell 3"
          RenderTableRow {TR} at (0,38) size 276x19
            RenderTableCell {TD} at (0,38) size 184x19 [border: (1px solid #808080)] [r=2 c=0 rs=1 cs=2]
              RenderText {#text} at (2,2) size 89x16
                text run at (2,2) width 89: "Row 4, Cell 1"
        RenderTableSection {TFOOT} at (0,92) size 276x19
          RenderTableRow {TR} at (0,0) size 276x19
            RenderTableCell {TD} at (0,0) size 92x19 [border: (1px solid #808080)] [r=0 c=0 rs=1 cs=1]
              RenderText {#text} at (2,2) size 89x16
                text run at (2,2) width 89: "Row 5, Cell 1"
            RenderTableCell {TD} at (92,0) size 92x19 [border: (1px solid #808080)] [r=0 c=1 rs=1 cs=1]
              RenderText {#text} at (2,2) size 89x16
                text run at (2,2) width 89: "Row 5, Cell 2"
            RenderTableCell {TD} at (184,0) size 92x19 [border: (1px solid #808080)] [r=0 c=2 rs=1 cs=1]
              RenderText {#text} at (2,2) size 89x16
                text run at (2,2) width 89: "Row 5, Cell 3"
      RenderTable {TABLE} at (0,6900) size 277x112 [border: none]
        RenderBlock {CAPTION} at (0,0) size 277x16
          RenderInline {A} at (0,0) size 226x16
            RenderText {#text} at (23,0) size 226x16
              text run at (23,0) width 226: "Frame=\x{201C}border\x{201D} and Rules=\x{201C}all\x{201D}"
          RenderInline {<pseudo:after>} at (0,0) size 6x16
            RenderTextFragment at (248,0) size 6x16
              text run at (248,0) width 6: ":"
        RenderTableSection {THEAD} at (0,16) size 276x19
          RenderTableRow {TR} at (0,0) size 276x19
            RenderTableCell {TD} at (0,0) size 92x19 [border: (1px solid #808080)] [r=0 c=0 rs=1 cs=1]
              RenderText {#text} at (2,2) size 89x16
                text run at (2,2) width 89: "Row 1, Cell 1"
            RenderTableCell {TD} at (92,0) size 92x19 [border: (1px solid #808080)] [r=0 c=1 rs=1 cs=1]
              RenderText {#text} at (2,2) size 89x16
                text run at (2,2) width 89: "Row 1, Cell 2"
            RenderTableCell {TD} at (184,0) size 92x19 [border: (1px solid #808080)] [r=0 c=2 rs=1 cs=1]
              RenderText {#text} at (2,2) size 89x16
                text run at (2,2) width 89: "Row 1, Cell 3"
        RenderTableSection {TBODY} at (0,35) size 276x57
          RenderTableRow {TR} at (0,0) size 276x19
            RenderTableCell {TD} at (0,9) size 92x19 [border: (1px solid #808080)] [r=0 c=0 rs=2 cs=1]
              RenderText {#text} at (2,2) size 89x16
                text run at (2,2) width 89: "Row 2, Cell 1"
            RenderTableCell {TD} at (92,0) size 184x19 [border: (1px solid #808080)] [r=0 c=1 rs=1 cs=2]
              RenderText {#text} at (2,2) size 89x16
                text run at (2,2) width 89: "Row 2, Cell 2"
          RenderTableRow {TR} at (0,19) size 276x19
            RenderTableCell {TD} at (92,19) size 92x19 [border: (1px solid #808080)] [r=1 c=1 rs=1 cs=1]
              RenderText {#text} at (2,2) size 89x16
                text run at (2,2) width 89: "Row 3, Cell 2"
            RenderTableCell {TD} at (184,28) size 92x19 [border: (1px solid #808080)] [r=1 c=2 rs=2 cs=1]
              RenderText {#text} at (2,2) size 89x16
                text run at (2,2) width 89: "Row 3, Cell 3"
          RenderTableRow {TR} at (0,38) size 276x19
            RenderTableCell {TD} at (0,38) size 184x19 [border: (1px solid #808080)] [r=2 c=0 rs=1 cs=2]
              RenderText {#text} at (2,2) size 89x16
                text run at (2,2) width 89: "Row 4, Cell 1"
        RenderTableSection {TFOOT} at (0,92) size 276x19
          RenderTableRow {TR} at (0,0) size 276x19
            RenderTableCell {TD} at (0,0) size 92x19 [border: (1px solid #808080)] [r=0 c=0 rs=1 cs=1]
              RenderText {#text} at (2,2) size 89x16
                text run at (2,2) width 89: "Row 5, Cell 1"
            RenderTableCell {TD} at (92,0) size 92x19 [border: (1px solid #808080)] [r=0 c=1 rs=1 cs=1]
              RenderText {#text} at (2,2) size 89x16
                text run at (2,2) width 89: "Row 5, Cell 2"
            RenderTableCell {TD} at (184,0) size 92x19 [border: (1px solid #808080)] [r=0 c=2 rs=1 cs=1]
              RenderText {#text} at (2,2) size 89x16
                text run at (2,2) width 89: "Row 5, Cell 3"
layer at (393,24) size 392x150
  RenderBlock (positioned) {TABLE} at (392.50,24) size 392.50x150
    RenderTable at (0,0) size 359x137
      RenderBlock {CAPTION} at (0,0) size 359x16
        RenderText {#text} at (56,0) size 242x16
          text run at (56,0) width 242: "Local links to specific testcase tables"
        RenderInline {<pseudo:after>} at (0,0) size 6x16
          RenderTextFragment at (297,0) size 6x16
            text run at (297,0) width 6: ":"
      RenderTableCol {COLGROUP} at (0,0) size 0x0
      RenderTableCol {COLGROUP} at (0,0) size 0x0
      RenderTableSection {THEAD} at (0,16) size 359x36
        RenderTableRow {TR} at (0,2) size 359x15
          RenderTableCell {TH} at (2,17) size 74x2 [r=0 c=0 rs=2 cs=2]
          RenderTableCell {TH} at (78,2) size 279x15 [r=0 c=2 rs=1 cs=9]
            RenderText {#text} at (122,1) size 35x13
              text run at (122,1) width 35: "Frame"
        RenderTableRow {TR} at (0,19) size 359x15
          RenderTableCell {TH} at (78,19) size 26x15 [r=1 c=2 rs=1 cs=1]
            RenderText {#text} at (1,1) size 24x13
              text run at (1,1) width 24: "void"
          RenderTableCell {TH} at (106,19) size 34x15 [r=1 c=3 rs=1 cs=1]
            RenderText {#text} at (1,1) size 32x13
              text run at (1,1) width 32: "above"
          RenderTableCell {TH} at (142,19) size 35x15 [r=1 c=4 rs=1 cs=1]
            RenderText {#text} at (1,1) size 33x13
              text run at (1,1) width 33: "below"
          RenderTableCell {TH} at (179,19) size 36x15 [r=1 c=5 rs=1 cs=1]
            RenderText {#text} at (1,1) size 34x13
              text run at (1,1) width 34: "hsides"
          RenderTableCell {TH} at (217,19) size 36x15 [r=1 c=6 rs=1 cs=1]
            RenderText {#text} at (1,1) size 34x13
              text run at (1,1) width 34: "vsides"
          RenderTableCell {TH} at (255,19) size 18x15 [r=1 c=7 rs=1 cs=1]
            RenderText {#text} at (1,1) size 16x13
              text run at (1,1) width 16: "lhs"
          RenderTableCell {TH} at (275,19) size 19x15 [r=1 c=8 rs=1 cs=1]
            RenderText {#text} at (1,1) size 17x13
              text run at (1,1) width 17: "rhs"
          RenderTableCell {TH} at (296,19) size 22x15 [r=1 c=9 rs=1 cs=1]
            RenderText {#text} at (1,1) size 20x13
              text run at (1,1) width 20: "box"
          RenderTableCell {TH} at (320,19) size 37x15 [r=1 c=10 rs=1 cs=1]
            RenderText {#text} at (1,1) size 35x13
              text run at (1,1) width 35: "border"
      RenderTableSection {TBODY} at (0,52) size 359x85
        RenderTableRow {TR} at (0,0) size 359x15
          RenderTableCell {TH} at (2,34) size 33x15 [r=0 c=0 rs=5 cs=1]
            RenderText {#text} at (1,1) size 31x13
              text run at (1,1) width 31: "Rules"
          RenderTableCell {TH} at (37,0) size 39x15 [r=0 c=1 rs=1 cs=1]
            RenderText {#text} at (12,1) size 26x13
              text run at (12,1) width 26: "none"
          RenderTableCell {TD} at (78,0) size 26x14 [bgcolor=#CCCCCC] [r=0 c=2 rs=1 cs=1]
            RenderInline {A} at (0,0) size 16x12 [color=#0000EE]
              RenderText {#text} at (5,1) size 16x12
                text run at (5,1) width 16: "Go"
          RenderTableCell {TD} at (106,0) size 34x14 [bgcolor=#CCCCCC] [r=0 c=3 rs=1 cs=1]
            RenderInline {A} at (0,0) size 16x12 [color=#0000EE]
              RenderText {#text} at (9,1) size 16x12
                text run at (9,1) width 16: "Go"
          RenderTableCell {TD} at (142,0) size 35x14 [bgcolor=#CCCCCC] [r=0 c=4 rs=1 cs=1]
            RenderInline {A} at (0,0) size 15x12 [color=#0000EE]
              RenderText {#text} at (10,1) size 15x12
                text run at (10,1) width 15: "Go"
          RenderTableCell {TD} at (179,0) size 36x14 [bgcolor=#CCCCCC] [r=0 c=5 rs=1 cs=1]
            RenderInline {A} at (0,0) size 16x12 [color=#0000EE]
              RenderText {#text} at (10,1) size 16x12
                text run at (10,1) width 16: "Go"
          RenderTableCell {TD} at (217,0) size 36x14 [bgcolor=#CCCCCC] [r=0 c=6 rs=1 cs=1]
            RenderInline {A} at (0,0) size 16x12 [color=#0000EE]
              RenderText {#text} at (10,1) size 16x12
                text run at (10,1) width 16: "Go"
          RenderTableCell {TD} at (255,0) size 18x14 [bgcolor=#CCCCCC] [r=0 c=7 rs=1 cs=1]
            RenderInline {A} at (0,0) size 16x12 [color=#0000EE]
              RenderText {#text} at (1,1) size 16x12
                text run at (1,1) width 16: "Go"
          RenderTableCell {TD} at (275,0) size 19x14 [bgcolor=#CCCCCC] [r=0 c=8 rs=1 cs=1]
            RenderInline {A} at (0,0) size 15x12 [color=#0000EE]
              RenderText {#text} at (2,1) size 15x12
                text run at (2,1) width 15: "Go"
          RenderTableCell {TD} at (296,0) size 22x14 [bgcolor=#CCCCCC] [r=0 c=9 rs=1 cs=1]
            RenderInline {A} at (0,0) size 16x12 [color=#0000EE]
              RenderText {#text} at (3,1) size 16x12
                text run at (3,1) width 16: "Go"
          RenderTableCell {TD} at (320,0) size 37x14 [bgcolor=#CCCCCC] [r=0 c=10 rs=1 cs=1]
            RenderInline {A} at (0,0) size 15x12 [color=#0000EE]
              RenderText {#text} at (11,1) size 15x12
                text run at (11,1) width 15: "Go"
        RenderTableRow {TR} at (0,17) size 359x15
          RenderTableCell {TH} at (37,17) size 39x15 [r=1 c=1 rs=1 cs=1]
            RenderText {#text} at (1,1) size 37x13
              text run at (1,1) width 37: "groups"
          RenderTableCell {TD} at (78,17) size 26x14 [bgcolor=#CCCCCC] [r=1 c=2 rs=1 cs=1]
            RenderInline {A} at (0,0) size 16x12 [color=#0000EE]
              RenderText {#text} at (5,1) size 16x12
                text run at (5,1) width 16: "Go"
          RenderTableCell {TD} at (106,17) size 34x14 [bgcolor=#CCCCCC] [r=1 c=3 rs=1 cs=1]
            RenderInline {A} at (0,0) size 16x12 [color=#0000EE]
              RenderText {#text} at (9,1) size 16x12
                text run at (9,1) width 16: "Go"
          RenderTableCell {TD} at (142,17) size 35x14 [bgcolor=#CCCCCC] [r=1 c=4 rs=1 cs=1]
            RenderInline {A} at (0,0) size 15x12 [color=#0000EE]
              RenderText {#text} at (10,1) size 15x12
                text run at (10,1) width 15: "Go"
          RenderTableCell {TD} at (179,17) size 36x14 [bgcolor=#CCCCCC] [r=1 c=5 rs=1 cs=1]
            RenderInline {A} at (0,0) size 16x12 [color=#0000EE]
              RenderText {#text} at (10,1) size 16x12
                text run at (10,1) width 16: "Go"
          RenderTableCell {TD} at (217,17) size 36x14 [bgcolor=#CCCCCC] [r=1 c=6 rs=1 cs=1]
            RenderInline {A} at (0,0) size 16x12 [color=#0000EE]
              RenderText {#text} at (10,1) size 16x12
                text run at (10,1) width 16: "Go"
          RenderTableCell {TD} at (255,17) size 18x14 [bgcolor=#CCCCCC] [r=1 c=7 rs=1 cs=1]
            RenderInline {A} at (0,0) size 16x12 [color=#0000EE]
              RenderText {#text} at (1,1) size 16x12
                text run at (1,1) width 16: "Go"
          RenderTableCell {TD} at (275,17) size 19x14 [bgcolor=#CCCCCC] [r=1 c=8 rs=1 cs=1]
            RenderInline {A} at (0,0) size 15x12 [color=#0000EE]
              RenderText {#text} at (2,1) size 15x12
                text run at (2,1) width 15: "Go"
          RenderTableCell {TD} at (296,17) size 22x14 [bgcolor=#CCCCCC] [r=1 c=9 rs=1 cs=1]
            RenderInline {A} at (0,0) size 16x12 [color=#0000EE]
              RenderText {#text} at (3,1) size 16x12
                text run at (3,1) width 16: "Go"
          RenderTableCell {TD} at (320,17) size 37x14 [bgcolor=#CCCCCC] [r=1 c=10 rs=1 cs=1]
            RenderInline {A} at (0,0) size 15x12 [color=#0000EE]
              RenderText {#text} at (11,1) size 15x12
                text run at (11,1) width 15: "Go"
        RenderTableRow {TR} at (0,34) size 359x15
          RenderTableCell {TH} at (37,34) size 39x15 [r=2 c=1 rs=1 cs=1]
            RenderText {#text} at (12,1) size 26x13
              text run at (12,1) width 26: "rows"
          RenderTableCell {TD} at (78,34) size 26x14 [bgcolor=#CCCCCC] [r=2 c=2 rs=1 cs=1]
            RenderInline {A} at (0,0) size 16x12 [color=#0000EE]
              RenderText {#text} at (5,1) size 16x12
                text run at (5,1) width 16: "Go"
          RenderTableCell {TD} at (106,34) size 34x14 [bgcolor=#CCCCCC] [r=2 c=3 rs=1 cs=1]
            RenderInline {A} at (0,0) size 16x12 [color=#0000EE]
              RenderText {#text} at (9,1) size 16x12
                text run at (9,1) width 16: "Go"
          RenderTableCell {TD} at (142,34) size 35x14 [bgcolor=#CCCCCC] [r=2 c=4 rs=1 cs=1]
            RenderInline {A} at (0,0) size 15x12 [color=#0000EE]
              RenderText {#text} at (10,1) size 15x12
                text run at (10,1) width 15: "Go"
          RenderTableCell {TD} at (179,34) size 36x14 [bgcolor=#CCCCCC] [r=2 c=5 rs=1 cs=1]
            RenderInline {A} at (0,0) size 16x12 [color=#0000EE]
              RenderText {#text} at (10,1) size 16x12
                text run at (10,1) width 16: "Go"
          RenderTableCell {TD} at (217,34) size 36x14 [bgcolor=#CCCCCC] [r=2 c=6 rs=1 cs=1]
            RenderInline {A} at (0,0) size 16x12 [color=#0000EE]
              RenderText {#text} at (10,1) size 16x12
                text run at (10,1) width 16: "Go"
          RenderTableCell {TD} at (255,34) size 18x14 [bgcolor=#CCCCCC] [r=2 c=7 rs=1 cs=1]
            RenderInline {A} at (0,0) size 16x12 [color=#0000EE]
              RenderText {#text} at (1,1) size 16x12
                text run at (1,1) width 16: "Go"
          RenderTableCell {TD} at (275,34) size 19x14 [bgcolor=#CCCCCC] [r=2 c=8 rs=1 cs=1]
            RenderInline {A} at (0,0) size 15x12 [color=#0000EE]
              RenderText {#text} at (2,1) size 15x12
                text run at (2,1) width 15: "Go"
          RenderTableCell {TD} at (296,34) size 22x14 [bgcolor=#CCCCCC] [r=2 c=9 rs=1 cs=1]
            RenderInline {A} at (0,0) size 16x12 [color=#0000EE]
              RenderText {#text} at (3,1) size 16x12
                text run at (3,1) width 16: "Go"
          RenderTableCell {TD} at (320,34) size 37x14 [bgcolor=#CCCCCC] [r=2 c=10 rs=1 cs=1]
            RenderInline {A} at (0,0) size 15x12 [color=#0000EE]
              RenderText {#text} at (11,1) size 15x12
                text run at (11,1) width 15: "Go"
        RenderTableRow {TR} at (0,51) size 359x15
          RenderTableCell {TH} at (37,51) size 39x15 [r=3 c=1 rs=1 cs=1]
            RenderText {#text} at (16,1) size 22x13
              text run at (16,1) width 22: "cols"
          RenderTableCell {TD} at (78,51) size 26x14 [bgcolor=#CCCCCC] [r=3 c=2 rs=1 cs=1]
            RenderInline {A} at (0,0) size 16x12 [color=#0000EE]
              RenderText {#text} at (5,1) size 16x12
                text run at (5,1) width 16: "Go"
          RenderTableCell {TD} at (106,51) size 34x14 [bgcolor=#CCCCCC] [r=3 c=3 rs=1 cs=1]
            RenderInline {A} at (0,0) size 16x12 [color=#0000EE]
              RenderText {#text} at (9,1) size 16x12
                text run at (9,1) width 16: "Go"
          RenderTableCell {TD} at (142,51) size 35x14 [bgcolor=#CCCCCC] [r=3 c=4 rs=1 cs=1]
            RenderInline {A} at (0,0) size 15x12 [color=#0000EE]
              RenderText {#text} at (10,1) size 15x12
                text run at (10,1) width 15: "Go"
          RenderTableCell {TD} at (179,51) size 36x14 [bgcolor=#CCCCCC] [r=3 c=5 rs=1 cs=1]
            RenderInline {A} at (0,0) size 16x12 [color=#0000EE]
              RenderText {#text} at (10,1) size 16x12
                text run at (10,1) width 16: "Go"
          RenderTableCell {TD} at (217,51) size 36x14 [bgcolor=#CCCCCC] [r=3 c=6 rs=1 cs=1]
            RenderInline {A} at (0,0) size 16x12 [color=#0000EE]
              RenderText {#text} at (10,1) size 16x12
                text run at (10,1) width 16: "Go"
          RenderTableCell {TD} at (255,51) size 18x14 [bgcolor=#CCCCCC] [r=3 c=7 rs=1 cs=1]
            RenderInline {A} at (0,0) size 16x12 [color=#0000EE]
              RenderText {#text} at (1,1) size 16x12
                text run at (1,1) width 16: "Go"
          RenderTableCell {TD} at (275,51) size 19x14 [bgcolor=#CCCCCC] [r=3 c=8 rs=1 cs=1]
            RenderInline {A} at (0,0) size 15x12 [color=#0000EE]
              RenderText {#text} at (2,1) size 15x12
                text run at (2,1) width 15: "Go"
          RenderTableCell {TD} at (296,51) size 22x14 [bgcolor=#CCCCCC] [r=3 c=9 rs=1 cs=1]
            RenderInline {A} at (0,0) size 16x12 [color=#0000EE]
              RenderText {#text} at (3,1) size 16x12
                text run at (3,1) width 16: "Go"
          RenderTableCell {TD} at (320,51) size 37x14 [bgcolor=#CCCCCC] [r=3 c=10 rs=1 cs=1]
            RenderInline {A} at (0,0) size 15x12 [color=#0000EE]
              RenderText {#text} at (11,1) size 15x12
                text run at (11,1) width 15: "Go"
        RenderTableRow {TR} at (0,68) size 359x15
          RenderTableCell {TH} at (37,68) size 39x15 [r=4 c=1 rs=1 cs=1]
            RenderText {#text} at (24,1) size 14x13
              text run at (24,1) width 14: "all"
          RenderTableCell {TD} at (78,68) size 26x14 [bgcolor=#CCCCCC] [r=4 c=2 rs=1 cs=1]
            RenderInline {A} at (0,0) size 16x12 [color=#0000EE]
              RenderText {#text} at (5,1) size 16x12
                text run at (5,1) width 16: "Go"
          RenderTableCell {TD} at (106,68) size 34x14 [bgcolor=#CCCCCC] [r=4 c=3 rs=1 cs=1]
            RenderInline {A} at (0,0) size 16x12 [color=#0000EE]
              RenderText {#text} at (9,1) size 16x12
                text run at (9,1) width 16: "Go"
          RenderTableCell {TD} at (142,68) size 35x14 [bgcolor=#CCCCCC] [r=4 c=4 rs=1 cs=1]
            RenderInline {A} at (0,0) size 15x12 [color=#0000EE]
              RenderText {#text} at (10,1) size 15x12
                text run at (10,1) width 15: "Go"
          RenderTableCell {TD} at (179,68) size 36x14 [bgcolor=#CCCCCC] [r=4 c=5 rs=1 cs=1]
            RenderInline {A} at (0,0) size 16x12 [color=#0000EE]
              RenderText {#text} at (10,1) size 16x12
                text run at (10,1) width 16: "Go"
          RenderTableCell {TD} at (217,68) size 36x14 [bgcolor=#CCCCCC] [r=4 c=6 rs=1 cs=1]
            RenderInline {A} at (0,0) size 16x12 [color=#0000EE]
              RenderText {#text} at (10,1) size 16x12
                text run at (10,1) width 16: "Go"
          RenderTableCell {TD} at (255,68) size 18x14 [bgcolor=#CCCCCC] [r=4 c=7 rs=1 cs=1]
            RenderInline {A} at (0,0) size 16x12 [color=#0000EE]
              RenderText {#text} at (1,1) size 16x12
                text run at (1,1) width 16: "Go"
          RenderTableCell {TD} at (275,68) size 19x14 [bgcolor=#CCCCCC] [r=4 c=8 rs=1 cs=1]
            RenderInline {A} at (0,0) size 15x12 [color=#0000EE]
              RenderText {#text} at (2,1) size 15x12
                text run at (2,1) width 15: "Go"
          RenderTableCell {TD} at (296,68) size 22x14 [bgcolor=#CCCCCC] [r=4 c=9 rs=1 cs=1]
            RenderInline {A} at (0,0) size 16x12 [color=#0000EE]
              RenderText {#text} at (3,1) size 16x12
                text run at (3,1) width 16: "Go"
          RenderTableCell {TD} at (320,68) size 37x14 [bgcolor=#CCCCCC] [r=4 c=10 rs=1 cs=1]
            RenderInline {A} at (0,0) size 15x12 [color=#0000EE]
              RenderText {#text} at (11,1) size 15x12
                text run at (11,1) width 15: "Go"
