layer at (0,0) size 800x600
  RenderView at (0,0) size 800x600
layer at (0,0) size 800x600
  RenderBlock {HTML} at (0,0) size 800x600
    RenderBody {BODY} at (8,8) size 784x584
      RenderBlock {P} at (0,0) size 784x32
        RenderText {#text} at (0,0) size 55x16
          text run at (0,0) width 55: "Test for "
        RenderInline {I} at (0,0) size 750x32
          RenderInline {A} at (0,0) size 306x16 [color=#0000EE]
            RenderText {#text} at (54,0) size 306x16
              text run at (54,0) width 306: "http://bugs.webkit.org/show_bug.cgi?id=15208"
          RenderText {#text} at (359,0) size 750x32
            text run at (359,0) width 5: " "
            text run at (363,0) width 387: "display:table causes the collapsed text to show at a different"
            text run at (0,16) width 155: "position when expanded"
        RenderText {#text} at (154,16) size 5x16
          text run at (154,16) width 5: "."
      RenderBlock {P} at (0,48) size 784x16
        RenderText {#text} at (0,0) size 209x16
          text run at (0,0) width 209: "This should say \x{201C}Lorem ipsum\x{201D}:"
      RenderTable {DIV} at (0,80) size 86x16
        RenderTableSection (anonymous) at (0,0) size 86x16
          RenderTableRow (anonymous) at (0,0) size 86x16
            RenderTableCell (anonymous) at (0,0) size 86x16 [r=0 c=0 rs=1 cs=1]
              RenderText {#text} at (0,0) size 43x16
                text run at (0,0) width 43: "Lorem"
              RenderText {#text} at (42,0) size 44x16
                text run at (42,0) width 5: " "
                text run at (46,0) width 40: "ipsum"
