layer at (0,0) size 800x600
  RenderView at (0,0) size 800x600
layer at (0,0) size 800x427
  RenderBlock {HTML} at (0,0) size 800x426.88
    RenderBody {BODY} at (8,21.44) size 784x397.44
      RenderBlock {H1} at (0,0) size 784x32
        RenderText {#text} at (0,0) size 484x32
          text run at (0,0) width 484: "Vertical alignment and table height"
      RenderBlock {P} at (0,53.44) size 784x16
        RenderText {#text} at (0,0) size 547x16
          text run at (0,0) width 547: "In each of the following tables the cells with 'Data' should all have the same baseline:"
      RenderTable {TABLE} at (0,85.44) size 464x104
        RenderTableSection {TBODY} at (0,0) size 464x104
          RenderTableRow {TR} at (0,2) size 464x100
            RenderTableCell {TD} at (2,2) size 186x100 [border: (1px solid #000000)] [r=0 c=0 rs=1 cs=1]
              RenderText {#text} at (2,2) size 182x96
                text run at (2,2) width 182: "Data"
            RenderTableCell {TD} at (190,2) size 30x20 [border: (1px solid #000000)] [r=0 c=1 rs=1 cs=1]
              RenderText {#text} at (2,2) size 26x16
                text run at (2,2) width 26: "Top"
            RenderTableCell {TD} at (222,42) size 51x20 [border: (1px solid #000000)] [r=0 c=2 rs=1 cs=1]
              RenderText {#text} at (2,2) size 47x16
                text run at (2,2) width 47: "Middle"
            RenderTableCell {TD} at (275,62) size 35x20 [border: (1px solid #000000)] [r=0 c=3 rs=1 cs=1]
              RenderText {#text} at (2,2) size 31x16
                text run at (2,2) width 31: "Data"
            RenderTableCell {TD} at (312,82) size 53x20 [border: (1px solid #000000)] [r=0 c=4 rs=1 cs=1]
              RenderText {#text} at (2,2) size 49x16
                text run at (2,2) width 49: "Bottom"
            RenderTableCell {TD} at (367,38) size 95x52 [border: (1px solid #000000)] [r=0 c=5 rs=1 cs=1]
              RenderText {#text} at (2,2) size 91x48
                text run at (2,2) width 91: "Data"
      RenderTable {TABLE} at (0,189.44) size 464x104
        RenderTableSection {TBODY} at (0,0) size 464x104
          RenderTableRow {TR} at (0,2) size 464x100
            RenderTableCell {TD} at (2,2) size 30x20 [border: (1px solid #000000)] [r=0 c=0 rs=1 cs=1]
              RenderText {#text} at (2,2) size 26x16
                text run at (2,2) width 26: "Top"
            RenderTableCell {TD} at (34,62) size 35x20 [border: (1px solid #000000)] [r=0 c=1 rs=1 cs=1]
              RenderText {#text} at (2,2) size 31x16
                text run at (2,2) width 31: "Data"
            RenderTableCell {TD} at (71,38) size 95x52 [border: (1px solid #000000)] [r=0 c=2 rs=1 cs=1]
              RenderText {#text} at (2,2) size 91x48
                text run at (2,2) width 91: "Data"
            RenderTableCell {TD} at (168,42) size 51x20 [border: (1px solid #000000)] [r=0 c=3 rs=1 cs=1]
              RenderText {#text} at (2,2) size 47x16
                text run at (2,2) width 47: "Middle"
            RenderTableCell {TD} at (221,82) size 53x20 [border: (1px solid #000000)] [r=0 c=4 rs=1 cs=1]
              RenderText {#text} at (2,2) size 49x16
                text run at (2,2) width 49: "Bottom"
            RenderTableCell {TD} at (276,2) size 186x100 [border: (1px solid #000000)] [r=0 c=5 rs=1 cs=1]
              RenderText {#text} at (2,2) size 182x96
                text run at (2,2) width 182: "Data"
      RenderTable {TABLE} at (0,293.44) size 464x104
        RenderTableSection {TBODY} at (0,0) size 464x104
          RenderTableRow {TR} at (0,2) size 464x100
            RenderTableCell {TD} at (2,2) size 30x20 [border: (1px solid #000000)] [r=0 c=0 rs=1 cs=1]
              RenderText {#text} at (2,2) size 26x16
                text run at (2,2) width 26: "Top"
            RenderTableCell {TD} at (34,38) size 95x52 [border: (1px solid #000000)] [r=0 c=1 rs=1 cs=1]
              RenderText {#text} at (2,2) size 91x48
                text run at (2,2) width 91: "Data"
            RenderTableCell {TD} at (131,82) size 53x20 [border: (1px solid #000000)] [r=0 c=2 rs=1 cs=1]
              RenderText {#text} at (2,2) size 49x16
                text run at (2,2) width 49: "Bottom"
            RenderTableCell {TD} at (186,62) size 35x20 [border: (1px solid #000000)] [r=0 c=3 rs=1 cs=1]
              RenderText {#text} at (2,2) size 31x16
                text run at (2,2) width 31: "Data"
            RenderTableCell {TD} at (223,2) size 186x100 [border: (1px solid #000000)] [r=0 c=4 rs=1 cs=1]
              RenderText {#text} at (2,2) size 182x96
                text run at (2,2) width 182: "Data"
            RenderTableCell {TD} at (411,42) size 51x20 [border: (1px solid #000000)] [r=0 c=5 rs=1 cs=1]
              RenderText {#text} at (2,2) size 47x16
                text run at (2,2) width 47: "Middle"
