layer at (0,0) size 800x600
  RenderView at (0,0) size 800x600
layer at (0,0) size 800x252
  RenderBlock {html} at (0,0) size 800x252
    RenderBody {body} at (8,8) size 784x236
      RenderTable {table} at (0,0) size 128x236
        RenderTableSection (anonymous) at (0,132) size 128x2
          RenderTableRow (anonymous) at (0,0) size 128x0
            RenderTableCell (anonymous) at (2,0) size 124x0 [r=0 c=0 rs=1 cs=1]
        RenderBlock {caption} at (0,32) size 128x32
          RenderText {#text} at (16,0) size 96x32
            text run at (16,0) width 96: "PASS: Normal"
            text run at (38,16) width 52: "Caption"
        RenderTableSection {thead} at (0,112) size 128x20
          RenderTableRow (anonymous) at (0,2) size 128x16
            RenderTableCell (anonymous) at (2,2) size 124x16 [r=0 c=0 rs=1 cs=1]
              RenderText {#text} at (0,0) size 65x16
                text run at (0,0) width 65: "HEADER"
        RenderTableSection {tbody} at (0,134) size 128x34
          RenderTableRow (anonymous) at (0,0) size 128x32
            RenderTableCell (anonymous) at (2,0) size 124x32 [r=0 c=0 rs=1 cs=1]
              RenderBR {br} at (0,0) size 0x16
              RenderText {#text} at (0,16) size 124x16
                text run at (0,16) width 124: "Some body content"
              RenderBR {br} at (123,16) size 1x16
        RenderTableSection {tfoot} at (0,170) size 128x18
          RenderTableRow (anonymous) at (0,0) size 128x16
            RenderTableCell (anonymous) at (2,0) size 124x16 [r=0 c=0 rs=1 cs=1]
              RenderText {#text} at (0,0) size 63x16
                text run at (0,0) width 63: "FOOTER"
        RenderTableSection (anonymous) at (0,168) size 128x2
          RenderTableRow (anonymous) at (0,0) size 128x0
            RenderTableCell (anonymous) at (2,0) size 124x0 [r=0 c=0 rs=1 cs=1]
        RenderBlock {caption} at (0,64) size 128x48
          RenderText {#text} at (0,0) size 0x0
        RenderBlock {caption} at (0,112) size 128x0
layer at (8,196) size 128x48 transparent
  RenderBlock {caption} at (0,188) size 128x48
    RenderText {#text} at (25,0) size 120x48
      text run at (25,0) width 78: "PASS: First"
      text run at (4,16) width 120: "Caption aligned to"
      text run at (29,32) width 70: "the bottom"
layer at (10,140) size 233x16
  RenderBlock (positioned) {caption} at (10,140) size 233.34x16
    RenderText {#text} at (0,0) size 234x16
      text run at (0,0) width 234: "PASS: Caption with a fixed position"
layer at (8,8) size 128x32 transparent
  RenderBlock {caption} at (0,0) size 128x32
    RenderText {#text} at (15,0) size 104x32
      text run at (15,0) width 98: "PASS: Caption"
      text run at (12,16) width 104: "with opacity 0.7"
layer at (10,176) size 336x16 transparent
  RenderBlock (positioned) {caption} at (10,176) size 335.55x16
    RenderText {#text} at (0,0) size 336x16
      text run at (0,0) width 336: "PASS: Caption with a fixed position and opacity 0.6"
layer at (8,72) size 120x48 transparent
  RenderInline {a} at (0,0) size 120x48
    RenderText {#text} at (15,0) size 120x48
      text run at (15,0) width 98: "PASS: Caption"
      text run at (4,16) width 120: "with opacity 0.5 in"
      text run at (14,32) width 100: "one of its child."
layer at (72,120) size 450x16 transparent
  RenderBlock (positioned) {a} at (72,120) size 449.73x16
    RenderText {#text} at (0,0) size 450x16
      text run at (0,0) width 450: "PASS: Caption with opacity 0.4 and fixed position of one of the child."
