layer at (0,0) size 800x600
  RenderView at (0,0) size 800x600
layer at (0,0) size 800x600
  RenderBlock {HTML} at (0,0) size 800x600
    RenderBody {BODY} at (8,8) size 784x584
      RenderBlock (anonymous) at (0,0) size 784x0
        RenderInline {NOBR} at (0,0) size 0x0
          RenderText {#text} at (0,0) size 0x0
      RenderBlock (anonymous) at (0,0) size 784x314
        RenderTable {TABLE} at (0,0) size 70x314 [border: (1px outset #808080)]
          RenderTableSection {TBODY} at (1,1) size 68x312
            RenderTableRow {TR} at (0,2) size 68x308
              RenderTableCell {TD} at (2,2) size 64x308 [border: (1px inset #808080)] [r=0 c=0 rs=1 cs=1]
                RenderText {#text} at (2,2) size 60x304
                  text run at (2,2) width 55: "This is a"
                  text run at (2,18) width 54: "test case"
                  text run at (2,34) width 19: "for"
                  text run at (2,50) width 60: "3190580."
                  text run at (2,66) width 33: "Even"
                  text run at (2,82) width 45: "though"
                  text run at (2,98) width 59: "this table"
                  text run at (2,114) width 11: "is"
                  text run at (2,130) width 56: "enclosed"
                  text run at (2,146) width 57: "in a nobr"
                  text run at (2,162) width 51: "tag, this"
                  text run at (2,178) width 24: "text"
                  text run at (2,194) width 43: "should"
                  text run at (2,210) width 32: "wrap"
                  text run at (2,226) width 54: "anyway."
                  text run at (2,242) width 60: "The table"
                  text run at (2,258) width 44: "is only"
                  text run at (2,274) width 59: "50 pixels"
                  text run at (2,290) width 36: "wide."
      RenderBlock (anonymous) at (0,314) size 784x0
        RenderInline {NOBR} at (0,0) size 0x0
        RenderText {#text} at (0,0) size 0x0
