layer at (0,0) size 800x600
  RenderView at (0,0) size 800x600
layer at (0,0) size 800x232
  RenderBlock {HTML} at (0,0) size 800x232
    RenderBody {BODY} at (8,8) size 784x216
      RenderBlock (anonymous) at (0,0) size 784x16
        RenderText {#text} at (0,0) size 371x16
          text run at (0,0) width 371: "Will be green if relative positioning offsets are supported:"
      RenderTable {TABLE} at (0,16) size 100x200
        RenderTableSection {TBODY} at (0,0) size 100x200
          RenderTableRow {TR} at (0,0) size 100x100
            RenderTableCell {TD} at (0,50) size 100x0 [bgcolor=#FF0000] [r=0 c=0 rs=1 cs=1]
          RenderTableRow {TR} at (0,100) size 100x100
layer at (8,24) size 100x100
  RenderTableCell {TD} at (0,150) size 100x0 [bgcolor=#008000] [r=1 c=0 rs=1 cs=1]
