layer at (0,0) size 800x600
  RenderView at (0,0) size 800x600
layer at (0,0) size 800x600
  RenderBlock {HTML} at (0,0) size 800x600
    RenderBody {BODY} at (8,8) size 784x584
      RenderBlock {P} at (0,0) size 784x16
        RenderText {#text} at (0,0) size 307x16
          text run at (0,0) width 307: "Both rows should have the same width (725px)."
      RenderTable {TABLE} at (0,32) size 725x32
        RenderTableSection {TBODY} at (0,0) size 725x32
          RenderTableRow {TR} at (0,0) size 725x16
            RenderTableCell {TD} at (0,0) size 90x16 [bgcolor=#7CFC00] [r=0 c=0 rs=1 cs=1]
              RenderText {#text} at (0,0) size 8x16
                text run at (0,0) width 8: "1"
            RenderTableCell {TD} at (90,0) size 90x16 [bgcolor=#008000] [r=0 c=1 rs=1 cs=1]
              RenderText {#text} at (0,0) size 18x16
                text run at (0,0) width 18: "1+"
            RenderTableCell {TD} at (180,0) size 90x16 [bgcolor=#00FFFF] [r=0 c=2 rs=1 cs=1]
              RenderText {#text} at (0,0) size 8x16
                text run at (0,0) width 8: "2"
            RenderTableCell {TD} at (270,0) size 91x16 [bgcolor=#008B8B] [r=0 c=3 rs=1 cs=1]
              RenderText {#text} at (0,0) size 18x16
                text run at (0,0) width 18: "2+"
            RenderTableCell {TD} at (361,0) size 91x16 [bgcolor=#FFFF00] [r=0 c=4 rs=1 cs=1]
              RenderText {#text} at (0,0) size 8x16
                text run at (0,0) width 8: "3"
            RenderTableCell {TD} at (452,0) size 91x16 [bgcolor=#FFD700] [r=0 c=5 rs=1 cs=1]
              RenderText {#text} at (0,0) size 18x16
                text run at (0,0) width 18: "3+"
            RenderTableCell {TD} at (543,0) size 91x16 [bgcolor=#FFA500] [r=0 c=6 rs=1 cs=1]
              RenderText {#text} at (0,0) size 8x16
                text run at (0,0) width 8: "4"
            RenderTableCell {TD} at (634,0) size 91x16 [bgcolor=#FF8C00] [r=0 c=7 rs=1 cs=1]
              RenderText {#text} at (0,0) size 18x16
                text run at (0,0) width 18: "4+"
          RenderTableRow {TR} at (0,16) size 725x16
            RenderTableCell {TD} at (0,16) size 90x16 [r=1 c=0 rs=1 cs=1]
              RenderText {#text} at (0,0) size 4x16
                text run at (0,0) width 4: " "
      RenderTable {TABLE} at (0,64) size 725x16
        RenderTableSection {TBODY} at (0,0) size 725x16
          RenderTableRow {TR} at (0,0) size 725x16
            RenderTableCell {TD} at (0,0) size 181x16 [bgcolor=#7CFC00] [r=0 c=0 rs=1 cs=1]
              RenderText {#text} at (0,0) size 8x16
                text run at (0,0) width 8: "1"
            RenderTableCell {TD} at (181,0) size 181x16 [bgcolor=#00FFFF] [r=0 c=1 rs=1 cs=1]
              RenderText {#text} at (0,0) size 8x16
                text run at (0,0) width 8: "2"
            RenderTableCell {TD} at (362,0) size 181x16 [bgcolor=#FFFF00] [r=0 c=2 rs=1 cs=1]
              RenderText {#text} at (0,0) size 8x16
                text run at (0,0) width 8: "3"
            RenderTableCell {TD} at (543,0) size 182x16 [bgcolor=#FFA500] [r=0 c=3 rs=1 cs=1]
              RenderText {#text} at (0,0) size 8x16
                text run at (0,0) width 8: "4"
      RenderBlock (anonymous) at (0,80) size 784x18
        RenderButton {BUTTON} at (0,0) size 43.67x18 [bgcolor=#C0C0C0] [border: none (2px outset #C0C0C0) none (2px outset #C0C0C0)]
          RenderBlock (anonymous) at (8,2) size 27.67x13
            RenderText {#text} at (0,0) size 28x13
              text run at (0,0) width 28: "show"
        RenderText {#text} at (43,1) size 5x16
          text run at (43,1) width 5: " "
        RenderButton {BUTTON} at (47.67,0) size 39.06x18 [bgcolor=#C0C0C0] [border: none (2px outset #C0C0C0) none (2px outset #C0C0C0)]
          RenderBlock (anonymous) at (8,2) size 23.06x13
            RenderText {#text} at (0,0) size 24x13
              text run at (0,0) width 24: "hide"
        RenderText {#text} at (0,0) size 0x0
