layer at (0,0) size 800x600
  RenderView at (0,0) size 800x600
layer at (0,0) size 800x600
  RenderBlock {HTML} at (0,0) size 800x600
    RenderBody {BODY} at (8,8) size 784x584
      RenderBlock {P} at (0,0) size 784x32
        RenderText {#text} at (0,0) size 177x16
          text run at (0,0) width 177: "This is a regression test for "
        RenderInline {I} at (0,0) size 763x32
          RenderInline {A} at (0,0) size 355x16 [color=#0000EE]
            RenderText {#text} at (176,0) size 355x16
              text run at (176,0) width 355: "http://bugzilla.opendarwin.org/show_bug.cgi?id=9652"
          RenderText {#text} at (530,0) size 763x32
            text run at (530,0) width 5: " "
            text run at (534,0) width 229: "Assertion failure when changing an"
            text run at (0,16) width 194: "RTL table cell to display:none"
        RenderText {#text} at (193,16) size 5x16
          text run at (193,16) width 5: "."
      RenderBlock {HR} at (0,48) size 784x2 [border: (1px inset #EEEEEE)]
      RenderBlock {P} at (0,66) size 784x16
        RenderText {#text} at (0,0) size 260x16
          text run at (0,0) width 260: "No assertion failure means TEST PASS."
      RenderTable {TABLE} at (0,98) size 51x24 [border: (1px solid #008000)]
        RenderTableSection {TBODY} at (1,1) size 49x22
          RenderTableRow {TR} at (0,2) size 49x18
            RenderTableCell {TD} at (2,2) size 45x18 [r=0 c=0 rs=1 cs=1]
              RenderText {#text} at (1,1) size 43x16
                text run at (1,1) width 43: "Lorem"
