layer at (0,0) size 800x600
  RenderView at (0,0) size 800x600
layer at (0,0) size 800x600
  RenderBlock {HTML} at (0,0) size 800x600
    RenderBody {BODY} at (8,8) size 784x584
      RenderTable {DIV} at (0,0) size 202x92 [color=#FF0000] [border: (3px solid #008000)]
        RenderTableSection (anonymous) at (19,19) size 164x54
          RenderTableRow (anonymous) at (0,0) size 164x54
            RenderTableCell (anonymous) at (0,19) size 75x16 [r=0 c=0 rs=1 cs=1]
              RenderInline {SPAN} at (0,0) size 75x16
                RenderText {#text} at (0,0) size 75x16
                  text run at (0,0) width 75: "CONTENT"
            RenderTableCell (anonymous) {<pseudo:after>} at (75,0) size 89x54 [border: (3px solid #0000FF)] [r=0 c=1 rs=1 cs=1]
              RenderTextFragment at (19,19) size 51x16
                text run at (19,19) width 51: "AFTER"
