layer at (0,0) size 800x600
  RenderView at (0,0) size 800x600
layer at (0,0) size 800x600
  RenderBlock {HTML} at (0,0) size 800x600
    RenderBody {BODY} at (8,8) size 784x584
      RenderTable {DIV} at (0,0) size 138x108 [color=#FF0000] [border: (3px solid #008000)]
        RenderTableSection (anonymous) at (19,19) size 100x70
          RenderTableRow (anonymous) at (0,0) size 100x70
            RenderTableCell (anonymous) at (0,0) size 100x70 [r=0 c=0 rs=1 cs=1]
              RenderTable {<pseudo:before>} at (0,0) size 100x54 [border: (3px solid #0000FF)]
                RenderTableSection (anonymous) at (19,19) size 62x16
                  RenderTableRow (anonymous) at (0,0) size 62x16
                    RenderTableCell (anonymous) at (0,0) size 62x16 [r=0 c=0 rs=1 cs=1]
                      RenderTextFragment at (0,0) size 62x16
                        text run at (0,0) width 62: "BEFORE"
              RenderBlock (anonymous) at (0,54) size 100x16
                RenderInline {SPAN} at (0,0) size 75x16
                  RenderText {#text} at (0,0) size 75x16
                    text run at (0,0) width 75: "CONTENT"
