layer at (0,0) size 800x600
  RenderView at (0,0) size 800x600
layer at (0,0) size 800x600
  RenderBlock {HTML} at (0,0) size 800x600
    RenderBody {BODY} at (8,8) size 784x584
      RenderBlock (anonymous) at (0,0) size 784x32
        RenderText {#text} at (0,0) size 676x16
          text run at (0,0) width 676: "You should see a table with a dotted green outline, and four table cells inside it with a solid black outline."
        RenderBR {BR} at (675,12) size 1x0
        RenderBR {BR} at (0,16) size 0x16
      RenderTable {TABLE} at (0,32) size 88x42
        RenderTableSection {TBODY} at (0,0) size 88x42
          RenderTableRow {TR} at (0,2) size 88x18
            RenderTableCell {TD} at (2,2) size 41x18 [r=0 c=0 rs=1 cs=1]
              RenderText {#text} at (1,1) size 39x16
                text run at (1,1) width 39: "Cell 1"
            RenderTableCell {TD} at (45,2) size 41x18 [r=0 c=1 rs=1 cs=1]
              RenderText {#text} at (1,1) size 39x16
                text run at (1,1) width 39: "Cell 2"
          RenderTableRow {TR} at (0,22) size 88x18
            RenderTableCell {TD} at (2,22) size 41x18 [r=1 c=0 rs=1 cs=1]
              RenderText {#text} at (1,1) size 39x16
                text run at (1,1) width 39: "Cell 3"
            RenderTableCell {TD} at (45,22) size 41x18 [r=1 c=1 rs=1 cs=1]
              RenderText {#text} at (1,1) size 39x16
                text run at (1,1) width 39: "Cell 4"
