layer at (0,0) size 800x600
  RenderView at (0,0) size 800x600
layer at (0,0) size 800x448
  RenderBlock {HTML} at (0,0) size 800x448
    RenderBody {BODY} at (8,10) size 784x430
      RenderBlock {TABLE} at (10,0) size 764x84 [border: (1px solid #000000)]
        RenderTable at (1,1) size 118x82
          RenderTableSection {THEAD} at (0,0) size 118x22
            RenderTableRow {TR} at (0,2) size 118x18
              RenderTableCell {TD} at (2,2) size 56x18 [r=0 c=0 rs=1 cs=1]
                RenderText {#text} at (1,1) size 46x16
                  text run at (1,1) width 46: "Head 1"
              RenderTableCell {TD} at (60,2) size 56x18 [r=0 c=1 rs=1 cs=1]
                RenderText {#text} at (1,1) size 46x16
                  text run at (1,1) width 46: "Head 2"
          RenderTableSection {TFOOT} at (0,62) size 118x20
            RenderTableRow {TR} at (0,0) size 118x18
              RenderTableCell {TD} at (2,0) size 56x18 [r=0 c=0 rs=1 cs=1]
                RenderText {#text} at (1,1) size 54x16
                  text run at (1,1) width 54: "Footer 1"
              RenderTableCell {TD} at (60,0) size 56x18 [r=0 c=1 rs=1 cs=1]
                RenderText {#text} at (1,1) size 54x16
                  text run at (1,1) width 54: "Footer 2"
          RenderTableSection {TBODY} at (0,22) size 118x40
            RenderTableRow {TR} at (0,0) size 118x18
              RenderTableCell {TD} at (2,0) size 56x18 [r=0 c=0 rs=1 cs=1]
                RenderText {#text} at (1,1) size 39x16
                  text run at (1,1) width 39: "Cell 1"
              RenderTableCell {TD} at (60,0) size 56x18 [r=0 c=1 rs=1 cs=1]
                RenderText {#text} at (1,1) size 39x16
                  text run at (1,1) width 39: "Cell 2"
            RenderTableRow {TR} at (0,20) size 118x18
              RenderTableCell {TD} at (2,20) size 56x18 [r=1 c=0 rs=1 cs=1]
                RenderText {#text} at (1,1) size 39x16
                  text run at (1,1) width 39: "Cell 3"
              RenderTableCell {TD} at (60,20) size 56x18 [r=1 c=1 rs=1 cs=1]
                RenderText {#text} at (1,1) size 39x16
                  text run at (1,1) width 39: "Cell 4"
      RenderBlock {TABLE} at (10,94) size 764x44 [border: (1px solid #000000)]
        RenderTable at (1,1) size 222x42
          RenderTableSection (anonymous) at (0,0) size 222x24
            RenderTableRow (anonymous) at (0,2) size 222x20
              RenderTableCell {THEAD} at (2,2) size 100x20 [r=0 c=0 rs=1 cs=1]
                RenderTable at (0,0) size 100x20
                  RenderTableSection (anonymous) at (0,0) size 100x20
                    RenderTableRow (anonymous) at (0,2) size 100x16
                      RenderTableCell {TR} at (2,2) size 96x16 [r=0 c=0 rs=1 cs=1]
                        RenderInline {TD} at (0,0) size 48x18
                          RenderText {#text} at (1,0) size 46x16
                            text run at (1,0) width 46: "Head 1"
                        RenderInline {TD} at (0,0) size 49x18
                          RenderText {#text} at (48,0) size 47x16
                            text run at (48,0) width 47: "Head 2"
              RenderTableCell {TFOOT} at (104,2) size 116x20 [r=0 c=1 rs=1 cs=1]
                RenderTable at (0,0) size 116x20
                  RenderTableSection (anonymous) at (0,0) size 116x20
                    RenderTableRow (anonymous) at (0,2) size 116x16
                      RenderTableCell {TR} at (2,2) size 112x16 [r=0 c=0 rs=1 cs=1]
                        RenderInline {TD} at (0,0) size 56x18
                          RenderText {#text} at (1,0) size 54x16
                            text run at (1,0) width 54: "Footer 1"
                        RenderInline {TD} at (0,0) size 57x18
                          RenderText {#text} at (56,0) size 55x16
                            text run at (56,0) width 55: "Footer 2"
          RenderTableSection {TBODY} at (0,24) size 222x18
            RenderTableRow (anonymous) at (0,0) size 222x16
              RenderTableCell {TR} at (2,0) size 100x16 [r=0 c=0 rs=1 cs=1]
                RenderInline {TD} at (0,0) size 41x18
                  RenderText {#text} at (1,0) size 39x16
                    text run at (1,0) width 39: "Cell 1"
                RenderInline {TD} at (0,0) size 42x18
                  RenderText {#text} at (41,0) size 40x16
                    text run at (41,0) width 40: "Cell 2"
              RenderTableCell {TR} at (104,0) size 116x16 [r=0 c=1 rs=1 cs=1]
                RenderInline {TD} at (0,0) size 41x18
                  RenderText {#text} at (1,0) size 39x16
                    text run at (1,0) width 39: "Cell 3"
                RenderInline {TD} at (0,0) size 42x18
                  RenderText {#text} at (41,0) size 40x16
                    text run at (41,0) width 40: "Cell 4"
      RenderBlock {TABLE} at (10,148) size 764x94 [border: (1px solid #000000)]
        RenderBlock {THEAD} at (1,1) size 762x22
          RenderBlock {TR} at (0,0) size 762x22
            RenderTable at (0,0) size 102x22
              RenderTableSection (anonymous) at (0,0) size 102x22
                RenderTableRow (anonymous) at (0,2) size 102x18
                  RenderTableCell {TD} at (2,2) size 48x18 [r=0 c=0 rs=1 cs=1]
                    RenderText {#text} at (1,1) size 46x16
                      text run at (1,1) width 46: "Head 1"
                  RenderTableCell {TD} at (52,2) size 48x18 [r=0 c=1 rs=1 cs=1]
                    RenderText {#text} at (1,1) size 46x16
                      text run at (1,1) width 46: "Head 2"
        RenderBlock {TFOOT} at (1,23) size 762x22
          RenderBlock {TR} at (0,0) size 762x22
            RenderTable at (0,0) size 118x22
              RenderTableSection (anonymous) at (0,0) size 118x22
                RenderTableRow (anonymous) at (0,2) size 118x18
                  RenderTableCell {TD} at (2,2) size 56x18 [r=0 c=0 rs=1 cs=1]
                    RenderText {#text} at (1,1) size 54x16
                      text run at (1,1) width 54: "Footer 1"
                  RenderTableCell {TD} at (60,2) size 56x18 [r=0 c=1 rs=1 cs=1]
                    RenderText {#text} at (1,1) size 54x16
                      text run at (1,1) width 54: "Footer 2"
        RenderTable at (1,45) size 92x48
          RenderTableSection {TBODY} at (0,0) size 92x48
            RenderTableRow (anonymous) at (0,2) size 92x44
              RenderTableCell (anonymous) at (2,2) size 88x44 [r=0 c=0 rs=1 cs=1]
                RenderBlock {TR} at (0,0) size 88x22
                  RenderTable at (0,0) size 88x22
                    RenderTableSection (anonymous) at (0,0) size 88x22
                      RenderTableRow (anonymous) at (0,2) size 88x18
                        RenderTableCell {TD} at (2,2) size 41x18 [r=0 c=0 rs=1 cs=1]
                          RenderText {#text} at (1,1) size 39x16
                            text run at (1,1) width 39: "Cell 1"
                        RenderTableCell {TD} at (45,2) size 41x18 [r=0 c=1 rs=1 cs=1]
                          RenderText {#text} at (1,1) size 39x16
                            text run at (1,1) width 39: "Cell 2"
                RenderBlock {TR} at (0,22) size 88x22
                  RenderTable at (0,0) size 88x22
                    RenderTableSection (anonymous) at (0,0) size 88x22
                      RenderTableRow (anonymous) at (0,2) size 88x18
                        RenderTableCell {TD} at (2,2) size 41x18 [r=0 c=0 rs=1 cs=1]
                          RenderText {#text} at (1,1) size 39x16
                            text run at (1,1) width 39: "Cell 3"
                        RenderTableCell {TD} at (45,2) size 41x18 [r=0 c=1 rs=1 cs=1]
                          RenderText {#text} at (1,1) size 39x16
                            text run at (1,1) width 39: "Cell 4"
      RenderTable at (0,252) size 302x178
        RenderTableSection (anonymous) at (0,0) size 302x178
          RenderTableRow (anonymous) at (0,0) size 302x178
            RenderTableCell {P} at (0,0) size 302x178 [border: (1px solid #000000)] [r=0 c=0 rs=1 cs=1]
              RenderText {#text} at (1,1) size 300x176
                text run at (1,1) width 259: "Lorem ipsum dolor sit amet, consectetur"
                text run at (1,17) width 252: "adipisicing elit, sed do eiusmod tempor"
                text run at (1,33) width 300: "incididunt ut labore et dolore magna aliqua. Ut"
                text run at (1,49) width 235: "enim ad minim veniam, quis nostrud"
                text run at (1,65) width 290: "exercitation ullamco laboris nisi ut aliquip ex"
                text run at (1,81) width 292: "ea commodo consequat. Duis aute irure dolor"
                text run at (1,97) width 290: "in reprehenderit in voluptate velit esse cillum"
                text run at (1,113) width 292: "dolore eu fugiat nulla pariatur. Excepteur sint"
                text run at (1,129) width 293: "occaecat cupidatat non proident, sunt in culpa"
                text run at (1,145) width 241: "qui officia deserunt mollit anim id est"
                text run at (1,161) width 58: "laborum."
