layer at (0,0) size 785x1166
  RenderView at (0,0) size 785x600
layer at (0,0) size 785x1166
  RenderBlock {HTML} at (0,0) size 785x1166
    RenderBody {BODY} at (8,10) size 769x1148
      RenderTable {TABLE} at (10,0) size 84x120 [border: (1px solid #000000)]
        RenderTableSection {THEAD} at (1,1) size 22x118
          RenderTableRow {TR} at (0,2) size 18x118
            RenderTableCell {TD} at (2,2) size 18x56 [r=0 c=0 rs=1 cs=1]
              RenderText {#text} at (1,1) size 16x46
                text run at (1,1) width 46: "Head 1"
            RenderTableCell {TD} at (2,60) size 18x56 [r=0 c=1 rs=1 cs=1]
              RenderText {#text} at (1,1) size 16x46
                text run at (1,1) width 46: "Head 2"
        RenderTableSection {TFOOT} at (63,1) size 20x118
          RenderTableRow {TR} at (0,0) size 18x118
            RenderTableCell {TD} at (0,2) size 18x56 [r=0 c=0 rs=1 cs=1]
              RenderText {#text} at (1,1) size 16x54
                text run at (1,1) width 54: "Footer 1"
            RenderTableCell {TD} at (0,60) size 18x56 [r=0 c=1 rs=1 cs=1]
              RenderText {#text} at (1,1) size 16x54
                text run at (1,1) width 54: "Footer 2"
        RenderTableSection {TBODY} at (23,1) size 40x118
          RenderTableRow {TR} at (0,0) size 18x118
            RenderTableCell {TD} at (0,2) size 18x56 [r=0 c=0 rs=1 cs=1]
              RenderText {#text} at (1,1) size 16x39
                text run at (1,1) width 39: "Cell 1"
            RenderTableCell {TD} at (0,60) size 18x56 [r=0 c=1 rs=1 cs=1]
              RenderText {#text} at (1,1) size 16x39
                text run at (1,1) width 39: "Cell 2"
          RenderTableRow {TR} at (0,20) size 18x118
            RenderTableCell {TD} at (20,2) size 18x56 [r=1 c=0 rs=1 cs=1]
              RenderText {#text} at (1,1) size 16x39
                text run at (1,1) width 39: "Cell 3"
            RenderTableCell {TD} at (20,60) size 18x56 [r=1 c=1 rs=1 cs=1]
              RenderText {#text} at (1,1) size 16x39
                text run at (1,1) width 39: "Cell 4"
      RenderBlock {P} at (0,136) size 769x16
        RenderText {#text} at (0,0) size 227x16
          text run at (0,0) width 227: "Row groups have display:table-cell"
      RenderTable {TABLE} at (10,168) size 56x236 [border: (1px solid #000000)]
        RenderTableSection (anonymous) at (1,1) size 30x234
          RenderTableRow (anonymous) at (0,2) size 26x234
            RenderTableCell {THEAD} at (2,2) size 26x106 [r=0 c=0 rs=1 cs=1]
              RenderTable at (0,0) size 26x106
                RenderTableSection (anonymous) at (0,0) size 26x106
                  RenderTableRow (anonymous) at (0,2) size 22x106
                    RenderTableCell {TR} at (2,2) size 22x102 [r=0 c=0 rs=1 cs=1]
                      RenderTable at (0,0) size 22x102
                        RenderTableSection (anonymous) at (0,0) size 22x102
                          RenderTableRow (anonymous) at (0,2) size 18x102
                            RenderTableCell {TD} at (2,2) size 18x48 [r=0 c=0 rs=1 cs=1]
                              RenderText {#text} at (1,1) size 16x46
                                text run at (1,1) width 46: "Head 1"
                            RenderTableCell {TD} at (2,52) size 18x48 [r=0 c=1 rs=1 cs=1]
                              RenderText {#text} at (1,1) size 16x46
                                text run at (1,1) width 46: "Head 2"
            RenderTableCell {TFOOT} at (2,110) size 26x122 [r=0 c=1 rs=1 cs=1]
              RenderTable at (0,0) size 26x122
                RenderTableSection (anonymous) at (0,0) size 26x122
                  RenderTableRow (anonymous) at (0,2) size 22x122
                    RenderTableCell {TR} at (2,2) size 22x118 [r=0 c=0 rs=1 cs=1]
                      RenderTable at (0,0) size 22x118
                        RenderTableSection (anonymous) at (0,0) size 22x118
                          RenderTableRow (anonymous) at (0,2) size 18x118
                            RenderTableCell {TD} at (2,2) size 18x56 [r=0 c=0 rs=1 cs=1]
                              RenderText {#text} at (1,1) size 16x54
                                text run at (1,1) width 54: "Footer 1"
                            RenderTableCell {TD} at (2,60) size 18x56 [r=0 c=1 rs=1 cs=1]
                              RenderText {#text} at (1,1) size 16x54
                                text run at (1,1) width 54: "Footer 2"
        RenderTableSection {TBODY} at (31,1) size 24x234
          RenderTableRow (anonymous) at (0,0) size 22x234
            RenderTableCell {TR} at (0,2) size 22x106 [r=0 c=0 rs=1 cs=1]
              RenderTable at (0,0) size 22x88
                RenderTableSection (anonymous) at (0,0) size 22x88
                  RenderTableRow (anonymous) at (0,2) size 18x88
                    RenderTableCell {TD} at (2,2) size 18x41 [r=0 c=0 rs=1 cs=1]
                      RenderText {#text} at (1,1) size 16x39
                        text run at (1,1) width 39: "Cell 1"
                    RenderTableCell {TD} at (2,45) size 18x41 [r=0 c=1 rs=1 cs=1]
                      RenderText {#text} at (1,1) size 16x39
                        text run at (1,1) width 39: "Cell 2"
            RenderTableCell {TR} at (0,110) size 22x122 [r=0 c=1 rs=1 cs=1]
              RenderTable at (0,0) size 22x88
                RenderTableSection (anonymous) at (0,0) size 22x88
                  RenderTableRow (anonymous) at (0,2) size 18x88
                    RenderTableCell {TD} at (2,2) size 18x41 [r=0 c=0 rs=1 cs=1]
                      RenderText {#text} at (1,1) size 16x39
                        text run at (1,1) width 39: "Cell 3"
                    RenderTableCell {TD} at (2,45) size 18x41 [r=0 c=1 rs=1 cs=1]
                      RenderText {#text} at (1,1) size 16x39
                        text run at (1,1) width 39: "Cell 4"
      RenderBlock {P} at (0,420) size 769x16
        RenderText {#text} at (0,0) size 203x16
          text run at (0,0) width 203: "Row groups have display:block"
      RenderTable {TABLE} at (10,452) size 96x124 [border: (1px solid #000000)]
        RenderTableSection (anonymous) at (1,1) size 48x122
          RenderTableRow (anonymous) at (0,2) size 44x122
            RenderTableCell (anonymous) at (2,2) size 44x118 [r=0 c=0 rs=1 cs=1]
              RenderBlock {THEAD} at (0,0) size 22x118
                RenderBlock {TR} at (0,0) size 22x118
                  RenderTable at (0,0) size 22x102
                    RenderTableSection (anonymous) at (0,0) size 22x102
                      RenderTableRow (anonymous) at (0,2) size 18x102
                        RenderTableCell {TD} at (2,2) size 18x48 [r=0 c=0 rs=1 cs=1]
                          RenderText {#text} at (1,1) size 16x46
                            text run at (1,1) width 46: "Head 1"
                        RenderTableCell {TD} at (2,52) size 18x48 [r=0 c=1 rs=1 cs=1]
                          RenderText {#text} at (1,1) size 16x46
                            text run at (1,1) width 46: "Head 2"
              RenderBlock {TFOOT} at (22,0) size 22x118
                RenderBlock {TR} at (0,0) size 22x118
                  RenderTable at (0,0) size 22x118
                    RenderTableSection (anonymous) at (0,0) size 22x118
                      RenderTableRow (anonymous) at (0,2) size 18x118
                        RenderTableCell {TD} at (2,2) size 18x56 [r=0 c=0 rs=1 cs=1]
                          RenderText {#text} at (1,1) size 16x54
                            text run at (1,1) width 54: "Footer 1"
                        RenderTableCell {TD} at (2,60) size 18x56 [r=0 c=1 rs=1 cs=1]
                          RenderText {#text} at (1,1) size 16x54
                            text run at (1,1) width 54: "Footer 2"
        RenderTableSection {TBODY} at (49,1) size 46x122
          RenderTableRow (anonymous) at (0,0) size 44x122
            RenderTableCell (anonymous) at (0,2) size 44x118 [r=0 c=0 rs=1 cs=1]
              RenderBlock {TR} at (0,0) size 22x118
                RenderTable at (0,0) size 22x88
                  RenderTableSection (anonymous) at (0,0) size 22x88
                    RenderTableRow (anonymous) at (0,2) size 18x88
                      RenderTableCell {TD} at (2,2) size 18x41 [r=0 c=0 rs=1 cs=1]
                        RenderText {#text} at (1,1) size 16x39
                          text run at (1,1) width 39: "Cell 1"
                      RenderTableCell {TD} at (2,45) size 18x41 [r=0 c=1 rs=1 cs=1]
                        RenderText {#text} at (1,1) size 16x39
                          text run at (1,1) width 39: "Cell 2"
              RenderBlock {TR} at (22,0) size 22x118
                RenderTable at (0,0) size 22x88
                  RenderTableSection (anonymous) at (0,0) size 22x88
                    RenderTableRow (anonymous) at (0,2) size 18x88
                      RenderTableCell {TD} at (2,2) size 18x41 [r=0 c=0 rs=1 cs=1]
                        RenderText {#text} at (1,1) size 16x39
                          text run at (1,1) width 39: "Cell 3"
                      RenderTableCell {TD} at (2,45) size 18x41 [r=0 c=1 rs=1 cs=1]
                        RenderText {#text} at (1,1) size 16x39
                          text run at (1,1) width 39: "Cell 4"
      RenderTable at (0,586) size 102x562
        RenderTableSection (anonymous) at (0,0) size 102x562
          RenderTableRow (anonymous) at (0,0) size 102x562
            RenderTableCell {P} at (0,0) size 102x562 [border: (1px solid #000000)] [r=0 c=0 rs=1 cs=1]
              RenderText {#text} at (1,1) size 100x560
                text run at (1,1) width 86: "Lorem ipsum"
                text run at (1,17) width 92: "dolor sit amet,"
                text run at (1,33) width 73: "consectetur"
                text run at (1,49) width 99: "adipisicing elit,"
                text run at (1,65) width 100: "sed do eiusmod"
                text run at (1,81) width 46: "tempor"
                text run at (1,97) width 82: "incididunt ut"
                text run at (1,113) width 56: "labore et"
                text run at (1,129) width 88: "dolore magna"
                text run at (1,145) width 100: "aliqua. Ut enim"
                text run at (1,161) width 61: "ad minim"
                text run at (1,177) width 82: "veniam, quis"
                text run at (1,193) width 48: "nostrud"
                text run at (1,209) width 76: "exercitation"
                text run at (1,225) width 100: "ullamco laboris"
                text run at (1,241) width 88: "nisi ut aliquip"
                text run at (1,257) width 34: "ex ea"
                text run at (1,273) width 64: "commodo"
                text run at (1,289) width 68: "consequat."
                text run at (1,305) width 96: "Duis aute irure"
                text run at (1,321) width 51: "dolor in"
                text run at (1,337) width 86: "reprehenderit"
                text run at (1,353) width 76: "in voluptate"
                text run at (1,369) width 60: "velit esse"
                text run at (1,385) width 86: "cillum dolore"
                text run at (1,401) width 93: "eu fugiat nulla"
                text run at (1,417) width 54: "pariatur."
                text run at (1,433) width 92: "Excepteur sint"
                text run at (1,449) width 56: "occaecat"
                text run at (1,465) width 87: "cupidatat non"
                text run at (1,481) width 88: "proident, sunt"
                text run at (1,497) width 76: "in culpa qui"
                text run at (1,513) width 100: "officia deserunt"
                text run at (1,529) width 91: "mollit anim id"
                text run at (1,545) width 80: "est laborum."
