layer at (0,0) size 800x600
  RenderView at (0,0) size 800x600
layer at (0,0) size 800x375
  RenderBlock {HTML} at (0,0) size 800x375
    RenderBody {BODY} at (8,16) size 784x343
      RenderBlock {P} at (0,0) size 784x32
        RenderText {#text} at (0,0) size 177x16
          text run at (0,0) width 177: "This is a regression test for "
        RenderInline {I} at (0,0) size 751x32
          RenderInline {A} at (0,0) size 355x16 [color=#0000EE]
            RenderText {#text} at (176,0) size 355x16
              text run at (176,0) width 355: "http://bugzilla.opendarwin.org/show_bug.cgi?id=9122"
          RenderText {#text} at (530,0) size 751x32
            text run at (530,0) width 5: " "
            text run at (534,0) width 217: "REGRESSION: Incorrect vertical"
            text run at (0,16) width 313: "position for text fields in a \"display: table\" block"
        RenderText {#text} at (312,16) size 5x16
          text run at (312,16) width 5: "."
      RenderBlock {P} at (0,48) size 784x32
        RenderText {#text} at (0,0) size 756x32
          text run at (0,0) width 756: "Type something in the text field. Resize the window. The text field should not jump down. Delete what you typed and"
          text run at (0,16) width 326: "resize the window. The text field should not move."
      RenderBlock {FORM} at (0,96) size 784x247
        RenderTable {DL} at (0,0) size 148x19
          RenderTableSection (anonymous) at (0,0) size 148x19
            RenderTableRow {DIV} at (0,0) size 148x19
              RenderTableCell {DT} at (0,2) size 25x16 [r=0 c=0 rs=1 cs=1]
                RenderText {#text} at (0,0) size 25x16
                  text run at (0,0) width 25: "Foo"
              RenderTableCell {DD} at (25,0) size 123x19 [r=0 c=1 rs=1 cs=1]
                RenderTextControl {INPUT} at (0,0) size 123x19 [bgcolor=#FFFFFF] [border: (2px inset #EEEEEE)]
        RenderBlock {HR} at (0,35) size 784x2 [border: (1px inset #EEEEEE)]
        RenderBlock {P} at (0,53) size 784x32
          RenderText {#text} at (0,0) size 772x32
            text run at (0,0) width 772: "And here's more. There should not be a difference in distance between the labels, nor any difference in distance between"
            text run at (0,16) width 92: "the text fields."
        RenderTable {DL} at (0,101) size 237x146
          RenderTableSection (anonymous) at (0,0) size 237x146
            RenderTableRow {DIV} at (0,0) size 237x19
              RenderTableCell {DT} at (0,2) size 25x16 [r=0 c=0 rs=1 cs=1]
                RenderText {#text} at (0,0) size 25x16
                  text run at (0,0) width 25: "Foo"
              RenderTableCell {DD} at (25,0) size 212x19 [r=0 c=1 rs=1 cs=1]
                RenderTextControl {INPUT} at (0,0) size 123x19 [bgcolor=#FFFFFF] [border: (2px inset #EEEEEE)]
            RenderTableRow {DIV} at (0,19) size 237x19
              RenderTableCell {DT} at (0,21) size 25x16 [r=1 c=0 rs=1 cs=1]
                RenderText {#text} at (0,0) size 25x16
                  text run at (0,0) width 25: "Foo"
              RenderTableCell {DD} at (25,19) size 212x19 [r=1 c=1 rs=1 cs=1]
                RenderTextControl {INPUT} at (0,0) size 123x19 [bgcolor=#FFFFFF] [border: (2px inset #EEEEEE)]
            RenderTableRow {DIV} at (0,38) size 237x19
              RenderTableCell {DT} at (0,40) size 25x16 [r=2 c=0 rs=1 cs=1]
                RenderText {#text} at (0,0) size 25x16
                  text run at (0,0) width 25: "Foo"
              RenderTableCell {DD} at (25,38) size 212x19 [r=2 c=1 rs=1 cs=1]
                RenderTextControl {INPUT} at (0,0) size 123x19 [bgcolor=#FFFFFF] [border: (2px inset #EEEEEE)]
            RenderTableRow {DIV} at (0,57) size 237x19
              RenderTableCell {DT} at (0,59) size 25x16 [r=3 c=0 rs=1 cs=1]
                RenderText {#text} at (0,0) size 25x16
                  text run at (0,0) width 25: "Foo"
              RenderTableCell {DD} at (25,57) size 212x19 [r=3 c=1 rs=1 cs=1]
                RenderTextControl {INPUT} at (0,0) size 123x19 [bgcolor=#FFFFFF] [border: (2px inset #EEEEEE)]
            RenderTableRow {DIV} at (0,76) size 237x19
              RenderTableCell {DT} at (0,78) size 25x16 [r=4 c=0 rs=1 cs=1]
                RenderText {#text} at (0,0) size 25x16
                  text run at (0,0) width 25: "Foo"
              RenderTableCell {DD} at (25,76) size 212x19 [r=4 c=1 rs=1 cs=1]
                RenderTextControl {INPUT} at (0,0) size 123x19 [bgcolor=#FFFFFF] [border: (2px inset #EEEEEE)]
            RenderTableRow {DIV} at (0,95) size 237x19
              RenderTableCell {DT} at (0,97) size 25x16 [r=5 c=0 rs=1 cs=1]
                RenderText {#text} at (0,0) size 25x16
                  text run at (0,0) width 25: "Foo"
              RenderTableCell {DD} at (25,95) size 212x19 [r=5 c=1 rs=1 cs=1]
                RenderTextControl {INPUT} at (0,0) size 123x19 [bgcolor=#FFFFFF] [border: (2px inset #EEEEEE)]
            RenderTableRow {DIV} at (0,114) size 237x32
              RenderTableCell {DT} at (0,130) size 25x16 [r=6 c=0 rs=1 cs=1]
                RenderText {#text} at (0,0) size 25x16
                  text run at (0,0) width 25: "Foo"
              RenderTableCell {DD} at (25,114) size 212x32 [r=6 c=1 rs=1 cs=1]
                RenderBlock {DIV} at (0,0) size 211.97x32
                  RenderBR {BR} at (0,0) size 0x16
                  RenderText {#text} at (0,16) size 212x16
                    text run at (0,16) width 212: "Bar (should be aligned with Foo)"
layer at (36,115) size 117x13
  RenderBlock {DIV} at (3,3) size 117x13
layer at (36,216) size 117x13
  RenderBlock {DIV} at (3,3) size 117x13
layer at (36,235) size 117x13
  RenderBlock {DIV} at (3,3) size 117x13
layer at (36,254) size 117x13
  RenderBlock {DIV} at (3,3) size 117x13
    RenderText {#text} at (0,0) size 17x13
      text run at (0,0) width 17: "Bar"
layer at (36,273) size 117x13
  RenderBlock {DIV} at (3,3) size 117x13
    RenderText {#text} at (0,0) size 17x13
      text run at (0,0) width 17: "Bar"
layer at (36,292) size 117x13
  RenderBlock {DIV} at (3,3) size 117x13
layer at (36,311) size 117x13
  RenderBlock {DIV} at (3,3) size 117x13
