layer at (0,0) size 800x600
  RenderView at (0,0) size 800x600
layer at (0,0) size 800x514
  RenderBlock {HTML} at (0,0) size 800x514
    RenderBody {BODY} at (8,8) size 784x498
      RenderTable {TABLE} at (0,0) size 664x498 [border: (1px outset #808080)]
        RenderTableSection {TBODY} at (1,1) size 662x496
          RenderTableRow {TR} at (0,2) size 662x492
            RenderTableCell {TD} at (2,90) size 47x20 [border: (1px inset #808080)] [r=0 c=0 rs=1 cs=1]
              RenderText {#text} at (2,2) size 43x16
                text run at (2,2) width 43: "Lorem"
            RenderTableCell {TD} at (51,75) size 124x40 [border: (1px inset #808080)] [r=0 c=1 rs=1 cs=1]
              RenderText {#text} at (2,17) size 44x16
                text run at (2,17) width 44: "ipsum "
              RenderInline {SPAN} at (0,0) size 77x36
                RenderText {#text} at (45,2) size 77x36
                  text run at (45,2) width 77: "dolor"
              RenderText {#text} at (0,0) size 0x0
            RenderTableCell {TD} at (177,90) size 20x20 [border: (1px inset #808080)] [r=0 c=2 rs=1 cs=1]
              RenderBlock {DIV} at (2,2) size 16x16
                RenderText {#text} at (0,0) size 16x16
                  text run at (0,0) width 16: "sit"
            RenderTableCell {TD} at (199,90) size 54x104 [border: (1px inset #808080)] [r=0 c=3 rs=1 cs=1]
              RenderBlock {DIV} at (2,2) size 50x100 [bgcolor=#ADD8E6]
                RenderText {#text} at (0,0) size 32x16
                  text run at (0,0) width 32: "amet"
            RenderTableCell {TD} at (255,90) size 64x20 [border: (1px inset #808080)] [r=0 c=4 rs=1 cs=1]
              RenderText {#text} at (2,2) size 44x16
                text run at (2,2) width 44: "consec"
              RenderText {#text} at (0,0) size 0x0
            RenderTableCell {TD} at (321,64) size 84x79 [border: (1px inset #808080)] [r=0 c=5 rs=1 cs=1]
              RenderTable {TABLE} at (2,2) size 80x75 [border: (1px outset #808080)]
                RenderTableSection {TBODY} at (1,1) size 78x73
                  RenderTableRow {TR} at (0,10) size 78x53
                    RenderTableCell {TD} at (2,10) size 74x53 [border: (10px solid #0000FF) (1px inset #808080) (5px solid #0000FF) (1px inset #808080)] [r=0 c=0 rs=1 cs=1]
                      RenderText {#text} at (2,15) size 37x16
                        text run at (2,15) width 37: "tetuer"
                      RenderBR {BR} at (38,15) size 1x16
                      RenderText {#text} at (2,31) size 70x16
                        text run at (2,31) width 70: "adipiscing."
            RenderTableCell {TD} at (407,2) size 64x4 [border: (1px inset #808080)] [r=0 c=6 rs=1 cs=1]
            RenderTableCell {TD} at (473,2) size 54x104 [border: (1px inset #808080)] [r=0 c=7 rs=1 cs=1]
              RenderBlock {DIV} at (2,2) size 50x100 [bgcolor=#FFB6C1]
            RenderTableCell {TD} at (529,29) size 65x152 [border: (1px inset #808080)] [r=0 c=8 rs=1 cs=1]
              RenderTable {TABLE} at (2,2) size 61x116 [border: (1px outset #808080)]
                RenderTableSection {TBODY} at (1,1) size 59x114
                  RenderTableRow {TR} at (0,2) size 59x80
                    RenderTableCell {TD} at (2,31) size 55x51 [border: (10px solid #0000FF) (1px inset #808080) (5px solid #0000FF) (1px inset #808080)] [r=0 c=0 rs=1 cs=1]
                      RenderBlock {DIV} at (6,25) size 43x16 [bgcolor=#FFB6C1]
                        RenderText {#text} at (0,0) size 43x16
                          text run at (0,0) width 43: "Lorem"
                  RenderTableRow {TR} at (0,84) size 59x28
                    RenderTableCell {TD} at (2,84) size 55x28 [border: (1px inset #808080)] [r=1 c=0 rs=1 cs=1]
                      RenderText {#text} at (6,6) size 40x16
                        text run at (6,6) width 40: "ipsum"
              RenderBlock (anonymous) at (2,118) size 61x32
                RenderText {#text} at (0,0) size 53x16
                  text run at (0,0) width 53: "dolor sit"
                RenderBR {BR} at (52,0) size 1x16
                RenderText {#text} at (0,16) size 36x16
                  text run at (0,16) width 36: "amet."
            RenderTableCell {TD} at (596,42) size 64x64 [border: (1px inset #808080)] [r=0 c=9 rs=1 cs=1]
              RenderBlock (floating) {DIV} at (2,2) size 25x30 [bgcolor=#90EE90]
                RenderText {#text} at (0,0) size 17x16
                  text run at (0,0) width 17: "F1"
              RenderBlock (floating) {DIV} at (27,2) size 25x30 [bgcolor=#90EE90]
                RenderText {#text} at (0,0) size 17x16
                  text run at (0,0) width 17: "F2"
              RenderBlock (floating) {DIV} at (2,32) size 25x30 [bgcolor=#90EE90]
                RenderText {#text} at (0,0) size 17x16
                  text run at (0,0) width 17: "F3"
layer at (266,0) size 60x50
  RenderBlock (positioned) {DIV} at (266,0) size 60x50 [bgcolor=#FFFFE0]
    RenderText {#text} at (0,0) size 9x16
      text run at (0,0) width 9: "P"
layer at (418,13) size 60x50
  RenderBlock (positioned) {DIV} at (418,13) size 60x50 [bgcolor=#FFFFE0]
    RenderText {#text} at (0,0) size 9x16
      text run at (0,0) width 9: "P"
