layer at (0,0) size 800x600
  RenderView at (0,0) size 800x600
layer at (0,0) size 800x280
  RenderBlock {HTML} at (0,0) size 800x280
    RenderBody {BODY} at (8,8) size 784x264
      RenderBlock (anonymous) at (0,0) size 784x64
        RenderText {#text} at (0,0) size 548x16
          text run at (0,0) width 548: "Tests for basic button rendering. Creates a table with seven columns and seven rows. "
        RenderBR {BR} at (547,0) size 1x16
        RenderText {#text} at (0,16) size 521x16
          text run at (0,16) width 521: "Creates two different types of buttons, one with an image (a red dot) and another "
        RenderBR {BR} at (520,16) size 1x16
        RenderText {#text} at (0,32) size 662x16
          text run at (0,32) width 662: "with text (\"foo\") and then uses six different paddings to make sure each of the buttons render properly. "
        RenderBR {BR} at (661,32) size 1x16
        RenderBR {BR} at (0,48) size 0x16
      RenderTable {TABLE} at (0,64) size 697x200
        RenderTableSection {TBODY} at (0,0) size 697x200
          RenderTableRow {TR} at (0,0) size 697x18
            RenderTableCell {TD} at (0,0) size 170x18 [r=0 c=0 rs=1 cs=1]
              RenderText {#text} at (1,1) size 44x16
                text run at (1,1) width 44: "styling"
            RenderTableCell {TD} at (170,0) size 61x18 [r=0 c=1 rs=1 cs=1]
              RenderText {#text} at (1,1) size 59x16
                text run at (1,1) width 59: "<button>"
            RenderTableCell {TD} at (231,0) size 161x18 [r=0 c=2 rs=1 cs=1]
              RenderText {#text} at (1,1) size 159x16
                text run at (1,1) width 159: "(offsetH,W) (clientH,W)"
            RenderTableCell {TD} at (392,0) size 135x18 [r=0 c=3 rs=1 cs=1]
              RenderText {#text} at (1,1) size 133x16
                text run at (1,1) width 133: "<input type=button>"
            RenderTableCell {TD} at (527,0) size 170x18 [r=0 c=4 rs=1 cs=1]
              RenderText {#text} at (1,1) size 168x16
                text run at (1,1) width 168: "(offsetH,W) (clientH, -W)"
          RenderTableRow {TR} at (0,18) size 697x20
            RenderTableCell {TD} at (0,19) size 170x18 [r=1 c=0 rs=1 cs=1]
              RenderText {#text} at (1,1) size 56x16
                text run at (1,1) width 56: "(default)"
            RenderTableCell {TD} at (170,18) size 61x20 [r=1 c=1 rs=1 cs=1]
              RenderButton {BUTTON} at (1,1) size 26x18 [bgcolor=#C0C0C0] [border: none (2px outset #C0C0C0) none (2px outset #C0C0C0)]
                RenderBlock (anonymous) at (8,2) size 10x13
                  RenderImage {IMG} at (0,1) size 10x10
            RenderTableCell {TD} at (231,19) size 161x18 [r=1 c=2 rs=1 cs=1]
              RenderText {#text} at (1,1) size 106x16
                text run at (1,1) width 106: "(18, 26) (18, 22)"
            RenderTableCell {TD} at (392,18) size 135x20 [r=1 c=3 rs=1 cs=1]
              RenderButton {INPUT} at (1,1) size 33.56x18 [bgcolor=#C0C0C0]
                RenderBlock (anonymous) at (8,2.50) size 17.56x13
                  RenderText {#text} at (0,0) size 18x13
                    text run at (0,0) width 18: "foo"
            RenderTableCell {TD} at (527,19) size 170x18 [r=1 c=4 rs=1 cs=1]
              RenderText {#text} at (1,1) size 106x16
                text run at (1,1) width 106: "(18, 34) (18, 34)"
          RenderTableRow {TR} at (0,38) size 697x20
            RenderTableCell {TD} at (0,39) size 170x18 [r=2 c=0 rs=1 cs=1]
              RenderText {#text} at (1,1) size 68x16
                text run at (1,1) width 68: "padding: 0"
            RenderTableCell {TD} at (170,39) size 61x18 [r=2 c=1 rs=1 cs=1]
              RenderButton {BUTTON} at (1,1) size 14x15 [bgcolor=#C0C0C0] [border: none (2px outset #C0C0C0) none (2px outset #C0C0C0)]
                RenderBlock (anonymous) at (2,1) size 10x13
                  RenderImage {IMG} at (0,1) size 10x10
            RenderTableCell {TD} at (231,39) size 161x18 [r=2 c=2 rs=1 cs=1]
              RenderText {#text} at (1,1) size 106x16
                text run at (1,1) width 106: "(15, 14) (15, 10)"
            RenderTableCell {TD} at (392,38) size 135x20 [r=2 c=3 rs=1 cs=1]
              RenderButton {INPUT} at (1,1) size 33.56x18 [bgcolor=#C0C0C0]
                RenderBlock (anonymous) at (8,2.50) size 17.56x13
                  RenderText {#text} at (0,0) size 18x13
                    text run at (0,0) width 18: "foo"
            RenderTableCell {TD} at (527,39) size 170x18 [r=2 c=4 rs=1 cs=1]
              RenderText {#text} at (1,1) size 106x16
                text run at (1,1) width 106: "(18, 34) (18, 34)"
          RenderTableRow {TR} at (0,58) size 697x26
            RenderTableCell {TD} at (0,62) size 170x18 [r=3 c=0 rs=1 cs=1]
              RenderText {#text} at (1,1) size 90x16
                text run at (1,1) width 90: "padding: 10%"
            RenderTableCell {TD} at (170,58) size 61x26 [r=3 c=1 rs=1 cs=1]
              RenderButton {BUTTON} at (1,1) size 25.78x24.78 [bgcolor=#C0C0C0] [border: none (2px outset #C0C0C0) none (2px outset #C0C0C0)]
                RenderBlock (anonymous) at (7.89,5.89) size 10x13
                  RenderImage {IMG} at (0,1) size 10x10
            RenderTableCell {TD} at (231,62) size 161x18 [r=3 c=2 rs=1 cs=1]
              RenderText {#text} at (1,1) size 106x16
                text run at (1,1) width 106: "(25, 26) (25, 22)"
            RenderTableCell {TD} at (392,61) size 135x20 [r=3 c=3 rs=1 cs=1]
              RenderButton {INPUT} at (1,1) size 33.56x18 [bgcolor=#C0C0C0]
                RenderBlock (anonymous) at (8,2.50) size 17.56x13
                  RenderText {#text} at (0,0) size 18x13
                    text run at (0,0) width 18: "foo"
            RenderTableCell {TD} at (527,62) size 170x18 [r=3 c=4 rs=1 cs=1]
              RenderText {#text} at (1,1) size 106x16
                text run at (1,1) width 106: "(18, 34) (18, 34)"
          RenderTableRow {TR} at (0,84) size 697x20
            RenderTableCell {TD} at (0,85) size 170x18 [r=4 c=0 rs=1 cs=1]
              RenderText {#text} at (1,1) size 84x16
                text run at (1,1) width 84: "padding: 2px"
            RenderTableCell {TD} at (170,84) size 61x19 [r=4 c=1 rs=1 cs=1]
              RenderButton {BUTTON} at (1,1) size 18x17 [bgcolor=#C0C0C0] [border: none (2px outset #C0C0C0) none (2px outset #C0C0C0)]
                RenderBlock (anonymous) at (4,2) size 10x13
                  RenderImage {IMG} at (0,1) size 10x10
            RenderTableCell {TD} at (231,85) size 161x18 [r=4 c=2 rs=1 cs=1]
              RenderText {#text} at (1,1) size 106x16
                text run at (1,1) width 106: "(17, 18) (17, 14)"
            RenderTableCell {TD} at (392,84) size 135x20 [r=4 c=3 rs=1 cs=1]
              RenderButton {INPUT} at (1,1) size 33.56x18 [bgcolor=#C0C0C0]
                RenderBlock (anonymous) at (8,2.50) size 17.56x13
                  RenderText {#text} at (0,0) size 18x13
                    text run at (0,0) width 18: "foo"
            RenderTableCell {TD} at (527,85) size 170x18 [r=4 c=4 rs=1 cs=1]
              RenderText {#text} at (1,1) size 106x16
                text run at (1,1) width 106: "(18, 34) (18, 34)"
          RenderTableRow {TR} at (0,104) size 697x20
            RenderTableCell {TD} at (0,105) size 170x18 [r=5 c=0 rs=1 cs=1]
              RenderText {#text} at (1,1) size 168x16
                text run at (1,1) width 168: "padding: 2px 6px 3px 6px"
            RenderTableCell {TD} at (170,104) size 61x20 [r=5 c=1 rs=1 cs=1]
              RenderButton {BUTTON} at (1,1) size 26x18 [bgcolor=#C0C0C0] [border: none (2px outset #C0C0C0) none (2px outset #C0C0C0)]
                RenderBlock (anonymous) at (8,2) size 10x13
                  RenderImage {IMG} at (0,1) size 10x10
            RenderTableCell {TD} at (231,105) size 161x18 [r=5 c=2 rs=1 cs=1]
              RenderText {#text} at (1,1) size 106x16
                text run at (1,1) width 106: "(18, 26) (18, 22)"
            RenderTableCell {TD} at (392,104) size 135x20 [r=5 c=3 rs=1 cs=1]
              RenderButton {INPUT} at (1,1) size 33.56x18 [bgcolor=#C0C0C0]
                RenderBlock (anonymous) at (8,2.50) size 17.56x13
                  RenderText {#text} at (0,0) size 18x13
                    text run at (0,0) width 18: "foo"
            RenderTableCell {TD} at (527,105) size 170x18 [r=5 c=4 rs=1 cs=1]
              RenderText {#text} at (1,1) size 106x16
                text run at (1,1) width 106: "(18, 34) (18, 34)"
          RenderTableRow {TR} at (0,124) size 697x21
            RenderTableCell {TD} at (0,125) size 170x18 [r=6 c=0 rs=1 cs=1]
              RenderText {#text} at (1,1) size 112x16
                text run at (1,1) width 112: "padding: 3px 7px"
            RenderTableCell {TD} at (170,124) size 61x21 [r=6 c=1 rs=1 cs=1]
              RenderButton {BUTTON} at (1,1) size 28x19 [bgcolor=#C0C0C0] [border: none (2px outset #C0C0C0) none (2px outset #C0C0C0)]
                RenderBlock (anonymous) at (9,3) size 10x13
                  RenderImage {IMG} at (0,1) size 10x10
            RenderTableCell {TD} at (231,125) size 161x18 [r=6 c=2 rs=1 cs=1]
              RenderText {#text} at (1,1) size 106x16
                text run at (1,1) width 106: "(19, 28) (19, 24)"
            RenderTableCell {TD} at (392,124) size 135x20 [r=6 c=3 rs=1 cs=1]
              RenderButton {INPUT} at (1,1) size 33.56x18 [bgcolor=#C0C0C0]
                RenderBlock (anonymous) at (8,2.50) size 17.56x13
                  RenderText {#text} at (0,0) size 18x13
                    text run at (0,0) width 18: "foo"
            RenderTableCell {TD} at (527,125) size 170x18 [r=6 c=4 rs=1 cs=1]
              RenderText {#text} at (1,1) size 106x16
                text run at (1,1) width 106: "(18, 34) (18, 34)"
          RenderTableRow {TR} at (0,145) size 697x55
            RenderTableCell {TD} at (0,163) size 170x18 [r=7 c=0 rs=1 cs=1]
              RenderText {#text} at (1,1) size 92x16
                text run at (1,1) width 92: "padding: 20px"
            RenderTableCell {TD} at (170,145) size 61x55 [r=7 c=1 rs=1 cs=1]
              RenderButton {BUTTON} at (1,1) size 54x53 [bgcolor=#C0C0C0] [border: none (2px outset #C0C0C0) none (2px outset #C0C0C0)]
                RenderBlock (anonymous) at (22,20) size 10x13
                  RenderImage {IMG} at (0,1) size 10x10
            RenderTableCell {TD} at (231,163) size 161x18 [r=7 c=2 rs=1 cs=1]
              RenderText {#text} at (1,1) size 106x16
                text run at (1,1) width 106: "(53, 54) (53, 50)"
            RenderTableCell {TD} at (392,162) size 135x20 [r=7 c=3 rs=1 cs=1]
              RenderButton {INPUT} at (1,1) size 33.56x18 [bgcolor=#C0C0C0]
                RenderBlock (anonymous) at (8,2.50) size 17.56x13
                  RenderText {#text} at (0,0) size 18x13
                    text run at (0,0) width 18: "foo"
            RenderTableCell {TD} at (527,163) size 170x18 [r=7 c=4 rs=1 cs=1]
              RenderText {#text} at (1,1) size 106x16
                text run at (1,1) width 106: "(18, 34) (18, 34)"
