layer at (0,0) size 800x600
  RenderView at (0,0) size 800x600
layer at (0,0) size 800x600
  RenderBlock {HTML} at (0,0) size 800x600
    RenderBody {BODY} at (8,8) size 470x582
      RenderBlock (anonymous) at (0,0) size 470x272
        RenderText {#text} at (0,0) size 332x16
          text run at (0,0) width 332: "This tests basic inputs. Here's what you should see: "
        RenderBR {BR} at (331,12) size 1x0
        RenderBR {BR} at (0,16) size 0x16
        RenderText {#text} at (0,32) size 462x48
          text run at (0,32) width 445: "first line: the letter \"a\" and then a text input field filled with repeating"
          text run at (0,48) width 86: "\"foobarbaz\", "
          text run at (85,48) width 377: "then the word \"text\" followed by a disabled text input field"
          text run at (0,64) width 336: "filled with \"foo\" and then the letter \"b\" and then \"a\" "
        RenderBR {BR} at (335,76) size 1x0
        RenderBR {BR} at (0,80) size 0x16
        RenderText {#text} at (0,96) size 469x48
          text run at (0,96) width 439: "second line: and then a password input field that's filled and then the"
          text run at (0,112) width 469: "word \"password\" and then a disabled password field that's filled and then"
          text run at (0,128) width 86: "the letter \"b\" "
        RenderBR {BR} at (85,140) size 1x0
        RenderBR {BR} at (0,144) size 0x16
        RenderText {#text} at (0,160) size 459x32
          text run at (0,160) width 459: "third line: the letter \"a\" and then a checkbox (unchecked) with the word"
          text run at (0,176) width 360: "\"checkbox\" and then a disabled checkbox and letter \"b\" "
        RenderBR {BR} at (359,188) size 1x0
        RenderBR {BR} at (0,192) size 0x16
        RenderText {#text} at (0,208) size 457x48
          text run at (0,208) width 411: "fourth line: the last line has the letter \"a\" and then a redio button"
          text run at (0,224) width 457: "(unselected) and then the word \"radio\" and then a disabled radio button"
          text run at (0,240) width 113: "and the letter \"b\" "
        RenderBR {BR} at (112,252) size 1x0
        RenderBR {BR} at (0,256) size 0x16
      RenderBlock {DIV} at (10,282) size 450x40 [border: (1px solid #FF0000)]
        RenderText {#text} at (1,3) size 8x16
          text run at (1,3) width 8: "a"
        RenderTextControl {INPUT} at (8.09,1) size 123x19 [bgcolor=#FFFFFF] [border: (2px inset #EEEEEE)]
        RenderText {#text} at (131,3) size 29x16
          text run at (131,3) width 29: "text "
        RenderTextControl {INPUT} at (159.09,1) size 123x19 [color=#545454] [bgcolor=#FFFFFF] [border: (2px inset #EEEEEE)]
        RenderText {#text} at (282,3) size 20x16
          text run at (282,3) width 13: "b "
          text run at (294,3) width 8: "a"
        RenderTextControl {INPUT} at (301.19,1) size 123x19 [bgcolor=#FFFFFF] [border: (2px inset #EEEEEE)]
        RenderText {#text} at (1,22) size 65x16
          text run at (1,22) width 65: "password "
        RenderTextControl {INPUT} at (65.44,20) size 123x19 [color=#545454] [bgcolor=#FFFFFF] [border: (2px inset #EEEEEE)]
        RenderText {#text} at (188,22) size 9x16
          text run at (188,22) width 9: "b"
      RenderBlock {DIV} at (10,332) size 450x20 [border: (1px solid #FF0000)]
        RenderText {#text} at (1,2) size 8x16
          text run at (1,2) width 8: "a"
        RenderBlock {INPUT} at (11,4) size 12x12
        RenderText {#text} at (25,2) size 67x16
          text run at (25,2) width 67: "checkbox "
        RenderBlock {INPUT} at (94.13,4) size 12x12 [color=#545454]
        RenderText {#text} at (109,2) size 9x16
          text run at (109,2) width 9: "b"
      RenderBlock {DIV} at (10,362) size 450x21 [border: (1px solid #FF0000)]
        RenderText {#text} at (1,3) size 8x16
          text run at (1,3) width 8: "a"
        RenderBlock {INPUT} at (11,4) size 12x13
        RenderText {#text} at (25,3) size 38x16
          text run at (25,3) width 38: "radio "
        RenderBlock {INPUT} at (65.69,4) size 12x13 [color=#545454]
        RenderText {#text} at (80,3) size 9x16
          text run at (80,3) width 9: "b"
layer at (29,294) size 117x13 scrollWidth 164
  RenderBlock {DIV} at (3,3) size 117x13
    RenderText {#text} at (0,0) size 164x13
      text run at (0,0) width 164: "foobarbazfoobarbazfoobarbaz"
layer at (180,294) size 117x13
  RenderBlock {DIV} at (3,3) size 117x13
    RenderText {#text} at (0,0) size 18x13
      text run at (0,0) width 18: "foo"
layer at (322,294) size 117x13
  RenderBlock {DIV} at (3,3) size 117x13
    RenderText {#text} at (0,0) size 19x13
      text run at (0,0) width 19: "\x{2022}\x{2022}\x{2022}"
layer at (86,313) size 117x13
  RenderBlock {DIV} at (3,3) size 117x13
    RenderText {#text} at (0,0) size 19x13
      text run at (0,0) width 19: "\x{2022}\x{2022}\x{2022}"
