layer at (0,0) size 785x1341
  RenderView at (0,0) size 785x600
layer at (0,0) size 785x1341
  RenderBlock {HTML} at (0,0) size 785x1341
    RenderBody {BODY} at (0,0) size 785x1341
      RenderText {#text} at (0,0) size 0x0
layer at (0,0) size 785x698
  RenderPartObject {IFRAME} at (0,0) size 785x698
    layer at (0,0) size 785x698
      RenderView at (0,0) size 785x698
    layer at (0,0) size 785x675
      RenderBlock {HTML} at (0,0) size 785x675
        RenderBody {BODY} at (0,5) size 785x670
          RenderBlock {DIV} at (0,0) size 785x16
            RenderText {#text} at (0,0) size 196x16
              text run at (0,0) width 196: "CompatMode: CSS1Compat"
          RenderBlock (anonymous) at (0,21) size 785x649
            RenderBlock {DIV} at (0,28) size 163x49 [border: (1px solid #0000FF)]
              RenderBlock {SPAN} at (1,10) size 80x0
              RenderBR {BR} at (81,1) size 0x12
            RenderBlock {DIV} at (163,28) size 163x49 [border: (1px solid #0000FF)]
              RenderBlock {SPAN} at (1,1) size 80x12
                RenderText {#text} at (0,0) size 78x12
                  text run at (0,0) width 78: "disabled: \"true\","
              RenderBR {BR} at (81,1) size 0x12
            RenderBlock {DIV} at (326,0) size 179x77 [border: (1px solid #0000FF)]
              RenderBlock {SPAN} at (1,1) size 80x24
                RenderText {#text} at (0,0) size 79x24
                  text run at (0,0) width 26: "style:"
                  text run at (0,12) width 79: "\"padding:10px\","
              RenderBR {BR} at (81,13) size 0x12
            RenderBlock {DIV} at (505,20) size 159x57 [border: (1px solid #0000FF)]
              RenderBlock {SPAN} at (1,1) size 80x24
                RenderText {#text} at (0,0) size 73x24
                  text run at (0,0) width 26: "style:"
                  text run at (0,12) width 73: "\"padding:0px\","
              RenderBR {BR} at (81,13) size 0x12
            RenderBlock {DIV} at (0,105) size 183x81 [border: (1px solid #0000FF)]
              RenderBlock {SPAN} at (1,1) size 80x24
                RenderText {#text} at (0,0) size 75x24
                  text run at (0,0) width 26: "style:"
                  text run at (0,12) width 75: "\"margin:10px\","
              RenderBR {BR} at (81,13) size 0x12
            RenderBlock {DIV} at (183,125) size 163x61 [border: (1px solid #0000FF)]
              RenderBlock {SPAN} at (1,1) size 80x24
                RenderText {#text} at (0,0) size 69x24
                  text run at (0,0) width 26: "style:"
                  text run at (0,12) width 69: "\"margin:0px\","
              RenderBR {BR} at (81,13) size 0x12
            RenderBlock {DIV} at (346,125) size 82x61 [border: (1px solid #0000FF)]
              RenderBlock {SPAN} at (1,1) size 80x24
                RenderText {#text} at (0,0) size 68x24
                  text run at (0,0) width 26: "style:"
                  text run at (0,12) width 68: "\"width:60px\","
              RenderBR {BR} at (81,13) size 0x12
            RenderBlock {DIV} at (428,77) size 104x109 [border: (1px solid #0000FF)]
              RenderBlock {SPAN} at (1,1) size 80x36
                RenderText {#text} at (0,0) size 74x36
                  text run at (0,0) width 26: "style:"
                  text run at (0,12) width 63: "\"width:60px;"
                  text run at (0,24) width 74: "padding:20px\","
              RenderBR {BR} at (81,25) size 0x12
            RenderBlock {DIV} at (532,117) size 82x69 [border: (1px solid #0000FF)]
              RenderBlock {SPAN} at (1,1) size 80x36
                RenderText {#text} at (0,0) size 63x36
                  text run at (0,0) width 26: "style:"
                  text run at (0,12) width 63: "\"width:60px;"
                  text run at (0,24) width 56: "padding:0\","
              RenderBR {BR} at (81,25) size 0x12
            RenderBlock {DIV} at (614,91) size 163x95 [border: (1px solid #0000FF)]
              RenderBlock {SPAN} at (1,1) size 80x24
                RenderText {#text} at (0,0) size 71x24
                  text run at (0,0) width 26: "style:"
                  text run at (0,12) width 71: "\"height:60px\","
              RenderBR {BR} at (81,13) size 0x12
            RenderBlock {DIV} at (0,198) size 82x107 [border: (1px solid #0000FF)]
              RenderBlock {SPAN} at (1,1) size 80x36
                RenderText {#text} at (0,0) size 66x36
                  text run at (0,0) width 26: "style:"
                  text run at (0,12) width 63: "\"width:60px;"
                  text run at (0,24) width 66: "height:60px\","
              RenderBR {BR} at (81,25) size 0x12
            RenderBlock {DIV} at (82,244) size 163x61 [border: (1px solid #0000FF)]
              RenderBlock {SPAN} at (1,1) size 80x24
                RenderText {#text} at (0,0) size 93x24
                  text run at (0,0) width 26: "style:"
                  text run at (0,12) width 93: "\"overflow:hidden\","
              RenderBR {BR} at (81,13) size 0x12
            RenderBlock {DIV} at (245,229) size 163x76 [border: (1px solid #0000FF)]
              RenderBlock {SPAN} at (1,1) size 80x24
                RenderText {#text} at (0,0) size 87x24
                  text run at (0,0) width 26: "style:"
                  text run at (0,12) width 87: "\"overflow:scroll\","
              RenderBR {BR} at (81,13) size 0x12
            RenderBlock {DIV} at (408,186) size 82x119 [border: (1px solid #0000FF)]
              RenderBlock {SPAN} at (1,1) size 80x48
                RenderText {#text} at (0,0) size 88x48
                  text run at (0,0) width 26: "style:"
                  text run at (0,12) width 88: "\"overflow:hidden;"
                  text run at (0,24) width 59: "width:60px;"
                  text run at (0,36) width 66: "height:60px\","
              RenderBR {BR} at (81,37) size 0x12
            RenderBlock {DIV} at (490,186) size 82x119 [border: (1px solid #0000FF)]
              RenderBlock {SPAN} at (1,1) size 80x48
                RenderText {#text} at (0,0) size 82x48
                  text run at (0,0) width 26: "style:"
                  text run at (0,12) width 82: "\"overflow:scroll;"
                  text run at (0,24) width 59: "width:60px;"
                  text run at (0,36) width 66: "height:60px\","
              RenderBR {BR} at (81,37) size 0x12
            RenderBlock {DIV} at (572,198) size 82x107 [border: (1px solid #0000FF)]
              RenderBlock {SPAN} at (1,1) size 80x36
                RenderText {#text} at (0,0) size 74x36
                  text run at (0,0) width 74: "cols: \"5\", style:"
                  text run at (0,12) width 63: "\"width:60px;"
                  text run at (0,24) width 66: "height:60px\","
              RenderBR {BR} at (81,25) size 0x12
            RenderBlock {DIV} at (654,198) size 82x107 [border: (1px solid #0000FF)]
              RenderBlock {SPAN} at (1,1) size 80x36
                RenderText {#text} at (0,0) size 78x36
                  text run at (0,0) width 78: "rows: \"4\", style:"
                  text run at (0,12) width 63: "\"width:60px;"
                  text run at (0,24) width 66: "height:60px\","
              RenderBR {BR} at (81,25) size 0x12
            RenderBlock {DIV} at (0,305) size 82x119 [border: (1px solid #0000FF)]
              RenderBlock {SPAN} at (1,1) size 80x48
                RenderText {#text} at (0,0) size 75x48
                  text run at (0,0) width 75: "cols: \"5\", rows:"
                  text run at (0,12) width 48: "\"4\", style:"
                  text run at (0,24) width 63: "\"width:60px;"
                  text run at (0,36) width 66: "height:60px\","
              RenderBR {BR} at (81,37) size 0x12
            RenderBlock {DIV} at (82,375) size 82x49 [border: (1px solid #0000FF)]
              RenderBlock {SPAN} at (1,1) size 80x12
                RenderText {#text} at (0,0) size 45x12
                  text run at (0,0) width 45: "cols: \"3\","
              RenderBR {BR} at (81,1) size 0x12
            RenderBlock {DIV} at (164,362) size 163x62 [border: (1px solid #0000FF)]
              RenderBlock {SPAN} at (1,1) size 80x12
                RenderText {#text} at (0,0) size 49x12
                  text run at (0,0) width 49: "rows: \"3\","
              RenderBR {BR} at (81,1) size 0x12
            RenderBlock {DIV} at (327,375) size 82x49 [border: (1px solid #0000FF)]
              RenderBlock {SPAN} at (1,1) size 80x12
                RenderText {#text} at (0,0) size 45x12
                  text run at (0,0) width 45: "cols: \"7\","
              RenderBR {BR} at (81,1) size 0x12
            RenderBlock {DIV} at (409,310) size 163x114 [border: (1px solid #0000FF)]
              RenderBlock {SPAN} at (1,1) size 80x12
                RenderText {#text} at (0,0) size 49x12
                  text run at (0,0) width 49: "rows: \"7\","
              RenderBR {BR} at (81,1) size 0x12
            RenderBlock {DIV} at (572,337) size 82x87 [border: (1px solid #0000FF)]
              RenderBlock {SPAN} at (1,1) size 80x24
                RenderText {#text} at (0,0) size 75x24
                  text run at (0,0) width 75: "cols: \"5\", rows:"
                  text run at (0,12) width 19: "\"4\","
              RenderBR {BR} at (81,13) size 0x12
            RenderBlock {DIV} at (0,424) size 163x64 [border: (1px solid #0000FF)]
              RenderBlock {SPAN} at (1,1) size 80x12
                RenderText {#text} at (0,0) size 58x12
                  text run at (0,0) width 58: "wrap: \"off\","
              RenderBR {BR} at (81,1) size 0x12
            RenderBlock {DIV} at (163,439) size 163x49 [border: (1px solid #0000FF)]
              RenderBlock {SPAN} at (1,1) size 80x12
                RenderText {#text} at (0,0) size 65x12
                  text run at (0,0) width 65: "wrap: \"hard\","
              RenderBR {BR} at (81,1) size 0x12
            RenderBlock {DIV} at (326,439) size 163x49 [border: (1px solid #0000FF)]
              RenderBlock {SPAN} at (1,1) size 80x12
                RenderText {#text} at (0,0) size 62x12
                  text run at (0,0) width 62: "wrap: \"soft\","
              RenderBR {BR} at (81,1) size 0x12
            RenderBlock {DIV} at (489,427) size 163x61 [border: (1px solid #0000FF)]
              RenderBlock {SPAN} at (1,1) size 80x24
                RenderText {#text} at (0,0) size 72x24
                  text run at (0,0) width 65: "style: \"white-"
                  text run at (0,12) width 72: "space:normal\","
              RenderBR {BR} at (81,13) size 0x12
            RenderBlock {DIV} at (0,488) size 163x61 [border: (1px solid #0000FF)]
              RenderBlock {SPAN} at (1,1) size 80x24
                RenderText {#text} at (0,0) size 65x24
                  text run at (0,0) width 65: "style: \"white-"
                  text run at (0,12) width 54: "space:pre\","
              RenderBR {BR} at (81,13) size 0x12
            RenderBlock {DIV} at (163,488) size 163x61 [border: (1px solid #0000FF)]
              RenderBlock {SPAN} at (1,1) size 80x24
                RenderText {#text} at (0,0) size 78x24
                  text run at (0,0) width 65: "style: \"white-"
                  text run at (0,12) width 78: "space:prewrap\","
              RenderBR {BR} at (81,13) size 0x12
            RenderBlock {DIV} at (326,488) size 163x61 [border: (1px solid #0000FF)]
              RenderBlock {SPAN} at (1,1) size 80x24
                RenderText {#text} at (0,0) size 74x24
                  text run at (0,0) width 65: "style: \"white-"
                  text run at (0,12) width 74: "space:nowrap\","
              RenderBR {BR} at (81,13) size 0x12
            RenderBlock {DIV} at (489,488) size 163x61 [border: (1px solid #0000FF)]
              RenderBlock {SPAN} at (1,1) size 80x24
                RenderText {#text} at (0,0) size 76x24
                  text run at (0,0) width 65: "style: \"white-"
                  text run at (0,12) width 76: "space:pre-line\","
              RenderBR {BR} at (81,13) size 0x12
            RenderBlock {DIV} at (0,573) size 163x76 [border: (1px solid #0000FF)]
              RenderBlock {SPAN} at (1,1) size 80x24
                RenderText {#text} at (0,0) size 70x24
                  text run at (0,0) width 63: "style: \"word-"
                  text run at (0,12) width 70: "wrap:normal\","
              RenderBR {BR} at (81,13) size 0x12
            RenderBlock {DIV} at (163,549) size 163x100 [border: (1px solid #0000FF)]
              RenderBlock {SPAN} at (1,1) size 80x48
                RenderText {#text} at (0,0) size 65x48
                  text run at (0,0) width 58: "wrap: \"off\","
                  text run at (0,12) width 65: "style: \"white-"
                  text run at (0,24) width 50: "space:pre-"
                  text run at (0,36) width 32: "wrap\","
              RenderBR {BR} at (81,37) size 0x12
    layer at (1,67) size 161x32 clip at (2,68) size 159x30
      RenderTextControl {TEXTAREA} at (1,13) size 161x32 [bgcolor=#FFFFFF] [border: (1px solid #000000)]
        RenderBlock {DIV} at (3,3) size 155x13
          RenderText {#text} at (0,0) size 102x13
            text run at (0,0) width 102: "Lorem ipsum dolor"
    layer at (164,67) size 161x32 clip at (165,68) size 144x30 scrollHeight 56
      RenderTextControl {TEXTAREA} at (1,13) size 161x32 [color=#545454] [bgcolor=#FFFFFF] [border: (1px solid #545454)]
        RenderBlock {DIV} at (3,3) size 140x52
          RenderText {#text} at (0,0) size 138x52
            text run at (0,0) width 105: "Lorem ipsum  dolor"
            text run at (104,0) width 5: " "
            text run at (0,13) width 138: "ABCDEFGHIJKLMNOPQRST"
            text run at (0,26) width 45: "UVWXYZ"
            text run at (44,26) width 5: " "
            text run at (0,39) width 130: "abcdefghijklmnopqrstuv"
    layer at (327,51) size 177x48 clip at (328,52) size 160x46 scrollHeight 72
      RenderTextControl {TEXTAREA} at (1,25) size 177x48 [bgcolor=#FFFFFF] [border: (1px solid #000000)]
        RenderBlock {DIV} at (11,11) size 140x52
          RenderText {#text} at (0,0) size 138x52
            text run at (0,0) width 105: "Lorem ipsum  dolor"
            text run at (104,0) width 5: " "
            text run at (0,13) width 138: "ABCDEFGHIJKLMNOPQRST"
            text run at (0,26) width 45: "UVWXYZ"
            text run at (44,26) width 5: " "
            text run at (0,39) width 130: "abcdefghijklmnopqrstuv"
    layer at (506,71) size 157x28 clip at (507,72) size 140x26 scrollHeight 52
      RenderTextControl {TEXTAREA} at (1,25) size 157x28 [bgcolor=#FFFFFF] [border: (1px solid #000000)]
        RenderBlock {DIV} at (1,1) size 140x52
          RenderText {#text} at (0,0) size 138x52
            text run at (0,0) width 105: "Lorem ipsum  dolor"
            text run at (104,0) width 5: " "
            text run at (0,13) width 138: "ABCDEFGHIJKLMNOPQRST"
            text run at (0,26) width 45: "UVWXYZ"
            text run at (44,26) width 5: " "
            text run at (0,39) width 130: "abcdefghijklmnopqrstuv"
    layer at (11,166) size 161x32 clip at (12,167) size 144x30 scrollHeight 56
      RenderTextControl {TEXTAREA} at (11,35) size 161x32 [bgcolor=#FFFFFF] [border: (1px solid #000000)]
        RenderBlock {DIV} at (3,3) size 140x52
          RenderText {#text} at (0,0) size 138x52
            text run at (0,0) width 105: "Lorem ipsum  dolor"
            text run at (104,0) width 5: " "
            text run at (0,13) width 138: "ABCDEFGHIJKLMNOPQRST"
            text run at (0,26) width 45: "UVWXYZ"
            text run at (44,26) width 5: " "
            text run at (0,39) width 130: "abcdefghijklmnopqrstuv"
    layer at (184,176) size 161x32 clip at (185,177) size 144x30 scrollHeight 56
      RenderTextControl {TEXTAREA} at (1,25) size 161x32 [bgcolor=#FFFFFF] [border: (1px solid #000000)]
        RenderBlock {DIV} at (3,3) size 140x52
          RenderText {#text} at (0,0) size 138x52
            text run at (0,0) width 105: "Lorem ipsum  dolor"
            text run at (104,0) width 5: " "
            text run at (0,13) width 138: "ABCDEFGHIJKLMNOPQRST"
            text run at (0,26) width 45: "UVWXYZ"
            text run at (44,26) width 5: " "
            text run at (0,39) width 130: "abcdefghijklmnopqrstuv"
    layer at (347,176) size 66x32 clip at (348,177) size 49x30 scrollHeight 160
      RenderTextControl {TEXTAREA} at (1,25) size 66x32 [bgcolor=#FFFFFF] [border: (1px solid #000000)]
        RenderBlock {DIV} at (3,3) size 45x156
          RenderText {#text} at (0,0) size 45x156
            text run at (0,0) width 34: "Lorem"
            text run at (33,0) width 5: " "
            text run at (0,13) width 33: "ipsum"
            text run at (32,13) width 8: "  "
            text run at (0,26) width 29: "dolor"
            text run at (28,26) width 4: " "
            text run at (0,39) width 42: "ABCDEF"
            text run at (0,52) width 36: "GHIJKL"
            text run at (0,65) width 41: "MNOPQ"
            text run at (0,78) width 45: "RSTUVW"
            text run at (0,91) width 21: "XYZ"
            text run at (20,91) width 4: " "
            text run at (0,104) width 43: "abcdefg"
            text run at (0,117) width 41: "hijklmn"
            text run at (0,130) width 42: "opqrstu"
            text run at (0,143) width 6: "v"
    layer at (429,140) size 102x68 clip at (430,141) size 85x66 scrollHeight 196
      RenderTextControl {TEXTAREA} at (1,37) size 102x68 [bgcolor=#FFFFFF] [border: (1px solid #000000)]
        RenderBlock {DIV} at (21,21) size 45x156
          RenderText {#text} at (0,0) size 45x156
            text run at (0,0) width 34: "Lorem"
            text run at (33,0) width 5: " "
            text run at (0,13) width 33: "ipsum"
            text run at (32,13) width 8: "  "
            text run at (0,26) width 29: "dolor"
            text run at (28,26) width 4: " "
            text run at (0,39) width 42: "ABCDEF"
            text run at (0,52) width 36: "GHIJKL"
            text run at (0,65) width 41: "MNOPQ"
            text run at (0,78) width 45: "RSTUVW"
            text run at (0,91) width 21: "XYZ"
            text run at (20,91) width 4: " "
            text run at (0,104) width 43: "abcdefg"
            text run at (0,117) width 41: "hijklmn"
            text run at (0,130) width 42: "opqrstu"
            text run at (0,143) width 6: "v"
    layer at (533,180) size 62x28 clip at (534,181) size 45x26 scrollHeight 156
      RenderTextControl {TEXTAREA} at (1,37) size 62x28 [bgcolor=#FFFFFF] [border: (1px solid #000000)]
        RenderBlock {DIV} at (1,1) size 45x156
          RenderText {#text} at (0,0) size 45x156
            text run at (0,0) width 34: "Lorem"
            text run at (33,0) width 5: " "
            text run at (0,13) width 33: "ipsum"
            text run at (32,13) width 8: "  "
            text run at (0,26) width 29: "dolor"
            text run at (28,26) width 4: " "
            text run at (0,39) width 42: "ABCDEF"
            text run at (0,52) width 36: "GHIJKL"
            text run at (0,65) width 41: "MNOPQ"
            text run at (0,78) width 45: "RSTUVW"
            text run at (0,91) width 21: "XYZ"
            text run at (20,91) width 4: " "
            text run at (0,104) width 43: "abcdefg"
            text run at (0,117) width 41: "hijklmn"
            text run at (0,130) width 42: "opqrstu"
            text run at (0,143) width 6: "v"
    layer at (615,142) size 161x66 clip at (616,143) size 159x64
      RenderTextControl {TEXTAREA} at (1,25) size 161x66 [bgcolor=#FFFFFF] [border: (1px solid #000000)]
        RenderBlock {DIV} at (3,3) size 155x52
          RenderText {#text} at (0,0) size 153x52
            text run at (0,0) width 105: "Lorem ipsum  dolor"
            text run at (104,0) width 5: " "
            text run at (0,13) width 153: "ABCDEFGHIJKLMNOPQRSTUV"
            text run at (0,26) width 30: "WXYZ"
            text run at (29,26) width 5: " "
            text run at (0,39) width 130: "abcdefghijklmnopqrstuv"
    layer at (1,261) size 66x66 clip at (2,262) size 49x64 scrollHeight 160
      RenderTextControl {TEXTAREA} at (1,37) size 66x66 [bgcolor=#FFFFFF] [border: (1px solid #000000)]
        RenderBlock {DIV} at (3,3) size 45x156
          RenderText {#text} at (0,0) size 45x156
            text run at (0,0) width 34: "Lorem"
            text run at (33,0) width 5: " "
            text run at (0,13) width 33: "ipsum"
            text run at (32,13) width 8: "  "
            text run at (0,26) width 29: "dolor"
            text run at (28,26) width 4: " "
            text run at (0,39) width 42: "ABCDEF"
            text run at (0,52) width 36: "GHIJKL"
            text run at (0,65) width 41: "MNOPQ"
            text run at (0,78) width 45: "RSTUVW"
            text run at (0,91) width 21: "XYZ"
            text run at (20,91) width 4: " "
            text run at (0,104) width 43: "abcdefg"
            text run at (0,117) width 41: "hijklmn"
            text run at (0,130) width 42: "opqrstu"
            text run at (0,143) width 6: "v"
    layer at (83,295) size 161x32 clip at (84,296) size 159x30 scrollHeight 56
      RenderTextControl {TEXTAREA} at (1,25) size 161x32 [bgcolor=#FFFFFF] [border: (1px solid #000000)]
        RenderBlock {DIV} at (3,3) size 155x52
          RenderText {#text} at (0,0) size 153x52
            text run at (0,0) width 105: "Lorem ipsum  dolor"
            text run at (104,0) width 5: " "
            text run at (0,13) width 153: "ABCDEFGHIJKLMNOPQRSTUV"
            text run at (0,26) width 30: "WXYZ"
            text run at (29,26) width 5: " "
            text run at (0,39) width 130: "abcdefghijklmnopqrstuv"
    layer at (246,280) size 161x47 clip at (247,281) size 144x30 scrollHeight 56
      RenderTextControl {TEXTAREA} at (1,25) size 161x47 [bgcolor=#FFFFFF] [border: (1px solid #000000)]
        RenderBlock {DIV} at (3,3) size 140x52
          RenderText {#text} at (0,0) size 138x52
            text run at (0,0) width 105: "Lorem ipsum  dolor"
            text run at (104,0) width 5: " "
            text run at (0,13) width 138: "ABCDEFGHIJKLMNOPQRST"
            text run at (0,26) width 45: "UVWXYZ"
            text run at (44,26) width 5: " "
            text run at (0,39) width 130: "abcdefghijklmnopqrstuv"
    layer at (409,261) size 66x66 clip at (410,262) size 64x64 scrollHeight 134
      RenderTextControl {TEXTAREA} at (1,49) size 66x66 [bgcolor=#FFFFFF] [border: (1px solid #000000)]
        RenderBlock {DIV} at (3,3) size 60x130
          RenderText {#text} at (0,0) size 60x130
            text run at (0,0) width 34: "Lorem"
            text run at (33,0) width 5: " "
            text run at (0,13) width 33: "ipsum"
            text run at (32,13) width 8: "  "
            text run at (0,26) width 29: "dolor"
            text run at (28,26) width 4: " "
            text run at (0,39) width 58: "ABCDEFGH"
            text run at (0,52) width 52: "IJKLMNOP"
            text run at (0,65) width 60: "QRSTUVWX"
            text run at (0,78) width 14: "YZ"
            text run at (13,78) width 4: " "
            text run at (0,91) width 56: "abcdefghij"
            text run at (0,104) width 58: "klmnopqrs"
            text run at (0,117) width 17: "tuv"
    layer at (491,261) size 66x66 clip at (492,262) size 49x49 scrollHeight 160
      RenderTextControl {TEXTAREA} at (1,49) size 66x66 [bgcolor=#FFFFFF] [border: (1px solid #000000)]
        RenderBlock {DIV} at (3,3) size 45x156
          RenderText {#text} at (0,0) size 45x156
            text run at (0,0) width 34: "Lorem"
            text run at (33,0) width 5: " "
            text run at (0,13) width 33: "ipsum"
            text run at (32,13) width 8: "  "
            text run at (0,26) width 29: "dolor"
            text run at (28,26) width 4: " "
            text run at (0,39) width 42: "ABCDEF"
            text run at (0,52) width 36: "GHIJKL"
            text run at (0,65) width 41: "MNOPQ"
            text run at (0,78) width 45: "RSTUVW"
            text run at (0,91) width 21: "XYZ"
            text run at (20,91) width 4: " "
            text run at (0,104) width 43: "abcdefg"
            text run at (0,117) width 41: "hijklmn"
            text run at (0,130) width 42: "opqrstu"
            text run at (0,143) width 6: "v"
    layer at (573,261) size 66x66 clip at (574,262) size 49x64 scrollHeight 160
      RenderTextControl {TEXTAREA} at (1,37) size 66x66 [bgcolor=#FFFFFF] [border: (1px solid #000000)]
        RenderBlock {DIV} at (3,3) size 45x156
          RenderText {#text} at (0,0) size 45x156
            text run at (0,0) width 34: "Lorem"
            text run at (33,0) width 5: " "
            text run at (0,13) width 33: "ipsum"
            text run at (32,13) width 8: "  "
            text run at (0,26) width 29: "dolor"
            text run at (28,26) width 4: " "
            text run at (0,39) width 42: "ABCDEF"
            text run at (0,52) width 36: "GHIJKL"
            text run at (0,65) width 41: "MNOPQ"
            text run at (0,78) width 45: "RSTUVW"
            text run at (0,91) width 21: "XYZ"
            text run at (20,91) width 4: " "
            text run at (0,104) width 43: "abcdefg"
            text run at (0,117) width 41: "hijklmn"
            text run at (0,130) width 42: "opqrstu"
            text run at (0,143) width 6: "v"
    layer at (655,261) size 66x66 clip at (656,262) size 49x64 scrollHeight 160
      RenderTextControl {TEXTAREA} at (1,37) size 66x66 [bgcolor=#FFFFFF] [border: (1px solid #000000)]
        RenderBlock {DIV} at (3,3) size 45x156
          RenderText {#text} at (0,0) size 45x156
            text run at (0,0) width 34: "Lorem"
            text run at (33,0) width 5: " "
            text run at (0,13) width 33: "ipsum"
            text run at (32,13) width 8: "  "
            text run at (0,26) width 29: "dolor"
            text run at (28,26) width 4: " "
            text run at (0,39) width 42: "ABCDEF"
            text run at (0,52) width 36: "GHIJKL"
            text run at (0,65) width 41: "MNOPQ"
            text run at (0,78) width 45: "RSTUVW"
            text run at (0,91) width 21: "XYZ"
            text run at (20,91) width 4: " "
            text run at (0,104) width 43: "abcdefg"
            text run at (0,117) width 41: "hijklmn"
            text run at (0,130) width 42: "opqrstu"
            text run at (0,143) width 6: "v"
    layer at (1,380) size 66x66 clip at (2,381) size 49x64 scrollHeight 160
      RenderTextControl {TEXTAREA} at (1,49) size 66x66 [bgcolor=#FFFFFF] [border: (1px solid #000000)]
        RenderBlock {DIV} at (3,3) size 45x156
          RenderText {#text} at (0,0) size 45x156
            text run at (0,0) width 34: "Lorem"
            text run at (33,0) width 5: " "
            text run at (0,13) width 33: "ipsum"
            text run at (32,13) width 8: "  "
            text run at (0,26) width 29: "dolor"
            text run at (28,26) width 4: " "
            text run at (0,39) width 42: "ABCDEF"
            text run at (0,52) width 36: "GHIJKL"
            text run at (0,65) width 41: "MNOPQ"
            text run at (0,78) width 45: "RSTUVW"
            text run at (0,91) width 21: "XYZ"
            text run at (20,91) width 4: " "
            text run at (0,104) width 43: "abcdefg"
            text run at (0,117) width 41: "hijklmn"
            text run at (0,130) width 42: "opqrstu"
            text run at (0,143) width 6: "v"
    layer at (83,414) size 42x32 clip at (84,415) size 25x30 scrollHeight 316
      RenderTextControl {TEXTAREA} at (1,13) size 42x32 [bgcolor=#FFFFFF] [border: (1px solid #000000)]
        RenderBlock {DIV} at (3,3) size 21x312
          RenderText {#text} at (0,0) size 21x312
            text run at (0,0) width 18: "Lor"
            text run at (0,13) width 17: "em"
            text run at (16,13) width 4: " "
            text run at (0,26) width 16: "ips"
            text run at (0,39) width 18: "um"
            text run at (17,39) width 4: "  "
            text run at (0,52) width 17: "dol"
            text run at (0,65) width 12: "or"
            text run at (11,65) width 4: " "
            text run at (0,78) width 14: "AB"
            text run at (0,91) width 16: "CD"
            text run at (0,104) width 20: "EFG"
            text run at (0,117) width 15: "HIJ"
            text run at (0,130) width 14: "KL"
            text run at (0,143) width 18: "MN"
            text run at (0,156) width 15: "OP"
            text run at (0,169) width 16: "QR"
            text run at (0,182) width 21: "STU"
            text run at (0,195) width 17: "VW"
            text run at (0,208) width 21: "XYZ"
            text run at (20,208) width 1: " "
            text run at (0,221) width 19: "abc"
            text run at (0,234) width 18: "def"
            text run at (0,247) width 21: "ghij"
            text run at (0,260) width 20: "klm"
            text run at (0,273) width 21: "nop"
            text run at (0,286) width 18: "qrs"
            text run at (0,299) width 17: "tuv"
    layer at (165,401) size 161x45 clip at (166,402) size 144x43 scrollHeight 56
      RenderTextControl {TEXTAREA} at (1,13) size 161x45 [bgcolor=#FFFFFF] [border: (1px solid #000000)]
        RenderBlock {DIV} at (3,3) size 140x52
          RenderText {#text} at (0,0) size 138x52
            text run at (0,0) width 105: "Lorem ipsum  dolor"
            text run at (104,0) width 5: " "
            text run at (0,13) width 138: "ABCDEFGHIJKLMNOPQRST"
            text run at (0,26) width 45: "UVWXYZ"
            text run at (44,26) width 5: " "
            text run at (0,39) width 130: "abcdefghijklmnopqrstuv"
    layer at (328,414) size 70x32 clip at (329,415) size 53x30 scrollHeight 147
      RenderTextControl {TEXTAREA} at (1,13) size 70x32 [bgcolor=#FFFFFF] [border: (1px solid #000000)]
        RenderBlock {DIV} at (3,3) size 49x143
          RenderText {#text} at (0,0) size 47x143
            text run at (0,0) width 34: "Lorem"
            text run at (33,0) width 5: " "
            text run at (0,13) width 33: "ipsum"
            text run at (32,13) width 8: "  "
            text run at (0,26) width 29: "dolor"
            text run at (28,26) width 4: " "
            text run at (0,39) width 42: "ABCDEF"
            text run at (0,52) width 46: "GHIJKLM"
            text run at (0,65) width 45: "NOPQRS"
            text run at (0,78) width 45: "TUVWXY"
            text run at (0,91) width 7: "Z"
            text run at (6,91) width 5: " "
            text run at (0,104) width 43: "abcdefg"
            text run at (0,117) width 47: "hijklmno"
            text run at (0,130) width 41: "pqrstuv"
    layer at (410,349) size 161x97 clip at (411,350) size 159x95
      RenderTextControl {TEXTAREA} at (1,13) size 161x97 [bgcolor=#FFFFFF] [border: (1px solid #000000)]
        RenderBlock {DIV} at (3,3) size 155x52
          RenderText {#text} at (0,0) size 153x52
            text run at (0,0) width 105: "Lorem ipsum  dolor"
            text run at (104,0) width 5: " "
            text run at (0,13) width 153: "ABCDEFGHIJKLMNOPQRSTUV"
            text run at (0,26) width 30: "WXYZ"
            text run at (29,26) width 5: " "
            text run at (0,39) width 130: "abcdefghijklmnopqrstuv"
    layer at (573,388) size 56x58 clip at (574,389) size 39x56 scrollHeight 186
      RenderTextControl {TEXTAREA} at (1,25) size 56x58 [bgcolor=#FFFFFF] [border: (1px solid #000000)]
        RenderBlock {DIV} at (3,3) size 35x182
          RenderText {#text} at (0,0) size 35x182
            text run at (0,0) width 34: "Lorem"
            text run at (33,0) width 2: " "
            text run at (0,13) width 33: "ipsum"
            text run at (0,26) width 7: "  "
            text run at (0,39) width 29: "dolor"
            text run at (28,39) width 4: " "
            text run at (0,52) width 30: "ABCD"
            text run at (0,65) width 35: "EFGHIJ"
            text run at (0,78) width 31: "KLMN"
            text run at (0,91) width 31: "OPQR"
            text run at (0,104) width 28: "STUV"
            text run at (0,117) width 30: "WXYZ"
            text run at (29,117) width 5: " "
            text run at (0,130) width 32: "abcde"
            text run at (0,143) width 34: "fghijkl"
            text run at (0,156) width 31: "mnop"
            text run at (0,169) width 34: "qrstuv"
    layer at (1,463) size 161x47 clip at (2,464) size 159x30 scrollWidth 426
      RenderTextControl {TEXTAREA} at (1,13) size 161x47 [bgcolor=#FFFFFF] [border: (1px solid #000000)]
        RenderBlock {DIV} at (3,3) size 155x13
          RenderText {#text} at (0,0) size 425x13
            text run at (0,0) width 425: "Lorem ipsum  dolor ABCDEFGHIJKLMNOPQRSTUVWXYZ abcdefghijklmnopqrstuv"
    layer at (164,478) size 161x32 clip at (165,479) size 144x30 scrollHeight 56
      RenderTextControl {TEXTAREA} at (1,13) size 161x32 [bgcolor=#FFFFFF] [border: (1px solid #000000)]
        RenderBlock {DIV} at (3,3) size 140x52
          RenderText {#text} at (0,0) size 138x52
            text run at (0,0) width 105: "Lorem ipsum  dolor"
            text run at (104,0) width 5: " "
            text run at (0,13) width 138: "ABCDEFGHIJKLMNOPQRST"
            text run at (0,26) width 45: "UVWXYZ"
            text run at (44,26) width 5: " "
            text run at (0,39) width 130: "abcdefghijklmnopqrstuv"
    layer at (327,478) size 161x32 clip at (328,479) size 144x30 scrollHeight 56
      RenderTextControl {TEXTAREA} at (1,13) size 161x32 [bgcolor=#FFFFFF] [border: (1px solid #000000)]
        RenderBlock {DIV} at (3,3) size 140x52
          RenderText {#text} at (0,0) size 138x52
            text run at (0,0) width 105: "Lorem ipsum  dolor"
            text run at (104,0) width 5: " "
            text run at (0,13) width 138: "ABCDEFGHIJKLMNOPQRST"
            text run at (0,26) width 45: "UVWXYZ"
            text run at (44,26) width 5: " "
            text run at (0,39) width 130: "abcdefghijklmnopqrstuv"
    layer at (490,478) size 161x32 clip at (491,479) size 144x30 scrollHeight 56
      RenderTextControl {TEXTAREA} at (1,25) size 161x32 [bgcolor=#FFFFFF] [border: (1px solid #000000)]
        RenderBlock {DIV} at (3,3) size 140x52
          RenderText {#text} at (0,0) size 138x52
            text run at (0,0) width 74: "Lorem ipsum "
            text run at (73,0) width 29: "dolor"
            text run at (0,13) width 138: "ABCDEFGHIJKLMNOPQRST"
            text run at (0,26) width 45: "UVWXYZ"
            text run at (0,39) width 130: "abcdefghijklmnopqrstuv"
    layer at (1,539) size 161x32 clip at (2,540) size 144x30 scrollHeight 56
      RenderTextControl {TEXTAREA} at (1,25) size 161x32 [bgcolor=#FFFFFF] [border: (1px solid #000000)]
        RenderBlock {DIV} at (3,3) size 140x52
          RenderText {#text} at (0,0) size 140x52
            text run at (0,0) width 139: "Lorem ipsum  dolor ABCD"
            text run at (0,13) width 140: "EFGHIJKLMNOPQRSTUVWX"
            text run at (0,26) width 135: "YZ abcdefghijklmnopqrst"
            text run at (0,39) width 13: "uv"
    layer at (164,539) size 161x32 clip at (165,540) size 144x30 scrollHeight 56
      RenderTextControl {TEXTAREA} at (1,25) size 161x32 [bgcolor=#FFFFFF] [border: (1px solid #000000)]
        RenderBlock {DIV} at (3,3) size 140x52
          RenderText {#text} at (0,0) size 138x52
            text run at (0,0) width 105: "Lorem ipsum  dolor"
            text run at (104,0) width 5: " "
            text run at (0,13) width 138: "ABCDEFGHIJKLMNOPQRST"
            text run at (0,26) width 45: "UVWXYZ"
            text run at (44,26) width 5: " "
            text run at (0,39) width 130: "abcdefghijklmnopqrstuv"
    layer at (327,539) size 161x32 clip at (328,540) size 144x15 scrollWidth 423 scrollHeight 17
      RenderTextControl {TEXTAREA} at (1,25) size 161x32 [bgcolor=#FFFFFF] [border: (1px solid #000000)]
        RenderBlock {DIV} at (3,3) size 155x13
          RenderText {#text} at (0,0) size 421x13
            text run at (0,0) width 74: "Lorem ipsum "
            text run at (73,0) width 348: "dolor ABCDEFGHIJKLMNOPQRSTUVWXYZ abcdefghijklmnopqrstuv"
    layer at (490,539) size 161x32 clip at (491,540) size 144x30 scrollHeight 56
      RenderTextControl {TEXTAREA} at (1,25) size 161x32 [bgcolor=#FFFFFF] [border: (1px solid #000000)]
        RenderBlock {DIV} at (3,3) size 140x52
          RenderText {#text} at (0,0) size 138x52
            text run at (0,0) width 74: "Lorem ipsum "
            text run at (73,0) width 29: "dolor"
            text run at (0,13) width 138: "ABCDEFGHIJKLMNOPQRST"
            text run at (0,26) width 45: "UVWXYZ"
            text run at (0,39) width 130: "abcdefghijklmnopqrstuv"
    layer at (1,624) size 161x47 clip at (2,625) size 144x30 scrollWidth 185 scrollHeight 43
      RenderTextControl {TEXTAREA} at (1,25) size 161x47 [bgcolor=#FFFFFF] [border: (1px solid #000000)]
        RenderBlock {DIV} at (3,3) size 155x39
          RenderText {#text} at (0,0) size 183x39
            text run at (0,0) width 105: "Lorem ipsum  dolor"
            text run at (104,0) width 5: " "
            text run at (0,13) width 183: "ABCDEFGHIJKLMNOPQRSTUVWXYZ"
            text run at (0,26) width 134: " abcdefghijklmnopqrstuv"
    layer at (164,624) size 161x47 clip at (165,625) size 144x30 scrollWidth 185 scrollHeight 43
      RenderTextControl {TEXTAREA} at (1,49) size 161x47 [bgcolor=#FFFFFF] [border: (1px solid #000000)]
        RenderBlock {DIV} at (3,3) size 155x39
          RenderText {#text} at (0,0) size 183x39
            text run at (0,0) width 105: "Lorem ipsum  dolor"
            text run at (104,0) width 5: " "
            text run at (0,13) width 183: "ABCDEFGHIJKLMNOPQRSTUVWXYZ"
            text run at (0,26) width 134: " abcdefghijklmnopqrstuv"
layer at (0,698) size 785x643
  RenderPartObject {IFRAME} at (0,698) size 785x643
    layer at (0,0) size 785x643
      RenderView at (0,0) size 785x643
    layer at (0,0) size 785x643
      RenderBlock {HTML} at (0,0) size 785x643
        RenderBody {BODY} at (0,5) size 785x638
          RenderBlock {DIV} at (0,0) size 785x16
            RenderText {#text} at (0,0) size 194x16
              text run at (0,0) width 194: "CompatMode: BackCompat"
          RenderBlock (anonymous) at (0,21) size 785x617
            RenderBlock {DIV} at (0,40) size 163x34 [border: (1px solid #0000FF)]
              RenderBlock {SPAN} at (1,1) size 80x0
              RenderBR {BR} at (81,1) size 0x0
            RenderBlock {DIV} at (163,28) size 163x46 [border: (1px solid #0000FF)]
              RenderBlock {SPAN} at (1,1) size 80x12
                RenderText {#text} at (0,0) size 78x12
                  text run at (0,0) width 78: "disabled: \"true\","
              RenderBR {BR} at (81,10) size 0x0
            RenderBlock {DIV} at (326,0) size 179x74 [border: (1px solid #0000FF)]
              RenderBlock {SPAN} at (1,1) size 80x24
                RenderText {#text} at (0,0) size 79x24
                  text run at (0,0) width 26: "style:"
                  text run at (0,12) width 79: "\"padding:10px\","
              RenderBR {BR} at (81,22) size 0x0
            RenderBlock {DIV} at (505,20) size 159x54 [border: (1px solid #0000FF)]
              RenderBlock {SPAN} at (1,1) size 80x24
                RenderText {#text} at (0,0) size 73x24
                  text run at (0,0) width 26: "style:"
                  text run at (0,12) width 73: "\"padding:0px\","
              RenderBR {BR} at (81,22) size 0x0
            RenderBlock {DIV} at (0,102) size 183x78 [border: (1px solid #0000FF)]
              RenderBlock {SPAN} at (1,1) size 80x24
                RenderText {#text} at (0,0) size 75x24
                  text run at (0,0) width 26: "style:"
                  text run at (0,12) width 75: "\"margin:10px\","
              RenderBR {BR} at (81,22) size 0x0
            RenderBlock {DIV} at (183,122) size 163x58 [border: (1px solid #0000FF)]
              RenderBlock {SPAN} at (1,1) size 80x24
                RenderText {#text} at (0,0) size 69x24
                  text run at (0,0) width 26: "style:"
                  text run at (0,12) width 69: "\"margin:0px\","
              RenderBR {BR} at (81,22) size 0x0
            RenderBlock {DIV} at (346,122) size 82x58 [border: (1px solid #0000FF)]
              RenderBlock {SPAN} at (1,1) size 80x24
                RenderText {#text} at (0,0) size 68x24
                  text run at (0,0) width 26: "style:"
                  text run at (0,12) width 68: "\"width:60px\","
              RenderBR {BR} at (81,22) size 0x0
            RenderBlock {DIV} at (428,74) size 82x106 [border: (1px solid #0000FF)]
              RenderBlock {SPAN} at (1,1) size 80x36
                RenderText {#text} at (0,0) size 74x36
                  text run at (0,0) width 26: "style:"
                  text run at (0,12) width 63: "\"width:60px;"
                  text run at (0,24) width 74: "padding:20px\","
              RenderBR {BR} at (81,34) size 0x0
            RenderBlock {DIV} at (510,114) size 82x66 [border: (1px solid #0000FF)]
              RenderBlock {SPAN} at (1,1) size 80x36
                RenderText {#text} at (0,0) size 63x36
                  text run at (0,0) width 26: "style:"
                  text run at (0,12) width 63: "\"width:60px;"
                  text run at (0,24) width 56: "padding:0\","
              RenderBR {BR} at (81,34) size 0x0
            RenderBlock {DIV} at (592,94) size 163x86 [border: (1px solid #0000FF)]
              RenderBlock {SPAN} at (1,1) size 80x24
                RenderText {#text} at (0,0) size 71x24
                  text run at (0,0) width 26: "style:"
                  text run at (0,12) width 71: "\"height:60px\","
              RenderBR {BR} at (81,22) size 0x0
            RenderBlock {DIV} at (0,192) size 82x98 [border: (1px solid #0000FF)]
              RenderBlock {SPAN} at (1,1) size 80x36
                RenderText {#text} at (0,0) size 66x36
                  text run at (0,0) width 26: "style:"
                  text run at (0,12) width 63: "\"width:60px;"
                  text run at (0,24) width 66: "height:60px\","
              RenderBR {BR} at (81,34) size 0x0
            RenderBlock {DIV} at (82,232) size 163x58 [border: (1px solid #0000FF)]
              RenderBlock {SPAN} at (1,1) size 80x24
                RenderText {#text} at (0,0) size 93x24
                  text run at (0,0) width 26: "style:"
                  text run at (0,12) width 93: "\"overflow:hidden\","
              RenderBR {BR} at (81,22) size 0x0
            RenderBlock {DIV} at (245,217) size 163x73 [border: (1px solid #0000FF)]
              RenderBlock {SPAN} at (1,1) size 80x24
                RenderText {#text} at (0,0) size 87x24
                  text run at (0,0) width 26: "style:"
                  text run at (0,12) width 87: "\"overflow:scroll\","
              RenderBR {BR} at (81,22) size 0x0
            RenderBlock {DIV} at (408,180) size 82x110 [border: (1px solid #0000FF)]
              RenderBlock {SPAN} at (1,1) size 80x48
                RenderText {#text} at (0,0) size 88x48
                  text run at (0,0) width 26: "style:"
                  text run at (0,12) width 88: "\"overflow:hidden;"
                  text run at (0,24) width 59: "width:60px;"
                  text run at (0,36) width 66: "height:60px\","
              RenderBR {BR} at (81,46) size 0x0
            RenderBlock {DIV} at (490,180) size 82x110 [border: (1px solid #0000FF)]
              RenderBlock {SPAN} at (1,1) size 80x48
                RenderText {#text} at (0,0) size 82x48
                  text run at (0,0) width 26: "style:"
                  text run at (0,12) width 82: "\"overflow:scroll;"
                  text run at (0,24) width 59: "width:60px;"
                  text run at (0,36) width 66: "height:60px\","
              RenderBR {BR} at (81,46) size 0x0
            RenderBlock {DIV} at (572,192) size 82x98 [border: (1px solid #0000FF)]
              RenderBlock {SPAN} at (1,1) size 80x36
                RenderText {#text} at (0,0) size 74x36
                  text run at (0,0) width 74: "cols: \"5\", style:"
                  text run at (0,12) width 63: "\"width:60px;"
                  text run at (0,24) width 66: "height:60px\","
              RenderBR {BR} at (81,34) size 0x0
            RenderBlock {DIV} at (654,192) size 82x98 [border: (1px solid #0000FF)]
              RenderBlock {SPAN} at (1,1) size 80x36
                RenderText {#text} at (0,0) size 78x36
                  text run at (0,0) width 78: "rows: \"4\", style:"
                  text run at (0,12) width 63: "\"width:60px;"
                  text run at (0,24) width 66: "height:60px\","
              RenderBR {BR} at (81,34) size 0x0
            RenderBlock {DIV} at (0,291) size 82x110 [border: (1px solid #0000FF)]
              RenderBlock {SPAN} at (1,1) size 80x48
                RenderText {#text} at (0,0) size 75x48
                  text run at (0,0) width 75: "cols: \"5\", rows:"
                  text run at (0,12) width 48: "\"4\", style:"
                  text run at (0,24) width 63: "\"width:60px;"
                  text run at (0,36) width 66: "height:60px\","
              RenderBR {BR} at (81,46) size 0x0
            RenderBlock {DIV} at (82,355) size 82x46 [border: (1px solid #0000FF)]
              RenderBlock {SPAN} at (1,1) size 80x12
                RenderText {#text} at (0,0) size 45x12
                  text run at (0,0) width 45: "cols: \"3\","
              RenderBR {BR} at (81,10) size 0x0
            RenderBlock {DIV} at (164,342) size 163x59 [border: (1px solid #0000FF)]
              RenderBlock {SPAN} at (1,1) size 80x12
                RenderText {#text} at (0,0) size 49x12
                  text run at (0,0) width 49: "rows: \"3\","
              RenderBR {BR} at (81,10) size 0x0
            RenderBlock {DIV} at (327,355) size 82x46 [border: (1px solid #0000FF)]
              RenderBlock {SPAN} at (1,1) size 80x12
                RenderText {#text} at (0,0) size 45x12
                  text run at (0,0) width 45: "cols: \"7\","
              RenderBR {BR} at (81,10) size 0x0
            RenderBlock {DIV} at (409,290) size 163x111 [border: (1px solid #0000FF)]
              RenderBlock {SPAN} at (1,1) size 80x12
                RenderText {#text} at (0,0) size 49x12
                  text run at (0,0) width 49: "rows: \"7\","
              RenderBR {BR} at (81,10) size 0x0
            RenderBlock {DIV} at (572,317) size 82x84 [border: (1px solid #0000FF)]
              RenderBlock {SPAN} at (1,1) size 80x24
                RenderText {#text} at (0,0) size 75x24
                  text run at (0,0) width 75: "cols: \"5\", rows:"
                  text run at (0,12) width 19: "\"4\","
              RenderBR {BR} at (81,22) size 0x0
            RenderBlock {DIV} at (0,401) size 163x61 [border: (1px solid #0000FF)]
              RenderBlock {SPAN} at (1,1) size 80x12
                RenderText {#text} at (0,0) size 58x12
                  text run at (0,0) width 58: "wrap: \"off\","
              RenderBR {BR} at (81,10) size 0x0
            RenderBlock {DIV} at (163,416) size 163x46 [border: (1px solid #0000FF)]
              RenderBlock {SPAN} at (1,1) size 80x12
                RenderText {#text} at (0,0) size 65x12
                  text run at (0,0) width 65: "wrap: \"hard\","
              RenderBR {BR} at (81,10) size 0x0
            RenderBlock {DIV} at (326,416) size 163x46 [border: (1px solid #0000FF)]
              RenderBlock {SPAN} at (1,1) size 80x12
                RenderText {#text} at (0,0) size 62x12
                  text run at (0,0) width 62: "wrap: \"soft\","
              RenderBR {BR} at (81,10) size 0x0
            RenderBlock {DIV} at (489,404) size 163x58 [border: (1px solid #0000FF)]
              RenderBlock {SPAN} at (1,1) size 80x24
                RenderText {#text} at (0,0) size 72x24
                  text run at (0,0) width 65: "style: \"white-"
                  text run at (0,12) width 72: "space:normal\","
              RenderBR {BR} at (81,22) size 0x0
            RenderBlock {DIV} at (0,462) size 163x58 [border: (1px solid #0000FF)]
              RenderBlock {SPAN} at (1,1) size 80x24
                RenderText {#text} at (0,0) size 65x24
                  text run at (0,0) width 65: "style: \"white-"
                  text run at (0,12) width 54: "space:pre\","
              RenderBR {BR} at (81,22) size 0x0
            RenderBlock {DIV} at (163,462) size 163x58 [border: (1px solid #0000FF)]
              RenderBlock {SPAN} at (1,1) size 80x24
                RenderText {#text} at (0,0) size 78x24
                  text run at (0,0) width 65: "style: \"white-"
                  text run at (0,12) width 78: "space:prewrap\","
              RenderBR {BR} at (81,22) size 0x0
            RenderBlock {DIV} at (326,462) size 163x58 [border: (1px solid #0000FF)]
              RenderBlock {SPAN} at (1,1) size 80x24
                RenderText {#text} at (0,0) size 74x24
                  text run at (0,0) width 65: "style: \"white-"
                  text run at (0,12) width 74: "space:nowrap\","
              RenderBR {BR} at (81,22) size 0x0
            RenderBlock {DIV} at (489,462) size 163x58 [border: (1px solid #0000FF)]
              RenderBlock {SPAN} at (1,1) size 80x24
                RenderText {#text} at (0,0) size 76x24
                  text run at (0,0) width 65: "style: \"white-"
                  text run at (0,12) width 76: "space:pre-line\","
              RenderBR {BR} at (81,22) size 0x0
            RenderBlock {DIV} at (0,544) size 163x73 [border: (1px solid #0000FF)]
              RenderBlock {SPAN} at (1,1) size 80x24
                RenderText {#text} at (0,0) size 70x24
                  text run at (0,0) width 63: "style: \"word-"
                  text run at (0,12) width 70: "wrap:normal\","
              RenderBR {BR} at (81,22) size 0x0
            RenderBlock {DIV} at (163,520) size 163x97 [border: (1px solid #0000FF)]
              RenderBlock {SPAN} at (1,1) size 80x48
                RenderText {#text} at (0,0) size 65x48
                  text run at (0,0) width 58: "wrap: \"off\","
                  text run at (0,12) width 65: "style: \"white-"
                  text run at (0,24) width 50: "space:pre-"
                  text run at (0,36) width 32: "wrap\","
              RenderBR {BR} at (81,46) size 0x0
    layer at (1,67) size 161x32 clip at (2,68) size 159x30
      RenderTextControl {TEXTAREA} at (1,1) size 161x32 [bgcolor=#FFFFFF] [border: (1px solid #000000)]
        RenderBlock {DIV} at (3,3) size 155x13
          RenderText {#text} at (0,0) size 102x13
            text run at (0,0) width 102: "Lorem ipsum dolor"
    layer at (164,67) size 161x32 clip at (165,68) size 144x30 scrollHeight 56
      RenderTextControl {TEXTAREA} at (1,13) size 161x32 [color=#545454] [bgcolor=#FFFFFF] [border: (1px solid #545454)]
        RenderBlock {DIV} at (3,3) size 140x52
          RenderText {#text} at (0,0) size 138x52
            text run at (0,0) width 105: "Lorem ipsum  dolor"
            text run at (104,0) width 5: " "
            text run at (0,13) width 138: "ABCDEFGHIJKLMNOPQRST"
            text run at (0,26) width 45: "UVWXYZ"
            text run at (44,26) width 5: " "
            text run at (0,39) width 130: "abcdefghijklmnopqrstuv"
    layer at (327,51) size 177x48 clip at (328,52) size 160x46 scrollHeight 72
      RenderTextControl {TEXTAREA} at (1,25) size 177x48 [bgcolor=#FFFFFF] [border: (1px solid #000000)]
        RenderBlock {DIV} at (11,11) size 140x52
          RenderText {#text} at (0,0) size 138x52
            text run at (0,0) width 105: "Lorem ipsum  dolor"
            text run at (104,0) width 5: " "
            text run at (0,13) width 138: "ABCDEFGHIJKLMNOPQRST"
            text run at (0,26) width 45: "UVWXYZ"
            text run at (44,26) width 5: " "
            text run at (0,39) width 130: "abcdefghijklmnopqrstuv"
    layer at (506,71) size 157x28 clip at (507,72) size 140x26 scrollHeight 52
      RenderTextControl {TEXTAREA} at (1,25) size 157x28 [bgcolor=#FFFFFF] [border: (1px solid #000000)]
        RenderBlock {DIV} at (1,1) size 140x52
          RenderText {#text} at (0,0) size 138x52
            text run at (0,0) width 105: "Lorem ipsum  dolor"
            text run at (104,0) width 5: " "
            text run at (0,13) width 138: "ABCDEFGHIJKLMNOPQRST"
            text run at (0,26) width 45: "UVWXYZ"
            text run at (44,26) width 5: " "
            text run at (0,39) width 130: "abcdefghijklmnopqrstuv"
    layer at (11,163) size 161x32 clip at (12,164) size 144x30 scrollHeight 56
      RenderTextControl {TEXTAREA} at (11,35) size 161x32 [bgcolor=#FFFFFF] [border: (1px solid #000000)]
        RenderBlock {DIV} at (3,3) size 140x52
          RenderText {#text} at (0,0) size 138x52
            text run at (0,0) width 105: "Lorem ipsum  dolor"
            text run at (104,0) width 5: " "
            text run at (0,13) width 138: "ABCDEFGHIJKLMNOPQRST"
            text run at (0,26) width 45: "UVWXYZ"
            text run at (44,26) width 5: " "
            text run at (0,39) width 130: "abcdefghijklmnopqrstuv"
    layer at (184,173) size 161x32 clip at (185,174) size 144x30 scrollHeight 56
      RenderTextControl {TEXTAREA} at (1,25) size 161x32 [bgcolor=#FFFFFF] [border: (1px solid #000000)]
        RenderBlock {DIV} at (3,3) size 140x52
          RenderText {#text} at (0,0) size 138x52
            text run at (0,0) width 105: "Lorem ipsum  dolor"
            text run at (104,0) width 5: " "
            text run at (0,13) width 138: "ABCDEFGHIJKLMNOPQRST"
            text run at (0,26) width 45: "UVWXYZ"
            text run at (44,26) width 5: " "
            text run at (0,39) width 130: "abcdefghijklmnopqrstuv"
    layer at (347,173) size 60x32 clip at (348,174) size 43x30 scrollHeight 160
      RenderTextControl {TEXTAREA} at (1,25) size 60x32 [bgcolor=#FFFFFF] [border: (1px solid #000000)]
        RenderBlock {DIV} at (3,3) size 39x156
          RenderText {#text} at (0,0) size 39x156
            text run at (0,0) width 34: "Lorem"
            text run at (33,0) width 5: " "
            text run at (0,13) width 33: "ipsum"
            text run at (32,13) width 7: "  "
            text run at (0,26) width 29: "dolor"
            text run at (28,26) width 4: " "
            text run at (0,39) width 36: "ABCDE"
            text run at (0,52) width 36: "FGHIJK"
            text run at (0,65) width 39: "LMNOP"
            text run at (0,78) width 37: "QRSTU"
            text run at (0,91) width 37: "VWXYZ"
            text run at (36,91) width 3: " "
            text run at (0,104) width 36: "abcdef"
            text run at (0,117) width 30: "ghijkl"
            text run at (0,130) width 38: "mnopq"
            text run at (0,143) width 27: "rstuv"
    layer at (429,137) size 60x68 clip at (430,138) size 43x66 scrollHeight 924
      RenderTextControl {TEXTAREA} at (1,37) size 60x68 [bgcolor=#FFFFFF] [border: (1px solid #000000)]
        RenderBlock {DIV} at (21,21) size 3x884
          RenderText {#text} at (0,0) size 11x884
            text run at (0,0) width 6: "L"
            text run at (0,13) width 7: "o"
            text run at (0,26) width 5: "r"
            text run at (0,39) width 7: "e"
            text run at (0,52) width 11: "m"
            text run at (0,65) width 3: " "
            text run at (0,78) width 4: "i"
            text run at (0,91) width 7: "p"
            text run at (0,104) width 6: "s"
            text run at (0,117) width 7: "u"
            text run at (0,130) width 11: "m"
            text run at (0,143) width 3: " "
            text run at (0,156) width 3: " "
            text run at (0,169) width 7: "d"
            text run at (0,182) width 7: "o"
            text run at (0,195) width 4: "l"
            text run at (0,208) width 7: "o"
            text run at (0,221) width 5: "r"
            text run at (0,234) width 3: " "
            text run at (0,247) width 8: "A"
            text run at (0,260) width 7: "B"
            text run at (0,273) width 8: "C"
            text run at (0,286) width 9: "D"
            text run at (0,299) width 6: "E"
            text run at (0,312) width 6: "F"
            text run at (0,325) width 8: "G"
            text run at (0,338) width 9: "H"
            text run at (0,351) width 4: "I"
            text run at (0,364) width 4: "J"
            text run at (0,377) width 8: "K"
            text run at (0,390) width 6: "L"
            text run at (0,403) width 10: "M"
            text run at (0,416) width 9: "N"
            text run at (0,429) width 9: "O"
            text run at (0,442) width 7: "P"
            text run at (0,455) width 9: "Q"
            text run at (0,468) width 7: "R"
            text run at (0,481) width 6: "S"
            text run at (0,494) width 7: "T"
            text run at (0,507) width 8: "U"
            text run at (0,520) width 8: "V"
            text run at (0,533) width 10: "W"
            text run at (0,546) width 7: "X"
            text run at (0,559) width 7: "Y"
            text run at (0,572) width 7: "Z"
            text run at (0,585) width 3: " "
            text run at (0,598) width 7: "a"
            text run at (0,611) width 7: "b"
            text run at (0,624) width 6: "c"
            text run at (0,637) width 7: "d"
            text run at (0,650) width 7: "e"
            text run at (0,663) width 5: "f"
            text run at (0,676) width 7: "g"
            text run at (0,689) width 7: "h"
            text run at (0,702) width 4: "i"
            text run at (0,715) width 4: "j"
            text run at (0,728) width 7: "k"
            text run at (0,741) width 4: "l"
            text run at (0,754) width 11: "m"
            text run at (0,767) width 7: "n"
            text run at (0,780) width 7: "o"
            text run at (0,793) width 7: "p"
            text run at (0,806) width 7: "q"
            text run at (0,819) width 5: "r"
            text run at (0,832) width 6: "s"
            text run at (0,845) width 5: "t"
            text run at (0,858) width 7: "u"
            text run at (0,871) width 6: "v"
    layer at (511,177) size 60x28 clip at (512,178) size 43x26 scrollHeight 156
      RenderTextControl {TEXTAREA} at (1,37) size 60x28 [bgcolor=#FFFFFF] [border: (1px solid #000000)]
        RenderBlock {DIV} at (1,1) size 43x156
          RenderText {#text} at (0,0) size 43x156
            text run at (0,0) width 34: "Lorem"
            text run at (33,0) width 5: " "
            text run at (0,13) width 33: "ipsum"
            text run at (32,13) width 8: "  "
            text run at (0,26) width 29: "dolor"
            text run at (28,26) width 4: " "
            text run at (0,39) width 42: "ABCDEF"
            text run at (0,52) width 36: "GHIJKL"
            text run at (0,65) width 41: "MNOPQ"
            text run at (0,78) width 35: "RSTUV"
            text run at (0,91) width 30: "WXYZ"
            text run at (29,91) width 5: " "
            text run at (0,104) width 43: "abcdefg"
            text run at (0,117) width 41: "hijklmn"
            text run at (0,130) width 42: "opqrstu"
            text run at (0,143) width 6: "v"
    layer at (593,145) size 161x60 clip at (594,146) size 159x58
      RenderTextControl {TEXTAREA} at (1,25) size 161x60 [bgcolor=#FFFFFF] [border: (1px solid #000000)]
        RenderBlock {DIV} at (3,3) size 155x52
          RenderText {#text} at (0,0) size 153x52
            text run at (0,0) width 105: "Lorem ipsum  dolor"
            text run at (104,0) width 5: " "
            text run at (0,13) width 153: "ABCDEFGHIJKLMNOPQRSTUV"
            text run at (0,26) width 30: "WXYZ"
            text run at (29,26) width 5: " "
            text run at (0,39) width 130: "abcdefghijklmnopqrstuv"
    layer at (1,255) size 60x60 clip at (2,256) size 43x58 scrollHeight 160
      RenderTextControl {TEXTAREA} at (1,37) size 60x60 [bgcolor=#FFFFFF] [border: (1px solid #000000)]
        RenderBlock {DIV} at (3,3) size 39x156
          RenderText {#text} at (0,0) size 39x156
            text run at (0,0) width 34: "Lorem"
            text run at (33,0) width 5: " "
            text run at (0,13) width 33: "ipsum"
            text run at (32,13) width 7: "  "
            text run at (0,26) width 29: "dolor"
            text run at (28,26) width 4: " "
            text run at (0,39) width 36: "ABCDE"
            text run at (0,52) width 36: "FGHIJK"
            text run at (0,65) width 39: "LMNOP"
            text run at (0,78) width 37: "QRSTU"
            text run at (0,91) width 37: "VWXYZ"
            text run at (36,91) width 3: " "
            text run at (0,104) width 36: "abcdef"
            text run at (0,117) width 30: "ghijkl"
            text run at (0,130) width 38: "mnopq"
            text run at (0,143) width 27: "rstuv"
    layer at (83,283) size 161x32 clip at (84,284) size 159x30 scrollHeight 56
      RenderTextControl {TEXTAREA} at (1,25) size 161x32 [bgcolor=#FFFFFF] [border: (1px solid #000000)]
        RenderBlock {DIV} at (3,3) size 155x52
          RenderText {#text} at (0,0) size 153x52
            text run at (0,0) width 105: "Lorem ipsum  dolor"
            text run at (104,0) width 5: " "
            text run at (0,13) width 153: "ABCDEFGHIJKLMNOPQRSTUV"
            text run at (0,26) width 30: "WXYZ"
            text run at (29,26) width 5: " "
            text run at (0,39) width 130: "abcdefghijklmnopqrstuv"
    layer at (246,268) size 161x47 clip at (247,269) size 144x30 scrollHeight 56
      RenderTextControl {TEXTAREA} at (1,25) size 161x47 [bgcolor=#FFFFFF] [border: (1px solid #000000)]
        RenderBlock {DIV} at (3,3) size 140x52
          RenderText {#text} at (0,0) size 138x52
            text run at (0,0) width 105: "Lorem ipsum  dolor"
            text run at (104,0) width 5: " "
            text run at (0,13) width 138: "ABCDEFGHIJKLMNOPQRST"
            text run at (0,26) width 45: "UVWXYZ"
            text run at (44,26) width 5: " "
            text run at (0,39) width 130: "abcdefghijklmnopqrstuv"
    layer at (409,255) size 60x60 clip at (410,256) size 58x58 scrollHeight 134
      RenderTextControl {TEXTAREA} at (1,49) size 60x60 [bgcolor=#FFFFFF] [border: (1px solid #000000)]
        RenderBlock {DIV} at (3,3) size 54x130
          RenderText {#text} at (0,0) size 54x130
            text run at (0,0) width 34: "Lorem"
            text run at (33,0) width 5: " "
            text run at (0,13) width 33: "ipsum"
            text run at (32,13) width 8: "  "
            text run at (0,26) width 29: "dolor"
            text run at (28,26) width 4: " "
            text run at (0,39) width 50: "ABCDEFG"
            text run at (0,52) width 54: "HIJKLMNO"
            text run at (0,65) width 50: "PQRSTUV"
            text run at (0,78) width 30: "WXYZ"
            text run at (29,78) width 5: " "
            text run at (0,91) width 53: "abcdefghi"
            text run at (0,104) width 51: "jklmnopq"
            text run at (0,117) width 27: "rstuv"
    layer at (491,255) size 60x60 clip at (492,256) size 43x43 scrollHeight 160
      RenderTextControl {TEXTAREA} at (1,49) size 60x60 [bgcolor=#FFFFFF] [border: (1px solid #000000)]
        RenderBlock {DIV} at (3,3) size 39x156
          RenderText {#text} at (0,0) size 39x156
            text run at (0,0) width 34: "Lorem"
            text run at (33,0) width 5: " "
            text run at (0,13) width 33: "ipsum"
            text run at (32,13) width 7: "  "
            text run at (0,26) width 29: "dolor"
            text run at (28,26) width 4: " "
            text run at (0,39) width 36: "ABCDE"
            text run at (0,52) width 36: "FGHIJK"
            text run at (0,65) width 39: "LMNOP"
            text run at (0,78) width 37: "QRSTU"
            text run at (0,91) width 37: "VWXYZ"
            text run at (36,91) width 3: " "
            text run at (0,104) width 36: "abcdef"
            text run at (0,117) width 30: "ghijkl"
            text run at (0,130) width 38: "mnopq"
            text run at (0,143) width 27: "rstuv"
    layer at (573,255) size 60x60 clip at (574,256) size 43x58 scrollHeight 160
      RenderTextControl {TEXTAREA} at (1,37) size 60x60 [bgcolor=#FFFFFF] [border: (1px solid #000000)]
        RenderBlock {DIV} at (3,3) size 39x156
          RenderText {#text} at (0,0) size 39x156
            text run at (0,0) width 34: "Lorem"
            text run at (33,0) width 5: " "
            text run at (0,13) width 33: "ipsum"
            text run at (32,13) width 7: "  "
            text run at (0,26) width 29: "dolor"
            text run at (28,26) width 4: " "
            text run at (0,39) width 36: "ABCDE"
            text run at (0,52) width 36: "FGHIJK"
            text run at (0,65) width 39: "LMNOP"
            text run at (0,78) width 37: "QRSTU"
            text run at (0,91) width 37: "VWXYZ"
            text run at (36,91) width 3: " "
            text run at (0,104) width 36: "abcdef"
            text run at (0,117) width 30: "ghijkl"
            text run at (0,130) width 38: "mnopq"
            text run at (0,143) width 27: "rstuv"
    layer at (655,255) size 60x60 clip at (656,256) size 43x58 scrollHeight 160
      RenderTextControl {TEXTAREA} at (1,37) size 60x60 [bgcolor=#FFFFFF] [border: (1px solid #000000)]
        RenderBlock {DIV} at (3,3) size 39x156
          RenderText {#text} at (0,0) size 39x156
            text run at (0,0) width 34: "Lorem"
            text run at (33,0) width 5: " "
            text run at (0,13) width 33: "ipsum"
            text run at (32,13) width 7: "  "
            text run at (0,26) width 29: "dolor"
            text run at (28,26) width 4: " "
            text run at (0,39) width 36: "ABCDE"
            text run at (0,52) width 36: "FGHIJK"
            text run at (0,65) width 39: "LMNOP"
            text run at (0,78) width 37: "QRSTU"
            text run at (0,91) width 37: "VWXYZ"
            text run at (36,91) width 3: " "
            text run at (0,104) width 36: "abcdef"
            text run at (0,117) width 30: "ghijkl"
            text run at (0,130) width 38: "mnopq"
            text run at (0,143) width 27: "rstuv"
    layer at (1,366) size 60x60 clip at (2,367) size 43x58 scrollHeight 160
      RenderTextControl {TEXTAREA} at (1,49) size 60x60 [bgcolor=#FFFFFF] [border: (1px solid #000000)]
        RenderBlock {DIV} at (3,3) size 39x156
          RenderText {#text} at (0,0) size 39x156
            text run at (0,0) width 34: "Lorem"
            text run at (33,0) width 5: " "
            text run at (0,13) width 33: "ipsum"
            text run at (32,13) width 7: "  "
            text run at (0,26) width 29: "dolor"
            text run at (28,26) width 4: " "
            text run at (0,39) width 36: "ABCDE"
            text run at (0,52) width 36: "FGHIJK"
            text run at (0,65) width 39: "LMNOP"
            text run at (0,78) width 37: "QRSTU"
            text run at (0,91) width 37: "VWXYZ"
            text run at (36,91) width 3: " "
            text run at (0,104) width 36: "abcdef"
            text run at (0,117) width 30: "ghijkl"
            text run at (0,130) width 38: "mnopq"
            text run at (0,143) width 27: "rstuv"
    layer at (83,394) size 42x32 clip at (84,395) size 25x30 scrollHeight 316
      RenderTextControl {TEXTAREA} at (1,13) size 42x32 [bgcolor=#FFFFFF] [border: (1px solid #000000)]
        RenderBlock {DIV} at (3,3) size 21x312
          RenderText {#text} at (0,0) size 21x312
            text run at (0,0) width 18: "Lor"
            text run at (0,13) width 17: "em"
            text run at (16,13) width 4: " "
            text run at (0,26) width 16: "ips"
            text run at (0,39) width 18: "um"
            text run at (17,39) width 4: "  "
            text run at (0,52) width 17: "dol"
            text run at (0,65) width 12: "or"
            text run at (11,65) width 4: " "
            text run at (0,78) width 14: "AB"
            text run at (0,91) width 16: "CD"
            text run at (0,104) width 20: "EFG"
            text run at (0,117) width 15: "HIJ"
            text run at (0,130) width 14: "KL"
            text run at (0,143) width 18: "MN"
            text run at (0,156) width 15: "OP"
            text run at (0,169) width 16: "QR"
            text run at (0,182) width 21: "STU"
            text run at (0,195) width 17: "VW"
            text run at (0,208) width 21: "XYZ"
            text run at (20,208) width 1: " "
            text run at (0,221) width 19: "abc"
            text run at (0,234) width 18: "def"
            text run at (0,247) width 21: "ghij"
            text run at (0,260) width 20: "klm"
            text run at (0,273) width 21: "nop"
            text run at (0,286) width 18: "qrs"
            text run at (0,299) width 17: "tuv"
    layer at (165,381) size 161x45 clip at (166,382) size 144x43 scrollHeight 56
      RenderTextControl {TEXTAREA} at (1,13) size 161x45 [bgcolor=#FFFFFF] [border: (1px solid #000000)]
        RenderBlock {DIV} at (3,3) size 140x52
          RenderText {#text} at (0,0) size 138x52
            text run at (0,0) width 105: "Lorem ipsum  dolor"
            text run at (104,0) width 5: " "
            text run at (0,13) width 138: "ABCDEFGHIJKLMNOPQRST"
            text run at (0,26) width 45: "UVWXYZ"
            text run at (44,26) width 5: " "
            text run at (0,39) width 130: "abcdefghijklmnopqrstuv"
    layer at (328,394) size 70x32 clip at (329,395) size 53x30 scrollHeight 147
      RenderTextControl {TEXTAREA} at (1,13) size 70x32 [bgcolor=#FFFFFF] [border: (1px solid #000000)]
        RenderBlock {DIV} at (3,3) size 49x143
          RenderText {#text} at (0,0) size 47x143
            text run at (0,0) width 34: "Lorem"
            text run at (33,0) width 5: " "
            text run at (0,13) width 33: "ipsum"
            text run at (32,13) width 8: "  "
            text run at (0,26) width 29: "dolor"
            text run at (28,26) width 4: " "
            text run at (0,39) width 42: "ABCDEF"
            text run at (0,52) width 46: "GHIJKLM"
            text run at (0,65) width 45: "NOPQRS"
            text run at (0,78) width 45: "TUVWXY"
            text run at (0,91) width 7: "Z"
            text run at (6,91) width 5: " "
            text run at (0,104) width 43: "abcdefg"
            text run at (0,117) width 47: "hijklmno"
            text run at (0,130) width 41: "pqrstuv"
    layer at (410,329) size 161x97 clip at (411,330) size 159x95
      RenderTextControl {TEXTAREA} at (1,13) size 161x97 [bgcolor=#FFFFFF] [border: (1px solid #000000)]
        RenderBlock {DIV} at (3,3) size 155x52
          RenderText {#text} at (0,0) size 153x52
            text run at (0,0) width 105: "Lorem ipsum  dolor"
            text run at (104,0) width 5: " "
            text run at (0,13) width 153: "ABCDEFGHIJKLMNOPQRSTUV"
            text run at (0,26) width 30: "WXYZ"
            text run at (29,26) width 5: " "
            text run at (0,39) width 130: "abcdefghijklmnopqrstuv"
    layer at (573,368) size 56x58 clip at (574,369) size 39x56 scrollHeight 186
      RenderTextControl {TEXTAREA} at (1,25) size 56x58 [bgcolor=#FFFFFF] [border: (1px solid #000000)]
        RenderBlock {DIV} at (3,3) size 35x182
          RenderText {#text} at (0,0) size 35x182
            text run at (0,0) width 34: "Lorem"
            text run at (33,0) width 2: " "
            text run at (0,13) width 33: "ipsum"
            text run at (0,26) width 7: "  "
            text run at (0,39) width 29: "dolor"
            text run at (28,39) width 4: " "
            text run at (0,52) width 30: "ABCD"
            text run at (0,65) width 35: "EFGHIJ"
            text run at (0,78) width 31: "KLMN"
            text run at (0,91) width 31: "OPQR"
            text run at (0,104) width 28: "STUV"
            text run at (0,117) width 30: "WXYZ"
            text run at (29,117) width 5: " "
            text run at (0,130) width 32: "abcde"
            text run at (0,143) width 34: "fghijkl"
            text run at (0,156) width 31: "mnop"
            text run at (0,169) width 34: "qrstuv"
    layer at (1,440) size 161x47 clip at (2,441) size 159x30 scrollWidth 426
      RenderTextControl {TEXTAREA} at (1,13) size 161x47 [bgcolor=#FFFFFF] [border: (1px solid #000000)]
        RenderBlock {DIV} at (3,3) size 155x13
          RenderText {#text} at (0,0) size 425x13
            text run at (0,0) width 425: "Lorem ipsum  dolor ABCDEFGHIJKLMNOPQRSTUVWXYZ abcdefghijklmnopqrstuv"
    layer at (164,455) size 161x32 clip at (165,456) size 144x30 scrollHeight 56
      RenderTextControl {TEXTAREA} at (1,13) size 161x32 [bgcolor=#FFFFFF] [border: (1px solid #000000)]
        RenderBlock {DIV} at (3,3) size 140x52
          RenderText {#text} at (0,0) size 138x52
            text run at (0,0) width 105: "Lorem ipsum  dolor"
            text run at (104,0) width 5: " "
            text run at (0,13) width 138: "ABCDEFGHIJKLMNOPQRST"
            text run at (0,26) width 45: "UVWXYZ"
            text run at (44,26) width 5: " "
            text run at (0,39) width 130: "abcdefghijklmnopqrstuv"
    layer at (327,455) size 161x32 clip at (328,456) size 144x30 scrollHeight 56
      RenderTextControl {TEXTAREA} at (1,13) size 161x32 [bgcolor=#FFFFFF] [border: (1px solid #000000)]
        RenderBlock {DIV} at (3,3) size 140x52
          RenderText {#text} at (0,0) size 138x52
            text run at (0,0) width 105: "Lorem ipsum  dolor"
            text run at (104,0) width 5: " "
            text run at (0,13) width 138: "ABCDEFGHIJKLMNOPQRST"
            text run at (0,26) width 45: "UVWXYZ"
            text run at (44,26) width 5: " "
            text run at (0,39) width 130: "abcdefghijklmnopqrstuv"
    layer at (490,455) size 161x32 clip at (491,456) size 144x30 scrollHeight 56
      RenderTextControl {TEXTAREA} at (1,25) size 161x32 [bgcolor=#FFFFFF] [border: (1px solid #000000)]
        RenderBlock {DIV} at (3,3) size 140x52
          RenderText {#text} at (0,0) size 138x52
            text run at (0,0) width 74: "Lorem ipsum "
            text run at (73,0) width 29: "dolor"
            text run at (0,13) width 138: "ABCDEFGHIJKLMNOPQRST"
            text run at (0,26) width 45: "UVWXYZ"
            text run at (0,39) width 130: "abcdefghijklmnopqrstuv"
    layer at (1,513) size 161x32 clip at (2,514) size 144x30 scrollHeight 56
      RenderTextControl {TEXTAREA} at (1,25) size 161x32 [bgcolor=#FFFFFF] [border: (1px solid #000000)]
        RenderBlock {DIV} at (3,3) size 140x52
          RenderText {#text} at (0,0) size 140x52
            text run at (0,0) width 139: "Lorem ipsum  dolor ABCD"
            text run at (0,13) width 140: "EFGHIJKLMNOPQRSTUVWX"
            text run at (0,26) width 135: "YZ abcdefghijklmnopqrst"
            text run at (0,39) width 13: "uv"
    layer at (164,513) size 161x32 clip at (165,514) size 144x30 scrollHeight 56
      RenderTextControl {TEXTAREA} at (1,25) size 161x32 [bgcolor=#FFFFFF] [border: (1px solid #000000)]
        RenderBlock {DIV} at (3,3) size 140x52
          RenderText {#text} at (0,0) size 138x52
            text run at (0,0) width 105: "Lorem ipsum  dolor"
            text run at (104,0) width 5: " "
            text run at (0,13) width 138: "ABCDEFGHIJKLMNOPQRST"
            text run at (0,26) width 45: "UVWXYZ"
            text run at (44,26) width 5: " "
            text run at (0,39) width 130: "abcdefghijklmnopqrstuv"
    layer at (327,513) size 161x32 clip at (328,514) size 144x15 scrollWidth 423 scrollHeight 17
      RenderTextControl {TEXTAREA} at (1,25) size 161x32 [bgcolor=#FFFFFF] [border: (1px solid #000000)]
        RenderBlock {DIV} at (3,3) size 155x13
          RenderText {#text} at (0,0) size 421x13
            text run at (0,0) width 74: "Lorem ipsum "
            text run at (73,0) width 348: "dolor ABCDEFGHIJKLMNOPQRSTUVWXYZ abcdefghijklmnopqrstuv"
    layer at (490,513) size 161x32 clip at (491,514) size 144x30 scrollHeight 56
      RenderTextControl {TEXTAREA} at (1,25) size 161x32 [bgcolor=#FFFFFF] [border: (1px solid #000000)]
        RenderBlock {DIV} at (3,3) size 140x52
          RenderText {#text} at (0,0) size 138x52
            text run at (0,0) width 74: "Lorem ipsum "
            text run at (73,0) width 29: "dolor"
            text run at (0,13) width 138: "ABCDEFGHIJKLMNOPQRST"
            text run at (0,26) width 45: "UVWXYZ"
            text run at (0,39) width 130: "abcdefghijklmnopqrstuv"
    layer at (1,595) size 161x47 clip at (2,596) size 144x30 scrollWidth 185 scrollHeight 43
      RenderTextControl {TEXTAREA} at (1,25) size 161x47 [bgcolor=#FFFFFF] [border: (1px solid #000000)]
        RenderBlock {DIV} at (3,3) size 155x39
          RenderText {#text} at (0,0) size 183x39
            text run at (0,0) width 105: "Lorem ipsum  dolor"
            text run at (104,0) width 5: " "
            text run at (0,13) width 183: "ABCDEFGHIJKLMNOPQRSTUVWXYZ"
            text run at (0,26) width 134: " abcdefghijklmnopqrstuv"
    layer at (164,595) size 161x47 clip at (165,596) size 144x30 scrollWidth 185 scrollHeight 43
      RenderTextControl {TEXTAREA} at (1,49) size 161x47 [bgcolor=#FFFFFF] [border: (1px solid #000000)]
        RenderBlock {DIV} at (3,3) size 155x39
          RenderText {#text} at (0,0) size 183x39
            text run at (0,0) width 105: "Lorem ipsum  dolor"
            text run at (104,0) width 5: " "
            text run at (0,13) width 183: "ABCDEFGHIJKLMNOPQRSTUVWXYZ"
            text run at (0,26) width 134: " abcdefghijklmnopqrstuv"
