layer at (0,0) size 800x600
  RenderView at (0,0) size 800x600
layer at (0,0) size 800x600
  RenderBlock {HTML} at (0,0) size 800x600
    RenderBody {BODY} at (8,8) size 784x584
      RenderBlock {P} at (0,0) size 784x16
        RenderText {#text} at (0,0) size 613x16
          text run at (0,0) width 613: "The following button elements should all be rendered on the left, with their text center justified."
      RenderBlock (anonymous) at (0,32) size 784x72
        RenderButton {BUTTON} at (0,0) size 300x18 [bgcolor=#C0C0C0] [border: none (2px outset #C0C0C0) none (2px outset #C0C0C0)]
          RenderBlock (anonymous) at (8,2) size 284x13
            RenderText {#text} at (52,0) size 180x13
              text run at (52,0) width 180: "This is should be center justified."
        RenderText {#text} at (300,1) size 4x16
          text run at (300,1) width 4: " "
        RenderBR {BR} at (0,0) size 0x0
        RenderButton {BUTTON} at (0,18) size 300x18 [bgcolor=#C0C0C0] [border: none (2px outset #C0C0C0) none (2px outset #C0C0C0)]
          RenderBlock (anonymous) at (8,2) size 284x13
            RenderText {#text} at (52,0) size 180x13
              text run at (52,0) width 180: "This is should be center justified."
        RenderText {#text} at (300,19) size 4x16
          text run at (300,19) width 4: " "
        RenderBR {BR} at (0,0) size 0x0
        RenderButton {BUTTON} at (0,36) size 300x18 [bgcolor=#C0C0C0] [border: none (2px outset #C0C0C0) none (2px outset #C0C0C0)]
          RenderBlock (anonymous) at (8,2) size 284x13
            RenderText {#text} at (52,0) size 180x13
              text run at (52,0) width 180: "This is should be center justified."
        RenderText {#text} at (300,37) size 4x16
          text run at (300,37) width 4: " "
        RenderBR {BR} at (0,0) size 0x0
        RenderButton {BUTTON} at (0,54) size 300x18 [bgcolor=#C0C0C0] [border: none (2px outset #C0C0C0) none (2px outset #C0C0C0)]
          RenderBlock (anonymous) at (8,2) size 284x13
            RenderText {#text} at (52,0) size 180x13
              text run at (52,0) width 180: "This is should be center justified."
        RenderText {#text} at (0,0) size 0x0
        RenderText {#text} at (0,0) size 0x0
      RenderBlock {DIV} at (0,104) size 784x18
        RenderButton {BUTTON} at (0,0) size 300x18 [bgcolor=#C0C0C0] [border: none (2px outset #C0C0C0) none (2px outset #C0C0C0)]
          RenderBlock (anonymous) at (8,2) size 284x13
            RenderText {#text} at (52,0) size 180x13
              text run at (52,0) width 180: "This is should be center justified."
