layer at (0,0) size 800x600
  RenderView at (0,0) size 800x600
layer at (0,0) size 800x600
  RenderBlock {HTML} at (0,0) size 800x600
    RenderBody {BODY} at (8,8) size 784x584
      RenderButton {BUTTON} at (0,6) size 43.84x15 [bgcolor=#C0C0C0] [border: none (2px outset #C0C0C0) none (2px outset #C0C0C0)]
        RenderBlock (anonymous) at (8,4) size 27.84x6
          RenderText {#text} at (0,0) size 28x6
            text run at (0,0) width 28: "Test Button"
      RenderText {#text} at (43,3) size 5x16
        text run at (43,3) width 5: " "
      RenderButton {BUTTON} at (47.84,6) size 49.42x15 [bgcolor=#C0C0C0] [border: none (2px outset #C0C0C0) none (2px outset #C0C0C0)]
        RenderBlock (anonymous) at (8,3.50) size 33.42x7
          RenderText {#text} at (0,0) size 34x7
            text run at (0,0) width 34: "Test Button"
      RenderText {#text} at (97,3) size 5x16
        text run at (97,3) width 5: " "
      RenderButton {BUTTON} at (101.27,5) size 54.98x15 [bgcolor=#C0C0C0] [border: none (2px outset #C0C0C0) none (2px outset #C0C0C0)]
        RenderBlock (anonymous) at (8,3) size 38.98x8
          RenderText {#text} at (0,0) size 39x8
            text run at (0,0) width 39: "Test Button"
      RenderText {#text} at (156,3) size 5x16
        text run at (156,3) width 5: " "
      RenderButton {BUTTON} at (160.25,5) size 60.55x15 [bgcolor=#C0C0C0] [border: none (2px outset #C0C0C0) none (2px outset #C0C0C0)]
        RenderBlock (anonymous) at (8,2) size 44.55x10
          RenderText {#text} at (0,0) size 45x10
            text run at (0,0) width 45: "Test Button"
      RenderText {#text} at (220,3) size 5x16
        text run at (220,3) width 5: " "
      RenderButton {BUTTON} at (224.80,4) size 66.13x16 [bgcolor=#C0C0C0] [border: none (2px outset #C0C0C0) none (2px outset #C0C0C0)]
        RenderBlock (anonymous) at (8,2) size 50.13x11
          RenderText {#text} at (0,0) size 51x11
            text run at (0,0) width 51: "Test Button"
      RenderText {#text} at (290,3) size 5x16
        text run at (290,3) width 5: " "
      RenderButton {BUTTON} at (294.92,3) size 71.69x17 [bgcolor=#C0C0C0] [border: none (2px outset #C0C0C0) none (2px outset #C0C0C0)]
        RenderBlock (anonymous) at (8,2) size 55.69x12
          RenderText {#text} at (0,0) size 56x12
            text run at (0,0) width 56: "Test Button"
      RenderText {#text} at (366,3) size 5x16
        text run at (366,3) width 5: " "
      RenderButton {BUTTON} at (370.61,2) size 77.27x18 [bgcolor=#C0C0C0] [border: none (2px outset #C0C0C0) none (2px outset #C0C0C0)]
        RenderBlock (anonymous) at (8,2) size 61.27x13
          RenderText {#text} at (0,0) size 62x13
            text run at (0,0) width 62: "Test Button"
      RenderText {#text} at (447,3) size 5x16
        text run at (447,3) width 5: " "
      RenderButton {INPUT} at (451.88,2) size 77.27x18 [bgcolor=#C0C0C0]
        RenderBlock (anonymous) at (8,2.50) size 61.27x13
          RenderText {#text} at (0,0) size 62x13
            text run at (0,0) width 62: "Test Button"
      RenderText {#text} at (529,3) size 5x16
        text run at (529,3) width 5: " "
      RenderButton {BUTTON} at (533.14,1) size 82.83x20 [bgcolor=#C0C0C0] [border: none (2px outset #C0C0C0) none (2px outset #C0C0C0)]
        RenderBlock (anonymous) at (8,2) size 66.83x15
          RenderText {#text} at (0,0) size 67x15
            text run at (0,0) width 67: "Test Button"
      RenderText {#text} at (615,3) size 5x16
        text run at (615,3) width 5: " "
      RenderButton {BUTTON} at (619.97,0) size 88.39x21 [bgcolor=#C0C0C0] [border: none (2px outset #C0C0C0) none (2px outset #C0C0C0)]
        RenderBlock (anonymous) at (8,2) size 72.39x16
          RenderText {#text} at (0,0) size 73x16
            text run at (0,0) width 73: "Test Button"
      RenderText {#text} at (708,3) size 5x16
        text run at (708,3) width 5: " "
      RenderButton {BUTTON} at (0,25) size 93.97x22 [bgcolor=#C0C0C0] [border: none (2px outset #C0C0C0) none (2px outset #C0C0C0)]
        RenderBlock (anonymous) at (8,2) size 77.97x17
          RenderText {#text} at (0,0) size 78x17
            text run at (0,0) width 78: "Test Button"
      RenderText {#text} at (93,29) size 5x16
        text run at (93,29) width 5: " "
      RenderButton {BUTTON} at (97.97,24) size 99.53x23 [bgcolor=#C0C0C0] [border: none (2px outset #C0C0C0) none (2px outset #C0C0C0)]
        RenderBlock (anonymous) at (8,2) size 83.53x18
          RenderText {#text} at (0,0) size 84x18
            text run at (0,0) width 84: "Test Button"
      RenderText {#text} at (197,29) size 5x16
        text run at (197,29) width 5: " "
      RenderButton {BUTTON} at (201.50,24) size 105.09x23 [bgcolor=#C0C0C0] [border: none (2px outset #C0C0C0) none (2px outset #C0C0C0)]
        RenderBlock (anonymous) at (8,2) size 89.09x18
          RenderText {#text} at (0,0) size 90x18
            text run at (0,0) width 90: "Test Button"
      RenderText {#text} at (306,29) size 5x16
        text run at (306,29) width 5: " "
      RenderButton {BUTTON} at (310.59,23) size 110.67x25 [bgcolor=#C0C0C0] [border: none (2px outset #C0C0C0) none (2px outset #C0C0C0)]
        RenderBlock (anonymous) at (8,2) size 94.67x20
          RenderText {#text} at (0,0) size 95x20
            text run at (0,0) width 95: "Test Button"
      RenderText {#text} at (421,29) size 5x16
        text run at (421,29) width 5: " "
      RenderButton {BUTTON} at (425.27,22) size 116.23x26 [bgcolor=#C0C0C0] [border: none (2px outset #C0C0C0) none (2px outset #C0C0C0)]
        RenderBlock (anonymous) at (8,2) size 100.23x21
          RenderText {#text} at (0,0) size 101x21
            text run at (0,0) width 101: "Test Button"
      RenderText {#text} at (541,29) size 5x16
        text run at (541,29) width 5: " "
      RenderButton {BUTTON} at (545.50,21) size 121.81x27 [bgcolor=#C0C0C0] [border: none (2px outset #C0C0C0) none (2px outset #C0C0C0)]
        RenderBlock (anonymous) at (8,2) size 105.81x22
          RenderText {#text} at (0,0) size 106x22
            text run at (0,0) width 106: "Test Button"
      RenderText {#text} at (667,29) size 5x16
        text run at (667,29) width 5: " "
      RenderButton {BUTTON} at (0,49) size 127.38x28 [bgcolor=#C0C0C0] [border: none (2px outset #C0C0C0) none (2px outset #C0C0C0)]
        RenderBlock (anonymous) at (8,2) size 111.38x23
          RenderText {#text} at (0,0) size 112x23
            text run at (0,0) width 112: "Test Button"
      RenderText {#text} at (127,58) size 5x16
        text run at (127,58) width 5: " "
      RenderButton {BUTTON} at (131.38,48) size 132.94x29 [bgcolor=#C0C0C0] [border: none (2px outset #C0C0C0) none (2px outset #C0C0C0)]
        RenderBlock (anonymous) at (8,2) size 116.94x24
          RenderText {#text} at (0,0) size 117x24
            text run at (0,0) width 117: "Test Button"
      RenderText {#text} at (0,0) size 0x0
