layer at (0,0) size 785x630
  RenderView at (0,0) size 785x600
layer at (0,0) size 785x630
  RenderBlock {HTML} at (0,0) size 785x630.16
    RenderBody {BODY} at (8,8) size 769x614.16
      RenderBlock {H3} at (0,0) size 769x19
        RenderText {#text} at (0,0) size 190x19
          text run at (0,0) width 190: "<input type=\"submit\">"
      RenderBlock {P} at (0,37.72) size 769x16
        RenderText {#text} at (0,0) size 352x16
          text run at (0,0) width 352: "This button should have the default submit button title:"
      RenderBlock (anonymous) at (0,69.72) size 769x21
        RenderButton {INPUT} at (0,0) size 80x21 [bgcolor=#008000] [border: (2px outset #C0C0C0)]
          RenderBlock (anonymous) at (8,4) size 64x13
            RenderText {#text} at (13,0) size 38x13
              text run at (13,0) width 38: "Submit"
        RenderText {#text} at (0,0) size 0x0
      RenderBlock {P} at (0,106.72) size 769x16
        RenderText {#text} at (0,0) size 300x16
          text run at (0,0) width 300: "This button should should have the title \"Foo\":"
      RenderBlock (anonymous) at (0,138.72) size 769x21
        RenderButton {INPUT} at (0,0) size 80x21 [bgcolor=#008000] [border: (2px outset #C0C0C0)]
          RenderBlock (anonymous) at (8,4) size 64x13
            RenderText {#text} at (22,0) size 20x13
              text run at (22,0) width 20: "Foo"
        RenderText {#text} at (0,0) size 0x0
      RenderBlock {P} at (0,175.72) size 769x16
        RenderText {#text} at (0,0) size 316x16
          text run at (0,0) width 316: "This button should have a single space in its title:"
      RenderBlock (anonymous) at (0,207.72) size 769x21
        RenderButton {INPUT} at (0,0) size 80x21 [bgcolor=#008000] [border: (2px outset #C0C0C0)]
          RenderBlock (anonymous) at (8,4) size 64x13
            RenderText {#text} at (30,0) size 4x13
              text run at (30,0) width 4: " "
        RenderText {#text} at (0,0) size 0x0
      RenderBlock {P} at (0,244.72) size 769x16
        RenderText {#text} at (0,0) size 208x16
          text run at (0,0) width 208: "This button should have no title:"
      RenderBlock (anonymous) at (0,276.72) size 769x21
        RenderButton {INPUT} at (0,0) size 80x21 [bgcolor=#008000] [border: (2px outset #C0C0C0)]
        RenderText {#text} at (0,0) size 0x0
      RenderBlock {H3} at (0,316.44) size 769x19
        RenderText {#text} at (0,0) size 173x19
          text run at (0,0) width 173: "<input type=\"reset\">"
      RenderBlock {P} at (0,354.16) size 769x16
        RenderText {#text} at (0,0) size 339x16
          text run at (0,0) width 339: "This button should have the default reset button title:"
      RenderBlock (anonymous) at (0,386.16) size 769x21
        RenderButton {INPUT} at (0,0) size 80x21 [bgcolor=#008000] [border: (2px outset #C0C0C0)]
          RenderBlock (anonymous) at (8,4) size 64x13
            RenderText {#text} at (17,0) size 30x13
              text run at (17,0) width 30: "Reset"
        RenderText {#text} at (0,0) size 0x0
      RenderBlock {P} at (0,423.16) size 769x16
        RenderText {#text} at (0,0) size 300x16
          text run at (0,0) width 300: "This button should should have the title \"Foo\":"
      RenderBlock (anonymous) at (0,455.16) size 769x21
        RenderButton {INPUT} at (0,0) size 80x21 [bgcolor=#008000] [border: (2px outset #C0C0C0)]
          RenderBlock (anonymous) at (8,4) size 64x13
            RenderText {#text} at (22,0) size 20x13
              text run at (22,0) width 20: "Foo"
        RenderText {#text} at (0,0) size 0x0
      RenderBlock {P} at (0,492.16) size 769x16
        RenderText {#text} at (0,0) size 316x16
          text run at (0,0) width 316: "This button should have a single space in its title:"
      RenderBlock (anonymous) at (0,524.16) size 769x21
        RenderButton {INPUT} at (0,0) size 80x21 [bgcolor=#008000] [border: (2px outset #C0C0C0)]
          RenderBlock (anonymous) at (8,4) size 64x13
            RenderText {#text} at (30,0) size 4x13
              text run at (30,0) width 4: " "
        RenderText {#text} at (0,0) size 0x0
      RenderBlock {P} at (0,561.16) size 769x16
        RenderText {#text} at (0,0) size 208x16
          text run at (0,0) width 208: "This button should have no title:"
      RenderBlock (anonymous) at (0,593.16) size 769x21
        RenderButton {INPUT} at (0,0) size 80x21 [bgcolor=#008000] [border: (2px outset #C0C0C0)]
        RenderText {#text} at (0,0) size 0x0
