layer at (0,0) size 800x600
  RenderView at (0,0) size 800x600
layer at (0,0) size 800x600
  RenderBlock {HTML} at (0,0) size 800x600
    RenderBody {BODY} at (8,8) size 784x572
      RenderBlock {P} at (0,0) size 784x32
        RenderText {#text} at (0,0) size 55x16
          text run at (0,0) width 55: "Test for "
        RenderInline {I} at (0,0) size 772x32
          RenderInline {A} at (0,0) size 306x16 [color=#0000EE]
            RenderText {#text} at (54,0) size 306x16
              text run at (54,0) width 306: "http://bugs.webkit.org/show_bug.cgi?id=17033"
          RenderText {#text} at (359,0) size 772x32
            text run at (359,0) width 5: " "
            text run at (363,0) width 409: "REGRESSION: Really long <option> causes unnecessary page"
            text run at (0,16) width 230: "scroll bars to accommodate content"
        RenderText {#text} at (229,16) size 5x16
          text run at (229,16) width 5: "."
      RenderBlock {P} at (0,48) size 784x16
        RenderText {#text} at (0,0) size 408x16
          text run at (0,0) width 408: "There should not be scroll bars below the popup and the button."
layer at (8,88) size 100x50
  RenderBlock {DIV} at (0,80) size 100x50
    RenderMenuList {SELECT} at (0,0) size 80x18 [bgcolor=#F8F8F8]
      RenderBlock (anonymous) at (0,0) size 80x18
        RenderText at (8,2) size 148x13
          text run at (8,2) width 148: "Lorem ipsum dolor sit amet"
    RenderText {#text} at (0,0) size 0x0
layer at (8,158) size 100x50
  RenderBlock {DIV} at (0,150) size 100x50
    RenderButton {BUTTON} at (0,0) size 80x18 [bgcolor=#C0C0C0] [border: none (2px outset #C0C0C0) none (2px outset #C0C0C0)]
      RenderBlock (anonymous) at (8,2) size 64x13
        RenderText {#text} at (0,0) size 148x13
          text run at (0,0) width 148: "Lorem ipsum dolor sit amet"
    RenderText {#text} at (0,0) size 0x0
