layer at (0,0) size 800x600
  RenderView at (0,0) size 800x600
layer at (0,0) size 800x600
  RenderBlock {HTML} at (0,0) size 800x600
    RenderBody {BODY} at (8,8) size 784x584
      RenderBlock {P} at (0,0) size 784x32
        RenderText {#text} at (0,0) size 108x16
          text run at (0,0) width 108: "This is a test for "
        RenderInline {I} at (0,0) size 764x32
          RenderInline {A} at (0,0) size 354x16 [color=#0000EE]
            RenderText {#text} at (107,0) size 354x16
              text run at (107,0) width 354: "http://bugzilla.opendarwin.org/show_bug.cgi?id=9316"
          RenderText {#text} at (460,0) size 764x32
            text run at (460,0) width 5: " "
            text run at (464,0) width 300: "REGRESSION: text field width shrinks on first"
            text run at (0,16) width 61: "keystroke"
        RenderText {#text} at (60,16) size 5x16
          text run at (60,16) width 5: "."
      RenderBlock {HR} at (0,48) size 784x2 [border: (1px inset #EEEEEE)]
layer at (8,66) size 784x0
  RenderBlock (relative positioned) {DIV} at (0,58) size 784x0
    RenderTextControl {INPUT} at (0,0) size 392x19 [bgcolor=#FFFFFF] [border: (2px inset #EEEEEE)]
layer at (11,69) size 386x13
  RenderBlock {DIV} at (3,3) size 386x13
    RenderText {#text} at (0,0) size 18x13
      text run at (0,0) width 18: "foo"
