layer at (0,0) size 800x600
  RenderView at (0,0) size 800x600
layer at (0,0) size 800x600
  RenderBlock {HTML} at (0,0) size 800x600
    RenderBody {BODY} at (8,8) size 784x584
      RenderBlock (anonymous) at (0,0) size 784x0
        RenderInline {A} at (0,0) size 0x0
          RenderText {#text} at (0,0) size 0x0
      RenderBlock {DIV} at (0,0) size 784x24
        RenderBlock (anonymous) at (0,0) size 784x0
          RenderInline {A} at (0,0) size 0x0
            RenderText {#text} at (0,0) size 0x0
        RenderBlock (anonymous) at (0,0) size 784x24
          RenderTable {TABLE} at (0,0) size 62x24
            RenderTableSection {TBODY} at (0,0) size 62x24
              RenderTableRow {TR} at (0,2) size 62x20
                RenderTableCell {TD} at (2,11) size 2x2 [r=0 c=0 rs=1 cs=1]
                RenderTableCell {TD} at (6,2) size 54x20 [r=0 c=1 rs=1 cs=1]
                  RenderButton {INPUT} at (1,1) size 51.09x18 [bgcolor=#C0C0C0]
                    RenderBlock (anonymous) at (8,2.50) size 35.09x13
                      RenderText {#text} at (0,0) size 36x13
                        text run at (0,0) width 36: "Search"
        RenderBlock (anonymous) at (0,24) size 784x0
          RenderInline {A} at (0,0) size 0x0
          RenderInline {A} at (0,0) size 0x0 [color=#0000EE]
          RenderText {#text} at (0,0) size 0x0
      RenderBlock (anonymous) at (0,24) size 784x16
        RenderText {#text} at (0,0) size 107x16
          text run at (0,0) width 107: "Form did submit"
