layer at (0,0) size 800x600
  RenderView at (0,0) size 800x600
layer at (0,0) size 800x600
  RenderBlock {HTML} at (0,0) size 800x600
    RenderBody {BODY} at (8,8) size 784x584
      RenderBlock {FORM} at (0,0) size 784x19
        RenderBlock {INPUT} at (2.91,3) size 12x13
        RenderText {#text} at (17,2) size 35x16
          text run at (17,2) width 35: "Two "
        RenderBlock {INPUT} at (54.05,3) size 12x13
        RenderText {#text} at (68,2) size 39x16
          text run at (68,2) width 39: "Three"
      RenderBlock {FORM} at (0,35) size 784x19
        RenderBlock {INPUT} at (2.91,3) size 12x13
        RenderText {#text} at (17,2) size 32x16
          text run at (17,2) width 32: "One "
        RenderBlock {INPUT} at (51.38,3) size 12x13
        RenderText {#text} at (66,2) size 34x16
          text run at (66,2) width 34: "Two "
        RenderBlock {INPUT} at (102.52,3) size 12x13
        RenderText {#text} at (117,2) size 42x16
          text run at (117,2) width 42: "Three "
        RenderBlock {INPUT} at (161.63,3) size 12x13
        RenderText {#text} at (176,2) size 28x16
          text run at (176,2) width 28: "One"
      RenderBlock (anonymous) at (0,70) size 784x32
        RenderText {#text} at (0,0) size 779x32
          text run at (0,0) width 514: "The count of the # of elements in form 1 should be 2 and in form 2 should be 4. "
          text run at (513,0) width 266: "The count in form 1 is 2, and the count in"
          text run at (0,16) width 70: "form 2 is 4"
