layer at (0,0) size 800x600
  RenderView at (0,0) size 800x600
layer at (0,0) size 800x600
  RenderBlock {HTML} at (0,0) size 800x600
    RenderBody {BODY} at (8,8) size 784x584
      RenderBlock {FORM} at (0,0) size 784x19
        RenderBlock {INPUT} at (2.91,3) size 12x13
        RenderBlock {INPUT} at (20.72,3) size 12x13
      RenderBlock (anonymous) at (0,35) size 784x32
        RenderText {#text} at (0,0) size 763x32
          text run at (0,0) width 763: "There should be two elements in the first form and one in the second. The count in form one is 2, and the count in form"
          text run at (0,16) width 55: "two is 1."
