layer at (0,0) size 800x600
  RenderView at (0,0) size 800x600
layer at (0,0) size 800x600
  RenderBlock {HTML} at (0,0) size 800x600
    RenderBody {BODY} at (8,8) size 784x584
      RenderText {#text} at (0,0) size 445x16
        text run at (0,0) width 445: "When the label contains only white space, the containing text is used."
      RenderBR {BR} at (444,12) size 1x0
      RenderMenuList {SELECT} at (0,16) size 338x18 [bgcolor=#F8F8F8]
        RenderBlock (anonymous) at (0,0) size 338x18
          RenderText at (8,2) size 307x13
            text run at (8,2) width 307: "white space label should display empty string to match IE"
      RenderText {#text} at (0,0) size 0x0
