layer at (0,0) size 800x600
  RenderView at (0,0) size 800x600
layer at (0,0) size 800x600
  RenderBlock {HTML} at (0,0) size 800x600
    RenderBody {BODY} at (8,8) size 784x584
      RenderText {#text} at (0,0) size 731x16
        text run at (0,0) width 731: "The select item below has a label specified, and no enclosed text. There should be no text shown in the select box."
      RenderBR {BR} at (730,12) size 1x0
      RenderMenuList {SELECT} at (0,16) size 36x18 [bgcolor=#F8F8F8]
        RenderBlock (anonymous) at (0,0) size 36x18
          RenderBR at (8,2) size 0x13 [bgcolor=#F8F8F8]
      RenderText {#text} at (0,0) size 0x0
