layer at (0,0) size 800x600
  RenderView at (0,0) size 800x600
layer at (0,0) size 800x600
  RenderBlock {HTML} at (0,0) size 800x600
    RenderBody {BODY} at (8,8) size 784x584
      RenderText {#text} at (0,0) size 681x16
        text run at (0,0) width 681: "In the list box below, the text \"This text should appear\" should be shown as the first entry into the list box."
      RenderBR {BR} at (680,12) size 1x0
      RenderText {#text} at (0,0) size 0x0
layer at (8,23) size 144x73 clip at (9,24) size 131x71 scrollHeight 70
  RenderListBox {SELECT} at (0,15.06) size 143.88x72.94 [bgcolor=#FFFFFF] [border: (1px solid #999999)]
    RenderBlock {OPTION} at (1,1) size 130.88x14.19
      RenderText {#text} at (2,0) size 127x13
        text run at (2,0) width 127: "This text should appear"
