layer at (0,0) size 800x600
  RenderView at (0,0) size 800x600
layer at (0,0) size 800x600
  RenderBlock {HTML} at (0,0) size 800x600
    RenderBody {BODY} at (8,8) size 784x584
      RenderBlock {P} at (0,0) size 784x32
        RenderText {#text} at (0,0) size 781x32
          text run at (0,0) width 531: "The first empty image box below should have the default grey \"no border\" border. "
          text run at (530,0) width 251: "The second should have a 1-pixel solid"
          text run at (0,16) width 318: "black border. They should be the same otherwise."
      RenderBlock (anonymous) at (0,48) size 784x54
        RenderText {#text} at (0,38) size 55x16
          text run at (0,38) width 55: "border:0"
        RenderImage {IMG} at (54.20,0) size 338x50
      RenderBlock {HR} at (0,110) size 784x2 [border: (1px inset #EEEEEE)]
      RenderBlock (anonymous) at (0,120) size 784x56
        RenderText {#text} at (0,40) size 55x16
          text run at (0,40) width 55: "border:1"
        RenderImage {IMG} at (54.20,0) size 340x52 [border: (1px solid #000000)]
        RenderText {#text} at (0,0) size 0x0
