layer at (0,0) size 800x600
  RenderView at (0,0) size 800x600
layer at (0,0) size 800x600
  RenderBlock {HTML} at (0,0) size 800x600
    RenderBody {BODY} at (8,8) size 784x576
      RenderBlock (anonymous) at (0,0) size 784x19
        RenderTextControl {INPUT} at (0,0) size 123x19 [bgcolor=#FFFFFF] [border: (2px inset #EEEEEE)]
        RenderText {#text} at (123,2) size 4x16
          text run at (123,2) width 4: " "
        RenderTextControl {INPUT} at (127,0) size 123x19 [bgcolor=#FFFFFF] [border: (2px inset #EEEEEE)]
        RenderText {#text} at (250,2) size 4x16
          text run at (250,2) width 4: " "
        RenderTextControl {INPUT} at (254,0) size 123x19 [bgcolor=#FFFFFF] [border: (2px inset #EEEEEE)]
        RenderText {#text} at (0,0) size 0x0
      RenderBlock {P} at (0,35) size 784x32
        RenderText {#text} at (0,0) size 768x32
          text run at (0,0) width 768: "Tests scrolling back to the beginning when a text field blurs. The first field should be scrolled to the left, the second and"
          text run at (0,16) width 164: "third scrolled to the right."
layer at (11,11) size 117x13 scrollWidth 317
  RenderBlock {DIV} at (3,3) size 117x13
    RenderText {#text} at (0,0) size 317x13
      text run at (0,0) width 317: "this text field has a lot of text in it so that it needs to scroll"
layer at (138,11) size 117x13 scrollX 199.00 scrollWidth 316
  RenderBlock {DIV} at (3,3) size 117x13
    RenderText {#text} at (-199,0) size 317x13
      text run at (-199,0) width 316: "this text field has a lot of text in it so that it needs to scroll"
layer at (265,11) size 117x13 scrollX 200.00 scrollWidth 317
  RenderBlock {DIV} at (3,3) size 117x13
    RenderText {#text} at (0,0) size 317x13
      text run at (0,0) width 317: "this text field has a lot of text in it so that it needs to scroll"
caret: position 66 of child 0 {#text} of child 0 {DIV} of {#document-fragment} of child 4 {INPUT} of body
