layer at (0,0) size 800x600
  RenderView at (0,0) size 800x600
layer at (0,0) size 800x600
  RenderBlock {HTML} at (0,0) size 800x600
    RenderBody {BODY} at (8,8) size 784x576
      RenderBlock (anonymous) at (0,0) size 784x16
        RenderText {#text} at (0,0) size 772x16
          text run at (0,0) width 772: "This test uses the new text field to test focus() and blur() and to make sure that onFocus and onBlur events fire correctly."
      RenderBlock {P} at (0,32) size 784x19
        RenderTextControl {INPUT} at (0,0) size 123x19 [bgcolor=#FFFFFF] [border: (2px inset #EEEEEE)]
        RenderText {#text} at (123,2) size 4x16
          text run at (123,2) width 4: " "
        RenderTextControl {INPUT} at (127,0) size 123x19 [bgcolor=#FFFFFF] [border: (2px inset #EEEEEE)]
        RenderText {#text} at (0,0) size 0x0
      RenderBlock {DIV} at (0,67) size 784x64
        RenderBR {BR} at (0,0) size 0x16
        RenderText {#text} at (0,16) size 328x16
          text run at (0,16) width 328: "Test Passed. Text field 1's onFocus event has fired."
        RenderBR {BR} at (327,28) size 1x0
        RenderText {#text} at (0,32) size 318x16
          text run at (0,32) width 318: "Test Passed. Text field 1's onBlur event has fired."
        RenderBR {BR} at (317,44) size 1x0
        RenderText {#text} at (0,48) size 328x16
          text run at (0,48) width 328: "Test Passed. Text field 2's onFocus event has fired."
      RenderBlock {P} at (0,147) size 784x0
layer at (11,43) size 117x13
  RenderBlock {DIV} at (3,3) size 117x13
    RenderText {#text} at (0,0) size 82x13
      text run at (0,0) width 82: "My Text Field 1"
layer at (138,43) size 117x13
  RenderBlock {DIV} at (3,3) size 117x13
    RenderText {#text} at (0,0) size 82x13
      text run at (0,0) width 82: "My Text Field 2"
caret: position 0 of child 0 {#text} of child 0 {DIV} of {#document-fragment} of child 3 {INPUT} of child 1 {P} of body
