layer at (0,0) size 800x600
  RenderView at (0,0) size 800x600
layer at (0,0) size 800x600
  RenderBlock {HTML} at (0,0) size 800x600
    RenderBody {BODY} at (8,8) size 784x584
      RenderText {#text} at (0,0) size 770x32
        text run at (0,0) width 770: "This tests that leading and trailing spaces in a text field don't get lost. There should be 3 spaces before and 3 spaces after"
        text run at (0,16) width 129: "the text in the field. "
      RenderBR {BR} at (128,28) size 1x0
      RenderTextControl {INPUT} at (0,32) size 123x19 [bgcolor=#FFFFFF] [border: (2px inset #EEEEEE)]
      RenderText {#text} at (0,0) size 0x0
layer at (11,43) size 117x13
  RenderBlock {DIV} at (3,3) size 117x13
    RenderText {#text} at (0,0) size 60x13
      text run at (0,0) width 60: "   foo bar   "
