layer at (0,0) size 800x600
  RenderView at (0,0) size 800x600
layer at (0,0) size 800x600
  RenderBlock {HTML} at (0,0) size 800x600
    RenderBody {BODY} at (8,8) size 784x584
      RenderBlock {P} at (0,0) size 784x16
        RenderText {#text} at (0,0) size 591x16
          text run at (0,0) width 591: "The following 4 images should be all be rendered exactly the same, aligned to the right side."
      RenderImage {INPUT} at (767,32) size 17x19
      RenderBlock (anonymous) at (0,32) size 784x96
        RenderBR {BR} at (0,0) size 0x16
        RenderBR {BR} at (0,16) size 0x16
        RenderImage {INPUT} at (767,32) size 17x19
        RenderBR {BR} at (0,32) size 0x16
        RenderBR {BR} at (0,48) size 0x16
        RenderImage {INPUT} at (767,64) size 17x19
        RenderBR {BR} at (0,64) size 0x16
        RenderBR {BR} at (0,80) size 0x16
      RenderBlock {DIV} at (0,128) size 784x0
        RenderImage {INPUT} at (767,0) size 17x19
