layer at (0,0) size 800x600
  RenderView at (0,0) size 800x600
layer at (0,0) size 800x600
  RenderBlock {HTML} at (0,0) size 800x600
    RenderBody {BODY} at (8,8) size 784x576
      RenderBlock (anonymous) at (0,0) size 784x19
        RenderTextControl {INPUT} at (0,0) size 123x19 [bgcolor=#FFFFFF] [border: (2px inset #EEEEEE)]
        RenderText {#text} at (0,0) size 0x0
      RenderBlock {P} at (0,35) size 784x32
        RenderText {#text} at (0,0) size 779x32
          text run at (0,0) width 779: "Tests clicking on an input element that has a value that self-destructs. If the test succeeds, there should be a blinking caret"
          text run at (0,16) width 102: "in the text field."
layer at (11,11) size 117x13
  RenderBlock {DIV} at (3,3) size 117x13
caret: position 0 of child 0 {DIV} of {#document-fragment} of child 0 {INPUT} of body
