layer at (0,0) size 800x600
  RenderView at (0,0) size 800x600
layer at (0,0) size 800x600
  RenderBlock {HTML} at (0,0) size 800x600
    RenderBody {BODY} at (8,8) size 784x584
      RenderBlock {P} at (0,0) size 784x16
        RenderText {#text} at (0,0) size 350x16
          text run at (0,0) width 350: "Focus the field, focus away, then focus the field again."
      RenderBlock {DIV} at (0,32) size 784x19
        RenderTextControl {INPUT} at (0,0) size 123x19 [bgcolor=#FFFFFF] [border: (2px inset #EEEEEE)]
        RenderText {#text} at (0,0) size 0x0
        RenderText {#text} at (0,0) size 0x0
layer at (11,43) size 117x13
  RenderBlock {DIV} at (3,3) size 117x13 [color=#A9A9A9]
    RenderText {#text} at (0,0) size 62x13
      text run at (0,0) width 62: "Placeholder"
layer at (11,43) size 117x13
  RenderBlock {DIV} at (3,3) size 117x13
caret: position 0 of child 0 {DIV} of {#document-fragment} of child 1 {INPUT} of child 3 {DIV} of body
