layer at (0,0) size 800x600
  RenderView at (0,0) size 800x600
layer at (0,0) size 800x600
  RenderBlock {HTML} at (0,0) size 800x600
    RenderBody {BODY} at (8,8) size 784x584
      RenderText {#text} at (0,0) size 408x16
        text run at (0,0) width 408: "This tests that text can not be inserted into a disabled text field. "
      RenderBR {BR} at (407,12) size 1x0
      RenderTextControl {INPUT} at (0,16) size 123x19 [color=#545454] [bgcolor=#FFFFFF] [border: (2px inset #EEEEEE)]
      RenderText {#text} at (0,0) size 0x0
layer at (11,27) size 117x13
  RenderBlock {DIV} at (3,3) size 117x13
    RenderText {#text} at (0,0) size 63x13
      text run at (0,0) width 63: "Test Passed"
