layer at (0,0) size 800x600
  RenderView at (0,0) size 800x600
layer at (0,0) size 800x600
  RenderBlock {HTML} at (0,0) size 800x600
    RenderBody {BODY} at (8,8) size 784x576
      RenderBlock (anonymous) at (0,0) size 784x16
        RenderText {#text} at (0,0) size 781x16
          text run at (0,0) width 781: "This tests the height attribute of form elements. The only element that should honour this value is the Image type of input."
      RenderBlock {FORM} at (0,16) size 784x223
        RenderText {#text} at (0,2) size 37x16
          text run at (0,2) width 37: "input "
        RenderTextControl {INPUT} at (36.89,0) size 123x19 [bgcolor=#FFFFFF] [border: (2px inset #EEEEEE)]
        RenderText {#text} at (159,2) size 5x16
          text run at (159,2) width 5: " "
        RenderBR {BR} at (163,14) size 1x0
        RenderText {#text} at (0,21) size 28x16
          text run at (0,21) width 28: "text "
        RenderTextControl {INPUT} at (27.98,19) size 123x19 [bgcolor=#FFFFFF] [border: (2px inset #EEEEEE)]
        RenderText {#text} at (150,21) size 5x16
          text run at (150,21) width 5: " "
        RenderBR {BR} at (154,33) size 1x0
        RenderText {#text} at (0,39) size 66x16
          text run at (0,39) width 66: "checkbox "
        RenderBlock {INPUT} at (68.20,41) size 12x12
        RenderText {#text} at (83,39) size 5x16
          text run at (83,39) width 5: " "
        RenderBR {BR} at (87,51) size 1x0
        RenderText {#text} at (0,57) size 26x16
          text run at (0,57) width 26: "file "
        RenderFileUploadControl {INPUT} at (25.31,56) size 237x18 "No file chosen"
          RenderButton {INPUT} at (0,0) size 77.56x18 [bgcolor=#C0C0C0]
            RenderBlock (anonymous) at (8,2.50) size 61.56x13
              RenderText {#text} at (0,0) size 62x13
                text run at (0,0) width 62: "Choose File"
        RenderText {#text} at (262,57) size 5x16
          text run at (262,57) width 5: " "
        RenderBR {BR} at (266,69) size 1x0
        RenderText {#text} at (0,74) size 44x16
          text run at (0,74) width 44: "image "
        RenderImage {INPUT} at (43.09,85) size 10x1
        RenderText {#text} at (53,74) size 5x16
          text run at (53,74) width 5: " "
        RenderBR {BR} at (57,86) size 1x0
        RenderText {#text} at (0,92) size 37x16
          text run at (0,92) width 37: "radio "
        RenderBlock {INPUT} at (39.78,93) size 12x13
        RenderText {#text} at (54,92) size 5x16
          text run at (54,92) width 5: " "
        RenderBR {BR} at (58,104) size 1x0
        RenderText {#text} at (0,114) size 40x16
          text run at (0,114) width 40: "range "
        RenderSlider {INPUT} at (41.53,111) size 129x15 [color=#909090] [bgcolor=#FFFFFF]
          RenderFlexibleBox {DIV} at (0,0) size 129x15
            RenderBlock {DIV} at (0,0) size 129x15
              RenderBlock {DIV} at (57,0) size 15x15
        RenderText {#text} at (172,114) size 5x16
          text run at (172,114) width 5: " "
        RenderBR {BR} at (176,126) size 1x0
        RenderText {#text} at (0,131) size 35x16
          text run at (0,131) width 35: "reset "
        RenderButton {INPUT} at (34.20,130) size 44.94x18 [bgcolor=#C0C0C0]
          RenderBlock (anonymous) at (8,2.50) size 28.94x13
            RenderText {#text} at (0,0) size 29x13
              text run at (0,0) width 29: "Reset"
        RenderText {#text} at (79,131) size 5x16
          text run at (79,131) width 5: " "
        RenderBR {BR} at (83,143) size 1x0
        RenderText {#text} at (0,149) size 48x16
          text run at (0,149) width 48: "submit "
        RenderButton {INPUT} at (47.56,148) size 53.25x18 [bgcolor=#C0C0C0]
          RenderBlock (anonymous) at (8,2.50) size 37.25x13
            RenderText {#text} at (0,0) size 38x13
              text run at (0,0) width 38: "Submit"
        RenderText {#text} at (100,149) size 5x16
          text run at (100,149) width 5: " "
        RenderBR {BR} at (104,161) size 1x0
        RenderText {#text} at (0,168) size 51x16
          text run at (0,168) width 51: "isindex "
        RenderTextControl {INPUT} at (50.22,166) size 123x19 [bgcolor=#FFFFFF] [border: (2px inset #EEEEEE)]
        RenderText {#text} at (173,168) size 5x16
          text run at (173,168) width 5: " "
        RenderBR {BR} at (177,180) size 1x0
        RenderText {#text} at (0,187) size 65x16
          text run at (0,187) width 65: "password "
        RenderTextControl {INPUT} at (64.44,185) size 123x19 [bgcolor=#FFFFFF] [border: (2px inset #EEEEEE)]
        RenderText {#text} at (187,187) size 5x16
          text run at (187,187) width 5: " "
        RenderBR {BR} at (191,199) size 1x0
        RenderText {#text} at (0,206) size 45x16
          text run at (0,206) width 45: "search "
        RenderTextControl {INPUT} at (44.86,204) size 125x19 [bgcolor=#FFFFFF] [border: (2px inset #EEEEEE)]
          RenderFlexibleBox {DIV} at (4,3) size 117x13
            RenderBlock {DIV} at (0,6.50) size 5x0
            RenderBlock {DIV} at (5,0) size 100x13
        RenderText {#text} at (0,0) size 0x0
layer at (48,27) size 117x13
  RenderBlock {DIV} at (3,3) size 117x13
layer at (39,46) size 117x13
  RenderBlock {DIV} at (3,3) size 117x13
layer at (61,193) size 117x13
  RenderBlock {DIV} at (3,3) size 117x13
layer at (75,212) size 117x13
  RenderBlock {DIV} at (3,3) size 117x13
layer at (62,231) size 100x13
  RenderBlock {DIV} at (0,0) size 100x13
layer at (163,232) size 11x11 transparent
  RenderBlock {DIV} at (106,1) size 11x11
