layer at (0,0) size 800x600
  RenderView at (0,0) size 800x600
layer at (0,0) size 800x600
  RenderBlock {HTML} at (0,0) size 800x600
    RenderBody {BODY} at (8,8) size 784x576
      RenderBlock (anonymous) at (0,0) size 784x16
        RenderText {#text} at (0,0) size 344x16
          text run at (0,0) width 344: "This tests the selection methods on the new text field."
      RenderBlock {P} at (0,32) size 784x19
        RenderTextControl {INPUT} at (0,0) size 123x19 [bgcolor=#FFFFFF] [border: (2px inset #EEEEEE)]
        RenderText {#text} at (0,0) size 0x0
      RenderBlock {DIV} at (0,67) size 784x432
        RenderBR {BR} at (0,0) size 0x16
        RenderText {#text} at (0,16) size 201x16
          text run at (0,16) width 201: "Test 1: setSelectionRange(0, 0)"
        RenderBR {BR} at (200,28) size 1x0
        RenderText {#text} at (0,32) size 48x16
          text run at (0,32) width 48: "Passed."
        RenderBR {BR} at (47,44) size 1x0
        RenderBR {BR} at (0,48) size 0x16
        RenderText {#text} at (0,64) size 164x16
          text run at (0,64) width 164: "Test 2: selectionEnd = 17"
        RenderBR {BR} at (163,76) size 1x0
        RenderText {#text} at (0,80) size 48x16
          text run at (0,80) width 48: "Passed."
        RenderBR {BR} at (47,92) size 1x0
        RenderBR {BR} at (0,96) size 0x16
        RenderText {#text} at (0,112) size 161x16
          text run at (0,112) width 161: "Test 3: selectionStart = 1"
        RenderBR {BR} at (160,124) size 1x0
        RenderText {#text} at (0,128) size 48x16
          text run at (0,128) width 48: "Passed."
        RenderBR {BR} at (47,140) size 1x0
        RenderBR {BR} at (0,144) size 0x16
        RenderText {#text} at (0,160) size 209x16
          text run at (0,160) width 209: "Test 4: setSelectionRange(10, 3)"
        RenderBR {BR} at (208,172) size 1x0
        RenderText {#text} at (0,176) size 48x16
          text run at (0,176) width 48: "Passed."
        RenderBR {BR} at (47,188) size 1x0
        RenderBR {BR} at (0,192) size 0x16
        RenderText {#text} at (0,208) size 156x16
          text run at (0,208) width 156: "Test 5: selectionEnd = 2"
        RenderBR {BR} at (155,220) size 1x0
        RenderText {#text} at (0,224) size 48x16
          text run at (0,224) width 48: "Passed."
        RenderBR {BR} at (47,236) size 1x0
        RenderBR {BR} at (0,240) size 0x16
        RenderText {#text} at (0,256) size 201x16
          text run at (0,256) width 201: "Test 6: setSelectionRange(5, 4)"
        RenderBR {BR} at (200,268) size 1x0
        RenderText {#text} at (0,272) size 48x16
          text run at (0,272) width 48: "Passed."
        RenderBR {BR} at (47,284) size 1x0
        RenderBR {BR} at (0,288) size 0x16
        RenderText {#text} at (0,304) size 212x16
          text run at (0,304) width 212: "Test 7: setSelectionRange(-5, -4)"
        RenderBR {BR} at (211,316) size 1x0
        RenderText {#text} at (0,320) size 48x16
          text run at (0,320) width 48: "Passed."
        RenderBR {BR} at (47,332) size 1x0
        RenderBR {BR} at (0,336) size 0x16
        RenderText {#text} at (0,352) size 215x16
          text run at (0,352) width 215: "Test 8: setSelectionRange(-5, 80)"
        RenderBR {BR} at (214,364) size 1x0
        RenderText {#text} at (0,368) size 48x16
          text run at (0,368) width 48: "Passed."
        RenderBR {BR} at (47,380) size 1x0
        RenderBR {BR} at (0,384) size 0x16
        RenderText {#text} at (0,400) size 209x16
          text run at (0,400) width 209: "Test 9: setSelectionRange(3, 12)"
        RenderBR {BR} at (208,412) size 1x0
        RenderText {#text} at (0,416) size 48x16
          text run at (0,416) width 48: "Passed."
        RenderBR {BR} at (47,428) size 1x0
      RenderBlock {P} at (0,515) size 784x0
layer at (11,43) size 117x13 scrollWidth 131
  RenderBlock {DIV} at (3,3) size 117x13
    RenderText {#text} at (0,0) size 131x13
      text run at (0,0) width 131: "123456789 ABCDEFGHIJ"
selection start: position 3 of child 0 {#text} of child 0 {DIV} of {#document-fragment} of child 1 {INPUT} of child 1 {P} of body
selection end:   position 12 of child 0 {#text} of child 0 {DIV} of {#document-fragment} of child 1 {INPUT} of child 1 {P} of body
