layer at (0,0) size 785x655
  RenderView at (0,0) size 785x600
layer at (0,0) size 785x655
  RenderBlock {HTML} at (0,0) size 785x655
    RenderBody {BODY} at (8,8) size 769x639
      RenderBlock (anonymous) at (0,0) size 769x16
        RenderText {#text} at (0,0) size 254x16
          text run at (0,0) width 254: "This tests minMaxWidth for text fields."
      RenderBlock {P} at (0,32) size 769x16
        RenderText {#text} at (0,0) size 72x16
          text run at (0,0) width 72: "Test case 1"
      RenderTable {TABLE} at (0,64) size 118x37 [border: (3px solid #0000FF)]
        RenderTableSection {TBODY} at (3,3) size 112x31
          RenderTableRow {TR} at (0,2) size 112x27
            RenderTableCell {TD} at (2,2) size 108x27 [border: (3px solid #FF0000)] [r=0 c=0 rs=1 cs=1]
              RenderTextControl {INPUT} at (4,4) size 100x19 [bgcolor=#FFFFFF] [border: (2px inset #EEEEEE)]
      RenderBlock {P} at (0,117) size 769x16
        RenderText {#text} at (0,0) size 72x16
          text run at (0,0) width 72: "Test case 2"
      RenderTable {TABLE} at (0,149) size 167x66 [border: (3px solid #0000FF)]
        RenderTableSection {TBODY} at (3,3) size 161x60
          RenderTableRow {TR} at (0,2) size 161x27
            RenderTableCell {TD} at (2,6) size 47x18 [r=0 c=0 rs=1 cs=1]
              RenderText {#text} at (1,1) size 26x16
                text run at (1,1) width 26: "first"
            RenderTableCell {TD} at (51,2) size 108x27 [border: (3px solid #FF0000)] [r=0 c=1 rs=1 cs=1]
              RenderTextControl {INPUT} at (4,4) size 100x19 [bgcolor=#FFFFFF] [border: (2px inset #EEEEEE)]
          RenderTableRow {TR} at (0,31) size 161x27
            RenderTableCell {TD} at (2,35) size 47x18 [r=1 c=0 rs=1 cs=1]
              RenderText {#text} at (1,1) size 45x16
                text run at (1,1) width 45: "second"
            RenderTableCell {TD} at (51,31) size 108x27 [border: (3px solid #FF0000)] [r=1 c=1 rs=1 cs=1]
              RenderTextControl {INPUT} at (4,4) size 100x19 [bgcolor=#FFFFFF] [border: (2px inset #EEEEEE)]
      RenderBlock {P} at (0,231) size 769x16
        RenderText {#text} at (0,0) size 72x16
          text run at (0,0) width 72: "Test case 3"
      RenderTable {TABLE} at (0,263) size 55x69 [border: (3px solid #0000FF)]
        RenderTableSection {TBODY} at (3,3) size 49x63
          RenderTableRow {TR} at (0,2) size 49x59
            RenderTableCell {TD} at (2,2) size 45x59 [border: (3px solid #FF0000)] [r=0 c=0 rs=1 cs=1]
              RenderText {#text} at (4,4) size 37x32
                text run at (4,4) width 37: "width"
                text run at (4,20) width 32: "30px"
              RenderTextControl {INPUT} at (4,36) size 30x19 [bgcolor=#FFFFFF] [border: (2px inset #EEEEEE)]
      RenderBlock {P} at (0,348) size 769x16
        RenderText {#text} at (0,0) size 72x16
          text run at (0,0) width 72: "Test case 4"
      RenderTable {TABLE} at (0,380) size 218x63 [border: (3px solid #0000FF)]
        RenderTableSection {TBODY} at (3,3) size 212x57
          RenderTableRow {TR} at (0,2) size 212x27
            RenderTableCell {TD} at (2,2) size 208x27 [border: (3px solid #FF0000)] [r=0 c=0 rs=1 cs=1]
              RenderTextControl {INPUT} at (4,4) size 200x19 [bgcolor=#FFFFFF] [border: (2px inset #EEEEEE)]
          RenderTableRow {TR} at (0,31) size 212x24
            RenderTableCell {TD} at (2,31) size 208x24 [border: (3px solid #FF0000)] [r=1 c=0 rs=1 cs=1]
              RenderBlock {DIV} at (4,4) size 200x16
                RenderText {#text} at (0,0) size 40x16
                  text run at (0,0) width 40: "200px"
      RenderBlock {P} at (0,459) size 769x16
        RenderText {#text} at (0,0) size 72x16
          text run at (0,0) width 72: "Test case 5"
      RenderTable {TABLE} at (0,491) size 88x37 [border: (3px solid #0000FF)]
        RenderTableSection {TBODY} at (3,3) size 82x31
          RenderTableRow {TR} at (0,2) size 82x27
            RenderTableCell {TD} at (2,2) size 78x27 [border: (3px solid #FF0000)] [r=0 c=0 rs=1 cs=1]
              RenderTextControl {INPUT} at (4,4) size 70x19 [bgcolor=#FFFFFF] [border: (2px inset #EEEEEE)]
      RenderBlock {P} at (0,544) size 769x16
        RenderText {#text} at (0,0) size 72x16
          text run at (0,0) width 72: "Test case 6"
      RenderTable {TABLE} at (0,576) size 141x63 [border: (3px solid #0000FF)]
        RenderTableSection {TBODY} at (3,3) size 135x57
          RenderTableRow {TR} at (0,2) size 135x27
            RenderTableCell {TD} at (2,2) size 131x27 [border: (3px solid #FF0000)] [r=0 c=0 rs=1 cs=1]
              RenderTextControl {INPUT} at (4,4) size 123x19 [bgcolor=#FFFFFF] [border: (2px inset #EEEEEE)]
          RenderTableRow {TR} at (0,31) size 135x24
            RenderTableCell {TD} at (2,31) size 131x24 [border: (3px solid #FF0000)] [r=1 c=0 rs=1 cs=1]
              RenderBlock {DIV} at (4,4) size 70x16
                RenderText {#text} at (0,0) size 32x16
                  text run at (0,0) width 32: "70px"
layer at (20,84) size 94x13
  RenderBlock {DIV} at (3,3) size 94x13
layer at (69,169) size 94x13
  RenderBlock {DIV} at (3,3) size 94x13
layer at (69,198) size 94x13
  RenderBlock {DIV} at (3,3) size 94x13
layer at (20,315) size 24x13
  RenderBlock {DIV} at (3,3) size 24x13
layer at (20,400) size 194x13
  RenderBlock {DIV} at (3,3) size 194x13
    RenderText {#text} at (0,0) size 62x13
      text run at (0,0) width 62: "width 100%"
layer at (20,511) size 64x13
  RenderBlock {DIV} at (3,3) size 64x13
    RenderText {#text} at (0,0) size 55x13
      text run at (0,0) width 55: "max 70px"
layer at (20,596) size 117x13
  RenderBlock {DIV} at (3,3) size 117x13
    RenderText {#text} at (0,0) size 95x13
      text run at (0,0) width 95: "min-width 100px"
