layer at (0,0) size 800x600
  RenderView at (0,0) size 800x600
layer at (0,0) size 800x600
  RenderBlock {HTML} at (0,0) size 800x600
    RenderBody {BODY} at (8,8) size 784x584
      RenderBlock {P} at (0,0) size 784x16
        RenderText {#text} at (0,0) size 117x16
          text run at (0,0) width 117: "This tests that the "
        RenderInline {CODE} at (0,0) size 71x13
          RenderText {#text} at (116,2) size 71x13
            text run at (116,2) width 71: "word-wrap"
        RenderText {#text} at (186,0) size 309x16
          text run at (186,0) width 309: " property is ignored for single-line text controls."
      RenderBlock (anonymous) at (0,32) size 784x33
        RenderTextControl {INPUT} at (0,0) size 123x33 [bgcolor=#FFFFFF] [border: (2px inset #EEEEEE)]
        RenderText {#text} at (0,0) size 0x0
layer at (11,50) size 117x13 scrollWidth 263
  RenderBlock {DIV} at (3,10) size 117x13
    RenderText {#text} at (0,0) size 263x13
      text run at (0,0) width 263: "This sentence should not wrap into the next line."
