layer at (0,0) size 800x600
  RenderView at (0,0) size 800x600
layer at (0,0) size 800x600
  RenderBlock {HTML} at (0,0) size 800x600
    RenderBody {BODY} at (8,8) size 784x584
      RenderBlock {P} at (0,0) size 784x32
        RenderText {#text} at (0,0) size 55x16
          text run at (0,0) width 55: "Test for "
        RenderInline {I} at (0,0) size 780x32
          RenderInline {A} at (0,0) size 306x16 [color=#0000EE]
            RenderText {#text} at (54,0) size 306x16
              text run at (54,0) width 306: "http://bugs.webkit.org/show_bug.cgi?id=13500"
          RenderText {#text} at (359,0) size 780x32
            text run at (359,0) width 5: " "
            text run at (363,0) width 417: "REGRESSION: Listbox scrollbar does not reflect actual scrolled"
            text run at (0,16) width 326: "position when selected option is added after layout"
        RenderText {#text} at (325,16) size 5x16
          text run at (325,16) width 5: "."
      RenderBlock {P} at (0,48) size 784x32
        RenderText {#text} at (0,0) size 744x32
          text run at (0,0) width 501: "The list box should be scrolled all the way down, showing the selected option "
          text run at (500,0) width 244: "\x{201C}Seven\x{201D}. The scroller should be at the"
          text run at (0,16) width 155: "bottom of the scroll bar "
          text run at (154,16) width 89: "to reflect this."
      RenderBlock (anonymous) at (0,96) size 784x57
        RenderText {#text} at (0,0) size 0x0
layer at (8,103) size 48x59 clip at (9,104) size 35x57 scrollY 42.00 scrollHeight 99
  RenderListBox {SELECT} at (0,-0.75) size 47.70x58.75 [bgcolor=#FFFFFF] [border: (1px solid #999999)]
    RenderBlock {OPTION} at (1,1) size 34.70x14.19
      RenderText {#text} at (2,0) size 22x13
        text run at (2,0) width 22: "One"
    RenderBlock {OPTION} at (1,15.19) size 34.70x14.19
      RenderText {#text} at (2,0) size 23x13
        text run at (2,0) width 23: "Two"
    RenderBlock {OPTION} at (1,29.38) size 34.70x14.19
      RenderText {#text} at (2,0) size 31x13
        text run at (2,0) width 31: "Three"
    RenderBlock {OPTION} at (1,43.56) size 34.70x14.19
      RenderText {#text} at (2,0) size 24x13
        text run at (2,0) width 24: "Four"
    RenderBlock {OPTION} at (1,57.75) size 34.70x14.19
      RenderText {#text} at (2,0) size 21x13
        text run at (2,0) width 21: "Five"
    RenderBlock {OPTION} at (1,71.94) size 34.70x14.19
      RenderText {#text} at (2,0) size 16x13
        text run at (2,0) width 16: "Six"
    RenderBlock {OPTION} at (1,86.13) size 34.70x14.19 [bgcolor=#D4D4D4]
      RenderText {#text} at (2,0) size 31x13
        text run at (2,0) width 31: "Seven"
