layer at (0,0) size 800x600
  RenderView at (0,0) size 800x600
layer at (0,0) size 800x600
  RenderBlock {HTML} at (0,0) size 800x600
    RenderBody {BODY} at (8,8) size 784x584
      RenderBlock {DIV} at (0,0) size 122.42x25 [bgcolor=#C3D9FF]
        RenderTable {TABLE} at (0,0) size 122x25
          RenderTableSection {TBODY} at (0,0) size 122x25
            RenderTableRow {TR} at (0,2) size 122x21
              RenderTableCell {TD} at (2,2) size 118x21 [r=0 c=0 rs=1 cs=1]
                RenderTextControl {INPUT} at (1,1) size 116x19 [bgcolor=#FFFFFF] [border: (2px inset #EEEEEE)]
                RenderText {#text} at (0,0) size 0x0
layer at (14,14) size 110x13 scrollWidth 116
  RenderBlock {DIV} at (3,3) size 110x13
    RenderText {#text} at (0,0) size 116x13
      text run at (0,0) width 116: "Should fit in blue box"
