layer at (0,0) size 800x600
  RenderView at (0,0) size 800x600
layer at (0,0) size 800x600
  RenderBlock {HTML} at (0,0) size 800x600
    RenderBody {BODY} at (8,8) size 784x576
      RenderBlock (anonymous) at (0,0) size 784x16
        RenderText {#text} at (0,0) size 680x16
          text run at (0,0) width 680: "The textarea below should have standard line-height because textareas should ignore negative line-heights"
        RenderBR {BR} at (679,12) size 1x0
      RenderBlock {P} at (0,32) size 784x236
        RenderText {#text} at (0,0) size 85x16
          text run at (0,0) width 85: "TEXTAREA"
        RenderBR {BR} at (84,12) size 1x0
        RenderText {#text} at (400,204) size 4x16
          text run at (400,204) width 4: " "
        RenderBR {BR} at (0,0) size 0x0
        RenderBR {BR} at (0,220) size 0x16
layer at (8,56) size 400x200 clip at (9,57) size 398x198
  RenderTextControl {TEXTAREA} at (0,16) size 400x200 [bgcolor=#FFFFFF] [border: (1px dotted #C0C0C0)]
    RenderBlock {DIV} at (3,3) size 394x32
      RenderText {#text} at (0,0) size 388x32
        text run at (0,0) width 384: "Demo text here that wraps a bit and should demonstrate"
        text run at (383,0) width 5: " "
        text run at (0,16) width 184: "the goodness of line-height"
