layer at (0,0) size 800x600
  RenderView at (0,0) size 800x600
layer at (0,0) size 800x600
  RenderBlock {HTML} at (0,0) size 800x600
    RenderBody {BODY} at (8,8) size 784x584
      RenderBlock {P} at (0,0) size 784x16
        RenderText {#text} at (0,0) size 411x16
          text run at (0,0) width 411: "All of these selects should have the same amount of whitespace."
      RenderBlock (anonymous) at (0,32) size 784x234
        RenderText {#text} at (0,42) size 72x16
          text run at (0,42) width 72: "Five Tabs: "
        RenderBR {BR} at (138,54) size 1x0
        RenderBR {BR} at (0,58) size 0x16
        RenderText {#text} at (0,116) size 86x16
          text run at (0,116) width 86: "Five Spaces: "
        RenderBR {BR} at (152,128) size 1x0
        RenderBR {BR} at (0,132) size 0x16
        RenderText {#text} at (0,149) size 306x16
          text run at (0,149) width 306: "Five Spaces (with leading/trailing whitespace): "
        RenderMenuList {SELECT} at (305.25,148) size 92x18 [bgcolor=#F8F8F8]
          RenderBlock (anonymous) at (0,0) size 92x18
            RenderText at (8,2) size 61x13
              text run at (8,2) width 61: "Five Spaces"
        RenderBR {BR} at (397,161) size 1x0
        RenderBR {BR} at (0,166) size 0x16
        RenderText {#text} at (0,183) size 292x16
          text run at (0,183) width 292: "Five Tabs (with leading/trailing whitespace): "
        RenderMenuList {SELECT} at (291.92,182) size 81x18 [bgcolor=#F8F8F8]
          RenderBlock (anonymous) at (0,0) size 81x18
            RenderText at (8,2) size 50x13
              text run at (8,2) width 50: "Five Tabs"
        RenderBR {BR} at (372,195) size 1x0
        RenderBR {BR} at (0,200) size 0x16
        RenderText {#text} at (0,217) size 129x16
          text run at (0,217) width 129: "Mixed Whitespace: "
        RenderMenuList {SELECT} at (128.84,216) size 81x18 [bgcolor=#F8F8F8]
          RenderBlock (anonymous) at (0,0) size 81x18
            RenderText at (8,2) size 50x13
              text run at (8,2) width 50: "Five Tabs"
        RenderText {#text} at (0,0) size 0x0
layer at (80,39) size 67x59 clip at (81,40) size 54x57 scrollHeight 56
  RenderListBox {SELECT} at (71.98,-0.75) size 66.95x58.75 [bgcolor=#FFFFFF] [border: (1px solid #999999)]
    RenderBlock {OPTION} at (1,1) size 53.95x14.19
      RenderText {#text} at (2,0) size 50x13
        text run at (2,0) width 50: "Five Tabs"
layer at (93,113) size 67x59 clip at (94,114) size 54x57 scrollHeight 56
  RenderListBox {SELECT} at (85.31,73.25) size 66.95x58.75 [bgcolor=#FFFFFF] [border: (1px solid #999999)]
    RenderBlock {OPTION} at (1,1) size 53.95x14.19
      RenderText {#text} at (2,0) size 50x13
        text run at (2,0) width 50: "Five Tabs"
