layer at (0,0) size 800x600
  RenderView at (0,0) size 800x600
layer at (0,0) size 800x600
  RenderBlock {HTML} at (0,0) size 800x600
    RenderBody {BODY} at (8,8) size 784x584
      RenderText {#text} at (0,0) size 511x16
        text run at (0,0) width 511: "This tests that the display:none style will work on a search field's cancel button."
      RenderBR {BR} at (510,12) size 1x0
      RenderTextControl {INPUT} at (0,16) size 125x19 [bgcolor=#FFFFFF] [border: (2px inset #EEEEEE)]
        RenderFlexibleBox {DIV} at (4,3) size 117x13
          RenderBlock {DIV} at (0,6.50) size 5x0
          RenderBlock {DIV} at (5,0) size 112x13
      RenderText {#text} at (0,0) size 0x0
layer at (17,27) size 112x13
  RenderBlock {DIV} at (0,0) size 112x13
    RenderText {#text} at (0,0) size 20x13
      text run at (0,0) width 20: "test"
