layer at (0,0) size 800x600
  RenderView at (0,0) size 800x600
layer at (0,0) size 800x84
  RenderBlock {HTML} at (0,0) size 800x84
    RenderBody {BODY} at (8,8) size 784x60
      RenderTable {TABLE} at (0,0) size 61x28 [border: (1px outset #808080)]
        RenderTableSection {TBODY} at (1,1) size 59x26
          RenderTableRow {TR} at (0,2) size 59x22
            RenderTableCell {TD} at (2,2) size 55x22 [border: (1px inset #808080)] [r=0 c=0 rs=1 cs=1]
              RenderMenuList {SELECT} at (2,2) size 51x18 [bgcolor=#F8F8F8]
                RenderBlock (anonymous) at (0,0) size 51x18
                  RenderText at (8,2) size 20x13
                    text run at (8,2) width 20: "test"
      RenderBlock {P} at (0,44) size 784x16
        RenderText {#text} at (0,0) size 459x16
          text run at (0,0) width 459: "The select element in the table above must not spill outside of the table."
