layer at (0,0) size 800x600
  RenderView at (0,0) size 800x600
layer at (0,0) size 800x600
  RenderBlock {HTML} at (0,0) size 800x600
    RenderBody {BODY} at (8,8) size 784x584
      RenderText {#text} at (0,0) size 98x16
        text run at (0,0) width 98: "initial selected:"
      RenderBR {BR} at (97,12) size 1x0
      RenderText {#text} at (140,58) size 5x16
        text run at (140,58) width 5: " "
      RenderBR {BR} at (144,70) size 1x0
      RenderText {#text} at (0,74) size 165x16
        text run at (0,74) width 165: "dynamic selected change:"
      RenderBR {BR} at (164,86) size 1x0
      RenderText {#text} at (140,132) size 5x16
        text run at (140,132) width 5: " "
      RenderText {#text} at (0,0) size 0x0
      RenderBR {BR} at (0,0) size 0x0
      RenderText {#text} at (0,148) size 217x16
        text run at (0,148) width 217: "dynamic insert of selected option:"
      RenderBR {BR} at (216,160) size 1x0
      RenderText {#text} at (140,206) size 5x16
        text run at (140,206) width 5: " "
      RenderBR {BR} at (144,218) size 1x0
      RenderText {#text} at (0,222) size 98x16
        text run at (0,222) width 98: "initial selected:"
      RenderBR {BR} at (97,234) size 1x0
      RenderMenuList {SELECT} at (0,238) size 155x18 [bgcolor=#F8F8F8]
        RenderBlock (anonymous) at (0,0) size 155x18
          RenderText at (8,2) size 124x13
            text run at (8,2) width 124: "this should be selected"
      RenderText {#text} at (155,239) size 4x16
        text run at (155,239) width 4: " "
      RenderBR {BR} at (159,251) size 0x0
      RenderText {#text} at (0,256) size 165x16
        text run at (0,256) width 165: "dynamic selected change:"
      RenderBR {BR} at (164,268) size 1x0
      RenderMenuList {SELECT} at (0,272) size 155x18 [bgcolor=#F8F8F8]
        RenderBlock (anonymous) at (0,0) size 155x18
          RenderText at (8,2) size 124x13
            text run at (8,2) width 124: "this should be selected"
      RenderText {#text} at (155,273) size 4x16
        text run at (155,273) width 4: " "
      RenderText {#text} at (0,0) size 0x0
      RenderBR {BR} at (0,0) size 0x0
      RenderText {#text} at (0,290) size 217x16
        text run at (0,290) width 217: "dynamic insert of selected option:"
      RenderBR {BR} at (216,302) size 1x0
      RenderMenuList {SELECT} at (0,306) size 155x18 [bgcolor=#F8F8F8]
        RenderBlock (anonymous) at (0,0) size 155x18
          RenderText at (8,2) size 124x13
            text run at (8,2) width 124: "this should be selected"
      RenderText {#text} at (0,0) size 0x0
layer at (8,23) size 140x59 clip at (9,24) size 127x57 scrollY 99.00 scrollHeight 198
  RenderListBox {SELECT} at (0,15.25) size 140.19x58.75 [bgcolor=#FFFFFF] [border: (1px solid #999999)]
    RenderBlock {OPTION} at (1,1) size 127.19x14.19
      RenderText {#text} at (2,0) size 18x13
        text run at (2,0) width 18: "opt"
    RenderBlock {OPTION} at (1,15.19) size 127.19x14.19
      RenderText {#text} at (2,0) size 18x13
        text run at (2,0) width 18: "opt"
    RenderBlock {OPTION} at (1,29.38) size 127.19x14.19
      RenderText {#text} at (2,0) size 18x13
        text run at (2,0) width 18: "opt"
    RenderBlock {OPTION} at (1,43.56) size 127.19x14.19
      RenderText {#text} at (2,0) size 18x13
        text run at (2,0) width 18: "opt"
    RenderBlock {OPTION} at (1,57.75) size 127.19x14.19
      RenderText {#text} at (2,0) size 18x13
        text run at (2,0) width 18: "opt"
    RenderBlock {OPTION} at (1,71.94) size 127.19x14.19
      RenderText {#text} at (2,0) size 18x13
        text run at (2,0) width 18: "opt"
    RenderBlock {OPTION} at (1,86.13) size 127.19x14.19
      RenderText {#text} at (2,0) size 18x13
        text run at (2,0) width 18: "opt"
    RenderBlock {OPTION} at (1,100.31) size 127.19x14.19
      RenderText {#text} at (2,0) size 18x13
        text run at (2,0) width 18: "opt"
    RenderBlock {OPTION} at (1,114.50) size 127.19x14.19
      RenderText {#text} at (2,0) size 18x13
        text run at (2,0) width 18: "opt"
    RenderBlock {OPTION} at (1,128.69) size 127.19x14.19
      RenderText {#text} at (2,0) size 18x13
        text run at (2,0) width 18: "opt"
    RenderBlock {OPTION} at (1,142.88) size 127.19x14.19 [bgcolor=#D4D4D4]
      RenderText {#text} at (2,0) size 124x13
        text run at (2,0) width 124: "this should be selected"
    RenderBlock {OPTION} at (1,157.06) size 127.19x14.19
      RenderText {#text} at (2,0) size 18x13
        text run at (2,0) width 18: "opt"
    RenderBlock {OPTION} at (1,171.25) size 127.19x14.19
      RenderText {#text} at (2,0) size 18x13
        text run at (2,0) width 18: "opt"
    RenderBlock {OPTION} at (1,185.44) size 127.19x14.19
      RenderText {#text} at (2,0) size 18x13
        text run at (2,0) width 18: "opt"
layer at (8,97) size 140x59 clip at (9,98) size 127x57 scrollY 99.00 scrollHeight 198
  RenderListBox {SELECT} at (0,89.25) size 140.19x58.75 [bgcolor=#FFFFFF] [border: (1px solid #999999)]
    RenderBlock {OPTION} at (1,1) size 127.19x14.19
      RenderText {#text} at (2,0) size 18x13
        text run at (2,0) width 18: "opt"
    RenderBlock {OPTION} at (1,15.19) size 127.19x14.19
      RenderText {#text} at (2,0) size 18x13
        text run at (2,0) width 18: "opt"
    RenderBlock {OPTION} at (1,29.38) size 127.19x14.19
      RenderText {#text} at (2,0) size 18x13
        text run at (2,0) width 18: "opt"
    RenderBlock {OPTION} at (1,43.56) size 127.19x14.19
      RenderText {#text} at (2,0) size 18x13
        text run at (2,0) width 18: "opt"
    RenderBlock {OPTION} at (1,57.75) size 127.19x14.19
      RenderText {#text} at (2,0) size 18x13
        text run at (2,0) width 18: "opt"
    RenderBlock {OPTION} at (1,71.94) size 127.19x14.19
      RenderText {#text} at (2,0) size 18x13
        text run at (2,0) width 18: "opt"
    RenderBlock {OPTION} at (1,86.13) size 127.19x14.19
      RenderText {#text} at (2,0) size 18x13
        text run at (2,0) width 18: "opt"
    RenderBlock {OPTION} at (1,100.31) size 127.19x14.19
      RenderText {#text} at (2,0) size 18x13
        text run at (2,0) width 18: "opt"
    RenderBlock {OPTION} at (1,114.50) size 127.19x14.19
      RenderText {#text} at (2,0) size 18x13
        text run at (2,0) width 18: "opt"
    RenderBlock {OPTION} at (1,128.69) size 127.19x14.19
      RenderText {#text} at (2,0) size 18x13
        text run at (2,0) width 18: "opt"
    RenderBlock {OPTION} at (1,142.88) size 127.19x14.19 [bgcolor=#D4D4D4]
      RenderText {#text} at (2,0) size 124x13
        text run at (2,0) width 124: "this should be selected"
    RenderBlock {OPTION} at (1,157.06) size 127.19x14.19
      RenderText {#text} at (2,0) size 18x13
        text run at (2,0) width 18: "opt"
    RenderBlock {OPTION} at (1,171.25) size 127.19x14.19
      RenderText {#text} at (2,0) size 18x13
        text run at (2,0) width 18: "opt"
    RenderBlock {OPTION} at (1,185.44) size 127.19x14.19
      RenderText {#text} at (2,0) size 18x13
        text run at (2,0) width 18: "opt"
layer at (8,171) size 140x59 clip at (9,172) size 127x57 scrollY 42.00 scrollHeight 113
  RenderListBox {SELECT} at (0,163.25) size 140.19x58.75 [bgcolor=#FFFFFF] [border: (1px solid #999999)]
    RenderBlock {OPTION} at (1,1) size 127.19x14.19
      RenderText {#text} at (2,0) size 18x13
        text run at (2,0) width 18: "opt"
    RenderBlock {OPTION} at (1,15.19) size 127.19x14.19
      RenderText {#text} at (2,0) size 18x13
        text run at (2,0) width 18: "opt"
    RenderBlock {OPTION} at (1,29.38) size 127.19x14.19
      RenderText {#text} at (2,0) size 18x13
        text run at (2,0) width 18: "opt"
    RenderBlock {OPTION} at (1,43.56) size 127.19x14.19
      RenderText {#text} at (2,0) size 18x13
        text run at (2,0) width 18: "opt"
    RenderBlock {OPTION} at (1,57.75) size 127.19x14.19
      RenderText {#text} at (2,0) size 18x13
        text run at (2,0) width 18: "opt"
    RenderBlock {OPTION} at (1,71.94) size 127.19x14.19
      RenderText {#text} at (2,0) size 18x13
        text run at (2,0) width 18: "opt"
    RenderBlock {OPTION} at (1,86.13) size 127.19x14.19 [bgcolor=#D4D4D4]
      RenderText {#text} at (2,0) size 124x13
        text run at (2,0) width 124: "this should be selected"
    RenderBlock {OPTION} at (1,100.31) size 127.19x14.19
      RenderText {#text} at (2,0) size 18x13
        text run at (2,0) width 18: "opt"
