layer at (0,0) size 800x600
  RenderView at (0,0) size 800x600
layer at (0,0) size 800x600
  RenderBlock {HTML} at (0,0) size 800x600
    RenderBody {BODY} at (8,8) size 784x584
      RenderBlock {P} at (0,0) size 784x16
        RenderText {#text} at (0,0) size 372x16
          text run at (0,0) width 372: "The select below has a size of 3, but a much larger height."
      RenderBlock (anonymous) at (0,32) size 784x250
        RenderText {#text} at (0,0) size 0x0
layer at (8,40) size 59x250 clip at (9,41) size 46x248
  RenderListBox {SELECT} at (0,0) size 58.83x250 [bgcolor=#FFFFFF] [border: (1px solid #999999)]
    RenderBlock {OPTION} at (1,1) size 45.83x14.19
      RenderText {#text} at (2,0) size 20x13
        text run at (2,0) width 20: "one"
    RenderBlock {OPTION} at (1,15.19) size 45.83x14.19
      RenderText {#text} at (2,0) size 20x13
        text run at (2,0) width 20: "two"
    RenderBlock {OPTION} at (1,29.38) size 45.83x14.19
      RenderText {#text} at (2,0) size 28x13
        text run at (2,0) width 28: "three"
    RenderBlock {OPTION} at (1,43.56) size 45.83x14.19
      RenderText {#text} at (2,0) size 23x13
        text run at (2,0) width 23: "four"
    RenderBlock {OPTION} at (1,57.75) size 45.83x14.19
      RenderText {#text} at (2,0) size 20x13
        text run at (2,0) width 20: "five"
    RenderBlock {OPTION} at (1,71.94) size 45.83x14.19
      RenderText {#text} at (2,0) size 16x13
        text run at (2,0) width 16: "six"
    RenderBlock {OPTION} at (1,86.13) size 45.83x14.19
      RenderText {#text} at (2,0) size 31x13
        text run at (2,0) width 31: "seven"
    RenderBlock {OPTION} at (1,100.31) size 45.83x14.19
      RenderText {#text} at (2,0) size 28x13
        text run at (2,0) width 28: "eight"
    RenderBlock {OPTION} at (1,114.50) size 45.83x14.19
      RenderText {#text} at (2,0) size 23x13
        text run at (2,0) width 23: "nine"
    RenderBlock {OPTION} at (1,128.69) size 45.83x14.19
      RenderText {#text} at (2,0) size 18x13
        text run at (2,0) width 18: "ten"
    RenderBlock {OPTION} at (1,142.88) size 45.83x14.19
      RenderText {#text} at (2,0) size 35x13
        text run at (2,0) width 35: "eleven"
    RenderBlock {OPTION} at (1,157.06) size 45.83x14.19
      RenderText {#text} at (2,0) size 34x13
        text run at (2,0) width 34: "twelve"
    RenderBlock {OPTION} at (1,171.25) size 45.83x14.19
      RenderText {#text} at (2,0) size 42x13
        text run at (2,0) width 42: "thirteen"
