layer at (0,0) size 800x600
  RenderView at (0,0) size 800x600
layer at (0,0) size 800x90
  RenderBlock {HTML} at (0,0) size 800x90
    RenderBody {BODY} at (8,16) size 784x66
      RenderBlock {P} at (0,0) size 784x16
        RenderText {#text} at (0,0) size 222x16
          text run at (0,0) width 222: "The background should be yellow."
      RenderBlock (anonymous) at (0,32) size 784x34
        RenderMenuList {SELECT} at (0,0) size 168x34 [bgcolor=#FAFFBD] [border: (1px solid #A6A6A6)]
          RenderBlock (anonymous) at (1,6.50) size 166x21
            RenderText at (8,1) size 23x18
              text run at (8,1) width 23: "CA"
        RenderText {#text} at (0,0) size 0x0
        RenderText {#text} at (0,0) size 0x0
