layer at (0,0) size 800x600
  RenderView at (0,0) size 800x600
layer at (0,0) size 800x600
  RenderBlock {HTML} at (0,0) size 800x600
    RenderBody {BODY} at (8,8) size 784x584
      RenderText {#text} at (0,0) size 450x16
        text run at (0,0) width 450: "This tests that you can dynamically change a list box to a popup menu"
      RenderBR {BR} at (449,12) size 1x0
      RenderMenuList {SELECT} at (0,16) size 225x18 [bgcolor=#F8F8F8]
        RenderBlock (anonymous) at (0,0) size 225x18
          RenderText at (8,2) size 194x13
            text run at (8,2) width 194: "This should turn into a popup menu"
      RenderText {#text} at (0,0) size 0x0
