layer at (0,0) size 800x600
  RenderView at (0,0) size 800x600
layer at (0,0) size 800x119
  RenderBlock {HTML} at (0,0) size 800x119
    RenderBody {BODY} at (8,8) size 784x103
      RenderBlock (anonymous) at (0,0) size 784x16
        RenderInline {SPAN} at (0,0) size 644x16
          RenderText {#text} at (0,0) size 644x16
            text run at (0,0) width 644: "Test for crbug.com/335285: On OS Mac, Options of a multiple select are shifted right in RTL mode."
        RenderText {#text} at (0,0) size 0x0
      RenderBlock {DIV} at (0,16) size 784x87
        RenderText {#text} at (0,0) size 0x0
layer at (592,24) size 200x87 clip at (604,25) size 187x85
  RenderListBox {SELECT} at (584,-0.13) size 200x87.13 [bgcolor=#FFFFFF] [border: (1px solid #999999)]
    RenderBlock {OPTION} at (12,1) size 187x14.19
      RenderText {#text} at (151,0) size 34x13
        text run at (151,0) width 34: "Test 1"
    RenderBlock {OPTION} at (12,15.19) size 187x14.19
      RenderText {#text} at (151,0) size 34x13
        text run at (151,0) width 34: "Test 2"
    RenderBlock {OPTION} at (12,29.38) size 187x14.19
      RenderText {#text} at (151,0) size 34x13
        text run at (151,0) width 34: "Test 3"
    RenderBlock {OPTION} at (12,43.56) size 187x14.19
      RenderText {#text} at (151,0) size 34x13
        text run at (151,0) width 34: "Test 4"
    RenderBlock {OPTION} at (12,57.75) size 187x14.19
      RenderText {#text} at (151,0) size 34x13
        text run at (151,0) width 34: "Test 5"
