layer at (0,0) size 800x600
  RenderView at (0,0) size 800x600
layer at (0,0) size 800x600
  RenderBlock {HTML} at (0,0) size 800x600
    RenderBody {BODY} at (8,8) size 784x584
      RenderBlock {P} at (0,0) size 784x16
        RenderText {#text} at (0,0) size 591x16
          text run at (0,0) width 591: "The following select elements should all be rendered on the left, with their text left justified."
      RenderBlock (anonymous) at (0,32) size 784x90
        RenderMenuList {SELECT} at (0,0) size 300x18 [bgcolor=#F8F8F8]
          RenderBlock (anonymous) at (0,0) size 300x18
            RenderText at (8,2) size 163x13
              text run at (8,2) width 163: "This is should be left justified."
        RenderText {#text} at (300,1) size 4x16
          text run at (300,1) width 4: " "
        RenderBR {BR} at (0,0) size 0x0
        RenderMenuList {SELECT} at (0,18) size 300x18 [bgcolor=#F8F8F8]
          RenderBlock (anonymous) at (0,0) size 300x18
            RenderText at (8,2) size 163x13
              text run at (8,2) width 163: "This is should be left justified."
        RenderText {#text} at (300,19) size 4x16
          text run at (300,19) width 4: " "
        RenderBR {BR} at (0,0) size 0x0
        RenderMenuList {SELECT} at (0,36) size 300x18 [bgcolor=#F8F8F8]
          RenderBlock (anonymous) at (0,0) size 300x18
            RenderText at (8,2) size 163x13
              text run at (8,2) width 163: "This is should be left justified."
        RenderText {#text} at (300,37) size 4x16
          text run at (300,37) width 4: " "
        RenderBR {BR} at (0,0) size 0x0
        RenderMenuList {SELECT} at (0,54) size 300x18 [bgcolor=#F8F8F8]
          RenderBlock (anonymous) at (0,0) size 300x18
            RenderText at (8,2) size 163x13
              text run at (8,2) width 163: "This is should be left justified."
        RenderText {#text} at (300,55) size 4x16
          text run at (300,55) width 4: " "
        RenderBR {BR} at (0,0) size 0x0
        RenderMenuList {SELECT} at (0,72) size 300x18 [bgcolor=#F8F8F8]
          RenderBlock (anonymous) at (0,0) size 300x18
            RenderText at (8,2) size 163x13
              text run at (8,2) width 163: "This is should be left justified."
        RenderText {#text} at (0,0) size 0x0
        RenderText {#text} at (0,0) size 0x0
      RenderBlock {DIV} at (0,122) size 784x18
        RenderMenuList {SELECT} at (0,0) size 300x18 [bgcolor=#F8F8F8]
          RenderBlock (anonymous) at (0,0) size 300x18
            RenderText at (8,2) size 163x13
              text run at (8,2) width 163: "This is should be left justified."
