layer at (0,0) size 800x600
  RenderView at (0,0) size 800x600
layer at (0,0) size 800x600
  RenderBlock {HTML} at (0,0) size 800x600
    RenderBody {BODY} at (8,8) size 784x584
      RenderBlock {P} at (0,0) size 784x32
        RenderText {#text} at (0,0) size 55x16
          text run at (0,0) width 55: "Test for "
        RenderInline {I} at (0,0) size 718x32
          RenderInline {A} at (0,0) size 306x16 [color=#0000EE]
            RenderText {#text} at (54,0) size 306x16
              text run at (54,0) width 306: "http://bugs.webkit.org/show_bug.cgi?id=13775"
          RenderText {#text} at (359,0) size 718x32
            text run at (359,0) width 5: " "
            text run at (363,0) width 355: "REGRESSION: Popup button text should use \"natural\""
            text run at (0,16) width 330: "directionality to match the items in the popup menu"
        RenderText {#text} at (329,16) size 5x16
          text run at (329,16) width 5: "."
      RenderBlock {P} at (0,48) size 784x19
        RenderText {#text} at (0,3) size 677x16
          text run at (0,3) width 519: "In all of the popup buttons below, the letter A should be on the left and the letter "
          text run at (518,3) width 11 RTL: "\x{5D0}"
          text run at (528,3) width 149: " should be on the right."
      RenderBlock {DIV} at (0,83) size 784x36
        RenderBlock {DIV} at (0,0) size 784x18
          RenderMenuList {SELECT} at (0,0) size 70x18 [bgcolor=#F8F8F8]
            RenderBlock (anonymous) at (0,0) size 70x18
              RenderText at (8,2) size 15x13
                text run at (8,2) width 8 RTL: "\x{5D0}"
                text run at (15,2) width 8: "A"
          RenderText {#text} at (70,1) size 4x16
            text run at (70,1) width 4: " "
          RenderMenuList {SELECT} at (74,0) size 70x18 [bgcolor=#F8F8F8]
            RenderBlock (anonymous) at (0,0) size 70x18
              RenderText at (8,2) size 15x13
                text run at (8,2) width 8: "A"
                text run at (15,2) width 8 RTL: "\x{5D0}"
          RenderText {#text} at (144,1) size 4x16
            text run at (144,1) width 4: " "
          RenderMenuList {SELECT} at (148,0) size 70x18 [bgcolor=#F8F8F8]
            RenderBlock (anonymous) at (0,0) size 70x18
              RenderText at (8,2) size 19x13
                text run at (8,2) width 4: "("
                text run at (11,2) width 8 RTL: "\x{5D0}"
                text run at (18,2) width 9: "A"
          RenderText {#text} at (218,1) size 4x16
            text run at (218,1) width 4: " "
          RenderMenuList {SELECT} at (222,0) size 70x18 [bgcolor=#F8F8F8]
            RenderBlock (anonymous) at (0,0) size 70x18
              RenderText at (8,2) size 19x13
                text run at (8,2) width 12: "(A"
                text run at (19,2) width 8 RTL: "\x{5D0}"
          RenderText {#text} at (0,0) size 0x0
        RenderBlock {DIV} at (0,18) size 784x18
          RenderMenuList {SELECT} at (492,0) size 70x18 [bgcolor=#F8F8F8]
            RenderBlock (anonymous) at (0,0) size 70x18
              RenderText at (8,2) size 15x13
                text run at (8,2) width 8 RTL: "\x{5D0}"
                text run at (15,2) width 8: "A"
          RenderText {#text} at (562,1) size 4x16
            text run at (562,1) width 4: " "
          RenderMenuList {SELECT} at (566,0) size 70x18 [bgcolor=#F8F8F8]
            RenderBlock (anonymous) at (0,0) size 70x18
              RenderText at (8,2) size 15x13
                text run at (8,2) width 8: "A"
                text run at (15,2) width 8 RTL: "\x{5D0}"
          RenderText {#text} at (636,1) size 4x16
            text run at (636,1) width 4: " "
          RenderMenuList {SELECT} at (640,0) size 70x18 [bgcolor=#F8F8F8]
            RenderBlock (anonymous) at (0,0) size 70x18
              RenderText at (8,2) size 19x13
                text run at (8,2) width 4: "("
                text run at (11,2) width 8 RTL: "\x{5D0}"
                text run at (18,2) width 9: "A"
          RenderText {#text} at (710,1) size 4x16
            text run at (710,1) width 4: " "
          RenderMenuList {SELECT} at (714,0) size 70x18 [bgcolor=#F8F8F8]
            RenderBlock (anonymous) at (0,0) size 70x18
              RenderText at (8,2) size 19x13
                text run at (8,2) width 12: "(A"
                text run at (19,2) width 8 RTL: "\x{5D0}"
          RenderText {#text} at (0,0) size 0x0
      RenderBlock {DIV} at (0,119) size 784x36
        RenderBlock {DIV} at (0,0) size 784x18
          RenderMenuList {SELECT} at (222,0) size 70x18 [bgcolor=#F8F8F8]
            RenderBlock (anonymous) at (0,0) size 70x18
              RenderText at (32,2) size 15x13
                text run at (32,2) width 8: "A"
                text run at (39,2) width 8 RTL: "\x{5D0}"
          RenderText {#text} at (218,1) size 4x16
            text run at (218,1) width 4 RTL: " "
          RenderMenuList {SELECT} at (148,0) size 70x18 [bgcolor=#F8F8F8]
            RenderBlock (anonymous) at (0,0) size 70x18
              RenderText at (32,2) size 15x13
                text run at (32,2) width 8 RTL: "\x{5D0}"
                text run at (39,2) width 8: "A"
          RenderText {#text} at (144,1) size 4x16
            text run at (144,1) width 4 RTL: " "
          RenderMenuList {SELECT} at (74,0) size 70x18 [bgcolor=#F8F8F8]
            RenderBlock (anonymous) at (0,0) size 70x18
              RenderText at (28,2) size 19x13
                text run at (28,2) width 9: "A"
                text run at (36,2) width 11 RTL: "(\x{5D0}"
          RenderText {#text} at (70,1) size 4x16
            text run at (70,1) width 4 RTL: " "
          RenderMenuList {SELECT} at (0,0) size 70x18 [bgcolor=#F8F8F8]
            RenderBlock (anonymous) at (0,0) size 70x18
              RenderText at (28,2) size 19x13
                text run at (28,2) width 8 RTL: "\x{5D0}"
                text run at (35,2) width 9: "A"
                text run at (43,2) width 4 RTL: "("
          RenderText {#text} at (0,0) size 0x0
        RenderBlock {DIV} at (0,18) size 784x18
          RenderMenuList {SELECT} at (714,0) size 70x18 [bgcolor=#F8F8F8]
            RenderBlock (anonymous) at (0,0) size 70x18
              RenderText at (32,2) size 15x13
                text run at (32,2) width 8: "A"
                text run at (39,2) width 8 RTL: "\x{5D0}"
          RenderText {#text} at (710,1) size 4x16
            text run at (710,1) width 4 RTL: " "
          RenderMenuList {SELECT} at (640,0) size 70x18 [bgcolor=#F8F8F8]
            RenderBlock (anonymous) at (0,0) size 70x18
              RenderText at (32,2) size 15x13
                text run at (32,2) width 8 RTL: "\x{5D0}"
                text run at (39,2) width 8: "A"
          RenderText {#text} at (636,1) size 4x16
            text run at (636,1) width 4 RTL: " "
          RenderMenuList {SELECT} at (566,0) size 70x18 [bgcolor=#F8F8F8]
            RenderBlock (anonymous) at (0,0) size 70x18
              RenderText at (28,2) size 19x13
                text run at (28,2) width 9: "A"
                text run at (36,2) width 11 RTL: "(\x{5D0}"
          RenderText {#text} at (562,1) size 4x16
            text run at (562,1) width 4 RTL: " "
          RenderMenuList {SELECT} at (492,0) size 70x18 [bgcolor=#F8F8F8]
            RenderBlock (anonymous) at (0,0) size 70x18
              RenderText at (28,2) size 19x13
                text run at (28,2) width 8 RTL: "\x{5D0}"
                text run at (35,2) width 9: "A"
                text run at (43,2) width 4 RTL: "("
          RenderText {#text} at (0,0) size 0x0
