layer at (0,0) size 800x600
  RenderView at (0,0) size 800x600
layer at (0,0) size 800x600
  RenderBlock {HTML} at (0,0) size 800x600
    RenderBody {BODY} at (8,8) size 784x584
      RenderText {#text} at (0,0) size 458x16
        text run at (0,0) width 458: "This tests that you can dynamically change a popup menu to a list box. "
      RenderBR {BR} at (457,12) size 1x0
      RenderText {#text} at (0,0) size 0x0
layer at (8,23) size 182x73 clip at (9,24) size 169x71 scrollHeight 70
  RenderListBox {SELECT} at (0,15.06) size 182.31x72.94 [bgcolor=#FFFFFF] [border: (1px solid #999999)]
    RenderBlock {OPTION} at (1,1) size 169.31x14.19 [bgcolor=#D4D4D4]
      RenderText {#text} at (2,0) size 166x13
        text run at (2,0) width 166: "This should turn into a list box"
