layer at (0,0) size 800x600
  RenderView at (0,0) size 800x600
layer at (0,0) size 800x600
  RenderBlock {HTML} at (0,0) size 800x600
    RenderBody {BODY} at (8,8) size 784x584
      RenderTextControl {INPUT} at (0,0) size 123x19 [bgcolor=#FFFFFF] [border: (2px inset #EEEEEE)]
      RenderText {#text} at (123,2) size 4x16
        text run at (123,2) width 4: " "
      RenderTextControl {INPUT} at (127,0) size 123x19 [color=#FF0000] [bgcolor=#FFFFFF] [border: (2px inset #EEEEEE)]
      RenderText {#text} at (250,2) size 4x16
        text run at (250,2) width 4: " "
      RenderTextControl {INPUT} at (254,0) size 123x19 [bgcolor=#008000] [border: (2px inset #EEEEEE)]
      RenderText {#text} at (377,2) size 4x16
        text run at (377,2) width 4: " "
      RenderTextControl {INPUT} at (381,0) size 123x19 [color=#FF0000] [bgcolor=#008000] [border: (2px inset #EEEEEE)]
      RenderText {#text} at (0,0) size 0x0
layer at (11,11) size 117x13
  RenderBlock {DIV} at (3,3) size 117x13
    RenderText {#text} at (0,0) size 38x13
      text run at (0,0) width 38: "default"
layer at (138,11) size 117x13
  RenderBlock {DIV} at (3,3) size 117x13
    RenderText {#text} at (0,0) size 18x13
      text run at (0,0) width 18: "red"
layer at (265,11) size 117x13
  RenderBlock {DIV} at (3,3) size 117x13
    RenderText {#text} at (0,0) size 89x13
      text run at (0,0) width 89: "default on green"
layer at (392,11) size 117x13
  RenderBlock {DIV} at (3,3) size 117x13
    RenderText {#text} at (0,0) size 69x13
      text run at (0,0) width 69: "red on green"
