layer at (0,0) size 785x1173
  RenderView at (0,0) size 785x600
layer at (0,0) size 785x1173
  RenderBlock {HTML} at (0,0) size 785x1173.33
    RenderBody {BODY} at (8,8) size 769x1149.33
      RenderBlock (anonymous) at (0,0) size 769x16
        RenderText {#text} at (0,0) size 278x16
          text run at (0,0) width 278: "line-height settings not reflected in textarea"
        RenderBR {BR} at (277,0) size 1x16
      RenderBlock {P} at (0,32) size 769x258
        RenderText {#text} at (0,0) size 85x16
          text run at (0,0) width 85: "TEXTAREA"
        RenderBR {BR} at (84,0) size 1x16
        RenderText {#text} at (406,210) size 4x16
          text run at (406,210) width 4: " "
        RenderBR {BR} at (0,0) size 0x0
        RenderBR {BR} at (0,226) size 0x16
        RenderText {#text} at (0,242) size 150x16
          text run at (0,242) width 150: "PARAGRAPH - works"
      RenderBlock {P} at (0,306) size 402x202 [border: (1px dotted #C0C0C0)]
        RenderText {#text} at (1,19) size 384x69
          text run at (1,19) width 384: "Demo text here that wraps a bit and should demonstrate"
          text run at (1,72) width 184: "the goodness of line-height"
      RenderBlock (anonymous) at (0,521.33) size 769x32
        RenderBR {BR} at (0,0) size 0x16
        RenderText {#text} at (0,16) size 81x16
          text run at (0,16) width 81: "DIV - works"
        RenderBR {BR} at (80,16) size 1x16
      RenderBlock {DIV} at (0,553.33) size 402x202 [border: (1px dotted #C0C0C0)]
        RenderText {#text} at (1,19) size 384x69
          text run at (1,19) width 384: "Demo text here that wraps a bit and should demonstrate"
          text run at (1,72) width 184: "the goodness of line-height"
      RenderBlock (anonymous) at (0,755.33) size 769x394
        RenderBR {BR} at (0,0) size 0x16
        RenderBR {BR} at (0,16) size 0x16
        RenderText {#text} at (0,32) size 126x16
          text run at (0,32) width 126: "Un-Styled Textarea"
        RenderBR {BR} at (125,32) size 1x16
        RenderText {#text} at (161,68) size 4x16
          text run at (161,68) width 4: " "
        RenderBR {BR} at (0,0) size 0x0
        RenderBR {BR} at (0,84) size 0x16
        RenderText {#text} at (0,100) size 219x16
          text run at (0,100) width 219: "Totally Blank Un-Styled Textarea"
        RenderBR {BR} at (218,100) size 1x16
        RenderText {#text} at (161,136) size 4x16
          text run at (161,136) width 4: " "
        RenderBR {BR} at (0,0) size 0x0
        RenderBR {BR} at (0,152) size 0x16
        RenderText {#text} at (0,168) size 214x16
          text run at (0,168) width 214: "Totally Blank STYLED Textarea"
        RenderBR {BR} at (213,168) size 1x16
        RenderText {#text} at (0,0) size 0x0
      RenderBlock {P} at (0,1165.33) size 769x0
layer at (8,56) size 406x206 clip at (9,57) size 404x204
  RenderTextControl {TEXTAREA} at (0,16) size 406x206 [bgcolor=#FFFFFF] [border: (1px dotted #C0C0C0)]
    RenderBlock {DIV} at (3,3) size 400x106
      RenderText {#text} at (0,18) size 388x69
        text run at (0,18) width 384: "Demo text here that wraps a bit and should demonstrate"
        text run at (383,18) width 5: " "
        text run at (0,71) width 184: "the goodness of line-height"
layer at (8,811) size 161x32 clip at (9,812) size 144x30 scrollHeight 56
  RenderTextControl {TEXTAREA} at (0,48) size 161x32 [bgcolor=#FFFFFF] [border: (1px solid #000000)]
    RenderBlock {DIV} at (3,3) size 140x52
      RenderText {#text} at (0,0) size 129x52
        text run at (0,0) width 108: "Demo text here that"
        text run at (107,0) width 5: " "
        text run at (0,13) width 122: "wraps a bit and should"
        text run at (121,13) width 5: " "
        text run at (0,26) width 88: "demonstrate the"
        text run at (87,26) width 5: " "
        text run at (0,39) width 129: "goodness of line-height"
layer at (8,879) size 161x32 clip at (9,880) size 159x30
  RenderTextControl {TEXTAREA} at (0,116) size 161x32 [bgcolor=#FFFFFF] [border: (1px solid #000000)]
    RenderBlock {DIV} at (3,3) size 155x13
layer at (8,947) size 406x206 clip at (9,948) size 404x204
  RenderTextControl {TEXTAREA} at (0,184) size 406x206 [bgcolor=#FFFFFF] [border: (1px dotted #C0C0C0)]
    RenderBlock {DIV} at (3,3) size 400x53
