layer at (0,0) size 800x600
  RenderView at (0,0) size 800x600
layer at (0,0) size 800x600
  RenderBlock {HTML} at (0,0) size 800x600
    RenderBody {BODY} at (8,8) size 784x584
      RenderBlock (anonymous) at (0,0) size 784x32
        RenderText {#text} at (0,0) size 761x32
          text run at (0,0) width 733: "In the test below, the column rules should not be visible, since a negative z-index child is painting on top of them. "
          text run at (732,0) width 29: "You"
          text run at (0,16) width 159: "should see no red below."
layer at (8,40) size 784x524 layerType: background only
layer at (13,45) size 774x514
  RenderBlock (positioned) zI: -1 {DIV} at (5,5) size 774x514 [bgcolor=#EEEEEE]
layer at (8,40) size 784x524 layerType: foreground only
  RenderBlock (relative positioned) {DIV} at (0,32) size 784x524 [bgcolor=#FF0000] [border: (5px solid #000000)]
    RenderText {#text} at (35,5) size 227x1508
      text run at (35,5) width 182: "Lorem ipsum dolor sit amet,"
      text run at (35,21) width 218: "consectetuer adipiscing elit. Nulla"
      text run at (35,37) width 184: "varius enim ac mi. Curabitur"
      text run at (35,53) width 180: "sollicitudin felis quis lectus."
      text run at (35,69) width 212: "Quisque adipiscing rhoncus sem."
      text run at (35,85) width 206: "Proin nulla purus, vulputate vel,"
      text run at (35,101) width 197: "varius ut, euismod et, nisi. Sed"
      text run at (35,117) width 224: "vitae felis vel orci sagittis aliquam."
      text run at (35,133) width 195: "Cras convallis adipiscing sem."
      text run at (35,149) width 192: "Nam nonummy enim. Nullam"
      text run at (35,165) width 164: "bibendum lobortis neque."
      text run at (35,181) width 191: "Vestibulum velit orci, tempus"
      text run at (35,197) width 209: "euismod, pretium quis, interdum"
      text run at (35,213) width 217: "vitae, nulla. Phasellus eget ante et"
      text run at (35,229) width 207: "tortor condimentum vestibulum."
      text run at (35,245) width 206: "Suspendisse hendrerit quam nec"
      text run at (35,261) width 217: "felis. Sed varius turpis vitae pede."
      text run at (35,277) width 182: "Lorem ipsum dolor sit amet,"
      text run at (35,293) width 217: "consectetuer adipiscing elit. Proin"
      text run at (35,309) width 196: "bibendum justo ac enim. Class"
      text run at (35,325) width 192: "aptent taciti sociosqu ad litora"
      text run at (35,341) width 204: "torquent per conubia nostra, per"
      text run at (35,357) width 225: "inceptos hymenaeos. Sed leo nulla,"
      text run at (35,373) width 217: "rutrum eu, dictum ut, posuere vel,"
      text run at (35,389) width 189: "arcu. Nam libero. Morbi orci."
      text run at (35,405) width 218: "Maecenas pellentesque. Curabitur"
      text run at (35,421) width 209: "erat erat, ullamcorper at, gravida"
      text run at (35,437) width 201: "vitae, iaculis vitae, elit. Nullam"
      text run at (35,453) width 172: "quam. Quisque orci lectus,"
      text run at (35,469) width 196: "ullamcorper eu, imperdiet sed,"
      text run at (35,485) width 198: "accumsan et, ligula. Duis diam"
      text run at (35,501) width 201: "nisl, sagittis a, blandit volutpat,"
      text run at (35,519) width 203: "interdum sed, velit. Vestibulum"
      text run at (35,535) width 199: "quam. Nulla a purus. Phasellus"
      text run at (35,551) width 182: "semper semper lectus. Nulla"
      text run at (35,567) width 218: "porttitor, dolor dictum scelerisque"
      text run at (35,583) width 223: "luctus, velit ipsum lobortis mauris,"
      text run at (35,599) width 201: "ac pretium enim nunc vel risus."
      text run at (35,615) width 199: "Proin gravida mi ut sem cursus"
      text run at (35,631) width 194: "mattis. Fusce laoreet, nisi quis"
      text run at (35,647) width 226: "luctus volutpat, arcu pede tincidunt"
      text run at (35,663) width 213: "enim, nec malesuada urna nisl eu"
      text run at (35,679) width 202: "enim. Vivamus varius augue ac"
      text run at (35,695) width 198: "purus. Vestibulum vestibulum."
      text run at (35,711) width 164: "Phasellus et est vitae ante"
      text run at (35,727) width 166: "accumsan rhoncus. Morbi"
      text run at (35,743) width 227: "convallis, arcu at hendrerit gravida,"
      text run at (35,759) width 192: "sem diam dignissim risus, sed"
      text run at (35,775) width 218: "aliquet erat mi ut mi. Nunc cursus"
      text run at (35,791) width 214: "lacinia elit. Nunc nisi. Quisque at"
      text run at (35,807) width 195: "erat. Vestibulum dictum quam"
      text run at (35,823) width 200: "vitae nibh. Nunc vitae ante non"
      text run at (35,839) width 208: "odio interdum blandit. Curabitur"
      text run at (35,855) width 216: "leo quam, fermentum sed, feugiat"
      text run at (35,871) width 155: "in, ullamcorper id, nibh."
      text run at (35,887) width 204: "Suspendisse ac turpis. In iaculis"
      text run at (35,903) width 189: "sollicitudin dui. Aenean vitae"
      text run at (35,919) width 193: "lectus vitae nulla pellentesque"
      text run at (35,935) width 224: "sollicitudin. Nunc gravida pharetra"
      text run at (35,951) width 220: "lectus. Etiam lacus ligula, placerat"
      text run at (35,967) width 220: "ut, dictum vitae, tempus vel, risus."
      text run at (35,983) width 190: "Cras rhoncus. Praesent varius"
      text run at (35,999) width 220: "ultricies orci. Donec mattis, neque"
      text run at (35,1015) width 180: "ut ornare fringilla, ante urna"
      text run at (35,1033) width 204: "placerat eros, vel commodo nisi"
      text run at (35,1049) width 223: "tortor ut mauris. Morbi magna dui,"
      text run at (35,1065) width 184: "sagittis sit amet, tincidunt et,"
      text run at (35,1081) width 191: "elementum eget, quam. Fusce"
      text run at (35,1097) width 227: "molestie nisl vitae nisi. Vestibulum"
      text run at (35,1113) width 192: "a sapien. Phasellus ante lacus,"
      text run at (35,1129) width 216: "vehicula non, cursus a, tempor ut,"
      text run at (35,1145) width 223: "magna. Suspendisse potenti. Fusce"
      text run at (35,1161) width 193: "aliquet, odio viverra vulputate"
      text run at (35,1177) width 220: "dictum, enim odio luctus purus, ut"
      text run at (35,1193) width 201: "scelerisque quam nulla non est."
      text run at (35,1209) width 203: "Donec eros lacus, egestas vitae,"
      text run at (35,1225) width 200: "lacinia quis, tempor quis, pede."
      text run at (35,1241) width 212: "Morbi orci erat, iaculis id, ornare"
      text run at (35,1257) width 186: "ac, elementum at, sem. Nunc"
      text run at (35,1273) width 168: "ornare sodales nisi. Morbi"
      text run at (35,1289) width 199: "interdum commodo nisl. Fusce"
      text run at (35,1305) width 216: "eget eros non nisi ornare facilisis."
      text run at (35,1321) width 187: "Sed placerat, est non posuere"
      text run at (35,1337) width 190: "posuere, purus sem dignissim"
      text run at (35,1353) width 202: "libero, a viverra tellus dolor vel"
      text run at (35,1369) width 219: "lorem. Cras augue. Etiam ultricies"
      text run at (35,1385) width 214: "consequat odio. Mauris ac libero."
      text run at (35,1401) width 173: "Etiam posuere, libero vitae"
      text run at (35,1417) width 168: "euismod gravida, urna elit"
      text run at (35,1433) width 205: "imperdiet magna, vel cursus elit"
      text run at (35,1449) width 214: "felis non mauris. Donec orci erat,"
      text run at (35,1465) width 194: "porta id, dignissim ut, posuere"
      text run at (35,1481) width 159: "dictum, leo. Suspendisse"
      text run at (35,1497) width 162: "scelerisque egestas nulla."
