layer at (0,0) size 1188x600
  RenderView at (0,0) size 800x600
layer at (0,0) size 800x600
  RenderBlock {HTML} at (0,0) size 800x600
    RenderBody {BODY} at (8,8) size 784x584
layer at (8,8) size 784x404
  RenderBlock {DIV} at (0,0) size 784x404 [border: (2px solid #000000)]
    RenderText {#text} at (2,2) size 113x16
      text run at (2,2) width 113: "This is some text."
    RenderBR {BR} at (114,14) size 1x0
    RenderText {#text} at (2,18) size 113x16
      text run at (2,18) width 113: "This is some text."
    RenderBR {BR} at (114,30) size 1x0
    RenderText {#text} at (2,34) size 113x16
      text run at (2,34) width 113: "This is some text."
    RenderBR {BR} at (114,46) size 1x0
    RenderText {#text} at (2,50) size 113x16
      text run at (2,50) width 113: "This is some text."
    RenderBR {BR} at (114,62) size 1x0
    RenderText {#text} at (2,66) size 113x16
      text run at (2,66) width 113: "This is some text."
    RenderBR {BR} at (114,78) size 1x0
    RenderText {#text} at (2,82) size 113x16
      text run at (2,82) width 113: "This is some text."
    RenderBR {BR} at (114,94) size 1x0
    RenderText {#text} at (2,98) size 113x16
      text run at (2,98) width 113: "This is some text."
    RenderBR {BR} at (114,110) size 1x0
    RenderText {#text} at (2,114) size 113x16
      text run at (2,114) width 113: "This is some text."
    RenderBR {BR} at (114,126) size 1x0
    RenderText {#text} at (2,130) size 113x16
      text run at (2,130) width 113: "This is some text."
    RenderBR {BR} at (114,142) size 1x0
    RenderText {#text} at (2,146) size 113x16
      text run at (2,146) width 113: "This is some text."
    RenderBR {BR} at (114,158) size 1x0
    RenderImage {IMG} at (2,402) size 250x300 [bgcolor=#008000]
    RenderText {#text} at (252,402) size 113x16
      text run at (252,402) width 113: "This is some text."
    RenderBR {BR} at (364,414) size 1x0
    RenderText {#text} at (252,418) size 113x16
      text run at (252,418) width 113: "This is some text."
    RenderBR {BR} at (364,430) size 1x0
    RenderText {#text} at (252,434) size 113x16
      text run at (252,434) width 113: "This is some text."
    RenderBR {BR} at (364,446) size 1x0
    RenderText {#text} at (252,450) size 113x16
      text run at (252,450) width 113: "This is some text."
    RenderBR {BR} at (364,462) size 1x0
    RenderText {#text} at (252,466) size 113x16
      text run at (252,466) width 113: "This is some text."
    RenderBR {BR} at (364,478) size 1x0
    RenderText {#text} at (252,482) size 113x16
      text run at (252,482) width 113: "This is some text."
    RenderBR {BR} at (364,494) size 1x0
    RenderText {#text} at (252,498) size 113x16
      text run at (252,498) width 113: "This is some text."
    RenderBR {BR} at (364,510) size 1x0
    RenderText {#text} at (252,514) size 113x16
      text run at (252,514) width 113: "This is some text."
    RenderBR {BR} at (364,526) size 1x0
    RenderText {#text} at (252,530) size 113x16
      text run at (252,530) width 113: "This is some text."
    RenderBR {BR} at (364,542) size 1x0
    RenderText {#text} at (252,546) size 113x16
      text run at (252,546) width 113: "This is some text."
    RenderBR {BR} at (364,558) size 1x0
    RenderText {#text} at (252,562) size 113x16
      text run at (252,562) width 113: "This is some text."
    RenderBR {BR} at (364,574) size 1x0
    RenderText {#text} at (252,578) size 113x16
      text run at (252,578) width 113: "This is some text."
    RenderBR {BR} at (364,590) size 1x0
    RenderText {#text} at (252,594) size 113x16
      text run at (252,594) width 113: "This is some text."
    RenderBR {BR} at (364,606) size 1x0
    RenderText {#text} at (252,610) size 113x16
      text run at (252,610) width 113: "This is some text."
    RenderBR {BR} at (364,622) size 1x0
    RenderText {#text} at (252,626) size 113x16
      text run at (252,626) width 113: "This is some text."
    RenderBR {BR} at (364,638) size 1x0
    RenderText {#text} at (252,642) size 113x16
      text run at (252,642) width 113: "This is some text."
    RenderBR {BR} at (364,654) size 1x0
    RenderText {#text} at (252,658) size 113x16
      text run at (252,658) width 113: "This is some text."
    RenderBR {BR} at (364,670) size 1x0
    RenderText {#text} at (252,674) size 113x16
      text run at (252,674) width 113: "This is some text."
    RenderBR {BR} at (364,686) size 1x0
    RenderText {#text} at (252,690) size 113x16
      text run at (252,690) width 113: "This is some text."
    RenderBR {BR} at (364,702) size 1x0
    RenderText {#text} at (2,706) size 113x16
      text run at (2,706) width 113: "This is some text."
    RenderBR {BR} at (114,718) size 1x0
    RenderText {#text} at (2,722) size 113x16
      text run at (2,722) width 113: "This is some text."
    RenderBR {BR} at (114,734) size 1x0
    RenderText {#text} at (2,738) size 113x16
      text run at (2,738) width 113: "This is some text."
    RenderBR {BR} at (114,750) size 1x0
    RenderText {#text} at (2,754) size 113x16
      text run at (2,754) width 113: "This is some text."
    RenderBR {BR} at (114,766) size 1x0
    RenderText {#text} at (2,770) size 113x16
      text run at (2,770) width 113: "This is some text."
    RenderBR {BR} at (114,782) size 1x0
    RenderText {#text} at (2,786) size 113x16
      text run at (2,786) width 113: "This is some text."
    RenderBR {BR} at (114,798) size 1x0
    RenderText {#text} at (2,802) size 113x16
      text run at (2,802) width 113: "This is some text."
    RenderBR {BR} at (114,814) size 1x0
    RenderText {#text} at (2,818) size 113x16
      text run at (2,818) width 113: "This is some text."
    RenderBR {BR} at (114,830) size 1x0
    RenderText {#text} at (2,834) size 113x16
      text run at (2,834) width 113: "This is some text."
    RenderBR {BR} at (114,846) size 1x0
    RenderText {#text} at (2,850) size 113x16
      text run at (2,850) width 113: "This is some text."
    RenderBR {BR} at (114,862) size 1x0
    RenderText {#text} at (2,866) size 113x16
      text run at (2,866) width 113: "This is some text."
    RenderBR {BR} at (114,878) size 1x0
