layer at (0,0) size 800x600
  RenderView at (0,0) size 800x600
layer at (0,0) size 800x600
  RenderBlock {HTML} at (0,0) size 800x600
    RenderBody {BODY} at (8,8) size 784x584
      RenderBlock {P} at (0,0) size 784x48
        RenderText {#text} at (0,0) size 779x48
          text run at (0,0) width 779: "This test is ensuring we don't grow the height of a block improperly when a float has no line association (e.g., when it's at"
          text run at (0,16) width 755: "the end of a block). The complete dashed border should be in the first column, with none of it appearing in the second"
          text run at (0,32) width 52: "column."
layer at (8,72) size 784x400
  RenderBlock {DIV} at (0,64) size 784x400
    RenderBlock {DIV} at (0,0) size 384x212 [border: (10px dashed #800000)]
      RenderText {#text} at (10,10) size 113x16
        text run at (10,10) width 113: "This is some text."
      RenderBR {BR} at (122,22) size 1x0
      RenderText {#text} at (10,26) size 113x16
        text run at (10,26) width 113: "This is some text."
      RenderBR {BR} at (122,38) size 1x0
      RenderText {#text} at (10,42) size 113x16
        text run at (10,42) width 113: "This is some text."
      RenderBR {BR} at (122,54) size 1x0
      RenderText {#text} at (10,58) size 113x16
        text run at (10,58) width 113: "This is some text."
      RenderBR {BR} at (122,70) size 1x0
      RenderText {#text} at (10,74) size 113x16
        text run at (10,74) width 113: "This is some text."
      RenderBR {BR} at (122,86) size 1x0
      RenderText {#text} at (10,90) size 113x16
        text run at (10,90) width 113: "This is some text."
      RenderBR {BR} at (122,102) size 1x0
      RenderText {#text} at (10,106) size 113x16
        text run at (10,106) width 113: "This is some text."
      RenderBR {BR} at (122,118) size 1x0
      RenderText {#text} at (10,122) size 113x16
        text run at (10,122) width 113: "This is some text."
      RenderBR {BR} at (122,134) size 1x0
      RenderText {#text} at (10,138) size 113x16
        text run at (10,138) width 113: "This is some text."
      RenderBR {BR} at (122,150) size 1x0
      RenderText {#text} at (10,154) size 113x16
        text run at (10,154) width 113: "This is some text."
      RenderBR {BR} at (122,166) size 1x0
      RenderText {#text} at (10,170) size 113x16
        text run at (10,170) width 113: "This is some text."
      RenderBR {BR} at (122,182) size 1x0
      RenderText {#text} at (10,186) size 113x16
        text run at (10,186) width 113: "This is some text."
      RenderBR {BR} at (122,198) size 1x0
      RenderImage {IMG} at (274,400) size 100x200 [bgcolor=#CCCCCC]
      RenderText {#text} at (0,0) size 0x0
