layer at (0,0) size 1188x1680
  RenderView at (0,0) size 800x600
layer at (0,0) size 800x1680
  RenderBlock {HTML} at (0,0) size 800x1680
    RenderBody {BODY} at (8,8) size 784x1664
layer at (8,8) size 784x404
  RenderBlock {DIV} at (0,0) size 784x404 [border: (2px solid #000000)]
    RenderBlock (anonymous) at (2,2) size 382x224
      RenderText {#text} at (0,0) size 113x16
        text run at (0,0) width 113: "This is some text."
      RenderBR {BR} at (112,12) size 1x0
      RenderText {#text} at (0,16) size 113x16
        text run at (0,16) width 113: "This is some text."
      RenderBR {BR} at (112,28) size 1x0
      RenderText {#text} at (0,32) size 113x16
        text run at (0,32) width 113: "This is some text."
      RenderBR {BR} at (112,44) size 1x0
      RenderText {#text} at (0,48) size 113x16
        text run at (0,48) width 113: "This is some text."
      RenderBR {BR} at (112,60) size 1x0
      RenderText {#text} at (0,64) size 113x16
        text run at (0,64) width 113: "This is some text."
      RenderBR {BR} at (112,76) size 1x0
      RenderText {#text} at (0,80) size 113x16
        text run at (0,80) width 113: "This is some text."
      RenderBR {BR} at (112,92) size 1x0
      RenderText {#text} at (0,96) size 113x16
        text run at (0,96) width 113: "This is some text."
      RenderBR {BR} at (112,108) size 1x0
      RenderText {#text} at (0,112) size 113x16
        text run at (0,112) width 113: "This is some text."
      RenderBR {BR} at (112,124) size 1x0
      RenderText {#text} at (0,128) size 113x16
        text run at (0,128) width 113: "This is some text."
      RenderBR {BR} at (112,140) size 1x0
      RenderText {#text} at (0,144) size 113x16
        text run at (0,144) width 113: "This is some text."
      RenderBR {BR} at (112,156) size 1x0
      RenderText {#text} at (0,160) size 113x16
        text run at (0,160) width 113: "This is some text."
      RenderBR {BR} at (112,172) size 1x0
      RenderText {#text} at (0,176) size 113x16
        text run at (0,176) width 113: "This is some text."
      RenderBR {BR} at (112,188) size 1x0
      RenderText {#text} at (0,192) size 113x16
        text run at (0,192) width 113: "This is some text."
      RenderBR {BR} at (112,204) size 1x0
      RenderText {#text} at (0,208) size 113x16
        text run at (0,208) width 113: "This is some text."
      RenderBR {BR} at (112,220) size 1x0
    RenderBlock {P} at (2,242) size 382x416
      RenderBlock (floating) {SPAN} at (0,0) size 78.19x128
        RenderText {#text} at (0,0) size 79x128
          text run at (0,0) width 79: "T"
      RenderText {#text} at (78,0) size 104x16
        text run at (78,0) width 104: "his is some text."
      RenderBR {BR} at (181,12) size 1x0
      RenderText {#text} at (78,16) size 114x16
        text run at (78,16) width 114: "This is some text."
      RenderBR {BR} at (191,28) size 1x0
      RenderText {#text} at (78,32) size 114x16
        text run at (78,32) width 114: "This is some text."
      RenderBR {BR} at (191,44) size 1x0
      RenderText {#text} at (78,48) size 114x16
        text run at (78,48) width 114: "This is some text."
      RenderBR {BR} at (191,60) size 1x0
      RenderText {#text} at (78,64) size 114x16
        text run at (78,64) width 114: "This is some text."
      RenderBR {BR} at (191,76) size 1x0
      RenderText {#text} at (78,80) size 114x16
        text run at (78,80) width 114: "This is some text."
      RenderBR {BR} at (191,92) size 1x0
      RenderText {#text} at (78,96) size 114x16
        text run at (78,96) width 114: "This is some text."
      RenderBR {BR} at (191,108) size 1x0
      RenderText {#text} at (78,112) size 114x16
        text run at (78,112) width 114: "This is some text."
      RenderBR {BR} at (191,124) size 1x0
      RenderText {#text} at (0,128) size 113x16
        text run at (0,128) width 113: "This is some text."
      RenderBR {BR} at (112,140) size 1x0
      RenderText {#text} at (0,144) size 113x16
        text run at (0,144) width 113: "This is some text."
      RenderBR {BR} at (112,156) size 1x0
      RenderText {#text} at (0,160) size 113x16
        text run at (0,160) width 113: "This is some text."
      RenderBR {BR} at (112,172) size 1x0
      RenderText {#text} at (0,176) size 113x16
        text run at (0,176) width 113: "This is some text."
      RenderBR {BR} at (112,188) size 1x0
      RenderText {#text} at (0,192) size 113x16
        text run at (0,192) width 113: "This is some text."
      RenderBR {BR} at (112,204) size 1x0
      RenderText {#text} at (0,208) size 113x16
        text run at (0,208) width 113: "This is some text."
      RenderBR {BR} at (112,220) size 1x0
      RenderText {#text} at (0,224) size 113x16
        text run at (0,224) width 113: "This is some text."
      RenderBR {BR} at (112,236) size 1x0
      RenderText {#text} at (0,240) size 113x16
        text run at (0,240) width 113: "This is some text."
      RenderBR {BR} at (112,252) size 1x0
      RenderText {#text} at (0,256) size 113x16
        text run at (0,256) width 113: "This is some text."
      RenderBR {BR} at (112,268) size 1x0
      RenderText {#text} at (0,272) size 113x16
        text run at (0,272) width 113: "This is some text."
      RenderBR {BR} at (112,284) size 1x0
      RenderText {#text} at (0,288) size 113x16
        text run at (0,288) width 113: "This is some text."
      RenderBR {BR} at (112,300) size 1x0
      RenderText {#text} at (0,304) size 113x16
        text run at (0,304) width 113: "This is some text."
      RenderBR {BR} at (112,316) size 1x0
      RenderText {#text} at (0,320) size 113x16
        text run at (0,320) width 113: "This is some text."
      RenderBR {BR} at (112,332) size 1x0
      RenderText {#text} at (0,336) size 113x16
        text run at (0,336) width 113: "This is some text."
      RenderBR {BR} at (112,348) size 1x0
      RenderText {#text} at (0,352) size 113x16
        text run at (0,352) width 113: "This is some text."
      RenderBR {BR} at (112,364) size 1x0
      RenderText {#text} at (0,368) size 113x16
        text run at (0,368) width 113: "This is some text."
      RenderBR {BR} at (112,380) size 1x0
      RenderText {#text} at (0,384) size 113x16
        text run at (0,384) width 113: "This is some text."
      RenderBR {BR} at (112,396) size 1x0
      RenderText {#text} at (0,400) size 113x16
        text run at (0,400) width 113: "This is some text."
      RenderBR {BR} at (112,412) size 1x0
layer at (8,428) size 784x404
  RenderBlock {DIV} at (0,420) size 784x404 [border: (2px solid #000000)]
    RenderBlock (anonymous) at (2,2) size 382x224
      RenderText {#text} at (0,0) size 113x16
        text run at (0,0) width 113: "This is some text."
      RenderBR {BR} at (112,12) size 1x0
      RenderText {#text} at (0,16) size 113x16
        text run at (0,16) width 113: "This is some text."
      RenderBR {BR} at (112,28) size 1x0
      RenderText {#text} at (0,32) size 113x16
        text run at (0,32) width 113: "This is some text."
      RenderBR {BR} at (112,44) size 1x0
      RenderText {#text} at (0,48) size 113x16
        text run at (0,48) width 113: "This is some text."
      RenderBR {BR} at (112,60) size 1x0
      RenderText {#text} at (0,64) size 113x16
        text run at (0,64) width 113: "This is some text."
      RenderBR {BR} at (112,76) size 1x0
      RenderText {#text} at (0,80) size 113x16
        text run at (0,80) width 113: "This is some text."
      RenderBR {BR} at (112,92) size 1x0
      RenderText {#text} at (0,96) size 113x16
        text run at (0,96) width 113: "This is some text."
      RenderBR {BR} at (112,108) size 1x0
      RenderText {#text} at (0,112) size 113x16
        text run at (0,112) width 113: "This is some text."
      RenderBR {BR} at (112,124) size 1x0
      RenderText {#text} at (0,128) size 113x16
        text run at (0,128) width 113: "This is some text."
      RenderBR {BR} at (112,140) size 1x0
      RenderText {#text} at (0,144) size 113x16
        text run at (0,144) width 113: "This is some text."
      RenderBR {BR} at (112,156) size 1x0
      RenderText {#text} at (0,160) size 113x16
        text run at (0,160) width 113: "This is some text."
      RenderBR {BR} at (112,172) size 1x0
      RenderText {#text} at (0,176) size 113x16
        text run at (0,176) width 113: "This is some text."
      RenderBR {BR} at (112,188) size 1x0
      RenderText {#text} at (0,192) size 113x16
        text run at (0,192) width 113: "This is some text."
      RenderBR {BR} at (112,204) size 1x0
      RenderText {#text} at (0,208) size 113x16
        text run at (0,208) width 113: "This is some text."
      RenderBR {BR} at (112,220) size 1x0
    RenderBlock {P} at (2,242) size 382x576
      RenderImage {IMG} at (0,160) size 100x100 [bgcolor=#008000]
      RenderImage {IMG} at (282,160) size 100x200 [bgcolor=#008000]
      RenderText {#text} at (100,160) size 109x16
        text run at (100,160) width 109: "This is some text"
      RenderBR {BR} at (208,172) size 1x0
      RenderText {#text} at (100,176) size 113x16
        text run at (100,176) width 113: "This is some text."
      RenderBR {BR} at (212,188) size 1x0
      RenderText {#text} at (100,192) size 113x16
        text run at (100,192) width 113: "This is some text."
      RenderBR {BR} at (212,204) size 1x0
      RenderText {#text} at (100,208) size 113x16
        text run at (100,208) width 113: "This is some text."
      RenderBR {BR} at (212,220) size 1x0
      RenderText {#text} at (100,224) size 113x16
        text run at (100,224) width 113: "This is some text."
      RenderBR {BR} at (212,236) size 1x0
      RenderText {#text} at (100,240) size 113x16
        text run at (100,240) width 113: "This is some text."
      RenderBR {BR} at (212,252) size 1x0
      RenderText {#text} at (100,256) size 113x16
        text run at (100,256) width 113: "This is some text."
      RenderBR {BR} at (212,268) size 1x0
      RenderText {#text} at (0,272) size 113x16
        text run at (0,272) width 113: "This is some text."
      RenderBR {BR} at (112,284) size 1x0
      RenderText {#text} at (0,288) size 113x16
        text run at (0,288) width 113: "This is some text."
      RenderBR {BR} at (112,300) size 1x0
      RenderText {#text} at (0,304) size 113x16
        text run at (0,304) width 113: "This is some text."
      RenderBR {BR} at (112,316) size 1x0
      RenderText {#text} at (0,320) size 113x16
        text run at (0,320) width 113: "This is some text."
      RenderBR {BR} at (112,332) size 1x0
      RenderText {#text} at (0,336) size 113x16
        text run at (0,336) width 113: "This is some text."
      RenderBR {BR} at (112,348) size 1x0
      RenderText {#text} at (0,352) size 113x16
        text run at (0,352) width 113: "This is some text."
      RenderBR {BR} at (112,364) size 1x0
      RenderText {#text} at (0,368) size 113x16
        text run at (0,368) width 113: "This is some text."
      RenderBR {BR} at (112,380) size 1x0
      RenderText {#text} at (0,384) size 113x16
        text run at (0,384) width 113: "This is some text."
      RenderBR {BR} at (112,396) size 1x0
      RenderText {#text} at (0,400) size 113x16
        text run at (0,400) width 113: "This is some text."
      RenderBR {BR} at (112,412) size 1x0
      RenderText {#text} at (0,416) size 113x16
        text run at (0,416) width 113: "This is some text."
      RenderBR {BR} at (112,428) size 1x0
      RenderText {#text} at (0,432) size 113x16
        text run at (0,432) width 113: "This is some text."
      RenderBR {BR} at (112,444) size 1x0
      RenderText {#text} at (0,448) size 113x16
        text run at (0,448) width 113: "This is some text."
      RenderBR {BR} at (112,460) size 1x0
      RenderText {#text} at (0,464) size 113x16
        text run at (0,464) width 113: "This is some text."
      RenderBR {BR} at (112,476) size 1x0
      RenderText {#text} at (0,480) size 113x16
        text run at (0,480) width 113: "This is some text."
      RenderBR {BR} at (112,492) size 1x0
      RenderText {#text} at (0,496) size 113x16
        text run at (0,496) width 113: "This is some text."
      RenderBR {BR} at (112,508) size 1x0
      RenderText {#text} at (0,512) size 113x16
        text run at (0,512) width 113: "This is some text."
      RenderBR {BR} at (112,524) size 1x0
      RenderText {#text} at (0,528) size 113x16
        text run at (0,528) width 113: "This is some text."
      RenderBR {BR} at (112,540) size 1x0
      RenderText {#text} at (0,544) size 113x16
        text run at (0,544) width 113: "This is some text."
      RenderBR {BR} at (112,556) size 1x0
      RenderText {#text} at (0,560) size 113x16
        text run at (0,560) width 113: "This is some text."
      RenderBR {BR} at (112,572) size 1x0
layer at (8,848) size 784x404
  RenderBlock {DIV} at (0,840) size 784x404 [border: (2px solid #000000)]
    RenderImage {IMG} at (2,2) size 300x390 [bgcolor=#008000]
    RenderText {#text} at (302,2) size 375x416
      text run at (302,2) width 75: "Longer text"
      text run at (302,18) width 74: "designed to"
      text run at (302,34) width 56: "test float"
      text run at (302,50) width 24: "and"
      text run at (302,66) width 61: "wrapping"
      text run at (302,82) width 60: "behavior."
      text run at (302,98) width 75: "Longer text"
      text run at (302,114) width 74: "designed to"
      text run at (302,130) width 56: "test float"
      text run at (302,146) width 24: "and"
      text run at (302,162) width 61: "wrapping"
      text run at (302,178) width 60: "behavior."
      text run at (302,194) width 75: "Longer text"
      text run at (302,210) width 74: "designed to"
      text run at (302,226) width 56: "test float"
      text run at (302,242) width 24: "and"
      text run at (302,258) width 61: "wrapping"
      text run at (302,274) width 60: "behavior."
      text run at (302,290) width 75: "Longer text"
      text run at (302,306) width 74: "designed to"
      text run at (302,322) width 56: "test float"
      text run at (302,338) width 24: "and"
      text run at (302,354) width 61: "wrapping"
      text run at (302,370) width 60: "behavior."
      text run at (302,386) width 75: "Longer text"
      text run at (2,402) width 289: "designed to test float and wrapping behavior."
layer at (8,1268) size 784x404
  RenderBlock {DIV} at (0,1260) size 784x404 [border: (2px solid #000000)]
    RenderImage {IMG} at (2,2) size 382x380 [bgcolor=#0000FF]
    RenderInline {SPAN} at (0,0) size 379x216
      RenderImage {IMG} at (2,402) size 100x20 [bgcolor=#008000]
      RenderText {#text} at (102,402) size 209x24
        text run at (102,402) width 209: "Longer text designed "
      RenderImage {IMG} at (284,426) size 100x20 [bgcolor=#008000]
      RenderText {#text} at (310,402) size 379x216
        text run at (310,402) width 59: "to test"
        text run at (2,426) width 278: "float and wrapping behavior."
        text run at (2,450) width 358: "Longer text designed to test float and"
        text run at (2,474) width 304: "wrapping behavior. Longer text"
        text run at (2,498) width 337: "designed to test float and wrapping"
        text run at (2,522) width 363: "behavior. Longer text designed to test"
        text run at (2,546) width 353: "float and wrapping behavior. Longer"
        text run at (2,570) width 379: "text designed to test float and wrapping"
        text run at (2,594) width 90: "behavior."
    RenderText {#text} at (0,0) size 0x0
