layer at (0,0) size 800x600
  RenderView at (0,0) size 800x600
layer at (0,0) size 800x600
  RenderBlock {HTML} at (0,0) size 800x600
    RenderBody {BODY} at (8,8) size 784x584
      RenderBlock (anonymous) at (0,0) size 784x64
        RenderText {#text} at (0,0) size 784x64
          text run at (0,0) width 439: "This is capturing current behavior, but it's not clear that it is correct. "
          text run at (438,0) width 299: "It's not clear if max-height on a columns block"
          text run at (0,16) width 299: "constitutes a constraint on the columns or not. "
          text run at (298,16) width 486: "You obviously begin trying to balance, but only run into the constraint once"
          text run at (0,32) width 296: "the balanced columns exceed the max-height. "
          text run at (295,32) width 334: "It's not clear that you should suddenly shift to a fill. "
          text run at (628,32) width 136: "Our current behavior"
          text run at (0,48) width 524: "(which matches Firefox) is to just overflow without changing from balance to fill."
layer at (8,72) size 404x64
  RenderBlock {DIV} at (0,64) size 404x64 [border: (2px solid #000000)]
    RenderText {#text} at (2,2) size 51x96
      text run at (2,2) width 43: "This"
      text run at (2,26) width 17: "is"
      text run at (2,50) width 51: "some"
      text run at (2,74) width 36: "text"
    RenderBR {BR} at (37,92) size 1x0
    RenderText {#text} at (2,98) size 51x96
      text run at (2,98) width 43: "This"
      text run at (2,122) width 17: "is"
      text run at (2,146) width 51: "some"
      text run at (2,170) width 36: "text"
    RenderBR {BR} at (37,188) size 1x0
    RenderText {#text} at (2,194) size 51x96
      text run at (2,194) width 43: "This"
      text run at (2,218) width 17: "is"
      text run at (2,242) width 51: "some"
      text run at (2,266) width 36: "text"
    RenderBR {BR} at (37,284) size 1x0
    RenderText {#text} at (2,290) size 51x96
      text run at (2,290) width 43: "This"
      text run at (2,314) width 17: "is"
      text run at (2,338) width 51: "some"
      text run at (2,362) width 36: "text"
    RenderBR {BR} at (37,380) size 1x0
    RenderText {#text} at (2,386) size 51x96
      text run at (2,386) width 43: "This"
      text run at (2,410) width 17: "is"
      text run at (2,434) width 51: "some"
      text run at (2,458) width 36: "text"
    RenderBR {BR} at (37,476) size 1x0
