layer at (0,0) size 800x600
  RenderView at (0,0) size 800x600
layer at (0,0) size 800x600
  RenderBlock {HTML} at (0,0) size 800x600
layer at (8,8) size 750x500
  RenderBody {BODY} at (8,8) size 750x500
    RenderBlock {H1} at (0,0) size 367x32
      RenderText {#text} at (0,0) size 167x32
        text run at (0,0) width 167: "Header One"
    RenderBlock (anonymous) at (0,53.44) size 367x176
      RenderText {#text} at (0,0) size 367x176
        text run at (0,0) width 364: "Lorem ipsum dolor sit amet, consectetuer adipiscing elit."
        text run at (0,16) width 362: "Nulla varius enim ac mi. Curabitur sollicitudin felis quis"
        text run at (0,32) width 332: "lectus. Quisque adipiscing rhoncus sem. Proin nulla"
        text run at (0,48) width 367: "purus, vulputate vel, varius ut, euismod et, nisi. Sed vitae"
        text run at (0,64) width 354: "felis vel orci sagittis aliquam. Cras convallis adipiscing"
        text run at (0,80) width 347: "sem. Nam nonummy enim. Nullam bibendum lobortis"
        text run at (0,96) width 353: "neque. Vestibulum velit orci, tempus euismod, pretium"
        text run at (0,112) width 353: "quis, interdum vitae, nulla. Phasellus eget ante et tortor"
        text run at (0,128) width 351: "condimentum vestibulum. Suspendisse hendrerit quam"
        text run at (0,144) width 333: "nec felis. Sed varius turpis vitae pede. Lorem ipsum"
        text run at (0,160) width 275: "dolor sit amet, consectetuer adipiscing elit."
    RenderBlock {H1} at (0,250.88) size 367x32
      RenderText {#text} at (0,0) size 170x32
        text run at (0,0) width 170: "Header Two"
    RenderBlock (anonymous) at (0,304.31) size 367x176
      RenderText {#text} at (0,0) size 367x176
        text run at (0,0) width 364: "Lorem ipsum dolor sit amet, consectetuer adipiscing elit."
        text run at (0,16) width 362: "Nulla varius enim ac mi. Curabitur sollicitudin felis quis"
        text run at (0,32) width 332: "lectus. Quisque adipiscing rhoncus sem. Proin nulla"
        text run at (0,48) width 367: "purus, vulputate vel, varius ut, euismod et, nisi. Sed vitae"
        text run at (0,64) width 354: "felis vel orci sagittis aliquam. Cras convallis adipiscing"
        text run at (0,80) width 347: "sem. Nam nonummy enim. Nullam bibendum lobortis"
        text run at (0,96) width 353: "neque. Vestibulum velit orci, tempus euismod, pretium"
        text run at (0,112) width 353: "quis, interdum vitae, nulla. Phasellus eget ante et tortor"
        text run at (0,128) width 351: "condimentum vestibulum. Suspendisse hendrerit quam"
        text run at (0,144) width 333: "nec felis. Sed varius turpis vitae pede. Lorem ipsum"
        text run at (0,160) width 275: "dolor sit amet, consectetuer adipiscing elit."
    RenderBlock {H1} at (0,500) size 367x32
      RenderText {#text} at (0,0) size 192x32
        text run at (0,0) width 192: "Header Three"
    RenderBlock {H1} at (0,782.88) size 367x32
      RenderText {#text} at (0,0) size 177x32
        text run at (0,0) width 177: "Header Four"
    RenderBlock (anonymous) at (0,836.31) size 367x32
      RenderText {#text} at (0,0) size 364x32
        text run at (0,0) width 364: "Lorem ipsum dolor sit amet, consectetuer adipiscing elit."
        text run at (0,16) width 158: "Nulla varius enim ac mi."
layer at (8,561) size 367x208 backgroundClip at (0,0) size 800x600 clip at (0,0) size 800x600 outlineClip at (0,0) size 800x600
  RenderBlock {DIV} at (0,553.44) size 367x208
    RenderText {#text} at (0,0) size 172x384
      text run at (0,0) width 143: "Lorem ipsum dolor sit"
      text run at (0,16) width 120: "amet, consectetuer"
      text run at (0,32) width 134: "adipiscing elit. Nulla"
      text run at (0,48) width 119: "varius enim ac mi."
      text run at (0,64) width 169: "Curabitur sollicitudin felis"
      text run at (0,80) width 130: "quis lectus. Quisque"
      text run at (0,96) width 155: "adipiscing rhoncus sem."
      text run at (0,112) width 115: "Proin nulla purus,"
      text run at (0,128) width 151: "vulputate vel, varius ut,"
      text run at (0,144) width 168: "euismod et, nisi. Sed vitae"
      text run at (0,160) width 130: "felis vel orci sagittis"
      text run at (0,176) width 151: "aliquam. Cras convallis"
      text run at (0,192) width 135: "adipiscing sem. Nam"
      text run at (0,208) width 157: "nonummy enim. Nullam"
      text run at (0,224) width 164: "bibendum lobortis neque."
      text run at (0,240) width 140: "Vestibulum velit orci,"
      text run at (0,256) width 163: "tempus euismod, pretium"
      text run at (0,272) width 172: "quis, interdum vitae, nulla."
      text run at (0,288) width 138: "Phasellus eget ante et"
      text run at (0,304) width 128: "tortor condimentum"
      text run at (0,320) width 158: "vestibulum. Suspendisse"
      text run at (0,336) width 160: "hendrerit quam nec felis."
      text run at (0,352) width 143: "Sed varius turpis vitae"
      text run at (0,368) width 39: "pede. "
    RenderText {#text} at (0,0) size 0x0
