layer at (0,0) size 800x600
  RenderView at (0,0) size 800x600
layer at (0,0) size 800x600
  RenderBlock {HTML} at (0,0) size 800x600
    RenderBody {BODY} at (8,8) size 784x584
layer at (8,8) size 506x505
  RenderBlock {DIV} at (0,0) size 506x505 [border: (3px solid #000000)]
layer at (11,11) size 159x1478 backgroundClip at (11,11) size 159x589 clip at (11,11) size 159x589 outlineClip at (0,0) size 800x600
  RenderBlock {DIV} at (3,3) size 158.66x1478
    RenderText {#text} at (0,6) size 159x1466
      text run at (0,6) width 159: "Lorem ipsum dolor sit amet,"
      text run at (0,30) width 159: "consectetur adipiscing elit."
      text run at (0,54) width 158: "Nullam ornare, nunc eget"
      text run at (0,78) width 159: "condimentum tempor, augue"
      text run at (0,102) width 159: "ligula accumsan eros, sed"
      text run at (0,126) width 159: "consequat sapien orci id libero."
      text run at (0,150) width 159: "Curabitur tristique, augue in"
      text run at (0,174) width 159: "aliquet accumsan, nibh nisi"
      text run at (0,198) width 158: "lobortis odio, et suscipit est"
      text run at (0,222) width 159: "ligula eu nisi. Nunc aliquet"
      text run at (0,246) width 158: "lobortis porta. Donec venenatis"
      text run at (0,270) width 158: "consectetur eleifend. Etiam sed"
      text run at (0,294) width 159: "tempor quam. Pellentesque"
      text run at (0,318) width 159: "gravida gravida eros venenatis"
      text run at (0,342) width 159: "suscipit. Aenean diam enim,"
      text run at (0,366) width 159: "suscipit id pellentesque vel,"
      text run at (0,390) width 159: "hendrerit et metus. Suspendisse"
      text run at (0,414) width 159: "felis erat, hendrerit a congue in,"
      text run at (0,438) width 159: "euismod ac erat. Donec pulvinar"
      text run at (0,462) width 158: "venenatis tortor, a lobortis erat"
      text run at (0,505) width 159: "scelerisque et. Class aptent taciti"
      text run at (0,529) width 158: "sociosqu ad litora torquent per"
      text run at (0,553) width 159: "conubia nostra, per inceptos"
      text run at (0,577) width 159: "himenaeos. Aliquam in orci id"
      text run at (0,601) width 159: "felis mollis porta ac et orci."
      text run at (0,625) width 159: "Donec viverra, eros ac mattis"
      text run at (0,649) width 159: "dapibus, quam ante porta lectus,"
      text run at (0,673) width 159: "accumsan pellentesque nibh"
      text run at (0,697) width 159: "metus non felis. Vivamus sed"
      text run at (0,721) width 159: "eros quis magna scelerisque"
      text run at (0,745) width 117: "ultrices ac eget velit. "
      text run at (116,745) width 42: "Nunc et"
      text run at (0,769) width 159: "odio ut velit posuere viverra."
      text run at (0,793) width 159: "Integer eu mi quis velit dapibus"
      text run at (0,817) width 159: "tempus at ut purus. Quisque"
      text run at (0,841) width 159: "congue mollis mauris a"
      text run at (0,865) width 159: "hendrerit. Nam viverra est at"
      text run at (0,889) width 158: "orci interdum a ullamcorper mi"
      text run at (0,913) width 158: "dictum. In id sapien augue."
      text run at (0,937) width 158: "Suspendisse potenti. Vestibulum"
      text run at (0,961) width 158: "turpis purus, convallis ut sagittis"
      text run at (0,1004) width 158: "quis, semper vel mauris."
      text run at (0,1028) width 159: "Curabitur vitae felis turpis."
      text run at (0,1052) width 159: "Fusce augue nibh, consectetur"
      text run at (0,1076) width 159: "non vestibulum et, bibendum sit"
      text run at (0,1100) width 159: "amet lectus. Nulla at imperdiet"
      text run at (0,1124) width 159: "metus. Donec non est velit, non"
      text run at (0,1148) width 158: "fringilla ipsum. Fusce"
      text run at (0,1172) width 159: "elementum neque a nibh egestas"
      text run at (0,1196) width 159: "sodales. Mauris ut lorem"
      text run at (0,1220) width 159: "hendrerit metus interdum"
      text run at (0,1244) width 158: "malesuada. Nam tempus sodales"
      text run at (0,1268) width 158: "neque vitae bibendum."
      text run at (0,1292) width 158: "Vestibulum ac est sit amet dolor"
      text run at (0,1316) width 158: "vehicula semper at sed ante."
      text run at (0,1340) width 159: "Nunc at neque urna, in volutpat"
      text run at (0,1364) width 159: "orci. Praesent eu velit neque,"
      text run at (0,1388) width 159: "quis rutrum metus. Nunc eu"
      text run at (0,1412) width 159: "ipsum sit amet ligula mattis"
      text run at (0,1436) width 158: "porttitor sit amet id felis. Integer"
      text run at (0,1460) width 159: "volutpat aliquam odio et feugiat."
