layer at (0,0) size 800x600
  RenderView at (0,0) size 800x600
layer at (0,0) size 800x600
  RenderBlock {HTML} at (0,0) size 800x600
    RenderBody {BODY} at (8,8) size 784x584
layer at (8,8) size 506x505
  RenderBlock {DIV} at (0,0) size 506x505 [border: (3px solid #000000)]
    RenderBlock (anonymous) at (3,3) size 158.66x360
      RenderText {#text} at (0,6) size 159x348
        text run at (0,6) width 159: "Lorem ipsum dolor sit amet,"
        text run at (0,30) width 159: "consectetur adipiscing elit."
        text run at (0,54) width 158: "Nullam ornare, nunc eget"
        text run at (0,78) width 159: "condimentum tempor, augue"
        text run at (0,102) width 159: "ligula accumsan eros, sed"
        text run at (0,126) width 159: "consequat sapien orci id libero."
        text run at (0,150) width 159: "Curabitur tristique, augue in"
        text run at (0,174) width 159: "aliquet accumsan, nibh nisi"
        text run at (0,198) width 158: "lobortis odio, et suscipit est"
        text run at (0,222) width 159: "ligula eu nisi. Nunc aliquet"
        text run at (0,246) width 158: "lobortis porta. Donec venenatis"
        text run at (0,270) width 158: "consectetur eleifend. Etiam sed"
        text run at (0,294) width 159: "tempor quam. Pellentesque"
        text run at (0,318) width 159: "gravida gravida eros venenatis"
        text run at (0,342) width 40: "suscipit."
    RenderBlock (anonymous) at (3,806) size 158.66x718
      RenderText {#text} at (0,6) size 159x706
        text run at (0,6) width 158: "Nunc et odio ut velit posuere"
        text run at (0,30) width 159: "viverra. Integer eu mi quis velit"
        text run at (0,54) width 159: "dapibus tempus at ut purus."
        text run at (0,78) width 159: "Quisque congue mollis mauris a"
        text run at (0,102) width 159: "hendrerit. Nam viverra est at"
        text run at (0,126) width 158: "orci interdum a ullamcorper mi"
        text run at (0,150) width 158: "dictum. In id sapien augue."
        text run at (0,174) width 158: "Suspendisse potenti. Vestibulum"
        text run at (0,201) width 158: "turpis purus, convallis ut sagittis"
        text run at (0,225) width 158: "quis, semper vel mauris."
        text run at (0,249) width 159: "Curabitur vitae felis turpis."
        text run at (0,273) width 159: "Fusce augue nibh, consectetur"
        text run at (0,297) width 159: "non vestibulum et, bibendum sit"
        text run at (0,321) width 159: "amet lectus. Nulla at imperdiet"
        text run at (0,345) width 159: "metus. Donec non est velit, non"
        text run at (0,369) width 158: "fringilla ipsum. Fusce"
        text run at (0,393) width 159: "elementum neque a nibh egestas"
        text run at (0,417) width 159: "sodales. Mauris ut lorem"
        text run at (0,441) width 159: "hendrerit metus interdum"
        text run at (0,465) width 158: "malesuada. Nam tempus sodales"
        text run at (0,489) width 158: "neque vitae bibendum."
        text run at (0,513) width 158: "Vestibulum ac est sit amet dolor"
        text run at (0,537) width 158: "vehicula semper at sed ante."
        text run at (0,561) width 159: "Nunc at neque urna, in volutpat"
        text run at (0,585) width 159: "orci. Praesent eu velit neque,"
        text run at (0,609) width 159: "quis rutrum metus. Nunc eu"
        text run at (0,633) width 159: "ipsum sit amet ligula mattis"
        text run at (0,657) width 158: "porttitor sit amet id felis. Integer"
        text run at (0,700) width 159: "volutpat aliquam odio et feugiat."
layer at (11,510) size 159x304 backgroundClip at (11,510) size 159x90 clip at (13,512) size 140x88 outlineClip at (0,0) size 800x600 scrollHeight 456
  RenderBlock {DIV} at (3,502) size 159.47x304 [border: (2px solid #000000)]
    RenderText {#text} at (2,8) size 141x444
      text run at (2,8) width 141: "Aenean diam enim, suscipit"
      text run at (2,32) width 141: "id pellentesque vel, hendrerit"
      text run at (2,56) width 140: "et metus. Suspendisse felis"
      text run at (2,80) width 140: "erat, hendrerit a congue in,"
      text run at (2,104) width 140: "euismod ac erat. Donec"
      text run at (2,128) width 141: "pulvinar venenatis tortor, a"
      text run at (2,152) width 140: "lobortis erat scelerisque et."
      text run at (2,176) width 141: "Class aptent taciti sociosqu"
      text run at (2,200) width 140: "ad litora torquent per"
      text run at (2,224) width 140: "conubia nostra, per inceptos"
      text run at (2,248) width 141: "himenaeos. Aliquam in orci"
      text run at (2,272) width 140: "id felis mollis porta ac et"
      text run at (2,296) width 140: "orci. Donec viverra, eros ac"
      text run at (2,320) width 141: "mattis dapibus, quam ante"
      text run at (2,344) width 140: "porta lectus, accumsan"
      text run at (2,368) width 140: "pellentesque nibh metus non"
      text run at (2,392) width 140: "felis. Vivamus sed eros quis"
      text run at (2,416) width 141: "magna scelerisque ultrices ac"
      text run at (2,440) width 48: "eget velit."
