layer at (0,0) size 1188x585
  RenderView at (0,0) size 800x585
layer at (0,0) size 800x585
  RenderBlock {HTML} at (0,0) size 800x585
    RenderBody {BODY} at (8,8) size 784x569
layer at (8,8) size 784x404
  RenderBlock {DIV} at (0,0) size 784x404 [border: (2px solid #000000)]
    RenderBlock (anonymous) at (2,2) size 382x160
      RenderText {#text} at (0,0) size 113x16
        text run at (0,0) width 113: "This is some text."
      RenderBR {BR} at (112,12) size 1x0
      RenderText {#text} at (0,16) size 113x16
        text run at (0,16) width 113: "This is some text."
      RenderBR {BR} at (112,28) size 1x0
      RenderText {#text} at (0,32) size 113x16
        text run at (0,32) width 113: "This is some text."
      RenderBR {BR} at (112,44) size 1x0
      RenderText {#text} at (0,48) size 113x16
        text run at (0,48) width 113: "This is some text."
      RenderBR {BR} at (112,60) size 1x0
      RenderText {#text} at (0,64) size 113x16
        text run at (0,64) width 113: "This is some text."
      RenderBR {BR} at (112,76) size 1x0
      RenderText {#text} at (0,80) size 113x16
        text run at (0,80) width 113: "This is some text."
      RenderBR {BR} at (112,92) size 1x0
      RenderText {#text} at (0,96) size 113x16
        text run at (0,96) width 113: "This is some text."
      RenderBR {BR} at (112,108) size 1x0
      RenderText {#text} at (0,112) size 113x16
        text run at (0,112) width 113: "This is some text."
      RenderBR {BR} at (112,124) size 1x0
      RenderText {#text} at (0,128) size 113x16
        text run at (0,128) width 113: "This is some text."
      RenderBR {BR} at (112,140) size 1x0
      RenderText {#text} at (0,144) size 113x16
        text run at (0,144) width 113: "This is some text."
      RenderBR {BR} at (112,156) size 1x0
    RenderImage {IMG} at (2,402) size 250x300 [bgcolor=#008000]
    RenderBlock (anonymous) at (2,702) size 382x484
      RenderText {#text} at (0,0) size 113x16
        text run at (0,0) width 113: "This is some text."
      RenderBR {BR} at (112,12) size 1x0
      RenderText {#text} at (0,16) size 113x16
        text run at (0,16) width 113: "This is some text."
      RenderBR {BR} at (112,28) size 1x0
      RenderText {#text} at (0,32) size 113x16
        text run at (0,32) width 113: "This is some text."
      RenderBR {BR} at (112,44) size 1x0
      RenderText {#text} at (0,48) size 113x16
        text run at (0,48) width 113: "This is some text."
      RenderBR {BR} at (112,60) size 1x0
      RenderText {#text} at (0,64) size 113x16
        text run at (0,64) width 113: "This is some text."
      RenderBR {BR} at (112,76) size 1x0
      RenderText {#text} at (0,80) size 113x16
        text run at (0,80) width 113: "This is some text."
      RenderBR {BR} at (112,92) size 1x0
      RenderText {#text} at (0,100) size 113x16
        text run at (0,100) width 113: "This is some text."
      RenderBR {BR} at (112,112) size 1x0
      RenderText {#text} at (0,116) size 113x16
        text run at (0,116) width 113: "This is some text."
      RenderBR {BR} at (112,128) size 1x0
      RenderText {#text} at (0,132) size 113x16
        text run at (0,132) width 113: "This is some text."
      RenderBR {BR} at (112,144) size 1x0
      RenderText {#text} at (0,148) size 113x16
        text run at (0,148) width 113: "This is some text."
      RenderBR {BR} at (112,160) size 1x0
      RenderText {#text} at (0,164) size 113x16
        text run at (0,164) width 113: "This is some text."
      RenderBR {BR} at (112,176) size 1x0
      RenderText {#text} at (0,180) size 113x16
        text run at (0,180) width 113: "This is some text."
      RenderBR {BR} at (112,192) size 1x0
      RenderText {#text} at (0,196) size 113x16
        text run at (0,196) width 113: "This is some text."
      RenderBR {BR} at (112,208) size 1x0
      RenderText {#text} at (0,212) size 113x16
        text run at (0,212) width 113: "This is some text."
      RenderBR {BR} at (112,224) size 1x0
      RenderText {#text} at (0,228) size 113x16
        text run at (0,228) width 113: "This is some text."
      RenderBR {BR} at (112,240) size 1x0
      RenderText {#text} at (0,244) size 113x16
        text run at (0,244) width 113: "This is some text."
      RenderBR {BR} at (112,256) size 1x0
      RenderText {#text} at (0,260) size 113x16
        text run at (0,260) width 113: "This is some text."
      RenderBR {BR} at (112,272) size 1x0
      RenderText {#text} at (0,276) size 113x16
        text run at (0,276) width 113: "This is some text."
      RenderBR {BR} at (112,288) size 1x0
      RenderText {#text} at (0,292) size 113x16
        text run at (0,292) width 113: "This is some text."
      RenderBR {BR} at (112,304) size 1x0
      RenderText {#text} at (0,308) size 113x16
        text run at (0,308) width 113: "This is some text."
      RenderBR {BR} at (112,320) size 1x0
      RenderText {#text} at (0,324) size 113x16
        text run at (0,324) width 113: "This is some text."
      RenderBR {BR} at (112,336) size 1x0
      RenderText {#text} at (0,340) size 113x16
        text run at (0,340) width 113: "This is some text."
      RenderBR {BR} at (112,352) size 1x0
      RenderText {#text} at (0,356) size 113x16
        text run at (0,356) width 113: "This is some text."
      RenderBR {BR} at (112,368) size 1x0
      RenderText {#text} at (0,372) size 113x16
        text run at (0,372) width 113: "This is some text."
      RenderBR {BR} at (112,384) size 1x0
      RenderText {#text} at (0,388) size 113x16
        text run at (0,388) width 113: "This is some text."
      RenderBR {BR} at (112,400) size 1x0
      RenderText {#text} at (0,404) size 113x16
        text run at (0,404) width 113: "This is some text."
      RenderBR {BR} at (112,416) size 1x0
      RenderText {#text} at (0,420) size 113x16
        text run at (0,420) width 113: "This is some text."
      RenderBR {BR} at (112,432) size 1x0
      RenderText {#text} at (0,436) size 113x16
        text run at (0,436) width 113: "This is some text."
      RenderBR {BR} at (112,448) size 1x0
      RenderText {#text} at (0,452) size 113x16
        text run at (0,452) width 113: "This is some text."
      RenderBR {BR} at (112,464) size 1x0
      RenderText {#text} at (0,468) size 113x16
        text run at (0,468) width 113: "This is some text."
      RenderBR {BR} at (112,480) size 1x0
