layer at (0,0) size 800x600
  RenderView at (0,0) size 800x600
layer at (0,0) size 800x600
  RenderBlock {HTML} at (0,0) size 800x600
    RenderBody {BODY} at (8,8) size 784x584
layer at (8,8) size 506x505
  RenderBlock {DIV} at (0,0) size 506x505 [border: (3px solid #000000)]
    RenderText {#text} at (3,9) size 159x1466
      text run at (3,9) width 159: "Lorem ipsum dolor sit amet,"
      text run at (3,33) width 159: "consectetur adipiscing elit."
      text run at (3,57) width 158: "Nullam ornare, nunc eget"
      text run at (3,81) width 159: "condimentum tempor, augue"
      text run at (3,105) width 159: "ligula accumsan eros, sed"
      text run at (3,129) width 159: "consequat sapien orci id libero."
      text run at (3,153) width 159: "Curabitur tristique, augue in"
      text run at (3,177) width 159: "aliquet accumsan, nibh nisi"
      text run at (3,201) width 158: "lobortis odio, et suscipit est"
      text run at (3,225) width 159: "ligula eu nisi. Nunc aliquet"
      text run at (3,249) width 158: "lobortis porta. Donec venenatis"
      text run at (3,273) width 158: "consectetur eleifend. Etiam sed"
      text run at (3,297) width 159: "tempor quam. Pellentesque"
      text run at (3,321) width 159: "gravida gravida eros venenatis"
      text run at (3,345) width 159: "suscipit. Aenean diam enim,"
      text run at (3,369) width 159: "suscipit id pellentesque vel,"
      text run at (3,393) width 159: "hendrerit et metus. Suspendisse"
      text run at (3,417) width 159: "felis erat, hendrerit a congue in,"
      text run at (3,441) width 159: "euismod ac erat. Donec pulvinar"
      text run at (3,465) width 158: "venenatis tortor, a lobortis erat"
      text run at (3,508) width 159: "scelerisque et. Class aptent taciti"
      text run at (3,532) width 158: "sociosqu ad litora torquent per"
      text run at (3,556) width 159: "conubia nostra, per inceptos"
      text run at (3,580) width 159: "himenaeos. Aliquam in orci id"
      text run at (3,604) width 159: "felis mollis porta ac et orci."
      text run at (3,628) width 159: "Donec viverra, eros ac mattis"
      text run at (3,652) width 159: "dapibus, quam ante porta lectus,"
      text run at (3,676) width 159: "accumsan pellentesque nibh"
      text run at (3,700) width 159: "metus non felis. Vivamus sed"
      text run at (3,724) width 159: "eros quis magna scelerisque"
      text run at (3,748) width 117: "ultrices ac eget velit. "
      text run at (119,748) width 42: "Nunc et"
      text run at (3,772) width 159: "odio ut velit posuere viverra."
      text run at (3,796) width 159: "Integer eu mi quis velit dapibus"
      text run at (3,820) width 159: "tempus at ut purus. Quisque"
      text run at (3,844) width 159: "congue mollis mauris a"
      text run at (3,868) width 159: "hendrerit. Nam viverra est at"
      text run at (3,892) width 158: "orci interdum a ullamcorper mi"
      text run at (3,916) width 158: "dictum. In id sapien augue."
      text run at (3,940) width 158: "Suspendisse potenti. Vestibulum"
      text run at (3,964) width 158: "turpis purus, convallis ut sagittis"
      text run at (3,1007) width 158: "quis, semper vel mauris."
      text run at (3,1031) width 159: "Curabitur vitae felis turpis."
      text run at (3,1055) width 159: "Fusce augue nibh, consectetur"
      text run at (3,1079) width 159: "non vestibulum et, bibendum sit"
      text run at (3,1103) width 159: "amet lectus. Nulla at imperdiet"
      text run at (3,1127) width 159: "metus. Donec non est velit, non"
      text run at (3,1151) width 158: "fringilla ipsum. Fusce"
      text run at (3,1175) width 159: "elementum neque a nibh egestas"
      text run at (3,1199) width 159: "sodales. Mauris ut lorem"
      text run at (3,1223) width 159: "hendrerit metus interdum"
      text run at (3,1247) width 158: "malesuada. Nam tempus sodales"
      text run at (3,1271) width 158: "neque vitae bibendum."
      text run at (3,1295) width 158: "Vestibulum ac est sit amet dolor"
      text run at (3,1319) width 158: "vehicula semper at sed ante."
      text run at (3,1343) width 159: "Nunc at neque urna, in volutpat"
      text run at (3,1367) width 159: "orci. Praesent eu velit neque,"
      text run at (3,1391) width 159: "quis rutrum metus. Nunc eu"
      text run at (3,1415) width 159: "ipsum sit amet ligula mattis"
      text run at (3,1439) width 158: "porttitor sit amet id felis. Integer"
      text run at (3,1463) width 159: "volutpat aliquam odio et feugiat."
