layer at (0,0) size 1592x1010
  RenderView at (0,0) size 800x600
layer at (0,0) size 800x1010
  RenderBlock {HTML} at (0,0) size 800x1010
    RenderBody {BODY} at (8,8) size 784x994
      RenderBlock {HR} at (0,358) size 784x2 [border: (1px inset #EEEEEE)]
      RenderBlock {HR} at (0,676) size 784x2 [border: (1px inset #EEEEEE)]
layer at (8,8) size 784x350
  RenderBlock {DIV} at (0,0) size 784x350
    RenderTable {TABLE} at (0,0) size 384x1049 [border: (1px outset #808080)]
      RenderTableSection {TBODY} at (1,1) size 382x1047
        RenderTableRow {TR} at (0,0) size 382x1035
          RenderTableCell {TD} at (0,36) size 145x1011 [border: (1px inset #808080)] [r=0 c=0 rs=1 cs=1]
            RenderText {#text} at (11,11) size 108x32
              text run at (11,11) width 108: "This cell has lots"
              text run at (11,27) width 46: "of text."
            RenderBR {BR} at (56,39) size 1x0
            RenderText {#text} at (11,43) size 108x32
              text run at (11,43) width 108: "This cell has lots"
              text run at (11,59) width 46: "of text."
            RenderBR {BR} at (56,71) size 1x0
            RenderText {#text} at (11,75) size 108x32
              text run at (11,75) width 108: "This cell has lots"
              text run at (11,91) width 46: "of text."
            RenderBR {BR} at (56,103) size 1x0
            RenderText {#text} at (11,107) size 108x32
              text run at (11,107) width 108: "This cell has lots"
              text run at (11,123) width 46: "of text."
            RenderBR {BR} at (56,135) size 1x0
            RenderText {#text} at (11,139) size 108x32
              text run at (11,139) width 108: "This cell has lots"
              text run at (11,155) width 46: "of text."
            RenderBR {BR} at (56,167) size 1x0
            RenderText {#text} at (11,171) size 108x32
              text run at (11,171) width 108: "This cell has lots"
              text run at (11,187) width 46: "of text."
            RenderBR {BR} at (56,199) size 1x0
            RenderText {#text} at (11,203) size 108x32
              text run at (11,203) width 108: "This cell has lots"
              text run at (11,219) width 46: "of text."
            RenderBR {BR} at (56,231) size 1x0
            RenderText {#text} at (11,235) size 108x32
              text run at (11,235) width 108: "This cell has lots"
              text run at (11,251) width 46: "of text."
            RenderBR {BR} at (56,263) size 1x0
            RenderText {#text} at (11,267) size 108x32
              text run at (11,267) width 108: "This cell has lots"
              text run at (11,283) width 46: "of text."
            RenderBR {BR} at (56,295) size 1x0
            RenderText {#text} at (11,314) size 108x32
              text run at (11,314) width 108: "This cell has lots"
              text run at (11,330) width 46: "of text."
            RenderBR {BR} at (56,342) size 1x0
            RenderText {#text} at (11,346) size 108x32
              text run at (11,346) width 108: "This cell has lots"
              text run at (11,362) width 46: "of text."
            RenderBR {BR} at (56,374) size 1x0
            RenderText {#text} at (11,378) size 108x32
              text run at (11,378) width 108: "This cell has lots"
              text run at (11,394) width 46: "of text."
            RenderBR {BR} at (56,406) size 1x0
            RenderText {#text} at (11,410) size 108x32
              text run at (11,410) width 108: "This cell has lots"
              text run at (11,426) width 46: "of text."
            RenderBR {BR} at (56,438) size 1x0
            RenderText {#text} at (11,442) size 108x32
              text run at (11,442) width 108: "This cell has lots"
              text run at (11,458) width 46: "of text."
            RenderBR {BR} at (56,470) size 1x0
            RenderText {#text} at (11,474) size 108x32
              text run at (11,474) width 108: "This cell has lots"
              text run at (11,490) width 46: "of text."
            RenderBR {BR} at (56,502) size 1x0
            RenderText {#text} at (11,506) size 108x32
              text run at (11,506) width 108: "This cell has lots"
              text run at (11,522) width 46: "of text."
            RenderBR {BR} at (56,534) size 1x0
            RenderText {#text} at (11,538) size 108x32
              text run at (11,538) width 108: "This cell has lots"
              text run at (11,554) width 46: "of text."
            RenderBR {BR} at (56,566) size 1x0
            RenderText {#text} at (11,570) size 108x32
              text run at (11,570) width 108: "This cell has lots"
              text run at (11,586) width 46: "of text."
            RenderBR {BR} at (56,598) size 1x0
            RenderText {#text} at (11,602) size 108x32
              text run at (11,602) width 108: "This cell has lots"
              text run at (11,618) width 46: "of text."
            RenderBR {BR} at (56,630) size 1x0
            RenderText {#text} at (11,634) size 108x46
              text run at (11,634) width 108: "This cell has lots"
              text run at (11,664) width 46: "of text."
            RenderBR {BR} at (56,676) size 1x0
            RenderText {#text} at (11,680) size 108x32
              text run at (11,680) width 108: "This cell has lots"
              text run at (11,696) width 46: "of text."
            RenderBR {BR} at (56,708) size 1x0
            RenderText {#text} at (11,712) size 108x32
              text run at (11,712) width 108: "This cell has lots"
              text run at (11,728) width 46: "of text."
            RenderBR {BR} at (56,740) size 1x0
            RenderText {#text} at (11,744) size 108x32
              text run at (11,744) width 108: "This cell has lots"
              text run at (11,760) width 46: "of text."
            RenderBR {BR} at (56,772) size 1x0
            RenderText {#text} at (11,776) size 108x32
              text run at (11,776) width 108: "This cell has lots"
              text run at (11,792) width 46: "of text."
            RenderBR {BR} at (56,804) size 1x0
            RenderText {#text} at (11,808) size 108x32
              text run at (11,808) width 108: "This cell has lots"
              text run at (11,824) width 46: "of text."
            RenderBR {BR} at (56,836) size 1x0
            RenderText {#text} at (11,840) size 108x32
              text run at (11,840) width 108: "This cell has lots"
              text run at (11,856) width 46: "of text."
            RenderBR {BR} at (56,868) size 1x0
            RenderText {#text} at (11,872) size 108x32
              text run at (11,872) width 108: "This cell has lots"
              text run at (11,888) width 46: "of text."
            RenderBR {BR} at (56,900) size 1x0
            RenderText {#text} at (11,904) size 108x32
              text run at (11,904) width 108: "This cell has lots"
              text run at (11,920) width 46: "of text."
            RenderBR {BR} at (56,932) size 1x0
            RenderText {#text} at (11,936) size 108x32
              text run at (11,936) width 108: "This cell has lots"
              text run at (11,952) width 46: "of text."
            RenderBR {BR} at (56,964) size 1x0
            RenderText {#text} at (11,968) size 108x32
              text run at (11,968) width 108: "This cell has lots"
              text run at (11,984) width 46: "of text."
            RenderBR {BR} at (56,996) size 1x0
          RenderTableCell {TD} at (145,0) size 237x162 [border: (1px inset #808080)] [r=0 c=1 rs=1 cs=1]
            RenderInline {SPAN} at (0,0) size 146x128
              RenderText {#text} at (11,11) size 146x128
                text run at (11,11) width 146: "Other"
                text run at (11,75) width 109: "cell."
layer at (8,376) size 784x300
  RenderBlock {DIV} at (0,368) size 784x300
    RenderTable {TABLE} at (0,0) size 384x1009 [border: (1px outset #808080)]
      RenderTableSection {TBODY} at (1,1) size 382x1007
        RenderTableRow {TR} at (0,0) size 382x1007
          RenderTableCell {TD} at (0,0) size 145x1007 [border: (1px inset #808080)] [r=0 c=0 rs=1 cs=1]
            RenderText {#text} at (11,11) size 108x32
              text run at (11,11) width 108: "This cell has lots"
              text run at (11,27) width 46: "of text."
            RenderBR {BR} at (56,39) size 1x0
            RenderText {#text} at (11,43) size 108x32
              text run at (11,43) width 108: "This cell has lots"
              text run at (11,59) width 46: "of text."
            RenderBR {BR} at (56,71) size 1x0
            RenderText {#text} at (11,75) size 108x32
              text run at (11,75) width 108: "This cell has lots"
              text run at (11,91) width 46: "of text."
            RenderBR {BR} at (56,103) size 1x0
            RenderText {#text} at (11,107) size 108x32
              text run at (11,107) width 108: "This cell has lots"
              text run at (11,123) width 46: "of text."
            RenderBR {BR} at (56,135) size 1x0
            RenderText {#text} at (11,139) size 108x32
              text run at (11,139) width 108: "This cell has lots"
              text run at (11,155) width 46: "of text."
            RenderBR {BR} at (56,167) size 1x0
            RenderText {#text} at (11,171) size 108x32
              text run at (11,171) width 108: "This cell has lots"
              text run at (11,187) width 46: "of text."
            RenderBR {BR} at (56,199) size 1x0
            RenderText {#text} at (11,203) size 108x32
              text run at (11,203) width 108: "This cell has lots"
              text run at (11,219) width 46: "of text."
            RenderBR {BR} at (56,231) size 1x0
            RenderText {#text} at (11,235) size 108x32
              text run at (11,235) width 108: "This cell has lots"
              text run at (11,251) width 46: "of text."
            RenderBR {BR} at (56,263) size 1x0
            RenderText {#text} at (11,267) size 108x32
              text run at (11,267) width 108: "This cell has lots"
              text run at (11,283) width 46: "of text."
            RenderBR {BR} at (56,295) size 1x0
            RenderText {#text} at (11,300) size 108x32
              text run at (11,300) width 108: "This cell has lots"
              text run at (11,316) width 46: "of text."
            RenderBR {BR} at (56,328) size 1x0
            RenderText {#text} at (11,332) size 108x32
              text run at (11,332) width 108: "This cell has lots"
              text run at (11,348) width 46: "of text."
            RenderBR {BR} at (56,360) size 1x0
            RenderText {#text} at (11,364) size 108x32
              text run at (11,364) width 108: "This cell has lots"
              text run at (11,380) width 46: "of text."
            RenderBR {BR} at (56,392) size 1x0
            RenderText {#text} at (11,396) size 108x32
              text run at (11,396) width 108: "This cell has lots"
              text run at (11,412) width 46: "of text."
            RenderBR {BR} at (56,424) size 1x0
            RenderText {#text} at (11,428) size 108x32
              text run at (11,428) width 108: "This cell has lots"
              text run at (11,444) width 46: "of text."
            RenderBR {BR} at (56,456) size 1x0
            RenderText {#text} at (11,460) size 108x32
              text run at (11,460) width 108: "This cell has lots"
              text run at (11,476) width 46: "of text."
            RenderBR {BR} at (56,488) size 1x0
            RenderText {#text} at (11,492) size 108x32
              text run at (11,492) width 108: "This cell has lots"
              text run at (11,508) width 46: "of text."
            RenderBR {BR} at (56,520) size 1x0
            RenderText {#text} at (11,524) size 108x32
              text run at (11,524) width 108: "This cell has lots"
              text run at (11,540) width 46: "of text."
            RenderBR {BR} at (56,552) size 1x0
            RenderText {#text} at (11,556) size 108x32
              text run at (11,556) width 108: "This cell has lots"
              text run at (11,572) width 46: "of text."
            RenderBR {BR} at (56,584) size 1x0
            RenderText {#text} at (11,600) size 108x32
              text run at (11,600) width 108: "This cell has lots"
              text run at (11,616) width 46: "of text."
            RenderBR {BR} at (56,628) size 1x0
            RenderText {#text} at (11,632) size 108x32
              text run at (11,632) width 108: "This cell has lots"
              text run at (11,648) width 46: "of text."
            RenderBR {BR} at (56,660) size 1x0
            RenderText {#text} at (11,664) size 108x32
              text run at (11,664) width 108: "This cell has lots"
              text run at (11,680) width 46: "of text."
            RenderBR {BR} at (56,692) size 1x0
            RenderText {#text} at (11,696) size 108x32
              text run at (11,696) width 108: "This cell has lots"
              text run at (11,712) width 46: "of text."
            RenderBR {BR} at (56,724) size 1x0
            RenderText {#text} at (11,728) size 108x32
              text run at (11,728) width 108: "This cell has lots"
              text run at (11,744) width 46: "of text."
            RenderBR {BR} at (56,756) size 1x0
            RenderText {#text} at (11,760) size 108x32
              text run at (11,760) width 108: "This cell has lots"
              text run at (11,776) width 46: "of text."
            RenderBR {BR} at (56,788) size 1x0
            RenderText {#text} at (11,792) size 108x32
              text run at (11,792) width 108: "This cell has lots"
              text run at (11,808) width 46: "of text."
            RenderBR {BR} at (56,820) size 1x0
            RenderText {#text} at (11,824) size 108x32
              text run at (11,824) width 108: "This cell has lots"
              text run at (11,840) width 46: "of text."
            RenderBR {BR} at (56,852) size 1x0
            RenderText {#text} at (11,856) size 108x32
              text run at (11,856) width 108: "This cell has lots"
              text run at (11,872) width 46: "of text."
            RenderBR {BR} at (56,884) size 1x0
            RenderText {#text} at (11,900) size 108x32
              text run at (11,900) width 108: "This cell has lots"
              text run at (11,916) width 46: "of text."
            RenderBR {BR} at (56,928) size 1x0
            RenderText {#text} at (11,932) size 108x32
              text run at (11,932) width 108: "This cell has lots"
              text run at (11,948) width 46: "of text."
            RenderBR {BR} at (56,960) size 1x0
            RenderText {#text} at (11,964) size 108x32
              text run at (11,964) width 108: "This cell has lots"
              text run at (11,980) width 46: "of text."
            RenderBR {BR} at (56,992) size 1x0
          RenderTableCell {TD} at (145,428) size 237x150 [border: (1px inset #808080)] [r=0 c=1 rs=1 cs=1]
            RenderInline {SPAN} at (0,0) size 146x128
              RenderText {#text} at (11,11) size 146x128
                text run at (11,11) width 146: "Other"
                text run at (11,75) width 109: "cell."
layer at (8,702) size 784x300
  RenderBlock {DIV} at (0,694) size 784x300
    RenderTable {TABLE} at (0,0) size 384x1041 [border: (1px outset #808080)]
      RenderTableSection {TBODY} at (1,1) size 382x1039
        RenderTableRow {TR} at (0,0) size 382x1007
          RenderTableCell {TD} at (0,0) size 145x1039 [border: (1px inset #808080)] [r=0 c=0 rs=1 cs=1]
            RenderText {#text} at (11,11) size 108x32
              text run at (11,11) width 108: "This cell has lots"
              text run at (11,27) width 46: "of text."
            RenderBR {BR} at (56,39) size 1x0
            RenderText {#text} at (11,43) size 108x32
              text run at (11,43) width 108: "This cell has lots"
              text run at (11,59) width 46: "of text."
            RenderBR {BR} at (56,71) size 1x0
            RenderText {#text} at (11,75) size 108x32
              text run at (11,75) width 108: "This cell has lots"
              text run at (11,91) width 46: "of text."
            RenderBR {BR} at (56,103) size 1x0
            RenderText {#text} at (11,107) size 108x32
              text run at (11,107) width 108: "This cell has lots"
              text run at (11,123) width 46: "of text."
            RenderBR {BR} at (56,135) size 1x0
            RenderText {#text} at (11,139) size 108x32
              text run at (11,139) width 108: "This cell has lots"
              text run at (11,155) width 46: "of text."
            RenderBR {BR} at (56,167) size 1x0
            RenderText {#text} at (11,171) size 108x32
              text run at (11,171) width 108: "This cell has lots"
              text run at (11,187) width 46: "of text."
            RenderBR {BR} at (56,199) size 1x0
            RenderText {#text} at (11,203) size 108x32
              text run at (11,203) width 108: "This cell has lots"
              text run at (11,219) width 46: "of text."
            RenderBR {BR} at (56,231) size 1x0
            RenderText {#text} at (11,235) size 108x32
              text run at (11,235) width 108: "This cell has lots"
              text run at (11,251) width 46: "of text."
            RenderBR {BR} at (56,263) size 1x0
            RenderText {#text} at (11,267) size 108x32
              text run at (11,267) width 108: "This cell has lots"
              text run at (11,283) width 46: "of text."
            RenderBR {BR} at (56,295) size 1x0
            RenderText {#text} at (11,300) size 108x32
              text run at (11,300) width 108: "This cell has lots"
              text run at (11,316) width 46: "of text."
            RenderBR {BR} at (56,328) size 1x0
            RenderText {#text} at (11,332) size 108x32
              text run at (11,332) width 108: "This cell has lots"
              text run at (11,348) width 46: "of text."
            RenderBR {BR} at (56,360) size 1x0
            RenderText {#text} at (11,364) size 108x32
              text run at (11,364) width 108: "This cell has lots"
              text run at (11,380) width 46: "of text."
            RenderBR {BR} at (56,392) size 1x0
            RenderText {#text} at (11,396) size 108x32
              text run at (11,396) width 108: "This cell has lots"
              text run at (11,412) width 46: "of text."
            RenderBR {BR} at (56,424) size 1x0
            RenderText {#text} at (11,428) size 108x32
              text run at (11,428) width 108: "This cell has lots"
              text run at (11,444) width 46: "of text."
            RenderBR {BR} at (56,456) size 1x0
            RenderText {#text} at (11,460) size 108x32
              text run at (11,460) width 108: "This cell has lots"
              text run at (11,476) width 46: "of text."
            RenderBR {BR} at (56,488) size 1x0
            RenderText {#text} at (11,492) size 108x32
              text run at (11,492) width 108: "This cell has lots"
              text run at (11,508) width 46: "of text."
            RenderBR {BR} at (56,520) size 1x0
            RenderText {#text} at (11,524) size 108x32
              text run at (11,524) width 108: "This cell has lots"
              text run at (11,540) width 46: "of text."
            RenderBR {BR} at (56,552) size 1x0
            RenderText {#text} at (11,556) size 108x32
              text run at (11,556) width 108: "This cell has lots"
              text run at (11,572) width 46: "of text."
            RenderBR {BR} at (56,584) size 1x0
            RenderText {#text} at (11,600) size 108x32
              text run at (11,600) width 108: "This cell has lots"
              text run at (11,616) width 46: "of text."
            RenderBR {BR} at (56,628) size 1x0
            RenderText {#text} at (11,632) size 108x32
              text run at (11,632) width 108: "This cell has lots"
              text run at (11,648) width 46: "of text."
            RenderBR {BR} at (56,660) size 1x0
            RenderText {#text} at (11,664) size 108x32
              text run at (11,664) width 108: "This cell has lots"
              text run at (11,680) width 46: "of text."
            RenderBR {BR} at (56,692) size 1x0
            RenderText {#text} at (11,696) size 108x32
              text run at (11,696) width 108: "This cell has lots"
              text run at (11,712) width 46: "of text."
            RenderBR {BR} at (56,724) size 1x0
            RenderText {#text} at (11,728) size 108x32
              text run at (11,728) width 108: "This cell has lots"
              text run at (11,744) width 46: "of text."
            RenderBR {BR} at (56,756) size 1x0
            RenderText {#text} at (11,760) size 108x32
              text run at (11,760) width 108: "This cell has lots"
              text run at (11,776) width 46: "of text."
            RenderBR {BR} at (56,788) size 1x0
            RenderText {#text} at (11,792) size 108x32
              text run at (11,792) width 108: "This cell has lots"
              text run at (11,808) width 46: "of text."
            RenderBR {BR} at (56,820) size 1x0
            RenderText {#text} at (11,824) size 108x32
              text run at (11,824) width 108: "This cell has lots"
              text run at (11,840) width 46: "of text."
            RenderBR {BR} at (56,852) size 1x0
            RenderText {#text} at (11,856) size 108x32
              text run at (11,856) width 108: "This cell has lots"
              text run at (11,872) width 46: "of text."
            RenderBR {BR} at (56,884) size 1x0
            RenderText {#text} at (11,900) size 108x32
              text run at (11,900) width 108: "This cell has lots"
              text run at (11,916) width 46: "of text."
            RenderBR {BR} at (56,928) size 1x0
            RenderText {#text} at (11,932) size 108x32
              text run at (11,932) width 108: "This cell has lots"
              text run at (11,948) width 46: "of text."
            RenderBR {BR} at (56,960) size 1x0
            RenderText {#text} at (11,964) size 108x32
              text run at (11,964) width 108: "This cell has lots"
              text run at (11,980) width 46: "of text."
            RenderBR {BR} at (56,992) size 1x0
          RenderTableCell {TD} at (145,857) size 237x182 [border: (1px inset #808080)] [r=0 c=1 rs=1 cs=1]
            RenderInline {SPAN} at (0,0) size 146x128
              RenderText {#text} at (11,43) size 146x128
                text run at (11,43) width 146: "Other"
                text run at (11,107) width 109: "cell."
