layer at (0,0) size 800x600
  RenderView at (0,0) size 800x600
layer at (0,0) size 800x600
  RenderBlock {HTML} at (0,0) size 800x600
    RenderBody {BODY} at (8,8) size 784x584
      RenderBlock {H2} at (3.19,0) size 777.63x18
        RenderText {#text} at (0,0) size 357x17
          text run at (0,0) width 357: "Horizontal meters with the non-themed default style"
      RenderBlock {UL} at (3.19,21.19) size 777.63x61.19
        RenderListItem {LI} at (43.19,0) size 731.25x18
          RenderBlock {METER} at (0,1.19) size 80x16
            RenderMeter {DIV} at (0,0) size 80x16
              RenderBlock {DIV} at (0,0) size 80x16
                RenderBlock {DIV} at (0,0) size 20x16
          RenderText {#text} at (80,0) size 4x17
            text run at (80,0) width 4: " "
          RenderBlock {METER} at (84,1.19) size 80x16
            RenderMeter {DIV} at (0,0) size 80x16
              RenderBlock {DIV} at (0,0) size 80x16
                RenderBlock {DIV} at (0,0) size 36x16
          RenderText {#text} at (164,0) size 4x17
            text run at (164,0) width 4: " "
          RenderBlock {METER} at (168,1.19) size 80x16
            RenderMeter {DIV} at (0,0) size 80x16
              RenderBlock {DIV} at (0,0) size 80x16
                RenderBlock {DIV} at (0,0) size 60x16
        RenderListItem {LI} at (43.19,21.19) size 731.25x40
          RenderBlock {METER} at (0,-0.81) size 30x40
            RenderMeter {DIV} at (0,0) size 30x40
              RenderBlock {DIV} at (0,0) size 30x40
                RenderBlock {DIV} at (0,0) size 7.50x40
          RenderText {#text} at (30,22) size 4x17
            text run at (30,22) width 4: " "
          RenderBlock {METER} at (34,-0.81) size 30x40
            RenderMeter {DIV} at (0,0) size 30x40
              RenderBlock {DIV} at (0,0) size 30x40
                RenderBlock {DIV} at (0,0) size 13.50x40
          RenderText {#text} at (64,22) size 4x17
            text run at (64,22) width 4: " "
          RenderBlock {METER} at (68,-0.81) size 30x40
            RenderMeter {DIV} at (0,0) size 30x40
              RenderBlock {DIV} at (0,0) size 30x40
                RenderBlock {DIV} at (0,0) size 22.50x40
      RenderBlock {H2} at (3.19,85.56) size 777.63x18
        RenderText {#text} at (0,0) size 153x17
          text run at (0,0) width 153: "Providing meter styles"
      RenderBlock {DIV} at (0,106.75) size 784x89.56 [bgcolor=#EEEEEE]
        RenderBlock {UL} at (3.19,0) size 777.63x89.56
          RenderListItem {LI} at (43.19,0) size 731.25x18
            RenderBlock {METER} at (0,1.19) size 80x16 [bgcolor=#AAAACC] [border: (5px solid #222244) (20px solid #222244) (5px solid #222244) (10px solid #222244)]
              RenderMeter {DIV} at (10,5) size 50x6
                RenderBlock {DIV} at (0,0) size 50x6
                  RenderBlock {DIV} at (0,0) size 40x6
            RenderText {#text} at (80,0) size 72x17
              text run at (80,0) width 72: " has border"
          RenderListItem {LI} at (43.19,21.19) size 731.25x18
            RenderBlock {METER} at (0,1.19) size 80x16 [bgcolor=#AAAACC]
              RenderMeter {DIV} at (10,5) size 50x6
                RenderBlock {DIV} at (0,0) size 50x6
                  RenderBlock {DIV} at (0,0) size 40x6
            RenderText {#text} at (80,0) size 81x17
              text run at (80,0) width 81: " has padding"
          RenderListItem {LI} at (43.19,42.38) size 731.25x26
            RenderBlock {METER} at (10,4.19) size 80x16 [bgcolor=#AAAACC]
              RenderMeter {DIV} at (0,0) size 80x16
                RenderBlock {DIV} at (0,0) size 80x16
                  RenderBlock {DIV} at (0,0) size 64x16
            RenderText {#text} at (110,8) size 75x17
              text run at (110,8) width 75: " has margin"
          RenderListItem {LI} at (43.19,71.56) size 731.25x18
            RenderBlock {METER} at (0,1.19) size 80x16
              RenderMeter {DIV} at (0,0) size 80x16
                RenderBlock {DIV} at (0,0) size 80x16
                  RenderBlock {DIV} at (0,0) size 0x16
            RenderText {#text} at (80,0) size 108x17
              text run at (80,0) width 108: " has box-shadow"
      RenderBlock {H2} at (3.19,199.50) size 777.63x18
        RenderText {#text} at (0,0) size 227x17
          text run at (0,0) width 227: "Providing bar and/or value styles"
      RenderBlock {DIV} at (0,220.69) size 784x166.31 [bgcolor=#EEEEEE]
        RenderBlock {UL} at (3.19,0) size 777.63x81.56
          RenderBlock (anonymous) at (40,0) size 737.63x18
            RenderText {#text} at (0,0) size 486x17
              text run at (0,0) width 486: "default -webkit-appearance, thus should use platform theme (only for Mac.)"
          RenderListItem {LI} at (43.19,21.19) size 731.25x18
            RenderBlock {METER} at (0,1.19) size 80x16
              RenderMeter {DIV} at (0,0) size 80x16
                RenderBlock {DIV} at (0,0) size 80x16
                  RenderBlock {DIV} at (0,0) size 64x16 [bgcolor=#008000] [border: (2px solid #77CC77)]
            RenderText {#text} at (80,0) size 217x17
              text run at (80,0) width 217: " has bar style but should ignore it."
          RenderListItem {LI} at (43.19,42.38) size 731.25x18
            RenderBlock {METER} at (0,1.19) size 80x16
              RenderMeter {DIV} at (0,0) size 80x16
                RenderBlock {DIV} at (0,0) size 80x16 [bgcolor=#808080] [border: (2px solid #222222)]
                  RenderBlock {DIV} at (2,2) size 60.80x12
            RenderText {#text} at (80,0) size 232x17
              text run at (80,0) width 232: " has value style but should ignore it."
          RenderListItem {LI} at (43.19,63.56) size 731.25x18
            RenderBlock {METER} at (0,1.19) size 80x16
              RenderMeter {DIV} at (0,0) size 80x16
                RenderBlock {DIV} at (0,0) size 80x16 [bgcolor=#808080] [border: (2px solid #222222)]
                  RenderBlock {DIV} at (2,2) size 60.80x12 [bgcolor=#008000] [border: (2px solid #77CC77)]
            RenderText {#text} at (80,0) size 255x17
              text run at (80,0) width 255: " has both styles but should ignore them."
        RenderBlock {UL} at (3.19,84.75) size 777.63x81.56
          RenderBlock (anonymous) at (40,0) size 737.63x18
            RenderText {#text} at (0,0) size 470x17
              text run at (0,0) width 470: "-webkit-appearance: none, thus custom styled elements should be shown."
          RenderListItem {LI} at (43.19,21.19) size 731.25x18
            RenderBlock {METER} at (0,1.19) size 80x16
              RenderMeter {DIV} at (0,0) size 80x16
                RenderBlock {DIV} at (0,0) size 80x16
                  RenderBlock {DIV} at (0,0) size 64x16 [bgcolor=#008000] [border: (2px solid #77CC77)]
            RenderText {#text} at (80,0) size 276x17
              text run at (80,0) width 276: " has bar style, should have solid value part."
          RenderListItem {LI} at (43.19,42.38) size 731.25x18
            RenderBlock {METER} at (0,1.19) size 80x16
              RenderMeter {DIV} at (0,0) size 80x16
                RenderBlock {DIV} at (0,0) size 80x16 [bgcolor=#808080] [border: (2px solid #222222)]
                  RenderBlock {DIV} at (2,2) size 60.80x12
            RenderText {#text} at (80,0) size 261x17
              text run at (80,0) width 261: " has value style, should be solid bar part."
          RenderListItem {LI} at (43.19,63.56) size 731.25x18
            RenderBlock {METER} at (0,1.19) size 80x16
              RenderMeter {DIV} at (0,0) size 80x16
                RenderBlock {DIV} at (0,0) size 80x16 [bgcolor=#808080] [border: (2px solid #222222)]
                  RenderBlock {DIV} at (2,2) size 60.80x12 [bgcolor=#008000] [border: (2px solid #77CC77)]
            RenderText {#text} at (80,0) size 240x17
              text run at (80,0) width 240: " should have solid bar and value part."
      RenderBlock {H2} at (3.19,390.19) size 777.63x18
        RenderText {#text} at (0,0) size 157x17
          text run at (0,0) width 157: "Providing appearances"
      RenderBlock {DIV} at (0,411.38) size 784x39.19 [bgcolor=#EEEEEE]
        RenderBlock {UL} at (3.19,0) size 777.63x39.19
          RenderListItem {LI} at (43.19,0) size 731.25x18
            RenderBlock {METER} at (0,1.19) size 80x16
              RenderMeter {DIV} at (0,0) size 80x16
                RenderBlock {DIV} at (0,0) size 80x16
                  RenderBlock {DIV} at (0,0) size 64x16
            RenderText {#text} at (80,0) size 381x17
              text run at (80,0) width 381: " has \"none\" appearance, should be styled with default style."
          RenderListItem {LI} at (43.19,21.19) size 731.25x18
            RenderBlock {METER} at (0,1.19) size 80x16
              RenderMeter {DIV} at (0,0) size 80x16
                RenderBlock {DIV} at (0,0) size 80x16
                  RenderBlock {DIV} at (0,0) size 64x16
            RenderText {#text} at (80,0) size 280x17
              text run at (80,0) width 280: " has \"meter\" appearance, should be themed."
      RenderBlock {H2} at (3.19,453.75) size 777.63x18
        RenderText {#text} at (0,0) size 162x17
          text run at (0,0) width 162: "Providing bar paddings"
      RenderBlock {DIV} at (0,474.94) size 784x18 [bgcolor=#EEEEEE]
        RenderBlock {METER} at (0,1.19) size 80x16
          RenderMeter {DIV} at (0,0) size 80x16
            RenderBlock {DIV} at (0,0) size 80x16
              RenderBlock {DIV} at (5,5) size 35x6
        RenderText {#text} at (80,0) size 166x17
          text run at (80,0) width 166: " has \"padding\" on the bar."
