layer at (0,0) size 800x600
  RenderView at (0,0) size 800x600
layer at (0,0) size 800x600
  RenderBlock {HTML} at (0,0) size 800x600
    RenderBody {BODY} at (8,8) size 784x584
      RenderBlock {P} at (0,0) size 784x32
        RenderText {#text} at (0,0) size 357x16
          text run at (0,0) width 213: "This empties a row (the second). "
          text run at (212,0) width 145: "It should be removed. "
        RenderInline {B} at (0,0) size 780x32
          RenderText {#text} at (356,0) size 780x32
            text run at (356,0) width 424: "This demonstrates a bug: the two cells that contained the ends"
            text run at (0,16) width 656: "of the selection aren't given a placeholder and so appear differently than the other emptied cells."
      RenderBlock {DIV} at (0,48) size 784x48
        RenderTable {TABLE} at (0,0) size 38x48 [border: (1px outset #808080)]
          RenderTableSection {TBODY} at (1,1) size 36x46
            RenderTableRow {TR} at (0,2) size 36x20
              RenderTableCell {TD} at (2,2) size 12x20 [border: (1px inset #808080)] [r=0 c=0 rs=1 cs=1]
                RenderText {#text} at (2,2) size 8x16
                  text run at (2,2) width 8: "1"
              RenderTableCell {TD} at (16,2) size 4x20 [border: (1px inset #808080)] [r=0 c=1 rs=1 cs=1]
                RenderBR {BR} at (2,2) size 0x16
              RenderTableCell {TD} at (22,2) size 12x20 [border: (1px inset #808080)] [r=0 c=2 rs=1 cs=1]
                RenderBR {BR} at (2,2) size 0x16
            RenderTableRow {TR} at (0,24) size 36x20
              RenderTableCell {TD} at (2,24) size 12x20 [border: (1px inset #808080)] [r=1 c=0 rs=1 cs=1]
                RenderBR {BR} at (2,2) size 0x16
              RenderTableCell {TD} at (16,24) size 4x20 [border: (1px inset #808080)] [r=1 c=1 rs=1 cs=1]
                RenderBR {BR} at (2,2) size 0x16
              RenderTableCell {TD} at (22,24) size 12x20 [border: (1px inset #808080)] [r=1 c=2 rs=1 cs=1]
                RenderText {#text} at (2,2) size 8x16
                  text run at (2,2) width 8: "9"
      RenderBlock {P} at (0,112) size 784x16
        RenderText {#text} at (0,0) size 607x16
          text run at (0,0) width 607: "This empties a row (the second), but it still contains the selection and so shouldn't be removed."
      RenderBlock {DIV} at (0,144) size 784x70
        RenderTable {TABLE} at (0,0) size 46x70 [border: (1px outset #808080)]
          RenderTableSection {TBODY} at (1,1) size 44x68
            RenderTableRow {TR} at (0,2) size 44x20
              RenderTableCell {TD} at (2,2) size 12x20 [border: (1px inset #808080)] [r=0 c=0 rs=1 cs=1]
                RenderText {#text} at (2,2) size 8x16
                  text run at (2,2) width 8: "1"
              RenderTableCell {TD} at (16,2) size 12x20 [border: (1px inset #808080)] [r=0 c=1 rs=1 cs=1]
                RenderText {#text} at (2,2) size 8x16
                  text run at (2,2) width 8: "2"
              RenderTableCell {TD} at (30,2) size 12x20 [border: (1px inset #808080)] [r=0 c=2 rs=1 cs=1]
                RenderText {#text} at (2,2) size 8x16
                  text run at (2,2) width 8: "3"
            RenderTableRow {TR} at (0,24) size 44x20
              RenderTableCell {TD} at (2,24) size 12x20 [border: (1px inset #808080)] [r=1 c=0 rs=1 cs=1]
                RenderBR {BR} at (2,2) size 0x16
              RenderTableCell {TD} at (16,24) size 12x20 [border: (1px inset #808080)] [r=1 c=1 rs=1 cs=1]
                RenderBR {BR} at (2,2) size 0x16
              RenderTableCell {TD} at (30,24) size 12x20 [border: (1px inset #808080)] [r=1 c=2 rs=1 cs=1]
                RenderBR {BR} at (2,2) size 0x16
            RenderTableRow {TR} at (0,46) size 44x20
              RenderTableCell {TD} at (2,46) size 12x20 [border: (1px inset #808080)] [r=2 c=0 rs=1 cs=1]
                RenderText {#text} at (2,2) size 8x16
                  text run at (2,2) width 8: "7"
              RenderTableCell {TD} at (16,46) size 12x20 [border: (1px inset #808080)] [r=2 c=1 rs=1 cs=1]
                RenderText {#text} at (2,2) size 8x16
                  text run at (2,2) width 8: "8"
              RenderTableCell {TD} at (30,46) size 12x20 [border: (1px inset #808080)] [r=2 c=2 rs=1 cs=1]
                RenderText {#text} at (2,2) size 8x16
                  text run at (2,2) width 8: "9"
      RenderBlock {P} at (0,230) size 784x16
        RenderText {#text} at (0,0) size 312x16
          text run at (0,0) width 312: "This empties the first row, it should be removed."
      RenderBlock {DIV} at (0,262) size 784x64
        RenderBlock {DIV} at (0,0) size 784x16
          RenderText {#text} at (0,0) size 40x16
            text run at (0,0) width 40: "Hello "
        RenderTable {TABLE} at (0,16) size 46x48 [border: (1px outset #808080)]
          RenderTableSection {TBODY} at (1,1) size 44x46
            RenderTableRow {TR} at (0,2) size 44x20
              RenderTableCell {TD} at (2,2) size 12x20 [border: (1px inset #808080)] [r=0 c=0 rs=1 cs=1]
                RenderBR {BR} at (2,2) size 0x16
              RenderTableCell {TD} at (16,2) size 12x20 [border: (1px inset #808080)] [r=0 c=1 rs=1 cs=1]
                RenderBR {BR} at (2,2) size 0x16
              RenderTableCell {TD} at (30,2) size 12x20 [border: (1px inset #808080)] [r=0 c=2 rs=1 cs=1]
                RenderText {#text} at (2,2) size 8x16
                  text run at (2,2) width 8: "6"
            RenderTableRow {TR} at (0,24) size 44x20
              RenderTableCell {TD} at (2,24) size 12x20 [border: (1px inset #808080)] [r=1 c=0 rs=1 cs=1]
                RenderText {#text} at (2,2) size 8x16
                  text run at (2,2) width 8: "7"
              RenderTableCell {TD} at (16,24) size 12x20 [border: (1px inset #808080)] [r=1 c=1 rs=1 cs=1]
                RenderText {#text} at (2,2) size 8x16
                  text run at (2,2) width 8: "8"
              RenderTableCell {TD} at (30,24) size 12x20 [border: (1px inset #808080)] [r=1 c=2 rs=1 cs=1]
                RenderText {#text} at (2,2) size 8x16
                  text run at (2,2) width 8: "9"
caret: position 6 of child 0 {#text} of child 1 {DIV} of child 14 {DIV} of body
