EDITING DELEGATE: webViewDidChangeSelection:WebViewDidChangeSelectionNotification
EDITING DELEGATE: webViewDidChangeSelection:WebViewDidChangeSelectionNotification
EDITING DELEGATE: webViewDidChangeSelection:WebViewDidChangeSelectionNotification
EDITING DELEGATE: webViewDidChangeSelection:WebViewDidChangeSelectionNotification
EDITING DELEGATE: webViewDidChangeSelection:WebViewDidChangeSelectionNotification
EDITING DELEGATE: webViewDidChangeSelection:WebViewDidChangeSelectionNotification
EDITING DELEGATE: webViewDidChangeSelection:WebViewDidChangeSelectionNotification
EDITING DELEGATE: webViewDidChangeSelection:WebViewDidChangeSelectionNotification
EDITING DELEGATE: webViewDidChange:WebViewDidChangeNotification
layer at (0,0) size 800x600
  RenderView at (0,0) size 800x600
layer at (0,0) size 800x600
  RenderBlock {HTML} at (0,0) size 800x600
    RenderBody {BODY} at (8,8) size 784x584
      RenderBlock {DIV} at (0,0) size 784x212 [border: (2px solid #0000FF)]
        RenderBlock {DIV} at (14,14) size 756x72
          RenderText {#text} at (0,0) size 68x24
            text run at (0,0) width 68: "Tests: "
          RenderBR {BR} at (0,0) size 0x0
          RenderText {#text} at (0,24) size 750x48
            text run at (0,24) width 750: "Deleting when a selection starts at the beginning of a paragraph preceded by a"
            text run at (0,48) width 640: "text element and extends into the middle of a following paragraph."
        RenderBlock {DIV} at (14,102) size 756x96
          RenderText {#text} at (0,0) size 190x24
            text run at (0,0) width 190: "Expected Results: "
          RenderBR {BR} at (189,18) size 1x0
          RenderText {#text} at (0,24) size 741x72
            text run at (0,24) width 741: "Should see the three lines in the red box. First line should be \"one\". Next one"
            text run at (0,48) width 152: "should be \"ee\". "
            text run at (151,48) width 590: "Next one should be \"four\". Insertion point should be blinking"
            text run at (0,72) width 282: "at the start of the second line."
      RenderBlock {DIV} at (0,236) size 784x76
        RenderBlock {DIV} at (0,0) size 784x76 [border: (2px solid #FF0000)]
          RenderBlock (anonymous) at (2,2) size 780x24
            RenderText {#text} at (0,0) size 35x24
              text run at (0,0) width 35: "one"
          RenderBlock {P} at (2,26) size 780x24
            RenderText {#text} at (0,0) size 22x24
              text run at (0,0) width 22: "ee"
          RenderBlock {P} at (2,50) size 780x24
            RenderText {#text} at (0,0) size 40x24
              text run at (0,0) width 40: "four"
caret: position 0 of child 0 {#text} of child 1 {P} of child 1 {DIV} of child 3 {DIV} of body
