EDITING DELEGATE: webViewDidChangeSelection:WebViewDidChangeSelectionNotification
EDITING DELEGATE: webViewDidChangeSelection:WebViewDidChangeSelectionNotification
EDITING DELEGATE: webViewDidChangeSelection:WebViewDidChangeSelectionNotification
EDITING DELEGATE: webViewDidChangeSelection:WebViewDidChangeSelectionNotification
EDITING DELEGATE: webViewDidChangeSelection:WebViewDidChangeSelectionNotification
EDITING DELEGATE: webViewDidChangeSelection:WebViewDidChangeSelectionNotification
EDITING DELEGATE: webViewDidChangeSelection:WebViewDidChangeSelectionNotification
EDITING DELEGATE: webViewDidChange:WebViewDidChangeNotification
layer at (0,0) size 800x600
  RenderView at (0,0) size 800x600
layer at (0,0) size 800x600
  RenderBlock {HTML} at (0,0) size 800x600
    RenderBody {BODY} at (8,8) size 784x584
      RenderBlock {DIV} at (0,0) size 784x76 [border: (2px solid #0000FF)]
        RenderText {#text} at (14,14) size 728x48
          text run at (14,14) width 722: "Should see \"Test OK\" in top red box, followed by \"...more text\", in its own"
          text run at (735,14) width 7: " "
          text run at (14,38) width 79: "red box."
      RenderBlock {DIV} at (0,100) size 784x104
        RenderBlock {DIV} at (0,0) size 784x104 [border: (2px solid #FF0000)]
          RenderBlock (anonymous) at (14,14) size 756x24
            RenderText {#text} at (0,0) size 82x24
              text run at (0,0) width 82: "Test OK"
          RenderBlock {DIV} at (14,38) size 756x52 [border: (2px solid #FF0000)]
            RenderText {#text} at (14,14) size 110x24
              text run at (14,14) width 110: "...more text"
caret: position 2 of child 0 {#text} of child 1 {DIV} of child 3 {DIV} of body
