EDITING DELEGATE: webViewDidChangeSelection:WebViewDidChangeSelectionNotification
layer at (0,0) size 800x600
  RenderView at (0,0) size 800x600
layer at (0,0) size 800x600
  RenderBlock {HTML} at (0,0) size 800x600
    RenderBody {BODY} at (8,8) size 784x584
      RenderBlock {DIV} at (0,0) size 784x124 [border: (2px solid #FF0000)]
        RenderBlock {DIV} at (14,14) size 756x96
          RenderBlock (anonymous) at (0,0) size 756x24
            RenderText {#text} at (0,0) size 40x24
              text run at (0,0) width 40: "One"
          RenderBlock {DIV} at (0,24) size 756x48
            RenderText {#text} at (0,0) size 44x24
              text run at (0,0) width 44: "Two"
            RenderBR {BR} at (43,18) size 1x0
            RenderBR {BR} at (0,24) size 0x24
          RenderBlock (anonymous) at (0,72) size 756x24
            RenderText {#text} at (0,0) size 56x24
              text run at (0,0) width 56: "Three"
caret: position 1 of child 0 {#text} of child 1 {DIV} of child 1 {DIV} of body
