EDITING DELEGATE: webViewDidChangeSelection:WebViewDidChangeSelectionNotification
EDITING DELEGATE: webViewDidChangeSelection:WebViewDidChangeSelectionNotification
EDITING DELEGATE: webViewDidChangeSelection:WebViewDidChangeSelectionNotification
EDITING DELEGATE: webViewDidChangeSelection:WebViewDidChangeSelectionNotification
EDITING DELEGATE: webViewDidChangeSelection:WebViewDidChangeSelectionNotification
EDITING DELEGATE: webViewDidChangeSelection:WebViewDidChangeSelectionNotification
EDITING DELEGATE: webViewDidChangeSelection:WebViewDidChangeSelectionNotification
EDITING DELEGATE: webViewDidChangeSelection:WebViewDidChangeSelectionNotification
EDITING DELEGATE: webViewDidChangeSelection:WebViewDidChangeSelectionNotification
EDITING DELEGATE: webViewDidChangeSelection:WebViewDidChangeSelectionNotification
EDITING DELEGATE: webViewDidChange:WebViewDidChangeNotification
layer at (0,0) size 800x600
  RenderView at (0,0) size 800x600
layer at (0,0) size 800x600
  RenderBlock {HTML} at (0,0) size 800x600
    RenderBody {BODY} at (8,8) size 784x584
      RenderBlock (anonymous) at (0,0) size 784x16
        RenderText {#text} at (0,0) size 311x16
          text run at (0,0) width 311: "Should see a blank line between \"foo\" and \"baz\""
      RenderBlock {DIV} at (0,16) size 784x24
      RenderBlock {DIV} at (0,40) size 784x100 [border: (2px solid #FF0000)]
        RenderBlock {DIV} at (14,14) size 756x24
          RenderText {#text} at (0,0) size 32x24
            text run at (0,0) width 32: "foo"
        RenderBlock (anonymous) at (14,38) size 756x24
          RenderBR {BR} at (0,0) size 0x24
        RenderBlock {DIV} at (14,62) size 756x24
          RenderText {#text} at (0,0) size 34x24
            text run at (0,0) width 34: "baz"
caret: position 0 of child 2 {BR} of child 3 {DIV} of body
