EDITING DELEGATE: webViewDidChangeSelection:WebViewDidChangeSelectionNotification
EDITING DELEGATE: webViewDidChangeSelection:WebViewDidChangeSelectionNotification
EDITING DELEGATE: webViewDidChangeSelection:WebViewDidChangeSelectionNotification
EDITING DELEGATE: webViewDidChangeSelection:WebViewDidChangeSelectionNotification
EDITING DELEGATE: webViewDidChange:WebViewDidChangeNotification
layer at (0,0) size 800x600
  RenderView at (0,0) size 800x600
layer at (0,0) size 800x600
  RenderBlock {HTML} at (0,0) size 800x600
    RenderBody {BODY} at (8,8) size 784x584
      RenderBlock {DIV} at (0,0) size 784x212 [border: (2px solid #0000FF)]
        RenderBlock {DIV} at (14,14) size 756x72
          RenderText {#text} at (0,0) size 68x24
            text run at (0,0) width 68: "Tests: "
          RenderBR {BR} at (0,0) size 0x0
          RenderText {#text} at (0,24) size 625x24
            text run at (0,24) width 625: "Delete at the end of document when there is a BR following a P. "
          RenderBR {BR} at (624,42) size 1x0
          RenderText {#text} at (0,48) size 438x24
            text run at (0,48) width 438: "This is a test case for rdar://problem/4110366"
        RenderBlock {DIV} at (14,102) size 756x96
          RenderText {#text} at (0,0) size 190x24
            text run at (0,0) width 190: "Expected Results: "
          RenderBR {BR} at (189,18) size 1x0
          RenderText {#text} at (0,24) size 715x48
            text run at (0,24) width 239: "Red box with four lines. "
            text run at (238,24) width 477: "The second line is a nested red box with the word"
            text run at (0,48) width 80: "\"hello\". "
            text run at (79,48) width 312: "The other three lines are empty. "
          RenderBR {BR} at (390,66) size 1x0
          RenderText {#text} at (0,72) size 461x24
            text run at (0,72) width 461: "Selection is a caret at the start of the fourth line."
      RenderBlock {DIV} at (0,236) size 784x132 [border: (2px solid #FF0000)]
        RenderBlock {P} at (2,26) size 780x28 [border: (2px solid #FF0000)]
          RenderText {#text} at (2,2) size 48x24
            text run at (2,2) width 48: "hello"
        RenderBlock {P} at (2,78) size 780x28 [border: (2px solid #FF0000)]
          RenderBR {BR} at (2,2) size 0x24
caret: position 0 of child 0 {BR} of child 1 {P} of child 3 {DIV} of body
