EDITING DELEGATE: webViewDidChangeSelection:WebViewDidChangeSelectionNotification
EDITING DELEGATE: webViewDidChangeSelection:WebViewDidChangeSelectionNotification
EDITING DELEGATE: webViewDidChangeSelection:WebViewDidChangeSelectionNotification
EDITING DELEGATE: webViewDidChange:WebViewDidChangeNotification
layer at (0,0) size 800x600
  RenderView at (0,0) size 800x600
layer at (0,0) size 800x600
  RenderBlock {HTML} at (0,0) size 800x600
    RenderBody {BODY} at (8,8) size 784x584
      RenderBlock {P} at (0,0) size 784x48
        RenderText {#text} at (0,0) size 784x48
          text run at (0,0) width 784: "This tests deletion of an empty line starting inside a <div> element, but ending outside that element (just before a <br>). If"
          text run at (0,16) width 778: "the deletion is successful, the result should have two lines, and the insertion point should be on the second line, at the end"
          text run at (0,32) width 127: "of the editable area."
      RenderBlock {DIV} at (0,64) size 784x32
        RenderBlock {DIV} at (0,0) size 784x16
          RenderText {#text} at (0,0) size 8x16
            text run at (0,0) width 8: "a"
        RenderBlock {DIV} at (0,16) size 784x16
          RenderBR {BR} at (0,0) size 0x16
caret: position 0 of child 0 {BR} of child 2 {DIV} of child 3 {DIV} of body
