EDITING DELEGATE: webViewDidChangeSelection:WebViewDidChangeSelectionNotification
EDITING DELEGATE: webViewDidChangeSelection:WebViewDidChangeSelectionNotification
EDITING DELEGATE: webViewDidChangeSelection:WebViewDidChangeSelectionNotification
EDITING DELEGATE: webViewDidChangeSelection:WebViewDidChangeSelectionNotification
EDITING DELEGATE: webViewDidChangeSelection:WebViewDidChangeSelectionNotification
EDITING DELEGATE: webViewDidChangeSelection:WebViewDidChangeSelectionNotification
EDITING DELEGATE: webViewDidChangeSelection:WebViewDidChangeSelectionNotification
EDITING DELEGATE: webViewDidChangeSelection:WebViewDidChangeSelectionNotification
EDITING DELEGATE: webViewDidChangeSelection:WebViewDidChangeSelectionNotification
EDITING DELEGATE: webViewDidChangeSelection:WebViewDidChangeSelectionNotification
EDITING DELEGATE: webViewDidChangeSelection:WebViewDidChangeSelectionNotification
EDITING DELEGATE: webViewDidChangeSelection:WebViewDidChangeSelectionNotification
EDITING DELEGATE: webViewDidChangeSelection:WebViewDidChangeSelectionNotification
EDITING DELEGATE: webViewDidChangeSelection:WebViewDidChangeSelectionNotification
EDITING DELEGATE: webViewDidChangeSelection:WebViewDidChangeSelectionNotification
EDITING DELEGATE: webViewDidChangeSelection:WebViewDidChangeSelectionNotification
EDITING DELEGATE: webViewDidChangeSelection:WebViewDidChangeSelectionNotification
EDITING DELEGATE: webViewDidChangeSelection:WebViewDidChangeSelectionNotification
EDITING DELEGATE: webViewDidChangeSelection:WebViewDidChangeSelectionNotification
EDITING DELEGATE: webViewDidChangeSelection:WebViewDidChangeSelectionNotification
EDITING DELEGATE: webViewDidChangeSelection:WebViewDidChangeSelectionNotification
EDITING DELEGATE: webViewDidChangeSelection:WebViewDidChangeSelectionNotification
EDITING DELEGATE: webViewDidChangeSelection:WebViewDidChangeSelectionNotification
EDITING DELEGATE: webViewDidChange:WebViewDidChangeNotification
layer at (0,0) size 800x600
  RenderView at (0,0) size 800x600
layer at (0,0) size 800x600
  RenderBlock {HTML} at (0,0) size 800x600
    RenderBody {BODY} at (8,8) size 784x584
      RenderBlock {DIV} at (0,0) size 784x48
        RenderTable {TABLE} at (0,0) size 88x48 [border: (3px solid #AAAAAA)]
          RenderTableSection {TBODY} at (3,3) size 82x42
            RenderTableRow {TR} at (0,2) size 82x18
              RenderTableCell {TD} at (2,2) size 27x18 [r=0 c=0 rs=1 cs=1]
                RenderText {#text} at (1,1) size 25x16
                  text run at (1,1) width 25: "Foo"
              RenderTableCell {TD} at (31,2) size 49x18 [r=0 c=1 rs=1 cs=1]
                RenderText {#text} at (1,1) size 23x16
                  text run at (1,1) width 23: "baz"
            RenderTableRow {TR} at (0,22) size 82x18
              RenderTableCell {TD} at (2,22) size 27x18 [r=1 c=0 rs=1 cs=1]
                RenderText {#text} at (1,1) size 21x16
                  text run at (1,1) width 21: "bar"
              RenderTableCell {TD} at (31,22) size 49x18 [r=1 c=1 rs=1 cs=1]
                RenderText {#text} at (1,1) size 47x16
                  text run at (1,1) width 47: "buffalo"
selection start: position 0 of child 1 {TABLE} of child 0 {DIV} of body
selection end:   position 2 of child 1 {TABLE} of child 0 {DIV} of body
