layer at (0,0) size 800x600
  RenderView at (0,0) size 800x600
layer at (0,0) size 800x600
  RenderBlock {HTML} at (0,0) size 800x600
    RenderBody {BODY} at (8,8) size 784x584
      RenderBlock {DIV} at (0,0) size 784x32
        RenderText {#text} at (0,0) size 768x32
          text run at (0,0) width 768: "This tests that we only preserve an empty paragraph's style when moving paragraphs around if the selection is still in an"
          text run at (0,16) width 255: "empty paragraph after the move occurs."
      RenderBlock {DIV} at (0,32) size 784x16
        RenderText {#text} at (0,0) size 324x16
          text run at (0,0) width 324: "The test passes if the text below is still underlined."
      RenderBlock (anonymous) at (0,48) size 784x16
        RenderBR {BR} at (0,0) size 0x16
      RenderBlock {DIV} at (0,64) size 784x16
        RenderInline {SPAN} at (0,0) size 195x16
          RenderText {#text} at (0,0) size 195x16
            text run at (0,0) width 195: "This text should be underlined"
caret: position 30 of child 0 {#text} of child 0 {SPAN} of child 6 {DIV} of body
