EDITING DELEGATE: webViewDidChangeSelection:WebViewDidChangeSelectionNotification
EDITING DELEGATE: webViewDidChangeSelection:WebViewDidChangeSelectionNotification
EDITING DELEGATE: webViewDidChangeSelection:WebViewDidChangeSelectionNotification
EDITING DELEGATE: webViewDidChangeSelection:WebViewDidChangeSelectionNotification
EDITING DELEGATE: webViewDidChangeSelection:WebViewDidChangeSelectionNotification
EDITING DELEGATE: webViewDidChangeSelection:WebViewDidChangeSelectionNotification
EDITING DELEGATE: webViewDidChangeSelection:WebViewDidChangeSelectionNotification
EDITING DELEGATE: webViewDidChangeSelection:WebViewDidChangeSelectionNotification
EDITING DELEGATE: webViewDidChangeSelection:WebViewDidChangeSelectionNotification
EDITING DELEGATE: webViewDidChangeSelection:WebViewDidChangeSelectionNotification
EDITING DELEGATE: webViewDidChange:WebViewDidChangeNotification
EDITING DELEGATE: webViewDidChangeSelection:WebViewDidChangeSelectionNotification
EDITING DELEGATE: webViewDidChangeSelection:WebViewDidChangeSelectionNotification
EDITING DELEGATE: webViewDidChange:WebViewDidChangeNotification
EDITING DELEGATE: webViewDidChangeSelection:WebViewDidChangeSelectionNotification
EDITING DELEGATE: webViewDidChangeSelection:WebViewDidChangeSelectionNotification
EDITING DELEGATE: webViewDidChange:WebViewDidChangeNotification
EDITING DELEGATE: webViewDidChangeSelection:WebViewDidChangeSelectionNotification
EDITING DELEGATE: webViewDidChangeSelection:WebViewDidChangeSelectionNotification
EDITING DELEGATE: webViewDidChange:WebViewDidChangeNotification
EDITING DELEGATE: webViewDidChangeSelection:WebViewDidChangeSelectionNotification
EDITING DELEGATE: webViewDidChangeSelection:WebViewDidChangeSelectionNotification
EDITING DELEGATE: webViewDidChange:WebViewDidChangeNotification
layer at (0,0) size 800x600
  RenderView at (0,0) size 800x600
layer at (0,0) size 800x600
  RenderBlock {HTML} at (0,0) size 800x600
    RenderBody {BODY} at (8,8) size 784x584
      RenderBlock {DIV} at (0,0) size 784x196 [border: (2px solid #FF0000)]
        RenderBlock {UL} at (14,38) size 756x120
          RenderListItem {LI} at (40,0) size 716x24
            RenderListMarker at (-20,0) size 8x24: bullet
            RenderText {#text} at (0,0) size 35x24
              text run at (0,0) width 35: "one"
          RenderListItem {LI} at (40,24) size 716x24
            RenderListMarker at (-20,0) size 8x24: bullet
            RenderText {#text} at (0,0) size 36x24
              text run at (0,0) width 36: "two"
          RenderListItem {LI} at (40,48) size 716x24
            RenderListMarker at (-20,0) size 8x24: bullet
            RenderBR {BR} at (0,0) size 0x24
          RenderListItem {LI} at (40,72) size 716x24
            RenderListMarker at (-20,0) size 8x24: bullet
            RenderText {#text} at (0,0) size 40x24
              text run at (0,0) width 40: "four"
          RenderListItem {LI} at (40,96) size 716x24
            RenderListMarker at (-20,0) size 8x24: bullet
            RenderText {#text} at (0,0) size 38x24
              text run at (0,0) width 38: "five"
caret: position 0 of child 0 {BR} of child 5 {LI} of child 1 {UL} of child 1 {DIV} of body
