EDITING DELEGATE: webViewDidChangeSelection:WebViewDidChangeSelectionNotification
EDITING DELEGATE: webViewDidChangeSelection:WebViewDidChangeSelectionNotification
EDITING DELEGATE: webViewDidChangeSelection:WebViewDidChangeSelectionNotification
EDITING DELEGATE: webViewDidChangeSelection:WebViewDidChangeSelectionNotification
EDITING DELEGATE: webViewDidChangeSelection:WebViewDidChangeSelectionNotification
EDITING DELEGATE: webViewDidChangeSelection:WebViewDidChangeSelectionNotification
EDITING DELEGATE: webViewDidChangeSelection:WebViewDidChangeSelectionNotification
EDITING DELEGATE: webViewDidChangeSelection:WebViewDidChangeSelectionNotification
EDITING DELEGATE: webViewDidChange:WebViewDidChangeNotification
layer at (0,0) size 800x600
  RenderView at (0,0) size 800x600
layer at (0,0) size 800x600
  RenderBlock {HTML} at (0,0) size 800x600
    RenderBody {BODY} at (8,8) size 784x584
      RenderBlock {DIV} at (0,0) size 784x76 [border: (2px solid #0000FF)]
        RenderText {#text} at (14,14) size 749x48
          text run at (14,14) width 743: "Should see \"XX\" in outer red box, and another \"XX\" in an orange box nested"
          text run at (756,14) width 7: " "
          text run at (14,38) width 143: "in a green box."
      RenderBlock {DIV} at (0,100) size 784x132
        RenderBlock {DIV} at (0,0) size 784x132 [border: (2px solid #FF0000)]
          RenderBlock (anonymous) at (14,14) size 756x24
            RenderText {#text} at (0,0) size 35x24
              text run at (0,0) width 35: "XX"
          RenderBlock {DIV} at (14,38) size 756x80 [border: (2px solid #008000)]
            RenderBlock {DIV} at (14,14) size 728x52 [border: (2px solid #FFA500)]
              RenderText {#text} at (14,14) size 35x24
                text run at (14,14) width 35: "XX"
caret: position 2 of child 0 {#text} of child 1 {DIV} of child 3 {DIV} of body
