EDITING DELEGATE: webViewDidChangeSelection:WebViewDidChangeSelectionNotification
EDITING DELEGATE: webViewDidChangeSelection:WebViewDidChangeSelectionNotification
EDITING DELEGATE: webViewDidChangeSelection:WebViewDidChangeSelectionNotification
EDITING DELEGATE: webViewDidChangeSelection:WebViewDidChangeSelectionNotification
EDITING DELEGATE: webViewDidChangeSelection:WebViewDidChangeSelectionNotification
EDITING DELEGATE: webViewDidChangeSelection:WebViewDidChangeSelectionNotification
EDITING DELEGATE: webViewDidChange:WebViewDidChangeNotification
layer at (0,0) size 800x600
  RenderView at (0,0) size 800x600
layer at (0,0) size 800x600
  RenderBlock {HTML} at (0,0) size 800x600
    RenderBody {BODY} at (8,8) size 784x584
      RenderBlock {DIV} at (0,0) size 784x246 [border: (2px solid #FF0000)]
        RenderInline {SPAN} at (0,0) size 202x133
          RenderText {#text} at (14,99) size 11x24
            text run at (14,99) width 11: "a"
          RenderImage {IMG} at (24.64,14) size 76x103
          RenderText {#text} at (100,99) size 7x24
            text run at (100,99) width 7: " "
          RenderText {#text} at (106,99) size 110x24
            text run at (106,99) width 110: " conceived "
          RenderBR {BR} at (215,117) size 1x0
          RenderText {#text} at (14,208) size 60x24
            text run at (14,208) width 60: "nation"
          RenderImage {IMG} at (73.98,123) size 76x103
        RenderText {#text} at (0,0) size 0x0
caret: position 1 of child 2 {#text} of child 1 {SPAN} of child 1 {DIV} of body
