EDITING DELEGATE: webViewDidChangeSelection:WebViewDidChangeSelectionNotification
EDITING DELEGATE: webViewDidChangeSelection:WebViewDidChangeSelectionNotification
EDITING DELEGATE: webViewDidChangeSelection:WebViewDidChangeSelectionNotification
EDITING DELEGATE: webViewDidChangeSelection:WebViewDidChangeSelectionNotification
EDITING DELEGATE: webViewDidChange:WebViewDidChangeNotification
EDITING DELEGATE: webViewDidChangeSelection:WebViewDidChangeSelectionNotification
EDITING DELEGATE: webViewDidChange:WebViewDidChangeNotification
layer at (0,0) size 800x600
  RenderView at (0,0) size 800x600
layer at (0,0) size 800x600
  RenderBlock {HTML} at (0,0) size 800x600
    RenderBody {BODY} at (8,8) size 784x576
      RenderBlock {P} at (0,0) size 784x16
        RenderText {#text} at (0,0) size 734x16
          text run at (0,0) width 272: "This test deletes the contents of a sub-list. "
          text run at (271,0) width 463: "Then it deletes the empty list item. The list item below it should remain."
      RenderBlock {DIV} at (0,32) size 784x32
        RenderBlock {UL} at (0,0) size 784x32
          RenderListItem {LI} at (40,0) size 744x16
            RenderListMarker at (-16,0) size 6x16: bullet
            RenderBR {BR} at (0,0) size 0x16
          RenderListItem {LI} at (40,16) size 744x16
            RenderListMarker at (-16,0) size 6x16: bullet
            RenderBR {BR} at (0,0) size 0x16
caret: position 0 of child 0 {BR} of child 0 {LI} of child 0 {UL} of child 3 {DIV} of body
