EDITING DELEGATE: webViewDidChangeSelection:WebViewDidChangeSelectionNotification
EDITING DELEGATE: webViewDidChangeSelection:WebViewDidChangeSelectionNotification
EDITING DELEGATE: webViewDidChange:WebViewDidChangeNotification
layer at (0,0) size 800x600
  RenderView at (0,0) size 800x600
layer at (0,0) size 800x600
  RenderBlock {HTML} at (0,0) size 800x600
    RenderBody {BODY} at (8,8) size 784x584
      RenderBlock {P} at (0,0) size 784x32
        RenderText {#text} at (0,0) size 744x32
          text run at (0,0) width 744: "This places the caret before the 'T' in 'Two' and Deletes. 'One' and 'Two' should be merged but the blocks containing"
          text run at (0,16) width 280: "'Three' and 'Four' should remain untouched."
      RenderBlock {DIV} at (8,48) size 768x170
        RenderBlock {DIV} at (16,16) size 736x38 [border: (3px solid #FF0000)]
          RenderText {#text} at (11,11) size 56x16
            text run at (11,11) width 56: "OneTwo"
        RenderBlock {DIV} at (16,62) size 736x92 [border: (3px solid #008000)]
          RenderBlock {DIV} at (19,19) size 698x38 [border: (3px solid #000000)]
            RenderText {#text} at (11,11) size 38x16
              text run at (11,11) width 38: "Three"
          RenderBlock (anonymous) at (11,65) size 714x16
            RenderText {#text} at (0,0) size 31x16
              text run at (0,0) width 31: "Four"
caret: position 3 of child 0 {#text} of child 1 {DIV} of child 2 {DIV} of body
