EDITING DELEGATE: webViewDidChangeSelection:WebViewDidChangeSelectionNotification
EDITING DELEGATE: webViewDidChangeSelection:WebViewDidChangeSelectionNotification
EDITING DELEGATE: webViewDidChangeSelection:WebViewDidChangeSelectionNotification
EDITING DELEGATE: webViewDidChange:WebViewDidChangeNotification
layer at (0,0) size 800x600
  RenderView at (0,0) size 800x600
layer at (0,0) size 800x600
  RenderBlock {HTML} at (0,0) size 800x600
    RenderBody {BODY} at (8,8) size 784x584
      RenderBlock {P} at (0,0) size 784x16
        RenderText {#text} at (0,0) size 545x16
          text run at (0,0) width 545: "This tests deleting the line break before a paragraph that ends with unrendered space."
      RenderBlock {DIV} at (0,32) size 784x32
        RenderBlock (anonymous) at (0,0) size 784x16
          RenderText {#text} at (0,0) size 22x16
            text run at (0,0) width 22: "foo"
          RenderText {#text} at (21,0) size 21x16
            text run at (21,0) width 21: "bar"
        RenderBlock {DIV} at (0,16) size 784x16
          RenderText {#text} at (0,0) size 23x16
            text run at (0,0) width 23: "baz"
caret: position 3 of child 0 {#text} of child 2 {DIV} of body
