EDITING DELEGATE: webViewDidChangeSelection:WebViewDidChangeSelectionNotification
EDITING DELEGATE: webViewDidChangeSelection:WebViewDidChangeSelectionNotification
EDITING DELEGATE: webViewDidChangeSelection:WebViewDidChangeSelectionNotification
EDITING DELEGATE: webViewDidChangeSelection:WebViewDidChangeSelectionNotification
EDITING DELEGATE: webViewDidChange:WebViewDidChangeNotification
layer at (0,0) size 800x600
  RenderView at (0,0) size 800x600
layer at (0,0) size 800x600
  RenderBlock {HTML} at (0,0) size 800x600
    RenderBody {BODY} at (8,8) size 784x584
      RenderBlock {DIV} at (0,0) size 784x188 [border: (2px solid #0000FF)]
        RenderBlock {DIV} at (14,14) size 756x48
          RenderText {#text} at (0,0) size 68x24
            text run at (0,0) width 68: "Tests: "
          RenderBR {BR} at (0,0) size 0x0
          RenderText {#text} at (0,24) size 492x24
            text run at (0,24) width 492: "Smart delete when deleting the first word on a line."
        RenderBlock {DIV} at (14,78) size 756x96
          RenderText {#text} at (0,0) size 190x24
            text run at (0,0) width 190: "Expected Results: "
          RenderBR {BR} at (189,18) size 1x0
          RenderText {#text} at (0,24) size 708x48
            text run at (0,24) width 708: "The first word and the space following the first word should be deleted. It"
            text run at (0,48) width 201: "should like this this: "
          RenderBR {BR} at (200,66) size 1x0
          RenderText {#text} at (0,72) size 70x24
            text run at (0,72) width 70: "bar baz"
      RenderBlock {DIV} at (0,212) size 784x28
        RenderBlock {DIV} at (0,0) size 784x28 [border: (2px solid #FF0000)]
          RenderText {#text} at (2,2) size 70x24
            text run at (2,2) width 70: "bar baz"
caret: position 0 of child 0 {#text} of child 1 {DIV} of child 3 {DIV} of body
