EDITING DELEGATE: webViewDidChangeSelection:WebViewDidChangeSelectionNotification
EDITING DELEGATE: webViewDidChangeSelection:WebViewDidChangeSelectionNotification
EDITING DELEGATE: webViewDidChange:WebViewDidChangeNotification
layer at (0,0) size 800x600
  RenderView at (0,0) size 800x600
layer at (0,0) size 800x600
  RenderBlock {HTML} at (0,0) size 800x600
    RenderBody {BODY} at (8,8) size 784x584
      RenderBlock {P} at (0,0) size 784x16
        RenderText {#text} at (0,0) size 737x16
          text run at (0,0) width 372: "This tests deletion of a selection that spans multiple cells. "
          text run at (371,0) width 366: "Just table content should be removed, not table structure."
      RenderBlock {DIV} at (0,32) size 784x26
        RenderTable {TABLE} at (0,0) size 351x26 [border: (1px outset #808080)]
          RenderTableSection {TBODY} at (1,1) size 349x24
            RenderTableRow {TR} at (0,2) size 349x20
              RenderTableCell {TD} at (2,2) size 160x20 [border: (1px inset #808080)] [r=0 c=0 rs=1 cs=1]
                RenderBlock {DIV} at (2,2) size 156x16
                  RenderText {#text} at (0,0) size 156x16
                    text run at (0,0) width 156: "These two pieces of text"
              RenderTableCell {TD} at (164,2) size 183x20 [border: (1px inset #808080)] [r=0 c=1 rs=1 cs=1]
                RenderBlock {DIV} at (2,2) size 179x16
                  RenderText {#text} at (0,0) size 179x16
                    text run at (0,0) width 179: " should be in different cells."
caret: position 24 of child 0 {#text} of child 0 {DIV} of child 0 {TD} of child 0 {TR} of child 0 {TBODY} of child 0 {TABLE} of child 2 {DIV} of body
