layer at (0,0) size 800x600
  RenderView at (0,0) size 800x600
layer at (0,0) size 800x600
  RenderBlock {HTML} at (0,0) size 800x600
    RenderBody {BODY} at (8,8) size 784x576
      RenderBlock {DIV} at (0,0) size 784x32
        RenderText {#text} at (0,0) size 743x32
          text run at (0,0) width 743: "When your cursor is after an empty blockquote, hitting delete should bring the cursor (and the content following the"
          text run at (0,16) width 480: "cursor) back into the blockquote, instead of deleting the empty blockquote."
      RenderBlock {DIV} at (0,48) size 784x16
        RenderBlock {BLOCKQUOTE} at (0,0) size 744x16 [color=#0000FF] [border: none (2px solid #0000FF)]
          RenderText {#text} at (12,0) size 142x16
            text run at (12,0) width 142: "This should be quoted"
caret: position 0 of child 0 {#text} of child 0 {BLOCKQUOTE} of child 3 {DIV} of body
