layer at (0,0) size 858x1099
  RenderView at (0,0) size 800x600
layer at (0,0) size 800x1099
  RenderBlock {HTML} at (0,0) size 800x1098.53
    RenderBody {BODY} at (8,8) size 784x1082.53 [bgcolor=#CCCCCC]
      RenderBlock {P} at (0,0) size 784x16
        RenderText {#text} at (0,0) size 363x16
          text run at (0,0) width 363: "The style declarations which apply to the text below are:"
      RenderBlock {PRE} at (0,32) size 784x26
        RenderText {#text} at (0,0) size 851x26
          text run at (0,0) width 851: "BODY {background-image: url(../resources/bg.gif); background-repeat: repeat-x; background-attachment: fixed;}"
          text run at (850,0) width 1: " "
          text run at (0,13) width 0: " "
      RenderBlock {HR} at (0,71) size 784x2 [border: (1px inset #EEEEEE)]
      RenderBlock {P} at (0,89) size 784x80
        RenderText {#text} at (0,0) size 778x80
          text run at (0,0) width 778: "This document should have a green grid-pattern line across the top of the page (or at least a tiled background) which does"
          text run at (0,16) width 204: "NOT scroll with the document. "
          text run at (203,16) width 564: "It should, instead, appear to be a fixed pattern past which the content scrolls, even when"
          text run at (0,32) width 199: "the end of the page is reached. "
          text run at (198,32) width 575: "In addition, the default Test Suite background should NOT appear, as it's been overridden"
          text run at (0,48) width 176: "by the styles shown above. "
          text run at (175,48) width 560: "I'll have to add a lot of extra text to the page in order to make all this something we can"
          text run at (0,64) width 100: "actually check. "
          text run at (99,64) width 233: "Don't worry, I'll think of something."
      RenderBlock {P} at (0,185) size 784x16
        RenderText {#text} at (0,0) size 519x16
          text run at (0,0) width 426: "In fact, why not the relevant section from the CSS1 specification? "
          text run at (425,0) width 94: "A capital idea."
      RenderBlock {HR} at (0,217) size 784x2 [border: (1px inset #EEEEEE)]
      RenderBlock {HR} at (0,227) size 784x2 [border: (1px inset #EEEEEE)]
      RenderBlock {H4} at (0,250.27) size 784x16
        RenderInline {A} at (0,0) size 223x16
          RenderText {#text} at (0,0) size 223x16
            text run at (0,0) width 223: "5.3.5    'background-attachment'"
        RenderText {#text} at (0,0) size 0x0
      RenderBlock {P} at (0,287.53) size 784x80
        RenderInline {EM} at (0,0) size 43x16
          RenderText {#text} at (0,0) size 43x16
            text run at (0,0) width 43: "Value:"
        RenderText {#text} at (42,0) size 85x16
          text run at (42,0) width 85: " scroll | fixed"
        RenderBR {BR} at (126,12) size 1x0
        RenderInline {EM} at (0,0) size 45x16
          RenderText {#text} at (0,16) size 45x16
            text run at (0,16) width 45: "Initial:"
        RenderText {#text} at (44,16) size 40x16
          text run at (44,16) width 40: " scroll"
        RenderBR {BR} at (83,28) size 1x0
        RenderInline {EM} at (0,0) size 70x16
          RenderText {#text} at (0,32) size 70x16
            text run at (0,32) width 70: "Applies to:"
        RenderText {#text} at (69,32) size 82x16
          text run at (69,32) width 82: " all elements"
        RenderBR {BR} at (150,44) size 1x0
        RenderInline {EM} at (0,0) size 64x16
          RenderText {#text} at (0,48) size 64x16
            text run at (0,48) width 64: "Inherited:"
        RenderText {#text} at (63,48) size 21x16
          text run at (63,48) width 21: " no"
        RenderBR {BR} at (83,60) size 1x0
        RenderInline {EM} at (0,0) size 124x16
          RenderText {#text} at (0,64) size 124x16
            text run at (0,64) width 124: "Percentage values:"
        RenderText {#text} at (123,64) size 32x16
          text run at (123,64) width 32: " N/A"
        RenderBR {BR} at (154,76) size 1x0
      RenderBlock {P} at (0,383.53) size 784x32
        RenderText {#text} at (0,0) size 783x32
          text run at (0,0) width 783: "If a background image is specified, the value of 'background-attachment' determines if it is fixed with regard to the canvas"
          text run at (0,16) width 237: "or if it scrolls along with the content."
      RenderBlock {PRE} at (0,431.53) size 784x65
        RenderText {#text} at (0,0) size 289x65
          text run at (0,0) width 71: "  BODY { "
          text run at (70,0) width 1: " "
          text run at (0,13) width 289: "    background: red url(pendant.gif);"
          text run at (288,13) width 1: " "
          text run at (0,26) width 250: "    background-repeat: repeat-y;"
          text run at (249,26) width 1: " "
          text run at (0,39) width 258: "    background-attachment: fixed;"
          text run at (257,39) width 1: " "
          text run at (0,52) width 24: "  }"
          text run at (23,52) width 1: " "
      RenderBlock {P} at (0,512.53) size 784x48
        RenderInline {EM} at (0,0) size 73x16
          RenderText {#text} at (0,0) size 73x16
            text run at (0,0) width 73: "CSS1 core:"
        RenderText {#text} at (72,0) size 778x48
          text run at (72,0) width 686: " UAs may treat 'fixed' as 'scroll'. However, it is recommended they interpret 'fixed' correctly, at least on the"
          text run at (0,16) width 778: "HTML and BODY elements, since there is no way for an author to provide an image only for those browsers that support"
          text run at (0,32) width 43: "'fixed'."
      RenderTable {TABLE} at (0,576.53) size 784x506 [border: (1px outset #808080)]
        RenderTableSection {TBODY} at (1,1) size 782x504
          RenderTableRow {TR} at (0,0) size 782x24
            RenderTableCell {TD} at (0,0) size 782x24 [bgcolor=#C0C0C0] [border: (1px inset #808080)] [r=0 c=0 rs=1 cs=2]
              RenderInline {STRONG} at (0,0) size 163x16
                RenderText {#text} at (4,4) size 163x16
                  text run at (4,4) width 163: "TABLE Testing Section"
          RenderTableRow {TR} at (0,24) size 782x480
            RenderTableCell {TD} at (0,252) size 12x24 [bgcolor=#C0C0C0] [border: (1px inset #808080)] [r=1 c=0 rs=1 cs=1]
              RenderText {#text} at (4,4) size 4x16
                text run at (4,4) width 4: " "
            RenderTableCell {TD} at (12,24) size 770x479.53 [border: (1px inset #808080)] [r=1 c=1 rs=1 cs=1]
              RenderBlock {P} at (4,4) size 762x80
                RenderText {#text} at (0,0) size 761x80
                  text run at (0,0) width 745: "This document should have a green grid-pattern line across the top of the page (or at least a tiled background) which"
                  text run at (0,16) width 237: "does NOT scroll with the document. "
                  text run at (236,16) width 525: "It should, instead, appear to be a fixed pattern past which the content scrolls, even"
                  text run at (0,32) width 237: "when the end of the page is reached. "
                  text run at (236,32) width 503: "In addition, the default Test Suite background should NOT appear, as it's been"
                  text run at (0,48) width 250: "overridden by the styles shown above. "
                  text run at (249,48) width 510: "I'll have to add a lot of extra text to the page in order to make all this something"
                  text run at (0,64) width 149: "we can actually check. "
                  text run at (148,64) width 232: "Don't worry, I'll think of something."
              RenderBlock {P} at (4,100) size 762x16
                RenderText {#text} at (0,0) size 519x16
                  text run at (0,0) width 426: "In fact, why not the relevant section from the CSS1 specification? "
                  text run at (425,0) width 94: "A capital idea."
              RenderBlock {HR} at (4,132) size 762x2 [border: (1px inset #EEEEEE)]
              RenderBlock {HR} at (4,142) size 762x2 [border: (1px inset #EEEEEE)]
              RenderBlock {H4} at (4,165.27) size 762x16
                RenderInline {A} at (0,0) size 223x16
                  RenderText {#text} at (0,0) size 223x16
                    text run at (0,0) width 223: "5.3.5    'background-attachment'"
                RenderText {#text} at (0,0) size 0x0
              RenderBlock {P} at (4,202.53) size 762x80
                RenderInline {EM} at (0,0) size 43x16
                  RenderText {#text} at (0,0) size 43x16
                    text run at (0,0) width 43: "Value:"
                RenderText {#text} at (42,0) size 85x16
                  text run at (42,0) width 85: " scroll | fixed"
                RenderBR {BR} at (126,12) size 1x0
                RenderInline {EM} at (0,0) size 45x16
                  RenderText {#text} at (0,16) size 45x16
                    text run at (0,16) width 45: "Initial:"
                RenderText {#text} at (44,16) size 40x16
                  text run at (44,16) width 40: " scroll"
                RenderBR {BR} at (83,28) size 1x0
                RenderInline {EM} at (0,0) size 70x16
                  RenderText {#text} at (0,32) size 70x16
                    text run at (0,32) width 70: "Applies to:"
                RenderText {#text} at (69,32) size 82x16
                  text run at (69,32) width 82: " all elements"
                RenderBR {BR} at (150,44) size 1x0
                RenderInline {EM} at (0,0) size 64x16
                  RenderText {#text} at (0,48) size 64x16
                    text run at (0,48) width 64: "Inherited:"
                RenderText {#text} at (63,48) size 21x16
                  text run at (63,48) width 21: " no"
                RenderBR {BR} at (83,60) size 1x0
                RenderInline {EM} at (0,0) size 124x16
                  RenderText {#text} at (0,64) size 124x16
                    text run at (0,64) width 124: "Percentage values:"
                RenderText {#text} at (123,64) size 32x16
                  text run at (123,64) width 32: " N/A"
                RenderBR {BR} at (154,76) size 1x0
              RenderBlock {P} at (4,298.53) size 762x32
                RenderText {#text} at (0,0) size 735x32
                  text run at (0,0) width 735: "If a background image is specified, the value of 'background-attachment' determines if it is fixed with regard to the"
                  text run at (0,16) width 284: "canvas or if it scrolls along with the content."
              RenderBlock {PRE} at (4,346.53) size 762x65
                RenderText {#text} at (0,0) size 289x65
                  text run at (0,0) width 71: "  BODY { "
                  text run at (70,0) width 1: " "
                  text run at (0,13) width 289: "    background: red url(pendant.gif);"
                  text run at (288,13) width 1: " "
                  text run at (0,26) width 250: "    background-repeat: repeat-y;"
                  text run at (249,26) width 1: " "
                  text run at (0,39) width 258: "    background-attachment: fixed;"
                  text run at (257,39) width 1: " "
                  text run at (0,52) width 24: "  }"
                  text run at (23,52) width 1: " "
              RenderBlock {P} at (4,427.53) size 762x48
                RenderInline {EM} at (0,0) size 73x16
                  RenderText {#text} at (0,0) size 73x16
                    text run at (0,0) width 73: "CSS1 core:"
                RenderText {#text} at (72,0) size 758x48
                  text run at (72,0) width 686: " UAs may treat 'fixed' as 'scroll'. However, it is recommended they interpret 'fixed' correctly, at least on the"
                  text run at (0,16) width 726: "HTML and BODY elements, since there is no way for an author to provide an image only for those browsers that"
                  text run at (0,32) width 95: "support 'fixed'."
