layer at (0,0) size 800x600
  RenderView at (0,0) size 800x600
layer at (0,0) size 800x600
  RenderBlock {HTML} at (0,0) size 800x600
    RenderBody {BODY} at (8,8) size 784x584 [bgcolor=#CCCCCC]
      RenderBlock {P} at (0,0) size 784x16 [bgcolor=#008000]
        RenderText {#text} at (0,0) size 363x16
          text run at (0,0) width 363: "The style declarations which apply to the text below are:"
      RenderBlock {PRE} at (0,32) size 784x52
        RenderText {#text} at (0,0) size 289x52
          text run at (0,0) width 219: "P {background-color: green;}"
          text run at (218,0) width 1: " "
          text run at (0,13) width 235: ".one {background-color: lime;}"
          text run at (234,13) width 1: " "
          text run at (0,26) width 289: ".two {background-color: transparent;}"
          text run at (288,26) width 1: " "
          text run at (0,39) width 0: " "
      RenderBlock {HR} at (0,97) size 784x2 [border: (1px inset #EEEEEE)]
      RenderBlock {P} at (0,115) size 784x16 [bgcolor=#008000]
        RenderText {#text} at (0,0) size 282x16
          text run at (0,0) width 282: "This element's background should be green."
      RenderBlock {P} at (0,147) size 784x16 [bgcolor=#00FF00]
        RenderText {#text} at (0,0) size 358x16
          text run at (0,0) width 358: "This element's background should be lime (light green)."
      RenderBlock {P} at (0,179) size 784x48 [bgcolor=#008000]
        RenderText {#text} at (0,0) size 663x16
          text run at (0,0) width 663: "This element's background should be green, and the last word in this sentence should also have a green "
        RenderInline {SPAN} at (0,0) size 77x16
          RenderText {#text} at (662,0) size 77x16
            text run at (662,0) width 77: "background"
        RenderText {#text} at (738,0) size 775x48
          text run at (738,0) width 9: ". "
          text run at (746,0) width 29: "This"
          text run at (0,16) width 727: "is because the background color of the parent element (the paragraph) should \"shine through\" the SPANned word"
          text run at (0,32) width 187: "\"sentence,\" which was set to "
        RenderInline {CODE} at (0,0) size 87x13
          RenderText {#text} at (186,34) size 87x13
            text run at (186,34) width 87: "transparent"
        RenderText {#text} at (272,32) size 404x16
          text run at (272,32) width 9: ". "
          text run at (280,32) width 396: "If the document background is visible, the browser is in error."
      RenderBlock {P} at (0,243) size 784x16
        RenderText {#text} at (0,0) size 754x16
          text run at (0,0) width 469: "This element should allow the document background to \"shine through.\" "
          text run at (468,0) width 286: "There should be no green backgrounds here!"
      RenderTable {TABLE} at (0,275) size 784x178 [border: (1px outset #808080)]
        RenderTableSection {TBODY} at (1,1) size 782x176
          RenderTableRow {TR} at (0,0) size 782x24
            RenderTableCell {TD} at (0,0) size 782x24 [bgcolor=#C0C0C0] [border: (1px inset #808080)] [r=0 c=0 rs=1 cs=2]
              RenderInline {STRONG} at (0,0) size 163x16
                RenderText {#text} at (4,4) size 163x16
                  text run at (4,4) width 163: "TABLE Testing Section"
          RenderTableRow {TR} at (0,24) size 782x152
            RenderTableCell {TD} at (0,88) size 12x24 [bgcolor=#C0C0C0] [border: (1px inset #808080)] [r=1 c=0 rs=1 cs=1]
              RenderText {#text} at (4,4) size 4x16
                text run at (4,4) width 4: " "
            RenderTableCell {TD} at (12,24) size 770x152 [border: (1px inset #808080)] [r=1 c=1 rs=1 cs=1]
              RenderBlock {P} at (4,4) size 762x16 [bgcolor=#008000]
                RenderText {#text} at (0,0) size 282x16
                  text run at (0,0) width 282: "This element's background should be green."
              RenderBlock {P} at (4,36) size 762x16 [bgcolor=#00FF00]
                RenderText {#text} at (0,0) size 358x16
                  text run at (0,0) width 358: "This element's background should be lime (light green)."
              RenderBlock {P} at (4,68) size 762x48 [bgcolor=#008000]
                RenderText {#text} at (0,0) size 663x16
                  text run at (0,0) width 663: "This element's background should be green, and the last word in this sentence should also have a green "
                RenderInline {SPAN} at (0,0) size 77x16
                  RenderText {#text} at (662,0) size 77x16
                    text run at (662,0) width 77: "background"
                RenderText {#text} at (738,0) size 760x48
                  text run at (738,0) width 5: "."
                  text run at (0,16) width 760: "This is because the background color of the parent element (the paragraph) should \"shine through\" the SPANned word"
                  text run at (0,32) width 187: "\"sentence,\" which was set to "
                RenderInline {CODE} at (0,0) size 87x13
                  RenderText {#text} at (186,34) size 87x13
                    text run at (186,34) width 87: "transparent"
                RenderText {#text} at (272,32) size 404x16
                  text run at (272,32) width 9: ". "
                  text run at (280,32) width 396: "If the document background is visible, the browser is in error."
              RenderBlock {P} at (4,132) size 762x16
                RenderText {#text} at (0,0) size 754x16
                  text run at (0,0) width 469: "This element should allow the document background to \"shine through.\" "
                  text run at (468,0) width 286: "There should be no green backgrounds here!"
