layer at (0,0) size 800x600
  RenderView at (0,0) size 800x600
layer at (0,0) size 800x600
  RenderBlock {HTML} at (0,0) size 800x600
    RenderBody {BODY} at (8,8) size 784x584 [bgcolor=#CCCCCC]
      RenderBlock {P} at (0,0) size 784x16
        RenderText {#text} at (0,0) size 363x16
          text run at (0,0) width 363: "The style declarations which apply to the text below are:"
      RenderBlock {PRE} at (0,32) size 784x39
        RenderText {#text} at (0,0) size 367x39
          text run at (0,0) width 367: "P {background-image: url(../resources/bg.gif);}"
          text run at (366,0) width 1: " "
          text run at (0,13) width 235: ".one {background-image: none;}"
          text run at (234,13) width 1: " "
          text run at (0,26) width 0: " "
      RenderBlock {HR} at (0,84) size 784x2 [border: (1px inset #EEEEEE)]
      RenderBlock {P} at (0,102) size 784x32
        RenderText {#text} at (0,0) size 760x32
          text run at (0,0) width 512: "This sentence should be backed by an image-- a green grid pattern, in this case. "
          text run at (511,0) width 249: "The background image should also tile"
          text run at (0,16) width 680: "along both axes, because no repeat direction is specified (specific tests for repeating are found elsewhere)."
      RenderBlock {P} at (0,150) size 784x64
        RenderText {#text} at (0,0) size 607x16
          text run at (0,0) width 607: "This sentence should be backed by a repeated green-grid image, as should the last three words "
        RenderInline {STRONG} at (0,0) size 105x16
          RenderInline {SPAN} at (0,0) size 105x16
            RenderText {#text} at (606,0) size 105x16
              text run at (606,0) width 105: "in this sentence"
        RenderText {#text} at (710,0) size 757x32
          text run at (710,0) width 9: ". "
          text run at (718,0) width 39: "If it is"
          text run at (0,16) width 60: "not, then "
        RenderInline {CODE} at (0,0) size 33x13
          RenderText {#text} at (59,18) size 33x13
            text run at (59,18) width 33: "none"
        RenderText {#text} at (91,16) size 175x16
          text run at (91,16) width 170: " is interpreted incorrectly. "
          text run at (260,16) width 6: "("
        RenderInline {CODE} at (0,0) size 32x13
          RenderText {#text} at (265,18) size 32x13
            text run at (265,18) width 32: "none"
        RenderText {#text} at (296,16) size 764x48
          text run at (296,16) width 468: " means that the element has no background image, allowing the parent to"
          text run at (0,32) width 763: "\"shine through\" by default; since the parent of the words \"in this sentence\" is the paragraph, then the paragraph's image"
          text run at (0,48) width 118: "should be visible.)"
      RenderBlock {P} at (0,230) size 784x32
        RenderText {#text} at (0,0) size 774x32
          text run at (0,0) width 774: "This sentence should NOT be backed by a repeated green-grid image, allowing the page's background to \"shine through\""
          text run at (0,16) width 50: "instead."
      RenderTable {TABLE} at (0,278) size 784x194 [border: (1px outset #808080)]
        RenderTableSection {TBODY} at (1,1) size 782x192
          RenderTableRow {TR} at (0,0) size 782x24
            RenderTableCell {TD} at (0,0) size 782x24 [bgcolor=#C0C0C0] [border: (1px inset #808080)] [r=0 c=0 rs=1 cs=2]
              RenderInline {STRONG} at (0,0) size 163x16
                RenderText {#text} at (4,4) size 163x16
                  text run at (4,4) width 163: "TABLE Testing Section"
          RenderTableRow {TR} at (0,24) size 782x168
            RenderTableCell {TD} at (0,96) size 12x24 [bgcolor=#C0C0C0] [border: (1px inset #808080)] [r=1 c=0 rs=1 cs=1]
              RenderText {#text} at (4,4) size 4x16
                text run at (4,4) width 4: " "
            RenderTableCell {TD} at (12,24) size 770x168 [border: (1px inset #808080)] [r=1 c=1 rs=1 cs=1]
              RenderBlock {P} at (4,4) size 762x32
                RenderText {#text} at (0,0) size 760x32
                  text run at (0,0) width 512: "This sentence should be backed by an image-- a green grid pattern, in this case. "
                  text run at (511,0) width 249: "The background image should also tile"
                  text run at (0,16) width 680: "along both axes, because no repeat direction is specified (specific tests for repeating are found elsewhere)."
              RenderBlock {P} at (4,52) size 762x64
                RenderText {#text} at (0,0) size 607x16
                  text run at (0,0) width 607: "This sentence should be backed by a repeated green-grid image, as should the last three words "
                RenderInline {STRONG} at (0,0) size 105x16
                  RenderInline {SPAN} at (0,0) size 105x16
                    RenderText {#text} at (606,0) size 105x16
                      text run at (606,0) width 105: "in this sentence"
                RenderText {#text} at (710,0) size 757x32
                  text run at (710,0) width 9: ". "
                  text run at (718,0) width 39: "If it is"
                  text run at (0,16) width 60: "not, then "
                RenderInline {CODE} at (0,0) size 33x13
                  RenderText {#text} at (59,18) size 33x13
                    text run at (59,18) width 33: "none"
                RenderText {#text} at (91,16) size 175x16
                  text run at (91,16) width 170: " is interpreted incorrectly. "
                  text run at (260,16) width 6: "("
                RenderInline {CODE} at (0,0) size 32x13
                  RenderText {#text} at (265,18) size 32x13
                    text run at (265,18) width 32: "none"
                RenderText {#text} at (296,16) size 748x48
                  text run at (296,16) width 452: " means that the element has no background image, allowing the parent"
                  text run at (0,32) width 737: "to \"shine through\" by default; since the parent of the words \"in this sentence\" is the paragraph, then the paragraph's"
                  text run at (0,48) width 161: "image should be visible.)"
              RenderBlock {P} at (4,132) size 762x32
                RenderText {#text} at (0,0) size 714x32
                  text run at (0,0) width 714: "This sentence should NOT be backed by a repeated green-grid image, allowing the page's background to \"shine"
                  text run at (0,16) width 110: "through\" instead."
