layer at (0,0) size 866x1668
  RenderView at (0,0) size 800x600
layer at (0,0) size 800x1668
  RenderBlock {HTML} at (0,0) size 800x1668
    RenderBody {BODY} at (8,8) size 784x1652 [bgcolor=#CCCCCC]
      RenderBlock {P} at (0,0) size 784x16
        RenderText {#text} at (0,0) size 363x16
          text run at (0,0) width 363: "The style declarations which apply to the text below are:"
      RenderBlock {PRE} at (0,32) size 784x195
        RenderText {#text} at (0,0) size 859x195
          text run at (0,0) width 656: ".one {background-image: url(../resources/oransqr.gif); background-repeat: repeat-y;}"
          text run at (655,0) width 1: " "
          text run at (0,13) width 656: ".two {background-image: url(../resources/oransqr.gif); background-repeat: repeat-x;}"
          text run at (655,13) width 1: " "
          text run at (0,26) width 679: ".three {background-image: url(../resources/oransqr.gif); background-repeat: no-repeat;}"
          text run at (678,26) width 1: " "
          text run at (0,39) width 859: ".four {background-image: url(../resources/bg.gif); background-position: 50% 50%; background-repeat: repeat-y;}"
          text run at (858,39) width 1: " "
          text run at (0,52) width 687: ".five {background-image: url(../resources/crosshair2.gif); background-position: 50% 50%;"
          text run at (686,52) width 1: " "
          text run at (0,65) width 235: "       background-color: red;}"
          text run at (234,65) width 1: " "
          text run at (0,78) width 703: ".six {background-image: url(../resources/crosshair2.gif); background-position: center top;"
          text run at (702,78) width 1: " "
          text run at (0,91) width 227: "      background-color: red;}"
          text run at (226,91) width 1: " "
          text run at (0,104) width 703: ".seven {background-image: url(../resources/crosshair2.gif); background-position: top left;"
          text run at (702,104) width 1: " "
          text run at (0,117) width 242: "        background-color: red;}"
          text run at (241,117) width 1: " "
          text run at (0,130) width 734: ".eight {background-image: url(../resources/crosshair2.gif); background-position: bottom right;"
          text run at (733,130) width 1: " "
          text run at (0,143) width 242: "        background-color: red;}"
          text run at (241,143) width 1: " "
          text run at (0,156) width 687: ".nine {background-image: url(../resources/crosshair2.gif); background-position: 50% 50%;"
          text run at (686,156) width 1: " "
          text run at (0,169) width 235: "       background-color: red;}"
          text run at (234,169) width 1: " "
          text run at (0,182) width 0: " "
      RenderBlock {HR} at (0,240) size 784x2 [border: (1px inset #EEEEEE)]
      RenderBlock {P} at (0,258) size 784x48
        RenderText {#text} at (0,0) size 779x32
          text run at (0,0) width 779: "This sentence should have an orange stripe repeated in the \"y\" direction, starting at the upper left corner (since the default"
          text run at (0,16) width 23: "for "
        RenderInline {CODE} at (0,0) size 149x13
          RenderText {#text} at (22,18) size 149x13
            text run at (22,18) width 149: "background-position"
        RenderText {#text} at (170,16) size 740x32
          text run at (170,16) width 328: " is '0% 0%' and that property is not declared here). "
          text run at (497,16) width 243: "This is extra text included for the sole"
          text run at (0,32) width 265: "purpose of making the paragraph longer. "
          text run at (264,32) width 224: "Thank you for your understanding."
      RenderBlock {P} at (0,322) size 784x48
        RenderText {#text} at (0,0) size 779x32
          text run at (0,0) width 779: "This sentence should have an orange stripe repeated in the \"x\" direction, starting at the upper left corner (since the default"
          text run at (0,16) width 23: "for "
        RenderInline {CODE} at (0,0) size 149x13
          RenderText {#text} at (22,18) size 149x13
            text run at (22,18) width 149: "background-position"
        RenderText {#text} at (170,16) size 740x32
          text run at (170,16) width 328: " is '0% 0%' and that property is not declared here). "
          text run at (497,16) width 243: "This is extra text included for the sole"
          text run at (0,32) width 265: "purpose of making the paragraph longer. "
          text run at (264,32) width 224: "Thank you for your understanding."
      RenderBlock {P} at (0,386) size 784x48
        RenderText {#text} at (0,0) size 712x16
          text run at (0,0) width 712: "This sentence should have a single orange square behind it, placed at the upper left corner (since the default for"
        RenderInline {CODE} at (0,0) size 149x13
          RenderText {#text} at (0,18) size 149x13
            text run at (0,18) width 149: "background-position"
        RenderText {#text} at (148,16) size 772x32
          text run at (148,16) width 327: " is '0% 0%' and that property is not declared here). "
          text run at (474,16) width 298: "This is extra text included for the sole purpose"
          text run at (0,32) width 210: "of making the paragraph longer. "
          text run at (209,32) width 225: "Thank you for your understanding."
      RenderBlock {P} at (0,450) size 784x64
        RenderText {#text} at (0,0) size 778x32
          text run at (0,0) width 778: "This sentence should have a green-hatch stripe running vertically down the center of the paragraph, with the origin image"
          text run at (0,16) width 221: "exactly centered in the paragraph. "
          text run at (220,16) width 103: "This is because "
        RenderInline {CODE} at (0,0) size 63x13
          RenderText {#text} at (322,18) size 63x13
            text run at (322,18) width 63: "repeat-y"
        RenderText {#text} at (384,16) size 119x16
          text run at (384,16) width 119: " specifies tiling in "
        RenderInline {EM} at (0,0) size 30x16
          RenderText {#text} at (502,16) size 30x16
            text run at (502,16) width 30: "both"
        RenderText {#text} at (531,16) size 780x32
          text run at (531,16) width 162: " directions on the y-axis. "
          text run at (692,16) width 88: "Note that this"
          text run at (0,32) width 275: "test is only valid if the user agent supports "
        RenderInline {CODE} at (0,0) size 149x13
          RenderText {#text} at (274,34) size 149x13
            text run at (274,34) width 149: "background-position"
        RenderText {#text} at (422,32) size 35x16
          text run at (422,32) width 35: " (see "
        RenderInline {A} at (0,0) size 59x16 [color=#0000FF]
          RenderText {#text} at (456,32) size 59x16
            text run at (456,32) width 59: "test 5.3.6"
        RenderText {#text} at (514,32) size 772x32
          text run at (514,32) width 14: "). "
          text run at (527,32) width 245: "I'll fill the paragraph with extra text to"
          text run at (0,48) width 350: "make the conformance (or lack thereof) more obvious."
      RenderBlock {P} at (0,530) size 784x80 [bgcolor=#FF0000]
        RenderText {#text} at (0,0) size 768x16
          text run at (0,0) width 670: "This paragraph should have a tiled background, with the origin image exactly centered in the paragraph. "
          text run at (669,0) width 99: "This is because"
        RenderInline {CODE} at (0,0) size 133x13
          RenderText {#text} at (0,18) size 133x13
            text run at (0,18) width 133: "background-repeat"
        RenderText {#text} at (132,16) size 119x16
          text run at (132,16) width 119: " specifies tiling in "
        RenderInline {EM} at (0,0) size 18x16
          RenderText {#text} at (250,16) size 18x16
            text run at (250,16) width 18: "all"
        RenderText {#text} at (267,16) size 766x32
          text run at (267,16) width 372: " directions, regardless of the position of the origin image. "
          text run at (638,16) width 128: "Note that this test is"
          text run at (0,32) width 234: "only valid if the user agent supports "
        RenderInline {CODE} at (0,0) size 149x13
          RenderText {#text} at (233,34) size 149x13
            text run at (233,34) width 149: "background-position"
        RenderText {#text} at (381,32) size 35x16
          text run at (381,32) width 35: " (see "
        RenderInline {A} at (0,0) size 59x16 [color=#0000FF]
          RenderText {#text} at (415,32) size 59x16
            text run at (415,32) width 59: "test 5.3.6"
        RenderText {#text} at (473,32) size 783x48
          text run at (473,32) width 14: "). "
          text run at (486,32) width 284: "I'll fill the paragraph with extra text to make"
          text run at (0,48) width 315: "the conformance (or lack thereof) more obvious. "
          text run at (314,48) width 469: "A background color is present, although if it is visible then the image has"
          text run at (0,64) width 144: "not bee correctly tiled."
      RenderBlock {P} at (0,626) size 784x48 [bgcolor=#FF0000]
        RenderText {#text} at (0,0) size 781x48
          text run at (0,0) width 781: "This sentence should have a fully tiled background which starts at its center top; that is, the background's origin should be"
          text run at (0,16) width 283: "the exact center of the top of the paragraph. "
          text run at (282,16) width 461: "I'll fill it with extra text to make the conformance (or lack thereof) more"
          text run at (0,32) width 59: "obvious. "
          text run at (58,32) width 670: "A background color is present, although if it is visible, then the image may not have been tiled correctly."
      RenderBlock {P} at (0,690) size 784x48 [bgcolor=#FF0000]
        RenderText {#text} at (0,0) size 770x48
          text run at (0,0) width 499: "This sentence should have a fully tiled background which starts at its top left. "
          text run at (498,0) width 229: "I'll fill it with extra text to make the"
          text run at (0,16) width 291: "conformance (or lack thereof) more obvious. "
          text run at (290,16) width 480: "A background color is present, although if it is visible, then the image may"
          text run at (0,32) width 187: "not have been tiled correctly."
      RenderBlock {P} at (0,754) size 784x64 [bgcolor=#FF0000]
        RenderText {#text} at (0,0) size 778x64
          text run at (0,0) width 778: "This sentence should have a fully tiled background which starts at its bottom right; in other words, a complete instance of"
          text run at (0,16) width 703: "the image should be anchored in the bottom right corner, with the tiled background extending out from there. "
          text run at (702,16) width 53: "I'll fill it"
          text run at (0,32) width 467: "with extra text to make the conformance (or lack thereof) more obvious. "
          text run at (466,32) width 299: "A background color is present, although if it is"
          text run at (0,48) width 367: "visible, then the image may not have been tiled correctly."
      RenderBlock {P} at (0,834) size 784x96 [bgcolor=#FF0000]
        RenderText {#text} at (0,0) size 783x96
          text run at (0,0) width 737: "This sentence should have a fully tiled background which starts at its center and is tiled in all directions; that is, the"
          text run at (0,16) width 414: "background's origin should be the exact center of the paragraph. "
          text run at (413,16) width 370: "I'll fill it with extra text to make the conformance (or lack"
          text run at (0,32) width 151: "thereof) more obvious. "
          text run at (150,32) width 454: "In fact, a lot of extra text will be necessary to make this at all obvious. "
          text run at (603,32) width 160: "This is true because I am"
          text run at (0,48) width 765: "not able to increase the text size without resorting to either headings or other CSS properties, neither of which I want to"
          text run at (0,64) width 162: "use in this circumstance. "
          text run at (161,64) width 245: "This ought to be enough text, though. "
          text run at (405,64) width 350: "A background color is present, although if it is visible,"
          text run at (0,80) width 316: "then the image may not have been tiled correctly."
      RenderTable {TABLE} at (0,946) size 784x706 [border: (1px outset #808080)]
        RenderTableSection {TBODY} at (1,1) size 782x704
          RenderTableRow {TR} at (0,0) size 782x24
            RenderTableCell {TD} at (0,0) size 782x24 [bgcolor=#C0C0C0] [border: (1px inset #808080)] [r=0 c=0 rs=1 cs=2]
              RenderInline {STRONG} at (0,0) size 163x16
                RenderText {#text} at (4,4) size 163x16
                  text run at (4,4) width 163: "TABLE Testing Section"
          RenderTableRow {TR} at (0,24) size 782x680
            RenderTableCell {TD} at (0,352) size 12x24 [bgcolor=#C0C0C0] [border: (1px inset #808080)] [r=1 c=0 rs=1 cs=1]
              RenderText {#text} at (4,4) size 4x16
                text run at (4,4) width 4: " "
            RenderTableCell {TD} at (12,24) size 770x680 [border: (1px inset #808080)] [r=1 c=1 rs=1 cs=1]
              RenderBlock {P} at (4,4) size 762x48
                RenderText {#text} at (0,0) size 731x32
                  text run at (0,0) width 731: "This sentence should have an orange stripe repeated in the \"y\" direction, starting at the upper left corner (since the"
                  text run at (0,16) width 72: "default for "
                RenderInline {CODE} at (0,0) size 149x13
                  RenderText {#text} at (71,18) size 149x13
                    text run at (71,18) width 149: "background-position"
                RenderText {#text} at (219,16) size 759x32
                  text run at (219,16) width 327: " is '0% 0%' and that property is not declared here). "
                  text run at (545,16) width 214: "This is extra text included for the"
                  text run at (0,32) width 295: "sole purpose of making the paragraph longer. "
                  text run at (294,32) width 224: "Thank you for your understanding."
              RenderBlock {P} at (4,68) size 762x48
                RenderText {#text} at (0,0) size 731x32
                  text run at (0,0) width 731: "This sentence should have an orange stripe repeated in the \"x\" direction, starting at the upper left corner (since the"
                  text run at (0,16) width 72: "default for "
                RenderInline {CODE} at (0,0) size 149x13
                  RenderText {#text} at (71,18) size 149x13
                    text run at (71,18) width 149: "background-position"
                RenderText {#text} at (219,16) size 759x32
                  text run at (219,16) width 327: " is '0% 0%' and that property is not declared here). "
                  text run at (545,16) width 214: "This is extra text included for the"
                  text run at (0,32) width 295: "sole purpose of making the paragraph longer. "
                  text run at (294,32) width 224: "Thank you for your understanding."
              RenderBlock {P} at (4,132) size 762x48
                RenderText {#text} at (0,0) size 712x16
                  text run at (0,0) width 712: "This sentence should have a single orange square behind it, placed at the upper left corner (since the default for"
                RenderInline {CODE} at (0,0) size 149x13
                  RenderText {#text} at (0,18) size 149x13
                    text run at (0,18) width 149: "background-position"
                RenderText {#text} at (148,16) size 717x32
                  text run at (148,16) width 327: " is '0% 0%' and that property is not declared here). "
                  text run at (474,16) width 243: "This is extra text included for the sole"
                  text run at (0,32) width 265: "purpose of making the paragraph longer. "
                  text run at (264,32) width 224: "Thank you for your understanding."
              RenderBlock {P} at (4,196) size 762x64
                RenderText {#text} at (0,0) size 734x32
                  text run at (0,0) width 734: "This sentence should have a green-hatch stripe running vertically down the center of the paragraph, with the origin"
                  text run at (0,16) width 264: "image exactly centered in the paragraph. "
                  text run at (263,16) width 103: "This is because "
                RenderInline {CODE} at (0,0) size 63x13
                  RenderText {#text} at (365,18) size 63x13
                    text run at (365,18) width 63: "repeat-y"
                RenderText {#text} at (427,16) size 119x16
                  text run at (427,16) width 119: " specifies tiling in "
                RenderInline {EM} at (0,0) size 30x16
                  RenderText {#text} at (545,16) size 30x16
                    text run at (545,16) width 30: "both"
                RenderText {#text} at (574,16) size 732x32
                  text run at (574,16) width 158: " directions on the y-axis."
                  text run at (0,32) width 365: "Note that this test is only valid if the user agent supports "
                RenderInline {CODE} at (0,0) size 149x13
                  RenderText {#text} at (364,34) size 149x13
                    text run at (364,34) width 149: "background-position"
                RenderText {#text} at (512,32) size 35x16
                  text run at (512,32) width 35: " (see "
                RenderInline {A} at (0,0) size 59x16 [color=#0000FF]
                  RenderText {#text} at (546,32) size 59x16
                    text run at (546,32) width 59: "test 5.3.6"
                RenderText {#text} at (604,32) size 750x32
                  text run at (604,32) width 14: "). "
                  text run at (617,32) width 133: "I'll fill the paragraph"
                  text run at (0,48) width 463: "with extra text to make the conformance (or lack thereof) more obvious."
              RenderBlock {P} at (4,276) size 762x80 [bgcolor=#FF0000]
                RenderText {#text} at (0,0) size 714x32
                  text run at (0,0) width 670: "This paragraph should have a tiled background, with the origin image exactly centered in the paragraph. "
                  text run at (669,0) width 45: "This is"
                  text run at (0,16) width 55: "because "
                RenderInline {CODE} at (0,0) size 134x13
                  RenderText {#text} at (54,18) size 134x13
                    text run at (54,18) width 134: "background-repeat"
                RenderText {#text} at (187,16) size 119x16
                  text run at (187,16) width 119: " specifies tiling in "
                RenderInline {EM} at (0,0) size 18x16
                  RenderText {#text} at (305,16) size 18x16
                    text run at (305,16) width 18: "all"
                RenderText {#text} at (322,16) size 753x32
                  text run at (322,16) width 371: " directions, regardless of the position of the origin image. "
                  text run at (692,16) width 61: "Note that"
                  text run at (0,32) width 302: "this test is only valid if the user agent supports "
                RenderInline {CODE} at (0,0) size 149x13
                  RenderText {#text} at (301,34) size 149x13
                    text run at (301,34) width 149: "background-position"
                RenderText {#text} at (449,32) size 35x16
                  text run at (449,32) width 35: " (see "
                RenderInline {A} at (0,0) size 59x16 [color=#0000FF]
                  RenderText {#text} at (483,32) size 59x16
                    text run at (483,32) width 59: "test 5.3.6"
                RenderText {#text} at (541,32) size 755x48
                  text run at (541,32) width 14: "). "
                  text run at (554,32) width 201: "I'll fill the paragraph with extra"
                  text run at (0,48) width 398: "text to make the conformance (or lack thereof) more obvious. "
                  text run at (397,48) width 346: "A background color is present, although if it is visible"
                  text run at (0,64) width 268: "then the image has not bee correctly tiled."
              RenderBlock {P} at (4,372) size 762x48 [bgcolor=#FF0000]
                RenderText {#text} at (0,0) size 762x48
                  text run at (0,0) width 761: "This sentence should have a fully tiled background which starts at its center top; that is, the background's origin should"
                  text run at (0,16) width 302: "be the exact center of the top of the paragraph. "
                  text run at (301,16) width 461: "I'll fill it with extra text to make the conformance (or lack thereof) more"
                  text run at (0,32) width 59: "obvious. "
                  text run at (58,32) width 670: "A background color is present, although if it is visible, then the image may not have been tiled correctly."
              RenderBlock {P} at (4,436) size 762x48 [bgcolor=#FF0000]
                RenderText {#text} at (0,0) size 739x48
                  text run at (0,0) width 499: "This sentence should have a fully tiled background which starts at its top left. "
                  text run at (498,0) width 229: "I'll fill it with extra text to make the"
                  text run at (0,16) width 291: "conformance (or lack thereof) more obvious. "
                  text run at (290,16) width 449: "A background color is present, although if it is visible, then the image"
                  text run at (0,32) width 218: "may not have been tiled correctly."
              RenderBlock {P} at (4,500) size 762x64 [bgcolor=#FF0000]
                RenderText {#text} at (0,0) size 760x64
                  text run at (0,0) width 760: "This sentence should have a fully tiled background which starts at its bottom right; in other words, a complete instance"
                  text run at (0,16) width 720: "of the image should be anchored in the bottom right corner, with the tiled background extending out from there. "
                  text run at (719,16) width 41: "I'll fill"
                  text run at (0,32) width 479: "it with extra text to make the conformance (or lack thereof) more obvious. "
                  text run at (478,32) width 272: "A background color is present, although if"
                  text run at (0,48) width 395: "it is visible, then the image may not have been tiled correctly."
              RenderBlock {P} at (4,580) size 762x96 [bgcolor=#FF0000]
                RenderText {#text} at (0,0) size 761x96
                  text run at (0,0) width 737: "This sentence should have a fully tiled background which starts at its center and is tiled in all directions; that is, the"
                  text run at (0,16) width 414: "background's origin should be the exact center of the paragraph. "
                  text run at (413,16) width 339: "I'll fill it with extra text to make the conformance (or"
                  text run at (0,32) width 181: "lack thereof) more obvious. "
                  text run at (180,32) width 455: "In fact, a lot of extra text will be necessary to make this at all obvious. "
                  text run at (634,32) width 127: "This is true because"
                  text run at (0,48) width 746: "I am not able to increase the text size without resorting to either headings or other CSS properties, neither of which I"
                  text run at (0,64) width 213: "want to use in this circumstance. "
                  text run at (212,64) width 245: "This ought to be enough text, though. "
                  text run at (456,64) width 299: "A background color is present, although if it is"
                  text run at (0,80) width 367: "visible, then the image may not have been tiled correctly."
