layer at (0,0) size 800x600
  RenderView at (0,0) size 800x600
layer at (0,0) size 800x600
  RenderBlock {HTML} at (0,0) size 800x600
    RenderBody {BODY} at (8,8) size 784x576
      RenderBlock {H1} at (0,0) size 784x32
        RenderText {#text} at (0,0) size 419x32
          text run at (0,0) width 419: "Meters with various optimums"
      RenderBlock {P} at (0,53.44) size 784x16
        RenderText {#text} at (0,0) size 264x16
          text run at (0,0) width 264: "(min=0, max=1000, low=300, high=600)"
      RenderBlock {H2} at (0,89.34) size 784x24
        RenderText {#text} at (0,0) size 144x24
          text run at (0,0) width 144: "optimum=450"
      RenderBlock {UL} at (0,133.25) size 784x80
        RenderListItem {LI} at (40,0) size 744x16
          RenderListMarker at (-16,0) size 6x16: bullet
          RenderText {#text} at (0,0) size 77x16
            text run at (0,0) width 77: "value=150: "
          RenderMeter {METER} at (76.11,-0.81) size 80x16
        RenderListItem {LI} at (40,16) size 744x16
          RenderListMarker at (-16,0) size 6x16: bullet
          RenderText {#text} at (0,0) size 77x16
            text run at (0,0) width 77: "value=450: "
          RenderMeter {METER} at (76.11,-0.81) size 80x16
        RenderListItem {LI} at (40,32) size 744x16
          RenderListMarker at (-16,0) size 6x16: bullet
          RenderText {#text} at (0,0) size 77x16
            text run at (0,0) width 77: "value=750: "
          RenderMeter {METER} at (76.11,-0.81) size 80x16
        RenderListItem {LI} at (40,48) size 744x16
          RenderListMarker at (-16,0) size 6x16: bullet
          RenderText {#text} at (0,0) size 61x16
            text run at (0,0) width 61: "value=0: "
          RenderMeter {METER} at (60.11,-0.81) size 80x16
        RenderListItem {LI} at (40,64) size 744x16
          RenderListMarker at (-16,0) size 6x16: bullet
          RenderText {#text} at (0,0) size 85x16
            text run at (0,0) width 85: "value=1000: "
          RenderMeter {METER} at (84.11,-0.81) size 80x16
      RenderBlock {H2} at (0,233.16) size 784x24
        RenderText {#text} at (0,0) size 144x24
          text run at (0,0) width 144: "optimum=150"
      RenderBlock {UL} at (0,277.06) size 784x80
        RenderListItem {LI} at (40,0) size 744x16
          RenderListMarker at (-16,0) size 6x16: bullet
          RenderText {#text} at (0,0) size 77x16
            text run at (0,0) width 77: "value=150: "
          RenderMeter {METER} at (76.11,-0.81) size 80x16
        RenderListItem {LI} at (40,16) size 744x16
          RenderListMarker at (-16,0) size 6x16: bullet
          RenderText {#text} at (0,0) size 77x16
            text run at (0,0) width 77: "value=450: "
          RenderMeter {METER} at (76.11,-0.81) size 80x16
        RenderListItem {LI} at (40,32) size 744x16
          RenderListMarker at (-16,0) size 6x16: bullet
          RenderText {#text} at (0,0) size 77x16
            text run at (0,0) width 77: "value=750: "
          RenderMeter {METER} at (76.11,-0.81) size 80x16
        RenderListItem {LI} at (40,48) size 744x16
          RenderListMarker at (-16,0) size 6x16: bullet
          RenderText {#text} at (0,0) size 61x16
            text run at (0,0) width 61: "value=0: "
          RenderMeter {METER} at (60.11,-0.81) size 80x16
        RenderListItem {LI} at (40,64) size 744x16
          RenderListMarker at (-16,0) size 6x16: bullet
          RenderText {#text} at (0,0) size 85x16
            text run at (0,0) width 85: "value=1000: "
          RenderMeter {METER} at (84.11,-0.81) size 80x16
      RenderBlock {H2} at (0,376.97) size 784x24
        RenderText {#text} at (0,0) size 144x24
          text run at (0,0) width 144: "optimum=750"
      RenderBlock {UL} at (0,420.88) size 784x80
        RenderListItem {LI} at (40,0) size 744x16
          RenderListMarker at (-16,0) size 6x16: bullet
          RenderText {#text} at (0,0) size 77x16
            text run at (0,0) width 77: "value=150: "
          RenderMeter {METER} at (76.11,-0.81) size 80x16
        RenderListItem {LI} at (40,16) size 744x16
          RenderListMarker at (-16,0) size 6x16: bullet
          RenderText {#text} at (0,0) size 77x16
            text run at (0,0) width 77: "value=450: "
          RenderMeter {METER} at (76.11,-0.81) size 80x16
        RenderListItem {LI} at (40,32) size 744x16
          RenderListMarker at (-16,0) size 6x16: bullet
          RenderText {#text} at (0,0) size 77x16
            text run at (0,0) width 77: "value=750: "
          RenderMeter {METER} at (76.11,-0.81) size 80x16
        RenderListItem {LI} at (40,48) size 744x16
          RenderListMarker at (-16,0) size 6x16: bullet
          RenderText {#text} at (0,0) size 61x16
            text run at (0,0) width 61: "value=0: "
          RenderMeter {METER} at (60.11,-0.81) size 80x16
        RenderListItem {LI} at (40,64) size 744x16
          RenderListMarker at (-16,0) size 6x16: bullet
          RenderText {#text} at (0,0) size 85x16
            text run at (0,0) width 85: "value=1000: "
          RenderMeter {METER} at (84.11,-0.81) size 80x16
