layer at (0,0) size 800x600
  RenderView at (0,0) size 800x600
layer at (0,0) size 800x600
  RenderBlock {HTML} at (0,0) size 800x600
    RenderBody {BODY} at (8,8) size 784x576
      RenderBlock {H1} at (0,0) size 784x16
        RenderText {#text} at (0,0) size 220x16
          text run at (0,0) width 220: "Meters with various appearance"
      RenderBlock {H2} at (0,29.27) size 784x16
        RenderText {#text} at (0,0) size 146x16
          text run at (0,0) width 146: "rating-level-indicator"
      RenderBlock {H2} at (0,61.27) size 784x194
        RenderBlock {UL} at (0,0) size 784x194
          RenderListItem {LI} at (40,0) size 744x16 [bgcolor=#EEEEEE]
            RenderListMarker at (-16,0) size 6x16: bullet
            RenderText {#text} at (0,0) size 88x16
              text run at (0,0) width 88: "value=10/10:"
            RenderMeter {METER} at (614,0) size 130x16
          RenderListItem {LI} at (40,16) size 744x16 [bgcolor=#CCCCCC]
            RenderListMarker at (-16,0) size 6x16: bullet
            RenderText {#text} at (0,0) size 80x16
              text run at (0,0) width 80: "value=8/10:"
            RenderMeter {METER} at (614,0) size 130x16
          RenderListItem {LI} at (40,32) size 744x16 [bgcolor=#EEEEEE]
            RenderListMarker at (-16,0) size 6x16: bullet
            RenderText {#text} at (0,0) size 80x16
              text run at (0,0) width 80: "value=5/10:"
            RenderMeter {METER} at (614,0) size 130x16
          RenderListItem {LI} at (40,48) size 744x16 [bgcolor=#CCCCCC]
            RenderListMarker at (-16,0) size 6x16: bullet
            RenderText {#text} at (0,0) size 80x16
              text run at (0,0) width 80: "value=2/10:"
            RenderMeter {METER} at (614,0) size 130x16
          RenderListItem {LI} at (40,64) size 744x16 [bgcolor=#EEEEEE]
            RenderListMarker at (-16,0) size 6x16: bullet
            RenderText {#text} at (0,0) size 80x16
              text run at (0,0) width 80: "value=0/10:"
            RenderMeter {METER} at (614,0) size 130x16
          RenderListItem {LI} at (40,80) size 744x16 [bgcolor=#CCCCCC]
            RenderListMarker at (-16,0) size 6x16: bullet
            RenderText {#text} at (0,0) size 39x16
              text run at (0,0) width 39: "RTL:"
            RenderMeter {METER} at (614,0) size 130x16
          RenderListItem {LI} at (40,96) size 744x50 [bgcolor=#EEEEEE]
            RenderListMarker at (-16,0) size 6x16: bullet
            RenderText {#text} at (0,0) size 33x16
              text run at (0,0) width 33: "Tall:"
            RenderMeter {METER} at (614,0) size 130x50
          RenderListItem {LI} at (40,146) size 744x16 [bgcolor=#CCCCCC]
            RenderListMarker at (-16,0) size 6x16: bullet
            RenderText {#text} at (0,0) size 44x16
              text run at (0,0) width 44: "Short:"
            RenderMeter {METER} at (614,0) size 130x13
          RenderListItem {LI} at (40,162) size 744x16 [bgcolor=#EEEEEE]
            RenderListMarker at (-16,0) size 6x16: bullet
            RenderText {#text} at (0,0) size 42x16
              text run at (0,0) width 42: "Wide:"
            RenderMeter {METER} at (444,0) size 300x16
          RenderListItem {LI} at (40,178) size 744x16 [bgcolor=#CCCCCC]
            RenderListMarker at (-16,0) size 6x16: bullet
            RenderText {#text} at (0,0) size 59x16
              text run at (0,0) width 59: "Narrow:"
            RenderMeter {METER} at (614,0) size 130x16
      RenderBlock {H2} at (0,271.27) size 784x16
        RenderText {#text} at (0,0) size 170x16
          text run at (0,0) width 170: "relevancy-level-indicator"
      RenderBlock {H2} at (0,303.27) size 784x194
        RenderBlock {UL} at (0,0) size 784x194
          RenderListItem {LI} at (40,0) size 744x16 [bgcolor=#EEEEEE]
            RenderListMarker at (-16,0) size 6x16: bullet
            RenderText {#text} at (0,0) size 88x16
              text run at (0,0) width 88: "value=10/10:"
            RenderMeter {METER} at (664,0) size 80x16
          RenderListItem {LI} at (40,16) size 744x16 [bgcolor=#CCCCCC]
            RenderListMarker at (-16,0) size 6x16: bullet
            RenderText {#text} at (0,0) size 80x16
              text run at (0,0) width 80: "value=8/10:"
            RenderMeter {METER} at (664,0) size 80x16
          RenderListItem {LI} at (40,32) size 744x16 [bgcolor=#EEEEEE]
            RenderListMarker at (-16,0) size 6x16: bullet
            RenderText {#text} at (0,0) size 80x16
              text run at (0,0) width 80: "value=5/10:"
            RenderMeter {METER} at (664,0) size 80x16
          RenderListItem {LI} at (40,48) size 744x16 [bgcolor=#CCCCCC]
            RenderListMarker at (-16,0) size 6x16: bullet
            RenderText {#text} at (0,0) size 80x16
              text run at (0,0) width 80: "value=2/10:"
            RenderMeter {METER} at (664,0) size 80x16
          RenderListItem {LI} at (40,64) size 744x16 [bgcolor=#EEEEEE]
            RenderListMarker at (-16,0) size 6x16: bullet
            RenderText {#text} at (0,0) size 80x16
              text run at (0,0) width 80: "value=0/10:"
            RenderMeter {METER} at (664,0) size 80x16
          RenderListItem {LI} at (40,80) size 744x16 [bgcolor=#CCCCCC]
            RenderListMarker at (-16,0) size 6x16: bullet
            RenderText {#text} at (0,0) size 39x16
              text run at (0,0) width 39: "RTL:"
            RenderMeter {METER} at (664,0) size 80x16
          RenderListItem {LI} at (40,96) size 744x50 [bgcolor=#EEEEEE]
            RenderListMarker at (-16,0) size 6x16: bullet
            RenderText {#text} at (0,0) size 33x16
              text run at (0,0) width 33: "Tall:"
            RenderMeter {METER} at (664,0) size 80x50
          RenderListItem {LI} at (40,146) size 744x16 [bgcolor=#CCCCCC]
            RenderListMarker at (-16,0) size 6x16: bullet
            RenderText {#text} at (0,0) size 44x16
              text run at (0,0) width 44: "Short:"
            RenderMeter {METER} at (664,0) size 80x12
          RenderListItem {LI} at (40,162) size 744x16 [bgcolor=#EEEEEE]
            RenderListMarker at (-16,0) size 6x16: bullet
            RenderText {#text} at (0,0) size 42x16
              text run at (0,0) width 42: "Wide:"
            RenderMeter {METER} at (444,0) size 300x16
          RenderListItem {LI} at (40,178) size 744x16 [bgcolor=#CCCCCC]
            RenderListMarker at (-16,0) size 6x16: bullet
            RenderText {#text} at (0,0) size 59x16
              text run at (0,0) width 59: "Narrow:"
            RenderMeter {METER} at (714,0) size 30x16
