layer at (0,0) size 800x600
  RenderView at (0,0) size 800x600
layer at (0,0) size 800x72
  RenderBlock {HTML} at (0,0) size 800x72
    RenderBody {BODY} at (8,16) size 784x48
      RenderBlock {P} at (0,0) size 784x16
        RenderText {#text} at (0,0) size 195x16
          text run at (0,0) width 195: "There should be no red below."
      RenderBlock {DIV} at (0,32) size 784x16
        RenderText {#text} at (0,0) size 32x16
          text run at (0,0) width 32: "Test:"
      RenderBlock {DIV} at (160,48) size 624x0 [color=#FF0000] [bgcolor=#00FF00]
        RenderInline {SPAN} at (0,0) size 303x16 [color=#000000]
          RenderText {#text} at (0,-8) size 303x16
            text run at (0,-8) width 303: "This sentence should have a green background."
        RenderText {#text} at (0,0) size 0x0
