layer at (0,0) size 800x600
  RenderView at (0,0) size 800x600
layer at (0,0) size 800x145
  RenderBlock {HTML} at (0,0) size 800x145
    RenderBody {BODY} at (8,8) size 784x129
      RenderBlock (anonymous) at (0,0) size 784x17
        RenderInline {DIV} at (0,0) size 528x16 [color=#FFFFFF] [bgcolor=#FF0000]
          RenderText {#text} at (0,0) size 528x16
            text run at (0,0) width 528: "Ahem_font_required_for_this_test."
        RenderText {#text} at (0,0) size 0x0
      RenderBlock {P} at (0,33) size 784x16
        RenderText {#text} at (0,0) size 352x16
          text run at (0,0) width 352: "There should be a single green rectangle square below."
      RenderBlock {DIV} at (0,65) size 64x64 [color=#008000] [bgcolor=#FF0000]
        RenderBlock {DIV} at (0,0) size 64x32
          RenderText {#text} at (0,0) size 32x32
            text run at (0,0) width 32: "X"
        RenderBlock {DIV} at (32,32) size 32x32
          RenderText {#text} at (0,0) size 32x32
            text run at (0,0) width 32: "X"
