layer at (0,0) size 800x600
  RenderView at (0,0) size 800x600
layer at (0,0) size 800x600
  RenderBlock {HTML} at (0,0) size 800x600
    RenderBody {BODY} at (8,8) size 784x576
      RenderBlock {DL} at (0,0) size 784x32
        RenderBlock {DT} at (0,0) size 784x16
          RenderText {#text} at (0,0) size 60x16
            text run at (0,0) width 60: "Line One"
        RenderBlock {DT} at (0,16) size 784x16
          RenderText {#text} at (0,0) size 34x16
            text run at (0,0) width 34: "Line "
          RenderInline {SPAN} at (0,0) size 30x16
            RenderText {#text} at (33,0) size 30x16
              text run at (33,0) width 30: "Two"
