layer at (0,0) size 800x600
  RenderView at (0,0) size 800x600
layer at (16,16) size 768x236
  RenderBlock {HTML} at (16,16) size 768x236 [color=#FFFF00] [border: (3px solid #0000FF)]
    RenderBody {BODY} at (35,35) size 698x166 [color=#000000] [bgcolor=#FFFFFF] [border: (3px solid #000000)]
      RenderBlock {P} at (19,19) size 660x128
        RenderText {#text} at (0,0) size 658x48
          text run at (0,0) width 658: "The HTML box, the one with a blue border should be fully filled with lime green. The BODY box, the"
          text run at (0,16) width 629: "one with black border, should also be fully filled with lime green. The lime green color should not"
          text run at (0,32) width 208: "spill out outside the blue border."
