layer at (0,0) size 800x600
  RenderView at (0,0) size 800x600
layer at (0,0) size 800x156
  RenderBlock {HTML} at (0,0) size 800x156
    RenderBody {BODY} at (8,8) size 784x132
      RenderBlock {DIV} at (0,0) size 784x16
        RenderText {#text} at (0,0) size 195x16
          text run at (0,0) width 195: "There should be no red below."
layer at (8,40) size 100x100
  RenderBlock (relative positioned) {P} at (0,32) size 100x100
layer at (44,40) size 64x32
  RenderBlock (positioned) {SPAN} at (36,0) size 64x32 [bgcolor=#FFFFFF]
