layer at (0,0) size 800x600
  RenderView at (0,0) size 800x600
layer at (0,0) size 800x274
  RenderBlock {HTML} at (0,0) size 800x274
    RenderBody {BODY} at (8,16) size 784x250
      RenderBlock {P} at (0,0) size 784x32
        RenderInline {A} at (0,0) size 310x16 [color=#0000EE]
          RenderText {#text} at (0,0) size 310x16
            text run at (0,0) width 310: "https://bugs.webkit.org/show_bug.cgi?id=25829"
        RenderBR {BR} at (309,12) size 1x0
        RenderText {#text} at (0,16) size 583x16
          text run at (0,16) width 583: "You should see no areas of read below. (This paragraph is required for the test to be valid.)"
      RenderBlock {DIV} at (0,48) size 502x202 [color=#008000] [bgcolor=#FF0000] [border: (1px solid #000000)]
        RenderText {#text} at (1,1) size 432x128
          text run at (1,1) width 432: "This background"
          text run at (1,65) width 409: "clips to the text."
