layer at (0,0) size 800x600
  RenderView at (0,0) size 800x600
layer at (0,0) size 800x600
  RenderBlock {HTML} at (0,0) size 800x600
    RenderBody {BODY} at (8,8) size 784x576
      RenderBlock {P} at (0,0) size 784x32 [bgcolor=#FFFFFF]
        RenderText {#text} at (0,0) size 55x16
          text run at (0,0) width 55: "Test for "
        RenderInline {I} at (0,0) size 777x32
          RenderInline {A} at (0,0) size 312x16 [color=#0000EE]
            RenderText {#text} at (54,0) size 312x16
              text run at (54,0) width 312: "https://bugs.webkit.org/show_bug.cgi?id=18445"
          RenderText {#text} at (365,0) size 777x32
            text run at (365,0) width 5: " "
            text run at (369,0) width 408: "Assertion failure in CSSGradientValue::image() when the body"
            text run at (0,16) width 227: "element has a background gradient"
        RenderText {#text} at (226,16) size 5x16
          text run at (226,16) width 5: "."
      RenderBlock {P} at (0,48) size 784x32 [bgcolor=#FFFFFF]
        RenderText {#text} at (0,0) size 765x32
          text run at (0,0) width 379: "The test passes if the root element\x{2019}s background is a linear "
          text run at (378,0) width 387: "gradient from black at the top to white at the bottom, and no"
          text run at (0,16) width 61: "assertion "
          text run at (60,16) width 93: "failure occurs."
