layer at (0,0) size 800x600
  RenderView at (0,0) size 800x600
layer at (0,0) size 800x600
  RenderBlock {HTML} at (0,0) size 800x600
    RenderBody {BODY} at (8,8) size 784x584
      RenderBlock (anonymous) at (0,0) size 784x16
        RenderText {#text} at (0,0) size 326x16
          text run at (0,0) width 326: "The lime div below should have a soft glow effect."
layer at (8,24) size 220x220 transparent
  RenderBlock {DIV} at (0,16) size 220x220 [bgcolor=#00FF00] [border: (10px solid #000000)]
