layer at (0,0) size 800x600
  RenderView at (0,0) size 800x600
layer at (0,0) size 800x410
  RenderBlock {HTML} at (0,0) size 800x410
    RenderBody {BODY} at (8,16) size 784x314
      RenderBlock {P} at (0,0) size 784x32
        RenderText {#text} at (0,0) size 371x16
          text run at (0,0) width 371: "The caret should render correctly in transformed elements"
        RenderBR {BR} at (370,12) size 1x0
        RenderInline {A} at (0,0) size 310x16 [color=#0000EE]
          RenderText {#text} at (0,16) size 310x16
            text run at (0,16) width 310: "https://bugs.webkit.org/show_bug.cgi?id=15671"
layer at (88,128) size 302x202
  RenderBlock {DIV} at (80,112) size 302x202 [border: (1px solid #000000)]
    RenderText {#text} at (1,1) size 174x80
      text run at (1,1) width 174: "Caret"
caret: position 6 of child 0 {#text} of child 3 {DIV} of body
