layer at (0,0) size 800x600
  RenderView at (0,0) size 800x600
layer at (0,0) size 800x138
  RenderBlock {HTML} at (0,0) size 800x138
    RenderBody {BODY} at (8,16) size 784x114
      RenderBlock {P} at (0,0) size 784x16
        RenderText {#text} at (0,0) size 354x16
          text run at (0,0) width 354: "All of the table rows and cells below should be rotated."
      RenderTable {TABLE} at (0,32) size 202x82
        RenderTableSection {TBODY} at (0,0) size 202x82
          RenderTableRow {TR} at (0,42) size 202x18
          RenderTableRow {TR} at (0,62) size 202x18
layer at (8,50) size 202x18
  RenderTableRow {TR} at (0,2) size 202x18
    RenderTableCell {TD} at (2,2) size 198x18 [r=0 c=0 rs=1 cs=1]
      RenderText {#text} at (1,1) size 112x16
        text run at (1,1) width 112: "Transformed row"
layer at (8,70) size 202x18 transparent
  RenderTableRow {TR} at (0,22) size 202x18
    RenderTableCell {TD} at (2,22) size 198x18 [r=1 c=0 rs=1 cs=1]
      RenderText {#text} at (1,1) size 196x16
        text run at (1,1) width 196: "Transformed row with opacity"
layer at (10,90) size 198x18
  RenderTableCell {TD} at (2,42) size 198x18 [r=2 c=0 rs=1 cs=1]
    RenderText {#text} at (1,1) size 110x16
      text run at (1,1) width 110: "Transformed cell"
layer at (10,110) size 198x18 transparent
  RenderTableCell {TD} at (2,62) size 198x18 [r=3 c=0 rs=1 cs=1]
    RenderText {#text} at (1,1) size 194x16
      text run at (1,1) width 194: "Transformed cell with opacity"
