layer at (0,0) size 800x600
  RenderView at (0,0) size 800x600
layer at (0,0) size 800x48
  RenderBlock {HTML} at (0,0) size 800x48
    RenderBody {BODY} at (8,16) size 784x16 [bgcolor=#808080]
      RenderBlock {P} at (0,0) size 784x16
        RenderText {#text} at (0,0) size 563x16
          text run at (0,0) width 563: "The portions of the view exposed by the transformed document should be painted white"
