layer at (0,0) size 800x600
  RenderView at (0,0) size 800x600
layer at (0,0) size 800x600
  RenderBlock {HTML} at (0,0) size 800x600
    RenderBody {BODY} at (8,8) size 784x576
      RenderBlock {P} at (0,0) size 784x16
        RenderText {#text} at (0,0) size 29x16
          text run at (0,0) width 29: "The "
        RenderInline {SPAN} at (0,0) size 142x16
          RenderText {#text} at (28,0) size 142x16
            text run at (28,0) width 142: "span in this paragraph"
        RenderText {#text} at (169,0) size 307x16
          text run at (169,0) width 307: " has a transform, which has no effect on inlines."
      RenderBlock {P} at (0,32) size 784x32
        RenderText {#text} at (0,0) size 29x16
          text run at (0,0) width 29: "The "
        RenderText {#text} at (169,0) size 707x32
          text run at (169,0) width 538: " has a transform, which has no effect on inlines. It also has opacity to throw it into a"
          text run at (0,16) width 88: "RenderLayer."
      RenderBlock {P} at (0,80) size 784x16
        RenderText {#text} at (0,0) size 29x16
          text run at (0,0) width 29: "The "
        RenderText {#text} at (169,0) size 556x16
          text run at (169,0) width 556: " has a transform and opacity, and is an inline-block. So it should respect the transform."
layer at (8,40) size 142x16 transparent
  RenderInline {SPAN} at (0,0) size 142x16
    RenderText {#text} at (28,0) size 142x16
      text run at (28,0) width 142: "span in this paragraph"
layer at (37,88) size 141x16 transparent
  RenderBlock {SPAN} at (28.88,0) size 140.86x16
    RenderText {#text} at (0,0) size 141x16
      text run at (0,0) width 141: "span in this paragraph"
