layer at (0,0) size 800x600
  RenderView at (0,0) size 800x600
layer at (0,0) size 800x127
  RenderBlock {HTML} at (0,0) size 800x127
    RenderBody {BODY} at (8,16) size 784x86
      RenderBlock {P} at (0,0) size 784x16
        RenderText {#text} at (0,0) size 706x16
          text run at (0,0) width 706: "Test passes if there are three black and three blue instances of 'Filler Text' such that all text has a line above it."
      RenderBlock {DIV} at (25,41) size 734x45
        RenderText {#text} at (0,0) size 549x44
          text run at (0,0) width 549: "Filler Text Filler Text Filler Text"
      RenderBlock {DIV} at (0,111) size 784x0
