layer at (0,0) size 800x600
  RenderView at (0,0) size 800x600
layer at (0,0) size 800x106
  RenderBlock {HTML} at (0,0) size 800x106
    RenderBody {BODY} at (8,16) size 784x82
      RenderBlock {P} at (0,0) size 784x16
        RenderText {#text} at (0,0) size 523x16
          text run at (0,0) width 523: "Test passes if there are two pairs of black and blue 'Filler Text' instances on page."
      RenderBlock {DIV} at (0,32) size 784x25
        RenderText {#text} at (677,0) size 107x25
          text run at (677,0) width 107: "Filler Text"
      RenderBlock {DIV} at (0,57) size 784x25
        RenderText {#text} at (677,0) size 107x25
          text run at (677,0) width 107: "Filler Text"
