layer at (0,0) size 800x600
  RenderView at (0,0) size 800x600
layer at (0,0) size 800x72
  RenderBlock {HTML} at (0,0) size 800x72
    RenderBody {BODY} at (8,16) size 784x48
      RenderBlock {P} at (0,0) size 784x16
        RenderText {#text} at (0,0) size 305x16
          text run at (0,0) width 305: "Test passes if there is green visible on the page."
      RenderBlock {DIV} at (0,32) size 784x16
        RenderText {#text} at (0,0) size 68x16
          text run at (0,0) width 68: "Filler Text"
      RenderBlock {DIV} at (0,48) size 784x0
