layer at (0,0) size 785x765
  RenderView at (0,0) size 785x600
layer at (0,0) size 785x600
  RenderBlock {html} at (0,0) size 785x600
    RenderBody {body} at (8,16) size 769x600
      RenderBlock {parsererror} at (16,0) size 737x128.88 [bgcolor=#FFDDDD] [border: (2px solid #CC7777)]
        RenderBlock {h3} at (18,20.72) size 701x19
          RenderText {#text} at (0,0) size 318x19
            text run at (0,0) width 318: "This page contains the following errors:"
        RenderBlock {div} at (18,58.44) size 701x12
          RenderText {#text} at (0,0) size 584x12
            text run at (0,0) width 584: "error on line 5 at column 7: Opening and ending tag mismatch: rect line 0 and svg"
            text run at (583,0) width 1: " "
        RenderBlock {h3} at (18,89.16) size 701x19
          RenderText {#text} at (0,0) size 421x19
            text run at (0,0) width 421: "Below is a rendering of the page up to the first error."
      RenderBlock (anonymous) at (0,144.88) size 769x604
        RenderSVGRoot {svg} at (18,170) size 200x201
          RenderSVGRect {rect} at (18,170) size 200x201 [fill={[type=SOLID] [color=#FF0000]}] [x=10.00] [y=10.00] [width=200.00] [height=200.00]
          RenderSVGRect {rect} at (18,170) size 200x201 [fill={[type=SOLID] [color=#FF0000]}] [x=10.00] [y=10.00] [width=200.00] [height=200.00]
