layer at (0,0) size 800x600
  RenderView at (0,0) size 800x600
layer at (0,0) size 800x76
  RenderBlock {HTML} at (0,0) size 800x76
    RenderBody {BODY} at (8,16) size 784x44
      RenderBlock {P} at (0,0) size 784x44
        RenderButton {BUTTON} at (0,0) size 256x22 [bgcolor=#00FF00] [border: (2px outset #C0C0C0)]
          RenderBlock (anonymous) at (8,3) size 240x16
            RenderText {#text} at (0,0) size 240x16
              text run at (0,0) width 240: "A button (enabled) with green background"
        RenderText {#text} at (256,1) size 4x19
          text run at (256,1) width 4: " "
        RenderBR {BR} at (0,0) size 0x0
        RenderTextControl {INPUT} at (0,22) size 249x22 [bgcolor=#00FF00] [border: (2px inset #EEEEEE)]
        RenderText {#text} at (0,0) size 0x0
layer at (10,41) size 245x16 scrollWidth 254
  RenderBlock {DIV} at (2,3) size 245x16
    RenderText {#text} at (0,0) size 253x16
      text run at (0,0) width 253: "a text area (enabled) with green background"
