layer at (0,0) size 785x778
  RenderView at (0,0) size 785x600
layer at (0,0) size 785x600
  RenderBlock {HTML} at (0,0) size 785x600
    RenderBody {BODY} at (0,0) size 785x600 [border: (1px solid #000000)]
      RenderBlock {DIV} at (21,21) size 402x402 [border: (1px solid #000000)]
      RenderText {#text} at (0,0) size 0x0
      RenderText {#text} at (0,0) size 0x0
      RenderText {#text} at (0,0) size 0x0
layer at (42,42) size 340x340
  RenderBlock {DIV} at (21,21) size 340x340 [bgcolor=#DDDDDD] [border: (1px solid #000000)]
layer at (63,63) size 300x300
  RenderBlock {DIV} at (21,21) size 300x300 [bgcolor=#81AA8A] [border: (1px solid #000000)]
layer at (104,104) size 300x300
  RenderBlock {DIV} at (41,41) size 300x300 [border: (1px solid #000000)]
layer at (145,145) size 300x300
  RenderBlock {DIV} at (41,41) size 300x300 [bgcolor=#AA7994] [border: (1px solid #000000)]
layer at (186,186) size 300x300
  RenderBlock {DIV} at (41,41) size 300x300 [border: (1px solid #000000)]
layer at (227,227) size 300x300
  RenderBlock {DIV} at (41,41) size 300x300 [bgcolor=#81AA8A] [border: (1px solid #000000)]
layer at (268,268) size 300x300
  RenderBlock {DIV} at (41,41) size 300x300 [border: (1px solid #000000)]
    RenderBlock {DIV} at (61,61) size 90x90 [bgcolor=#0000FF]
layer at (30,650) size 351x128
  RenderBlock (positioned) {DIV} at (30,650) size 351.08x128
    RenderInline {SPAN} at (0,0) size 304x16 [color=#008000]
      RenderText {#text} at (0,0) size 304x16
        text run at (0,0) width 304: "PASS: event at (45, 45) hit box1 at offset (3, 3)"
    RenderBR {BR} at (303,12) size 1x0
    RenderInline {SPAN} at (0,0) size 304x16 [color=#008000]
      RenderText {#text} at (0,16) size 304x16
        text run at (0,16) width 304: "PASS: event at (54, 44) hit box2 at offset (2, 2)"
    RenderBR {BR} at (303,28) size 1x0
    RenderInline {SPAN} at (0,0) size 312x16 [color=#008000]
      RenderText {#text} at (0,32) size 312x16
        text run at (0,32) width 312: "PASS: event at (104, 93) hit box3 at offset (2, 2)"
    RenderBR {BR} at (311,44) size 1x0
    RenderInline {SPAN} at (0,0) size 320x16 [color=#008000]
      RenderText {#text} at (0,48) size 320x16
        text run at (0,48) width 320: "PASS: event at (175, 137) hit box4 at offset (2, 2)"
    RenderBR {BR} at (319,60) size 1x0
    RenderInline {SPAN} at (0,0) size 336x16 [color=#008000]
      RenderText {#text} at (0,64) size 336x16
        text run at (0,64) width 336: "PASS: event at (167, 528) hit box4 at offset (2, 296)"
    RenderBR {BR} at (335,76) size 1x0
    RenderInline {SPAN} at (0,0) size 320x16 [color=#008000]
      RenderText {#text} at (0,80) size 320x16
        text run at (0,80) width 320: "PASS: event at (227, 197) hit box5 at offset (2, 2)"
    RenderBR {BR} at (319,92) size 1x0
    RenderInline {SPAN} at (0,0) size 352x16 [color=#008000]
      RenderText {#text} at (0,96) size 352x16
        text run at (0,96) width 352: "PASS: event at (539, 569) hit box7 at offset (296, 296)"
    RenderBR {BR} at (351,108) size 1x0
    RenderInline {SPAN} at (0,0) size 336x16 [color=#008000]
      RenderText {#text} at (0,112) size 336x16
        text run at (0,112) width 336: "PASS: event at (431, 441) hit box8 at offset (85, 85)"
    RenderBR {BR} at (335,124) size 1x0
