layer at (0,0) size 800x600
  RenderView at (0,0) size 800x600
layer at (0,0) size 800x600
  RenderBlock {HTML} at (0,0) size 800x600
    RenderBody {BODY} at (8,8) size 784x576
      RenderBlock {DIV} at (0,0) size 784x16
        RenderInline (generated) at (0,0) size 10x16
          RenderTextFragment {#text} at (0,0) size 10x16
            text run at (0,0) width 10: "T"
        RenderTextFragment {#text} at (9,0) size 264x16
          text run at (9,0) width 264: "HIS TEXT SHOULD BE UPPERCASE."
      RenderBlock {P} at (0,32) size 784x16
        RenderInline {<pseudo:before>} at (0,0) size 273x16
          RenderTextFragment at (0,0) size 273x16
            text run at (0,0) width 273: "THIS TEXT SHOULD BE UPPERCASE."
