layer at (0,0) size 800x600
  RenderView at (0,0) size 800x600
layer at (0,0) size 800x600
  RenderBlock {HTML} at (0,0) size 800x600
    RenderBody {BODY} at (8,8) size 784x584
      RenderBlock {P} at (0,0) size 784x16
        RenderText {#text} at (0,0) size 69x16
          text run at (0,0) width 69: "All of this "
        RenderInline {SPAN} at (0,0) size 91x16
          RenderText {#text} at (68,0) size 91x16
            text run at (68,0) width 91: "text should be"
        RenderText {#text} at (158,0) size 45x16
          text run at (158,0) width 45: " green."
      RenderBlock {UL} at (0,32) size 784x16
        RenderListItem {LI} at (40,0) size 744x16
          RenderListMarker at (-16,0) size 6x16: bullet
          RenderText {#text} at (0,0) size 380x16
            text run at (0,0) width 380: "All of this text should be green. The bullet should be black."
      RenderBlock {DIV} at (0,64) size 784x48 [color=#FF0000]
        RenderInline {SPAN} at (0,0) size 439x16 [color=#008000]
          RenderInline (generated) at (0,0) size 35x48
            RenderTextFragment {#text} at (0,0) size 35x48
              text run at (0,0) width 35: "A"
          RenderTextFragment {#text} at (34,24) size 405x16
            text run at (34,24) width 405: "ll of this text should be green, including the big \"A\" first-letter."
      RenderBlock {P} at (0,128) size 784x0
      RenderBlock {DIV} at (0,128) size 784x16
        RenderBlock {DIV} at (0,0) size 165.75x16 [color=#FF0000]
          RenderText {#text} at (0,0) size 166x16
            text run at (0,0) width 166: "This text should be green."
