layer at (0,0) size 800x600
  RenderView at (0,0) size 800x600
layer at (0,0) size 800x32
  RenderBlock {HTML} at (0,0) size 800x32
    RenderBody {BODY} at (8,8) size 784x16
      RenderInline {A} at (0,0) size 119x16 [color=#0000EE]
        RenderInline {<pseudo:before>} at (0,0) size 10x16
          RenderImage at (0,2) size 10x10
        RenderText {#text} at (10,0) size 109x16
          text run at (10,0) width 109: "What's going on."
      RenderText {#text} at (0,0) size 0x0
