layer at (0,0) size 800x600
  RenderView at (0,0) size 800x600
layer at (0,0) size 800x600
  RenderBlock {HTML} at (0,0) size 800x600
    RenderBody {BODY} at (8,8) size 784x584
      RenderBlock {H1} at (0,0) size 784x32
        RenderInline {<pseudo:before>} at (0,0) size 207x32
          RenderTextFragment at (0,0) size 207x32
            text run at (0,0) width 207: "First Chapter: "
        RenderText {#text} at (206,0) size 106x32
          text run at (206,0) width 106: "TEST 1"
      RenderBlock (anonymous) at (0,53.44) size 784x16
        RenderText {#text} at (0,0) size 242x16
          text run at (0,0) width 242: "Should read: \"First Chapter: TEST 1\""
      RenderBlock {H2} at (0,89.34) size 784x24
        RenderInline {<pseudo:before>} at (0,0) size 100x24
          RenderTextFragment at (0,0) size 100x24
            text run at (0,0) width 100: "Chapter: "
        RenderText {#text} at (99,0) size 80x24
          text run at (99,0) width 80: "TEST 2"
      RenderBlock (anonymous) at (0,133.25) size 784x16
        RenderText {#text} at (0,0) size 208x16
          text run at (0,0) width 208: "Should read: \"Chapter: TEST 2\""
      RenderBlock {H3} at (0,167.97) size 784x19
        RenderInline {<pseudo:before>} at (0,0) size 116x19
          RenderTextFragment at (0,0) size 116x19
            text run at (0,0) width 116: "Chapter One: "
        RenderText {#text} at (115,0) size 63x19
          text run at (115,0) width 63: "TEST 3"
      RenderBlock (anonymous) at (0,205.69) size 784x16
        RenderText {#text} at (0,0) size 239x16
          text run at (0,0) width 239: "Should read: \"Chapter One: TEST 3\""
      RenderBlock {H4} at (0,242.95) size 784x16
        RenderInline {<pseudo:before>} at (0,0) size 67x16
          RenderTextFragment at (0,0) size 67x16
            text run at (0,0) width 67: "Chapter: "
        RenderText {#text} at (66,0) size 54x16
          text run at (66,0) width 54: "TEST 4"
      RenderBlock (anonymous) at (0,280.22) size 784x16
        RenderText {#text} at (0,0) size 208x16
          text run at (0,0) width 208: "Should read: \"Chapter: TEST 4\""
