layer at (0,0) size 785x837
  RenderView at (0,0) size 785x600
layer at (0,0) size 785x837
  RenderBlock {HTML} at (0,0) size 785x836.56
    RenderBody {BODY} at (8,21.44) size 769x790.13
      RenderBlock {H1} at (0,0) size 769x64
        RenderText {#text} at (0,0) size 748x64
          text run at (0,0) width 748: "Problem: Safari improperly handles generated content"
          text run at (0,32) width 717: "in certain cases when used with multiple class names"
      RenderBlock {P} at (0,85.44) size 769x32
        RenderInline {EM} at (0,0) size 725x32
          RenderText {#text} at (0,0) size 725x32
            text run at (0,0) width 725: "When referencing an element by two class names simultaneously, Safari won't generate content (using :before or"
            text run at (0,16) width 167: ":after) within the element."
      RenderBlock {P} at (0,133.44) size 769x32
        RenderText {#text} at (0,0) size 124x16
          text run at (0,0) width 124: "Assume we have a "
        RenderInline {CODE} at (0,0) size 24x13
          RenderText {#text} at (123,2) size 24x13
            text run at (123,2) width 24: "div"
        RenderText {#text} at (146,0) size 150x16
          text run at (146,0) width 150: " with two class names: "
        RenderInline {CODE} at (0,0) size 25x13
          RenderText {#text} at (295,2) size 25x13
            text run at (295,2) width 25: "box"
        RenderText {#text} at (319,0) size 32x16
          text run at (319,0) width 32: " and "
        RenderInline {CODE} at (0,0) size 24x13
          RenderText {#text} at (350,2) size 24x13
            text run at (350,2) width 24: "one"
        RenderText {#text} at (373,0) size 86x16
          text run at (373,0) width 86: ". Within that "
        RenderInline {CODE} at (0,0) size 24x13
          RenderText {#text} at (458,2) size 24x13
            text run at (458,2) width 24: "div"
        RenderText {#text} at (481,0) size 77x16
          text run at (481,0) width 77: ", we have a "
        RenderInline {CODE} at (0,0) size 9x13
          RenderText {#text} at (557,2) size 9x13
            text run at (557,2) width 9: "p"
        RenderText {#text} at (565,0) size 748x32
          text run at (565,0) width 183: " (paragraph) tag, after which"
          text run at (0,16) width 509: "we'd like to insert generated content. One way to do so would be the following:"
      RenderBlock {PRE} at (20,181.44) size 749x13 [color=#FF0000]
        RenderInline {CODE} at (0,0) size 445x13
          RenderText {#text} at (0,0) size 445x13
            text run at (0,0) width 445: "div.box.one p:after{ content:'generated content here!'; }"
      RenderBlock {P} at (0,210.44) size 769x16
        RenderText {#text} at (0,0) size 742x16
          text run at (0,0) width 742: "But that doesn't work in Safari. However, if you drop one of the class names, as shown below, it works as expected:"
      RenderBlock {PRE} at (20,242.44) size 749x13 [color=#008000]
        RenderInline {CODE} at (0,0) size 414x13
          RenderText {#text} at (0,0) size 414x13
            text run at (0,0) width 414: "div.box p:after{ content:'generated content here!'; }"
      RenderBlock {P} at (0,271.44) size 769x32
        RenderText {#text} at (0,0) size 294x16
          text run at (0,0) width 294: "Note also that the bug only applies to content "
        RenderInline {EM} at (0,0) size 41x16
          RenderText {#text} at (293,0) size 41x16
            text run at (293,0) width 41: "within"
        RenderText {#text} at (333,0) size 276x16
          text run at (333,0) width 276: " the classed element \x{2014} generating content "
        RenderInline {EM} at (0,0) size 726x32
          RenderText {#text} at (608,0) size 726x32
            text run at (608,0) width 118: "before or after the"
            text run at (0,16) width 85: "element itself"
        RenderText {#text} at (84,16) size 78x16
          text run at (84,16) width 78: " works fine:"
      RenderBlock {PRE} at (20,319.44) size 749x13 [color=#008000]
        RenderInline {CODE} at (0,0) size 430x13
          RenderText {#text} at (0,0) size 430x13
            text run at (0,0) width 430: "div.box.one:after{ content:'generated content here!'; }"
      RenderBlock {HR} at (0,345.44) size 769x2 [border: (1px inset #EEEEEE)]
      RenderBlock {H2} at (0,367.34) size 769x24
        RenderText {#text} at (0,0) size 477x24
          text run at (0,0) width 477: "Example (view source to see CSS and HTML):"
      RenderBlock {P} at (0,411.25) size 769x16
        RenderText {#text} at (0,0) size 340x16
          text run at (0,0) width 340: "Both boxes below should contain generated content ("
        RenderInline {SPAN} at (0,0) size 53x16 [color=#008000]
          RenderText {#text} at (339,0) size 53x16
            text run at (339,0) width 53: "in green"
        RenderText {#text} at (391,0) size 11x16
          text run at (391,0) width 11: "):"
      RenderBlock {DIV} at (0,452.25) size 769x156.44 [border: (1px solid #000000)]
        RenderBlock {H3} at (26,44.72) size 717x19
          RenderText {#text} at (0,0) size 46x19
            text run at (0,0) width 46: "Box 1"
        RenderBlock {P} at (26,82.44) size 717x32
          RenderBlock (anonymous) at (0,0) size 717x16
            RenderText {#text} at (0,0) size 661x16
              text run at (0,0) width 661: "This box should contain the text \"generated content\" in CSS2-compliant browsers (but won't in Safari)."
          RenderBlock {<pseudo:after>} at (0,16) size 717x16 [color=#008000]
            RenderTextFragment at (0,0) size 114x16
              text run at (0,0) width 114: "generated content"
      RenderBlock {DIV} at (0,633.69) size 769x156.44 [border: (1px solid #000000)]
        RenderBlock {H3} at (26,44.72) size 717x19
          RenderText {#text} at (0,0) size 46x19
            text run at (0,0) width 46: "Box 2"
        RenderBlock {P} at (26,82.44) size 717x32
          RenderBlock (anonymous) at (0,0) size 717x16
            RenderText {#text} at (0,0) size 639x16
              text run at (0,0) width 639: "This box should contain the text \"generated content\" in CSS2-compliant browsers, including Safari."
          RenderBlock {<pseudo:after>} at (0,16) size 717x16 [color=#008000]
            RenderTextFragment at (0,0) size 114x16
              text run at (0,0) width 114: "generated content"
