layer at (0,0) size 800x600
  RenderView at (0,0) size 800x600
layer at (0,0) size 800x600
  RenderBlock {HTML} at (0,0) size 800x600
    RenderBody {BODY} at (8,8) size 784x584
      RenderBlock {P} at (0,0) size 784x32
        RenderText {#text} at (0,0) size 55x16
          text run at (0,0) width 55: "Test for "
        RenderInline {I} at (0,0) size 667x32
          RenderInline {A} at (0,0) size 306x16 [color=#0000EE]
            RenderText {#text} at (54,0) size 306x16
              text run at (54,0) width 306: "http://bugs.webkit.org/show_bug.cgi?id=14221"
          RenderText {#text} at (359,0) size 667x32
            text run at (359,0) width 5: " "
            text run at (363,0) width 304: "Repro crash (ASSERTION FAILED: oldText in"
            text run at (0,16) width 578: "RenderBlock::updateFirstLetter() during relayout of :before content with first-letter style)"
        RenderText {#text} at (577,16) size 5x16
          text run at (577,16) width 5: "."
      RenderBlock {DIV} at (0,48) size 784x29
        RenderInline {<pseudo:before>} at (0,0) size 47x24
          RenderInline (generated) at (0,0) size 18x29 [color=#008000]
            RenderTextFragment at (0,0) size 18x29
              text run at (0,0) width 18: "T"
          RenderTextFragment at (17,4) size 30x24
            text run at (17,4) width 30: "he "
        RenderText {#text} at (46,4) size 408x24
          text run at (46,4) width 408: "first letter is green and larger than the rest."
