layer at (0,0) size 800x600
  RenderView at (0,0) size 800x600
layer at (0,0) size 800x194
  RenderBlock {HTML} at (0,0) size 800x194
    RenderBody {BODY} at (8,8) size 784x170
      RenderBlock {DIV} at (0,0) size 784x16
        RenderText {#text} at (0,0) size 85x16
          text run at (0,0) width 85: "This is a test "
        RenderInline {<pseudo:after>} at (0,0) size 182x16
          RenderTextFragment at (84,0) size 182x16
            text run at (84,0) width 182: "and generated hover content"
      RenderBlock {HR} at (0,24) size 784x2 [border: (1px inset #EEEEEE)]
      RenderBlock {P} at (0,42) size 784x32
        RenderText {#text} at (0,0) size 55x16
          text run at (0,0) width 55: "Test for "
        RenderInline {I} at (0,0) size 772x32
          RenderInline {A} at (0,0) size 354x16 [color=#0000EE]
            RenderText {#text} at (54,0) size 354x16
              text run at (54,0) width 354: "http://bugzilla.opendarwin.org/show_bug.cgi?id=6431"
          RenderText {#text} at (407,0) size 772x32
            text run at (407,0) width 5: " "
            text run at (411,0) width 361: "REGRESSION: style change where :hover changes only"
            text run at (0,16) width 175: "an :after style doesn't work"
        RenderText {#text} at (174,16) size 5x16
          text run at (174,16) width 5: "."
      RenderBlock {P} at (0,90) size 784x32
        RenderText {#text} at (0,0) size 756x32
          text run at (0,0) width 517: "The line at the top of the page should read \x{201C}This is a test and generated content\x{201D} "
          text run at (516,0) width 240: "or \x{201C}This is a test and generated hover"
          text run at (0,16) width 232: "content\x{201D} depending on whether it is "
          text run at (231,16) width 57: "hovered."
      RenderBlock {P} at (0,138) size 784x32
        RenderText {#text} at (0,0) size 767x32
          text run at (0,0) width 767: "To reproduce the bug outside of DumpRenderTree, mouse over the div several times, and the style change won't update"
          text run at (0,16) width 72: "every time "
          text run at (71,16) width 89: "like it should."
caret: position 3 of child 0 {#text} of child 1 {DIV} of body
