layer at (0,0) size 800x600
  RenderView at (0,0) size 800x600
layer at (0,0) size 800x600
  RenderBlock {HTML} at (0,0) size 800x600
    RenderBody {BODY} at (8,8) size 784x576
      RenderBlock {P} at (0,0) size 784x16
        RenderInline {<pseudo:before>} at (0,0) size 8x16
          RenderTextFragment at (0,0) size 8x16
            text run at (0,0) width 8: "*"
          RenderQuote at (0,0) size 0x16
            RenderTextFragment at (0,0) size 0x0
        RenderText {#text} at (8,0) size 436x16
          text run at (8,0) width 117: "This is some text. "
          text run at (124,0) width 320: "It should have a single asterisk before and after it."
        RenderInline {<pseudo:after>} at (0,0) size 9x16
          RenderTextFragment at (443,0) size 9x16
            text run at (443,0) width 9: "*"
          RenderQuote at (0,0) size 1x16
            RenderTextFragment at (0,0) size 0x0
