layer at (0,0) size 800x600
  RenderView at (0,0) size 800x600
layer at (0,0) size 800x600
  RenderBlock {HTML} at (0,0) size 800x600
    RenderBody {BODY} at (8,8) size 784x576
      RenderBlock (anonymous) at (0,0) size 784x16
        RenderInline {SPAN} at (0,0) size 226x16
          RenderText {#text} at (0,0) size 226x16
            text run at (0,0) width 226: "This test passes if it does not crash."
        RenderText {#text} at (225,0) size 5x16
          text run at (225,0) width 5: " "
        RenderBR {BR} at (229,12) size 1x0
      RenderBlock {UL} at (0,32) size 784x48
        RenderListItem {LI} at (40,0) size 744x48
          RenderBlock (anonymous) at (0,0) size 744x16
            RenderListMarker at (-16,0) size 6x16: bullet
          RenderTable at (0,16) size 32x16
            RenderTableSection (anonymous) at (0,0) size 32x16
              RenderTableRow (anonymous) {<pseudo:before>} at (0,0) size 32x16
                RenderTableCell (anonymous) at (0,0) size 32x16 [r=0 c=0 rs=1 cs=1]
                  RenderTextFragment at (0,0) size 32x16
                    text run at (0,0) width 32: "hello"
          RenderBlock (anonymous) at (0,32) size 744x16
            RenderText {#text} at (0,0) size 23x16
              text run at (0,0) width 23: "test"
