layer at (0,0) size 800x600
  RenderView at (0,0) size 800x600
layer at (0,0) size 800x600
  RenderBlock {HTML} at (0,0) size 800x600
    RenderBody {BODY} at (8,8) size 784x576
      RenderBlock (anonymous) at (0,0) size 784x16
        RenderInline {SPAN} at (0,0) size 654x16
          RenderText {#text} at (0,0) size 654x16
            text run at (0,0) width 654: "This test passes if it does not crash, and if we successfully destroy the table-section generated content."
        RenderText {#text} at (653,0) size 5x16
          text run at (653,0) width 5: " "
        RenderBR {BR} at (657,12) size 1x0
      RenderBlock {UL} at (0,32) size 784x16
        RenderListItem {LI} at (40,0) size 744x16
          RenderListMarker at (-16,0) size 6x16: bullet
          RenderInline {<pseudo:before>} at (0,0) size 32x16
            RenderTextFragment at (0,0) size 32x16
              text run at (0,0) width 32: "hello"
          RenderText {#text} at (31,0) size 24x16
            text run at (31,0) width 24: "test"
