layer at (0,0) size 800x600
  RenderView at (0,0) size 800x600
layer at (0,0) size 800x324
  RenderBlock {HTML} at (0,0) size 800x324
    RenderBody {BODY} at (8,8) size 784x308
      RenderBlock (anonymous) at (0,0) size 784x244
        RenderText {#text} at (0,0) size 0x0
      RenderBlock {DIV} at (0,244) size 784x64
        RenderInline {SPAN} at (0,0) size 377x16
          RenderText {#text} at (0,0) size 377x16
            text run at (0,0) width 377: "Rendering vertical line-positioned cues with Japanese text."
          RenderBR {BR} at (376,0) size 1x16
        RenderInline {SPAN} at (0,0) size 163x16
          RenderText {#text} at (0,16) size 163x16
            text run at (0,16) width 163: "EVENT(canplaythrough)"
          RenderBR {BR} at (162,16) size 1x16
        RenderInline {SPAN} at (0,0) size 107x16
          RenderText {#text} at (0,32) size 107x16
            text run at (0,32) width 107: "EVENT(seeked)"
          RenderBR {BR} at (106,32) size 1x16
        RenderInline {SPAN} at (0,0) size 100x16
          RenderText {#text} at (0,48) size 100x16
            text run at (0,48) width 100: "END OF TEST"
          RenderBR {BR} at (99,48) size 1x16
layer at (8,8) size 320x240
  RenderVideo {VIDEO} at (0,0) size 320x240
layer at (8,8) size 320x240
  RenderFlexibleBox {DIV} at (0,0) size 320x240
    RenderBlock {DIV} at (0,205) size 320x35
layer at (8,8) size 320x205
  RenderFlexibleBox {DIV} at (0,0) size 320x205
layer at (8,8) size 320x205
  RenderBlock (relative positioned) {DIV} at (0,0) size 320x205 [color=#FFFFFF]
layer at (22,8) size 18x205
  RenderBlock (positioned) {DIV} at (14,0) size 18x205
    RenderInline {DIV} at (0,0) size 16x115 [bgcolor=#000000CC]
      RenderText {#text} at (3,47) size 12x111
        text run at (3,47) width 111: "Cue 1: \x{79C1}\x{306F}\x{7ACB}\x{6D3E}\x{306A}\x{4EBA}"
layer at (54,8) size 18x205
  RenderBlock (positioned) {DIV} at (46,0) size 18x205
    RenderInline {DIV} at (0,0) size 16x115 [bgcolor=#000000CC]
      RenderText {#text} at (3,47) size 12x111
        text run at (3,47) width 111: "Cue 2: \x{79C1}\x{306F}\x{7ACB}\x{6D3E}\x{306A}\x{4EBA}"
layer at (262,8) size 18x205
  RenderBlock (positioned) {DIV} at (254,0) size 18x205
    RenderInline {DIV} at (0,0) size 16x115 [bgcolor=#000000CC]
      RenderText {#text} at (3,47) size 12x111
        text run at (3,47) width 111: "Cue 3: \x{79C1}\x{306F}\x{7ACB}\x{6D3E}\x{306A}\x{4EBA}"
layer at (230,8) size 18x205
  RenderBlock (positioned) {DIV} at (222,0) size 18x205
    RenderInline {DIV} at (0,0) size 16x115 [bgcolor=#000000CC]
      RenderText {#text} at (3,47) size 12x111
        text run at (3,47) width 111: "Cue 4: \x{79C1}\x{306F}\x{7ACB}\x{6D3E}\x{306A}\x{4EBA}"
layer at (296,8) size 18x205
  RenderBlock (positioned) {DIV} at (288,0) size 18x205
    RenderInline {DIV} at (0,0) size 16x115 [bgcolor=#000000CC]
      RenderText {#text} at (3,47) size 12x111
        text run at (3,47) width 111: "Cue 5: \x{79C1}\x{306F}\x{7ACB}\x{6D3E}\x{306A}\x{4EBA}"
layer at (200,8) size 18x205
  RenderBlock (positioned) {DIV} at (192,0) size 18x205
    RenderInline {DIV} at (0,0) size 16x115 [bgcolor=#000000CC]
      RenderText {#text} at (3,47) size 12x111
        text run at (3,47) width 111: "Cue 6: \x{79C1}\x{306F}\x{7ACB}\x{6D3E}\x{306A}\x{4EBA}"
layer at (13,213) size 310x30
  RenderFlexibleBox {DIV} at (5,0) size 310x30 [bgcolor=#141414CC]
    RenderButton {INPUT} at (9,0) size 30x30
    RenderSlider {INPUT} at (48,11) size 72.97x8
      RenderFlexibleBox {DIV} at (0,0) size 72.97x8 [border: (1px solid #E6E6E659)]
        RenderBlock {DIV} at (1,-8) size 84.97x24
          RenderBlock {DIV} at (-0.41,0) size 32x24
    RenderFlexibleBox {DIV} at (135.97,0) size 26.03x30 [color=#FFFFFF]
      RenderBlock (anonymous) at (0,0) size 26.03x30
        RenderText {#text} at (0,7) size 27x15
          text run at (0,7) width 27: "0:00"
    RenderButton {INPUT} at (171,0) size 35x30
    RenderSlider {INPUT} at (212,11) size 15x8
      RenderFlexibleBox {DIV} at (0,0) size 15x8 [border: (1px solid #E6E6E659)]
        RenderBlock {DIV} at (1,-8) size 27x24
          RenderBlock {DIV} at (-4,0) size 24x24
    RenderButton {INPUT} at (237,0) size 30x30
    RenderButton {INPUT} at (271,0) size 30x30
