layer at (0,0) size 800x600
  RenderView at (0,0) size 800x600
layer at (0,0) size 800x48
  RenderBlock {html} at (0,0) size 800x48
    RenderBody {body} at (8,16) size 784x16 [color=#000080] [bgcolor=#FFFF00]
      RenderBlock {p} at (0,0) size 784x16
        RenderText {#text} at (0,0) size 244x16
          text run at (0,0) width 244: "The entire viewport should be yellow."
