layer at (0,0) size 800x600
  RenderView at (0,0) size 800x600
layer at (0,0) size 800x600
  RenderBlock {HTML} at (0,0) size 800x600
    RenderBody {BODY} at (8,8) size 784x576
      RenderBlock {DIV} at (0,0) size 784x16
        RenderText {#text} at (0,0) size 563x16
          text run at (0,0) width 563: "This test verifies that we draw borders and and backgrounds for inlines without content."
      RenderBlock (anonymous) at (0,16) size 784x16
        RenderBR {BR} at (0,0) size 0x16
      RenderBlock {DIV} at (0,32) size 784x16
        RenderText {#text} at (0,0) size 252x16
          text run at (0,0) width 252: "There should be two blue boxes below:"
      RenderBlock (anonymous) at (0,48) size 784x112
        RenderInline {A} at (0,0) size 15x22 [color=#0000EE] [border: (3px solid #0000EE)]
        RenderText {#text} at (0,0) size 0x0
        RenderInline {A} at (0,0) size 27x22 [color=#0000EE] [border: (3px solid #0000EE)]
          RenderText {#text} at (23,0) size 12x16
            text run at (23,0) width 12: "A"
        RenderText {#text} at (41,0) size 5x16
          text run at (41,0) width 5: " "
        RenderBR {BR} at (0,0) size 0x0
        RenderBR {BR} at (0,16) size 0x16
        RenderText {#text} at (0,32) size 267x16
          text run at (0,32) width 267: "There should be a blue box after this text:"
        RenderInline {A} at (0,0) size 11x26 [bgcolor=#0000FF]
        RenderText {#text} at (276,32) size 5x16
          text run at (276,32) width 5: " "
        RenderBR {BR} at (280,44) size 1x0
        RenderInline {A} at (0,0) size 10x26 [bgcolor=#0000FF]
        RenderText {#text} at (10,48) size 282x16
          text run at (10,48) width 282: "There should be a blue box before this text. "
        RenderBR {BR} at (0,0) size 0x0
        RenderBR {BR} at (0,64) size 0x16
        RenderInline {A} at (0,0) size 10x26
        RenderText {#text} at (10,80) size 330x16
          text run at (10,80) width 330: "There should be 10px of space left before this text. "
        RenderBR {BR} at (0,0) size 0x0
        RenderBR {BR} at (0,96) size 0x16
      RenderBlock {P} at (0,176) size 784x32
        RenderText {#text} at (0,0) size 196x16
          text run at (0,0) width 196: "This text is before the anchor. "
        RenderInline {A} at (0,0) size 0x0
        RenderText {#text} at (195,0) size 782x32
          text run at (195,0) width 418: "This text is after the anchor, but should be flush with the anchor. "
          text run at (612,0) width 170: "There should be no spaces"
          text run at (0,16) width 294: "in between the anchor and this following text."
      RenderBlock {P} at (0,224) size 784x16
        RenderInline {A} at (0,0) size 735x16
          RenderText {#text} at (0,0) size 735x16
            text run at (0,0) width 735: "This text should be flush with the anchor. There should not be a space between the anchor and the text on this line."
        RenderInline {A} at (0,0) size 1x16
          RenderText {#text} at (0,0) size 0x0
