layer at (0,0) size 800x600
  RenderView at (0,0) size 800x600
layer at (0,0) size 800x600
  RenderBlock {HTML} at (0,0) size 800x600
    RenderBody {BODY} at (8,8) size 784x576
      RenderBlock {DIV} at (0,0) size 784x16
        RenderText {#text} at (0,0) size 468x16
          text run at (0,0) width 468: "This test demonstrates our behavior regarding empty inlines in list items."
      RenderBlock {UL} at (0,32) size 784x80
        RenderListItem {LI} at (40,0) size 744x16
          RenderListMarker at (-16,0) size 6x16: bullet
          RenderInline {SPAN} at (0,0) size 4x20 [border: (2px solid #FF0000)]
        RenderListItem {LI} at (40,16) size 744x16
          RenderListMarker at (-16,0) size 6x16: bullet
          RenderInline {SPAN} at (0,0) size 8x24 [border: (2px solid #FF0000)]
          RenderText {#text} at (8,0) size 30x16
            text run at (8,0) width 30: "Text"
        RenderListItem {LI} at (40,32) size 744x16
          RenderListMarker at (-16,0) size 6x16: bullet
          RenderText {#text} at (0,0) size 92x16
            text run at (0,0) width 92: "TextTextText "
          RenderInline {SPAN} at (0,0) size 9x24 [border: (2px solid #FF0000)]
        RenderBlock (anonymous) at (40,48) size 744x16
          RenderInline {SPAN} at (0,0) size 8x24 [border: (2px solid #FF0000)]
        RenderListItem {LI} at (40,64) size 744x16
          RenderListMarker at (-16,0) size 6x16: bullet
          RenderText {#text} at (0,0) size 30x16
            text run at (0,0) width 30: "Text"
