layer at (0,0) size 785x704
  RenderView at (0,0) size 785x600
layer at (0,0) size 785x704
  RenderBlock {HTML} at (0,0) size 785x704.16
    RenderBody {BODY} at (8,16) size 769x680.16
      RenderBlock {P} at (0,0) size 769x32
        RenderText {#text} at (0,0) size 764x32
          text run at (0,0) width 764: "There should be a SPAN in the middle of all four paragraphs that has padding, a green border, and a margin on the left,"
          text run at (0,16) width 369: "and padding, an orange border, and a margin on the right."
      RenderBlock {H1} at (0,48) size 769x16
        RenderText {#text} at (0,0) size 91x16
          text run at (0,0) width 91: "Left-to-Right"
      RenderBlock {DIV} at (0,74.72) size 769x284 [border: (1px solid #000000)]
        RenderBlock {P} at (6,22) size 757x32
          RenderText {#text} at (0,8) size 128x16
            text run at (0,8) width 128: "Lorem ipsum dolor "
          RenderText {#text} at (352,8) size 342x16
            text run at (352,8) width 342: "adipisicing elit, sed do eiusmod tempor incididunt ut."
        RenderBlock {P} at (6,70) size 757x192
          RenderText {#text} at (0,8) size 751x48
            text run at (0,8) width 604: "Lorem ipsum dolor sit amet, consectetur adipisicing elit, sed do eiusmod tempor incididunt ut "
            text run at (603,8) width 148: "labore et dolore magna"
            text run at (0,40) width 441: "aliqua. Ut enim ad minim veniam, quis nostrud exercitation ullamco "
          RenderText {#text} at (0,136) size 746x48
            text run at (0,136) width 581: "sit amet, consectetur adipisicing elit, sed do eiusmod tempor incididunt ut labore et dolore "
            text run at (580,136) width 166: "magna aliqua. Ut enim ad"
            text run at (0,168) width 459: "minim veniam, quis nostrud exercitation ullamco laboris nisi ut aliquip."
      RenderBlock {H1} at (0,369.44) size 769x16
        RenderText {#text} at (0,0) size 91x16
          text run at (0,0) width 91: "Right-to-Left"
      RenderBlock {DIV} at (0,396.16) size 769x284 [border: (1px solid #000000)]
        RenderBlock {P} at (6,22) size 757x32
          RenderText {#text} at (629,8) size 128x16
            text run at (629,8) width 128 RTL override: "Lorem ipsum dolor "
          RenderText {#text} at (63,8) size 342x16
            text run at (63,8) width 342 RTL override: "adipisicing elit, sed do eiusmod tempor incididunt ut."
        RenderBlock {P} at (6,70) size 757x192
          RenderText {#text} at (6,8) size 751x48
            text run at (6,8) width 148 RTL override: "labore et dolore magna"
            text run at (153,8) width 604 RTL override: "Lorem ipsum dolor sit amet, consectetur adipisicing elit, sed do eiusmod tempor incididunt ut "
            text run at (316,40) width 441 RTL override: "aliqua. Ut enim ad minim veniam, quis nostrud exercitation ullamco "
          RenderText {#text} at (11,136) size 746x48
            text run at (11,136) width 166 RTL override: "magna aliqua. Ut enim ad"
            text run at (176,136) width 581 RTL override: "sit amet, consectetur adipisicing elit, sed do eiusmod tempor incididunt ut labore et dolore "
            text run at (298,168) width 459 RTL override: "minim veniam, quis nostrud exercitation ullamco laboris nisi ut aliquip."
layer at (14,113) size 191x18
  RenderInline (relative positioned) {SPAN} at (0,0) size 191x18 [border: (1px solid #0000FF) (10px solid #FFA500) (1px solid #0000FF) (10px solid #008000)]
    RenderText {#text} at (172,8) size 136x16
      text run at (172,8) width 136: "sit amet, consectetur "
layer at (14,161) size 730x82
  RenderInline (relative positioned) {SPAN} at (0,0) size 730x82 [border: (1px solid #0000FF) (10px solid #FFA500) (1px solid #0000FF) (10px solid #008000)]
    RenderText {#text} at (485,40) size 727x80
      text run at (485,40) width 242: "laboris nisi ut aliquip ex ea commodo"
      text run at (0,72) width 331: "consequat. Duis aute irure dolor in reprehenderit in "
      text run at (331,72) width 367: "voluptate velit esse cillum dolore eu fugiat nulla pariatur."
      text run at (0,104) width 218: "Excepteur sint occaecat cupidatat "
      text run at (217,104) width 478: "non proident, sunt in culpa qui officia deserunt mollit anim id est laborum."
layer at (14,434) size 191x18
  RenderInline (relative positioned) {SPAN} at (0,0) size 191x18 [border: (1px solid #0000FF) (10px solid #FFA500) (1px solid #0000FF) (10px solid #008000)]
    RenderText {#text} at (449,8) size 136x16
      text run at (449,8) width 136 RTL override: "sit amet, consectetur "
layer at (14,482) size 727x82
  RenderInline (relative positioned) {SPAN} at (0,0) size 727x82 [border: (1px solid #0000FF) (10px solid #FFA500) (1px solid #0000FF) (10px solid #008000)]
    RenderText {#text} at (30,40) size 727x80
      text run at (30,40) width 242 RTL override: "laboris nisi ut aliquip ex ea commodo"
      text run at (59,72) width 367 RTL override: "voluptate velit esse cillum dolore eu fugiat nulla pariatur."
      text run at (426,72) width 331 RTL override: "consequat. Duis aute irure dolor in reprehenderit in "
      text run at (62,104) width 478 RTL override: "non proident, sunt in culpa qui officia deserunt mollit anim id est laborum."
      text run at (539,104) width 218 RTL override: "Excepteur sint occaecat cupidatat "
