layer at (0,0) size 800x600
  RenderView at (0,0) size 800x600
layer at (0,0) size 800x513
  RenderBlock {HTML} at (0,0) size 800x512.59
    RenderBody {BODY} at (8,21.44) size 784x331.25
      RenderBlock {H1} at (0,0) size 784x32 [color=#990000]
        RenderText {#text} at (0,0) size 699x32
          text run at (0,0) width 699: "Webkit background image positioning on RTL text"
      RenderBlock {H2} at (0,53.44) size 784x24
        RenderText {#text} at (0,0) size 263x24
          text run at (0,0) width 263: "Behaviour within <p> tag"
      RenderBlock (floating) {DIV} at (0,97.34) size 318x188 [bgcolor=#DDDDDD]
        RenderBlock {P} at (6,22) size 306x144
          RenderText {#text} at (40,0) size 266x144
            text run at (40,0) width 259: "Lorem ipsum dolor sit amet, consectetur"
            text run at (40,16) width 99: "adipiscing elit. "
            text run at (138,16) width 123: "Nam mollis, elit eu"
            text run at (40,32) width 265: "vulputate ornare, est urna congue felis, id"
            text run at (40,48) width 44: "auctor "
            text run at (83,48) width 200: "arcu odio imperdiet nulla. Cras"
            text run at (40,64) width 196: "viverra interdum diam blandit "
            text run at (235,64) width 71: "adipiscing."
            text run at (40,80) width 220: "Aliquam erat felis, iaculis sit amet"
            text run at (40,96) width 90: "rhoncus quis, "
            text run at (129,96) width 170: "condimentum at nisl. Duis"
            text run at (40,112) width 235: "malesuada quam vel augue hendrerit"
            text run at (40,128) width 41: "porta. "
            text run at (80,128) width 199: "Nulla vitae elementum mauris."
      RenderBlock (floating) {DIV} at (332,97.34) size 318x139 [bgcolor=#DDDDDD]
        RenderBlock {P} at (6,22) size 306x95
          RenderText {#text} at (13,3) size 261x92
            text run at (13,3) width 253 RTL: "\x{5D4}\x{5D5}\x{5D1}\x{5DC}\x{5EA} \x{5D3}\x{5D9}\x{5E8}\x{5D5}\x{5EA} \x{5D1}\x{5DB}\x{5DC} \x{5D4}\x{5D0}\x{5E8}\x{5E5} \x{5E9}\x{5D9}\x{5E8}\x{5D5}\x{5EA}, \x{5D0}\x{5D9}\x{5DB}\x{5D5}\x{5EA}"
            text run at (5,22) width 261 RTL: "\x{5D5}\x{5DE}\x{5D7}\x{5D9}\x{5E8}\x{5D9}\x{5DD} \x{5DC}\x{5DC}\x{5D0} \x{5EA}\x{5D7}\x{5E8}\x{5D5}\x{5EA} \x{5D4}\x{5D5}\x{5D1}\x{5DC}\x{5EA} \x{5D3}\x{5D9}\x{5E8}\x{5D5}\x{5EA} \x{5D1}\x{5DB}\x{5DC}"
            text run at (42,41) width 224 RTL: "\x{5D4}\x{5D0}\x{5E8}\x{5E5} \x{5E9}\x{5D9}\x{5E8}\x{5D5}\x{5EA}, \x{5D0}\x{5D9}\x{5DB}\x{5D5}\x{5EA} \x{5D5}\x{5DE}\x{5D7}\x{5D9}\x{5E8}\x{5D9}\x{5DD} \x{5DC}\x{5DC}\x{5D0}"
            text run at (7,60) width 259 RTL: "\x{5EA}\x{5D7}\x{5E8}\x{5D5}\x{5EA} \x{5D4}\x{5D5}\x{5D1}\x{5DC}\x{5EA} \x{5D3}\x{5D9}\x{5E8}\x{5D5}\x{5EA} \x{5D1}\x{5DB}\x{5DC} \x{5D4}\x{5D0}\x{5E8}\x{5E5} \x{5E9}\x{5D9}\x{5E8}\x{5D5}\x{5EA},"
            text run at (81,79) width 185 RTL: "\x{5D0}\x{5D9}\x{5DB}\x{5D5}\x{5EA} \x{5D5}\x{5DE}\x{5D7}\x{5D9}\x{5E8}\x{5D9}\x{5DD} \x{5DC}\x{5DC}\x{5D0} \x{5EA}\x{5D7}\x{5E8}\x{5D5}\x{5EA}"
      RenderBlock {HR} at (0,285.34) size 784x2 [border: (1px inset #EEEEEE)]
      RenderBlock {H2} at (0,307.25) size 784x24
        RenderText {#text} at (0,0) size 262x24
          text run at (0,0) width 262: "Behaviour within <a> tag"
      RenderBlock (floating) {DIV} at (0,351.16) size 318x140 [bgcolor=#DDDDDD]
        RenderInline {A} at (0,0) size 300x128 [color=#0000EE]
          RenderText {#text} at (46,6) size 300x128
            text run at (46,6) width 259: "Lorem ipsum dolor sit amet, consectetur"
            text run at (6,22) width 285: "adipiscing elit. Nam mollis, elit eu vulputate"
            text run at (6,38) width 154: "ornare, est urna congue "
            text run at (159,38) width 124: "felis, id auctor arcu"
            text run at (6,54) width 279: "odio imperdiet nulla. Cras viverra interdum"
            text run at (6,70) width 36: "diam "
            text run at (41,70) width 243: "blandit adipiscing. Aliquam erat felis,"
            text run at (6,86) width 190: "iaculis sit amet rhoncus quis, "
            text run at (195,86) width 104: "condimentum at"
            text run at (6,102) width 300: "nisl. Duis malesuada quam vel augue hendrerit"
            text run at (6,118) width 41: "porta. "
            text run at (46,118) width 199: "Nulla vitae elementum mauris."
        RenderText {#text} at (0,0) size 0x0
      RenderBlock (floating) {DIV} at (332,351.16) size 318x107 [bgcolor=#DDDDDD]
        RenderInline {A} at (0,0) size 303x92 [color=#0000EE]
          RenderText {#text} at (19,9) size 303x92
            text run at (19,9) width 253 RTL: "\x{5D4}\x{5D5}\x{5D1}\x{5DC}\x{5EA} \x{5D3}\x{5D9}\x{5E8}\x{5D5}\x{5EA} \x{5D1}\x{5DB}\x{5DC} \x{5D4}\x{5D0}\x{5E8}\x{5E5} \x{5E9}\x{5D9}\x{5E8}\x{5D5}\x{5EA}, \x{5D0}\x{5D9}\x{5DB}\x{5D5}\x{5EA}"
            text run at (9,28) width 303 RTL: "\x{5D5}\x{5DE}\x{5D7}\x{5D9}\x{5E8}\x{5D9}\x{5DD} \x{5DC}\x{5DC}\x{5D0} \x{5EA}\x{5D7}\x{5E8}\x{5D5}\x{5EA} \x{5D4}\x{5D5}\x{5D1}\x{5DC}\x{5EA} \x{5D3}\x{5D9}\x{5E8}\x{5D5}\x{5EA} \x{5D1}\x{5DB}\x{5DC} \x{5D4}\x{5D0}\x{5E8}\x{5E5}"
            text run at (29,47) width 283 RTL: "\x{5E9}\x{5D9}\x{5E8}\x{5D5}\x{5EA}, \x{5D0}\x{5D9}\x{5DB}\x{5D5}\x{5EA} \x{5D5}\x{5DE}\x{5D7}\x{5D9}\x{5E8}\x{5D9}\x{5DD} \x{5DC}\x{5DC}\x{5D0} \x{5EA}\x{5D7}\x{5E8}\x{5D5}\x{5EA} \x{5D4}\x{5D5}\x{5D1}\x{5DC}\x{5EA}"
            text run at (16,66) width 296 RTL: "\x{5D3}\x{5D9}\x{5E8}\x{5D5}\x{5EA} \x{5D1}\x{5DB}\x{5DC} \x{5D4}\x{5D0}\x{5E8}\x{5E5} \x{5E9}\x{5D9}\x{5E8}\x{5D5}\x{5EA}, \x{5D0}\x{5D9}\x{5DB}\x{5D5}\x{5EA} \x{5D5}\x{5DE}\x{5D7}\x{5D9}\x{5E8}\x{5D9}\x{5DD} \x{5DC}\x{5DC}\x{5D0}"
            text run at (265,85) width 47 RTL: "\x{5EA}\x{5D7}\x{5E8}\x{5D5}\x{5EA}"
        RenderText {#text} at (0,0) size 0x0
