layer at (0,0) size 800x600
  RenderView at (0,0) size 800x600
layer at (0,0) size 800x600
  RenderBlock {HTML} at (0,0) size 800x600
    RenderBody {BODY} at (8,8) size 784x584
      RenderBlock (anonymous) at (0,0) size 784x16
        RenderText {#text} at (0,0) size 665x16
          text run at (0,0) width 665: "The first four tests expect a green block to be above them, i.e., to have the text shrinking quirk disabled."
      RenderBlock {DIV} at (0,16) size 784x17 [bgcolor=#008000] [border: none (1px solid #000000) none]
        RenderInline {SPAN} at (0,0) size 1x16
      RenderBlock {DIV} at (0,33) size 784x16
        RenderText {#text} at (0,0) size 291x16
          text run at (0,0) width 291: "There should be a green block above this text"
      RenderBlock {DIV} at (0,49) size 784x17 [bgcolor=#008000] [border: none (1px solid #000000) none]
        RenderInline {SPAN} at (0,0) size 1x16
      RenderBlock {DIV} at (0,66) size 784x16
        RenderText {#text} at (0,0) size 291x16
          text run at (0,0) width 291: "There should be a green block above this text"
      RenderBlock {DIV} at (0,82) size 784x17 [bgcolor=#008000] [border: none (1px solid #000000) none]
        RenderInline {SPAN} at (0,0) size 1x16 [border: none (1px solid #000000)]
      RenderBlock {DIV} at (0,99) size 784x16
        RenderText {#text} at (0,0) size 291x16
          text run at (0,0) width 291: "There should be a green block above this text"
      RenderBlock {DIV} at (0,115) size 784x17 [bgcolor=#008000] [border: none (1px solid #000000) none]
        RenderInline {SPAN} at (0,0) size 1x16 [border: none (1px solid #000000) none]
      RenderBlock {DIV} at (0,132) size 784x16
        RenderText {#text} at (0,0) size 291x16
          text run at (0,0) width 291: "There should be a green block above this text"
      RenderBlock (anonymous) at (0,148) size 784x16
        RenderText {#text} at (0,0) size 603x16
          text run at (0,0) width 603: "The remaining tests do not expect a block to be above them, and red will show if the test fails."
      RenderBlock {DIV} at (0,164) size 784x1 [bgcolor=#FF0000] [border: none (1px solid #000000) none]
        RenderInline {SPAN} at (0,0) size 0x0
      RenderBlock {DIV} at (0,165) size 784x16
        RenderText {#text} at (0,0) size 300x16
          text run at (0,0) width 300: "There should not be a red block above this text"
      RenderBlock {DIV} at (0,181) size 784x1 [bgcolor=#FF0000] [border: none (1px solid #000000) none]
        RenderInline {SPAN} at (0,0) size 0x0
      RenderBlock {DIV} at (0,182) size 784x16
        RenderText {#text} at (0,0) size 300x16
          text run at (0,0) width 300: "There should not be a red block above this text"
      RenderBlock {DIV} at (0,198) size 784x1 [bgcolor=#FF0000] [border: none (1px solid #000000) none]
        RenderInline {SPAN} at (0,0) size 0x0 [border: (1px solid #000000) none]
      RenderBlock {DIV} at (0,199) size 784x16
        RenderText {#text} at (0,0) size 300x16
          text run at (0,0) width 300: "There should not be a red block above this text"
      RenderBlock {DIV} at (0,215) size 784x1 [bgcolor=#FF0000] [border: none (1px solid #000000) none]
        RenderInline {SPAN} at (0,0) size 0x0 [border: none (1px solid #000000) none]
      RenderBlock {DIV} at (0,216) size 784x16
        RenderText {#text} at (0,0) size 300x16
          text run at (0,0) width 300: "There should not be a red block above this text"
      RenderBlock {DIV} at (0,232) size 784x1 [bgcolor=#FF0000] [border: none (1px solid #000000) none]
        RenderInline {SPAN} at (0,0) size 0x16
      RenderBlock {DIV} at (0,233) size 784x16
        RenderText {#text} at (0,0) size 300x16
          text run at (0,0) width 300: "There should not be a red block above this text"
      RenderBlock {DIV} at (0,249) size 784x1 [bgcolor=#FF0000] [border: none (1px solid #000000) none]
        RenderInline {SPAN} at (0,0) size 0x16
      RenderBlock {DIV} at (0,250) size 784x16
        RenderText {#text} at (0,0) size 300x16
          text run at (0,0) width 300: "There should not be a red block above this text"
      RenderBlock {DIV} at (0,266) size 784x1 [bgcolor=#FF0000] [border: none (1px solid #000000) none]
        RenderInline {SPAN} at (0,0) size 0x0
      RenderBlock {DIV} at (0,267) size 784x16
        RenderText {#text} at (0,0) size 300x16
          text run at (0,0) width 300: "There should not be a red block above this text"
      RenderBlock {DIV} at (0,283) size 784x1 [bgcolor=#FF0000] [border: none (1px solid #000000) none]
        RenderInline {SPAN} at (0,0) size 0x0
      RenderBlock {DIV} at (0,284) size 784x16
        RenderText {#text} at (0,0) size 300x16
          text run at (0,0) width 300: "There should not be a red block above this text"
