layer at (0,0) size 785x1166
  RenderView at (0,0) size 785x600
layer at (0,0) size 785x1166
  RenderBlock {HTML} at (0,0) size 785x1166
    RenderBody {BODY} at (8,16) size 769x1134
      RenderBlock {DIV} at (0,0) size 769x550
        RenderBlock {DIV} at (0,0) size 769x112
          RenderBlock {P} at (0,0) size 769x16
            RenderText {#text} at (0,0) size 31x16
              text run at (0,0) width 31: "LTR"
          RenderBlock (anonymous) at (0,32) size 769x16
            RenderInline {SPAN} at (0,0) size 44x20 [bgcolor=#008000] [border: (2px solid #FF0000)]
              RenderText {#text} at (22,0) size 22x16
                text run at (22,0) width 22: "aaa"
          RenderBlock (anonymous) at (0,64) size 769x16
            RenderBlock {DIV} at (0,0) size 769x16
              RenderText {#text} at (0,0) size 24x16
                text run at (0,0) width 24: "bbb"
          RenderBlock (anonymous) at (0,96) size 769x16
            RenderInline {SPAN} at (0,0) size 44x20 [bgcolor=#008000] [border: (2px solid #FF0000)]
              RenderText {#text} at (0,0) size 22x16
                text run at (0,0) width 22: "ccc"
            RenderText {#text} at (0,0) size 0x0
        RenderBlock {HR} at (0,128) size 769x2 [border: (1px inset #EEEEEE)]
        RenderBlock {DIV} at (0,146) size 769x112
          RenderBlock {P} at (0,0) size 769x16
            RenderText {#text} at (0,0) size 156x16
              text run at (0,0) width 156: "LTR, empty inline after."
          RenderBlock (anonymous) at (0,32) size 769x16
            RenderInline {SPAN} at (0,0) size 44x20 [bgcolor=#008000] [border: (2px solid #FF0000)]
              RenderText {#text} at (22,0) size 22x16
                text run at (22,0) width 22: "aaa"
          RenderBlock (anonymous) at (0,64) size 769x16
            RenderBlock {DIV} at (0,0) size 769x16
              RenderText {#text} at (0,0) size 24x16
                text run at (0,0) width 24: "bbb"
          RenderBlock (anonymous) at (0,96) size 769x16
            RenderInline {SPAN} at (0,0) size 22x20 [bgcolor=#008000] [border: (2px solid #FF0000)]
            RenderText {#text} at (0,0) size 0x0
        RenderBlock {HR} at (0,274) size 769x2 [border: (1px inset #EEEEEE)]
        RenderBlock {DIV} at (0,292) size 769x112
          RenderBlock {P} at (0,0) size 769x16
            RenderText {#text} at (0,0) size 168x16
              text run at (0,0) width 168: "LTR, empty inline before."
          RenderBlock (anonymous) at (0,32) size 769x16
            RenderInline {SPAN} at (0,0) size 22x20 [bgcolor=#008000] [border: (2px solid #FF0000)]
          RenderBlock (anonymous) at (0,64) size 769x16
            RenderBlock {DIV} at (0,0) size 769x16
              RenderText {#text} at (0,0) size 24x16
                text run at (0,0) width 24: "bbb"
          RenderBlock (anonymous) at (0,96) size 769x16
            RenderInline {SPAN} at (0,0) size 44x20 [bgcolor=#008000] [border: (2px solid #FF0000)]
              RenderText {#text} at (0,0) size 22x16
                text run at (0,0) width 22: "ccc"
            RenderText {#text} at (0,0) size 0x0
        RenderBlock {HR} at (0,420) size 769x2 [border: (1px inset #EEEEEE)]
        RenderBlock {DIV} at (0,438) size 769x112
          RenderBlock {P} at (0,0) size 769x16
            RenderText {#text} at (0,0) size 228x16
              text run at (0,0) width 228: "LTR, empty inline before and after."
          RenderBlock (anonymous) at (0,32) size 769x16
            RenderInline {SPAN} at (0,0) size 22x20 [bgcolor=#008000] [border: (2px solid #FF0000)]
          RenderBlock (anonymous) at (0,64) size 769x16
            RenderBlock {DIV} at (0,0) size 769x16
              RenderText {#text} at (0,0) size 24x16
                text run at (0,0) width 24: "bbb"
          RenderBlock (anonymous) at (0,96) size 769x16
            RenderInline {SPAN} at (0,0) size 22x20 [bgcolor=#008000] [border: (2px solid #FF0000)]
            RenderText {#text} at (0,0) size 0x0
      RenderBlock {HR} at (0,566) size 769x2 [border: (1px inset #EEEEEE)]
      RenderBlock {DIV} at (0,584) size 769x550
        RenderBlock {DIV} at (0,0) size 769x112
          RenderBlock {P} at (0,0) size 769x16
            RenderText {#text} at (738,0) size 31x16
              text run at (738,0) width 31: "RTL"
          RenderBlock (anonymous) at (0,32) size 769x16
            RenderInline {SPAN} at (0,0) size 44x20 [bgcolor=#008000] [border: (2px solid #FF0000)]
              RenderText {#text} at (725,0) size 22x16
                text run at (725,0) width 22: "aaa"
          RenderBlock (anonymous) at (0,64) size 769x16
            RenderBlock {DIV} at (0,0) size 769x16
              RenderText {#text} at (745,0) size 24x16
                text run at (745,0) width 24: "bbb"
          RenderBlock (anonymous) at (0,96) size 769x16
            RenderInline {SPAN} at (0,0) size 44x20 [bgcolor=#008000] [border: (2px solid #FF0000)]
              RenderText {#text} at (747,0) size 22x16
                text run at (747,0) width 22: "ccc"
            RenderText {#text} at (0,0) size 0x0
        RenderBlock {HR} at (0,128) size 769x2 [border: (1px inset #EEEEEE)]
        RenderBlock {DIV} at (0,146) size 769x112
          RenderBlock {P} at (0,0) size 769x16
            RenderText {#text} at (613,0) size 156x16
              text run at (613,0) width 5 RTL: "."
              text run at (617,0) width 152: "RTL, empty inline after"
          RenderBlock (anonymous) at (0,32) size 769x16
            RenderInline {SPAN} at (0,0) size 44x20 [bgcolor=#008000] [border: (2px solid #FF0000)]
              RenderText {#text} at (725,0) size 22x16
                text run at (725,0) width 22: "aaa"
          RenderBlock (anonymous) at (0,64) size 769x16
            RenderBlock {DIV} at (0,0) size 769x16
              RenderText {#text} at (745,0) size 24x16
                text run at (745,0) width 24: "bbb"
          RenderBlock (anonymous) at (0,96) size 769x16
            RenderInline {SPAN} at (0,0) size 22x20 [bgcolor=#008000] [border: (2px solid #FF0000)]
            RenderText {#text} at (0,0) size 0x0
        RenderBlock {HR} at (0,274) size 769x2 [border: (1px inset #EEEEEE)]
        RenderBlock {DIV} at (0,292) size 769x112
          RenderBlock {P} at (0,0) size 769x16
            RenderText {#text} at (601,0) size 168x16
              text run at (601,0) width 5 RTL: "."
              text run at (605,0) width 164: "RTL, empty inline before"
          RenderBlock (anonymous) at (0,32) size 769x16
            RenderInline {SPAN} at (0,0) size 22x20 [bgcolor=#008000] [border: (2px solid #FF0000)]
          RenderBlock (anonymous) at (0,64) size 769x16
            RenderBlock {DIV} at (0,0) size 769x16
              RenderText {#text} at (745,0) size 24x16
                text run at (745,0) width 24: "bbb"
          RenderBlock (anonymous) at (0,96) size 769x16
            RenderInline {SPAN} at (0,0) size 44x20 [bgcolor=#008000] [border: (2px solid #FF0000)]
              RenderText {#text} at (747,0) size 22x16
                text run at (747,0) width 22: "ccc"
            RenderText {#text} at (0,0) size 0x0
        RenderBlock {HR} at (0,420) size 769x2 [border: (1px inset #EEEEEE)]
        RenderBlock {DIV} at (0,438) size 769x112
          RenderBlock {P} at (0,0) size 769x16
            RenderText {#text} at (541,0) size 228x16
              text run at (541,0) width 5 RTL: "."
              text run at (545,0) width 224: "RTL, empty inline before and after"
          RenderBlock (anonymous) at (0,32) size 769x16
            RenderInline {SPAN} at (0,0) size 22x20 [bgcolor=#008000] [border: (2px solid #FF0000)]
          RenderBlock (anonymous) at (0,64) size 769x16
            RenderBlock {DIV} at (0,0) size 769x16
              RenderText {#text} at (745,0) size 24x16
                text run at (745,0) width 24: "bbb"
          RenderBlock (anonymous) at (0,96) size 769x16
            RenderInline {SPAN} at (0,0) size 22x20 [bgcolor=#008000] [border: (2px solid #FF0000)]
            RenderText {#text} at (0,0) size 0x0
