layer at (0,0) size 903x600
  RenderView at (0,0) size 800x600
layer at (0,0) size 800x600
  RenderBlock {HTML} at (0,0) size 800x600
    RenderBody {BODY} at (8,8) size 800x584
      RenderBlock {DIV} at (0,0) size 800x0
      RenderBlock {DIV} at (0,0) size 800x0
      RenderBlock {DIV} at (0,0) size 800x0
      RenderBlock {DIV} at (0,0) size 800x0
      RenderBlock {DIV} at (0,0) size 800x0
      RenderBlock {DIV} at (0,0) size 800x0
      RenderBlock {DIV} at (0,0) size 800x0
      RenderBlock {DIV} at (0,0) size 800x0
layer at (159,566) size 249x24
  RenderBlock (positioned) {FONT} at (159.31,566) size 248.69x24
    RenderText {#text} at (0,0) size 249x24
      text run at (0,0) width 249: "RTL-Center-Aligned"
layer at (-87,478) size 95x72 backgroundClip at (0,0) size 903x600 clip at (0,0) size 903x600 outlineClip at (0,0) size 903x600
  RenderBlock (positioned) {FONT} at (-86.59,478) size 94.59x72
    RenderText {#text} at (0,0) size 95x72
      text run at (0,0) width 62: "RTL-"
      text run at (0,24) width 63: "Left-"
      text run at (0,48) width 95: "Aligned"
layer at (575,476) size 233x24
  RenderBlock (positioned) {FONT} at (575.48,476) size 232.52x24
    RenderText {#text} at (0,0) size 233x24
      text run at (0,0) width 233: "RTL-Right-Aligned"
layer at (608,426) size 200x24
  RenderBlock (positioned) {FONT} at (608.48,426) size 199.52x24
    RenderText {#text} at (0,0) size 200x24
      text run at (0,0) width 200: "RTL-No-Aligned"
layer at (408,376) size 249x24
  RenderBlock (positioned) {FONT} at (408,376) size 248.69x24
    RenderText {#text} at (0,0) size 249x24
      text run at (0,0) width 249: "LTR-Center-Aligned"
layer at (8,326) size 219x24
  RenderBlock (positioned) {FONT} at (8,326) size 218.80x24
    RenderText {#text} at (0,0) size 219x24
      text run at (0,0) width 219: "LTR-Left-Aligned"
layer at (808,228) size 95x72
  RenderBlock (positioned) {FONT} at (808,228) size 94.59x72
    RenderText {#text} at (33,0) size 95x72
      text run at (33,0) width 62: "LTR-"
      text run at (17,24) width 78: "Right-"
      text run at (0,48) width 95: "Aligned"
layer at (8,226) size 200x24
  RenderBlock (positioned) {FONT} at (8,226) size 199.52x24
    RenderText {#text} at (0,0) size 200x24
      text run at (0,0) width 200: "LTR-No-Aligned"
