layer at (0,0) size 785x897
  RenderView at (0,0) size 785x600
layer at (0,0) size 785x897
  RenderBlock {HTML} at (0,0) size 785x897
    RenderBody {BODY} at (8,16) size 769x873
      RenderBlock {P} at (0,0) size 769x20
        RenderText {#text} at (0,0) size 263x19
          text run at (0,0) width 263: "The two columns below should be identical."
      RenderTable {TABLE} at (0,36) size 178x837
        RenderTableSection {TBODY} at (0,0) size 178x837
          RenderTableRow {TR} at (0,2) size 178x833
            RenderTableCell {TD} at (2,2) size 86x832.78 [bgcolor=#008080] [border: (3px solid #000000)] [r=0 c=0 rs=1 cs=1]
              RenderBlock {P} at (3,3) size 80x20 [bgcolor=#FFFF00]
                RenderText {#text} at (0,0) size 6x19
                  text run at (0,0) width 6: "-"
              RenderBlock {P} at (3,98.58) size 80x20 [bgcolor=#FF00FF]
                RenderText {#text} at (0,0) size 6x19
                  text run at (0,0) width 6: "-"
              RenderBlock {P} at (3,118.58) size 80x20 [bgcolor=#FFFF00]
                RenderText {#text} at (0,0) size 6x19
                  text run at (0,0) width 6: "-"
              RenderBlock {P} at (3,214.16) size 80x20 [bgcolor=#00FF00]
                RenderText {#text} at (0,0) size 6x19
                  text run at (0,0) width 6: "-"
              RenderBlock {P} at (3,234.16) size 80x20 [bgcolor=#FFFF00]
                RenderText {#text} at (0,0) size 6x19
                  text run at (0,0) width 6: "-"
              RenderBlock {P} at (3,291.95) size 80x20 [bgcolor=#FFFFFF]
                RenderText {#text} at (0,0) size 6x19
                  text run at (0,0) width 6: "-"
              RenderBlock {DIV} at (3,349.73) size 80x95.56 [bgcolor=#00FFFF]
                RenderBlock {P} at (0,75.56) size 80x20 [bgcolor=#FFA500]
                  RenderText {#text} at (0,0) size 6x19
                    text run at (0,0) width 6: "-"
              RenderBlock {P} at (3,483.08) size 80x20 [bgcolor=#FFFF00]
                RenderText {#text} at (0,0) size 6x19
                  text run at (0,0) width 6: "-"
              RenderBlock {P} at (3,503.08) size 80x95.58 [bgcolor=#FF00FF]
                RenderText {#text} at (0,0) size 6x19
                  text run at (0,0) width 6: "-"
              RenderBlock {P} at (3,560.88) size 80x57.78 [bgcolor=#00FF00]
                RenderText {#text} at (0,38) size 6x19
                  text run at (0,38) width 6: "-"
              RenderBlock (floating) {P} at (3,694.22) size 40x20 [bgcolor=#FFFFFF]
                RenderText {#text} at (0,0) size 6x19
                  text run at (0,0) width 6: "-"
              RenderBlock {P} at (3,656.44) size 80x20 [bgcolor=#00FFFF]
                RenderText {#text} at (40,0) size 6x19
                  text run at (40,0) width 6: "-"
              RenderBlock {P} at (3,714.22) size 80x57.78 [bgcolor=#FFA500]
                RenderText {#text} at (0,0) size 6x19
                  text run at (0,0) width 6: "-"
              RenderBlock {P} at (3,772) size 80x57.78 [bgcolor=#FFFF00]
                RenderText {#text} at (0,38) size 6x19
                  text run at (0,38) width 6: "-"
            RenderTableCell {TD} at (90,2) size 86x832.77 [border: (3px solid #000000)] [r=0 c=1 rs=1 cs=1]
              RenderBlock {DIV} at (3,3) size 80x20 [bgcolor=#FFFF00]
                RenderText {#text} at (0,0) size 6x19
                  text run at (0,0) width 6: "-"
              RenderBlock {DIV} at (3,23) size 80x75.58 [bgcolor=#008080]
              RenderBlock {DIV} at (3,98.58) size 80x20 [bgcolor=#FF00FF]
                RenderText {#text} at (0,0) size 6x19
                  text run at (0,0) width 6: "-"
              RenderBlock {DIV} at (3,118.58) size 80x20 [bgcolor=#FFFF00]
                RenderText {#text} at (0,0) size 6x19
                  text run at (0,0) width 6: "-"
              RenderBlock {DIV} at (3,138.58) size 80x75.58 [bgcolor=#008080]
              RenderBlock {DIV} at (3,214.16) size 80x20 [bgcolor=#00FF00]
                RenderText {#text} at (0,0) size 6x19
                  text run at (0,0) width 6: "-"
              RenderBlock {DIV} at (3,234.16) size 80x20 [bgcolor=#FFFF00]
                RenderText {#text} at (0,0) size 6x19
                  text run at (0,0) width 6: "-"
              RenderBlock {DIV} at (3,254.16) size 80x37.78 [bgcolor=#008080]
              RenderBlock {DIV} at (3,291.94) size 80x20 [bgcolor=#FFFFFF]
                RenderText {#text} at (0,0) size 6x19
                  text run at (0,0) width 6: "-"
              RenderBlock {DIV} at (3,311.94) size 80x37.78 [bgcolor=#008080]
              RenderBlock {DIV} at (3,349.72) size 80x75.58 [bgcolor=#00FFFF]
              RenderBlock {DIV} at (3,425.30) size 80x20 [bgcolor=#FFA500]
                RenderText {#text} at (0,0) size 6x19
                  text run at (0,0) width 6: "-"
              RenderBlock {DIV} at (3,445.30) size 80x37.78 [bgcolor=#008080]
              RenderBlock {DIV} at (3,483.08) size 80x20 [bgcolor=#FFFF00]
                RenderText {#text} at (0,0) size 6x19
                  text run at (0,0) width 6: "-"
              RenderBlock {DIV} at (3,503.08) size 80x20 [bgcolor=#FF00FF]
                RenderText {#text} at (0,0) size 6x19
                  text run at (0,0) width 6: "-"
              RenderBlock {DIV} at (3,523.08) size 80x37.78 [bgcolor=#FF00FF]
              RenderBlock {DIV} at (3,560.86) size 80x37.78 [bgcolor=#00FF00]
              RenderBlock {DIV} at (3,598.64) size 80x20 [bgcolor=#00FF00]
                RenderText {#text} at (0,0) size 6x19
                  text run at (0,0) width 6: "-"
              RenderBlock {DIV} at (3,618.64) size 80x37.78 [bgcolor=#008080]
              RenderBlock {DIV} at (3,656.42) size 80x20 [bgcolor=#00FFFF]
                RenderBlock {DIV} at (40,0) size 40x20
                  RenderText {#text} at (0,0) size 6x19
                    text run at (0,0) width 6: "-"
              RenderBlock {DIV} at (3,714.20) size 80x20 [bgcolor=#FFA500]
                RenderText {#text} at (0,0) size 6x19
                  text run at (0,0) width 6: "-"
              RenderBlock {DIV} at (3,734.20) size 80x37.78 [bgcolor=#FFA500]
              RenderBlock {DIV} at (3,771.98) size 80x37.78 [bgcolor=#FFFF00]
              RenderBlock {DIV} at (3,809.77) size 80x20 [bgcolor=#FFFF00]
                RenderText {#text} at (0,0) size 6x19
                  text run at (0,0) width 6: "-"
layer at (101,730) size 80x38
  RenderBlock (relative positioned) {DIV} at (3,676.42) size 80x37.78 [bgcolor=#008080]
layer at (101,748) size 40x20
  RenderBlock (positioned) {DIV} at (0,17.78) size 40x20 [bgcolor=#FFFFFF]
    RenderText {#text} at (0,0) size 6x19
      text run at (0,0) width 6: "-"
