layer at (0,0) size 800x600
  RenderView at (0,0) size 800x600
layer at (0,0) size 800x600
  RenderBlock {HTML} at (0,0) size 800x600
    RenderBody {BODY} at (8,8) size 784x584
      RenderBlock {P} at (0,0) size 784x20
        RenderText {#text} at (0,0) size 720x19
          text run at (0,0) width 720: "The following two lines should look differently. The first line is synthetic bold of normal face, the second line is bold face."
      RenderBlock {DIV} at (0,36) size 784x23
        RenderInline {SPAN} at (0,0) size 356x22
          RenderText {#text} at (0,0) size 356x22
            text run at (0,0) width 356: "The quick brown fox jumps over the lazy dog"
      RenderBlock {DIV} at (0,59) size 784x24
        RenderInline {SPAN} at (0,0) size 377x23
          RenderText {#text} at (0,0) size 377x23
            text run at (0,0) width 377: "The quick brown fox jumps over the lazy dog"
      RenderBlock {P} at (0,99) size 784x20
        RenderText {#text} at (0,0) size 720x19
          text run at (0,0) width 720: "The following two lines should look differently. The first line is synthetic italic of normal face, the second line is italic face."
      RenderBlock {DIV} at (0,135) size 784x23
        RenderInline {SPAN} at (0,0) size 369x22
          RenderText {#text} at (0,0) size 369x22
            text run at (0,0) width 369: "The quick brown fox jumps over the lazy dog"
      RenderBlock {DIV} at (0,158) size 784x23
        RenderInline {SPAN} at (0,0) size 362x22
          RenderText {#text} at (0,0) size 362x22
            text run at (0,0) width 362: "The quick brown fox jumps over the lazy dog"
