layer at (0,0) size 800x600
  RenderView at (0,0) size 800x600
layer at (0,0) size 800x417
  RenderBlock {HTML} at (0,0) size 800x417
    RenderBody {BODY} at (8,16) size 784x188
      RenderBlock {P} at (0,0) size 784x20
        RenderText {#text} at (0,0) size 421x19
          text run at (0,0) width 421: "For each of pairs, the first one and the second one should be identical."
        RenderText {#text} at (0,0) size 0x0
      RenderTable {TABLE} at (0,36) size 152x365
        RenderTableSection {TBODY} at (0,0) size 152x365
          RenderTableRow {TR} at (0,2) size 152x75
            RenderTableCell {TD} at (2,2) size 73x74.81 [r=0 c=0 rs=1 cs=1]
              RenderBlock {SECTION} at (1,1) size 71x72.81
                RenderBlock {HR} at (0,0) size 71x2 [border: (1px inset #EEEEEE)]
                RenderBlock {H1} at (0,21.91) size 71x29 [border: (1px solid #00FF00)]
                  RenderText {#text} at (1,1) size 69x26
                    text run at (1,1) width 69: "MMM"
                RenderBlock {HR} at (0,70.81) size 71x2 [border: (1px inset #EEEEEE)]
            RenderTableCell {TD} at (77,2) size 73x74.81 [r=0 c=1 rs=1 cs=1]
              RenderBlock {HR} at (1,1) size 71x2 [border: (1px inset #EEEEEE)]
              RenderBlock {H2} at (1,22.91) size 71x29 [border: (1px solid #00FF00)]
                RenderText {#text} at (1,1) size 69x26
                  text run at (1,1) width 69: "MMM"
              RenderBlock {HR} at (1,71.81) size 71x2 [border: (1px inset #EEEEEE)]
          RenderTableRow {TR} at (0,79) size 152x68
            RenderTableCell {TD} at (2,79) size 73x68.44 [r=1 c=0 rs=1 cs=1]
              RenderBlock {ARTICLE} at (1,1) size 71x66.44
                RenderBlock {SECTION} at (0,0) size 71x66.44
                  RenderBlock {HR} at (0,0) size 71x2 [border: (1px inset #EEEEEE)]
                  RenderBlock {H1} at (0,20.72) size 71x25 [border: (1px solid #00FF00)]
                    RenderText {#text} at (1,1) size 54x22
                      text run at (1,1) width 54: "MMM"
                  RenderBlock {HR} at (0,64.44) size 71x2 [border: (1px inset #EEEEEE)]
            RenderTableCell {TD} at (77,79) size 73x68.44 [r=1 c=1 rs=1 cs=1]
              RenderBlock {HR} at (1,1) size 71x2 [border: (1px inset #EEEEEE)]
              RenderBlock {H3} at (1,21.72) size 71x25 [border: (1px solid #00FF00)]
                RenderText {#text} at (1,1) size 54x22
                  text run at (1,1) width 54: "MMM"
              RenderBlock {HR} at (1,65.44) size 71x2 [border: (1px inset #EEEEEE)]
          RenderTableRow {TR} at (0,149) size 152x71
            RenderTableCell {TD} at (2,149) size 73x70.53 [r=2 c=0 rs=1 cs=1]
              RenderBlock {NAV} at (1,1) size 71x68.53
                RenderBlock {ARTICLE} at (0,0) size 71x68.53
                  RenderBlock {SECTION} at (0,0) size 71x68.53
                    RenderBlock {HR} at (0,0) size 71x2 [border: (1px inset #EEEEEE)]
                    RenderBlock {H1} at (0,23.27) size 71x22 [border: (1px solid #00FF00)]
                      RenderText {#text} at (1,1) size 48x19
                        text run at (1,1) width 48: "MMM"
                    RenderBlock {HR} at (0,66.53) size 71x2 [border: (1px inset #EEEEEE)]
            RenderTableCell {TD} at (77,149) size 73x70.53 [r=2 c=1 rs=1 cs=1]
              RenderBlock {HR} at (1,1) size 71x2 [border: (1px inset #EEEEEE)]
              RenderBlock {H4} at (1,24.27) size 71x22 [border: (1px solid #00FF00)]
                RenderText {#text} at (1,1) size 48x19
                  text run at (1,1) width 48: "MMM"
              RenderBlock {HR} at (1,67.53) size 71x2 [border: (1px inset #EEEEEE)]
          RenderTableRow {TR} at (0,222) size 152x68
            RenderTableCell {TD} at (2,222) size 73x68.34 [r=3 c=0 rs=1 cs=1]
              RenderBlock {NAV} at (1,1) size 71x66.34
                RenderBlock {ASIDE} at (0,0) size 71x66.34
                  RenderBlock {ARTICLE} at (0,0) size 71x66.34
                    RenderBlock {SECTION} at (0,0) size 71x66.34
                      RenderBlock {HR} at (0,0) size 71x2 [border: (1px inset #EEEEEE)]
                      RenderBlock {H1} at (0,24.17) size 71x18 [border: (1px solid #00FF00)]
                        RenderText {#text} at (1,1) size 33x15
                          text run at (1,1) width 33: "MMM"
                      RenderBlock {HR} at (0,64.34) size 71x2 [border: (1px inset #EEEEEE)]
            RenderTableCell {TD} at (77,222) size 73x68.34 [r=3 c=1 rs=1 cs=1]
              RenderBlock {HR} at (1,1) size 71x2 [border: (1px inset #EEEEEE)]
              RenderBlock {H5} at (1,25.17) size 71x18 [border: (1px solid #00FF00)]
                RenderText {#text} at (1,1) size 33x15
                  text run at (1,1) width 33: "MMM"
              RenderBlock {HR} at (1,65.34) size 71x2 [border: (1px inset #EEEEEE)]
          RenderTableRow {TR} at (0,292) size 152x71
            RenderTableCell {TD} at (2,292) size 73x70.94 [r=4 c=0 rs=1 cs=1]
              RenderBlock {SECTION} at (1,1) size 71x68.94
                RenderBlock {DIV} at (0,0) size 71x68.94
                  RenderBlock {NAV} at (0,0) size 71x68.94
                    RenderBlock {ASIDE} at (0,0) size 71x68.94
                      RenderBlock {ARTICLE} at (0,0) size 71x68.94
                        RenderBlock {SECTION} at (0,0) size 71x68.94
                          RenderBlock {HR} at (0,0) size 71x2 [border: (1px inset #EEEEEE)]
                          RenderBlock {H1} at (0,26.97) size 71x15 [border: (1px solid #00FF00)]
                            RenderText {#text} at (1,1) size 30x13
                              text run at (1,1) width 30: "MMM"
                          RenderBlock {HR} at (0,66.94) size 71x2 [border: (1px inset #EEEEEE)]
                  RenderBlock {DIV} at (0,68.94) size 71x0
            RenderTableCell {TD} at (77,292) size 73x70.94 [r=4 c=1 rs=1 cs=1]
              RenderBlock {HR} at (1,1) size 71x2 [border: (1px inset #EEEEEE)]
              RenderBlock {H6} at (1,27.97) size 71x15 [border: (1px solid #00FF00)]
                RenderText {#text} at (1,1) size 30x13
                  text run at (1,1) width 30: "MMM"
              RenderBlock {HR} at (1,67.94) size 71x2 [border: (1px inset #EEEEEE)]
      RenderTable {TABLE} at (152,36) size 365x152
        RenderTableSection {TBODY} at (0,0) size 365x152
          RenderTableRow {TR} at (0,2) size 75x152
            RenderTableCell {TD} at (2,2) size 74.81x73 [r=0 c=0 rs=1 cs=1]
              RenderBlock {SECTION} at (1,1) size 72.81x71
                RenderBlock {HR} at (0,0) size 2x71 [border: (1px inset #EEEEEE)]
                RenderBlock {H1} at (21.91,0) size 29x71 [border: (1px solid #00FF00)]
                  RenderText {#text} at (1,1) size 26x69
                    text run at (1,1) width 69: "MMM"
                RenderBlock {HR} at (70.81,0) size 2x71 [border: (1px inset #EEEEEE)]
            RenderTableCell {TD} at (2,77) size 74.81x73 [r=0 c=1 rs=1 cs=1]
              RenderBlock {HR} at (1,1) size 2x71 [border: (1px inset #EEEEEE)]
              RenderBlock {H2} at (22.91,1) size 29x71 [border: (1px solid #00FF00)]
                RenderText {#text} at (1,1) size 26x69
                  text run at (1,1) width 69: "MMM"
              RenderBlock {HR} at (71.81,1) size 2x71 [border: (1px inset #EEEEEE)]
          RenderTableRow {TR} at (0,79) size 68x152
            RenderTableCell {TD} at (79,2) size 68.44x73 [r=1 c=0 rs=1 cs=1]
              RenderBlock {ARTICLE} at (1,1) size 66.44x71
                RenderBlock {SECTION} at (0,0) size 66.44x71
                  RenderBlock {HR} at (0,0) size 2x71 [border: (1px inset #EEEEEE)]
                  RenderBlock {H1} at (20.72,0) size 25x71 [border: (1px solid #00FF00)]
                    RenderText {#text} at (1,1) size 22x54
                      text run at (1,1) width 54: "MMM"
                  RenderBlock {HR} at (64.44,0) size 2x71 [border: (1px inset #EEEEEE)]
            RenderTableCell {TD} at (79,77) size 68.44x73 [r=1 c=1 rs=1 cs=1]
              RenderBlock {HR} at (1,1) size 2x71 [border: (1px inset #EEEEEE)]
              RenderBlock {H3} at (21.72,1) size 25x71 [border: (1px solid #00FF00)]
                RenderText {#text} at (1,1) size 22x54
                  text run at (1,1) width 54: "MMM"
              RenderBlock {HR} at (65.44,1) size 2x71 [border: (1px inset #EEEEEE)]
          RenderTableRow {TR} at (0,149) size 71x152
            RenderTableCell {TD} at (149,2) size 70.53x73 [r=2 c=0 rs=1 cs=1]
              RenderBlock {NAV} at (1,1) size 68.53x71
                RenderBlock {ARTICLE} at (0,0) size 68.53x71
                  RenderBlock {SECTION} at (0,0) size 68.53x71
                    RenderBlock {HR} at (0,0) size 2x71 [border: (1px inset #EEEEEE)]
                    RenderBlock {H1} at (23.27,0) size 22x71 [border: (1px solid #00FF00)]
                      RenderText {#text} at (1,1) size 19x48
                        text run at (1,1) width 48: "MMM"
                    RenderBlock {HR} at (66.53,0) size 2x71 [border: (1px inset #EEEEEE)]
            RenderTableCell {TD} at (149,77) size 70.53x73 [r=2 c=1 rs=1 cs=1]
              RenderBlock {HR} at (1,1) size 2x71 [border: (1px inset #EEEEEE)]
              RenderBlock {H4} at (24.27,1) size 22x71 [border: (1px solid #00FF00)]
                RenderText {#text} at (1,1) size 19x48
                  text run at (1,1) width 48: "MMM"
              RenderBlock {HR} at (67.53,1) size 2x71 [border: (1px inset #EEEEEE)]
          RenderTableRow {TR} at (0,222) size 68x152
            RenderTableCell {TD} at (222,2) size 68.34x73 [r=3 c=0 rs=1 cs=1]
              RenderBlock {NAV} at (1,1) size 66.34x71
                RenderBlock {ASIDE} at (0,0) size 66.34x71
                  RenderBlock {ARTICLE} at (0,0) size 66.34x71
                    RenderBlock {SECTION} at (0,0) size 66.34x71
                      RenderBlock {HR} at (0,0) size 2x71 [border: (1px inset #EEEEEE)]
                      RenderBlock {H1} at (24.17,0) size 18x71 [border: (1px solid #00FF00)]
                        RenderText {#text} at (1,1) size 15x33
                          text run at (1,1) width 33: "MMM"
                      RenderBlock {HR} at (64.34,0) size 2x71 [border: (1px inset #EEEEEE)]
            RenderTableCell {TD} at (222,77) size 68.34x73 [r=3 c=1 rs=1 cs=1]
              RenderBlock {HR} at (1,1) size 2x71 [border: (1px inset #EEEEEE)]
              RenderBlock {H5} at (25.17,1) size 18x71 [border: (1px solid #00FF00)]
                RenderText {#text} at (1,1) size 15x33
                  text run at (1,1) width 33: "MMM"
              RenderBlock {HR} at (65.34,1) size 2x71 [border: (1px inset #EEEEEE)]
          RenderTableRow {TR} at (0,292) size 71x152
            RenderTableCell {TD} at (292,2) size 70.94x73 [r=4 c=0 rs=1 cs=1]
              RenderBlock {SECTION} at (1,1) size 68.94x71
                RenderBlock {DIV} at (0,0) size 68.94x71
                  RenderBlock {NAV} at (0,0) size 68.94x71
                    RenderBlock {ASIDE} at (0,0) size 68.94x71
                      RenderBlock {ARTICLE} at (0,0) size 68.94x71
                        RenderBlock {SECTION} at (0,0) size 68.94x71
                          RenderBlock {HR} at (0,0) size 2x71 [border: (1px inset #EEEEEE)]
                          RenderBlock {H1} at (26.97,0) size 15x71 [border: (1px solid #00FF00)]
                            RenderText {#text} at (1,1) size 13x30
                              text run at (1,1) width 30: "MMM"
                          RenderBlock {HR} at (66.94,0) size 2x71 [border: (1px inset #EEEEEE)]
                  RenderBlock {DIV} at (68.94,0) size 0x71
            RenderTableCell {TD} at (292,77) size 70.94x73 [r=4 c=1 rs=1 cs=1]
              RenderBlock {HR} at (1,1) size 2x71 [border: (1px inset #EEEEEE)]
              RenderBlock {H6} at (27.97,1) size 15x71 [border: (1px solid #00FF00)]
                RenderText {#text} at (1,1) size 13x30
                  text run at (1,1) width 30: "MMM"
              RenderBlock {HR} at (67.94,1) size 2x71 [border: (1px inset #EEEEEE)]
