layer at (0,0) size 800x600
  RenderView at (0,0) size 800x600
layer at (0,0) size 800x600
  RenderBlock {HTML} at (0,0) size 800x600
    RenderBody {BODY} at (8,8) size 784x584
      RenderSVGRoot {svg} at (8,98) size 0x0
        RenderSVGHiddenContainer {defs} at (0,0) size 0x0
          RenderSVGResourceFilter {filter} [id="f1"] [filterUnits=objectBoundingBox] [primitiveUnits=userSpaceOnUse]
            [feColorMatrix type="HUEROTATE" values="180.00"]
              [SourceGraphic]
          RenderSVGResourceFilter {filter} [id="f2"] [filterUnits=objectBoundingBox] [primitiveUnits=userSpaceOnUse]
            [feColorMatrix type="HUEROTATE" values="180.00"]
              [SourceGraphic]
          RenderSVGResourceFilter {filter} [id="f3"] [filterUnits=objectBoundingBox] [primitiveUnits=userSpaceOnUse]
            [feColorMatrix type="HUEROTATE" values="180.00"]
              [SourceGraphic]
          RenderSVGResourceFilter {filter} [id="f4"] [filterUnits=objectBoundingBox] [primitiveUnits=userSpaceOnUse]
            [feColorMatrix type="HUEROTATE" values="180.00"]
              [SourceGraphic]
      RenderText {#text} at (0,75) size 4x19
        text run at (0,75) width 4: " "
      RenderText {#text} at (164,75) size 4x19
        text run at (164,75) width 4: " "
      RenderText {#text} at (328,75) size 4x19
        text run at (328,75) width 4: " "
      RenderText {#text} at (492,75) size 4x19
        text run at (492,75) width 4: " "
      RenderText {#text} at (0,0) size 0x0
layer at (12,8) size 160x90
  RenderImage {IMG} at (4,0) size 160x90
layer at (176,8) size 160x90
  RenderImage {IMG} at (168,0) size 160x90
layer at (340,8) size 160x90
  RenderImage {IMG} at (332,0) size 160x90
layer at (504,8) size 160x90
  RenderImage {IMG} at (496,0) size 160x90
