layer at (0,0) size 800x600
  RenderView at (0,0) size 800x600
layer at (0,0) size 800x491
  RenderBlock {HTML} at (0,0) size 800x491
    RenderBody {BODY} at (8,8) size 784x475
      RenderBlock {DIV} at (0,0) size 784x69
        RenderText {#text} at (0,28) size 73x16
          text run at (0,28) width 73: "before text "
        RenderBlock {DIV} at (72.84,0) size 74.42x69 [bgcolor=#D3D3D3] [border: (11px solid #FFC0CB)]
          RenderFlexibleBox {DIV} at (11,18) size 52.42x40
            RenderBlock (anonymous) at (0,10) size 52.42x30
              RenderText {#text} at (0,0) size 53x16
                text run at (0,0) width 53: "baseline"
        RenderText {#text} at (147,28) size 62x16
          text run at (147,28) width 62: " after text"
      RenderBlock {DIV} at (0,69) size 784x114
        RenderText {#text} at (0,70) size 86x16
          text run at (0,70) width 86: "Should align "
        RenderBlock {DIV} at (85.33,8) size 98x98 [border: (11px solid #FFC0CB)]
          RenderFlexibleBox {DIV} at (11,11) size 76x76 [bgcolor=#FFC0CB]
            RenderBlock {DIV} at (13,13) size 50x50 [bgcolor=#D3D3D3]
        RenderText {#text} at (183,70) size 61x16
          text run at (183,70) width 61: " with the "
        RenderBlock {DIV} at (243.33,21) size 72x72
          RenderFlexibleBox {DIV} at (0,0) size 72x72 [bgcolor=#FFC0CB] [border: (11px solid #FFC0CB)]
            RenderBlock {DIV} at (11,11) size 50x50 [bgcolor=#D3D3D3]
        RenderText {#text} at (315,70) size 71x16
          text run at (315,70) width 71: " bottom of "
        RenderBlock {DIV} at (385.98,0) size 72x114
          RenderFlexibleBox {DIV} at (0,21) size 72x72 [bgcolor=#FFC0CB] [border: (11px solid #FFC0CB)]
            RenderBlock {DIV} at (11,11) size 50x50 [bgcolor=#D3D3D3]
        RenderText {#text} at (457,70) size 61x16
          text run at (457,70) width 61: " the grey "
        RenderFlexibleBox {DIV} at (517.97,41) size 52x52 [bgcolor=#D3D3D3] [border: (11px solid #FFC0CB)]
        RenderText {#text} at (569,70) size 33x16
          text run at (569,70) width 33: " box."
      RenderBlock {DIV} at (0,183) size 784x64
        RenderText {#text} at (0,20) size 142x16
          text run at (0,20) width 142: "Should align with the "
        RenderBlock {DIV} at (141.33,0) size 48x64
          RenderFlexibleBox {DIV} at (0,0) size 48x64 [bgcolor=#FFC0CB]
            RenderBlock {DIV} at (0,8) size 48x48 [bgcolor=#D3D3D3] [border: (11px solid #FFC0CB)]
        RenderText {#text} at (189,20) size 71x16
          text run at (189,20) width 71: " middle of "
        RenderFlexibleBox {DIV} at (259.09,8) size 48x48 [bgcolor=#D3D3D3] [border: (11px solid #FFC0CB)]
        RenderText {#text} at (307,20) size 89x16
          text run at (307,20) width 89: " the grey box."
      RenderBlock {DIV} at (0,247) size 784x178
        RenderText {#text} at (0,87) size 166x16
          text run at (0,87) width 166: "Should align with the top "
        RenderBlock {DIV} at (165.77,8) size 146x162 [bgcolor=#FFC0CB] [border: (11px solid #FFC0CB)]
          RenderFlexibleBox {DIV} at (24,32) size 98x98 [border: (11px solid #FFC0CB)]
        RenderText {#text} at (311,87) size 175x16
          text run at (311,87) width 175: " of the horizontal scrollbar."
      RenderBlock {DIV} at (0,425) size 784x50
        RenderText {#text} at (0,13) size 188x16
          text run at (0,13) width 188: "Should align 10px above the "
        RenderBlock {DIV} at (187.08,0) size 50x50 [bgcolor=#FFC0CB]
          RenderFlexibleBox {DIV} at (0,0) size 50x50
        RenderText {#text} at (237,13) size 240x16
          text run at (237,13) width 240: " horizontal scrollbar, if one is visible."
layer at (222,323) size 50x46 clip at (222,332) size 35x22
  RenderBlock {DIV} at (24,28) size 50x46 [bgcolor=#D3D3D3] [border: (9px solid #FFC0CB) none]
layer at (195,433) size 50x50 clip at (195,433) size 35x35
  RenderBlock {DIV} at (0,0) size 50x50 [bgcolor=#D3D3D3]
