layer at (0,0) size 800x600
  RenderView at (0,0) size 800x600
layer at (0,0) size 800x593
  RenderBlock {HTML} at (0,0) size 800x593
    RenderBody {BODY} at (0,0) size 800x336
      RenderBlock {DIV} at (0,0) size 800x336
        RenderText {#text} at (0,1) size 790x334
          text run at (0,1) width 790: "This test verifies that FastTextAutosizer considers"
          text run at (0,49) width 702: "a list item (LI) to be \"text\" for the purpose of"
          text run at (0,97) width 769: "determining the deepest block containing all text"
          text run at (0,145) width 761: "(DBCAT). If this were not the case, the cluster's"
          text run at (0,193) width 755: "DBCAT would be the DIV inside the LI, which"
          text run at (0,241) width 752: "hasn't entered layout yet when the list marker is"
          text run at (0,289) width 661: "autosized (causing the autosizer to crash)."
      RenderBlock (floating) {UL} at (0,352) size 800x225
        RenderListItem {LI} at (40,0) size 760x225
          RenderBlock {DIV} at (0,0) size 760x225
            RenderListMarker at (-30,1) size 13x43: bullet
            RenderText {#text} at (0,1) size 748x223
              text run at (0,1) width 739: "List item list item list item list item list item list"
              text run at (0,46) width 748: "item list item list item list item list item list item"
              text run at (0,91) width 728: "list item list item list item list item list item list"
              text run at (0,136) width 748: "item list item list item list item list item list item"
              text run at (0,181) width 126: "list item"
