layer at (0,0) size 800x600
  RenderView at (0,0) size 800x600
layer at (0,0) size 800x346
  RenderBlock {html} at (0,0) size 800x346.44
    RenderBody {body} at (5.55,11.11) size 788.91x324.22
      RenderBlock {p} at (0,0) size 788.91x11
        RenderText {#text} at (0,0) size 86x11
          text run at (0,0) width 86: "Text above the rect"
      RenderBlock (anonymous) at (0,22.11) size 788.91x280
        RenderText {#text} at (0,0) size 0x0
      RenderBlock {p} at (0,313.22) size 788.91x11
        RenderText {#text} at (0,0) size 87x11
          text run at (0,0) width 87: "Text below the rect"
layer at (6,33) size 278x278
  RenderEmbeddedObject {object} at (0,0) size 277.77x277.77
    layer at (0,0) size 278x278
      RenderView at (0,0) size 278x278
    layer at (0,0) size 278x278
      RenderSVGRoot {svg} at (0,0) size 278x278
        RenderSVGRect {rect} at (0,0) size 278x278 [stroke={[type=SOLID] [color=#008000] [stroke width=5.00]}] [fill={[type=SOLID] [color=#0000FF]}] [x=0.00] [y=0.00] [width=100.00] [height=100.00]
