layer at (0,0) size 800x600
  RenderView at (0,0) size 800x600
layer at (0,0) size 800x329
  RenderBlock {HTML} at (0,0) size 800x329.09
    RenderBody {BODY} at (5.55,5.55) size 788.91x318
      RenderTable {TABLE} at (0,0) size 462x318
        RenderTableSection {TBODY} at (0,0) size 462x318
          RenderTableRow {TR} at (0,1) size 462x12
            RenderTableCell {TH} at (1,1) size 64x12 [bgcolor=#DDDD99] [r=0 c=0 rs=1 cs=1]
              RenderText {#text} at (6,0) size 52x12
                text run at (6,0) width 52: "viewBox?"
            RenderTableCell {TH} at (66,1) size 113x12 [bgcolor=#DDDD99] [r=0 c=1 rs=1 cs=1]
              RenderText {#text} at (0,0) size 113x12
                text run at (0,0) width 113: "preserve\x{AD}Aspect\x{AD}Ratio"
            RenderTableCell {TH} at (180,1) size 140x12 [bgcolor=#DDDD99] [r=0 c=2 rs=1 cs=1]
              RenderText {#text} at (53,0) size 34x12
                text run at (53,0) width 34: "<img>"
            RenderTableCell {TH} at (321,1) size 140x12 [bgcolor=#DDDD99] [r=0 c=3 rs=1 cs=1]
              RenderText {#text} at (47,0) size 46x12
                text run at (47,0) width 46: "<object>"
          RenderTableRow {TR} at (0,14) size 462x37
            RenderTableCell {TH} at (1,83) size 64x12 [bgcolor=#DDDD99] [r=1 c=0 rs=4 cs=1]
              RenderText {#text} at (0,0) size 64x12
                text run at (0,0) width 64: "No viewBox"
            RenderTableCell {TH} at (66,32) size 113x0 [bgcolor=#DDDD99] [r=1 c=1 rs=1 cs=1]
            RenderTableCell {TD} at (180,14) size 140x37 [r=1 c=2 rs=1 cs=1]
              RenderImage {IMG} at (0,0) size 138.88x34.72 [border: (1px dashed #800000)]
              RenderText {#text} at (0,0) size 0x0
            RenderTableCell {TD} at (321,14) size 140x37 [r=1 c=3 rs=1 cs=1]
              RenderText {#text} at (0,0) size 0x0
          RenderTableRow {TR} at (0,52) size 462x37
            RenderTableCell {TH} at (66,64) size 113x12 [bgcolor=#DDDD99] [r=2 c=1 rs=1 cs=1]
              RenderText {#text} at (43,0) size 27x12
                text run at (43,0) width 27: "none"
            RenderTableCell {TD} at (180,52) size 140x37 [r=2 c=2 rs=1 cs=1]
              RenderImage {IMG} at (0,0) size 138.88x34.72 [border: (1px dashed #800000)]
              RenderText {#text} at (0,0) size 0x0
            RenderTableCell {TD} at (321,52) size 140x37 [r=2 c=3 rs=1 cs=1]
              RenderText {#text} at (0,0) size 0x0
          RenderTableRow {TR} at (0,90) size 462x37
            RenderTableCell {TH} at (66,102) size 113x12 [bgcolor=#DDDD99] [r=3 c=1 rs=1 cs=1]
              RenderText {#text} at (43,0) size 27x12
                text run at (43,0) width 27: "meet"
            RenderTableCell {TD} at (180,90) size 140x37 [r=3 c=2 rs=1 cs=1]
              RenderImage {IMG} at (0,0) size 138.88x34.72 [border: (1px dashed #800000)]
              RenderText {#text} at (0,0) size 0x0
            RenderTableCell {TD} at (321,90) size 140x37 [r=3 c=3 rs=1 cs=1]
              RenderText {#text} at (0,0) size 0x0
          RenderTableRow {TR} at (0,128) size 462x37
            RenderTableCell {TH} at (66,140) size 113x12 [bgcolor=#DDDD99] [r=4 c=1 rs=1 cs=1]
              RenderText {#text} at (44,0) size 25x12
                text run at (44,0) width 25: "slice"
            RenderTableCell {TD} at (180,128) size 140x37 [r=4 c=2 rs=1 cs=1]
              RenderImage {IMG} at (0,0) size 138.88x34.72 [border: (1px dashed #800000)]
              RenderText {#text} at (0,0) size 0x0
            RenderTableCell {TD} at (321,128) size 140x37 [r=4 c=3 rs=1 cs=1]
              RenderText {#text} at (0,0) size 0x0
          RenderTableRow {TR} at (0,166) size 462x37
            RenderTableCell {TH} at (1,235) size 64x12 [bgcolor=#DDDD99] [r=5 c=0 rs=4 cs=1]
              RenderText {#text} at (9,0) size 46x12
                text run at (9,0) width 46: "viewBox"
            RenderTableCell {TH} at (66,184) size 113x0 [bgcolor=#DDDD99] [r=5 c=1 rs=1 cs=1]
            RenderTableCell {TD} at (180,166) size 140x37 [r=5 c=2 rs=1 cs=1]
              RenderImage {IMG} at (0,0) size 138.88x34.72 [border: (1px dashed #800000)]
              RenderText {#text} at (0,0) size 0x0
            RenderTableCell {TD} at (321,166) size 140x37 [r=5 c=3 rs=1 cs=1]
              RenderText {#text} at (0,0) size 0x0
          RenderTableRow {TR} at (0,204) size 462x37
            RenderTableCell {TH} at (66,216) size 113x12 [bgcolor=#DDDD99] [r=6 c=1 rs=1 cs=1]
              RenderText {#text} at (43,0) size 27x12
                text run at (43,0) width 27: "none"
            RenderTableCell {TD} at (180,204) size 140x37 [r=6 c=2 rs=1 cs=1]
              RenderImage {IMG} at (0,0) size 138.88x34.72 [border: (1px dashed #800000)]
              RenderText {#text} at (0,0) size 0x0
            RenderTableCell {TD} at (321,204) size 140x37 [r=6 c=3 rs=1 cs=1]
              RenderText {#text} at (0,0) size 0x0
          RenderTableRow {TR} at (0,242) size 462x37
            RenderTableCell {TH} at (66,254) size 113x12 [bgcolor=#DDDD99] [r=7 c=1 rs=1 cs=1]
              RenderText {#text} at (43,0) size 27x12
                text run at (43,0) width 27: "meet"
            RenderTableCell {TD} at (180,242) size 140x37 [r=7 c=2 rs=1 cs=1]
              RenderImage {IMG} at (0,0) size 138.88x34.72 [border: (1px dashed #800000)]
              RenderText {#text} at (0,0) size 0x0
            RenderTableCell {TD} at (321,242) size 140x37 [r=7 c=3 rs=1 cs=1]
              RenderText {#text} at (0,0) size 0x0
          RenderTableRow {TR} at (0,280) size 462x37
            RenderTableCell {TH} at (66,292) size 113x12 [bgcolor=#DDDD99] [r=8 c=1 rs=1 cs=1]
              RenderText {#text} at (44,0) size 25x12
                text run at (44,0) width 25: "slice"
            RenderTableCell {TD} at (180,280) size 140x37 [r=8 c=2 rs=1 cs=1]
              RenderImage {IMG} at (0,0) size 138.88x34.72 [border: (1px dashed #800000)]
              RenderText {#text} at (0,0) size 0x0
            RenderTableCell {TD} at (321,280) size 140x37 [r=8 c=3 rs=1 cs=1]
              RenderText {#text} at (0,0) size 0x0
layer at (327,20) size 139x35
  RenderEmbeddedObject {OBJECT} at (0,0) size 138.88x34.72 [border: (1px dashed #008000)]
    layer at (0,0) size 133x29
      RenderView at (0,0) size 133x29
    layer at (0,0) size 133x29
      RenderSVGRoot {svg} at (0,0) size 133x29
        RenderSVGEllipse {circle} at (0,0) size 133x29 [stroke={[type=SOLID] [color=#000000]}] [fill={[type=SOLID] [color=#D9BB7A] [fill rule=EVEN-ODD]}] [cx=110.00] [cy=110.00] [r=110.00]
layer at (327,58) size 139x35
  RenderEmbeddedObject {OBJECT} at (0,0) size 138.88x34.72 [border: (1px dashed #008000)]
    layer at (0,0) size 133x29
      RenderView at (0,0) size 133x29
    layer at (0,0) size 133x29
      RenderSVGRoot {svg} at (0,0) size 133x29
        RenderSVGHiddenContainer {defs} at (0,0) size 0x0
        RenderSVGContainer {g} at (0,0) size 133x29 [transform={m=((1.00,0.00)(0.00,1.00)) t=(-162.36,-403.29)}]
          RenderSVGPath {path} at (0,0) size 133x29 [stroke={[type=SOLID] [color=#000000]}] [fill={[type=SOLID] [color=#D9BB7A] [fill rule=EVEN-ODD]}] [data="M 525.714 585.219 C 525.714 685.419 444.486 766.648 344.286 766.648 C 244.085 766.648 162.857 685.42 162.857 585.219 C 162.857 485.019 244.085 403.791 344.286 403.791 C 444.486 403.791 525.714 485.019 525.714 585.219 Z"]
layer at (327,96) size 139x35
  RenderEmbeddedObject {OBJECT} at (0,0) size 138.88x34.72 [border: (1px dashed #008000)]
    layer at (0,0) size 133x29
      RenderView at (0,0) size 133x29
    layer at (0,0) size 133x29
      RenderSVGRoot {svg} at (0,0) size 133x29
        RenderSVGHiddenContainer {defs} at (0,0) size 0x0
        RenderSVGContainer {g} at (0,0) size 133x29 [transform={m=((1.00,0.00)(0.00,1.00)) t=(-162.36,-403.29)}]
          RenderSVGPath {path} at (0,0) size 133x29 [stroke={[type=SOLID] [color=#000000]}] [fill={[type=SOLID] [color=#D9BB7A] [fill rule=EVEN-ODD]}] [data="M 525.714 585.219 C 525.714 685.419 444.486 766.648 344.286 766.648 C 244.085 766.648 162.857 685.42 162.857 585.219 C 162.857 485.019 244.085 403.791 344.286 403.791 C 444.486 403.791 525.714 485.019 525.714 585.219 Z"]
layer at (327,134) size 139x35
  RenderEmbeddedObject {OBJECT} at (0,0) size 138.88x34.72 [border: (1px dashed #008000)]
    layer at (0,0) size 133x29
      RenderView at (0,0) size 133x29
    layer at (0,0) size 133x29
      RenderSVGRoot {svg} at (0,0) size 133x29
        RenderSVGHiddenContainer {defs} at (0,0) size 0x0
        RenderSVGContainer {g} at (0,0) size 133x29 [transform={m=((1.00,0.00)(0.00,1.00)) t=(-162.36,-403.29)}]
          RenderSVGPath {path} at (0,0) size 133x29 [stroke={[type=SOLID] [color=#000000]}] [fill={[type=SOLID] [color=#D9BB7A] [fill rule=EVEN-ODD]}] [data="M 525.714 585.219 C 525.714 685.419 444.486 766.648 344.286 766.648 C 244.085 766.648 162.857 685.42 162.857 585.219 C 162.857 485.019 244.085 403.791 344.286 403.791 C 444.486 403.791 525.714 485.019 525.714 585.219 Z"]
layer at (327,172) size 139x35
  RenderEmbeddedObject {OBJECT} at (0,0) size 138.88x34.72 [border: (1px dashed #008000)]
    layer at (0,0) size 133x29
      RenderView at (0,0) size 133x29
    layer at (0,0) size 133x29
      RenderSVGRoot {svg} at (52,0) size 22x22
        RenderSVGHiddenContainer {defs} at (0,0) size 0x0
        RenderSVGContainer {g} at (52,0) size 22x22 [transform={m=((1.00,0.00)(0.00,1.00)) t=(-162.36,-403.29)}]
          RenderSVGPath {path} at (52,0) size 22x22 [stroke={[type=SOLID] [color=#000000]}] [fill={[type=SOLID] [color=#D9BB7A] [fill rule=EVEN-ODD]}] [data="M 525.714 585.219 C 525.714 685.419 444.486 766.648 344.286 766.648 C 244.085 766.648 162.857 685.42 162.857 585.219 C 162.857 485.019 244.085 403.791 344.286 403.791 C 444.486 403.791 525.714 485.019 525.714 585.219 Z"]
layer at (327,210) size 139x35
  RenderEmbeddedObject {OBJECT} at (0,0) size 138.88x34.72 [border: (1px dashed #008000)]
    layer at (0,0) size 133x29
      RenderView at (0,0) size 133x29
    layer at (0,0) size 133x29
      RenderSVGRoot {svg} at (0,0) size 97x22
        RenderSVGHiddenContainer {defs} at (0,0) size 0x0
        RenderSVGContainer {g} at (0,0) size 97x22 [transform={m=((1.00,0.00)(0.00,1.00)) t=(-162.36,-403.29)}]
          RenderSVGPath {path} at (0,0) size 97x22 [stroke={[type=SOLID] [color=#000000]}] [fill={[type=SOLID] [color=#D9BB7A] [fill rule=EVEN-ODD]}] [data="M 525.714 585.219 C 525.714 685.419 444.486 766.648 344.286 766.648 C 244.085 766.648 162.857 685.42 162.857 585.219 C 162.857 485.019 244.085 403.791 344.286 403.791 C 444.486 403.791 525.714 485.019 525.714 585.219 Z"]
layer at (327,248) size 139x35
  RenderEmbeddedObject {OBJECT} at (0,0) size 138.88x34.72 [border: (1px dashed #008000)]
    layer at (0,0) size 133x29
      RenderView at (0,0) size 133x29
    layer at (0,0) size 133x29
      RenderSVGRoot {svg} at (52,0) size 22x22
        RenderSVGHiddenContainer {defs} at (0,0) size 0x0
        RenderSVGContainer {g} at (52,0) size 22x22 [transform={m=((1.00,0.00)(0.00,1.00)) t=(-162.36,-403.29)}]
          RenderSVGPath {path} at (52,0) size 22x22 [stroke={[type=SOLID] [color=#000000]}] [fill={[type=SOLID] [color=#D9BB7A] [fill rule=EVEN-ODD]}] [data="M 525.714 585.219 C 525.714 685.419 444.486 766.648 344.286 766.648 C 244.085 766.648 162.857 685.42 162.857 585.219 C 162.857 485.019 244.085 403.791 344.286 403.791 C 444.486 403.791 525.714 485.019 525.714 585.219 Z"]
layer at (327,286) size 139x35
  RenderEmbeddedObject {OBJECT} at (0,0) size 138.88x34.72 [border: (1px dashed #008000)]
    layer at (0,0) size 133x29
      RenderView at (0,0) size 133x29
    layer at (0,0) size 133x29
      RenderSVGRoot {svg} at (0,0) size 97x29
        RenderSVGHiddenContainer {defs} at (0,0) size 0x0
        RenderSVGContainer {g} at (0,0) size 97x29 [transform={m=((1.00,0.00)(0.00,1.00)) t=(-162.36,-403.29)}]
          RenderSVGPath {path} at (0,0) size 97x29 [stroke={[type=SOLID] [color=#000000]}] [fill={[type=SOLID] [color=#D9BB7A] [fill rule=EVEN-ODD]}] [data="M 525.714 585.219 C 525.714 685.419 444.486 766.648 344.286 766.648 C 244.085 766.648 162.857 685.42 162.857 585.219 C 162.857 485.019 244.085 403.791 344.286 403.791 C 444.486 403.791 525.714 485.019 525.714 585.219 Z"]
