layer at (0,0) size 800x600
  RenderView at (0,0) size 800x600
layer at (0,0) size 800x431
  RenderBlock {html} at (0,0) size 800x431.36
    RenderBody {body} at (11.52,14.39) size 776.97x402.58
      RenderBlock {p} at (0,0) size 776.97x23 [color=#000080]
        RenderText {#text} at (0,0) size 662x23
          text run at (0,0) width 662: "The word \"TEST \" should appear twice below, the same size each time."
      RenderBlock (anonymous) at (0,37.39) size 776.97x178
        RenderSVGRoot {svg} at (11,51) size 577x174
          RenderSVGRect {rect} at (11,51) size 577x174 [transform={m=((10.00,0.00)(0.00,10.00)) t=(0.00,0.00)}] [fill={[type=SOLID] [color=#EEEEEE]}] [x=0.00] [y=0.00] [width=60.00] [height=12.00]
          RenderSVGForeignObject {foreignObject} at (0,0) size 60x10
            RenderBlock {div} at (0,0) size 60x11 [color=#000080]
              RenderText {#text} at (0,0) size 24x11
                text run at (0,0) width 24: "TEST"
        RenderText {#text} at (0,0) size 0x0
      RenderBlock {div} at (0,229.78) size 576x172.80 [color=#000080] [bgcolor=#EEEEEE]
        RenderText {#text} at (0,0) size 344x144
          text run at (0,0) width 344: "TEST"
