layer at (0,0) size 800x600
  RenderView at (0,0) size 800x600
layer at (0,0) size 800x600
  RenderBlock {HTML} at (0,0) size 800x600
    RenderBody {BODY} at (8,8) size 784x584
      RenderText {#text} at (0,0) size 16x17
        text run at (0,0) width 16: "A "
      RenderText {#text} at (15,0) size 12x17
        text run at (15,0) width 12: "C"
hidden layer at (24,8) size 10x18
  RenderBlock (positioned) {SPAN} at (23.56,8) size 10.67x18
    RenderText {#text} at (0,0) size 11x17
      text run at (0,0) width 11: "B"
