layer at (0,0) size 800x600
  RenderView at (0,0) size 800x600
layer at (0,0) size 800x600
  RenderBlock {HTML} at (0,0) size 800x600
    RenderBody {BODY} at (8,8) size 784x584
      RenderFieldSet {FIELDSET} at (2,0) size 780x361.59 [border: (2px groove #C0C0C0)]
        RenderBlock {DIV} at (14,7.59) size 752x342
          RenderInline {DIV} at (0,0) size 125x17
            RenderInline {DIV} at (0,0) size 125x17
              RenderText {#text} at (0,0) size 0x0
              RenderInline {A} at (0,0) size 50x17 [color=#0000EE]
                RenderImage {IMG} at (0,0) size 50x34
              RenderText {#text} at (50,20) size 4x17
                text run at (50,20) width 4: " "
              RenderBlock {INPUT} at (58,21) size 13x13
              RenderInline {LABEL} at (0,0) size 47x17
                RenderText {#text} at (74,20) size 47x17
                  text run at (74,20) width 47: "Classic"
              RenderText {#text} at (120,20) size 5x17
                text run at (120,20) width 5: " "
          RenderText {#text} at (0,0) size 0x0
          RenderInline {DIV} at (0,0) size 120x17
            RenderInline {DIV} at (0,0) size 120x17
              RenderText {#text} at (0,0) size 0x0
              RenderInline {A} at (0,0) size 51x17 [color=#0000EE]
                RenderImage {IMG} at (124.22,0) size 50x34
              RenderText {#text} at (174,20) size 5x17
                text run at (174,20) width 5: " "
              RenderBlock {INPUT} at (182.22,21) size 13x13
              RenderInline {LABEL} at (0,0) size 42x17
                RenderText {#text} at (198,20) size 42x17
                  text run at (198,20) width 42: "Africa"
              RenderText {#text} at (239,20) size 5x17
                text run at (239,20) width 5: " "
          RenderText {#text} at (0,0) size 0x0
          RenderInline {DIV} at (0,0) size 205x17
            RenderInline {DIV} at (0,0) size 205x17
              RenderText {#text} at (0,0) size 0x0
              RenderInline {A} at (0,0) size 51x17 [color=#0000EE]
                RenderImage {IMG} at (243.08,0) size 50x34
              RenderText {#text} at (293,20) size 5x17
                text run at (293,20) width 5: " "
              RenderBlock {INPUT} at (301.08,21) size 13x13
              RenderInline {LABEL} at (0,0) size 127x17
                RenderText {#text} at (317,20) size 127x17
                  text run at (317,20) width 127: "Alexander's Empire"
              RenderText {#text} at (443,20) size 5x17
                text run at (443,20) width 5: " "
          RenderText {#text} at (0,0) size 0x0
          RenderInline {DIV} at (0,0) size 179x17
            RenderInline {DIV} at (0,0) size 179x17
              RenderText {#text} at (0,0) size 0x0
              RenderInline {A} at (0,0) size 51x17 [color=#0000EE]
                RenderImage {IMG} at (447.91,0) size 50x34
              RenderText {#text} at (497,20) size 5x17
                text run at (497,20) width 5: " "
              RenderBlock {INPUT} at (505.91,21) size 13x13
              RenderInline {LABEL} at (0,0) size 101x17
                RenderText {#text} at (521,20) size 101x17
                  text run at (521,20) width 101: "Ancient Greece"
              RenderText {#text} at (621,20) size 5x17
                text run at (621,20) width 5: " "
          RenderText {#text} at (0,0) size 0x0
          RenderInline {DIV} at (0,0) size 122x17
            RenderInline {DIV} at (0,0) size 122x17
              RenderText {#text} at (0,0) size 0x0
              RenderInline {A} at (0,0) size 51x17 [color=#0000EE]
                RenderImage {IMG} at (625.84,0) size 50x34
              RenderText {#text} at (675,20) size 5x17
                text run at (675,20) width 5: " "
              RenderBlock {INPUT} at (683.84,21) size 13x13
              RenderInline {LABEL} at (0,0) size 48x17
                RenderText {#text} at (699,20) size 48x17
                  text run at (699,20) width 48: "Classic"
              RenderText {#text} at (0,0) size 0x0
          RenderText {#text} at (0,0) size 0x0
          RenderInline {DIV} at (0,0) size 119x17
            RenderInline {DIV} at (0,0) size 119x17
              RenderText {#text} at (0,0) size 0x0
              RenderInline {A} at (0,0) size 50x17 [color=#0000EE]
                RenderImage {IMG} at (0,38) size 50x34
              RenderText {#text} at (50,58) size 4x17
                text run at (50,58) width 4: " "
              RenderBlock {INPUT} at (58,59) size 13x13
              RenderInline {LABEL} at (0,0) size 41x17
                RenderText {#text} at (74,58) size 41x17
                  text run at (74,58) width 41: "Africa"
              RenderText {#text} at (114,58) size 5x17
                text run at (114,58) width 5: " "
          RenderText {#text} at (0,0) size 0x0
          RenderInline {DIV} at (0,0) size 206x17
            RenderInline {DIV} at (0,0) size 206x17
              RenderText {#text} at (0,0) size 0x0
              RenderInline {A} at (0,0) size 51x17 [color=#0000EE]
                RenderImage {IMG} at (118.86,38) size 50x34
              RenderText {#text} at (168,58) size 5x17
                text run at (168,58) width 5: " "
              RenderBlock {INPUT} at (176.86,59) size 13x13
              RenderInline {LABEL} at (0,0) size 128x17
                RenderText {#text} at (192,58) size 128x17
                  text run at (192,58) width 128: "Alexander's Empire"
              RenderText {#text} at (319,58) size 5x17
                text run at (319,58) width 5: " "
          RenderText {#text} at (0,0) size 0x0
          RenderInline {DIV} at (0,0) size 179x17
            RenderInline {DIV} at (0,0) size 179x17
              RenderText {#text} at (0,0) size 0x0
              RenderInline {A} at (0,0) size 51x17 [color=#0000EE]
                RenderImage {IMG} at (323.69,38) size 50x34
              RenderText {#text} at (373,58) size 5x17
                text run at (373,58) width 5: " "
              RenderBlock {INPUT} at (381.69,59) size 13x13
              RenderInline {LABEL} at (0,0) size 101x17
                RenderText {#text} at (397,58) size 101x17
                  text run at (397,58) width 101: "Ancient Greece"
              RenderText {#text} at (497,58) size 5x17
                text run at (497,58) width 5: " "
          RenderText {#text} at (0,0) size 0x0
          RenderInline {DIV} at (0,0) size 125x17
            RenderInline {DIV} at (0,0) size 125x17
              RenderText {#text} at (0,0) size 0x0
              RenderInline {A} at (0,0) size 51x17 [color=#0000EE]
                RenderImage {IMG} at (501.63,38) size 50x34
              RenderText {#text} at (551,58) size 5x17
                text run at (551,58) width 5: " "
              RenderBlock {INPUT} at (559.63,59) size 13x13
              RenderInline {LABEL} at (0,0) size 47x17
                RenderText {#text} at (575,58) size 47x17
                  text run at (575,58) width 47: "Classic"
              RenderText {#text} at (621,58) size 5x17
                text run at (621,58) width 5: " "
          RenderText {#text} at (0,0) size 0x0
          RenderInline {DIV} at (0,0) size 116x17
            RenderInline {DIV} at (0,0) size 116x17
              RenderText {#text} at (0,0) size 0x0
              RenderInline {A} at (0,0) size 51x17 [color=#0000EE]
                RenderImage {IMG} at (625.84,38) size 50x34
              RenderText {#text} at (675,58) size 5x17
                text run at (675,58) width 5: " "
              RenderBlock {INPUT} at (683.84,59) size 13x13
              RenderInline {LABEL} at (0,0) size 42x17
                RenderText {#text} at (699,58) size 42x17
                  text run at (699,58) width 42: "Africa"
              RenderText {#text} at (0,0) size 0x0
          RenderText {#text} at (0,0) size 0x0
          RenderInline {DIV} at (0,0) size 205x17
            RenderInline {DIV} at (0,0) size 205x17
              RenderText {#text} at (0,0) size 0x0
              RenderInline {A} at (0,0) size 50x17 [color=#0000EE]
                RenderImage {IMG} at (0,76) size 50x34
              RenderText {#text} at (50,96) size 4x17
                text run at (50,96) width 4: " "
              RenderBlock {INPUT} at (58,97) size 13x13
              RenderInline {LABEL} at (0,0) size 127x17
                RenderText {#text} at (74,96) size 127x17
                  text run at (74,96) width 127: "Alexander's Empire"
              RenderText {#text} at (200,96) size 5x17
                text run at (200,96) width 5: " "
          RenderText {#text} at (0,0) size 0x0
          RenderInline {DIV} at (0,0) size 179x17
            RenderInline {DIV} at (0,0) size 179x17
              RenderText {#text} at (0,0) size 0x0
              RenderInline {A} at (0,0) size 51x17 [color=#0000EE]
                RenderImage {IMG} at (204.83,76) size 50x34
              RenderText {#text} at (254,96) size 5x17
                text run at (254,96) width 5: " "
              RenderBlock {INPUT} at (262.83,97) size 13x13
              RenderInline {LABEL} at (0,0) size 101x17
                RenderText {#text} at (278,96) size 101x17
                  text run at (278,96) width 101: "Ancient Greece"
              RenderText {#text} at (378,96) size 5x17
                text run at (378,96) width 5: " "
          RenderText {#text} at (0,0) size 0x0
          RenderInline {DIV} at (0,0) size 125x17
            RenderInline {DIV} at (0,0) size 125x17
              RenderText {#text} at (0,0) size 0x0
              RenderInline {A} at (0,0) size 51x17 [color=#0000EE]
                RenderImage {IMG} at (382.77,76) size 50x34
              RenderText {#text} at (432,96) size 5x17
                text run at (432,96) width 5: " "
              RenderBlock {INPUT} at (440.77,97) size 13x13
              RenderInline {LABEL} at (0,0) size 47x17
                RenderText {#text} at (456,96) size 47x17
                  text run at (456,96) width 47: "Classic"
              RenderText {#text} at (502,96) size 5x17
                text run at (502,96) width 5: " "
          RenderText {#text} at (0,0) size 0x0
          RenderInline {DIV} at (0,0) size 116x17
            RenderInline {DIV} at (0,0) size 116x17
              RenderText {#text} at (0,0) size 0x0
              RenderInline {A} at (0,0) size 51x17 [color=#0000EE]
                RenderImage {IMG} at (506.98,76) size 50x34
              RenderText {#text} at (556,96) size 5x17
                text run at (556,96) width 5: " "
              RenderBlock {INPUT} at (564.98,97) size 13x13
              RenderInline {LABEL} at (0,0) size 42x17
                RenderText {#text} at (580,96) size 42x17
                  text run at (580,96) width 42: "Africa"
              RenderText {#text} at (0,0) size 0x0
          RenderText {#text} at (0,0) size 0x0
          RenderInline {DIV} at (0,0) size 205x17
            RenderInline {DIV} at (0,0) size 205x17
              RenderText {#text} at (0,0) size 0x0
              RenderInline {A} at (0,0) size 50x17 [color=#0000EE]
                RenderImage {IMG} at (0,114) size 50x34
              RenderText {#text} at (50,134) size 4x17
                text run at (50,134) width 4: " "
              RenderBlock {INPUT} at (58,135) size 13x13
              RenderInline {LABEL} at (0,0) size 127x17
                RenderText {#text} at (74,134) size 127x17
                  text run at (74,134) width 127: "Alexander's Empire"
              RenderText {#text} at (200,134) size 5x17
                text run at (200,134) width 5: " "
          RenderText {#text} at (0,0) size 0x0
          RenderInline {DIV} at (0,0) size 179x17
            RenderInline {DIV} at (0,0) size 179x17
              RenderText {#text} at (0,0) size 0x0
              RenderInline {A} at (0,0) size 51x17 [color=#0000EE]
                RenderImage {IMG} at (204.83,114) size 50x34
              RenderText {#text} at (254,134) size 5x17
                text run at (254,134) width 5: " "
              RenderBlock {INPUT} at (262.83,135) size 13x13
              RenderInline {LABEL} at (0,0) size 101x17
                RenderText {#text} at (278,134) size 101x17
                  text run at (278,134) width 101: "Ancient Greece"
              RenderText {#text} at (378,134) size 5x17
                text run at (378,134) width 5: " "
          RenderText {#text} at (0,0) size 0x0
          RenderInline {DIV} at (0,0) size 125x17
            RenderInline {DIV} at (0,0) size 125x17
              RenderText {#text} at (0,0) size 0x0
              RenderInline {A} at (0,0) size 51x17 [color=#0000EE]
                RenderImage {IMG} at (382.77,114) size 50x34
              RenderText {#text} at (432,134) size 5x17
                text run at (432,134) width 5: " "
              RenderBlock {INPUT} at (440.77,135) size 13x13
              RenderInline {LABEL} at (0,0) size 47x17
                RenderText {#text} at (456,134) size 47x17
                  text run at (456,134) width 47: "Classic"
              RenderText {#text} at (502,134) size 5x17
                text run at (502,134) width 5: " "
          RenderText {#text} at (0,0) size 0x0
          RenderInline {DIV} at (0,0) size 116x17
            RenderInline {DIV} at (0,0) size 116x17
              RenderText {#text} at (0,0) size 0x0
              RenderInline {A} at (0,0) size 51x17 [color=#0000EE]
                RenderImage {IMG} at (506.98,114) size 50x34
              RenderText {#text} at (556,134) size 5x17
                text run at (556,134) width 5: " "
              RenderBlock {INPUT} at (564.98,135) size 13x13
              RenderInline {LABEL} at (0,0) size 42x17
                RenderText {#text} at (580,134) size 42x17
                  text run at (580,134) width 42: "Africa"
              RenderText {#text} at (0,0) size 0x0
          RenderText {#text} at (0,0) size 0x0
          RenderInline {DIV} at (0,0) size 205x17
            RenderInline {DIV} at (0,0) size 205x17
              RenderText {#text} at (0,0) size 0x0
              RenderInline {A} at (0,0) size 50x17 [color=#0000EE]
                RenderImage {IMG} at (0,152) size 50x34
              RenderText {#text} at (50,172) size 4x17
                text run at (50,172) width 4: " "
              RenderBlock {INPUT} at (58,173) size 13x13
              RenderInline {LABEL} at (0,0) size 127x17
                RenderText {#text} at (74,172) size 127x17
                  text run at (74,172) width 127: "Alexander's Empire"
              RenderText {#text} at (200,172) size 5x17
                text run at (200,172) width 5: " "
          RenderText {#text} at (0,0) size 0x0
          RenderInline {DIV} at (0,0) size 179x17
            RenderInline {DIV} at (0,0) size 179x17
              RenderText {#text} at (0,0) size 0x0
              RenderInline {A} at (0,0) size 51x17 [color=#0000EE]
                RenderImage {IMG} at (204.83,152) size 50x34
              RenderText {#text} at (254,172) size 5x17
                text run at (254,172) width 5: " "
              RenderBlock {INPUT} at (262.83,173) size 13x13
              RenderInline {LABEL} at (0,0) size 101x17
                RenderText {#text} at (278,172) size 101x17
                  text run at (278,172) width 101: "Ancient Greece"
              RenderText {#text} at (378,172) size 5x17
                text run at (378,172) width 5: " "
          RenderText {#text} at (0,0) size 0x0
          RenderInline {DIV} at (0,0) size 125x17
            RenderInline {DIV} at (0,0) size 125x17
              RenderText {#text} at (0,0) size 0x0
              RenderInline {A} at (0,0) size 51x17 [color=#0000EE]
                RenderImage {IMG} at (382.77,152) size 50x34
              RenderText {#text} at (432,172) size 5x17
                text run at (432,172) width 5: " "
              RenderBlock {INPUT} at (440.77,173) size 13x13
              RenderInline {LABEL} at (0,0) size 47x17
                RenderText {#text} at (456,172) size 47x17
                  text run at (456,172) width 47: "Classic"
              RenderText {#text} at (502,172) size 5x17
                text run at (502,172) width 5: " "
          RenderText {#text} at (0,0) size 0x0
          RenderInline {DIV} at (0,0) size 116x17
            RenderInline {DIV} at (0,0) size 116x17
              RenderText {#text} at (0,0) size 0x0
              RenderInline {A} at (0,0) size 51x17 [color=#0000EE]
                RenderImage {IMG} at (506.98,152) size 50x34
              RenderText {#text} at (556,172) size 5x17
                text run at (556,172) width 5: " "
              RenderBlock {INPUT} at (564.98,173) size 13x13
              RenderInline {LABEL} at (0,0) size 42x17
                RenderText {#text} at (580,172) size 42x17
                  text run at (580,172) width 42: "Africa"
              RenderText {#text} at (0,0) size 0x0
          RenderText {#text} at (0,0) size 0x0
          RenderInline {DIV} at (0,0) size 205x17
            RenderInline {DIV} at (0,0) size 205x17
              RenderText {#text} at (0,0) size 0x0
              RenderInline {A} at (0,0) size 50x17 [color=#0000EE]
                RenderImage {IMG} at (0,190) size 50x34
              RenderText {#text} at (50,210) size 4x17
                text run at (50,210) width 4: " "
              RenderBlock {INPUT} at (58,211) size 13x13
              RenderInline {LABEL} at (0,0) size 127x17
                RenderText {#text} at (74,210) size 127x17
                  text run at (74,210) width 127: "Alexander's Empire"
              RenderText {#text} at (200,210) size 5x17
                text run at (200,210) width 5: " "
          RenderText {#text} at (0,0) size 0x0
          RenderInline {DIV} at (0,0) size 179x17
            RenderInline {DIV} at (0,0) size 179x17
              RenderText {#text} at (0,0) size 0x0
              RenderInline {A} at (0,0) size 51x17 [color=#0000EE]
                RenderImage {IMG} at (204.83,190) size 50x34
              RenderText {#text} at (254,210) size 5x17
                text run at (254,210) width 5: " "
              RenderBlock {INPUT} at (262.83,211) size 13x13
              RenderInline {LABEL} at (0,0) size 101x17
                RenderText {#text} at (278,210) size 101x17
                  text run at (278,210) width 101: "Ancient Greece"
              RenderText {#text} at (378,210) size 5x17
                text run at (378,210) width 5: " "
          RenderText {#text} at (0,0) size 0x0
          RenderInline {DIV} at (0,0) size 125x17
            RenderInline {DIV} at (0,0) size 125x17
              RenderText {#text} at (0,0) size 0x0
              RenderInline {A} at (0,0) size 51x17 [color=#0000EE]
                RenderImage {IMG} at (382.77,190) size 50x34
              RenderText {#text} at (432,210) size 5x17
                text run at (432,210) width 5: " "
              RenderBlock {INPUT} at (440.77,211) size 13x13
              RenderInline {LABEL} at (0,0) size 47x17
                RenderText {#text} at (456,210) size 47x17
                  text run at (456,210) width 47: "Classic"
              RenderText {#text} at (502,210) size 5x17
                text run at (502,210) width 5: " "
          RenderText {#text} at (0,0) size 0x0
          RenderInline {DIV} at (0,0) size 116x17
            RenderInline {DIV} at (0,0) size 116x17
              RenderText {#text} at (0,0) size 0x0
              RenderInline {A} at (0,0) size 51x17 [color=#0000EE]
                RenderImage {IMG} at (506.98,190) size 50x34
              RenderText {#text} at (556,210) size 5x17
                text run at (556,210) width 5: " "
              RenderBlock {INPUT} at (564.98,211) size 13x13
              RenderInline {LABEL} at (0,0) size 42x17
                RenderText {#text} at (580,210) size 42x17
                  text run at (580,210) width 42: "Africa"
              RenderText {#text} at (0,0) size 0x0
          RenderText {#text} at (0,0) size 0x0
          RenderInline {DIV} at (0,0) size 205x17
            RenderInline {DIV} at (0,0) size 205x17
              RenderText {#text} at (0,0) size 0x0
              RenderInline {A} at (0,0) size 50x17 [color=#0000EE]
                RenderImage {IMG} at (0,228) size 50x34
              RenderText {#text} at (50,248) size 4x17
                text run at (50,248) width 4: " "
              RenderBlock {INPUT} at (58,249) size 13x13
              RenderInline {LABEL} at (0,0) size 127x17
                RenderText {#text} at (74,248) size 127x17
                  text run at (74,248) width 127: "Alexander's Empire"
              RenderText {#text} at (200,248) size 5x17
                text run at (200,248) width 5: " "
          RenderText {#text} at (0,0) size 0x0
          RenderInline {DIV} at (0,0) size 179x17
            RenderInline {DIV} at (0,0) size 179x17
              RenderText {#text} at (0,0) size 0x0
              RenderInline {A} at (0,0) size 51x17 [color=#0000EE]
                RenderImage {IMG} at (204.83,228) size 50x34
              RenderText {#text} at (254,248) size 5x17
                text run at (254,248) width 5: " "
              RenderBlock {INPUT} at (262.83,249) size 13x13
              RenderInline {LABEL} at (0,0) size 101x17
                RenderText {#text} at (278,248) size 101x17
                  text run at (278,248) width 101: "Ancient Greece"
              RenderText {#text} at (378,248) size 5x17
                text run at (378,248) width 5: " "
          RenderText {#text} at (0,0) size 0x0
          RenderInline {DIV} at (0,0) size 125x17
            RenderInline {DIV} at (0,0) size 125x17
              RenderText {#text} at (0,0) size 0x0
              RenderInline {A} at (0,0) size 51x17 [color=#0000EE]
                RenderImage {IMG} at (382.77,228) size 50x34
              RenderText {#text} at (432,248) size 5x17
                text run at (432,248) width 5: " "
              RenderBlock {INPUT} at (440.77,249) size 13x13
              RenderInline {LABEL} at (0,0) size 47x17
                RenderText {#text} at (456,248) size 47x17
                  text run at (456,248) width 47: "Classic"
              RenderText {#text} at (502,248) size 5x17
                text run at (502,248) width 5: " "
          RenderText {#text} at (0,0) size 0x0
          RenderInline {DIV} at (0,0) size 116x17
            RenderInline {DIV} at (0,0) size 116x17
              RenderText {#text} at (0,0) size 0x0
              RenderInline {A} at (0,0) size 51x17 [color=#0000EE]
                RenderImage {IMG} at (506.98,228) size 50x34
              RenderText {#text} at (556,248) size 5x17
                text run at (556,248) width 5: " "
              RenderBlock {INPUT} at (564.98,249) size 13x13
              RenderInline {LABEL} at (0,0) size 42x17
                RenderText {#text} at (580,248) size 42x17
                  text run at (580,248) width 42: "Africa"
              RenderText {#text} at (0,0) size 0x0
          RenderText {#text} at (0,0) size 0x0
          RenderInline {DIV} at (0,0) size 205x17
            RenderInline {DIV} at (0,0) size 205x17
              RenderText {#text} at (0,0) size 0x0
              RenderInline {A} at (0,0) size 50x17 [color=#0000EE]
                RenderImage {IMG} at (0,266) size 50x34
              RenderText {#text} at (50,286) size 4x17
                text run at (50,286) width 4: " "
              RenderBlock {INPUT} at (58,287) size 13x13
              RenderInline {LABEL} at (0,0) size 127x17
                RenderText {#text} at (74,286) size 127x17
                  text run at (74,286) width 127: "Alexander's Empire"
              RenderText {#text} at (200,286) size 5x17
                text run at (200,286) width 5: " "
          RenderText {#text} at (0,0) size 0x0
          RenderInline {DIV} at (0,0) size 179x17
            RenderInline {DIV} at (0,0) size 179x17
              RenderText {#text} at (0,0) size 0x0
              RenderInline {A} at (0,0) size 51x17 [color=#0000EE]
                RenderImage {IMG} at (204.83,266) size 50x34
              RenderText {#text} at (254,286) size 5x17
                text run at (254,286) width 5: " "
              RenderBlock {INPUT} at (262.83,287) size 13x13
              RenderInline {LABEL} at (0,0) size 101x17
                RenderText {#text} at (278,286) size 101x17
                  text run at (278,286) width 101: "Ancient Greece"
              RenderText {#text} at (378,286) size 5x17
                text run at (378,286) width 5: " "
          RenderText {#text} at (0,0) size 0x0
          RenderInline {DIV} at (0,0) size 125x17
            RenderInline {DIV} at (0,0) size 125x17
              RenderText {#text} at (0,0) size 0x0
              RenderInline {A} at (0,0) size 51x17 [color=#0000EE]
                RenderImage {IMG} at (382.77,266) size 50x34
              RenderText {#text} at (432,286) size 5x17
                text run at (432,286) width 5: " "
              RenderBlock {INPUT} at (440.77,287) size 13x13
              RenderInline {LABEL} at (0,0) size 47x17
                RenderText {#text} at (456,286) size 47x17
                  text run at (456,286) width 47: "Classic"
              RenderText {#text} at (502,286) size 5x17
                text run at (502,286) width 5: " "
          RenderText {#text} at (0,0) size 0x0
          RenderInline {DIV} at (0,0) size 116x17
            RenderInline {DIV} at (0,0) size 116x17
              RenderText {#text} at (0,0) size 0x0
              RenderInline {A} at (0,0) size 51x17 [color=#0000EE]
                RenderImage {IMG} at (506.98,266) size 50x34
              RenderText {#text} at (556,286) size 5x17
                text run at (556,286) width 5: " "
              RenderBlock {INPUT} at (564.98,287) size 13x13
              RenderInline {LABEL} at (0,0) size 42x17
                RenderText {#text} at (580,286) size 42x17
                  text run at (580,286) width 42: "Africa"
              RenderText {#text} at (0,0) size 0x0
          RenderText {#text} at (0,0) size 0x0
          RenderInline {DIV} at (0,0) size 205x17
            RenderInline {DIV} at (0,0) size 205x17
              RenderText {#text} at (0,0) size 0x0
              RenderInline {A} at (0,0) size 50x17 [color=#0000EE]
                RenderImage {IMG} at (0,304) size 50x34
              RenderText {#text} at (50,324) size 4x17
                text run at (50,324) width 4: " "
              RenderBlock {INPUT} at (58,325) size 13x13
              RenderInline {LABEL} at (0,0) size 127x17
                RenderText {#text} at (74,324) size 127x17
                  text run at (74,324) width 127: "Alexander's Empire"
              RenderText {#text} at (200,324) size 5x17
                text run at (200,324) width 5: " "
          RenderText {#text} at (0,0) size 0x0
          RenderInline {DIV} at (0,0) size 175x17
            RenderInline {DIV} at (0,0) size 175x17
              RenderText {#text} at (0,0) size 0x0
              RenderInline {A} at (0,0) size 51x17 [color=#0000EE]
                RenderImage {IMG} at (204.83,304) size 50x34
              RenderText {#text} at (254,324) size 5x17
                text run at (254,324) width 5: " "
              RenderBlock {INPUT} at (262.83,325) size 13x13
              RenderInline {LABEL} at (0,0) size 101x17
                RenderText {#text} at (278,324) size 101x17
                  text run at (278,324) width 101: "Ancient Greece"
              RenderText {#text} at (0,0) size 0x0
          RenderText {#text} at (0,0) size 0x0
