layer at (0,0) size 800x600
  RenderView at (0,0) size 800x600
layer at (0,0) size 800x600
  RenderBlock {HTML} at (0,0) size 800x600
    RenderBody {BODY} at (8,8) size 784x579
      RenderBlock {PRE} at (0,0) size 784x164
        RenderText {#text} at (0,48) size 24x16
          text run at (0,48) width 24: "One"
        RenderInline {SPAN} at (0,0) size 130x164
          RenderText {#text} at (24,0) size 130x164
            text run at (24,0) width 0: " "
            text run at (0,82) width 130: "Two"
