layer at (0,0) size 800x600
  RenderView at (0,0) size 800x600
layer at (0,0) size 800x218
  RenderBlock {HTML} at (0,0) size 800x218
    RenderBody {BODY} at (8,8) size 784x202
layer at (8,8) size 103x202 clip at (9,9) size 86x185 scrollHeight 1344
  RenderBlock {DIV} at (0,0) size 103x202 [border: (1px solid #000000)]
    RenderText {#text} at (1,1) size 86x1344
      text run at (1,1) width 86: "Lorem ipsum"
      text run at (1,17) width 53: "dolor sit"
      text run at (1,33) width 36: "amet,"
      text run at (1,49) width 73: "consectetur"
      text run at (1,65) width 71: "adipisicing"
      text run at (1,81) width 70: "elit, sed do"
      text run at (1,97) width 55: "eiusmod"
      text run at (1,113) width 46: "tempor"
      text run at (1,129) width 82: "incididunt ut"
      text run at (1,145) width 56: "labore et"
      text run at (1,161) width 41: "dolore"
      text run at (1,177) width 43: "magna"
      text run at (1,193) width 64: "aliqua. Ut"
      text run at (1,209) width 52: "enim ad"
      text run at (1,225) width 42: "minim"
      text run at (1,241) width 82: "veniam, quis"
      text run at (1,257) width 48: "nostrud"
      text run at (1,273) width 76: "exercitation"
      text run at (1,289) width 52: "ullamco"
      text run at (1,305) width 71: "laboris nisi"
      text run at (1,321) width 80: "ut aliquip ex"
      text run at (1,337) width 83: "ea commodo"
      text run at (1,353) width 68: "consequat."
      text run at (1,369) width 61: "Duis aute"
      text run at (1,385) width 85: "irure dolor in"
      text run at (1,401) width 86: "reprehenderit"
      text run at (1,417) width 76: "in voluptate"
      text run at (1,433) width 60: "velit esse"
      text run at (1,449) width 86: "cillum dolore"
      text run at (1,465) width 57: "eu fugiat"
      text run at (1,481) width 32: "nulla"
      text run at (1,497) width 54: "pariatur."
      text run at (1,513) width 65: "Excepteur"
      text run at (1,529) width 83: "sint occaecat"
      text run at (1,545) width 59: "cupidatat"
      text run at (1,561) width 86: "non proident,"
      text run at (1,577) width 82: "sunt in culpa"
      text run at (1,593) width 67: "qui officia"
      text run at (1,609) width 55: "deserunt"
      text run at (1,625) width 75: "mollit anim"
      text run at (1,641) width 35: "id est"
      text run at (1,657) width 58: "laborum."
      text run at (1,673) width 86: "Lorem ipsum"
      text run at (1,689) width 53: "dolor sit"
      text run at (1,705) width 36: "amet,"
      text run at (1,721) width 73: "consectetur"
      text run at (1,737) width 71: "adipisicing"
      text run at (1,753) width 70: "elit, sed do"
      text run at (1,769) width 55: "eiusmod"
      text run at (1,785) width 46: "tempor"
      text run at (1,801) width 82: "incididunt ut"
      text run at (1,817) width 56: "labore et"
      text run at (1,833) width 41: "dolore"
      text run at (1,849) width 43: "magna"
      text run at (1,865) width 64: "aliqua. Ut"
      text run at (1,881) width 52: "enim ad"
      text run at (1,897) width 42: "minim"
      text run at (1,913) width 82: "veniam, quis"
      text run at (1,929) width 48: "nostrud"
      text run at (1,945) width 76: "exercitation"
      text run at (1,961) width 52: "ullamco"
      text run at (1,977) width 71: "laboris nisi"
      text run at (1,993) width 80: "ut aliquip ex"
      text run at (1,1009) width 83: "ea commodo"
      text run at (1,1025) width 68: "consequat."
      text run at (1,1041) width 61: "Duis aute"
      text run at (1,1057) width 85: "irure dolor in"
      text run at (1,1073) width 86: "reprehenderit"
      text run at (1,1089) width 76: "in voluptate"
      text run at (1,1105) width 60: "velit esse"
      text run at (1,1121) width 86: "cillum dolore"
      text run at (1,1137) width 57: "eu fugiat"
      text run at (1,1153) width 32: "nulla"
      text run at (1,1169) width 54: "pariatur."
      text run at (1,1185) width 65: "Excepteur"
      text run at (1,1201) width 83: "sint occaecat"
      text run at (1,1217) width 59: "cupidatat"
      text run at (1,1233) width 86: "non proident,"
      text run at (1,1249) width 82: "sunt in culpa"
      text run at (1,1265) width 67: "qui officia"
      text run at (1,1281) width 55: "deserunt"
      text run at (1,1297) width 75: "mollit anim"
      text run at (1,1313) width 35: "id est"
      text run at (1,1329) width 58: "laborum."
