layer at (0,0) size 800x600
  RenderView at (0,0) size 800x600
layer at (0,0) size 800x600
  RenderBlock {HTML} at (0,0) size 800x600
    RenderBody {BODY} at (8,8) size 784x584
      RenderFieldSet {FIELDSET} at (2,0) size 115.09x71.59 [border: (2px groove #C0C0C0)]
        RenderBlock {LEGEND} at (14,0) size 87.09x18
          RenderText {#text} at (2,0) size 84x17
            text run at (2,0) width 84: "Number One"
        RenderBlock (anonymous) at (14,23.59) size 87.09x36
          RenderText {#text} at (0,0) size 81x17
            text run at (0,0) width 81: "Hello world."
          RenderBR {BR} at (80,14) size 1x0
          RenderText {#text} at (0,18) size 81x17
            text run at (0,18) width 81: "Hello world."
      RenderText {#text} at (119,41) size 5x17
        text run at (119,41) width 5: " "
      RenderFieldSet {FIELDSET} at (125.09,18) size 117.77x53.59 [border: (2px groove #C0C0C0)]
        RenderBlock {LEGEND} at (14,0) size 89.77x18
          RenderText {#text} at (2,0) size 86x17
            text run at (2,0) width 86: "Number Two"
        RenderBlock (anonymous) at (14,23.59) size 89.77x18
          RenderText {#text} at (0,0) size 81x17
            text run at (0,0) width 81: "Hello world."
      RenderText {#text} at (0,0) size 0x0
