layer at (0,0) size 800x600
  RenderView at (0,0) size 800x600
layer at (0,0) size 800x600
  RenderBlock {HTML} at (0,0) size 800x600
    RenderBody {BODY} at (8,8) size 784x579
      RenderBlock {P} at (0,0) size 784x36
        RenderInline {A} at (0,0) size 63x17 [color=#0000EE]
          RenderText {#text} at (0,0) size 63x17
            text run at (0,0) width 63: "Bug 5656"
        RenderText {#text} at (62,0) size 780x35
          text run at (62,0) width 718: " tests whether buttons force a white-space mode or not. These tests will only pass if the white-space mode is not"
          text run at (0,18) width 175: "forced and if it is inherited."
      RenderBlock {DIV} at (0,52) size 784x18
        RenderText {#text} at (0,0) size 365x17
          text run at (0,0) width 365: "Buttons should appear next to each other in a single row:"
      RenderTable {TABLE} at (0,70) size 205x28
        RenderTableSection {TBODY} at (0,0) size 205x28
          RenderTableRow {TR} at (0,2) size 205x24
            RenderTableCell {TD} at (2,2) size 201x24 [r=0 c=0 rs=1 cs=1]
              RenderButton {BUTTON} at (1,1) size 85x22 [bgcolor=#C0C0C0] [border: (2px outset #C0C0C0)]
                RenderBlock (anonymous) at (8,3) size 69x16
                  RenderText {#text} at (0,0) size 69x16
                    text run at (0,0) width 69: "Search Mail"
              RenderText {#text} at (86,3) size 4x17
                text run at (86,3) width 4: " "
              RenderButton {BUTTON} at (90,1) size 110x22 [bgcolor=#C0C0C0] [border: (2px outset #C0C0C0)]
                RenderBlock (anonymous) at (8,3) size 94x16
                  RenderText {#text} at (0,0) size 94x16
                    text run at (0,0) width 94: "Search the Web"
              RenderText {#text} at (0,0) size 0x0
      RenderBlock {DIV} at (0,98) size 784x18
        RenderText {#text} at (0,0) size 193x17
          text run at (0,0) width 193: "Buttons should look identical:"
      RenderBlock {DIV} at (0,116) size 784x22
        RenderButton {BUTTON} at (0,0) size 78x22 [bgcolor=#C0C0C0] [border: (2px outset #C0C0C0)]
          RenderBlock (anonymous) at (8,3) size 62x16
            RenderText {#text} at (0,0) size 62x16
              text run at (0,0) width 62: "test button"
      RenderBlock {DIV} at (0,138) size 784x22
        RenderButton {BUTTON} at (0,0) size 78x22 [bgcolor=#C0C0C0] [border: (2px outset #C0C0C0)]
          RenderBlock (anonymous) at (8,3) size 62x16
            RenderText {#text} at (0,0) size 62x16
              text run at (0,0) width 26: "test "
              text run at (26,0) width 36: "button"
      RenderBlock {DIV} at (0,160) size 784x18
        RenderText {#text} at (0,0) size 353x17
          text run at (0,0) width 353: "Buttons should look identical (ignore vertical spacing):"
      RenderBlock {DIV} at (0,178) size 784x22
        RenderButton {BUTTON} at (0,0) size 98x22 [bgcolor=#C0C0C0] [border: (2px outset #C0C0C0)]
          RenderBlock (anonymous) at (8,3) size 82x16
            RenderText {#text} at (0,0) size 82x16
              text run at (0,0) width 82: "  test  button  "
      RenderBlock {DIV} at (0,200) size 784x22
        RenderButton {BUTTON} at (0,0) size 98x22 [bgcolor=#C0C0C0] [border: (2px outset #C0C0C0)]
          RenderBlock (anonymous) at (8,3) size 82x16
            RenderText {#text} at (0,0) size 82x16
              text run at (0,0) width 82: "  test  button  "
      RenderBlock {DIV} at (0,235) size 784x22
        RenderBlock {PRE} at (0,0) size 784x22
          RenderButton {BUTTON} at (0,0) size 98x22 [bgcolor=#C0C0C0] [border: (2px outset #C0C0C0)]
            RenderBlock (anonymous) at (8,3) size 82x16
              RenderText {#text} at (0,0) size 82x16
                text run at (0,0) width 82: "  test  button  "
