layer at (0,0) size 800x649
  RenderView at (0,0) size 800x600
layer at (0,0) size 800x649
  RenderBlock {HTML} at (0,0) size 800x648.88
    RenderBody {BODY} at (8,8) size 784x632.88
      RenderBlock {H1} at (0,0) size 784x37
        RenderText {#text} at (0,0) size 423x36
          text run at (0,0) width 423: "Form Element Geometry Tests"
      RenderBlock {P} at (0,58.44) size 784x18
        RenderText {#text} at (0,0) size 551x17
          text run at (0,0) width 551: "These tests help us tune the widget classes in KWQ to have all the right fudge factors."
      RenderBlock {H2} at (0,96.34) size 784x27
        RenderText {#text} at (0,0) size 167x26
          text run at (0,0) width 167: "Bounding Boxes"
      RenderTable {TABLE} at (0,143.25) size 169x32
        RenderTableSection {TBODY} at (0,0) size 169x32
          RenderTableRow {TR} at (0,2) size 169x28
            RenderTableCell {TD} at (2,2) size 58x28 [r=0 c=0 rs=1 cs=1]
              RenderBlock {DIV} at (1,1) size 56x26 [border: (2px solid #0000FF)]
                RenderInline {FONT} at (0,0) size 52x26
                  RenderButton {INPUT} at (2,2) size 52x22 [bgcolor=#C0C0C0] [border: (2px outset #C0C0C0)]
                    RenderBlock (anonymous) at (8,3) size 36x16
                      RenderText {#text} at (0,0) size 36x16
                        text run at (0,0) width 36: "button"
            RenderTableCell {TD} at (62,3) size 63x26 [r=0 c=1 rs=1 cs=1]
              RenderBlock {DIV} at (1,1) size 61x24 [border: (2px solid #0000FF)]
                RenderInline {FONT} at (0,0) size 57x26
                  RenderMenuList {SELECT} at (2,2) size 57x20 [bgcolor=#FFFFFF] [border: (1px solid #A9A9A9)]
                    RenderBlock (anonymous) at (1,1) size 55x18
                      RenderText at (4,1) size 32x16
                        text run at (4,1) width 32: "menu"
            RenderTableCell {TD} at (127,6) size 19x19 [r=0 c=2 rs=1 cs=1]
              RenderBlock {DIV} at (1,1) size 17x17 [border: (2px solid #0000FF)]
                RenderInline {FONT} at (0,0) size 13x26
                  RenderBlock {INPUT} at (2,2) size 13x13
            RenderTableCell {TD} at (148,6) size 19x19 [r=0 c=3 rs=1 cs=1]
              RenderBlock {DIV} at (1,1) size 17x17 [border: (2px solid #0000FF)]
                RenderInline {FONT} at (0,0) size 13x26
                  RenderBlock {INPUT} at (2,2) size 13x13
      RenderTable {TABLE} at (0,175.25) size 169x32
        RenderTableSection {TBODY} at (0,0) size 169x32
          RenderTableRow {TR} at (0,2) size 169x28
            RenderTableCell {TD} at (2,2) size 58x28 [r=0 c=0 rs=1 cs=1]
              RenderBlock {DIV} at (1,1) size 56x26 [border: (2px solid #0000FF)]
                RenderButton {INPUT} at (2,2) size 52x22 [bgcolor=#C0C0C0] [border: (2px outset #C0C0C0)]
                  RenderBlock (anonymous) at (8,3) size 36x16
                    RenderText {#text} at (0,0) size 36x16
                      text run at (0,0) width 36: "button"
            RenderTableCell {TD} at (62,3) size 63x26 [r=0 c=1 rs=1 cs=1]
              RenderBlock {DIV} at (1,1) size 61x24 [border: (2px solid #0000FF)]
                RenderMenuList {SELECT} at (2,2) size 57x20 [bgcolor=#FFFFFF] [border: (1px solid #A9A9A9)]
                  RenderBlock (anonymous) at (1,1) size 55x18
                    RenderText at (4,1) size 32x16
                      text run at (4,1) width 32: "menu"
            RenderTableCell {TD} at (127,6) size 19x19 [r=0 c=2 rs=1 cs=1]
              RenderBlock {DIV} at (1,1) size 17x17 [border: (2px solid #0000FF)]
                RenderBlock {INPUT} at (2,2) size 13x13
            RenderTableCell {TD} at (148,6) size 19x19 [r=0 c=3 rs=1 cs=1]
              RenderBlock {DIV} at (1,1) size 17x17 [border: (2px solid #0000FF)]
                RenderBlock {INPUT} at (2,2) size 13x13
      RenderTable {TABLE} at (0,207.25) size 169x32
        RenderTableSection {TBODY} at (0,0) size 169x32
          RenderTableRow {TR} at (0,2) size 169x28
            RenderTableCell {TD} at (2,2) size 58x28 [r=0 c=0 rs=1 cs=1]
              RenderBlock {DIV} at (1,1) size 56x26 [border: (2px solid #0000FF)]
                RenderInline {FONT} at (0,0) size 52x12
                  RenderButton {INPUT} at (2,2) size 52x22 [bgcolor=#C0C0C0] [border: (2px outset #C0C0C0)]
                    RenderBlock (anonymous) at (8,3) size 36x16
                      RenderText {#text} at (0,0) size 36x16
                        text run at (0,0) width 36: "button"
            RenderTableCell {TD} at (62,3) size 63x26 [r=0 c=1 rs=1 cs=1]
              RenderBlock {DIV} at (1,1) size 61x24 [border: (2px solid #0000FF)]
                RenderInline {FONT} at (0,0) size 57x12
                  RenderMenuList {SELECT} at (2,2) size 57x20 [bgcolor=#FFFFFF] [border: (1px solid #A9A9A9)]
                    RenderBlock (anonymous) at (1,1) size 55x18
                      RenderText at (4,1) size 32x16
                        text run at (4,1) width 32: "menu"
            RenderTableCell {TD} at (127,6) size 19x19 [r=0 c=2 rs=1 cs=1]
              RenderBlock {DIV} at (1,1) size 17x17 [border: (2px solid #0000FF)]
                RenderInline {FONT} at (0,0) size 13x12
                  RenderBlock {INPUT} at (2,2) size 13x13
            RenderTableCell {TD} at (148,6) size 19x19 [r=0 c=3 rs=1 cs=1]
              RenderBlock {DIV} at (1,1) size 17x17 [border: (2px solid #0000FF)]
                RenderInline {FONT} at (0,0) size 13x12
                  RenderBlock {INPUT} at (2,2) size 13x13
      RenderTable {TABLE} at (0,239.25) size 592x80
        RenderTableSection {TBODY} at (0,0) size 592x80
          RenderTableRow {TR} at (0,2) size 592x76
            RenderTableCell {TD} at (2,2) size 109x28 [r=0 c=0 rs=1 cs=1]
              RenderBlock {DIV} at (1,1) size 107x26 [border: (2px solid #0000FF)]
                RenderTextControl {INPUT} at (2,2) size 103x22 [bgcolor=#FFFFFF] [border: (2px inset #EEEEEE)]
            RenderTableCell {TD} at (113,2) size 44x76 [r=0 c=1 rs=1 cs=1]
              RenderBlock {DIV} at (1,1) size 42x74 [border: (2px solid #0000FF)]
            RenderTableCell {TD} at (159,2) size 244x28 [r=0 c=2 rs=1 cs=1]
              RenderBlock {DIV} at (1,1) size 242x26 [border: (2px solid #0000FF)]
                RenderFileUploadControl {INPUT} at (2,2) size 238x22 "No file chosen"
                  RenderButton {INPUT} at (0,0) size 85x22 [bgcolor=#C0C0C0] [border: (2px outset #C0C0C0)]
                    RenderBlock (anonymous) at (8,3) size 69x16
                      RenderText {#text} at (0,0) size 69x16
                        text run at (0,0) width 69: "Choose File"
            RenderTableCell {TD} at (405,2) size 185x42 [r=0 c=3 rs=1 cs=1]
              RenderBlock {DIV} at (1,1) size 183x40 [border: (2px solid #0000FF)]
      RenderBlock {H2} at (0,339.16) size 784x27
        RenderText {#text} at (0,0) size 200x26
          text run at (0,0) width 200: "Baseline Alignment"
      RenderBlock {DIV} at (0,386.06) size 784x27
        RenderInline {FONT} at (0,0) size 210x26
          RenderText {#text} at (0,0) size 42x26
            text run at (0,0) width 42: "text "
          RenderButton {INPUT} at (41.98,5) size 52x22 [bgcolor=#C0C0C0] [border: (2px outset #C0C0C0)]
            RenderBlock (anonymous) at (8,3) size 36x16
              RenderText {#text} at (0,0) size 36x16
                text run at (0,0) width 36: "button"
          RenderText {#text} at (93,0) size 7x26
            text run at (93,0) width 7: " "
          RenderMenuList {SELECT} at (99.98,6) size 57x20 [bgcolor=#FFFFFF] [border: (1px solid #A9A9A9)]
            RenderBlock (anonymous) at (1,1) size 55x18
              RenderText at (4,1) size 32x16
                text run at (4,1) width 32: "menu"
          RenderText {#text} at (156,0) size 7x26
            text run at (156,0) width 7: " "
          RenderBlock {INPUT} at (167.98,8) size 13x13
          RenderText {#text} at (183,0) size 7x26
            text run at (183,0) width 7: " "
          RenderBlock {INPUT} at (193.98,8) size 13x13
          RenderText {#text} at (0,0) size 0x0
      RenderBlock {DIV} at (0,413.06) size 784x22
        RenderText {#text} at (0,2) size 28x17
          text run at (0,2) width 28: "text "
        RenderButton {INPUT} at (27.98,0) size 52x22 [bgcolor=#C0C0C0] [border: (2px outset #C0C0C0)]
          RenderBlock (anonymous) at (8,3) size 36x16
            RenderText {#text} at (0,0) size 36x16
              text run at (0,0) width 36: "button"
        RenderText {#text} at (79,2) size 5x17
          text run at (79,2) width 5: " "
        RenderMenuList {SELECT} at (83.98,1) size 57x20 [bgcolor=#FFFFFF] [border: (1px solid #A9A9A9)]
          RenderBlock (anonymous) at (1,1) size 55x18
            RenderText at (4,1) size 32x16
              text run at (4,1) width 32: "menu"
        RenderText {#text} at (140,2) size 5x17
          text run at (140,2) width 5: " "
        RenderBlock {INPUT} at (149.98,3) size 13x13
        RenderText {#text} at (165,2) size 5x17
          text run at (165,2) width 5: " "
        RenderBlock {INPUT} at (173.98,3) size 13x13
        RenderText {#text} at (0,0) size 0x0
      RenderBlock {DIV} at (0,435.06) size 784x22
        RenderInline {FONT} at (0,0) size 177x12
          RenderText {#text} at (0,6) size 18x12
            text run at (0,6) width 18: "text "
          RenderButton {INPUT} at (18,0) size 52x22 [bgcolor=#C0C0C0] [border: (2px outset #C0C0C0)]
            RenderBlock (anonymous) at (8,3) size 36x16
              RenderText {#text} at (0,0) size 36x16
                text run at (0,0) width 36: "button"
          RenderText {#text} at (70,6) size 3x12
            text run at (70,6) width 3: " "
          RenderMenuList {SELECT} at (73,1) size 57x20 [bgcolor=#FFFFFF] [border: (1px solid #A9A9A9)]
            RenderBlock (anonymous) at (1,1) size 55x18
              RenderText at (4,1) size 32x16
                text run at (4,1) width 32: "menu"
          RenderText {#text} at (130,6) size 3x12
            text run at (130,6) width 3: " "
          RenderBlock {INPUT} at (138,3) size 13x13
          RenderText {#text} at (154,6) size 3x12
            text run at (154,6) width 3: " "
          RenderBlock {INPUT} at (161,3) size 13x13
          RenderText {#text} at (0,0) size 0x0
      RenderBlock {DIV} at (0,457.06) size 784x42
        RenderText {#text} at (0,22) size 28x17
          text run at (0,22) width 28: "text "
        RenderTextControl {INPUT} at (27.98,20) size 103x22 [bgcolor=#FFFFFF] [border: (2px inset #EEEEEE)]
        RenderText {#text} at (130,22) size 5x17
          text run at (130,22) width 5: " "
        RenderFileUploadControl {INPUT} at (134.98,20) size 238x22 "No file chosen"
          RenderButton {INPUT} at (0,0) size 85x22 [bgcolor=#C0C0C0] [border: (2px outset #C0C0C0)]
            RenderBlock (anonymous) at (8,3) size 69x16
              RenderText {#text} at (0,0) size 69x16
                text run at (0,0) width 69: "Choose File"
        RenderText {#text} at (372,22) size 5x17
          text run at (372,22) width 5: " "
        RenderText {#text} at (0,0) size 0x0
      RenderBlock {H2} at (0,518.97) size 784x27
        RenderText {#text} at (0,0) size 198x26
          text run at (0,0) width 198: "Pop-up Menu Sizes"
      RenderBlock {DIV} at (0,565.88) size 784x27
        RenderInline {FONT} at (0,0) size 146x26
          RenderText {#text} at (0,0) size 0x0
          RenderMenuList {SELECT} at (0,6) size 25x20 [bgcolor=#FFFFFF] [border: (1px solid #A9A9A9)]
            RenderBlock (anonymous) at (1,1) size 23x18
              RenderBR at (4,1) size 0x16 [bgcolor=#FFFFFF]
          RenderText {#text} at (25,0) size 6x26
            text run at (25,0) width 6: " "
          RenderMenuList {SELECT} at (31,6) size 28x20 [bgcolor=#FFFFFF] [border: (1px solid #A9A9A9)]
            RenderBlock (anonymous) at (1,1) size 26x18
              RenderText at (4,1) size 3x16
                text run at (4,1) width 3: "|"
          RenderText {#text} at (59,0) size 6x26
            text run at (59,0) width 6: " "
          RenderMenuList {SELECT} at (65,6) size 81x20 [bgcolor=#FFFFFF] [border: (1px solid #A9A9A9)]
            RenderBlock (anonymous) at (1,1) size 79x18
              RenderText at (4,1) size 56x16
                text run at (4,1) width 56: "xxxxxxxx"
          RenderText {#text} at (0,0) size 0x0
      RenderBlock {DIV} at (0,592.88) size 784x20
        RenderMenuList {SELECT} at (0,0) size 25x20 [bgcolor=#FFFFFF] [border: (1px solid #A9A9A9)]
          RenderBlock (anonymous) at (1,1) size 23x18
            RenderBR at (4,1) size 0x16 [bgcolor=#FFFFFF]
        RenderText {#text} at (25,1) size 4x17
          text run at (25,1) width 4: " "
        RenderMenuList {SELECT} at (29,0) size 28x20 [bgcolor=#FFFFFF] [border: (1px solid #A9A9A9)]
          RenderBlock (anonymous) at (1,1) size 26x18
            RenderText at (4,1) size 3x16
              text run at (4,1) width 3: "|"
        RenderText {#text} at (57,1) size 4x17
          text run at (57,1) width 4: " "
        RenderMenuList {SELECT} at (61,0) size 81x20 [bgcolor=#FFFFFF] [border: (1px solid #A9A9A9)]
          RenderBlock (anonymous) at (1,1) size 79x18
            RenderText at (4,1) size 56x16
              text run at (4,1) width 56: "xxxxxxxx"
        RenderText {#text} at (0,0) size 0x0
      RenderBlock {DIV} at (0,612.88) size 784x20
        RenderInline {FONT} at (0,0) size 140x12
          RenderText {#text} at (0,0) size 0x0
          RenderMenuList {SELECT} at (0,0) size 25x20 [bgcolor=#FFFFFF] [border: (1px solid #A9A9A9)]
            RenderBlock (anonymous) at (1,1) size 23x18
              RenderBR at (4,1) size 0x16 [bgcolor=#FFFFFF]
          RenderText {#text} at (25,5) size 3x12
            text run at (25,5) width 3: " "
          RenderMenuList {SELECT} at (28,0) size 28x20 [bgcolor=#FFFFFF] [border: (1px solid #A9A9A9)]
            RenderBlock (anonymous) at (1,1) size 26x18
              RenderText at (4,1) size 3x16
                text run at (4,1) width 3: "|"
          RenderText {#text} at (56,5) size 3x12
            text run at (56,5) width 3: " "
          RenderMenuList {SELECT} at (59,0) size 81x20 [bgcolor=#FFFFFF] [border: (1px solid #A9A9A9)]
            RenderBlock (anonymous) at (1,1) size 79x18
              RenderText at (4,1) size 56x16
                text run at (4,1) width 56: "xxxxxxxx"
          RenderText {#text} at (0,0) size 0x0
layer at (15,255) size 99x16
  RenderBlock {DIV} at (2,3) size 99x16
    RenderText {#text} at (0,0) size 49x16
      text run at (0,0) width 49: "text field"
layer at (124,252) size 38x70 clip at (125,253) size 21x68 scrollHeight 85
  RenderListBox {SELECT} at (2,2) size 38x70 [bgcolor=#FFFFFF] [border: (1px solid #A9A9A9)]
    RenderBlock {OPTION} at (1,1) size 21x17
      RenderText {#text} at (2,0) size 17x16
        text run at (2,0) width 17: "list"
    RenderBlock {OPTION} at (1,18) size 21x17
      RenderText {#text} at (2,0) size 7x16
        text run at (2,0) width 7: "2"
    RenderBlock {OPTION} at (1,35) size 21x17
      RenderText {#text} at (2,0) size 7x16
        text run at (2,0) width 7: "3"
    RenderBlock {OPTION} at (1,52) size 21x17
      RenderText {#text} at (2,0) size 7x16
        text run at (2,0) width 7: "4"
    RenderBlock {OPTION} at (1,69) size 21x17
      RenderText {#text} at (2,0) size 7x16
        text run at (2,0) width 7: "5"
layer at (416,252) size 179x36 clip at (417,253) size 177x34
  RenderTextControl {TEXTAREA} at (2,2) size 179x36 [bgcolor=#FFFFFF] [border: (1px solid #A9A9A9)]
    RenderBlock {DIV} at (3,3) size 175x16
      RenderText {#text} at (0,0) size 64x16
        text run at (0,0) width 64: "textarea"
layer at (38,488) size 99x16
  RenderBlock {DIV} at (2,3) size 99x16
    RenderText {#text} at (0,0) size 49x16
      text run at (0,0) width 49: "text field"
layer at (385,465) size 179x36 clip at (386,466) size 177x34
  RenderTextControl {TEXTAREA} at (376.98,0) size 179x36 [bgcolor=#FFFFFF] [border: (1px solid #A9A9A9)]
    RenderBlock {DIV} at (3,3) size 175x16
      RenderText {#text} at (0,0) size 64x16
        text run at (0,0) width 64: "textarea"
