layer at (0,0) size 800x600
  RenderView at (0,0) size 800x600
layer at (0,0) size 800x600
  RenderBlock {HTML} at (0,0) size 800x600
    RenderBody {BODY} at (8,8) size 784x584
      RenderText {#text} at (0,0) size 610x17
        text run at (0,0) width 610: "The label attribute appears, but is missing the equals value piece, so the containing text is used."
      RenderBR {BR} at (609,14) size 1x0
      RenderMenuList {SELECT} at (0,18) size 485x20 [bgcolor=#FFFFFF] [border: (1px solid #A9A9A9)]
        RenderBlock (anonymous) at (1,1) size 483x18
          RenderText at (4,1) size 460x16
            text run at (4,1) width 460: "the label attribute is mentioned but no value is specified; this text should appear"
      RenderText {#text} at (0,0) size 0x0
