layer at (0,0) size 800x600
  RenderView at (0,0) size 800x600
layer at (0,0) size 800x600
  RenderBlock {HTML} at (0,0) size 800x600
    RenderBody {BODY} at (8,8) size 784x584
      RenderText {#text} at (0,0) size 756x35
        text run at (0,0) width 756: "The select item below has a label specified, and enclosed text that is whitespace. There should be no text shown in the"
        text run at (0,18) width 69: "select box."
      RenderBR {BR} at (68,32) size 1x0
      RenderMenuList {SELECT} at (0,36) size 25x20 [bgcolor=#FFFFFF] [border: (1px solid #A9A9A9)]
        RenderBlock (anonymous) at (1,1) size 23x18
          RenderBR at (4,1) size 0x16 [bgcolor=#FFFFFF]
      RenderText {#text} at (0,0) size 0x0
