layer at (0,0) size 800x600
  RenderView at (0,0) size 800x600
layer at (0,0) size 800x600
  RenderBlock {HTML} at (0,0) size 800x600
    RenderBody {BODY} at (8,8) size 784x576
      RenderBlock (anonymous) at (0,0) size 784x22
        RenderTextControl {INPUT} at (0,0) size 173x22 [bgcolor=#FFFFFF] [border: (2px inset #EEEEEE)]
        RenderText {#text} at (0,0) size 0x0
      RenderBlock {P} at (0,38) size 784x18
        RenderText {#text} at (0,0) size 655x17
          text run at (0,0) width 655: "Tests option-deleting a word. If the test succeeds, the word \"word\" should end up with a space after it."
layer at (10,11) size 169x16
  RenderBlock {DIV} at (2,3) size 169x16
    RenderText {#text} at (0,0) size 31x16
      text run at (0,0) width 31: "word "
caret: position 5 of child 0 {#text} of child 0 {DIV} of {#document-fragment} of child 0 {INPUT} of body
