layer at (0,0) size 800x600
  RenderView at (0,0) size 800x600
layer at (0,0) size 800x600
  RenderBlock {HTML} at (0,0) size 800x600
    RenderBody {BODY} at (8,8) size 784x584
      RenderText {#text} at (0,0) size 579x17
        text run at (0,0) width 579: "This tests that background color and background images can be set on the new text fields. "
      RenderBR {BR} at (578,14) size 1x0
      RenderTextControl {INPUT} at (0,18) size 173x22 [bgcolor=#FFC0CB] [border: (2px inset #EEEEEE)]
      RenderText {#text} at (173,20) size 4x17
        text run at (173,20) width 4: " "
      RenderBR {BR} at (177,34) size 0x0
      RenderTextControl {INPUT} at (0,40) size 173x22 [bgcolor=#FFFFFF] [border: (2px inset #EEEEEE)]
      RenderText {#text} at (0,0) size 0x0
layer at (10,29) size 169x16
  RenderBlock {DIV} at (2,3) size 169x16
    RenderText {#text} at (0,0) size 116x16
      text run at (0,0) width 116: "This should be pink."
layer at (10,51) size 169x16
  RenderBlock {DIV} at (2,3) size 169x16
