layer at (0,0) size 800x600
  RenderView at (0,0) size 800x600
layer at (0,0) size 800x600
  RenderBlock {HTML} at (0,0) size 800x600
    RenderBody {BODY} at (8,8) size 784x584
      RenderText {#text} at (0,0) size 353x17
        text run at (0,0) width 353: "This tests that the new text fields use the correct width."
      RenderBR {BR} at (352,14) size 1x0
      RenderTextControl {INPUT} at (0,18) size 173x22 [bgcolor=#FFFFFF] [border: (2px inset #EEEEEE)]
      RenderBR {BR} at (173,34) size 0x0
      RenderTextControl {INPUT} at (0,40) size 200x22 [bgcolor=#FFFFFF] [border: (2px inset #EEEEEE)]
      RenderBR {BR} at (200,56) size 0x0
      RenderTextControl {INPUT} at (0,62) size 383x22 [bgcolor=#FFFFFF] [border: (2px inset #EEEEEE)]
      RenderBR {BR} at (383,78) size 0x0
      RenderTextControl {INPUT} at (0,84) size 200x22 [bgcolor=#FFFFFF] [border: (2px inset #EEEEEE)]
      RenderBR {BR} at (200,100) size 0x0
      RenderTextControl {INPUT} at (0,106) size 103x22 [bgcolor=#FFFFFF] [border: (2px inset #EEEEEE)]
      RenderBR {BR} at (103,122) size 0x0
layer at (10,29) size 169x16
  RenderBlock {DIV} at (2,3) size 169x16
layer at (10,51) size 196x16
  RenderBlock {DIV} at (2,3) size 196x16
    RenderText {#text} at (0,0) size 108x16
      text run at (0,0) width 108: "styled width 200px"
layer at (10,73) size 379x16
  RenderBlock {DIV} at (2,3) size 379x16
    RenderText {#text} at (0,0) size 42x16
      text run at (0,0) width 42: "size 50"
layer at (10,95) size 196x16
  RenderBlock {DIV} at (2,3) size 196x16
    RenderText {#text} at (0,0) size 171x16
      text run at (0,0) width 171: "styled width 200px & size=10"
layer at (10,117) size 99x16
  RenderBlock {DIV} at (2,3) size 99x16
    RenderText {#text} at (0,0) size 42x16
      text run at (0,0) width 42: "size 10"
