layer at (0,0) size 800x600
  RenderView at (0,0) size 800x600
layer at (0,0) size 800x600
  RenderBlock {HTML} at (0,0) size 800x600
    RenderBody {BODY} at (8,8) size 784x584
      RenderBlock {P} at (0,0) size 784x18
        RenderText {#text} at (0,0) size 350x17
          text run at (0,0) width 350: "Focus the field, focus away, then focus the field again."
      RenderBlock {DIV} at (0,34) size 784x22
        RenderTextControl {INPUT} at (0,0) size 173x22 [bgcolor=#FFFFFF] [border: (2px inset #EEEEEE)]
        RenderText {#text} at (0,0) size 0x0
        RenderText {#text} at (0,0) size 0x0
layer at (10,45) size 169x16
  RenderBlock {DIV} at (2,3) size 169x16 [color=#A9A9A9]
    RenderText {#text} at (0,0) size 68x16
      text run at (0,0) width 68: "Placeholder"
layer at (10,45) size 169x16
  RenderBlock {DIV} at (2,3) size 169x16
caret: position 0 of child 0 {DIV} of {#document-fragment} of child 1 {INPUT} of child 3 {DIV} of body
