layer at (0,0) size 800x600
  RenderView at (0,0) size 800x600
layer at (0,0) size 800x600
  RenderBlock {HTML} at (0,0) size 800x600
    RenderBody {BODY} at (8,8) size 784x576
      RenderBlock (anonymous) at (0,0) size 784x22
        RenderTextControl {INPUT} at (0,0) size 173x22 [bgcolor=#FFFFFF] [border: (2px inset #EEEEEE)]
        RenderText {#text} at (173,2) size 4x17
          text run at (173,2) width 4: " "
        RenderTextControl {INPUT} at (177,0) size 173x22 [bgcolor=#FFFFFF] [border: (2px inset #EEEEEE)]
        RenderText {#text} at (350,2) size 4x17
          text run at (350,2) width 4: " "
        RenderTextControl {INPUT} at (354,0) size 173x22 [bgcolor=#FFFFFF] [border: (2px inset #EEEEEE)]
        RenderText {#text} at (0,0) size 0x0
      RenderBlock {P} at (0,38) size 784x36
        RenderText {#text} at (0,0) size 768x35
          text run at (0,0) width 768: "Tests scrolling back to the beginning when a text field blurs. The first field should be scrolled to the left, the second and"
          text run at (0,18) width 164: "third scrolled to the right."
layer at (10,11) size 169x16 scrollWidth 338
  RenderBlock {DIV} at (2,3) size 169x16
    RenderText {#text} at (0,0) size 337x16
      text run at (0,0) width 337: "this text field has a lot of text in it so that it needs to scroll"
layer at (187,11) size 169x16 scrollX 168.00 scrollWidth 337
  RenderBlock {DIV} at (2,3) size 169x16
    RenderText {#text} at (-168,0) size 337x16
      text run at (-168,0) width 337: "this text field has a lot of text in it so that it needs to scroll"
layer at (364,11) size 169x16 scrollX 169.00 scrollWidth 338
  RenderBlock {DIV} at (2,3) size 169x16
    RenderText {#text} at (0,0) size 337x16
      text run at (0,0) width 337: "this text field has a lot of text in it so that it needs to scroll"
caret: position 66 of child 0 {#text} of child 0 {DIV} of {#document-fragment} of child 4 {INPUT} of body
