layer at (0,0) size 800x600
  RenderView at (0,0) size 800x600
layer at (0,0) size 800x600
  RenderBlock {HTML} at (0,0) size 800x600
    RenderBody {BODY} at (8,8) size 784x576
      RenderBlock {DIV} at (0,0) size 425x75 [bgcolor=#FFFF00]
        RenderTextControl {INPUT} at (25,25) size 173x22 [bgcolor=#FFFFFF] [border: (2px inset #EEEEEE)]
      RenderBlock {P} at (0,91) size 784x36
        RenderText {#text} at (0,0) size 737x35
          text run at (0,0) width 737: "This test clicks outside an input element, and must not result in the element receiving focus. If the test succeeds the"
          text run at (0,18) width 240: "element should not have a focus ring."
layer at (35,36) size 169x16
  RenderBlock {DIV} at (2,3) size 169x16
caret: position 0 of child 0 {DIV} of {#document-fragment} of child 0 {INPUT} of child 0 {DIV} of body
