layer at (0,0) size 800x600
  RenderView at (0,0) size 800x600
layer at (0,0) size 800x600
  RenderBlock {HTML} at (0,0) size 800x600
    RenderBody {BODY} at (8,8) size 784x584
      RenderText {#text} at (0,0) size 665x17
        text run at (0,0) width 665: "This tests that when a list box's options get updated, the list box will recalculate its width, and relayout. "
      RenderBR {BR} at (0,0) size 0x0
      RenderText {#text} at (0,0) size 0x0
layer at (8,26) size 209x70 clip at (9,27) size 192x68
  RenderListBox {SELECT} at (0,18) size 209x70 [bgcolor=#FFFFFF] [border: (1px solid #A9A9A9)]
    RenderBlock {OPTION} at (1,1) size 192x17
      RenderText {#text} at (2,0) size 188x16
        text run at (2,0) width 188: "This text should fit in the list box"
