layer at (0,0) size 800x600
  RenderView at (0,0) size 800x600
layer at (0,0) size 800x600
  RenderBlock {HTML} at (0,0) size 800x600
    RenderBody {BODY} at (8,8) size 784x584
      RenderBlock {P} at (0,0) size 784x36
        RenderText {#text} at (0,0) size 55x17
          text run at (0,0) width 55: "Test for "
        RenderInline {I} at (0,0) size 780x35
          RenderInline {A} at (0,0) size 306x17 [color=#0000EE]
            RenderText {#text} at (54,0) size 306x17
              text run at (54,0) width 306: "http://bugs.webkit.org/show_bug.cgi?id=13500"
          RenderText {#text} at (359,0) size 780x35
            text run at (359,0) width 5: " "
            text run at (363,0) width 417: "REGRESSION: Listbox scrollbar does not reflect actual scrolled"
            text run at (0,18) width 326: "position when selected option is added after layout"
        RenderText {#text} at (325,18) size 5x17
          text run at (325,18) width 5: "."
      RenderBlock {P} at (0,52) size 784x36
        RenderText {#text} at (0,0) size 744x35
          text run at (0,0) width 501: "The list box should be scrolled all the way down, showing the selected option "
          text run at (500,0) width 244: "\x{201C}Seven\x{201D}. The scroller should be at the"
          text run at (0,18) width 155: "bottom of the scroll bar "
          text run at (154,18) width 89: "to reflect this."
      RenderBlock (anonymous) at (0,104) size 784x70
        RenderText {#text} at (0,0) size 0x0
layer at (8,112) size 56x70 clip at (9,113) size 39x68 scrollY 51.00 scrollHeight 119
  RenderListBox {SELECT} at (0,0) size 56x70 [bgcolor=#FFFFFF] [border: (1px solid #A9A9A9)]
    RenderBlock {OPTION} at (1,1) size 39x17
      RenderText {#text} at (2,0) size 24x16
        text run at (2,0) width 24: "One"
    RenderBlock {OPTION} at (1,18) size 39x17
      RenderText {#text} at (2,0) size 23x16
        text run at (2,0) width 23: "Two"
    RenderBlock {OPTION} at (1,35) size 39x17
      RenderText {#text} at (2,0) size 32x16
        text run at (2,0) width 32: "Three"
    RenderBlock {OPTION} at (1,52) size 39x17
      RenderText {#text} at (2,0) size 26x16
        text run at (2,0) width 26: "Four"
    RenderBlock {OPTION} at (1,69) size 39x17
      RenderText {#text} at (2,0) size 23x16
        text run at (2,0) width 23: "Five"
    RenderBlock {OPTION} at (1,86) size 39x17
      RenderText {#text} at (2,0) size 19x16
        text run at (2,0) width 19: "Six"
    RenderBlock {OPTION} at (1,103) size 39x17 [color=#FFFFFF] [bgcolor=#999999]
      RenderText {#text} at (2,0) size 35x16
        text run at (2,0) width 35: "Seven"
