layer at (0,0) size 800x600
  RenderView at (0,0) size 800x600
layer at (0,0) size 800x600
  RenderBlock {HTML} at (0,0) size 800x600
    RenderBody {BODY} at (8,8) size 784x584
      RenderBlock (anonymous) at (0,0) size 784x56
        RenderText {#text} at (0,0) size 678x17
          text run at (0,0) width 678: "This tests that when an option is dynamically added to a menu list, and it is too long for the current width,"
        RenderBR {BR} at (677,14) size 1x0
        RenderText {#text} at (0,18) size 375x17
          text run at (0,18) width 375: "that the select automatically recalculates the correct width."
        RenderBR {BR} at (374,32) size 1x0
        RenderMenuList {SELECT} at (0,36) size 137x20 [bgcolor=#FFFFFF] [border: (1px solid #A9A9A9)]
          RenderBlock (anonymous) at (1,1) size 135x18
            RenderText at (4,1) size 31x16
              text run at (4,1) width 31: "Short"
        RenderText {#text} at (0,0) size 0x0
      RenderBlock {DIV} at (0,56) size 784x0
