layer at (0,0) size 800x600
  RenderView at (0,0) size 800x600
layer at (0,0) size 800x600
  RenderBlock {HTML} at (0,0) size 800x600
    RenderBody {BODY} at (8,8) size 784x584
      RenderText {#text} at (0,0) size 511x17
        text run at (0,0) width 511: "This tests that select elements with a narrow width (1px) are rendered correctly."
      RenderBR {BR} at (510,14) size 1x0
      RenderMenuList {SELECT} at (0,18) size 2x20 [bgcolor=#FFFFFF] [border: (1px solid #A9A9A9)]
        RenderBlock (anonymous) at (1,1) size 23x18
          RenderText at (4,1) size 22x16
            text run at (4,1) width 22: "test"
      RenderBR {BR} at (2,33) size 0x0
      RenderMenuList {SELECT} at (0,38) size 2x20 [bgcolor=#0000FF] [border: (1px solid #A9A9A9)]
        RenderBlock (anonymous) at (1,1) size 23x18
          RenderText at (4,1) size 22x16
            text run at (4,1) width 22: "test"
      RenderText {#text} at (0,0) size 0x0
