layer at (0,0) size 800x600
  RenderView at (0,0) size 800x600
layer at (0,0) size 800x600
  RenderBlock {HTML} at (0,0) size 800x600
    RenderBody {BODY} at (8,8) size 784x584
      RenderText {#text} at (0,0) size 718x17
        text run at (0,0) width 718: "This tests that the option text is clipped properly, and doesn't spill over into the arrow part of the popup control. "
      RenderBR {BR} at (717,14) size 1x0
      RenderMenuList {SELECT} at (0,18) size 150x20 [bgcolor=#FFFFFF] [border: (1px solid #A9A9A9)]
        RenderBlock (anonymous) at (1,1) size 148x18
          RenderText at (4,1) size 147x16
            text run at (4,1) width 147: "12345 6789 ABCD EFGH"
      RenderText {#text} at (0,0) size 0x0
