layer at (0,0) size 800x600
  RenderView at (0,0) size 800x600
layer at (0,0) size 800x600
  RenderBlock {HTML} at (0,0) size 800x600
    RenderBody {BODY} at (8,8) size 784x584
      RenderBR {BR} at (179,36) size 0x0
      RenderBR {BR} at (179,72) size 0x0
      RenderBR {BR} at (179,108) size 0x0
layer at (8,8) size 179x36 clip at (9,9) size 177x34
  RenderTextControl {TEXTAREA} at (0,0) size 179x36 [bgcolor=#FFFFFF] [border: (1px solid #A9A9A9)]
    RenderBlock {DIV} at (3,3) size 175x32 [color=#A9A9A9]
      RenderText {#text} at (0,0) size 48x32
        text run at (0,0) width 48: "first \x{D}"
        text run at (48,0) width 0: " "
        text run at (0,16) width 48: "second"
    RenderBlock {DIV} at (3,3) size 175x16
layer at (8,44) size 179x36 clip at (9,45) size 177x34
  RenderTextControl {TEXTAREA} at (0,36) size 179x36 [bgcolor=#FFFFFF] [border: (1px solid #A9A9A9)]
    RenderBlock {DIV} at (3,3) size 175x16 [color=#A9A9A9]
      RenderText {#text} at (0,0) size 0x16
        text run at (0,0) width 0: "\x{D}"
    RenderBlock {DIV} at (3,3) size 175x16
layer at (8,80) size 179x36 clip at (9,81) size 177x34
  RenderTextControl {TEXTAREA} at (0,72) size 179x36 [bgcolor=#FFFFFF] [border: (1px solid #A9A9A9)]
    RenderBlock {DIV} at (3,3) size 175x16 [color=#A9A9A9]
      RenderText {#text} at (0,0) size 0x16
        text run at (0,0) width 0: " "
    RenderBlock {DIV} at (3,3) size 175x16
