layer at (0,0) size 800x600
  RenderView at (0,0) size 800x600
layer at (0,0) size 800x600
  RenderBlock {HTML} at (0,0) size 800x600
    RenderBody {BODY} at (8,8) size 784x576
      RenderBlock {P} at (0,0) size 784x18
        RenderText {#text} at (0,0) size 55x17
          text run at (0,0) width 55: "Test for "
        RenderInline {I} at (0,0) size 707x17
          RenderInline {A} at (0,0) size 306x17 [color=#0000EE]
            RenderText {#text} at (54,0) size 306x17
              text run at (54,0) width 306: "http://bugs.webkit.org/show_bug.cgi?id=11916"
          RenderText {#text} at (359,0) size 402x17
            text run at (359,0) width 5: " "
            text run at (363,0) width 398: "REGRESSION (SearchField): RTL search fields are mixed up"
        RenderText {#text} at (760,0) size 5x17
          text run at (760,0) width 5: "."
      RenderBlock {P} at (0,34) size 784x66
        RenderTextControl {INPUT} at (0,0) size 175x22 [bgcolor=#FFFFFF] [border: (2px inset #EEEEEE)]
          RenderFlexibleBox {DIV} at (3,3) size 169x16
            RenderBlock {DIV} at (2,1.50) size 13x13
            RenderBlock {DIV} at (18,0) size 138x16
        RenderText {#text} at (175,2) size 4x17
          text run at (175,2) width 4: " "
        RenderBR {BR} at (0,0) size 0x0
        RenderTextControl {INPUT} at (0,22) size 245x22 [bgcolor=#FFFFFF] [border: (2px inset #EEEEEE)]
          RenderFlexibleBox {DIV} at (3,3) size 239x16
            RenderBlock {DIV} at (2,1.50) size 13x13
            RenderBlock {DIV} at (18,0) size 208x16
        RenderText {#text} at (245,24) size 4x17
          text run at (245,24) width 4: " "
        RenderBR {BR} at (0,0) size 0x0
        RenderTextControl {INPUT} at (0,44) size 175x22 [bgcolor=#FFFFFF] [border: (2px inset #EEEEEE)]
          RenderFlexibleBox {DIV} at (3,3) size 169x16
            RenderBlock {DIV} at (2,1.50) size 13x13
            RenderBlock {DIV} at (18,0) size 138x16
        RenderText {#text} at (0,0) size 0x0
      RenderBlock {P} at (0,116) size 784x18
        RenderText {#text} at (0,0) size 39x17
          text run at (0,0) width 39: "PASS"
layer at (29,45) size 138x16 scrollX 5.00 scrollWidth 143
  RenderBlock {DIV} at (0,0) size 138x16
    RenderText {#text} at (-5,0) size 143x16
      text run at (-5,0) width 23 RTL: " \x{5D5}\x{5D6}\x{5D4}\x{5D5}"
      text run at (18,0) width 21: "she"
      text run at (39,0) width 46 RTL: " \x{5D5}\x{5D4}\x{5D9}\x{5D0} \x{5D6}\x{5D4} "
      text run at (85,0) width 14: "he"
      text run at (99,0) width 39 RTL: "\x{5D4}\x{5D5}\x{5D0} \x{5D6}\x{5D4} "
layer at (29,67) size 208x16
  RenderBlock {DIV} at (0,0) size 208x16
    RenderText {#text} at (65,0) size 143x16
      text run at (65,0) width 23 RTL: " \x{5D5}\x{5D6}\x{5D4}\x{5D5}"
      text run at (88,0) width 21: "she"
      text run at (109,0) width 46 RTL: " \x{5D5}\x{5D4}\x{5D9}\x{5D0} \x{5D6}\x{5D4} "
      text run at (155,0) width 14: "he"
      text run at (169,0) width 39 RTL: "\x{5D4}\x{5D5}\x{5D0} \x{5D6}\x{5D4} "
layer at (29,89) size 138x16
  RenderBlock {DIV} at (0,0) size 138x16
layer at (168,49) size 9x9 transparent
  RenderBlock {DIV} at (157,3.50) size 9x9
layer at (238,71) size 9x9 transparent
  RenderBlock {DIV} at (227,3.50) size 9x9
layer at (168,93) size 9x9 transparent
  RenderBlock {DIV} at (157,3.50) size 9x9
caret: position 0 of child 0 {DIV} of child 1 {DIV} of child 0 {DIV} of {#document-fragment} of child 9 {INPUT} of child 3 {P} of body
