layer at (0,0) size 800x600
  RenderView at (0,0) size 800x600
layer at (0,0) size 800x600
  RenderBlock {HTML} at (0,0) size 800x600
    RenderBody {BODY} at (8,8) size 784x584
      RenderText {#text} at (0,0) size 511x17
        text run at (0,0) width 511: "This tests that the display:none style will work on a search field's cancel button."
      RenderBR {BR} at (510,14) size 1x0
      RenderTextControl {INPUT} at (0,18) size 175x22 [bgcolor=#FFFFFF] [border: (2px inset #EEEEEE)]
        RenderFlexibleBox {DIV} at (3,3) size 169x16
          RenderBlock {DIV} at (0,2.50) size 1x11
          RenderBlock {DIV} at (1,0) size 168x16
      RenderText {#text} at (0,0) size 0x0
layer at (12,29) size 168x16
  RenderBlock {DIV} at (0,0) size 168x16
    RenderText {#text} at (0,0) size 22x16
      text run at (0,0) width 22: "test"
