layer at (0,0) size 800x600
  RenderView at (0,0) size 800x600
layer at (0,0) size 800x600
  RenderBlock {HTML} at (0,0) size 800x600
    RenderBody {BODY} at (8,8) size 784x584
      RenderBlock {P} at (0,0) size 784x18
        RenderText {#text} at (0,0) size 392x17
          text run at (0,0) width 392: "Only the second search field should have a cancel button (\x{D7})."
      RenderBlock (anonymous) at (0,34) size 784x22
        RenderTextControl {INPUT} at (0,0) size 175x22 [bgcolor=#FFFFFF] [border: (2px inset #EEEEEE)]
          RenderFlexibleBox {DIV} at (3,3) size 169x16
            RenderBlock {DIV} at (0,2.50) size 1x11
            RenderBlock {DIV} at (1,0) size 155x16
        RenderText {#text} at (175,2) size 4x17
          text run at (175,2) width 4: " "
        RenderTextControl {INPUT} at (179,0) size 175x22 [bgcolor=#FFFFFF] [border: (2px inset #EEEEEE)]
          RenderFlexibleBox {DIV} at (3,3) size 169x16
            RenderBlock {DIV} at (0,2.50) size 1x11
            RenderBlock {DIV} at (1,0) size 155x16
            RenderBlock {DIV} at (157,3.50) size 9x9
        RenderText {#text} at (0,0) size 0x0
        RenderText {#text} at (0,0) size 0x0
layer at (12,45) size 155x16
  RenderBlock {DIV} at (0,0) size 155x16
layer at (191,45) size 155x16
  RenderBlock {DIV} at (0,0) size 155x16
    RenderText {#text} at (0,0) size 46x16
      text run at (0,0) width 46: "this one"
layer at (168,49) size 9x9 transparent
  RenderBlock {DIV} at (157,3.50) size 9x9
caret: position 0 of child 0 {#text} of child 0 {DIV} of child 1 {DIV} of child 0 {DIV} of {#document-fragment} of child 4 {INPUT} of body
