layer at (0,0) size 800x600
  RenderView at (0,0) size 800x600
layer at (0,0) size 800x92
  RenderBlock {HTML} at (0,0) size 800x92
    RenderBody {BODY} at (8,16) size 784x68
      RenderBlock {P} at (0,0) size 784x18
        RenderText {#text} at (0,0) size 222x17
          text run at (0,0) width 222: "The background should be yellow."
      RenderBlock (anonymous) at (0,34) size 784x34
        RenderMenuList {SELECT} at (0,0) size 168x34 [bgcolor=#FAFFBD] [border: (1px solid #A9A9A9)]
          RenderBlock (anonymous) at (6,7) size 156x20
            RenderText at (4,1) size 23x17
              text run at (4,1) width 23: "CA"
        RenderText {#text} at (0,0) size 0x0
        RenderText {#text} at (0,0) size 0x0
