layer at (0,0) size 800x600
  RenderView at (0,0) size 800x600
layer at (0,0) size 800x600
  RenderBlock {HTML} at (0,0) size 800x600
    RenderBody {BODY} at (8,8) size 784x584
      RenderBlock {P} at (0,0) size 784x36
        RenderText {#text} at (0,0) size 55x17
          text run at (0,0) width 55: "Test for "
        RenderInline {I} at (0,0) size 718x35
          RenderInline {A} at (0,0) size 306x17 [color=#0000EE]
            RenderText {#text} at (54,0) size 306x17
              text run at (54,0) width 306: "http://bugs.webkit.org/show_bug.cgi?id=13775"
          RenderText {#text} at (359,0) size 718x35
            text run at (359,0) width 5: " "
            text run at (363,0) width 355: "REGRESSION: Popup button text should use \"natural\""
            text run at (0,18) width 330: "directionality to match the items in the popup menu"
        RenderText {#text} at (329,18) size 5x17
          text run at (329,18) width 5: "."
      RenderBlock {P} at (0,52) size 784x18
        RenderText {#text} at (0,0) size 674x17
          text run at (0,0) width 519: "In all of the popup buttons below, the letter A should be on the left and the letter "
          text run at (518,0) width 9 RTL: "\x{5D0}"
          text run at (526,0) width 148: " should be on the right."
      RenderBlock {DIV} at (0,86) size 784x40
        RenderBlock {DIV} at (0,0) size 784x20
          RenderMenuList {SELECT} at (0,0) size 70x20 [bgcolor=#FFFFFF] [border: (1px solid #A9A9A9)]
            RenderBlock (anonymous) at (1,1) size 68x18
              RenderText at (4,1) size 16x16
                text run at (4,1) width 7 RTL: "\x{5D0}"
                text run at (11,1) width 9: "A"
          RenderText {#text} at (70,1) size 4x17
            text run at (70,1) width 4: " "
          RenderMenuList {SELECT} at (74,0) size 70x20 [bgcolor=#FFFFFF] [border: (1px solid #A9A9A9)]
            RenderBlock (anonymous) at (1,1) size 68x18
              RenderText at (4,1) size 16x16
                text run at (4,1) width 9: "A"
                text run at (13,1) width 7 RTL: "\x{5D0}"
          RenderText {#text} at (144,1) size 4x17
            text run at (144,1) width 4: " "
          RenderMenuList {SELECT} at (148,0) size 70x20 [bgcolor=#FFFFFF] [border: (1px solid #A9A9A9)]
            RenderBlock (anonymous) at (1,1) size 68x18
              RenderText at (4,1) size 20x16
                text run at (4,1) width 4: "("
                text run at (8,1) width 7 RTL: "\x{5D0}"
                text run at (15,1) width 9: "A"
          RenderText {#text} at (218,1) size 4x17
            text run at (218,1) width 4: " "
          RenderMenuList {SELECT} at (222,0) size 70x20 [bgcolor=#FFFFFF] [border: (1px solid #A9A9A9)]
            RenderBlock (anonymous) at (1,1) size 68x18
              RenderText at (4,1) size 20x16
                text run at (4,1) width 13: "(A"
                text run at (17,1) width 7 RTL: "\x{5D0}"
          RenderText {#text} at (0,0) size 0x0
        RenderBlock {DIV} at (0,20) size 784x20
          RenderMenuList {SELECT} at (492,0) size 70x20 [bgcolor=#FFFFFF] [border: (1px solid #A9A9A9)]
            RenderBlock (anonymous) at (1,1) size 68x18
              RenderText at (4,1) size 16x16
                text run at (4,1) width 7 RTL: "\x{5D0}"
                text run at (11,1) width 9: "A"
          RenderText {#text} at (562,1) size 4x17
            text run at (562,1) width 4: " "
          RenderMenuList {SELECT} at (566,0) size 70x20 [bgcolor=#FFFFFF] [border: (1px solid #A9A9A9)]
            RenderBlock (anonymous) at (1,1) size 68x18
              RenderText at (4,1) size 16x16
                text run at (4,1) width 9: "A"
                text run at (13,1) width 7 RTL: "\x{5D0}"
          RenderText {#text} at (636,1) size 4x17
            text run at (636,1) width 4: " "
          RenderMenuList {SELECT} at (640,0) size 70x20 [bgcolor=#FFFFFF] [border: (1px solid #A9A9A9)]
            RenderBlock (anonymous) at (1,1) size 68x18
              RenderText at (4,1) size 20x16
                text run at (4,1) width 4: "("
                text run at (8,1) width 7 RTL: "\x{5D0}"
                text run at (15,1) width 9: "A"
          RenderText {#text} at (710,1) size 4x17
            text run at (710,1) width 4: " "
          RenderMenuList {SELECT} at (714,0) size 70x20 [bgcolor=#FFFFFF] [border: (1px solid #A9A9A9)]
            RenderBlock (anonymous) at (1,1) size 68x18
              RenderText at (4,1) size 20x16
                text run at (4,1) width 13: "(A"
                text run at (17,1) width 7 RTL: "\x{5D0}"
          RenderText {#text} at (0,0) size 0x0
      RenderBlock {DIV} at (0,126) size 784x40
        RenderBlock {DIV} at (0,0) size 784x20
          RenderMenuList {SELECT} at (222,0) size 70x20 [bgcolor=#FFFFFF] [border: (1px solid #A9A9A9)]
            RenderBlock (anonymous) at (1,1) size 68x18
              RenderText at (48,1) size 16x16
                text run at (48,1) width 9: "A"
                text run at (57,1) width 7 RTL: "\x{5D0}"
          RenderText {#text} at (218,1) size 4x17
            text run at (218,1) width 4 RTL: " "
          RenderMenuList {SELECT} at (148,0) size 70x20 [bgcolor=#FFFFFF] [border: (1px solid #A9A9A9)]
            RenderBlock (anonymous) at (1,1) size 68x18
              RenderText at (48,1) size 16x16
                text run at (48,1) width 7 RTL: "\x{5D0}"
                text run at (55,1) width 9: "A"
          RenderText {#text} at (144,1) size 4x17
            text run at (144,1) width 4 RTL: " "
          RenderMenuList {SELECT} at (74,0) size 70x20 [bgcolor=#FFFFFF] [border: (1px solid #A9A9A9)]
            RenderBlock (anonymous) at (1,1) size 68x18
              RenderText at (44,1) size 20x16
                text run at (44,1) width 9: "A"
                text run at (53,1) width 11 RTL: "(\x{5D0}"
          RenderText {#text} at (70,1) size 4x17
            text run at (70,1) width 4 RTL: " "
          RenderMenuList {SELECT} at (0,0) size 70x20 [bgcolor=#FFFFFF] [border: (1px solid #A9A9A9)]
            RenderBlock (anonymous) at (1,1) size 68x18
              RenderText at (44,1) size 20x16
                text run at (44,1) width 7 RTL: "\x{5D0}"
                text run at (51,1) width 9: "A"
                text run at (60,1) width 4 RTL: "("
          RenderText {#text} at (0,0) size 0x0
        RenderBlock {DIV} at (0,20) size 784x20
          RenderMenuList {SELECT} at (714,0) size 70x20 [bgcolor=#FFFFFF] [border: (1px solid #A9A9A9)]
            RenderBlock (anonymous) at (1,1) size 68x18
              RenderText at (48,1) size 16x16
                text run at (48,1) width 9: "A"
                text run at (57,1) width 7 RTL: "\x{5D0}"
          RenderText {#text} at (710,1) size 4x17
            text run at (710,1) width 4 RTL: " "
          RenderMenuList {SELECT} at (640,0) size 70x20 [bgcolor=#FFFFFF] [border: (1px solid #A9A9A9)]
            RenderBlock (anonymous) at (1,1) size 68x18
              RenderText at (48,1) size 16x16
                text run at (48,1) width 7 RTL: "\x{5D0}"
                text run at (55,1) width 9: "A"
          RenderText {#text} at (636,1) size 4x17
            text run at (636,1) width 4 RTL: " "
          RenderMenuList {SELECT} at (566,0) size 70x20 [bgcolor=#FFFFFF] [border: (1px solid #A9A9A9)]
            RenderBlock (anonymous) at (1,1) size 68x18
              RenderText at (44,1) size 20x16
                text run at (44,1) width 9: "A"
                text run at (53,1) width 11 RTL: "(\x{5D0}"
          RenderText {#text} at (562,1) size 4x17
            text run at (562,1) width 4 RTL: " "
          RenderMenuList {SELECT} at (492,0) size 70x20 [bgcolor=#FFFFFF] [border: (1px solid #A9A9A9)]
            RenderBlock (anonymous) at (1,1) size 68x18
              RenderText at (44,1) size 20x16
                text run at (44,1) width 7 RTL: "\x{5D0}"
                text run at (51,1) width 9: "A"
                text run at (60,1) width 4 RTL: "("
          RenderText {#text} at (0,0) size 0x0
