layer at (0,0) size 800x600
  RenderView at (0,0) size 800x600
layer at (0,0) size 800x600
  RenderBlock {HTML} at (0,0) size 800x600
    RenderBody {BODY} at (8,8) size 784x584
      RenderBlock {P} at (0,0) size 784x36
        RenderText {#text} at (0,0) size 55x17
          text run at (0,0) width 55: "Test for "
        RenderInline {I} at (0,0) size 747x35
          RenderInline {A} at (0,0) size 306x17 [color=#0000EE]
            RenderText {#text} at (54,0) size 306x17
              text run at (54,0) width 306: "http://bugs.webkit.org/show_bug.cgi?id=12986"
          RenderText {#text} at (359,0) size 747x35
            text run at (359,0) width 5: " "
            text run at (363,0) width 384: "REGRESSION(NativeListBox): Listboxes not updated when"
            text run at (0,18) width 128: "resized dynamically"
        RenderText {#text} at (127,18) size 5x17
          text run at (127,18) width 5: "."
      RenderBlock {P} at (0,52) size 784x18
        RenderText {#text} at (0,0) size 324x17
          text run at (0,0) width 324: "This list box should be tall enough to fit 6 options."
      RenderBlock (anonymous) at (0,86) size 784x104
        RenderText {#text} at (0,0) size 0x0
        RenderText {#text} at (0,0) size 0x0
layer at (8,94) size 53x104 clip at (9,95) size 36x102
  RenderListBox {SELECT} at (0,0) size 53x104 [bgcolor=#FFFFFF] [border: (1px solid #A9A9A9)]
    RenderBlock {OPTION} at (1,1) size 36x17
      RenderText {#text} at (2,0) size 24x16
        text run at (2,0) width 24: "One"
    RenderBlock {OPTION} at (1,18) size 36x17
      RenderText {#text} at (2,0) size 23x16
        text run at (2,0) width 23: "Two"
    RenderBlock {OPTION} at (1,35) size 36x17
      RenderText {#text} at (2,0) size 32x16
        text run at (2,0) width 32: "Three"
    RenderBlock {OPTION} at (1,52) size 36x17
      RenderText {#text} at (2,0) size 26x16
        text run at (2,0) width 26: "Four"
    RenderBlock {OPTION} at (1,69) size 36x17
      RenderText {#text} at (2,0) size 23x16
        text run at (2,0) width 23: "Five"
    RenderBlock {OPTION} at (1,86) size 36x17
      RenderText {#text} at (2,0) size 19x16
        text run at (2,0) width 19: "Six"
