layer at (0,0) size 800x600
  RenderView at (0,0) size 800x600
layer at (0,0) size 800x600
  RenderBlock {HTML} at (0,0) size 800x600
    RenderBody {BODY} at (8,8) size 784x584
      RenderText {#text} at (0,0) size 450x17
        text run at (0,0) width 450: "This tests that you can dynamically change a list box to a popup menu"
      RenderBR {BR} at (449,14) size 1x0
      RenderMenuList {SELECT} at (0,18) size 228x20 [bgcolor=#FFFFFF] [border: (1px solid #A9A9A9)]
        RenderBlock (anonymous) at (1,1) size 226x18
          RenderText at (4,1) size 203x16
            text run at (4,1) width 203: "This should turn into a popup menu"
      RenderText {#text} at (0,0) size 0x0
