layer at (0,0) size 800x600
  RenderView at (0,0) size 800x600
layer at (0,0) size 800x600
  RenderBlock {HTML} at (0,0) size 800x600
    RenderBody {BODY} at (8,8) size 784x584
      RenderText {#text} at (0,0) size 0x0
layer at (8,8) size 56x138 clip at (9,9) size 39x121 scrollHeight 170
  RenderListBox {SELECT} at (0,0) size 56x138 [bgcolor=#FFFFFF] [border: (1px solid #A9A9A9)]
    RenderBlock {OPTION} at (1,1) size 39x17
      RenderText {#text} at (2,0) size 24x16
        text run at (2,0) width 24: "One"
    RenderBlock {OPTION} at (1,18) size 39x17
      RenderText {#text} at (2,0) size 23x16
        text run at (2,0) width 23: "Two"
    RenderBlock {OPTION} at (1,35) size 39x17
      RenderText {#text} at (2,0) size 32x16
        text run at (2,0) width 32: "Three"
    RenderBlock {OPTION} at (1,52) size 39x17
      RenderText {#text} at (2,0) size 26x16
        text run at (2,0) width 26: "Four"
    RenderBlock {OPTION} at (1,69) size 39x17
      RenderText {#text} at (2,0) size 23x16
        text run at (2,0) width 23: "Five"
    RenderBlock {OPTION} at (1,86) size 39x17
      RenderText {#text} at (2,0) size 19x16
        text run at (2,0) width 19: "Six"
    RenderBlock {OPTION} at (1,103) size 39x17
      RenderText {#text} at (2,0) size 35x16
        text run at (2,0) width 35: "Seven"
    RenderBlock {OPTION} at (1,120) size 39x17
      RenderText {#text} at (2,0) size 30x16
        text run at (2,0) width 30: "Eight"
    RenderBlock {OPTION} at (1,137) size 39x17
      RenderText {#text} at (2,0) size 26x16
        text run at (2,0) width 26: "Nine"
    RenderBlock {OPTION} at (1,154) size 39x17
      RenderText {#text} at (2,0) size 21x16
        text run at (2,0) width 21: "Ten"
