layer at (0,0) size 800x600
  RenderView at (0,0) size 800x600
layer at (0,0) size 800x600
  RenderBlock {HTML} at (0,0) size 800x600
    RenderBody {BODY} at (8,8) size 784x584
      RenderText {#text} at (0,0) size 98x17
        text run at (0,0) width 98: "initial selected:"
      RenderBR {BR} at (97,14) size 1x0
      RenderText {#text} at (155,71) size 4x17
        text run at (155,71) width 4: " "
      RenderBR {BR} at (159,85) size 0x0
      RenderText {#text} at (0,89) size 165x17
        text run at (0,89) width 165: "dynamic selected change:"
      RenderBR {BR} at (164,103) size 1x0
      RenderText {#text} at (155,160) size 4x17
        text run at (155,160) width 4: " "
      RenderText {#text} at (0,0) size 0x0
      RenderBR {BR} at (0,0) size 0x0
      RenderText {#text} at (0,178) size 217x17
        text run at (0,178) width 217: "dynamic insert of selected option:"
      RenderBR {BR} at (216,192) size 1x0
      RenderText {#text} at (155,249) size 4x17
        text run at (155,249) width 4: " "
      RenderBR {BR} at (159,263) size 0x0
      RenderText {#text} at (0,267) size 98x17
        text run at (0,267) width 98: "initial selected:"
      RenderBR {BR} at (97,281) size 1x0
      RenderMenuList {SELECT} at (0,285) size 159x20 [bgcolor=#FFFFFF] [border: (1px solid #A9A9A9)]
        RenderBlock (anonymous) at (1,1) size 157x18
          RenderText at (4,1) size 134x16
            text run at (4,1) width 134: "this should be selected"
      RenderText {#text} at (159,286) size 4x17
        text run at (159,286) width 4: " "
      RenderBR {BR} at (163,300) size 0x0
      RenderText {#text} at (0,305) size 165x17
        text run at (0,305) width 165: "dynamic selected change:"
      RenderBR {BR} at (164,319) size 1x0
      RenderMenuList {SELECT} at (0,323) size 159x20 [bgcolor=#FFFFFF] [border: (1px solid #A9A9A9)]
        RenderBlock (anonymous) at (1,1) size 157x18
          RenderText at (4,1) size 134x16
            text run at (4,1) width 134: "this should be selected"
      RenderText {#text} at (159,324) size 4x17
        text run at (159,324) width 4: " "
      RenderText {#text} at (0,0) size 0x0
      RenderBR {BR} at (0,0) size 0x0
      RenderText {#text} at (0,343) size 217x17
        text run at (0,343) width 217: "dynamic insert of selected option:"
      RenderBR {BR} at (216,357) size 1x0
      RenderMenuList {SELECT} at (0,361) size 159x20 [bgcolor=#FFFFFF] [border: (1px solid #A9A9A9)]
        RenderBlock (anonymous) at (1,1) size 157x18
          RenderText at (4,1) size 134x16
            text run at (4,1) width 134: "this should be selected"
      RenderText {#text} at (0,0) size 0x0
layer at (8,26) size 155x70 clip at (9,27) size 138x68 scrollY 119.00 scrollHeight 238
  RenderListBox {SELECT} at (0,18) size 155x70 [bgcolor=#FFFFFF] [border: (1px solid #A9A9A9)]
    RenderBlock {OPTION} at (1,1) size 138x17
      RenderText {#text} at (2,0) size 18x16
        text run at (2,0) width 18: "opt"
    RenderBlock {OPTION} at (1,18) size 138x17
      RenderText {#text} at (2,0) size 18x16
        text run at (2,0) width 18: "opt"
    RenderBlock {OPTION} at (1,35) size 138x17
      RenderText {#text} at (2,0) size 18x16
        text run at (2,0) width 18: "opt"
    RenderBlock {OPTION} at (1,52) size 138x17
      RenderText {#text} at (2,0) size 18x16
        text run at (2,0) width 18: "opt"
    RenderBlock {OPTION} at (1,69) size 138x17
      RenderText {#text} at (2,0) size 18x16
        text run at (2,0) width 18: "opt"
    RenderBlock {OPTION} at (1,86) size 138x17
      RenderText {#text} at (2,0) size 18x16
        text run at (2,0) width 18: "opt"
    RenderBlock {OPTION} at (1,103) size 138x17
      RenderText {#text} at (2,0) size 18x16
        text run at (2,0) width 18: "opt"
    RenderBlock {OPTION} at (1,120) size 138x17
      RenderText {#text} at (2,0) size 18x16
        text run at (2,0) width 18: "opt"
    RenderBlock {OPTION} at (1,137) size 138x17
      RenderText {#text} at (2,0) size 18x16
        text run at (2,0) width 18: "opt"
    RenderBlock {OPTION} at (1,154) size 138x17
      RenderText {#text} at (2,0) size 18x16
        text run at (2,0) width 18: "opt"
    RenderBlock {OPTION} at (1,171) size 138x17 [color=#FFFFFF] [bgcolor=#999999]
      RenderText {#text} at (2,0) size 134x16
        text run at (2,0) width 134: "this should be selected"
    RenderBlock {OPTION} at (1,188) size 138x17
      RenderText {#text} at (2,0) size 18x16
        text run at (2,0) width 18: "opt"
    RenderBlock {OPTION} at (1,205) size 138x17
      RenderText {#text} at (2,0) size 18x16
        text run at (2,0) width 18: "opt"
    RenderBlock {OPTION} at (1,222) size 138x17
      RenderText {#text} at (2,0) size 18x16
        text run at (2,0) width 18: "opt"
layer at (8,115) size 155x70 clip at (9,116) size 138x68 scrollY 119.00 scrollHeight 238
  RenderListBox {SELECT} at (0,107) size 155x70 [bgcolor=#FFFFFF] [border: (1px solid #A9A9A9)]
    RenderBlock {OPTION} at (1,1) size 138x17
      RenderText {#text} at (2,0) size 18x16
        text run at (2,0) width 18: "opt"
    RenderBlock {OPTION} at (1,18) size 138x17
      RenderText {#text} at (2,0) size 18x16
        text run at (2,0) width 18: "opt"
    RenderBlock {OPTION} at (1,35) size 138x17
      RenderText {#text} at (2,0) size 18x16
        text run at (2,0) width 18: "opt"
    RenderBlock {OPTION} at (1,52) size 138x17
      RenderText {#text} at (2,0) size 18x16
        text run at (2,0) width 18: "opt"
    RenderBlock {OPTION} at (1,69) size 138x17
      RenderText {#text} at (2,0) size 18x16
        text run at (2,0) width 18: "opt"
    RenderBlock {OPTION} at (1,86) size 138x17
      RenderText {#text} at (2,0) size 18x16
        text run at (2,0) width 18: "opt"
    RenderBlock {OPTION} at (1,103) size 138x17
      RenderText {#text} at (2,0) size 18x16
        text run at (2,0) width 18: "opt"
    RenderBlock {OPTION} at (1,120) size 138x17
      RenderText {#text} at (2,0) size 18x16
        text run at (2,0) width 18: "opt"
    RenderBlock {OPTION} at (1,137) size 138x17
      RenderText {#text} at (2,0) size 18x16
        text run at (2,0) width 18: "opt"
    RenderBlock {OPTION} at (1,154) size 138x17
      RenderText {#text} at (2,0) size 18x16
        text run at (2,0) width 18: "opt"
    RenderBlock {OPTION} at (1,171) size 138x17 [color=#FFFFFF] [bgcolor=#999999]
      RenderText {#text} at (2,0) size 134x16
        text run at (2,0) width 134: "this should be selected"
    RenderBlock {OPTION} at (1,188) size 138x17
      RenderText {#text} at (2,0) size 18x16
        text run at (2,0) width 18: "opt"
    RenderBlock {OPTION} at (1,205) size 138x17
      RenderText {#text} at (2,0) size 18x16
        text run at (2,0) width 18: "opt"
    RenderBlock {OPTION} at (1,222) size 138x17
      RenderText {#text} at (2,0) size 18x16
        text run at (2,0) width 18: "opt"
layer at (8,204) size 155x70 clip at (9,205) size 138x68 scrollY 51.00 scrollHeight 136
  RenderListBox {SELECT} at (0,196) size 155x70 [bgcolor=#FFFFFF] [border: (1px solid #A9A9A9)]
    RenderBlock {OPTION} at (1,1) size 138x17
      RenderText {#text} at (2,0) size 18x16
        text run at (2,0) width 18: "opt"
    RenderBlock {OPTION} at (1,18) size 138x17
      RenderText {#text} at (2,0) size 18x16
        text run at (2,0) width 18: "opt"
    RenderBlock {OPTION} at (1,35) size 138x17
      RenderText {#text} at (2,0) size 18x16
        text run at (2,0) width 18: "opt"
    RenderBlock {OPTION} at (1,52) size 138x17
      RenderText {#text} at (2,0) size 18x16
        text run at (2,0) width 18: "opt"
    RenderBlock {OPTION} at (1,69) size 138x17
      RenderText {#text} at (2,0) size 18x16
        text run at (2,0) width 18: "opt"
    RenderBlock {OPTION} at (1,86) size 138x17
      RenderText {#text} at (2,0) size 18x16
        text run at (2,0) width 18: "opt"
    RenderBlock {OPTION} at (1,103) size 138x17 [color=#FFFFFF] [bgcolor=#999999]
      RenderText {#text} at (2,0) size 134x16
        text run at (2,0) width 134: "this should be selected"
    RenderBlock {OPTION} at (1,120) size 138x17
      RenderText {#text} at (2,0) size 18x16
        text run at (2,0) width 18: "opt"
