layer at (0,0) size 800x600
  RenderView at (0,0) size 800x600
layer at (0,0) size 800x600
  RenderBlock {HTML} at (0,0) size 800x600
    RenderBody {BODY} at (8,8) size 784x584
      RenderText {#text} at (0,0) size 455x17
        text run at (0,0) width 455: "This tests that you can tab out of a text field if an iframe comes after it."
      RenderBR {BR} at (454,14) size 1x0
      RenderTextControl {INPUT} at (0,154) size 173x22 [bgcolor=#FFFFFF] [border: (2px inset #EEEEEE)]
      RenderText {#text} at (173,156) size 4x17
        text run at (173,156) width 4: " "
      RenderText {#text} at (479,156) size 4x17
        text run at (479,156) width 4: " "
      RenderTextControl {INPUT} at (483,154) size 173x22 [bgcolor=#FFFFFF] [border: (2px inset #EEEEEE)]
      RenderText {#text} at (0,0) size 0x0
layer at (10,165) size 169x16
  RenderBlock {DIV} at (2,3) size 169x16
layer at (185,26) size 302x152
  RenderPartObject {IFRAME} at (177,18) size 302x152 [border: (1px solid #000000)]
    layer at (0,0) size 300x150
      RenderView at (0,0) size 300x150
    layer at (0,0) size 300x150
      RenderBlock {HTML} at (0,0) size 300x150
        RenderBody {BODY} at (8,8) size 284x134
layer at (493,165) size 169x16
  RenderBlock {DIV} at (2,3) size 169x16
    RenderText {#text} at (0,0) size 131x16
      text run at (0,0) width 131: "This should have focus"
selection start: position 0 of child 0 {#text} of child 0 {DIV} of {#document-fragment} of child 7 {INPUT} of body
selection end:   position 22 of child 0 {#text} of child 0 {DIV} of {#document-fragment} of child 7 {INPUT} of body
