CONSOLE MESSAGE: line 50: [object DataTransfer]
layer at (0,0) size 800x600
  RenderView at (0,0) size 800x600
layer at (0,0) size 800x192
  RenderBlock {HTML} at (0,0) size 800x192
    RenderBody {BODY} at (8,8) size 784x174
      RenderBlock {DIV} at (0,0) size 102x102 [border: (1px solid #000000)]
      RenderBlock {FORM} at (0,152) size 784x22
        RenderBlock {P} at (0,0) size 784x22
          RenderFileUploadControl {INPUT} at (0,0) size 238x22 "hello.txt"
            RenderButton {INPUT} at (0,0) size 85x22 [bgcolor=#C0C0C0] [border: (2px outset #C0C0C0)]
              RenderBlock (anonymous) at (8,3) size 69x16
                RenderText {#text} at (0,0) size 69x16
                  text run at (0,0) width 69: "Choose File"
          RenderText {#text} at (0,0) size 0x0
