layer at (0,0) size 800x600
  RenderView at (0,0) size 800x600
layer at (0,0) size 800x600
  RenderBlock {HTML} at (0,0) size 800x600
    RenderBody {BODY} at (8,8) size 784x584
      RenderBlock {H2} at (0,0) size 784x24
        RenderText {#text} at (0,0) size 219x24
          text run at (0,0) width 219: "Block Collapse Demo"
      RenderBlock {P} at (0,43.91) size 784x16
        RenderText {#text} at (0,0) size 701x16
          text run at (0,0) width 311: "This table below has three hierarchical sections. "
          text run at (310,0) width 391: "Collapsing a section should cause those below it to move up."
      RenderBlock {P} at (0,75.91) size 784x16
        RenderText {#text} at (0,0) size 777x16
          text run at (0,0) width 777: "This works on the latest Windows IE and Mozilla Firefox (Win and Mac) but not on Safari 1.2.3 (v125.9) {or 2.0 (146)}."
      RenderBlock {P} at (0,107.91) size 784x16
        RenderText {#text} at (0,0) size 760x16
          text run at (0,0) width 588: "Note that the second section is collapsed when the page opens and expanding it works fine. "
          text run at (587,0) width 173: "Just the collapse is broken."
      RenderBlock {DIV} at (0,139.91) size 784x142
        RenderBlock {HR} at (0,0) size 784x2 [border: (1px inset #EEEEEE)]
        RenderBlock {DIV} at (0,10) size 784x20
          RenderImage {IMG} at (0,0) size 16x16
          RenderText {#text} at (16,4) size 76x16
            text run at (16,4) width 76: " Block One"
        RenderBlock {DIV} at (0,30) size 784x20
          RenderImage {IMG} at (0,0) size 16x16
          RenderText {#text} at (16,4) size 78x16
            text run at (16,4) width 78: " Block Two"
        RenderBlock {DIV} at (0,50) size 784x20
          RenderImage {IMG} at (0,0) size 16x16
          RenderText {#text} at (16,4) size 88x16
            text run at (16,4) width 88: " Block Three"
        RenderBlock {DIV} at (0,70) size 784x62
          RenderTable {TABLE} at (0,0) size 784x62
            RenderTableSection {TBODY} at (0,0) size 784x62
              RenderTableRow {TR} at (0,2) size 784x18
                RenderTableCell {TD} at (2,2) size 32x18 [r=0 c=0 rs=1 cs=1]
                  RenderText {#text} at (1,1) size 4x16
                    text run at (1,1) width 4: " "
                RenderTableCell {TD} at (36,2) size 746x18 [r=0 c=1 rs=1 cs=1]
                  RenderText {#text} at (1,1) size 67x16
                    text run at (1,1) width 67: "This is the"
              RenderTableRow {TR} at (0,22) size 784x18
                RenderTableCell {TD} at (2,22) size 32x18 [r=1 c=0 rs=1 cs=1]
                  RenderText {#text} at (1,1) size 4x16
                    text run at (1,1) width 4: " "
                RenderTableCell {TD} at (36,22) size 746x18 [r=1 c=1 rs=1 cs=1]
                  RenderText {#text} at (1,1) size 71x16
                    text run at (1,1) width 71: "contents of"
              RenderTableRow {TR} at (0,42) size 784x18
                RenderTableCell {TD} at (2,42) size 32x18 [r=2 c=0 rs=1 cs=1]
                  RenderText {#text} at (1,1) size 4x16
                    text run at (1,1) width 4: " "
                RenderTableCell {TD} at (36,42) size 746x18 [r=2 c=1 rs=1 cs=1]
                  RenderText {#text} at (1,1) size 76x16
                    text run at (1,1) width 76: "block three."
        RenderBlock {HR} at (0,140) size 784x2 [border: (1px inset #EEEEEE)]
hidden layer at (8,178) size 111x62
  RenderBlock (positioned) {DIV} at (8,177.91) size 111x62
    RenderTable {TABLE} at (0,0) size 111x62
      RenderTableSection {TBODY} at (0,0) size 111x62
        RenderTableRow {TR} at (0,2) size 111x18
          RenderTableCell {TD} at (2,2) size 32x18 [r=0 c=0 rs=1 cs=1]
            RenderText {#text} at (1,1) size 4x16
              text run at (1,1) width 4: " "
          RenderTableCell {TD} at (36,2) size 73x18 [r=0 c=1 rs=1 cs=1]
            RenderText {#text} at (1,1) size 67x16
              text run at (1,1) width 67: "This is the"
        RenderTableRow {TR} at (0,22) size 111x18
          RenderTableCell {TD} at (2,22) size 32x18 [r=1 c=0 rs=1 cs=1]
            RenderText {#text} at (1,1) size 4x16
              text run at (1,1) width 4: " "
          RenderTableCell {TD} at (36,22) size 73x18 [r=1 c=1 rs=1 cs=1]
            RenderText {#text} at (1,1) size 71x16
              text run at (1,1) width 71: "contents of"
        RenderTableRow {TR} at (0,42) size 111x18
          RenderTableCell {TD} at (2,42) size 32x18 [r=2 c=0 rs=1 cs=1]
            RenderText {#text} at (1,1) size 4x16
              text run at (1,1) width 4: " "
          RenderTableCell {TD} at (36,42) size 73x18 [r=2 c=1 rs=1 cs=1]
            RenderText {#text} at (1,1) size 67x16
              text run at (1,1) width 67: "block one."
hidden layer at (8,198) size 111x62
  RenderBlock (positioned) {DIV} at (8,197.91) size 111x62
    RenderTable {TABLE} at (0,0) size 111x62
      RenderTableSection {TBODY} at (0,0) size 111x62
        RenderTableRow {TR} at (0,2) size 111x18
          RenderTableCell {TD} at (2,2) size 32x18 [r=0 c=0 rs=1 cs=1]
            RenderText {#text} at (1,1) size 4x16
              text run at (1,1) width 4: " "
          RenderTableCell {TD} at (36,2) size 73x18 [r=0 c=1 rs=1 cs=1]
            RenderText {#text} at (1,1) size 67x16
              text run at (1,1) width 67: "This is the"
        RenderTableRow {TR} at (0,22) size 111x18
          RenderTableCell {TD} at (2,22) size 32x18 [r=1 c=0 rs=1 cs=1]
            RenderText {#text} at (1,1) size 4x16
              text run at (1,1) width 4: " "
          RenderTableCell {TD} at (36,22) size 73x18 [r=1 c=1 rs=1 cs=1]
            RenderText {#text} at (1,1) size 71x16
              text run at (1,1) width 71: "contents of"
        RenderTableRow {TR} at (0,42) size 111x18
          RenderTableCell {TD} at (2,42) size 32x18 [r=2 c=0 rs=1 cs=1]
            RenderText {#text} at (1,1) size 4x16
              text run at (1,1) width 4: " "
          RenderTableCell {TD} at (36,42) size 73x18 [r=2 c=1 rs=1 cs=1]
            RenderText {#text} at (1,1) size 68x16
              text run at (1,1) width 68: "block two."
