layer at (0,0) size 800x600
  RenderView at (0,0) size 800x600
layer at (0,0) size 800x600
  RenderBlock {HTML} at (0,0) size 800x600
    RenderBody {BODY} at (8,8) size 784x584
      RenderBlock {P} at (0,0) size 784x16
        RenderText {#text} at (0,0) size 567x16
          text run at (0,0) width 567: "You should see three rows below labeled \"row 1\", \"row 2\", \"row 3\", from top to bottom."
      RenderTable {TABLE} at (0,32) size 43x62
        RenderTableSection {TBODY} at (0,0) size 43x62
          RenderTableRow {TR} at (0,2) size 43x18
            RenderTableCell {TD} at (2,2) size 39x18 [r=0 c=0 rs=1 cs=1]
              RenderText {#text} at (1,1) size 37x16
                text run at (1,1) width 37: "row 1"
          RenderTableRow {TR} at (0,22) size 43x18
            RenderTableCell {TD} at (2,22) size 39x18 [r=1 c=0 rs=1 cs=1]
              RenderText {#text} at (1,1) size 37x16
                text run at (1,1) width 37: "row 2"
          RenderTableRow {TR} at (0,42) size 43x18
            RenderTableCell {TD} at (2,42) size 39x18 [r=2 c=0 rs=1 cs=1]
              RenderText {#text} at (1,1) size 37x16
                text run at (1,1) width 37: "row 3"
