CONSOLE ERROR: line 16: Uncaught IndexSizeError: Failed to execute 'insertRow' on 'HTMLTableElement': The index provided (100) is greater than the number of rows in the table (6).
layer at (0,0) size 800x600
  RenderView at (0,0) size 800x600
layer at (0,0) size 800x600
  RenderBlock {HTML} at (0,0) size 800x600
    RenderBody {BODY} at (8,8) size 784x584
      RenderBlock {P} at (0,0) size 784x32
        RenderText {#text} at (0,0) size 759x32
          text run at (0,0) width 759: "You should see a table with 6 rows, labeled \"Row_0\", \"Row_1\", \"Row_2\", \"Row_3\", \"Row_4\", \"Row_5\", from top to"
          text run at (0,16) width 50: "bottom."
      RenderTable {TABLE} at (0,48) size 57x136 [border: (1px outset #808080)]
        RenderTableSection {TBODY} at (1,1) size 55x134
          RenderTableRow {TR} at (0,2) size 55x20
            RenderTableCell {TD} at (2,2) size 51x20 [border: (1px inset #808080)] [r=0 c=0 rs=1 cs=1]
              RenderText {#text} at (2,2) size 47x16
                text run at (2,2) width 47: "Row_0"
          RenderTableRow {TR} at (0,24) size 55x20
            RenderTableCell {TD} at (2,24) size 51x20 [border: (1px inset #808080)] [r=1 c=0 rs=1 cs=1]
              RenderText {#text} at (2,2) size 47x16
                text run at (2,2) width 47: "Row_1"
          RenderTableRow {TR} at (0,46) size 55x20
            RenderTableCell {TD} at (2,46) size 51x20 [border: (1px inset #808080)] [r=2 c=0 rs=1 cs=1]
              RenderText {#text} at (2,2) size 47x16
                text run at (2,2) width 47: "Row_2"
          RenderTableRow {TR} at (0,68) size 55x20
            RenderTableCell {TD} at (2,68) size 51x20 [border: (1px inset #808080)] [r=3 c=0 rs=1 cs=1]
              RenderText {#text} at (2,2) size 47x16
                text run at (2,2) width 47: "Row_3"
          RenderTableRow {TR} at (0,90) size 55x20
            RenderTableCell {TD} at (2,90) size 51x20 [border: (1px inset #808080)] [r=4 c=0 rs=1 cs=1]
              RenderText {#text} at (2,2) size 47x16
                text run at (2,2) width 47: "Row_4"
          RenderTableRow {TR} at (0,112) size 55x20
            RenderTableCell {TD} at (2,112) size 51x20 [border: (1px inset #808080)] [r=5 c=0 rs=1 cs=1]
              RenderText {#text} at (2,2) size 47x16
                text run at (2,2) width 47: "Row_5"
