layer at (0,0) size 785x2109
  RenderView at (0,0) size 785x600
layer at (0,0) size 785x2109
  RenderBlock {HTML} at (0,0) size 785x2109.44
    RenderBody {BODY} at (8,8) size 769x2093.44
      RenderBlock {H1} at (0,0) size 769x32
        RenderText {#text} at (0,0) size 181x32
          text run at (0,0) width 181: "Anchor Lock"
      RenderBlock {P} at (0,53.44) size 769x32
        RenderText {#text} at (0,0) size 755x32
          text run at (0,0) width 755: "This tests WebKit's ability to lock to an anchor and maintain focus on it as images are loaded above and below it. The"
          text run at (0,16) width 376: "Anchor text should be visible and this message should not."
      RenderBlock {P} at (0,101.44) size 769x200
        RenderImage {IMG} at (0,0) size 200x200
      RenderBlock {P} at (0,317.44) size 769x200
        RenderImage {IMG} at (0,0) size 200x200
      RenderBlock {P} at (0,533.44) size 769x200
        RenderImage {IMG} at (0,0) size 200x200
      RenderBlock {P} at (0,749.44) size 769x200
        RenderImage {IMG} at (0,0) size 200x200
      RenderBlock (anonymous) at (0,965.44) size 769x16
        RenderInline {A} at (0,0) size 313x16
          RenderText {#text} at (0,0) size 313x16
            text run at (0,0) width 313: "Anchor text - this should be the only visible text."
        RenderText {#text} at (0,0) size 0x0
      RenderBlock {P} at (0,997.44) size 769x200
        RenderImage {IMG} at (0,0) size 200x200
      RenderBlock {P} at (0,1213.44) size 769x200
        RenderImage {IMG} at (0,0) size 200x200
      RenderBlock {P} at (0,1429.44) size 769x200
        RenderImage {IMG} at (0,0) size 200x200
      RenderBlock {P} at (0,1645.44) size 769x200
        RenderImage {IMG} at (0,0) size 200x200
      RenderBlock {P} at (0,1861.44) size 769x200
        RenderImage {IMG} at (0,0) size 200x200
      RenderBlock (anonymous) at (0,2077.44) size 769x16
        RenderText {#text} at (0,0) size 60x16
          text run at (0,0) width 60: "#anchor1"
scrolled to 0,973
