layer at (0,0) size 800x600
  RenderView at (0,0) size 800x600
layer at (0,0) size 800x600
  RenderBlock {HTML} at (0,0) size 800x600
    RenderBody {BODY} at (8,8) size 784x584
      RenderBlock {P} at (0,0) size 784x32
        RenderText {#text} at (0,0) size 177x16
          text run at (0,0) width 177: "This is a regression test for "
        RenderInline {I} at (0,0) size 773x32
          RenderInline {A} at (0,0) size 307x16 [color=#0000EE]
            RenderText {#text} at (176,0) size 307x16
              text run at (176,0) width 307: "http://bugs.webkit.org/show_bug.cgi?id=11672"
          RenderText {#text} at (482,0) size 773x32
            text run at (482,0) width 5: " "
            text run at (486,0) width 287: "REGRESSION (r17068): Repro crash due to"
            text run at (0,16) width 150: "painting without layout"
        RenderText {#text} at (149,16) size 131x16
          text run at (149,16) width 131: ". It should not crash."
layer at (8,56) size 6x6
  RenderTable {TABLE} at (0,48) size 6x6
    RenderTableSection {TBODY} at (0,0) size 6x6
      RenderTableRow {TR} at (0,2) size 6x2
        RenderTableCell {TD} at (2,2) size 2x2 [r=0 c=0 rs=1 cs=1]
layer at (11,59) size 43x32
  RenderBlock (positioned) {DIV} at (3,3) size 42.66x32
    RenderText {#text} at (0,0) size 43x32
      text run at (0,0) width 43: "Lorem"
      text run at (0,16) width 40: "ipsum"
