layer at (0,0) size 800x600
  RenderView at (0,0) size 800x600
layer at (0,0) size 800x600
  RenderBlock {HTML} at (0,0) size 800x600
    RenderBody {BODY} at (8,8) size 784x584
      RenderBlock {P} at (0,0) size 784x32
        RenderText {#text} at (0,0) size 55x16
          text run at (0,0) width 55: "Test for "
        RenderInline {I} at (0,0) size 754x32
          RenderInline {A} at (0,0) size 306x16 [color=#0000EE]
            RenderText {#text} at (54,0) size 306x16
              text run at (54,0) width 306: "http://bugs.webkit.org/show_bug.cgi?id=14134"
          RenderText {#text} at (359,0) size 754x32
            text run at (359,0) width 5: " "
            text run at (363,0) width 391: "REGRESSION (r25353): Whitespace nodes ignored between"
            text run at (0,16) width 98: "inline list items"
        RenderText {#text} at (97,16) size 5x16
          text run at (97,16) width 5: "."
      RenderBlock {P} at (0,48) size 784x16
        RenderText {#text} at (0,0) size 760x16
          text run at (0,0) width 475: "This tests that whitespace-only text nodes get renderers when they should "
          text run at (474,0) width 286: "even if initially they did not need a renderer."
      RenderBlock {P} at (0,80) size 784x16
        RenderText {#text} at (0,0) size 358x16
          text run at (0,0) width 358: "The left column should be identical to the right column."
      RenderTable {TABLE} at (0,112) size 201x92 [border: none]
        RenderTableSection {TBODY} at (0,0) size 200x91
          RenderTableRow {TR} at (0,0) size 200x25
            RenderTableCell {TD} at (0,0) size 100x25 [border: (1px solid #000000)] [r=0 c=0 rs=1 cs=1]
              RenderBlock {DIV} at (5,5) size 91x16
                RenderText {#text} at (0,0) size 24x16
                  text run at (0,0) width 24: "wet"
                RenderText {#text} at (23,0) size 5x16
                  text run at (23,0) width 5: " "
                RenderText {#text} at (27,0) size 24x16
                  text run at (27,0) width 24: "suit"
            RenderTableCell {TD} at (100,0) size 100x25 [border: (1px solid #000000)] [r=0 c=1 rs=1 cs=1]
              RenderBlock {DIV} at (5,5) size 91x16
                RenderText {#text} at (0,0) size 51x16
                  text run at (0,0) width 51: "wet suit"
          RenderTableRow {TR} at (0,25) size 200x41
            RenderTableCell {TD} at (0,25) size 100x41 [border: (1px solid #000000)] [r=1 c=0 rs=1 cs=1]
              RenderBlock {UL} at (5,5) size 91x16
                RenderInline {LI} at (0,0) size 24x16
                  RenderText {#text} at (40,0) size 24x16
                    text run at (40,0) width 24: "wet"
                RenderText {#text} at (63,0) size 5x16
                  text run at (63,0) width 5: " "
                RenderInline {LI} at (0,0) size 24x16
                  RenderText {#text} at (67,0) size 24x16
                    text run at (67,0) width 24: "suit"
                RenderText {#text} at (0,0) size 0x0
            RenderTableCell {TD} at (100,25) size 100x41 [border: (1px solid #000000)] [r=1 c=1 rs=1 cs=1]
              RenderBlock {UL} at (5,5) size 91x16
                RenderInline {LI} at (0,0) size 24x16
                  RenderText {#text} at (40,0) size 24x16
                    text run at (40,0) width 24: "wet"
                RenderText {#text} at (63,0) size 5x16
                  text run at (63,0) width 5: " "
                RenderInline {LI} at (0,0) size 24x16
                  RenderText {#text} at (67,0) size 24x16
                    text run at (67,0) width 24: "suit"
                RenderText {#text} at (0,0) size 0x0
          RenderTableRow {TR} at (0,66) size 200x25
            RenderTableCell {TD} at (0,66) size 100x25 [border: (1px solid #000000)] [r=2 c=0 rs=1 cs=1]
              RenderBlock {DIV} at (5,5) size 91x16
                RenderInline {DIV} at (0,0) size 24x16
                  RenderText {#text} at (0,0) size 24x16
                    text run at (0,0) width 24: "wet"
                RenderText {#text} at (23,0) size 5x16
                  text run at (23,0) width 5: " "
                RenderInline {DIV} at (0,0) size 24x16
                  RenderText {#text} at (27,0) size 24x16
                    text run at (27,0) width 24: "suit"
                RenderText {#text} at (0,0) size 0x0
            RenderTableCell {TD} at (100,66) size 100x25 [border: (1px solid #000000)] [r=2 c=1 rs=1 cs=1]
              RenderBlock {DIV} at (5,5) size 91x16
                RenderInline {DIV} at (0,0) size 24x16
                  RenderText {#text} at (0,0) size 24x16
                    text run at (0,0) width 24: "wet"
                RenderText {#text} at (23,0) size 5x16
                  text run at (23,0) width 5: " "
                RenderInline {DIV} at (0,0) size 24x16
                  RenderText {#text} at (27,0) size 24x16
                    text run at (27,0) width 24: "suit"
                RenderText {#text} at (0,0) size 0x0
