layer at (0,0) size 785x608
  RenderView at (0,0) size 785x600
layer at (0,0) size 785x608
  RenderBlock {HTML} at (0,0) size 785x608
    RenderBody {BODY} at (8,8) size 769x592
      RenderBlock {P} at (0,0) size 769x16
        RenderText {#text} at (0,0) size 55x16
          text run at (0,0) width 55: "Test for "
        RenderInline {I} at (0,0) size 640x16
          RenderInline {A} at (0,0) size 306x16 [color=#0000EE]
            RenderText {#text} at (54,0) size 306x16
              text run at (54,0) width 306: "http://bugs.webkit.org/show_bug.cgi?id=15362"
          RenderText {#text} at (359,0) size 335x16
            text run at (359,0) width 5: " "
            text run at (363,0) width 331: "Safari Crashes when opening a JS TreeGrid widget"
        RenderText {#text} at (693,0) size 5x16
          text run at (693,0) width 5: "."
      RenderBlock {P} at (0,32) size 769x64
        RenderText {#text} at (0,0) size 766x64
          text run at (0,0) width 687: "The test sets up an inline parent with a child that is some kind of table part. The child gets broken off into a"
          text run at (0,16) width 742: "continuation and anonymous table parts get created below and/or above the table parts. Then the test tries to insert a"
          text run at (0,32) width 766: "new child into the inline, specifying the table part as the \"before child\". The resulting render tree should look just like it"
          text run at (0,48) width 238: "would look if the parent was a block."
      RenderBlock {DIV} at (0,112) size 769x32
        RenderBlock (anonymous) at (0,0) size 769x16
          RenderInline {SPAN} at (0,0) size 130x16
            RenderText {#text} at (0,0) size 42x16
              text run at (0,0) width 42: "Text..."
            RenderText {#text} at (41,0) size 89x16
              text run at (41,0) width 89: "goes here and"
        RenderBlock (anonymous) at (0,16) size 769x16
          RenderTable at (0,0) size 105x16
            RenderTableSection (anonymous) at (0,0) size 105x16
              RenderTableRow (anonymous) at (0,0) size 105x16
                RenderTableCell {DIV} at (0,0) size 105x16 [r=0 c=0 rs=1 cs=1]
                  RenderText {#text} at (0,0) size 105x16
                    text run at (0,0) width 105: "...continues here"
        RenderBlock (anonymous) at (0,32) size 769x0
          RenderInline {SPAN} at (0,0) size 0x0
      RenderBlock {DIV} at (0,144) size 769x32
        RenderBlock (anonymous) at (0,0) size 769x16
          RenderInline {SPAN} at (0,0) size 42x16
            RenderText {#text} at (0,0) size 42x16
              text run at (0,0) width 42: "Text..."
        RenderBlock (anonymous) at (0,16) size 769x16
          RenderTable at (0,0) size 106x16
            RenderTableSection (anonymous) at (0,0) size 106x16
              RenderTableRow (anonymous) at (0,0) size 106x16
                RenderTableCell {TD} at (0,0) size 0x0 [r=0 c=0 rs=1 cs=1]
                RenderTableCell {DIV} at (0,0) size 106x16 [r=0 c=1 rs=1 cs=1]
                  RenderText {#text} at (0,0) size 105x16
                    text run at (0,0) width 105: "...continues here"
        RenderBlock (anonymous) at (0,32) size 769x0
          RenderInline {SPAN} at (0,0) size 0x0
      RenderBlock {DIV} at (0,176) size 769x32
        RenderBlock (anonymous) at (0,0) size 769x16
          RenderInline {SPAN} at (0,0) size 42x16
            RenderText {#text} at (0,0) size 42x16
              text run at (0,0) width 42: "Text..."
        RenderBlock (anonymous) at (0,16) size 769x16
          RenderTable at (0,0) size 105x16
            RenderTableSection (anonymous) at (0,0) size 105x16
              RenderTableRow {TR} at (0,0) size 105x0
              RenderTableRow (anonymous) at (0,0) size 105x16
                RenderTableCell {DIV} at (0,0) size 105x16 [r=1 c=0 rs=1 cs=1]
                  RenderText {#text} at (0,0) size 105x16
                    text run at (0,0) width 105: "...continues here"
        RenderBlock (anonymous) at (0,32) size 769x0
          RenderInline {SPAN} at (0,0) size 0x0
      RenderBlock {DIV} at (0,208) size 769x32
        RenderBlock (anonymous) at (0,0) size 769x16
          RenderInline {SPAN} at (0,0) size 42x16
            RenderText {#text} at (0,0) size 42x16
              text run at (0,0) width 42: "Text..."
            RenderInline {SPAN} at (0,0) size 1x16
        RenderBlock (anonymous) at (0,16) size 769x16
          RenderTable at (0,0) size 105x16
            RenderTableSection (anonymous) at (0,0) size 105x16
              RenderTableRow (anonymous) at (0,0) size 105x16
                RenderTableCell {DIV} at (0,0) size 105x16 [r=0 c=0 rs=1 cs=1]
                  RenderText {#text} at (0,0) size 105x16
                    text run at (0,0) width 105: "...continues here"
        RenderBlock (anonymous) at (0,32) size 769x0
          RenderInline {SPAN} at (0,0) size 0x0
      RenderBlock {DIV} at (0,240) size 769x32
        RenderBlock (anonymous) at (0,0) size 769x16
          RenderInline {SPAN} at (0,0) size 42x16
            RenderText {#text} at (0,0) size 42x16
              text run at (0,0) width 42: "Text..."
        RenderBlock (anonymous) at (0,16) size 769x16
          RenderBlock {DIV} at (0,0) size 769x0
          RenderTable at (0,0) size 105x16
            RenderTableSection (anonymous) at (0,0) size 105x16
              RenderTableRow (anonymous) at (0,0) size 105x16
                RenderTableCell {DIV} at (0,0) size 105x16 [r=0 c=0 rs=1 cs=1]
                  RenderText {#text} at (0,0) size 105x16
                    text run at (0,0) width 105: "...continues here"
        RenderBlock (anonymous) at (0,32) size 769x0
          RenderInline {SPAN} at (0,0) size 0x0
      RenderBlock {DIV} at (0,272) size 769x32
        RenderBlock (anonymous) at (0,0) size 769x16
          RenderInline {SPAN} at (0,0) size 130x16
            RenderText {#text} at (0,0) size 42x16
              text run at (0,0) width 42: "Text..."
            RenderText {#text} at (41,0) size 89x16
              text run at (41,0) width 89: "goes here and"
        RenderBlock (anonymous) at (0,16) size 769x16
          RenderTable at (0,0) size 105x16
            RenderTableSection (anonymous) at (0,0) size 105x16
              RenderTableRow {DIV} at (0,0) size 105x16
                RenderTableCell (anonymous) at (0,0) size 105x16 [r=0 c=0 rs=1 cs=1]
                  RenderText {#text} at (0,0) size 105x16
                    text run at (0,0) width 105: "...continues here"
        RenderBlock (anonymous) at (0,32) size 769x0
          RenderInline {SPAN} at (0,0) size 0x0
      RenderBlock {DIV} at (0,304) size 769x32
        RenderBlock (anonymous) at (0,0) size 769x16
          RenderInline {SPAN} at (0,0) size 42x16
            RenderText {#text} at (0,0) size 42x16
              text run at (0,0) width 42: "Text..."
        RenderBlock (anonymous) at (0,16) size 769x16
          RenderTable at (0,0) size 105x16
            RenderTableSection (anonymous) at (0,0) size 105x16
              RenderTableRow (anonymous) at (0,0) size 105x0
                RenderTableCell {TD} at (0,0) size 105x0 [r=0 c=0 rs=1 cs=1]
              RenderTableRow {DIV} at (0,0) size 105x16
                RenderTableCell (anonymous) at (0,0) size 105x16 [r=1 c=0 rs=1 cs=1]
                  RenderText {#text} at (0,0) size 105x16
                    text run at (0,0) width 105: "...continues here"
        RenderBlock (anonymous) at (0,32) size 769x0
          RenderInline {SPAN} at (0,0) size 0x0
      RenderBlock {DIV} at (0,336) size 769x32
        RenderBlock (anonymous) at (0,0) size 769x16
          RenderInline {SPAN} at (0,0) size 42x16
            RenderText {#text} at (0,0) size 42x16
              text run at (0,0) width 42: "Text..."
        RenderBlock (anonymous) at (0,16) size 769x16
          RenderTable at (0,0) size 105x16
            RenderTableSection (anonymous) at (0,0) size 105x16
              RenderTableRow {TR} at (0,0) size 105x0
              RenderTableRow {DIV} at (0,0) size 105x16
                RenderTableCell (anonymous) at (0,0) size 105x16 [r=1 c=0 rs=1 cs=1]
                  RenderText {#text} at (0,0) size 105x16
                    text run at (0,0) width 105: "...continues here"
        RenderBlock (anonymous) at (0,32) size 769x0
          RenderInline {SPAN} at (0,0) size 0x0
      RenderBlock {DIV} at (0,368) size 769x32
        RenderBlock (anonymous) at (0,0) size 769x16
          RenderInline {SPAN} at (0,0) size 42x16
            RenderText {#text} at (0,0) size 42x16
              text run at (0,0) width 42: "Text..."
            RenderInline {SPAN} at (0,0) size 1x16
        RenderBlock (anonymous) at (0,16) size 769x16
          RenderTable at (0,0) size 105x16
            RenderTableSection (anonymous) at (0,0) size 105x16
              RenderTableRow {DIV} at (0,0) size 105x16
                RenderTableCell (anonymous) at (0,0) size 105x16 [r=0 c=0 rs=1 cs=1]
                  RenderText {#text} at (0,0) size 105x16
                    text run at (0,0) width 105: "...continues here"
        RenderBlock (anonymous) at (0,32) size 769x0
          RenderInline {SPAN} at (0,0) size 0x0
      RenderBlock {DIV} at (0,400) size 769x32
        RenderBlock (anonymous) at (0,0) size 769x16
          RenderInline {SPAN} at (0,0) size 42x16
            RenderText {#text} at (0,0) size 42x16
              text run at (0,0) width 42: "Text..."
        RenderBlock (anonymous) at (0,16) size 769x16
          RenderBlock {DIV} at (0,0) size 769x0
          RenderTable at (0,0) size 105x16
            RenderTableSection (anonymous) at (0,0) size 105x16
              RenderTableRow {DIV} at (0,0) size 105x16
                RenderTableCell (anonymous) at (0,0) size 105x16 [r=0 c=0 rs=1 cs=1]
                  RenderText {#text} at (0,0) size 105x16
                    text run at (0,0) width 105: "...continues here"
        RenderBlock (anonymous) at (0,32) size 769x0
          RenderInline {SPAN} at (0,0) size 0x0
      RenderBlock {DIV} at (0,432) size 769x32
        RenderBlock (anonymous) at (0,0) size 769x16
          RenderInline {SPAN} at (0,0) size 130x16
            RenderText {#text} at (0,0) size 42x16
              text run at (0,0) width 42: "Text..."
            RenderText {#text} at (41,0) size 89x16
              text run at (41,0) width 89: "goes here and"
        RenderBlock (anonymous) at (0,16) size 769x16
          RenderTable at (0,0) size 105x16
            RenderTableSection {DIV} at (0,0) size 105x16
              RenderTableRow (anonymous) at (0,0) size 105x16
                RenderTableCell (anonymous) at (0,0) size 105x16 [r=0 c=0 rs=1 cs=1]
                  RenderText {#text} at (0,0) size 105x16
                    text run at (0,0) width 105: "...continues here"
        RenderBlock (anonymous) at (0,32) size 769x0
          RenderInline {SPAN} at (0,0) size 0x0
      RenderBlock {DIV} at (0,464) size 769x32
        RenderBlock (anonymous) at (0,0) size 769x16
          RenderInline {SPAN} at (0,0) size 42x16
            RenderText {#text} at (0,0) size 42x16
              text run at (0,0) width 42: "Text..."
        RenderBlock (anonymous) at (0,16) size 769x16
          RenderTable at (0,0) size 105x16
            RenderTableSection (anonymous) at (0,0) size 105x0
              RenderTableRow (anonymous) at (0,0) size 105x0
                RenderTableCell {TD} at (0,0) size 105x0 [r=0 c=0 rs=1 cs=1]
            RenderTableSection {DIV} at (0,0) size 105x16
              RenderTableRow (anonymous) at (0,0) size 105x16
                RenderTableCell (anonymous) at (0,0) size 105x16 [r=0 c=0 rs=1 cs=1]
                  RenderText {#text} at (0,0) size 105x16
                    text run at (0,0) width 105: "...continues here"
        RenderBlock (anonymous) at (0,32) size 769x0
          RenderInline {SPAN} at (0,0) size 0x0
      RenderBlock {DIV} at (0,496) size 769x32
        RenderBlock (anonymous) at (0,0) size 769x16
          RenderInline {SPAN} at (0,0) size 42x16
            RenderText {#text} at (0,0) size 42x16
              text run at (0,0) width 42: "Text..."
        RenderBlock (anonymous) at (0,16) size 769x16
          RenderTable at (0,0) size 105x16
            RenderTableSection (anonymous) at (0,0) size 105x0
              RenderTableRow {TR} at (0,0) size 105x0
            RenderTableSection {DIV} at (0,0) size 105x16
              RenderTableRow (anonymous) at (0,0) size 105x16
                RenderTableCell (anonymous) at (0,0) size 105x16 [r=0 c=0 rs=1 cs=1]
                  RenderText {#text} at (0,0) size 105x16
                    text run at (0,0) width 105: "...continues here"
        RenderBlock (anonymous) at (0,32) size 769x0
          RenderInline {SPAN} at (0,0) size 0x0
      RenderBlock {DIV} at (0,528) size 769x32
        RenderBlock (anonymous) at (0,0) size 769x16
          RenderInline {SPAN} at (0,0) size 42x16
            RenderText {#text} at (0,0) size 42x16
              text run at (0,0) width 42: "Text..."
            RenderInline {SPAN} at (0,0) size 1x16
        RenderBlock (anonymous) at (0,16) size 769x16
          RenderTable at (0,0) size 105x16
            RenderTableSection {DIV} at (0,0) size 105x16
              RenderTableRow (anonymous) at (0,0) size 105x16
                RenderTableCell (anonymous) at (0,0) size 105x16 [r=0 c=0 rs=1 cs=1]
                  RenderText {#text} at (0,0) size 105x16
                    text run at (0,0) width 105: "...continues here"
        RenderBlock (anonymous) at (0,32) size 769x0
          RenderInline {SPAN} at (0,0) size 0x0
      RenderBlock {DIV} at (0,560) size 769x32
        RenderBlock (anonymous) at (0,0) size 769x16
          RenderInline {SPAN} at (0,0) size 42x16
            RenderText {#text} at (0,0) size 42x16
              text run at (0,0) width 42: "Text..."
        RenderBlock (anonymous) at (0,16) size 769x16
          RenderBlock {DIV} at (0,0) size 769x0
          RenderTable at (0,0) size 105x16
            RenderTableSection {DIV} at (0,0) size 105x16
              RenderTableRow (anonymous) at (0,0) size 105x16
                RenderTableCell (anonymous) at (0,0) size 105x16 [r=0 c=0 rs=1 cs=1]
                  RenderText {#text} at (0,0) size 105x16
                    text run at (0,0) width 105: "...continues here"
        RenderBlock (anonymous) at (0,32) size 769x0
          RenderInline {SPAN} at (0,0) size 0x0
