layer at (0,0) size 800x600
  RenderView at (0,0) size 800x600
layer at (0,0) size 800x600
  RenderBlock {HTML} at (0,0) size 800x600
    RenderBody {BODY} at (8,8) size 784x584
      RenderBlock {P} at (0,0) size 784x32
        RenderText {#text} at (0,0) size 55x16
          text run at (0,0) width 55: "Test for "
        RenderInline {I} at (0,0) size 732x32
          RenderInline {A} at (0,0) size 306x16 [color=#0000EE]
            RenderText {#text} at (54,0) size 306x16
              text run at (54,0) width 306: "http://bugs.webkit.org/show_bug.cgi?id=12818"
          RenderText {#text} at (359,0) size 732x32
            text run at (359,0) width 5: " "
            text run at (363,0) width 369: "REGRESSION (r19148): shacknews.com does not render"
            text run at (0,16) width 70: "completely"
        RenderText {#text} at (69,16) size 5x16
          text run at (69,16) width 5: "."
      RenderBlock {P} at (0,48) size 784x16
        RenderText {#text} at (0,0) size 338x16
          text run at (0,0) width 338: "There should be a green square to the left of the text."
      RenderBlock {DIV} at (0,80) size 100x100 [bgcolor=#008000]
      RenderBlock {DIV} at (0,180) size 784x16
        RenderText {#text} at (0,0) size 39x16
          text run at (0,0) width 39: "PASS"
layer at (8,88) size 792x112
  RenderBlock (positioned) {DIV} at (8,88) size 792x112
    RenderBlock {DIV} at (100,0) size 692x112
      RenderBlock {DIV} at (0,0) size 692x112
        RenderText {#text} at (0,0) size 691x112
          text run at (0,0) width 684: "Curabitur pretium, quam quis semper malesuada, est libero feugiat libero, vel fringilla orci nibh sed neque."
          text run at (0,16) width 691: "Quisque eu nulla non nisi molestie accumsan. Etiam tellus urna, laoreet ac, laoreet non, suscipit sed, sapien."
          text run at (0,32) width 687: "Phasellus vehicula, sem at posuere vehicula, augue nibh molestie nisl, nec ullamcorper lacus ante vulputate"
          text run at (0,48) width 690: "pede. Cum sociis natoque penatibus et magnis dis parturient montes, nascetur ridiculus mus. Mauris viverra"
          text run at (0,64) width 659: "augue vitae purus. Morbi sed sem. Donec dui nisi, ultrices non, pretium quis, hendrerit non, est. Donec"
          text run at (0,80) width 683: "tellus. Donec eget dui id eros pharetra rutrum. Suspendisse sodales lectus sit amet nulla. Morbi tortor arcu,"
          text run at (0,96) width 314: "convallis blandit, elementum eu, aliquet a, tellus."
