layer at (0,0) size 800x600
  RenderView at (0,0) size 800x600
layer at (0,0) size 800x600
  RenderBlock {HTML} at (0,0) size 800x600
    RenderBody {BODY} at (8,8) size 784x584
      RenderBlock {P} at (0,0) size 784x36
        RenderText {#text} at (0,0) size 465x17
          text run at (0,0) width 465: "This tests that bidirectional text is correctly rendered in list box controls."
        RenderBR {BR} at (464,14) size 1x0
        RenderText {#text} at (0,18) size 578x17
          text run at (0,18) width 578: "The order of the text below each list box should match the order of the select's option text."
      RenderBlock (anonymous) at (0,52) size 784x54
        RenderText {#text} at (0,0) size 102x17
          text run at (0,0) width 102: "1) direction: rtl;"
        RenderBR {BR} at (101,14) size 1x0
        RenderBR {BR} at (84,51) size 0x0
      RenderBlock {DIV} at (0,106) size 100x18
        RenderText {#text} at (31,0) size 69x17
          text run at (31,0) width 47 RTL: "\x{5D0}\x{5E4}\x{5E8}\x{5E1}\x{5DE}\x{5D5}\x{5DF}"
          text run at (77,0) width 23: "abc"
      RenderBlock (anonymous) at (0,124) size 784x72
        RenderBR {BR} at (0,0) size 0x17
        RenderText {#text} at (0,18) size 102x17
          text run at (0,18) width 102: "2) direction: ltr;"
        RenderBR {BR} at (101,32) size 1x0
        RenderBR {BR} at (84,69) size 0x0
      RenderBlock {DIV} at (0,196) size 100x18
        RenderText {#text} at (0,0) size 69x17
          text run at (0,0) width 23: "abc"
          text run at (22,0) width 47 RTL: "\x{5D0}\x{5E4}\x{5E8}\x{5E1}\x{5DE}\x{5D5}\x{5DF}"
      RenderBlock (anonymous) at (0,214) size 784x72
        RenderBR {BR} at (0,0) size 0x17
        RenderText {#text} at (0,18) size 72x17
          text run at (0,18) width 72: "3) No style"
        RenderBR {BR} at (71,32) size 1x0
        RenderBR {BR} at (84,69) size 0x0
      RenderBlock {DIV} at (0,286) size 100x18
        RenderText {#text} at (0,0) size 69x17
          text run at (0,0) width 23: "abc"
          text run at (22,0) width 47 RTL: "\x{5D0}\x{5E4}\x{5E8}\x{5E1}\x{5DE}\x{5D5}\x{5DF}"
      RenderBlock (anonymous) at (0,304) size 784x18
        RenderBR {BR} at (0,0) size 0x17
layer at (8,78) size 84x36 clip at (24,79) size 67x34
  RenderListBox {SELECT} at (0,18) size 84x36 [bgcolor=#FFFFFF] [border: (1px solid #A9A9A9)]
    RenderBlock {OPTION} at (16,1) size 67x17
      RenderText {#text} at (2,0) size 63x16
        text run at (2,0) width 42 RTL: "\x{5D0}\x{5E4}\x{5E8}\x{5E1}\x{5DE}\x{5D5}\x{5DF}"
        text run at (44,0) width 21: "abc"
layer at (8,168) size 84x36 clip at (9,169) size 67x34
  RenderListBox {SELECT} at (0,36) size 84x36 [bgcolor=#FFFFFF] [border: (1px solid #A9A9A9)]
    RenderBlock {OPTION} at (1,1) size 67x17
      RenderText {#text} at (2,0) size 63x16
        text run at (2,0) width 21: "abc"
        text run at (23,0) width 42 RTL: "\x{5D0}\x{5E4}\x{5E8}\x{5E1}\x{5DE}\x{5D5}\x{5DF}"
layer at (8,258) size 84x36 clip at (9,259) size 67x34
  RenderListBox {SELECT} at (0,36) size 84x36 [bgcolor=#FFFFFF] [border: (1px solid #A9A9A9)]
    RenderBlock {OPTION} at (1,1) size 67x17
      RenderText {#text} at (2,0) size 63x16
        text run at (2,0) width 21: "abc"
        text run at (23,0) width 42 RTL: "\x{5D0}\x{5E4}\x{5E8}\x{5E1}\x{5DE}\x{5D5}\x{5DF}"
