layer at (0,0) size 800x600
  RenderView at (0,0) size 800x600
layer at (0,0) size 800x72
  RenderBlock {HTML} at (0,0) size 800x72
    RenderBody {BODY} at (8,16) size 784x48
      RenderBlock {P} at (0,0) size 784x16 [bgcolor=#00FF00]
        RenderText {#text} at (0,0) size 501x16
          text run at (0,0) width 501: "This paragraph should have green background because its language is \"en-gb\""
      RenderBlock {ADDRESS} at (0,32) size 784x16 [bgcolor=#00FF00]
        RenderInline {SPAN} at (0,0) size 159x16
          RenderText {#text} at (0,0) size 159x16
            text run at (0,0) width 159: "This address should also"
        RenderText {#text} at (158,0) size 5x16
          text run at (158,0) width 5: " "
        RenderInline {SPAN} at (0,0) size 514x16
          RenderText {#text} at (162,0) size 514x16
            text run at (162,0) width 425: "have green background because the language of the inner SPANs "
            text run at (586,0) width 90: "is not French."
        RenderText {#text} at (0,0) size 0x0
