layer at (0,0) size 800x600
  RenderView at (0,0) size 800x600
layer at (0,0) size 800x275
  RenderBlock {HTML} at (0,0) size 800x275
    RenderBody {BODY} at (8,16) size 784x243
      RenderBlock {DIV} at (0,0) size 784x243
        RenderBlock {P} at (0,0) size 784x32
          RenderText {#text} at (0,0) size 762x16
            text run at (0,0) width 762: "The background color of this paragraph should turn to green when the mouse pointer hovers over any of the following:"
          RenderBR {BR} at (761,0) size 1x16
          RenderInline {STRONG} at (0,0) size 64x16
            RenderText {#text} at (0,16) size 64x16
              text run at (0,16) width 64: "This text."
        RenderBlock {P} at (0,48) size 784x16
          RenderText {#text} at (0,0) size 61x16
            text run at (0,0) width 61: "This text."
        RenderTable {TABLE} at (0,80) size 113x96
          RenderTableSection {TBODY} at (0,0) size 113x96
            RenderTableRow {TR} at (0,2) size 113x72
              RenderTableCell {TD} at (2,2) size 109x72 [r=0 c=0 rs=1 cs=1]
                RenderTable {TABLE} at (1,1) size 107x70
                  RenderTableSection {TBODY} at (0,0) size 107x70
                    RenderTableRow {TR} at (0,2) size 107x66
                      RenderTableCell {TD} at (2,2) size 103x66 [r=0 c=0 rs=1 cs=1]
                        RenderBlock {DL} at (1,17) size 101x32
                          RenderBlock {DT} at (0,0) size 101x16
                            RenderText {#text} at (0,0) size 61x16
                              text run at (0,0) width 61: "This text."
                          RenderBlock {DD} at (40,16) size 61x16
                            RenderText {#text} at (0,0) size 61x16
                              text run at (0,0) width 61: "This text."
            RenderTableRow {TR} at (0,76) size 113x18
              RenderTableCell {TD} at (2,76) size 109x18 [r=1 c=0 rs=1 cs=1]
                RenderText {#text} at (1,1) size 61x16
                  text run at (1,1) width 61: "This text."
        RenderBlock {P} at (0,192) size 784x19
          RenderInline {SUB} at (0,0) size 51x13
            RenderText {#text} at (0,6) size 51x13
              text run at (0,6) width 51: "This text."
        RenderBlock {P} at (0,227) size 784x16
          RenderText {#text} at (0,0) size 585x16
            text run at (0,0) width 585: "...and anything else between the top of the first paragraph and the bottom of this paragraph."
