layer at (0,0) size 800x600
  RenderView at (0,0) size 800x600
layer at (0,0) size 800x64
  RenderBlock {HTML} at (0,0) size 800x64
    RenderBody {BODY} at (8,16) size 784x32
      RenderBlock {P} at (0,0) size 784x32
        RenderText {#text} at (0,0) size 768x32
          text run at (0,0) width 768: "Any textual selection in this long paragraph should have green background. Any textual selection in this long paragraph"
          text run at (0,16) width 688: "should have green background. Any textual selection in this long paragraph should have green background."
