layer at (0,0) size 800x600
  RenderView at (0,0) size 800x600
layer at (0,0) size 800x72
  RenderBlock {HTML} at (0,0) size 800x72
    RenderBody {BODY} at (8,8) size 784x48
      RenderBlock {DIV} at (0,0) size 784x16
        RenderText {#text} at (0,0) size 157x16
          text run at (0,0) width 157: "This should be unstyled."
      RenderBlock {P} at (0,32) size 784x16 [bgcolor=#008000]
        RenderText {#text} at (0,0) size 244x16
          text run at (0,0) width 244: "This should have a green background."
