layer at (0,0) size 785x2971
  RenderView at (0,0) size 785x600
layer at (0,0) size 785x2971
  RenderBlock {HTML} at (0,0) size 785x2970.50
    RenderBody {BODY} at (8,21.44) size 769x2933.06
      RenderBlock {H1} at (0,0) size 769x32
        RenderText {#text} at (0,0) size 251x32
          text run at (0,0) width 251: "HTML Test Index"
      RenderBlock {P} at (0,53.44) size 769x16
        RenderText {#text} at (0,0) size 317x16
          text run at (0,0) width 317: "The HTML tests are available in several variants."
      RenderBlock {H2} at (0,89.34) size 769x24
        RenderText {#text} at (0,0) size 283x24
          text run at (0,0) width 283: "Tests With Navigation Aids"
      RenderBlock {P} at (0,133.25) size 769x32
        RenderText {#text} at (0,0) size 733x32
          text run at (0,0) width 733: "Each category of test is available using several different harnesses. The name of the harness describes how the test"
          text run at (0,16) width 724: "markup is contained within it, for example the Xlink embed case uses an XLink with the show axis set to embed."
      RenderBlock {UL} at (0,181.25) size 769x160
        RenderListItem {LI} at (40,0) size 729x32
          RenderListMarker at (-16,0) size 6x16: bullet
          RenderInline {A} at (0,0) size 23x16 [color=#0000EE]
            RenderText {#text} at (0,0) size 23x16
              text run at (0,0) width 23: "full"
          RenderText {#text} at (22,0) size 9x16
            text run at (22,0) width 9: ": "
          RenderInline {A} at (0,0) size 97x16 [color=#0000EE]
            RenderText {#text} at (30,0) size 97x16
              text run at (30,0) width 97: "Self Contained"
          RenderText {#text} at (126,0) size 9x16
            text run at (126,0) width 9: ", "
          RenderInline {A} at (0,0) size 121x16 [color=#0000EE]
            RenderText {#text} at (134,0) size 121x16
              text run at (134,0) width 121: "XHTML <iframe>"
          RenderText {#text} at (254,0) size 9x16
            text run at (254,0) width 9: ", "
          RenderInline {A} at (0,0) size 119x16 [color=#0000EE]
            RenderText {#text} at (262,0) size 119x16
              text run at (262,0) width 119: "XHTML <object>"
          RenderText {#text} at (380,0) size 9x16
            text run at (380,0) width 9: ", "
          RenderInline {A} at (0,0) size 118x16 [color=#0000EE]
            RenderText {#text} at (388,0) size 118x16
              text run at (388,0) width 118: "XHTML <frame>"
          RenderText {#text} at (505,0) size 9x16
            text run at (505,0) width 9: ", "
          RenderInline {A} at (0,0) size 110x16 [color=#0000EE]
            RenderText {#text} at (513,0) size 110x16
              text run at (513,0) width 110: "HTML <iframe>"
          RenderText {#text} at (622,0) size 9x16
            text run at (622,0) width 9: ", "
          RenderInline {A} at (0,0) size 676x32 [color=#0000EE]
            RenderText {#text} at (630,0) size 676x32
              text run at (630,0) width 46: "HTML"
              text run at (0,16) width 58: "<object>"
          RenderText {#text} at (57,16) size 9x16
            text run at (57,16) width 9: ", "
          RenderInline {A} at (0,0) size 105x16 [color=#0000EE]
            RenderText {#text} at (65,16) size 105x16
              text run at (65,16) width 105: "HTML <frame>"
          RenderText {#text} at (169,16) size 9x16
            text run at (169,16) width 9: ", "
          RenderInline {A} at (0,0) size 90x16 [color=#0000EE]
            RenderText {#text} at (177,16) size 90x16
              text run at (177,16) width 90: "XLink embed"
          RenderText {#text} at (266,16) size 9x16
            text run at (266,16) width 9: ", "
          RenderInline {A} at (0,0) size 84x16 [color=#0000EE]
            RenderText {#text} at (274,16) size 84x16
              text run at (274,16) width 84: "TNG Format"
        RenderListItem {LI} at (40,32) size 729x32
          RenderListMarker at (-16,0) size 6x16: bullet
          RenderInline {A} at (0,0) size 34x16 [color=#0000EE]
            RenderText {#text} at (0,0) size 34x16
              text run at (0,0) width 34: "static"
          RenderText {#text} at (33,0) size 10x16
            text run at (33,0) width 10: ": "
          RenderInline {A} at (0,0) size 96x16 [color=#0000EE]
            RenderText {#text} at (42,0) size 96x16
              text run at (42,0) width 96: "Self Contained"
          RenderText {#text} at (137,0) size 9x16
            text run at (137,0) width 9: ", "
          RenderInline {A} at (0,0) size 122x16 [color=#0000EE]
            RenderText {#text} at (145,0) size 122x16
              text run at (145,0) width 122: "XHTML <iframe>"
          RenderText {#text} at (266,0) size 9x16
            text run at (266,0) width 9: ", "
          RenderInline {A} at (0,0) size 119x16 [color=#0000EE]
            RenderText {#text} at (274,0) size 119x16
              text run at (274,0) width 119: "XHTML <object>"
          RenderText {#text} at (392,0) size 9x16
            text run at (392,0) width 9: ", "
          RenderInline {A} at (0,0) size 117x16 [color=#0000EE]
            RenderText {#text} at (400,0) size 117x16
              text run at (400,0) width 117: "XHTML <frame>"
          RenderText {#text} at (516,0) size 9x16
            text run at (516,0) width 9: ", "
          RenderInline {A} at (0,0) size 110x16 [color=#0000EE]
            RenderText {#text} at (524,0) size 110x16
              text run at (524,0) width 110: "HTML <iframe>"
          RenderText {#text} at (633,0) size 9x16
            text run at (633,0) width 9: ", "
          RenderInline {A} at (0,0) size 688x32 [color=#0000EE]
            RenderText {#text} at (641,0) size 688x32
              text run at (641,0) width 47: "HTML"
              text run at (0,16) width 58: "<object>"
          RenderText {#text} at (57,16) size 9x16
            text run at (57,16) width 9: ", "
          RenderInline {A} at (0,0) size 105x16 [color=#0000EE]
            RenderText {#text} at (65,16) size 105x16
              text run at (65,16) width 105: "HTML <frame>"
          RenderText {#text} at (169,16) size 9x16
            text run at (169,16) width 9: ", "
          RenderInline {A} at (0,0) size 90x16 [color=#0000EE]
            RenderText {#text} at (177,16) size 90x16
              text run at (177,16) width 90: "XLink embed"
          RenderText {#text} at (266,16) size 9x16
            text run at (266,16) width 9: ", "
          RenderInline {A} at (0,0) size 84x16 [color=#0000EE]
            RenderText {#text} at (274,16) size 84x16
              text run at (274,16) width 84: "TNG Format"
        RenderListItem {LI} at (40,64) size 729x32
          RenderListMarker at (-16,0) size 6x16: bullet
          RenderInline {A} at (0,0) size 94x16 [color=#0000EE]
            RenderText {#text} at (0,0) size 94x16
              text run at (0,0) width 94: "history-related"
          RenderText {#text} at (93,0) size 9x16
            text run at (93,0) width 9: ": "
          RenderInline {A} at (0,0) size 97x16 [color=#0000EE]
            RenderText {#text} at (101,0) size 97x16
              text run at (101,0) width 97: "Self Contained"
          RenderText {#text} at (197,0) size 9x16
            text run at (197,0) width 9: ", "
          RenderInline {A} at (0,0) size 121x16 [color=#0000EE]
            RenderText {#text} at (205,0) size 121x16
              text run at (205,0) width 121: "XHTML <iframe>"
          RenderText {#text} at (325,0) size 9x16
            text run at (325,0) width 9: ", "
          RenderInline {A} at (0,0) size 119x16 [color=#0000EE]
            RenderText {#text} at (333,0) size 119x16
              text run at (333,0) width 119: "XHTML <object>"
          RenderText {#text} at (451,0) size 9x16
            text run at (451,0) width 9: ", "
          RenderInline {A} at (0,0) size 118x16 [color=#0000EE]
            RenderText {#text} at (459,0) size 118x16
              text run at (459,0) width 118: "XHTML <frame>"
          RenderText {#text} at (576,0) size 9x16
            text run at (576,0) width 9: ", "
          RenderInline {A} at (0,0) size 110x16 [color=#0000EE]
            RenderText {#text} at (584,0) size 110x16
              text run at (584,0) width 110: "HTML <iframe>"
          RenderText {#text} at (693,0) size 5x16
            text run at (693,0) width 5: ","
          RenderInline {A} at (0,0) size 107x16 [color=#0000EE]
            RenderText {#text} at (0,16) size 107x16
              text run at (0,16) width 107: "HTML <object>"
          RenderText {#text} at (106,16) size 9x16
            text run at (106,16) width 9: ", "
          RenderInline {A} at (0,0) size 106x16 [color=#0000EE]
            RenderText {#text} at (114,16) size 106x16
              text run at (114,16) width 106: "HTML <frame>"
          RenderText {#text} at (219,16) size 9x16
            text run at (219,16) width 9: ", "
          RenderInline {A} at (0,0) size 89x16 [color=#0000EE]
            RenderText {#text} at (227,16) size 89x16
              text run at (227,16) width 89: "XLink embed"
          RenderText {#text} at (315,16) size 9x16
            text run at (315,16) width 9: ", "
          RenderInline {A} at (0,0) size 84x16 [color=#0000EE]
            RenderText {#text} at (323,16) size 84x16
              text run at (323,16) width 84: "TNG Format"
        RenderListItem {LI} at (40,96) size 729x32
          RenderListMarker at (-16,0) size 6x16: bullet
          RenderInline {A} at (0,0) size 68x16 [color=#0000EE]
            RenderText {#text} at (0,0) size 68x16
              text run at (0,0) width 68: "interactive"
          RenderText {#text} at (67,0) size 9x16
            text run at (67,0) width 9: ": "
          RenderInline {A} at (0,0) size 97x16 [color=#0000EE]
            RenderText {#text} at (75,0) size 97x16
              text run at (75,0) width 97: "Self Contained"
          RenderText {#text} at (171,0) size 9x16
            text run at (171,0) width 9: ", "
          RenderInline {A} at (0,0) size 122x16 [color=#0000EE]
            RenderText {#text} at (179,0) size 122x16
              text run at (179,0) width 122: "XHTML <iframe>"
          RenderText {#text} at (300,0) size 9x16
            text run at (300,0) width 9: ", "
          RenderInline {A} at (0,0) size 119x16 [color=#0000EE]
            RenderText {#text} at (308,0) size 119x16
              text run at (308,0) width 119: "XHTML <object>"
          RenderText {#text} at (426,0) size 9x16
            text run at (426,0) width 9: ", "
          RenderInline {A} at (0,0) size 117x16 [color=#0000EE]
            RenderText {#text} at (434,0) size 117x16
              text run at (434,0) width 117: "XHTML <frame>"
          RenderText {#text} at (550,0) size 9x16
            text run at (550,0) width 9: ", "
          RenderInline {A} at (0,0) size 110x16 [color=#0000EE]
            RenderText {#text} at (558,0) size 110x16
              text run at (558,0) width 110: "HTML <iframe>"
          RenderText {#text} at (667,0) size 9x16
            text run at (667,0) width 9: ", "
          RenderInline {A} at (0,0) size 721x32 [color=#0000EE]
            RenderText {#text} at (675,0) size 721x32
              text run at (675,0) width 46: "HTML"
              text run at (0,16) width 58: "<object>"
          RenderText {#text} at (57,16) size 9x16
            text run at (57,16) width 9: ", "
          RenderInline {A} at (0,0) size 105x16 [color=#0000EE]
            RenderText {#text} at (65,16) size 105x16
              text run at (65,16) width 105: "HTML <frame>"
          RenderText {#text} at (169,16) size 9x16
            text run at (169,16) width 9: ", "
          RenderInline {A} at (0,0) size 90x16 [color=#0000EE]
            RenderText {#text} at (177,16) size 90x16
              text run at (177,16) width 90: "XLink embed"
          RenderText {#text} at (266,16) size 9x16
            text run at (266,16) width 9: ", "
          RenderInline {A} at (0,0) size 84x16 [color=#0000EE]
            RenderText {#text} at (274,16) size 84x16
              text run at (274,16) width 84: "TNG Format"
        RenderListItem {LI} at (40,128) size 729x32
          RenderListMarker at (-16,0) size 6x16: bullet
          RenderInline {A} at (0,0) size 56x16 [color=#0000EE]
            RenderText {#text} at (0,0) size 56x16
              text run at (0,0) width 56: "dynamic"
          RenderText {#text} at (55,0) size 9x16
            text run at (55,0) width 9: ": "
          RenderInline {A} at (0,0) size 97x16 [color=#0000EE]
            RenderText {#text} at (63,0) size 97x16
              text run at (63,0) width 97: "Self Contained"
          RenderText {#text} at (159,0) size 9x16
            text run at (159,0) width 9: ", "
          RenderInline {A} at (0,0) size 121x16 [color=#0000EE]
            RenderText {#text} at (167,0) size 121x16
              text run at (167,0) width 121: "XHTML <iframe>"
          RenderText {#text} at (287,0) size 9x16
            text run at (287,0) width 9: ", "
          RenderInline {A} at (0,0) size 119x16 [color=#0000EE]
            RenderText {#text} at (295,0) size 119x16
              text run at (295,0) width 119: "XHTML <object>"
          RenderText {#text} at (413,0) size 9x16
            text run at (413,0) width 9: ", "
          RenderInline {A} at (0,0) size 118x16 [color=#0000EE]
            RenderText {#text} at (421,0) size 118x16
              text run at (421,0) width 118: "XHTML <frame>"
          RenderText {#text} at (538,0) size 9x16
            text run at (538,0) width 9: ", "
          RenderInline {A} at (0,0) size 110x16 [color=#0000EE]
            RenderText {#text} at (546,0) size 110x16
              text run at (546,0) width 110: "HTML <iframe>"
          RenderText {#text} at (655,0) size 9x16
            text run at (655,0) width 9: ", "
          RenderInline {A} at (0,0) size 709x32 [color=#0000EE]
            RenderText {#text} at (663,0) size 709x32
              text run at (663,0) width 46: "HTML"
              text run at (0,16) width 58: "<object>"
          RenderText {#text} at (57,16) size 9x16
            text run at (57,16) width 9: ", "
          RenderInline {A} at (0,0) size 105x16 [color=#0000EE]
            RenderText {#text} at (65,16) size 105x16
              text run at (65,16) width 105: "HTML <frame>"
          RenderText {#text} at (169,16) size 9x16
            text run at (169,16) width 9: ", "
          RenderInline {A} at (0,0) size 90x16 [color=#0000EE]
            RenderText {#text} at (177,16) size 90x16
              text run at (177,16) width 90: "XLink embed"
          RenderText {#text} at (266,16) size 9x16
            text run at (266,16) width 9: ", "
          RenderInline {A} at (0,0) size 84x16 [color=#0000EE]
            RenderText {#text} at (274,16) size 84x16
              text run at (274,16) width 84: "TNG Format"
      RenderBlock {H2} at (0,361.16) size 769x24
        RenderText {#text} at (0,0) size 176x24
          text run at (0,0) width 176: "Unadorned Tests"
      RenderBlock {UL} at (0,405.06) size 769x2496
        RenderListItem {LI} at (40,0) size 729x16
          RenderListMarker at (-16,0) size 6x16: bullet
          RenderInline {A} at (0,0) size 125x16 [color=#0000EE]
            RenderText {#text} at (0,0) size 125x16
              text run at (0,0) width 125: "Groups of selectors"
          RenderText {#text} at (124,0) size 32x16
            text run at (124,0) width 32: " (#1)"
        RenderListItem {LI} at (40,16) size 729x16
          RenderListMarker at (-16,0) size 6x16: bullet
          RenderInline {A} at (0,0) size 148x16 [color=#0000EE]
            RenderText {#text} at (0,0) size 148x16
              text run at (0,0) width 148: "Type element selectors"
          RenderText {#text} at (147,0) size 32x16
            text run at (147,0) width 32: " (#2)"
        RenderListItem {LI} at (40,32) size 729x16
          RenderListMarker at (-16,0) size 6x16: bullet
          RenderInline {A} at (0,0) size 169x16 [color=#0000EE]
            RenderText {#text} at (0,0) size 169x16
              text run at (0,0) width 169: "Omitted universal selector"
          RenderText {#text} at (168,0) size 32x16
            text run at (168,0) width 32: " (#4)"
        RenderListItem {LI} at (40,48) size 729x16
          RenderListMarker at (-16,0) size 6x16: bullet
          RenderInline {A} at (0,0) size 176x16 [color=#0000EE]
            RenderText {#text} at (0,0) size 176x16
              text run at (0,0) width 176: "Attribute existence selector"
          RenderText {#text} at (175,0) size 31x16
            text run at (175,0) width 31: " (#5)"
        RenderListItem {LI} at (40,64) size 729x16
          RenderListMarker at (-16,0) size 6x16: bullet
          RenderInline {A} at (0,0) size 151x16 [color=#0000EE]
            RenderText {#text} at (0,0) size 151x16
              text run at (0,0) width 151: "Attribute value selector"
          RenderText {#text} at (150,0) size 31x16
            text run at (150,0) width 31: " (#6)"
        RenderListItem {LI} at (40,80) size 729x16
          RenderListMarker at (-16,0) size 6x16: bullet
          RenderInline {A} at (0,0) size 184x16 [color=#0000EE]
            RenderText {#text} at (0,0) size 184x16
              text run at (0,0) width 184: "Attribute multivalue selector"
          RenderText {#text} at (183,0) size 32x16
            text run at (183,0) width 32: " (#7)"
        RenderListItem {LI} at (40,96) size 729x16
          RenderListMarker at (-16,0) size 6x16: bullet
          RenderInline {A} at (0,0) size 184x16 [color=#0000EE]
            RenderText {#text} at (0,0) size 184x16
              text run at (0,0) width 184: "Attribute multivalue selector"
          RenderText {#text} at (183,0) size 40x16
            text run at (183,0) width 40: " (#7b)"
        RenderListItem {LI} at (40,112) size 729x16
          RenderListMarker at (-16,0) size 6x16: bullet
          RenderInline {A} at (0,0) size 348x16 [color=#0000EE]
            RenderText {#text} at (0,0) size 348x16
              text run at (0,0) width 348: "Attribute value selectors (hyphen-separated attributes)"
          RenderText {#text} at (347,0) size 32x16
            text run at (347,0) width 32: " (#8)"
        RenderListItem {LI} at (40,128) size 729x16
          RenderListMarker at (-16,0) size 6x16: bullet
          RenderInline {A} at (0,0) size 315x16 [color=#0000EE]
            RenderText {#text} at (0,0) size 315x16
              text run at (0,0) width 315: "Substring matching attribute selector (beginning)"
          RenderText {#text} at (314,0) size 32x16
            text run at (314,0) width 32: " (#9)"
        RenderListItem {LI} at (40,144) size 729x16
          RenderListMarker at (-16,0) size 6x16: bullet
          RenderInline {A} at (0,0) size 274x16 [color=#0000EE]
            RenderText {#text} at (0,0) size 274x16
              text run at (0,0) width 274: "Substring matching attribute selector (end)"
          RenderText {#text} at (273,0) size 40x16
            text run at (273,0) width 40: " (#10)"
        RenderListItem {LI} at (40,160) size 729x16
          RenderListMarker at (-16,0) size 6x16: bullet
          RenderInline {A} at (0,0) size 304x16 [color=#0000EE]
            RenderText {#text} at (0,0) size 304x16
              text run at (0,0) width 304: "Substring matching attribute selector (contains)"
          RenderText {#text} at (303,0) size 40x16
            text run at (303,0) width 40: " (#11)"
        RenderListItem {LI} at (40,176) size 729x16
          RenderListMarker at (-16,0) size 6x16: bullet
          RenderInline {A} at (0,0) size 144x16 [color=#0000EE]
            RenderText {#text} at (0,0) size 144x16
              text run at (0,0) width 144: "Default attribute value"
          RenderText {#text} at (143,0) size 40x16
            text run at (143,0) width 40: " (#12)"
        RenderListItem {LI} at (40,192) size 729x16
          RenderListMarker at (-16,0) size 6x16: bullet
          RenderInline {A} at (0,0) size 95x16 [color=#0000EE]
            RenderText {#text} at (0,0) size 95x16
              text run at (0,0) width 95: "Class selectors"
          RenderText {#text} at (94,0) size 40x16
            text run at (94,0) width 40: " (#13)"
        RenderListItem {LI} at (40,208) size 729x16
          RenderListMarker at (-16,0) size 6x16: bullet
          RenderInline {A} at (0,0) size 183x16 [color=#0000EE]
            RenderText {#text} at (0,0) size 183x16
              text run at (0,0) width 183: "More than one class selector"
          RenderText {#text} at (182,0) size 39x16
            text run at (182,0) width 39: " (#14)"
        RenderListItem {LI} at (40,224) size 729x16
          RenderListMarker at (-16,0) size 6x16: bullet
          RenderInline {A} at (0,0) size 77x16 [color=#0000EE]
            RenderText {#text} at (0,0) size 77x16
              text run at (0,0) width 77: "ID selectors"
          RenderText {#text} at (76,0) size 40x16
            text run at (76,0) width 40: " (#15)"
        RenderListItem {LI} at (40,240) size 729x16
          RenderListMarker at (-16,0) size 6x16: bullet
          RenderInline {A} at (0,0) size 116x16 [color=#0000EE]
            RenderText {#text} at (0,0) size 116x16
              text run at (0,0) width 116: ":link pseudo-class"
          RenderText {#text} at (115,0) size 39x16
            text run at (115,0) width 39: " (#16)"
        RenderListItem {LI} at (40,256) size 729x16
          RenderListMarker at (-16,0) size 6x16: bullet
          RenderInline {A} at (0,0) size 133x16 [color=#0000EE]
            RenderText {#text} at (0,0) size 133x16
              text run at (0,0) width 133: ":visited pseudo-class"
          RenderText {#text} at (132,0) size 40x16
            text run at (132,0) width 40: " (#17)"
        RenderListItem {LI} at (40,272) size 729x16
          RenderListMarker at (-16,0) size 6x16: bullet
          RenderInline {A} at (0,0) size 127x16 [color=#0000EE]
            RenderText {#text} at (0,0) size 127x16
              text run at (0,0) width 127: ":hover pseudo-class"
          RenderText {#text} at (126,0) size 40x16
            text run at (126,0) width 40: " (#18)"
        RenderListItem {LI} at (40,288) size 729x16
          RenderListMarker at (-16,0) size 6x16: bullet
          RenderInline {A} at (0,0) size 127x16 [color=#0000EE]
            RenderText {#text} at (0,0) size 127x16
              text run at (0,0) width 127: ":hover pseudo-class"
          RenderText {#text} at (126,0) size 48x16
            text run at (126,0) width 48: " (#18b)"
        RenderListItem {LI} at (40,304) size 729x16
          RenderListMarker at (-16,0) size 6x16: bullet
          RenderInline {A} at (0,0) size 129x16 [color=#0000EE]
            RenderText {#text} at (0,0) size 129x16
              text run at (0,0) width 129: ":active pseudo-class"
          RenderText {#text} at (128,0) size 40x16
            text run at (128,0) width 40: " (#19)"
        RenderListItem {LI} at (40,320) size 729x16
          RenderListMarker at (-16,0) size 6x16: bullet
          RenderInline {A} at (0,0) size 125x16 [color=#0000EE]
            RenderText {#text} at (0,0) size 125x16
              text run at (0,0) width 125: ":focus pseudo-class"
          RenderText {#text} at (124,0) size 40x16
            text run at (124,0) width 40: " (#20)"
        RenderListItem {LI} at (40,336) size 729x16
          RenderListMarker at (-16,0) size 6x16: bullet
          RenderInline {A} at (0,0) size 127x16 [color=#0000EE]
            RenderText {#text} at (0,0) size 127x16
              text run at (0,0) width 127: ":target pseudo-class"
          RenderText {#text} at (126,0) size 40x16
            text run at (126,0) width 40: " (#21)"
        RenderListItem {LI} at (40,352) size 729x16
          RenderListMarker at (-16,0) size 6x16: bullet
          RenderInline {A} at (0,0) size 127x16 [color=#0000EE]
            RenderText {#text} at (0,0) size 127x16
              text run at (0,0) width 127: ":target pseudo-class"
          RenderText {#text} at (126,0) size 48x16
            text run at (126,0) width 48: " (#21b)"
        RenderListItem {LI} at (40,368) size 729x16
          RenderListMarker at (-16,0) size 6x16: bullet
          RenderInline {A} at (0,0) size 127x16 [color=#0000EE]
            RenderText {#text} at (0,0) size 127x16
              text run at (0,0) width 127: ":target pseudo-class"
          RenderText {#text} at (126,0) size 47x16
            text run at (126,0) width 47: " (#21c)"
        RenderListItem {LI} at (40,384) size 729x16
          RenderListMarker at (-16,0) size 6x16: bullet
          RenderInline {A} at (0,0) size 129x16 [color=#0000EE]
            RenderText {#text} at (0,0) size 129x16
              text run at (0,0) width 129: ":lang() pseudo-class"
          RenderText {#text} at (128,0) size 40x16
            text run at (128,0) width 40: " (#22)"
        RenderListItem {LI} at (40,400) size 729x16
          RenderListMarker at (-16,0) size 6x16: bullet
          RenderInline {A} at (0,0) size 140x16 [color=#0000EE]
            RenderText {#text} at (0,0) size 140x16
              text run at (0,0) width 140: ":enabled pseudo-class"
          RenderText {#text} at (139,0) size 40x16
            text run at (139,0) width 40: " (#23)"
        RenderListItem {LI} at (40,416) size 729x16
          RenderListMarker at (-16,0) size 6x16: bullet
          RenderInline {A} at (0,0) size 144x16 [color=#0000EE]
            RenderText {#text} at (0,0) size 144x16
              text run at (0,0) width 144: ":disabled pseudo-class"
          RenderText {#text} at (143,0) size 40x16
            text run at (143,0) width 40: " (#24)"
        RenderListItem {LI} at (40,432) size 729x16
          RenderListMarker at (-16,0) size 6x16: bullet
          RenderInline {A} at (0,0) size 143x16 [color=#0000EE]
            RenderText {#text} at (0,0) size 143x16
              text run at (0,0) width 143: ":checked pseudo-class"
          RenderText {#text} at (142,0) size 40x16
            text run at (142,0) width 40: " (#25)"
        RenderListItem {LI} at (40,448) size 729x16
          RenderListMarker at (-16,0) size 6x16: bullet
          RenderInline {A} at (0,0) size 116x16 [color=#0000EE]
            RenderText {#text} at (0,0) size 116x16
              text run at (0,0) width 116: ":root pseudo-class"
          RenderText {#text} at (115,0) size 40x16
            text run at (115,0) width 40: " (#27)"
        RenderListItem {LI} at (40,464) size 729x16
          RenderListMarker at (-16,0) size 6x16: bullet
          RenderInline {A} at (0,0) size 159x16 [color=#0000EE]
            RenderText {#text} at (0,0) size 159x16
              text run at (0,0) width 159: ":nth-child() pseudo-class"
          RenderText {#text} at (158,0) size 40x16
            text run at (158,0) width 40: " (#28)"
        RenderListItem {LI} at (40,480) size 729x16
          RenderListMarker at (-16,0) size 6x16: bullet
          RenderInline {A} at (0,0) size 159x16 [color=#0000EE]
            RenderText {#text} at (0,0) size 159x16
              text run at (0,0) width 159: ":nth-child() pseudo-class"
          RenderText {#text} at (158,0) size 48x16
            text run at (158,0) width 48: " (#28b)"
        RenderListItem {LI} at (40,496) size 729x16
          RenderListMarker at (-16,0) size 6x16: bullet
          RenderInline {A} at (0,0) size 187x16 [color=#0000EE]
            RenderText {#text} at (0,0) size 187x16
              text run at (0,0) width 187: ":nth-last-child() pseudo-class"
          RenderText {#text} at (186,0) size 39x16
            text run at (186,0) width 39: " (#29)"
        RenderListItem {LI} at (40,512) size 729x16
          RenderListMarker at (-16,0) size 6x16: bullet
          RenderInline {A} at (0,0) size 187x16 [color=#0000EE]
            RenderText {#text} at (0,0) size 187x16
              text run at (0,0) width 187: ":nth-last-child() pseudo-class"
          RenderText {#text} at (186,0) size 47x16
            text run at (186,0) width 47: " (#29b)"
        RenderListItem {LI} at (40,528) size 729x16
          RenderListMarker at (-16,0) size 6x16: bullet
          RenderInline {A} at (0,0) size 173x16 [color=#0000EE]
            RenderText {#text} at (0,0) size 173x16
              text run at (0,0) width 173: ":nth-of-type() pseudo-class"
          RenderText {#text} at (172,0) size 40x16
            text run at (172,0) width 40: " (#30)"
        RenderListItem {LI} at (40,544) size 729x16
          RenderListMarker at (-16,0) size 6x16: bullet
          RenderInline {A} at (0,0) size 201x16 [color=#0000EE]
            RenderText {#text} at (0,0) size 201x16
              text run at (0,0) width 201: ":nth-last-of-type() pseudo-class"
          RenderText {#text} at (200,0) size 40x16
            text run at (200,0) width 40: " (#31)"
        RenderListItem {LI} at (40,560) size 729x16
          RenderListMarker at (-16,0) size 6x16: bullet
          RenderInline {A} at (0,0) size 154x16 [color=#0000EE]
            RenderText {#text} at (0,0) size 154x16
              text run at (0,0) width 154: ":first-child pseudo-class"
          RenderText {#text} at (153,0) size 39x16
            text run at (153,0) width 39: " (#32)"
        RenderListItem {LI} at (40,576) size 729x16
          RenderListMarker at (-16,0) size 6x16: bullet
          RenderInline {A} at (0,0) size 150x16 [color=#0000EE]
            RenderText {#text} at (0,0) size 150x16
              text run at (0,0) width 150: ":last-child pseudo-class"
          RenderText {#text} at (149,0) size 40x16
            text run at (149,0) width 40: " (#33)"
        RenderListItem {LI} at (40,592) size 729x16
          RenderListMarker at (-16,0) size 6x16: bullet
          RenderInline {A} at (0,0) size 168x16 [color=#0000EE]
            RenderText {#text} at (0,0) size 168x16
              text run at (0,0) width 168: ":first-of-type pseudo-class"
          RenderText {#text} at (167,0) size 40x16
            text run at (167,0) width 40: " (#34)"
        RenderListItem {LI} at (40,608) size 729x16
          RenderListMarker at (-16,0) size 6x16: bullet
          RenderInline {A} at (0,0) size 164x16 [color=#0000EE]
            RenderText {#text} at (0,0) size 164x16
              text run at (0,0) width 164: ":last-of-type pseudo-class"
          RenderText {#text} at (163,0) size 40x16
            text run at (163,0) width 40: " (#35)"
        RenderListItem {LI} at (40,624) size 729x16
          RenderListMarker at (-16,0) size 6x16: bullet
          RenderInline {A} at (0,0) size 156x16 [color=#0000EE]
            RenderText {#text} at (0,0) size 156x16
              text run at (0,0) width 156: ":only-child pseudo-class"
          RenderText {#text} at (155,0) size 40x16
            text run at (155,0) width 40: " (#36)"
        RenderListItem {LI} at (40,640) size 729x16
          RenderListMarker at (-16,0) size 6x16: bullet
          RenderInline {A} at (0,0) size 171x16 [color=#0000EE]
            RenderText {#text} at (0,0) size 171x16
              text run at (0,0) width 171: ":only-of-type pseudo-class"
          RenderText {#text} at (170,0) size 39x16
            text run at (170,0) width 39: " (#37)"
        RenderListItem {LI} at (40,656) size 729x16
          RenderListMarker at (-16,0) size 6x16: bullet
          RenderInline {A} at (0,0) size 170x16 [color=#0000EE]
            RenderText {#text} at (0,0) size 170x16
              text run at (0,0) width 170: "::first-line pseudo-element"
          RenderText {#text} at (169,0) size 39x16
            text run at (169,0) width 39: " (#38)"
        RenderListItem {LI} at (40,672) size 729x16
          RenderListMarker at (-16,0) size 6x16: bullet
          RenderInline {A} at (0,0) size 179x16 [color=#0000EE]
            RenderText {#text} at (0,0) size 179x16
              text run at (0,0) width 179: "::first-letter pseudo-element"
          RenderText {#text} at (178,0) size 39x16
            text run at (178,0) width 39: " (#39)"
        RenderListItem {LI} at (40,688) size 729x16
          RenderListMarker at (-16,0) size 6x16: bullet
          RenderInline {A} at (0,0) size 370x16 [color=#0000EE]
            RenderText {#text} at (0,0) size 370x16
              text run at (0,0) width 370: "::first-letter pseudo-element with ::before pseudo-element"
          RenderText {#text} at (369,0) size 47x16
            text run at (369,0) width 47: " (#39a)"
        RenderListItem {LI} at (40,704) size 729x16
          RenderListMarker at (-16,0) size 6x16: bullet
          RenderInline {A} at (0,0) size 370x16 [color=#0000EE]
            RenderText {#text} at (0,0) size 370x16
              text run at (0,0) width 370: "::first-letter pseudo-element with ::before pseudo-element"
          RenderText {#text} at (369,0) size 47x16
            text run at (369,0) width 47: " (#39a)"
        RenderListItem {LI} at (40,720) size 729x16
          RenderListMarker at (-16,0) size 6x16: bullet
          RenderInline {A} at (0,0) size 179x16 [color=#0000EE]
            RenderText {#text} at (0,0) size 179x16
              text run at (0,0) width 179: "::first-letter pseudo-element"
          RenderText {#text} at (178,0) size 47x16
            text run at (178,0) width 47: " (#39b)"
        RenderListItem {LI} at (40,736) size 729x16
          RenderListMarker at (-16,0) size 6x16: bullet
          RenderInline {A} at (0,0) size 172x16 [color=#0000EE]
            RenderText {#text} at (0,0) size 172x16
              text run at (0,0) width 172: "::selection pseudo-element"
          RenderText {#text} at (171,0) size 39x16
            text run at (171,0) width 39: " (#40)"
        RenderListItem {LI} at (40,752) size 729x16
          RenderListMarker at (-16,0) size 6x16: bullet
          RenderInline {A} at (0,0) size 156x16 [color=#0000EE]
            RenderText {#text} at (0,0) size 156x16
              text run at (0,0) width 156: "::before pseudo-element"
          RenderText {#text} at (155,0) size 39x16
            text run at (155,0) width 39: " (#41)"
        RenderListItem {LI} at (40,768) size 729x16
          RenderListMarker at (-16,0) size 6x16: bullet
          RenderInline {A} at (0,0) size 144x16 [color=#0000EE]
            RenderText {#text} at (0,0) size 144x16
              text run at (0,0) width 144: "::after pseudo-element"
          RenderText {#text} at (143,0) size 40x16
            text run at (143,0) width 40: " (#42)"
        RenderListItem {LI} at (40,784) size 729x16
          RenderListMarker at (-16,0) size 6x16: bullet
          RenderInline {A} at (0,0) size 152x16 [color=#0000EE]
            RenderText {#text} at (0,0) size 152x16
              text run at (0,0) width 152: "Descendant combinator"
          RenderText {#text} at (151,0) size 40x16
            text run at (151,0) width 40: " (#43)"
        RenderListItem {LI} at (40,800) size 729x16
          RenderListMarker at (-16,0) size 6x16: bullet
          RenderInline {A} at (0,0) size 152x16 [color=#0000EE]
            RenderText {#text} at (0,0) size 152x16
              text run at (0,0) width 152: "Descendant combinator"
          RenderText {#text} at (151,0) size 48x16
            text run at (151,0) width 48: " (#43b)"
        RenderListItem {LI} at (40,816) size 729x16
          RenderListMarker at (-16,0) size 6x16: bullet
          RenderInline {A} at (0,0) size 113x16 [color=#0000EE]
            RenderText {#text} at (0,0) size 113x16
              text run at (0,0) width 113: "Child combinator"
          RenderText {#text} at (112,0) size 40x16
            text run at (112,0) width 40: " (#44)"
        RenderListItem {LI} at (40,832) size 729x16
          RenderListMarker at (-16,0) size 6x16: bullet
          RenderInline {A} at (0,0) size 113x16 [color=#0000EE]
            RenderText {#text} at (0,0) size 113x16
              text run at (0,0) width 113: "Child combinator"
          RenderText {#text} at (112,0) size 48x16
            text run at (112,0) width 48: " (#44b)"
        RenderListItem {LI} at (40,848) size 729x16
          RenderListMarker at (-16,0) size 6x16: bullet
          RenderInline {A} at (0,0) size 188x16 [color=#0000EE]
            RenderText {#text} at (0,0) size 188x16
              text run at (0,0) width 188: "Child combinator and classes"
          RenderText {#text} at (187,0) size 47x16
            text run at (187,0) width 47: " (#44c)"
        RenderListItem {LI} at (40,864) size 729x16
          RenderListMarker at (-16,0) size 6x16: bullet
          RenderInline {A} at (0,0) size 172x16 [color=#0000EE]
            RenderText {#text} at (0,0) size 172x16
              text run at (0,0) width 172: "Child combinatior and IDs"
          RenderText {#text} at (171,0) size 47x16
            text run at (171,0) width 47: " (#44d)"
        RenderListItem {LI} at (40,880) size 729x16
          RenderListMarker at (-16,0) size 6x16: bullet
          RenderInline {A} at (0,0) size 175x16 [color=#0000EE]
            RenderText {#text} at (0,0) size 175x16
              text run at (0,0) width 175: "Direct adjacent combinator"
          RenderText {#text} at (174,0) size 39x16
            text run at (174,0) width 39: " (#45)"
        RenderListItem {LI} at (40,896) size 729x16
          RenderListMarker at (-16,0) size 6x16: bullet
          RenderInline {A} at (0,0) size 175x16 [color=#0000EE]
            RenderText {#text} at (0,0) size 175x16
              text run at (0,0) width 175: "Direct adjacent combinator"
          RenderText {#text} at (174,0) size 47x16
            text run at (174,0) width 47: " (#45b)"
        RenderListItem {LI} at (40,912) size 729x16
          RenderListMarker at (-16,0) size 6x16: bullet
          RenderInline {A} at (0,0) size 250x16 [color=#0000EE]
            RenderText {#text} at (0,0) size 250x16
              text run at (0,0) width 250: "Direct adjacent combinator and classes"
          RenderText {#text} at (249,0) size 47x16
            text run at (249,0) width 47: " (#45c)"
        RenderListItem {LI} at (40,928) size 729x16
          RenderListMarker at (-16,0) size 6x16: bullet
          RenderInline {A} at (0,0) size 184x16 [color=#0000EE]
            RenderText {#text} at (0,0) size 184x16
              text run at (0,0) width 184: "Indirect adjacent combinator"
          RenderText {#text} at (183,0) size 40x16
            text run at (183,0) width 40: " (#46)"
        RenderListItem {LI} at (40,944) size 729x16
          RenderListMarker at (-16,0) size 6x16: bullet
          RenderInline {A} at (0,0) size 184x16 [color=#0000EE]
            RenderText {#text} at (0,0) size 184x16
              text run at (0,0) width 184: "Indirect adjacent combinator"
          RenderText {#text} at (183,0) size 48x16
            text run at (183,0) width 48: " (#46b)"
        RenderListItem {LI} at (40,960) size 729x16
          RenderListMarker at (-16,0) size 6x16: bullet
          RenderInline {A} at (0,0) size 401x16 [color=#0000EE]
            RenderText {#text} at (0,0) size 401x16
              text run at (0,0) width 401: "NEGATED substring matching attribute selector on beginning"
          RenderText {#text} at (400,0) size 40x16
            text run at (400,0) width 40: " (#54)"
        RenderListItem {LI} at (40,976) size 729x16
          RenderListMarker at (-16,0) size 6x16: bullet
          RenderInline {A} at (0,0) size 360x16 [color=#0000EE]
            RenderText {#text} at (0,0) size 360x16
              text run at (0,0) width 360: "NEGATED substring matching attribute selector on end"
          RenderText {#text} at (359,0) size 40x16
            text run at (359,0) width 40: " (#55)"
        RenderListItem {LI} at (40,992) size 729x16
          RenderListMarker at (-16,0) size 6x16: bullet
          RenderInline {A} at (0,0) size 382x16 [color=#0000EE]
            RenderText {#text} at (0,0) size 382x16
              text run at (0,0) width 382: "NEGATED substring matching attribute selector on middle"
          RenderText {#text} at (381,0) size 39x16
            text run at (381,0) width 39: " (#56)"
        RenderListItem {LI} at (40,1008) size 729x16
          RenderListMarker at (-16,0) size 6x16: bullet
          RenderInline {A} at (0,0) size 316x16 [color=#0000EE]
            RenderText {#text} at (0,0) size 316x16
              text run at (0,0) width 316: "Default attribute value and negation pseudo-class"
          RenderText {#text} at (315,0) size 40x16
            text run at (315,0) width 40: " (#58)"
        RenderListItem {LI} at (40,1024) size 729x16
          RenderListMarker at (-16,0) size 6x16: bullet
          RenderInline {A} at (0,0) size 165x16 [color=#0000EE]
            RenderText {#text} at (0,0) size 165x16
              text run at (0,0) width 165: "NEGATED class selector"
          RenderText {#text} at (164,0) size 40x16
            text run at (164,0) width 40: " (#59)"
        RenderListItem {LI} at (40,1040) size 729x16
          RenderListMarker at (-16,0) size 6x16: bullet
          RenderInline {A} at (0,0) size 151x16 [color=#0000EE]
            RenderText {#text} at (0,0) size 151x16
              text run at (0,0) width 151: "NEGATED ID selector"
          RenderText {#text} at (150,0) size 39x16
            text run at (150,0) width 39: " (#60)"
        RenderListItem {LI} at (40,1056) size 729x16
          RenderListMarker at (-16,0) size 6x16: bullet
          RenderInline {A} at (0,0) size 195x16 [color=#0000EE]
            RenderText {#text} at (0,0) size 195x16
              text run at (0,0) width 195: "NEGATED :link pseudo-class"
          RenderText {#text} at (194,0) size 40x16
            text run at (194,0) width 40: " (#61)"
        RenderListItem {LI} at (40,1072) size 729x16
          RenderListMarker at (-16,0) size 6x16: bullet
          RenderInline {A} at (0,0) size 213x16 [color=#0000EE]
            RenderText {#text} at (0,0) size 213x16
              text run at (0,0) width 213: "NEGATED :visited pseudo-class"
          RenderText {#text} at (212,0) size 40x16
            text run at (212,0) width 40: " (#62)"
        RenderListItem {LI} at (40,1088) size 729x16
          RenderListMarker at (-16,0) size 6x16: bullet
          RenderInline {A} at (0,0) size 207x16 [color=#0000EE]
            RenderText {#text} at (0,0) size 207x16
              text run at (0,0) width 207: "NEGATED :hover pseudo-class"
          RenderText {#text} at (206,0) size 39x16
            text run at (206,0) width 39: " (#63)"
        RenderListItem {LI} at (40,1104) size 729x16
          RenderListMarker at (-16,0) size 6x16: bullet
          RenderInline {A} at (0,0) size 208x16 [color=#0000EE]
            RenderText {#text} at (0,0) size 208x16
              text run at (0,0) width 208: "NEGATED :active pseudo-class"
          RenderText {#text} at (207,0) size 40x16
            text run at (207,0) width 40: " (#64)"
        RenderListItem {LI} at (40,1120) size 729x16
          RenderListMarker at (-16,0) size 6x16: bullet
          RenderInline {A} at (0,0) size 205x16 [color=#0000EE]
            RenderText {#text} at (0,0) size 205x16
              text run at (0,0) width 205: "NEGATED :focus pseudo-class"
          RenderText {#text} at (204,0) size 40x16
            text run at (204,0) width 40: " (#65)"
        RenderListItem {LI} at (40,1136) size 729x16
          RenderListMarker at (-16,0) size 6x16: bullet
          RenderInline {A} at (0,0) size 207x16 [color=#0000EE]
            RenderText {#text} at (0,0) size 207x16
              text run at (0,0) width 207: "NEGATED :target pseudo-class"
          RenderText {#text} at (206,0) size 39x16
            text run at (206,0) width 39: " (#66)"
        RenderListItem {LI} at (40,1152) size 729x16
          RenderListMarker at (-16,0) size 6x16: bullet
          RenderInline {A} at (0,0) size 207x16 [color=#0000EE]
            RenderText {#text} at (0,0) size 207x16
              text run at (0,0) width 207: "NEGATED :target pseudo-class"
          RenderText {#text} at (206,0) size 47x16
            text run at (206,0) width 47: " (#66b)"
        RenderListItem {LI} at (40,1168) size 729x16
          RenderListMarker at (-16,0) size 6x16: bullet
          RenderInline {A} at (0,0) size 208x16 [color=#0000EE]
            RenderText {#text} at (0,0) size 208x16
              text run at (0,0) width 208: "NEGATED :lang() pseudo-class"
          RenderText {#text} at (207,0) size 40x16
            text run at (207,0) width 40: " (#67)"
        RenderListItem {LI} at (40,1184) size 729x16
          RenderListMarker at (-16,0) size 6x16: bullet
          RenderInline {A} at (0,0) size 223x16 [color=#0000EE]
            RenderText {#text} at (0,0) size 223x16
              text run at (0,0) width 223: "NEGATED :checked pseudo-class"
          RenderText {#text} at (222,0) size 39x16
            text run at (222,0) width 39: " (#70)"
        RenderListItem {LI} at (40,1200) size 729x16
          RenderListMarker at (-16,0) size 6x16: bullet
          RenderInline {A} at (0,0) size 196x16 [color=#0000EE]
            RenderText {#text} at (0,0) size 196x16
              text run at (0,0) width 196: "NEGATED :root pseudo-class"
          RenderText {#text} at (195,0) size 40x16
            text run at (195,0) width 40: " (#72)"
        RenderListItem {LI} at (40,1216) size 729x16
          RenderListMarker at (-16,0) size 6x16: bullet
          RenderInline {A} at (0,0) size 196x16 [color=#0000EE]
            RenderText {#text} at (0,0) size 196x16
              text run at (0,0) width 196: "NEGATED :root pseudo-class"
          RenderText {#text} at (195,0) size 48x16
            text run at (195,0) width 48: " (#72b)"
        RenderListItem {LI} at (40,1232) size 729x16
          RenderListMarker at (-16,0) size 6x16: bullet
          RenderInline {A} at (0,0) size 239x16 [color=#0000EE]
            RenderText {#text} at (0,0) size 239x16
              text run at (0,0) width 239: "NEGATED :nth-child() pseudo-class"
          RenderText {#text} at (238,0) size 39x16
            text run at (238,0) width 39: " (#73)"
        RenderListItem {LI} at (40,1248) size 729x16
          RenderListMarker at (-16,0) size 6x16: bullet
          RenderInline {A} at (0,0) size 239x16 [color=#0000EE]
            RenderText {#text} at (0,0) size 239x16
              text run at (0,0) width 239: "NEGATED :nth-child() pseudo-class"
          RenderText {#text} at (238,0) size 47x16
            text run at (238,0) width 47: " (#73b)"
        RenderListItem {LI} at (40,1264) size 729x16
          RenderListMarker at (-16,0) size 6x16: bullet
          RenderInline {A} at (0,0) size 266x16 [color=#0000EE]
            RenderText {#text} at (0,0) size 266x16
              text run at (0,0) width 266: "NEGATED :nth-last-child() pseudo-class"
          RenderText {#text} at (265,0) size 40x16
            text run at (265,0) width 40: " (#74)"
        RenderListItem {LI} at (40,1280) size 729x16
          RenderListMarker at (-16,0) size 6x16: bullet
          RenderInline {A} at (0,0) size 266x16 [color=#0000EE]
            RenderText {#text} at (0,0) size 266x16
              text run at (0,0) width 266: "NEGATED :nth-last-child() pseudo-class"
          RenderText {#text} at (265,0) size 48x16
            text run at (265,0) width 48: " (#74b)"
        RenderListItem {LI} at (40,1296) size 729x16
          RenderListMarker at (-16,0) size 6x16: bullet
          RenderInline {A} at (0,0) size 253x16 [color=#0000EE]
            RenderText {#text} at (0,0) size 253x16
              text run at (0,0) width 253: "NEGATED :nth-of-type() pseudo-class"
          RenderText {#text} at (252,0) size 40x16
            text run at (252,0) width 40: " (#75)"
        RenderListItem {LI} at (40,1312) size 729x16
          RenderListMarker at (-16,0) size 6x16: bullet
          RenderInline {A} at (0,0) size 253x16 [color=#0000EE]
            RenderText {#text} at (0,0) size 253x16
              text run at (0,0) width 253: "NEGATED :nth-of-type() pseudo-class"
          RenderText {#text} at (252,0) size 48x16
            text run at (252,0) width 48: " (#75b)"
        RenderListItem {LI} at (40,1328) size 729x16
          RenderListMarker at (-16,0) size 6x16: bullet
          RenderInline {A} at (0,0) size 280x16 [color=#0000EE]
            RenderText {#text} at (0,0) size 280x16
              text run at (0,0) width 280: "NEGATED :nth-last-of-type() pseudo-class"
          RenderText {#text} at (279,0) size 40x16
            text run at (279,0) width 40: " (#76)"
        RenderListItem {LI} at (40,1344) size 729x16
          RenderListMarker at (-16,0) size 6x16: bullet
          RenderInline {A} at (0,0) size 280x16 [color=#0000EE]
            RenderText {#text} at (0,0) size 280x16
              text run at (0,0) width 280: "NEGATED :nth-last-of-type() pseudo-class"
          RenderText {#text} at (279,0) size 48x16
            text run at (279,0) width 48: " (#76b)"
        RenderListItem {LI} at (40,1360) size 729x16
          RenderListMarker at (-16,0) size 6x16: bullet
          RenderInline {A} at (0,0) size 233x16 [color=#0000EE]
            RenderText {#text} at (0,0) size 233x16
              text run at (0,0) width 233: "NEGATED :first-child pseudo-class"
          RenderText {#text} at (232,0) size 40x16
            text run at (232,0) width 40: " (#77)"
        RenderListItem {LI} at (40,1376) size 729x16
          RenderListMarker at (-16,0) size 6x16: bullet
          RenderInline {A} at (0,0) size 233x16 [color=#0000EE]
            RenderText {#text} at (0,0) size 233x16
              text run at (0,0) width 233: "NEGATED :first-child pseudo-class"
          RenderText {#text} at (232,0) size 48x16
            text run at (232,0) width 48: " (#77b)"
        RenderListItem {LI} at (40,1392) size 729x16
          RenderListMarker at (-16,0) size 6x16: bullet
          RenderInline {A} at (0,0) size 230x16 [color=#0000EE]
            RenderText {#text} at (0,0) size 230x16
              text run at (0,0) width 230: "NEGATED :last-child pseudo-class"
          RenderText {#text} at (229,0) size 39x16
            text run at (229,0) width 39: " (#78)"
        RenderListItem {LI} at (40,1408) size 729x16
          RenderListMarker at (-16,0) size 6x16: bullet
          RenderInline {A} at (0,0) size 230x16 [color=#0000EE]
            RenderText {#text} at (0,0) size 230x16
              text run at (0,0) width 230: "NEGATED :last-child pseudo-class"
          RenderText {#text} at (229,0) size 47x16
            text run at (229,0) width 47: " (#78b)"
        RenderListItem {LI} at (40,1424) size 729x16
          RenderListMarker at (-16,0) size 6x16: bullet
          RenderInline {A} at (0,0) size 248x16 [color=#0000EE]
            RenderText {#text} at (0,0) size 248x16
              text run at (0,0) width 248: "NEGATED :first-of-type pseudo-class"
          RenderText {#text} at (247,0) size 39x16
            text run at (247,0) width 39: " (#79)"
        RenderListItem {LI} at (40,1440) size 729x16
          RenderListMarker at (-16,0) size 6x16: bullet
          RenderInline {A} at (0,0) size 244x16 [color=#0000EE]
            RenderText {#text} at (0,0) size 244x16
              text run at (0,0) width 244: "NEGATED :last-of-type pseudo-class"
          RenderText {#text} at (243,0) size 40x16
            text run at (243,0) width 40: " (#80)"
        RenderListItem {LI} at (40,1456) size 729x16
          RenderListMarker at (-16,0) size 6x16: bullet
          RenderInline {A} at (0,0) size 236x16 [color=#0000EE]
            RenderText {#text} at (0,0) size 236x16
              text run at (0,0) width 236: "NEGATED :only-child pseudo-class"
          RenderText {#text} at (235,0) size 40x16
            text run at (235,0) width 40: " (#81)"
        RenderListItem {LI} at (40,1472) size 729x16
          RenderListMarker at (-16,0) size 6x16: bullet
          RenderInline {A} at (0,0) size 236x16 [color=#0000EE]
            RenderText {#text} at (0,0) size 236x16
              text run at (0,0) width 236: "NEGATED :only-child pseudo-class"
          RenderText {#text} at (235,0) size 48x16
            text run at (235,0) width 48: " (#81b)"
        RenderListItem {LI} at (40,1488) size 729x16
          RenderListMarker at (-16,0) size 6x16: bullet
          RenderInline {A} at (0,0) size 250x16 [color=#0000EE]
            RenderText {#text} at (0,0) size 250x16
              text run at (0,0) width 250: "NEGATED :only-of-type pseudo-class"
          RenderText {#text} at (249,0) size 40x16
            text run at (249,0) width 40: " (#82)"
        RenderListItem {LI} at (40,1504) size 729x16
          RenderListMarker at (-16,0) size 6x16: bullet
          RenderInline {A} at (0,0) size 250x16 [color=#0000EE]
            RenderText {#text} at (0,0) size 250x16
              text run at (0,0) width 250: "NEGATED :only-of-type pseudo-class"
          RenderText {#text} at (249,0) size 48x16
            text run at (249,0) width 48: " (#82b)"
        RenderListItem {LI} at (40,1520) size 729x16
          RenderListMarker at (-16,0) size 6x16: bullet
          RenderInline {A} at (0,0) size 347x16 [color=#0000EE]
            RenderText {#text} at (0,0) size 347x16
              text run at (0,0) width 347: "Negation pseudo-class cannot be an argument of itself"
          RenderText {#text} at (347,0) size 39x16
            text run at (347,0) width 39: " (#83)"
        RenderListItem {LI} at (40,1536) size 729x16
          RenderListMarker at (-16,0) size 6x16: bullet
          RenderInline {A} at (0,0) size 155x16 [color=#0000EE]
            RenderText {#text} at (0,0) size 155x16
              text run at (0,0) width 155: ":contains() pseudo-class"
          RenderText {#text} at (154,0) size 39x16
            text run at (154,0) width 39: " (#84)"
        RenderListItem {LI} at (40,1552) size 729x16
          RenderListMarker at (-16,0) size 6x16: bullet
          RenderInline {A} at (0,0) size 155x16 [color=#0000EE]
            RenderText {#text} at (0,0) size 155x16
              text run at (0,0) width 155: ":contains() pseudo-class"
          RenderText {#text} at (154,0) size 47x16
            text run at (154,0) width 47: " (#84b)"
        RenderListItem {LI} at (40,1568) size 729x16
          RenderListMarker at (-16,0) size 6x16: bullet
          RenderInline {A} at (0,0) size 234x16 [color=#0000EE]
            RenderText {#text} at (0,0) size 234x16
              text run at (0,0) width 234: "NEGATED :contains() pseudo-class"
          RenderText {#text} at (233,0) size 40x16
            text run at (233,0) width 40: " (#85)"
        RenderListItem {LI} at (40,1584) size 729x16
          RenderListMarker at (-16,0) size 6x16: bullet
          RenderInline {A} at (0,0) size 453x16 [color=#0000EE]
            RenderText {#text} at (0,0) size 453x16
              text run at (0,0) width 453: "Nondeterministic matching of direct and indirect adjacent combinators"
          RenderText {#text} at (452,0) size 40x16
            text run at (452,0) width 40: " (#87)"
        RenderListItem {LI} at (40,1600) size 729x16
          RenderListMarker at (-16,0) size 6x16: bullet
          RenderInline {A} at (0,0) size 453x16 [color=#0000EE]
            RenderText {#text} at (0,0) size 453x16
              text run at (0,0) width 453: "Nondeterministic matching of direct and indirect adjacent combinators"
          RenderText {#text} at (452,0) size 48x16
            text run at (452,0) width 48: " (#87b)"
        RenderListItem {LI} at (40,1616) size 729x16
          RenderListMarker at (-16,0) size 6x16: bullet
          RenderInline {A} at (0,0) size 475x16 [color=#0000EE]
            RenderText {#text} at (0,0) size 475x16
              text run at (0,0) width 475: "Nondeterministic matching of descendant and direct adjacent combinators"
          RenderText {#text} at (474,0) size 40x16
            text run at (474,0) width 40: " (#88)"
        RenderListItem {LI} at (40,1632) size 729x16
          RenderListMarker at (-16,0) size 6x16: bullet
          RenderInline {A} at (0,0) size 475x16 [color=#0000EE]
            RenderText {#text} at (0,0) size 475x16
              text run at (0,0) width 475: "Nondeterministic matching of descendant and direct adjacent combinators"
          RenderText {#text} at (474,0) size 48x16
            text run at (474,0) width 48: " (#88b)"
        RenderListItem {LI} at (40,1648) size 729x16
          RenderListMarker at (-16,0) size 6x16: bullet
          RenderInline {A} at (0,0) size 368x16 [color=#0000EE]
            RenderText {#text} at (0,0) size 368x16
              text run at (0,0) width 368: "Simple combination of descendant and child combinators"
          RenderText {#text} at (367,0) size 40x16
            text run at (367,0) width 40: " (#89)"
        RenderListItem {LI} at (40,1664) size 729x16
          RenderListMarker at (-16,0) size 6x16: bullet
          RenderInline {A} at (0,0) size 408x16 [color=#0000EE]
            RenderText {#text} at (0,0) size 408x16
              text run at (0,0) width 408: "Simple combination of direct and indirect adjacent combinators"
          RenderText {#text} at (407,0) size 40x16
            text run at (407,0) width 40: " (#90)"
        RenderListItem {LI} at (40,1680) size 729x16
          RenderListMarker at (-16,0) size 6x16: bullet
          RenderInline {A} at (0,0) size 408x16 [color=#0000EE]
            RenderText {#text} at (0,0) size 408x16
              text run at (0,0) width 408: "Simple combination of direct and indirect adjacent combinators"
          RenderText {#text} at (407,0) size 48x16
            text run at (407,0) width 48: " (#90b)"
        RenderListItem {LI} at (40,1696) size 729x16
          RenderListMarker at (-16,0) size 6x16: bullet
          RenderInline {A} at (0,0) size 291x16 [color=#0000EE]
            RenderText {#text} at (0,0) size 291x16
              text run at (0,0) width 291: "NEGATED :enabled:disabled pseudo-classes"
          RenderText {#text} at (290,0) size 48x16
            text run at (290,0) width 48: " (#144)"
        RenderListItem {LI} at (40,1712) size 729x16
          RenderListMarker at (-16,0) size 6x16: bullet
          RenderInline {A} at (0,0) size 186x16 [color=#0000EE]
            RenderText {#text} at (0,0) size 186x16
              text run at (0,0) width 186: ":empty pseudo-class and text"
          RenderText {#text} at (185,0) size 47x16
            text run at (185,0) width 47: " (#148)"
        RenderListItem {LI} at (40,1728) size 729x16
          RenderListMarker at (-16,0) size 6x16: bullet
          RenderInline {A} at (0,0) size 263x16 [color=#0000EE]
            RenderText {#text} at (0,0) size 263x16
              text run at (0,0) width 263: ":empty pseudo-class and empty elements"
          RenderText {#text} at (262,0) size 47x16
            text run at (262,0) width 47: " (#149)"
        RenderListItem {LI} at (40,1744) size 729x16
          RenderListMarker at (-16,0) size 6x16: bullet
          RenderInline {A} at (0,0) size 263x16 [color=#0000EE]
            RenderText {#text} at (0,0) size 263x16
              text run at (0,0) width 263: ":empty pseudo-class and empty elements"
          RenderText {#text} at (262,0) size 55x16
            text run at (262,0) width 55: " (#149b)"
        RenderListItem {LI} at (40,1760) size 729x16
          RenderListMarker at (-16,0) size 6x16: bullet
          RenderInline {A} at (0,0) size 233x16 [color=#0000EE]
            RenderText {#text} at (0,0) size 233x16
              text run at (0,0) width 233: ":empty pseudo-class and whitespace"
          RenderText {#text} at (232,0) size 48x16
            text run at (232,0) width 48: " (#151)"
        RenderListItem {LI} at (40,1776) size 729x16
          RenderListMarker at (-16,0) size 6x16: bullet
          RenderInline {A} at (0,0) size 219x16 [color=#0000EE]
            RenderText {#text} at (0,0) size 219x16
              text run at (0,0) width 219: ":empty pseudo-class and elements"
          RenderText {#text} at (218,0) size 47x16
            text run at (218,0) width 47: " (#152)"
        RenderListItem {LI} at (40,1792) size 729x16
          RenderListMarker at (-16,0) size 6x16: bullet
          RenderInline {A} at (0,0) size 123x16 [color=#0000EE]
            RenderText {#text} at (0,0) size 123x16
              text run at (0,0) width 123: "Syntax and parsing"
          RenderText {#text} at (122,0) size 48x16
            text run at (122,0) width 48: " (#154)"
        RenderListItem {LI} at (40,1808) size 729x16
          RenderListMarker at (-16,0) size 6x16: bullet
          RenderInline {A} at (0,0) size 123x16 [color=#0000EE]
            RenderText {#text} at (0,0) size 123x16
              text run at (0,0) width 123: "Syntax and parsing"
          RenderText {#text} at (122,0) size 48x16
            text run at (122,0) width 48: " (#155)"
        RenderListItem {LI} at (40,1824) size 729x16
          RenderListMarker at (-16,0) size 6x16: bullet
          RenderInline {A} at (0,0) size 123x16 [color=#0000EE]
            RenderText {#text} at (0,0) size 123x16
              text run at (0,0) width 123: "Syntax and parsing"
          RenderText {#text} at (122,0) size 55x16
            text run at (122,0) width 55: " (#155a)"
        RenderListItem {LI} at (40,1840) size 729x16
          RenderListMarker at (-16,0) size 6x16: bullet
          RenderInline {A} at (0,0) size 123x16 [color=#0000EE]
            RenderText {#text} at (0,0) size 123x16
              text run at (0,0) width 123: "Syntax and parsing"
          RenderText {#text} at (122,0) size 56x16
            text run at (122,0) width 56: " (#155b)"
        RenderListItem {LI} at (40,1856) size 729x16
          RenderListMarker at (-16,0) size 6x16: bullet
          RenderInline {A} at (0,0) size 123x16 [color=#0000EE]
            RenderText {#text} at (0,0) size 123x16
              text run at (0,0) width 123: "Syntax and parsing"
          RenderText {#text} at (122,0) size 55x16
            text run at (122,0) width 55: " (#155c)"
        RenderListItem {LI} at (40,1872) size 729x16
          RenderListMarker at (-16,0) size 6x16: bullet
          RenderInline {A} at (0,0) size 123x16 [color=#0000EE]
            RenderText {#text} at (0,0) size 123x16
              text run at (0,0) width 123: "Syntax and parsing"
          RenderText {#text} at (122,0) size 56x16
            text run at (122,0) width 56: " (#155d)"
        RenderListItem {LI} at (40,1888) size 729x16
          RenderListMarker at (-16,0) size 6x16: bullet
          RenderInline {A} at (0,0) size 123x16 [color=#0000EE]
            RenderText {#text} at (0,0) size 123x16
              text run at (0,0) width 123: "Syntax and parsing"
          RenderText {#text} at (122,0) size 48x16
            text run at (122,0) width 48: " (#156)"
        RenderListItem {LI} at (40,1904) size 729x16
          RenderListMarker at (-16,0) size 6x16: bullet
          RenderInline {A} at (0,0) size 123x16 [color=#0000EE]
            RenderText {#text} at (0,0) size 123x16
              text run at (0,0) width 123: "Syntax and parsing"
          RenderText {#text} at (122,0) size 56x16
            text run at (122,0) width 56: " (#156b)"
        RenderListItem {LI} at (40,1920) size 729x16
          RenderListMarker at (-16,0) size 6x16: bullet
          RenderInline {A} at (0,0) size 123x16 [color=#0000EE]
            RenderText {#text} at (0,0) size 123x16
              text run at (0,0) width 123: "Syntax and parsing"
          RenderText {#text} at (122,0) size 55x16
            text run at (122,0) width 55: " (#156c)"
        RenderListItem {LI} at (40,1936) size 729x16
          RenderListMarker at (-16,0) size 6x16: bullet
          RenderInline {A} at (0,0) size 123x16 [color=#0000EE]
            RenderText {#text} at (0,0) size 123x16
              text run at (0,0) width 123: "Syntax and parsing"
          RenderText {#text} at (122,0) size 48x16
            text run at (122,0) width 48: " (#157)"
        RenderListItem {LI} at (40,1952) size 729x16
          RenderListMarker at (-16,0) size 6x16: bullet
          RenderInline {A} at (0,0) size 123x16 [color=#0000EE]
            RenderText {#text} at (0,0) size 123x16
              text run at (0,0) width 123: "Syntax and parsing"
          RenderText {#text} at (122,0) size 48x16
            text run at (122,0) width 48: " (#158)"
        RenderListItem {LI} at (40,1968) size 729x16
          RenderListMarker at (-16,0) size 6x16: bullet
          RenderInline {A} at (0,0) size 283x16 [color=#0000EE]
            RenderText {#text} at (0,0) size 283x16
              text run at (0,0) width 283: "Syntax and parsing of new pseudo-elements"
          RenderText {#text} at (282,0) size 47x16
            text run at (282,0) width 47: " (#159)"
        RenderListItem {LI} at (40,1984) size 729x16
          RenderListMarker at (-16,0) size 6x16: bullet
          RenderInline {A} at (0,0) size 303x16 [color=#0000EE]
            RenderText {#text} at (0,0) size 303x16
              text run at (0,0) width 303: "Syntax and parsing of unknown pseudo-classes"
          RenderText {#text} at (302,0) size 48x16
            text run at (302,0) width 48: " (#160)"
        RenderListItem {LI} at (40,2000) size 729x16
          RenderListMarker at (-16,0) size 6x16: bullet
          RenderInline {A} at (0,0) size 442x16 [color=#0000EE]
            RenderText {#text} at (0,0) size 442x16
              text run at (0,0) width 442: "Syntax and parsing of unknown pseudo-classes and pseudo-elements"
          RenderText {#text} at (441,0) size 47x16
            text run at (441,0) width 47: " (#161)"
        RenderListItem {LI} at (40,2016) size 729x16
          RenderListMarker at (-16,0) size 6x16: bullet
          RenderInline {A} at (0,0) size 140x16 [color=#0000EE]
            RenderText {#text} at (0,0) size 140x16
              text run at (0,0) width 140: "Contextual ::selection"
          RenderText {#text} at (139,0) size 48x16
            text run at (139,0) width 48: " (#162)"
        RenderListItem {LI} at (40,2032) size 729x16
          RenderListMarker at (-16,0) size 6x16: bullet
          RenderInline {A} at (0,0) size 132x16 [color=#0000EE]
            RenderText {#text} at (0,0) size 132x16
              text run at (0,0) width 132: "Contextual :contains"
          RenderText {#text} at (131,0) size 48x16
            text run at (131,0) width 48: " (#163)"
        RenderListItem {LI} at (40,2048) size 729x16
          RenderListMarker at (-16,0) size 6x16: bullet
          RenderInline {A} at (0,0) size 142x16 [color=#0000EE]
            RenderText {#text} at (0,0) size 142x16
              text run at (0,0) width 142: ":focus with ::selection"
          RenderText {#text} at (141,0) size 47x16
            text run at (141,0) width 47: " (#164)"
        RenderListItem {LI} at (40,2064) size 729x16
          RenderListMarker at (-16,0) size 6x16: bullet
          RenderInline {A} at (0,0) size 144x16 [color=#0000EE]
            RenderText {#text} at (0,0) size 144x16
              text run at (0,0) width 144: ":hover with ::selection"
          RenderText {#text} at (143,0) size 47x16
            text run at (143,0) width 47: " (#165)"
        RenderListItem {LI} at (40,2080) size 729x16
          RenderListMarker at (-16,0) size 6x16: bullet
          RenderInline {A} at (0,0) size 178x16 [color=#0000EE]
            RenderText {#text} at (0,0) size 178x16
              text run at (0,0) width 178: ":first-letter with ::first-letter"
          RenderText {#text} at (177,0) size 48x16
            text run at (177,0) width 48: " (#166)"
        RenderListItem {LI} at (40,2096) size 729x16
          RenderListMarker at (-16,0) size 6x16: bullet
          RenderInline {A} at (0,0) size 178x16 [color=#0000EE]
            RenderText {#text} at (0,0) size 178x16
              text run at (0,0) width 178: ":first-letter with ::first-letter"
          RenderText {#text} at (177,0) size 55x16
            text run at (177,0) width 55: " (#166a)"
        RenderListItem {LI} at (40,2112) size 729x16
          RenderListMarker at (-16,0) size 6x16: bullet
          RenderInline {A} at (0,0) size 160x16 [color=#0000EE]
            RenderText {#text} at (0,0) size 160x16
              text run at (0,0) width 160: ":first-line with ::first-line"
          RenderText {#text} at (159,0) size 48x16
            text run at (159,0) width 48: " (#167)"
        RenderListItem {LI} at (40,2128) size 729x16
          RenderListMarker at (-16,0) size 6x16: bullet
          RenderInline {A} at (0,0) size 160x16 [color=#0000EE]
            RenderText {#text} at (0,0) size 160x16
              text run at (0,0) width 160: ":first-line with ::first-line"
          RenderText {#text} at (159,0) size 55x16
            text run at (159,0) width 55: " (#167a)"
        RenderListItem {LI} at (40,2144) size 729x16
          RenderListMarker at (-16,0) size 6x16: bullet
          RenderInline {A} at (0,0) size 132x16 [color=#0000EE]
            RenderText {#text} at (0,0) size 132x16
              text run at (0,0) width 132: ":before with ::before"
          RenderText {#text} at (131,0) size 48x16
            text run at (131,0) width 48: " (#168)"
        RenderListItem {LI} at (40,2160) size 729x16
          RenderListMarker at (-16,0) size 6x16: bullet
          RenderInline {A} at (0,0) size 132x16 [color=#0000EE]
            RenderText {#text} at (0,0) size 132x16
              text run at (0,0) width 132: ":before with ::before"
          RenderText {#text} at (131,0) size 55x16
            text run at (131,0) width 55: " (#168a)"
        RenderListItem {LI} at (40,2176) size 729x16
          RenderListMarker at (-16,0) size 6x16: bullet
          RenderInline {A} at (0,0) size 109x16 [color=#0000EE]
            RenderText {#text} at (0,0) size 109x16
              text run at (0,0) width 109: ":after with ::after"
          RenderText {#text} at (108,0) size 48x16
            text run at (108,0) width 48: " (#169)"
        RenderListItem {LI} at (40,2192) size 729x16
          RenderListMarker at (-16,0) size 6x16: bullet
          RenderInline {A} at (0,0) size 109x16 [color=#0000EE]
            RenderText {#text} at (0,0) size 109x16
              text run at (0,0) width 109: ":after with ::after"
          RenderText {#text} at (108,0) size 55x16
            text run at (108,0) width 55: " (#169a)"
        RenderListItem {LI} at (40,2208) size 729x16
          RenderListMarker at (-16,0) size 6x16: bullet
          RenderInline {A} at (0,0) size 156x16 [color=#0000EE]
            RenderText {#text} at (0,0) size 156x16
              text run at (0,0) width 156: "Long chains of selectors"
          RenderText {#text} at (155,0) size 48x16
            text run at (155,0) width 48: " (#170)"
        RenderListItem {LI} at (40,2224) size 729x16
          RenderListMarker at (-16,0) size 6x16: bullet
          RenderInline {A} at (0,0) size 156x16 [color=#0000EE]
            RenderText {#text} at (0,0) size 156x16
              text run at (0,0) width 156: "Long chains of selectors"
          RenderText {#text} at (155,0) size 55x16
            text run at (155,0) width 55: " (#170a)"
        RenderListItem {LI} at (40,2240) size 729x16
          RenderListMarker at (-16,0) size 6x16: bullet
          RenderInline {A} at (0,0) size 156x16 [color=#0000EE]
            RenderText {#text} at (0,0) size 156x16
              text run at (0,0) width 156: "Long chains of selectors"
          RenderText {#text} at (155,0) size 56x16
            text run at (155,0) width 56: " (#170b)"
        RenderListItem {LI} at (40,2256) size 729x16
          RenderListMarker at (-16,0) size 6x16: bullet
          RenderInline {A} at (0,0) size 156x16 [color=#0000EE]
            RenderText {#text} at (0,0) size 156x16
              text run at (0,0) width 156: "Long chains of selectors"
          RenderText {#text} at (155,0) size 55x16
            text run at (155,0) width 55: " (#170c)"
        RenderListItem {LI} at (40,2272) size 729x16
          RenderListMarker at (-16,0) size 6x16: bullet
          RenderInline {A} at (0,0) size 156x16 [color=#0000EE]
            RenderText {#text} at (0,0) size 156x16
              text run at (0,0) width 156: "Long chains of selectors"
          RenderText {#text} at (155,0) size 56x16
            text run at (155,0) width 56: " (#170d)"
        RenderListItem {LI} at (40,2288) size 729x16
          RenderListMarker at (-16,0) size 6x16: bullet
          RenderInline {A} at (0,0) size 180x16 [color=#0000EE]
            RenderText {#text} at (0,0) size 180x16
              text run at (0,0) width 180: "Parsing: Numbers in classes"
          RenderText {#text} at (179,0) size 55x16
            text run at (179,0) width 55: " (#175a)"
        RenderListItem {LI} at (40,2304) size 729x16
          RenderListMarker at (-16,0) size 6x16: bullet
          RenderInline {A} at (0,0) size 180x16 [color=#0000EE]
            RenderText {#text} at (0,0) size 180x16
              text run at (0,0) width 180: "Parsing: Numbers in classes"
          RenderText {#text} at (179,0) size 56x16
            text run at (179,0) width 56: " (#175b)"
        RenderListItem {LI} at (40,2320) size 729x16
          RenderListMarker at (-16,0) size 6x16: bullet
          RenderInline {A} at (0,0) size 180x16 [color=#0000EE]
            RenderText {#text} at (0,0) size 180x16
              text run at (0,0) width 180: "Parsing: Numbers in classes"
          RenderText {#text} at (179,0) size 55x16
            text run at (179,0) width 55: " (#175c)"
        RenderListItem {LI} at (40,2336) size 729x16
          RenderListMarker at (-16,0) size 6x16: bullet
          RenderInline {A} at (0,0) size 264x16 [color=#0000EE]
            RenderText {#text} at (0,0) size 264x16
              text run at (0,0) width 264: "NEGATED Dynamic handling of :empty"
          RenderText {#text} at (263,0) size 40x16
            text run at (263,0) width 40: " (#d1)"
        RenderListItem {LI} at (40,2352) size 729x16
          RenderListMarker at (-16,0) size 6x16: bullet
          RenderInline {A} at (0,0) size 264x16 [color=#0000EE]
            RenderText {#text} at (0,0) size 264x16
              text run at (0,0) width 264: "NEGATED Dynamic handling of :empty"
          RenderText {#text} at (263,0) size 48x16
            text run at (263,0) width 48: " (#d1b)"
        RenderListItem {LI} at (40,2368) size 729x16
          RenderListMarker at (-16,0) size 6x16: bullet
          RenderInline {A} at (0,0) size 220x16 [color=#0000EE]
            RenderText {#text} at (0,0) size 220x16
              text run at (0,0) width 220: "Dynamic handling of combinators"
          RenderText {#text} at (219,0) size 39x16
            text run at (219,0) width 39: " (#d2)"
        RenderListItem {LI} at (40,2384) size 729x16
          RenderListMarker at (-16,0) size 6x16: bullet
          RenderInline {A} at (0,0) size 303x16 [color=#0000EE]
            RenderText {#text} at (0,0) size 303x16
              text run at (0,0) width 303: "Dynamic updating of :first-child and :last-child"
          RenderText {#text} at (302,0) size 40x16
            text run at (302,0) width 40: " (#d4)"
        RenderListItem {LI} at (40,2400) size 729x16
          RenderListMarker at (-16,0) size 6x16: bullet
          RenderInline {A} at (0,0) size 93x16 [color=#0000EE]
            RenderText {#text} at (0,0) size 93x16
              text run at (0,0) width 93: ":indeterminate"
          RenderText {#text} at (92,0) size 40x16
            text run at (92,0) width 40: " (#d5)"
        RenderListItem {LI} at (40,2416) size 729x16
          RenderListMarker at (-16,0) size 6x16: bullet
          RenderInline {A} at (0,0) size 181x16 [color=#0000EE]
            RenderText {#text} at (0,0) size 181x16
              text run at (0,0) width 181: ":indeterminate and :checked"
          RenderText {#text} at (180,0) size 47x16
            text run at (180,0) width 47: " (#d5a)"
        RenderListItem {LI} at (40,2432) size 729x16
          RenderListMarker at (-16,0) size 6x16: bullet
          RenderInline {A} at (0,0) size 260x16 [color=#0000EE]
            RenderText {#text} at (0,0) size 260x16
              text run at (0,0) width 260: "NEGATED :indeterminate and :checked"
          RenderText {#text} at (259,0) size 48x16
            text run at (259,0) width 48: " (#d5b)"
        RenderListItem {LI} at (40,2448) size 729x16
          RenderListMarker at (-16,0) size 6x16: bullet
          RenderInline {A} at (0,0) size 181x16 [color=#0000EE]
            RenderText {#text} at (0,0) size 181x16
              text run at (0,0) width 181: ":indeterminate and :checked"
          RenderText {#text} at (180,0) size 47x16
            text run at (180,0) width 47: " (#d5c)"
        RenderListItem {LI} at (40,2464) size 729x16
          RenderListMarker at (-16,0) size 6x16: bullet
          RenderInline {A} at (0,0) size 186x16 [color=#0000EE]
            RenderText {#text} at (0,0) size 186x16
              text run at (0,0) width 186: ":indeterminate with :checked"
          RenderText {#text} at (185,0) size 48x16
            text run at (185,0) width 48: " (#d5d)"
        RenderListItem {LI} at (40,2480) size 729x16
          RenderListMarker at (-16,0) size 6x16: bullet
          RenderInline {A} at (0,0) size 266x16 [color=#0000EE]
            RenderText {#text} at (0,0) size 266x16
              text run at (0,0) width 266: "NEGATED :indeterminate with :checked"
          RenderText {#text} at (265,0) size 46x16
            text run at (265,0) width 46: " (#d5e)"
      RenderBlock {P} at (0,2917.06) size 769x16
        RenderText {#text} at (0,0) size 62x16
          text run at (0,0) width 62: "See also: "
        RenderInline {A} at (0,0) size 37x16 [color=#0000EE]
          RenderText {#text} at (61,0) size 37x16
            text run at (61,0) width 37: "Index"
        RenderText {#text} at (97,0) size 9x16
          text run at (97,0) width 9: ", "
        RenderInline {A} at (0,0) size 58x16 [color=#0000EE]
          RenderText {#text} at (105,0) size 58x16
            text run at (105,0) width 58: "XHTML"
        RenderText {#text} at (162,0) size 9x16
          text run at (162,0) width 9: ", "
        RenderInline {A} at (0,0) size 37x16 [color=#0000EE]
          RenderText {#text} at (170,0) size 37x16
            text run at (170,0) width 37: "XML"
