layer at (0,0) size 800x600
  RenderView at (0,0) size 800x600
layer at (0,0) size 800x600
  RenderBlock {HTML} at (0,0) size 800x600
    RenderBody {BODY} at (8,8) size 784x576
      RenderBlock {DIV} at (0,0) size 784x48
        RenderBlock {P} at (0,0) size 784x16 [bgcolor=#008000]
          RenderText {#text} at (0,0) size 272x16
            text run at (0,0) width 272: "This line should have a green background."
        RenderBlock {P} at (0,32) size 784x16 [bgcolor=#0000FF]
          RenderText {#text} at (0,0) size 309x16
            text run at (0,0) width 309: "This line should NOT have a green background."
