layer at (0,0) size 800x600
  RenderView at (0,0) size 800x600
layer at (0,0) size 800x88
  RenderBlock {HTML} at (0,0) size 800x88.44 [bgcolor=#666666]
    RenderBody {BODY} at (8,18.72) size 784x53.72
      RenderBlock {H3} at (0,0) size 784x19
        RenderText {#text} at (0,0) size 448x19
          text run at (0,0) width 448: "Test of unqualifed :hover selector in strict parsing mode"
      RenderBlock {P} at (0,37.72) size 784x16
        RenderText {#text} at (0,0) size 702x16
          text run at (0,0) width 702: "Moving the mouse anywhere over the document should result in the background color being changed to grey."
