layer at (0,0) size 800x600
  RenderView at (0,0) size 800x600
layer at (0,0) size 800x600
  RenderBlock {HTML} at (0,0) size 800x600
    RenderBody {BODY} at (8,8) size 784x584
      RenderBlock {DIV} at (0,0) size 114x500
        RenderInline {SPAN} at (0,0) size 19x391
          RenderText {#text} at (0,0) size 19x391
            text run at (0,0) width 391: "This text should be rotated 90 degrees and underlined."
        RenderText {#text} at (0,390) size 19x5
          text run at (0,390) width 5: " "
        RenderBR {BR} at (5,394) size 0x1
        RenderInline {SPAN} at (0,0) size 19x382
          RenderText {#text} at (19,0) size 19x382
            text run at (19,0) width 382: "This text should be rotated 90 degrees and overlined."
        RenderText {#text} at (19,381) size 19x5
          text run at (19,381) width 5: " "
        RenderBR {BR} at (24,385) size 0x1
        RenderInline {SPAN} at (0,0) size 19x418
          RenderText {#text} at (38,0) size 19x418
            text run at (38,0) width 418: "This text should be rotated 90 degrees and struck through."
        RenderText {#text} at (38,417) size 19x6
          text run at (38,417) width 5: " "
        RenderBR {BR} at (43,422) size 0x1
        RenderInline {SPAN} at (0,0) size 19x444
          RenderText {#text} at (57,0) size 19x444
            text run at (57,0) width 444: "This text should have a red shadow that is offset horizontally."
        RenderText {#text} at (57,443) size 19x5
          text run at (57,443) width 5: " "
        RenderBR {BR} at (62,447) size 0x1
        RenderBR {BR} at (76,0) size 19x0
        RenderInline {SPAN} at (0,0) size 19x456
          RenderText {#text} at (95,0) size 19x456
            text run at (95,0) width 456: "This text should have an overline plus horizontal green shadow"
