layer at (0,0) size 785x1228
  RenderView at (0,0) size 785x600
layer at (0,0) size 785x1228
  RenderBlock {HTML} at (0,0) size 785x1228
    RenderBody {BODY} at (8,8) size 769x1212
      RenderText {#text} at (0,0) size 292x16
        text run at (0,0) width 292: "LTR fieldset with left/center/right text-align: "
      RenderBR {BR} at (291,12) size 1x0
      RenderFieldSet {FIELDSET} at (16,32) size 228x119.59 [border: (2px groove #C0C0C0)]
        RenderBlock {LEGEND} at (34,0) size 104x25
          RenderBlock {DIV} at (2,0) size 100x25 [bgcolor=#FFA500]
      RenderText {#text} at (260,155) size 4x16
        text run at (260,155) width 4: " "
      RenderFieldSet {FIELDSET} at (280,32) size 228x119.59 [border: (2px groove #C0C0C0)]
        RenderBlock {LEGEND} at (110,0) size 104x25
          RenderBlock {DIV} at (2,0) size 100x25 [bgcolor=#FFA500]
      RenderText {#text} at (0,0) size 0x0
      RenderFieldSet {FIELDSET} at (16,187) size 228x119.59 [border: (2px groove #C0C0C0)]
        RenderBlock {LEGEND} at (62,0) size 104x25
          RenderBlock {DIV} at (2,0) size 100x25 [bgcolor=#FFA500]
      RenderText {#text} at (260,310) size 4x16
        text run at (260,310) width 4: " "
      RenderBR {BR} at (0,0) size 0x0
      RenderText {#text} at (0,326) size 292x16
        text run at (0,326) width 292: "RTL fieldset with left/center/right text-align: "
      RenderBR {BR} at (291,338) size 1x0
      RenderFieldSet {FIELDSET} at (16,358) size 228x119.59 [border: (2px groove #C0C0C0)]
        RenderBlock {LEGEND} at (14,0) size 104x25
          RenderBlock {DIV} at (2,0) size 100x25 [bgcolor=#FFA500]
      RenderText {#text} at (260,481) size 4x16
        text run at (260,481) width 4: " "
      RenderFieldSet {FIELDSET} at (280,358) size 228x119.59 [border: (2px groove #C0C0C0)]
        RenderBlock {LEGEND} at (90,0) size 104x25
          RenderBlock {DIV} at (2,0) size 100x25 [bgcolor=#FFA500]
      RenderText {#text} at (0,0) size 0x0
      RenderFieldSet {FIELDSET} at (16,513) size 228x119.59 [border: (2px groove #C0C0C0)]
        RenderBlock {LEGEND} at (62,0) size 104x25
          RenderBlock {DIV} at (2,0) size 100x25 [bgcolor=#FFA500]
      RenderText {#text} at (260,636) size 4x16
        text run at (260,636) width 4: " "
      RenderBR {BR} at (0,0) size 0x0
      RenderText {#text} at (0,652) size 347x16
        text run at (0,652) width 347: "Vertical LTR fieldset with left/center/right text-align: "
      RenderBR {BR} at (346,664) size 1x0
      RenderFieldSet {FIELDSET} at (16,684) size 119.59x228 [border: (2px groove #C0C0C0)]
        RenderBlock {LEGEND} at (0,34) size 25x104
          RenderBlock {DIV} at (0,2) size 25x100 [bgcolor=#FFA500]
      RenderText {#text} at (151,916) size 5x16
        text run at (151,916) width 5: " "
      RenderFieldSet {FIELDSET} at (171.59,684) size 119.59x228 [border: (2px groove #C0C0C0)]
        RenderBlock {LEGEND} at (0,110) size 25x104
          RenderBlock {DIV} at (0,2) size 25x100 [bgcolor=#FFA500]
      RenderText {#text} at (307,916) size 5x16
        text run at (307,916) width 5: " "
      RenderFieldSet {FIELDSET} at (327.19,684) size 119.59x228 [border: (2px groove #C0C0C0)]
        RenderBlock {LEGEND} at (0,62) size 25x104
          RenderBlock {DIV} at (0,2) size 25x100 [bgcolor=#FFA500]
      RenderText {#text} at (462,916) size 5x16
        text run at (462,916) width 5: " "
      RenderBR {BR} at (0,0) size 0x0
      RenderText {#text} at (0,932) size 347x16
        text run at (0,932) width 347: "Vertical RTL fieldset with left/center/right text-align: "
      RenderBR {BR} at (346,944) size 1x0
      RenderFieldSet {FIELDSET} at (16,964) size 119.59x228 [border: (2px groove #C0C0C0)]
        RenderBlock {LEGEND} at (0,14) size 25x104
          RenderBlock {DIV} at (0,2) size 25x100 [bgcolor=#FFA500]
      RenderText {#text} at (151,1196) size 5x16
        text run at (151,1196) width 5: " "
      RenderFieldSet {FIELDSET} at (171.59,964) size 119.59x228 [border: (2px groove #C0C0C0)]
        RenderBlock {LEGEND} at (0,90) size 25x104
          RenderBlock {DIV} at (0,2) size 25x100 [bgcolor=#FFA500]
      RenderText {#text} at (307,1196) size 5x16
        text run at (307,1196) width 5: " "
      RenderFieldSet {FIELDSET} at (327.19,964) size 119.59x228 [border: (2px groove #C0C0C0)]
        RenderBlock {LEGEND} at (0,62) size 25x104
          RenderBlock {DIV} at (0,2) size 25x100 [bgcolor=#FFA500]
      RenderText {#text} at (0,0) size 0x0
