layer at (0,0) size 800x600
  RenderView at (0,0) size 800x600
layer at (0,439) size 800x161
  RenderBlock {HTML} at (0,0) size 800x161
    RenderBody {BODY} at (8,8) size 784x145
      RenderText {#text} at (0,0) size 391x36
        text run at (0,0) width 391: "This is the first line of text."
      RenderBR {BR} at (390,0) size 1x36
      RenderImage {IMG} at (0,45) size 20x50 [bgcolor=#008000]
      RenderText {#text} at (20,36) size 379x36
        text run at (20,36) width 379: " This is the second line of "
      RenderImage {IMG} at (398.92,45) size 20x100 [bgcolor=#800080]
      RenderText {#text} at (418,36) size 73x36
        text run at (418,36) width 73: " text."
selection start: position 1 of child 0 {#text} of body
selection end:   position 1 of child 3 {IMG} of body
