layer at (0,0) size 800x600
  RenderView at (0,0) size 800x600
layer at (639,0) size 161x600
  RenderBlock {HTML} at (0,0) size 161x600
    RenderBody {BODY} at (8,8) size 145x584
      RenderText {#text} at (0,0) size 36x391
        text run at (0,0) width 391: "This is the first line of text."
      RenderBR {BR} at (0,390) size 36x1
      RenderImage {IMG} at (86,0) size 50x20 [bgcolor=#008000]
      RenderText {#text} at (109,20) size 36x379
        text run at (109,20) width 379: " This is the second line of "
      RenderImage {IMG} at (36,398.92) size 100x20 [bgcolor=#800080]
      RenderText {#text} at (109,418) size 36x73
        text run at (109,418) width 72: " text."
selection start: position 1 of child 0 {#text} of body
selection end:   position 1 of child 3 {IMG} of body
