layer at (0,0) size 810x600
  RenderView at (0,0) size 800x600
layer at (-10,0) size 810x600 backgroundClip at (0,0) size 810x600 clip at (0,0) size 810x600 outlineClip at (0,0) size 810x600
  RenderBlock {HTML} at (0,0) size 810x600
    RenderBody {BODY} at (8,8) size 0x584
      RenderBlock (floating) {DIV} at (8,8) size 148x366 [border: (3px solid #000000)]
        RenderText {#text} at (13,3) size 20x252
          text run at (13,3) width 252: "\x{305B}\x{3063}\x{304B}\x{304F}\x{898B}\x{3064}\x{3051}\x{305F}\x{3059}\x{3070}\x{3089}\x{3057}\x{3044}\x{8A18}\x{4E8B}"
        RenderInline {SPAN} at (0,0) size 50x349
          RenderText {#text} at (13,254) size 50x349
            text run at (13,254) width 97: "\x{304C}\x{3069}\x{3053}\x{306B}\x{3042}\x{3063}"
            text run at (43,3) width 121: "\x{305F}\x{304B}\x{5FD8}\x{308C}\x{3066}\x{3057}\x{307E}"
        RenderText {#text} at (43,123) size 20x172
          text run at (43,123) width 172: "\x{3063}\x{305F}\x{7D4C}\x{9A13}\x{306F}\x{3042}\x{308A}\x{307E}\x{3059}\x{304B}"
        RenderInline {SPAN} at (0,0) size 50x346
          RenderText {#text} at (43,294) size 50x346
            text run at (43,294) width 54: "\x{306A}\x{3089}\x{30BF}"
            text run at (73,3) width 233: "\x{30A4}\x{30C8}\x{30EB}\x{3068}\x{30A2}\x{30C9}\x{30EC}\x{30B9}\x{3060}\x{3051}\x{3067}\x{306A}\x{304F}\x{3001}"
        RenderText {#text} at (73,235) size 71x349
          text run at (73,235) width 117: "\x{8A2A}\x{554F}\x{3057}\x{305F}\x{30A6}\x{30A7}\x{30D6}"
          text run at (103,3) width 349: "\x{30DA}\x{30FC}\x{30B8}\x{306E}\x{30B3}\x{30F3}\x{30C6}\x{30F3}\x{30C4}\x{304B}\x{3089}\x{3082}\x{691C}\x{7D22}\x{3059}\x{308B}\x{3053}\x{3068}\x{304C}\x{3067}\x{304D}"
          text run at (124,3) width 54: "\x{307E}\x{3059}\x{3002}"
      RenderBlock (floating) {DIV} at (172,8) size 202x366 [border: (3px solid #000000)]
        RenderText {#text} at (13,3) size 20x47
          text run at (13,3) width 47: "\x{305B}\x{3063}\x{304B}"
        RenderInline {SPAN} at (0,0) size 20x103
          RenderText {#text} at (13,49) size 20x103
            text run at (13,49) width 102: "\x{304F}\x{898B}\x{3064}\x{3051}\x{305F}\x{3059}"
        RenderInline {SPAN} at (0,0) size 20x68
          RenderText {#text} at (13,151) size 20x68
            text run at (13,151) width 68: "\x{3070}\x{3089}\x{3057}\x{3044}"
        RenderInline {SPAN} at (0,0) size 20x71
          RenderText {#text} at (13,218) size 20x71
            text run at (13,218) width 71: "\x{8A18}\x{4E8B}\x{304C}\x{3069}"
        RenderInline {SPAN} at (0,0) size 20x64
          RenderText {#text} at (13,288) size 20x64
            text run at (13,288) width 63: "\x{3053}\x{306B}\x{3042}\x{3063}"
        RenderInline {SPAN} at (0,0) size 20x103
          RenderText {#text} at (61,3) size 20x103
            text run at (61,3) width 103: "\x{305F}\x{304B}\x{5FD8}\x{308C}\x{3066}\x{3057}"
        RenderInline {SPAN} at (0,0) size 20x85
          RenderText {#text} at (61,105) size 20x85
            text run at (61,105) width 85: "\x{307E}\x{3063}\x{305F}\x{7D4C}\x{9A13}"
        RenderInline {SPAN} at (0,0) size 20x106
          RenderText {#text} at (61,189) size 20x106
            text run at (61,189) width 106: "\x{306F}\x{3042}\x{308A}\x{307E}\x{3059}\x{304B}"
        RenderInline {SPAN} at (0,0) size 68x346
          RenderText {#text} at (61,294) size 68x346
            text run at (61,294) width 54: "\x{306A}\x{3089}\x{30BF}"
            text run at (109,3) width 66: "\x{30A4}\x{30C8}\x{30EB}\x{3068}"
        RenderInline {SPAN} at (0,0) size 20x133
          RenderText {#text} at (109,68) size 20x133
            text run at (109,68) width 133: "\x{30A2}\x{30C9}\x{30EC}\x{30B9}\x{3060}\x{3051}\x{3067}\x{306A}"
        RenderInline {SPAN} at (0,0) size 20x124
          RenderText {#text} at (109,200) size 20x124
            text run at (109,200) width 124: "\x{304F}\x{3001}\x{8A2A}\x{554F}\x{3057}\x{305F}\x{30A6}"
        RenderInline {SPAN} at (0,0) size 68x349
          RenderText {#text} at (109,323) size 68x349
            text run at (109,323) width 29: "\x{30A7}\x{30D6}"
            text run at (157,3) width 110: "\x{30DA}\x{30FC}\x{30B8}\x{306E}\x{30B3}\x{30F3}\x{30C6}"
        RenderText {#text} at (157,112) size 41x349
          text run at (157,112) width 239: "\x{30F3}\x{30C4}\x{304B}\x{3089}\x{3082}\x{691C}\x{7D22}\x{3059}\x{308B}\x{3053}\x{3068}\x{304C}\x{3067}\x{304D}"
          text run at (178,3) width 54: "\x{307E}\x{3059}\x{3002}"
      RenderBlock (floating) {DIV} at (390,8) size 201x366 [border: (3px solid #000000)]
        RenderText {#text} at (3,3) size 20x47
          text run at (3,3) width 47: "\x{305B}\x{3063}\x{304B}"
        RenderInline {SPAN} at (0,0) size 20x103
          RenderText {#text} at (3,49) size 20x103
            text run at (3,49) width 102: "\x{304F}\x{898B}\x{3064}\x{3051}\x{305F}\x{3059}"
        RenderInline {SPAN} at (0,0) size 20x68
          RenderText {#text} at (3,151) size 20x68
            text run at (3,151) width 68: "\x{3070}\x{3089}\x{3057}\x{3044}"
        RenderInline {SPAN} at (0,0) size 20x71
          RenderText {#text} at (3,218) size 20x71
            text run at (3,218) width 71: "\x{8A18}\x{4E8B}\x{304C}\x{3069}"
        RenderInline {SPAN} at (0,0) size 20x64
          RenderText {#text} at (3,288) size 20x64
            text run at (3,288) width 63: "\x{3053}\x{306B}\x{3042}\x{3063}"
        RenderInline {SPAN} at (0,0) size 20x103
          RenderText {#text} at (33,3) size 20x103
            text run at (33,3) width 103: "\x{305F}\x{304B}\x{5FD8}\x{308C}\x{3066}\x{3057}"
        RenderInline {SPAN} at (0,0) size 20x85
          RenderText {#text} at (33,105) size 20x85
            text run at (33,105) width 85: "\x{307E}\x{3063}\x{305F}\x{7D4C}\x{9A13}"
        RenderInline {SPAN} at (0,0) size 20x106
          RenderText {#text} at (33,189) size 20x106
            text run at (33,189) width 106: "\x{306F}\x{3042}\x{308A}\x{307E}\x{3059}\x{304B}"
        RenderInline {SPAN} at (0,0) size 68x346
          RenderText {#text} at (33,294) size 68x346
            text run at (33,294) width 54: "\x{306A}\x{3089}\x{30BF}"
            text run at (81,3) width 66: "\x{30A4}\x{30C8}\x{30EB}\x{3068}"
        RenderInline {SPAN} at (0,0) size 20x133
          RenderText {#text} at (81,68) size 20x133
            text run at (81,68) width 133: "\x{30A2}\x{30C9}\x{30EC}\x{30B9}\x{3060}\x{3051}\x{3067}\x{306A}"
        RenderInline {SPAN} at (0,0) size 20x124
          RenderText {#text} at (81,200) size 20x124
            text run at (81,200) width 124: "\x{304F}\x{3001}\x{8A2A}\x{554F}\x{3057}\x{305F}\x{30A6}"
        RenderInline {SPAN} at (0,0) size 68x349
          RenderText {#text} at (81,323) size 68x349
            text run at (81,323) width 29: "\x{30A7}\x{30D6}"
            text run at (129,3) width 110: "\x{30DA}\x{30FC}\x{30B8}\x{306E}\x{30B3}\x{30F3}\x{30C6}"
        RenderText {#text} at (129,112) size 68x349
          text run at (129,112) width 239: "\x{30F3}\x{30C4}\x{304B}\x{3089}\x{3082}\x{691C}\x{7D22}\x{3059}\x{308B}\x{3053}\x{3068}\x{304C}\x{3067}\x{304D}"
          text run at (177,3) width 54: "\x{307E}\x{3059}\x{3002}"
      RenderBlock (floating) {DIV} at (607,8) size 187x366 [border: (3px solid #000000)]
        RenderText {#text} at (12,3) size 20x252
          text run at (12,3) width 252: "\x{305B}\x{3063}\x{304B}\x{304F}\x{898B}\x{3064}\x{3051}\x{305F}\x{3059}\x{3070}\x{3089}\x{3057}\x{3044}\x{8A18}\x{4E8B}"
        RenderInline {SPAN} at (0,0) size 56x349
          RenderText {#text} at (12,254) size 56x349
            text run at (12,254) width 97: "\x{304C}\x{3069}\x{3053}\x{306B}\x{3042}\x{3063}"
            text run at (48,3) width 121: "\x{305F}\x{304B}\x{5FD8}\x{308C}\x{3066}\x{3057}\x{307E}"
        RenderText {#text} at (48,123) size 20x172
          text run at (48,123) width 172: "\x{3063}\x{305F}\x{7D4C}\x{9A13}\x{306F}\x{3042}\x{308A}\x{307E}\x{3059}\x{304B}"
        RenderInline {SPAN} at (0,0) size 56x346
          RenderText {#text} at (48,294) size 56x346
            text run at (48,294) width 54: "\x{306A}\x{3089}\x{30BF}"
            text run at (84,3) width 233: "\x{30A4}\x{30C8}\x{30EB}\x{3068}\x{30A2}\x{30C9}\x{30EC}\x{30B9}\x{3060}\x{3051}\x{3067}\x{306A}\x{304F}\x{3001}"
        RenderText {#text} at (84,235) size 92x349
          text run at (84,235) width 117: "\x{8A2A}\x{554F}\x{3057}\x{305F}\x{30A6}\x{30A7}\x{30D6}"
          text run at (120,3) width 349: "\x{30DA}\x{30FC}\x{30B8}\x{306E}\x{30B3}\x{30F3}\x{30C6}\x{30F3}\x{30C4}\x{304B}\x{3089}\x{3082}\x{691C}\x{7D22}\x{3059}\x{308B}\x{3053}\x{3068}\x{304C}\x{3067}\x{304D}"
          text run at (156,3) width 54: "\x{307E}\x{3059}\x{3002}"
