layer at (0,0) size 800x600
  RenderView at (0,0) size 800x600
layer at (0,0) size 800x600
  RenderBlock {HTML} at (0,0) size 800x600
    RenderBody {BODY} at (8,8) size 784x576
      RenderBlock {P} at (0,0) size 784x36
        RenderText {#text} at (0,0) size 55x17
          text run at (0,0) width 55: "Test for "
        RenderInline {I} at (0,0) size 712x35
          RenderInline {A} at (0,0) size 160x17 [color=#0000EE]
            RenderText {#text} at (54,0) size 160x17
              text run at (54,0) width 160: "http://crbug.com/373389"
          RenderText {#text} at (213,0) size 712x35
            text run at (213,0) width 5: " "
            text run at (217,0) width 495: "When a webfont is missing a glyph, synthesization from the fallback font isn't"
            text run at (0,18) width 68: "happening"
        RenderText {#text} at (67,18) size 5x17
          text run at (67,18) width 5: "."
      RenderBlock {P} at (0,52) size 784x49
        RenderText {#text} at (0,21) size 192x17
          text run at (0,21) width 192: "A synthesized oblique bullet: "
        RenderInline {SPAN} at (0,0) size 26x32
          RenderText {#text} at (191,9) size 26x32
            text run at (191,9) width 26: "\x{25CF}"
        RenderText {#text} at (0,0) size 0x0
