layer at (0,0) size 785x1103
  RenderView at (0,0) size 785x600
layer at (0,0) size 785x1103
  RenderBlock {HTML} at (0,0) size 785x1103.06
    RenderBody {BODY} at (8,19.91) size 769x1075.16
      RenderBlock {SECTION} at (0,0) size 769x143.91
        RenderBlock {H2} at (0,0) size 769x27
          RenderText {#text} at (0,0) size 248x26
            text run at (0,0) width 248: "font-weight: 200 vs light"
        RenderBlock {DIV} at (0,46.91) size 769x21
          RenderText {#text} at (0,0) size 417x21
            text run at (0,0) width 417: "Back in June we delivered oxygen equipment of the same size."
        RenderBlock {DIV} at (0,67.91) size 769x21
          RenderText {#text} at (0,0) size 417x21
            text run at (0,0) width 417: "Back in June we delivered oxygen equipment of the same size."
        RenderBlock {DIV} at (0,88.91) size 769x21
          RenderText {#text} at (0,0) size 417x21
            text run at (0,0) width 417: "Back in June we delivered oxygen equipment of the same size."
        RenderBlock {P} at (0,125.91) size 769x18
          RenderText {#text} at (0,0) size 331x17
            text run at (0,0) width 331: "The three lines above should have the same weight."
      RenderBlock {SECTION} at (0,163.81) size 769x143.91
        RenderBlock {H2} at (0,0) size 769x27
          RenderText {#text} at (0,0) size 293x26
            text run at (0,0) width 293: "font-weight: 600 vs semibold"
        RenderBlock {DIV} at (0,46.91) size 769x21
          RenderText {#text} at (0,0) size 453x21
            text run at (0,0) width 453: "Back in June we delivered oxygen equipment of the same size."
        RenderBlock {DIV} at (0,67.91) size 769x21
          RenderText {#text} at (0,0) size 453x21
            text run at (0,0) width 453: "Back in June we delivered oxygen equipment of the same size."
        RenderBlock {DIV} at (0,88.91) size 769x21
          RenderText {#text} at (0,0) size 453x21
            text run at (0,0) width 453: "Back in June we delivered oxygen equipment of the same size."
        RenderBlock {P} at (0,125.91) size 769x18
          RenderText {#text} at (0,0) size 331x17
            text run at (0,0) width 331: "The three lines above should have the same weight."
      RenderBlock {SECTION} at (0,327.63) size 769x235.91
        RenderBlock {H2} at (0,0) size 769x27
          RenderText {#text} at (0,0) size 258x26
            text run at (0,0) width 258: "Specific weight, Segoe UI"
        RenderBlock {DIV} at (0,46.91) size 769x21
          RenderText {#text} at (0,0) size 542x21
            text run at (0,0) width 542: "font-weight: 100 - Back in June we delivered oxygen equipment of the same size."
        RenderBlock {DIV} at (0,67.91) size 769x21
          RenderText {#text} at (0,0) size 542x21
            text run at (0,0) width 542: "font-weight: 200 - Back in June we delivered oxygen equipment of the same size."
        RenderBlock {DIV} at (0,88.91) size 769x21
          RenderText {#text} at (0,0) size 542x21
            text run at (0,0) width 542: "font-weight: 300 - Back in June we delivered oxygen equipment of the same size."
        RenderBlock {DIV} at (0,109.91) size 769x21
          RenderText {#text} at (0,0) size 571x21
            text run at (0,0) width 571: "font-weight: 400 - Back in June we delivered oxygen equipment of the same size."
        RenderBlock {DIV} at (0,130.91) size 769x21
          RenderText {#text} at (0,0) size 589x21
            text run at (0,0) width 589: "font-weight: 500 - Back in June we delivered oxygen equipment of the same size."
        RenderBlock {DIV} at (0,151.91) size 769x21
          RenderText {#text} at (0,0) size 589x21
            text run at (0,0) width 589: "font-weight: 600 - Back in June we delivered oxygen equipment of the same size."
        RenderBlock {DIV} at (0,172.91) size 769x21
          RenderText {#text} at (0,0) size 612x21
            text run at (0,0) width 612: "font-weight: 700 - Back in June we delivered oxygen equipment of the same size."
        RenderBlock {DIV} at (0,193.91) size 769x21
          RenderText {#text} at (0,0) size 612x21
            text run at (0,0) width 612: "font-weight: 800 - Back in June we delivered oxygen equipment of the same size."
        RenderBlock {DIV} at (0,214.91) size 769x21
          RenderText {#text} at (0,0) size 612x21
            text run at (0,0) width 612: "font-weight: 900 - Back in June we delivered oxygen equipment of the same size."
      RenderBlock {SECTION} at (0,583.44) size 769x235.91
        RenderBlock {H2} at (0,0) size 769x27
          RenderText {#text} at (0,0) size 320x26
            text run at (0,0) width 320: "Specific weight, Segoe UI Light"
        RenderBlock {DIV} at (0,46.91) size 769x21
          RenderText {#text} at (0,0) size 542x21
            text run at (0,0) width 542: "font-weight: 100 - Back in June we delivered oxygen equipment of the same size."
        RenderBlock {DIV} at (0,67.91) size 769x21
          RenderText {#text} at (0,0) size 542x21
            text run at (0,0) width 542: "font-weight: 200 - Back in June we delivered oxygen equipment of the same size."
        RenderBlock {DIV} at (0,88.91) size 769x21
          RenderText {#text} at (0,0) size 542x21
            text run at (0,0) width 542: "font-weight: 300 - Back in June we delivered oxygen equipment of the same size."
        RenderBlock {DIV} at (0,109.91) size 769x21
          RenderText {#text} at (0,0) size 542x21
            text run at (0,0) width 542: "font-weight: 400 - Back in June we delivered oxygen equipment of the same size."
        RenderBlock {DIV} at (0,130.91) size 769x21
          RenderText {#text} at (0,0) size 542x21
            text run at (0,0) width 542: "font-weight: 500 - Back in June we delivered oxygen equipment of the same size."
        RenderBlock {DIV} at (0,151.91) size 769x21
          RenderText {#text} at (0,0) size 542x21
            text run at (0,0) width 542: "font-weight: 600 - Back in June we delivered oxygen equipment of the same size."
        RenderBlock {DIV} at (0,172.91) size 769x21
          RenderText {#text} at (0,0) size 542x21
            text run at (0,0) width 542: "font-weight: 700 - Back in June we delivered oxygen equipment of the same size."
        RenderBlock {DIV} at (0,193.91) size 769x21
          RenderText {#text} at (0,0) size 542x21
            text run at (0,0) width 542: "font-weight: 800 - Back in June we delivered oxygen equipment of the same size."
        RenderBlock {DIV} at (0,214.91) size 769x21
          RenderText {#text} at (0,0) size 542x21
            text run at (0,0) width 542: "font-weight: 900 - Back in June we delivered oxygen equipment of the same size."
      RenderBlock {SECTION} at (0,839.25) size 769x235.91
        RenderBlock {H2} at (0,0) size 769x27
          RenderText {#text} at (0,0) size 360x26
            text run at (0,0) width 360: "Specific weight, Segoe UI Semibold"
        RenderBlock {DIV} at (0,46.91) size 769x21
          RenderText {#text} at (0,0) size 589x21
            text run at (0,0) width 589: "font-weight: 100 - Back in June we delivered oxygen equipment of the same size."
        RenderBlock {DIV} at (0,67.91) size 769x21
          RenderText {#text} at (0,0) size 589x21
            text run at (0,0) width 589: "font-weight: 200 - Back in June we delivered oxygen equipment of the same size."
        RenderBlock {DIV} at (0,88.91) size 769x21
          RenderText {#text} at (0,0) size 589x21
            text run at (0,0) width 589: "font-weight: 300 - Back in June we delivered oxygen equipment of the same size."
        RenderBlock {DIV} at (0,109.91) size 769x21
          RenderText {#text} at (0,0) size 589x21
            text run at (0,0) width 589: "font-weight: 400 - Back in June we delivered oxygen equipment of the same size."
        RenderBlock {DIV} at (0,130.91) size 769x21
          RenderText {#text} at (0,0) size 589x21
            text run at (0,0) width 589: "font-weight: 500 - Back in June we delivered oxygen equipment of the same size."
        RenderBlock {DIV} at (0,151.91) size 769x21
          RenderText {#text} at (0,0) size 589x21
            text run at (0,0) width 589: "font-weight: 600 - Back in June we delivered oxygen equipment of the same size."
        RenderBlock {DIV} at (0,172.91) size 769x21
          RenderText {#text} at (0,0) size 589x21
            text run at (0,0) width 589: "font-weight: 700 - Back in June we delivered oxygen equipment of the same size."
        RenderBlock {DIV} at (0,193.91) size 769x21
          RenderText {#text} at (0,0) size 589x21
            text run at (0,0) width 589: "font-weight: 800 - Back in June we delivered oxygen equipment of the same size."
        RenderBlock {DIV} at (0,214.91) size 769x21
          RenderText {#text} at (0,0) size 589x21
            text run at (0,0) width 589: "font-weight: 900 - Back in June we delivered oxygen equipment of the same size."
