layer at (0,0) size 785x620
  RenderView at (0,0) size 785x600
layer at (0,0) size 785x620
  RenderBlock {HTML} at (0,0) size 785x620.44
    RenderBody {BODY} at (8,19.91) size 769x592.53
      RenderBlock {SECTION} at (0,0) size 769x134.91
        RenderBlock {H2} at (0,0) size 769x27
          RenderText {#text} at (0,0) size 414x26
            text run at (0,0) width 414: "font-stretch: condensed vs Arial Narrow"
        RenderBlock {DIV} at (0,46.91) size 769x18
          RenderText {#text} at (0,0) size 447x17
            text run at (0,0) width 447: "Back in June we delivered oxygen equipment of the same size."
        RenderBlock {DIV} at (0,64.91) size 769x18
          RenderText {#text} at (0,0) size 447x17
            text run at (0,0) width 447: "Back in June we delivered oxygen equipment of the same size."
        RenderBlock {DIV} at (0,82.91) size 769x18
          RenderText {#text} at (0,0) size 447x17
            text run at (0,0) width 447: "Back in June we delivered oxygen equipment of the same size."
        RenderBlock {P} at (0,116.91) size 769x18
          RenderText {#text} at (0,0) size 331x17
            text run at (0,0) width 331: "The three lines above should have the same weight."
      RenderBlock {SECTION} at (0,154.81) size 769x208.91
        RenderBlock {H2} at (0,0) size 769x27
          RenderText {#text} at (0,0) size 210x26
            text run at (0,0) width 210: "Specific width, Arial"
        RenderBlock {DIV} at (0,46.91) size 769x18
          RenderText {#text} at (0,0) size 665x17
            text run at (0,0) width 665: "font-stretch: ultra-condensed - Back in June we delivered oxygen equipment of the same size."
        RenderBlock {DIV} at (0,64.91) size 769x18
          RenderText {#text} at (0,0) size 669x17
            text run at (0,0) width 669: "font-stretch: extra-condensed - Back in June we delivered oxygen equipment of the same size."
        RenderBlock {DIV} at (0,82.91) size 769x18
          RenderText {#text} at (0,0) size 628x17
            text run at (0,0) width 628: "font-stretch: condensed - Back in June we delivered oxygen equipment of the same size."
        RenderBlock {DIV} at (0,100.91) size 769x18
          RenderText {#text} at (0,0) size 668x17
            text run at (0,0) width 668: "font-stretch: semi-condensed - Back in June we delivered oxygen equipment of the same size."
        RenderBlock {DIV} at (0,118.91) size 769x18
          RenderText {#text} at (0,0) size 599x17
            text run at (0,0) width 599: "font-stretch: normal - Back in June we delivered oxygen equipment of the same size."
        RenderBlock {DIV} at (0,136.91) size 769x18
          RenderText {#text} at (0,0) size 660x17
            text run at (0,0) width 660: "font-stretch: semi-expanded - Back in June we delivered oxygen equipment of the same size."
        RenderBlock {DIV} at (0,154.91) size 769x18
          RenderText {#text} at (0,0) size 620x17
            text run at (0,0) width 620: "font-stretch: expanded - Back in June we delivered oxygen equipment of the same size."
        RenderBlock {DIV} at (0,172.91) size 769x18
          RenderText {#text} at (0,0) size 661x17
            text run at (0,0) width 661: "font-stretch: extra-expanded - Back in June we delivered oxygen equipment of the same size."
        RenderBlock {DIV} at (0,190.91) size 769x18
          RenderText {#text} at (0,0) size 652x17
            text run at (0,0) width 652: "font-stretch: ulta-expanded - Back in June we delivered oxygen equipment of the same size."
      RenderBlock {SECTION} at (0,383.63) size 769x208.91
        RenderBlock {H2} at (0,0) size 769x27
          RenderText {#text} at (0,0) size 296x26
            text run at (0,0) width 296: "Specific width, Arial Narrow"
        RenderBlock {DIV} at (0,46.91) size 769x18
          RenderText {#text} at (0,0) size 665x17
            text run at (0,0) width 665: "font-stretch: ultra-condensed - Back in June we delivered oxygen equipment of the same size."
        RenderBlock {DIV} at (0,64.91) size 769x18
          RenderText {#text} at (0,0) size 669x17
            text run at (0,0) width 669: "font-stretch: extra-condensed - Back in June we delivered oxygen equipment of the same size."
        RenderBlock {DIV} at (0,82.91) size 769x18
          RenderText {#text} at (0,0) size 628x17
            text run at (0,0) width 628: "font-stretch: condensed - Back in June we delivered oxygen equipment of the same size."
        RenderBlock {DIV} at (0,100.91) size 769x18
          RenderText {#text} at (0,0) size 668x17
            text run at (0,0) width 668: "font-stretch: semi-condensed - Back in June we delivered oxygen equipment of the same size."
        RenderBlock {DIV} at (0,118.91) size 769x18
          RenderText {#text} at (0,0) size 599x17
            text run at (0,0) width 599: "font-stretch: normal - Back in June we delivered oxygen equipment of the same size."
        RenderBlock {DIV} at (0,136.91) size 769x18
          RenderText {#text} at (0,0) size 660x17
            text run at (0,0) width 660: "font-stretch: semi-expanded - Back in June we delivered oxygen equipment of the same size."
        RenderBlock {DIV} at (0,154.91) size 769x18
          RenderText {#text} at (0,0) size 620x17
            text run at (0,0) width 620: "font-stretch: expanded - Back in June we delivered oxygen equipment of the same size."
        RenderBlock {DIV} at (0,172.91) size 769x18
          RenderText {#text} at (0,0) size 661x17
            text run at (0,0) width 661: "font-stretch: extra-expanded - Back in June we delivered oxygen equipment of the same size."
        RenderBlock {DIV} at (0,190.91) size 769x18
          RenderText {#text} at (0,0) size 652x17
            text run at (0,0) width 652: "font-stretch: ulta-expanded - Back in June we delivered oxygen equipment of the same size."
