layer at (0,0) size 800x600
  RenderView at (0,0) size 800x600
layer at (0,0) size 800x206
  RenderBlock {HTML} at (0,0) size 800x206
    RenderBody {BODY} at (8,16) size 784x182
      RenderBlock {P} at (0,0) size 784x18 [color=#000080]
        RenderText {#text} at (0,0) size 326x17
          text run at (0,0) width 326: "There should be two unbroken vertical bars below."
      RenderBlock {P} at (0,34) size 784x36 [color=#000080]
        RenderText {#text} at (0,0) size 769x35
          text run at (0,0) width 410: "Hold up a credit card to your display. The distance between the "
          text run at (409,0) width 360: "two vertical bars should be exactly the length of a credit"
          text run at (0,18) width 32: "card "
          text run at (31,18) width 77: "(85.60mm)."
      RenderBlock {DIV} at (0,86) size 784x96 [border: none (3px solid #000000)]
        RenderBlock {DIV} at (326.52,0) size 457.48x16 [border: none (3px solid #000000)]
        RenderBlock {DIV} at (326.52,16) size 457.48x16 [border: none (3px solid #000000)]
        RenderBlock {DIV} at (326.52,32) size 457.48x16 [border: none (3px solid #000000)]
        RenderBlock {DIV} at (326.52,48) size 457.48x16 [border: none (3px solid #000000)]
        RenderBlock {DIV} at (326.52,64) size 457.48x16 [border: none (3px solid #000000)]
        RenderBlock {DIV} at (326.52,80) size 457.48x16 [border: none (3px solid #000000)]
