layer at (0,0) size 800x600
  RenderView at (0,0) size 800x600
layer at (0,0) size 800x218
  RenderBlock {HTML} at (0,0) size 800x218
    RenderBody {BODY} at (8,16) size 784x186 [color=#FF0000]
      RenderBlock {P} at (0,0) size 784x18 [color=#008000]
        RenderText {#text} at (0,0) size 197x17
          text run at (0,0) width 197: "This sentence should be green."
      RenderBlock {DIV} at (0,34) size 784x18 [color=#008000]
        RenderBlock {P} at (0,0) size 784x18
          RenderText {#text} at (0,0) size 197x17
            text run at (0,0) width 197: "This sentence should be green."
      RenderBlock {P} at (0,68) size 784x18 [color=#008000]
        RenderText {#text} at (0,0) size 197x17
          text run at (0,0) width 197: "This sentence should be green."
      RenderBlock {P} at (0,102) size 784x18 [color=#008000]
        RenderText {#text} at (0,0) size 197x17
          text run at (0,0) width 197: "This sentence should be green."
      RenderBlock {DIV} at (0,136) size 784x16 [color=#008000]
        RenderBlock {PRE} at (0,0) size 784x16
          RenderText {#text} at (0,0) size 240x16
            text run at (0,0) width 240: "This sentence should be green."
      RenderBlock {DIV} at (0,168) size 784x18 [color=#008000]
        RenderBlock {UL} at (0,0) size 784x18
          RenderListItem {LI} at (40,0) size 744x18
            RenderListMarker at (-17,0) size 7x17: bullet
            RenderText {#text} at (0,0) size 197x17
              text run at (0,0) width 197: "This sentence should be green."
