layer at (0,0) size 800x600
  RenderView at (0,0) size 800x600
layer at (0,0) size 800x339
  RenderBlock {HTML} at (0,0) size 800x339
    RenderBody {BODY} at (8,16) size 784x307 [color=#0000FF]
      RenderBlock {P} at (0,0) size 784x43
        RenderText {#text} at (0,4) size 491x17
          text run at (0,4) width 491: "There should be a solid blue line directly over every occurance of the word \""
        RenderInline {SPAN} at (0,0) size 59x19 [border: (2px solid #0000FF) none]
          RenderText {#text} at (490,4) size 59x17
            text run at (490,4) width 59: "HERE \x{21E7}"
        RenderText {#text} at (548,4) size 766x38
          text run at (548,4) width 218: "\". (So there should be 8 blue lines"
          text run at (0,25) width 87: "on this page.)"
      RenderTable {TABLE} at (0,59) size 134x97
        RenderTableSection {TBODY} at (0,0) size 134x97
          RenderTableRow {TR} at (0,2) size 134x29
            RenderTableCell {TD} at (2,2) size 130x29 [border: (2px solid #0000FF) none] [r=0 c=0 rs=1 cs=2]
              RenderText {#text} at (35,7) size 60x17
                text run at (35,7) width 60: "HERE \x{21E7}"
          RenderTableRow {TR} at (0,33) size 134x62
            RenderTableCell {TD} at (2,49) size 61x29 [border: (2px solid #0000FF) none] [r=1 c=0 rs=1 cs=1]
              RenderText {#text} at (1,7) size 59x17
                text run at (1,7) width 59: "HERE \x{21E7}"
            RenderTableCell {TD} at (65,33) size 67x62 [border: (2px solid #0000FF) none] [r=1 c=1 rs=1 cs=1]
              RenderBlock (anonymous) at (1,3) size 65x25
                RenderText {#text} at (3,4) size 59x17
                  text run at (3,4) width 59: "HERE \x{21E7}"
              RenderTable {TABLE} at (1,28) size 65x33
                RenderTableSection {TBODY} at (0,0) size 65x33
                  RenderTableRow {TR} at (0,2) size 65x29
                    RenderTableCell {TD} at (2,2) size 61x29 [border: (2px solid #0000FF) none] [r=0 c=0 rs=1 cs=1]
                      RenderText {#text} at (1,7) size 59x17
                        text run at (1,7) width 59: "HERE \x{21E7}"
      RenderBlock {UL} at (0,172) size 784x135
        RenderListItem {LI} at (40,0) size 744x81 [border: (2px solid #0000FF) none]
          RenderBlock (anonymous) at (0,2) size 744x25
            RenderListMarker at (-17,4) size 7x17: bullet
            RenderText {#text} at (0,4) size 59x17
              text run at (0,4) width 59: "HERE \x{21E7}"
          RenderBlock {UL} at (0,27) size 744x54
            RenderListItem {LI} at (40,0) size 704x18
              RenderListMarker at (-17,0) size 7x17: white bullet
              RenderText {#text} at (0,0) size 77x17
                text run at (0,0) width 77: "dummy text"
            RenderListItem {LI} at (40,18) size 704x18
              RenderListMarker at (-17,0) size 7x17: white bullet
              RenderText {#text} at (0,0) size 77x17
                text run at (0,0) width 77: "dummy text"
            RenderListItem {LI} at (40,36) size 704x18
              RenderListMarker at (-17,0) size 7x17: white bullet
              RenderText {#text} at (0,0) size 77x17
                text run at (0,0) width 77: "dummy text"
        RenderListItem {LI} at (40,81) size 744x27 [border: (2px solid #0000FF) none]
          RenderListMarker at (-17,6) size 7x17: bullet
          RenderText {#text} at (0,6) size 59x17
            text run at (0,6) width 59: "HERE \x{21E7}"
        RenderListItem {LI} at (40,108) size 744x27 [border: (2px solid #0000FF) none]
          RenderListMarker at (-17,6) size 7x17: bullet
          RenderText {#text} at (0,6) size 59x17
            text run at (0,6) width 59: "HERE \x{21E7}"
