layer at (0,0) size 800x600
  RenderView at (0,0) size 800x600
layer at (0,0) size 800x468
  RenderBlock {HTML} at (0,0) size 800x468
    RenderBody {BODY} at (8,18) size 784x432
      RenderBlock {P} at (0,0) size 784x432
        RenderInline {SPAN} at (0,0) size 776x398 [color=#FFFFFF] [bgcolor=#000080]
          RenderText {#text} at (0,17) size 749x74
            text run at (0,17) width 486: "This text should be 18px sans-serif, in small-caps, italicized, "
            text run at (485,17) width 264: "and very light. There should be a"
            text run at (0,71) width 253: "36px gap betwen each line. The "
            text run at (252,71) width 453: "text should have a blue background, the gap should not. "
          RenderInline {SPAN} at (0,0) size 776x344 [color=#0000FF]
            RenderText {#text} at (704,71) size 776x344
              text run at (704,71) width 48: "dummy"
              text run at (0,125) width 456: "text dummy text dummy text dummy text dummy text dummy "
              text run at (455,125) width 308: "text dummy text dummy text dummy text"
              text run at (0,179) width 235: "dummy text dummy text dummy "
              text run at (234,179) width 542: "text dummy text dummy text dummy text dummy text dummy text dummy"
              text run at (0,233) width 547: "text dummy text dummy text dummy text dummy text dummy text dummy "
              text run at (546,233) width 217: "text dummy text dummy text"
              text run at (0,287) width 326: "dummy text dummy text dummy text dummy "
              text run at (325,287) width 451: "text dummy text dummy text dummy text dummy text dummy"
              text run at (0,341) width 92: "text dummy "
              text run at (91,341) width 547: "text dummy text dummy text dummy text dummy text dummy text dummy "
              text run at (637,341) width 126: "text dummy text"
              text run at (0,395) width 360: "dummy text dummy text dummy text dummy text"
          RenderText {#text} at (0,0) size 0x0
        RenderText {#text} at (0,0) size 0x0
