layer at (0,0) size 800x600
  RenderView at (0,0) size 800x600
layer at (0,0) size 800x414
  RenderBlock {HTML} at (0,0) size 800x414
    RenderBody {BODY} at (8,18) size 784x378 [color=#000080]
      RenderBlock {P} at (0,0) size 784x378
        RenderText {#text} at (0,17) size 749x74
          text run at (0,17) width 749: "This text should be 18px sans-serif, in small-caps, italicized, and very light. There should be a"
          text run at (0,71) width 228: "36px gap between each line. "
        RenderInline {SPAN} at (0,0) size 776x290 [color=#C0C0C0]
          RenderText {#text} at (227,71) size 776x290
            text run at (227,71) width 508: "dummy text dummy text dummy text dummy text dummy text dummy "
            text run at (734,71) width 35: "text"
            text run at (0,125) width 508: "dummy text dummy text dummy text dummy text dummy text dummy "
            text run at (507,125) width 269: "text dummy text dummy text dummy"
            text run at (0,179) width 274: "text dummy text dummy text dummy "
            text run at (273,179) width 490: "text dummy text dummy text dummy text dummy text dummy text"
            text run at (0,233) width 53: "dummy "
            text run at (52,233) width 547: "text dummy text dummy text dummy text dummy text dummy text dummy "
            text run at (598,233) width 178: "text dummy text dummy"
            text run at (0,287) width 365: "text dummy text dummy text dummy text dummy "
            text run at (364,287) width 399: "text dummy text dummy text dummy text dummy text"
            text run at (0,341) width 144: "dummy text dummy "
            text run at (143,341) width 490: "text dummy text dummy text dummy text dummy text dummy text"
        RenderText {#text} at (0,0) size 0x0
