layer at (0,0) size 800x600
  RenderView at (0,0) size 800x600
layer at (0,0) size 800x290
  RenderBlock {HTML} at (0,0) size 800x290
    RenderBody {BODY} at (8,16) size 784x266
      RenderBlock {P} at (0,0) size 784x16
        RenderInline {A} at (0,0) size 310x16 [color=#0000EE]
          RenderText {#text} at (0,0) size 310x16
            text run at (0,0) width 310: "https://bugs.webkit.org/show_bug.cgi?id=26095"
      RenderBlock {P} at (0,32) size 784x16
        RenderText {#text} at (0,0) size 395x16
          text run at (0,0) width 395: "Tests that a 3D transform on a generated node does not crash."
      RenderBlock {DIV} at (0,64) size 202x202 [border: (1px solid #000000)]
layer at (9,81) size 200x200
  RenderBlock {<pseudo:after>} at (1,1) size 200x200
    RenderTextFragment at (0,0) size 66x16
      text run at (0,0) width 66: "Generated"
