layer at (0,0) size 800x600
  RenderView at (0,0) size 800x600
layer at (0,0) size 800x240
  RenderBlock {HTML} at (0,0) size 800x240
    RenderBody {BODY} at (8,16) size 784x216
      RenderBlock {P} at (0,0) size 784x16
        RenderText {#text} at (0,0) size 494x16
          text run at (0,0) width 494: "Tests decoding and rendering a video element that has a changing resolution."
      RenderBlock (anonymous) at (0,32) size 784x184
        RenderText {#text} at (320,168) size 4x16
          text run at (320,168) width 4: " "
        RenderText {#text} at (0,0) size 0x0
        RenderText {#text} at (0,0) size 0x0
layer at (8,48) size 320x180
  RenderVideo {VIDEO} at (0,0) size 320x180
layer at (332,48) size 320x180
  RenderVideo {VIDEO} at (324,0) size 320x180
layer at (8,48) size 320x180
  RenderFlexibleBox {DIV} at (0,0) size 320x180
    RenderBlock {DIV} at (0,145) size 320x35
layer at (8,48) size 320x145
  RenderFlexibleBox {DIV} at (0,0) size 320x145
layer at (332,48) size 320x180
  RenderFlexibleBox {DIV} at (0,0) size 320x180
    RenderBlock {DIV} at (0,145) size 320x35
layer at (332,48) size 320x145
  RenderFlexibleBox {DIV} at (0,0) size 320x145
