layer at (0,0) size 785x1715
  RenderView at (0,0) size 785x600
layer at (0,0) size 785x1715
  RenderBlock {HTML} at (0,0) size 785x1715.16
    RenderBody {BODY} at (8,16) size 769x1683.16
layer at (8,16) size 750x376
  RenderBlock {DIV} at (0,0) size 750x375.81 [bgcolor=#EEEEEE]
    RenderBlock (anonymous multi-column span) at (0,0) size 750x87.81
      RenderBlock {H2} at (0,19.91) size 750x48 [bgcolor=#CCCCCC]
        RenderText {#text} at (0,0) size 689x48
          text run at (0,0) width 672: "This is a spanning element at the beginning of the columns block. "
          text run at (671,0) width 18: "It"
          text run at (0,24) width 529: "should collapse its margins with the top of the page."
layer at (8,104) size 750x288
  RenderBlock (anonymous multi-column) at (0,87.81) size 750x288
    RenderText {#text} at (0,0) size 367x560
      text run at (0,0) width 364: "Lorem ipsum dolor sit amet, consectetuer adipiscing elit."
      text run at (0,16) width 362: "Nulla varius enim ac mi. Curabitur sollicitudin felis quis"
      text run at (0,32) width 332: "lectus. Quisque adipiscing rhoncus sem. Proin nulla"
      text run at (0,48) width 367: "purus, vulputate vel, varius ut, euismod et, nisi. Sed vitae"
      text run at (0,64) width 354: "felis vel orci sagittis aliquam. Cras convallis adipiscing"
      text run at (0,80) width 347: "sem. Nam nonummy enim. Nullam bibendum lobortis"
      text run at (0,96) width 353: "neque. Vestibulum velit orci, tempus euismod, pretium"
      text run at (0,112) width 353: "quis, interdum vitae, nulla. Phasellus eget ante et tortor"
      text run at (0,128) width 351: "condimentum vestibulum. Suspendisse hendrerit quam"
      text run at (0,144) width 333: "nec felis. Sed varius turpis vitae pede. Lorem ipsum"
      text run at (0,160) width 279: "dolor sit amet, consectetuer adipiscing elit. "
      text run at (278,160) width 86: "Lorem ipsum"
      text run at (0,176) width 357: "dolor sit amet, consectetuer adipiscing elit. Nulla varius"
      text run at (0,192) width 324: "enim ac mi. Curabitur sollicitudin felis quis lectus."
      text run at (0,208) width 330: "Quisque adipiscing rhoncus sem. Proin nulla purus,"
      text run at (0,224) width 355: "vulputate vel, varius ut, euismod et, nisi. Sed vitae felis"
      text run at (0,240) width 356: "vel orci sagittis aliquam. Cras convallis adipiscing sem."
      text run at (0,256) width 360: "Nam nonummy enim. Nullam bibendum lobortis neque."
      text run at (0,272) width 341: "Vestibulum velit orci, tempus euismod, pretium quis,"
      text run at (0,288) width 318: "interdum vitae, nulla. Phasellus eget ante et tortor"
      text run at (0,304) width 351: "condimentum vestibulum. Suspendisse hendrerit quam"
      text run at (0,320) width 333: "nec felis. Sed varius turpis vitae pede. Lorem ipsum"
      text run at (0,336) width 279: "dolor sit amet, consectetuer adipiscing elit. "
      text run at (278,336) width 86: "Lorem ipsum"
      text run at (0,352) width 357: "dolor sit amet, consectetuer adipiscing elit. Nulla varius"
      text run at (0,368) width 324: "enim ac mi. Curabitur sollicitudin felis quis lectus."
      text run at (0,384) width 330: "Quisque adipiscing rhoncus sem. Proin nulla purus,"
      text run at (0,400) width 355: "vulputate vel, varius ut, euismod et, nisi. Sed vitae felis"
      text run at (0,416) width 356: "vel orci sagittis aliquam. Cras convallis adipiscing sem."
      text run at (0,432) width 360: "Nam nonummy enim. Nullam bibendum lobortis neque."
      text run at (0,448) width 341: "Vestibulum velit orci, tempus euismod, pretium quis,"
      text run at (0,464) width 318: "interdum vitae, nulla. Phasellus eget ante et tortor"
      text run at (0,480) width 351: "condimentum vestibulum. Suspendisse hendrerit quam"
      text run at (0,496) width 333: "nec felis. Sed varius turpis vitae pede. Lorem ipsum"
      text run at (0,512) width 279: "dolor sit amet, consectetuer adipiscing elit. "
      text run at (278,512) width 86: "Lorem ipsum"
      text run at (0,528) width 357: "dolor sit amet, consectetuer adipiscing elit. Nulla varius"
      text run at (0,544) width 76: "enim ac mi."
layer at (8,408) size 750x376
  RenderBlock {DIV} at (0,391.81) size 750x375.81 [bgcolor=#EEEEEE]
    RenderBlock (anonymous multi-column span) at (0,288) size 750x87.81
      RenderBlock {H2} at (0,19.91) size 750x48 [bgcolor=#CCCCCC]
        RenderText {#text} at (0,0) size 699x48
          text run at (0,0) width 608: "This is a spanning element at the end of the columns block. "
          text run at (607,0) width 92: "It should"
          text run at (0,24) width 505: "collapse its margins with the h2 in the next block."
layer at (8,408) size 750x288
  RenderBlock (anonymous multi-column) at (0,0) size 750x288
    RenderText {#text} at (0,0) size 367x560
      text run at (0,0) width 364: "Lorem ipsum dolor sit amet, consectetuer adipiscing elit."
      text run at (0,16) width 362: "Nulla varius enim ac mi. Curabitur sollicitudin felis quis"
      text run at (0,32) width 332: "lectus. Quisque adipiscing rhoncus sem. Proin nulla"
      text run at (0,48) width 367: "purus, vulputate vel, varius ut, euismod et, nisi. Sed vitae"
      text run at (0,64) width 354: "felis vel orci sagittis aliquam. Cras convallis adipiscing"
      text run at (0,80) width 347: "sem. Nam nonummy enim. Nullam bibendum lobortis"
      text run at (0,96) width 353: "neque. Vestibulum velit orci, tempus euismod, pretium"
      text run at (0,112) width 353: "quis, interdum vitae, nulla. Phasellus eget ante et tortor"
      text run at (0,128) width 351: "condimentum vestibulum. Suspendisse hendrerit quam"
      text run at (0,144) width 333: "nec felis. Sed varius turpis vitae pede. Lorem ipsum"
      text run at (0,160) width 279: "dolor sit amet, consectetuer adipiscing elit. "
      text run at (278,160) width 86: "Lorem ipsum"
      text run at (0,176) width 357: "dolor sit amet, consectetuer adipiscing elit. Nulla varius"
      text run at (0,192) width 324: "enim ac mi. Curabitur sollicitudin felis quis lectus."
      text run at (0,208) width 330: "Quisque adipiscing rhoncus sem. Proin nulla purus,"
      text run at (0,224) width 355: "vulputate vel, varius ut, euismod et, nisi. Sed vitae felis"
      text run at (0,240) width 356: "vel orci sagittis aliquam. Cras convallis adipiscing sem."
      text run at (0,256) width 360: "Nam nonummy enim. Nullam bibendum lobortis neque."
      text run at (0,272) width 341: "Vestibulum velit orci, tempus euismod, pretium quis,"
      text run at (0,288) width 318: "interdum vitae, nulla. Phasellus eget ante et tortor"
      text run at (0,304) width 351: "condimentum vestibulum. Suspendisse hendrerit quam"
      text run at (0,320) width 333: "nec felis. Sed varius turpis vitae pede. Lorem ipsum"
      text run at (0,336) width 279: "dolor sit amet, consectetuer adipiscing elit. "
      text run at (278,336) width 86: "Lorem ipsum"
      text run at (0,352) width 357: "dolor sit amet, consectetuer adipiscing elit. Nulla varius"
      text run at (0,368) width 324: "enim ac mi. Curabitur sollicitudin felis quis lectus."
      text run at (0,384) width 330: "Quisque adipiscing rhoncus sem. Proin nulla purus,"
      text run at (0,400) width 355: "vulputate vel, varius ut, euismod et, nisi. Sed vitae felis"
      text run at (0,416) width 356: "vel orci sagittis aliquam. Cras convallis adipiscing sem."
      text run at (0,432) width 360: "Nam nonummy enim. Nullam bibendum lobortis neque."
      text run at (0,448) width 341: "Vestibulum velit orci, tempus euismod, pretium quis,"
      text run at (0,464) width 318: "interdum vitae, nulla. Phasellus eget ante et tortor"
      text run at (0,480) width 351: "condimentum vestibulum. Suspendisse hendrerit quam"
      text run at (0,496) width 333: "nec felis. Sed varius turpis vitae pede. Lorem ipsum"
      text run at (0,512) width 279: "dolor sit amet, consectetuer adipiscing elit. "
      text run at (278,512) width 86: "Lorem ipsum"
      text run at (0,528) width 357: "dolor sit amet, consectetuer adipiscing elit. Nulla varius"
      text run at (0,544) width 76: "enim ac mi."
layer at (8,800) size 750x375
  RenderBlock {DIV} at (0,783.63) size 750x375.81 [bgcolor=#EEEEEE]
    RenderBlock (anonymous multi-column span) at (0,0) size 750x87.81
      RenderBlock {H2} at (0,19.91) size 750x48 [bgcolor=#CCCCCC]
        RenderText {#text} at (0,0) size 689x48
          text run at (0,0) width 672: "This is a spanning element at the beginning of the columns block. "
          text run at (671,0) width 18: "It"
          text run at (0,24) width 623: "should collapse its margins with the h2 in the previous block."
layer at (8,887) size 750x288
  RenderBlock (anonymous multi-column) at (0,87.81) size 750x288
    RenderText {#text} at (0,0) size 367x560
      text run at (0,0) width 364: "Lorem ipsum dolor sit amet, consectetuer adipiscing elit."
      text run at (0,16) width 362: "Nulla varius enim ac mi. Curabitur sollicitudin felis quis"
      text run at (0,32) width 332: "lectus. Quisque adipiscing rhoncus sem. Proin nulla"
      text run at (0,48) width 367: "purus, vulputate vel, varius ut, euismod et, nisi. Sed vitae"
      text run at (0,64) width 354: "felis vel orci sagittis aliquam. Cras convallis adipiscing"
      text run at (0,80) width 347: "sem. Nam nonummy enim. Nullam bibendum lobortis"
      text run at (0,96) width 353: "neque. Vestibulum velit orci, tempus euismod, pretium"
      text run at (0,112) width 353: "quis, interdum vitae, nulla. Phasellus eget ante et tortor"
      text run at (0,128) width 351: "condimentum vestibulum. Suspendisse hendrerit quam"
      text run at (0,144) width 333: "nec felis. Sed varius turpis vitae pede. Lorem ipsum"
      text run at (0,160) width 279: "dolor sit amet, consectetuer adipiscing elit. "
      text run at (278,160) width 86: "Lorem ipsum"
      text run at (0,176) width 357: "dolor sit amet, consectetuer adipiscing elit. Nulla varius"
      text run at (0,192) width 324: "enim ac mi. Curabitur sollicitudin felis quis lectus."
      text run at (0,208) width 330: "Quisque adipiscing rhoncus sem. Proin nulla purus,"
      text run at (0,224) width 355: "vulputate vel, varius ut, euismod et, nisi. Sed vitae felis"
      text run at (0,240) width 356: "vel orci sagittis aliquam. Cras convallis adipiscing sem."
      text run at (0,256) width 360: "Nam nonummy enim. Nullam bibendum lobortis neque."
      text run at (0,272) width 341: "Vestibulum velit orci, tempus euismod, pretium quis,"
      text run at (0,288) width 318: "interdum vitae, nulla. Phasellus eget ante et tortor"
      text run at (0,304) width 351: "condimentum vestibulum. Suspendisse hendrerit quam"
      text run at (0,320) width 333: "nec felis. Sed varius turpis vitae pede. Lorem ipsum"
      text run at (0,336) width 279: "dolor sit amet, consectetuer adipiscing elit. "
      text run at (278,336) width 86: "Lorem ipsum"
      text run at (0,352) width 357: "dolor sit amet, consectetuer adipiscing elit. Nulla varius"
      text run at (0,368) width 324: "enim ac mi. Curabitur sollicitudin felis quis lectus."
      text run at (0,384) width 330: "Quisque adipiscing rhoncus sem. Proin nulla purus,"
      text run at (0,400) width 355: "vulputate vel, varius ut, euismod et, nisi. Sed vitae felis"
      text run at (0,416) width 356: "vel orci sagittis aliquam. Cras convallis adipiscing sem."
      text run at (0,432) width 360: "Nam nonummy enim. Nullam bibendum lobortis neque."
      text run at (0,448) width 341: "Vestibulum velit orci, tempus euismod, pretium quis,"
      text run at (0,464) width 318: "interdum vitae, nulla. Phasellus eget ante et tortor"
      text run at (0,480) width 351: "condimentum vestibulum. Suspendisse hendrerit quam"
      text run at (0,496) width 333: "nec felis. Sed varius turpis vitae pede. Lorem ipsum"
      text run at (0,512) width 279: "dolor sit amet, consectetuer adipiscing elit. "
      text run at (278,512) width 86: "Lorem ipsum"
      text run at (0,528) width 357: "dolor sit amet, consectetuer adipiscing elit. Nulla varius"
      text run at (0,544) width 76: "enim ac mi."
layer at (8,1191) size 750x508
  RenderBlock {DIV} at (0,1175.44) size 750x507.72 [bgcolor=#EEEEEE]
    RenderBlock (anonymous multi-column span) at (0,176) size 750x155.72
      RenderBlock {H2} at (0,19.91) size 750x48 [bgcolor=#CCCCCC]
        RenderText {#text} at (0,0) size 733x48
          text run at (0,0) width 641: "This is a spanning element in the middle of the columns block. "
          text run at (640,0) width 93: "It should"
          text run at (0,24) width 569: "collapse its margins with the spanning element below it."
      RenderBlock {H2} at (0,87.81) size 750x48 [bgcolor=#CCCCCC]
        RenderText {#text} at (0,0) size 733x48
          text run at (0,0) width 641: "This is a spanning element in the middle of the columns block. "
          text run at (640,0) width 93: "It should"
          text run at (0,24) width 569: "collapse its margins with the spanning element above it."
layer at (8,1191) size 750x176
  RenderBlock (anonymous multi-column) at (0,0) size 750x176
    RenderText {#text} at (0,0) size 367x352
      text run at (0,0) width 364: "Lorem ipsum dolor sit amet, consectetuer adipiscing elit."
      text run at (0,16) width 362: "Nulla varius enim ac mi. Curabitur sollicitudin felis quis"
      text run at (0,32) width 332: "lectus. Quisque adipiscing rhoncus sem. Proin nulla"
      text run at (0,48) width 367: "purus, vulputate vel, varius ut, euismod et, nisi. Sed vitae"
      text run at (0,64) width 354: "felis vel orci sagittis aliquam. Cras convallis adipiscing"
      text run at (0,80) width 347: "sem. Nam nonummy enim. Nullam bibendum lobortis"
      text run at (0,96) width 353: "neque. Vestibulum velit orci, tempus euismod, pretium"
      text run at (0,112) width 353: "quis, interdum vitae, nulla. Phasellus eget ante et tortor"
      text run at (0,128) width 351: "condimentum vestibulum. Suspendisse hendrerit quam"
      text run at (0,144) width 333: "nec felis. Sed varius turpis vitae pede. Lorem ipsum"
      text run at (0,160) width 279: "dolor sit amet, consectetuer adipiscing elit. "
      text run at (278,160) width 86: "Lorem ipsum"
      text run at (0,176) width 357: "dolor sit amet, consectetuer adipiscing elit. Nulla varius"
      text run at (0,192) width 324: "enim ac mi. Curabitur sollicitudin felis quis lectus."
      text run at (0,208) width 330: "Quisque adipiscing rhoncus sem. Proin nulla purus,"
      text run at (0,224) width 355: "vulputate vel, varius ut, euismod et, nisi. Sed vitae felis"
      text run at (0,240) width 356: "vel orci sagittis aliquam. Cras convallis adipiscing sem."
      text run at (0,256) width 360: "Nam nonummy enim. Nullam bibendum lobortis neque."
      text run at (0,272) width 341: "Vestibulum velit orci, tempus euismod, pretium quis,"
      text run at (0,288) width 318: "interdum vitae, nulla. Phasellus eget ante et tortor"
      text run at (0,304) width 351: "condimentum vestibulum. Suspendisse hendrerit quam"
      text run at (0,320) width 333: "nec felis. Sed varius turpis vitae pede. Lorem ipsum"
      text run at (0,336) width 275: "dolor sit amet, consectetuer adipiscing elit."
layer at (8,1523) size 750x176
  RenderBlock (anonymous multi-column) at (0,331.72) size 750x176
    RenderText {#text} at (0,0) size 367x352
      text run at (0,0) width 364: "Lorem ipsum dolor sit amet, consectetuer adipiscing elit."
      text run at (0,16) width 362: "Nulla varius enim ac mi. Curabitur sollicitudin felis quis"
      text run at (0,32) width 332: "lectus. Quisque adipiscing rhoncus sem. Proin nulla"
      text run at (0,48) width 367: "purus, vulputate vel, varius ut, euismod et, nisi. Sed vitae"
      text run at (0,64) width 354: "felis vel orci sagittis aliquam. Cras convallis adipiscing"
      text run at (0,80) width 347: "sem. Nam nonummy enim. Nullam bibendum lobortis"
      text run at (0,96) width 353: "neque. Vestibulum velit orci, tempus euismod, pretium"
      text run at (0,112) width 353: "quis, interdum vitae, nulla. Phasellus eget ante et tortor"
      text run at (0,128) width 351: "condimentum vestibulum. Suspendisse hendrerit quam"
      text run at (0,144) width 333: "nec felis. Sed varius turpis vitae pede. Lorem ipsum"
      text run at (0,160) width 279: "dolor sit amet, consectetuer adipiscing elit. "
      text run at (278,160) width 86: "Lorem ipsum"
      text run at (0,176) width 357: "dolor sit amet, consectetuer adipiscing elit. Nulla varius"
      text run at (0,192) width 324: "enim ac mi. Curabitur sollicitudin felis quis lectus."
      text run at (0,208) width 330: "Quisque adipiscing rhoncus sem. Proin nulla purus,"
      text run at (0,224) width 355: "vulputate vel, varius ut, euismod et, nisi. Sed vitae felis"
      text run at (0,240) width 356: "vel orci sagittis aliquam. Cras convallis adipiscing sem."
      text run at (0,256) width 360: "Nam nonummy enim. Nullam bibendum lobortis neque."
      text run at (0,272) width 341: "Vestibulum velit orci, tempus euismod, pretium quis,"
      text run at (0,288) width 318: "interdum vitae, nulla. Phasellus eget ante et tortor"
      text run at (0,304) width 351: "condimentum vestibulum. Suspendisse hendrerit quam"
      text run at (0,320) width 333: "nec felis. Sed varius turpis vitae pede. Lorem ipsum"
      text run at (0,336) width 275: "dolor sit amet, consectetuer adipiscing elit."
