layer at (0,0) size 785x1237
  RenderView at (0,0) size 785x600
layer at (0,0) size 785x1237
  RenderBlock {HTML} at (0,0) size 785x1237.44
    RenderBody {BODY} at (8,16) size 769x1205.44
layer at (8,16) size 760x386
  RenderBlock {DIV} at (0,0) size 760x385.81 [border: (5px solid #800000)]
    RenderBlock (anonymous multi-column span) at (5,13) size 750x63.81 [color=#FFFFFF]
      RenderBlock {H2} at (0,19.91) size 750x24 [color=#000000] [bgcolor=#EEEEEE]
        RenderText {#text} at (0,0) size 277x24
          text run at (0,0) width 277: "This is a spanning element."
layer at (13,21) size 750x8
  RenderBlock (anonymous multi-column) at (5,5) size 750x8
    RenderBlock {SPAN} at (0,8) size 367x0 [color=#FFFFFF] [bgcolor=#000000]
layer at (13,93) size 750x304
  RenderBlock (anonymous multi-column) at (5,76.81) size 750x304
    RenderBlock {SPAN} at (0,16) size 367x176 [color=#FFFFFF] [bgcolor=#000000]
      RenderText {#text} at (0,0) size 367x176
        text run at (0,0) width 364: "Lorem ipsum dolor sit amet, consectetuer adipiscing elit."
        text run at (0,16) width 362: "Nulla varius enim ac mi. Curabitur sollicitudin felis quis"
        text run at (0,32) width 332: "lectus. Quisque adipiscing rhoncus sem. Proin nulla"
        text run at (0,48) width 367: "purus, vulputate vel, varius ut, euismod et, nisi. Sed vitae"
        text run at (0,64) width 354: "felis vel orci sagittis aliquam. Cras convallis adipiscing"
        text run at (0,80) width 347: "sem. Nam nonummy enim. Nullam bibendum lobortis"
        text run at (0,96) width 353: "neque. Vestibulum velit orci, tempus euismod, pretium"
        text run at (0,112) width 353: "quis, interdum vitae, nulla. Phasellus eget ante et tortor"
        text run at (0,128) width 351: "condimentum vestibulum. Suspendisse hendrerit quam"
        text run at (0,144) width 333: "nec felis. Sed varius turpis vitae pede. Lorem ipsum"
        text run at (0,160) width 275: "dolor sit amet, consectetuer adipiscing elit."
    RenderBlock (anonymous) at (0,208) size 367x384
      RenderText {#text} at (0,0) size 367x176
        text run at (0,0) width 364: "Lorem ipsum dolor sit amet, consectetuer adipiscing elit."
        text run at (0,16) width 362: "Nulla varius enim ac mi. Curabitur sollicitudin felis quis"
        text run at (0,32) width 332: "lectus. Quisque adipiscing rhoncus sem. Proin nulla"
        text run at (0,48) width 367: "purus, vulputate vel, varius ut, euismod et, nisi. Sed vitae"
        text run at (0,64) width 354: "felis vel orci sagittis aliquam. Cras convallis adipiscing"
        text run at (0,80) width 347: "sem. Nam nonummy enim. Nullam bibendum lobortis"
        text run at (0,96) width 353: "neque. Vestibulum velit orci, tempus euismod, pretium"
        text run at (0,112) width 353: "quis, interdum vitae, nulla. Phasellus eget ante et tortor"
        text run at (0,128) width 351: "condimentum vestibulum. Suspendisse hendrerit quam"
        text run at (0,144) width 333: "nec felis. Sed varius turpis vitae pede. Lorem ipsum"
        text run at (0,160) width 279: "dolor sit amet, consectetuer adipiscing elit. "
      RenderInline {SPAN} at (0,0) size 43x16
        RenderText {#text} at (278,160) size 43x16
          text run at (278,160) width 43: "Lorem"
      RenderText {#text} at (320,160) size 364x224
        text run at (320,160) width 44: " ipsum"
        text run at (0,176) width 357: "dolor sit amet, consectetuer adipiscing elit. Nulla varius"
        text run at (0,192) width 324: "enim ac mi. Curabitur sollicitudin felis quis lectus."
        text run at (0,208) width 330: "Quisque adipiscing rhoncus sem. Proin nulla purus,"
        text run at (0,224) width 355: "vulputate vel, varius ut, euismod et, nisi. Sed vitae felis"
        text run at (0,240) width 356: "vel orci sagittis aliquam. Cras convallis adipiscing sem."
        text run at (0,256) width 360: "Nam nonummy enim. Nullam bibendum lobortis neque."
        text run at (0,272) width 341: "Vestibulum velit orci, tempus euismod, pretium quis,"
        text run at (0,288) width 318: "interdum vitae, nulla. Phasellus eget ante et tortor"
        text run at (0,304) width 351: "condimentum vestibulum. Suspendisse hendrerit quam"
        text run at (0,320) width 333: "nec felis. Sed varius turpis vitae pede. Lorem ipsum"
        text run at (0,336) width 279: "dolor sit amet, consectetuer adipiscing elit. "
        text run at (278,336) width 86: "Lorem ipsum"
        text run at (0,352) width 357: "dolor sit amet, consectetuer adipiscing elit. Nulla varius"
        text run at (0,368) width 76: "enim ac mi."
layer at (8,418) size 760x386
  RenderBlock {DIV} at (0,401.81) size 760x385.81 [border: (5px solid #800000)]
    RenderBlock (anonymous multi-column span) at (5,309) size 750x63.81 [color=#FFFFFF]
      RenderBlock {H2} at (0,19.91) size 750x24 [color=#000000] [bgcolor=#EEEEEE]
        RenderText {#text} at (0,0) size 277x24
          text run at (0,0) width 277: "This is a spanning element."
layer at (13,423) size 750x304
  RenderBlock (anonymous multi-column) at (5,5) size 750x304
    RenderBlock (anonymous) at (0,0) size 367x528
      RenderText {#text} at (0,0) size 367x528
        text run at (0,0) width 364: "Lorem ipsum dolor sit amet, consectetuer adipiscing elit."
        text run at (0,16) width 362: "Nulla varius enim ac mi. Curabitur sollicitudin felis quis"
        text run at (0,32) width 332: "lectus. Quisque adipiscing rhoncus sem. Proin nulla"
        text run at (0,48) width 367: "purus, vulputate vel, varius ut, euismod et, nisi. Sed vitae"
        text run at (0,64) width 354: "felis vel orci sagittis aliquam. Cras convallis adipiscing"
        text run at (0,80) width 347: "sem. Nam nonummy enim. Nullam bibendum lobortis"
        text run at (0,96) width 353: "neque. Vestibulum velit orci, tempus euismod, pretium"
        text run at (0,112) width 353: "quis, interdum vitae, nulla. Phasellus eget ante et tortor"
        text run at (0,128) width 351: "condimentum vestibulum. Suspendisse hendrerit quam"
        text run at (0,144) width 333: "nec felis. Sed varius turpis vitae pede. Lorem ipsum"
        text run at (0,160) width 279: "dolor sit amet, consectetuer adipiscing elit. "
        text run at (278,160) width 86: "Lorem ipsum"
        text run at (0,176) width 357: "dolor sit amet, consectetuer adipiscing elit. Nulla varius"
        text run at (0,192) width 324: "enim ac mi. Curabitur sollicitudin felis quis lectus."
        text run at (0,208) width 330: "Quisque adipiscing rhoncus sem. Proin nulla purus,"
        text run at (0,224) width 355: "vulputate vel, varius ut, euismod et, nisi. Sed vitae felis"
        text run at (0,240) width 356: "vel orci sagittis aliquam. Cras convallis adipiscing sem."
        text run at (0,256) width 360: "Nam nonummy enim. Nullam bibendum lobortis neque."
        text run at (0,272) width 341: "Vestibulum velit orci, tempus euismod, pretium quis,"
        text run at (0,288) width 318: "interdum vitae, nulla. Phasellus eget ante et tortor"
        text run at (0,304) width 351: "condimentum vestibulum. Suspendisse hendrerit quam"
        text run at (0,320) width 333: "nec felis. Sed varius turpis vitae pede. Lorem ipsum"
        text run at (0,336) width 279: "dolor sit amet, consectetuer adipiscing elit. "
        text run at (278,336) width 86: "Lorem ipsum"
        text run at (0,352) width 357: "dolor sit amet, consectetuer adipiscing elit. Nulla varius"
        text run at (0,368) width 324: "enim ac mi. Curabitur sollicitudin felis quis lectus."
        text run at (0,384) width 330: "Quisque adipiscing rhoncus sem. Proin nulla purus,"
        text run at (0,400) width 355: "vulputate vel, varius ut, euismod et, nisi. Sed vitae felis"
        text run at (0,416) width 356: "vel orci sagittis aliquam. Cras convallis adipiscing sem."
        text run at (0,432) width 360: "Nam nonummy enim. Nullam bibendum lobortis neque."
        text run at (0,448) width 341: "Vestibulum velit orci, tempus euismod, pretium quis,"
        text run at (0,464) width 318: "interdum vitae, nulla. Phasellus eget ante et tortor"
        text run at (0,480) width 351: "condimentum vestibulum. Suspendisse hendrerit quam"
        text run at (0,496) width 333: "nec felis. Sed varius turpis vitae pede. Lorem ipsum"
        text run at (0,512) width 275: "dolor sit amet, consectetuer adipiscing elit."
    RenderBlock {SPAN} at (0,544) size 367x32 [color=#FFFFFF] [bgcolor=#000000]
      RenderText {#text} at (0,0) size 364x32
        text run at (0,0) width 364: "Lorem ipsum dolor sit amet, consectetuer adipiscing elit."
        text run at (0,16) width 158: "Nulla varius enim ac mi."
layer at (13,791) size 750x8
  RenderBlock (anonymous multi-column) at (5,372.81) size 750x8
    RenderBlock {SPAN} at (0,8) size 367x0 [color=#FFFFFF] [bgcolor=#000000]
layer at (8,820) size 760x401
  RenderBlock {DIV} at (0,803.63) size 760x401.81 [border: (5px solid #800000)]
    RenderBlock (anonymous multi-column span) at (5,133) size 750x63.81 [color=#FFFFFF]
      RenderBlock {H2} at (0,19.91) size 750x24 [color=#000000] [bgcolor=#EEEEEE]
        RenderText {#text} at (0,0) size 277x24
          text run at (0,0) width 277: "This is a spanning element."
layer at (13,825) size 750x128
  RenderBlock (anonymous multi-column) at (5,5) size 750x128
    RenderBlock {P} at (0,16) size 367x176
      RenderText {#text} at (0,0) size 367x176
        text run at (0,0) width 364: "Lorem ipsum dolor sit amet, consectetuer adipiscing elit."
        text run at (0,16) width 362: "Nulla varius enim ac mi. Curabitur sollicitudin felis quis"
        text run at (0,32) width 332: "lectus. Quisque adipiscing rhoncus sem. Proin nulla"
        text run at (0,48) width 367: "purus, vulputate vel, varius ut, euismod et, nisi. Sed vitae"
        text run at (0,64) width 354: "felis vel orci sagittis aliquam. Cras convallis adipiscing"
        text run at (0,80) width 347: "sem. Nam nonummy enim. Nullam bibendum lobortis"
        text run at (0,96) width 353: "neque. Vestibulum velit orci, tempus euismod, pretium"
        text run at (0,112) width 353: "quis, interdum vitae, nulla. Phasellus eget ante et tortor"
        text run at (0,128) width 351: "condimentum vestibulum. Suspendisse hendrerit quam"
        text run at (0,144) width 333: "nec felis. Sed varius turpis vitae pede. Lorem ipsum"
        text run at (0,160) width 275: "dolor sit amet, consectetuer adipiscing elit."
    RenderBlock {SPAN} at (0,208) size 367x32 [color=#FFFFFF] [bgcolor=#000000]
      RenderText {#text} at (0,0) size 364x32
        text run at (0,0) width 364: "Lorem ipsum dolor sit amet, consectetuer adipiscing elit."
        text run at (0,16) width 158: "Nulla varius enim ac mi."
layer at (13,1016) size 750x200
  RenderBlock (anonymous multi-column) at (5,196.81) size 750x200
    RenderBlock {SPAN} at (0,16) size 367x168 [color=#FFFFFF] [bgcolor=#000000]
      RenderBlock {P} at (0,0) size 367x176
        RenderText {#text} at (0,0) size 367x176
          text run at (0,0) width 364: "Lorem ipsum dolor sit amet, consectetuer adipiscing elit."
          text run at (0,16) width 362: "Nulla varius enim ac mi. Curabitur sollicitudin felis quis"
          text run at (0,32) width 332: "lectus. Quisque adipiscing rhoncus sem. Proin nulla"
          text run at (0,48) width 367: "purus, vulputate vel, varius ut, euismod et, nisi. Sed vitae"
          text run at (0,64) width 354: "felis vel orci sagittis aliquam. Cras convallis adipiscing"
          text run at (0,80) width 347: "sem. Nam nonummy enim. Nullam bibendum lobortis"
          text run at (0,96) width 353: "neque. Vestibulum velit orci, tempus euismod, pretium"
          text run at (0,112) width 353: "quis, interdum vitae, nulla. Phasellus eget ante et tortor"
          text run at (0,128) width 351: "condimentum vestibulum. Suspendisse hendrerit quam"
          text run at (0,144) width 333: "nec felis. Sed varius turpis vitae pede. Lorem ipsum"
          text run at (0,160) width 275: "dolor sit amet, consectetuer adipiscing elit."
      RenderBlock (anonymous) at (0,184) size 367x0
        RenderText {#text} at (0,0) size 0x0
    RenderBlock (anonymous) at (0,200) size 367x176
      RenderText {#text} at (0,0) size 367x176
        text run at (0,0) width 364: "Lorem ipsum dolor sit amet, consectetuer adipiscing elit."
        text run at (0,16) width 362: "Nulla varius enim ac mi. Curabitur sollicitudin felis quis"
        text run at (0,32) width 332: "lectus. Quisque adipiscing rhoncus sem. Proin nulla"
        text run at (0,48) width 367: "purus, vulputate vel, varius ut, euismod et, nisi. Sed vitae"
        text run at (0,64) width 354: "felis vel orci sagittis aliquam. Cras convallis adipiscing"
        text run at (0,80) width 347: "sem. Nam nonummy enim. Nullam bibendum lobortis"
        text run at (0,96) width 353: "neque. Vestibulum velit orci, tempus euismod, pretium"
        text run at (0,112) width 353: "quis, interdum vitae, nulla. Phasellus eget ante et tortor"
        text run at (0,128) width 351: "condimentum vestibulum. Suspendisse hendrerit quam"
        text run at (0,144) width 333: "nec felis. Sed varius turpis vitae pede. Lorem ipsum"
        text run at (0,160) width 275: "dolor sit amet, consectetuer adipiscing elit."
    RenderBlock {P} at (0,392) size 367x0
