layer at (0,0) size 785x2395
  RenderView at (0,0) size 785x600
layer at (0,0) size 785x2395
  RenderBlock {HTML} at (0,0) size 785x2394.88
    RenderBody {BODY} at (8,16) size 769x2362.88
layer at (8,16) size 760x362
  RenderBlock {DIV} at (0,0) size 760x361.81 [border: (5px solid #800000)]
    RenderBlock (anonymous multi-column span) at (5,5) size 750x63.81
      RenderBlock {H2} at (0,19.91) size 750x24 [bgcolor=#EEEEEE]
        RenderText {#text} at (0,0) size 277x24
          text run at (0,0) width 277: "This is a spanning element."
layer at (13,85) size 750x288
  RenderBlock (anonymous multi-column) at (5,68.81) size 750x288
    RenderText {#text} at (0,0) size 367x560
      text run at (0,0) width 364: "Lorem ipsum dolor sit amet, consectetuer adipiscing elit."
      text run at (0,16) width 362: "Nulla varius enim ac mi. Curabitur sollicitudin felis quis"
      text run at (0,32) width 332: "lectus. Quisque adipiscing rhoncus sem. Proin nulla"
      text run at (0,48) width 367: "purus, vulputate vel, varius ut, euismod et, nisi. Sed vitae"
      text run at (0,64) width 354: "felis vel orci sagittis aliquam. Cras convallis adipiscing"
      text run at (0,80) width 347: "sem. Nam nonummy enim. Nullam bibendum lobortis"
      text run at (0,96) width 353: "neque. Vestibulum velit orci, tempus euismod, pretium"
      text run at (0,112) width 353: "quis, interdum vitae, nulla. Phasellus eget ante et tortor"
      text run at (0,128) width 351: "condimentum vestibulum. Suspendisse hendrerit quam"
      text run at (0,144) width 333: "nec felis. Sed varius turpis vitae pede. Lorem ipsum"
      text run at (0,160) width 279: "dolor sit amet, consectetuer adipiscing elit. "
      text run at (278,160) width 86: "Lorem ipsum"
      text run at (0,176) width 357: "dolor sit amet, consectetuer adipiscing elit. Nulla varius"
      text run at (0,192) width 324: "enim ac mi. Curabitur sollicitudin felis quis lectus."
      text run at (0,208) width 330: "Quisque adipiscing rhoncus sem. Proin nulla purus,"
      text run at (0,224) width 355: "vulputate vel, varius ut, euismod et, nisi. Sed vitae felis"
      text run at (0,240) width 356: "vel orci sagittis aliquam. Cras convallis adipiscing sem."
      text run at (0,256) width 360: "Nam nonummy enim. Nullam bibendum lobortis neque."
      text run at (0,272) width 341: "Vestibulum velit orci, tempus euismod, pretium quis,"
      text run at (0,288) width 318: "interdum vitae, nulla. Phasellus eget ante et tortor"
      text run at (0,304) width 351: "condimentum vestibulum. Suspendisse hendrerit quam"
      text run at (0,320) width 333: "nec felis. Sed varius turpis vitae pede. Lorem ipsum"
      text run at (0,336) width 279: "dolor sit amet, consectetuer adipiscing elit. "
      text run at (278,336) width 86: "Lorem ipsum"
      text run at (0,352) width 357: "dolor sit amet, consectetuer adipiscing elit. Nulla varius"
      text run at (0,368) width 324: "enim ac mi. Curabitur sollicitudin felis quis lectus."
      text run at (0,384) width 330: "Quisque adipiscing rhoncus sem. Proin nulla purus,"
      text run at (0,400) width 355: "vulputate vel, varius ut, euismod et, nisi. Sed vitae felis"
      text run at (0,416) width 356: "vel orci sagittis aliquam. Cras convallis adipiscing sem."
      text run at (0,432) width 360: "Nam nonummy enim. Nullam bibendum lobortis neque."
      text run at (0,448) width 341: "Vestibulum velit orci, tempus euismod, pretium quis,"
      text run at (0,464) width 318: "interdum vitae, nulla. Phasellus eget ante et tortor"
      text run at (0,480) width 351: "condimentum vestibulum. Suspendisse hendrerit quam"
      text run at (0,496) width 333: "nec felis. Sed varius turpis vitae pede. Lorem ipsum"
      text run at (0,512) width 279: "dolor sit amet, consectetuer adipiscing elit. "
      text run at (278,512) width 86: "Lorem ipsum"
      text run at (0,528) width 357: "dolor sit amet, consectetuer adipiscing elit. Nulla varius"
      text run at (0,544) width 76: "enim ac mi."
layer at (8,394) size 760x362
  RenderBlock {DIV} at (0,377.81) size 760x361.81 [border: (5px solid #800000)]
    RenderBlock (anonymous multi-column span) at (5,293) size 750x63.81
      RenderBlock {H2} at (0,19.91) size 750x24 [bgcolor=#EEEEEE]
        RenderText {#text} at (0,0) size 277x24
          text run at (0,0) width 277: "This is a spanning element."
layer at (13,399) size 750x288
  RenderBlock (anonymous multi-column) at (5,5) size 750x288
    RenderText {#text} at (0,0) size 367x560
      text run at (0,0) width 364: "Lorem ipsum dolor sit amet, consectetuer adipiscing elit."
      text run at (0,16) width 362: "Nulla varius enim ac mi. Curabitur sollicitudin felis quis"
      text run at (0,32) width 332: "lectus. Quisque adipiscing rhoncus sem. Proin nulla"
      text run at (0,48) width 367: "purus, vulputate vel, varius ut, euismod et, nisi. Sed vitae"
      text run at (0,64) width 354: "felis vel orci sagittis aliquam. Cras convallis adipiscing"
      text run at (0,80) width 347: "sem. Nam nonummy enim. Nullam bibendum lobortis"
      text run at (0,96) width 353: "neque. Vestibulum velit orci, tempus euismod, pretium"
      text run at (0,112) width 353: "quis, interdum vitae, nulla. Phasellus eget ante et tortor"
      text run at (0,128) width 351: "condimentum vestibulum. Suspendisse hendrerit quam"
      text run at (0,144) width 333: "nec felis. Sed varius turpis vitae pede. Lorem ipsum"
      text run at (0,160) width 279: "dolor sit amet, consectetuer adipiscing elit. "
      text run at (278,160) width 86: "Lorem ipsum"
      text run at (0,176) width 357: "dolor sit amet, consectetuer adipiscing elit. Nulla varius"
      text run at (0,192) width 324: "enim ac mi. Curabitur sollicitudin felis quis lectus."
      text run at (0,208) width 330: "Quisque adipiscing rhoncus sem. Proin nulla purus,"
      text run at (0,224) width 355: "vulputate vel, varius ut, euismod et, nisi. Sed vitae felis"
      text run at (0,240) width 356: "vel orci sagittis aliquam. Cras convallis adipiscing sem."
      text run at (0,256) width 360: "Nam nonummy enim. Nullam bibendum lobortis neque."
      text run at (0,272) width 341: "Vestibulum velit orci, tempus euismod, pretium quis,"
      text run at (0,288) width 318: "interdum vitae, nulla. Phasellus eget ante et tortor"
      text run at (0,304) width 351: "condimentum vestibulum. Suspendisse hendrerit quam"
      text run at (0,320) width 333: "nec felis. Sed varius turpis vitae pede. Lorem ipsum"
      text run at (0,336) width 279: "dolor sit amet, consectetuer adipiscing elit. "
      text run at (278,336) width 86: "Lorem ipsum"
      text run at (0,352) width 357: "dolor sit amet, consectetuer adipiscing elit. Nulla varius"
      text run at (0,368) width 324: "enim ac mi. Curabitur sollicitudin felis quis lectus."
      text run at (0,384) width 330: "Quisque adipiscing rhoncus sem. Proin nulla purus,"
      text run at (0,400) width 355: "vulputate vel, varius ut, euismod et, nisi. Sed vitae felis"
      text run at (0,416) width 356: "vel orci sagittis aliquam. Cras convallis adipiscing sem."
      text run at (0,432) width 360: "Nam nonummy enim. Nullam bibendum lobortis neque."
      text run at (0,448) width 341: "Vestibulum velit orci, tempus euismod, pretium quis,"
      text run at (0,464) width 318: "interdum vitae, nulla. Phasellus eget ante et tortor"
      text run at (0,480) width 351: "condimentum vestibulum. Suspendisse hendrerit quam"
      text run at (0,496) width 333: "nec felis. Sed varius turpis vitae pede. Lorem ipsum"
      text run at (0,512) width 279: "dolor sit amet, consectetuer adipiscing elit. "
      text run at (278,512) width 86: "Lorem ipsum"
      text run at (0,528) width 357: "dolor sit amet, consectetuer adipiscing elit. Nulla varius"
      text run at (0,544) width 76: "enim ac mi."
layer at (8,772) size 760x393
  RenderBlock {DIV} at (0,755.63) size 760x393.81 [border: (5px solid #800000)]
    RenderBlock (anonymous multi-column span) at (5,133) size 750x63.81
      RenderBlock {H2} at (0,19.91) size 750x24 [bgcolor=#EEEEEE]
        RenderText {#text} at (0,0) size 277x24
          text run at (0,0) width 277: "This is a spanning element."
layer at (13,777) size 750x128
  RenderBlock (anonymous multi-column) at (5,5) size 750x128
    RenderBlock {P} at (0,16) size 367x208
      RenderText {#text} at (0,0) size 367x208
        text run at (0,0) width 364: "Lorem ipsum dolor sit amet, consectetuer adipiscing elit."
        text run at (0,16) width 362: "Nulla varius enim ac mi. Curabitur sollicitudin felis quis"
        text run at (0,32) width 332: "lectus. Quisque adipiscing rhoncus sem. Proin nulla"
        text run at (0,48) width 367: "purus, vulputate vel, varius ut, euismod et, nisi. Sed vitae"
        text run at (0,64) width 354: "felis vel orci sagittis aliquam. Cras convallis adipiscing"
        text run at (0,80) width 347: "sem. Nam nonummy enim. Nullam bibendum lobortis"
        text run at (0,96) width 353: "neque. Vestibulum velit orci, tempus euismod, pretium"
        text run at (0,112) width 353: "quis, interdum vitae, nulla. Phasellus eget ante et tortor"
        text run at (0,128) width 351: "condimentum vestibulum. Suspendisse hendrerit quam"
        text run at (0,144) width 333: "nec felis. Sed varius turpis vitae pede. Lorem ipsum"
        text run at (0,160) width 279: "dolor sit amet, consectetuer adipiscing elit. "
        text run at (278,160) width 86: "Lorem ipsum"
        text run at (0,176) width 357: "dolor sit amet, consectetuer adipiscing elit. Nulla varius"
        text run at (0,192) width 76: "enim ac mi."
layer at (13,968) size 750x192
  RenderBlock (anonymous multi-column) at (5,196.81) size 750x192
    RenderBlock {P} at (0,16) size 367x352
      RenderText {#text} at (0,0) size 367x352
        text run at (0,0) width 364: "Lorem ipsum dolor sit amet, consectetuer adipiscing elit."
        text run at (0,16) width 362: "Nulla varius enim ac mi. Curabitur sollicitudin felis quis"
        text run at (0,32) width 332: "lectus. Quisque adipiscing rhoncus sem. Proin nulla"
        text run at (0,48) width 367: "purus, vulputate vel, varius ut, euismod et, nisi. Sed vitae"
        text run at (0,64) width 354: "felis vel orci sagittis aliquam. Cras convallis adipiscing"
        text run at (0,80) width 347: "sem. Nam nonummy enim. Nullam bibendum lobortis"
        text run at (0,96) width 353: "neque. Vestibulum velit orci, tempus euismod, pretium"
        text run at (0,112) width 353: "quis, interdum vitae, nulla. Phasellus eget ante et tortor"
        text run at (0,128) width 351: "condimentum vestibulum. Suspendisse hendrerit quam"
        text run at (0,144) width 333: "nec felis. Sed varius turpis vitae pede. Lorem ipsum"
        text run at (0,160) width 279: "dolor sit amet, consectetuer adipiscing elit. "
        text run at (278,160) width 86: "Lorem ipsum"
        text run at (0,176) width 357: "dolor sit amet, consectetuer adipiscing elit. Nulla varius"
        text run at (0,192) width 324: "enim ac mi. Curabitur sollicitudin felis quis lectus."
        text run at (0,208) width 330: "Quisque adipiscing rhoncus sem. Proin nulla purus,"
        text run at (0,224) width 355: "vulputate vel, varius ut, euismod et, nisi. Sed vitae felis"
        text run at (0,240) width 356: "vel orci sagittis aliquam. Cras convallis adipiscing sem."
        text run at (0,256) width 360: "Nam nonummy enim. Nullam bibendum lobortis neque."
        text run at (0,272) width 341: "Vestibulum velit orci, tempus euismod, pretium quis,"
        text run at (0,288) width 318: "interdum vitae, nulla. Phasellus eget ante et tortor"
        text run at (0,304) width 351: "condimentum vestibulum. Suspendisse hendrerit quam"
        text run at (0,320) width 333: "nec felis. Sed varius turpis vitae pede. Lorem ipsum"
        text run at (0,336) width 275: "dolor sit amet, consectetuer adipiscing elit."
layer at (8,1181) size 760x378
  RenderBlock {DIV} at (0,1165.44) size 760x377.81 [border: (5px solid #800000)]
    RenderBlock (anonymous multi-column span) at (5,117) size 750x63.81
      RenderBlock {H2} at (0,19.91) size 750x24 [bgcolor=#EEEEEE]
        RenderText {#text} at (0,0) size 277x24
          text run at (0,0) width 277: "This is a spanning element."
layer at (13,1186) size 750x112
  RenderBlock (anonymous multi-column) at (5,5) size 750x112
    RenderText {#text} at (0,0) size 367x208
      text run at (0,0) width 364: "Lorem ipsum dolor sit amet, consectetuer adipiscing elit."
      text run at (0,16) width 362: "Nulla varius enim ac mi. Curabitur sollicitudin felis quis"
      text run at (0,32) width 332: "lectus. Quisque adipiscing rhoncus sem. Proin nulla"
      text run at (0,48) width 367: "purus, vulputate vel, varius ut, euismod et, nisi. Sed vitae"
      text run at (0,64) width 354: "felis vel orci sagittis aliquam. Cras convallis adipiscing"
      text run at (0,80) width 347: "sem. Nam nonummy enim. Nullam bibendum lobortis"
      text run at (0,96) width 353: "neque. Vestibulum velit orci, tempus euismod, pretium"
      text run at (0,112) width 353: "quis, interdum vitae, nulla. Phasellus eget ante et tortor"
      text run at (0,128) width 351: "condimentum vestibulum. Suspendisse hendrerit quam"
      text run at (0,144) width 333: "nec felis. Sed varius turpis vitae pede. Lorem ipsum"
      text run at (0,160) width 279: "dolor sit amet, consectetuer adipiscing elit. "
      text run at (278,160) width 86: "Lorem ipsum"
      text run at (0,176) width 357: "dolor sit amet, consectetuer adipiscing elit. Nulla varius"
      text run at (0,192) width 76: "enim ac mi."
layer at (13,1362) size 750x192
  RenderBlock (anonymous multi-column) at (5,180.81) size 750x192
    RenderBlock (anonymous) at (0,0) size 367x176
      RenderInline {SPAN} at (0,0) size 43x16
        RenderText {#text} at (0,0) size 43x16
          text run at (0,0) width 43: "Lorem"
      RenderText {#text} at (42,0) size 367x176
        text run at (42,0) width 322: " ipsum dolor sit amet, consectetuer adipiscing elit."
        text run at (0,16) width 362: "Nulla varius enim ac mi. Curabitur sollicitudin felis quis"
        text run at (0,32) width 332: "lectus. Quisque adipiscing rhoncus sem. Proin nulla"
        text run at (0,48) width 367: "purus, vulputate vel, varius ut, euismod et, nisi. Sed vitae"
        text run at (0,64) width 354: "felis vel orci sagittis aliquam. Cras convallis adipiscing"
        text run at (0,80) width 347: "sem. Nam nonummy enim. Nullam bibendum lobortis"
        text run at (0,96) width 353: "neque. Vestibulum velit orci, tempus euismod, pretium"
        text run at (0,112) width 353: "quis, interdum vitae, nulla. Phasellus eget ante et tortor"
        text run at (0,128) width 351: "condimentum vestibulum. Suspendisse hendrerit quam"
        text run at (0,144) width 333: "nec felis. Sed varius turpis vitae pede. Lorem ipsum"
        text run at (0,160) width 275: "dolor sit amet, consectetuer adipiscing elit."
    RenderBlock {P} at (0,192) size 367x176
      RenderText {#text} at (0,0) size 367x176
        text run at (0,0) width 364: "Lorem ipsum dolor sit amet, consectetuer adipiscing elit."
        text run at (0,16) width 362: "Nulla varius enim ac mi. Curabitur sollicitudin felis quis"
        text run at (0,32) width 332: "lectus. Quisque adipiscing rhoncus sem. Proin nulla"
        text run at (0,48) width 367: "purus, vulputate vel, varius ut, euismod et, nisi. Sed vitae"
        text run at (0,64) width 354: "felis vel orci sagittis aliquam. Cras convallis adipiscing"
        text run at (0,80) width 347: "sem. Nam nonummy enim. Nullam bibendum lobortis"
        text run at (0,96) width 353: "neque. Vestibulum velit orci, tempus euismod, pretium"
        text run at (0,112) width 353: "quis, interdum vitae, nulla. Phasellus eget ante et tortor"
        text run at (0,128) width 351: "condimentum vestibulum. Suspendisse hendrerit quam"
        text run at (0,144) width 333: "nec felis. Sed varius turpis vitae pede. Lorem ipsum"
        text run at (0,160) width 275: "dolor sit amet, consectetuer adipiscing elit."
layer at (8,1575) size 760x378
  RenderBlock {DIV} at (0,1559.25) size 760x377.81 [border: (5px solid #800000)]
    RenderBlock (anonymous multi-column span) at (5,197) size 750x63.81
      RenderBlock {H2} at (0,19.91) size 750x24 [bgcolor=#EEEEEE]
        RenderText {#text} at (0,0) size 277x24
          text run at (0,0) width 277: "This is a spanning element."
layer at (13,1580) size 750x192
  RenderBlock (anonymous multi-column) at (5,5) size 750x192
    RenderBlock (anonymous) at (0,0) size 367x176
      RenderInline {SPAN} at (0,0) size 367x176
        RenderText {#text} at (0,0) size 367x176
          text run at (0,0) width 364: "Lorem ipsum dolor sit amet, consectetuer adipiscing elit."
          text run at (0,16) width 362: "Nulla varius enim ac mi. Curabitur sollicitudin felis quis"
          text run at (0,32) width 332: "lectus. Quisque adipiscing rhoncus sem. Proin nulla"
          text run at (0,48) width 367: "purus, vulputate vel, varius ut, euismod et, nisi. Sed vitae"
          text run at (0,64) width 354: "felis vel orci sagittis aliquam. Cras convallis adipiscing"
          text run at (0,80) width 347: "sem. Nam nonummy enim. Nullam bibendum lobortis"
          text run at (0,96) width 353: "neque. Vestibulum velit orci, tempus euismod, pretium"
          text run at (0,112) width 353: "quis, interdum vitae, nulla. Phasellus eget ante et tortor"
          text run at (0,128) width 351: "condimentum vestibulum. Suspendisse hendrerit quam"
          text run at (0,144) width 333: "nec felis. Sed varius turpis vitae pede. Lorem ipsum"
          text run at (0,160) width 275: "dolor sit amet, consectetuer adipiscing elit."
    RenderBlock (anonymous) at (0,176) size 367x32
      RenderBlock {SPAN} at (0,0) size 367x32
        RenderText {#text} at (0,0) size 364x32
          text run at (0,0) width 364: "Lorem ipsum dolor sit amet, consectetuer adipiscing elit."
          text run at (0,16) width 158: "Nulla varius enim ac mi."
    RenderBlock (anonymous) at (0,208) size 367x176
      RenderInline {SPAN} at (0,0) size 43x16
        RenderText {#text} at (0,0) size 43x16
          text run at (0,0) width 43: "Lorem"
      RenderText {#text} at (42,0) size 367x176
        text run at (42,0) width 322: " ipsum dolor sit amet, consectetuer adipiscing elit."
        text run at (0,16) width 362: "Nulla varius enim ac mi. Curabitur sollicitudin felis quis"
        text run at (0,32) width 332: "lectus. Quisque adipiscing rhoncus sem. Proin nulla"
        text run at (0,48) width 367: "purus, vulputate vel, varius ut, euismod et, nisi. Sed vitae"
        text run at (0,64) width 354: "felis vel orci sagittis aliquam. Cras convallis adipiscing"
        text run at (0,80) width 347: "sem. Nam nonummy enim. Nullam bibendum lobortis"
        text run at (0,96) width 353: "neque. Vestibulum velit orci, tempus euismod, pretium"
        text run at (0,112) width 353: "quis, interdum vitae, nulla. Phasellus eget ante et tortor"
        text run at (0,128) width 351: "condimentum vestibulum. Suspendisse hendrerit quam"
        text run at (0,144) width 333: "nec felis. Sed varius turpis vitae pede. Lorem ipsum"
        text run at (0,160) width 275: "dolor sit amet, consectetuer adipiscing elit."
layer at (13,1836) size 750x112
  RenderBlock (anonymous multi-column) at (5,260.81) size 750x112
    RenderBlock {P} at (0,16) size 367x176
      RenderText {#text} at (0,0) size 367x176
        text run at (0,0) width 364: "Lorem ipsum dolor sit amet, consectetuer adipiscing elit."
        text run at (0,16) width 362: "Nulla varius enim ac mi. Curabitur sollicitudin felis quis"
        text run at (0,32) width 332: "lectus. Quisque adipiscing rhoncus sem. Proin nulla"
        text run at (0,48) width 367: "purus, vulputate vel, varius ut, euismod et, nisi. Sed vitae"
        text run at (0,64) width 354: "felis vel orci sagittis aliquam. Cras convallis adipiscing"
        text run at (0,80) width 347: "sem. Nam nonummy enim. Nullam bibendum lobortis"
        text run at (0,96) width 353: "neque. Vestibulum velit orci, tempus euismod, pretium"
        text run at (0,112) width 353: "quis, interdum vitae, nulla. Phasellus eget ante et tortor"
        text run at (0,128) width 351: "condimentum vestibulum. Suspendisse hendrerit quam"
        text run at (0,144) width 333: "nec felis. Sed varius turpis vitae pede. Lorem ipsum"
        text run at (0,160) width 275: "dolor sit amet, consectetuer adipiscing elit."
layer at (8,1969) size 760x410
  RenderBlock {DIV} at (0,1953.06) size 760x409.81 [border: (5px solid #800000)]
    RenderBlock (anonymous multi-column span) at (5,229) size 750x63.81
      RenderBlock {H2} at (0,19.91) size 750x24 [bgcolor=#EEEEEE]
        RenderText {#text} at (0,0) size 277x24
          text run at (0,0) width 277: "This is a spanning element."
    RenderBlock (anonymous) at (5,308.81) size 750x16
      RenderBlock {SPAN} at (0,0) size 750x16
        RenderText {#text} at (0,0) size 158x16
          text run at (0,0) width 158: "Nulla varius enim ac mi."
layer at (13,1974) size 750x224
  RenderBlock (anonymous multi-column) at (5,5) size 750x224
    RenderBlock {P} at (0,16) size 367x176
      RenderText {#text} at (0,0) size 367x176
        text run at (0,0) width 364: "Lorem ipsum dolor sit amet, consectetuer adipiscing elit."
        text run at (0,16) width 362: "Nulla varius enim ac mi. Curabitur sollicitudin felis quis"
        text run at (0,32) width 332: "lectus. Quisque adipiscing rhoncus sem. Proin nulla"
        text run at (0,48) width 367: "purus, vulputate vel, varius ut, euismod et, nisi. Sed vitae"
        text run at (0,64) width 354: "felis vel orci sagittis aliquam. Cras convallis adipiscing"
        text run at (0,80) width 347: "sem. Nam nonummy enim. Nullam bibendum lobortis"
        text run at (0,96) width 353: "neque. Vestibulum velit orci, tempus euismod, pretium"
        text run at (0,112) width 353: "quis, interdum vitae, nulla. Phasellus eget ante et tortor"
        text run at (0,128) width 351: "condimentum vestibulum. Suspendisse hendrerit quam"
        text run at (0,144) width 333: "nec felis. Sed varius turpis vitae pede. Lorem ipsum"
        text run at (0,160) width 275: "dolor sit amet, consectetuer adipiscing elit."
    RenderBlock {P} at (0,208) size 367x32
      RenderText {#text} at (0,0) size 364x32
        text run at (0,0) width 364: "Lorem ipsum dolor sit amet, consectetuer adipiscing elit."
        text run at (0,16) width 158: "Nulla varius enim ac mi."
    RenderBlock {P} at (0,256) size 367x176
      RenderText {#text} at (0,0) size 367x176
        text run at (0,0) width 364: "Lorem ipsum dolor sit amet, consectetuer adipiscing elit."
        text run at (0,16) width 362: "Nulla varius enim ac mi. Curabitur sollicitudin felis quis"
        text run at (0,32) width 332: "lectus. Quisque adipiscing rhoncus sem. Proin nulla"
        text run at (0,48) width 367: "purus, vulputate vel, varius ut, euismod et, nisi. Sed vitae"
        text run at (0,64) width 354: "felis vel orci sagittis aliquam. Cras convallis adipiscing"
        text run at (0,80) width 347: "sem. Nam nonummy enim. Nullam bibendum lobortis"
        text run at (0,96) width 353: "neque. Vestibulum velit orci, tempus euismod, pretium"
        text run at (0,112) width 353: "quis, interdum vitae, nulla. Phasellus eget ante et tortor"
        text run at (0,128) width 351: "condimentum vestibulum. Suspendisse hendrerit quam"
        text run at (0,144) width 333: "nec felis. Sed varius turpis vitae pede. Lorem ipsum"
        text run at (0,160) width 275: "dolor sit amet, consectetuer adipiscing elit."
layer at (13,2262) size 750x16
  RenderBlock (anonymous multi-column) at (5,292.81) size 750x16
    RenderInline {SPAN} at (0,0) size 364x16
      RenderText {#text} at (0,0) size 364x16
        text run at (0,0) width 364: "Lorem ipsum dolor sit amet, consectetuer adipiscing elit."
layer at (13,2294) size 750x80
  RenderBlock (anonymous multi-column) at (5,324.81) size 750x80
    RenderInline {SPAN} at (0,0) size 367x160
      RenderText {#text} at (0,0) size 367x160
        text run at (0,0) width 303: "Curabitur sollicitudin felis quis lectus. Quisque"
        text run at (0,16) width 364: "adipiscing rhoncus sem. Proin nulla purus, vulputate vel,"
        text run at (0,32) width 365: "varius ut, euismod et, nisi. Sed vitae felis vel orci sagittis"
        text run at (0,48) width 359: "aliquam. Cras convallis adipiscing sem. Nam nonummy"
        text run at (0,64) width 367: "enim. Nullam bibendum lobortis neque. Vestibulum velit"
        text run at (0,80) width 331: "orci, tempus euismod, pretium quis, interdum vitae,"
        text run at (0,96) width 309: "nulla. Phasellus eget ante et tortor condimentum"
        text run at (0,112) width 349: "vestibulum. Suspendisse hendrerit quam nec felis. Sed"
        text run at (0,128) width 339: "varius turpis vitae pede. Lorem ipsum dolor sit amet,"
        text run at (0,144) width 179: "consectetuer adipiscing elit."
    RenderText {#text} at (0,0) size 0x0
