layer at (0,0) size 785x2012
  RenderView at (0,0) size 785x600
layer at (0,0) size 785x2012
  RenderBlock {HTML} at (0,0) size 785x2012
    RenderBody {BODY} at (8,16) size 769x1980
layer at (8,16) size 760x298
  RenderBlock {DIV} at (0,0) size 760x298 [border: (5px solid #800000)]
    RenderBlock (anonymous multi-column span) at (5,5) size 750x0
layer at (13,21) size 750x288
  RenderBlock (anonymous multi-column) at (5,5) size 750x288
    RenderText {#text} at (0,0) size 367x560
      text run at (0,0) width 364: "Lorem ipsum dolor sit amet, consectetuer adipiscing elit."
      text run at (0,16) width 362: "Nulla varius enim ac mi. Curabitur sollicitudin felis quis"
      text run at (0,32) width 332: "lectus. Quisque adipiscing rhoncus sem. Proin nulla"
      text run at (0,48) width 367: "purus, vulputate vel, varius ut, euismod et, nisi. Sed vitae"
      text run at (0,64) width 354: "felis vel orci sagittis aliquam. Cras convallis adipiscing"
      text run at (0,80) width 347: "sem. Nam nonummy enim. Nullam bibendum lobortis"
      text run at (0,96) width 353: "neque. Vestibulum velit orci, tempus euismod, pretium"
      text run at (0,112) width 353: "quis, interdum vitae, nulla. Phasellus eget ante et tortor"
      text run at (0,128) width 351: "condimentum vestibulum. Suspendisse hendrerit quam"
      text run at (0,144) width 333: "nec felis. Sed varius turpis vitae pede. Lorem ipsum"
      text run at (0,160) width 279: "dolor sit amet, consectetuer adipiscing elit. "
      text run at (278,160) width 86: "Lorem ipsum"
      text run at (0,176) width 357: "dolor sit amet, consectetuer adipiscing elit. Nulla varius"
      text run at (0,192) width 324: "enim ac mi. Curabitur sollicitudin felis quis lectus."
      text run at (0,208) width 330: "Quisque adipiscing rhoncus sem. Proin nulla purus,"
      text run at (0,224) width 355: "vulputate vel, varius ut, euismod et, nisi. Sed vitae felis"
      text run at (0,240) width 356: "vel orci sagittis aliquam. Cras convallis adipiscing sem."
      text run at (0,256) width 360: "Nam nonummy enim. Nullam bibendum lobortis neque."
      text run at (0,272) width 341: "Vestibulum velit orci, tempus euismod, pretium quis,"
      text run at (0,288) width 318: "interdum vitae, nulla. Phasellus eget ante et tortor"
      text run at (0,304) width 351: "condimentum vestibulum. Suspendisse hendrerit quam"
      text run at (0,320) width 333: "nec felis. Sed varius turpis vitae pede. Lorem ipsum"
      text run at (0,336) width 279: "dolor sit amet, consectetuer adipiscing elit. "
      text run at (278,336) width 86: "Lorem ipsum"
      text run at (0,352) width 357: "dolor sit amet, consectetuer adipiscing elit. Nulla varius"
      text run at (0,368) width 324: "enim ac mi. Curabitur sollicitudin felis quis lectus."
      text run at (0,384) width 330: "Quisque adipiscing rhoncus sem. Proin nulla purus,"
      text run at (0,400) width 355: "vulputate vel, varius ut, euismod et, nisi. Sed vitae felis"
      text run at (0,416) width 356: "vel orci sagittis aliquam. Cras convallis adipiscing sem."
      text run at (0,432) width 360: "Nam nonummy enim. Nullam bibendum lobortis neque."
      text run at (0,448) width 341: "Vestibulum velit orci, tempus euismod, pretium quis,"
      text run at (0,464) width 318: "interdum vitae, nulla. Phasellus eget ante et tortor"
      text run at (0,480) width 351: "condimentum vestibulum. Suspendisse hendrerit quam"
      text run at (0,496) width 333: "nec felis. Sed varius turpis vitae pede. Lorem ipsum"
      text run at (0,512) width 279: "dolor sit amet, consectetuer adipiscing elit. "
      text run at (278,512) width 86: "Lorem ipsum"
      text run at (0,528) width 357: "dolor sit amet, consectetuer adipiscing elit. Nulla varius"
      text run at (0,544) width 76: "enim ac mi."
layer at (8,330) size 760x298
  RenderBlock {DIV} at (0,314) size 760x298 [border: (5px solid #800000)]
    RenderBlock (anonymous multi-column span) at (5,293) size 750x0
layer at (13,335) size 750x288
  RenderBlock (anonymous multi-column) at (5,5) size 750x288
    RenderText {#text} at (0,0) size 367x560
      text run at (0,0) width 364: "Lorem ipsum dolor sit amet, consectetuer adipiscing elit."
      text run at (0,16) width 362: "Nulla varius enim ac mi. Curabitur sollicitudin felis quis"
      text run at (0,32) width 332: "lectus. Quisque adipiscing rhoncus sem. Proin nulla"
      text run at (0,48) width 367: "purus, vulputate vel, varius ut, euismod et, nisi. Sed vitae"
      text run at (0,64) width 354: "felis vel orci sagittis aliquam. Cras convallis adipiscing"
      text run at (0,80) width 347: "sem. Nam nonummy enim. Nullam bibendum lobortis"
      text run at (0,96) width 353: "neque. Vestibulum velit orci, tempus euismod, pretium"
      text run at (0,112) width 353: "quis, interdum vitae, nulla. Phasellus eget ante et tortor"
      text run at (0,128) width 351: "condimentum vestibulum. Suspendisse hendrerit quam"
      text run at (0,144) width 333: "nec felis. Sed varius turpis vitae pede. Lorem ipsum"
      text run at (0,160) width 279: "dolor sit amet, consectetuer adipiscing elit. "
      text run at (278,160) width 86: "Lorem ipsum"
      text run at (0,176) width 357: "dolor sit amet, consectetuer adipiscing elit. Nulla varius"
      text run at (0,192) width 324: "enim ac mi. Curabitur sollicitudin felis quis lectus."
      text run at (0,208) width 330: "Quisque adipiscing rhoncus sem. Proin nulla purus,"
      text run at (0,224) width 355: "vulputate vel, varius ut, euismod et, nisi. Sed vitae felis"
      text run at (0,240) width 356: "vel orci sagittis aliquam. Cras convallis adipiscing sem."
      text run at (0,256) width 360: "Nam nonummy enim. Nullam bibendum lobortis neque."
      text run at (0,272) width 341: "Vestibulum velit orci, tempus euismod, pretium quis,"
      text run at (0,288) width 318: "interdum vitae, nulla. Phasellus eget ante et tortor"
      text run at (0,304) width 351: "condimentum vestibulum. Suspendisse hendrerit quam"
      text run at (0,320) width 333: "nec felis. Sed varius turpis vitae pede. Lorem ipsum"
      text run at (0,336) width 279: "dolor sit amet, consectetuer adipiscing elit. "
      text run at (278,336) width 86: "Lorem ipsum"
      text run at (0,352) width 357: "dolor sit amet, consectetuer adipiscing elit. Nulla varius"
      text run at (0,368) width 324: "enim ac mi. Curabitur sollicitudin felis quis lectus."
      text run at (0,384) width 330: "Quisque adipiscing rhoncus sem. Proin nulla purus,"
      text run at (0,400) width 355: "vulputate vel, varius ut, euismod et, nisi. Sed vitae felis"
      text run at (0,416) width 356: "vel orci sagittis aliquam. Cras convallis adipiscing sem."
      text run at (0,432) width 360: "Nam nonummy enim. Nullam bibendum lobortis neque."
      text run at (0,448) width 341: "Vestibulum velit orci, tempus euismod, pretium quis,"
      text run at (0,464) width 318: "interdum vitae, nulla. Phasellus eget ante et tortor"
      text run at (0,480) width 351: "condimentum vestibulum. Suspendisse hendrerit quam"
      text run at (0,496) width 333: "nec felis. Sed varius turpis vitae pede. Lorem ipsum"
      text run at (0,512) width 279: "dolor sit amet, consectetuer adipiscing elit. "
      text run at (278,512) width 86: "Lorem ipsum"
      text run at (0,528) width 357: "dolor sit amet, consectetuer adipiscing elit. Nulla varius"
      text run at (0,544) width 76: "enim ac mi."
layer at (8,644) size 760x330
  RenderBlock {DIV} at (0,628) size 760x330 [border: (5px solid #800000)]
    RenderBlock (anonymous multi-column span) at (5,133) size 750x0
layer at (13,649) size 750x128
  RenderBlock (anonymous multi-column) at (5,5) size 750x128
    RenderBlock {P} at (0,16) size 367x208
      RenderText {#text} at (0,0) size 367x208
        text run at (0,0) width 364: "Lorem ipsum dolor sit amet, consectetuer adipiscing elit."
        text run at (0,16) width 362: "Nulla varius enim ac mi. Curabitur sollicitudin felis quis"
        text run at (0,32) width 332: "lectus. Quisque adipiscing rhoncus sem. Proin nulla"
        text run at (0,48) width 367: "purus, vulputate vel, varius ut, euismod et, nisi. Sed vitae"
        text run at (0,64) width 354: "felis vel orci sagittis aliquam. Cras convallis adipiscing"
        text run at (0,80) width 347: "sem. Nam nonummy enim. Nullam bibendum lobortis"
        text run at (0,96) width 353: "neque. Vestibulum velit orci, tempus euismod, pretium"
        text run at (0,112) width 353: "quis, interdum vitae, nulla. Phasellus eget ante et tortor"
        text run at (0,128) width 351: "condimentum vestibulum. Suspendisse hendrerit quam"
        text run at (0,144) width 333: "nec felis. Sed varius turpis vitae pede. Lorem ipsum"
        text run at (0,160) width 279: "dolor sit amet, consectetuer adipiscing elit. "
        text run at (278,160) width 86: "Lorem ipsum"
        text run at (0,176) width 357: "dolor sit amet, consectetuer adipiscing elit. Nulla varius"
        text run at (0,192) width 76: "enim ac mi."
layer at (13,777) size 750x192
  RenderBlock (anonymous multi-column) at (5,133) size 750x192
    RenderBlock {P} at (0,16) size 367x352
      RenderText {#text} at (0,0) size 367x352
        text run at (0,0) width 364: "Lorem ipsum dolor sit amet, consectetuer adipiscing elit."
        text run at (0,16) width 362: "Nulla varius enim ac mi. Curabitur sollicitudin felis quis"
        text run at (0,32) width 332: "lectus. Quisque adipiscing rhoncus sem. Proin nulla"
        text run at (0,48) width 367: "purus, vulputate vel, varius ut, euismod et, nisi. Sed vitae"
        text run at (0,64) width 354: "felis vel orci sagittis aliquam. Cras convallis adipiscing"
        text run at (0,80) width 347: "sem. Nam nonummy enim. Nullam bibendum lobortis"
        text run at (0,96) width 353: "neque. Vestibulum velit orci, tempus euismod, pretium"
        text run at (0,112) width 353: "quis, interdum vitae, nulla. Phasellus eget ante et tortor"
        text run at (0,128) width 351: "condimentum vestibulum. Suspendisse hendrerit quam"
        text run at (0,144) width 333: "nec felis. Sed varius turpis vitae pede. Lorem ipsum"
        text run at (0,160) width 279: "dolor sit amet, consectetuer adipiscing elit. "
        text run at (278,160) width 86: "Lorem ipsum"
        text run at (0,176) width 357: "dolor sit amet, consectetuer adipiscing elit. Nulla varius"
        text run at (0,192) width 324: "enim ac mi. Curabitur sollicitudin felis quis lectus."
        text run at (0,208) width 330: "Quisque adipiscing rhoncus sem. Proin nulla purus,"
        text run at (0,224) width 355: "vulputate vel, varius ut, euismod et, nisi. Sed vitae felis"
        text run at (0,240) width 356: "vel orci sagittis aliquam. Cras convallis adipiscing sem."
        text run at (0,256) width 360: "Nam nonummy enim. Nullam bibendum lobortis neque."
        text run at (0,272) width 341: "Vestibulum velit orci, tempus euismod, pretium quis,"
        text run at (0,288) width 318: "interdum vitae, nulla. Phasellus eget ante et tortor"
        text run at (0,304) width 351: "condimentum vestibulum. Suspendisse hendrerit quam"
        text run at (0,320) width 333: "nec felis. Sed varius turpis vitae pede. Lorem ipsum"
        text run at (0,336) width 275: "dolor sit amet, consectetuer adipiscing elit."
layer at (8,990) size 760x314
  RenderBlock {DIV} at (0,974) size 760x314 [border: (5px solid #800000)]
    RenderBlock (anonymous multi-column span) at (5,117) size 750x0
layer at (13,995) size 750x112
  RenderBlock (anonymous multi-column) at (5,5) size 750x112
    RenderText {#text} at (0,0) size 367x208
      text run at (0,0) width 364: "Lorem ipsum dolor sit amet, consectetuer adipiscing elit."
      text run at (0,16) width 362: "Nulla varius enim ac mi. Curabitur sollicitudin felis quis"
      text run at (0,32) width 332: "lectus. Quisque adipiscing rhoncus sem. Proin nulla"
      text run at (0,48) width 367: "purus, vulputate vel, varius ut, euismod et, nisi. Sed vitae"
      text run at (0,64) width 354: "felis vel orci sagittis aliquam. Cras convallis adipiscing"
      text run at (0,80) width 347: "sem. Nam nonummy enim. Nullam bibendum lobortis"
      text run at (0,96) width 353: "neque. Vestibulum velit orci, tempus euismod, pretium"
      text run at (0,112) width 353: "quis, interdum vitae, nulla. Phasellus eget ante et tortor"
      text run at (0,128) width 351: "condimentum vestibulum. Suspendisse hendrerit quam"
      text run at (0,144) width 333: "nec felis. Sed varius turpis vitae pede. Lorem ipsum"
      text run at (0,160) width 279: "dolor sit amet, consectetuer adipiscing elit. "
      text run at (278,160) width 86: "Lorem ipsum"
      text run at (0,176) width 357: "dolor sit amet, consectetuer adipiscing elit. Nulla varius"
      text run at (0,192) width 76: "enim ac mi."
layer at (13,1107) size 750x192
  RenderBlock (anonymous multi-column) at (5,117) size 750x192
    RenderBlock (anonymous) at (0,0) size 367x176
      RenderInline {SPAN} at (0,0) size 43x16
        RenderText {#text} at (0,0) size 43x16
          text run at (0,0) width 43: "Lorem"
      RenderText {#text} at (42,0) size 367x176
        text run at (42,0) width 322: " ipsum dolor sit amet, consectetuer adipiscing elit."
        text run at (0,16) width 362: "Nulla varius enim ac mi. Curabitur sollicitudin felis quis"
        text run at (0,32) width 332: "lectus. Quisque adipiscing rhoncus sem. Proin nulla"
        text run at (0,48) width 367: "purus, vulputate vel, varius ut, euismod et, nisi. Sed vitae"
        text run at (0,64) width 354: "felis vel orci sagittis aliquam. Cras convallis adipiscing"
        text run at (0,80) width 347: "sem. Nam nonummy enim. Nullam bibendum lobortis"
        text run at (0,96) width 353: "neque. Vestibulum velit orci, tempus euismod, pretium"
        text run at (0,112) width 353: "quis, interdum vitae, nulla. Phasellus eget ante et tortor"
        text run at (0,128) width 351: "condimentum vestibulum. Suspendisse hendrerit quam"
        text run at (0,144) width 333: "nec felis. Sed varius turpis vitae pede. Lorem ipsum"
        text run at (0,160) width 275: "dolor sit amet, consectetuer adipiscing elit."
    RenderBlock {P} at (0,192) size 367x176
      RenderText {#text} at (0,0) size 367x176
        text run at (0,0) width 364: "Lorem ipsum dolor sit amet, consectetuer adipiscing elit."
        text run at (0,16) width 362: "Nulla varius enim ac mi. Curabitur sollicitudin felis quis"
        text run at (0,32) width 332: "lectus. Quisque adipiscing rhoncus sem. Proin nulla"
        text run at (0,48) width 367: "purus, vulputate vel, varius ut, euismod et, nisi. Sed vitae"
        text run at (0,64) width 354: "felis vel orci sagittis aliquam. Cras convallis adipiscing"
        text run at (0,80) width 347: "sem. Nam nonummy enim. Nullam bibendum lobortis"
        text run at (0,96) width 353: "neque. Vestibulum velit orci, tempus euismod, pretium"
        text run at (0,112) width 353: "quis, interdum vitae, nulla. Phasellus eget ante et tortor"
        text run at (0,128) width 351: "condimentum vestibulum. Suspendisse hendrerit quam"
        text run at (0,144) width 333: "nec felis. Sed varius turpis vitae pede. Lorem ipsum"
        text run at (0,160) width 275: "dolor sit amet, consectetuer adipiscing elit."
layer at (8,1320) size 760x314
  RenderBlock {DIV} at (0,1304) size 760x314 [border: (5px solid #800000)]
    RenderBlock (anonymous multi-column span) at (5,197) size 750x0
layer at (13,1325) size 750x192
  RenderBlock (anonymous multi-column) at (5,5) size 750x192
    RenderBlock (anonymous) at (0,0) size 367x176
      RenderInline {SPAN} at (0,0) size 367x176
        RenderText {#text} at (0,0) size 367x176
          text run at (0,0) width 364: "Lorem ipsum dolor sit amet, consectetuer adipiscing elit."
          text run at (0,16) width 362: "Nulla varius enim ac mi. Curabitur sollicitudin felis quis"
          text run at (0,32) width 332: "lectus. Quisque adipiscing rhoncus sem. Proin nulla"
          text run at (0,48) width 367: "purus, vulputate vel, varius ut, euismod et, nisi. Sed vitae"
          text run at (0,64) width 354: "felis vel orci sagittis aliquam. Cras convallis adipiscing"
          text run at (0,80) width 347: "sem. Nam nonummy enim. Nullam bibendum lobortis"
          text run at (0,96) width 353: "neque. Vestibulum velit orci, tempus euismod, pretium"
          text run at (0,112) width 353: "quis, interdum vitae, nulla. Phasellus eget ante et tortor"
          text run at (0,128) width 351: "condimentum vestibulum. Suspendisse hendrerit quam"
          text run at (0,144) width 333: "nec felis. Sed varius turpis vitae pede. Lorem ipsum"
          text run at (0,160) width 275: "dolor sit amet, consectetuer adipiscing elit."
    RenderBlock (anonymous) at (0,176) size 367x32
      RenderBlock {SPAN} at (0,0) size 367x32
        RenderText {#text} at (0,0) size 364x32
          text run at (0,0) width 364: "Lorem ipsum dolor sit amet, consectetuer adipiscing elit."
          text run at (0,16) width 158: "Nulla varius enim ac mi."
    RenderBlock (anonymous) at (0,208) size 367x176
      RenderInline {SPAN} at (0,0) size 43x16
        RenderText {#text} at (0,0) size 43x16
          text run at (0,0) width 43: "Lorem"
      RenderText {#text} at (42,0) size 367x176
        text run at (42,0) width 322: " ipsum dolor sit amet, consectetuer adipiscing elit."
        text run at (0,16) width 362: "Nulla varius enim ac mi. Curabitur sollicitudin felis quis"
        text run at (0,32) width 332: "lectus. Quisque adipiscing rhoncus sem. Proin nulla"
        text run at (0,48) width 367: "purus, vulputate vel, varius ut, euismod et, nisi. Sed vitae"
        text run at (0,64) width 354: "felis vel orci sagittis aliquam. Cras convallis adipiscing"
        text run at (0,80) width 347: "sem. Nam nonummy enim. Nullam bibendum lobortis"
        text run at (0,96) width 353: "neque. Vestibulum velit orci, tempus euismod, pretium"
        text run at (0,112) width 353: "quis, interdum vitae, nulla. Phasellus eget ante et tortor"
        text run at (0,128) width 351: "condimentum vestibulum. Suspendisse hendrerit quam"
        text run at (0,144) width 333: "nec felis. Sed varius turpis vitae pede. Lorem ipsum"
        text run at (0,160) width 275: "dolor sit amet, consectetuer adipiscing elit."
layer at (13,1517) size 750x112
  RenderBlock (anonymous multi-column) at (5,197) size 750x112
    RenderBlock {P} at (0,16) size 367x176
      RenderText {#text} at (0,0) size 367x176
        text run at (0,0) width 364: "Lorem ipsum dolor sit amet, consectetuer adipiscing elit."
        text run at (0,16) width 362: "Nulla varius enim ac mi. Curabitur sollicitudin felis quis"
        text run at (0,32) width 332: "lectus. Quisque adipiscing rhoncus sem. Proin nulla"
        text run at (0,48) width 367: "purus, vulputate vel, varius ut, euismod et, nisi. Sed vitae"
        text run at (0,64) width 354: "felis vel orci sagittis aliquam. Cras convallis adipiscing"
        text run at (0,80) width 347: "sem. Nam nonummy enim. Nullam bibendum lobortis"
        text run at (0,96) width 353: "neque. Vestibulum velit orci, tempus euismod, pretium"
        text run at (0,112) width 353: "quis, interdum vitae, nulla. Phasellus eget ante et tortor"
        text run at (0,128) width 351: "condimentum vestibulum. Suspendisse hendrerit quam"
        text run at (0,144) width 333: "nec felis. Sed varius turpis vitae pede. Lorem ipsum"
        text run at (0,160) width 275: "dolor sit amet, consectetuer adipiscing elit."
layer at (8,1650) size 760x346
  RenderBlock {DIV} at (0,1634) size 760x346 [border: (5px solid #800000)]
    RenderBlock (anonymous multi-column span) at (5,229) size 750x0
    RenderBlock (anonymous) at (5,245) size 750x16
      RenderBlock {SPAN} at (0,0) size 750x16
        RenderText {#text} at (0,0) size 158x16
          text run at (0,0) width 158: "Nulla varius enim ac mi."
layer at (13,1655) size 750x224
  RenderBlock (anonymous multi-column) at (5,5) size 750x224
    RenderBlock {P} at (0,16) size 367x176
      RenderText {#text} at (0,0) size 367x176
        text run at (0,0) width 364: "Lorem ipsum dolor sit amet, consectetuer adipiscing elit."
        text run at (0,16) width 362: "Nulla varius enim ac mi. Curabitur sollicitudin felis quis"
        text run at (0,32) width 332: "lectus. Quisque adipiscing rhoncus sem. Proin nulla"
        text run at (0,48) width 367: "purus, vulputate vel, varius ut, euismod et, nisi. Sed vitae"
        text run at (0,64) width 354: "felis vel orci sagittis aliquam. Cras convallis adipiscing"
        text run at (0,80) width 347: "sem. Nam nonummy enim. Nullam bibendum lobortis"
        text run at (0,96) width 353: "neque. Vestibulum velit orci, tempus euismod, pretium"
        text run at (0,112) width 353: "quis, interdum vitae, nulla. Phasellus eget ante et tortor"
        text run at (0,128) width 351: "condimentum vestibulum. Suspendisse hendrerit quam"
        text run at (0,144) width 333: "nec felis. Sed varius turpis vitae pede. Lorem ipsum"
        text run at (0,160) width 275: "dolor sit amet, consectetuer adipiscing elit."
    RenderBlock {P} at (0,208) size 367x32
      RenderText {#text} at (0,0) size 364x32
        text run at (0,0) width 364: "Lorem ipsum dolor sit amet, consectetuer adipiscing elit."
        text run at (0,16) width 158: "Nulla varius enim ac mi."
    RenderBlock {P} at (0,256) size 367x176
      RenderText {#text} at (0,0) size 367x176
        text run at (0,0) width 364: "Lorem ipsum dolor sit amet, consectetuer adipiscing elit."
        text run at (0,16) width 362: "Nulla varius enim ac mi. Curabitur sollicitudin felis quis"
        text run at (0,32) width 332: "lectus. Quisque adipiscing rhoncus sem. Proin nulla"
        text run at (0,48) width 367: "purus, vulputate vel, varius ut, euismod et, nisi. Sed vitae"
        text run at (0,64) width 354: "felis vel orci sagittis aliquam. Cras convallis adipiscing"
        text run at (0,80) width 347: "sem. Nam nonummy enim. Nullam bibendum lobortis"
        text run at (0,96) width 353: "neque. Vestibulum velit orci, tempus euismod, pretium"
        text run at (0,112) width 353: "quis, interdum vitae, nulla. Phasellus eget ante et tortor"
        text run at (0,128) width 351: "condimentum vestibulum. Suspendisse hendrerit quam"
        text run at (0,144) width 333: "nec felis. Sed varius turpis vitae pede. Lorem ipsum"
        text run at (0,160) width 275: "dolor sit amet, consectetuer adipiscing elit."
layer at (13,1879) size 750x16
  RenderBlock (anonymous multi-column) at (5,229) size 750x16
    RenderInline {SPAN} at (0,0) size 364x16
      RenderText {#text} at (0,0) size 364x16
        text run at (0,0) width 364: "Lorem ipsum dolor sit amet, consectetuer adipiscing elit."
layer at (13,1911) size 750x80
  RenderBlock (anonymous multi-column) at (5,261) size 750x80
    RenderInline {SPAN} at (0,0) size 367x160
      RenderText {#text} at (0,0) size 367x160
        text run at (0,0) width 303: "Curabitur sollicitudin felis quis lectus. Quisque"
        text run at (0,16) width 364: "adipiscing rhoncus sem. Proin nulla purus, vulputate vel,"
        text run at (0,32) width 365: "varius ut, euismod et, nisi. Sed vitae felis vel orci sagittis"
        text run at (0,48) width 359: "aliquam. Cras convallis adipiscing sem. Nam nonummy"
        text run at (0,64) width 367: "enim. Nullam bibendum lobortis neque. Vestibulum velit"
        text run at (0,80) width 331: "orci, tempus euismod, pretium quis, interdum vitae,"
        text run at (0,96) width 309: "nulla. Phasellus eget ante et tortor condimentum"
        text run at (0,112) width 349: "vestibulum. Suspendisse hendrerit quam nec felis. Sed"
        text run at (0,128) width 339: "varius turpis vitae pede. Lorem ipsum dolor sit amet,"
        text run at (0,144) width 179: "consectetuer adipiscing elit."
    RenderText {#text} at (0,0) size 0x0
