layer at (0,0) size 785x3115
  RenderView at (0,0) size 785x600
layer at (0,0) size 785x3115
  RenderBlock {HTML} at (0,0) size 785x3114.88
    RenderBody {BODY} at (8,16) size 769x3082.88
layer at (8,16) size 760x362
  RenderBlock {DIV} at (0,0) size 760x361.81 [border: (5px solid #800000)]
    RenderBlock (anonymous multi-column span) at (5,5) size 750x63.81
      RenderBlock {H2} at (0,19.91) size 750x24 [bgcolor=#EEEEEE]
        RenderText {#text} at (0,0) size 666x24
          text run at (0,0) width 666: "This is a spanning element at the beginning of the columns block."
layer at (13,85) size 750x288
  RenderBlock (anonymous multi-column) at (5,68.81) size 750x288
    RenderText {#text} at (0,0) size 367x560
      text run at (0,0) width 364: "Lorem ipsum dolor sit amet, consectetuer adipiscing elit."
      text run at (0,16) width 362: "Nulla varius enim ac mi. Curabitur sollicitudin felis quis"
      text run at (0,32) width 332: "lectus. Quisque adipiscing rhoncus sem. Proin nulla"
      text run at (0,48) width 367: "purus, vulputate vel, varius ut, euismod et, nisi. Sed vitae"
      text run at (0,64) width 354: "felis vel orci sagittis aliquam. Cras convallis adipiscing"
      text run at (0,80) width 347: "sem. Nam nonummy enim. Nullam bibendum lobortis"
      text run at (0,96) width 353: "neque. Vestibulum velit orci, tempus euismod, pretium"
      text run at (0,112) width 353: "quis, interdum vitae, nulla. Phasellus eget ante et tortor"
      text run at (0,128) width 351: "condimentum vestibulum. Suspendisse hendrerit quam"
      text run at (0,144) width 333: "nec felis. Sed varius turpis vitae pede. Lorem ipsum"
      text run at (0,160) width 279: "dolor sit amet, consectetuer adipiscing elit. "
      text run at (278,160) width 86: "Lorem ipsum"
      text run at (0,176) width 357: "dolor sit amet, consectetuer adipiscing elit. Nulla varius"
      text run at (0,192) width 324: "enim ac mi. Curabitur sollicitudin felis quis lectus."
      text run at (0,208) width 330: "Quisque adipiscing rhoncus sem. Proin nulla purus,"
      text run at (0,224) width 355: "vulputate vel, varius ut, euismod et, nisi. Sed vitae felis"
      text run at (0,240) width 356: "vel orci sagittis aliquam. Cras convallis adipiscing sem."
      text run at (0,256) width 360: "Nam nonummy enim. Nullam bibendum lobortis neque."
      text run at (0,272) width 341: "Vestibulum velit orci, tempus euismod, pretium quis,"
      text run at (0,288) width 318: "interdum vitae, nulla. Phasellus eget ante et tortor"
      text run at (0,304) width 351: "condimentum vestibulum. Suspendisse hendrerit quam"
      text run at (0,320) width 333: "nec felis. Sed varius turpis vitae pede. Lorem ipsum"
      text run at (0,336) width 279: "dolor sit amet, consectetuer adipiscing elit. "
      text run at (278,336) width 86: "Lorem ipsum"
      text run at (0,352) width 357: "dolor sit amet, consectetuer adipiscing elit. Nulla varius"
      text run at (0,368) width 324: "enim ac mi. Curabitur sollicitudin felis quis lectus."
      text run at (0,384) width 330: "Quisque adipiscing rhoncus sem. Proin nulla purus,"
      text run at (0,400) width 355: "vulputate vel, varius ut, euismod et, nisi. Sed vitae felis"
      text run at (0,416) width 356: "vel orci sagittis aliquam. Cras convallis adipiscing sem."
      text run at (0,432) width 360: "Nam nonummy enim. Nullam bibendum lobortis neque."
      text run at (0,448) width 341: "Vestibulum velit orci, tempus euismod, pretium quis,"
      text run at (0,464) width 318: "interdum vitae, nulla. Phasellus eget ante et tortor"
      text run at (0,480) width 351: "condimentum vestibulum. Suspendisse hendrerit quam"
      text run at (0,496) width 333: "nec felis. Sed varius turpis vitae pede. Lorem ipsum"
      text run at (0,512) width 279: "dolor sit amet, consectetuer adipiscing elit. "
      text run at (278,512) width 86: "Lorem ipsum"
      text run at (0,528) width 357: "dolor sit amet, consectetuer adipiscing elit. Nulla varius"
      text run at (0,544) width 76: "enim ac mi."
layer at (8,394) size 760x362
  RenderBlock {DIV} at (0,377.81) size 760x361.81 [border: (5px solid #800000)]
    RenderBlock (anonymous multi-column span) at (5,293) size 750x63.81
      RenderBlock {H2} at (0,19.91) size 750x24 [bgcolor=#EEEEEE]
        RenderText {#text} at (0,0) size 602x24
          text run at (0,0) width 602: "This is a spanning element at the end of the columns block."
layer at (13,399) size 750x288
  RenderBlock (anonymous multi-column) at (5,5) size 750x288
    RenderText {#text} at (0,0) size 367x560
      text run at (0,0) width 364: "Lorem ipsum dolor sit amet, consectetuer adipiscing elit."
      text run at (0,16) width 362: "Nulla varius enim ac mi. Curabitur sollicitudin felis quis"
      text run at (0,32) width 332: "lectus. Quisque adipiscing rhoncus sem. Proin nulla"
      text run at (0,48) width 367: "purus, vulputate vel, varius ut, euismod et, nisi. Sed vitae"
      text run at (0,64) width 354: "felis vel orci sagittis aliquam. Cras convallis adipiscing"
      text run at (0,80) width 347: "sem. Nam nonummy enim. Nullam bibendum lobortis"
      text run at (0,96) width 353: "neque. Vestibulum velit orci, tempus euismod, pretium"
      text run at (0,112) width 353: "quis, interdum vitae, nulla. Phasellus eget ante et tortor"
      text run at (0,128) width 351: "condimentum vestibulum. Suspendisse hendrerit quam"
      text run at (0,144) width 333: "nec felis. Sed varius turpis vitae pede. Lorem ipsum"
      text run at (0,160) width 279: "dolor sit amet, consectetuer adipiscing elit. "
      text run at (278,160) width 86: "Lorem ipsum"
      text run at (0,176) width 357: "dolor sit amet, consectetuer adipiscing elit. Nulla varius"
      text run at (0,192) width 324: "enim ac mi. Curabitur sollicitudin felis quis lectus."
      text run at (0,208) width 330: "Quisque adipiscing rhoncus sem. Proin nulla purus,"
      text run at (0,224) width 355: "vulputate vel, varius ut, euismod et, nisi. Sed vitae felis"
      text run at (0,240) width 356: "vel orci sagittis aliquam. Cras convallis adipiscing sem."
      text run at (0,256) width 360: "Nam nonummy enim. Nullam bibendum lobortis neque."
      text run at (0,272) width 341: "Vestibulum velit orci, tempus euismod, pretium quis,"
      text run at (0,288) width 318: "interdum vitae, nulla. Phasellus eget ante et tortor"
      text run at (0,304) width 351: "condimentum vestibulum. Suspendisse hendrerit quam"
      text run at (0,320) width 333: "nec felis. Sed varius turpis vitae pede. Lorem ipsum"
      text run at (0,336) width 279: "dolor sit amet, consectetuer adipiscing elit. "
      text run at (278,336) width 86: "Lorem ipsum"
      text run at (0,352) width 357: "dolor sit amet, consectetuer adipiscing elit. Nulla varius"
      text run at (0,368) width 324: "enim ac mi. Curabitur sollicitudin felis quis lectus."
      text run at (0,384) width 330: "Quisque adipiscing rhoncus sem. Proin nulla purus,"
      text run at (0,400) width 355: "vulputate vel, varius ut, euismod et, nisi. Sed vitae felis"
      text run at (0,416) width 356: "vel orci sagittis aliquam. Cras convallis adipiscing sem."
      text run at (0,432) width 360: "Nam nonummy enim. Nullam bibendum lobortis neque."
      text run at (0,448) width 341: "Vestibulum velit orci, tempus euismod, pretium quis,"
      text run at (0,464) width 318: "interdum vitae, nulla. Phasellus eget ante et tortor"
      text run at (0,480) width 351: "condimentum vestibulum. Suspendisse hendrerit quam"
      text run at (0,496) width 333: "nec felis. Sed varius turpis vitae pede. Lorem ipsum"
      text run at (0,512) width 279: "dolor sit amet, consectetuer adipiscing elit. "
      text run at (278,512) width 86: "Lorem ipsum"
      text run at (0,528) width 357: "dolor sit amet, consectetuer adipiscing elit. Nulla varius"
      text run at (0,544) width 76: "enim ac mi."
layer at (8,772) size 760x361
  RenderBlock {DIV} at (0,755.63) size 760x361.81 [border: (5px solid #800000)]
    RenderBlock (anonymous multi-column span) at (5,117) size 750x63.81
      RenderBlock {H2} at (0,19.91) size 750x24 [bgcolor=#EEEEEE]
        RenderText {#text} at (0,0) size 635x24
          text run at (0,0) width 635: "This is a spanning element in the middle of the columns block."
layer at (13,777) size 750x112
  RenderBlock (anonymous multi-column) at (5,5) size 750x112
    RenderText {#text} at (0,0) size 367x208
      text run at (0,0) width 364: "Lorem ipsum dolor sit amet, consectetuer adipiscing elit."
      text run at (0,16) width 362: "Nulla varius enim ac mi. Curabitur sollicitudin felis quis"
      text run at (0,32) width 332: "lectus. Quisque adipiscing rhoncus sem. Proin nulla"
      text run at (0,48) width 367: "purus, vulputate vel, varius ut, euismod et, nisi. Sed vitae"
      text run at (0,64) width 354: "felis vel orci sagittis aliquam. Cras convallis adipiscing"
      text run at (0,80) width 347: "sem. Nam nonummy enim. Nullam bibendum lobortis"
      text run at (0,96) width 353: "neque. Vestibulum velit orci, tempus euismod, pretium"
      text run at (0,112) width 353: "quis, interdum vitae, nulla. Phasellus eget ante et tortor"
      text run at (0,128) width 351: "condimentum vestibulum. Suspendisse hendrerit quam"
      text run at (0,144) width 333: "nec felis. Sed varius turpis vitae pede. Lorem ipsum"
      text run at (0,160) width 279: "dolor sit amet, consectetuer adipiscing elit. "
      text run at (278,160) width 86: "Lorem ipsum"
      text run at (0,176) width 357: "dolor sit amet, consectetuer adipiscing elit. Nulla varius"
      text run at (0,192) width 76: "enim ac mi."
layer at (13,952) size 750x176
  RenderBlock (anonymous multi-column) at (5,180.81) size 750x176
    RenderText {#text} at (0,0) size 367x352
      text run at (0,0) width 364: "Lorem ipsum dolor sit amet, consectetuer adipiscing elit."
      text run at (0,16) width 362: "Nulla varius enim ac mi. Curabitur sollicitudin felis quis"
      text run at (0,32) width 332: "lectus. Quisque adipiscing rhoncus sem. Proin nulla"
      text run at (0,48) width 367: "purus, vulputate vel, varius ut, euismod et, nisi. Sed vitae"
      text run at (0,64) width 354: "felis vel orci sagittis aliquam. Cras convallis adipiscing"
      text run at (0,80) width 347: "sem. Nam nonummy enim. Nullam bibendum lobortis"
      text run at (0,96) width 353: "neque. Vestibulum velit orci, tempus euismod, pretium"
      text run at (0,112) width 353: "quis, interdum vitae, nulla. Phasellus eget ante et tortor"
      text run at (0,128) width 351: "condimentum vestibulum. Suspendisse hendrerit quam"
      text run at (0,144) width 333: "nec felis. Sed varius turpis vitae pede. Lorem ipsum"
      text run at (0,160) width 279: "dolor sit amet, consectetuer adipiscing elit. "
      text run at (278,160) width 86: "Lorem ipsum"
      text run at (0,176) width 357: "dolor sit amet, consectetuer adipiscing elit. Nulla varius"
      text run at (0,192) width 324: "enim ac mi. Curabitur sollicitudin felis quis lectus."
      text run at (0,208) width 330: "Quisque adipiscing rhoncus sem. Proin nulla purus,"
      text run at (0,224) width 355: "vulputate vel, varius ut, euismod et, nisi. Sed vitae felis"
      text run at (0,240) width 356: "vel orci sagittis aliquam. Cras convallis adipiscing sem."
      text run at (0,256) width 360: "Nam nonummy enim. Nullam bibendum lobortis neque."
      text run at (0,272) width 341: "Vestibulum velit orci, tempus euismod, pretium quis,"
      text run at (0,288) width 318: "interdum vitae, nulla. Phasellus eget ante et tortor"
      text run at (0,304) width 351: "condimentum vestibulum. Suspendisse hendrerit quam"
      text run at (0,320) width 333: "nec felis. Sed varius turpis vitae pede. Lorem ipsum"
      text run at (0,336) width 275: "dolor sit amet, consectetuer adipiscing elit."
layer at (8,1149) size 760x326
  RenderBlock {DIV} at (0,1133.44) size 760x326 [border: (5px solid #800000)]
    RenderText {#text} at (5,5) size 367x214
      text run at (5,5) width 364: "Lorem ipsum dolor sit amet, consectetuer adipiscing elit."
      text run at (5,21) width 362: "Nulla varius enim ac mi. Curabitur sollicitudin felis quis"
      text run at (5,37) width 332: "lectus. Quisque adipiscing rhoncus sem. Proin nulla"
      text run at (5,53) width 367: "purus, vulputate vel, varius ut, euismod et, nisi. Sed vitae"
      text run at (5,69) width 354: "felis vel orci sagittis aliquam. Cras convallis adipiscing"
      text run at (5,85) width 347: "sem. Nam nonummy enim. Nullam bibendum lobortis"
      text run at (5,101) width 353: "neque. Vestibulum velit orci, tempus euismod, pretium"
      text run at (5,117) width 353: "quis, interdum vitae, nulla. Phasellus eget ante et tortor"
      text run at (5,133) width 351: "condimentum vestibulum. Suspendisse hendrerit quam"
      text run at (5,149) width 333: "nec felis. Sed varius turpis vitae pede. Lorem ipsum"
      text run at (5,165) width 279: "dolor sit amet, consectetuer adipiscing elit. "
      text run at (283,165) width 86: "Lorem ipsum"
      text run at (5,181) width 357: "dolor sit amet, consectetuer adipiscing elit. Nulla varius"
      text run at (5,203) width 80: "enim ac mi. "
    RenderInline {H2} at (0,0) size 358x72 [bgcolor=#EEEEEE]
      RenderText {#text} at (84,197) size 358x72
        text run at (84,197) width 271: "This is a spanning element"
        text run at (5,221) width 358: "with an original display of inline in"
        text run at (5,245) width 333: "the middle of the columns block."
    RenderText {#text} at (5,269) size 367x356
      text run at (5,269) width 364: "Lorem ipsum dolor sit amet, consectetuer adipiscing elit."
      text run at (5,285) width 362: "Nulla varius enim ac mi. Curabitur sollicitudin felis quis"
      text run at (5,301) width 332: "lectus. Quisque adipiscing rhoncus sem. Proin nulla"
      text run at (5,321) width 367: "purus, vulputate vel, varius ut, euismod et, nisi. Sed vitae"
      text run at (5,337) width 354: "felis vel orci sagittis aliquam. Cras convallis adipiscing"
      text run at (5,353) width 347: "sem. Nam nonummy enim. Nullam bibendum lobortis"
      text run at (5,369) width 353: "neque. Vestibulum velit orci, tempus euismod, pretium"
      text run at (5,385) width 353: "quis, interdum vitae, nulla. Phasellus eget ante et tortor"
      text run at (5,401) width 351: "condimentum vestibulum. Suspendisse hendrerit quam"
      text run at (5,417) width 333: "nec felis. Sed varius turpis vitae pede. Lorem ipsum"
      text run at (5,433) width 279: "dolor sit amet, consectetuer adipiscing elit. "
      text run at (283,433) width 86: "Lorem ipsum"
      text run at (5,449) width 357: "dolor sit amet, consectetuer adipiscing elit. Nulla varius"
      text run at (5,465) width 324: "enim ac mi. Curabitur sollicitudin felis quis lectus."
      text run at (5,481) width 330: "Quisque adipiscing rhoncus sem. Proin nulla purus,"
      text run at (5,497) width 355: "vulputate vel, varius ut, euismod et, nisi. Sed vitae felis"
      text run at (5,513) width 356: "vel orci sagittis aliquam. Cras convallis adipiscing sem."
      text run at (5,529) width 360: "Nam nonummy enim. Nullam bibendum lobortis neque."
      text run at (5,545) width 341: "Vestibulum velit orci, tempus euismod, pretium quis,"
      text run at (5,561) width 318: "interdum vitae, nulla. Phasellus eget ante et tortor"
      text run at (5,577) width 351: "condimentum vestibulum. Suspendisse hendrerit quam"
      text run at (5,593) width 333: "nec felis. Sed varius turpis vitae pede. Lorem ipsum"
      text run at (5,609) width 275: "dolor sit amet, consectetuer adipiscing elit."
layer at (8,1491) size 760x346
  RenderBlock {DIV} at (0,1475.44) size 760x346 [border: (5px solid #800000)]
    RenderText {#text} at (5,5) size 367x208
      text run at (5,5) width 364: "Lorem ipsum dolor sit amet, consectetuer adipiscing elit."
      text run at (5,21) width 362: "Nulla varius enim ac mi. Curabitur sollicitudin felis quis"
      text run at (5,37) width 332: "lectus. Quisque adipiscing rhoncus sem. Proin nulla"
      text run at (5,53) width 367: "purus, vulputate vel, varius ut, euismod et, nisi. Sed vitae"
      text run at (5,69) width 354: "felis vel orci sagittis aliquam. Cras convallis adipiscing"
      text run at (5,85) width 347: "sem. Nam nonummy enim. Nullam bibendum lobortis"
      text run at (5,101) width 353: "neque. Vestibulum velit orci, tempus euismod, pretium"
      text run at (5,117) width 353: "quis, interdum vitae, nulla. Phasellus eget ante et tortor"
      text run at (5,133) width 351: "condimentum vestibulum. Suspendisse hendrerit quam"
      text run at (5,149) width 333: "nec felis. Sed varius turpis vitae pede. Lorem ipsum"
      text run at (5,165) width 279: "dolor sit amet, consectetuer adipiscing elit. "
      text run at (283,165) width 86: "Lorem ipsum"
      text run at (5,181) width 357: "dolor sit amet, consectetuer adipiscing elit. Nulla varius"
      text run at (5,197) width 80: "enim ac mi. "
    RenderBlock (floating) {H2} at (5,232.91) size 367x72 [bgcolor=#EEEEEE]
      RenderText {#text} at (0,0) size 340x72
        text run at (0,0) width 323: "This element specifies a column"
        text run at (0,24) width 340: "span, but it is also floating, so the"
        text run at (0,48) width 327: "column-span should be ignored."
    RenderText {#text} at (84,197) size 367x464
      text run at (84,197) width 266: "Lorem ipsum dolor sit amet, consectetuer"
      text run at (5,325) width 322: "adipiscing elit. Nulla varius enim ac mi. Curabitur"
      text run at (5,341) width 362: "sollicitudin felis quis lectus. Quisque adipiscing rhoncus"
      text run at (5,357) width 361: "sem. Proin nulla purus, vulputate vel, varius ut, euismod"
      text run at (5,373) width 336: "et, nisi. Sed vitae felis vel orci sagittis aliquam. Cras"
      text run at (5,389) width 358: "convallis adipiscing sem. Nam nonummy enim. Nullam"
      text run at (5,405) width 358: "bibendum lobortis neque. Vestibulum velit orci, tempus"
      text run at (5,421) width 352: "euismod, pretium quis, interdum vitae, nulla. Phasellus"
      text run at (5,437) width 366: "eget ante et tortor condimentum vestibulum. Suspendisse"
      text run at (5,453) width 344: "hendrerit quam nec felis. Sed varius turpis vitae pede."
      text run at (5,469) width 364: "Lorem ipsum dolor sit amet, consectetuer adipiscing elit."
      text run at (5,485) width 364: "Lorem ipsum dolor sit amet, consectetuer adipiscing elit."
      text run at (5,501) width 362: "Nulla varius enim ac mi. Curabitur sollicitudin felis quis"
      text run at (5,517) width 332: "lectus. Quisque adipiscing rhoncus sem. Proin nulla"
      text run at (5,533) width 367: "purus, vulputate vel, varius ut, euismod et, nisi. Sed vitae"
      text run at (5,549) width 354: "felis vel orci sagittis aliquam. Cras convallis adipiscing"
      text run at (5,565) width 347: "sem. Nam nonummy enim. Nullam bibendum lobortis"
      text run at (5,581) width 353: "neque. Vestibulum velit orci, tempus euismod, pretium"
      text run at (5,597) width 353: "quis, interdum vitae, nulla. Phasellus eget ante et tortor"
      text run at (5,613) width 351: "condimentum vestibulum. Suspendisse hendrerit quam"
      text run at (5,629) width 333: "nec felis. Sed varius turpis vitae pede. Lorem ipsum"
      text run at (5,645) width 275: "dolor sit amet, consectetuer adipiscing elit."
layer at (8,1853) size 760x402
  RenderBlock {DIV} at (0,1837.44) size 760x401.81 [border: (5px solid #800000)]
    RenderBlock (anonymous multi-column span) at (5,5) size 750x87.81
      RenderBlock {H2} at (0,19.91) size 750x48 [bgcolor=#EEEEEE]
        RenderText {#text} at (0,0) size 711x48
          text run at (0,0) width 711: "This is a spanning element at the beginning of the columns block with"
          text run at (0,24) width 146: "block siblings."
layer at (13,1946) size 750x304
  RenderBlock (anonymous multi-column) at (5,92.81) size 750x304
    RenderBlock {P} at (0,16) size 367x176
      RenderText {#text} at (0,0) size 367x176
        text run at (0,0) width 364: "Lorem ipsum dolor sit amet, consectetuer adipiscing elit."
        text run at (0,16) width 362: "Nulla varius enim ac mi. Curabitur sollicitudin felis quis"
        text run at (0,32) width 332: "lectus. Quisque adipiscing rhoncus sem. Proin nulla"
        text run at (0,48) width 367: "purus, vulputate vel, varius ut, euismod et, nisi. Sed vitae"
        text run at (0,64) width 354: "felis vel orci sagittis aliquam. Cras convallis adipiscing"
        text run at (0,80) width 347: "sem. Nam nonummy enim. Nullam bibendum lobortis"
        text run at (0,96) width 353: "neque. Vestibulum velit orci, tempus euismod, pretium"
        text run at (0,112) width 353: "quis, interdum vitae, nulla. Phasellus eget ante et tortor"
        text run at (0,128) width 351: "condimentum vestibulum. Suspendisse hendrerit quam"
        text run at (0,144) width 333: "nec felis. Sed varius turpis vitae pede. Lorem ipsum"
        text run at (0,160) width 275: "dolor sit amet, consectetuer adipiscing elit."
    RenderBlock {P} at (0,208) size 367x176
      RenderText {#text} at (0,0) size 367x176
        text run at (0,0) width 364: "Lorem ipsum dolor sit amet, consectetuer adipiscing elit."
        text run at (0,16) width 362: "Nulla varius enim ac mi. Curabitur sollicitudin felis quis"
        text run at (0,32) width 332: "lectus. Quisque adipiscing rhoncus sem. Proin nulla"
        text run at (0,48) width 367: "purus, vulputate vel, varius ut, euismod et, nisi. Sed vitae"
        text run at (0,64) width 354: "felis vel orci sagittis aliquam. Cras convallis adipiscing"
        text run at (0,80) width 347: "sem. Nam nonummy enim. Nullam bibendum lobortis"
        text run at (0,96) width 353: "neque. Vestibulum velit orci, tempus euismod, pretium"
        text run at (0,112) width 353: "quis, interdum vitae, nulla. Phasellus eget ante et tortor"
        text run at (0,128) width 351: "condimentum vestibulum. Suspendisse hendrerit quam"
        text run at (0,144) width 333: "nec felis. Sed varius turpis vitae pede. Lorem ipsum"
        text run at (0,160) width 275: "dolor sit amet, consectetuer adipiscing elit."
    RenderBlock {P} at (0,400) size 367x176
      RenderText {#text} at (0,0) size 367x176
        text run at (0,0) width 364: "Lorem ipsum dolor sit amet, consectetuer adipiscing elit."
        text run at (0,16) width 362: "Nulla varius enim ac mi. Curabitur sollicitudin felis quis"
        text run at (0,32) width 332: "lectus. Quisque adipiscing rhoncus sem. Proin nulla"
        text run at (0,48) width 367: "purus, vulputate vel, varius ut, euismod et, nisi. Sed vitae"
        text run at (0,64) width 354: "felis vel orci sagittis aliquam. Cras convallis adipiscing"
        text run at (0,80) width 347: "sem. Nam nonummy enim. Nullam bibendum lobortis"
        text run at (0,96) width 353: "neque. Vestibulum velit orci, tempus euismod, pretium"
        text run at (0,112) width 353: "quis, interdum vitae, nulla. Phasellus eget ante et tortor"
        text run at (0,128) width 351: "condimentum vestibulum. Suspendisse hendrerit quam"
        text run at (0,144) width 333: "nec felis. Sed varius turpis vitae pede. Lorem ipsum"
        text run at (0,160) width 275: "dolor sit amet, consectetuer adipiscing elit."
layer at (8,2271) size 760x402
  RenderBlock {DIV} at (0,2255.25) size 760x401.81 [border: (5px solid #800000)]
    RenderBlock (anonymous multi-column span) at (5,309) size 750x87.81
      RenderBlock {H2} at (0,19.91) size 750x48 [bgcolor=#EEEEEE]
        RenderText {#text} at (0,0) size 709x48
          text run at (0,0) width 709: "This is a spanning element at the end of the columns block with block"
          text run at (0,24) width 84: "siblings."
layer at (13,2276) size 750x304
  RenderBlock (anonymous multi-column) at (5,5) size 750x304
    RenderBlock {P} at (0,16) size 367x176
      RenderText {#text} at (0,0) size 367x176
        text run at (0,0) width 364: "Lorem ipsum dolor sit amet, consectetuer adipiscing elit."
        text run at (0,16) width 362: "Nulla varius enim ac mi. Curabitur sollicitudin felis quis"
        text run at (0,32) width 332: "lectus. Quisque adipiscing rhoncus sem. Proin nulla"
        text run at (0,48) width 367: "purus, vulputate vel, varius ut, euismod et, nisi. Sed vitae"
        text run at (0,64) width 354: "felis vel orci sagittis aliquam. Cras convallis adipiscing"
        text run at (0,80) width 347: "sem. Nam nonummy enim. Nullam bibendum lobortis"
        text run at (0,96) width 353: "neque. Vestibulum velit orci, tempus euismod, pretium"
        text run at (0,112) width 353: "quis, interdum vitae, nulla. Phasellus eget ante et tortor"
        text run at (0,128) width 351: "condimentum vestibulum. Suspendisse hendrerit quam"
        text run at (0,144) width 333: "nec felis. Sed varius turpis vitae pede. Lorem ipsum"
        text run at (0,160) width 275: "dolor sit amet, consectetuer adipiscing elit."
    RenderBlock {P} at (0,208) size 367x176
      RenderText {#text} at (0,0) size 367x176
        text run at (0,0) width 364: "Lorem ipsum dolor sit amet, consectetuer adipiscing elit."
        text run at (0,16) width 362: "Nulla varius enim ac mi. Curabitur sollicitudin felis quis"
        text run at (0,32) width 332: "lectus. Quisque adipiscing rhoncus sem. Proin nulla"
        text run at (0,48) width 367: "purus, vulputate vel, varius ut, euismod et, nisi. Sed vitae"
        text run at (0,64) width 354: "felis vel orci sagittis aliquam. Cras convallis adipiscing"
        text run at (0,80) width 347: "sem. Nam nonummy enim. Nullam bibendum lobortis"
        text run at (0,96) width 353: "neque. Vestibulum velit orci, tempus euismod, pretium"
        text run at (0,112) width 353: "quis, interdum vitae, nulla. Phasellus eget ante et tortor"
        text run at (0,128) width 351: "condimentum vestibulum. Suspendisse hendrerit quam"
        text run at (0,144) width 333: "nec felis. Sed varius turpis vitae pede. Lorem ipsum"
        text run at (0,160) width 275: "dolor sit amet, consectetuer adipiscing elit."
    RenderBlock {P} at (0,400) size 367x176
      RenderText {#text} at (0,0) size 367x176
        text run at (0,0) width 364: "Lorem ipsum dolor sit amet, consectetuer adipiscing elit."
        text run at (0,16) width 362: "Nulla varius enim ac mi. Curabitur sollicitudin felis quis"
        text run at (0,32) width 332: "lectus. Quisque adipiscing rhoncus sem. Proin nulla"
        text run at (0,48) width 367: "purus, vulputate vel, varius ut, euismod et, nisi. Sed vitae"
        text run at (0,64) width 354: "felis vel orci sagittis aliquam. Cras convallis adipiscing"
        text run at (0,80) width 347: "sem. Nam nonummy enim. Nullam bibendum lobortis"
        text run at (0,96) width 353: "neque. Vestibulum velit orci, tempus euismod, pretium"
        text run at (0,112) width 353: "quis, interdum vitae, nulla. Phasellus eget ante et tortor"
        text run at (0,128) width 351: "condimentum vestibulum. Suspendisse hendrerit quam"
        text run at (0,144) width 333: "nec felis. Sed varius turpis vitae pede. Lorem ipsum"
        text run at (0,160) width 275: "dolor sit amet, consectetuer adipiscing elit."
layer at (8,2689) size 760x410
  RenderBlock {DIV} at (0,2673.06) size 760x409.81 [border: (5px solid #800000)]
    RenderBlock (anonymous multi-column span) at (5,205) size 750x87.81
      RenderBlock {H2} at (0,19.91) size 750x48 [bgcolor=#EEEEEE]
        RenderText {#text} at (0,0) size 743x48
          text run at (0,0) width 743: "This is a spanning element in the middle of the columns block with block"
          text run at (0,24) width 84: "siblings."
layer at (13,2694) size 750x200
  RenderBlock (anonymous multi-column) at (5,5) size 750x200
    RenderBlock {P} at (0,16) size 367x176
      RenderText {#text} at (0,0) size 367x176
        text run at (0,0) width 364: "Lorem ipsum dolor sit amet, consectetuer adipiscing elit."
        text run at (0,16) width 362: "Nulla varius enim ac mi. Curabitur sollicitudin felis quis"
        text run at (0,32) width 332: "lectus. Quisque adipiscing rhoncus sem. Proin nulla"
        text run at (0,48) width 367: "purus, vulputate vel, varius ut, euismod et, nisi. Sed vitae"
        text run at (0,64) width 354: "felis vel orci sagittis aliquam. Cras convallis adipiscing"
        text run at (0,80) width 347: "sem. Nam nonummy enim. Nullam bibendum lobortis"
        text run at (0,96) width 353: "neque. Vestibulum velit orci, tempus euismod, pretium"
        text run at (0,112) width 353: "quis, interdum vitae, nulla. Phasellus eget ante et tortor"
        text run at (0,128) width 351: "condimentum vestibulum. Suspendisse hendrerit quam"
        text run at (0,144) width 333: "nec felis. Sed varius turpis vitae pede. Lorem ipsum"
        text run at (0,160) width 275: "dolor sit amet, consectetuer adipiscing elit."
    RenderBlock {P} at (0,200) size 367x176
      RenderText {#text} at (0,0) size 367x176
        text run at (0,0) width 364: "Lorem ipsum dolor sit amet, consectetuer adipiscing elit."
        text run at (0,16) width 362: "Nulla varius enim ac mi. Curabitur sollicitudin felis quis"
        text run at (0,32) width 332: "lectus. Quisque adipiscing rhoncus sem. Proin nulla"
        text run at (0,48) width 367: "purus, vulputate vel, varius ut, euismod et, nisi. Sed vitae"
        text run at (0,64) width 354: "felis vel orci sagittis aliquam. Cras convallis adipiscing"
        text run at (0,80) width 347: "sem. Nam nonummy enim. Nullam bibendum lobortis"
        text run at (0,96) width 353: "neque. Vestibulum velit orci, tempus euismod, pretium"
        text run at (0,112) width 353: "quis, interdum vitae, nulla. Phasellus eget ante et tortor"
        text run at (0,128) width 351: "condimentum vestibulum. Suspendisse hendrerit quam"
        text run at (0,144) width 333: "nec felis. Sed varius turpis vitae pede. Lorem ipsum"
        text run at (0,160) width 275: "dolor sit amet, consectetuer adipiscing elit."
layer at (13,2982) size 750x112
  RenderBlock (anonymous multi-column) at (5,292.81) size 750x112
    RenderBlock {P} at (0,16) size 367x176
      RenderText {#text} at (0,0) size 367x176
        text run at (0,0) width 364: "Lorem ipsum dolor sit amet, consectetuer adipiscing elit."
        text run at (0,16) width 362: "Nulla varius enim ac mi. Curabitur sollicitudin felis quis"
        text run at (0,32) width 332: "lectus. Quisque adipiscing rhoncus sem. Proin nulla"
        text run at (0,48) width 367: "purus, vulputate vel, varius ut, euismod et, nisi. Sed vitae"
        text run at (0,64) width 354: "felis vel orci sagittis aliquam. Cras convallis adipiscing"
        text run at (0,80) width 347: "sem. Nam nonummy enim. Nullam bibendum lobortis"
        text run at (0,96) width 353: "neque. Vestibulum velit orci, tempus euismod, pretium"
        text run at (0,112) width 353: "quis, interdum vitae, nulla. Phasellus eget ante et tortor"
        text run at (0,128) width 351: "condimentum vestibulum. Suspendisse hendrerit quam"
        text run at (0,144) width 333: "nec felis. Sed varius turpis vitae pede. Lorem ipsum"
        text run at (0,160) width 275: "dolor sit amet, consectetuer adipiscing elit."
