layer at (0,0) size 800x600
  RenderView at (0,0) size 800x600
layer at (0,0) size 800x112
  RenderBlock {HTML} at (0,0) size 800x112
    RenderBody {BODY} at (8,8) size 784x96
layer at (8,8) size 784x96
  RenderBlock {DIV} at (0,0) size 784x96
    RenderBlock {DIV} at (0,0) size 384x96
      RenderBlock {P} at (0,16) size 384x16
        RenderText {#text} at (0,0) size 338x16
          text run at (0,0) width 338: "This text should not be spanned across two columns."
      RenderBlock {P} at (0,48) size 384x32
        RenderText {#text} at (0,0) size 376x32
          text run at (0,0) width 376: "This text should be below the previous text, but still on the"
          text run at (0,16) width 26: "left."
    RenderText {#text} at (0,0) size 0x0
    RenderInline {SPAN} at (0,0) size 376x80
      RenderText {#text} at (0,96) size 376x80
        text run at (0,96) width 376: "The beginning of this text should start next to or below the"
        text run at (0,112) width 369: "previous text, and still in the left column. However, when"
        text run at (0,128) width 373: "made sufficiently longer than the previous block of text, it"
        text run at (0,144) width 373: "should spill into the right column instead of staying below"
        text run at (0,160) width 121: "the block before it."
    RenderText {#text} at (0,0) size 0x0
