layer at (0,0) size 800x600
  RenderView at (0,0) size 800x600
layer at (0,0) size 800x412
  RenderBlock {HTML} at (0,0) size 800x412
    RenderBody {BODY} at (8,16) size 784x380
      RenderBlock {P} at (0,0) size 784x36
        RenderText {#text} at (0,0) size 177x17
          text run at (0,0) width 177: "This is a regression test for "
        RenderInline {I} at (0,0) size 751x35
          RenderInline {A} at (0,0) size 355x17 [color=#0000EE]
            RenderText {#text} at (176,0) size 355x17
              text run at (176,0) width 355: "http://bugzilla.opendarwin.org/show_bug.cgi?id=9122"
          RenderText {#text} at (530,0) size 751x35
            text run at (530,0) width 5: " "
            text run at (534,0) width 217: "REGRESSION: Incorrect vertical"
            text run at (0,18) width 313: "position for text fields in a \"display: table\" block"
        RenderText {#text} at (312,18) size 5x17
          text run at (312,18) width 5: "."
      RenderBlock {P} at (0,52) size 784x36
        RenderText {#text} at (0,0) size 756x35
          text run at (0,0) width 756: "Type something in the text field. Resize the window. The text field should not jump down. Delete what you typed and"
          text run at (0,18) width 326: "resize the window. The text field should not move."
      RenderBlock {FORM} at (0,104) size 784x276
        RenderTable {DL} at (0,0) size 198x22
          RenderTableSection (anonymous) at (0,0) size 198x22
            RenderTableRow {DIV} at (0,0) size 198x22
              RenderTableCell {DT} at (0,2) size 25x18 [r=0 c=0 rs=1 cs=1]
                RenderText {#text} at (0,0) size 25x17
                  text run at (0,0) width 25: "Foo"
              RenderTableCell {DD} at (25,0) size 173x22 [r=0 c=1 rs=1 cs=1]
                RenderTextControl {INPUT} at (0,0) size 173x22 [bgcolor=#FFFFFF] [border: (2px inset #EEEEEE)]
        RenderBlock {HR} at (0,38) size 784x2 [border: (1px inset #EEEEEE)]
        RenderBlock {P} at (0,56) size 784x36
          RenderText {#text} at (0,0) size 772x35
            text run at (0,0) width 772: "And here's more. There should not be a difference in distance between the labels, nor any difference in distance between"
            text run at (0,18) width 92: "the text fields."
        RenderTable {DL} at (0,108) size 237x168
          RenderTableSection (anonymous) at (0,0) size 237x168
            RenderTableRow {DIV} at (0,0) size 237x22
              RenderTableCell {DT} at (0,2) size 25x18 [r=0 c=0 rs=1 cs=1]
                RenderText {#text} at (0,0) size 25x17
                  text run at (0,0) width 25: "Foo"
              RenderTableCell {DD} at (25,0) size 212x22 [r=0 c=1 rs=1 cs=1]
                RenderTextControl {INPUT} at (0,0) size 173x22 [bgcolor=#FFFFFF] [border: (2px inset #EEEEEE)]
            RenderTableRow {DIV} at (0,22) size 237x22
              RenderTableCell {DT} at (0,24) size 25x18 [r=1 c=0 rs=1 cs=1]
                RenderText {#text} at (0,0) size 25x17
                  text run at (0,0) width 25: "Foo"
              RenderTableCell {DD} at (25,22) size 212x22 [r=1 c=1 rs=1 cs=1]
                RenderTextControl {INPUT} at (0,0) size 173x22 [bgcolor=#FFFFFF] [border: (2px inset #EEEEEE)]
            RenderTableRow {DIV} at (0,44) size 237x22
              RenderTableCell {DT} at (0,46) size 25x18 [r=2 c=0 rs=1 cs=1]
                RenderText {#text} at (0,0) size 25x17
                  text run at (0,0) width 25: "Foo"
              RenderTableCell {DD} at (25,44) size 212x22 [r=2 c=1 rs=1 cs=1]
                RenderTextControl {INPUT} at (0,0) size 173x22 [bgcolor=#FFFFFF] [border: (2px inset #EEEEEE)]
            RenderTableRow {DIV} at (0,66) size 237x22
              RenderTableCell {DT} at (0,68) size 25x18 [r=3 c=0 rs=1 cs=1]
                RenderText {#text} at (0,0) size 25x17
                  text run at (0,0) width 25: "Foo"
              RenderTableCell {DD} at (25,66) size 212x22 [r=3 c=1 rs=1 cs=1]
                RenderTextControl {INPUT} at (0,0) size 173x22 [bgcolor=#FFFFFF] [border: (2px inset #EEEEEE)]
            RenderTableRow {DIV} at (0,88) size 237x22
              RenderTableCell {DT} at (0,90) size 25x18 [r=4 c=0 rs=1 cs=1]
                RenderText {#text} at (0,0) size 25x17
                  text run at (0,0) width 25: "Foo"
              RenderTableCell {DD} at (25,88) size 212x22 [r=4 c=1 rs=1 cs=1]
                RenderTextControl {INPUT} at (0,0) size 173x22 [bgcolor=#FFFFFF] [border: (2px inset #EEEEEE)]
            RenderTableRow {DIV} at (0,110) size 237x22
              RenderTableCell {DT} at (0,112) size 25x18 [r=5 c=0 rs=1 cs=1]
                RenderText {#text} at (0,0) size 25x17
                  text run at (0,0) width 25: "Foo"
              RenderTableCell {DD} at (25,110) size 212x22 [r=5 c=1 rs=1 cs=1]
                RenderTextControl {INPUT} at (0,0) size 173x22 [bgcolor=#FFFFFF] [border: (2px inset #EEEEEE)]
            RenderTableRow {DIV} at (0,132) size 237x36
              RenderTableCell {DT} at (0,150) size 25x18 [r=6 c=0 rs=1 cs=1]
                RenderText {#text} at (0,0) size 25x17
                  text run at (0,0) width 25: "Foo"
              RenderTableCell {DD} at (25,132) size 212x36 [r=6 c=1 rs=1 cs=1]
                RenderBlock {DIV} at (0,0) size 211.97x36
                  RenderBR {BR} at (0,0) size 0x17
                  RenderText {#text} at (0,18) size 212x17
                    text run at (0,18) width 212: "Bar (should be aligned with Foo)"
layer at (35,123) size 169x16
  RenderBlock {DIV} at (2,3) size 169x16
layer at (35,231) size 169x16
  RenderBlock {DIV} at (2,3) size 169x16
layer at (35,253) size 169x16
  RenderBlock {DIV} at (2,3) size 169x16
layer at (35,275) size 169x16
  RenderBlock {DIV} at (2,3) size 169x16
    RenderText {#text} at (0,0) size 20x16
      text run at (0,0) width 20: "Bar"
layer at (35,297) size 169x16
  RenderBlock {DIV} at (2,3) size 169x16
    RenderText {#text} at (0,0) size 20x16
      text run at (0,0) width 20: "Bar"
layer at (35,319) size 169x16
  RenderBlock {DIV} at (2,3) size 169x16
layer at (35,341) size 169x16
  RenderBlock {DIV} at (2,3) size 169x16
