layer at (0,0) size 800x600
  RenderView at (0,0) size 800x600
layer at (0,0) size 800x204
  RenderBlock {HTML} at (0,0) size 800x204
    RenderBody {BODY} at (8,8) size 784x183
      RenderBlock {DIV} at (0,0) size 784x18
        RenderText {#text} at (0,0) size 520x17
          text run at (0,0) width 520: "This tests proper handling of unicode-bidi: plaintext. You should not see any red."
      RenderBlock {DIV} at (0,18) size 784x72
        RenderText {#text} at (0,0) size 46x17
          text run at (0,0) width 46: "!hello. "
        RenderBR {BR} at (45,0) size 1x17
        RenderText {#text} at (741,18) size 43x17
          text run at (741,18) width 43 RTL: "!\x{5E9}\x{5DC}\x{5D5}\x{5DD}. "
        RenderBR {BR} at (741,18) size 1x17
        RenderText {#text} at (0,36) size 65x17
          text run at (0,36) width 40: "hello, "
          text run at (39,36) width 17 RTL: "\x{5DC}\x{5D5}\x{5D9}"
          text run at (55,36) width 10: "! "
        RenderBR {BR} at (64,36) size 1x17
        RenderText {#text} at (690,54) size 94x17
          text run at (690,54) width 7 RTL: "!"
          text run at (696,54) width 51: "WebKit"
          text run at (746,54) width 38 RTL: "\x{5E9}\x{5DC}\x{5D5}\x{5DD}, "
      RenderBlock {PRE} at (0,103) size 784x80
        RenderText {#text} at (0,0) size 784x80
          text run at (0,0) width 8: "a"
          text run at (8,0) width 0: " "
          text run at (0,16) width 8: "("
          text run at (8,16) width 0: " "
          text run at (680,32) width 0 RTL: " "
          text run at (680,32) width 8 RTL: "!"
          text run at (688,32) width 48: "WebKit"
          text run at (736,32) width 48 RTL: "\x{5E9}\x{5DC}\x{5D5}\x{5DD}, "
          text run at (0,48) width 56: "hello, "
          text run at (56,48) width 24 RTL: "\x{5DC}\x{5D5}\x{5D9}"
          text run at (80,48) width 8: "!"
          text run at (88,48) width 0: " "
          text run at (0,64) width 8: ")"
          text run at (8,64) width 0: " "
