layer at (0,0) size 800x600
  RenderView at (0,0) size 800x600
layer at (0,0) size 800x0
  RenderBlock {html} at (0,0) size 800x0
layer at (48,38) size 722x542 layerType: background only
layer at (49,39) size 720x540
  RenderSVGRoot {svg} at (49,39) size 720x540
    RenderSVGResourceLinearGradient {linearGradient} [id="gradient"] [gradientUnits=objectBoundingBox] [start=(0,0)] [end=(1,0)]
      RenderSVGGradientStop {stop} [offset=0.00] [color=#FFFF00]
      RenderSVGGradientStop {stop} [offset=1.00] [color=#008000]
    RenderSVGRect {rect} at (49,39) size 720x540 [fill={[type=LINEAR-GRADIENT] [id="gradient"]}] [x=0.00] [y=0.00] [width=100.00] [height=100.00]
    RenderSVGEllipse {circle} at (193,93) size 432x432 [fill={[type=LINEAR-GRADIENT] [id="gradient"]}] [cx=50.00] [cy=50.00] [r=30.00]
layer at (48,38) size 722x542 layerType: foreground only
  RenderBody {body} at (48,38) size 722x542 [border: (1px solid #000000)]
    RenderBlock {form} at (1,1) size 720x118.59
      RenderFieldSet {fieldset} at (2,0) size 716x118.59 [border: (2px groove #C0C0C0)]
        RenderBlock {legend} at (14,0) size 88x16
          RenderText {#text} at (2,0) size 84x16
            text run at (2,0) width 84: "HTML Form"
        RenderBlock {p} at (14,37.59) size 688x19
          RenderInline {label} at (0,0) size 110x16
            RenderText {#text} at (0,2) size 110x16
              text run at (0,2) width 110: "Enter something:"
          RenderText {#text} at (109,2) size 5x16
            text run at (109,2) width 5: " "
          RenderTextControl {input} at (113.75,0) size 123x19 [bgcolor=#FFFFFF] [border: (2px inset #EEEEEE)]
          RenderText {#text} at (0,0) size 0x0
        RenderBlock {p} at (14,72.59) size 688x18
          RenderButton {button} at (0,0) size 62.02x18 [bgcolor=#C0C0C0] [border: none (2px outset #C0C0C0) none (2px outset #C0C0C0)]
            RenderBlock (anonymous) at (8,2) size 46.02x13
              RenderText {#text} at (0,0) size 47x13
                text run at (0,0) width 47: "Activate!"
layer at (182,80) size 117x13
  RenderBlock {div} at (3,3) size 117x13
