layer at (0,0) size 800x600
  RenderView at (0,0) size 800x600
layer at (0,0) size 800x64
  RenderBlock {html} at (0,0) size 800x64
    RenderBody {body} at (8,16) size 784x32
      RenderBlock {p} at (0,0) size 784x32
        RenderText {#text} at (0,0) size 763x32
          text run at (0,0) width 763: "In the div below the text is distributed over the whole SVG area. But when you scroll around the invisible text does not"
          text run at (0,16) width 132: "appear (Bug 12163)."
layer at (10,64) size 502x502 clip at (11,65) size 485x485 scrollY 550.00 scrollWidth 5000 scrollHeight 5004
  RenderBlock (positioned) {div} at (10,64) size 502x502 [border: (1px solid #AAAAAA)]
    RenderSVGRoot {svg} at (11,64) size 501x502
      RenderSVGText {text} at (0,5) size 78x20 contains 1 chunk(s)
        RenderSVGInlineText {#text} at (0,0) size 78x20
          chunk 1 text run 1 at (0.00,20.00) startOffset 0 endOffset 11 width 77.76: "just a text"
      RenderSVGText {text} at (100,5) size 78x20 contains 1 chunk(s)
        RenderSVGInlineText {#text} at (0,0) size 78x20
          chunk 1 text run 1 at (100.00,20.00) startOffset 0 endOffset 11 width 77.76: "just a text"
      RenderSVGText {text} at (200,5) size 78x20 contains 1 chunk(s)
        RenderSVGInlineText {#text} at (0,0) size 78x20
          chunk 1 text run 1 at (200.00,20.00) startOffset 0 endOffset 11 width 77.76: "just a text"
      RenderSVGText {text} at (300,5) size 78x20 contains 1 chunk(s)
        RenderSVGInlineText {#text} at (0,0) size 78x20
          chunk 1 text run 1 at (300.00,20.00) startOffset 0 endOffset 11 width 77.76: "just a text"
      RenderSVGText {text} at (400,5) size 78x20 contains 1 chunk(s)
        RenderSVGInlineText {#text} at (0,0) size 78x20
          chunk 1 text run 1 at (400.00,20.00) startOffset 0 endOffset 11 width 77.76: "just a text"
      RenderSVGText {text} at (500,5) size 78x20 contains 1 chunk(s)
        RenderSVGInlineText {#text} at (0,0) size 78x20
          chunk 1 text run 1 at (500.00,20.00) startOffset 0 endOffset 11 width 77.76: "just a text"
      RenderSVGText {text} at (600,5) size 78x20 contains 1 chunk(s)
        RenderSVGInlineText {#text} at (0,0) size 78x20
          chunk 1 text run 1 at (600.00,20.00) startOffset 0 endOffset 11 width 77.76: "just a text"
      RenderSVGText {text} at (700,5) size 78x20 contains 1 chunk(s)
        RenderSVGInlineText {#text} at (0,0) size 78x20
          chunk 1 text run 1 at (700.00,20.00) startOffset 0 endOffset 11 width 77.76: "just a text"
      RenderSVGText {text} at (800,5) size 78x20 contains 1 chunk(s)
        RenderSVGInlineText {#text} at (0,0) size 78x20
          chunk 1 text run 1 at (800.00,20.00) startOffset 0 endOffset 11 width 77.76: "just a text"
      RenderSVGText {text} at (900,5) size 78x20 contains 1 chunk(s)
        RenderSVGInlineText {#text} at (0,0) size 78x20
          chunk 1 text run 1 at (900.00,20.00) startOffset 0 endOffset 11 width 77.76: "just a text"
      RenderSVGText {text} at (1000,5) size 78x20 contains 1 chunk(s)
        RenderSVGInlineText {#text} at (0,0) size 78x20
          chunk 1 text run 1 at (1000.00,20.00) startOffset 0 endOffset 11 width 77.76: "just a text"
      RenderSVGText {text} at (1100,5) size 78x20 contains 1 chunk(s)
        RenderSVGInlineText {#text} at (0,0) size 78x20
          chunk 1 text run 1 at (1100.00,20.00) startOffset 0 endOffset 11 width 77.76: "just a text"
      RenderSVGText {text} at (1200,5) size 78x20 contains 1 chunk(s)
        RenderSVGInlineText {#text} at (0,0) size 78x20
          chunk 1 text run 1 at (1200.00,20.00) startOffset 0 endOffset 11 width 77.76: "just a text"
      RenderSVGText {text} at (1300,5) size 78x20 contains 1 chunk(s)
        RenderSVGInlineText {#text} at (0,0) size 78x20
          chunk 1 text run 1 at (1300.00,20.00) startOffset 0 endOffset 11 width 77.76: "just a text"
      RenderSVGText {text} at (1400,5) size 78x20 contains 1 chunk(s)
        RenderSVGInlineText {#text} at (0,0) size 78x20
          chunk 1 text run 1 at (1400.00,20.00) startOffset 0 endOffset 11 width 77.76: "just a text"
      RenderSVGText {text} at (1500,5) size 78x20 contains 1 chunk(s)
        RenderSVGInlineText {#text} at (0,0) size 78x20
          chunk 1 text run 1 at (1500.00,20.00) startOffset 0 endOffset 11 width 77.76: "just a text"
      RenderSVGText {text} at (1600,5) size 78x20 contains 1 chunk(s)
        RenderSVGInlineText {#text} at (0,0) size 78x20
          chunk 1 text run 1 at (1600.00,20.00) startOffset 0 endOffset 11 width 77.76: "just a text"
      RenderSVGText {text} at (1700,5) size 78x20 contains 1 chunk(s)
        RenderSVGInlineText {#text} at (0,0) size 78x20
          chunk 1 text run 1 at (1700.00,20.00) startOffset 0 endOffset 11 width 77.76: "just a text"
      RenderSVGText {text} at (1800,5) size 78x20 contains 1 chunk(s)
        RenderSVGInlineText {#text} at (0,0) size 78x20
          chunk 1 text run 1 at (1800.00,20.00) startOffset 0 endOffset 11 width 77.76: "just a text"
      RenderSVGText {text} at (1900,5) size 78x20 contains 1 chunk(s)
        RenderSVGInlineText {#text} at (0,0) size 78x20
          chunk 1 text run 1 at (1900.00,20.00) startOffset 0 endOffset 11 width 77.76: "just a text"
      RenderSVGText {text} at (2000,5) size 78x20 contains 1 chunk(s)
        RenderSVGInlineText {#text} at (0,0) size 78x20
          chunk 1 text run 1 at (2000.00,20.00) startOffset 0 endOffset 11 width 77.76: "just a text"
      RenderSVGText {text} at (2100,5) size 78x20 contains 1 chunk(s)
        RenderSVGInlineText {#text} at (0,0) size 78x20
          chunk 1 text run 1 at (2100.00,20.00) startOffset 0 endOffset 11 width 77.76: "just a text"
      RenderSVGText {text} at (2200,5) size 78x20 contains 1 chunk(s)
        RenderSVGInlineText {#text} at (0,0) size 78x20
          chunk 1 text run 1 at (2200.00,20.00) startOffset 0 endOffset 11 width 77.76: "just a text"
      RenderSVGText {text} at (2300,5) size 78x20 contains 1 chunk(s)
        RenderSVGInlineText {#text} at (0,0) size 78x20
          chunk 1 text run 1 at (2300.00,20.00) startOffset 0 endOffset 11 width 77.76: "just a text"
      RenderSVGText {text} at (2400,5) size 78x20 contains 1 chunk(s)
        RenderSVGInlineText {#text} at (0,0) size 78x20
          chunk 1 text run 1 at (2400.00,20.00) startOffset 0 endOffset 11 width 77.76: "just a text"
      RenderSVGText {text} at (2500,5) size 78x20 contains 1 chunk(s)
        RenderSVGInlineText {#text} at (0,0) size 78x20
          chunk 1 text run 1 at (2500.00,20.00) startOffset 0 endOffset 11 width 77.76: "just a text"
      RenderSVGText {text} at (2600,5) size 78x20 contains 1 chunk(s)
        RenderSVGInlineText {#text} at (0,0) size 78x20
          chunk 1 text run 1 at (2600.00,20.00) startOffset 0 endOffset 11 width 77.76: "just a text"
      RenderSVGText {text} at (2700,5) size 78x20 contains 1 chunk(s)
        RenderSVGInlineText {#text} at (0,0) size 78x20
          chunk 1 text run 1 at (2700.00,20.00) startOffset 0 endOffset 11 width 77.76: "just a text"
      RenderSVGText {text} at (2800,5) size 78x20 contains 1 chunk(s)
        RenderSVGInlineText {#text} at (0,0) size 78x20
          chunk 1 text run 1 at (2800.00,20.00) startOffset 0 endOffset 11 width 77.76: "just a text"
      RenderSVGText {text} at (2900,5) size 78x20 contains 1 chunk(s)
        RenderSVGInlineText {#text} at (0,0) size 78x20
          chunk 1 text run 1 at (2900.00,20.00) startOffset 0 endOffset 11 width 77.76: "just a text"
      RenderSVGText {text} at (3000,5) size 78x20 contains 1 chunk(s)
        RenderSVGInlineText {#text} at (0,0) size 78x20
          chunk 1 text run 1 at (3000.00,20.00) startOffset 0 endOffset 11 width 77.76: "just a text"
      RenderSVGText {text} at (3100,5) size 78x20 contains 1 chunk(s)
        RenderSVGInlineText {#text} at (0,0) size 78x20
          chunk 1 text run 1 at (3100.00,20.00) startOffset 0 endOffset 11 width 77.76: "just a text"
      RenderSVGText {text} at (3200,5) size 78x20 contains 1 chunk(s)
        RenderSVGInlineText {#text} at (0,0) size 78x20
          chunk 1 text run 1 at (3200.00,20.00) startOffset 0 endOffset 11 width 77.76: "just a text"
      RenderSVGText {text} at (3300,5) size 78x20 contains 1 chunk(s)
        RenderSVGInlineText {#text} at (0,0) size 78x20
          chunk 1 text run 1 at (3300.00,20.00) startOffset 0 endOffset 11 width 77.76: "just a text"
      RenderSVGText {text} at (3400,5) size 78x20 contains 1 chunk(s)
        RenderSVGInlineText {#text} at (0,0) size 78x20
          chunk 1 text run 1 at (3400.00,20.00) startOffset 0 endOffset 11 width 77.76: "just a text"
      RenderSVGText {text} at (3500,5) size 78x20 contains 1 chunk(s)
        RenderSVGInlineText {#text} at (0,0) size 78x20
          chunk 1 text run 1 at (3500.00,20.00) startOffset 0 endOffset 11 width 77.76: "just a text"
      RenderSVGText {text} at (3600,5) size 78x20 contains 1 chunk(s)
        RenderSVGInlineText {#text} at (0,0) size 78x20
          chunk 1 text run 1 at (3600.00,20.00) startOffset 0 endOffset 11 width 77.76: "just a text"
      RenderSVGText {text} at (3700,5) size 78x20 contains 1 chunk(s)
        RenderSVGInlineText {#text} at (0,0) size 78x20
          chunk 1 text run 1 at (3700.00,20.00) startOffset 0 endOffset 11 width 77.76: "just a text"
      RenderSVGText {text} at (3800,5) size 78x20 contains 1 chunk(s)
        RenderSVGInlineText {#text} at (0,0) size 78x20
          chunk 1 text run 1 at (3800.00,20.00) startOffset 0 endOffset 11 width 77.76: "just a text"
      RenderSVGText {text} at (3900,5) size 78x20 contains 1 chunk(s)
        RenderSVGInlineText {#text} at (0,0) size 78x20
          chunk 1 text run 1 at (3900.00,20.00) startOffset 0 endOffset 11 width 77.76: "just a text"
      RenderSVGText {text} at (4000,5) size 78x20 contains 1 chunk(s)
        RenderSVGInlineText {#text} at (0,0) size 78x20
          chunk 1 text run 1 at (4000.00,20.00) startOffset 0 endOffset 11 width 77.76: "just a text"
      RenderSVGText {text} at (4100,5) size 78x20 contains 1 chunk(s)
        RenderSVGInlineText {#text} at (0,0) size 78x20
          chunk 1 text run 1 at (4100.00,20.00) startOffset 0 endOffset 11 width 77.76: "just a text"
      RenderSVGText {text} at (4200,5) size 78x20 contains 1 chunk(s)
        RenderSVGInlineText {#text} at (0,0) size 78x20
          chunk 1 text run 1 at (4200.00,20.00) startOffset 0 endOffset 11 width 77.76: "just a text"
      RenderSVGText {text} at (4300,5) size 78x20 contains 1 chunk(s)
        RenderSVGInlineText {#text} at (0,0) size 78x20
          chunk 1 text run 1 at (4300.00,20.00) startOffset 0 endOffset 11 width 77.76: "just a text"
      RenderSVGText {text} at (4400,5) size 78x20 contains 1 chunk(s)
        RenderSVGInlineText {#text} at (0,0) size 78x20
          chunk 1 text run 1 at (4400.00,20.00) startOffset 0 endOffset 11 width 77.76: "just a text"
      RenderSVGText {text} at (4500,5) size 78x20 contains 1 chunk(s)
        RenderSVGInlineText {#text} at (0,0) size 78x20
          chunk 1 text run 1 at (4500.00,20.00) startOffset 0 endOffset 11 width 77.76: "just a text"
      RenderSVGText {text} at (4600,5) size 78x20 contains 1 chunk(s)
        RenderSVGInlineText {#text} at (0,0) size 78x20
          chunk 1 text run 1 at (4600.00,20.00) startOffset 0 endOffset 11 width 77.76: "just a text"
      RenderSVGText {text} at (4700,5) size 78x20 contains 1 chunk(s)
        RenderSVGInlineText {#text} at (0,0) size 78x20
          chunk 1 text run 1 at (4700.00,20.00) startOffset 0 endOffset 11 width 77.76: "just a text"
      RenderSVGText {text} at (4800,5) size 78x20 contains 1 chunk(s)
        RenderSVGInlineText {#text} at (0,0) size 78x20
          chunk 1 text run 1 at (4800.00,20.00) startOffset 0 endOffset 11 width 77.76: "just a text"
      RenderSVGText {text} at (4900,5) size 78x20 contains 1 chunk(s)
        RenderSVGInlineText {#text} at (0,0) size 78x20
          chunk 1 text run 1 at (4900.00,20.00) startOffset 0 endOffset 11 width 77.76: "just a text"
      RenderSVGText {text} at (0,105) size 78x20 contains 1 chunk(s)
        RenderSVGInlineText {#text} at (0,0) size 78x20
          chunk 1 text run 1 at (0.00,120.00) startOffset 0 endOffset 11 width 77.76: "just a text"
      RenderSVGText {text} at (100,105) size 78x20 contains 1 chunk(s)
        RenderSVGInlineText {#text} at (0,0) size 78x20
          chunk 1 text run 1 at (100.00,120.00) startOffset 0 endOffset 11 width 77.76: "just a text"
      RenderSVGText {text} at (200,105) size 78x20 contains 1 chunk(s)
        RenderSVGInlineText {#text} at (0,0) size 78x20
          chunk 1 text run 1 at (200.00,120.00) startOffset 0 endOffset 11 width 77.76: "just a text"
      RenderSVGText {text} at (300,105) size 78x20 contains 1 chunk(s)
        RenderSVGInlineText {#text} at (0,0) size 78x20
          chunk 1 text run 1 at (300.00,120.00) startOffset 0 endOffset 11 width 77.76: "just a text"
      RenderSVGText {text} at (400,105) size 78x20 contains 1 chunk(s)
        RenderSVGInlineText {#text} at (0,0) size 78x20
          chunk 1 text run 1 at (400.00,120.00) startOffset 0 endOffset 11 width 77.76: "just a text"
      RenderSVGText {text} at (500,105) size 78x20 contains 1 chunk(s)
        RenderSVGInlineText {#text} at (0,0) size 78x20
          chunk 1 text run 1 at (500.00,120.00) startOffset 0 endOffset 11 width 77.76: "just a text"
      RenderSVGText {text} at (600,105) size 78x20 contains 1 chunk(s)
        RenderSVGInlineText {#text} at (0,0) size 78x20
          chunk 1 text run 1 at (600.00,120.00) startOffset 0 endOffset 11 width 77.76: "just a text"
      RenderSVGText {text} at (700,105) size 78x20 contains 1 chunk(s)
        RenderSVGInlineText {#text} at (0,0) size 78x20
          chunk 1 text run 1 at (700.00,120.00) startOffset 0 endOffset 11 width 77.76: "just a text"
      RenderSVGText {text} at (800,105) size 78x20 contains 1 chunk(s)
        RenderSVGInlineText {#text} at (0,0) size 78x20
          chunk 1 text run 1 at (800.00,120.00) startOffset 0 endOffset 11 width 77.76: "just a text"
      RenderSVGText {text} at (900,105) size 78x20 contains 1 chunk(s)
        RenderSVGInlineText {#text} at (0,0) size 78x20
          chunk 1 text run 1 at (900.00,120.00) startOffset 0 endOffset 11 width 77.76: "just a text"
      RenderSVGText {text} at (1000,105) size 78x20 contains 1 chunk(s)
        RenderSVGInlineText {#text} at (0,0) size 78x20
          chunk 1 text run 1 at (1000.00,120.00) startOffset 0 endOffset 11 width 77.76: "just a text"
      RenderSVGText {text} at (1100,105) size 78x20 contains 1 chunk(s)
        RenderSVGInlineText {#text} at (0,0) size 78x20
          chunk 1 text run 1 at (1100.00,120.00) startOffset 0 endOffset 11 width 77.76: "just a text"
      RenderSVGText {text} at (1200,105) size 78x20 contains 1 chunk(s)
        RenderSVGInlineText {#text} at (0,0) size 78x20
          chunk 1 text run 1 at (1200.00,120.00) startOffset 0 endOffset 11 width 77.76: "just a text"
      RenderSVGText {text} at (1300,105) size 78x20 contains 1 chunk(s)
        RenderSVGInlineText {#text} at (0,0) size 78x20
          chunk 1 text run 1 at (1300.00,120.00) startOffset 0 endOffset 11 width 77.76: "just a text"
      RenderSVGText {text} at (1400,105) size 78x20 contains 1 chunk(s)
        RenderSVGInlineText {#text} at (0,0) size 78x20
          chunk 1 text run 1 at (1400.00,120.00) startOffset 0 endOffset 11 width 77.76: "just a text"
      RenderSVGText {text} at (1500,105) size 78x20 contains 1 chunk(s)
        RenderSVGInlineText {#text} at (0,0) size 78x20
          chunk 1 text run 1 at (1500.00,120.00) startOffset 0 endOffset 11 width 77.76: "just a text"
      RenderSVGText {text} at (1600,105) size 78x20 contains 1 chunk(s)
        RenderSVGInlineText {#text} at (0,0) size 78x20
          chunk 1 text run 1 at (1600.00,120.00) startOffset 0 endOffset 11 width 77.76: "just a text"
      RenderSVGText {text} at (1700,105) size 78x20 contains 1 chunk(s)
        RenderSVGInlineText {#text} at (0,0) size 78x20
          chunk 1 text run 1 at (1700.00,120.00) startOffset 0 endOffset 11 width 77.76: "just a text"
      RenderSVGText {text} at (1800,105) size 78x20 contains 1 chunk(s)
        RenderSVGInlineText {#text} at (0,0) size 78x20
          chunk 1 text run 1 at (1800.00,120.00) startOffset 0 endOffset 11 width 77.76: "just a text"
      RenderSVGText {text} at (1900,105) size 78x20 contains 1 chunk(s)
        RenderSVGInlineText {#text} at (0,0) size 78x20
          chunk 1 text run 1 at (1900.00,120.00) startOffset 0 endOffset 11 width 77.76: "just a text"
      RenderSVGText {text} at (2000,105) size 78x20 contains 1 chunk(s)
        RenderSVGInlineText {#text} at (0,0) size 78x20
          chunk 1 text run 1 at (2000.00,120.00) startOffset 0 endOffset 11 width 77.76: "just a text"
      RenderSVGText {text} at (2100,105) size 78x20 contains 1 chunk(s)
        RenderSVGInlineText {#text} at (0,0) size 78x20
          chunk 1 text run 1 at (2100.00,120.00) startOffset 0 endOffset 11 width 77.76: "just a text"
      RenderSVGText {text} at (2200,105) size 78x20 contains 1 chunk(s)
        RenderSVGInlineText {#text} at (0,0) size 78x20
          chunk 1 text run 1 at (2200.00,120.00) startOffset 0 endOffset 11 width 77.76: "just a text"
      RenderSVGText {text} at (2300,105) size 78x20 contains 1 chunk(s)
        RenderSVGInlineText {#text} at (0,0) size 78x20
          chunk 1 text run 1 at (2300.00,120.00) startOffset 0 endOffset 11 width 77.76: "just a text"
      RenderSVGText {text} at (2400,105) size 78x20 contains 1 chunk(s)
        RenderSVGInlineText {#text} at (0,0) size 78x20
          chunk 1 text run 1 at (2400.00,120.00) startOffset 0 endOffset 11 width 77.76: "just a text"
      RenderSVGText {text} at (2500,105) size 78x20 contains 1 chunk(s)
        RenderSVGInlineText {#text} at (0,0) size 78x20
          chunk 1 text run 1 at (2500.00,120.00) startOffset 0 endOffset 11 width 77.76: "just a text"
      RenderSVGText {text} at (2600,105) size 78x20 contains 1 chunk(s)
        RenderSVGInlineText {#text} at (0,0) size 78x20
          chunk 1 text run 1 at (2600.00,120.00) startOffset 0 endOffset 11 width 77.76: "just a text"
      RenderSVGText {text} at (2700,105) size 78x20 contains 1 chunk(s)
        RenderSVGInlineText {#text} at (0,0) size 78x20
          chunk 1 text run 1 at (2700.00,120.00) startOffset 0 endOffset 11 width 77.76: "just a text"
      RenderSVGText {text} at (2800,105) size 78x20 contains 1 chunk(s)
        RenderSVGInlineText {#text} at (0,0) size 78x20
          chunk 1 text run 1 at (2800.00,120.00) startOffset 0 endOffset 11 width 77.76: "just a text"
      RenderSVGText {text} at (2900,105) size 78x20 contains 1 chunk(s)
        RenderSVGInlineText {#text} at (0,0) size 78x20
          chunk 1 text run 1 at (2900.00,120.00) startOffset 0 endOffset 11 width 77.76: "just a text"
      RenderSVGText {text} at (3000,105) size 78x20 contains 1 chunk(s)
        RenderSVGInlineText {#text} at (0,0) size 78x20
          chunk 1 text run 1 at (3000.00,120.00) startOffset 0 endOffset 11 width 77.76: "just a text"
      RenderSVGText {text} at (3100,105) size 78x20 contains 1 chunk(s)
        RenderSVGInlineText {#text} at (0,0) size 78x20
          chunk 1 text run 1 at (3100.00,120.00) startOffset 0 endOffset 11 width 77.76: "just a text"
      RenderSVGText {text} at (3200,105) size 78x20 contains 1 chunk(s)
        RenderSVGInlineText {#text} at (0,0) size 78x20
          chunk 1 text run 1 at (3200.00,120.00) startOffset 0 endOffset 11 width 77.76: "just a text"
      RenderSVGText {text} at (3300,105) size 78x20 contains 1 chunk(s)
        RenderSVGInlineText {#text} at (0,0) size 78x20
          chunk 1 text run 1 at (3300.00,120.00) startOffset 0 endOffset 11 width 77.76: "just a text"
      RenderSVGText {text} at (3400,105) size 78x20 contains 1 chunk(s)
        RenderSVGInlineText {#text} at (0,0) size 78x20
          chunk 1 text run 1 at (3400.00,120.00) startOffset 0 endOffset 11 width 77.76: "just a text"
      RenderSVGText {text} at (3500,105) size 78x20 contains 1 chunk(s)
        RenderSVGInlineText {#text} at (0,0) size 78x20
          chunk 1 text run 1 at (3500.00,120.00) startOffset 0 endOffset 11 width 77.76: "just a text"
      RenderSVGText {text} at (3600,105) size 78x20 contains 1 chunk(s)
        RenderSVGInlineText {#text} at (0,0) size 78x20
          chunk 1 text run 1 at (3600.00,120.00) startOffset 0 endOffset 11 width 77.76: "just a text"
      RenderSVGText {text} at (3700,105) size 78x20 contains 1 chunk(s)
        RenderSVGInlineText {#text} at (0,0) size 78x20
          chunk 1 text run 1 at (3700.00,120.00) startOffset 0 endOffset 11 width 77.76: "just a text"
      RenderSVGText {text} at (3800,105) size 78x20 contains 1 chunk(s)
        RenderSVGInlineText {#text} at (0,0) size 78x20
          chunk 1 text run 1 at (3800.00,120.00) startOffset 0 endOffset 11 width 77.76: "just a text"
      RenderSVGText {text} at (3900,105) size 78x20 contains 1 chunk(s)
        RenderSVGInlineText {#text} at (0,0) size 78x20
          chunk 1 text run 1 at (3900.00,120.00) startOffset 0 endOffset 11 width 77.76: "just a text"
      RenderSVGText {text} at (4000,105) size 78x20 contains 1 chunk(s)
        RenderSVGInlineText {#text} at (0,0) size 78x20
          chunk 1 text run 1 at (4000.00,120.00) startOffset 0 endOffset 11 width 77.76: "just a text"
      RenderSVGText {text} at (4100,105) size 78x20 contains 1 chunk(s)
        RenderSVGInlineText {#text} at (0,0) size 78x20
          chunk 1 text run 1 at (4100.00,120.00) startOffset 0 endOffset 11 width 77.76: "just a text"
      RenderSVGText {text} at (4200,105) size 78x20 contains 1 chunk(s)
        RenderSVGInlineText {#text} at (0,0) size 78x20
          chunk 1 text run 1 at (4200.00,120.00) startOffset 0 endOffset 11 width 77.76: "just a text"
      RenderSVGText {text} at (4300,105) size 78x20 contains 1 chunk(s)
        RenderSVGInlineText {#text} at (0,0) size 78x20
          chunk 1 text run 1 at (4300.00,120.00) startOffset 0 endOffset 11 width 77.76: "just a text"
      RenderSVGText {text} at (4400,105) size 78x20 contains 1 chunk(s)
        RenderSVGInlineText {#text} at (0,0) size 78x20
          chunk 1 text run 1 at (4400.00,120.00) startOffset 0 endOffset 11 width 77.76: "just a text"
      RenderSVGText {text} at (4500,105) size 78x20 contains 1 chunk(s)
        RenderSVGInlineText {#text} at (0,0) size 78x20
          chunk 1 text run 1 at (4500.00,120.00) startOffset 0 endOffset 11 width 77.76: "just a text"
      RenderSVGText {text} at (4600,105) size 78x20 contains 1 chunk(s)
        RenderSVGInlineText {#text} at (0,0) size 78x20
          chunk 1 text run 1 at (4600.00,120.00) startOffset 0 endOffset 11 width 77.76: "just a text"
      RenderSVGText {text} at (4700,105) size 78x20 contains 1 chunk(s)
        RenderSVGInlineText {#text} at (0,0) size 78x20
          chunk 1 text run 1 at (4700.00,120.00) startOffset 0 endOffset 11 width 77.76: "just a text"
      RenderSVGText {text} at (4800,105) size 78x20 contains 1 chunk(s)
        RenderSVGInlineText {#text} at (0,0) size 78x20
          chunk 1 text run 1 at (4800.00,120.00) startOffset 0 endOffset 11 width 77.76: "just a text"
      RenderSVGText {text} at (4900,105) size 78x20 contains 1 chunk(s)
        RenderSVGInlineText {#text} at (0,0) size 78x20
          chunk 1 text run 1 at (4900.00,120.00) startOffset 0 endOffset 11 width 77.76: "just a text"
      RenderSVGText {text} at (0,205) size 78x20 contains 1 chunk(s)
        RenderSVGInlineText {#text} at (0,0) size 78x20
          chunk 1 text run 1 at (0.00,220.00) startOffset 0 endOffset 11 width 77.76: "just a text"
      RenderSVGText {text} at (100,205) size 78x20 contains 1 chunk(s)
        RenderSVGInlineText {#text} at (0,0) size 78x20
          chunk 1 text run 1 at (100.00,220.00) startOffset 0 endOffset 11 width 77.76: "just a text"
      RenderSVGText {text} at (200,205) size 78x20 contains 1 chunk(s)
        RenderSVGInlineText {#text} at (0,0) size 78x20
          chunk 1 text run 1 at (200.00,220.00) startOffset 0 endOffset 11 width 77.76: "just a text"
      RenderSVGText {text} at (300,205) size 78x20 contains 1 chunk(s)
        RenderSVGInlineText {#text} at (0,0) size 78x20
          chunk 1 text run 1 at (300.00,220.00) startOffset 0 endOffset 11 width 77.76: "just a text"
      RenderSVGText {text} at (400,205) size 78x20 contains 1 chunk(s)
        RenderSVGInlineText {#text} at (0,0) size 78x20
          chunk 1 text run 1 at (400.00,220.00) startOffset 0 endOffset 11 width 77.76: "just a text"
      RenderSVGText {text} at (500,205) size 78x20 contains 1 chunk(s)
        RenderSVGInlineText {#text} at (0,0) size 78x20
          chunk 1 text run 1 at (500.00,220.00) startOffset 0 endOffset 11 width 77.76: "just a text"
      RenderSVGText {text} at (600,205) size 78x20 contains 1 chunk(s)
        RenderSVGInlineText {#text} at (0,0) size 78x20
          chunk 1 text run 1 at (600.00,220.00) startOffset 0 endOffset 11 width 77.76: "just a text"
      RenderSVGText {text} at (700,205) size 78x20 contains 1 chunk(s)
        RenderSVGInlineText {#text} at (0,0) size 78x20
          chunk 1 text run 1 at (700.00,220.00) startOffset 0 endOffset 11 width 77.76: "just a text"
      RenderSVGText {text} at (800,205) size 78x20 contains 1 chunk(s)
        RenderSVGInlineText {#text} at (0,0) size 78x20
          chunk 1 text run 1 at (800.00,220.00) startOffset 0 endOffset 11 width 77.76: "just a text"
      RenderSVGText {text} at (900,205) size 78x20 contains 1 chunk(s)
        RenderSVGInlineText {#text} at (0,0) size 78x20
          chunk 1 text run 1 at (900.00,220.00) startOffset 0 endOffset 11 width 77.76: "just a text"
      RenderSVGText {text} at (1000,205) size 78x20 contains 1 chunk(s)
        RenderSVGInlineText {#text} at (0,0) size 78x20
          chunk 1 text run 1 at (1000.00,220.00) startOffset 0 endOffset 11 width 77.76: "just a text"
      RenderSVGText {text} at (1100,205) size 78x20 contains 1 chunk(s)
        RenderSVGInlineText {#text} at (0,0) size 78x20
          chunk 1 text run 1 at (1100.00,220.00) startOffset 0 endOffset 11 width 77.76: "just a text"
      RenderSVGText {text} at (1200,205) size 78x20 contains 1 chunk(s)
        RenderSVGInlineText {#text} at (0,0) size 78x20
          chunk 1 text run 1 at (1200.00,220.00) startOffset 0 endOffset 11 width 77.76: "just a text"
      RenderSVGText {text} at (1300,205) size 78x20 contains 1 chunk(s)
        RenderSVGInlineText {#text} at (0,0) size 78x20
          chunk 1 text run 1 at (1300.00,220.00) startOffset 0 endOffset 11 width 77.76: "just a text"
      RenderSVGText {text} at (1400,205) size 78x20 contains 1 chunk(s)
        RenderSVGInlineText {#text} at (0,0) size 78x20
          chunk 1 text run 1 at (1400.00,220.00) startOffset 0 endOffset 11 width 77.76: "just a text"
      RenderSVGText {text} at (1500,205) size 78x20 contains 1 chunk(s)
        RenderSVGInlineText {#text} at (0,0) size 78x20
          chunk 1 text run 1 at (1500.00,220.00) startOffset 0 endOffset 11 width 77.76: "just a text"
      RenderSVGText {text} at (1600,205) size 78x20 contains 1 chunk(s)
        RenderSVGInlineText {#text} at (0,0) size 78x20
          chunk 1 text run 1 at (1600.00,220.00) startOffset 0 endOffset 11 width 77.76: "just a text"
      RenderSVGText {text} at (1700,205) size 78x20 contains 1 chunk(s)
        RenderSVGInlineText {#text} at (0,0) size 78x20
          chunk 1 text run 1 at (1700.00,220.00) startOffset 0 endOffset 11 width 77.76: "just a text"
      RenderSVGText {text} at (1800,205) size 78x20 contains 1 chunk(s)
        RenderSVGInlineText {#text} at (0,0) size 78x20
          chunk 1 text run 1 at (1800.00,220.00) startOffset 0 endOffset 11 width 77.76: "just a text"
      RenderSVGText {text} at (1900,205) size 78x20 contains 1 chunk(s)
        RenderSVGInlineText {#text} at (0,0) size 78x20
          chunk 1 text run 1 at (1900.00,220.00) startOffset 0 endOffset 11 width 77.76: "just a text"
      RenderSVGText {text} at (2000,205) size 78x20 contains 1 chunk(s)
        RenderSVGInlineText {#text} at (0,0) size 78x20
          chunk 1 text run 1 at (2000.00,220.00) startOffset 0 endOffset 11 width 77.76: "just a text"
      RenderSVGText {text} at (2100,205) size 78x20 contains 1 chunk(s)
        RenderSVGInlineText {#text} at (0,0) size 78x20
          chunk 1 text run 1 at (2100.00,220.00) startOffset 0 endOffset 11 width 77.76: "just a text"
      RenderSVGText {text} at (2200,205) size 78x20 contains 1 chunk(s)
        RenderSVGInlineText {#text} at (0,0) size 78x20
          chunk 1 text run 1 at (2200.00,220.00) startOffset 0 endOffset 11 width 77.76: "just a text"
      RenderSVGText {text} at (2300,205) size 78x20 contains 1 chunk(s)
        RenderSVGInlineText {#text} at (0,0) size 78x20
          chunk 1 text run 1 at (2300.00,220.00) startOffset 0 endOffset 11 width 77.76: "just a text"
      RenderSVGText {text} at (2400,205) size 78x20 contains 1 chunk(s)
        RenderSVGInlineText {#text} at (0,0) size 78x20
          chunk 1 text run 1 at (2400.00,220.00) startOffset 0 endOffset 11 width 77.76: "just a text"
      RenderSVGText {text} at (2500,205) size 78x20 contains 1 chunk(s)
        RenderSVGInlineText {#text} at (0,0) size 78x20
          chunk 1 text run 1 at (2500.00,220.00) startOffset 0 endOffset 11 width 77.76: "just a text"
      RenderSVGText {text} at (2600,205) size 78x20 contains 1 chunk(s)
        RenderSVGInlineText {#text} at (0,0) size 78x20
          chunk 1 text run 1 at (2600.00,220.00) startOffset 0 endOffset 11 width 77.76: "just a text"
      RenderSVGText {text} at (2700,205) size 78x20 contains 1 chunk(s)
        RenderSVGInlineText {#text} at (0,0) size 78x20
          chunk 1 text run 1 at (2700.00,220.00) startOffset 0 endOffset 11 width 77.76: "just a text"
      RenderSVGText {text} at (2800,205) size 78x20 contains 1 chunk(s)
        RenderSVGInlineText {#text} at (0,0) size 78x20
          chunk 1 text run 1 at (2800.00,220.00) startOffset 0 endOffset 11 width 77.76: "just a text"
      RenderSVGText {text} at (2900,205) size 78x20 contains 1 chunk(s)
        RenderSVGInlineText {#text} at (0,0) size 78x20
          chunk 1 text run 1 at (2900.00,220.00) startOffset 0 endOffset 11 width 77.76: "just a text"
      RenderSVGText {text} at (3000,205) size 78x20 contains 1 chunk(s)
        RenderSVGInlineText {#text} at (0,0) size 78x20
          chunk 1 text run 1 at (3000.00,220.00) startOffset 0 endOffset 11 width 77.76: "just a text"
      RenderSVGText {text} at (3100,205) size 78x20 contains 1 chunk(s)
        RenderSVGInlineText {#text} at (0,0) size 78x20
          chunk 1 text run 1 at (3100.00,220.00) startOffset 0 endOffset 11 width 77.76: "just a text"
      RenderSVGText {text} at (3200,205) size 78x20 contains 1 chunk(s)
        RenderSVGInlineText {#text} at (0,0) size 78x20
          chunk 1 text run 1 at (3200.00,220.00) startOffset 0 endOffset 11 width 77.76: "just a text"
      RenderSVGText {text} at (3300,205) size 78x20 contains 1 chunk(s)
        RenderSVGInlineText {#text} at (0,0) size 78x20
          chunk 1 text run 1 at (3300.00,220.00) startOffset 0 endOffset 11 width 77.76: "just a text"
      RenderSVGText {text} at (3400,205) size 78x20 contains 1 chunk(s)
        RenderSVGInlineText {#text} at (0,0) size 78x20
          chunk 1 text run 1 at (3400.00,220.00) startOffset 0 endOffset 11 width 77.76: "just a text"
      RenderSVGText {text} at (3500,205) size 78x20 contains 1 chunk(s)
        RenderSVGInlineText {#text} at (0,0) size 78x20
          chunk 1 text run 1 at (3500.00,220.00) startOffset 0 endOffset 11 width 77.76: "just a text"
      RenderSVGText {text} at (3600,205) size 78x20 contains 1 chunk(s)
        RenderSVGInlineText {#text} at (0,0) size 78x20
          chunk 1 text run 1 at (3600.00,220.00) startOffset 0 endOffset 11 width 77.76: "just a text"
      RenderSVGText {text} at (3700,205) size 78x20 contains 1 chunk(s)
        RenderSVGInlineText {#text} at (0,0) size 78x20
          chunk 1 text run 1 at (3700.00,220.00) startOffset 0 endOffset 11 width 77.76: "just a text"
      RenderSVGText {text} at (3800,205) size 78x20 contains 1 chunk(s)
        RenderSVGInlineText {#text} at (0,0) size 78x20
          chunk 1 text run 1 at (3800.00,220.00) startOffset 0 endOffset 11 width 77.76: "just a text"
      RenderSVGText {text} at (3900,205) size 78x20 contains 1 chunk(s)
        RenderSVGInlineText {#text} at (0,0) size 78x20
          chunk 1 text run 1 at (3900.00,220.00) startOffset 0 endOffset 11 width 77.76: "just a text"
      RenderSVGText {text} at (4000,205) size 78x20 contains 1 chunk(s)
        RenderSVGInlineText {#text} at (0,0) size 78x20
          chunk 1 text run 1 at (4000.00,220.00) startOffset 0 endOffset 11 width 77.76: "just a text"
      RenderSVGText {text} at (4100,205) size 78x20 contains 1 chunk(s)
        RenderSVGInlineText {#text} at (0,0) size 78x20
          chunk 1 text run 1 at (4100.00,220.00) startOffset 0 endOffset 11 width 77.76: "just a text"
      RenderSVGText {text} at (4200,205) size 78x20 contains 1 chunk(s)
        RenderSVGInlineText {#text} at (0,0) size 78x20
          chunk 1 text run 1 at (4200.00,220.00) startOffset 0 endOffset 11 width 77.76: "just a text"
      RenderSVGText {text} at (4300,205) size 78x20 contains 1 chunk(s)
        RenderSVGInlineText {#text} at (0,0) size 78x20
          chunk 1 text run 1 at (4300.00,220.00) startOffset 0 endOffset 11 width 77.76: "just a text"
      RenderSVGText {text} at (4400,205) size 78x20 contains 1 chunk(s)
        RenderSVGInlineText {#text} at (0,0) size 78x20
          chunk 1 text run 1 at (4400.00,220.00) startOffset 0 endOffset 11 width 77.76: "just a text"
      RenderSVGText {text} at (4500,205) size 78x20 contains 1 chunk(s)
        RenderSVGInlineText {#text} at (0,0) size 78x20
          chunk 1 text run 1 at (4500.00,220.00) startOffset 0 endOffset 11 width 77.76: "just a text"
      RenderSVGText {text} at (4600,205) size 78x20 contains 1 chunk(s)
        RenderSVGInlineText {#text} at (0,0) size 78x20
          chunk 1 text run 1 at (4600.00,220.00) startOffset 0 endOffset 11 width 77.76: "just a text"
      RenderSVGText {text} at (4700,205) size 78x20 contains 1 chunk(s)
        RenderSVGInlineText {#text} at (0,0) size 78x20
          chunk 1 text run 1 at (4700.00,220.00) startOffset 0 endOffset 11 width 77.76: "just a text"
      RenderSVGText {text} at (4800,205) size 78x20 contains 1 chunk(s)
        RenderSVGInlineText {#text} at (0,0) size 78x20
          chunk 1 text run 1 at (4800.00,220.00) startOffset 0 endOffset 11 width 77.76: "just a text"
      RenderSVGText {text} at (4900,205) size 78x20 contains 1 chunk(s)
        RenderSVGInlineText {#text} at (0,0) size 78x20
          chunk 1 text run 1 at (4900.00,220.00) startOffset 0 endOffset 11 width 77.76: "just a text"
      RenderSVGText {text} at (0,305) size 78x20 contains 1 chunk(s)
        RenderSVGInlineText {#text} at (0,0) size 78x20
          chunk 1 text run 1 at (0.00,320.00) startOffset 0 endOffset 11 width 77.76: "just a text"
      RenderSVGText {text} at (100,305) size 78x20 contains 1 chunk(s)
        RenderSVGInlineText {#text} at (0,0) size 78x20
          chunk 1 text run 1 at (100.00,320.00) startOffset 0 endOffset 11 width 77.76: "just a text"
      RenderSVGText {text} at (200,305) size 78x20 contains 1 chunk(s)
        RenderSVGInlineText {#text} at (0,0) size 78x20
          chunk 1 text run 1 at (200.00,320.00) startOffset 0 endOffset 11 width 77.76: "just a text"
      RenderSVGText {text} at (300,305) size 78x20 contains 1 chunk(s)
        RenderSVGInlineText {#text} at (0,0) size 78x20
          chunk 1 text run 1 at (300.00,320.00) startOffset 0 endOffset 11 width 77.76: "just a text"
      RenderSVGText {text} at (400,305) size 78x20 contains 1 chunk(s)
        RenderSVGInlineText {#text} at (0,0) size 78x20
          chunk 1 text run 1 at (400.00,320.00) startOffset 0 endOffset 11 width 77.76: "just a text"
      RenderSVGText {text} at (500,305) size 78x20 contains 1 chunk(s)
        RenderSVGInlineText {#text} at (0,0) size 78x20
          chunk 1 text run 1 at (500.00,320.00) startOffset 0 endOffset 11 width 77.76: "just a text"
      RenderSVGText {text} at (600,305) size 78x20 contains 1 chunk(s)
        RenderSVGInlineText {#text} at (0,0) size 78x20
          chunk 1 text run 1 at (600.00,320.00) startOffset 0 endOffset 11 width 77.76: "just a text"
      RenderSVGText {text} at (700,305) size 78x20 contains 1 chunk(s)
        RenderSVGInlineText {#text} at (0,0) size 78x20
          chunk 1 text run 1 at (700.00,320.00) startOffset 0 endOffset 11 width 77.76: "just a text"
      RenderSVGText {text} at (800,305) size 78x20 contains 1 chunk(s)
        RenderSVGInlineText {#text} at (0,0) size 78x20
          chunk 1 text run 1 at (800.00,320.00) startOffset 0 endOffset 11 width 77.76: "just a text"
      RenderSVGText {text} at (900,305) size 78x20 contains 1 chunk(s)
        RenderSVGInlineText {#text} at (0,0) size 78x20
          chunk 1 text run 1 at (900.00,320.00) startOffset 0 endOffset 11 width 77.76: "just a text"
      RenderSVGText {text} at (1000,305) size 78x20 contains 1 chunk(s)
        RenderSVGInlineText {#text} at (0,0) size 78x20
          chunk 1 text run 1 at (1000.00,320.00) startOffset 0 endOffset 11 width 77.76: "just a text"
      RenderSVGText {text} at (1100,305) size 78x20 contains 1 chunk(s)
        RenderSVGInlineText {#text} at (0,0) size 78x20
          chunk 1 text run 1 at (1100.00,320.00) startOffset 0 endOffset 11 width 77.76: "just a text"
      RenderSVGText {text} at (1200,305) size 78x20 contains 1 chunk(s)
        RenderSVGInlineText {#text} at (0,0) size 78x20
          chunk 1 text run 1 at (1200.00,320.00) startOffset 0 endOffset 11 width 77.76: "just a text"
      RenderSVGText {text} at (1300,305) size 78x20 contains 1 chunk(s)
        RenderSVGInlineText {#text} at (0,0) size 78x20
          chunk 1 text run 1 at (1300.00,320.00) startOffset 0 endOffset 11 width 77.76: "just a text"
      RenderSVGText {text} at (1400,305) size 78x20 contains 1 chunk(s)
        RenderSVGInlineText {#text} at (0,0) size 78x20
          chunk 1 text run 1 at (1400.00,320.00) startOffset 0 endOffset 11 width 77.76: "just a text"
      RenderSVGText {text} at (1500,305) size 78x20 contains 1 chunk(s)
        RenderSVGInlineText {#text} at (0,0) size 78x20
          chunk 1 text run 1 at (1500.00,320.00) startOffset 0 endOffset 11 width 77.76: "just a text"
      RenderSVGText {text} at (1600,305) size 78x20 contains 1 chunk(s)
        RenderSVGInlineText {#text} at (0,0) size 78x20
          chunk 1 text run 1 at (1600.00,320.00) startOffset 0 endOffset 11 width 77.76: "just a text"
      RenderSVGText {text} at (1700,305) size 78x20 contains 1 chunk(s)
        RenderSVGInlineText {#text} at (0,0) size 78x20
          chunk 1 text run 1 at (1700.00,320.00) startOffset 0 endOffset 11 width 77.76: "just a text"
      RenderSVGText {text} at (1800,305) size 78x20 contains 1 chunk(s)
        RenderSVGInlineText {#text} at (0,0) size 78x20
          chunk 1 text run 1 at (1800.00,320.00) startOffset 0 endOffset 11 width 77.76: "just a text"
      RenderSVGText {text} at (1900,305) size 78x20 contains 1 chunk(s)
        RenderSVGInlineText {#text} at (0,0) size 78x20
          chunk 1 text run 1 at (1900.00,320.00) startOffset 0 endOffset 11 width 77.76: "just a text"
      RenderSVGText {text} at (2000,305) size 78x20 contains 1 chunk(s)
        RenderSVGInlineText {#text} at (0,0) size 78x20
          chunk 1 text run 1 at (2000.00,320.00) startOffset 0 endOffset 11 width 77.76: "just a text"
      RenderSVGText {text} at (2100,305) size 78x20 contains 1 chunk(s)
        RenderSVGInlineText {#text} at (0,0) size 78x20
          chunk 1 text run 1 at (2100.00,320.00) startOffset 0 endOffset 11 width 77.76: "just a text"
      RenderSVGText {text} at (2200,305) size 78x20 contains 1 chunk(s)
        RenderSVGInlineText {#text} at (0,0) size 78x20
          chunk 1 text run 1 at (2200.00,320.00) startOffset 0 endOffset 11 width 77.76: "just a text"
      RenderSVGText {text} at (2300,305) size 78x20 contains 1 chunk(s)
        RenderSVGInlineText {#text} at (0,0) size 78x20
          chunk 1 text run 1 at (2300.00,320.00) startOffset 0 endOffset 11 width 77.76: "just a text"
      RenderSVGText {text} at (2400,305) size 78x20 contains 1 chunk(s)
        RenderSVGInlineText {#text} at (0,0) size 78x20
          chunk 1 text run 1 at (2400.00,320.00) startOffset 0 endOffset 11 width 77.76: "just a text"
      RenderSVGText {text} at (2500,305) size 78x20 contains 1 chunk(s)
        RenderSVGInlineText {#text} at (0,0) size 78x20
          chunk 1 text run 1 at (2500.00,320.00) startOffset 0 endOffset 11 width 77.76: "just a text"
      RenderSVGText {text} at (2600,305) size 78x20 contains 1 chunk(s)
        RenderSVGInlineText {#text} at (0,0) size 78x20
          chunk 1 text run 1 at (2600.00,320.00) startOffset 0 endOffset 11 width 77.76: "just a text"
      RenderSVGText {text} at (2700,305) size 78x20 contains 1 chunk(s)
        RenderSVGInlineText {#text} at (0,0) size 78x20
          chunk 1 text run 1 at (2700.00,320.00) startOffset 0 endOffset 11 width 77.76: "just a text"
      RenderSVGText {text} at (2800,305) size 78x20 contains 1 chunk(s)
        RenderSVGInlineText {#text} at (0,0) size 78x20
          chunk 1 text run 1 at (2800.00,320.00) startOffset 0 endOffset 11 width 77.76: "just a text"
      RenderSVGText {text} at (2900,305) size 78x20 contains 1 chunk(s)
        RenderSVGInlineText {#text} at (0,0) size 78x20
          chunk 1 text run 1 at (2900.00,320.00) startOffset 0 endOffset 11 width 77.76: "just a text"
      RenderSVGText {text} at (3000,305) size 78x20 contains 1 chunk(s)
        RenderSVGInlineText {#text} at (0,0) size 78x20
          chunk 1 text run 1 at (3000.00,320.00) startOffset 0 endOffset 11 width 77.76: "just a text"
      RenderSVGText {text} at (3100,305) size 78x20 contains 1 chunk(s)
        RenderSVGInlineText {#text} at (0,0) size 78x20
          chunk 1 text run 1 at (3100.00,320.00) startOffset 0 endOffset 11 width 77.76: "just a text"
      RenderSVGText {text} at (3200,305) size 78x20 contains 1 chunk(s)
        RenderSVGInlineText {#text} at (0,0) size 78x20
          chunk 1 text run 1 at (3200.00,320.00) startOffset 0 endOffset 11 width 77.76: "just a text"
      RenderSVGText {text} at (3300,305) size 78x20 contains 1 chunk(s)
        RenderSVGInlineText {#text} at (0,0) size 78x20
          chunk 1 text run 1 at (3300.00,320.00) startOffset 0 endOffset 11 width 77.76: "just a text"
      RenderSVGText {text} at (3400,305) size 78x20 contains 1 chunk(s)
        RenderSVGInlineText {#text} at (0,0) size 78x20
          chunk 1 text run 1 at (3400.00,320.00) startOffset 0 endOffset 11 width 77.76: "just a text"
      RenderSVGText {text} at (3500,305) size 78x20 contains 1 chunk(s)
        RenderSVGInlineText {#text} at (0,0) size 78x20
          chunk 1 text run 1 at (3500.00,320.00) startOffset 0 endOffset 11 width 77.76: "just a text"
      RenderSVGText {text} at (3600,305) size 78x20 contains 1 chunk(s)
        RenderSVGInlineText {#text} at (0,0) size 78x20
          chunk 1 text run 1 at (3600.00,320.00) startOffset 0 endOffset 11 width 77.76: "just a text"
      RenderSVGText {text} at (3700,305) size 78x20 contains 1 chunk(s)
        RenderSVGInlineText {#text} at (0,0) size 78x20
          chunk 1 text run 1 at (3700.00,320.00) startOffset 0 endOffset 11 width 77.76: "just a text"
      RenderSVGText {text} at (3800,305) size 78x20 contains 1 chunk(s)
        RenderSVGInlineText {#text} at (0,0) size 78x20
          chunk 1 text run 1 at (3800.00,320.00) startOffset 0 endOffset 11 width 77.76: "just a text"
      RenderSVGText {text} at (3900,305) size 78x20 contains 1 chunk(s)
        RenderSVGInlineText {#text} at (0,0) size 78x20
          chunk 1 text run 1 at (3900.00,320.00) startOffset 0 endOffset 11 width 77.76: "just a text"
      RenderSVGText {text} at (4000,305) size 78x20 contains 1 chunk(s)
        RenderSVGInlineText {#text} at (0,0) size 78x20
          chunk 1 text run 1 at (4000.00,320.00) startOffset 0 endOffset 11 width 77.76: "just a text"
      RenderSVGText {text} at (4100,305) size 78x20 contains 1 chunk(s)
        RenderSVGInlineText {#text} at (0,0) size 78x20
          chunk 1 text run 1 at (4100.00,320.00) startOffset 0 endOffset 11 width 77.76: "just a text"
      RenderSVGText {text} at (4200,305) size 78x20 contains 1 chunk(s)
        RenderSVGInlineText {#text} at (0,0) size 78x20
          chunk 1 text run 1 at (4200.00,320.00) startOffset 0 endOffset 11 width 77.76: "just a text"
      RenderSVGText {text} at (4300,305) size 78x20 contains 1 chunk(s)
        RenderSVGInlineText {#text} at (0,0) size 78x20
          chunk 1 text run 1 at (4300.00,320.00) startOffset 0 endOffset 11 width 77.76: "just a text"
      RenderSVGText {text} at (4400,305) size 78x20 contains 1 chunk(s)
        RenderSVGInlineText {#text} at (0,0) size 78x20
          chunk 1 text run 1 at (4400.00,320.00) startOffset 0 endOffset 11 width 77.76: "just a text"
      RenderSVGText {text} at (4500,305) size 78x20 contains 1 chunk(s)
        RenderSVGInlineText {#text} at (0,0) size 78x20
          chunk 1 text run 1 at (4500.00,320.00) startOffset 0 endOffset 11 width 77.76: "just a text"
      RenderSVGText {text} at (4600,305) size 78x20 contains 1 chunk(s)
        RenderSVGInlineText {#text} at (0,0) size 78x20
          chunk 1 text run 1 at (4600.00,320.00) startOffset 0 endOffset 11 width 77.76: "just a text"
      RenderSVGText {text} at (4700,305) size 78x20 contains 1 chunk(s)
        RenderSVGInlineText {#text} at (0,0) size 78x20
          chunk 1 text run 1 at (4700.00,320.00) startOffset 0 endOffset 11 width 77.76: "just a text"
      RenderSVGText {text} at (4800,305) size 78x20 contains 1 chunk(s)
        RenderSVGInlineText {#text} at (0,0) size 78x20
          chunk 1 text run 1 at (4800.00,320.00) startOffset 0 endOffset 11 width 77.76: "just a text"
      RenderSVGText {text} at (4900,305) size 78x20 contains 1 chunk(s)
        RenderSVGInlineText {#text} at (0,0) size 78x20
          chunk 1 text run 1 at (4900.00,320.00) startOffset 0 endOffset 11 width 77.76: "just a text"
      RenderSVGText {text} at (0,405) size 78x20 contains 1 chunk(s)
        RenderSVGInlineText {#text} at (0,0) size 78x20
          chunk 1 text run 1 at (0.00,420.00) startOffset 0 endOffset 11 width 77.76: "just a text"
      RenderSVGText {text} at (100,405) size 78x20 contains 1 chunk(s)
        RenderSVGInlineText {#text} at (0,0) size 78x20
          chunk 1 text run 1 at (100.00,420.00) startOffset 0 endOffset 11 width 77.76: "just a text"
      RenderSVGText {text} at (200,405) size 78x20 contains 1 chunk(s)
        RenderSVGInlineText {#text} at (0,0) size 78x20
          chunk 1 text run 1 at (200.00,420.00) startOffset 0 endOffset 11 width 77.76: "just a text"
      RenderSVGText {text} at (300,405) size 78x20 contains 1 chunk(s)
        RenderSVGInlineText {#text} at (0,0) size 78x20
          chunk 1 text run 1 at (300.00,420.00) startOffset 0 endOffset 11 width 77.76: "just a text"
      RenderSVGText {text} at (400,405) size 78x20 contains 1 chunk(s)
        RenderSVGInlineText {#text} at (0,0) size 78x20
          chunk 1 text run 1 at (400.00,420.00) startOffset 0 endOffset 11 width 77.76: "just a text"
      RenderSVGText {text} at (500,405) size 78x20 contains 1 chunk(s)
        RenderSVGInlineText {#text} at (0,0) size 78x20
          chunk 1 text run 1 at (500.00,420.00) startOffset 0 endOffset 11 width 77.76: "just a text"
      RenderSVGText {text} at (600,405) size 78x20 contains 1 chunk(s)
        RenderSVGInlineText {#text} at (0,0) size 78x20
          chunk 1 text run 1 at (600.00,420.00) startOffset 0 endOffset 11 width 77.76: "just a text"
      RenderSVGText {text} at (700,405) size 78x20 contains 1 chunk(s)
        RenderSVGInlineText {#text} at (0,0) size 78x20
          chunk 1 text run 1 at (700.00,420.00) startOffset 0 endOffset 11 width 77.76: "just a text"
      RenderSVGText {text} at (800,405) size 78x20 contains 1 chunk(s)
        RenderSVGInlineText {#text} at (0,0) size 78x20
          chunk 1 text run 1 at (800.00,420.00) startOffset 0 endOffset 11 width 77.76: "just a text"
      RenderSVGText {text} at (900,405) size 78x20 contains 1 chunk(s)
        RenderSVGInlineText {#text} at (0,0) size 78x20
          chunk 1 text run 1 at (900.00,420.00) startOffset 0 endOffset 11 width 77.76: "just a text"
      RenderSVGText {text} at (1000,405) size 78x20 contains 1 chunk(s)
        RenderSVGInlineText {#text} at (0,0) size 78x20
          chunk 1 text run 1 at (1000.00,420.00) startOffset 0 endOffset 11 width 77.76: "just a text"
      RenderSVGText {text} at (1100,405) size 78x20 contains 1 chunk(s)
        RenderSVGInlineText {#text} at (0,0) size 78x20
          chunk 1 text run 1 at (1100.00,420.00) startOffset 0 endOffset 11 width 77.76: "just a text"
      RenderSVGText {text} at (1200,405) size 78x20 contains 1 chunk(s)
        RenderSVGInlineText {#text} at (0,0) size 78x20
          chunk 1 text run 1 at (1200.00,420.00) startOffset 0 endOffset 11 width 77.76: "just a text"
      RenderSVGText {text} at (1300,405) size 78x20 contains 1 chunk(s)
        RenderSVGInlineText {#text} at (0,0) size 78x20
          chunk 1 text run 1 at (1300.00,420.00) startOffset 0 endOffset 11 width 77.76: "just a text"
      RenderSVGText {text} at (1400,405) size 78x20 contains 1 chunk(s)
        RenderSVGInlineText {#text} at (0,0) size 78x20
          chunk 1 text run 1 at (1400.00,420.00) startOffset 0 endOffset 11 width 77.76: "just a text"
      RenderSVGText {text} at (1500,405) size 78x20 contains 1 chunk(s)
        RenderSVGInlineText {#text} at (0,0) size 78x20
          chunk 1 text run 1 at (1500.00,420.00) startOffset 0 endOffset 11 width 77.76: "just a text"
      RenderSVGText {text} at (1600,405) size 78x20 contains 1 chunk(s)
        RenderSVGInlineText {#text} at (0,0) size 78x20
          chunk 1 text run 1 at (1600.00,420.00) startOffset 0 endOffset 11 width 77.76: "just a text"
      RenderSVGText {text} at (1700,405) size 78x20 contains 1 chunk(s)
        RenderSVGInlineText {#text} at (0,0) size 78x20
          chunk 1 text run 1 at (1700.00,420.00) startOffset 0 endOffset 11 width 77.76: "just a text"
      RenderSVGText {text} at (1800,405) size 78x20 contains 1 chunk(s)
        RenderSVGInlineText {#text} at (0,0) size 78x20
          chunk 1 text run 1 at (1800.00,420.00) startOffset 0 endOffset 11 width 77.76: "just a text"
      RenderSVGText {text} at (1900,405) size 78x20 contains 1 chunk(s)
        RenderSVGInlineText {#text} at (0,0) size 78x20
          chunk 1 text run 1 at (1900.00,420.00) startOffset 0 endOffset 11 width 77.76: "just a text"
      RenderSVGText {text} at (2000,405) size 78x20 contains 1 chunk(s)
        RenderSVGInlineText {#text} at (0,0) size 78x20
          chunk 1 text run 1 at (2000.00,420.00) startOffset 0 endOffset 11 width 77.76: "just a text"
      RenderSVGText {text} at (2100,405) size 78x20 contains 1 chunk(s)
        RenderSVGInlineText {#text} at (0,0) size 78x20
          chunk 1 text run 1 at (2100.00,420.00) startOffset 0 endOffset 11 width 77.76: "just a text"
      RenderSVGText {text} at (2200,405) size 78x20 contains 1 chunk(s)
        RenderSVGInlineText {#text} at (0,0) size 78x20
          chunk 1 text run 1 at (2200.00,420.00) startOffset 0 endOffset 11 width 77.76: "just a text"
      RenderSVGText {text} at (2300,405) size 78x20 contains 1 chunk(s)
        RenderSVGInlineText {#text} at (0,0) size 78x20
          chunk 1 text run 1 at (2300.00,420.00) startOffset 0 endOffset 11 width 77.76: "just a text"
      RenderSVGText {text} at (2400,405) size 78x20 contains 1 chunk(s)
        RenderSVGInlineText {#text} at (0,0) size 78x20
          chunk 1 text run 1 at (2400.00,420.00) startOffset 0 endOffset 11 width 77.76: "just a text"
      RenderSVGText {text} at (2500,405) size 78x20 contains 1 chunk(s)
        RenderSVGInlineText {#text} at (0,0) size 78x20
          chunk 1 text run 1 at (2500.00,420.00) startOffset 0 endOffset 11 width 77.76: "just a text"
      RenderSVGText {text} at (2600,405) size 78x20 contains 1 chunk(s)
        RenderSVGInlineText {#text} at (0,0) size 78x20
          chunk 1 text run 1 at (2600.00,420.00) startOffset 0 endOffset 11 width 77.76: "just a text"
      RenderSVGText {text} at (2700,405) size 78x20 contains 1 chunk(s)
        RenderSVGInlineText {#text} at (0,0) size 78x20
          chunk 1 text run 1 at (2700.00,420.00) startOffset 0 endOffset 11 width 77.76: "just a text"
      RenderSVGText {text} at (2800,405) size 78x20 contains 1 chunk(s)
        RenderSVGInlineText {#text} at (0,0) size 78x20
          chunk 1 text run 1 at (2800.00,420.00) startOffset 0 endOffset 11 width 77.76: "just a text"
      RenderSVGText {text} at (2900,405) size 78x20 contains 1 chunk(s)
        RenderSVGInlineText {#text} at (0,0) size 78x20
          chunk 1 text run 1 at (2900.00,420.00) startOffset 0 endOffset 11 width 77.76: "just a text"
      RenderSVGText {text} at (3000,405) size 78x20 contains 1 chunk(s)
        RenderSVGInlineText {#text} at (0,0) size 78x20
          chunk 1 text run 1 at (3000.00,420.00) startOffset 0 endOffset 11 width 77.76: "just a text"
      RenderSVGText {text} at (3100,405) size 78x20 contains 1 chunk(s)
        RenderSVGInlineText {#text} at (0,0) size 78x20
          chunk 1 text run 1 at (3100.00,420.00) startOffset 0 endOffset 11 width 77.76: "just a text"
      RenderSVGText {text} at (3200,405) size 78x20 contains 1 chunk(s)
        RenderSVGInlineText {#text} at (0,0) size 78x20
          chunk 1 text run 1 at (3200.00,420.00) startOffset 0 endOffset 11 width 77.76: "just a text"
      RenderSVGText {text} at (3300,405) size 78x20 contains 1 chunk(s)
        RenderSVGInlineText {#text} at (0,0) size 78x20
          chunk 1 text run 1 at (3300.00,420.00) startOffset 0 endOffset 11 width 77.76: "just a text"
      RenderSVGText {text} at (3400,405) size 78x20 contains 1 chunk(s)
        RenderSVGInlineText {#text} at (0,0) size 78x20
          chunk 1 text run 1 at (3400.00,420.00) startOffset 0 endOffset 11 width 77.76: "just a text"
      RenderSVGText {text} at (3500,405) size 78x20 contains 1 chunk(s)
        RenderSVGInlineText {#text} at (0,0) size 78x20
          chunk 1 text run 1 at (3500.00,420.00) startOffset 0 endOffset 11 width 77.76: "just a text"
      RenderSVGText {text} at (3600,405) size 78x20 contains 1 chunk(s)
        RenderSVGInlineText {#text} at (0,0) size 78x20
          chunk 1 text run 1 at (3600.00,420.00) startOffset 0 endOffset 11 width 77.76: "just a text"
      RenderSVGText {text} at (3700,405) size 78x20 contains 1 chunk(s)
        RenderSVGInlineText {#text} at (0,0) size 78x20
          chunk 1 text run 1 at (3700.00,420.00) startOffset 0 endOffset 11 width 77.76: "just a text"
      RenderSVGText {text} at (3800,405) size 78x20 contains 1 chunk(s)
        RenderSVGInlineText {#text} at (0,0) size 78x20
          chunk 1 text run 1 at (3800.00,420.00) startOffset 0 endOffset 11 width 77.76: "just a text"
      RenderSVGText {text} at (3900,405) size 78x20 contains 1 chunk(s)
        RenderSVGInlineText {#text} at (0,0) size 78x20
          chunk 1 text run 1 at (3900.00,420.00) startOffset 0 endOffset 11 width 77.76: "just a text"
      RenderSVGText {text} at (4000,405) size 78x20 contains 1 chunk(s)
        RenderSVGInlineText {#text} at (0,0) size 78x20
          chunk 1 text run 1 at (4000.00,420.00) startOffset 0 endOffset 11 width 77.76: "just a text"
      RenderSVGText {text} at (4100,405) size 78x20 contains 1 chunk(s)
        RenderSVGInlineText {#text} at (0,0) size 78x20
          chunk 1 text run 1 at (4100.00,420.00) startOffset 0 endOffset 11 width 77.76: "just a text"
      RenderSVGText {text} at (4200,405) size 78x20 contains 1 chunk(s)
        RenderSVGInlineText {#text} at (0,0) size 78x20
          chunk 1 text run 1 at (4200.00,420.00) startOffset 0 endOffset 11 width 77.76: "just a text"
      RenderSVGText {text} at (4300,405) size 78x20 contains 1 chunk(s)
        RenderSVGInlineText {#text} at (0,0) size 78x20
          chunk 1 text run 1 at (4300.00,420.00) startOffset 0 endOffset 11 width 77.76: "just a text"
      RenderSVGText {text} at (4400,405) size 78x20 contains 1 chunk(s)
        RenderSVGInlineText {#text} at (0,0) size 78x20
          chunk 1 text run 1 at (4400.00,420.00) startOffset 0 endOffset 11 width 77.76: "just a text"
      RenderSVGText {text} at (4500,405) size 78x20 contains 1 chunk(s)
        RenderSVGInlineText {#text} at (0,0) size 78x20
          chunk 1 text run 1 at (4500.00,420.00) startOffset 0 endOffset 11 width 77.76: "just a text"
      RenderSVGText {text} at (4600,405) size 78x20 contains 1 chunk(s)
        RenderSVGInlineText {#text} at (0,0) size 78x20
          chunk 1 text run 1 at (4600.00,420.00) startOffset 0 endOffset 11 width 77.76: "just a text"
      RenderSVGText {text} at (4700,405) size 78x20 contains 1 chunk(s)
        RenderSVGInlineText {#text} at (0,0) size 78x20
          chunk 1 text run 1 at (4700.00,420.00) startOffset 0 endOffset 11 width 77.76: "just a text"
      RenderSVGText {text} at (4800,405) size 78x20 contains 1 chunk(s)
        RenderSVGInlineText {#text} at (0,0) size 78x20
          chunk 1 text run 1 at (4800.00,420.00) startOffset 0 endOffset 11 width 77.76: "just a text"
      RenderSVGText {text} at (4900,405) size 78x20 contains 1 chunk(s)
        RenderSVGInlineText {#text} at (0,0) size 78x20
          chunk 1 text run 1 at (4900.00,420.00) startOffset 0 endOffset 11 width 77.76: "just a text"
      RenderSVGText {text} at (0,505) size 78x20 contains 1 chunk(s)
        RenderSVGInlineText {#text} at (0,0) size 78x20
          chunk 1 text run 1 at (0.00,520.00) startOffset 0 endOffset 11 width 77.76: "just a text"
      RenderSVGText {text} at (100,505) size 78x20 contains 1 chunk(s)
        RenderSVGInlineText {#text} at (0,0) size 78x20
          chunk 1 text run 1 at (100.00,520.00) startOffset 0 endOffset 11 width 77.76: "just a text"
      RenderSVGText {text} at (200,505) size 78x20 contains 1 chunk(s)
        RenderSVGInlineText {#text} at (0,0) size 78x20
          chunk 1 text run 1 at (200.00,520.00) startOffset 0 endOffset 11 width 77.76: "just a text"
      RenderSVGText {text} at (300,505) size 78x20 contains 1 chunk(s)
        RenderSVGInlineText {#text} at (0,0) size 78x20
          chunk 1 text run 1 at (300.00,520.00) startOffset 0 endOffset 11 width 77.76: "just a text"
      RenderSVGText {text} at (400,505) size 78x20 contains 1 chunk(s)
        RenderSVGInlineText {#text} at (0,0) size 78x20
          chunk 1 text run 1 at (400.00,520.00) startOffset 0 endOffset 11 width 77.76: "just a text"
      RenderSVGText {text} at (500,505) size 78x20 contains 1 chunk(s)
        RenderSVGInlineText {#text} at (0,0) size 78x20
          chunk 1 text run 1 at (500.00,520.00) startOffset 0 endOffset 11 width 77.76: "just a text"
      RenderSVGText {text} at (600,505) size 78x20 contains 1 chunk(s)
        RenderSVGInlineText {#text} at (0,0) size 78x20
          chunk 1 text run 1 at (600.00,520.00) startOffset 0 endOffset 11 width 77.76: "just a text"
      RenderSVGText {text} at (700,505) size 78x20 contains 1 chunk(s)
        RenderSVGInlineText {#text} at (0,0) size 78x20
          chunk 1 text run 1 at (700.00,520.00) startOffset 0 endOffset 11 width 77.76: "just a text"
      RenderSVGText {text} at (800,505) size 78x20 contains 1 chunk(s)
        RenderSVGInlineText {#text} at (0,0) size 78x20
          chunk 1 text run 1 at (800.00,520.00) startOffset 0 endOffset 11 width 77.76: "just a text"
      RenderSVGText {text} at (900,505) size 78x20 contains 1 chunk(s)
        RenderSVGInlineText {#text} at (0,0) size 78x20
          chunk 1 text run 1 at (900.00,520.00) startOffset 0 endOffset 11 width 77.76: "just a text"
      RenderSVGText {text} at (1000,505) size 78x20 contains 1 chunk(s)
        RenderSVGInlineText {#text} at (0,0) size 78x20
          chunk 1 text run 1 at (1000.00,520.00) startOffset 0 endOffset 11 width 77.76: "just a text"
      RenderSVGText {text} at (1100,505) size 78x20 contains 1 chunk(s)
        RenderSVGInlineText {#text} at (0,0) size 78x20
          chunk 1 text run 1 at (1100.00,520.00) startOffset 0 endOffset 11 width 77.76: "just a text"
      RenderSVGText {text} at (1200,505) size 78x20 contains 1 chunk(s)
        RenderSVGInlineText {#text} at (0,0) size 78x20
          chunk 1 text run 1 at (1200.00,520.00) startOffset 0 endOffset 11 width 77.76: "just a text"
      RenderSVGText {text} at (1300,505) size 78x20 contains 1 chunk(s)
        RenderSVGInlineText {#text} at (0,0) size 78x20
          chunk 1 text run 1 at (1300.00,520.00) startOffset 0 endOffset 11 width 77.76: "just a text"
      RenderSVGText {text} at (1400,505) size 78x20 contains 1 chunk(s)
        RenderSVGInlineText {#text} at (0,0) size 78x20
          chunk 1 text run 1 at (1400.00,520.00) startOffset 0 endOffset 11 width 77.76: "just a text"
      RenderSVGText {text} at (1500,505) size 78x20 contains 1 chunk(s)
        RenderSVGInlineText {#text} at (0,0) size 78x20
          chunk 1 text run 1 at (1500.00,520.00) startOffset 0 endOffset 11 width 77.76: "just a text"
      RenderSVGText {text} at (1600,505) size 78x20 contains 1 chunk(s)
        RenderSVGInlineText {#text} at (0,0) size 78x20
          chunk 1 text run 1 at (1600.00,520.00) startOffset 0 endOffset 11 width 77.76: "just a text"
      RenderSVGText {text} at (1700,505) size 78x20 contains 1 chunk(s)
        RenderSVGInlineText {#text} at (0,0) size 78x20
          chunk 1 text run 1 at (1700.00,520.00) startOffset 0 endOffset 11 width 77.76: "just a text"
      RenderSVGText {text} at (1800,505) size 78x20 contains 1 chunk(s)
        RenderSVGInlineText {#text} at (0,0) size 78x20
          chunk 1 text run 1 at (1800.00,520.00) startOffset 0 endOffset 11 width 77.76: "just a text"
      RenderSVGText {text} at (1900,505) size 78x20 contains 1 chunk(s)
        RenderSVGInlineText {#text} at (0,0) size 78x20
          chunk 1 text run 1 at (1900.00,520.00) startOffset 0 endOffset 11 width 77.76: "just a text"
      RenderSVGText {text} at (2000,505) size 78x20 contains 1 chunk(s)
        RenderSVGInlineText {#text} at (0,0) size 78x20
          chunk 1 text run 1 at (2000.00,520.00) startOffset 0 endOffset 11 width 77.76: "just a text"
      RenderSVGText {text} at (2100,505) size 78x20 contains 1 chunk(s)
        RenderSVGInlineText {#text} at (0,0) size 78x20
          chunk 1 text run 1 at (2100.00,520.00) startOffset 0 endOffset 11 width 77.76: "just a text"
      RenderSVGText {text} at (2200,505) size 78x20 contains 1 chunk(s)
        RenderSVGInlineText {#text} at (0,0) size 78x20
          chunk 1 text run 1 at (2200.00,520.00) startOffset 0 endOffset 11 width 77.76: "just a text"
      RenderSVGText {text} at (2300,505) size 78x20 contains 1 chunk(s)
        RenderSVGInlineText {#text} at (0,0) size 78x20
          chunk 1 text run 1 at (2300.00,520.00) startOffset 0 endOffset 11 width 77.76: "just a text"
      RenderSVGText {text} at (2400,505) size 78x20 contains 1 chunk(s)
        RenderSVGInlineText {#text} at (0,0) size 78x20
          chunk 1 text run 1 at (2400.00,520.00) startOffset 0 endOffset 11 width 77.76: "just a text"
      RenderSVGText {text} at (2500,505) size 78x20 contains 1 chunk(s)
        RenderSVGInlineText {#text} at (0,0) size 78x20
          chunk 1 text run 1 at (2500.00,520.00) startOffset 0 endOffset 11 width 77.76: "just a text"
      RenderSVGText {text} at (2600,505) size 78x20 contains 1 chunk(s)
        RenderSVGInlineText {#text} at (0,0) size 78x20
          chunk 1 text run 1 at (2600.00,520.00) startOffset 0 endOffset 11 width 77.76: "just a text"
      RenderSVGText {text} at (2700,505) size 78x20 contains 1 chunk(s)
        RenderSVGInlineText {#text} at (0,0) size 78x20
          chunk 1 text run 1 at (2700.00,520.00) startOffset 0 endOffset 11 width 77.76: "just a text"
      RenderSVGText {text} at (2800,505) size 78x20 contains 1 chunk(s)
        RenderSVGInlineText {#text} at (0,0) size 78x20
          chunk 1 text run 1 at (2800.00,520.00) startOffset 0 endOffset 11 width 77.76: "just a text"
      RenderSVGText {text} at (2900,505) size 78x20 contains 1 chunk(s)
        RenderSVGInlineText {#text} at (0,0) size 78x20
          chunk 1 text run 1 at (2900.00,520.00) startOffset 0 endOffset 11 width 77.76: "just a text"
      RenderSVGText {text} at (3000,505) size 78x20 contains 1 chunk(s)
        RenderSVGInlineText {#text} at (0,0) size 78x20
          chunk 1 text run 1 at (3000.00,520.00) startOffset 0 endOffset 11 width 77.76: "just a text"
      RenderSVGText {text} at (3100,505) size 78x20 contains 1 chunk(s)
        RenderSVGInlineText {#text} at (0,0) size 78x20
          chunk 1 text run 1 at (3100.00,520.00) startOffset 0 endOffset 11 width 77.76: "just a text"
      RenderSVGText {text} at (3200,505) size 78x20 contains 1 chunk(s)
        RenderSVGInlineText {#text} at (0,0) size 78x20
          chunk 1 text run 1 at (3200.00,520.00) startOffset 0 endOffset 11 width 77.76: "just a text"
      RenderSVGText {text} at (3300,505) size 78x20 contains 1 chunk(s)
        RenderSVGInlineText {#text} at (0,0) size 78x20
          chunk 1 text run 1 at (3300.00,520.00) startOffset 0 endOffset 11 width 77.76: "just a text"
      RenderSVGText {text} at (3400,505) size 78x20 contains 1 chunk(s)
        RenderSVGInlineText {#text} at (0,0) size 78x20
          chunk 1 text run 1 at (3400.00,520.00) startOffset 0 endOffset 11 width 77.76: "just a text"
      RenderSVGText {text} at (3500,505) size 78x20 contains 1 chunk(s)
        RenderSVGInlineText {#text} at (0,0) size 78x20
          chunk 1 text run 1 at (3500.00,520.00) startOffset 0 endOffset 11 width 77.76: "just a text"
      RenderSVGText {text} at (3600,505) size 78x20 contains 1 chunk(s)
        RenderSVGInlineText {#text} at (0,0) size 78x20
          chunk 1 text run 1 at (3600.00,520.00) startOffset 0 endOffset 11 width 77.76: "just a text"
      RenderSVGText {text} at (3700,505) size 78x20 contains 1 chunk(s)
        RenderSVGInlineText {#text} at (0,0) size 78x20
          chunk 1 text run 1 at (3700.00,520.00) startOffset 0 endOffset 11 width 77.76: "just a text"
      RenderSVGText {text} at (3800,505) size 78x20 contains 1 chunk(s)
        RenderSVGInlineText {#text} at (0,0) size 78x20
          chunk 1 text run 1 at (3800.00,520.00) startOffset 0 endOffset 11 width 77.76: "just a text"
      RenderSVGText {text} at (3900,505) size 78x20 contains 1 chunk(s)
        RenderSVGInlineText {#text} at (0,0) size 78x20
          chunk 1 text run 1 at (3900.00,520.00) startOffset 0 endOffset 11 width 77.76: "just a text"
      RenderSVGText {text} at (4000,505) size 78x20 contains 1 chunk(s)
        RenderSVGInlineText {#text} at (0,0) size 78x20
          chunk 1 text run 1 at (4000.00,520.00) startOffset 0 endOffset 11 width 77.76: "just a text"
      RenderSVGText {text} at (4100,505) size 78x20 contains 1 chunk(s)
        RenderSVGInlineText {#text} at (0,0) size 78x20
          chunk 1 text run 1 at (4100.00,520.00) startOffset 0 endOffset 11 width 77.76: "just a text"
      RenderSVGText {text} at (4200,505) size 78x20 contains 1 chunk(s)
        RenderSVGInlineText {#text} at (0,0) size 78x20
          chunk 1 text run 1 at (4200.00,520.00) startOffset 0 endOffset 11 width 77.76: "just a text"
      RenderSVGText {text} at (4300,505) size 78x20 contains 1 chunk(s)
        RenderSVGInlineText {#text} at (0,0) size 78x20
          chunk 1 text run 1 at (4300.00,520.00) startOffset 0 endOffset 11 width 77.76: "just a text"
      RenderSVGText {text} at (4400,505) size 78x20 contains 1 chunk(s)
        RenderSVGInlineText {#text} at (0,0) size 78x20
          chunk 1 text run 1 at (4400.00,520.00) startOffset 0 endOffset 11 width 77.76: "just a text"
      RenderSVGText {text} at (4500,505) size 78x20 contains 1 chunk(s)
        RenderSVGInlineText {#text} at (0,0) size 78x20
          chunk 1 text run 1 at (4500.00,520.00) startOffset 0 endOffset 11 width 77.76: "just a text"
      RenderSVGText {text} at (4600,505) size 78x20 contains 1 chunk(s)
        RenderSVGInlineText {#text} at (0,0) size 78x20
          chunk 1 text run 1 at (4600.00,520.00) startOffset 0 endOffset 11 width 77.76: "just a text"
      RenderSVGText {text} at (4700,505) size 78x20 contains 1 chunk(s)
        RenderSVGInlineText {#text} at (0,0) size 78x20
          chunk 1 text run 1 at (4700.00,520.00) startOffset 0 endOffset 11 width 77.76: "just a text"
      RenderSVGText {text} at (4800,505) size 78x20 contains 1 chunk(s)
        RenderSVGInlineText {#text} at (0,0) size 78x20
          chunk 1 text run 1 at (4800.00,520.00) startOffset 0 endOffset 11 width 77.76: "just a text"
      RenderSVGText {text} at (4900,505) size 78x20 contains 1 chunk(s)
        RenderSVGInlineText {#text} at (0,0) size 78x20
          chunk 1 text run 1 at (4900.00,520.00) startOffset 0 endOffset 11 width 77.76: "just a text"
      RenderSVGText {text} at (0,605) size 78x20 contains 1 chunk(s)
        RenderSVGInlineText {#text} at (0,0) size 78x20
          chunk 1 text run 1 at (0.00,620.00) startOffset 0 endOffset 11 width 77.76: "just a text"
      RenderSVGText {text} at (100,605) size 78x20 contains 1 chunk(s)
        RenderSVGInlineText {#text} at (0,0) size 78x20
          chunk 1 text run 1 at (100.00,620.00) startOffset 0 endOffset 11 width 77.76: "just a text"
      RenderSVGText {text} at (200,605) size 78x20 contains 1 chunk(s)
        RenderSVGInlineText {#text} at (0,0) size 78x20
          chunk 1 text run 1 at (200.00,620.00) startOffset 0 endOffset 11 width 77.76: "just a text"
      RenderSVGText {text} at (300,605) size 78x20 contains 1 chunk(s)
        RenderSVGInlineText {#text} at (0,0) size 78x20
          chunk 1 text run 1 at (300.00,620.00) startOffset 0 endOffset 11 width 77.76: "just a text"
      RenderSVGText {text} at (400,605) size 78x20 contains 1 chunk(s)
        RenderSVGInlineText {#text} at (0,0) size 78x20
          chunk 1 text run 1 at (400.00,620.00) startOffset 0 endOffset 11 width 77.76: "just a text"
      RenderSVGText {text} at (500,605) size 78x20 contains 1 chunk(s)
        RenderSVGInlineText {#text} at (0,0) size 78x20
          chunk 1 text run 1 at (500.00,620.00) startOffset 0 endOffset 11 width 77.76: "just a text"
      RenderSVGText {text} at (600,605) size 78x20 contains 1 chunk(s)
        RenderSVGInlineText {#text} at (0,0) size 78x20
          chunk 1 text run 1 at (600.00,620.00) startOffset 0 endOffset 11 width 77.76: "just a text"
      RenderSVGText {text} at (700,605) size 78x20 contains 1 chunk(s)
        RenderSVGInlineText {#text} at (0,0) size 78x20
          chunk 1 text run 1 at (700.00,620.00) startOffset 0 endOffset 11 width 77.76: "just a text"
      RenderSVGText {text} at (800,605) size 78x20 contains 1 chunk(s)
        RenderSVGInlineText {#text} at (0,0) size 78x20
          chunk 1 text run 1 at (800.00,620.00) startOffset 0 endOffset 11 width 77.76: "just a text"
      RenderSVGText {text} at (900,605) size 78x20 contains 1 chunk(s)
        RenderSVGInlineText {#text} at (0,0) size 78x20
          chunk 1 text run 1 at (900.00,620.00) startOffset 0 endOffset 11 width 77.76: "just a text"
      RenderSVGText {text} at (1000,605) size 78x20 contains 1 chunk(s)
        RenderSVGInlineText {#text} at (0,0) size 78x20
          chunk 1 text run 1 at (1000.00,620.00) startOffset 0 endOffset 11 width 77.76: "just a text"
      RenderSVGText {text} at (1100,605) size 78x20 contains 1 chunk(s)
        RenderSVGInlineText {#text} at (0,0) size 78x20
          chunk 1 text run 1 at (1100.00,620.00) startOffset 0 endOffset 11 width 77.76: "just a text"
      RenderSVGText {text} at (1200,605) size 78x20 contains 1 chunk(s)
        RenderSVGInlineText {#text} at (0,0) size 78x20
          chunk 1 text run 1 at (1200.00,620.00) startOffset 0 endOffset 11 width 77.76: "just a text"
      RenderSVGText {text} at (1300,605) size 78x20 contains 1 chunk(s)
        RenderSVGInlineText {#text} at (0,0) size 78x20
          chunk 1 text run 1 at (1300.00,620.00) startOffset 0 endOffset 11 width 77.76: "just a text"
      RenderSVGText {text} at (1400,605) size 78x20 contains 1 chunk(s)
        RenderSVGInlineText {#text} at (0,0) size 78x20
          chunk 1 text run 1 at (1400.00,620.00) startOffset 0 endOffset 11 width 77.76: "just a text"
      RenderSVGText {text} at (1500,605) size 78x20 contains 1 chunk(s)
        RenderSVGInlineText {#text} at (0,0) size 78x20
          chunk 1 text run 1 at (1500.00,620.00) startOffset 0 endOffset 11 width 77.76: "just a text"
      RenderSVGText {text} at (1600,605) size 78x20 contains 1 chunk(s)
        RenderSVGInlineText {#text} at (0,0) size 78x20
          chunk 1 text run 1 at (1600.00,620.00) startOffset 0 endOffset 11 width 77.76: "just a text"
      RenderSVGText {text} at (1700,605) size 78x20 contains 1 chunk(s)
        RenderSVGInlineText {#text} at (0,0) size 78x20
          chunk 1 text run 1 at (1700.00,620.00) startOffset 0 endOffset 11 width 77.76: "just a text"
      RenderSVGText {text} at (1800,605) size 78x20 contains 1 chunk(s)
        RenderSVGInlineText {#text} at (0,0) size 78x20
          chunk 1 text run 1 at (1800.00,620.00) startOffset 0 endOffset 11 width 77.76: "just a text"
      RenderSVGText {text} at (1900,605) size 78x20 contains 1 chunk(s)
        RenderSVGInlineText {#text} at (0,0) size 78x20
          chunk 1 text run 1 at (1900.00,620.00) startOffset 0 endOffset 11 width 77.76: "just a text"
      RenderSVGText {text} at (2000,605) size 78x20 contains 1 chunk(s)
        RenderSVGInlineText {#text} at (0,0) size 78x20
          chunk 1 text run 1 at (2000.00,620.00) startOffset 0 endOffset 11 width 77.76: "just a text"
      RenderSVGText {text} at (2100,605) size 78x20 contains 1 chunk(s)
        RenderSVGInlineText {#text} at (0,0) size 78x20
          chunk 1 text run 1 at (2100.00,620.00) startOffset 0 endOffset 11 width 77.76: "just a text"
      RenderSVGText {text} at (2200,605) size 78x20 contains 1 chunk(s)
        RenderSVGInlineText {#text} at (0,0) size 78x20
          chunk 1 text run 1 at (2200.00,620.00) startOffset 0 endOffset 11 width 77.76: "just a text"
      RenderSVGText {text} at (2300,605) size 78x20 contains 1 chunk(s)
        RenderSVGInlineText {#text} at (0,0) size 78x20
          chunk 1 text run 1 at (2300.00,620.00) startOffset 0 endOffset 11 width 77.76: "just a text"
      RenderSVGText {text} at (2400,605) size 78x20 contains 1 chunk(s)
        RenderSVGInlineText {#text} at (0,0) size 78x20
          chunk 1 text run 1 at (2400.00,620.00) startOffset 0 endOffset 11 width 77.76: "just a text"
      RenderSVGText {text} at (2500,605) size 78x20 contains 1 chunk(s)
        RenderSVGInlineText {#text} at (0,0) size 78x20
          chunk 1 text run 1 at (2500.00,620.00) startOffset 0 endOffset 11 width 77.76: "just a text"
      RenderSVGText {text} at (2600,605) size 78x20 contains 1 chunk(s)
        RenderSVGInlineText {#text} at (0,0) size 78x20
          chunk 1 text run 1 at (2600.00,620.00) startOffset 0 endOffset 11 width 77.76: "just a text"
      RenderSVGText {text} at (2700,605) size 78x20 contains 1 chunk(s)
        RenderSVGInlineText {#text} at (0,0) size 78x20
          chunk 1 text run 1 at (2700.00,620.00) startOffset 0 endOffset 11 width 77.76: "just a text"
      RenderSVGText {text} at (2800,605) size 78x20 contains 1 chunk(s)
        RenderSVGInlineText {#text} at (0,0) size 78x20
          chunk 1 text run 1 at (2800.00,620.00) startOffset 0 endOffset 11 width 77.76: "just a text"
      RenderSVGText {text} at (2900,605) size 78x20 contains 1 chunk(s)
        RenderSVGInlineText {#text} at (0,0) size 78x20
          chunk 1 text run 1 at (2900.00,620.00) startOffset 0 endOffset 11 width 77.76: "just a text"
      RenderSVGText {text} at (3000,605) size 78x20 contains 1 chunk(s)
        RenderSVGInlineText {#text} at (0,0) size 78x20
          chunk 1 text run 1 at (3000.00,620.00) startOffset 0 endOffset 11 width 77.76: "just a text"
      RenderSVGText {text} at (3100,605) size 78x20 contains 1 chunk(s)
        RenderSVGInlineText {#text} at (0,0) size 78x20
          chunk 1 text run 1 at (3100.00,620.00) startOffset 0 endOffset 11 width 77.76: "just a text"
      RenderSVGText {text} at (3200,605) size 78x20 contains 1 chunk(s)
        RenderSVGInlineText {#text} at (0,0) size 78x20
          chunk 1 text run 1 at (3200.00,620.00) startOffset 0 endOffset 11 width 77.76: "just a text"
      RenderSVGText {text} at (3300,605) size 78x20 contains 1 chunk(s)
        RenderSVGInlineText {#text} at (0,0) size 78x20
          chunk 1 text run 1 at (3300.00,620.00) startOffset 0 endOffset 11 width 77.76: "just a text"
      RenderSVGText {text} at (3400,605) size 78x20 contains 1 chunk(s)
        RenderSVGInlineText {#text} at (0,0) size 78x20
          chunk 1 text run 1 at (3400.00,620.00) startOffset 0 endOffset 11 width 77.76: "just a text"
      RenderSVGText {text} at (3500,605) size 78x20 contains 1 chunk(s)
        RenderSVGInlineText {#text} at (0,0) size 78x20
          chunk 1 text run 1 at (3500.00,620.00) startOffset 0 endOffset 11 width 77.76: "just a text"
      RenderSVGText {text} at (3600,605) size 78x20 contains 1 chunk(s)
        RenderSVGInlineText {#text} at (0,0) size 78x20
          chunk 1 text run 1 at (3600.00,620.00) startOffset 0 endOffset 11 width 77.76: "just a text"
      RenderSVGText {text} at (3700,605) size 78x20 contains 1 chunk(s)
        RenderSVGInlineText {#text} at (0,0) size 78x20
          chunk 1 text run 1 at (3700.00,620.00) startOffset 0 endOffset 11 width 77.76: "just a text"
      RenderSVGText {text} at (3800,605) size 78x20 contains 1 chunk(s)
        RenderSVGInlineText {#text} at (0,0) size 78x20
          chunk 1 text run 1 at (3800.00,620.00) startOffset 0 endOffset 11 width 77.76: "just a text"
      RenderSVGText {text} at (3900,605) size 78x20 contains 1 chunk(s)
        RenderSVGInlineText {#text} at (0,0) size 78x20
          chunk 1 text run 1 at (3900.00,620.00) startOffset 0 endOffset 11 width 77.76: "just a text"
      RenderSVGText {text} at (4000,605) size 78x20 contains 1 chunk(s)
        RenderSVGInlineText {#text} at (0,0) size 78x20
          chunk 1 text run 1 at (4000.00,620.00) startOffset 0 endOffset 11 width 77.76: "just a text"
      RenderSVGText {text} at (4100,605) size 78x20 contains 1 chunk(s)
        RenderSVGInlineText {#text} at (0,0) size 78x20
          chunk 1 text run 1 at (4100.00,620.00) startOffset 0 endOffset 11 width 77.76: "just a text"
      RenderSVGText {text} at (4200,605) size 78x20 contains 1 chunk(s)
        RenderSVGInlineText {#text} at (0,0) size 78x20
          chunk 1 text run 1 at (4200.00,620.00) startOffset 0 endOffset 11 width 77.76: "just a text"
      RenderSVGText {text} at (4300,605) size 78x20 contains 1 chunk(s)
        RenderSVGInlineText {#text} at (0,0) size 78x20
          chunk 1 text run 1 at (4300.00,620.00) startOffset 0 endOffset 11 width 77.76: "just a text"
      RenderSVGText {text} at (4400,605) size 78x20 contains 1 chunk(s)
        RenderSVGInlineText {#text} at (0,0) size 78x20
          chunk 1 text run 1 at (4400.00,620.00) startOffset 0 endOffset 11 width 77.76: "just a text"
      RenderSVGText {text} at (4500,605) size 78x20 contains 1 chunk(s)
        RenderSVGInlineText {#text} at (0,0) size 78x20
          chunk 1 text run 1 at (4500.00,620.00) startOffset 0 endOffset 11 width 77.76: "just a text"
      RenderSVGText {text} at (4600,605) size 78x20 contains 1 chunk(s)
        RenderSVGInlineText {#text} at (0,0) size 78x20
          chunk 1 text run 1 at (4600.00,620.00) startOffset 0 endOffset 11 width 77.76: "just a text"
      RenderSVGText {text} at (4700,605) size 78x20 contains 1 chunk(s)
        RenderSVGInlineText {#text} at (0,0) size 78x20
          chunk 1 text run 1 at (4700.00,620.00) startOffset 0 endOffset 11 width 77.76: "just a text"
      RenderSVGText {text} at (4800,605) size 78x20 contains 1 chunk(s)
        RenderSVGInlineText {#text} at (0,0) size 78x20
          chunk 1 text run 1 at (4800.00,620.00) startOffset 0 endOffset 11 width 77.76: "just a text"
      RenderSVGText {text} at (4900,605) size 78x20 contains 1 chunk(s)
        RenderSVGInlineText {#text} at (0,0) size 78x20
          chunk 1 text run 1 at (4900.00,620.00) startOffset 0 endOffset 11 width 77.76: "just a text"
      RenderSVGText {text} at (0,705) size 78x20 contains 1 chunk(s)
        RenderSVGInlineText {#text} at (0,0) size 78x20
          chunk 1 text run 1 at (0.00,720.00) startOffset 0 endOffset 11 width 77.76: "just a text"
      RenderSVGText {text} at (100,705) size 78x20 contains 1 chunk(s)
        RenderSVGInlineText {#text} at (0,0) size 78x20
          chunk 1 text run 1 at (100.00,720.00) startOffset 0 endOffset 11 width 77.76: "just a text"
      RenderSVGText {text} at (200,705) size 78x20 contains 1 chunk(s)
        RenderSVGInlineText {#text} at (0,0) size 78x20
          chunk 1 text run 1 at (200.00,720.00) startOffset 0 endOffset 11 width 77.76: "just a text"
      RenderSVGText {text} at (300,705) size 78x20 contains 1 chunk(s)
        RenderSVGInlineText {#text} at (0,0) size 78x20
          chunk 1 text run 1 at (300.00,720.00) startOffset 0 endOffset 11 width 77.76: "just a text"
      RenderSVGText {text} at (400,705) size 78x20 contains 1 chunk(s)
        RenderSVGInlineText {#text} at (0,0) size 78x20
          chunk 1 text run 1 at (400.00,720.00) startOffset 0 endOffset 11 width 77.76: "just a text"
      RenderSVGText {text} at (500,705) size 78x20 contains 1 chunk(s)
        RenderSVGInlineText {#text} at (0,0) size 78x20
          chunk 1 text run 1 at (500.00,720.00) startOffset 0 endOffset 11 width 77.76: "just a text"
      RenderSVGText {text} at (600,705) size 78x20 contains 1 chunk(s)
        RenderSVGInlineText {#text} at (0,0) size 78x20
          chunk 1 text run 1 at (600.00,720.00) startOffset 0 endOffset 11 width 77.76: "just a text"
      RenderSVGText {text} at (700,705) size 78x20 contains 1 chunk(s)
        RenderSVGInlineText {#text} at (0,0) size 78x20
          chunk 1 text run 1 at (700.00,720.00) startOffset 0 endOffset 11 width 77.76: "just a text"
      RenderSVGText {text} at (800,705) size 78x20 contains 1 chunk(s)
        RenderSVGInlineText {#text} at (0,0) size 78x20
          chunk 1 text run 1 at (800.00,720.00) startOffset 0 endOffset 11 width 77.76: "just a text"
      RenderSVGText {text} at (900,705) size 78x20 contains 1 chunk(s)
        RenderSVGInlineText {#text} at (0,0) size 78x20
          chunk 1 text run 1 at (900.00,720.00) startOffset 0 endOffset 11 width 77.76: "just a text"
      RenderSVGText {text} at (1000,705) size 78x20 contains 1 chunk(s)
        RenderSVGInlineText {#text} at (0,0) size 78x20
          chunk 1 text run 1 at (1000.00,720.00) startOffset 0 endOffset 11 width 77.76: "just a text"
      RenderSVGText {text} at (1100,705) size 78x20 contains 1 chunk(s)
        RenderSVGInlineText {#text} at (0,0) size 78x20
          chunk 1 text run 1 at (1100.00,720.00) startOffset 0 endOffset 11 width 77.76: "just a text"
      RenderSVGText {text} at (1200,705) size 78x20 contains 1 chunk(s)
        RenderSVGInlineText {#text} at (0,0) size 78x20
          chunk 1 text run 1 at (1200.00,720.00) startOffset 0 endOffset 11 width 77.76: "just a text"
      RenderSVGText {text} at (1300,705) size 78x20 contains 1 chunk(s)
        RenderSVGInlineText {#text} at (0,0) size 78x20
          chunk 1 text run 1 at (1300.00,720.00) startOffset 0 endOffset 11 width 77.76: "just a text"
      RenderSVGText {text} at (1400,705) size 78x20 contains 1 chunk(s)
        RenderSVGInlineText {#text} at (0,0) size 78x20
          chunk 1 text run 1 at (1400.00,720.00) startOffset 0 endOffset 11 width 77.76: "just a text"
      RenderSVGText {text} at (1500,705) size 78x20 contains 1 chunk(s)
        RenderSVGInlineText {#text} at (0,0) size 78x20
          chunk 1 text run 1 at (1500.00,720.00) startOffset 0 endOffset 11 width 77.76: "just a text"
      RenderSVGText {text} at (1600,705) size 78x20 contains 1 chunk(s)
        RenderSVGInlineText {#text} at (0,0) size 78x20
          chunk 1 text run 1 at (1600.00,720.00) startOffset 0 endOffset 11 width 77.76: "just a text"
      RenderSVGText {text} at (1700,705) size 78x20 contains 1 chunk(s)
        RenderSVGInlineText {#text} at (0,0) size 78x20
          chunk 1 text run 1 at (1700.00,720.00) startOffset 0 endOffset 11 width 77.76: "just a text"
      RenderSVGText {text} at (1800,705) size 78x20 contains 1 chunk(s)
        RenderSVGInlineText {#text} at (0,0) size 78x20
          chunk 1 text run 1 at (1800.00,720.00) startOffset 0 endOffset 11 width 77.76: "just a text"
      RenderSVGText {text} at (1900,705) size 78x20 contains 1 chunk(s)
        RenderSVGInlineText {#text} at (0,0) size 78x20
          chunk 1 text run 1 at (1900.00,720.00) startOffset 0 endOffset 11 width 77.76: "just a text"
      RenderSVGText {text} at (2000,705) size 78x20 contains 1 chunk(s)
        RenderSVGInlineText {#text} at (0,0) size 78x20
          chunk 1 text run 1 at (2000.00,720.00) startOffset 0 endOffset 11 width 77.76: "just a text"
      RenderSVGText {text} at (2100,705) size 78x20 contains 1 chunk(s)
        RenderSVGInlineText {#text} at (0,0) size 78x20
          chunk 1 text run 1 at (2100.00,720.00) startOffset 0 endOffset 11 width 77.76: "just a text"
      RenderSVGText {text} at (2200,705) size 78x20 contains 1 chunk(s)
        RenderSVGInlineText {#text} at (0,0) size 78x20
          chunk 1 text run 1 at (2200.00,720.00) startOffset 0 endOffset 11 width 77.76: "just a text"
      RenderSVGText {text} at (2300,705) size 78x20 contains 1 chunk(s)
        RenderSVGInlineText {#text} at (0,0) size 78x20
          chunk 1 text run 1 at (2300.00,720.00) startOffset 0 endOffset 11 width 77.76: "just a text"
      RenderSVGText {text} at (2400,705) size 78x20 contains 1 chunk(s)
        RenderSVGInlineText {#text} at (0,0) size 78x20
          chunk 1 text run 1 at (2400.00,720.00) startOffset 0 endOffset 11 width 77.76: "just a text"
      RenderSVGText {text} at (2500,705) size 78x20 contains 1 chunk(s)
        RenderSVGInlineText {#text} at (0,0) size 78x20
          chunk 1 text run 1 at (2500.00,720.00) startOffset 0 endOffset 11 width 77.76: "just a text"
      RenderSVGText {text} at (2600,705) size 78x20 contains 1 chunk(s)
        RenderSVGInlineText {#text} at (0,0) size 78x20
          chunk 1 text run 1 at (2600.00,720.00) startOffset 0 endOffset 11 width 77.76: "just a text"
      RenderSVGText {text} at (2700,705) size 78x20 contains 1 chunk(s)
        RenderSVGInlineText {#text} at (0,0) size 78x20
          chunk 1 text run 1 at (2700.00,720.00) startOffset 0 endOffset 11 width 77.76: "just a text"
      RenderSVGText {text} at (2800,705) size 78x20 contains 1 chunk(s)
        RenderSVGInlineText {#text} at (0,0) size 78x20
          chunk 1 text run 1 at (2800.00,720.00) startOffset 0 endOffset 11 width 77.76: "just a text"
      RenderSVGText {text} at (2900,705) size 78x20 contains 1 chunk(s)
        RenderSVGInlineText {#text} at (0,0) size 78x20
          chunk 1 text run 1 at (2900.00,720.00) startOffset 0 endOffset 11 width 77.76: "just a text"
      RenderSVGText {text} at (3000,705) size 78x20 contains 1 chunk(s)
        RenderSVGInlineText {#text} at (0,0) size 78x20
          chunk 1 text run 1 at (3000.00,720.00) startOffset 0 endOffset 11 width 77.76: "just a text"
      RenderSVGText {text} at (3100,705) size 78x20 contains 1 chunk(s)
        RenderSVGInlineText {#text} at (0,0) size 78x20
          chunk 1 text run 1 at (3100.00,720.00) startOffset 0 endOffset 11 width 77.76: "just a text"
      RenderSVGText {text} at (3200,705) size 78x20 contains 1 chunk(s)
        RenderSVGInlineText {#text} at (0,0) size 78x20
          chunk 1 text run 1 at (3200.00,720.00) startOffset 0 endOffset 11 width 77.76: "just a text"
      RenderSVGText {text} at (3300,705) size 78x20 contains 1 chunk(s)
        RenderSVGInlineText {#text} at (0,0) size 78x20
          chunk 1 text run 1 at (3300.00,720.00) startOffset 0 endOffset 11 width 77.76: "just a text"
      RenderSVGText {text} at (3400,705) size 78x20 contains 1 chunk(s)
        RenderSVGInlineText {#text} at (0,0) size 78x20
          chunk 1 text run 1 at (3400.00,720.00) startOffset 0 endOffset 11 width 77.76: "just a text"
      RenderSVGText {text} at (3500,705) size 78x20 contains 1 chunk(s)
        RenderSVGInlineText {#text} at (0,0) size 78x20
          chunk 1 text run 1 at (3500.00,720.00) startOffset 0 endOffset 11 width 77.76: "just a text"
      RenderSVGText {text} at (3600,705) size 78x20 contains 1 chunk(s)
        RenderSVGInlineText {#text} at (0,0) size 78x20
          chunk 1 text run 1 at (3600.00,720.00) startOffset 0 endOffset 11 width 77.76: "just a text"
      RenderSVGText {text} at (3700,705) size 78x20 contains 1 chunk(s)
        RenderSVGInlineText {#text} at (0,0) size 78x20
          chunk 1 text run 1 at (3700.00,720.00) startOffset 0 endOffset 11 width 77.76: "just a text"
      RenderSVGText {text} at (3800,705) size 78x20 contains 1 chunk(s)
        RenderSVGInlineText {#text} at (0,0) size 78x20
          chunk 1 text run 1 at (3800.00,720.00) startOffset 0 endOffset 11 width 77.76: "just a text"
      RenderSVGText {text} at (3900,705) size 78x20 contains 1 chunk(s)
        RenderSVGInlineText {#text} at (0,0) size 78x20
          chunk 1 text run 1 at (3900.00,720.00) startOffset 0 endOffset 11 width 77.76: "just a text"
      RenderSVGText {text} at (4000,705) size 78x20 contains 1 chunk(s)
        RenderSVGInlineText {#text} at (0,0) size 78x20
          chunk 1 text run 1 at (4000.00,720.00) startOffset 0 endOffset 11 width 77.76: "just a text"
      RenderSVGText {text} at (4100,705) size 78x20 contains 1 chunk(s)
        RenderSVGInlineText {#text} at (0,0) size 78x20
          chunk 1 text run 1 at (4100.00,720.00) startOffset 0 endOffset 11 width 77.76: "just a text"
      RenderSVGText {text} at (4200,705) size 78x20 contains 1 chunk(s)
        RenderSVGInlineText {#text} at (0,0) size 78x20
          chunk 1 text run 1 at (4200.00,720.00) startOffset 0 endOffset 11 width 77.76: "just a text"
      RenderSVGText {text} at (4300,705) size 78x20 contains 1 chunk(s)
        RenderSVGInlineText {#text} at (0,0) size 78x20
          chunk 1 text run 1 at (4300.00,720.00) startOffset 0 endOffset 11 width 77.76: "just a text"
      RenderSVGText {text} at (4400,705) size 78x20 contains 1 chunk(s)
        RenderSVGInlineText {#text} at (0,0) size 78x20
          chunk 1 text run 1 at (4400.00,720.00) startOffset 0 endOffset 11 width 77.76: "just a text"
      RenderSVGText {text} at (4500,705) size 78x20 contains 1 chunk(s)
        RenderSVGInlineText {#text} at (0,0) size 78x20
          chunk 1 text run 1 at (4500.00,720.00) startOffset 0 endOffset 11 width 77.76: "just a text"
      RenderSVGText {text} at (4600,705) size 78x20 contains 1 chunk(s)
        RenderSVGInlineText {#text} at (0,0) size 78x20
          chunk 1 text run 1 at (4600.00,720.00) startOffset 0 endOffset 11 width 77.76: "just a text"
      RenderSVGText {text} at (4700,705) size 78x20 contains 1 chunk(s)
        RenderSVGInlineText {#text} at (0,0) size 78x20
          chunk 1 text run 1 at (4700.00,720.00) startOffset 0 endOffset 11 width 77.76: "just a text"
      RenderSVGText {text} at (4800,705) size 78x20 contains 1 chunk(s)
        RenderSVGInlineText {#text} at (0,0) size 78x20
          chunk 1 text run 1 at (4800.00,720.00) startOffset 0 endOffset 11 width 77.76: "just a text"
      RenderSVGText {text} at (4900,705) size 78x20 contains 1 chunk(s)
        RenderSVGInlineText {#text} at (0,0) size 78x20
          chunk 1 text run 1 at (4900.00,720.00) startOffset 0 endOffset 11 width 77.76: "just a text"
      RenderSVGText {text} at (0,805) size 78x20 contains 1 chunk(s)
        RenderSVGInlineText {#text} at (0,0) size 78x20
          chunk 1 text run 1 at (0.00,820.00) startOffset 0 endOffset 11 width 77.76: "just a text"
      RenderSVGText {text} at (100,805) size 78x20 contains 1 chunk(s)
        RenderSVGInlineText {#text} at (0,0) size 78x20
          chunk 1 text run 1 at (100.00,820.00) startOffset 0 endOffset 11 width 77.76: "just a text"
      RenderSVGText {text} at (200,805) size 78x20 contains 1 chunk(s)
        RenderSVGInlineText {#text} at (0,0) size 78x20
          chunk 1 text run 1 at (200.00,820.00) startOffset 0 endOffset 11 width 77.76: "just a text"
      RenderSVGText {text} at (300,805) size 78x20 contains 1 chunk(s)
        RenderSVGInlineText {#text} at (0,0) size 78x20
          chunk 1 text run 1 at (300.00,820.00) startOffset 0 endOffset 11 width 77.76: "just a text"
      RenderSVGText {text} at (400,805) size 78x20 contains 1 chunk(s)
        RenderSVGInlineText {#text} at (0,0) size 78x20
          chunk 1 text run 1 at (400.00,820.00) startOffset 0 endOffset 11 width 77.76: "just a text"
      RenderSVGText {text} at (500,805) size 78x20 contains 1 chunk(s)
        RenderSVGInlineText {#text} at (0,0) size 78x20
          chunk 1 text run 1 at (500.00,820.00) startOffset 0 endOffset 11 width 77.76: "just a text"
      RenderSVGText {text} at (600,805) size 78x20 contains 1 chunk(s)
        RenderSVGInlineText {#text} at (0,0) size 78x20
          chunk 1 text run 1 at (600.00,820.00) startOffset 0 endOffset 11 width 77.76: "just a text"
      RenderSVGText {text} at (700,805) size 78x20 contains 1 chunk(s)
        RenderSVGInlineText {#text} at (0,0) size 78x20
          chunk 1 text run 1 at (700.00,820.00) startOffset 0 endOffset 11 width 77.76: "just a text"
      RenderSVGText {text} at (800,805) size 78x20 contains 1 chunk(s)
        RenderSVGInlineText {#text} at (0,0) size 78x20
          chunk 1 text run 1 at (800.00,820.00) startOffset 0 endOffset 11 width 77.76: "just a text"
      RenderSVGText {text} at (900,805) size 78x20 contains 1 chunk(s)
        RenderSVGInlineText {#text} at (0,0) size 78x20
          chunk 1 text run 1 at (900.00,820.00) startOffset 0 endOffset 11 width 77.76: "just a text"
      RenderSVGText {text} at (1000,805) size 78x20 contains 1 chunk(s)
        RenderSVGInlineText {#text} at (0,0) size 78x20
          chunk 1 text run 1 at (1000.00,820.00) startOffset 0 endOffset 11 width 77.76: "just a text"
      RenderSVGText {text} at (1100,805) size 78x20 contains 1 chunk(s)
        RenderSVGInlineText {#text} at (0,0) size 78x20
          chunk 1 text run 1 at (1100.00,820.00) startOffset 0 endOffset 11 width 77.76: "just a text"
      RenderSVGText {text} at (1200,805) size 78x20 contains 1 chunk(s)
        RenderSVGInlineText {#text} at (0,0) size 78x20
          chunk 1 text run 1 at (1200.00,820.00) startOffset 0 endOffset 11 width 77.76: "just a text"
      RenderSVGText {text} at (1300,805) size 78x20 contains 1 chunk(s)
        RenderSVGInlineText {#text} at (0,0) size 78x20
          chunk 1 text run 1 at (1300.00,820.00) startOffset 0 endOffset 11 width 77.76: "just a text"
      RenderSVGText {text} at (1400,805) size 78x20 contains 1 chunk(s)
        RenderSVGInlineText {#text} at (0,0) size 78x20
          chunk 1 text run 1 at (1400.00,820.00) startOffset 0 endOffset 11 width 77.76: "just a text"
      RenderSVGText {text} at (1500,805) size 78x20 contains 1 chunk(s)
        RenderSVGInlineText {#text} at (0,0) size 78x20
          chunk 1 text run 1 at (1500.00,820.00) startOffset 0 endOffset 11 width 77.76: "just a text"
      RenderSVGText {text} at (1600,805) size 78x20 contains 1 chunk(s)
        RenderSVGInlineText {#text} at (0,0) size 78x20
          chunk 1 text run 1 at (1600.00,820.00) startOffset 0 endOffset 11 width 77.76: "just a text"
      RenderSVGText {text} at (1700,805) size 78x20 contains 1 chunk(s)
        RenderSVGInlineText {#text} at (0,0) size 78x20
          chunk 1 text run 1 at (1700.00,820.00) startOffset 0 endOffset 11 width 77.76: "just a text"
      RenderSVGText {text} at (1800,805) size 78x20 contains 1 chunk(s)
        RenderSVGInlineText {#text} at (0,0) size 78x20
          chunk 1 text run 1 at (1800.00,820.00) startOffset 0 endOffset 11 width 77.76: "just a text"
      RenderSVGText {text} at (1900,805) size 78x20 contains 1 chunk(s)
        RenderSVGInlineText {#text} at (0,0) size 78x20
          chunk 1 text run 1 at (1900.00,820.00) startOffset 0 endOffset 11 width 77.76: "just a text"
      RenderSVGText {text} at (2000,805) size 78x20 contains 1 chunk(s)
        RenderSVGInlineText {#text} at (0,0) size 78x20
          chunk 1 text run 1 at (2000.00,820.00) startOffset 0 endOffset 11 width 77.76: "just a text"
      RenderSVGText {text} at (2100,805) size 78x20 contains 1 chunk(s)
        RenderSVGInlineText {#text} at (0,0) size 78x20
          chunk 1 text run 1 at (2100.00,820.00) startOffset 0 endOffset 11 width 77.76: "just a text"
      RenderSVGText {text} at (2200,805) size 78x20 contains 1 chunk(s)
        RenderSVGInlineText {#text} at (0,0) size 78x20
          chunk 1 text run 1 at (2200.00,820.00) startOffset 0 endOffset 11 width 77.76: "just a text"
      RenderSVGText {text} at (2300,805) size 78x20 contains 1 chunk(s)
        RenderSVGInlineText {#text} at (0,0) size 78x20
          chunk 1 text run 1 at (2300.00,820.00) startOffset 0 endOffset 11 width 77.76: "just a text"
      RenderSVGText {text} at (2400,805) size 78x20 contains 1 chunk(s)
        RenderSVGInlineText {#text} at (0,0) size 78x20
          chunk 1 text run 1 at (2400.00,820.00) startOffset 0 endOffset 11 width 77.76: "just a text"
      RenderSVGText {text} at (2500,805) size 78x20 contains 1 chunk(s)
        RenderSVGInlineText {#text} at (0,0) size 78x20
          chunk 1 text run 1 at (2500.00,820.00) startOffset 0 endOffset 11 width 77.76: "just a text"
      RenderSVGText {text} at (2600,805) size 78x20 contains 1 chunk(s)
        RenderSVGInlineText {#text} at (0,0) size 78x20
          chunk 1 text run 1 at (2600.00,820.00) startOffset 0 endOffset 11 width 77.76: "just a text"
      RenderSVGText {text} at (2700,805) size 78x20 contains 1 chunk(s)
        RenderSVGInlineText {#text} at (0,0) size 78x20
          chunk 1 text run 1 at (2700.00,820.00) startOffset 0 endOffset 11 width 77.76: "just a text"
      RenderSVGText {text} at (2800,805) size 78x20 contains 1 chunk(s)
        RenderSVGInlineText {#text} at (0,0) size 78x20
          chunk 1 text run 1 at (2800.00,820.00) startOffset 0 endOffset 11 width 77.76: "just a text"
      RenderSVGText {text} at (2900,805) size 78x20 contains 1 chunk(s)
        RenderSVGInlineText {#text} at (0,0) size 78x20
          chunk 1 text run 1 at (2900.00,820.00) startOffset 0 endOffset 11 width 77.76: "just a text"
      RenderSVGText {text} at (3000,805) size 78x20 contains 1 chunk(s)
        RenderSVGInlineText {#text} at (0,0) size 78x20
          chunk 1 text run 1 at (3000.00,820.00) startOffset 0 endOffset 11 width 77.76: "just a text"
      RenderSVGText {text} at (3100,805) size 78x20 contains 1 chunk(s)
        RenderSVGInlineText {#text} at (0,0) size 78x20
          chunk 1 text run 1 at (3100.00,820.00) startOffset 0 endOffset 11 width 77.76: "just a text"
      RenderSVGText {text} at (3200,805) size 78x20 contains 1 chunk(s)
        RenderSVGInlineText {#text} at (0,0) size 78x20
          chunk 1 text run 1 at (3200.00,820.00) startOffset 0 endOffset 11 width 77.76: "just a text"
      RenderSVGText {text} at (3300,805) size 78x20 contains 1 chunk(s)
        RenderSVGInlineText {#text} at (0,0) size 78x20
          chunk 1 text run 1 at (3300.00,820.00) startOffset 0 endOffset 11 width 77.76: "just a text"
      RenderSVGText {text} at (3400,805) size 78x20 contains 1 chunk(s)
        RenderSVGInlineText {#text} at (0,0) size 78x20
          chunk 1 text run 1 at (3400.00,820.00) startOffset 0 endOffset 11 width 77.76: "just a text"
      RenderSVGText {text} at (3500,805) size 78x20 contains 1 chunk(s)
        RenderSVGInlineText {#text} at (0,0) size 78x20
          chunk 1 text run 1 at (3500.00,820.00) startOffset 0 endOffset 11 width 77.76: "just a text"
      RenderSVGText {text} at (3600,805) size 78x20 contains 1 chunk(s)
        RenderSVGInlineText {#text} at (0,0) size 78x20
          chunk 1 text run 1 at (3600.00,820.00) startOffset 0 endOffset 11 width 77.76: "just a text"
      RenderSVGText {text} at (3700,805) size 78x20 contains 1 chunk(s)
        RenderSVGInlineText {#text} at (0,0) size 78x20
          chunk 1 text run 1 at (3700.00,820.00) startOffset 0 endOffset 11 width 77.76: "just a text"
      RenderSVGText {text} at (3800,805) size 78x20 contains 1 chunk(s)
        RenderSVGInlineText {#text} at (0,0) size 78x20
          chunk 1 text run 1 at (3800.00,820.00) startOffset 0 endOffset 11 width 77.76: "just a text"
      RenderSVGText {text} at (3900,805) size 78x20 contains 1 chunk(s)
        RenderSVGInlineText {#text} at (0,0) size 78x20
          chunk 1 text run 1 at (3900.00,820.00) startOffset 0 endOffset 11 width 77.76: "just a text"
      RenderSVGText {text} at (4000,805) size 78x20 contains 1 chunk(s)
        RenderSVGInlineText {#text} at (0,0) size 78x20
          chunk 1 text run 1 at (4000.00,820.00) startOffset 0 endOffset 11 width 77.76: "just a text"
      RenderSVGText {text} at (4100,805) size 78x20 contains 1 chunk(s)
        RenderSVGInlineText {#text} at (0,0) size 78x20
          chunk 1 text run 1 at (4100.00,820.00) startOffset 0 endOffset 11 width 77.76: "just a text"
      RenderSVGText {text} at (4200,805) size 78x20 contains 1 chunk(s)
        RenderSVGInlineText {#text} at (0,0) size 78x20
          chunk 1 text run 1 at (4200.00,820.00) startOffset 0 endOffset 11 width 77.76: "just a text"
      RenderSVGText {text} at (4300,805) size 78x20 contains 1 chunk(s)
        RenderSVGInlineText {#text} at (0,0) size 78x20
          chunk 1 text run 1 at (4300.00,820.00) startOffset 0 endOffset 11 width 77.76: "just a text"
      RenderSVGText {text} at (4400,805) size 78x20 contains 1 chunk(s)
        RenderSVGInlineText {#text} at (0,0) size 78x20
          chunk 1 text run 1 at (4400.00,820.00) startOffset 0 endOffset 11 width 77.76: "just a text"
      RenderSVGText {text} at (4500,805) size 78x20 contains 1 chunk(s)
        RenderSVGInlineText {#text} at (0,0) size 78x20
          chunk 1 text run 1 at (4500.00,820.00) startOffset 0 endOffset 11 width 77.76: "just a text"
      RenderSVGText {text} at (4600,805) size 78x20 contains 1 chunk(s)
        RenderSVGInlineText {#text} at (0,0) size 78x20
          chunk 1 text run 1 at (4600.00,820.00) startOffset 0 endOffset 11 width 77.76: "just a text"
      RenderSVGText {text} at (4700,805) size 78x20 contains 1 chunk(s)
        RenderSVGInlineText {#text} at (0,0) size 78x20
          chunk 1 text run 1 at (4700.00,820.00) startOffset 0 endOffset 11 width 77.76: "just a text"
      RenderSVGText {text} at (4800,805) size 78x20 contains 1 chunk(s)
        RenderSVGInlineText {#text} at (0,0) size 78x20
          chunk 1 text run 1 at (4800.00,820.00) startOffset 0 endOffset 11 width 77.76: "just a text"
      RenderSVGText {text} at (4900,805) size 78x20 contains 1 chunk(s)
        RenderSVGInlineText {#text} at (0,0) size 78x20
          chunk 1 text run 1 at (4900.00,820.00) startOffset 0 endOffset 11 width 77.76: "just a text"
      RenderSVGText {text} at (0,905) size 78x20 contains 1 chunk(s)
        RenderSVGInlineText {#text} at (0,0) size 78x20
          chunk 1 text run 1 at (0.00,920.00) startOffset 0 endOffset 11 width 77.76: "just a text"
      RenderSVGText {text} at (100,905) size 78x20 contains 1 chunk(s)
        RenderSVGInlineText {#text} at (0,0) size 78x20
          chunk 1 text run 1 at (100.00,920.00) startOffset 0 endOffset 11 width 77.76: "just a text"
      RenderSVGText {text} at (200,905) size 78x20 contains 1 chunk(s)
        RenderSVGInlineText {#text} at (0,0) size 78x20
          chunk 1 text run 1 at (200.00,920.00) startOffset 0 endOffset 11 width 77.76: "just a text"
      RenderSVGText {text} at (300,905) size 78x20 contains 1 chunk(s)
        RenderSVGInlineText {#text} at (0,0) size 78x20
          chunk 1 text run 1 at (300.00,920.00) startOffset 0 endOffset 11 width 77.76: "just a text"
      RenderSVGText {text} at (400,905) size 78x20 contains 1 chunk(s)
        RenderSVGInlineText {#text} at (0,0) size 78x20
          chunk 1 text run 1 at (400.00,920.00) startOffset 0 endOffset 11 width 77.76: "just a text"
      RenderSVGText {text} at (500,905) size 78x20 contains 1 chunk(s)
        RenderSVGInlineText {#text} at (0,0) size 78x20
          chunk 1 text run 1 at (500.00,920.00) startOffset 0 endOffset 11 width 77.76: "just a text"
      RenderSVGText {text} at (600,905) size 78x20 contains 1 chunk(s)
        RenderSVGInlineText {#text} at (0,0) size 78x20
          chunk 1 text run 1 at (600.00,920.00) startOffset 0 endOffset 11 width 77.76: "just a text"
      RenderSVGText {text} at (700,905) size 78x20 contains 1 chunk(s)
        RenderSVGInlineText {#text} at (0,0) size 78x20
          chunk 1 text run 1 at (700.00,920.00) startOffset 0 endOffset 11 width 77.76: "just a text"
      RenderSVGText {text} at (800,905) size 78x20 contains 1 chunk(s)
        RenderSVGInlineText {#text} at (0,0) size 78x20
          chunk 1 text run 1 at (800.00,920.00) startOffset 0 endOffset 11 width 77.76: "just a text"
      RenderSVGText {text} at (900,905) size 78x20 contains 1 chunk(s)
        RenderSVGInlineText {#text} at (0,0) size 78x20
          chunk 1 text run 1 at (900.00,920.00) startOffset 0 endOffset 11 width 77.76: "just a text"
      RenderSVGText {text} at (1000,905) size 78x20 contains 1 chunk(s)
        RenderSVGInlineText {#text} at (0,0) size 78x20
          chunk 1 text run 1 at (1000.00,920.00) startOffset 0 endOffset 11 width 77.76: "just a text"
      RenderSVGText {text} at (1100,905) size 78x20 contains 1 chunk(s)
        RenderSVGInlineText {#text} at (0,0) size 78x20
          chunk 1 text run 1 at (1100.00,920.00) startOffset 0 endOffset 11 width 77.76: "just a text"
      RenderSVGText {text} at (1200,905) size 78x20 contains 1 chunk(s)
        RenderSVGInlineText {#text} at (0,0) size 78x20
          chunk 1 text run 1 at (1200.00,920.00) startOffset 0 endOffset 11 width 77.76: "just a text"
      RenderSVGText {text} at (1300,905) size 78x20 contains 1 chunk(s)
        RenderSVGInlineText {#text} at (0,0) size 78x20
          chunk 1 text run 1 at (1300.00,920.00) startOffset 0 endOffset 11 width 77.76: "just a text"
      RenderSVGText {text} at (1400,905) size 78x20 contains 1 chunk(s)
        RenderSVGInlineText {#text} at (0,0) size 78x20
          chunk 1 text run 1 at (1400.00,920.00) startOffset 0 endOffset 11 width 77.76: "just a text"
      RenderSVGText {text} at (1500,905) size 78x20 contains 1 chunk(s)
        RenderSVGInlineText {#text} at (0,0) size 78x20
          chunk 1 text run 1 at (1500.00,920.00) startOffset 0 endOffset 11 width 77.76: "just a text"
      RenderSVGText {text} at (1600,905) size 78x20 contains 1 chunk(s)
        RenderSVGInlineText {#text} at (0,0) size 78x20
          chunk 1 text run 1 at (1600.00,920.00) startOffset 0 endOffset 11 width 77.76: "just a text"
      RenderSVGText {text} at (1700,905) size 78x20 contains 1 chunk(s)
        RenderSVGInlineText {#text} at (0,0) size 78x20
          chunk 1 text run 1 at (1700.00,920.00) startOffset 0 endOffset 11 width 77.76: "just a text"
      RenderSVGText {text} at (1800,905) size 78x20 contains 1 chunk(s)
        RenderSVGInlineText {#text} at (0,0) size 78x20
          chunk 1 text run 1 at (1800.00,920.00) startOffset 0 endOffset 11 width 77.76: "just a text"
      RenderSVGText {text} at (1900,905) size 78x20 contains 1 chunk(s)
        RenderSVGInlineText {#text} at (0,0) size 78x20
          chunk 1 text run 1 at (1900.00,920.00) startOffset 0 endOffset 11 width 77.76: "just a text"
      RenderSVGText {text} at (2000,905) size 78x20 contains 1 chunk(s)
        RenderSVGInlineText {#text} at (0,0) size 78x20
          chunk 1 text run 1 at (2000.00,920.00) startOffset 0 endOffset 11 width 77.76: "just a text"
      RenderSVGText {text} at (2100,905) size 78x20 contains 1 chunk(s)
        RenderSVGInlineText {#text} at (0,0) size 78x20
          chunk 1 text run 1 at (2100.00,920.00) startOffset 0 endOffset 11 width 77.76: "just a text"
      RenderSVGText {text} at (2200,905) size 78x20 contains 1 chunk(s)
        RenderSVGInlineText {#text} at (0,0) size 78x20
          chunk 1 text run 1 at (2200.00,920.00) startOffset 0 endOffset 11 width 77.76: "just a text"
      RenderSVGText {text} at (2300,905) size 78x20 contains 1 chunk(s)
        RenderSVGInlineText {#text} at (0,0) size 78x20
          chunk 1 text run 1 at (2300.00,920.00) startOffset 0 endOffset 11 width 77.76: "just a text"
      RenderSVGText {text} at (2400,905) size 78x20 contains 1 chunk(s)
        RenderSVGInlineText {#text} at (0,0) size 78x20
          chunk 1 text run 1 at (2400.00,920.00) startOffset 0 endOffset 11 width 77.76: "just a text"
      RenderSVGText {text} at (2500,905) size 78x20 contains 1 chunk(s)
        RenderSVGInlineText {#text} at (0,0) size 78x20
          chunk 1 text run 1 at (2500.00,920.00) startOffset 0 endOffset 11 width 77.76: "just a text"
      RenderSVGText {text} at (2600,905) size 78x20 contains 1 chunk(s)
        RenderSVGInlineText {#text} at (0,0) size 78x20
          chunk 1 text run 1 at (2600.00,920.00) startOffset 0 endOffset 11 width 77.76: "just a text"
      RenderSVGText {text} at (2700,905) size 78x20 contains 1 chunk(s)
        RenderSVGInlineText {#text} at (0,0) size 78x20
          chunk 1 text run 1 at (2700.00,920.00) startOffset 0 endOffset 11 width 77.76: "just a text"
      RenderSVGText {text} at (2800,905) size 78x20 contains 1 chunk(s)
        RenderSVGInlineText {#text} at (0,0) size 78x20
          chunk 1 text run 1 at (2800.00,920.00) startOffset 0 endOffset 11 width 77.76: "just a text"
      RenderSVGText {text} at (2900,905) size 78x20 contains 1 chunk(s)
        RenderSVGInlineText {#text} at (0,0) size 78x20
          chunk 1 text run 1 at (2900.00,920.00) startOffset 0 endOffset 11 width 77.76: "just a text"
      RenderSVGText {text} at (3000,905) size 78x20 contains 1 chunk(s)
        RenderSVGInlineText {#text} at (0,0) size 78x20
          chunk 1 text run 1 at (3000.00,920.00) startOffset 0 endOffset 11 width 77.76: "just a text"
      RenderSVGText {text} at (3100,905) size 78x20 contains 1 chunk(s)
        RenderSVGInlineText {#text} at (0,0) size 78x20
          chunk 1 text run 1 at (3100.00,920.00) startOffset 0 endOffset 11 width 77.76: "just a text"
      RenderSVGText {text} at (3200,905) size 78x20 contains 1 chunk(s)
        RenderSVGInlineText {#text} at (0,0) size 78x20
          chunk 1 text run 1 at (3200.00,920.00) startOffset 0 endOffset 11 width 77.76: "just a text"
      RenderSVGText {text} at (3300,905) size 78x20 contains 1 chunk(s)
        RenderSVGInlineText {#text} at (0,0) size 78x20
          chunk 1 text run 1 at (3300.00,920.00) startOffset 0 endOffset 11 width 77.76: "just a text"
      RenderSVGText {text} at (3400,905) size 78x20 contains 1 chunk(s)
        RenderSVGInlineText {#text} at (0,0) size 78x20
          chunk 1 text run 1 at (3400.00,920.00) startOffset 0 endOffset 11 width 77.76: "just a text"
      RenderSVGText {text} at (3500,905) size 78x20 contains 1 chunk(s)
        RenderSVGInlineText {#text} at (0,0) size 78x20
          chunk 1 text run 1 at (3500.00,920.00) startOffset 0 endOffset 11 width 77.76: "just a text"
      RenderSVGText {text} at (3600,905) size 78x20 contains 1 chunk(s)
        RenderSVGInlineText {#text} at (0,0) size 78x20
          chunk 1 text run 1 at (3600.00,920.00) startOffset 0 endOffset 11 width 77.76: "just a text"
      RenderSVGText {text} at (3700,905) size 78x20 contains 1 chunk(s)
        RenderSVGInlineText {#text} at (0,0) size 78x20
          chunk 1 text run 1 at (3700.00,920.00) startOffset 0 endOffset 11 width 77.76: "just a text"
      RenderSVGText {text} at (3800,905) size 78x20 contains 1 chunk(s)
        RenderSVGInlineText {#text} at (0,0) size 78x20
          chunk 1 text run 1 at (3800.00,920.00) startOffset 0 endOffset 11 width 77.76: "just a text"
      RenderSVGText {text} at (3900,905) size 78x20 contains 1 chunk(s)
        RenderSVGInlineText {#text} at (0,0) size 78x20
          chunk 1 text run 1 at (3900.00,920.00) startOffset 0 endOffset 11 width 77.76: "just a text"
      RenderSVGText {text} at (4000,905) size 78x20 contains 1 chunk(s)
        RenderSVGInlineText {#text} at (0,0) size 78x20
          chunk 1 text run 1 at (4000.00,920.00) startOffset 0 endOffset 11 width 77.76: "just a text"
      RenderSVGText {text} at (4100,905) size 78x20 contains 1 chunk(s)
        RenderSVGInlineText {#text} at (0,0) size 78x20
          chunk 1 text run 1 at (4100.00,920.00) startOffset 0 endOffset 11 width 77.76: "just a text"
      RenderSVGText {text} at (4200,905) size 78x20 contains 1 chunk(s)
        RenderSVGInlineText {#text} at (0,0) size 78x20
          chunk 1 text run 1 at (4200.00,920.00) startOffset 0 endOffset 11 width 77.76: "just a text"
      RenderSVGText {text} at (4300,905) size 78x20 contains 1 chunk(s)
        RenderSVGInlineText {#text} at (0,0) size 78x20
          chunk 1 text run 1 at (4300.00,920.00) startOffset 0 endOffset 11 width 77.76: "just a text"
      RenderSVGText {text} at (4400,905) size 78x20 contains 1 chunk(s)
        RenderSVGInlineText {#text} at (0,0) size 78x20
          chunk 1 text run 1 at (4400.00,920.00) startOffset 0 endOffset 11 width 77.76: "just a text"
      RenderSVGText {text} at (4500,905) size 78x20 contains 1 chunk(s)
        RenderSVGInlineText {#text} at (0,0) size 78x20
          chunk 1 text run 1 at (4500.00,920.00) startOffset 0 endOffset 11 width 77.76: "just a text"
      RenderSVGText {text} at (4600,905) size 78x20 contains 1 chunk(s)
        RenderSVGInlineText {#text} at (0,0) size 78x20
          chunk 1 text run 1 at (4600.00,920.00) startOffset 0 endOffset 11 width 77.76: "just a text"
      RenderSVGText {text} at (4700,905) size 78x20 contains 1 chunk(s)
        RenderSVGInlineText {#text} at (0,0) size 78x20
          chunk 1 text run 1 at (4700.00,920.00) startOffset 0 endOffset 11 width 77.76: "just a text"
      RenderSVGText {text} at (4800,905) size 78x20 contains 1 chunk(s)
        RenderSVGInlineText {#text} at (0,0) size 78x20
          chunk 1 text run 1 at (4800.00,920.00) startOffset 0 endOffset 11 width 77.76: "just a text"
      RenderSVGText {text} at (4900,905) size 78x20 contains 1 chunk(s)
        RenderSVGInlineText {#text} at (0,0) size 78x20
          chunk 1 text run 1 at (4900.00,920.00) startOffset 0 endOffset 11 width 77.76: "just a text"
      RenderSVGText {text} at (0,1005) size 78x20 contains 1 chunk(s)
        RenderSVGInlineText {#text} at (0,0) size 78x20
          chunk 1 text run 1 at (0.00,1020.00) startOffset 0 endOffset 11 width 77.76: "just a text"
      RenderSVGText {text} at (100,1005) size 78x20 contains 1 chunk(s)
        RenderSVGInlineText {#text} at (0,0) size 78x20
          chunk 1 text run 1 at (100.00,1020.00) startOffset 0 endOffset 11 width 77.76: "just a text"
      RenderSVGText {text} at (200,1005) size 78x20 contains 1 chunk(s)
        RenderSVGInlineText {#text} at (0,0) size 78x20
          chunk 1 text run 1 at (200.00,1020.00) startOffset 0 endOffset 11 width 77.76: "just a text"
      RenderSVGText {text} at (300,1005) size 78x20 contains 1 chunk(s)
        RenderSVGInlineText {#text} at (0,0) size 78x20
          chunk 1 text run 1 at (300.00,1020.00) startOffset 0 endOffset 11 width 77.76: "just a text"
      RenderSVGText {text} at (400,1005) size 78x20 contains 1 chunk(s)
        RenderSVGInlineText {#text} at (0,0) size 78x20
          chunk 1 text run 1 at (400.00,1020.00) startOffset 0 endOffset 11 width 77.76: "just a text"
      RenderSVGText {text} at (500,1005) size 78x20 contains 1 chunk(s)
        RenderSVGInlineText {#text} at (0,0) size 78x20
          chunk 1 text run 1 at (500.00,1020.00) startOffset 0 endOffset 11 width 77.76: "just a text"
      RenderSVGText {text} at (600,1005) size 78x20 contains 1 chunk(s)
        RenderSVGInlineText {#text} at (0,0) size 78x20
          chunk 1 text run 1 at (600.00,1020.00) startOffset 0 endOffset 11 width 77.76: "just a text"
      RenderSVGText {text} at (700,1005) size 78x20 contains 1 chunk(s)
        RenderSVGInlineText {#text} at (0,0) size 78x20
          chunk 1 text run 1 at (700.00,1020.00) startOffset 0 endOffset 11 width 77.76: "just a text"
      RenderSVGText {text} at (800,1005) size 78x20 contains 1 chunk(s)
        RenderSVGInlineText {#text} at (0,0) size 78x20
          chunk 1 text run 1 at (800.00,1020.00) startOffset 0 endOffset 11 width 77.76: "just a text"
      RenderSVGText {text} at (900,1005) size 78x20 contains 1 chunk(s)
        RenderSVGInlineText {#text} at (0,0) size 78x20
          chunk 1 text run 1 at (900.00,1020.00) startOffset 0 endOffset 11 width 77.76: "just a text"
      RenderSVGText {text} at (1000,1005) size 78x20 contains 1 chunk(s)
        RenderSVGInlineText {#text} at (0,0) size 78x20
          chunk 1 text run 1 at (1000.00,1020.00) startOffset 0 endOffset 11 width 77.76: "just a text"
      RenderSVGText {text} at (1100,1005) size 78x20 contains 1 chunk(s)
        RenderSVGInlineText {#text} at (0,0) size 78x20
          chunk 1 text run 1 at (1100.00,1020.00) startOffset 0 endOffset 11 width 77.76: "just a text"
      RenderSVGText {text} at (1200,1005) size 78x20 contains 1 chunk(s)
        RenderSVGInlineText {#text} at (0,0) size 78x20
          chunk 1 text run 1 at (1200.00,1020.00) startOffset 0 endOffset 11 width 77.76: "just a text"
      RenderSVGText {text} at (1300,1005) size 78x20 contains 1 chunk(s)
        RenderSVGInlineText {#text} at (0,0) size 78x20
          chunk 1 text run 1 at (1300.00,1020.00) startOffset 0 endOffset 11 width 77.76: "just a text"
      RenderSVGText {text} at (1400,1005) size 78x20 contains 1 chunk(s)
        RenderSVGInlineText {#text} at (0,0) size 78x20
          chunk 1 text run 1 at (1400.00,1020.00) startOffset 0 endOffset 11 width 77.76: "just a text"
      RenderSVGText {text} at (1500,1005) size 78x20 contains 1 chunk(s)
        RenderSVGInlineText {#text} at (0,0) size 78x20
          chunk 1 text run 1 at (1500.00,1020.00) startOffset 0 endOffset 11 width 77.76: "just a text"
      RenderSVGText {text} at (1600,1005) size 78x20 contains 1 chunk(s)
        RenderSVGInlineText {#text} at (0,0) size 78x20
          chunk 1 text run 1 at (1600.00,1020.00) startOffset 0 endOffset 11 width 77.76: "just a text"
      RenderSVGText {text} at (1700,1005) size 78x20 contains 1 chunk(s)
        RenderSVGInlineText {#text} at (0,0) size 78x20
          chunk 1 text run 1 at (1700.00,1020.00) startOffset 0 endOffset 11 width 77.76: "just a text"
      RenderSVGText {text} at (1800,1005) size 78x20 contains 1 chunk(s)
        RenderSVGInlineText {#text} at (0,0) size 78x20
          chunk 1 text run 1 at (1800.00,1020.00) startOffset 0 endOffset 11 width 77.76: "just a text"
      RenderSVGText {text} at (1900,1005) size 78x20 contains 1 chunk(s)
        RenderSVGInlineText {#text} at (0,0) size 78x20
          chunk 1 text run 1 at (1900.00,1020.00) startOffset 0 endOffset 11 width 77.76: "just a text"
      RenderSVGText {text} at (2000,1005) size 78x20 contains 1 chunk(s)
        RenderSVGInlineText {#text} at (0,0) size 78x20
          chunk 1 text run 1 at (2000.00,1020.00) startOffset 0 endOffset 11 width 77.76: "just a text"
      RenderSVGText {text} at (2100,1005) size 78x20 contains 1 chunk(s)
        RenderSVGInlineText {#text} at (0,0) size 78x20
          chunk 1 text run 1 at (2100.00,1020.00) startOffset 0 endOffset 11 width 77.76: "just a text"
      RenderSVGText {text} at (2200,1005) size 78x20 contains 1 chunk(s)
        RenderSVGInlineText {#text} at (0,0) size 78x20
          chunk 1 text run 1 at (2200.00,1020.00) startOffset 0 endOffset 11 width 77.76: "just a text"
      RenderSVGText {text} at (2300,1005) size 78x20 contains 1 chunk(s)
        RenderSVGInlineText {#text} at (0,0) size 78x20
          chunk 1 text run 1 at (2300.00,1020.00) startOffset 0 endOffset 11 width 77.76: "just a text"
      RenderSVGText {text} at (2400,1005) size 78x20 contains 1 chunk(s)
        RenderSVGInlineText {#text} at (0,0) size 78x20
          chunk 1 text run 1 at (2400.00,1020.00) startOffset 0 endOffset 11 width 77.76: "just a text"
      RenderSVGText {text} at (2500,1005) size 78x20 contains 1 chunk(s)
        RenderSVGInlineText {#text} at (0,0) size 78x20
          chunk 1 text run 1 at (2500.00,1020.00) startOffset 0 endOffset 11 width 77.76: "just a text"
      RenderSVGText {text} at (2600,1005) size 78x20 contains 1 chunk(s)
        RenderSVGInlineText {#text} at (0,0) size 78x20
          chunk 1 text run 1 at (2600.00,1020.00) startOffset 0 endOffset 11 width 77.76: "just a text"
      RenderSVGText {text} at (2700,1005) size 78x20 contains 1 chunk(s)
        RenderSVGInlineText {#text} at (0,0) size 78x20
          chunk 1 text run 1 at (2700.00,1020.00) startOffset 0 endOffset 11 width 77.76: "just a text"
      RenderSVGText {text} at (2800,1005) size 78x20 contains 1 chunk(s)
        RenderSVGInlineText {#text} at (0,0) size 78x20
          chunk 1 text run 1 at (2800.00,1020.00) startOffset 0 endOffset 11 width 77.76: "just a text"
      RenderSVGText {text} at (2900,1005) size 78x20 contains 1 chunk(s)
        RenderSVGInlineText {#text} at (0,0) size 78x20
          chunk 1 text run 1 at (2900.00,1020.00) startOffset 0 endOffset 11 width 77.76: "just a text"
      RenderSVGText {text} at (3000,1005) size 78x20 contains 1 chunk(s)
        RenderSVGInlineText {#text} at (0,0) size 78x20
          chunk 1 text run 1 at (3000.00,1020.00) startOffset 0 endOffset 11 width 77.76: "just a text"
      RenderSVGText {text} at (3100,1005) size 78x20 contains 1 chunk(s)
        RenderSVGInlineText {#text} at (0,0) size 78x20
          chunk 1 text run 1 at (3100.00,1020.00) startOffset 0 endOffset 11 width 77.76: "just a text"
      RenderSVGText {text} at (3200,1005) size 78x20 contains 1 chunk(s)
        RenderSVGInlineText {#text} at (0,0) size 78x20
          chunk 1 text run 1 at (3200.00,1020.00) startOffset 0 endOffset 11 width 77.76: "just a text"
      RenderSVGText {text} at (3300,1005) size 78x20 contains 1 chunk(s)
        RenderSVGInlineText {#text} at (0,0) size 78x20
          chunk 1 text run 1 at (3300.00,1020.00) startOffset 0 endOffset 11 width 77.76: "just a text"
      RenderSVGText {text} at (3400,1005) size 78x20 contains 1 chunk(s)
        RenderSVGInlineText {#text} at (0,0) size 78x20
          chunk 1 text run 1 at (3400.00,1020.00) startOffset 0 endOffset 11 width 77.76: "just a text"
      RenderSVGText {text} at (3500,1005) size 78x20 contains 1 chunk(s)
        RenderSVGInlineText {#text} at (0,0) size 78x20
          chunk 1 text run 1 at (3500.00,1020.00) startOffset 0 endOffset 11 width 77.76: "just a text"
      RenderSVGText {text} at (3600,1005) size 78x20 contains 1 chunk(s)
        RenderSVGInlineText {#text} at (0,0) size 78x20
          chunk 1 text run 1 at (3600.00,1020.00) startOffset 0 endOffset 11 width 77.76: "just a text"
      RenderSVGText {text} at (3700,1005) size 78x20 contains 1 chunk(s)
        RenderSVGInlineText {#text} at (0,0) size 78x20
          chunk 1 text run 1 at (3700.00,1020.00) startOffset 0 endOffset 11 width 77.76: "just a text"
      RenderSVGText {text} at (3800,1005) size 78x20 contains 1 chunk(s)
        RenderSVGInlineText {#text} at (0,0) size 78x20
          chunk 1 text run 1 at (3800.00,1020.00) startOffset 0 endOffset 11 width 77.76: "just a text"
      RenderSVGText {text} at (3900,1005) size 78x20 contains 1 chunk(s)
        RenderSVGInlineText {#text} at (0,0) size 78x20
          chunk 1 text run 1 at (3900.00,1020.00) startOffset 0 endOffset 11 width 77.76: "just a text"
      RenderSVGText {text} at (4000,1005) size 78x20 contains 1 chunk(s)
        RenderSVGInlineText {#text} at (0,0) size 78x20
          chunk 1 text run 1 at (4000.00,1020.00) startOffset 0 endOffset 11 width 77.76: "just a text"
      RenderSVGText {text} at (4100,1005) size 78x20 contains 1 chunk(s)
        RenderSVGInlineText {#text} at (0,0) size 78x20
          chunk 1 text run 1 at (4100.00,1020.00) startOffset 0 endOffset 11 width 77.76: "just a text"
      RenderSVGText {text} at (4200,1005) size 78x20 contains 1 chunk(s)
        RenderSVGInlineText {#text} at (0,0) size 78x20
          chunk 1 text run 1 at (4200.00,1020.00) startOffset 0 endOffset 11 width 77.76: "just a text"
      RenderSVGText {text} at (4300,1005) size 78x20 contains 1 chunk(s)
        RenderSVGInlineText {#text} at (0,0) size 78x20
          chunk 1 text run 1 at (4300.00,1020.00) startOffset 0 endOffset 11 width 77.76: "just a text"
      RenderSVGText {text} at (4400,1005) size 78x20 contains 1 chunk(s)
        RenderSVGInlineText {#text} at (0,0) size 78x20
          chunk 1 text run 1 at (4400.00,1020.00) startOffset 0 endOffset 11 width 77.76: "just a text"
      RenderSVGText {text} at (4500,1005) size 78x20 contains 1 chunk(s)
        RenderSVGInlineText {#text} at (0,0) size 78x20
          chunk 1 text run 1 at (4500.00,1020.00) startOffset 0 endOffset 11 width 77.76: "just a text"
      RenderSVGText {text} at (4600,1005) size 78x20 contains 1 chunk(s)
        RenderSVGInlineText {#text} at (0,0) size 78x20
          chunk 1 text run 1 at (4600.00,1020.00) startOffset 0 endOffset 11 width 77.76: "just a text"
      RenderSVGText {text} at (4700,1005) size 78x20 contains 1 chunk(s)
        RenderSVGInlineText {#text} at (0,0) size 78x20
          chunk 1 text run 1 at (4700.00,1020.00) startOffset 0 endOffset 11 width 77.76: "just a text"
      RenderSVGText {text} at (4800,1005) size 78x20 contains 1 chunk(s)
        RenderSVGInlineText {#text} at (0,0) size 78x20
          chunk 1 text run 1 at (4800.00,1020.00) startOffset 0 endOffset 11 width 77.76: "just a text"
      RenderSVGText {text} at (4900,1005) size 78x20 contains 1 chunk(s)
        RenderSVGInlineText {#text} at (0,0) size 78x20
          chunk 1 text run 1 at (4900.00,1020.00) startOffset 0 endOffset 11 width 77.76: "just a text"
      RenderSVGText {text} at (0,1105) size 78x20 contains 1 chunk(s)
        RenderSVGInlineText {#text} at (0,0) size 78x20
          chunk 1 text run 1 at (0.00,1120.00) startOffset 0 endOffset 11 width 77.76: "just a text"
      RenderSVGText {text} at (100,1105) size 78x20 contains 1 chunk(s)
        RenderSVGInlineText {#text} at (0,0) size 78x20
          chunk 1 text run 1 at (100.00,1120.00) startOffset 0 endOffset 11 width 77.76: "just a text"
      RenderSVGText {text} at (200,1105) size 78x20 contains 1 chunk(s)
        RenderSVGInlineText {#text} at (0,0) size 78x20
          chunk 1 text run 1 at (200.00,1120.00) startOffset 0 endOffset 11 width 77.76: "just a text"
      RenderSVGText {text} at (300,1105) size 78x20 contains 1 chunk(s)
        RenderSVGInlineText {#text} at (0,0) size 78x20
          chunk 1 text run 1 at (300.00,1120.00) startOffset 0 endOffset 11 width 77.76: "just a text"
      RenderSVGText {text} at (400,1105) size 78x20 contains 1 chunk(s)
        RenderSVGInlineText {#text} at (0,0) size 78x20
          chunk 1 text run 1 at (400.00,1120.00) startOffset 0 endOffset 11 width 77.76: "just a text"
      RenderSVGText {text} at (500,1105) size 78x20 contains 1 chunk(s)
        RenderSVGInlineText {#text} at (0,0) size 78x20
          chunk 1 text run 1 at (500.00,1120.00) startOffset 0 endOffset 11 width 77.76: "just a text"
      RenderSVGText {text} at (600,1105) size 78x20 contains 1 chunk(s)
        RenderSVGInlineText {#text} at (0,0) size 78x20
          chunk 1 text run 1 at (600.00,1120.00) startOffset 0 endOffset 11 width 77.76: "just a text"
      RenderSVGText {text} at (700,1105) size 78x20 contains 1 chunk(s)
        RenderSVGInlineText {#text} at (0,0) size 78x20
          chunk 1 text run 1 at (700.00,1120.00) startOffset 0 endOffset 11 width 77.76: "just a text"
      RenderSVGText {text} at (800,1105) size 78x20 contains 1 chunk(s)
        RenderSVGInlineText {#text} at (0,0) size 78x20
          chunk 1 text run 1 at (800.00,1120.00) startOffset 0 endOffset 11 width 77.76: "just a text"
      RenderSVGText {text} at (900,1105) size 78x20 contains 1 chunk(s)
        RenderSVGInlineText {#text} at (0,0) size 78x20
          chunk 1 text run 1 at (900.00,1120.00) startOffset 0 endOffset 11 width 77.76: "just a text"
      RenderSVGText {text} at (1000,1105) size 78x20 contains 1 chunk(s)
        RenderSVGInlineText {#text} at (0,0) size 78x20
          chunk 1 text run 1 at (1000.00,1120.00) startOffset 0 endOffset 11 width 77.76: "just a text"
      RenderSVGText {text} at (1100,1105) size 78x20 contains 1 chunk(s)
        RenderSVGInlineText {#text} at (0,0) size 78x20
          chunk 1 text run 1 at (1100.00,1120.00) startOffset 0 endOffset 11 width 77.76: "just a text"
      RenderSVGText {text} at (1200,1105) size 78x20 contains 1 chunk(s)
        RenderSVGInlineText {#text} at (0,0) size 78x20
          chunk 1 text run 1 at (1200.00,1120.00) startOffset 0 endOffset 11 width 77.76: "just a text"
      RenderSVGText {text} at (1300,1105) size 78x20 contains 1 chunk(s)
        RenderSVGInlineText {#text} at (0,0) size 78x20
          chunk 1 text run 1 at (1300.00,1120.00) startOffset 0 endOffset 11 width 77.76: "just a text"
      RenderSVGText {text} at (1400,1105) size 78x20 contains 1 chunk(s)
        RenderSVGInlineText {#text} at (0,0) size 78x20
          chunk 1 text run 1 at (1400.00,1120.00) startOffset 0 endOffset 11 width 77.76: "just a text"
      RenderSVGText {text} at (1500,1105) size 78x20 contains 1 chunk(s)
        RenderSVGInlineText {#text} at (0,0) size 78x20
          chunk 1 text run 1 at (1500.00,1120.00) startOffset 0 endOffset 11 width 77.76: "just a text"
      RenderSVGText {text} at (1600,1105) size 78x20 contains 1 chunk(s)
        RenderSVGInlineText {#text} at (0,0) size 78x20
          chunk 1 text run 1 at (1600.00,1120.00) startOffset 0 endOffset 11 width 77.76: "just a text"
      RenderSVGText {text} at (1700,1105) size 78x20 contains 1 chunk(s)
        RenderSVGInlineText {#text} at (0,0) size 78x20
          chunk 1 text run 1 at (1700.00,1120.00) startOffset 0 endOffset 11 width 77.76: "just a text"
      RenderSVGText {text} at (1800,1105) size 78x20 contains 1 chunk(s)
        RenderSVGInlineText {#text} at (0,0) size 78x20
          chunk 1 text run 1 at (1800.00,1120.00) startOffset 0 endOffset 11 width 77.76: "just a text"
      RenderSVGText {text} at (1900,1105) size 78x20 contains 1 chunk(s)
        RenderSVGInlineText {#text} at (0,0) size 78x20
          chunk 1 text run 1 at (1900.00,1120.00) startOffset 0 endOffset 11 width 77.76: "just a text"
      RenderSVGText {text} at (2000,1105) size 78x20 contains 1 chunk(s)
        RenderSVGInlineText {#text} at (0,0) size 78x20
          chunk 1 text run 1 at (2000.00,1120.00) startOffset 0 endOffset 11 width 77.76: "just a text"
      RenderSVGText {text} at (2100,1105) size 78x20 contains 1 chunk(s)
        RenderSVGInlineText {#text} at (0,0) size 78x20
          chunk 1 text run 1 at (2100.00,1120.00) startOffset 0 endOffset 11 width 77.76: "just a text"
      RenderSVGText {text} at (2200,1105) size 78x20 contains 1 chunk(s)
        RenderSVGInlineText {#text} at (0,0) size 78x20
          chunk 1 text run 1 at (2200.00,1120.00) startOffset 0 endOffset 11 width 77.76: "just a text"
      RenderSVGText {text} at (2300,1105) size 78x20 contains 1 chunk(s)
        RenderSVGInlineText {#text} at (0,0) size 78x20
          chunk 1 text run 1 at (2300.00,1120.00) startOffset 0 endOffset 11 width 77.76: "just a text"
      RenderSVGText {text} at (2400,1105) size 78x20 contains 1 chunk(s)
        RenderSVGInlineText {#text} at (0,0) size 78x20
          chunk 1 text run 1 at (2400.00,1120.00) startOffset 0 endOffset 11 width 77.76: "just a text"
      RenderSVGText {text} at (2500,1105) size 78x20 contains 1 chunk(s)
        RenderSVGInlineText {#text} at (0,0) size 78x20
          chunk 1 text run 1 at (2500.00,1120.00) startOffset 0 endOffset 11 width 77.76: "just a text"
      RenderSVGText {text} at (2600,1105) size 78x20 contains 1 chunk(s)
        RenderSVGInlineText {#text} at (0,0) size 78x20
          chunk 1 text run 1 at (2600.00,1120.00) startOffset 0 endOffset 11 width 77.76: "just a text"
      RenderSVGText {text} at (2700,1105) size 78x20 contains 1 chunk(s)
        RenderSVGInlineText {#text} at (0,0) size 78x20
          chunk 1 text run 1 at (2700.00,1120.00) startOffset 0 endOffset 11 width 77.76: "just a text"
      RenderSVGText {text} at (2800,1105) size 78x20 contains 1 chunk(s)
        RenderSVGInlineText {#text} at (0,0) size 78x20
          chunk 1 text run 1 at (2800.00,1120.00) startOffset 0 endOffset 11 width 77.76: "just a text"
      RenderSVGText {text} at (2900,1105) size 78x20 contains 1 chunk(s)
        RenderSVGInlineText {#text} at (0,0) size 78x20
          chunk 1 text run 1 at (2900.00,1120.00) startOffset 0 endOffset 11 width 77.76: "just a text"
      RenderSVGText {text} at (3000,1105) size 78x20 contains 1 chunk(s)
        RenderSVGInlineText {#text} at (0,0) size 78x20
          chunk 1 text run 1 at (3000.00,1120.00) startOffset 0 endOffset 11 width 77.76: "just a text"
      RenderSVGText {text} at (3100,1105) size 78x20 contains 1 chunk(s)
        RenderSVGInlineText {#text} at (0,0) size 78x20
          chunk 1 text run 1 at (3100.00,1120.00) startOffset 0 endOffset 11 width 77.76: "just a text"
      RenderSVGText {text} at (3200,1105) size 78x20 contains 1 chunk(s)
        RenderSVGInlineText {#text} at (0,0) size 78x20
          chunk 1 text run 1 at (3200.00,1120.00) startOffset 0 endOffset 11 width 77.76: "just a text"
      RenderSVGText {text} at (3300,1105) size 78x20 contains 1 chunk(s)
        RenderSVGInlineText {#text} at (0,0) size 78x20
          chunk 1 text run 1 at (3300.00,1120.00) startOffset 0 endOffset 11 width 77.76: "just a text"
      RenderSVGText {text} at (3400,1105) size 78x20 contains 1 chunk(s)
        RenderSVGInlineText {#text} at (0,0) size 78x20
          chunk 1 text run 1 at (3400.00,1120.00) startOffset 0 endOffset 11 width 77.76: "just a text"
      RenderSVGText {text} at (3500,1105) size 78x20 contains 1 chunk(s)
        RenderSVGInlineText {#text} at (0,0) size 78x20
          chunk 1 text run 1 at (3500.00,1120.00) startOffset 0 endOffset 11 width 77.76: "just a text"
      RenderSVGText {text} at (3600,1105) size 78x20 contains 1 chunk(s)
        RenderSVGInlineText {#text} at (0,0) size 78x20
          chunk 1 text run 1 at (3600.00,1120.00) startOffset 0 endOffset 11 width 77.76: "just a text"
      RenderSVGText {text} at (3700,1105) size 78x20 contains 1 chunk(s)
        RenderSVGInlineText {#text} at (0,0) size 78x20
          chunk 1 text run 1 at (3700.00,1120.00) startOffset 0 endOffset 11 width 77.76: "just a text"
      RenderSVGText {text} at (3800,1105) size 78x20 contains 1 chunk(s)
        RenderSVGInlineText {#text} at (0,0) size 78x20
          chunk 1 text run 1 at (3800.00,1120.00) startOffset 0 endOffset 11 width 77.76: "just a text"
      RenderSVGText {text} at (3900,1105) size 78x20 contains 1 chunk(s)
        RenderSVGInlineText {#text} at (0,0) size 78x20
          chunk 1 text run 1 at (3900.00,1120.00) startOffset 0 endOffset 11 width 77.76: "just a text"
      RenderSVGText {text} at (4000,1105) size 78x20 contains 1 chunk(s)
        RenderSVGInlineText {#text} at (0,0) size 78x20
          chunk 1 text run 1 at (4000.00,1120.00) startOffset 0 endOffset 11 width 77.76: "just a text"
      RenderSVGText {text} at (4100,1105) size 78x20 contains 1 chunk(s)
        RenderSVGInlineText {#text} at (0,0) size 78x20
          chunk 1 text run 1 at (4100.00,1120.00) startOffset 0 endOffset 11 width 77.76: "just a text"
      RenderSVGText {text} at (4200,1105) size 78x20 contains 1 chunk(s)
        RenderSVGInlineText {#text} at (0,0) size 78x20
          chunk 1 text run 1 at (4200.00,1120.00) startOffset 0 endOffset 11 width 77.76: "just a text"
      RenderSVGText {text} at (4300,1105) size 78x20 contains 1 chunk(s)
        RenderSVGInlineText {#text} at (0,0) size 78x20
          chunk 1 text run 1 at (4300.00,1120.00) startOffset 0 endOffset 11 width 77.76: "just a text"
      RenderSVGText {text} at (4400,1105) size 78x20 contains 1 chunk(s)
        RenderSVGInlineText {#text} at (0,0) size 78x20
          chunk 1 text run 1 at (4400.00,1120.00) startOffset 0 endOffset 11 width 77.76: "just a text"
      RenderSVGText {text} at (4500,1105) size 78x20 contains 1 chunk(s)
        RenderSVGInlineText {#text} at (0,0) size 78x20
          chunk 1 text run 1 at (4500.00,1120.00) startOffset 0 endOffset 11 width 77.76: "just a text"
      RenderSVGText {text} at (4600,1105) size 78x20 contains 1 chunk(s)
        RenderSVGInlineText {#text} at (0,0) size 78x20
          chunk 1 text run 1 at (4600.00,1120.00) startOffset 0 endOffset 11 width 77.76: "just a text"
      RenderSVGText {text} at (4700,1105) size 78x20 contains 1 chunk(s)
        RenderSVGInlineText {#text} at (0,0) size 78x20
          chunk 1 text run 1 at (4700.00,1120.00) startOffset 0 endOffset 11 width 77.76: "just a text"
      RenderSVGText {text} at (4800,1105) size 78x20 contains 1 chunk(s)
        RenderSVGInlineText {#text} at (0,0) size 78x20
          chunk 1 text run 1 at (4800.00,1120.00) startOffset 0 endOffset 11 width 77.76: "just a text"
      RenderSVGText {text} at (4900,1105) size 78x20 contains 1 chunk(s)
        RenderSVGInlineText {#text} at (0,0) size 78x20
          chunk 1 text run 1 at (4900.00,1120.00) startOffset 0 endOffset 11 width 77.76: "just a text"
      RenderSVGText {text} at (0,1205) size 78x20 contains 1 chunk(s)
        RenderSVGInlineText {#text} at (0,0) size 78x20
          chunk 1 text run 1 at (0.00,1220.00) startOffset 0 endOffset 11 width 77.76: "just a text"
      RenderSVGText {text} at (100,1205) size 78x20 contains 1 chunk(s)
        RenderSVGInlineText {#text} at (0,0) size 78x20
          chunk 1 text run 1 at (100.00,1220.00) startOffset 0 endOffset 11 width 77.76: "just a text"
      RenderSVGText {text} at (200,1205) size 78x20 contains 1 chunk(s)
        RenderSVGInlineText {#text} at (0,0) size 78x20
          chunk 1 text run 1 at (200.00,1220.00) startOffset 0 endOffset 11 width 77.76: "just a text"
      RenderSVGText {text} at (300,1205) size 78x20 contains 1 chunk(s)
        RenderSVGInlineText {#text} at (0,0) size 78x20
          chunk 1 text run 1 at (300.00,1220.00) startOffset 0 endOffset 11 width 77.76: "just a text"
      RenderSVGText {text} at (400,1205) size 78x20 contains 1 chunk(s)
        RenderSVGInlineText {#text} at (0,0) size 78x20
          chunk 1 text run 1 at (400.00,1220.00) startOffset 0 endOffset 11 width 77.76: "just a text"
      RenderSVGText {text} at (500,1205) size 78x20 contains 1 chunk(s)
        RenderSVGInlineText {#text} at (0,0) size 78x20
          chunk 1 text run 1 at (500.00,1220.00) startOffset 0 endOffset 11 width 77.76: "just a text"
      RenderSVGText {text} at (600,1205) size 78x20 contains 1 chunk(s)
        RenderSVGInlineText {#text} at (0,0) size 78x20
          chunk 1 text run 1 at (600.00,1220.00) startOffset 0 endOffset 11 width 77.76: "just a text"
      RenderSVGText {text} at (700,1205) size 78x20 contains 1 chunk(s)
        RenderSVGInlineText {#text} at (0,0) size 78x20
          chunk 1 text run 1 at (700.00,1220.00) startOffset 0 endOffset 11 width 77.76: "just a text"
      RenderSVGText {text} at (800,1205) size 78x20 contains 1 chunk(s)
        RenderSVGInlineText {#text} at (0,0) size 78x20
          chunk 1 text run 1 at (800.00,1220.00) startOffset 0 endOffset 11 width 77.76: "just a text"
      RenderSVGText {text} at (900,1205) size 78x20 contains 1 chunk(s)
        RenderSVGInlineText {#text} at (0,0) size 78x20
          chunk 1 text run 1 at (900.00,1220.00) startOffset 0 endOffset 11 width 77.76: "just a text"
      RenderSVGText {text} at (1000,1205) size 78x20 contains 1 chunk(s)
        RenderSVGInlineText {#text} at (0,0) size 78x20
          chunk 1 text run 1 at (1000.00,1220.00) startOffset 0 endOffset 11 width 77.76: "just a text"
      RenderSVGText {text} at (1100,1205) size 78x20 contains 1 chunk(s)
        RenderSVGInlineText {#text} at (0,0) size 78x20
          chunk 1 text run 1 at (1100.00,1220.00) startOffset 0 endOffset 11 width 77.76: "just a text"
      RenderSVGText {text} at (1200,1205) size 78x20 contains 1 chunk(s)
        RenderSVGInlineText {#text} at (0,0) size 78x20
          chunk 1 text run 1 at (1200.00,1220.00) startOffset 0 endOffset 11 width 77.76: "just a text"
      RenderSVGText {text} at (1300,1205) size 78x20 contains 1 chunk(s)
        RenderSVGInlineText {#text} at (0,0) size 78x20
          chunk 1 text run 1 at (1300.00,1220.00) startOffset 0 endOffset 11 width 77.76: "just a text"
      RenderSVGText {text} at (1400,1205) size 78x20 contains 1 chunk(s)
        RenderSVGInlineText {#text} at (0,0) size 78x20
          chunk 1 text run 1 at (1400.00,1220.00) startOffset 0 endOffset 11 width 77.76: "just a text"
      RenderSVGText {text} at (1500,1205) size 78x20 contains 1 chunk(s)
        RenderSVGInlineText {#text} at (0,0) size 78x20
          chunk 1 text run 1 at (1500.00,1220.00) startOffset 0 endOffset 11 width 77.76: "just a text"
      RenderSVGText {text} at (1600,1205) size 78x20 contains 1 chunk(s)
        RenderSVGInlineText {#text} at (0,0) size 78x20
          chunk 1 text run 1 at (1600.00,1220.00) startOffset 0 endOffset 11 width 77.76: "just a text"
      RenderSVGText {text} at (1700,1205) size 78x20 contains 1 chunk(s)
        RenderSVGInlineText {#text} at (0,0) size 78x20
          chunk 1 text run 1 at (1700.00,1220.00) startOffset 0 endOffset 11 width 77.76: "just a text"
      RenderSVGText {text} at (1800,1205) size 78x20 contains 1 chunk(s)
        RenderSVGInlineText {#text} at (0,0) size 78x20
          chunk 1 text run 1 at (1800.00,1220.00) startOffset 0 endOffset 11 width 77.76: "just a text"
      RenderSVGText {text} at (1900,1205) size 78x20 contains 1 chunk(s)
        RenderSVGInlineText {#text} at (0,0) size 78x20
          chunk 1 text run 1 at (1900.00,1220.00) startOffset 0 endOffset 11 width 77.76: "just a text"
      RenderSVGText {text} at (2000,1205) size 78x20 contains 1 chunk(s)
        RenderSVGInlineText {#text} at (0,0) size 78x20
          chunk 1 text run 1 at (2000.00,1220.00) startOffset 0 endOffset 11 width 77.76: "just a text"
      RenderSVGText {text} at (2100,1205) size 78x20 contains 1 chunk(s)
        RenderSVGInlineText {#text} at (0,0) size 78x20
          chunk 1 text run 1 at (2100.00,1220.00) startOffset 0 endOffset 11 width 77.76: "just a text"
      RenderSVGText {text} at (2200,1205) size 78x20 contains 1 chunk(s)
        RenderSVGInlineText {#text} at (0,0) size 78x20
          chunk 1 text run 1 at (2200.00,1220.00) startOffset 0 endOffset 11 width 77.76: "just a text"
      RenderSVGText {text} at (2300,1205) size 78x20 contains 1 chunk(s)
        RenderSVGInlineText {#text} at (0,0) size 78x20
          chunk 1 text run 1 at (2300.00,1220.00) startOffset 0 endOffset 11 width 77.76: "just a text"
      RenderSVGText {text} at (2400,1205) size 78x20 contains 1 chunk(s)
        RenderSVGInlineText {#text} at (0,0) size 78x20
          chunk 1 text run 1 at (2400.00,1220.00) startOffset 0 endOffset 11 width 77.76: "just a text"
      RenderSVGText {text} at (2500,1205) size 78x20 contains 1 chunk(s)
        RenderSVGInlineText {#text} at (0,0) size 78x20
          chunk 1 text run 1 at (2500.00,1220.00) startOffset 0 endOffset 11 width 77.76: "just a text"
      RenderSVGText {text} at (2600,1205) size 78x20 contains 1 chunk(s)
        RenderSVGInlineText {#text} at (0,0) size 78x20
          chunk 1 text run 1 at (2600.00,1220.00) startOffset 0 endOffset 11 width 77.76: "just a text"
      RenderSVGText {text} at (2700,1205) size 78x20 contains 1 chunk(s)
        RenderSVGInlineText {#text} at (0,0) size 78x20
          chunk 1 text run 1 at (2700.00,1220.00) startOffset 0 endOffset 11 width 77.76: "just a text"
      RenderSVGText {text} at (2800,1205) size 78x20 contains 1 chunk(s)
        RenderSVGInlineText {#text} at (0,0) size 78x20
          chunk 1 text run 1 at (2800.00,1220.00) startOffset 0 endOffset 11 width 77.76: "just a text"
      RenderSVGText {text} at (2900,1205) size 78x20 contains 1 chunk(s)
        RenderSVGInlineText {#text} at (0,0) size 78x20
          chunk 1 text run 1 at (2900.00,1220.00) startOffset 0 endOffset 11 width 77.76: "just a text"
      RenderSVGText {text} at (3000,1205) size 78x20 contains 1 chunk(s)
        RenderSVGInlineText {#text} at (0,0) size 78x20
          chunk 1 text run 1 at (3000.00,1220.00) startOffset 0 endOffset 11 width 77.76: "just a text"
      RenderSVGText {text} at (3100,1205) size 78x20 contains 1 chunk(s)
        RenderSVGInlineText {#text} at (0,0) size 78x20
          chunk 1 text run 1 at (3100.00,1220.00) startOffset 0 endOffset 11 width 77.76: "just a text"
      RenderSVGText {text} at (3200,1205) size 78x20 contains 1 chunk(s)
        RenderSVGInlineText {#text} at (0,0) size 78x20
          chunk 1 text run 1 at (3200.00,1220.00) startOffset 0 endOffset 11 width 77.76: "just a text"
      RenderSVGText {text} at (3300,1205) size 78x20 contains 1 chunk(s)
        RenderSVGInlineText {#text} at (0,0) size 78x20
          chunk 1 text run 1 at (3300.00,1220.00) startOffset 0 endOffset 11 width 77.76: "just a text"
      RenderSVGText {text} at (3400,1205) size 78x20 contains 1 chunk(s)
        RenderSVGInlineText {#text} at (0,0) size 78x20
          chunk 1 text run 1 at (3400.00,1220.00) startOffset 0 endOffset 11 width 77.76: "just a text"
      RenderSVGText {text} at (3500,1205) size 78x20 contains 1 chunk(s)
        RenderSVGInlineText {#text} at (0,0) size 78x20
          chunk 1 text run 1 at (3500.00,1220.00) startOffset 0 endOffset 11 width 77.76: "just a text"
      RenderSVGText {text} at (3600,1205) size 78x20 contains 1 chunk(s)
        RenderSVGInlineText {#text} at (0,0) size 78x20
          chunk 1 text run 1 at (3600.00,1220.00) startOffset 0 endOffset 11 width 77.76: "just a text"
      RenderSVGText {text} at (3700,1205) size 78x20 contains 1 chunk(s)
        RenderSVGInlineText {#text} at (0,0) size 78x20
          chunk 1 text run 1 at (3700.00,1220.00) startOffset 0 endOffset 11 width 77.76: "just a text"
      RenderSVGText {text} at (3800,1205) size 78x20 contains 1 chunk(s)
        RenderSVGInlineText {#text} at (0,0) size 78x20
          chunk 1 text run 1 at (3800.00,1220.00) startOffset 0 endOffset 11 width 77.76: "just a text"
      RenderSVGText {text} at (3900,1205) size 78x20 contains 1 chunk(s)
        RenderSVGInlineText {#text} at (0,0) size 78x20
          chunk 1 text run 1 at (3900.00,1220.00) startOffset 0 endOffset 11 width 77.76: "just a text"
      RenderSVGText {text} at (4000,1205) size 78x20 contains 1 chunk(s)
        RenderSVGInlineText {#text} at (0,0) size 78x20
          chunk 1 text run 1 at (4000.00,1220.00) startOffset 0 endOffset 11 width 77.76: "just a text"
      RenderSVGText {text} at (4100,1205) size 78x20 contains 1 chunk(s)
        RenderSVGInlineText {#text} at (0,0) size 78x20
          chunk 1 text run 1 at (4100.00,1220.00) startOffset 0 endOffset 11 width 77.76: "just a text"
      RenderSVGText {text} at (4200,1205) size 78x20 contains 1 chunk(s)
        RenderSVGInlineText {#text} at (0,0) size 78x20
          chunk 1 text run 1 at (4200.00,1220.00) startOffset 0 endOffset 11 width 77.76: "just a text"
      RenderSVGText {text} at (4300,1205) size 78x20 contains 1 chunk(s)
        RenderSVGInlineText {#text} at (0,0) size 78x20
          chunk 1 text run 1 at (4300.00,1220.00) startOffset 0 endOffset 11 width 77.76: "just a text"
      RenderSVGText {text} at (4400,1205) size 78x20 contains 1 chunk(s)
        RenderSVGInlineText {#text} at (0,0) size 78x20
          chunk 1 text run 1 at (4400.00,1220.00) startOffset 0 endOffset 11 width 77.76: "just a text"
      RenderSVGText {text} at (4500,1205) size 78x20 contains 1 chunk(s)
        RenderSVGInlineText {#text} at (0,0) size 78x20
          chunk 1 text run 1 at (4500.00,1220.00) startOffset 0 endOffset 11 width 77.76: "just a text"
      RenderSVGText {text} at (4600,1205) size 78x20 contains 1 chunk(s)
        RenderSVGInlineText {#text} at (0,0) size 78x20
          chunk 1 text run 1 at (4600.00,1220.00) startOffset 0 endOffset 11 width 77.76: "just a text"
      RenderSVGText {text} at (4700,1205) size 78x20 contains 1 chunk(s)
        RenderSVGInlineText {#text} at (0,0) size 78x20
          chunk 1 text run 1 at (4700.00,1220.00) startOffset 0 endOffset 11 width 77.76: "just a text"
      RenderSVGText {text} at (4800,1205) size 78x20 contains 1 chunk(s)
        RenderSVGInlineText {#text} at (0,0) size 78x20
          chunk 1 text run 1 at (4800.00,1220.00) startOffset 0 endOffset 11 width 77.76: "just a text"
      RenderSVGText {text} at (4900,1205) size 78x20 contains 1 chunk(s)
        RenderSVGInlineText {#text} at (0,0) size 78x20
          chunk 1 text run 1 at (4900.00,1220.00) startOffset 0 endOffset 11 width 77.76: "just a text"
      RenderSVGText {text} at (0,1305) size 78x20 contains 1 chunk(s)
        RenderSVGInlineText {#text} at (0,0) size 78x20
          chunk 1 text run 1 at (0.00,1320.00) startOffset 0 endOffset 11 width 77.76: "just a text"
      RenderSVGText {text} at (100,1305) size 78x20 contains 1 chunk(s)
        RenderSVGInlineText {#text} at (0,0) size 78x20
          chunk 1 text run 1 at (100.00,1320.00) startOffset 0 endOffset 11 width 77.76: "just a text"
      RenderSVGText {text} at (200,1305) size 78x20 contains 1 chunk(s)
        RenderSVGInlineText {#text} at (0,0) size 78x20
          chunk 1 text run 1 at (200.00,1320.00) startOffset 0 endOffset 11 width 77.76: "just a text"
      RenderSVGText {text} at (300,1305) size 78x20 contains 1 chunk(s)
        RenderSVGInlineText {#text} at (0,0) size 78x20
          chunk 1 text run 1 at (300.00,1320.00) startOffset 0 endOffset 11 width 77.76: "just a text"
      RenderSVGText {text} at (400,1305) size 78x20 contains 1 chunk(s)
        RenderSVGInlineText {#text} at (0,0) size 78x20
          chunk 1 text run 1 at (400.00,1320.00) startOffset 0 endOffset 11 width 77.76: "just a text"
      RenderSVGText {text} at (500,1305) size 78x20 contains 1 chunk(s)
        RenderSVGInlineText {#text} at (0,0) size 78x20
          chunk 1 text run 1 at (500.00,1320.00) startOffset 0 endOffset 11 width 77.76: "just a text"
      RenderSVGText {text} at (600,1305) size 78x20 contains 1 chunk(s)
        RenderSVGInlineText {#text} at (0,0) size 78x20
          chunk 1 text run 1 at (600.00,1320.00) startOffset 0 endOffset 11 width 77.76: "just a text"
      RenderSVGText {text} at (700,1305) size 78x20 contains 1 chunk(s)
        RenderSVGInlineText {#text} at (0,0) size 78x20
          chunk 1 text run 1 at (700.00,1320.00) startOffset 0 endOffset 11 width 77.76: "just a text"
      RenderSVGText {text} at (800,1305) size 78x20 contains 1 chunk(s)
        RenderSVGInlineText {#text} at (0,0) size 78x20
          chunk 1 text run 1 at (800.00,1320.00) startOffset 0 endOffset 11 width 77.76: "just a text"
      RenderSVGText {text} at (900,1305) size 78x20 contains 1 chunk(s)
        RenderSVGInlineText {#text} at (0,0) size 78x20
          chunk 1 text run 1 at (900.00,1320.00) startOffset 0 endOffset 11 width 77.76: "just a text"
      RenderSVGText {text} at (1000,1305) size 78x20 contains 1 chunk(s)
        RenderSVGInlineText {#text} at (0,0) size 78x20
          chunk 1 text run 1 at (1000.00,1320.00) startOffset 0 endOffset 11 width 77.76: "just a text"
      RenderSVGText {text} at (1100,1305) size 78x20 contains 1 chunk(s)
        RenderSVGInlineText {#text} at (0,0) size 78x20
          chunk 1 text run 1 at (1100.00,1320.00) startOffset 0 endOffset 11 width 77.76: "just a text"
      RenderSVGText {text} at (1200,1305) size 78x20 contains 1 chunk(s)
        RenderSVGInlineText {#text} at (0,0) size 78x20
          chunk 1 text run 1 at (1200.00,1320.00) startOffset 0 endOffset 11 width 77.76: "just a text"
      RenderSVGText {text} at (1300,1305) size 78x20 contains 1 chunk(s)
        RenderSVGInlineText {#text} at (0,0) size 78x20
          chunk 1 text run 1 at (1300.00,1320.00) startOffset 0 endOffset 11 width 77.76: "just a text"
      RenderSVGText {text} at (1400,1305) size 78x20 contains 1 chunk(s)
        RenderSVGInlineText {#text} at (0,0) size 78x20
          chunk 1 text run 1 at (1400.00,1320.00) startOffset 0 endOffset 11 width 77.76: "just a text"
      RenderSVGText {text} at (1500,1305) size 78x20 contains 1 chunk(s)
        RenderSVGInlineText {#text} at (0,0) size 78x20
          chunk 1 text run 1 at (1500.00,1320.00) startOffset 0 endOffset 11 width 77.76: "just a text"
      RenderSVGText {text} at (1600,1305) size 78x20 contains 1 chunk(s)
        RenderSVGInlineText {#text} at (0,0) size 78x20
          chunk 1 text run 1 at (1600.00,1320.00) startOffset 0 endOffset 11 width 77.76: "just a text"
      RenderSVGText {text} at (1700,1305) size 78x20 contains 1 chunk(s)
        RenderSVGInlineText {#text} at (0,0) size 78x20
          chunk 1 text run 1 at (1700.00,1320.00) startOffset 0 endOffset 11 width 77.76: "just a text"
      RenderSVGText {text} at (1800,1305) size 78x20 contains 1 chunk(s)
        RenderSVGInlineText {#text} at (0,0) size 78x20
          chunk 1 text run 1 at (1800.00,1320.00) startOffset 0 endOffset 11 width 77.76: "just a text"
      RenderSVGText {text} at (1900,1305) size 78x20 contains 1 chunk(s)
        RenderSVGInlineText {#text} at (0,0) size 78x20
          chunk 1 text run 1 at (1900.00,1320.00) startOffset 0 endOffset 11 width 77.76: "just a text"
      RenderSVGText {text} at (2000,1305) size 78x20 contains 1 chunk(s)
        RenderSVGInlineText {#text} at (0,0) size 78x20
          chunk 1 text run 1 at (2000.00,1320.00) startOffset 0 endOffset 11 width 77.76: "just a text"
      RenderSVGText {text} at (2100,1305) size 78x20 contains 1 chunk(s)
        RenderSVGInlineText {#text} at (0,0) size 78x20
          chunk 1 text run 1 at (2100.00,1320.00) startOffset 0 endOffset 11 width 77.76: "just a text"
      RenderSVGText {text} at (2200,1305) size 78x20 contains 1 chunk(s)
        RenderSVGInlineText {#text} at (0,0) size 78x20
          chunk 1 text run 1 at (2200.00,1320.00) startOffset 0 endOffset 11 width 77.76: "just a text"
      RenderSVGText {text} at (2300,1305) size 78x20 contains 1 chunk(s)
        RenderSVGInlineText {#text} at (0,0) size 78x20
          chunk 1 text run 1 at (2300.00,1320.00) startOffset 0 endOffset 11 width 77.76: "just a text"
      RenderSVGText {text} at (2400,1305) size 78x20 contains 1 chunk(s)
        RenderSVGInlineText {#text} at (0,0) size 78x20
          chunk 1 text run 1 at (2400.00,1320.00) startOffset 0 endOffset 11 width 77.76: "just a text"
      RenderSVGText {text} at (2500,1305) size 78x20 contains 1 chunk(s)
        RenderSVGInlineText {#text} at (0,0) size 78x20
          chunk 1 text run 1 at (2500.00,1320.00) startOffset 0 endOffset 11 width 77.76: "just a text"
      RenderSVGText {text} at (2600,1305) size 78x20 contains 1 chunk(s)
        RenderSVGInlineText {#text} at (0,0) size 78x20
          chunk 1 text run 1 at (2600.00,1320.00) startOffset 0 endOffset 11 width 77.76: "just a text"
      RenderSVGText {text} at (2700,1305) size 78x20 contains 1 chunk(s)
        RenderSVGInlineText {#text} at (0,0) size 78x20
          chunk 1 text run 1 at (2700.00,1320.00) startOffset 0 endOffset 11 width 77.76: "just a text"
      RenderSVGText {text} at (2800,1305) size 78x20 contains 1 chunk(s)
        RenderSVGInlineText {#text} at (0,0) size 78x20
          chunk 1 text run 1 at (2800.00,1320.00) startOffset 0 endOffset 11 width 77.76: "just a text"
      RenderSVGText {text} at (2900,1305) size 78x20 contains 1 chunk(s)
        RenderSVGInlineText {#text} at (0,0) size 78x20
          chunk 1 text run 1 at (2900.00,1320.00) startOffset 0 endOffset 11 width 77.76: "just a text"
      RenderSVGText {text} at (3000,1305) size 78x20 contains 1 chunk(s)
        RenderSVGInlineText {#text} at (0,0) size 78x20
          chunk 1 text run 1 at (3000.00,1320.00) startOffset 0 endOffset 11 width 77.76: "just a text"
      RenderSVGText {text} at (3100,1305) size 78x20 contains 1 chunk(s)
        RenderSVGInlineText {#text} at (0,0) size 78x20
          chunk 1 text run 1 at (3100.00,1320.00) startOffset 0 endOffset 11 width 77.76: "just a text"
      RenderSVGText {text} at (3200,1305) size 78x20 contains 1 chunk(s)
        RenderSVGInlineText {#text} at (0,0) size 78x20
          chunk 1 text run 1 at (3200.00,1320.00) startOffset 0 endOffset 11 width 77.76: "just a text"
      RenderSVGText {text} at (3300,1305) size 78x20 contains 1 chunk(s)
        RenderSVGInlineText {#text} at (0,0) size 78x20
          chunk 1 text run 1 at (3300.00,1320.00) startOffset 0 endOffset 11 width 77.76: "just a text"
      RenderSVGText {text} at (3400,1305) size 78x20 contains 1 chunk(s)
        RenderSVGInlineText {#text} at (0,0) size 78x20
          chunk 1 text run 1 at (3400.00,1320.00) startOffset 0 endOffset 11 width 77.76: "just a text"
      RenderSVGText {text} at (3500,1305) size 78x20 contains 1 chunk(s)
        RenderSVGInlineText {#text} at (0,0) size 78x20
          chunk 1 text run 1 at (3500.00,1320.00) startOffset 0 endOffset 11 width 77.76: "just a text"
      RenderSVGText {text} at (3600,1305) size 78x20 contains 1 chunk(s)
        RenderSVGInlineText {#text} at (0,0) size 78x20
          chunk 1 text run 1 at (3600.00,1320.00) startOffset 0 endOffset 11 width 77.76: "just a text"
      RenderSVGText {text} at (3700,1305) size 78x20 contains 1 chunk(s)
        RenderSVGInlineText {#text} at (0,0) size 78x20
          chunk 1 text run 1 at (3700.00,1320.00) startOffset 0 endOffset 11 width 77.76: "just a text"
      RenderSVGText {text} at (3800,1305) size 78x20 contains 1 chunk(s)
        RenderSVGInlineText {#text} at (0,0) size 78x20
          chunk 1 text run 1 at (3800.00,1320.00) startOffset 0 endOffset 11 width 77.76: "just a text"
      RenderSVGText {text} at (3900,1305) size 78x20 contains 1 chunk(s)
        RenderSVGInlineText {#text} at (0,0) size 78x20
          chunk 1 text run 1 at (3900.00,1320.00) startOffset 0 endOffset 11 width 77.76: "just a text"
      RenderSVGText {text} at (4000,1305) size 78x20 contains 1 chunk(s)
        RenderSVGInlineText {#text} at (0,0) size 78x20
          chunk 1 text run 1 at (4000.00,1320.00) startOffset 0 endOffset 11 width 77.76: "just a text"
      RenderSVGText {text} at (4100,1305) size 78x20 contains 1 chunk(s)
        RenderSVGInlineText {#text} at (0,0) size 78x20
          chunk 1 text run 1 at (4100.00,1320.00) startOffset 0 endOffset 11 width 77.76: "just a text"
      RenderSVGText {text} at (4200,1305) size 78x20 contains 1 chunk(s)
        RenderSVGInlineText {#text} at (0,0) size 78x20
          chunk 1 text run 1 at (4200.00,1320.00) startOffset 0 endOffset 11 width 77.76: "just a text"
      RenderSVGText {text} at (4300,1305) size 78x20 contains 1 chunk(s)
        RenderSVGInlineText {#text} at (0,0) size 78x20
          chunk 1 text run 1 at (4300.00,1320.00) startOffset 0 endOffset 11 width 77.76: "just a text"
      RenderSVGText {text} at (4400,1305) size 78x20 contains 1 chunk(s)
        RenderSVGInlineText {#text} at (0,0) size 78x20
          chunk 1 text run 1 at (4400.00,1320.00) startOffset 0 endOffset 11 width 77.76: "just a text"
      RenderSVGText {text} at (4500,1305) size 78x20 contains 1 chunk(s)
        RenderSVGInlineText {#text} at (0,0) size 78x20
          chunk 1 text run 1 at (4500.00,1320.00) startOffset 0 endOffset 11 width 77.76: "just a text"
      RenderSVGText {text} at (4600,1305) size 78x20 contains 1 chunk(s)
        RenderSVGInlineText {#text} at (0,0) size 78x20
          chunk 1 text run 1 at (4600.00,1320.00) startOffset 0 endOffset 11 width 77.76: "just a text"
      RenderSVGText {text} at (4700,1305) size 78x20 contains 1 chunk(s)
        RenderSVGInlineText {#text} at (0,0) size 78x20
          chunk 1 text run 1 at (4700.00,1320.00) startOffset 0 endOffset 11 width 77.76: "just a text"
      RenderSVGText {text} at (4800,1305) size 78x20 contains 1 chunk(s)
        RenderSVGInlineText {#text} at (0,0) size 78x20
          chunk 1 text run 1 at (4800.00,1320.00) startOffset 0 endOffset 11 width 77.76: "just a text"
      RenderSVGText {text} at (4900,1305) size 78x20 contains 1 chunk(s)
        RenderSVGInlineText {#text} at (0,0) size 78x20
          chunk 1 text run 1 at (4900.00,1320.00) startOffset 0 endOffset 11 width 77.76: "just a text"
      RenderSVGText {text} at (0,1405) size 78x20 contains 1 chunk(s)
        RenderSVGInlineText {#text} at (0,0) size 78x20
          chunk 1 text run 1 at (0.00,1420.00) startOffset 0 endOffset 11 width 77.76: "just a text"
      RenderSVGText {text} at (100,1405) size 78x20 contains 1 chunk(s)
        RenderSVGInlineText {#text} at (0,0) size 78x20
          chunk 1 text run 1 at (100.00,1420.00) startOffset 0 endOffset 11 width 77.76: "just a text"
      RenderSVGText {text} at (200,1405) size 78x20 contains 1 chunk(s)
        RenderSVGInlineText {#text} at (0,0) size 78x20
          chunk 1 text run 1 at (200.00,1420.00) startOffset 0 endOffset 11 width 77.76: "just a text"
      RenderSVGText {text} at (300,1405) size 78x20 contains 1 chunk(s)
        RenderSVGInlineText {#text} at (0,0) size 78x20
          chunk 1 text run 1 at (300.00,1420.00) startOffset 0 endOffset 11 width 77.76: "just a text"
      RenderSVGText {text} at (400,1405) size 78x20 contains 1 chunk(s)
        RenderSVGInlineText {#text} at (0,0) size 78x20
          chunk 1 text run 1 at (400.00,1420.00) startOffset 0 endOffset 11 width 77.76: "just a text"
      RenderSVGText {text} at (500,1405) size 78x20 contains 1 chunk(s)
        RenderSVGInlineText {#text} at (0,0) size 78x20
          chunk 1 text run 1 at (500.00,1420.00) startOffset 0 endOffset 11 width 77.76: "just a text"
      RenderSVGText {text} at (600,1405) size 78x20 contains 1 chunk(s)
        RenderSVGInlineText {#text} at (0,0) size 78x20
          chunk 1 text run 1 at (600.00,1420.00) startOffset 0 endOffset 11 width 77.76: "just a text"
      RenderSVGText {text} at (700,1405) size 78x20 contains 1 chunk(s)
        RenderSVGInlineText {#text} at (0,0) size 78x20
          chunk 1 text run 1 at (700.00,1420.00) startOffset 0 endOffset 11 width 77.76: "just a text"
      RenderSVGText {text} at (800,1405) size 78x20 contains 1 chunk(s)
        RenderSVGInlineText {#text} at (0,0) size 78x20
          chunk 1 text run 1 at (800.00,1420.00) startOffset 0 endOffset 11 width 77.76: "just a text"
      RenderSVGText {text} at (900,1405) size 78x20 contains 1 chunk(s)
        RenderSVGInlineText {#text} at (0,0) size 78x20
          chunk 1 text run 1 at (900.00,1420.00) startOffset 0 endOffset 11 width 77.76: "just a text"
      RenderSVGText {text} at (1000,1405) size 78x20 contains 1 chunk(s)
        RenderSVGInlineText {#text} at (0,0) size 78x20
          chunk 1 text run 1 at (1000.00,1420.00) startOffset 0 endOffset 11 width 77.76: "just a text"
      RenderSVGText {text} at (1100,1405) size 78x20 contains 1 chunk(s)
        RenderSVGInlineText {#text} at (0,0) size 78x20
          chunk 1 text run 1 at (1100.00,1420.00) startOffset 0 endOffset 11 width 77.76: "just a text"
      RenderSVGText {text} at (1200,1405) size 78x20 contains 1 chunk(s)
        RenderSVGInlineText {#text} at (0,0) size 78x20
          chunk 1 text run 1 at (1200.00,1420.00) startOffset 0 endOffset 11 width 77.76: "just a text"
      RenderSVGText {text} at (1300,1405) size 78x20 contains 1 chunk(s)
        RenderSVGInlineText {#text} at (0,0) size 78x20
          chunk 1 text run 1 at (1300.00,1420.00) startOffset 0 endOffset 11 width 77.76: "just a text"
      RenderSVGText {text} at (1400,1405) size 78x20 contains 1 chunk(s)
        RenderSVGInlineText {#text} at (0,0) size 78x20
          chunk 1 text run 1 at (1400.00,1420.00) startOffset 0 endOffset 11 width 77.76: "just a text"
      RenderSVGText {text} at (1500,1405) size 78x20 contains 1 chunk(s)
        RenderSVGInlineText {#text} at (0,0) size 78x20
          chunk 1 text run 1 at (1500.00,1420.00) startOffset 0 endOffset 11 width 77.76: "just a text"
      RenderSVGText {text} at (1600,1405) size 78x20 contains 1 chunk(s)
        RenderSVGInlineText {#text} at (0,0) size 78x20
          chunk 1 text run 1 at (1600.00,1420.00) startOffset 0 endOffset 11 width 77.76: "just a text"
      RenderSVGText {text} at (1700,1405) size 78x20 contains 1 chunk(s)
        RenderSVGInlineText {#text} at (0,0) size 78x20
          chunk 1 text run 1 at (1700.00,1420.00) startOffset 0 endOffset 11 width 77.76: "just a text"
      RenderSVGText {text} at (1800,1405) size 78x20 contains 1 chunk(s)
        RenderSVGInlineText {#text} at (0,0) size 78x20
          chunk 1 text run 1 at (1800.00,1420.00) startOffset 0 endOffset 11 width 77.76: "just a text"
      RenderSVGText {text} at (1900,1405) size 78x20 contains 1 chunk(s)
        RenderSVGInlineText {#text} at (0,0) size 78x20
          chunk 1 text run 1 at (1900.00,1420.00) startOffset 0 endOffset 11 width 77.76: "just a text"
      RenderSVGText {text} at (2000,1405) size 78x20 contains 1 chunk(s)
        RenderSVGInlineText {#text} at (0,0) size 78x20
          chunk 1 text run 1 at (2000.00,1420.00) startOffset 0 endOffset 11 width 77.76: "just a text"
      RenderSVGText {text} at (2100,1405) size 78x20 contains 1 chunk(s)
        RenderSVGInlineText {#text} at (0,0) size 78x20
          chunk 1 text run 1 at (2100.00,1420.00) startOffset 0 endOffset 11 width 77.76: "just a text"
      RenderSVGText {text} at (2200,1405) size 78x20 contains 1 chunk(s)
        RenderSVGInlineText {#text} at (0,0) size 78x20
          chunk 1 text run 1 at (2200.00,1420.00) startOffset 0 endOffset 11 width 77.76: "just a text"
      RenderSVGText {text} at (2300,1405) size 78x20 contains 1 chunk(s)
        RenderSVGInlineText {#text} at (0,0) size 78x20
          chunk 1 text run 1 at (2300.00,1420.00) startOffset 0 endOffset 11 width 77.76: "just a text"
      RenderSVGText {text} at (2400,1405) size 78x20 contains 1 chunk(s)
        RenderSVGInlineText {#text} at (0,0) size 78x20
          chunk 1 text run 1 at (2400.00,1420.00) startOffset 0 endOffset 11 width 77.76: "just a text"
      RenderSVGText {text} at (2500,1405) size 78x20 contains 1 chunk(s)
        RenderSVGInlineText {#text} at (0,0) size 78x20
          chunk 1 text run 1 at (2500.00,1420.00) startOffset 0 endOffset 11 width 77.76: "just a text"
      RenderSVGText {text} at (2600,1405) size 78x20 contains 1 chunk(s)
        RenderSVGInlineText {#text} at (0,0) size 78x20
          chunk 1 text run 1 at (2600.00,1420.00) startOffset 0 endOffset 11 width 77.76: "just a text"
      RenderSVGText {text} at (2700,1405) size 78x20 contains 1 chunk(s)
        RenderSVGInlineText {#text} at (0,0) size 78x20
          chunk 1 text run 1 at (2700.00,1420.00) startOffset 0 endOffset 11 width 77.76: "just a text"
      RenderSVGText {text} at (2800,1405) size 78x20 contains 1 chunk(s)
        RenderSVGInlineText {#text} at (0,0) size 78x20
          chunk 1 text run 1 at (2800.00,1420.00) startOffset 0 endOffset 11 width 77.76: "just a text"
      RenderSVGText {text} at (2900,1405) size 78x20 contains 1 chunk(s)
        RenderSVGInlineText {#text} at (0,0) size 78x20
          chunk 1 text run 1 at (2900.00,1420.00) startOffset 0 endOffset 11 width 77.76: "just a text"
      RenderSVGText {text} at (3000,1405) size 78x20 contains 1 chunk(s)
        RenderSVGInlineText {#text} at (0,0) size 78x20
          chunk 1 text run 1 at (3000.00,1420.00) startOffset 0 endOffset 11 width 77.76: "just a text"
      RenderSVGText {text} at (3100,1405) size 78x20 contains 1 chunk(s)
        RenderSVGInlineText {#text} at (0,0) size 78x20
          chunk 1 text run 1 at (3100.00,1420.00) startOffset 0 endOffset 11 width 77.76: "just a text"
      RenderSVGText {text} at (3200,1405) size 78x20 contains 1 chunk(s)
        RenderSVGInlineText {#text} at (0,0) size 78x20
          chunk 1 text run 1 at (3200.00,1420.00) startOffset 0 endOffset 11 width 77.76: "just a text"
      RenderSVGText {text} at (3300,1405) size 78x20 contains 1 chunk(s)
        RenderSVGInlineText {#text} at (0,0) size 78x20
          chunk 1 text run 1 at (3300.00,1420.00) startOffset 0 endOffset 11 width 77.76: "just a text"
      RenderSVGText {text} at (3400,1405) size 78x20 contains 1 chunk(s)
        RenderSVGInlineText {#text} at (0,0) size 78x20
          chunk 1 text run 1 at (3400.00,1420.00) startOffset 0 endOffset 11 width 77.76: "just a text"
      RenderSVGText {text} at (3500,1405) size 78x20 contains 1 chunk(s)
        RenderSVGInlineText {#text} at (0,0) size 78x20
          chunk 1 text run 1 at (3500.00,1420.00) startOffset 0 endOffset 11 width 77.76: "just a text"
      RenderSVGText {text} at (3600,1405) size 78x20 contains 1 chunk(s)
        RenderSVGInlineText {#text} at (0,0) size 78x20
          chunk 1 text run 1 at (3600.00,1420.00) startOffset 0 endOffset 11 width 77.76: "just a text"
      RenderSVGText {text} at (3700,1405) size 78x20 contains 1 chunk(s)
        RenderSVGInlineText {#text} at (0,0) size 78x20
          chunk 1 text run 1 at (3700.00,1420.00) startOffset 0 endOffset 11 width 77.76: "just a text"
      RenderSVGText {text} at (3800,1405) size 78x20 contains 1 chunk(s)
        RenderSVGInlineText {#text} at (0,0) size 78x20
          chunk 1 text run 1 at (3800.00,1420.00) startOffset 0 endOffset 11 width 77.76: "just a text"
      RenderSVGText {text} at (3900,1405) size 78x20 contains 1 chunk(s)
        RenderSVGInlineText {#text} at (0,0) size 78x20
          chunk 1 text run 1 at (3900.00,1420.00) startOffset 0 endOffset 11 width 77.76: "just a text"
      RenderSVGText {text} at (4000,1405) size 78x20 contains 1 chunk(s)
        RenderSVGInlineText {#text} at (0,0) size 78x20
          chunk 1 text run 1 at (4000.00,1420.00) startOffset 0 endOffset 11 width 77.76: "just a text"
      RenderSVGText {text} at (4100,1405) size 78x20 contains 1 chunk(s)
        RenderSVGInlineText {#text} at (0,0) size 78x20
          chunk 1 text run 1 at (4100.00,1420.00) startOffset 0 endOffset 11 width 77.76: "just a text"
      RenderSVGText {text} at (4200,1405) size 78x20 contains 1 chunk(s)
        RenderSVGInlineText {#text} at (0,0) size 78x20
          chunk 1 text run 1 at (4200.00,1420.00) startOffset 0 endOffset 11 width 77.76: "just a text"
      RenderSVGText {text} at (4300,1405) size 78x20 contains 1 chunk(s)
        RenderSVGInlineText {#text} at (0,0) size 78x20
          chunk 1 text run 1 at (4300.00,1420.00) startOffset 0 endOffset 11 width 77.76: "just a text"
      RenderSVGText {text} at (4400,1405) size 78x20 contains 1 chunk(s)
        RenderSVGInlineText {#text} at (0,0) size 78x20
          chunk 1 text run 1 at (4400.00,1420.00) startOffset 0 endOffset 11 width 77.76: "just a text"
      RenderSVGText {text} at (4500,1405) size 78x20 contains 1 chunk(s)
        RenderSVGInlineText {#text} at (0,0) size 78x20
          chunk 1 text run 1 at (4500.00,1420.00) startOffset 0 endOffset 11 width 77.76: "just a text"
      RenderSVGText {text} at (4600,1405) size 78x20 contains 1 chunk(s)
        RenderSVGInlineText {#text} at (0,0) size 78x20
          chunk 1 text run 1 at (4600.00,1420.00) startOffset 0 endOffset 11 width 77.76: "just a text"
      RenderSVGText {text} at (4700,1405) size 78x20 contains 1 chunk(s)
        RenderSVGInlineText {#text} at (0,0) size 78x20
          chunk 1 text run 1 at (4700.00,1420.00) startOffset 0 endOffset 11 width 77.76: "just a text"
      RenderSVGText {text} at (4800,1405) size 78x20 contains 1 chunk(s)
        RenderSVGInlineText {#text} at (0,0) size 78x20
          chunk 1 text run 1 at (4800.00,1420.00) startOffset 0 endOffset 11 width 77.76: "just a text"
      RenderSVGText {text} at (4900,1405) size 78x20 contains 1 chunk(s)
        RenderSVGInlineText {#text} at (0,0) size 78x20
          chunk 1 text run 1 at (4900.00,1420.00) startOffset 0 endOffset 11 width 77.76: "just a text"
      RenderSVGText {text} at (0,1505) size 78x20 contains 1 chunk(s)
        RenderSVGInlineText {#text} at (0,0) size 78x20
          chunk 1 text run 1 at (0.00,1520.00) startOffset 0 endOffset 11 width 77.76: "just a text"
      RenderSVGText {text} at (100,1505) size 78x20 contains 1 chunk(s)
        RenderSVGInlineText {#text} at (0,0) size 78x20
          chunk 1 text run 1 at (100.00,1520.00) startOffset 0 endOffset 11 width 77.76: "just a text"
      RenderSVGText {text} at (200,1505) size 78x20 contains 1 chunk(s)
        RenderSVGInlineText {#text} at (0,0) size 78x20
          chunk 1 text run 1 at (200.00,1520.00) startOffset 0 endOffset 11 width 77.76: "just a text"
      RenderSVGText {text} at (300,1505) size 78x20 contains 1 chunk(s)
        RenderSVGInlineText {#text} at (0,0) size 78x20
          chunk 1 text run 1 at (300.00,1520.00) startOffset 0 endOffset 11 width 77.76: "just a text"
      RenderSVGText {text} at (400,1505) size 78x20 contains 1 chunk(s)
        RenderSVGInlineText {#text} at (0,0) size 78x20
          chunk 1 text run 1 at (400.00,1520.00) startOffset 0 endOffset 11 width 77.76: "just a text"
      RenderSVGText {text} at (500,1505) size 78x20 contains 1 chunk(s)
        RenderSVGInlineText {#text} at (0,0) size 78x20
          chunk 1 text run 1 at (500.00,1520.00) startOffset 0 endOffset 11 width 77.76: "just a text"
      RenderSVGText {text} at (600,1505) size 78x20 contains 1 chunk(s)
        RenderSVGInlineText {#text} at (0,0) size 78x20
          chunk 1 text run 1 at (600.00,1520.00) startOffset 0 endOffset 11 width 77.76: "just a text"
      RenderSVGText {text} at (700,1505) size 78x20 contains 1 chunk(s)
        RenderSVGInlineText {#text} at (0,0) size 78x20
          chunk 1 text run 1 at (700.00,1520.00) startOffset 0 endOffset 11 width 77.76: "just a text"
      RenderSVGText {text} at (800,1505) size 78x20 contains 1 chunk(s)
        RenderSVGInlineText {#text} at (0,0) size 78x20
          chunk 1 text run 1 at (800.00,1520.00) startOffset 0 endOffset 11 width 77.76: "just a text"
      RenderSVGText {text} at (900,1505) size 78x20 contains 1 chunk(s)
        RenderSVGInlineText {#text} at (0,0) size 78x20
          chunk 1 text run 1 at (900.00,1520.00) startOffset 0 endOffset 11 width 77.76: "just a text"
      RenderSVGText {text} at (1000,1505) size 78x20 contains 1 chunk(s)
        RenderSVGInlineText {#text} at (0,0) size 78x20
          chunk 1 text run 1 at (1000.00,1520.00) startOffset 0 endOffset 11 width 77.76: "just a text"
      RenderSVGText {text} at (1100,1505) size 78x20 contains 1 chunk(s)
        RenderSVGInlineText {#text} at (0,0) size 78x20
          chunk 1 text run 1 at (1100.00,1520.00) startOffset 0 endOffset 11 width 77.76: "just a text"
      RenderSVGText {text} at (1200,1505) size 78x20 contains 1 chunk(s)
        RenderSVGInlineText {#text} at (0,0) size 78x20
          chunk 1 text run 1 at (1200.00,1520.00) startOffset 0 endOffset 11 width 77.76: "just a text"
      RenderSVGText {text} at (1300,1505) size 78x20 contains 1 chunk(s)
        RenderSVGInlineText {#text} at (0,0) size 78x20
          chunk 1 text run 1 at (1300.00,1520.00) startOffset 0 endOffset 11 width 77.76: "just a text"
      RenderSVGText {text} at (1400,1505) size 78x20 contains 1 chunk(s)
        RenderSVGInlineText {#text} at (0,0) size 78x20
          chunk 1 text run 1 at (1400.00,1520.00) startOffset 0 endOffset 11 width 77.76: "just a text"
      RenderSVGText {text} at (1500,1505) size 78x20 contains 1 chunk(s)
        RenderSVGInlineText {#text} at (0,0) size 78x20
          chunk 1 text run 1 at (1500.00,1520.00) startOffset 0 endOffset 11 width 77.76: "just a text"
      RenderSVGText {text} at (1600,1505) size 78x20 contains 1 chunk(s)
        RenderSVGInlineText {#text} at (0,0) size 78x20
          chunk 1 text run 1 at (1600.00,1520.00) startOffset 0 endOffset 11 width 77.76: "just a text"
      RenderSVGText {text} at (1700,1505) size 78x20 contains 1 chunk(s)
        RenderSVGInlineText {#text} at (0,0) size 78x20
          chunk 1 text run 1 at (1700.00,1520.00) startOffset 0 endOffset 11 width 77.76: "just a text"
      RenderSVGText {text} at (1800,1505) size 78x20 contains 1 chunk(s)
        RenderSVGInlineText {#text} at (0,0) size 78x20
          chunk 1 text run 1 at (1800.00,1520.00) startOffset 0 endOffset 11 width 77.76: "just a text"
      RenderSVGText {text} at (1900,1505) size 78x20 contains 1 chunk(s)
        RenderSVGInlineText {#text} at (0,0) size 78x20
          chunk 1 text run 1 at (1900.00,1520.00) startOffset 0 endOffset 11 width 77.76: "just a text"
      RenderSVGText {text} at (2000,1505) size 78x20 contains 1 chunk(s)
        RenderSVGInlineText {#text} at (0,0) size 78x20
          chunk 1 text run 1 at (2000.00,1520.00) startOffset 0 endOffset 11 width 77.76: "just a text"
      RenderSVGText {text} at (2100,1505) size 78x20 contains 1 chunk(s)
        RenderSVGInlineText {#text} at (0,0) size 78x20
          chunk 1 text run 1 at (2100.00,1520.00) startOffset 0 endOffset 11 width 77.76: "just a text"
      RenderSVGText {text} at (2200,1505) size 78x20 contains 1 chunk(s)
        RenderSVGInlineText {#text} at (0,0) size 78x20
          chunk 1 text run 1 at (2200.00,1520.00) startOffset 0 endOffset 11 width 77.76: "just a text"
      RenderSVGText {text} at (2300,1505) size 78x20 contains 1 chunk(s)
        RenderSVGInlineText {#text} at (0,0) size 78x20
          chunk 1 text run 1 at (2300.00,1520.00) startOffset 0 endOffset 11 width 77.76: "just a text"
      RenderSVGText {text} at (2400,1505) size 78x20 contains 1 chunk(s)
        RenderSVGInlineText {#text} at (0,0) size 78x20
          chunk 1 text run 1 at (2400.00,1520.00) startOffset 0 endOffset 11 width 77.76: "just a text"
      RenderSVGText {text} at (2500,1505) size 78x20 contains 1 chunk(s)
        RenderSVGInlineText {#text} at (0,0) size 78x20
          chunk 1 text run 1 at (2500.00,1520.00) startOffset 0 endOffset 11 width 77.76: "just a text"
      RenderSVGText {text} at (2600,1505) size 78x20 contains 1 chunk(s)
        RenderSVGInlineText {#text} at (0,0) size 78x20
          chunk 1 text run 1 at (2600.00,1520.00) startOffset 0 endOffset 11 width 77.76: "just a text"
      RenderSVGText {text} at (2700,1505) size 78x20 contains 1 chunk(s)
        RenderSVGInlineText {#text} at (0,0) size 78x20
          chunk 1 text run 1 at (2700.00,1520.00) startOffset 0 endOffset 11 width 77.76: "just a text"
      RenderSVGText {text} at (2800,1505) size 78x20 contains 1 chunk(s)
        RenderSVGInlineText {#text} at (0,0) size 78x20
          chunk 1 text run 1 at (2800.00,1520.00) startOffset 0 endOffset 11 width 77.76: "just a text"
      RenderSVGText {text} at (2900,1505) size 78x20 contains 1 chunk(s)
        RenderSVGInlineText {#text} at (0,0) size 78x20
          chunk 1 text run 1 at (2900.00,1520.00) startOffset 0 endOffset 11 width 77.76: "just a text"
      RenderSVGText {text} at (3000,1505) size 78x20 contains 1 chunk(s)
        RenderSVGInlineText {#text} at (0,0) size 78x20
          chunk 1 text run 1 at (3000.00,1520.00) startOffset 0 endOffset 11 width 77.76: "just a text"
      RenderSVGText {text} at (3100,1505) size 78x20 contains 1 chunk(s)
        RenderSVGInlineText {#text} at (0,0) size 78x20
          chunk 1 text run 1 at (3100.00,1520.00) startOffset 0 endOffset 11 width 77.76: "just a text"
      RenderSVGText {text} at (3200,1505) size 78x20 contains 1 chunk(s)
        RenderSVGInlineText {#text} at (0,0) size 78x20
          chunk 1 text run 1 at (3200.00,1520.00) startOffset 0 endOffset 11 width 77.76: "just a text"
      RenderSVGText {text} at (3300,1505) size 78x20 contains 1 chunk(s)
        RenderSVGInlineText {#text} at (0,0) size 78x20
          chunk 1 text run 1 at (3300.00,1520.00) startOffset 0 endOffset 11 width 77.76: "just a text"
      RenderSVGText {text} at (3400,1505) size 78x20 contains 1 chunk(s)
        RenderSVGInlineText {#text} at (0,0) size 78x20
          chunk 1 text run 1 at (3400.00,1520.00) startOffset 0 endOffset 11 width 77.76: "just a text"
      RenderSVGText {text} at (3500,1505) size 78x20 contains 1 chunk(s)
        RenderSVGInlineText {#text} at (0,0) size 78x20
          chunk 1 text run 1 at (3500.00,1520.00) startOffset 0 endOffset 11 width 77.76: "just a text"
      RenderSVGText {text} at (3600,1505) size 78x20 contains 1 chunk(s)
        RenderSVGInlineText {#text} at (0,0) size 78x20
          chunk 1 text run 1 at (3600.00,1520.00) startOffset 0 endOffset 11 width 77.76: "just a text"
      RenderSVGText {text} at (3700,1505) size 78x20 contains 1 chunk(s)
        RenderSVGInlineText {#text} at (0,0) size 78x20
          chunk 1 text run 1 at (3700.00,1520.00) startOffset 0 endOffset 11 width 77.76: "just a text"
      RenderSVGText {text} at (3800,1505) size 78x20 contains 1 chunk(s)
        RenderSVGInlineText {#text} at (0,0) size 78x20
          chunk 1 text run 1 at (3800.00,1520.00) startOffset 0 endOffset 11 width 77.76: "just a text"
      RenderSVGText {text} at (3900,1505) size 78x20 contains 1 chunk(s)
        RenderSVGInlineText {#text} at (0,0) size 78x20
          chunk 1 text run 1 at (3900.00,1520.00) startOffset 0 endOffset 11 width 77.76: "just a text"
      RenderSVGText {text} at (4000,1505) size 78x20 contains 1 chunk(s)
        RenderSVGInlineText {#text} at (0,0) size 78x20
          chunk 1 text run 1 at (4000.00,1520.00) startOffset 0 endOffset 11 width 77.76: "just a text"
      RenderSVGText {text} at (4100,1505) size 78x20 contains 1 chunk(s)
        RenderSVGInlineText {#text} at (0,0) size 78x20
          chunk 1 text run 1 at (4100.00,1520.00) startOffset 0 endOffset 11 width 77.76: "just a text"
      RenderSVGText {text} at (4200,1505) size 78x20 contains 1 chunk(s)
        RenderSVGInlineText {#text} at (0,0) size 78x20
          chunk 1 text run 1 at (4200.00,1520.00) startOffset 0 endOffset 11 width 77.76: "just a text"
      RenderSVGText {text} at (4300,1505) size 78x20 contains 1 chunk(s)
        RenderSVGInlineText {#text} at (0,0) size 78x20
          chunk 1 text run 1 at (4300.00,1520.00) startOffset 0 endOffset 11 width 77.76: "just a text"
      RenderSVGText {text} at (4400,1505) size 78x20 contains 1 chunk(s)
        RenderSVGInlineText {#text} at (0,0) size 78x20
          chunk 1 text run 1 at (4400.00,1520.00) startOffset 0 endOffset 11 width 77.76: "just a text"
      RenderSVGText {text} at (4500,1505) size 78x20 contains 1 chunk(s)
        RenderSVGInlineText {#text} at (0,0) size 78x20
          chunk 1 text run 1 at (4500.00,1520.00) startOffset 0 endOffset 11 width 77.76: "just a text"
      RenderSVGText {text} at (4600,1505) size 78x20 contains 1 chunk(s)
        RenderSVGInlineText {#text} at (0,0) size 78x20
          chunk 1 text run 1 at (4600.00,1520.00) startOffset 0 endOffset 11 width 77.76: "just a text"
      RenderSVGText {text} at (4700,1505) size 78x20 contains 1 chunk(s)
        RenderSVGInlineText {#text} at (0,0) size 78x20
          chunk 1 text run 1 at (4700.00,1520.00) startOffset 0 endOffset 11 width 77.76: "just a text"
      RenderSVGText {text} at (4800,1505) size 78x20 contains 1 chunk(s)
        RenderSVGInlineText {#text} at (0,0) size 78x20
          chunk 1 text run 1 at (4800.00,1520.00) startOffset 0 endOffset 11 width 77.76: "just a text"
      RenderSVGText {text} at (4900,1505) size 78x20 contains 1 chunk(s)
        RenderSVGInlineText {#text} at (0,0) size 78x20
          chunk 1 text run 1 at (4900.00,1520.00) startOffset 0 endOffset 11 width 77.76: "just a text"
      RenderSVGText {text} at (0,1605) size 78x20 contains 1 chunk(s)
        RenderSVGInlineText {#text} at (0,0) size 78x20
          chunk 1 text run 1 at (0.00,1620.00) startOffset 0 endOffset 11 width 77.76: "just a text"
      RenderSVGText {text} at (100,1605) size 78x20 contains 1 chunk(s)
        RenderSVGInlineText {#text} at (0,0) size 78x20
          chunk 1 text run 1 at (100.00,1620.00) startOffset 0 endOffset 11 width 77.76: "just a text"
      RenderSVGText {text} at (200,1605) size 78x20 contains 1 chunk(s)
        RenderSVGInlineText {#text} at (0,0) size 78x20
          chunk 1 text run 1 at (200.00,1620.00) startOffset 0 endOffset 11 width 77.76: "just a text"
      RenderSVGText {text} at (300,1605) size 78x20 contains 1 chunk(s)
        RenderSVGInlineText {#text} at (0,0) size 78x20
          chunk 1 text run 1 at (300.00,1620.00) startOffset 0 endOffset 11 width 77.76: "just a text"
      RenderSVGText {text} at (400,1605) size 78x20 contains 1 chunk(s)
        RenderSVGInlineText {#text} at (0,0) size 78x20
          chunk 1 text run 1 at (400.00,1620.00) startOffset 0 endOffset 11 width 77.76: "just a text"
      RenderSVGText {text} at (500,1605) size 78x20 contains 1 chunk(s)
        RenderSVGInlineText {#text} at (0,0) size 78x20
          chunk 1 text run 1 at (500.00,1620.00) startOffset 0 endOffset 11 width 77.76: "just a text"
      RenderSVGText {text} at (600,1605) size 78x20 contains 1 chunk(s)
        RenderSVGInlineText {#text} at (0,0) size 78x20
          chunk 1 text run 1 at (600.00,1620.00) startOffset 0 endOffset 11 width 77.76: "just a text"
      RenderSVGText {text} at (700,1605) size 78x20 contains 1 chunk(s)
        RenderSVGInlineText {#text} at (0,0) size 78x20
          chunk 1 text run 1 at (700.00,1620.00) startOffset 0 endOffset 11 width 77.76: "just a text"
      RenderSVGText {text} at (800,1605) size 78x20 contains 1 chunk(s)
        RenderSVGInlineText {#text} at (0,0) size 78x20
          chunk 1 text run 1 at (800.00,1620.00) startOffset 0 endOffset 11 width 77.76: "just a text"
      RenderSVGText {text} at (900,1605) size 78x20 contains 1 chunk(s)
        RenderSVGInlineText {#text} at (0,0) size 78x20
          chunk 1 text run 1 at (900.00,1620.00) startOffset 0 endOffset 11 width 77.76: "just a text"
      RenderSVGText {text} at (1000,1605) size 78x20 contains 1 chunk(s)
        RenderSVGInlineText {#text} at (0,0) size 78x20
          chunk 1 text run 1 at (1000.00,1620.00) startOffset 0 endOffset 11 width 77.76: "just a text"
      RenderSVGText {text} at (1100,1605) size 78x20 contains 1 chunk(s)
        RenderSVGInlineText {#text} at (0,0) size 78x20
          chunk 1 text run 1 at (1100.00,1620.00) startOffset 0 endOffset 11 width 77.76: "just a text"
      RenderSVGText {text} at (1200,1605) size 78x20 contains 1 chunk(s)
        RenderSVGInlineText {#text} at (0,0) size 78x20
          chunk 1 text run 1 at (1200.00,1620.00) startOffset 0 endOffset 11 width 77.76: "just a text"
      RenderSVGText {text} at (1300,1605) size 78x20 contains 1 chunk(s)
        RenderSVGInlineText {#text} at (0,0) size 78x20
          chunk 1 text run 1 at (1300.00,1620.00) startOffset 0 endOffset 11 width 77.76: "just a text"
      RenderSVGText {text} at (1400,1605) size 78x20 contains 1 chunk(s)
        RenderSVGInlineText {#text} at (0,0) size 78x20
          chunk 1 text run 1 at (1400.00,1620.00) startOffset 0 endOffset 11 width 77.76: "just a text"
      RenderSVGText {text} at (1500,1605) size 78x20 contains 1 chunk(s)
        RenderSVGInlineText {#text} at (0,0) size 78x20
          chunk 1 text run 1 at (1500.00,1620.00) startOffset 0 endOffset 11 width 77.76: "just a text"
      RenderSVGText {text} at (1600,1605) size 78x20 contains 1 chunk(s)
        RenderSVGInlineText {#text} at (0,0) size 78x20
          chunk 1 text run 1 at (1600.00,1620.00) startOffset 0 endOffset 11 width 77.76: "just a text"
      RenderSVGText {text} at (1700,1605) size 78x20 contains 1 chunk(s)
        RenderSVGInlineText {#text} at (0,0) size 78x20
          chunk 1 text run 1 at (1700.00,1620.00) startOffset 0 endOffset 11 width 77.76: "just a text"
      RenderSVGText {text} at (1800,1605) size 78x20 contains 1 chunk(s)
        RenderSVGInlineText {#text} at (0,0) size 78x20
          chunk 1 text run 1 at (1800.00,1620.00) startOffset 0 endOffset 11 width 77.76: "just a text"
      RenderSVGText {text} at (1900,1605) size 78x20 contains 1 chunk(s)
        RenderSVGInlineText {#text} at (0,0) size 78x20
          chunk 1 text run 1 at (1900.00,1620.00) startOffset 0 endOffset 11 width 77.76: "just a text"
      RenderSVGText {text} at (2000,1605) size 78x20 contains 1 chunk(s)
        RenderSVGInlineText {#text} at (0,0) size 78x20
          chunk 1 text run 1 at (2000.00,1620.00) startOffset 0 endOffset 11 width 77.76: "just a text"
      RenderSVGText {text} at (2100,1605) size 78x20 contains 1 chunk(s)
        RenderSVGInlineText {#text} at (0,0) size 78x20
          chunk 1 text run 1 at (2100.00,1620.00) startOffset 0 endOffset 11 width 77.76: "just a text"
      RenderSVGText {text} at (2200,1605) size 78x20 contains 1 chunk(s)
        RenderSVGInlineText {#text} at (0,0) size 78x20
          chunk 1 text run 1 at (2200.00,1620.00) startOffset 0 endOffset 11 width 77.76: "just a text"
      RenderSVGText {text} at (2300,1605) size 78x20 contains 1 chunk(s)
        RenderSVGInlineText {#text} at (0,0) size 78x20
          chunk 1 text run 1 at (2300.00,1620.00) startOffset 0 endOffset 11 width 77.76: "just a text"
      RenderSVGText {text} at (2400,1605) size 78x20 contains 1 chunk(s)
        RenderSVGInlineText {#text} at (0,0) size 78x20
          chunk 1 text run 1 at (2400.00,1620.00) startOffset 0 endOffset 11 width 77.76: "just a text"
      RenderSVGText {text} at (2500,1605) size 78x20 contains 1 chunk(s)
        RenderSVGInlineText {#text} at (0,0) size 78x20
          chunk 1 text run 1 at (2500.00,1620.00) startOffset 0 endOffset 11 width 77.76: "just a text"
      RenderSVGText {text} at (2600,1605) size 78x20 contains 1 chunk(s)
        RenderSVGInlineText {#text} at (0,0) size 78x20
          chunk 1 text run 1 at (2600.00,1620.00) startOffset 0 endOffset 11 width 77.76: "just a text"
      RenderSVGText {text} at (2700,1605) size 78x20 contains 1 chunk(s)
        RenderSVGInlineText {#text} at (0,0) size 78x20
          chunk 1 text run 1 at (2700.00,1620.00) startOffset 0 endOffset 11 width 77.76: "just a text"
      RenderSVGText {text} at (2800,1605) size 78x20 contains 1 chunk(s)
        RenderSVGInlineText {#text} at (0,0) size 78x20
          chunk 1 text run 1 at (2800.00,1620.00) startOffset 0 endOffset 11 width 77.76: "just a text"
      RenderSVGText {text} at (2900,1605) size 78x20 contains 1 chunk(s)
        RenderSVGInlineText {#text} at (0,0) size 78x20
          chunk 1 text run 1 at (2900.00,1620.00) startOffset 0 endOffset 11 width 77.76: "just a text"
      RenderSVGText {text} at (3000,1605) size 78x20 contains 1 chunk(s)
        RenderSVGInlineText {#text} at (0,0) size 78x20
          chunk 1 text run 1 at (3000.00,1620.00) startOffset 0 endOffset 11 width 77.76: "just a text"
      RenderSVGText {text} at (3100,1605) size 78x20 contains 1 chunk(s)
        RenderSVGInlineText {#text} at (0,0) size 78x20
          chunk 1 text run 1 at (3100.00,1620.00) startOffset 0 endOffset 11 width 77.76: "just a text"
      RenderSVGText {text} at (3200,1605) size 78x20 contains 1 chunk(s)
        RenderSVGInlineText {#text} at (0,0) size 78x20
          chunk 1 text run 1 at (3200.00,1620.00) startOffset 0 endOffset 11 width 77.76: "just a text"
      RenderSVGText {text} at (3300,1605) size 78x20 contains 1 chunk(s)
        RenderSVGInlineText {#text} at (0,0) size 78x20
          chunk 1 text run 1 at (3300.00,1620.00) startOffset 0 endOffset 11 width 77.76: "just a text"
      RenderSVGText {text} at (3400,1605) size 78x20 contains 1 chunk(s)
        RenderSVGInlineText {#text} at (0,0) size 78x20
          chunk 1 text run 1 at (3400.00,1620.00) startOffset 0 endOffset 11 width 77.76: "just a text"
      RenderSVGText {text} at (3500,1605) size 78x20 contains 1 chunk(s)
        RenderSVGInlineText {#text} at (0,0) size 78x20
          chunk 1 text run 1 at (3500.00,1620.00) startOffset 0 endOffset 11 width 77.76: "just a text"
      RenderSVGText {text} at (3600,1605) size 78x20 contains 1 chunk(s)
        RenderSVGInlineText {#text} at (0,0) size 78x20
          chunk 1 text run 1 at (3600.00,1620.00) startOffset 0 endOffset 11 width 77.76: "just a text"
      RenderSVGText {text} at (3700,1605) size 78x20 contains 1 chunk(s)
        RenderSVGInlineText {#text} at (0,0) size 78x20
          chunk 1 text run 1 at (3700.00,1620.00) startOffset 0 endOffset 11 width 77.76: "just a text"
      RenderSVGText {text} at (3800,1605) size 78x20 contains 1 chunk(s)
        RenderSVGInlineText {#text} at (0,0) size 78x20
          chunk 1 text run 1 at (3800.00,1620.00) startOffset 0 endOffset 11 width 77.76: "just a text"
      RenderSVGText {text} at (3900,1605) size 78x20 contains 1 chunk(s)
        RenderSVGInlineText {#text} at (0,0) size 78x20
          chunk 1 text run 1 at (3900.00,1620.00) startOffset 0 endOffset 11 width 77.76: "just a text"
      RenderSVGText {text} at (4000,1605) size 78x20 contains 1 chunk(s)
        RenderSVGInlineText {#text} at (0,0) size 78x20
          chunk 1 text run 1 at (4000.00,1620.00) startOffset 0 endOffset 11 width 77.76: "just a text"
      RenderSVGText {text} at (4100,1605) size 78x20 contains 1 chunk(s)
        RenderSVGInlineText {#text} at (0,0) size 78x20
          chunk 1 text run 1 at (4100.00,1620.00) startOffset 0 endOffset 11 width 77.76: "just a text"
      RenderSVGText {text} at (4200,1605) size 78x20 contains 1 chunk(s)
        RenderSVGInlineText {#text} at (0,0) size 78x20
          chunk 1 text run 1 at (4200.00,1620.00) startOffset 0 endOffset 11 width 77.76: "just a text"
      RenderSVGText {text} at (4300,1605) size 78x20 contains 1 chunk(s)
        RenderSVGInlineText {#text} at (0,0) size 78x20
          chunk 1 text run 1 at (4300.00,1620.00) startOffset 0 endOffset 11 width 77.76: "just a text"
      RenderSVGText {text} at (4400,1605) size 78x20 contains 1 chunk(s)
        RenderSVGInlineText {#text} at (0,0) size 78x20
          chunk 1 text run 1 at (4400.00,1620.00) startOffset 0 endOffset 11 width 77.76: "just a text"
      RenderSVGText {text} at (4500,1605) size 78x20 contains 1 chunk(s)
        RenderSVGInlineText {#text} at (0,0) size 78x20
          chunk 1 text run 1 at (4500.00,1620.00) startOffset 0 endOffset 11 width 77.76: "just a text"
      RenderSVGText {text} at (4600,1605) size 78x20 contains 1 chunk(s)
        RenderSVGInlineText {#text} at (0,0) size 78x20
          chunk 1 text run 1 at (4600.00,1620.00) startOffset 0 endOffset 11 width 77.76: "just a text"
      RenderSVGText {text} at (4700,1605) size 78x20 contains 1 chunk(s)
        RenderSVGInlineText {#text} at (0,0) size 78x20
          chunk 1 text run 1 at (4700.00,1620.00) startOffset 0 endOffset 11 width 77.76: "just a text"
      RenderSVGText {text} at (4800,1605) size 78x20 contains 1 chunk(s)
        RenderSVGInlineText {#text} at (0,0) size 78x20
          chunk 1 text run 1 at (4800.00,1620.00) startOffset 0 endOffset 11 width 77.76: "just a text"
      RenderSVGText {text} at (4900,1605) size 78x20 contains 1 chunk(s)
        RenderSVGInlineText {#text} at (0,0) size 78x20
          chunk 1 text run 1 at (4900.00,1620.00) startOffset 0 endOffset 11 width 77.76: "just a text"
      RenderSVGText {text} at (0,1705) size 78x20 contains 1 chunk(s)
        RenderSVGInlineText {#text} at (0,0) size 78x20
          chunk 1 text run 1 at (0.00,1720.00) startOffset 0 endOffset 11 width 77.76: "just a text"
      RenderSVGText {text} at (100,1705) size 78x20 contains 1 chunk(s)
        RenderSVGInlineText {#text} at (0,0) size 78x20
          chunk 1 text run 1 at (100.00,1720.00) startOffset 0 endOffset 11 width 77.76: "just a text"
      RenderSVGText {text} at (200,1705) size 78x20 contains 1 chunk(s)
        RenderSVGInlineText {#text} at (0,0) size 78x20
          chunk 1 text run 1 at (200.00,1720.00) startOffset 0 endOffset 11 width 77.76: "just a text"
      RenderSVGText {text} at (300,1705) size 78x20 contains 1 chunk(s)
        RenderSVGInlineText {#text} at (0,0) size 78x20
          chunk 1 text run 1 at (300.00,1720.00) startOffset 0 endOffset 11 width 77.76: "just a text"
      RenderSVGText {text} at (400,1705) size 78x20 contains 1 chunk(s)
        RenderSVGInlineText {#text} at (0,0) size 78x20
          chunk 1 text run 1 at (400.00,1720.00) startOffset 0 endOffset 11 width 77.76: "just a text"
      RenderSVGText {text} at (500,1705) size 78x20 contains 1 chunk(s)
        RenderSVGInlineText {#text} at (0,0) size 78x20
          chunk 1 text run 1 at (500.00,1720.00) startOffset 0 endOffset 11 width 77.76: "just a text"
      RenderSVGText {text} at (600,1705) size 78x20 contains 1 chunk(s)
        RenderSVGInlineText {#text} at (0,0) size 78x20
          chunk 1 text run 1 at (600.00,1720.00) startOffset 0 endOffset 11 width 77.76: "just a text"
      RenderSVGText {text} at (700,1705) size 78x20 contains 1 chunk(s)
        RenderSVGInlineText {#text} at (0,0) size 78x20
          chunk 1 text run 1 at (700.00,1720.00) startOffset 0 endOffset 11 width 77.76: "just a text"
      RenderSVGText {text} at (800,1705) size 78x20 contains 1 chunk(s)
        RenderSVGInlineText {#text} at (0,0) size 78x20
          chunk 1 text run 1 at (800.00,1720.00) startOffset 0 endOffset 11 width 77.76: "just a text"
      RenderSVGText {text} at (900,1705) size 78x20 contains 1 chunk(s)
        RenderSVGInlineText {#text} at (0,0) size 78x20
          chunk 1 text run 1 at (900.00,1720.00) startOffset 0 endOffset 11 width 77.76: "just a text"
      RenderSVGText {text} at (1000,1705) size 78x20 contains 1 chunk(s)
        RenderSVGInlineText {#text} at (0,0) size 78x20
          chunk 1 text run 1 at (1000.00,1720.00) startOffset 0 endOffset 11 width 77.76: "just a text"
      RenderSVGText {text} at (1100,1705) size 78x20 contains 1 chunk(s)
        RenderSVGInlineText {#text} at (0,0) size 78x20
          chunk 1 text run 1 at (1100.00,1720.00) startOffset 0 endOffset 11 width 77.76: "just a text"
      RenderSVGText {text} at (1200,1705) size 78x20 contains 1 chunk(s)
        RenderSVGInlineText {#text} at (0,0) size 78x20
          chunk 1 text run 1 at (1200.00,1720.00) startOffset 0 endOffset 11 width 77.76: "just a text"
      RenderSVGText {text} at (1300,1705) size 78x20 contains 1 chunk(s)
        RenderSVGInlineText {#text} at (0,0) size 78x20
          chunk 1 text run 1 at (1300.00,1720.00) startOffset 0 endOffset 11 width 77.76: "just a text"
      RenderSVGText {text} at (1400,1705) size 78x20 contains 1 chunk(s)
        RenderSVGInlineText {#text} at (0,0) size 78x20
          chunk 1 text run 1 at (1400.00,1720.00) startOffset 0 endOffset 11 width 77.76: "just a text"
      RenderSVGText {text} at (1500,1705) size 78x20 contains 1 chunk(s)
        RenderSVGInlineText {#text} at (0,0) size 78x20
          chunk 1 text run 1 at (1500.00,1720.00) startOffset 0 endOffset 11 width 77.76: "just a text"
      RenderSVGText {text} at (1600,1705) size 78x20 contains 1 chunk(s)
        RenderSVGInlineText {#text} at (0,0) size 78x20
          chunk 1 text run 1 at (1600.00,1720.00) startOffset 0 endOffset 11 width 77.76: "just a text"
      RenderSVGText {text} at (1700,1705) size 78x20 contains 1 chunk(s)
        RenderSVGInlineText {#text} at (0,0) size 78x20
          chunk 1 text run 1 at (1700.00,1720.00) startOffset 0 endOffset 11 width 77.76: "just a text"
      RenderSVGText {text} at (1800,1705) size 78x20 contains 1 chunk(s)
        RenderSVGInlineText {#text} at (0,0) size 78x20
          chunk 1 text run 1 at (1800.00,1720.00) startOffset 0 endOffset 11 width 77.76: "just a text"
      RenderSVGText {text} at (1900,1705) size 78x20 contains 1 chunk(s)
        RenderSVGInlineText {#text} at (0,0) size 78x20
          chunk 1 text run 1 at (1900.00,1720.00) startOffset 0 endOffset 11 width 77.76: "just a text"
      RenderSVGText {text} at (2000,1705) size 78x20 contains 1 chunk(s)
        RenderSVGInlineText {#text} at (0,0) size 78x20
          chunk 1 text run 1 at (2000.00,1720.00) startOffset 0 endOffset 11 width 77.76: "just a text"
      RenderSVGText {text} at (2100,1705) size 78x20 contains 1 chunk(s)
        RenderSVGInlineText {#text} at (0,0) size 78x20
          chunk 1 text run 1 at (2100.00,1720.00) startOffset 0 endOffset 11 width 77.76: "just a text"
      RenderSVGText {text} at (2200,1705) size 78x20 contains 1 chunk(s)
        RenderSVGInlineText {#text} at (0,0) size 78x20
          chunk 1 text run 1 at (2200.00,1720.00) startOffset 0 endOffset 11 width 77.76: "just a text"
      RenderSVGText {text} at (2300,1705) size 78x20 contains 1 chunk(s)
        RenderSVGInlineText {#text} at (0,0) size 78x20
          chunk 1 text run 1 at (2300.00,1720.00) startOffset 0 endOffset 11 width 77.76: "just a text"
      RenderSVGText {text} at (2400,1705) size 78x20 contains 1 chunk(s)
        RenderSVGInlineText {#text} at (0,0) size 78x20
          chunk 1 text run 1 at (2400.00,1720.00) startOffset 0 endOffset 11 width 77.76: "just a text"
      RenderSVGText {text} at (2500,1705) size 78x20 contains 1 chunk(s)
        RenderSVGInlineText {#text} at (0,0) size 78x20
          chunk 1 text run 1 at (2500.00,1720.00) startOffset 0 endOffset 11 width 77.76: "just a text"
      RenderSVGText {text} at (2600,1705) size 78x20 contains 1 chunk(s)
        RenderSVGInlineText {#text} at (0,0) size 78x20
          chunk 1 text run 1 at (2600.00,1720.00) startOffset 0 endOffset 11 width 77.76: "just a text"
      RenderSVGText {text} at (2700,1705) size 78x20 contains 1 chunk(s)
        RenderSVGInlineText {#text} at (0,0) size 78x20
          chunk 1 text run 1 at (2700.00,1720.00) startOffset 0 endOffset 11 width 77.76: "just a text"
      RenderSVGText {text} at (2800,1705) size 78x20 contains 1 chunk(s)
        RenderSVGInlineText {#text} at (0,0) size 78x20
          chunk 1 text run 1 at (2800.00,1720.00) startOffset 0 endOffset 11 width 77.76: "just a text"
      RenderSVGText {text} at (2900,1705) size 78x20 contains 1 chunk(s)
        RenderSVGInlineText {#text} at (0,0) size 78x20
          chunk 1 text run 1 at (2900.00,1720.00) startOffset 0 endOffset 11 width 77.76: "just a text"
      RenderSVGText {text} at (3000,1705) size 78x20 contains 1 chunk(s)
        RenderSVGInlineText {#text} at (0,0) size 78x20
          chunk 1 text run 1 at (3000.00,1720.00) startOffset 0 endOffset 11 width 77.76: "just a text"
      RenderSVGText {text} at (3100,1705) size 78x20 contains 1 chunk(s)
        RenderSVGInlineText {#text} at (0,0) size 78x20
          chunk 1 text run 1 at (3100.00,1720.00) startOffset 0 endOffset 11 width 77.76: "just a text"
      RenderSVGText {text} at (3200,1705) size 78x20 contains 1 chunk(s)
        RenderSVGInlineText {#text} at (0,0) size 78x20
          chunk 1 text run 1 at (3200.00,1720.00) startOffset 0 endOffset 11 width 77.76: "just a text"
      RenderSVGText {text} at (3300,1705) size 78x20 contains 1 chunk(s)
        RenderSVGInlineText {#text} at (0,0) size 78x20
          chunk 1 text run 1 at (3300.00,1720.00) startOffset 0 endOffset 11 width 77.76: "just a text"
      RenderSVGText {text} at (3400,1705) size 78x20 contains 1 chunk(s)
        RenderSVGInlineText {#text} at (0,0) size 78x20
          chunk 1 text run 1 at (3400.00,1720.00) startOffset 0 endOffset 11 width 77.76: "just a text"
      RenderSVGText {text} at (3500,1705) size 78x20 contains 1 chunk(s)
        RenderSVGInlineText {#text} at (0,0) size 78x20
          chunk 1 text run 1 at (3500.00,1720.00) startOffset 0 endOffset 11 width 77.76: "just a text"
      RenderSVGText {text} at (3600,1705) size 78x20 contains 1 chunk(s)
        RenderSVGInlineText {#text} at (0,0) size 78x20
          chunk 1 text run 1 at (3600.00,1720.00) startOffset 0 endOffset 11 width 77.76: "just a text"
      RenderSVGText {text} at (3700,1705) size 78x20 contains 1 chunk(s)
        RenderSVGInlineText {#text} at (0,0) size 78x20
          chunk 1 text run 1 at (3700.00,1720.00) startOffset 0 endOffset 11 width 77.76: "just a text"
      RenderSVGText {text} at (3800,1705) size 78x20 contains 1 chunk(s)
        RenderSVGInlineText {#text} at (0,0) size 78x20
          chunk 1 text run 1 at (3800.00,1720.00) startOffset 0 endOffset 11 width 77.76: "just a text"
      RenderSVGText {text} at (3900,1705) size 78x20 contains 1 chunk(s)
        RenderSVGInlineText {#text} at (0,0) size 78x20
          chunk 1 text run 1 at (3900.00,1720.00) startOffset 0 endOffset 11 width 77.76: "just a text"
      RenderSVGText {text} at (4000,1705) size 78x20 contains 1 chunk(s)
        RenderSVGInlineText {#text} at (0,0) size 78x20
          chunk 1 text run 1 at (4000.00,1720.00) startOffset 0 endOffset 11 width 77.76: "just a text"
      RenderSVGText {text} at (4100,1705) size 78x20 contains 1 chunk(s)
        RenderSVGInlineText {#text} at (0,0) size 78x20
          chunk 1 text run 1 at (4100.00,1720.00) startOffset 0 endOffset 11 width 77.76: "just a text"
      RenderSVGText {text} at (4200,1705) size 78x20 contains 1 chunk(s)
        RenderSVGInlineText {#text} at (0,0) size 78x20
          chunk 1 text run 1 at (4200.00,1720.00) startOffset 0 endOffset 11 width 77.76: "just a text"
      RenderSVGText {text} at (4300,1705) size 78x20 contains 1 chunk(s)
        RenderSVGInlineText {#text} at (0,0) size 78x20
          chunk 1 text run 1 at (4300.00,1720.00) startOffset 0 endOffset 11 width 77.76: "just a text"
      RenderSVGText {text} at (4400,1705) size 78x20 contains 1 chunk(s)
        RenderSVGInlineText {#text} at (0,0) size 78x20
          chunk 1 text run 1 at (4400.00,1720.00) startOffset 0 endOffset 11 width 77.76: "just a text"
      RenderSVGText {text} at (4500,1705) size 78x20 contains 1 chunk(s)
        RenderSVGInlineText {#text} at (0,0) size 78x20
          chunk 1 text run 1 at (4500.00,1720.00) startOffset 0 endOffset 11 width 77.76: "just a text"
      RenderSVGText {text} at (4600,1705) size 78x20 contains 1 chunk(s)
        RenderSVGInlineText {#text} at (0,0) size 78x20
          chunk 1 text run 1 at (4600.00,1720.00) startOffset 0 endOffset 11 width 77.76: "just a text"
      RenderSVGText {text} at (4700,1705) size 78x20 contains 1 chunk(s)
        RenderSVGInlineText {#text} at (0,0) size 78x20
          chunk 1 text run 1 at (4700.00,1720.00) startOffset 0 endOffset 11 width 77.76: "just a text"
      RenderSVGText {text} at (4800,1705) size 78x20 contains 1 chunk(s)
        RenderSVGInlineText {#text} at (0,0) size 78x20
          chunk 1 text run 1 at (4800.00,1720.00) startOffset 0 endOffset 11 width 77.76: "just a text"
      RenderSVGText {text} at (4900,1705) size 78x20 contains 1 chunk(s)
        RenderSVGInlineText {#text} at (0,0) size 78x20
          chunk 1 text run 1 at (4900.00,1720.00) startOffset 0 endOffset 11 width 77.76: "just a text"
      RenderSVGText {text} at (0,1805) size 78x20 contains 1 chunk(s)
        RenderSVGInlineText {#text} at (0,0) size 78x20
          chunk 1 text run 1 at (0.00,1820.00) startOffset 0 endOffset 11 width 77.76: "just a text"
      RenderSVGText {text} at (100,1805) size 78x20 contains 1 chunk(s)
        RenderSVGInlineText {#text} at (0,0) size 78x20
          chunk 1 text run 1 at (100.00,1820.00) startOffset 0 endOffset 11 width 77.76: "just a text"
      RenderSVGText {text} at (200,1805) size 78x20 contains 1 chunk(s)
        RenderSVGInlineText {#text} at (0,0) size 78x20
          chunk 1 text run 1 at (200.00,1820.00) startOffset 0 endOffset 11 width 77.76: "just a text"
      RenderSVGText {text} at (300,1805) size 78x20 contains 1 chunk(s)
        RenderSVGInlineText {#text} at (0,0) size 78x20
          chunk 1 text run 1 at (300.00,1820.00) startOffset 0 endOffset 11 width 77.76: "just a text"
      RenderSVGText {text} at (400,1805) size 78x20 contains 1 chunk(s)
        RenderSVGInlineText {#text} at (0,0) size 78x20
          chunk 1 text run 1 at (400.00,1820.00) startOffset 0 endOffset 11 width 77.76: "just a text"
      RenderSVGText {text} at (500,1805) size 78x20 contains 1 chunk(s)
        RenderSVGInlineText {#text} at (0,0) size 78x20
          chunk 1 text run 1 at (500.00,1820.00) startOffset 0 endOffset 11 width 77.76: "just a text"
      RenderSVGText {text} at (600,1805) size 78x20 contains 1 chunk(s)
        RenderSVGInlineText {#text} at (0,0) size 78x20
          chunk 1 text run 1 at (600.00,1820.00) startOffset 0 endOffset 11 width 77.76: "just a text"
      RenderSVGText {text} at (700,1805) size 78x20 contains 1 chunk(s)
        RenderSVGInlineText {#text} at (0,0) size 78x20
          chunk 1 text run 1 at (700.00,1820.00) startOffset 0 endOffset 11 width 77.76: "just a text"
      RenderSVGText {text} at (800,1805) size 78x20 contains 1 chunk(s)
        RenderSVGInlineText {#text} at (0,0) size 78x20
          chunk 1 text run 1 at (800.00,1820.00) startOffset 0 endOffset 11 width 77.76: "just a text"
      RenderSVGText {text} at (900,1805) size 78x20 contains 1 chunk(s)
        RenderSVGInlineText {#text} at (0,0) size 78x20
          chunk 1 text run 1 at (900.00,1820.00) startOffset 0 endOffset 11 width 77.76: "just a text"
      RenderSVGText {text} at (1000,1805) size 78x20 contains 1 chunk(s)
        RenderSVGInlineText {#text} at (0,0) size 78x20
          chunk 1 text run 1 at (1000.00,1820.00) startOffset 0 endOffset 11 width 77.76: "just a text"
      RenderSVGText {text} at (1100,1805) size 78x20 contains 1 chunk(s)
        RenderSVGInlineText {#text} at (0,0) size 78x20
          chunk 1 text run 1 at (1100.00,1820.00) startOffset 0 endOffset 11 width 77.76: "just a text"
      RenderSVGText {text} at (1200,1805) size 78x20 contains 1 chunk(s)
        RenderSVGInlineText {#text} at (0,0) size 78x20
          chunk 1 text run 1 at (1200.00,1820.00) startOffset 0 endOffset 11 width 77.76: "just a text"
      RenderSVGText {text} at (1300,1805) size 78x20 contains 1 chunk(s)
        RenderSVGInlineText {#text} at (0,0) size 78x20
          chunk 1 text run 1 at (1300.00,1820.00) startOffset 0 endOffset 11 width 77.76: "just a text"
      RenderSVGText {text} at (1400,1805) size 78x20 contains 1 chunk(s)
        RenderSVGInlineText {#text} at (0,0) size 78x20
          chunk 1 text run 1 at (1400.00,1820.00) startOffset 0 endOffset 11 width 77.76: "just a text"
      RenderSVGText {text} at (1500,1805) size 78x20 contains 1 chunk(s)
        RenderSVGInlineText {#text} at (0,0) size 78x20
          chunk 1 text run 1 at (1500.00,1820.00) startOffset 0 endOffset 11 width 77.76: "just a text"
      RenderSVGText {text} at (1600,1805) size 78x20 contains 1 chunk(s)
        RenderSVGInlineText {#text} at (0,0) size 78x20
          chunk 1 text run 1 at (1600.00,1820.00) startOffset 0 endOffset 11 width 77.76: "just a text"
      RenderSVGText {text} at (1700,1805) size 78x20 contains 1 chunk(s)
        RenderSVGInlineText {#text} at (0,0) size 78x20
          chunk 1 text run 1 at (1700.00,1820.00) startOffset 0 endOffset 11 width 77.76: "just a text"
      RenderSVGText {text} at (1800,1805) size 78x20 contains 1 chunk(s)
        RenderSVGInlineText {#text} at (0,0) size 78x20
          chunk 1 text run 1 at (1800.00,1820.00) startOffset 0 endOffset 11 width 77.76: "just a text"
      RenderSVGText {text} at (1900,1805) size 78x20 contains 1 chunk(s)
        RenderSVGInlineText {#text} at (0,0) size 78x20
          chunk 1 text run 1 at (1900.00,1820.00) startOffset 0 endOffset 11 width 77.76: "just a text"
      RenderSVGText {text} at (2000,1805) size 78x20 contains 1 chunk(s)
        RenderSVGInlineText {#text} at (0,0) size 78x20
          chunk 1 text run 1 at (2000.00,1820.00) startOffset 0 endOffset 11 width 77.76: "just a text"
      RenderSVGText {text} at (2100,1805) size 78x20 contains 1 chunk(s)
        RenderSVGInlineText {#text} at (0,0) size 78x20
          chunk 1 text run 1 at (2100.00,1820.00) startOffset 0 endOffset 11 width 77.76: "just a text"
      RenderSVGText {text} at (2200,1805) size 78x20 contains 1 chunk(s)
        RenderSVGInlineText {#text} at (0,0) size 78x20
          chunk 1 text run 1 at (2200.00,1820.00) startOffset 0 endOffset 11 width 77.76: "just a text"
      RenderSVGText {text} at (2300,1805) size 78x20 contains 1 chunk(s)
        RenderSVGInlineText {#text} at (0,0) size 78x20
          chunk 1 text run 1 at (2300.00,1820.00) startOffset 0 endOffset 11 width 77.76: "just a text"
      RenderSVGText {text} at (2400,1805) size 78x20 contains 1 chunk(s)
        RenderSVGInlineText {#text} at (0,0) size 78x20
          chunk 1 text run 1 at (2400.00,1820.00) startOffset 0 endOffset 11 width 77.76: "just a text"
      RenderSVGText {text} at (2500,1805) size 78x20 contains 1 chunk(s)
        RenderSVGInlineText {#text} at (0,0) size 78x20
          chunk 1 text run 1 at (2500.00,1820.00) startOffset 0 endOffset 11 width 77.76: "just a text"
      RenderSVGText {text} at (2600,1805) size 78x20 contains 1 chunk(s)
        RenderSVGInlineText {#text} at (0,0) size 78x20
          chunk 1 text run 1 at (2600.00,1820.00) startOffset 0 endOffset 11 width 77.76: "just a text"
      RenderSVGText {text} at (2700,1805) size 78x20 contains 1 chunk(s)
        RenderSVGInlineText {#text} at (0,0) size 78x20
          chunk 1 text run 1 at (2700.00,1820.00) startOffset 0 endOffset 11 width 77.76: "just a text"
      RenderSVGText {text} at (2800,1805) size 78x20 contains 1 chunk(s)
        RenderSVGInlineText {#text} at (0,0) size 78x20
          chunk 1 text run 1 at (2800.00,1820.00) startOffset 0 endOffset 11 width 77.76: "just a text"
      RenderSVGText {text} at (2900,1805) size 78x20 contains 1 chunk(s)
        RenderSVGInlineText {#text} at (0,0) size 78x20
          chunk 1 text run 1 at (2900.00,1820.00) startOffset 0 endOffset 11 width 77.76: "just a text"
      RenderSVGText {text} at (3000,1805) size 78x20 contains 1 chunk(s)
        RenderSVGInlineText {#text} at (0,0) size 78x20
          chunk 1 text run 1 at (3000.00,1820.00) startOffset 0 endOffset 11 width 77.76: "just a text"
      RenderSVGText {text} at (3100,1805) size 78x20 contains 1 chunk(s)
        RenderSVGInlineText {#text} at (0,0) size 78x20
          chunk 1 text run 1 at (3100.00,1820.00) startOffset 0 endOffset 11 width 77.76: "just a text"
      RenderSVGText {text} at (3200,1805) size 78x20 contains 1 chunk(s)
        RenderSVGInlineText {#text} at (0,0) size 78x20
          chunk 1 text run 1 at (3200.00,1820.00) startOffset 0 endOffset 11 width 77.76: "just a text"
      RenderSVGText {text} at (3300,1805) size 78x20 contains 1 chunk(s)
        RenderSVGInlineText {#text} at (0,0) size 78x20
          chunk 1 text run 1 at (3300.00,1820.00) startOffset 0 endOffset 11 width 77.76: "just a text"
      RenderSVGText {text} at (3400,1805) size 78x20 contains 1 chunk(s)
        RenderSVGInlineText {#text} at (0,0) size 78x20
          chunk 1 text run 1 at (3400.00,1820.00) startOffset 0 endOffset 11 width 77.76: "just a text"
      RenderSVGText {text} at (3500,1805) size 78x20 contains 1 chunk(s)
        RenderSVGInlineText {#text} at (0,0) size 78x20
          chunk 1 text run 1 at (3500.00,1820.00) startOffset 0 endOffset 11 width 77.76: "just a text"
      RenderSVGText {text} at (3600,1805) size 78x20 contains 1 chunk(s)
        RenderSVGInlineText {#text} at (0,0) size 78x20
          chunk 1 text run 1 at (3600.00,1820.00) startOffset 0 endOffset 11 width 77.76: "just a text"
      RenderSVGText {text} at (3700,1805) size 78x20 contains 1 chunk(s)
        RenderSVGInlineText {#text} at (0,0) size 78x20
          chunk 1 text run 1 at (3700.00,1820.00) startOffset 0 endOffset 11 width 77.76: "just a text"
      RenderSVGText {text} at (3800,1805) size 78x20 contains 1 chunk(s)
        RenderSVGInlineText {#text} at (0,0) size 78x20
          chunk 1 text run 1 at (3800.00,1820.00) startOffset 0 endOffset 11 width 77.76: "just a text"
      RenderSVGText {text} at (3900,1805) size 78x20 contains 1 chunk(s)
        RenderSVGInlineText {#text} at (0,0) size 78x20
          chunk 1 text run 1 at (3900.00,1820.00) startOffset 0 endOffset 11 width 77.76: "just a text"
      RenderSVGText {text} at (4000,1805) size 78x20 contains 1 chunk(s)
        RenderSVGInlineText {#text} at (0,0) size 78x20
          chunk 1 text run 1 at (4000.00,1820.00) startOffset 0 endOffset 11 width 77.76: "just a text"
      RenderSVGText {text} at (4100,1805) size 78x20 contains 1 chunk(s)
        RenderSVGInlineText {#text} at (0,0) size 78x20
          chunk 1 text run 1 at (4100.00,1820.00) startOffset 0 endOffset 11 width 77.76: "just a text"
      RenderSVGText {text} at (4200,1805) size 78x20 contains 1 chunk(s)
        RenderSVGInlineText {#text} at (0,0) size 78x20
          chunk 1 text run 1 at (4200.00,1820.00) startOffset 0 endOffset 11 width 77.76: "just a text"
      RenderSVGText {text} at (4300,1805) size 78x20 contains 1 chunk(s)
        RenderSVGInlineText {#text} at (0,0) size 78x20
          chunk 1 text run 1 at (4300.00,1820.00) startOffset 0 endOffset 11 width 77.76: "just a text"
      RenderSVGText {text} at (4400,1805) size 78x20 contains 1 chunk(s)
        RenderSVGInlineText {#text} at (0,0) size 78x20
          chunk 1 text run 1 at (4400.00,1820.00) startOffset 0 endOffset 11 width 77.76: "just a text"
      RenderSVGText {text} at (4500,1805) size 78x20 contains 1 chunk(s)
        RenderSVGInlineText {#text} at (0,0) size 78x20
          chunk 1 text run 1 at (4500.00,1820.00) startOffset 0 endOffset 11 width 77.76: "just a text"
      RenderSVGText {text} at (4600,1805) size 78x20 contains 1 chunk(s)
        RenderSVGInlineText {#text} at (0,0) size 78x20
          chunk 1 text run 1 at (4600.00,1820.00) startOffset 0 endOffset 11 width 77.76: "just a text"
      RenderSVGText {text} at (4700,1805) size 78x20 contains 1 chunk(s)
        RenderSVGInlineText {#text} at (0,0) size 78x20
          chunk 1 text run 1 at (4700.00,1820.00) startOffset 0 endOffset 11 width 77.76: "just a text"
      RenderSVGText {text} at (4800,1805) size 78x20 contains 1 chunk(s)
        RenderSVGInlineText {#text} at (0,0) size 78x20
          chunk 1 text run 1 at (4800.00,1820.00) startOffset 0 endOffset 11 width 77.76: "just a text"
      RenderSVGText {text} at (4900,1805) size 78x20 contains 1 chunk(s)
        RenderSVGInlineText {#text} at (0,0) size 78x20
          chunk 1 text run 1 at (4900.00,1820.00) startOffset 0 endOffset 11 width 77.76: "just a text"
      RenderSVGText {text} at (0,1905) size 78x20 contains 1 chunk(s)
        RenderSVGInlineText {#text} at (0,0) size 78x20
          chunk 1 text run 1 at (0.00,1920.00) startOffset 0 endOffset 11 width 77.76: "just a text"
      RenderSVGText {text} at (100,1905) size 78x20 contains 1 chunk(s)
        RenderSVGInlineText {#text} at (0,0) size 78x20
          chunk 1 text run 1 at (100.00,1920.00) startOffset 0 endOffset 11 width 77.76: "just a text"
      RenderSVGText {text} at (200,1905) size 78x20 contains 1 chunk(s)
        RenderSVGInlineText {#text} at (0,0) size 78x20
          chunk 1 text run 1 at (200.00,1920.00) startOffset 0 endOffset 11 width 77.76: "just a text"
      RenderSVGText {text} at (300,1905) size 78x20 contains 1 chunk(s)
        RenderSVGInlineText {#text} at (0,0) size 78x20
          chunk 1 text run 1 at (300.00,1920.00) startOffset 0 endOffset 11 width 77.76: "just a text"
      RenderSVGText {text} at (400,1905) size 78x20 contains 1 chunk(s)
        RenderSVGInlineText {#text} at (0,0) size 78x20
          chunk 1 text run 1 at (400.00,1920.00) startOffset 0 endOffset 11 width 77.76: "just a text"
      RenderSVGText {text} at (500,1905) size 78x20 contains 1 chunk(s)
        RenderSVGInlineText {#text} at (0,0) size 78x20
          chunk 1 text run 1 at (500.00,1920.00) startOffset 0 endOffset 11 width 77.76: "just a text"
      RenderSVGText {text} at (600,1905) size 78x20 contains 1 chunk(s)
        RenderSVGInlineText {#text} at (0,0) size 78x20
          chunk 1 text run 1 at (600.00,1920.00) startOffset 0 endOffset 11 width 77.76: "just a text"
      RenderSVGText {text} at (700,1905) size 78x20 contains 1 chunk(s)
        RenderSVGInlineText {#text} at (0,0) size 78x20
          chunk 1 text run 1 at (700.00,1920.00) startOffset 0 endOffset 11 width 77.76: "just a text"
      RenderSVGText {text} at (800,1905) size 78x20 contains 1 chunk(s)
        RenderSVGInlineText {#text} at (0,0) size 78x20
          chunk 1 text run 1 at (800.00,1920.00) startOffset 0 endOffset 11 width 77.76: "just a text"
      RenderSVGText {text} at (900,1905) size 78x20 contains 1 chunk(s)
        RenderSVGInlineText {#text} at (0,0) size 78x20
          chunk 1 text run 1 at (900.00,1920.00) startOffset 0 endOffset 11 width 77.76: "just a text"
      RenderSVGText {text} at (1000,1905) size 78x20 contains 1 chunk(s)
        RenderSVGInlineText {#text} at (0,0) size 78x20
          chunk 1 text run 1 at (1000.00,1920.00) startOffset 0 endOffset 11 width 77.76: "just a text"
      RenderSVGText {text} at (1100,1905) size 78x20 contains 1 chunk(s)
        RenderSVGInlineText {#text} at (0,0) size 78x20
          chunk 1 text run 1 at (1100.00,1920.00) startOffset 0 endOffset 11 width 77.76: "just a text"
      RenderSVGText {text} at (1200,1905) size 78x20 contains 1 chunk(s)
        RenderSVGInlineText {#text} at (0,0) size 78x20
          chunk 1 text run 1 at (1200.00,1920.00) startOffset 0 endOffset 11 width 77.76: "just a text"
      RenderSVGText {text} at (1300,1905) size 78x20 contains 1 chunk(s)
        RenderSVGInlineText {#text} at (0,0) size 78x20
          chunk 1 text run 1 at (1300.00,1920.00) startOffset 0 endOffset 11 width 77.76: "just a text"
      RenderSVGText {text} at (1400,1905) size 78x20 contains 1 chunk(s)
        RenderSVGInlineText {#text} at (0,0) size 78x20
          chunk 1 text run 1 at (1400.00,1920.00) startOffset 0 endOffset 11 width 77.76: "just a text"
      RenderSVGText {text} at (1500,1905) size 78x20 contains 1 chunk(s)
        RenderSVGInlineText {#text} at (0,0) size 78x20
          chunk 1 text run 1 at (1500.00,1920.00) startOffset 0 endOffset 11 width 77.76: "just a text"
      RenderSVGText {text} at (1600,1905) size 78x20 contains 1 chunk(s)
        RenderSVGInlineText {#text} at (0,0) size 78x20
          chunk 1 text run 1 at (1600.00,1920.00) startOffset 0 endOffset 11 width 77.76: "just a text"
      RenderSVGText {text} at (1700,1905) size 78x20 contains 1 chunk(s)
        RenderSVGInlineText {#text} at (0,0) size 78x20
          chunk 1 text run 1 at (1700.00,1920.00) startOffset 0 endOffset 11 width 77.76: "just a text"
      RenderSVGText {text} at (1800,1905) size 78x20 contains 1 chunk(s)
        RenderSVGInlineText {#text} at (0,0) size 78x20
          chunk 1 text run 1 at (1800.00,1920.00) startOffset 0 endOffset 11 width 77.76: "just a text"
      RenderSVGText {text} at (1900,1905) size 78x20 contains 1 chunk(s)
        RenderSVGInlineText {#text} at (0,0) size 78x20
          chunk 1 text run 1 at (1900.00,1920.00) startOffset 0 endOffset 11 width 77.76: "just a text"
      RenderSVGText {text} at (2000,1905) size 78x20 contains 1 chunk(s)
        RenderSVGInlineText {#text} at (0,0) size 78x20
          chunk 1 text run 1 at (2000.00,1920.00) startOffset 0 endOffset 11 width 77.76: "just a text"
      RenderSVGText {text} at (2100,1905) size 78x20 contains 1 chunk(s)
        RenderSVGInlineText {#text} at (0,0) size 78x20
          chunk 1 text run 1 at (2100.00,1920.00) startOffset 0 endOffset 11 width 77.76: "just a text"
      RenderSVGText {text} at (2200,1905) size 78x20 contains 1 chunk(s)
        RenderSVGInlineText {#text} at (0,0) size 78x20
          chunk 1 text run 1 at (2200.00,1920.00) startOffset 0 endOffset 11 width 77.76: "just a text"
      RenderSVGText {text} at (2300,1905) size 78x20 contains 1 chunk(s)
        RenderSVGInlineText {#text} at (0,0) size 78x20
          chunk 1 text run 1 at (2300.00,1920.00) startOffset 0 endOffset 11 width 77.76: "just a text"
      RenderSVGText {text} at (2400,1905) size 78x20 contains 1 chunk(s)
        RenderSVGInlineText {#text} at (0,0) size 78x20
          chunk 1 text run 1 at (2400.00,1920.00) startOffset 0 endOffset 11 width 77.76: "just a text"
      RenderSVGText {text} at (2500,1905) size 78x20 contains 1 chunk(s)
        RenderSVGInlineText {#text} at (0,0) size 78x20
          chunk 1 text run 1 at (2500.00,1920.00) startOffset 0 endOffset 11 width 77.76: "just a text"
      RenderSVGText {text} at (2600,1905) size 78x20 contains 1 chunk(s)
        RenderSVGInlineText {#text} at (0,0) size 78x20
          chunk 1 text run 1 at (2600.00,1920.00) startOffset 0 endOffset 11 width 77.76: "just a text"
      RenderSVGText {text} at (2700,1905) size 78x20 contains 1 chunk(s)
        RenderSVGInlineText {#text} at (0,0) size 78x20
          chunk 1 text run 1 at (2700.00,1920.00) startOffset 0 endOffset 11 width 77.76: "just a text"
      RenderSVGText {text} at (2800,1905) size 78x20 contains 1 chunk(s)
        RenderSVGInlineText {#text} at (0,0) size 78x20
          chunk 1 text run 1 at (2800.00,1920.00) startOffset 0 endOffset 11 width 77.76: "just a text"
      RenderSVGText {text} at (2900,1905) size 78x20 contains 1 chunk(s)
        RenderSVGInlineText {#text} at (0,0) size 78x20
          chunk 1 text run 1 at (2900.00,1920.00) startOffset 0 endOffset 11 width 77.76: "just a text"
      RenderSVGText {text} at (3000,1905) size 78x20 contains 1 chunk(s)
        RenderSVGInlineText {#text} at (0,0) size 78x20
          chunk 1 text run 1 at (3000.00,1920.00) startOffset 0 endOffset 11 width 77.76: "just a text"
      RenderSVGText {text} at (3100,1905) size 78x20 contains 1 chunk(s)
        RenderSVGInlineText {#text} at (0,0) size 78x20
          chunk 1 text run 1 at (3100.00,1920.00) startOffset 0 endOffset 11 width 77.76: "just a text"
      RenderSVGText {text} at (3200,1905) size 78x20 contains 1 chunk(s)
        RenderSVGInlineText {#text} at (0,0) size 78x20
          chunk 1 text run 1 at (3200.00,1920.00) startOffset 0 endOffset 11 width 77.76: "just a text"
      RenderSVGText {text} at (3300,1905) size 78x20 contains 1 chunk(s)
        RenderSVGInlineText {#text} at (0,0) size 78x20
          chunk 1 text run 1 at (3300.00,1920.00) startOffset 0 endOffset 11 width 77.76: "just a text"
      RenderSVGText {text} at (3400,1905) size 78x20 contains 1 chunk(s)
        RenderSVGInlineText {#text} at (0,0) size 78x20
          chunk 1 text run 1 at (3400.00,1920.00) startOffset 0 endOffset 11 width 77.76: "just a text"
      RenderSVGText {text} at (3500,1905) size 78x20 contains 1 chunk(s)
        RenderSVGInlineText {#text} at (0,0) size 78x20
          chunk 1 text run 1 at (3500.00,1920.00) startOffset 0 endOffset 11 width 77.76: "just a text"
      RenderSVGText {text} at (3600,1905) size 78x20 contains 1 chunk(s)
        RenderSVGInlineText {#text} at (0,0) size 78x20
          chunk 1 text run 1 at (3600.00,1920.00) startOffset 0 endOffset 11 width 77.76: "just a text"
      RenderSVGText {text} at (3700,1905) size 78x20 contains 1 chunk(s)
        RenderSVGInlineText {#text} at (0,0) size 78x20
          chunk 1 text run 1 at (3700.00,1920.00) startOffset 0 endOffset 11 width 77.76: "just a text"
      RenderSVGText {text} at (3800,1905) size 78x20 contains 1 chunk(s)
        RenderSVGInlineText {#text} at (0,0) size 78x20
          chunk 1 text run 1 at (3800.00,1920.00) startOffset 0 endOffset 11 width 77.76: "just a text"
      RenderSVGText {text} at (3900,1905) size 78x20 contains 1 chunk(s)
        RenderSVGInlineText {#text} at (0,0) size 78x20
          chunk 1 text run 1 at (3900.00,1920.00) startOffset 0 endOffset 11 width 77.76: "just a text"
      RenderSVGText {text} at (4000,1905) size 78x20 contains 1 chunk(s)
        RenderSVGInlineText {#text} at (0,0) size 78x20
          chunk 1 text run 1 at (4000.00,1920.00) startOffset 0 endOffset 11 width 77.76: "just a text"
      RenderSVGText {text} at (4100,1905) size 78x20 contains 1 chunk(s)
        RenderSVGInlineText {#text} at (0,0) size 78x20
          chunk 1 text run 1 at (4100.00,1920.00) startOffset 0 endOffset 11 width 77.76: "just a text"
      RenderSVGText {text} at (4200,1905) size 78x20 contains 1 chunk(s)
        RenderSVGInlineText {#text} at (0,0) size 78x20
          chunk 1 text run 1 at (4200.00,1920.00) startOffset 0 endOffset 11 width 77.76: "just a text"
      RenderSVGText {text} at (4300,1905) size 78x20 contains 1 chunk(s)
        RenderSVGInlineText {#text} at (0,0) size 78x20
          chunk 1 text run 1 at (4300.00,1920.00) startOffset 0 endOffset 11 width 77.76: "just a text"
      RenderSVGText {text} at (4400,1905) size 78x20 contains 1 chunk(s)
        RenderSVGInlineText {#text} at (0,0) size 78x20
          chunk 1 text run 1 at (4400.00,1920.00) startOffset 0 endOffset 11 width 77.76: "just a text"
      RenderSVGText {text} at (4500,1905) size 78x20 contains 1 chunk(s)
        RenderSVGInlineText {#text} at (0,0) size 78x20
          chunk 1 text run 1 at (4500.00,1920.00) startOffset 0 endOffset 11 width 77.76: "just a text"
      RenderSVGText {text} at (4600,1905) size 78x20 contains 1 chunk(s)
        RenderSVGInlineText {#text} at (0,0) size 78x20
          chunk 1 text run 1 at (4600.00,1920.00) startOffset 0 endOffset 11 width 77.76: "just a text"
      RenderSVGText {text} at (4700,1905) size 78x20 contains 1 chunk(s)
        RenderSVGInlineText {#text} at (0,0) size 78x20
          chunk 1 text run 1 at (4700.00,1920.00) startOffset 0 endOffset 11 width 77.76: "just a text"
      RenderSVGText {text} at (4800,1905) size 78x20 contains 1 chunk(s)
        RenderSVGInlineText {#text} at (0,0) size 78x20
          chunk 1 text run 1 at (4800.00,1920.00) startOffset 0 endOffset 11 width 77.76: "just a text"
      RenderSVGText {text} at (4900,1905) size 78x20 contains 1 chunk(s)
        RenderSVGInlineText {#text} at (0,0) size 78x20
          chunk 1 text run 1 at (4900.00,1920.00) startOffset 0 endOffset 11 width 77.76: "just a text"
      RenderSVGText {text} at (0,2005) size 78x20 contains 1 chunk(s)
        RenderSVGInlineText {#text} at (0,0) size 78x20
          chunk 1 text run 1 at (0.00,2020.00) startOffset 0 endOffset 11 width 77.76: "just a text"
      RenderSVGText {text} at (100,2005) size 78x20 contains 1 chunk(s)
        RenderSVGInlineText {#text} at (0,0) size 78x20
          chunk 1 text run 1 at (100.00,2020.00) startOffset 0 endOffset 11 width 77.76: "just a text"
      RenderSVGText {text} at (200,2005) size 78x20 contains 1 chunk(s)
        RenderSVGInlineText {#text} at (0,0) size 78x20
          chunk 1 text run 1 at (200.00,2020.00) startOffset 0 endOffset 11 width 77.76: "just a text"
      RenderSVGText {text} at (300,2005) size 78x20 contains 1 chunk(s)
        RenderSVGInlineText {#text} at (0,0) size 78x20
          chunk 1 text run 1 at (300.00,2020.00) startOffset 0 endOffset 11 width 77.76: "just a text"
      RenderSVGText {text} at (400,2005) size 78x20 contains 1 chunk(s)
        RenderSVGInlineText {#text} at (0,0) size 78x20
          chunk 1 text run 1 at (400.00,2020.00) startOffset 0 endOffset 11 width 77.76: "just a text"
      RenderSVGText {text} at (500,2005) size 78x20 contains 1 chunk(s)
        RenderSVGInlineText {#text} at (0,0) size 78x20
          chunk 1 text run 1 at (500.00,2020.00) startOffset 0 endOffset 11 width 77.76: "just a text"
      RenderSVGText {text} at (600,2005) size 78x20 contains 1 chunk(s)
        RenderSVGInlineText {#text} at (0,0) size 78x20
          chunk 1 text run 1 at (600.00,2020.00) startOffset 0 endOffset 11 width 77.76: "just a text"
      RenderSVGText {text} at (700,2005) size 78x20 contains 1 chunk(s)
        RenderSVGInlineText {#text} at (0,0) size 78x20
          chunk 1 text run 1 at (700.00,2020.00) startOffset 0 endOffset 11 width 77.76: "just a text"
      RenderSVGText {text} at (800,2005) size 78x20 contains 1 chunk(s)
        RenderSVGInlineText {#text} at (0,0) size 78x20
          chunk 1 text run 1 at (800.00,2020.00) startOffset 0 endOffset 11 width 77.76: "just a text"
      RenderSVGText {text} at (900,2005) size 78x20 contains 1 chunk(s)
        RenderSVGInlineText {#text} at (0,0) size 78x20
          chunk 1 text run 1 at (900.00,2020.00) startOffset 0 endOffset 11 width 77.76: "just a text"
      RenderSVGText {text} at (1000,2005) size 78x20 contains 1 chunk(s)
        RenderSVGInlineText {#text} at (0,0) size 78x20
          chunk 1 text run 1 at (1000.00,2020.00) startOffset 0 endOffset 11 width 77.76: "just a text"
      RenderSVGText {text} at (1100,2005) size 78x20 contains 1 chunk(s)
        RenderSVGInlineText {#text} at (0,0) size 78x20
          chunk 1 text run 1 at (1100.00,2020.00) startOffset 0 endOffset 11 width 77.76: "just a text"
      RenderSVGText {text} at (1200,2005) size 78x20 contains 1 chunk(s)
        RenderSVGInlineText {#text} at (0,0) size 78x20
          chunk 1 text run 1 at (1200.00,2020.00) startOffset 0 endOffset 11 width 77.76: "just a text"
      RenderSVGText {text} at (1300,2005) size 78x20 contains 1 chunk(s)
        RenderSVGInlineText {#text} at (0,0) size 78x20
          chunk 1 text run 1 at (1300.00,2020.00) startOffset 0 endOffset 11 width 77.76: "just a text"
      RenderSVGText {text} at (1400,2005) size 78x20 contains 1 chunk(s)
        RenderSVGInlineText {#text} at (0,0) size 78x20
          chunk 1 text run 1 at (1400.00,2020.00) startOffset 0 endOffset 11 width 77.76: "just a text"
      RenderSVGText {text} at (1500,2005) size 78x20 contains 1 chunk(s)
        RenderSVGInlineText {#text} at (0,0) size 78x20
          chunk 1 text run 1 at (1500.00,2020.00) startOffset 0 endOffset 11 width 77.76: "just a text"
      RenderSVGText {text} at (1600,2005) size 78x20 contains 1 chunk(s)
        RenderSVGInlineText {#text} at (0,0) size 78x20
          chunk 1 text run 1 at (1600.00,2020.00) startOffset 0 endOffset 11 width 77.76: "just a text"
      RenderSVGText {text} at (1700,2005) size 78x20 contains 1 chunk(s)
        RenderSVGInlineText {#text} at (0,0) size 78x20
          chunk 1 text run 1 at (1700.00,2020.00) startOffset 0 endOffset 11 width 77.76: "just a text"
      RenderSVGText {text} at (1800,2005) size 78x20 contains 1 chunk(s)
        RenderSVGInlineText {#text} at (0,0) size 78x20
          chunk 1 text run 1 at (1800.00,2020.00) startOffset 0 endOffset 11 width 77.76: "just a text"
      RenderSVGText {text} at (1900,2005) size 78x20 contains 1 chunk(s)
        RenderSVGInlineText {#text} at (0,0) size 78x20
          chunk 1 text run 1 at (1900.00,2020.00) startOffset 0 endOffset 11 width 77.76: "just a text"
      RenderSVGText {text} at (2000,2005) size 78x20 contains 1 chunk(s)
        RenderSVGInlineText {#text} at (0,0) size 78x20
          chunk 1 text run 1 at (2000.00,2020.00) startOffset 0 endOffset 11 width 77.76: "just a text"
      RenderSVGText {text} at (2100,2005) size 78x20 contains 1 chunk(s)
        RenderSVGInlineText {#text} at (0,0) size 78x20
          chunk 1 text run 1 at (2100.00,2020.00) startOffset 0 endOffset 11 width 77.76: "just a text"
      RenderSVGText {text} at (2200,2005) size 78x20 contains 1 chunk(s)
        RenderSVGInlineText {#text} at (0,0) size 78x20
          chunk 1 text run 1 at (2200.00,2020.00) startOffset 0 endOffset 11 width 77.76: "just a text"
      RenderSVGText {text} at (2300,2005) size 78x20 contains 1 chunk(s)
        RenderSVGInlineText {#text} at (0,0) size 78x20
          chunk 1 text run 1 at (2300.00,2020.00) startOffset 0 endOffset 11 width 77.76: "just a text"
      RenderSVGText {text} at (2400,2005) size 78x20 contains 1 chunk(s)
        RenderSVGInlineText {#text} at (0,0) size 78x20
          chunk 1 text run 1 at (2400.00,2020.00) startOffset 0 endOffset 11 width 77.76: "just a text"
      RenderSVGText {text} at (2500,2005) size 78x20 contains 1 chunk(s)
        RenderSVGInlineText {#text} at (0,0) size 78x20
          chunk 1 text run 1 at (2500.00,2020.00) startOffset 0 endOffset 11 width 77.76: "just a text"
      RenderSVGText {text} at (2600,2005) size 78x20 contains 1 chunk(s)
        RenderSVGInlineText {#text} at (0,0) size 78x20
          chunk 1 text run 1 at (2600.00,2020.00) startOffset 0 endOffset 11 width 77.76: "just a text"
      RenderSVGText {text} at (2700,2005) size 78x20 contains 1 chunk(s)
        RenderSVGInlineText {#text} at (0,0) size 78x20
          chunk 1 text run 1 at (2700.00,2020.00) startOffset 0 endOffset 11 width 77.76: "just a text"
      RenderSVGText {text} at (2800,2005) size 78x20 contains 1 chunk(s)
        RenderSVGInlineText {#text} at (0,0) size 78x20
          chunk 1 text run 1 at (2800.00,2020.00) startOffset 0 endOffset 11 width 77.76: "just a text"
      RenderSVGText {text} at (2900,2005) size 78x20 contains 1 chunk(s)
        RenderSVGInlineText {#text} at (0,0) size 78x20
          chunk 1 text run 1 at (2900.00,2020.00) startOffset 0 endOffset 11 width 77.76: "just a text"
      RenderSVGText {text} at (3000,2005) size 78x20 contains 1 chunk(s)
        RenderSVGInlineText {#text} at (0,0) size 78x20
          chunk 1 text run 1 at (3000.00,2020.00) startOffset 0 endOffset 11 width 77.76: "just a text"
      RenderSVGText {text} at (3100,2005) size 78x20 contains 1 chunk(s)
        RenderSVGInlineText {#text} at (0,0) size 78x20
          chunk 1 text run 1 at (3100.00,2020.00) startOffset 0 endOffset 11 width 77.76: "just a text"
      RenderSVGText {text} at (3200,2005) size 78x20 contains 1 chunk(s)
        RenderSVGInlineText {#text} at (0,0) size 78x20
          chunk 1 text run 1 at (3200.00,2020.00) startOffset 0 endOffset 11 width 77.76: "just a text"
      RenderSVGText {text} at (3300,2005) size 78x20 contains 1 chunk(s)
        RenderSVGInlineText {#text} at (0,0) size 78x20
          chunk 1 text run 1 at (3300.00,2020.00) startOffset 0 endOffset 11 width 77.76: "just a text"
      RenderSVGText {text} at (3400,2005) size 78x20 contains 1 chunk(s)
        RenderSVGInlineText {#text} at (0,0) size 78x20
          chunk 1 text run 1 at (3400.00,2020.00) startOffset 0 endOffset 11 width 77.76: "just a text"
      RenderSVGText {text} at (3500,2005) size 78x20 contains 1 chunk(s)
        RenderSVGInlineText {#text} at (0,0) size 78x20
          chunk 1 text run 1 at (3500.00,2020.00) startOffset 0 endOffset 11 width 77.76: "just a text"
      RenderSVGText {text} at (3600,2005) size 78x20 contains 1 chunk(s)
        RenderSVGInlineText {#text} at (0,0) size 78x20
          chunk 1 text run 1 at (3600.00,2020.00) startOffset 0 endOffset 11 width 77.76: "just a text"
      RenderSVGText {text} at (3700,2005) size 78x20 contains 1 chunk(s)
        RenderSVGInlineText {#text} at (0,0) size 78x20
          chunk 1 text run 1 at (3700.00,2020.00) startOffset 0 endOffset 11 width 77.76: "just a text"
      RenderSVGText {text} at (3800,2005) size 78x20 contains 1 chunk(s)
        RenderSVGInlineText {#text} at (0,0) size 78x20
          chunk 1 text run 1 at (3800.00,2020.00) startOffset 0 endOffset 11 width 77.76: "just a text"
      RenderSVGText {text} at (3900,2005) size 78x20 contains 1 chunk(s)
        RenderSVGInlineText {#text} at (0,0) size 78x20
          chunk 1 text run 1 at (3900.00,2020.00) startOffset 0 endOffset 11 width 77.76: "just a text"
      RenderSVGText {text} at (4000,2005) size 78x20 contains 1 chunk(s)
        RenderSVGInlineText {#text} at (0,0) size 78x20
          chunk 1 text run 1 at (4000.00,2020.00) startOffset 0 endOffset 11 width 77.76: "just a text"
      RenderSVGText {text} at (4100,2005) size 78x20 contains 1 chunk(s)
        RenderSVGInlineText {#text} at (0,0) size 78x20
          chunk 1 text run 1 at (4100.00,2020.00) startOffset 0 endOffset 11 width 77.76: "just a text"
      RenderSVGText {text} at (4200,2005) size 78x20 contains 1 chunk(s)
        RenderSVGInlineText {#text} at (0,0) size 78x20
          chunk 1 text run 1 at (4200.00,2020.00) startOffset 0 endOffset 11 width 77.76: "just a text"
      RenderSVGText {text} at (4300,2005) size 78x20 contains 1 chunk(s)
        RenderSVGInlineText {#text} at (0,0) size 78x20
          chunk 1 text run 1 at (4300.00,2020.00) startOffset 0 endOffset 11 width 77.76: "just a text"
      RenderSVGText {text} at (4400,2005) size 78x20 contains 1 chunk(s)
        RenderSVGInlineText {#text} at (0,0) size 78x20
          chunk 1 text run 1 at (4400.00,2020.00) startOffset 0 endOffset 11 width 77.76: "just a text"
      RenderSVGText {text} at (4500,2005) size 78x20 contains 1 chunk(s)
        RenderSVGInlineText {#text} at (0,0) size 78x20
          chunk 1 text run 1 at (4500.00,2020.00) startOffset 0 endOffset 11 width 77.76: "just a text"
      RenderSVGText {text} at (4600,2005) size 78x20 contains 1 chunk(s)
        RenderSVGInlineText {#text} at (0,0) size 78x20
          chunk 1 text run 1 at (4600.00,2020.00) startOffset 0 endOffset 11 width 77.76: "just a text"
      RenderSVGText {text} at (4700,2005) size 78x20 contains 1 chunk(s)
        RenderSVGInlineText {#text} at (0,0) size 78x20
          chunk 1 text run 1 at (4700.00,2020.00) startOffset 0 endOffset 11 width 77.76: "just a text"
      RenderSVGText {text} at (4800,2005) size 78x20 contains 1 chunk(s)
        RenderSVGInlineText {#text} at (0,0) size 78x20
          chunk 1 text run 1 at (4800.00,2020.00) startOffset 0 endOffset 11 width 77.76: "just a text"
      RenderSVGText {text} at (4900,2005) size 78x20 contains 1 chunk(s)
        RenderSVGInlineText {#text} at (0,0) size 78x20
          chunk 1 text run 1 at (4900.00,2020.00) startOffset 0 endOffset 11 width 77.76: "just a text"
      RenderSVGText {text} at (0,2105) size 78x20 contains 1 chunk(s)
        RenderSVGInlineText {#text} at (0,0) size 78x20
          chunk 1 text run 1 at (0.00,2120.00) startOffset 0 endOffset 11 width 77.76: "just a text"
      RenderSVGText {text} at (100,2105) size 78x20 contains 1 chunk(s)
        RenderSVGInlineText {#text} at (0,0) size 78x20
          chunk 1 text run 1 at (100.00,2120.00) startOffset 0 endOffset 11 width 77.76: "just a text"
      RenderSVGText {text} at (200,2105) size 78x20 contains 1 chunk(s)
        RenderSVGInlineText {#text} at (0,0) size 78x20
          chunk 1 text run 1 at (200.00,2120.00) startOffset 0 endOffset 11 width 77.76: "just a text"
      RenderSVGText {text} at (300,2105) size 78x20 contains 1 chunk(s)
        RenderSVGInlineText {#text} at (0,0) size 78x20
          chunk 1 text run 1 at (300.00,2120.00) startOffset 0 endOffset 11 width 77.76: "just a text"
      RenderSVGText {text} at (400,2105) size 78x20 contains 1 chunk(s)
        RenderSVGInlineText {#text} at (0,0) size 78x20
          chunk 1 text run 1 at (400.00,2120.00) startOffset 0 endOffset 11 width 77.76: "just a text"
      RenderSVGText {text} at (500,2105) size 78x20 contains 1 chunk(s)
        RenderSVGInlineText {#text} at (0,0) size 78x20
          chunk 1 text run 1 at (500.00,2120.00) startOffset 0 endOffset 11 width 77.76: "just a text"
      RenderSVGText {text} at (600,2105) size 78x20 contains 1 chunk(s)
        RenderSVGInlineText {#text} at (0,0) size 78x20
          chunk 1 text run 1 at (600.00,2120.00) startOffset 0 endOffset 11 width 77.76: "just a text"
      RenderSVGText {text} at (700,2105) size 78x20 contains 1 chunk(s)
        RenderSVGInlineText {#text} at (0,0) size 78x20
          chunk 1 text run 1 at (700.00,2120.00) startOffset 0 endOffset 11 width 77.76: "just a text"
      RenderSVGText {text} at (800,2105) size 78x20 contains 1 chunk(s)
        RenderSVGInlineText {#text} at (0,0) size 78x20
          chunk 1 text run 1 at (800.00,2120.00) startOffset 0 endOffset 11 width 77.76: "just a text"
      RenderSVGText {text} at (900,2105) size 78x20 contains 1 chunk(s)
        RenderSVGInlineText {#text} at (0,0) size 78x20
          chunk 1 text run 1 at (900.00,2120.00) startOffset 0 endOffset 11 width 77.76: "just a text"
      RenderSVGText {text} at (1000,2105) size 78x20 contains 1 chunk(s)
        RenderSVGInlineText {#text} at (0,0) size 78x20
          chunk 1 text run 1 at (1000.00,2120.00) startOffset 0 endOffset 11 width 77.76: "just a text"
      RenderSVGText {text} at (1100,2105) size 78x20 contains 1 chunk(s)
        RenderSVGInlineText {#text} at (0,0) size 78x20
          chunk 1 text run 1 at (1100.00,2120.00) startOffset 0 endOffset 11 width 77.76: "just a text"
      RenderSVGText {text} at (1200,2105) size 78x20 contains 1 chunk(s)
        RenderSVGInlineText {#text} at (0,0) size 78x20
          chunk 1 text run 1 at (1200.00,2120.00) startOffset 0 endOffset 11 width 77.76: "just a text"
      RenderSVGText {text} at (1300,2105) size 78x20 contains 1 chunk(s)
        RenderSVGInlineText {#text} at (0,0) size 78x20
          chunk 1 text run 1 at (1300.00,2120.00) startOffset 0 endOffset 11 width 77.76: "just a text"
      RenderSVGText {text} at (1400,2105) size 78x20 contains 1 chunk(s)
        RenderSVGInlineText {#text} at (0,0) size 78x20
          chunk 1 text run 1 at (1400.00,2120.00) startOffset 0 endOffset 11 width 77.76: "just a text"
      RenderSVGText {text} at (1500,2105) size 78x20 contains 1 chunk(s)
        RenderSVGInlineText {#text} at (0,0) size 78x20
          chunk 1 text run 1 at (1500.00,2120.00) startOffset 0 endOffset 11 width 77.76: "just a text"
      RenderSVGText {text} at (1600,2105) size 78x20 contains 1 chunk(s)
        RenderSVGInlineText {#text} at (0,0) size 78x20
          chunk 1 text run 1 at (1600.00,2120.00) startOffset 0 endOffset 11 width 77.76: "just a text"
      RenderSVGText {text} at (1700,2105) size 78x20 contains 1 chunk(s)
        RenderSVGInlineText {#text} at (0,0) size 78x20
          chunk 1 text run 1 at (1700.00,2120.00) startOffset 0 endOffset 11 width 77.76: "just a text"
      RenderSVGText {text} at (1800,2105) size 78x20 contains 1 chunk(s)
        RenderSVGInlineText {#text} at (0,0) size 78x20
          chunk 1 text run 1 at (1800.00,2120.00) startOffset 0 endOffset 11 width 77.76: "just a text"
      RenderSVGText {text} at (1900,2105) size 78x20 contains 1 chunk(s)
        RenderSVGInlineText {#text} at (0,0) size 78x20
          chunk 1 text run 1 at (1900.00,2120.00) startOffset 0 endOffset 11 width 77.76: "just a text"
      RenderSVGText {text} at (2000,2105) size 78x20 contains 1 chunk(s)
        RenderSVGInlineText {#text} at (0,0) size 78x20
          chunk 1 text run 1 at (2000.00,2120.00) startOffset 0 endOffset 11 width 77.76: "just a text"
      RenderSVGText {text} at (2100,2105) size 78x20 contains 1 chunk(s)
        RenderSVGInlineText {#text} at (0,0) size 78x20
          chunk 1 text run 1 at (2100.00,2120.00) startOffset 0 endOffset 11 width 77.76: "just a text"
      RenderSVGText {text} at (2200,2105) size 78x20 contains 1 chunk(s)
        RenderSVGInlineText {#text} at (0,0) size 78x20
          chunk 1 text run 1 at (2200.00,2120.00) startOffset 0 endOffset 11 width 77.76: "just a text"
      RenderSVGText {text} at (2300,2105) size 78x20 contains 1 chunk(s)
        RenderSVGInlineText {#text} at (0,0) size 78x20
          chunk 1 text run 1 at (2300.00,2120.00) startOffset 0 endOffset 11 width 77.76: "just a text"
      RenderSVGText {text} at (2400,2105) size 78x20 contains 1 chunk(s)
        RenderSVGInlineText {#text} at (0,0) size 78x20
          chunk 1 text run 1 at (2400.00,2120.00) startOffset 0 endOffset 11 width 77.76: "just a text"
      RenderSVGText {text} at (2500,2105) size 78x20 contains 1 chunk(s)
        RenderSVGInlineText {#text} at (0,0) size 78x20
          chunk 1 text run 1 at (2500.00,2120.00) startOffset 0 endOffset 11 width 77.76: "just a text"
      RenderSVGText {text} at (2600,2105) size 78x20 contains 1 chunk(s)
        RenderSVGInlineText {#text} at (0,0) size 78x20
          chunk 1 text run 1 at (2600.00,2120.00) startOffset 0 endOffset 11 width 77.76: "just a text"
      RenderSVGText {text} at (2700,2105) size 78x20 contains 1 chunk(s)
        RenderSVGInlineText {#text} at (0,0) size 78x20
          chunk 1 text run 1 at (2700.00,2120.00) startOffset 0 endOffset 11 width 77.76: "just a text"
      RenderSVGText {text} at (2800,2105) size 78x20 contains 1 chunk(s)
        RenderSVGInlineText {#text} at (0,0) size 78x20
          chunk 1 text run 1 at (2800.00,2120.00) startOffset 0 endOffset 11 width 77.76: "just a text"
      RenderSVGText {text} at (2900,2105) size 78x20 contains 1 chunk(s)
        RenderSVGInlineText {#text} at (0,0) size 78x20
          chunk 1 text run 1 at (2900.00,2120.00) startOffset 0 endOffset 11 width 77.76: "just a text"
      RenderSVGText {text} at (3000,2105) size 78x20 contains 1 chunk(s)
        RenderSVGInlineText {#text} at (0,0) size 78x20
          chunk 1 text run 1 at (3000.00,2120.00) startOffset 0 endOffset 11 width 77.76: "just a text"
      RenderSVGText {text} at (3100,2105) size 78x20 contains 1 chunk(s)
        RenderSVGInlineText {#text} at (0,0) size 78x20
          chunk 1 text run 1 at (3100.00,2120.00) startOffset 0 endOffset 11 width 77.76: "just a text"
      RenderSVGText {text} at (3200,2105) size 78x20 contains 1 chunk(s)
        RenderSVGInlineText {#text} at (0,0) size 78x20
          chunk 1 text run 1 at (3200.00,2120.00) startOffset 0 endOffset 11 width 77.76: "just a text"
      RenderSVGText {text} at (3300,2105) size 78x20 contains 1 chunk(s)
        RenderSVGInlineText {#text} at (0,0) size 78x20
          chunk 1 text run 1 at (3300.00,2120.00) startOffset 0 endOffset 11 width 77.76: "just a text"
      RenderSVGText {text} at (3400,2105) size 78x20 contains 1 chunk(s)
        RenderSVGInlineText {#text} at (0,0) size 78x20
          chunk 1 text run 1 at (3400.00,2120.00) startOffset 0 endOffset 11 width 77.76: "just a text"
      RenderSVGText {text} at (3500,2105) size 78x20 contains 1 chunk(s)
        RenderSVGInlineText {#text} at (0,0) size 78x20
          chunk 1 text run 1 at (3500.00,2120.00) startOffset 0 endOffset 11 width 77.76: "just a text"
      RenderSVGText {text} at (3600,2105) size 78x20 contains 1 chunk(s)
        RenderSVGInlineText {#text} at (0,0) size 78x20
          chunk 1 text run 1 at (3600.00,2120.00) startOffset 0 endOffset 11 width 77.76: "just a text"
      RenderSVGText {text} at (3700,2105) size 78x20 contains 1 chunk(s)
        RenderSVGInlineText {#text} at (0,0) size 78x20
          chunk 1 text run 1 at (3700.00,2120.00) startOffset 0 endOffset 11 width 77.76: "just a text"
      RenderSVGText {text} at (3800,2105) size 78x20 contains 1 chunk(s)
        RenderSVGInlineText {#text} at (0,0) size 78x20
          chunk 1 text run 1 at (3800.00,2120.00) startOffset 0 endOffset 11 width 77.76: "just a text"
      RenderSVGText {text} at (3900,2105) size 78x20 contains 1 chunk(s)
        RenderSVGInlineText {#text} at (0,0) size 78x20
          chunk 1 text run 1 at (3900.00,2120.00) startOffset 0 endOffset 11 width 77.76: "just a text"
      RenderSVGText {text} at (4000,2105) size 78x20 contains 1 chunk(s)
        RenderSVGInlineText {#text} at (0,0) size 78x20
          chunk 1 text run 1 at (4000.00,2120.00) startOffset 0 endOffset 11 width 77.76: "just a text"
      RenderSVGText {text} at (4100,2105) size 78x20 contains 1 chunk(s)
        RenderSVGInlineText {#text} at (0,0) size 78x20
          chunk 1 text run 1 at (4100.00,2120.00) startOffset 0 endOffset 11 width 77.76: "just a text"
      RenderSVGText {text} at (4200,2105) size 78x20 contains 1 chunk(s)
        RenderSVGInlineText {#text} at (0,0) size 78x20
          chunk 1 text run 1 at (4200.00,2120.00) startOffset 0 endOffset 11 width 77.76: "just a text"
      RenderSVGText {text} at (4300,2105) size 78x20 contains 1 chunk(s)
        RenderSVGInlineText {#text} at (0,0) size 78x20
          chunk 1 text run 1 at (4300.00,2120.00) startOffset 0 endOffset 11 width 77.76: "just a text"
      RenderSVGText {text} at (4400,2105) size 78x20 contains 1 chunk(s)
        RenderSVGInlineText {#text} at (0,0) size 78x20
          chunk 1 text run 1 at (4400.00,2120.00) startOffset 0 endOffset 11 width 77.76: "just a text"
      RenderSVGText {text} at (4500,2105) size 78x20 contains 1 chunk(s)
        RenderSVGInlineText {#text} at (0,0) size 78x20
          chunk 1 text run 1 at (4500.00,2120.00) startOffset 0 endOffset 11 width 77.76: "just a text"
      RenderSVGText {text} at (4600,2105) size 78x20 contains 1 chunk(s)
        RenderSVGInlineText {#text} at (0,0) size 78x20
          chunk 1 text run 1 at (4600.00,2120.00) startOffset 0 endOffset 11 width 77.76: "just a text"
      RenderSVGText {text} at (4700,2105) size 78x20 contains 1 chunk(s)
        RenderSVGInlineText {#text} at (0,0) size 78x20
          chunk 1 text run 1 at (4700.00,2120.00) startOffset 0 endOffset 11 width 77.76: "just a text"
      RenderSVGText {text} at (4800,2105) size 78x20 contains 1 chunk(s)
        RenderSVGInlineText {#text} at (0,0) size 78x20
          chunk 1 text run 1 at (4800.00,2120.00) startOffset 0 endOffset 11 width 77.76: "just a text"
      RenderSVGText {text} at (4900,2105) size 78x20 contains 1 chunk(s)
        RenderSVGInlineText {#text} at (0,0) size 78x20
          chunk 1 text run 1 at (4900.00,2120.00) startOffset 0 endOffset 11 width 77.76: "just a text"
      RenderSVGText {text} at (0,2205) size 78x20 contains 1 chunk(s)
        RenderSVGInlineText {#text} at (0,0) size 78x20
          chunk 1 text run 1 at (0.00,2220.00) startOffset 0 endOffset 11 width 77.76: "just a text"
      RenderSVGText {text} at (100,2205) size 78x20 contains 1 chunk(s)
        RenderSVGInlineText {#text} at (0,0) size 78x20
          chunk 1 text run 1 at (100.00,2220.00) startOffset 0 endOffset 11 width 77.76: "just a text"
      RenderSVGText {text} at (200,2205) size 78x20 contains 1 chunk(s)
        RenderSVGInlineText {#text} at (0,0) size 78x20
          chunk 1 text run 1 at (200.00,2220.00) startOffset 0 endOffset 11 width 77.76: "just a text"
      RenderSVGText {text} at (300,2205) size 78x20 contains 1 chunk(s)
        RenderSVGInlineText {#text} at (0,0) size 78x20
          chunk 1 text run 1 at (300.00,2220.00) startOffset 0 endOffset 11 width 77.76: "just a text"
      RenderSVGText {text} at (400,2205) size 78x20 contains 1 chunk(s)
        RenderSVGInlineText {#text} at (0,0) size 78x20
          chunk 1 text run 1 at (400.00,2220.00) startOffset 0 endOffset 11 width 77.76: "just a text"
      RenderSVGText {text} at (500,2205) size 78x20 contains 1 chunk(s)
        RenderSVGInlineText {#text} at (0,0) size 78x20
          chunk 1 text run 1 at (500.00,2220.00) startOffset 0 endOffset 11 width 77.76: "just a text"
      RenderSVGText {text} at (600,2205) size 78x20 contains 1 chunk(s)
        RenderSVGInlineText {#text} at (0,0) size 78x20
          chunk 1 text run 1 at (600.00,2220.00) startOffset 0 endOffset 11 width 77.76: "just a text"
      RenderSVGText {text} at (700,2205) size 78x20 contains 1 chunk(s)
        RenderSVGInlineText {#text} at (0,0) size 78x20
          chunk 1 text run 1 at (700.00,2220.00) startOffset 0 endOffset 11 width 77.76: "just a text"
      RenderSVGText {text} at (800,2205) size 78x20 contains 1 chunk(s)
        RenderSVGInlineText {#text} at (0,0) size 78x20
          chunk 1 text run 1 at (800.00,2220.00) startOffset 0 endOffset 11 width 77.76: "just a text"
      RenderSVGText {text} at (900,2205) size 78x20 contains 1 chunk(s)
        RenderSVGInlineText {#text} at (0,0) size 78x20
          chunk 1 text run 1 at (900.00,2220.00) startOffset 0 endOffset 11 width 77.76: "just a text"
      RenderSVGText {text} at (1000,2205) size 78x20 contains 1 chunk(s)
        RenderSVGInlineText {#text} at (0,0) size 78x20
          chunk 1 text run 1 at (1000.00,2220.00) startOffset 0 endOffset 11 width 77.76: "just a text"
      RenderSVGText {text} at (1100,2205) size 78x20 contains 1 chunk(s)
        RenderSVGInlineText {#text} at (0,0) size 78x20
          chunk 1 text run 1 at (1100.00,2220.00) startOffset 0 endOffset 11 width 77.76: "just a text"
      RenderSVGText {text} at (1200,2205) size 78x20 contains 1 chunk(s)
        RenderSVGInlineText {#text} at (0,0) size 78x20
          chunk 1 text run 1 at (1200.00,2220.00) startOffset 0 endOffset 11 width 77.76: "just a text"
      RenderSVGText {text} at (1300,2205) size 78x20 contains 1 chunk(s)
        RenderSVGInlineText {#text} at (0,0) size 78x20
          chunk 1 text run 1 at (1300.00,2220.00) startOffset 0 endOffset 11 width 77.76: "just a text"
      RenderSVGText {text} at (1400,2205) size 78x20 contains 1 chunk(s)
        RenderSVGInlineText {#text} at (0,0) size 78x20
          chunk 1 text run 1 at (1400.00,2220.00) startOffset 0 endOffset 11 width 77.76: "just a text"
      RenderSVGText {text} at (1500,2205) size 78x20 contains 1 chunk(s)
        RenderSVGInlineText {#text} at (0,0) size 78x20
          chunk 1 text run 1 at (1500.00,2220.00) startOffset 0 endOffset 11 width 77.76: "just a text"
      RenderSVGText {text} at (1600,2205) size 78x20 contains 1 chunk(s)
        RenderSVGInlineText {#text} at (0,0) size 78x20
          chunk 1 text run 1 at (1600.00,2220.00) startOffset 0 endOffset 11 width 77.76: "just a text"
      RenderSVGText {text} at (1700,2205) size 78x20 contains 1 chunk(s)
        RenderSVGInlineText {#text} at (0,0) size 78x20
          chunk 1 text run 1 at (1700.00,2220.00) startOffset 0 endOffset 11 width 77.76: "just a text"
      RenderSVGText {text} at (1800,2205) size 78x20 contains 1 chunk(s)
        RenderSVGInlineText {#text} at (0,0) size 78x20
          chunk 1 text run 1 at (1800.00,2220.00) startOffset 0 endOffset 11 width 77.76: "just a text"
      RenderSVGText {text} at (1900,2205) size 78x20 contains 1 chunk(s)
        RenderSVGInlineText {#text} at (0,0) size 78x20
          chunk 1 text run 1 at (1900.00,2220.00) startOffset 0 endOffset 11 width 77.76: "just a text"
      RenderSVGText {text} at (2000,2205) size 78x20 contains 1 chunk(s)
        RenderSVGInlineText {#text} at (0,0) size 78x20
          chunk 1 text run 1 at (2000.00,2220.00) startOffset 0 endOffset 11 width 77.76: "just a text"
      RenderSVGText {text} at (2100,2205) size 78x20 contains 1 chunk(s)
        RenderSVGInlineText {#text} at (0,0) size 78x20
          chunk 1 text run 1 at (2100.00,2220.00) startOffset 0 endOffset 11 width 77.76: "just a text"
      RenderSVGText {text} at (2200,2205) size 78x20 contains 1 chunk(s)
        RenderSVGInlineText {#text} at (0,0) size 78x20
          chunk 1 text run 1 at (2200.00,2220.00) startOffset 0 endOffset 11 width 77.76: "just a text"
      RenderSVGText {text} at (2300,2205) size 78x20 contains 1 chunk(s)
        RenderSVGInlineText {#text} at (0,0) size 78x20
          chunk 1 text run 1 at (2300.00,2220.00) startOffset 0 endOffset 11 width 77.76: "just a text"
      RenderSVGText {text} at (2400,2205) size 78x20 contains 1 chunk(s)
        RenderSVGInlineText {#text} at (0,0) size 78x20
          chunk 1 text run 1 at (2400.00,2220.00) startOffset 0 endOffset 11 width 77.76: "just a text"
      RenderSVGText {text} at (2500,2205) size 78x20 contains 1 chunk(s)
        RenderSVGInlineText {#text} at (0,0) size 78x20
          chunk 1 text run 1 at (2500.00,2220.00) startOffset 0 endOffset 11 width 77.76: "just a text"
      RenderSVGText {text} at (2600,2205) size 78x20 contains 1 chunk(s)
        RenderSVGInlineText {#text} at (0,0) size 78x20
          chunk 1 text run 1 at (2600.00,2220.00) startOffset 0 endOffset 11 width 77.76: "just a text"
      RenderSVGText {text} at (2700,2205) size 78x20 contains 1 chunk(s)
        RenderSVGInlineText {#text} at (0,0) size 78x20
          chunk 1 text run 1 at (2700.00,2220.00) startOffset 0 endOffset 11 width 77.76: "just a text"
      RenderSVGText {text} at (2800,2205) size 78x20 contains 1 chunk(s)
        RenderSVGInlineText {#text} at (0,0) size 78x20
          chunk 1 text run 1 at (2800.00,2220.00) startOffset 0 endOffset 11 width 77.76: "just a text"
      RenderSVGText {text} at (2900,2205) size 78x20 contains 1 chunk(s)
        RenderSVGInlineText {#text} at (0,0) size 78x20
          chunk 1 text run 1 at (2900.00,2220.00) startOffset 0 endOffset 11 width 77.76: "just a text"
      RenderSVGText {text} at (3000,2205) size 78x20 contains 1 chunk(s)
        RenderSVGInlineText {#text} at (0,0) size 78x20
          chunk 1 text run 1 at (3000.00,2220.00) startOffset 0 endOffset 11 width 77.76: "just a text"
      RenderSVGText {text} at (3100,2205) size 78x20 contains 1 chunk(s)
        RenderSVGInlineText {#text} at (0,0) size 78x20
          chunk 1 text run 1 at (3100.00,2220.00) startOffset 0 endOffset 11 width 77.76: "just a text"
      RenderSVGText {text} at (3200,2205) size 78x20 contains 1 chunk(s)
        RenderSVGInlineText {#text} at (0,0) size 78x20
          chunk 1 text run 1 at (3200.00,2220.00) startOffset 0 endOffset 11 width 77.76: "just a text"
      RenderSVGText {text} at (3300,2205) size 78x20 contains 1 chunk(s)
        RenderSVGInlineText {#text} at (0,0) size 78x20
          chunk 1 text run 1 at (3300.00,2220.00) startOffset 0 endOffset 11 width 77.76: "just a text"
      RenderSVGText {text} at (3400,2205) size 78x20 contains 1 chunk(s)
        RenderSVGInlineText {#text} at (0,0) size 78x20
          chunk 1 text run 1 at (3400.00,2220.00) startOffset 0 endOffset 11 width 77.76: "just a text"
      RenderSVGText {text} at (3500,2205) size 78x20 contains 1 chunk(s)
        RenderSVGInlineText {#text} at (0,0) size 78x20
          chunk 1 text run 1 at (3500.00,2220.00) startOffset 0 endOffset 11 width 77.76: "just a text"
      RenderSVGText {text} at (3600,2205) size 78x20 contains 1 chunk(s)
        RenderSVGInlineText {#text} at (0,0) size 78x20
          chunk 1 text run 1 at (3600.00,2220.00) startOffset 0 endOffset 11 width 77.76: "just a text"
      RenderSVGText {text} at (3700,2205) size 78x20 contains 1 chunk(s)
        RenderSVGInlineText {#text} at (0,0) size 78x20
          chunk 1 text run 1 at (3700.00,2220.00) startOffset 0 endOffset 11 width 77.76: "just a text"
      RenderSVGText {text} at (3800,2205) size 78x20 contains 1 chunk(s)
        RenderSVGInlineText {#text} at (0,0) size 78x20
          chunk 1 text run 1 at (3800.00,2220.00) startOffset 0 endOffset 11 width 77.76: "just a text"
      RenderSVGText {text} at (3900,2205) size 78x20 contains 1 chunk(s)
        RenderSVGInlineText {#text} at (0,0) size 78x20
          chunk 1 text run 1 at (3900.00,2220.00) startOffset 0 endOffset 11 width 77.76: "just a text"
      RenderSVGText {text} at (4000,2205) size 78x20 contains 1 chunk(s)
        RenderSVGInlineText {#text} at (0,0) size 78x20
          chunk 1 text run 1 at (4000.00,2220.00) startOffset 0 endOffset 11 width 77.76: "just a text"
      RenderSVGText {text} at (4100,2205) size 78x20 contains 1 chunk(s)
        RenderSVGInlineText {#text} at (0,0) size 78x20
          chunk 1 text run 1 at (4100.00,2220.00) startOffset 0 endOffset 11 width 77.76: "just a text"
      RenderSVGText {text} at (4200,2205) size 78x20 contains 1 chunk(s)
        RenderSVGInlineText {#text} at (0,0) size 78x20
          chunk 1 text run 1 at (4200.00,2220.00) startOffset 0 endOffset 11 width 77.76: "just a text"
      RenderSVGText {text} at (4300,2205) size 78x20 contains 1 chunk(s)
        RenderSVGInlineText {#text} at (0,0) size 78x20
          chunk 1 text run 1 at (4300.00,2220.00) startOffset 0 endOffset 11 width 77.76: "just a text"
      RenderSVGText {text} at (4400,2205) size 78x20 contains 1 chunk(s)
        RenderSVGInlineText {#text} at (0,0) size 78x20
          chunk 1 text run 1 at (4400.00,2220.00) startOffset 0 endOffset 11 width 77.76: "just a text"
      RenderSVGText {text} at (4500,2205) size 78x20 contains 1 chunk(s)
        RenderSVGInlineText {#text} at (0,0) size 78x20
          chunk 1 text run 1 at (4500.00,2220.00) startOffset 0 endOffset 11 width 77.76: "just a text"
      RenderSVGText {text} at (4600,2205) size 78x20 contains 1 chunk(s)
        RenderSVGInlineText {#text} at (0,0) size 78x20
          chunk 1 text run 1 at (4600.00,2220.00) startOffset 0 endOffset 11 width 77.76: "just a text"
      RenderSVGText {text} at (4700,2205) size 78x20 contains 1 chunk(s)
        RenderSVGInlineText {#text} at (0,0) size 78x20
          chunk 1 text run 1 at (4700.00,2220.00) startOffset 0 endOffset 11 width 77.76: "just a text"
      RenderSVGText {text} at (4800,2205) size 78x20 contains 1 chunk(s)
        RenderSVGInlineText {#text} at (0,0) size 78x20
          chunk 1 text run 1 at (4800.00,2220.00) startOffset 0 endOffset 11 width 77.76: "just a text"
      RenderSVGText {text} at (4900,2205) size 78x20 contains 1 chunk(s)
        RenderSVGInlineText {#text} at (0,0) size 78x20
          chunk 1 text run 1 at (4900.00,2220.00) startOffset 0 endOffset 11 width 77.76: "just a text"
      RenderSVGText {text} at (0,2305) size 78x20 contains 1 chunk(s)
        RenderSVGInlineText {#text} at (0,0) size 78x20
          chunk 1 text run 1 at (0.00,2320.00) startOffset 0 endOffset 11 width 77.76: "just a text"
      RenderSVGText {text} at (100,2305) size 78x20 contains 1 chunk(s)
        RenderSVGInlineText {#text} at (0,0) size 78x20
          chunk 1 text run 1 at (100.00,2320.00) startOffset 0 endOffset 11 width 77.76: "just a text"
      RenderSVGText {text} at (200,2305) size 78x20 contains 1 chunk(s)
        RenderSVGInlineText {#text} at (0,0) size 78x20
          chunk 1 text run 1 at (200.00,2320.00) startOffset 0 endOffset 11 width 77.76: "just a text"
      RenderSVGText {text} at (300,2305) size 78x20 contains 1 chunk(s)
        RenderSVGInlineText {#text} at (0,0) size 78x20
          chunk 1 text run 1 at (300.00,2320.00) startOffset 0 endOffset 11 width 77.76: "just a text"
      RenderSVGText {text} at (400,2305) size 78x20 contains 1 chunk(s)
        RenderSVGInlineText {#text} at (0,0) size 78x20
          chunk 1 text run 1 at (400.00,2320.00) startOffset 0 endOffset 11 width 77.76: "just a text"
      RenderSVGText {text} at (500,2305) size 78x20 contains 1 chunk(s)
        RenderSVGInlineText {#text} at (0,0) size 78x20
          chunk 1 text run 1 at (500.00,2320.00) startOffset 0 endOffset 11 width 77.76: "just a text"
      RenderSVGText {text} at (600,2305) size 78x20 contains 1 chunk(s)
        RenderSVGInlineText {#text} at (0,0) size 78x20
          chunk 1 text run 1 at (600.00,2320.00) startOffset 0 endOffset 11 width 77.76: "just a text"
      RenderSVGText {text} at (700,2305) size 78x20 contains 1 chunk(s)
        RenderSVGInlineText {#text} at (0,0) size 78x20
          chunk 1 text run 1 at (700.00,2320.00) startOffset 0 endOffset 11 width 77.76: "just a text"
      RenderSVGText {text} at (800,2305) size 78x20 contains 1 chunk(s)
        RenderSVGInlineText {#text} at (0,0) size 78x20
          chunk 1 text run 1 at (800.00,2320.00) startOffset 0 endOffset 11 width 77.76: "just a text"
      RenderSVGText {text} at (900,2305) size 78x20 contains 1 chunk(s)
        RenderSVGInlineText {#text} at (0,0) size 78x20
          chunk 1 text run 1 at (900.00,2320.00) startOffset 0 endOffset 11 width 77.76: "just a text"
      RenderSVGText {text} at (1000,2305) size 78x20 contains 1 chunk(s)
        RenderSVGInlineText {#text} at (0,0) size 78x20
          chunk 1 text run 1 at (1000.00,2320.00) startOffset 0 endOffset 11 width 77.76: "just a text"
      RenderSVGText {text} at (1100,2305) size 78x20 contains 1 chunk(s)
        RenderSVGInlineText {#text} at (0,0) size 78x20
          chunk 1 text run 1 at (1100.00,2320.00) startOffset 0 endOffset 11 width 77.76: "just a text"
      RenderSVGText {text} at (1200,2305) size 78x20 contains 1 chunk(s)
        RenderSVGInlineText {#text} at (0,0) size 78x20
          chunk 1 text run 1 at (1200.00,2320.00) startOffset 0 endOffset 11 width 77.76: "just a text"
      RenderSVGText {text} at (1300,2305) size 78x20 contains 1 chunk(s)
        RenderSVGInlineText {#text} at (0,0) size 78x20
          chunk 1 text run 1 at (1300.00,2320.00) startOffset 0 endOffset 11 width 77.76: "just a text"
      RenderSVGText {text} at (1400,2305) size 78x20 contains 1 chunk(s)
        RenderSVGInlineText {#text} at (0,0) size 78x20
          chunk 1 text run 1 at (1400.00,2320.00) startOffset 0 endOffset 11 width 77.76: "just a text"
      RenderSVGText {text} at (1500,2305) size 78x20 contains 1 chunk(s)
        RenderSVGInlineText {#text} at (0,0) size 78x20
          chunk 1 text run 1 at (1500.00,2320.00) startOffset 0 endOffset 11 width 77.76: "just a text"
      RenderSVGText {text} at (1600,2305) size 78x20 contains 1 chunk(s)
        RenderSVGInlineText {#text} at (0,0) size 78x20
          chunk 1 text run 1 at (1600.00,2320.00) startOffset 0 endOffset 11 width 77.76: "just a text"
      RenderSVGText {text} at (1700,2305) size 78x20 contains 1 chunk(s)
        RenderSVGInlineText {#text} at (0,0) size 78x20
          chunk 1 text run 1 at (1700.00,2320.00) startOffset 0 endOffset 11 width 77.76: "just a text"
      RenderSVGText {text} at (1800,2305) size 78x20 contains 1 chunk(s)
        RenderSVGInlineText {#text} at (0,0) size 78x20
          chunk 1 text run 1 at (1800.00,2320.00) startOffset 0 endOffset 11 width 77.76: "just a text"
      RenderSVGText {text} at (1900,2305) size 78x20 contains 1 chunk(s)
        RenderSVGInlineText {#text} at (0,0) size 78x20
          chunk 1 text run 1 at (1900.00,2320.00) startOffset 0 endOffset 11 width 77.76: "just a text"
      RenderSVGText {text} at (2000,2305) size 78x20 contains 1 chunk(s)
        RenderSVGInlineText {#text} at (0,0) size 78x20
          chunk 1 text run 1 at (2000.00,2320.00) startOffset 0 endOffset 11 width 77.76: "just a text"
      RenderSVGText {text} at (2100,2305) size 78x20 contains 1 chunk(s)
        RenderSVGInlineText {#text} at (0,0) size 78x20
          chunk 1 text run 1 at (2100.00,2320.00) startOffset 0 endOffset 11 width 77.76: "just a text"
      RenderSVGText {text} at (2200,2305) size 78x20 contains 1 chunk(s)
        RenderSVGInlineText {#text} at (0,0) size 78x20
          chunk 1 text run 1 at (2200.00,2320.00) startOffset 0 endOffset 11 width 77.76: "just a text"
      RenderSVGText {text} at (2300,2305) size 78x20 contains 1 chunk(s)
        RenderSVGInlineText {#text} at (0,0) size 78x20
          chunk 1 text run 1 at (2300.00,2320.00) startOffset 0 endOffset 11 width 77.76: "just a text"
      RenderSVGText {text} at (2400,2305) size 78x20 contains 1 chunk(s)
        RenderSVGInlineText {#text} at (0,0) size 78x20
          chunk 1 text run 1 at (2400.00,2320.00) startOffset 0 endOffset 11 width 77.76: "just a text"
      RenderSVGText {text} at (2500,2305) size 78x20 contains 1 chunk(s)
        RenderSVGInlineText {#text} at (0,0) size 78x20
          chunk 1 text run 1 at (2500.00,2320.00) startOffset 0 endOffset 11 width 77.76: "just a text"
      RenderSVGText {text} at (2600,2305) size 78x20 contains 1 chunk(s)
        RenderSVGInlineText {#text} at (0,0) size 78x20
          chunk 1 text run 1 at (2600.00,2320.00) startOffset 0 endOffset 11 width 77.76: "just a text"
      RenderSVGText {text} at (2700,2305) size 78x20 contains 1 chunk(s)
        RenderSVGInlineText {#text} at (0,0) size 78x20
          chunk 1 text run 1 at (2700.00,2320.00) startOffset 0 endOffset 11 width 77.76: "just a text"
      RenderSVGText {text} at (2800,2305) size 78x20 contains 1 chunk(s)
        RenderSVGInlineText {#text} at (0,0) size 78x20
          chunk 1 text run 1 at (2800.00,2320.00) startOffset 0 endOffset 11 width 77.76: "just a text"
      RenderSVGText {text} at (2900,2305) size 78x20 contains 1 chunk(s)
        RenderSVGInlineText {#text} at (0,0) size 78x20
          chunk 1 text run 1 at (2900.00,2320.00) startOffset 0 endOffset 11 width 77.76: "just a text"
      RenderSVGText {text} at (3000,2305) size 78x20 contains 1 chunk(s)
        RenderSVGInlineText {#text} at (0,0) size 78x20
          chunk 1 text run 1 at (3000.00,2320.00) startOffset 0 endOffset 11 width 77.76: "just a text"
      RenderSVGText {text} at (3100,2305) size 78x20 contains 1 chunk(s)
        RenderSVGInlineText {#text} at (0,0) size 78x20
          chunk 1 text run 1 at (3100.00,2320.00) startOffset 0 endOffset 11 width 77.76: "just a text"
      RenderSVGText {text} at (3200,2305) size 78x20 contains 1 chunk(s)
        RenderSVGInlineText {#text} at (0,0) size 78x20
          chunk 1 text run 1 at (3200.00,2320.00) startOffset 0 endOffset 11 width 77.76: "just a text"
      RenderSVGText {text} at (3300,2305) size 78x20 contains 1 chunk(s)
        RenderSVGInlineText {#text} at (0,0) size 78x20
          chunk 1 text run 1 at (3300.00,2320.00) startOffset 0 endOffset 11 width 77.76: "just a text"
      RenderSVGText {text} at (3400,2305) size 78x20 contains 1 chunk(s)
        RenderSVGInlineText {#text} at (0,0) size 78x20
          chunk 1 text run 1 at (3400.00,2320.00) startOffset 0 endOffset 11 width 77.76: "just a text"
      RenderSVGText {text} at (3500,2305) size 78x20 contains 1 chunk(s)
        RenderSVGInlineText {#text} at (0,0) size 78x20
          chunk 1 text run 1 at (3500.00,2320.00) startOffset 0 endOffset 11 width 77.76: "just a text"
      RenderSVGText {text} at (3600,2305) size 78x20 contains 1 chunk(s)
        RenderSVGInlineText {#text} at (0,0) size 78x20
          chunk 1 text run 1 at (3600.00,2320.00) startOffset 0 endOffset 11 width 77.76: "just a text"
      RenderSVGText {text} at (3700,2305) size 78x20 contains 1 chunk(s)
        RenderSVGInlineText {#text} at (0,0) size 78x20
          chunk 1 text run 1 at (3700.00,2320.00) startOffset 0 endOffset 11 width 77.76: "just a text"
      RenderSVGText {text} at (3800,2305) size 78x20 contains 1 chunk(s)
        RenderSVGInlineText {#text} at (0,0) size 78x20
          chunk 1 text run 1 at (3800.00,2320.00) startOffset 0 endOffset 11 width 77.76: "just a text"
      RenderSVGText {text} at (3900,2305) size 78x20 contains 1 chunk(s)
        RenderSVGInlineText {#text} at (0,0) size 78x20
          chunk 1 text run 1 at (3900.00,2320.00) startOffset 0 endOffset 11 width 77.76: "just a text"
      RenderSVGText {text} at (4000,2305) size 78x20 contains 1 chunk(s)
        RenderSVGInlineText {#text} at (0,0) size 78x20
          chunk 1 text run 1 at (4000.00,2320.00) startOffset 0 endOffset 11 width 77.76: "just a text"
      RenderSVGText {text} at (4100,2305) size 78x20 contains 1 chunk(s)
        RenderSVGInlineText {#text} at (0,0) size 78x20
          chunk 1 text run 1 at (4100.00,2320.00) startOffset 0 endOffset 11 width 77.76: "just a text"
      RenderSVGText {text} at (4200,2305) size 78x20 contains 1 chunk(s)
        RenderSVGInlineText {#text} at (0,0) size 78x20
          chunk 1 text run 1 at (4200.00,2320.00) startOffset 0 endOffset 11 width 77.76: "just a text"
      RenderSVGText {text} at (4300,2305) size 78x20 contains 1 chunk(s)
        RenderSVGInlineText {#text} at (0,0) size 78x20
          chunk 1 text run 1 at (4300.00,2320.00) startOffset 0 endOffset 11 width 77.76: "just a text"
      RenderSVGText {text} at (4400,2305) size 78x20 contains 1 chunk(s)
        RenderSVGInlineText {#text} at (0,0) size 78x20
          chunk 1 text run 1 at (4400.00,2320.00) startOffset 0 endOffset 11 width 77.76: "just a text"
      RenderSVGText {text} at (4500,2305) size 78x20 contains 1 chunk(s)
        RenderSVGInlineText {#text} at (0,0) size 78x20
          chunk 1 text run 1 at (4500.00,2320.00) startOffset 0 endOffset 11 width 77.76: "just a text"
      RenderSVGText {text} at (4600,2305) size 78x20 contains 1 chunk(s)
        RenderSVGInlineText {#text} at (0,0) size 78x20
          chunk 1 text run 1 at (4600.00,2320.00) startOffset 0 endOffset 11 width 77.76: "just a text"
      RenderSVGText {text} at (4700,2305) size 78x20 contains 1 chunk(s)
        RenderSVGInlineText {#text} at (0,0) size 78x20
          chunk 1 text run 1 at (4700.00,2320.00) startOffset 0 endOffset 11 width 77.76: "just a text"
      RenderSVGText {text} at (4800,2305) size 78x20 contains 1 chunk(s)
        RenderSVGInlineText {#text} at (0,0) size 78x20
          chunk 1 text run 1 at (4800.00,2320.00) startOffset 0 endOffset 11 width 77.76: "just a text"
      RenderSVGText {text} at (4900,2305) size 78x20 contains 1 chunk(s)
        RenderSVGInlineText {#text} at (0,0) size 78x20
          chunk 1 text run 1 at (4900.00,2320.00) startOffset 0 endOffset 11 width 77.76: "just a text"
      RenderSVGText {text} at (0,2405) size 78x20 contains 1 chunk(s)
        RenderSVGInlineText {#text} at (0,0) size 78x20
          chunk 1 text run 1 at (0.00,2420.00) startOffset 0 endOffset 11 width 77.76: "just a text"
      RenderSVGText {text} at (100,2405) size 78x20 contains 1 chunk(s)
        RenderSVGInlineText {#text} at (0,0) size 78x20
          chunk 1 text run 1 at (100.00,2420.00) startOffset 0 endOffset 11 width 77.76: "just a text"
      RenderSVGText {text} at (200,2405) size 78x20 contains 1 chunk(s)
        RenderSVGInlineText {#text} at (0,0) size 78x20
          chunk 1 text run 1 at (200.00,2420.00) startOffset 0 endOffset 11 width 77.76: "just a text"
      RenderSVGText {text} at (300,2405) size 78x20 contains 1 chunk(s)
        RenderSVGInlineText {#text} at (0,0) size 78x20
          chunk 1 text run 1 at (300.00,2420.00) startOffset 0 endOffset 11 width 77.76: "just a text"
      RenderSVGText {text} at (400,2405) size 78x20 contains 1 chunk(s)
        RenderSVGInlineText {#text} at (0,0) size 78x20
          chunk 1 text run 1 at (400.00,2420.00) startOffset 0 endOffset 11 width 77.76: "just a text"
      RenderSVGText {text} at (500,2405) size 78x20 contains 1 chunk(s)
        RenderSVGInlineText {#text} at (0,0) size 78x20
          chunk 1 text run 1 at (500.00,2420.00) startOffset 0 endOffset 11 width 77.76: "just a text"
      RenderSVGText {text} at (600,2405) size 78x20 contains 1 chunk(s)
        RenderSVGInlineText {#text} at (0,0) size 78x20
          chunk 1 text run 1 at (600.00,2420.00) startOffset 0 endOffset 11 width 77.76: "just a text"
      RenderSVGText {text} at (700,2405) size 78x20 contains 1 chunk(s)
        RenderSVGInlineText {#text} at (0,0) size 78x20
          chunk 1 text run 1 at (700.00,2420.00) startOffset 0 endOffset 11 width 77.76: "just a text"
      RenderSVGText {text} at (800,2405) size 78x20 contains 1 chunk(s)
        RenderSVGInlineText {#text} at (0,0) size 78x20
          chunk 1 text run 1 at (800.00,2420.00) startOffset 0 endOffset 11 width 77.76: "just a text"
      RenderSVGText {text} at (900,2405) size 78x20 contains 1 chunk(s)
        RenderSVGInlineText {#text} at (0,0) size 78x20
          chunk 1 text run 1 at (900.00,2420.00) startOffset 0 endOffset 11 width 77.76: "just a text"
      RenderSVGText {text} at (1000,2405) size 78x20 contains 1 chunk(s)
        RenderSVGInlineText {#text} at (0,0) size 78x20
          chunk 1 text run 1 at (1000.00,2420.00) startOffset 0 endOffset 11 width 77.76: "just a text"
      RenderSVGText {text} at (1100,2405) size 78x20 contains 1 chunk(s)
        RenderSVGInlineText {#text} at (0,0) size 78x20
          chunk 1 text run 1 at (1100.00,2420.00) startOffset 0 endOffset 11 width 77.76: "just a text"
      RenderSVGText {text} at (1200,2405) size 78x20 contains 1 chunk(s)
        RenderSVGInlineText {#text} at (0,0) size 78x20
          chunk 1 text run 1 at (1200.00,2420.00) startOffset 0 endOffset 11 width 77.76: "just a text"
      RenderSVGText {text} at (1300,2405) size 78x20 contains 1 chunk(s)
        RenderSVGInlineText {#text} at (0,0) size 78x20
          chunk 1 text run 1 at (1300.00,2420.00) startOffset 0 endOffset 11 width 77.76: "just a text"
      RenderSVGText {text} at (1400,2405) size 78x20 contains 1 chunk(s)
        RenderSVGInlineText {#text} at (0,0) size 78x20
          chunk 1 text run 1 at (1400.00,2420.00) startOffset 0 endOffset 11 width 77.76: "just a text"
      RenderSVGText {text} at (1500,2405) size 78x20 contains 1 chunk(s)
        RenderSVGInlineText {#text} at (0,0) size 78x20
          chunk 1 text run 1 at (1500.00,2420.00) startOffset 0 endOffset 11 width 77.76: "just a text"
      RenderSVGText {text} at (1600,2405) size 78x20 contains 1 chunk(s)
        RenderSVGInlineText {#text} at (0,0) size 78x20
          chunk 1 text run 1 at (1600.00,2420.00) startOffset 0 endOffset 11 width 77.76: "just a text"
      RenderSVGText {text} at (1700,2405) size 78x20 contains 1 chunk(s)
        RenderSVGInlineText {#text} at (0,0) size 78x20
          chunk 1 text run 1 at (1700.00,2420.00) startOffset 0 endOffset 11 width 77.76: "just a text"
      RenderSVGText {text} at (1800,2405) size 78x20 contains 1 chunk(s)
        RenderSVGInlineText {#text} at (0,0) size 78x20
          chunk 1 text run 1 at (1800.00,2420.00) startOffset 0 endOffset 11 width 77.76: "just a text"
      RenderSVGText {text} at (1900,2405) size 78x20 contains 1 chunk(s)
        RenderSVGInlineText {#text} at (0,0) size 78x20
          chunk 1 text run 1 at (1900.00,2420.00) startOffset 0 endOffset 11 width 77.76: "just a text"
      RenderSVGText {text} at (2000,2405) size 78x20 contains 1 chunk(s)
        RenderSVGInlineText {#text} at (0,0) size 78x20
          chunk 1 text run 1 at (2000.00,2420.00) startOffset 0 endOffset 11 width 77.76: "just a text"
      RenderSVGText {text} at (2100,2405) size 78x20 contains 1 chunk(s)
        RenderSVGInlineText {#text} at (0,0) size 78x20
          chunk 1 text run 1 at (2100.00,2420.00) startOffset 0 endOffset 11 width 77.76: "just a text"
      RenderSVGText {text} at (2200,2405) size 78x20 contains 1 chunk(s)
        RenderSVGInlineText {#text} at (0,0) size 78x20
          chunk 1 text run 1 at (2200.00,2420.00) startOffset 0 endOffset 11 width 77.76: "just a text"
      RenderSVGText {text} at (2300,2405) size 78x20 contains 1 chunk(s)
        RenderSVGInlineText {#text} at (0,0) size 78x20
          chunk 1 text run 1 at (2300.00,2420.00) startOffset 0 endOffset 11 width 77.76: "just a text"
      RenderSVGText {text} at (2400,2405) size 78x20 contains 1 chunk(s)
        RenderSVGInlineText {#text} at (0,0) size 78x20
          chunk 1 text run 1 at (2400.00,2420.00) startOffset 0 endOffset 11 width 77.76: "just a text"
      RenderSVGText {text} at (2500,2405) size 78x20 contains 1 chunk(s)
        RenderSVGInlineText {#text} at (0,0) size 78x20
          chunk 1 text run 1 at (2500.00,2420.00) startOffset 0 endOffset 11 width 77.76: "just a text"
      RenderSVGText {text} at (2600,2405) size 78x20 contains 1 chunk(s)
        RenderSVGInlineText {#text} at (0,0) size 78x20
          chunk 1 text run 1 at (2600.00,2420.00) startOffset 0 endOffset 11 width 77.76: "just a text"
      RenderSVGText {text} at (2700,2405) size 78x20 contains 1 chunk(s)
        RenderSVGInlineText {#text} at (0,0) size 78x20
          chunk 1 text run 1 at (2700.00,2420.00) startOffset 0 endOffset 11 width 77.76: "just a text"
      RenderSVGText {text} at (2800,2405) size 78x20 contains 1 chunk(s)
        RenderSVGInlineText {#text} at (0,0) size 78x20
          chunk 1 text run 1 at (2800.00,2420.00) startOffset 0 endOffset 11 width 77.76: "just a text"
      RenderSVGText {text} at (2900,2405) size 78x20 contains 1 chunk(s)
        RenderSVGInlineText {#text} at (0,0) size 78x20
          chunk 1 text run 1 at (2900.00,2420.00) startOffset 0 endOffset 11 width 77.76: "just a text"
      RenderSVGText {text} at (3000,2405) size 78x20 contains 1 chunk(s)
        RenderSVGInlineText {#text} at (0,0) size 78x20
          chunk 1 text run 1 at (3000.00,2420.00) startOffset 0 endOffset 11 width 77.76: "just a text"
      RenderSVGText {text} at (3100,2405) size 78x20 contains 1 chunk(s)
        RenderSVGInlineText {#text} at (0,0) size 78x20
          chunk 1 text run 1 at (3100.00,2420.00) startOffset 0 endOffset 11 width 77.76: "just a text"
      RenderSVGText {text} at (3200,2405) size 78x20 contains 1 chunk(s)
        RenderSVGInlineText {#text} at (0,0) size 78x20
          chunk 1 text run 1 at (3200.00,2420.00) startOffset 0 endOffset 11 width 77.76: "just a text"
      RenderSVGText {text} at (3300,2405) size 78x20 contains 1 chunk(s)
        RenderSVGInlineText {#text} at (0,0) size 78x20
          chunk 1 text run 1 at (3300.00,2420.00) startOffset 0 endOffset 11 width 77.76: "just a text"
      RenderSVGText {text} at (3400,2405) size 78x20 contains 1 chunk(s)
        RenderSVGInlineText {#text} at (0,0) size 78x20
          chunk 1 text run 1 at (3400.00,2420.00) startOffset 0 endOffset 11 width 77.76: "just a text"
      RenderSVGText {text} at (3500,2405) size 78x20 contains 1 chunk(s)
        RenderSVGInlineText {#text} at (0,0) size 78x20
          chunk 1 text run 1 at (3500.00,2420.00) startOffset 0 endOffset 11 width 77.76: "just a text"
      RenderSVGText {text} at (3600,2405) size 78x20 contains 1 chunk(s)
        RenderSVGInlineText {#text} at (0,0) size 78x20
          chunk 1 text run 1 at (3600.00,2420.00) startOffset 0 endOffset 11 width 77.76: "just a text"
      RenderSVGText {text} at (3700,2405) size 78x20 contains 1 chunk(s)
        RenderSVGInlineText {#text} at (0,0) size 78x20
          chunk 1 text run 1 at (3700.00,2420.00) startOffset 0 endOffset 11 width 77.76: "just a text"
      RenderSVGText {text} at (3800,2405) size 78x20 contains 1 chunk(s)
        RenderSVGInlineText {#text} at (0,0) size 78x20
          chunk 1 text run 1 at (3800.00,2420.00) startOffset 0 endOffset 11 width 77.76: "just a text"
      RenderSVGText {text} at (3900,2405) size 78x20 contains 1 chunk(s)
        RenderSVGInlineText {#text} at (0,0) size 78x20
          chunk 1 text run 1 at (3900.00,2420.00) startOffset 0 endOffset 11 width 77.76: "just a text"
      RenderSVGText {text} at (4000,2405) size 78x20 contains 1 chunk(s)
        RenderSVGInlineText {#text} at (0,0) size 78x20
          chunk 1 text run 1 at (4000.00,2420.00) startOffset 0 endOffset 11 width 77.76: "just a text"
      RenderSVGText {text} at (4100,2405) size 78x20 contains 1 chunk(s)
        RenderSVGInlineText {#text} at (0,0) size 78x20
          chunk 1 text run 1 at (4100.00,2420.00) startOffset 0 endOffset 11 width 77.76: "just a text"
      RenderSVGText {text} at (4200,2405) size 78x20 contains 1 chunk(s)
        RenderSVGInlineText {#text} at (0,0) size 78x20
          chunk 1 text run 1 at (4200.00,2420.00) startOffset 0 endOffset 11 width 77.76: "just a text"
      RenderSVGText {text} at (4300,2405) size 78x20 contains 1 chunk(s)
        RenderSVGInlineText {#text} at (0,0) size 78x20
          chunk 1 text run 1 at (4300.00,2420.00) startOffset 0 endOffset 11 width 77.76: "just a text"
      RenderSVGText {text} at (4400,2405) size 78x20 contains 1 chunk(s)
        RenderSVGInlineText {#text} at (0,0) size 78x20
          chunk 1 text run 1 at (4400.00,2420.00) startOffset 0 endOffset 11 width 77.76: "just a text"
      RenderSVGText {text} at (4500,2405) size 78x20 contains 1 chunk(s)
        RenderSVGInlineText {#text} at (0,0) size 78x20
          chunk 1 text run 1 at (4500.00,2420.00) startOffset 0 endOffset 11 width 77.76: "just a text"
      RenderSVGText {text} at (4600,2405) size 78x20 contains 1 chunk(s)
        RenderSVGInlineText {#text} at (0,0) size 78x20
          chunk 1 text run 1 at (4600.00,2420.00) startOffset 0 endOffset 11 width 77.76: "just a text"
      RenderSVGText {text} at (4700,2405) size 78x20 contains 1 chunk(s)
        RenderSVGInlineText {#text} at (0,0) size 78x20
          chunk 1 text run 1 at (4700.00,2420.00) startOffset 0 endOffset 11 width 77.76: "just a text"
      RenderSVGText {text} at (4800,2405) size 78x20 contains 1 chunk(s)
        RenderSVGInlineText {#text} at (0,0) size 78x20
          chunk 1 text run 1 at (4800.00,2420.00) startOffset 0 endOffset 11 width 77.76: "just a text"
      RenderSVGText {text} at (4900,2405) size 78x20 contains 1 chunk(s)
        RenderSVGInlineText {#text} at (0,0) size 78x20
          chunk 1 text run 1 at (4900.00,2420.00) startOffset 0 endOffset 11 width 77.76: "just a text"
      RenderSVGText {text} at (0,2505) size 78x20 contains 1 chunk(s)
        RenderSVGInlineText {#text} at (0,0) size 78x20
          chunk 1 text run 1 at (0.00,2520.00) startOffset 0 endOffset 11 width 77.76: "just a text"
      RenderSVGText {text} at (100,2505) size 78x20 contains 1 chunk(s)
        RenderSVGInlineText {#text} at (0,0) size 78x20
          chunk 1 text run 1 at (100.00,2520.00) startOffset 0 endOffset 11 width 77.76: "just a text"
      RenderSVGText {text} at (200,2505) size 78x20 contains 1 chunk(s)
        RenderSVGInlineText {#text} at (0,0) size 78x20
          chunk 1 text run 1 at (200.00,2520.00) startOffset 0 endOffset 11 width 77.76: "just a text"
      RenderSVGText {text} at (300,2505) size 78x20 contains 1 chunk(s)
        RenderSVGInlineText {#text} at (0,0) size 78x20
          chunk 1 text run 1 at (300.00,2520.00) startOffset 0 endOffset 11 width 77.76: "just a text"
      RenderSVGText {text} at (400,2505) size 78x20 contains 1 chunk(s)
        RenderSVGInlineText {#text} at (0,0) size 78x20
          chunk 1 text run 1 at (400.00,2520.00) startOffset 0 endOffset 11 width 77.76: "just a text"
      RenderSVGText {text} at (500,2505) size 78x20 contains 1 chunk(s)
        RenderSVGInlineText {#text} at (0,0) size 78x20
          chunk 1 text run 1 at (500.00,2520.00) startOffset 0 endOffset 11 width 77.76: "just a text"
      RenderSVGText {text} at (600,2505) size 78x20 contains 1 chunk(s)
        RenderSVGInlineText {#text} at (0,0) size 78x20
          chunk 1 text run 1 at (600.00,2520.00) startOffset 0 endOffset 11 width 77.76: "just a text"
      RenderSVGText {text} at (700,2505) size 78x20 contains 1 chunk(s)
        RenderSVGInlineText {#text} at (0,0) size 78x20
          chunk 1 text run 1 at (700.00,2520.00) startOffset 0 endOffset 11 width 77.76: "just a text"
      RenderSVGText {text} at (800,2505) size 78x20 contains 1 chunk(s)
        RenderSVGInlineText {#text} at (0,0) size 78x20
          chunk 1 text run 1 at (800.00,2520.00) startOffset 0 endOffset 11 width 77.76: "just a text"
      RenderSVGText {text} at (900,2505) size 78x20 contains 1 chunk(s)
        RenderSVGInlineText {#text} at (0,0) size 78x20
          chunk 1 text run 1 at (900.00,2520.00) startOffset 0 endOffset 11 width 77.76: "just a text"
      RenderSVGText {text} at (1000,2505) size 78x20 contains 1 chunk(s)
        RenderSVGInlineText {#text} at (0,0) size 78x20
          chunk 1 text run 1 at (1000.00,2520.00) startOffset 0 endOffset 11 width 77.76: "just a text"
      RenderSVGText {text} at (1100,2505) size 78x20 contains 1 chunk(s)
        RenderSVGInlineText {#text} at (0,0) size 78x20
          chunk 1 text run 1 at (1100.00,2520.00) startOffset 0 endOffset 11 width 77.76: "just a text"
      RenderSVGText {text} at (1200,2505) size 78x20 contains 1 chunk(s)
        RenderSVGInlineText {#text} at (0,0) size 78x20
          chunk 1 text run 1 at (1200.00,2520.00) startOffset 0 endOffset 11 width 77.76: "just a text"
      RenderSVGText {text} at (1300,2505) size 78x20 contains 1 chunk(s)
        RenderSVGInlineText {#text} at (0,0) size 78x20
          chunk 1 text run 1 at (1300.00,2520.00) startOffset 0 endOffset 11 width 77.76: "just a text"
      RenderSVGText {text} at (1400,2505) size 78x20 contains 1 chunk(s)
        RenderSVGInlineText {#text} at (0,0) size 78x20
          chunk 1 text run 1 at (1400.00,2520.00) startOffset 0 endOffset 11 width 77.76: "just a text"
      RenderSVGText {text} at (1500,2505) size 78x20 contains 1 chunk(s)
        RenderSVGInlineText {#text} at (0,0) size 78x20
          chunk 1 text run 1 at (1500.00,2520.00) startOffset 0 endOffset 11 width 77.76: "just a text"
      RenderSVGText {text} at (1600,2505) size 78x20 contains 1 chunk(s)
        RenderSVGInlineText {#text} at (0,0) size 78x20
          chunk 1 text run 1 at (1600.00,2520.00) startOffset 0 endOffset 11 width 77.76: "just a text"
      RenderSVGText {text} at (1700,2505) size 78x20 contains 1 chunk(s)
        RenderSVGInlineText {#text} at (0,0) size 78x20
          chunk 1 text run 1 at (1700.00,2520.00) startOffset 0 endOffset 11 width 77.76: "just a text"
      RenderSVGText {text} at (1800,2505) size 78x20 contains 1 chunk(s)
        RenderSVGInlineText {#text} at (0,0) size 78x20
          chunk 1 text run 1 at (1800.00,2520.00) startOffset 0 endOffset 11 width 77.76: "just a text"
      RenderSVGText {text} at (1900,2505) size 78x20 contains 1 chunk(s)
        RenderSVGInlineText {#text} at (0,0) size 78x20
          chunk 1 text run 1 at (1900.00,2520.00) startOffset 0 endOffset 11 width 77.76: "just a text"
      RenderSVGText {text} at (2000,2505) size 78x20 contains 1 chunk(s)
        RenderSVGInlineText {#text} at (0,0) size 78x20
          chunk 1 text run 1 at (2000.00,2520.00) startOffset 0 endOffset 11 width 77.76: "just a text"
      RenderSVGText {text} at (2100,2505) size 78x20 contains 1 chunk(s)
        RenderSVGInlineText {#text} at (0,0) size 78x20
          chunk 1 text run 1 at (2100.00,2520.00) startOffset 0 endOffset 11 width 77.76: "just a text"
      RenderSVGText {text} at (2200,2505) size 78x20 contains 1 chunk(s)
        RenderSVGInlineText {#text} at (0,0) size 78x20
          chunk 1 text run 1 at (2200.00,2520.00) startOffset 0 endOffset 11 width 77.76: "just a text"
      RenderSVGText {text} at (2300,2505) size 78x20 contains 1 chunk(s)
        RenderSVGInlineText {#text} at (0,0) size 78x20
          chunk 1 text run 1 at (2300.00,2520.00) startOffset 0 endOffset 11 width 77.76: "just a text"
      RenderSVGText {text} at (2400,2505) size 78x20 contains 1 chunk(s)
        RenderSVGInlineText {#text} at (0,0) size 78x20
          chunk 1 text run 1 at (2400.00,2520.00) startOffset 0 endOffset 11 width 77.76: "just a text"
      RenderSVGText {text} at (2500,2505) size 78x20 contains 1 chunk(s)
        RenderSVGInlineText {#text} at (0,0) size 78x20
          chunk 1 text run 1 at (2500.00,2520.00) startOffset 0 endOffset 11 width 77.76: "just a text"
      RenderSVGText {text} at (2600,2505) size 78x20 contains 1 chunk(s)
        RenderSVGInlineText {#text} at (0,0) size 78x20
          chunk 1 text run 1 at (2600.00,2520.00) startOffset 0 endOffset 11 width 77.76: "just a text"
      RenderSVGText {text} at (2700,2505) size 78x20 contains 1 chunk(s)
        RenderSVGInlineText {#text} at (0,0) size 78x20
          chunk 1 text run 1 at (2700.00,2520.00) startOffset 0 endOffset 11 width 77.76: "just a text"
      RenderSVGText {text} at (2800,2505) size 78x20 contains 1 chunk(s)
        RenderSVGInlineText {#text} at (0,0) size 78x20
          chunk 1 text run 1 at (2800.00,2520.00) startOffset 0 endOffset 11 width 77.76: "just a text"
      RenderSVGText {text} at (2900,2505) size 78x20 contains 1 chunk(s)
        RenderSVGInlineText {#text} at (0,0) size 78x20
          chunk 1 text run 1 at (2900.00,2520.00) startOffset 0 endOffset 11 width 77.76: "just a text"
      RenderSVGText {text} at (3000,2505) size 78x20 contains 1 chunk(s)
        RenderSVGInlineText {#text} at (0,0) size 78x20
          chunk 1 text run 1 at (3000.00,2520.00) startOffset 0 endOffset 11 width 77.76: "just a text"
      RenderSVGText {text} at (3100,2505) size 78x20 contains 1 chunk(s)
        RenderSVGInlineText {#text} at (0,0) size 78x20
          chunk 1 text run 1 at (3100.00,2520.00) startOffset 0 endOffset 11 width 77.76: "just a text"
      RenderSVGText {text} at (3200,2505) size 78x20 contains 1 chunk(s)
        RenderSVGInlineText {#text} at (0,0) size 78x20
          chunk 1 text run 1 at (3200.00,2520.00) startOffset 0 endOffset 11 width 77.76: "just a text"
      RenderSVGText {text} at (3300,2505) size 78x20 contains 1 chunk(s)
        RenderSVGInlineText {#text} at (0,0) size 78x20
          chunk 1 text run 1 at (3300.00,2520.00) startOffset 0 endOffset 11 width 77.76: "just a text"
      RenderSVGText {text} at (3400,2505) size 78x20 contains 1 chunk(s)
        RenderSVGInlineText {#text} at (0,0) size 78x20
          chunk 1 text run 1 at (3400.00,2520.00) startOffset 0 endOffset 11 width 77.76: "just a text"
      RenderSVGText {text} at (3500,2505) size 78x20 contains 1 chunk(s)
        RenderSVGInlineText {#text} at (0,0) size 78x20
          chunk 1 text run 1 at (3500.00,2520.00) startOffset 0 endOffset 11 width 77.76: "just a text"
      RenderSVGText {text} at (3600,2505) size 78x20 contains 1 chunk(s)
        RenderSVGInlineText {#text} at (0,0) size 78x20
          chunk 1 text run 1 at (3600.00,2520.00) startOffset 0 endOffset 11 width 77.76: "just a text"
      RenderSVGText {text} at (3700,2505) size 78x20 contains 1 chunk(s)
        RenderSVGInlineText {#text} at (0,0) size 78x20
          chunk 1 text run 1 at (3700.00,2520.00) startOffset 0 endOffset 11 width 77.76: "just a text"
      RenderSVGText {text} at (3800,2505) size 78x20 contains 1 chunk(s)
        RenderSVGInlineText {#text} at (0,0) size 78x20
          chunk 1 text run 1 at (3800.00,2520.00) startOffset 0 endOffset 11 width 77.76: "just a text"
      RenderSVGText {text} at (3900,2505) size 78x20 contains 1 chunk(s)
        RenderSVGInlineText {#text} at (0,0) size 78x20
          chunk 1 text run 1 at (3900.00,2520.00) startOffset 0 endOffset 11 width 77.76: "just a text"
      RenderSVGText {text} at (4000,2505) size 78x20 contains 1 chunk(s)
        RenderSVGInlineText {#text} at (0,0) size 78x20
          chunk 1 text run 1 at (4000.00,2520.00) startOffset 0 endOffset 11 width 77.76: "just a text"
      RenderSVGText {text} at (4100,2505) size 78x20 contains 1 chunk(s)
        RenderSVGInlineText {#text} at (0,0) size 78x20
          chunk 1 text run 1 at (4100.00,2520.00) startOffset 0 endOffset 11 width 77.76: "just a text"
      RenderSVGText {text} at (4200,2505) size 78x20 contains 1 chunk(s)
        RenderSVGInlineText {#text} at (0,0) size 78x20
          chunk 1 text run 1 at (4200.00,2520.00) startOffset 0 endOffset 11 width 77.76: "just a text"
      RenderSVGText {text} at (4300,2505) size 78x20 contains 1 chunk(s)
        RenderSVGInlineText {#text} at (0,0) size 78x20
          chunk 1 text run 1 at (4300.00,2520.00) startOffset 0 endOffset 11 width 77.76: "just a text"
      RenderSVGText {text} at (4400,2505) size 78x20 contains 1 chunk(s)
        RenderSVGInlineText {#text} at (0,0) size 78x20
          chunk 1 text run 1 at (4400.00,2520.00) startOffset 0 endOffset 11 width 77.76: "just a text"
      RenderSVGText {text} at (4500,2505) size 78x20 contains 1 chunk(s)
        RenderSVGInlineText {#text} at (0,0) size 78x20
          chunk 1 text run 1 at (4500.00,2520.00) startOffset 0 endOffset 11 width 77.76: "just a text"
      RenderSVGText {text} at (4600,2505) size 78x20 contains 1 chunk(s)
        RenderSVGInlineText {#text} at (0,0) size 78x20
          chunk 1 text run 1 at (4600.00,2520.00) startOffset 0 endOffset 11 width 77.76: "just a text"
      RenderSVGText {text} at (4700,2505) size 78x20 contains 1 chunk(s)
        RenderSVGInlineText {#text} at (0,0) size 78x20
          chunk 1 text run 1 at (4700.00,2520.00) startOffset 0 endOffset 11 width 77.76: "just a text"
      RenderSVGText {text} at (4800,2505) size 78x20 contains 1 chunk(s)
        RenderSVGInlineText {#text} at (0,0) size 78x20
          chunk 1 text run 1 at (4800.00,2520.00) startOffset 0 endOffset 11 width 77.76: "just a text"
      RenderSVGText {text} at (4900,2505) size 78x20 contains 1 chunk(s)
        RenderSVGInlineText {#text} at (0,0) size 78x20
          chunk 1 text run 1 at (4900.00,2520.00) startOffset 0 endOffset 11 width 77.76: "just a text"
      RenderSVGText {text} at (0,2605) size 78x20 contains 1 chunk(s)
        RenderSVGInlineText {#text} at (0,0) size 78x20
          chunk 1 text run 1 at (0.00,2620.00) startOffset 0 endOffset 11 width 77.76: "just a text"
      RenderSVGText {text} at (100,2605) size 78x20 contains 1 chunk(s)
        RenderSVGInlineText {#text} at (0,0) size 78x20
          chunk 1 text run 1 at (100.00,2620.00) startOffset 0 endOffset 11 width 77.76: "just a text"
      RenderSVGText {text} at (200,2605) size 78x20 contains 1 chunk(s)
        RenderSVGInlineText {#text} at (0,0) size 78x20
          chunk 1 text run 1 at (200.00,2620.00) startOffset 0 endOffset 11 width 77.76: "just a text"
      RenderSVGText {text} at (300,2605) size 78x20 contains 1 chunk(s)
        RenderSVGInlineText {#text} at (0,0) size 78x20
          chunk 1 text run 1 at (300.00,2620.00) startOffset 0 endOffset 11 width 77.76: "just a text"
      RenderSVGText {text} at (400,2605) size 78x20 contains 1 chunk(s)
        RenderSVGInlineText {#text} at (0,0) size 78x20
          chunk 1 text run 1 at (400.00,2620.00) startOffset 0 endOffset 11 width 77.76: "just a text"
      RenderSVGText {text} at (500,2605) size 78x20 contains 1 chunk(s)
        RenderSVGInlineText {#text} at (0,0) size 78x20
          chunk 1 text run 1 at (500.00,2620.00) startOffset 0 endOffset 11 width 77.76: "just a text"
      RenderSVGText {text} at (600,2605) size 78x20 contains 1 chunk(s)
        RenderSVGInlineText {#text} at (0,0) size 78x20
          chunk 1 text run 1 at (600.00,2620.00) startOffset 0 endOffset 11 width 77.76: "just a text"
      RenderSVGText {text} at (700,2605) size 78x20 contains 1 chunk(s)
        RenderSVGInlineText {#text} at (0,0) size 78x20
          chunk 1 text run 1 at (700.00,2620.00) startOffset 0 endOffset 11 width 77.76: "just a text"
      RenderSVGText {text} at (800,2605) size 78x20 contains 1 chunk(s)
        RenderSVGInlineText {#text} at (0,0) size 78x20
          chunk 1 text run 1 at (800.00,2620.00) startOffset 0 endOffset 11 width 77.76: "just a text"
      RenderSVGText {text} at (900,2605) size 78x20 contains 1 chunk(s)
        RenderSVGInlineText {#text} at (0,0) size 78x20
          chunk 1 text run 1 at (900.00,2620.00) startOffset 0 endOffset 11 width 77.76: "just a text"
      RenderSVGText {text} at (1000,2605) size 78x20 contains 1 chunk(s)
        RenderSVGInlineText {#text} at (0,0) size 78x20
          chunk 1 text run 1 at (1000.00,2620.00) startOffset 0 endOffset 11 width 77.76: "just a text"
      RenderSVGText {text} at (1100,2605) size 78x20 contains 1 chunk(s)
        RenderSVGInlineText {#text} at (0,0) size 78x20
          chunk 1 text run 1 at (1100.00,2620.00) startOffset 0 endOffset 11 width 77.76: "just a text"
      RenderSVGText {text} at (1200,2605) size 78x20 contains 1 chunk(s)
        RenderSVGInlineText {#text} at (0,0) size 78x20
          chunk 1 text run 1 at (1200.00,2620.00) startOffset 0 endOffset 11 width 77.76: "just a text"
      RenderSVGText {text} at (1300,2605) size 78x20 contains 1 chunk(s)
        RenderSVGInlineText {#text} at (0,0) size 78x20
          chunk 1 text run 1 at (1300.00,2620.00) startOffset 0 endOffset 11 width 77.76: "just a text"
      RenderSVGText {text} at (1400,2605) size 78x20 contains 1 chunk(s)
        RenderSVGInlineText {#text} at (0,0) size 78x20
          chunk 1 text run 1 at (1400.00,2620.00) startOffset 0 endOffset 11 width 77.76: "just a text"
      RenderSVGText {text} at (1500,2605) size 78x20 contains 1 chunk(s)
        RenderSVGInlineText {#text} at (0,0) size 78x20
          chunk 1 text run 1 at (1500.00,2620.00) startOffset 0 endOffset 11 width 77.76: "just a text"
      RenderSVGText {text} at (1600,2605) size 78x20 contains 1 chunk(s)
        RenderSVGInlineText {#text} at (0,0) size 78x20
          chunk 1 text run 1 at (1600.00,2620.00) startOffset 0 endOffset 11 width 77.76: "just a text"
      RenderSVGText {text} at (1700,2605) size 78x20 contains 1 chunk(s)
        RenderSVGInlineText {#text} at (0,0) size 78x20
          chunk 1 text run 1 at (1700.00,2620.00) startOffset 0 endOffset 11 width 77.76: "just a text"
      RenderSVGText {text} at (1800,2605) size 78x20 contains 1 chunk(s)
        RenderSVGInlineText {#text} at (0,0) size 78x20
          chunk 1 text run 1 at (1800.00,2620.00) startOffset 0 endOffset 11 width 77.76: "just a text"
      RenderSVGText {text} at (1900,2605) size 78x20 contains 1 chunk(s)
        RenderSVGInlineText {#text} at (0,0) size 78x20
          chunk 1 text run 1 at (1900.00,2620.00) startOffset 0 endOffset 11 width 77.76: "just a text"
      RenderSVGText {text} at (2000,2605) size 78x20 contains 1 chunk(s)
        RenderSVGInlineText {#text} at (0,0) size 78x20
          chunk 1 text run 1 at (2000.00,2620.00) startOffset 0 endOffset 11 width 77.76: "just a text"
      RenderSVGText {text} at (2100,2605) size 78x20 contains 1 chunk(s)
        RenderSVGInlineText {#text} at (0,0) size 78x20
          chunk 1 text run 1 at (2100.00,2620.00) startOffset 0 endOffset 11 width 77.76: "just a text"
      RenderSVGText {text} at (2200,2605) size 78x20 contains 1 chunk(s)
        RenderSVGInlineText {#text} at (0,0) size 78x20
          chunk 1 text run 1 at (2200.00,2620.00) startOffset 0 endOffset 11 width 77.76: "just a text"
      RenderSVGText {text} at (2300,2605) size 78x20 contains 1 chunk(s)
        RenderSVGInlineText {#text} at (0,0) size 78x20
          chunk 1 text run 1 at (2300.00,2620.00) startOffset 0 endOffset 11 width 77.76: "just a text"
      RenderSVGText {text} at (2400,2605) size 78x20 contains 1 chunk(s)
        RenderSVGInlineText {#text} at (0,0) size 78x20
          chunk 1 text run 1 at (2400.00,2620.00) startOffset 0 endOffset 11 width 77.76: "just a text"
      RenderSVGText {text} at (2500,2605) size 78x20 contains 1 chunk(s)
        RenderSVGInlineText {#text} at (0,0) size 78x20
          chunk 1 text run 1 at (2500.00,2620.00) startOffset 0 endOffset 11 width 77.76: "just a text"
      RenderSVGText {text} at (2600,2605) size 78x20 contains 1 chunk(s)
        RenderSVGInlineText {#text} at (0,0) size 78x20
          chunk 1 text run 1 at (2600.00,2620.00) startOffset 0 endOffset 11 width 77.76: "just a text"
      RenderSVGText {text} at (2700,2605) size 78x20 contains 1 chunk(s)
        RenderSVGInlineText {#text} at (0,0) size 78x20
          chunk 1 text run 1 at (2700.00,2620.00) startOffset 0 endOffset 11 width 77.76: "just a text"
      RenderSVGText {text} at (2800,2605) size 78x20 contains 1 chunk(s)
        RenderSVGInlineText {#text} at (0,0) size 78x20
          chunk 1 text run 1 at (2800.00,2620.00) startOffset 0 endOffset 11 width 77.76: "just a text"
      RenderSVGText {text} at (2900,2605) size 78x20 contains 1 chunk(s)
        RenderSVGInlineText {#text} at (0,0) size 78x20
          chunk 1 text run 1 at (2900.00,2620.00) startOffset 0 endOffset 11 width 77.76: "just a text"
      RenderSVGText {text} at (3000,2605) size 78x20 contains 1 chunk(s)
        RenderSVGInlineText {#text} at (0,0) size 78x20
          chunk 1 text run 1 at (3000.00,2620.00) startOffset 0 endOffset 11 width 77.76: "just a text"
      RenderSVGText {text} at (3100,2605) size 78x20 contains 1 chunk(s)
        RenderSVGInlineText {#text} at (0,0) size 78x20
          chunk 1 text run 1 at (3100.00,2620.00) startOffset 0 endOffset 11 width 77.76: "just a text"
      RenderSVGText {text} at (3200,2605) size 78x20 contains 1 chunk(s)
        RenderSVGInlineText {#text} at (0,0) size 78x20
          chunk 1 text run 1 at (3200.00,2620.00) startOffset 0 endOffset 11 width 77.76: "just a text"
      RenderSVGText {text} at (3300,2605) size 78x20 contains 1 chunk(s)
        RenderSVGInlineText {#text} at (0,0) size 78x20
          chunk 1 text run 1 at (3300.00,2620.00) startOffset 0 endOffset 11 width 77.76: "just a text"
      RenderSVGText {text} at (3400,2605) size 78x20 contains 1 chunk(s)
        RenderSVGInlineText {#text} at (0,0) size 78x20
          chunk 1 text run 1 at (3400.00,2620.00) startOffset 0 endOffset 11 width 77.76: "just a text"
      RenderSVGText {text} at (3500,2605) size 78x20 contains 1 chunk(s)
        RenderSVGInlineText {#text} at (0,0) size 78x20
          chunk 1 text run 1 at (3500.00,2620.00) startOffset 0 endOffset 11 width 77.76: "just a text"
      RenderSVGText {text} at (3600,2605) size 78x20 contains 1 chunk(s)
        RenderSVGInlineText {#text} at (0,0) size 78x20
          chunk 1 text run 1 at (3600.00,2620.00) startOffset 0 endOffset 11 width 77.76: "just a text"
      RenderSVGText {text} at (3700,2605) size 78x20 contains 1 chunk(s)
        RenderSVGInlineText {#text} at (0,0) size 78x20
          chunk 1 text run 1 at (3700.00,2620.00) startOffset 0 endOffset 11 width 77.76: "just a text"
      RenderSVGText {text} at (3800,2605) size 78x20 contains 1 chunk(s)
        RenderSVGInlineText {#text} at (0,0) size 78x20
          chunk 1 text run 1 at (3800.00,2620.00) startOffset 0 endOffset 11 width 77.76: "just a text"
      RenderSVGText {text} at (3900,2605) size 78x20 contains 1 chunk(s)
        RenderSVGInlineText {#text} at (0,0) size 78x20
          chunk 1 text run 1 at (3900.00,2620.00) startOffset 0 endOffset 11 width 77.76: "just a text"
      RenderSVGText {text} at (4000,2605) size 78x20 contains 1 chunk(s)
        RenderSVGInlineText {#text} at (0,0) size 78x20
          chunk 1 text run 1 at (4000.00,2620.00) startOffset 0 endOffset 11 width 77.76: "just a text"
      RenderSVGText {text} at (4100,2605) size 78x20 contains 1 chunk(s)
        RenderSVGInlineText {#text} at (0,0) size 78x20
          chunk 1 text run 1 at (4100.00,2620.00) startOffset 0 endOffset 11 width 77.76: "just a text"
      RenderSVGText {text} at (4200,2605) size 78x20 contains 1 chunk(s)
        RenderSVGInlineText {#text} at (0,0) size 78x20
          chunk 1 text run 1 at (4200.00,2620.00) startOffset 0 endOffset 11 width 77.76: "just a text"
      RenderSVGText {text} at (4300,2605) size 78x20 contains 1 chunk(s)
        RenderSVGInlineText {#text} at (0,0) size 78x20
          chunk 1 text run 1 at (4300.00,2620.00) startOffset 0 endOffset 11 width 77.76: "just a text"
      RenderSVGText {text} at (4400,2605) size 78x20 contains 1 chunk(s)
        RenderSVGInlineText {#text} at (0,0) size 78x20
          chunk 1 text run 1 at (4400.00,2620.00) startOffset 0 endOffset 11 width 77.76: "just a text"
      RenderSVGText {text} at (4500,2605) size 78x20 contains 1 chunk(s)
        RenderSVGInlineText {#text} at (0,0) size 78x20
          chunk 1 text run 1 at (4500.00,2620.00) startOffset 0 endOffset 11 width 77.76: "just a text"
      RenderSVGText {text} at (4600,2605) size 78x20 contains 1 chunk(s)
        RenderSVGInlineText {#text} at (0,0) size 78x20
          chunk 1 text run 1 at (4600.00,2620.00) startOffset 0 endOffset 11 width 77.76: "just a text"
      RenderSVGText {text} at (4700,2605) size 78x20 contains 1 chunk(s)
        RenderSVGInlineText {#text} at (0,0) size 78x20
          chunk 1 text run 1 at (4700.00,2620.00) startOffset 0 endOffset 11 width 77.76: "just a text"
      RenderSVGText {text} at (4800,2605) size 78x20 contains 1 chunk(s)
        RenderSVGInlineText {#text} at (0,0) size 78x20
          chunk 1 text run 1 at (4800.00,2620.00) startOffset 0 endOffset 11 width 77.76: "just a text"
      RenderSVGText {text} at (4900,2605) size 78x20 contains 1 chunk(s)
        RenderSVGInlineText {#text} at (0,0) size 78x20
          chunk 1 text run 1 at (4900.00,2620.00) startOffset 0 endOffset 11 width 77.76: "just a text"
      RenderSVGText {text} at (0,2705) size 78x20 contains 1 chunk(s)
        RenderSVGInlineText {#text} at (0,0) size 78x20
          chunk 1 text run 1 at (0.00,2720.00) startOffset 0 endOffset 11 width 77.76: "just a text"
      RenderSVGText {text} at (100,2705) size 78x20 contains 1 chunk(s)
        RenderSVGInlineText {#text} at (0,0) size 78x20
          chunk 1 text run 1 at (100.00,2720.00) startOffset 0 endOffset 11 width 77.76: "just a text"
      RenderSVGText {text} at (200,2705) size 78x20 contains 1 chunk(s)
        RenderSVGInlineText {#text} at (0,0) size 78x20
          chunk 1 text run 1 at (200.00,2720.00) startOffset 0 endOffset 11 width 77.76: "just a text"
      RenderSVGText {text} at (300,2705) size 78x20 contains 1 chunk(s)
        RenderSVGInlineText {#text} at (0,0) size 78x20
          chunk 1 text run 1 at (300.00,2720.00) startOffset 0 endOffset 11 width 77.76: "just a text"
      RenderSVGText {text} at (400,2705) size 78x20 contains 1 chunk(s)
        RenderSVGInlineText {#text} at (0,0) size 78x20
          chunk 1 text run 1 at (400.00,2720.00) startOffset 0 endOffset 11 width 77.76: "just a text"
      RenderSVGText {text} at (500,2705) size 78x20 contains 1 chunk(s)
        RenderSVGInlineText {#text} at (0,0) size 78x20
          chunk 1 text run 1 at (500.00,2720.00) startOffset 0 endOffset 11 width 77.76: "just a text"
      RenderSVGText {text} at (600,2705) size 78x20 contains 1 chunk(s)
        RenderSVGInlineText {#text} at (0,0) size 78x20
          chunk 1 text run 1 at (600.00,2720.00) startOffset 0 endOffset 11 width 77.76: "just a text"
      RenderSVGText {text} at (700,2705) size 78x20 contains 1 chunk(s)
        RenderSVGInlineText {#text} at (0,0) size 78x20
          chunk 1 text run 1 at (700.00,2720.00) startOffset 0 endOffset 11 width 77.76: "just a text"
      RenderSVGText {text} at (800,2705) size 78x20 contains 1 chunk(s)
        RenderSVGInlineText {#text} at (0,0) size 78x20
          chunk 1 text run 1 at (800.00,2720.00) startOffset 0 endOffset 11 width 77.76: "just a text"
      RenderSVGText {text} at (900,2705) size 78x20 contains 1 chunk(s)
        RenderSVGInlineText {#text} at (0,0) size 78x20
          chunk 1 text run 1 at (900.00,2720.00) startOffset 0 endOffset 11 width 77.76: "just a text"
      RenderSVGText {text} at (1000,2705) size 78x20 contains 1 chunk(s)
        RenderSVGInlineText {#text} at (0,0) size 78x20
          chunk 1 text run 1 at (1000.00,2720.00) startOffset 0 endOffset 11 width 77.76: "just a text"
      RenderSVGText {text} at (1100,2705) size 78x20 contains 1 chunk(s)
        RenderSVGInlineText {#text} at (0,0) size 78x20
          chunk 1 text run 1 at (1100.00,2720.00) startOffset 0 endOffset 11 width 77.76: "just a text"
      RenderSVGText {text} at (1200,2705) size 78x20 contains 1 chunk(s)
        RenderSVGInlineText {#text} at (0,0) size 78x20
          chunk 1 text run 1 at (1200.00,2720.00) startOffset 0 endOffset 11 width 77.76: "just a text"
      RenderSVGText {text} at (1300,2705) size 78x20 contains 1 chunk(s)
        RenderSVGInlineText {#text} at (0,0) size 78x20
          chunk 1 text run 1 at (1300.00,2720.00) startOffset 0 endOffset 11 width 77.76: "just a text"
      RenderSVGText {text} at (1400,2705) size 78x20 contains 1 chunk(s)
        RenderSVGInlineText {#text} at (0,0) size 78x20
          chunk 1 text run 1 at (1400.00,2720.00) startOffset 0 endOffset 11 width 77.76: "just a text"
      RenderSVGText {text} at (1500,2705) size 78x20 contains 1 chunk(s)
        RenderSVGInlineText {#text} at (0,0) size 78x20
          chunk 1 text run 1 at (1500.00,2720.00) startOffset 0 endOffset 11 width 77.76: "just a text"
      RenderSVGText {text} at (1600,2705) size 78x20 contains 1 chunk(s)
        RenderSVGInlineText {#text} at (0,0) size 78x20
          chunk 1 text run 1 at (1600.00,2720.00) startOffset 0 endOffset 11 width 77.76: "just a text"
      RenderSVGText {text} at (1700,2705) size 78x20 contains 1 chunk(s)
        RenderSVGInlineText {#text} at (0,0) size 78x20
          chunk 1 text run 1 at (1700.00,2720.00) startOffset 0 endOffset 11 width 77.76: "just a text"
      RenderSVGText {text} at (1800,2705) size 78x20 contains 1 chunk(s)
        RenderSVGInlineText {#text} at (0,0) size 78x20
          chunk 1 text run 1 at (1800.00,2720.00) startOffset 0 endOffset 11 width 77.76: "just a text"
      RenderSVGText {text} at (1900,2705) size 78x20 contains 1 chunk(s)
        RenderSVGInlineText {#text} at (0,0) size 78x20
          chunk 1 text run 1 at (1900.00,2720.00) startOffset 0 endOffset 11 width 77.76: "just a text"
      RenderSVGText {text} at (2000,2705) size 78x20 contains 1 chunk(s)
        RenderSVGInlineText {#text} at (0,0) size 78x20
          chunk 1 text run 1 at (2000.00,2720.00) startOffset 0 endOffset 11 width 77.76: "just a text"
      RenderSVGText {text} at (2100,2705) size 78x20 contains 1 chunk(s)
        RenderSVGInlineText {#text} at (0,0) size 78x20
          chunk 1 text run 1 at (2100.00,2720.00) startOffset 0 endOffset 11 width 77.76: "just a text"
      RenderSVGText {text} at (2200,2705) size 78x20 contains 1 chunk(s)
        RenderSVGInlineText {#text} at (0,0) size 78x20
          chunk 1 text run 1 at (2200.00,2720.00) startOffset 0 endOffset 11 width 77.76: "just a text"
      RenderSVGText {text} at (2300,2705) size 78x20 contains 1 chunk(s)
        RenderSVGInlineText {#text} at (0,0) size 78x20
          chunk 1 text run 1 at (2300.00,2720.00) startOffset 0 endOffset 11 width 77.76: "just a text"
      RenderSVGText {text} at (2400,2705) size 78x20 contains 1 chunk(s)
        RenderSVGInlineText {#text} at (0,0) size 78x20
          chunk 1 text run 1 at (2400.00,2720.00) startOffset 0 endOffset 11 width 77.76: "just a text"
      RenderSVGText {text} at (2500,2705) size 78x20 contains 1 chunk(s)
        RenderSVGInlineText {#text} at (0,0) size 78x20
          chunk 1 text run 1 at (2500.00,2720.00) startOffset 0 endOffset 11 width 77.76: "just a text"
      RenderSVGText {text} at (2600,2705) size 78x20 contains 1 chunk(s)
        RenderSVGInlineText {#text} at (0,0) size 78x20
          chunk 1 text run 1 at (2600.00,2720.00) startOffset 0 endOffset 11 width 77.76: "just a text"
      RenderSVGText {text} at (2700,2705) size 78x20 contains 1 chunk(s)
        RenderSVGInlineText {#text} at (0,0) size 78x20
          chunk 1 text run 1 at (2700.00,2720.00) startOffset 0 endOffset 11 width 77.76: "just a text"
      RenderSVGText {text} at (2800,2705) size 78x20 contains 1 chunk(s)
        RenderSVGInlineText {#text} at (0,0) size 78x20
          chunk 1 text run 1 at (2800.00,2720.00) startOffset 0 endOffset 11 width 77.76: "just a text"
      RenderSVGText {text} at (2900,2705) size 78x20 contains 1 chunk(s)
        RenderSVGInlineText {#text} at (0,0) size 78x20
          chunk 1 text run 1 at (2900.00,2720.00) startOffset 0 endOffset 11 width 77.76: "just a text"
      RenderSVGText {text} at (3000,2705) size 78x20 contains 1 chunk(s)
        RenderSVGInlineText {#text} at (0,0) size 78x20
          chunk 1 text run 1 at (3000.00,2720.00) startOffset 0 endOffset 11 width 77.76: "just a text"
      RenderSVGText {text} at (3100,2705) size 78x20 contains 1 chunk(s)
        RenderSVGInlineText {#text} at (0,0) size 78x20
          chunk 1 text run 1 at (3100.00,2720.00) startOffset 0 endOffset 11 width 77.76: "just a text"
      RenderSVGText {text} at (3200,2705) size 78x20 contains 1 chunk(s)
        RenderSVGInlineText {#text} at (0,0) size 78x20
          chunk 1 text run 1 at (3200.00,2720.00) startOffset 0 endOffset 11 width 77.76: "just a text"
      RenderSVGText {text} at (3300,2705) size 78x20 contains 1 chunk(s)
        RenderSVGInlineText {#text} at (0,0) size 78x20
          chunk 1 text run 1 at (3300.00,2720.00) startOffset 0 endOffset 11 width 77.76: "just a text"
      RenderSVGText {text} at (3400,2705) size 78x20 contains 1 chunk(s)
        RenderSVGInlineText {#text} at (0,0) size 78x20
          chunk 1 text run 1 at (3400.00,2720.00) startOffset 0 endOffset 11 width 77.76: "just a text"
      RenderSVGText {text} at (3500,2705) size 78x20 contains 1 chunk(s)
        RenderSVGInlineText {#text} at (0,0) size 78x20
          chunk 1 text run 1 at (3500.00,2720.00) startOffset 0 endOffset 11 width 77.76: "just a text"
      RenderSVGText {text} at (3600,2705) size 78x20 contains 1 chunk(s)
        RenderSVGInlineText {#text} at (0,0) size 78x20
          chunk 1 text run 1 at (3600.00,2720.00) startOffset 0 endOffset 11 width 77.76: "just a text"
      RenderSVGText {text} at (3700,2705) size 78x20 contains 1 chunk(s)
        RenderSVGInlineText {#text} at (0,0) size 78x20
          chunk 1 text run 1 at (3700.00,2720.00) startOffset 0 endOffset 11 width 77.76: "just a text"
      RenderSVGText {text} at (3800,2705) size 78x20 contains 1 chunk(s)
        RenderSVGInlineText {#text} at (0,0) size 78x20
          chunk 1 text run 1 at (3800.00,2720.00) startOffset 0 endOffset 11 width 77.76: "just a text"
      RenderSVGText {text} at (3900,2705) size 78x20 contains 1 chunk(s)
        RenderSVGInlineText {#text} at (0,0) size 78x20
          chunk 1 text run 1 at (3900.00,2720.00) startOffset 0 endOffset 11 width 77.76: "just a text"
      RenderSVGText {text} at (4000,2705) size 78x20 contains 1 chunk(s)
        RenderSVGInlineText {#text} at (0,0) size 78x20
          chunk 1 text run 1 at (4000.00,2720.00) startOffset 0 endOffset 11 width 77.76: "just a text"
      RenderSVGText {text} at (4100,2705) size 78x20 contains 1 chunk(s)
        RenderSVGInlineText {#text} at (0,0) size 78x20
          chunk 1 text run 1 at (4100.00,2720.00) startOffset 0 endOffset 11 width 77.76: "just a text"
      RenderSVGText {text} at (4200,2705) size 78x20 contains 1 chunk(s)
        RenderSVGInlineText {#text} at (0,0) size 78x20
          chunk 1 text run 1 at (4200.00,2720.00) startOffset 0 endOffset 11 width 77.76: "just a text"
      RenderSVGText {text} at (4300,2705) size 78x20 contains 1 chunk(s)
        RenderSVGInlineText {#text} at (0,0) size 78x20
          chunk 1 text run 1 at (4300.00,2720.00) startOffset 0 endOffset 11 width 77.76: "just a text"
      RenderSVGText {text} at (4400,2705) size 78x20 contains 1 chunk(s)
        RenderSVGInlineText {#text} at (0,0) size 78x20
          chunk 1 text run 1 at (4400.00,2720.00) startOffset 0 endOffset 11 width 77.76: "just a text"
      RenderSVGText {text} at (4500,2705) size 78x20 contains 1 chunk(s)
        RenderSVGInlineText {#text} at (0,0) size 78x20
          chunk 1 text run 1 at (4500.00,2720.00) startOffset 0 endOffset 11 width 77.76: "just a text"
      RenderSVGText {text} at (4600,2705) size 78x20 contains 1 chunk(s)
        RenderSVGInlineText {#text} at (0,0) size 78x20
          chunk 1 text run 1 at (4600.00,2720.00) startOffset 0 endOffset 11 width 77.76: "just a text"
      RenderSVGText {text} at (4700,2705) size 78x20 contains 1 chunk(s)
        RenderSVGInlineText {#text} at (0,0) size 78x20
          chunk 1 text run 1 at (4700.00,2720.00) startOffset 0 endOffset 11 width 77.76: "just a text"
      RenderSVGText {text} at (4800,2705) size 78x20 contains 1 chunk(s)
        RenderSVGInlineText {#text} at (0,0) size 78x20
          chunk 1 text run 1 at (4800.00,2720.00) startOffset 0 endOffset 11 width 77.76: "just a text"
      RenderSVGText {text} at (4900,2705) size 78x20 contains 1 chunk(s)
        RenderSVGInlineText {#text} at (0,0) size 78x20
          chunk 1 text run 1 at (4900.00,2720.00) startOffset 0 endOffset 11 width 77.76: "just a text"
      RenderSVGText {text} at (0,2805) size 78x20 contains 1 chunk(s)
        RenderSVGInlineText {#text} at (0,0) size 78x20
          chunk 1 text run 1 at (0.00,2820.00) startOffset 0 endOffset 11 width 77.76: "just a text"
      RenderSVGText {text} at (100,2805) size 78x20 contains 1 chunk(s)
        RenderSVGInlineText {#text} at (0,0) size 78x20
          chunk 1 text run 1 at (100.00,2820.00) startOffset 0 endOffset 11 width 77.76: "just a text"
      RenderSVGText {text} at (200,2805) size 78x20 contains 1 chunk(s)
        RenderSVGInlineText {#text} at (0,0) size 78x20
          chunk 1 text run 1 at (200.00,2820.00) startOffset 0 endOffset 11 width 77.76: "just a text"
      RenderSVGText {text} at (300,2805) size 78x20 contains 1 chunk(s)
        RenderSVGInlineText {#text} at (0,0) size 78x20
          chunk 1 text run 1 at (300.00,2820.00) startOffset 0 endOffset 11 width 77.76: "just a text"
      RenderSVGText {text} at (400,2805) size 78x20 contains 1 chunk(s)
        RenderSVGInlineText {#text} at (0,0) size 78x20
          chunk 1 text run 1 at (400.00,2820.00) startOffset 0 endOffset 11 width 77.76: "just a text"
      RenderSVGText {text} at (500,2805) size 78x20 contains 1 chunk(s)
        RenderSVGInlineText {#text} at (0,0) size 78x20
          chunk 1 text run 1 at (500.00,2820.00) startOffset 0 endOffset 11 width 77.76: "just a text"
      RenderSVGText {text} at (600,2805) size 78x20 contains 1 chunk(s)
        RenderSVGInlineText {#text} at (0,0) size 78x20
          chunk 1 text run 1 at (600.00,2820.00) startOffset 0 endOffset 11 width 77.76: "just a text"
      RenderSVGText {text} at (700,2805) size 78x20 contains 1 chunk(s)
        RenderSVGInlineText {#text} at (0,0) size 78x20
          chunk 1 text run 1 at (700.00,2820.00) startOffset 0 endOffset 11 width 77.76: "just a text"
      RenderSVGText {text} at (800,2805) size 78x20 contains 1 chunk(s)
        RenderSVGInlineText {#text} at (0,0) size 78x20
          chunk 1 text run 1 at (800.00,2820.00) startOffset 0 endOffset 11 width 77.76: "just a text"
      RenderSVGText {text} at (900,2805) size 78x20 contains 1 chunk(s)
        RenderSVGInlineText {#text} at (0,0) size 78x20
          chunk 1 text run 1 at (900.00,2820.00) startOffset 0 endOffset 11 width 77.76: "just a text"
      RenderSVGText {text} at (1000,2805) size 78x20 contains 1 chunk(s)
        RenderSVGInlineText {#text} at (0,0) size 78x20
          chunk 1 text run 1 at (1000.00,2820.00) startOffset 0 endOffset 11 width 77.76: "just a text"
      RenderSVGText {text} at (1100,2805) size 78x20 contains 1 chunk(s)
        RenderSVGInlineText {#text} at (0,0) size 78x20
          chunk 1 text run 1 at (1100.00,2820.00) startOffset 0 endOffset 11 width 77.76: "just a text"
      RenderSVGText {text} at (1200,2805) size 78x20 contains 1 chunk(s)
        RenderSVGInlineText {#text} at (0,0) size 78x20
          chunk 1 text run 1 at (1200.00,2820.00) startOffset 0 endOffset 11 width 77.76: "just a text"
      RenderSVGText {text} at (1300,2805) size 78x20 contains 1 chunk(s)
        RenderSVGInlineText {#text} at (0,0) size 78x20
          chunk 1 text run 1 at (1300.00,2820.00) startOffset 0 endOffset 11 width 77.76: "just a text"
      RenderSVGText {text} at (1400,2805) size 78x20 contains 1 chunk(s)
        RenderSVGInlineText {#text} at (0,0) size 78x20
          chunk 1 text run 1 at (1400.00,2820.00) startOffset 0 endOffset 11 width 77.76: "just a text"
      RenderSVGText {text} at (1500,2805) size 78x20 contains 1 chunk(s)
        RenderSVGInlineText {#text} at (0,0) size 78x20
          chunk 1 text run 1 at (1500.00,2820.00) startOffset 0 endOffset 11 width 77.76: "just a text"
      RenderSVGText {text} at (1600,2805) size 78x20 contains 1 chunk(s)
        RenderSVGInlineText {#text} at (0,0) size 78x20
          chunk 1 text run 1 at (1600.00,2820.00) startOffset 0 endOffset 11 width 77.76: "just a text"
      RenderSVGText {text} at (1700,2805) size 78x20 contains 1 chunk(s)
        RenderSVGInlineText {#text} at (0,0) size 78x20
          chunk 1 text run 1 at (1700.00,2820.00) startOffset 0 endOffset 11 width 77.76: "just a text"
      RenderSVGText {text} at (1800,2805) size 78x20 contains 1 chunk(s)
        RenderSVGInlineText {#text} at (0,0) size 78x20
          chunk 1 text run 1 at (1800.00,2820.00) startOffset 0 endOffset 11 width 77.76: "just a text"
      RenderSVGText {text} at (1900,2805) size 78x20 contains 1 chunk(s)
        RenderSVGInlineText {#text} at (0,0) size 78x20
          chunk 1 text run 1 at (1900.00,2820.00) startOffset 0 endOffset 11 width 77.76: "just a text"
      RenderSVGText {text} at (2000,2805) size 78x20 contains 1 chunk(s)
        RenderSVGInlineText {#text} at (0,0) size 78x20
          chunk 1 text run 1 at (2000.00,2820.00) startOffset 0 endOffset 11 width 77.76: "just a text"
      RenderSVGText {text} at (2100,2805) size 78x20 contains 1 chunk(s)
        RenderSVGInlineText {#text} at (0,0) size 78x20
          chunk 1 text run 1 at (2100.00,2820.00) startOffset 0 endOffset 11 width 77.76: "just a text"
      RenderSVGText {text} at (2200,2805) size 78x20 contains 1 chunk(s)
        RenderSVGInlineText {#text} at (0,0) size 78x20
          chunk 1 text run 1 at (2200.00,2820.00) startOffset 0 endOffset 11 width 77.76: "just a text"
      RenderSVGText {text} at (2300,2805) size 78x20 contains 1 chunk(s)
        RenderSVGInlineText {#text} at (0,0) size 78x20
          chunk 1 text run 1 at (2300.00,2820.00) startOffset 0 endOffset 11 width 77.76: "just a text"
      RenderSVGText {text} at (2400,2805) size 78x20 contains 1 chunk(s)
        RenderSVGInlineText {#text} at (0,0) size 78x20
          chunk 1 text run 1 at (2400.00,2820.00) startOffset 0 endOffset 11 width 77.76: "just a text"
      RenderSVGText {text} at (2500,2805) size 78x20 contains 1 chunk(s)
        RenderSVGInlineText {#text} at (0,0) size 78x20
          chunk 1 text run 1 at (2500.00,2820.00) startOffset 0 endOffset 11 width 77.76: "just a text"
      RenderSVGText {text} at (2600,2805) size 78x20 contains 1 chunk(s)
        RenderSVGInlineText {#text} at (0,0) size 78x20
          chunk 1 text run 1 at (2600.00,2820.00) startOffset 0 endOffset 11 width 77.76: "just a text"
      RenderSVGText {text} at (2700,2805) size 78x20 contains 1 chunk(s)
        RenderSVGInlineText {#text} at (0,0) size 78x20
          chunk 1 text run 1 at (2700.00,2820.00) startOffset 0 endOffset 11 width 77.76: "just a text"
      RenderSVGText {text} at (2800,2805) size 78x20 contains 1 chunk(s)
        RenderSVGInlineText {#text} at (0,0) size 78x20
          chunk 1 text run 1 at (2800.00,2820.00) startOffset 0 endOffset 11 width 77.76: "just a text"
      RenderSVGText {text} at (2900,2805) size 78x20 contains 1 chunk(s)
        RenderSVGInlineText {#text} at (0,0) size 78x20
          chunk 1 text run 1 at (2900.00,2820.00) startOffset 0 endOffset 11 width 77.76: "just a text"
      RenderSVGText {text} at (3000,2805) size 78x20 contains 1 chunk(s)
        RenderSVGInlineText {#text} at (0,0) size 78x20
          chunk 1 text run 1 at (3000.00,2820.00) startOffset 0 endOffset 11 width 77.76: "just a text"
      RenderSVGText {text} at (3100,2805) size 78x20 contains 1 chunk(s)
        RenderSVGInlineText {#text} at (0,0) size 78x20
          chunk 1 text run 1 at (3100.00,2820.00) startOffset 0 endOffset 11 width 77.76: "just a text"
      RenderSVGText {text} at (3200,2805) size 78x20 contains 1 chunk(s)
        RenderSVGInlineText {#text} at (0,0) size 78x20
          chunk 1 text run 1 at (3200.00,2820.00) startOffset 0 endOffset 11 width 77.76: "just a text"
      RenderSVGText {text} at (3300,2805) size 78x20 contains 1 chunk(s)
        RenderSVGInlineText {#text} at (0,0) size 78x20
          chunk 1 text run 1 at (3300.00,2820.00) startOffset 0 endOffset 11 width 77.76: "just a text"
      RenderSVGText {text} at (3400,2805) size 78x20 contains 1 chunk(s)
        RenderSVGInlineText {#text} at (0,0) size 78x20
          chunk 1 text run 1 at (3400.00,2820.00) startOffset 0 endOffset 11 width 77.76: "just a text"
      RenderSVGText {text} at (3500,2805) size 78x20 contains 1 chunk(s)
        RenderSVGInlineText {#text} at (0,0) size 78x20
          chunk 1 text run 1 at (3500.00,2820.00) startOffset 0 endOffset 11 width 77.76: "just a text"
      RenderSVGText {text} at (3600,2805) size 78x20 contains 1 chunk(s)
        RenderSVGInlineText {#text} at (0,0) size 78x20
          chunk 1 text run 1 at (3600.00,2820.00) startOffset 0 endOffset 11 width 77.76: "just a text"
      RenderSVGText {text} at (3700,2805) size 78x20 contains 1 chunk(s)
        RenderSVGInlineText {#text} at (0,0) size 78x20
          chunk 1 text run 1 at (3700.00,2820.00) startOffset 0 endOffset 11 width 77.76: "just a text"
      RenderSVGText {text} at (3800,2805) size 78x20 contains 1 chunk(s)
        RenderSVGInlineText {#text} at (0,0) size 78x20
          chunk 1 text run 1 at (3800.00,2820.00) startOffset 0 endOffset 11 width 77.76: "just a text"
      RenderSVGText {text} at (3900,2805) size 78x20 contains 1 chunk(s)
        RenderSVGInlineText {#text} at (0,0) size 78x20
          chunk 1 text run 1 at (3900.00,2820.00) startOffset 0 endOffset 11 width 77.76: "just a text"
      RenderSVGText {text} at (4000,2805) size 78x20 contains 1 chunk(s)
        RenderSVGInlineText {#text} at (0,0) size 78x20
          chunk 1 text run 1 at (4000.00,2820.00) startOffset 0 endOffset 11 width 77.76: "just a text"
      RenderSVGText {text} at (4100,2805) size 78x20 contains 1 chunk(s)
        RenderSVGInlineText {#text} at (0,0) size 78x20
          chunk 1 text run 1 at (4100.00,2820.00) startOffset 0 endOffset 11 width 77.76: "just a text"
      RenderSVGText {text} at (4200,2805) size 78x20 contains 1 chunk(s)
        RenderSVGInlineText {#text} at (0,0) size 78x20
          chunk 1 text run 1 at (4200.00,2820.00) startOffset 0 endOffset 11 width 77.76: "just a text"
      RenderSVGText {text} at (4300,2805) size 78x20 contains 1 chunk(s)
        RenderSVGInlineText {#text} at (0,0) size 78x20
          chunk 1 text run 1 at (4300.00,2820.00) startOffset 0 endOffset 11 width 77.76: "just a text"
      RenderSVGText {text} at (4400,2805) size 78x20 contains 1 chunk(s)
        RenderSVGInlineText {#text} at (0,0) size 78x20
          chunk 1 text run 1 at (4400.00,2820.00) startOffset 0 endOffset 11 width 77.76: "just a text"
      RenderSVGText {text} at (4500,2805) size 78x20 contains 1 chunk(s)
        RenderSVGInlineText {#text} at (0,0) size 78x20
          chunk 1 text run 1 at (4500.00,2820.00) startOffset 0 endOffset 11 width 77.76: "just a text"
      RenderSVGText {text} at (4600,2805) size 78x20 contains 1 chunk(s)
        RenderSVGInlineText {#text} at (0,0) size 78x20
          chunk 1 text run 1 at (4600.00,2820.00) startOffset 0 endOffset 11 width 77.76: "just a text"
      RenderSVGText {text} at (4700,2805) size 78x20 contains 1 chunk(s)
        RenderSVGInlineText {#text} at (0,0) size 78x20
          chunk 1 text run 1 at (4700.00,2820.00) startOffset 0 endOffset 11 width 77.76: "just a text"
      RenderSVGText {text} at (4800,2805) size 78x20 contains 1 chunk(s)
        RenderSVGInlineText {#text} at (0,0) size 78x20
          chunk 1 text run 1 at (4800.00,2820.00) startOffset 0 endOffset 11 width 77.76: "just a text"
      RenderSVGText {text} at (4900,2805) size 78x20 contains 1 chunk(s)
        RenderSVGInlineText {#text} at (0,0) size 78x20
          chunk 1 text run 1 at (4900.00,2820.00) startOffset 0 endOffset 11 width 77.76: "just a text"
      RenderSVGText {text} at (0,2905) size 78x20 contains 1 chunk(s)
        RenderSVGInlineText {#text} at (0,0) size 78x20
          chunk 1 text run 1 at (0.00,2920.00) startOffset 0 endOffset 11 width 77.76: "just a text"
      RenderSVGText {text} at (100,2905) size 78x20 contains 1 chunk(s)
        RenderSVGInlineText {#text} at (0,0) size 78x20
          chunk 1 text run 1 at (100.00,2920.00) startOffset 0 endOffset 11 width 77.76: "just a text"
      RenderSVGText {text} at (200,2905) size 78x20 contains 1 chunk(s)
        RenderSVGInlineText {#text} at (0,0) size 78x20
          chunk 1 text run 1 at (200.00,2920.00) startOffset 0 endOffset 11 width 77.76: "just a text"
      RenderSVGText {text} at (300,2905) size 78x20 contains 1 chunk(s)
        RenderSVGInlineText {#text} at (0,0) size 78x20
          chunk 1 text run 1 at (300.00,2920.00) startOffset 0 endOffset 11 width 77.76: "just a text"
      RenderSVGText {text} at (400,2905) size 78x20 contains 1 chunk(s)
        RenderSVGInlineText {#text} at (0,0) size 78x20
          chunk 1 text run 1 at (400.00,2920.00) startOffset 0 endOffset 11 width 77.76: "just a text"
      RenderSVGText {text} at (500,2905) size 78x20 contains 1 chunk(s)
        RenderSVGInlineText {#text} at (0,0) size 78x20
          chunk 1 text run 1 at (500.00,2920.00) startOffset 0 endOffset 11 width 77.76: "just a text"
      RenderSVGText {text} at (600,2905) size 78x20 contains 1 chunk(s)
        RenderSVGInlineText {#text} at (0,0) size 78x20
          chunk 1 text run 1 at (600.00,2920.00) startOffset 0 endOffset 11 width 77.76: "just a text"
      RenderSVGText {text} at (700,2905) size 78x20 contains 1 chunk(s)
        RenderSVGInlineText {#text} at (0,0) size 78x20
          chunk 1 text run 1 at (700.00,2920.00) startOffset 0 endOffset 11 width 77.76: "just a text"
      RenderSVGText {text} at (800,2905) size 78x20 contains 1 chunk(s)
        RenderSVGInlineText {#text} at (0,0) size 78x20
          chunk 1 text run 1 at (800.00,2920.00) startOffset 0 endOffset 11 width 77.76: "just a text"
      RenderSVGText {text} at (900,2905) size 78x20 contains 1 chunk(s)
        RenderSVGInlineText {#text} at (0,0) size 78x20
          chunk 1 text run 1 at (900.00,2920.00) startOffset 0 endOffset 11 width 77.76: "just a text"
      RenderSVGText {text} at (1000,2905) size 78x20 contains 1 chunk(s)
        RenderSVGInlineText {#text} at (0,0) size 78x20
          chunk 1 text run 1 at (1000.00,2920.00) startOffset 0 endOffset 11 width 77.76: "just a text"
      RenderSVGText {text} at (1100,2905) size 78x20 contains 1 chunk(s)
        RenderSVGInlineText {#text} at (0,0) size 78x20
          chunk 1 text run 1 at (1100.00,2920.00) startOffset 0 endOffset 11 width 77.76: "just a text"
      RenderSVGText {text} at (1200,2905) size 78x20 contains 1 chunk(s)
        RenderSVGInlineText {#text} at (0,0) size 78x20
          chunk 1 text run 1 at (1200.00,2920.00) startOffset 0 endOffset 11 width 77.76: "just a text"
      RenderSVGText {text} at (1300,2905) size 78x20 contains 1 chunk(s)
        RenderSVGInlineText {#text} at (0,0) size 78x20
          chunk 1 text run 1 at (1300.00,2920.00) startOffset 0 endOffset 11 width 77.76: "just a text"
      RenderSVGText {text} at (1400,2905) size 78x20 contains 1 chunk(s)
        RenderSVGInlineText {#text} at (0,0) size 78x20
          chunk 1 text run 1 at (1400.00,2920.00) startOffset 0 endOffset 11 width 77.76: "just a text"
      RenderSVGText {text} at (1500,2905) size 78x20 contains 1 chunk(s)
        RenderSVGInlineText {#text} at (0,0) size 78x20
          chunk 1 text run 1 at (1500.00,2920.00) startOffset 0 endOffset 11 width 77.76: "just a text"
      RenderSVGText {text} at (1600,2905) size 78x20 contains 1 chunk(s)
        RenderSVGInlineText {#text} at (0,0) size 78x20
          chunk 1 text run 1 at (1600.00,2920.00) startOffset 0 endOffset 11 width 77.76: "just a text"
      RenderSVGText {text} at (1700,2905) size 78x20 contains 1 chunk(s)
        RenderSVGInlineText {#text} at (0,0) size 78x20
          chunk 1 text run 1 at (1700.00,2920.00) startOffset 0 endOffset 11 width 77.76: "just a text"
      RenderSVGText {text} at (1800,2905) size 78x20 contains 1 chunk(s)
        RenderSVGInlineText {#text} at (0,0) size 78x20
          chunk 1 text run 1 at (1800.00,2920.00) startOffset 0 endOffset 11 width 77.76: "just a text"
      RenderSVGText {text} at (1900,2905) size 78x20 contains 1 chunk(s)
        RenderSVGInlineText {#text} at (0,0) size 78x20
          chunk 1 text run 1 at (1900.00,2920.00) startOffset 0 endOffset 11 width 77.76: "just a text"
      RenderSVGText {text} at (2000,2905) size 78x20 contains 1 chunk(s)
        RenderSVGInlineText {#text} at (0,0) size 78x20
          chunk 1 text run 1 at (2000.00,2920.00) startOffset 0 endOffset 11 width 77.76: "just a text"
      RenderSVGText {text} at (2100,2905) size 78x20 contains 1 chunk(s)
        RenderSVGInlineText {#text} at (0,0) size 78x20
          chunk 1 text run 1 at (2100.00,2920.00) startOffset 0 endOffset 11 width 77.76: "just a text"
      RenderSVGText {text} at (2200,2905) size 78x20 contains 1 chunk(s)
        RenderSVGInlineText {#text} at (0,0) size 78x20
          chunk 1 text run 1 at (2200.00,2920.00) startOffset 0 endOffset 11 width 77.76: "just a text"
      RenderSVGText {text} at (2300,2905) size 78x20 contains 1 chunk(s)
        RenderSVGInlineText {#text} at (0,0) size 78x20
          chunk 1 text run 1 at (2300.00,2920.00) startOffset 0 endOffset 11 width 77.76: "just a text"
      RenderSVGText {text} at (2400,2905) size 78x20 contains 1 chunk(s)
        RenderSVGInlineText {#text} at (0,0) size 78x20
          chunk 1 text run 1 at (2400.00,2920.00) startOffset 0 endOffset 11 width 77.76: "just a text"
      RenderSVGText {text} at (2500,2905) size 78x20 contains 1 chunk(s)
        RenderSVGInlineText {#text} at (0,0) size 78x20
          chunk 1 text run 1 at (2500.00,2920.00) startOffset 0 endOffset 11 width 77.76: "just a text"
      RenderSVGText {text} at (2600,2905) size 78x20 contains 1 chunk(s)
        RenderSVGInlineText {#text} at (0,0) size 78x20
          chunk 1 text run 1 at (2600.00,2920.00) startOffset 0 endOffset 11 width 77.76: "just a text"
      RenderSVGText {text} at (2700,2905) size 78x20 contains 1 chunk(s)
        RenderSVGInlineText {#text} at (0,0) size 78x20
          chunk 1 text run 1 at (2700.00,2920.00) startOffset 0 endOffset 11 width 77.76: "just a text"
      RenderSVGText {text} at (2800,2905) size 78x20 contains 1 chunk(s)
        RenderSVGInlineText {#text} at (0,0) size 78x20
          chunk 1 text run 1 at (2800.00,2920.00) startOffset 0 endOffset 11 width 77.76: "just a text"
      RenderSVGText {text} at (2900,2905) size 78x20 contains 1 chunk(s)
        RenderSVGInlineText {#text} at (0,0) size 78x20
          chunk 1 text run 1 at (2900.00,2920.00) startOffset 0 endOffset 11 width 77.76: "just a text"
      RenderSVGText {text} at (3000,2905) size 78x20 contains 1 chunk(s)
        RenderSVGInlineText {#text} at (0,0) size 78x20
          chunk 1 text run 1 at (3000.00,2920.00) startOffset 0 endOffset 11 width 77.76: "just a text"
      RenderSVGText {text} at (3100,2905) size 78x20 contains 1 chunk(s)
        RenderSVGInlineText {#text} at (0,0) size 78x20
          chunk 1 text run 1 at (3100.00,2920.00) startOffset 0 endOffset 11 width 77.76: "just a text"
      RenderSVGText {text} at (3200,2905) size 78x20 contains 1 chunk(s)
        RenderSVGInlineText {#text} at (0,0) size 78x20
          chunk 1 text run 1 at (3200.00,2920.00) startOffset 0 endOffset 11 width 77.76: "just a text"
      RenderSVGText {text} at (3300,2905) size 78x20 contains 1 chunk(s)
        RenderSVGInlineText {#text} at (0,0) size 78x20
          chunk 1 text run 1 at (3300.00,2920.00) startOffset 0 endOffset 11 width 77.76: "just a text"
      RenderSVGText {text} at (3400,2905) size 78x20 contains 1 chunk(s)
        RenderSVGInlineText {#text} at (0,0) size 78x20
          chunk 1 text run 1 at (3400.00,2920.00) startOffset 0 endOffset 11 width 77.76: "just a text"
      RenderSVGText {text} at (3500,2905) size 78x20 contains 1 chunk(s)
        RenderSVGInlineText {#text} at (0,0) size 78x20
          chunk 1 text run 1 at (3500.00,2920.00) startOffset 0 endOffset 11 width 77.76: "just a text"
      RenderSVGText {text} at (3600,2905) size 78x20 contains 1 chunk(s)
        RenderSVGInlineText {#text} at (0,0) size 78x20
          chunk 1 text run 1 at (3600.00,2920.00) startOffset 0 endOffset 11 width 77.76: "just a text"
      RenderSVGText {text} at (3700,2905) size 78x20 contains 1 chunk(s)
        RenderSVGInlineText {#text} at (0,0) size 78x20
          chunk 1 text run 1 at (3700.00,2920.00) startOffset 0 endOffset 11 width 77.76: "just a text"
      RenderSVGText {text} at (3800,2905) size 78x20 contains 1 chunk(s)
        RenderSVGInlineText {#text} at (0,0) size 78x20
          chunk 1 text run 1 at (3800.00,2920.00) startOffset 0 endOffset 11 width 77.76: "just a text"
      RenderSVGText {text} at (3900,2905) size 78x20 contains 1 chunk(s)
        RenderSVGInlineText {#text} at (0,0) size 78x20
          chunk 1 text run 1 at (3900.00,2920.00) startOffset 0 endOffset 11 width 77.76: "just a text"
      RenderSVGText {text} at (4000,2905) size 78x20 contains 1 chunk(s)
        RenderSVGInlineText {#text} at (0,0) size 78x20
          chunk 1 text run 1 at (4000.00,2920.00) startOffset 0 endOffset 11 width 77.76: "just a text"
      RenderSVGText {text} at (4100,2905) size 78x20 contains 1 chunk(s)
        RenderSVGInlineText {#text} at (0,0) size 78x20
          chunk 1 text run 1 at (4100.00,2920.00) startOffset 0 endOffset 11 width 77.76: "just a text"
      RenderSVGText {text} at (4200,2905) size 78x20 contains 1 chunk(s)
        RenderSVGInlineText {#text} at (0,0) size 78x20
          chunk 1 text run 1 at (4200.00,2920.00) startOffset 0 endOffset 11 width 77.76: "just a text"
      RenderSVGText {text} at (4300,2905) size 78x20 contains 1 chunk(s)
        RenderSVGInlineText {#text} at (0,0) size 78x20
          chunk 1 text run 1 at (4300.00,2920.00) startOffset 0 endOffset 11 width 77.76: "just a text"
      RenderSVGText {text} at (4400,2905) size 78x20 contains 1 chunk(s)
        RenderSVGInlineText {#text} at (0,0) size 78x20
          chunk 1 text run 1 at (4400.00,2920.00) startOffset 0 endOffset 11 width 77.76: "just a text"
      RenderSVGText {text} at (4500,2905) size 78x20 contains 1 chunk(s)
        RenderSVGInlineText {#text} at (0,0) size 78x20
          chunk 1 text run 1 at (4500.00,2920.00) startOffset 0 endOffset 11 width 77.76: "just a text"
      RenderSVGText {text} at (4600,2905) size 78x20 contains 1 chunk(s)
        RenderSVGInlineText {#text} at (0,0) size 78x20
          chunk 1 text run 1 at (4600.00,2920.00) startOffset 0 endOffset 11 width 77.76: "just a text"
      RenderSVGText {text} at (4700,2905) size 78x20 contains 1 chunk(s)
        RenderSVGInlineText {#text} at (0,0) size 78x20
          chunk 1 text run 1 at (4700.00,2920.00) startOffset 0 endOffset 11 width 77.76: "just a text"
      RenderSVGText {text} at (4800,2905) size 78x20 contains 1 chunk(s)
        RenderSVGInlineText {#text} at (0,0) size 78x20
          chunk 1 text run 1 at (4800.00,2920.00) startOffset 0 endOffset 11 width 77.76: "just a text"
      RenderSVGText {text} at (4900,2905) size 78x20 contains 1 chunk(s)
        RenderSVGInlineText {#text} at (0,0) size 78x20
          chunk 1 text run 1 at (4900.00,2920.00) startOffset 0 endOffset 11 width 77.76: "just a text"
      RenderSVGText {text} at (0,3005) size 78x20 contains 1 chunk(s)
        RenderSVGInlineText {#text} at (0,0) size 78x20
          chunk 1 text run 1 at (0.00,3020.00) startOffset 0 endOffset 11 width 77.76: "just a text"
      RenderSVGText {text} at (100,3005) size 78x20 contains 1 chunk(s)
        RenderSVGInlineText {#text} at (0,0) size 78x20
          chunk 1 text run 1 at (100.00,3020.00) startOffset 0 endOffset 11 width 77.76: "just a text"
      RenderSVGText {text} at (200,3005) size 78x20 contains 1 chunk(s)
        RenderSVGInlineText {#text} at (0,0) size 78x20
          chunk 1 text run 1 at (200.00,3020.00) startOffset 0 endOffset 11 width 77.76: "just a text"
      RenderSVGText {text} at (300,3005) size 78x20 contains 1 chunk(s)
        RenderSVGInlineText {#text} at (0,0) size 78x20
          chunk 1 text run 1 at (300.00,3020.00) startOffset 0 endOffset 11 width 77.76: "just a text"
      RenderSVGText {text} at (400,3005) size 78x20 contains 1 chunk(s)
        RenderSVGInlineText {#text} at (0,0) size 78x20
          chunk 1 text run 1 at (400.00,3020.00) startOffset 0 endOffset 11 width 77.76: "just a text"
      RenderSVGText {text} at (500,3005) size 78x20 contains 1 chunk(s)
        RenderSVGInlineText {#text} at (0,0) size 78x20
          chunk 1 text run 1 at (500.00,3020.00) startOffset 0 endOffset 11 width 77.76: "just a text"
      RenderSVGText {text} at (600,3005) size 78x20 contains 1 chunk(s)
        RenderSVGInlineText {#text} at (0,0) size 78x20
          chunk 1 text run 1 at (600.00,3020.00) startOffset 0 endOffset 11 width 77.76: "just a text"
      RenderSVGText {text} at (700,3005) size 78x20 contains 1 chunk(s)
        RenderSVGInlineText {#text} at (0,0) size 78x20
          chunk 1 text run 1 at (700.00,3020.00) startOffset 0 endOffset 11 width 77.76: "just a text"
      RenderSVGText {text} at (800,3005) size 78x20 contains 1 chunk(s)
        RenderSVGInlineText {#text} at (0,0) size 78x20
          chunk 1 text run 1 at (800.00,3020.00) startOffset 0 endOffset 11 width 77.76: "just a text"
      RenderSVGText {text} at (900,3005) size 78x20 contains 1 chunk(s)
        RenderSVGInlineText {#text} at (0,0) size 78x20
          chunk 1 text run 1 at (900.00,3020.00) startOffset 0 endOffset 11 width 77.76: "just a text"
      RenderSVGText {text} at (1000,3005) size 78x20 contains 1 chunk(s)
        RenderSVGInlineText {#text} at (0,0) size 78x20
          chunk 1 text run 1 at (1000.00,3020.00) startOffset 0 endOffset 11 width 77.76: "just a text"
      RenderSVGText {text} at (1100,3005) size 78x20 contains 1 chunk(s)
        RenderSVGInlineText {#text} at (0,0) size 78x20
          chunk 1 text run 1 at (1100.00,3020.00) startOffset 0 endOffset 11 width 77.76: "just a text"
      RenderSVGText {text} at (1200,3005) size 78x20 contains 1 chunk(s)
        RenderSVGInlineText {#text} at (0,0) size 78x20
          chunk 1 text run 1 at (1200.00,3020.00) startOffset 0 endOffset 11 width 77.76: "just a text"
      RenderSVGText {text} at (1300,3005) size 78x20 contains 1 chunk(s)
        RenderSVGInlineText {#text} at (0,0) size 78x20
          chunk 1 text run 1 at (1300.00,3020.00) startOffset 0 endOffset 11 width 77.76: "just a text"
      RenderSVGText {text} at (1400,3005) size 78x20 contains 1 chunk(s)
        RenderSVGInlineText {#text} at (0,0) size 78x20
          chunk 1 text run 1 at (1400.00,3020.00) startOffset 0 endOffset 11 width 77.76: "just a text"
      RenderSVGText {text} at (1500,3005) size 78x20 contains 1 chunk(s)
        RenderSVGInlineText {#text} at (0,0) size 78x20
          chunk 1 text run 1 at (1500.00,3020.00) startOffset 0 endOffset 11 width 77.76: "just a text"
      RenderSVGText {text} at (1600,3005) size 78x20 contains 1 chunk(s)
        RenderSVGInlineText {#text} at (0,0) size 78x20
          chunk 1 text run 1 at (1600.00,3020.00) startOffset 0 endOffset 11 width 77.76: "just a text"
      RenderSVGText {text} at (1700,3005) size 78x20 contains 1 chunk(s)
        RenderSVGInlineText {#text} at (0,0) size 78x20
          chunk 1 text run 1 at (1700.00,3020.00) startOffset 0 endOffset 11 width 77.76: "just a text"
      RenderSVGText {text} at (1800,3005) size 78x20 contains 1 chunk(s)
        RenderSVGInlineText {#text} at (0,0) size 78x20
          chunk 1 text run 1 at (1800.00,3020.00) startOffset 0 endOffset 11 width 77.76: "just a text"
      RenderSVGText {text} at (1900,3005) size 78x20 contains 1 chunk(s)
        RenderSVGInlineText {#text} at (0,0) size 78x20
          chunk 1 text run 1 at (1900.00,3020.00) startOffset 0 endOffset 11 width 77.76: "just a text"
      RenderSVGText {text} at (2000,3005) size 78x20 contains 1 chunk(s)
        RenderSVGInlineText {#text} at (0,0) size 78x20
          chunk 1 text run 1 at (2000.00,3020.00) startOffset 0 endOffset 11 width 77.76: "just a text"
      RenderSVGText {text} at (2100,3005) size 78x20 contains 1 chunk(s)
        RenderSVGInlineText {#text} at (0,0) size 78x20
          chunk 1 text run 1 at (2100.00,3020.00) startOffset 0 endOffset 11 width 77.76: "just a text"
      RenderSVGText {text} at (2200,3005) size 78x20 contains 1 chunk(s)
        RenderSVGInlineText {#text} at (0,0) size 78x20
          chunk 1 text run 1 at (2200.00,3020.00) startOffset 0 endOffset 11 width 77.76: "just a text"
      RenderSVGText {text} at (2300,3005) size 78x20 contains 1 chunk(s)
        RenderSVGInlineText {#text} at (0,0) size 78x20
          chunk 1 text run 1 at (2300.00,3020.00) startOffset 0 endOffset 11 width 77.76: "just a text"
      RenderSVGText {text} at (2400,3005) size 78x20 contains 1 chunk(s)
        RenderSVGInlineText {#text} at (0,0) size 78x20
          chunk 1 text run 1 at (2400.00,3020.00) startOffset 0 endOffset 11 width 77.76: "just a text"
      RenderSVGText {text} at (2500,3005) size 78x20 contains 1 chunk(s)
        RenderSVGInlineText {#text} at (0,0) size 78x20
          chunk 1 text run 1 at (2500.00,3020.00) startOffset 0 endOffset 11 width 77.76: "just a text"
      RenderSVGText {text} at (2600,3005) size 78x20 contains 1 chunk(s)
        RenderSVGInlineText {#text} at (0,0) size 78x20
          chunk 1 text run 1 at (2600.00,3020.00) startOffset 0 endOffset 11 width 77.76: "just a text"
      RenderSVGText {text} at (2700,3005) size 78x20 contains 1 chunk(s)
        RenderSVGInlineText {#text} at (0,0) size 78x20
          chunk 1 text run 1 at (2700.00,3020.00) startOffset 0 endOffset 11 width 77.76: "just a text"
      RenderSVGText {text} at (2800,3005) size 78x20 contains 1 chunk(s)
        RenderSVGInlineText {#text} at (0,0) size 78x20
          chunk 1 text run 1 at (2800.00,3020.00) startOffset 0 endOffset 11 width 77.76: "just a text"
      RenderSVGText {text} at (2900,3005) size 78x20 contains 1 chunk(s)
        RenderSVGInlineText {#text} at (0,0) size 78x20
          chunk 1 text run 1 at (2900.00,3020.00) startOffset 0 endOffset 11 width 77.76: "just a text"
      RenderSVGText {text} at (3000,3005) size 78x20 contains 1 chunk(s)
        RenderSVGInlineText {#text} at (0,0) size 78x20
          chunk 1 text run 1 at (3000.00,3020.00) startOffset 0 endOffset 11 width 77.76: "just a text"
      RenderSVGText {text} at (3100,3005) size 78x20 contains 1 chunk(s)
        RenderSVGInlineText {#text} at (0,0) size 78x20
          chunk 1 text run 1 at (3100.00,3020.00) startOffset 0 endOffset 11 width 77.76: "just a text"
      RenderSVGText {text} at (3200,3005) size 78x20 contains 1 chunk(s)
        RenderSVGInlineText {#text} at (0,0) size 78x20
          chunk 1 text run 1 at (3200.00,3020.00) startOffset 0 endOffset 11 width 77.76: "just a text"
      RenderSVGText {text} at (3300,3005) size 78x20 contains 1 chunk(s)
        RenderSVGInlineText {#text} at (0,0) size 78x20
          chunk 1 text run 1 at (3300.00,3020.00) startOffset 0 endOffset 11 width 77.76: "just a text"
      RenderSVGText {text} at (3400,3005) size 78x20 contains 1 chunk(s)
        RenderSVGInlineText {#text} at (0,0) size 78x20
          chunk 1 text run 1 at (3400.00,3020.00) startOffset 0 endOffset 11 width 77.76: "just a text"
      RenderSVGText {text} at (3500,3005) size 78x20 contains 1 chunk(s)
        RenderSVGInlineText {#text} at (0,0) size 78x20
          chunk 1 text run 1 at (3500.00,3020.00) startOffset 0 endOffset 11 width 77.76: "just a text"
      RenderSVGText {text} at (3600,3005) size 78x20 contains 1 chunk(s)
        RenderSVGInlineText {#text} at (0,0) size 78x20
          chunk 1 text run 1 at (3600.00,3020.00) startOffset 0 endOffset 11 width 77.76: "just a text"
      RenderSVGText {text} at (3700,3005) size 78x20 contains 1 chunk(s)
        RenderSVGInlineText {#text} at (0,0) size 78x20
          chunk 1 text run 1 at (3700.00,3020.00) startOffset 0 endOffset 11 width 77.76: "just a text"
      RenderSVGText {text} at (3800,3005) size 78x20 contains 1 chunk(s)
        RenderSVGInlineText {#text} at (0,0) size 78x20
          chunk 1 text run 1 at (3800.00,3020.00) startOffset 0 endOffset 11 width 77.76: "just a text"
      RenderSVGText {text} at (3900,3005) size 78x20 contains 1 chunk(s)
        RenderSVGInlineText {#text} at (0,0) size 78x20
          chunk 1 text run 1 at (3900.00,3020.00) startOffset 0 endOffset 11 width 77.76: "just a text"
      RenderSVGText {text} at (4000,3005) size 78x20 contains 1 chunk(s)
        RenderSVGInlineText {#text} at (0,0) size 78x20
          chunk 1 text run 1 at (4000.00,3020.00) startOffset 0 endOffset 11 width 77.76: "just a text"
      RenderSVGText {text} at (4100,3005) size 78x20 contains 1 chunk(s)
        RenderSVGInlineText {#text} at (0,0) size 78x20
          chunk 1 text run 1 at (4100.00,3020.00) startOffset 0 endOffset 11 width 77.76: "just a text"
      RenderSVGText {text} at (4200,3005) size 78x20 contains 1 chunk(s)
        RenderSVGInlineText {#text} at (0,0) size 78x20
          chunk 1 text run 1 at (4200.00,3020.00) startOffset 0 endOffset 11 width 77.76: "just a text"
      RenderSVGText {text} at (4300,3005) size 78x20 contains 1 chunk(s)
        RenderSVGInlineText {#text} at (0,0) size 78x20
          chunk 1 text run 1 at (4300.00,3020.00) startOffset 0 endOffset 11 width 77.76: "just a text"
      RenderSVGText {text} at (4400,3005) size 78x20 contains 1 chunk(s)
        RenderSVGInlineText {#text} at (0,0) size 78x20
          chunk 1 text run 1 at (4400.00,3020.00) startOffset 0 endOffset 11 width 77.76: "just a text"
      RenderSVGText {text} at (4500,3005) size 78x20 contains 1 chunk(s)
        RenderSVGInlineText {#text} at (0,0) size 78x20
          chunk 1 text run 1 at (4500.00,3020.00) startOffset 0 endOffset 11 width 77.76: "just a text"
      RenderSVGText {text} at (4600,3005) size 78x20 contains 1 chunk(s)
        RenderSVGInlineText {#text} at (0,0) size 78x20
          chunk 1 text run 1 at (4600.00,3020.00) startOffset 0 endOffset 11 width 77.76: "just a text"
      RenderSVGText {text} at (4700,3005) size 78x20 contains 1 chunk(s)
        RenderSVGInlineText {#text} at (0,0) size 78x20
          chunk 1 text run 1 at (4700.00,3020.00) startOffset 0 endOffset 11 width 77.76: "just a text"
      RenderSVGText {text} at (4800,3005) size 78x20 contains 1 chunk(s)
        RenderSVGInlineText {#text} at (0,0) size 78x20
          chunk 1 text run 1 at (4800.00,3020.00) startOffset 0 endOffset 11 width 77.76: "just a text"
      RenderSVGText {text} at (4900,3005) size 78x20 contains 1 chunk(s)
        RenderSVGInlineText {#text} at (0,0) size 78x20
          chunk 1 text run 1 at (4900.00,3020.00) startOffset 0 endOffset 11 width 77.76: "just a text"
      RenderSVGText {text} at (0,3105) size 78x20 contains 1 chunk(s)
        RenderSVGInlineText {#text} at (0,0) size 78x20
          chunk 1 text run 1 at (0.00,3120.00) startOffset 0 endOffset 11 width 77.76: "just a text"
      RenderSVGText {text} at (100,3105) size 78x20 contains 1 chunk(s)
        RenderSVGInlineText {#text} at (0,0) size 78x20
          chunk 1 text run 1 at (100.00,3120.00) startOffset 0 endOffset 11 width 77.76: "just a text"
      RenderSVGText {text} at (200,3105) size 78x20 contains 1 chunk(s)
        RenderSVGInlineText {#text} at (0,0) size 78x20
          chunk 1 text run 1 at (200.00,3120.00) startOffset 0 endOffset 11 width 77.76: "just a text"
      RenderSVGText {text} at (300,3105) size 78x20 contains 1 chunk(s)
        RenderSVGInlineText {#text} at (0,0) size 78x20
          chunk 1 text run 1 at (300.00,3120.00) startOffset 0 endOffset 11 width 77.76: "just a text"
      RenderSVGText {text} at (400,3105) size 78x20 contains 1 chunk(s)
        RenderSVGInlineText {#text} at (0,0) size 78x20
          chunk 1 text run 1 at (400.00,3120.00) startOffset 0 endOffset 11 width 77.76: "just a text"
      RenderSVGText {text} at (500,3105) size 78x20 contains 1 chunk(s)
        RenderSVGInlineText {#text} at (0,0) size 78x20
          chunk 1 text run 1 at (500.00,3120.00) startOffset 0 endOffset 11 width 77.76: "just a text"
      RenderSVGText {text} at (600,3105) size 78x20 contains 1 chunk(s)
        RenderSVGInlineText {#text} at (0,0) size 78x20
          chunk 1 text run 1 at (600.00,3120.00) startOffset 0 endOffset 11 width 77.76: "just a text"
      RenderSVGText {text} at (700,3105) size 78x20 contains 1 chunk(s)
        RenderSVGInlineText {#text} at (0,0) size 78x20
          chunk 1 text run 1 at (700.00,3120.00) startOffset 0 endOffset 11 width 77.76: "just a text"
      RenderSVGText {text} at (800,3105) size 78x20 contains 1 chunk(s)
        RenderSVGInlineText {#text} at (0,0) size 78x20
          chunk 1 text run 1 at (800.00,3120.00) startOffset 0 endOffset 11 width 77.76: "just a text"
      RenderSVGText {text} at (900,3105) size 78x20 contains 1 chunk(s)
        RenderSVGInlineText {#text} at (0,0) size 78x20
          chunk 1 text run 1 at (900.00,3120.00) startOffset 0 endOffset 11 width 77.76: "just a text"
      RenderSVGText {text} at (1000,3105) size 78x20 contains 1 chunk(s)
        RenderSVGInlineText {#text} at (0,0) size 78x20
          chunk 1 text run 1 at (1000.00,3120.00) startOffset 0 endOffset 11 width 77.76: "just a text"
      RenderSVGText {text} at (1100,3105) size 78x20 contains 1 chunk(s)
        RenderSVGInlineText {#text} at (0,0) size 78x20
          chunk 1 text run 1 at (1100.00,3120.00) startOffset 0 endOffset 11 width 77.76: "just a text"
      RenderSVGText {text} at (1200,3105) size 78x20 contains 1 chunk(s)
        RenderSVGInlineText {#text} at (0,0) size 78x20
          chunk 1 text run 1 at (1200.00,3120.00) startOffset 0 endOffset 11 width 77.76: "just a text"
      RenderSVGText {text} at (1300,3105) size 78x20 contains 1 chunk(s)
        RenderSVGInlineText {#text} at (0,0) size 78x20
          chunk 1 text run 1 at (1300.00,3120.00) startOffset 0 endOffset 11 width 77.76: "just a text"
      RenderSVGText {text} at (1400,3105) size 78x20 contains 1 chunk(s)
        RenderSVGInlineText {#text} at (0,0) size 78x20
          chunk 1 text run 1 at (1400.00,3120.00) startOffset 0 endOffset 11 width 77.76: "just a text"
      RenderSVGText {text} at (1500,3105) size 78x20 contains 1 chunk(s)
        RenderSVGInlineText {#text} at (0,0) size 78x20
          chunk 1 text run 1 at (1500.00,3120.00) startOffset 0 endOffset 11 width 77.76: "just a text"
      RenderSVGText {text} at (1600,3105) size 78x20 contains 1 chunk(s)
        RenderSVGInlineText {#text} at (0,0) size 78x20
          chunk 1 text run 1 at (1600.00,3120.00) startOffset 0 endOffset 11 width 77.76: "just a text"
      RenderSVGText {text} at (1700,3105) size 78x20 contains 1 chunk(s)
        RenderSVGInlineText {#text} at (0,0) size 78x20
          chunk 1 text run 1 at (1700.00,3120.00) startOffset 0 endOffset 11 width 77.76: "just a text"
      RenderSVGText {text} at (1800,3105) size 78x20 contains 1 chunk(s)
        RenderSVGInlineText {#text} at (0,0) size 78x20
          chunk 1 text run 1 at (1800.00,3120.00) startOffset 0 endOffset 11 width 77.76: "just a text"
      RenderSVGText {text} at (1900,3105) size 78x20 contains 1 chunk(s)
        RenderSVGInlineText {#text} at (0,0) size 78x20
          chunk 1 text run 1 at (1900.00,3120.00) startOffset 0 endOffset 11 width 77.76: "just a text"
      RenderSVGText {text} at (2000,3105) size 78x20 contains 1 chunk(s)
        RenderSVGInlineText {#text} at (0,0) size 78x20
          chunk 1 text run 1 at (2000.00,3120.00) startOffset 0 endOffset 11 width 77.76: "just a text"
      RenderSVGText {text} at (2100,3105) size 78x20 contains 1 chunk(s)
        RenderSVGInlineText {#text} at (0,0) size 78x20
          chunk 1 text run 1 at (2100.00,3120.00) startOffset 0 endOffset 11 width 77.76: "just a text"
      RenderSVGText {text} at (2200,3105) size 78x20 contains 1 chunk(s)
        RenderSVGInlineText {#text} at (0,0) size 78x20
          chunk 1 text run 1 at (2200.00,3120.00) startOffset 0 endOffset 11 width 77.76: "just a text"
      RenderSVGText {text} at (2300,3105) size 78x20 contains 1 chunk(s)
        RenderSVGInlineText {#text} at (0,0) size 78x20
          chunk 1 text run 1 at (2300.00,3120.00) startOffset 0 endOffset 11 width 77.76: "just a text"
      RenderSVGText {text} at (2400,3105) size 78x20 contains 1 chunk(s)
        RenderSVGInlineText {#text} at (0,0) size 78x20
          chunk 1 text run 1 at (2400.00,3120.00) startOffset 0 endOffset 11 width 77.76: "just a text"
      RenderSVGText {text} at (2500,3105) size 78x20 contains 1 chunk(s)
        RenderSVGInlineText {#text} at (0,0) size 78x20
          chunk 1 text run 1 at (2500.00,3120.00) startOffset 0 endOffset 11 width 77.76: "just a text"
      RenderSVGText {text} at (2600,3105) size 78x20 contains 1 chunk(s)
        RenderSVGInlineText {#text} at (0,0) size 78x20
          chunk 1 text run 1 at (2600.00,3120.00) startOffset 0 endOffset 11 width 77.76: "just a text"
      RenderSVGText {text} at (2700,3105) size 78x20 contains 1 chunk(s)
        RenderSVGInlineText {#text} at (0,0) size 78x20
          chunk 1 text run 1 at (2700.00,3120.00) startOffset 0 endOffset 11 width 77.76: "just a text"
      RenderSVGText {text} at (2800,3105) size 78x20 contains 1 chunk(s)
        RenderSVGInlineText {#text} at (0,0) size 78x20
          chunk 1 text run 1 at (2800.00,3120.00) startOffset 0 endOffset 11 width 77.76: "just a text"
      RenderSVGText {text} at (2900,3105) size 78x20 contains 1 chunk(s)
        RenderSVGInlineText {#text} at (0,0) size 78x20
          chunk 1 text run 1 at (2900.00,3120.00) startOffset 0 endOffset 11 width 77.76: "just a text"
      RenderSVGText {text} at (3000,3105) size 78x20 contains 1 chunk(s)
        RenderSVGInlineText {#text} at (0,0) size 78x20
          chunk 1 text run 1 at (3000.00,3120.00) startOffset 0 endOffset 11 width 77.76: "just a text"
      RenderSVGText {text} at (3100,3105) size 78x20 contains 1 chunk(s)
        RenderSVGInlineText {#text} at (0,0) size 78x20
          chunk 1 text run 1 at (3100.00,3120.00) startOffset 0 endOffset 11 width 77.76: "just a text"
      RenderSVGText {text} at (3200,3105) size 78x20 contains 1 chunk(s)
        RenderSVGInlineText {#text} at (0,0) size 78x20
          chunk 1 text run 1 at (3200.00,3120.00) startOffset 0 endOffset 11 width 77.76: "just a text"
      RenderSVGText {text} at (3300,3105) size 78x20 contains 1 chunk(s)
        RenderSVGInlineText {#text} at (0,0) size 78x20
          chunk 1 text run 1 at (3300.00,3120.00) startOffset 0 endOffset 11 width 77.76: "just a text"
      RenderSVGText {text} at (3400,3105) size 78x20 contains 1 chunk(s)
        RenderSVGInlineText {#text} at (0,0) size 78x20
          chunk 1 text run 1 at (3400.00,3120.00) startOffset 0 endOffset 11 width 77.76: "just a text"
      RenderSVGText {text} at (3500,3105) size 78x20 contains 1 chunk(s)
        RenderSVGInlineText {#text} at (0,0) size 78x20
          chunk 1 text run 1 at (3500.00,3120.00) startOffset 0 endOffset 11 width 77.76: "just a text"
      RenderSVGText {text} at (3600,3105) size 78x20 contains 1 chunk(s)
        RenderSVGInlineText {#text} at (0,0) size 78x20
          chunk 1 text run 1 at (3600.00,3120.00) startOffset 0 endOffset 11 width 77.76: "just a text"
      RenderSVGText {text} at (3700,3105) size 78x20 contains 1 chunk(s)
        RenderSVGInlineText {#text} at (0,0) size 78x20
          chunk 1 text run 1 at (3700.00,3120.00) startOffset 0 endOffset 11 width 77.76: "just a text"
      RenderSVGText {text} at (3800,3105) size 78x20 contains 1 chunk(s)
        RenderSVGInlineText {#text} at (0,0) size 78x20
          chunk 1 text run 1 at (3800.00,3120.00) startOffset 0 endOffset 11 width 77.76: "just a text"
      RenderSVGText {text} at (3900,3105) size 78x20 contains 1 chunk(s)
        RenderSVGInlineText {#text} at (0,0) size 78x20
          chunk 1 text run 1 at (3900.00,3120.00) startOffset 0 endOffset 11 width 77.76: "just a text"
      RenderSVGText {text} at (4000,3105) size 78x20 contains 1 chunk(s)
        RenderSVGInlineText {#text} at (0,0) size 78x20
          chunk 1 text run 1 at (4000.00,3120.00) startOffset 0 endOffset 11 width 77.76: "just a text"
      RenderSVGText {text} at (4100,3105) size 78x20 contains 1 chunk(s)
        RenderSVGInlineText {#text} at (0,0) size 78x20
          chunk 1 text run 1 at (4100.00,3120.00) startOffset 0 endOffset 11 width 77.76: "just a text"
      RenderSVGText {text} at (4200,3105) size 78x20 contains 1 chunk(s)
        RenderSVGInlineText {#text} at (0,0) size 78x20
          chunk 1 text run 1 at (4200.00,3120.00) startOffset 0 endOffset 11 width 77.76: "just a text"
      RenderSVGText {text} at (4300,3105) size 78x20 contains 1 chunk(s)
        RenderSVGInlineText {#text} at (0,0) size 78x20
          chunk 1 text run 1 at (4300.00,3120.00) startOffset 0 endOffset 11 width 77.76: "just a text"
      RenderSVGText {text} at (4400,3105) size 78x20 contains 1 chunk(s)
        RenderSVGInlineText {#text} at (0,0) size 78x20
          chunk 1 text run 1 at (4400.00,3120.00) startOffset 0 endOffset 11 width 77.76: "just a text"
      RenderSVGText {text} at (4500,3105) size 78x20 contains 1 chunk(s)
        RenderSVGInlineText {#text} at (0,0) size 78x20
          chunk 1 text run 1 at (4500.00,3120.00) startOffset 0 endOffset 11 width 77.76: "just a text"
      RenderSVGText {text} at (4600,3105) size 78x20 contains 1 chunk(s)
        RenderSVGInlineText {#text} at (0,0) size 78x20
          chunk 1 text run 1 at (4600.00,3120.00) startOffset 0 endOffset 11 width 77.76: "just a text"
      RenderSVGText {text} at (4700,3105) size 78x20 contains 1 chunk(s)
        RenderSVGInlineText {#text} at (0,0) size 78x20
          chunk 1 text run 1 at (4700.00,3120.00) startOffset 0 endOffset 11 width 77.76: "just a text"
      RenderSVGText {text} at (4800,3105) size 78x20 contains 1 chunk(s)
        RenderSVGInlineText {#text} at (0,0) size 78x20
          chunk 1 text run 1 at (4800.00,3120.00) startOffset 0 endOffset 11 width 77.76: "just a text"
      RenderSVGText {text} at (4900,3105) size 78x20 contains 1 chunk(s)
        RenderSVGInlineText {#text} at (0,0) size 78x20
          chunk 1 text run 1 at (4900.00,3120.00) startOffset 0 endOffset 11 width 77.76: "just a text"
      RenderSVGText {text} at (0,3205) size 78x20 contains 1 chunk(s)
        RenderSVGInlineText {#text} at (0,0) size 78x20
          chunk 1 text run 1 at (0.00,3220.00) startOffset 0 endOffset 11 width 77.76: "just a text"
      RenderSVGText {text} at (100,3205) size 78x20 contains 1 chunk(s)
        RenderSVGInlineText {#text} at (0,0) size 78x20
          chunk 1 text run 1 at (100.00,3220.00) startOffset 0 endOffset 11 width 77.76: "just a text"
      RenderSVGText {text} at (200,3205) size 78x20 contains 1 chunk(s)
        RenderSVGInlineText {#text} at (0,0) size 78x20
          chunk 1 text run 1 at (200.00,3220.00) startOffset 0 endOffset 11 width 77.76: "just a text"
      RenderSVGText {text} at (300,3205) size 78x20 contains 1 chunk(s)
        RenderSVGInlineText {#text} at (0,0) size 78x20
          chunk 1 text run 1 at (300.00,3220.00) startOffset 0 endOffset 11 width 77.76: "just a text"
      RenderSVGText {text} at (400,3205) size 78x20 contains 1 chunk(s)
        RenderSVGInlineText {#text} at (0,0) size 78x20
          chunk 1 text run 1 at (400.00,3220.00) startOffset 0 endOffset 11 width 77.76: "just a text"
      RenderSVGText {text} at (500,3205) size 78x20 contains 1 chunk(s)
        RenderSVGInlineText {#text} at (0,0) size 78x20
          chunk 1 text run 1 at (500.00,3220.00) startOffset 0 endOffset 11 width 77.76: "just a text"
      RenderSVGText {text} at (600,3205) size 78x20 contains 1 chunk(s)
        RenderSVGInlineText {#text} at (0,0) size 78x20
          chunk 1 text run 1 at (600.00,3220.00) startOffset 0 endOffset 11 width 77.76: "just a text"
      RenderSVGText {text} at (700,3205) size 78x20 contains 1 chunk(s)
        RenderSVGInlineText {#text} at (0,0) size 78x20
          chunk 1 text run 1 at (700.00,3220.00) startOffset 0 endOffset 11 width 77.76: "just a text"
      RenderSVGText {text} at (800,3205) size 78x20 contains 1 chunk(s)
        RenderSVGInlineText {#text} at (0,0) size 78x20
          chunk 1 text run 1 at (800.00,3220.00) startOffset 0 endOffset 11 width 77.76: "just a text"
      RenderSVGText {text} at (900,3205) size 78x20 contains 1 chunk(s)
        RenderSVGInlineText {#text} at (0,0) size 78x20
          chunk 1 text run 1 at (900.00,3220.00) startOffset 0 endOffset 11 width 77.76: "just a text"
      RenderSVGText {text} at (1000,3205) size 78x20 contains 1 chunk(s)
        RenderSVGInlineText {#text} at (0,0) size 78x20
          chunk 1 text run 1 at (1000.00,3220.00) startOffset 0 endOffset 11 width 77.76: "just a text"
      RenderSVGText {text} at (1100,3205) size 78x20 contains 1 chunk(s)
        RenderSVGInlineText {#text} at (0,0) size 78x20
          chunk 1 text run 1 at (1100.00,3220.00) startOffset 0 endOffset 11 width 77.76: "just a text"
      RenderSVGText {text} at (1200,3205) size 78x20 contains 1 chunk(s)
        RenderSVGInlineText {#text} at (0,0) size 78x20
          chunk 1 text run 1 at (1200.00,3220.00) startOffset 0 endOffset 11 width 77.76: "just a text"
      RenderSVGText {text} at (1300,3205) size 78x20 contains 1 chunk(s)
        RenderSVGInlineText {#text} at (0,0) size 78x20
          chunk 1 text run 1 at (1300.00,3220.00) startOffset 0 endOffset 11 width 77.76: "just a text"
      RenderSVGText {text} at (1400,3205) size 78x20 contains 1 chunk(s)
        RenderSVGInlineText {#text} at (0,0) size 78x20
          chunk 1 text run 1 at (1400.00,3220.00) startOffset 0 endOffset 11 width 77.76: "just a text"
      RenderSVGText {text} at (1500,3205) size 78x20 contains 1 chunk(s)
        RenderSVGInlineText {#text} at (0,0) size 78x20
          chunk 1 text run 1 at (1500.00,3220.00) startOffset 0 endOffset 11 width 77.76: "just a text"
      RenderSVGText {text} at (1600,3205) size 78x20 contains 1 chunk(s)
        RenderSVGInlineText {#text} at (0,0) size 78x20
          chunk 1 text run 1 at (1600.00,3220.00) startOffset 0 endOffset 11 width 77.76: "just a text"
      RenderSVGText {text} at (1700,3205) size 78x20 contains 1 chunk(s)
        RenderSVGInlineText {#text} at (0,0) size 78x20
          chunk 1 text run 1 at (1700.00,3220.00) startOffset 0 endOffset 11 width 77.76: "just a text"
      RenderSVGText {text} at (1800,3205) size 78x20 contains 1 chunk(s)
        RenderSVGInlineText {#text} at (0,0) size 78x20
          chunk 1 text run 1 at (1800.00,3220.00) startOffset 0 endOffset 11 width 77.76: "just a text"
      RenderSVGText {text} at (1900,3205) size 78x20 contains 1 chunk(s)
        RenderSVGInlineText {#text} at (0,0) size 78x20
          chunk 1 text run 1 at (1900.00,3220.00) startOffset 0 endOffset 11 width 77.76: "just a text"
      RenderSVGText {text} at (2000,3205) size 78x20 contains 1 chunk(s)
        RenderSVGInlineText {#text} at (0,0) size 78x20
          chunk 1 text run 1 at (2000.00,3220.00) startOffset 0 endOffset 11 width 77.76: "just a text"
      RenderSVGText {text} at (2100,3205) size 78x20 contains 1 chunk(s)
        RenderSVGInlineText {#text} at (0,0) size 78x20
          chunk 1 text run 1 at (2100.00,3220.00) startOffset 0 endOffset 11 width 77.76: "just a text"
      RenderSVGText {text} at (2200,3205) size 78x20 contains 1 chunk(s)
        RenderSVGInlineText {#text} at (0,0) size 78x20
          chunk 1 text run 1 at (2200.00,3220.00) startOffset 0 endOffset 11 width 77.76: "just a text"
      RenderSVGText {text} at (2300,3205) size 78x20 contains 1 chunk(s)
        RenderSVGInlineText {#text} at (0,0) size 78x20
          chunk 1 text run 1 at (2300.00,3220.00) startOffset 0 endOffset 11 width 77.76: "just a text"
      RenderSVGText {text} at (2400,3205) size 78x20 contains 1 chunk(s)
        RenderSVGInlineText {#text} at (0,0) size 78x20
          chunk 1 text run 1 at (2400.00,3220.00) startOffset 0 endOffset 11 width 77.76: "just a text"
      RenderSVGText {text} at (2500,3205) size 78x20 contains 1 chunk(s)
        RenderSVGInlineText {#text} at (0,0) size 78x20
          chunk 1 text run 1 at (2500.00,3220.00) startOffset 0 endOffset 11 width 77.76: "just a text"
      RenderSVGText {text} at (2600,3205) size 78x20 contains 1 chunk(s)
        RenderSVGInlineText {#text} at (0,0) size 78x20
          chunk 1 text run 1 at (2600.00,3220.00) startOffset 0 endOffset 11 width 77.76: "just a text"
      RenderSVGText {text} at (2700,3205) size 78x20 contains 1 chunk(s)
        RenderSVGInlineText {#text} at (0,0) size 78x20
          chunk 1 text run 1 at (2700.00,3220.00) startOffset 0 endOffset 11 width 77.76: "just a text"
      RenderSVGText {text} at (2800,3205) size 78x20 contains 1 chunk(s)
        RenderSVGInlineText {#text} at (0,0) size 78x20
          chunk 1 text run 1 at (2800.00,3220.00) startOffset 0 endOffset 11 width 77.76: "just a text"
      RenderSVGText {text} at (2900,3205) size 78x20 contains 1 chunk(s)
        RenderSVGInlineText {#text} at (0,0) size 78x20
          chunk 1 text run 1 at (2900.00,3220.00) startOffset 0 endOffset 11 width 77.76: "just a text"
      RenderSVGText {text} at (3000,3205) size 78x20 contains 1 chunk(s)
        RenderSVGInlineText {#text} at (0,0) size 78x20
          chunk 1 text run 1 at (3000.00,3220.00) startOffset 0 endOffset 11 width 77.76: "just a text"
      RenderSVGText {text} at (3100,3205) size 78x20 contains 1 chunk(s)
        RenderSVGInlineText {#text} at (0,0) size 78x20
          chunk 1 text run 1 at (3100.00,3220.00) startOffset 0 endOffset 11 width 77.76: "just a text"
      RenderSVGText {text} at (3200,3205) size 78x20 contains 1 chunk(s)
        RenderSVGInlineText {#text} at (0,0) size 78x20
          chunk 1 text run 1 at (3200.00,3220.00) startOffset 0 endOffset 11 width 77.76: "just a text"
      RenderSVGText {text} at (3300,3205) size 78x20 contains 1 chunk(s)
        RenderSVGInlineText {#text} at (0,0) size 78x20
          chunk 1 text run 1 at (3300.00,3220.00) startOffset 0 endOffset 11 width 77.76: "just a text"
      RenderSVGText {text} at (3400,3205) size 78x20 contains 1 chunk(s)
        RenderSVGInlineText {#text} at (0,0) size 78x20
          chunk 1 text run 1 at (3400.00,3220.00) startOffset 0 endOffset 11 width 77.76: "just a text"
      RenderSVGText {text} at (3500,3205) size 78x20 contains 1 chunk(s)
        RenderSVGInlineText {#text} at (0,0) size 78x20
          chunk 1 text run 1 at (3500.00,3220.00) startOffset 0 endOffset 11 width 77.76: "just a text"
      RenderSVGText {text} at (3600,3205) size 78x20 contains 1 chunk(s)
        RenderSVGInlineText {#text} at (0,0) size 78x20
          chunk 1 text run 1 at (3600.00,3220.00) startOffset 0 endOffset 11 width 77.76: "just a text"
      RenderSVGText {text} at (3700,3205) size 78x20 contains 1 chunk(s)
        RenderSVGInlineText {#text} at (0,0) size 78x20
          chunk 1 text run 1 at (3700.00,3220.00) startOffset 0 endOffset 11 width 77.76: "just a text"
      RenderSVGText {text} at (3800,3205) size 78x20 contains 1 chunk(s)
        RenderSVGInlineText {#text} at (0,0) size 78x20
          chunk 1 text run 1 at (3800.00,3220.00) startOffset 0 endOffset 11 width 77.76: "just a text"
      RenderSVGText {text} at (3900,3205) size 78x20 contains 1 chunk(s)
        RenderSVGInlineText {#text} at (0,0) size 78x20
          chunk 1 text run 1 at (3900.00,3220.00) startOffset 0 endOffset 11 width 77.76: "just a text"
      RenderSVGText {text} at (4000,3205) size 78x20 contains 1 chunk(s)
        RenderSVGInlineText {#text} at (0,0) size 78x20
          chunk 1 text run 1 at (4000.00,3220.00) startOffset 0 endOffset 11 width 77.76: "just a text"
      RenderSVGText {text} at (4100,3205) size 78x20 contains 1 chunk(s)
        RenderSVGInlineText {#text} at (0,0) size 78x20
          chunk 1 text run 1 at (4100.00,3220.00) startOffset 0 endOffset 11 width 77.76: "just a text"
      RenderSVGText {text} at (4200,3205) size 78x20 contains 1 chunk(s)
        RenderSVGInlineText {#text} at (0,0) size 78x20
          chunk 1 text run 1 at (4200.00,3220.00) startOffset 0 endOffset 11 width 77.76: "just a text"
      RenderSVGText {text} at (4300,3205) size 78x20 contains 1 chunk(s)
        RenderSVGInlineText {#text} at (0,0) size 78x20
          chunk 1 text run 1 at (4300.00,3220.00) startOffset 0 endOffset 11 width 77.76: "just a text"
      RenderSVGText {text} at (4400,3205) size 78x20 contains 1 chunk(s)
        RenderSVGInlineText {#text} at (0,0) size 78x20
          chunk 1 text run 1 at (4400.00,3220.00) startOffset 0 endOffset 11 width 77.76: "just a text"
      RenderSVGText {text} at (4500,3205) size 78x20 contains 1 chunk(s)
        RenderSVGInlineText {#text} at (0,0) size 78x20
          chunk 1 text run 1 at (4500.00,3220.00) startOffset 0 endOffset 11 width 77.76: "just a text"
      RenderSVGText {text} at (4600,3205) size 78x20 contains 1 chunk(s)
        RenderSVGInlineText {#text} at (0,0) size 78x20
          chunk 1 text run 1 at (4600.00,3220.00) startOffset 0 endOffset 11 width 77.76: "just a text"
      RenderSVGText {text} at (4700,3205) size 78x20 contains 1 chunk(s)
        RenderSVGInlineText {#text} at (0,0) size 78x20
          chunk 1 text run 1 at (4700.00,3220.00) startOffset 0 endOffset 11 width 77.76: "just a text"
      RenderSVGText {text} at (4800,3205) size 78x20 contains 1 chunk(s)
        RenderSVGInlineText {#text} at (0,0) size 78x20
          chunk 1 text run 1 at (4800.00,3220.00) startOffset 0 endOffset 11 width 77.76: "just a text"
      RenderSVGText {text} at (4900,3205) size 78x20 contains 1 chunk(s)
        RenderSVGInlineText {#text} at (0,0) size 78x20
          chunk 1 text run 1 at (4900.00,3220.00) startOffset 0 endOffset 11 width 77.76: "just a text"
      RenderSVGText {text} at (0,3305) size 78x20 contains 1 chunk(s)
        RenderSVGInlineText {#text} at (0,0) size 78x20
          chunk 1 text run 1 at (0.00,3320.00) startOffset 0 endOffset 11 width 77.76: "just a text"
      RenderSVGText {text} at (100,3305) size 78x20 contains 1 chunk(s)
        RenderSVGInlineText {#text} at (0,0) size 78x20
          chunk 1 text run 1 at (100.00,3320.00) startOffset 0 endOffset 11 width 77.76: "just a text"
      RenderSVGText {text} at (200,3305) size 78x20 contains 1 chunk(s)
        RenderSVGInlineText {#text} at (0,0) size 78x20
          chunk 1 text run 1 at (200.00,3320.00) startOffset 0 endOffset 11 width 77.76: "just a text"
      RenderSVGText {text} at (300,3305) size 78x20 contains 1 chunk(s)
        RenderSVGInlineText {#text} at (0,0) size 78x20
          chunk 1 text run 1 at (300.00,3320.00) startOffset 0 endOffset 11 width 77.76: "just a text"
      RenderSVGText {text} at (400,3305) size 78x20 contains 1 chunk(s)
        RenderSVGInlineText {#text} at (0,0) size 78x20
          chunk 1 text run 1 at (400.00,3320.00) startOffset 0 endOffset 11 width 77.76: "just a text"
      RenderSVGText {text} at (500,3305) size 78x20 contains 1 chunk(s)
        RenderSVGInlineText {#text} at (0,0) size 78x20
          chunk 1 text run 1 at (500.00,3320.00) startOffset 0 endOffset 11 width 77.76: "just a text"
      RenderSVGText {text} at (600,3305) size 78x20 contains 1 chunk(s)
        RenderSVGInlineText {#text} at (0,0) size 78x20
          chunk 1 text run 1 at (600.00,3320.00) startOffset 0 endOffset 11 width 77.76: "just a text"
      RenderSVGText {text} at (700,3305) size 78x20 contains 1 chunk(s)
        RenderSVGInlineText {#text} at (0,0) size 78x20
          chunk 1 text run 1 at (700.00,3320.00) startOffset 0 endOffset 11 width 77.76: "just a text"
      RenderSVGText {text} at (800,3305) size 78x20 contains 1 chunk(s)
        RenderSVGInlineText {#text} at (0,0) size 78x20
          chunk 1 text run 1 at (800.00,3320.00) startOffset 0 endOffset 11 width 77.76: "just a text"
      RenderSVGText {text} at (900,3305) size 78x20 contains 1 chunk(s)
        RenderSVGInlineText {#text} at (0,0) size 78x20
          chunk 1 text run 1 at (900.00,3320.00) startOffset 0 endOffset 11 width 77.76: "just a text"
      RenderSVGText {text} at (1000,3305) size 78x20 contains 1 chunk(s)
        RenderSVGInlineText {#text} at (0,0) size 78x20
          chunk 1 text run 1 at (1000.00,3320.00) startOffset 0 endOffset 11 width 77.76: "just a text"
      RenderSVGText {text} at (1100,3305) size 78x20 contains 1 chunk(s)
        RenderSVGInlineText {#text} at (0,0) size 78x20
          chunk 1 text run 1 at (1100.00,3320.00) startOffset 0 endOffset 11 width 77.76: "just a text"
      RenderSVGText {text} at (1200,3305) size 78x20 contains 1 chunk(s)
        RenderSVGInlineText {#text} at (0,0) size 78x20
          chunk 1 text run 1 at (1200.00,3320.00) startOffset 0 endOffset 11 width 77.76: "just a text"
      RenderSVGText {text} at (1300,3305) size 78x20 contains 1 chunk(s)
        RenderSVGInlineText {#text} at (0,0) size 78x20
          chunk 1 text run 1 at (1300.00,3320.00) startOffset 0 endOffset 11 width 77.76: "just a text"
      RenderSVGText {text} at (1400,3305) size 78x20 contains 1 chunk(s)
        RenderSVGInlineText {#text} at (0,0) size 78x20
          chunk 1 text run 1 at (1400.00,3320.00) startOffset 0 endOffset 11 width 77.76: "just a text"
      RenderSVGText {text} at (1500,3305) size 78x20 contains 1 chunk(s)
        RenderSVGInlineText {#text} at (0,0) size 78x20
          chunk 1 text run 1 at (1500.00,3320.00) startOffset 0 endOffset 11 width 77.76: "just a text"
      RenderSVGText {text} at (1600,3305) size 78x20 contains 1 chunk(s)
        RenderSVGInlineText {#text} at (0,0) size 78x20
          chunk 1 text run 1 at (1600.00,3320.00) startOffset 0 endOffset 11 width 77.76: "just a text"
      RenderSVGText {text} at (1700,3305) size 78x20 contains 1 chunk(s)
        RenderSVGInlineText {#text} at (0,0) size 78x20
          chunk 1 text run 1 at (1700.00,3320.00) startOffset 0 endOffset 11 width 77.76: "just a text"
      RenderSVGText {text} at (1800,3305) size 78x20 contains 1 chunk(s)
        RenderSVGInlineText {#text} at (0,0) size 78x20
          chunk 1 text run 1 at (1800.00,3320.00) startOffset 0 endOffset 11 width 77.76: "just a text"
      RenderSVGText {text} at (1900,3305) size 78x20 contains 1 chunk(s)
        RenderSVGInlineText {#text} at (0,0) size 78x20
          chunk 1 text run 1 at (1900.00,3320.00) startOffset 0 endOffset 11 width 77.76: "just a text"
      RenderSVGText {text} at (2000,3305) size 78x20 contains 1 chunk(s)
        RenderSVGInlineText {#text} at (0,0) size 78x20
          chunk 1 text run 1 at (2000.00,3320.00) startOffset 0 endOffset 11 width 77.76: "just a text"
      RenderSVGText {text} at (2100,3305) size 78x20 contains 1 chunk(s)
        RenderSVGInlineText {#text} at (0,0) size 78x20
          chunk 1 text run 1 at (2100.00,3320.00) startOffset 0 endOffset 11 width 77.76: "just a text"
      RenderSVGText {text} at (2200,3305) size 78x20 contains 1 chunk(s)
        RenderSVGInlineText {#text} at (0,0) size 78x20
          chunk 1 text run 1 at (2200.00,3320.00) startOffset 0 endOffset 11 width 77.76: "just a text"
      RenderSVGText {text} at (2300,3305) size 78x20 contains 1 chunk(s)
        RenderSVGInlineText {#text} at (0,0) size 78x20
          chunk 1 text run 1 at (2300.00,3320.00) startOffset 0 endOffset 11 width 77.76: "just a text"
      RenderSVGText {text} at (2400,3305) size 78x20 contains 1 chunk(s)
        RenderSVGInlineText {#text} at (0,0) size 78x20
          chunk 1 text run 1 at (2400.00,3320.00) startOffset 0 endOffset 11 width 77.76: "just a text"
      RenderSVGText {text} at (2500,3305) size 78x20 contains 1 chunk(s)
        RenderSVGInlineText {#text} at (0,0) size 78x20
          chunk 1 text run 1 at (2500.00,3320.00) startOffset 0 endOffset 11 width 77.76: "just a text"
      RenderSVGText {text} at (2600,3305) size 78x20 contains 1 chunk(s)
        RenderSVGInlineText {#text} at (0,0) size 78x20
          chunk 1 text run 1 at (2600.00,3320.00) startOffset 0 endOffset 11 width 77.76: "just a text"
      RenderSVGText {text} at (2700,3305) size 78x20 contains 1 chunk(s)
        RenderSVGInlineText {#text} at (0,0) size 78x20
          chunk 1 text run 1 at (2700.00,3320.00) startOffset 0 endOffset 11 width 77.76: "just a text"
      RenderSVGText {text} at (2800,3305) size 78x20 contains 1 chunk(s)
        RenderSVGInlineText {#text} at (0,0) size 78x20
          chunk 1 text run 1 at (2800.00,3320.00) startOffset 0 endOffset 11 width 77.76: "just a text"
      RenderSVGText {text} at (2900,3305) size 78x20 contains 1 chunk(s)
        RenderSVGInlineText {#text} at (0,0) size 78x20
          chunk 1 text run 1 at (2900.00,3320.00) startOffset 0 endOffset 11 width 77.76: "just a text"
      RenderSVGText {text} at (3000,3305) size 78x20 contains 1 chunk(s)
        RenderSVGInlineText {#text} at (0,0) size 78x20
          chunk 1 text run 1 at (3000.00,3320.00) startOffset 0 endOffset 11 width 77.76: "just a text"
      RenderSVGText {text} at (3100,3305) size 78x20 contains 1 chunk(s)
        RenderSVGInlineText {#text} at (0,0) size 78x20
          chunk 1 text run 1 at (3100.00,3320.00) startOffset 0 endOffset 11 width 77.76: "just a text"
      RenderSVGText {text} at (3200,3305) size 78x20 contains 1 chunk(s)
        RenderSVGInlineText {#text} at (0,0) size 78x20
          chunk 1 text run 1 at (3200.00,3320.00) startOffset 0 endOffset 11 width 77.76: "just a text"
      RenderSVGText {text} at (3300,3305) size 78x20 contains 1 chunk(s)
        RenderSVGInlineText {#text} at (0,0) size 78x20
          chunk 1 text run 1 at (3300.00,3320.00) startOffset 0 endOffset 11 width 77.76: "just a text"
      RenderSVGText {text} at (3400,3305) size 78x20 contains 1 chunk(s)
        RenderSVGInlineText {#text} at (0,0) size 78x20
          chunk 1 text run 1 at (3400.00,3320.00) startOffset 0 endOffset 11 width 77.76: "just a text"
      RenderSVGText {text} at (3500,3305) size 78x20 contains 1 chunk(s)
        RenderSVGInlineText {#text} at (0,0) size 78x20
          chunk 1 text run 1 at (3500.00,3320.00) startOffset 0 endOffset 11 width 77.76: "just a text"
      RenderSVGText {text} at (3600,3305) size 78x20 contains 1 chunk(s)
        RenderSVGInlineText {#text} at (0,0) size 78x20
          chunk 1 text run 1 at (3600.00,3320.00) startOffset 0 endOffset 11 width 77.76: "just a text"
      RenderSVGText {text} at (3700,3305) size 78x20 contains 1 chunk(s)
        RenderSVGInlineText {#text} at (0,0) size 78x20
          chunk 1 text run 1 at (3700.00,3320.00) startOffset 0 endOffset 11 width 77.76: "just a text"
      RenderSVGText {text} at (3800,3305) size 78x20 contains 1 chunk(s)
        RenderSVGInlineText {#text} at (0,0) size 78x20
          chunk 1 text run 1 at (3800.00,3320.00) startOffset 0 endOffset 11 width 77.76: "just a text"
      RenderSVGText {text} at (3900,3305) size 78x20 contains 1 chunk(s)
        RenderSVGInlineText {#text} at (0,0) size 78x20
          chunk 1 text run 1 at (3900.00,3320.00) startOffset 0 endOffset 11 width 77.76: "just a text"
      RenderSVGText {text} at (4000,3305) size 78x20 contains 1 chunk(s)
        RenderSVGInlineText {#text} at (0,0) size 78x20
          chunk 1 text run 1 at (4000.00,3320.00) startOffset 0 endOffset 11 width 77.76: "just a text"
      RenderSVGText {text} at (4100,3305) size 78x20 contains 1 chunk(s)
        RenderSVGInlineText {#text} at (0,0) size 78x20
          chunk 1 text run 1 at (4100.00,3320.00) startOffset 0 endOffset 11 width 77.76: "just a text"
      RenderSVGText {text} at (4200,3305) size 78x20 contains 1 chunk(s)
        RenderSVGInlineText {#text} at (0,0) size 78x20
          chunk 1 text run 1 at (4200.00,3320.00) startOffset 0 endOffset 11 width 77.76: "just a text"
      RenderSVGText {text} at (4300,3305) size 78x20 contains 1 chunk(s)
        RenderSVGInlineText {#text} at (0,0) size 78x20
          chunk 1 text run 1 at (4300.00,3320.00) startOffset 0 endOffset 11 width 77.76: "just a text"
      RenderSVGText {text} at (4400,3305) size 78x20 contains 1 chunk(s)
        RenderSVGInlineText {#text} at (0,0) size 78x20
          chunk 1 text run 1 at (4400.00,3320.00) startOffset 0 endOffset 11 width 77.76: "just a text"
      RenderSVGText {text} at (4500,3305) size 78x20 contains 1 chunk(s)
        RenderSVGInlineText {#text} at (0,0) size 78x20
          chunk 1 text run 1 at (4500.00,3320.00) startOffset 0 endOffset 11 width 77.76: "just a text"
      RenderSVGText {text} at (4600,3305) size 78x20 contains 1 chunk(s)
        RenderSVGInlineText {#text} at (0,0) size 78x20
          chunk 1 text run 1 at (4600.00,3320.00) startOffset 0 endOffset 11 width 77.76: "just a text"
      RenderSVGText {text} at (4700,3305) size 78x20 contains 1 chunk(s)
        RenderSVGInlineText {#text} at (0,0) size 78x20
          chunk 1 text run 1 at (4700.00,3320.00) startOffset 0 endOffset 11 width 77.76: "just a text"
      RenderSVGText {text} at (4800,3305) size 78x20 contains 1 chunk(s)
        RenderSVGInlineText {#text} at (0,0) size 78x20
          chunk 1 text run 1 at (4800.00,3320.00) startOffset 0 endOffset 11 width 77.76: "just a text"
      RenderSVGText {text} at (4900,3305) size 78x20 contains 1 chunk(s)
        RenderSVGInlineText {#text} at (0,0) size 78x20
          chunk 1 text run 1 at (4900.00,3320.00) startOffset 0 endOffset 11 width 77.76: "just a text"
      RenderSVGText {text} at (0,3405) size 78x20 contains 1 chunk(s)
        RenderSVGInlineText {#text} at (0,0) size 78x20
          chunk 1 text run 1 at (0.00,3420.00) startOffset 0 endOffset 11 width 77.76: "just a text"
      RenderSVGText {text} at (100,3405) size 78x20 contains 1 chunk(s)
        RenderSVGInlineText {#text} at (0,0) size 78x20
          chunk 1 text run 1 at (100.00,3420.00) startOffset 0 endOffset 11 width 77.76: "just a text"
      RenderSVGText {text} at (200,3405) size 78x20 contains 1 chunk(s)
        RenderSVGInlineText {#text} at (0,0) size 78x20
          chunk 1 text run 1 at (200.00,3420.00) startOffset 0 endOffset 11 width 77.76: "just a text"
      RenderSVGText {text} at (300,3405) size 78x20 contains 1 chunk(s)
        RenderSVGInlineText {#text} at (0,0) size 78x20
          chunk 1 text run 1 at (300.00,3420.00) startOffset 0 endOffset 11 width 77.76: "just a text"
      RenderSVGText {text} at (400,3405) size 78x20 contains 1 chunk(s)
        RenderSVGInlineText {#text} at (0,0) size 78x20
          chunk 1 text run 1 at (400.00,3420.00) startOffset 0 endOffset 11 width 77.76: "just a text"
      RenderSVGText {text} at (500,3405) size 78x20 contains 1 chunk(s)
        RenderSVGInlineText {#text} at (0,0) size 78x20
          chunk 1 text run 1 at (500.00,3420.00) startOffset 0 endOffset 11 width 77.76: "just a text"
      RenderSVGText {text} at (600,3405) size 78x20 contains 1 chunk(s)
        RenderSVGInlineText {#text} at (0,0) size 78x20
          chunk 1 text run 1 at (600.00,3420.00) startOffset 0 endOffset 11 width 77.76: "just a text"
      RenderSVGText {text} at (700,3405) size 78x20 contains 1 chunk(s)
        RenderSVGInlineText {#text} at (0,0) size 78x20
          chunk 1 text run 1 at (700.00,3420.00) startOffset 0 endOffset 11 width 77.76: "just a text"
      RenderSVGText {text} at (800,3405) size 78x20 contains 1 chunk(s)
        RenderSVGInlineText {#text} at (0,0) size 78x20
          chunk 1 text run 1 at (800.00,3420.00) startOffset 0 endOffset 11 width 77.76: "just a text"
      RenderSVGText {text} at (900,3405) size 78x20 contains 1 chunk(s)
        RenderSVGInlineText {#text} at (0,0) size 78x20
          chunk 1 text run 1 at (900.00,3420.00) startOffset 0 endOffset 11 width 77.76: "just a text"
      RenderSVGText {text} at (1000,3405) size 78x20 contains 1 chunk(s)
        RenderSVGInlineText {#text} at (0,0) size 78x20
          chunk 1 text run 1 at (1000.00,3420.00) startOffset 0 endOffset 11 width 77.76: "just a text"
      RenderSVGText {text} at (1100,3405) size 78x20 contains 1 chunk(s)
        RenderSVGInlineText {#text} at (0,0) size 78x20
          chunk 1 text run 1 at (1100.00,3420.00) startOffset 0 endOffset 11 width 77.76: "just a text"
      RenderSVGText {text} at (1200,3405) size 78x20 contains 1 chunk(s)
        RenderSVGInlineText {#text} at (0,0) size 78x20
          chunk 1 text run 1 at (1200.00,3420.00) startOffset 0 endOffset 11 width 77.76: "just a text"
      RenderSVGText {text} at (1300,3405) size 78x20 contains 1 chunk(s)
        RenderSVGInlineText {#text} at (0,0) size 78x20
          chunk 1 text run 1 at (1300.00,3420.00) startOffset 0 endOffset 11 width 77.76: "just a text"
      RenderSVGText {text} at (1400,3405) size 78x20 contains 1 chunk(s)
        RenderSVGInlineText {#text} at (0,0) size 78x20
          chunk 1 text run 1 at (1400.00,3420.00) startOffset 0 endOffset 11 width 77.76: "just a text"
      RenderSVGText {text} at (1500,3405) size 78x20 contains 1 chunk(s)
        RenderSVGInlineText {#text} at (0,0) size 78x20
          chunk 1 text run 1 at (1500.00,3420.00) startOffset 0 endOffset 11 width 77.76: "just a text"
      RenderSVGText {text} at (1600,3405) size 78x20 contains 1 chunk(s)
        RenderSVGInlineText {#text} at (0,0) size 78x20
          chunk 1 text run 1 at (1600.00,3420.00) startOffset 0 endOffset 11 width 77.76: "just a text"
      RenderSVGText {text} at (1700,3405) size 78x20 contains 1 chunk(s)
        RenderSVGInlineText {#text} at (0,0) size 78x20
          chunk 1 text run 1 at (1700.00,3420.00) startOffset 0 endOffset 11 width 77.76: "just a text"
      RenderSVGText {text} at (1800,3405) size 78x20 contains 1 chunk(s)
        RenderSVGInlineText {#text} at (0,0) size 78x20
          chunk 1 text run 1 at (1800.00,3420.00) startOffset 0 endOffset 11 width 77.76: "just a text"
      RenderSVGText {text} at (1900,3405) size 78x20 contains 1 chunk(s)
        RenderSVGInlineText {#text} at (0,0) size 78x20
          chunk 1 text run 1 at (1900.00,3420.00) startOffset 0 endOffset 11 width 77.76: "just a text"
      RenderSVGText {text} at (2000,3405) size 78x20 contains 1 chunk(s)
        RenderSVGInlineText {#text} at (0,0) size 78x20
          chunk 1 text run 1 at (2000.00,3420.00) startOffset 0 endOffset 11 width 77.76: "just a text"
      RenderSVGText {text} at (2100,3405) size 78x20 contains 1 chunk(s)
        RenderSVGInlineText {#text} at (0,0) size 78x20
          chunk 1 text run 1 at (2100.00,3420.00) startOffset 0 endOffset 11 width 77.76: "just a text"
      RenderSVGText {text} at (2200,3405) size 78x20 contains 1 chunk(s)
        RenderSVGInlineText {#text} at (0,0) size 78x20
          chunk 1 text run 1 at (2200.00,3420.00) startOffset 0 endOffset 11 width 77.76: "just a text"
      RenderSVGText {text} at (2300,3405) size 78x20 contains 1 chunk(s)
        RenderSVGInlineText {#text} at (0,0) size 78x20
          chunk 1 text run 1 at (2300.00,3420.00) startOffset 0 endOffset 11 width 77.76: "just a text"
      RenderSVGText {text} at (2400,3405) size 78x20 contains 1 chunk(s)
        RenderSVGInlineText {#text} at (0,0) size 78x20
          chunk 1 text run 1 at (2400.00,3420.00) startOffset 0 endOffset 11 width 77.76: "just a text"
      RenderSVGText {text} at (2500,3405) size 78x20 contains 1 chunk(s)
        RenderSVGInlineText {#text} at (0,0) size 78x20
          chunk 1 text run 1 at (2500.00,3420.00) startOffset 0 endOffset 11 width 77.76: "just a text"
      RenderSVGText {text} at (2600,3405) size 78x20 contains 1 chunk(s)
        RenderSVGInlineText {#text} at (0,0) size 78x20
          chunk 1 text run 1 at (2600.00,3420.00) startOffset 0 endOffset 11 width 77.76: "just a text"
      RenderSVGText {text} at (2700,3405) size 78x20 contains 1 chunk(s)
        RenderSVGInlineText {#text} at (0,0) size 78x20
          chunk 1 text run 1 at (2700.00,3420.00) startOffset 0 endOffset 11 width 77.76: "just a text"
      RenderSVGText {text} at (2800,3405) size 78x20 contains 1 chunk(s)
        RenderSVGInlineText {#text} at (0,0) size 78x20
          chunk 1 text run 1 at (2800.00,3420.00) startOffset 0 endOffset 11 width 77.76: "just a text"
      RenderSVGText {text} at (2900,3405) size 78x20 contains 1 chunk(s)
        RenderSVGInlineText {#text} at (0,0) size 78x20
          chunk 1 text run 1 at (2900.00,3420.00) startOffset 0 endOffset 11 width 77.76: "just a text"
      RenderSVGText {text} at (3000,3405) size 78x20 contains 1 chunk(s)
        RenderSVGInlineText {#text} at (0,0) size 78x20
          chunk 1 text run 1 at (3000.00,3420.00) startOffset 0 endOffset 11 width 77.76: "just a text"
      RenderSVGText {text} at (3100,3405) size 78x20 contains 1 chunk(s)
        RenderSVGInlineText {#text} at (0,0) size 78x20
          chunk 1 text run 1 at (3100.00,3420.00) startOffset 0 endOffset 11 width 77.76: "just a text"
      RenderSVGText {text} at (3200,3405) size 78x20 contains 1 chunk(s)
        RenderSVGInlineText {#text} at (0,0) size 78x20
          chunk 1 text run 1 at (3200.00,3420.00) startOffset 0 endOffset 11 width 77.76: "just a text"
      RenderSVGText {text} at (3300,3405) size 78x20 contains 1 chunk(s)
        RenderSVGInlineText {#text} at (0,0) size 78x20
          chunk 1 text run 1 at (3300.00,3420.00) startOffset 0 endOffset 11 width 77.76: "just a text"
      RenderSVGText {text} at (3400,3405) size 78x20 contains 1 chunk(s)
        RenderSVGInlineText {#text} at (0,0) size 78x20
          chunk 1 text run 1 at (3400.00,3420.00) startOffset 0 endOffset 11 width 77.76: "just a text"
      RenderSVGText {text} at (3500,3405) size 78x20 contains 1 chunk(s)
        RenderSVGInlineText {#text} at (0,0) size 78x20
          chunk 1 text run 1 at (3500.00,3420.00) startOffset 0 endOffset 11 width 77.76: "just a text"
      RenderSVGText {text} at (3600,3405) size 78x20 contains 1 chunk(s)
        RenderSVGInlineText {#text} at (0,0) size 78x20
          chunk 1 text run 1 at (3600.00,3420.00) startOffset 0 endOffset 11 width 77.76: "just a text"
      RenderSVGText {text} at (3700,3405) size 78x20 contains 1 chunk(s)
        RenderSVGInlineText {#text} at (0,0) size 78x20
          chunk 1 text run 1 at (3700.00,3420.00) startOffset 0 endOffset 11 width 77.76: "just a text"
      RenderSVGText {text} at (3800,3405) size 78x20 contains 1 chunk(s)
        RenderSVGInlineText {#text} at (0,0) size 78x20
          chunk 1 text run 1 at (3800.00,3420.00) startOffset 0 endOffset 11 width 77.76: "just a text"
      RenderSVGText {text} at (3900,3405) size 78x20 contains 1 chunk(s)
        RenderSVGInlineText {#text} at (0,0) size 78x20
          chunk 1 text run 1 at (3900.00,3420.00) startOffset 0 endOffset 11 width 77.76: "just a text"
      RenderSVGText {text} at (4000,3405) size 78x20 contains 1 chunk(s)
        RenderSVGInlineText {#text} at (0,0) size 78x20
          chunk 1 text run 1 at (4000.00,3420.00) startOffset 0 endOffset 11 width 77.76: "just a text"
      RenderSVGText {text} at (4100,3405) size 78x20 contains 1 chunk(s)
        RenderSVGInlineText {#text} at (0,0) size 78x20
          chunk 1 text run 1 at (4100.00,3420.00) startOffset 0 endOffset 11 width 77.76: "just a text"
      RenderSVGText {text} at (4200,3405) size 78x20 contains 1 chunk(s)
        RenderSVGInlineText {#text} at (0,0) size 78x20
          chunk 1 text run 1 at (4200.00,3420.00) startOffset 0 endOffset 11 width 77.76: "just a text"
      RenderSVGText {text} at (4300,3405) size 78x20 contains 1 chunk(s)
        RenderSVGInlineText {#text} at (0,0) size 78x20
          chunk 1 text run 1 at (4300.00,3420.00) startOffset 0 endOffset 11 width 77.76: "just a text"
      RenderSVGText {text} at (4400,3405) size 78x20 contains 1 chunk(s)
        RenderSVGInlineText {#text} at (0,0) size 78x20
          chunk 1 text run 1 at (4400.00,3420.00) startOffset 0 endOffset 11 width 77.76: "just a text"
      RenderSVGText {text} at (4500,3405) size 78x20 contains 1 chunk(s)
        RenderSVGInlineText {#text} at (0,0) size 78x20
          chunk 1 text run 1 at (4500.00,3420.00) startOffset 0 endOffset 11 width 77.76: "just a text"
      RenderSVGText {text} at (4600,3405) size 78x20 contains 1 chunk(s)
        RenderSVGInlineText {#text} at (0,0) size 78x20
          chunk 1 text run 1 at (4600.00,3420.00) startOffset 0 endOffset 11 width 77.76: "just a text"
      RenderSVGText {text} at (4700,3405) size 78x20 contains 1 chunk(s)
        RenderSVGInlineText {#text} at (0,0) size 78x20
          chunk 1 text run 1 at (4700.00,3420.00) startOffset 0 endOffset 11 width 77.76: "just a text"
      RenderSVGText {text} at (4800,3405) size 78x20 contains 1 chunk(s)
        RenderSVGInlineText {#text} at (0,0) size 78x20
          chunk 1 text run 1 at (4800.00,3420.00) startOffset 0 endOffset 11 width 77.76: "just a text"
      RenderSVGText {text} at (4900,3405) size 78x20 contains 1 chunk(s)
        RenderSVGInlineText {#text} at (0,0) size 78x20
          chunk 1 text run 1 at (4900.00,3420.00) startOffset 0 endOffset 11 width 77.76: "just a text"
      RenderSVGText {text} at (0,3505) size 78x20 contains 1 chunk(s)
        RenderSVGInlineText {#text} at (0,0) size 78x20
          chunk 1 text run 1 at (0.00,3520.00) startOffset 0 endOffset 11 width 77.76: "just a text"
      RenderSVGText {text} at (100,3505) size 78x20 contains 1 chunk(s)
        RenderSVGInlineText {#text} at (0,0) size 78x20
          chunk 1 text run 1 at (100.00,3520.00) startOffset 0 endOffset 11 width 77.76: "just a text"
      RenderSVGText {text} at (200,3505) size 78x20 contains 1 chunk(s)
        RenderSVGInlineText {#text} at (0,0) size 78x20
          chunk 1 text run 1 at (200.00,3520.00) startOffset 0 endOffset 11 width 77.76: "just a text"
      RenderSVGText {text} at (300,3505) size 78x20 contains 1 chunk(s)
        RenderSVGInlineText {#text} at (0,0) size 78x20
          chunk 1 text run 1 at (300.00,3520.00) startOffset 0 endOffset 11 width 77.76: "just a text"
      RenderSVGText {text} at (400,3505) size 78x20 contains 1 chunk(s)
        RenderSVGInlineText {#text} at (0,0) size 78x20
          chunk 1 text run 1 at (400.00,3520.00) startOffset 0 endOffset 11 width 77.76: "just a text"
      RenderSVGText {text} at (500,3505) size 78x20 contains 1 chunk(s)
        RenderSVGInlineText {#text} at (0,0) size 78x20
          chunk 1 text run 1 at (500.00,3520.00) startOffset 0 endOffset 11 width 77.76: "just a text"
      RenderSVGText {text} at (600,3505) size 78x20 contains 1 chunk(s)
        RenderSVGInlineText {#text} at (0,0) size 78x20
          chunk 1 text run 1 at (600.00,3520.00) startOffset 0 endOffset 11 width 77.76: "just a text"
      RenderSVGText {text} at (700,3505) size 78x20 contains 1 chunk(s)
        RenderSVGInlineText {#text} at (0,0) size 78x20
          chunk 1 text run 1 at (700.00,3520.00) startOffset 0 endOffset 11 width 77.76: "just a text"
      RenderSVGText {text} at (800,3505) size 78x20 contains 1 chunk(s)
        RenderSVGInlineText {#text} at (0,0) size 78x20
          chunk 1 text run 1 at (800.00,3520.00) startOffset 0 endOffset 11 width 77.76: "just a text"
      RenderSVGText {text} at (900,3505) size 78x20 contains 1 chunk(s)
        RenderSVGInlineText {#text} at (0,0) size 78x20
          chunk 1 text run 1 at (900.00,3520.00) startOffset 0 endOffset 11 width 77.76: "just a text"
      RenderSVGText {text} at (1000,3505) size 78x20 contains 1 chunk(s)
        RenderSVGInlineText {#text} at (0,0) size 78x20
          chunk 1 text run 1 at (1000.00,3520.00) startOffset 0 endOffset 11 width 77.76: "just a text"
      RenderSVGText {text} at (1100,3505) size 78x20 contains 1 chunk(s)
        RenderSVGInlineText {#text} at (0,0) size 78x20
          chunk 1 text run 1 at (1100.00,3520.00) startOffset 0 endOffset 11 width 77.76: "just a text"
      RenderSVGText {text} at (1200,3505) size 78x20 contains 1 chunk(s)
        RenderSVGInlineText {#text} at (0,0) size 78x20
          chunk 1 text run 1 at (1200.00,3520.00) startOffset 0 endOffset 11 width 77.76: "just a text"
      RenderSVGText {text} at (1300,3505) size 78x20 contains 1 chunk(s)
        RenderSVGInlineText {#text} at (0,0) size 78x20
          chunk 1 text run 1 at (1300.00,3520.00) startOffset 0 endOffset 11 width 77.76: "just a text"
      RenderSVGText {text} at (1400,3505) size 78x20 contains 1 chunk(s)
        RenderSVGInlineText {#text} at (0,0) size 78x20
          chunk 1 text run 1 at (1400.00,3520.00) startOffset 0 endOffset 11 width 77.76: "just a text"
      RenderSVGText {text} at (1500,3505) size 78x20 contains 1 chunk(s)
        RenderSVGInlineText {#text} at (0,0) size 78x20
          chunk 1 text run 1 at (1500.00,3520.00) startOffset 0 endOffset 11 width 77.76: "just a text"
      RenderSVGText {text} at (1600,3505) size 78x20 contains 1 chunk(s)
        RenderSVGInlineText {#text} at (0,0) size 78x20
          chunk 1 text run 1 at (1600.00,3520.00) startOffset 0 endOffset 11 width 77.76: "just a text"
      RenderSVGText {text} at (1700,3505) size 78x20 contains 1 chunk(s)
        RenderSVGInlineText {#text} at (0,0) size 78x20
          chunk 1 text run 1 at (1700.00,3520.00) startOffset 0 endOffset 11 width 77.76: "just a text"
      RenderSVGText {text} at (1800,3505) size 78x20 contains 1 chunk(s)
        RenderSVGInlineText {#text} at (0,0) size 78x20
          chunk 1 text run 1 at (1800.00,3520.00) startOffset 0 endOffset 11 width 77.76: "just a text"
      RenderSVGText {text} at (1900,3505) size 78x20 contains 1 chunk(s)
        RenderSVGInlineText {#text} at (0,0) size 78x20
          chunk 1 text run 1 at (1900.00,3520.00) startOffset 0 endOffset 11 width 77.76: "just a text"
      RenderSVGText {text} at (2000,3505) size 78x20 contains 1 chunk(s)
        RenderSVGInlineText {#text} at (0,0) size 78x20
          chunk 1 text run 1 at (2000.00,3520.00) startOffset 0 endOffset 11 width 77.76: "just a text"
      RenderSVGText {text} at (2100,3505) size 78x20 contains 1 chunk(s)
        RenderSVGInlineText {#text} at (0,0) size 78x20
          chunk 1 text run 1 at (2100.00,3520.00) startOffset 0 endOffset 11 width 77.76: "just a text"
      RenderSVGText {text} at (2200,3505) size 78x20 contains 1 chunk(s)
        RenderSVGInlineText {#text} at (0,0) size 78x20
          chunk 1 text run 1 at (2200.00,3520.00) startOffset 0 endOffset 11 width 77.76: "just a text"
      RenderSVGText {text} at (2300,3505) size 78x20 contains 1 chunk(s)
        RenderSVGInlineText {#text} at (0,0) size 78x20
          chunk 1 text run 1 at (2300.00,3520.00) startOffset 0 endOffset 11 width 77.76: "just a text"
      RenderSVGText {text} at (2400,3505) size 78x20 contains 1 chunk(s)
        RenderSVGInlineText {#text} at (0,0) size 78x20
          chunk 1 text run 1 at (2400.00,3520.00) startOffset 0 endOffset 11 width 77.76: "just a text"
      RenderSVGText {text} at (2500,3505) size 78x20 contains 1 chunk(s)
        RenderSVGInlineText {#text} at (0,0) size 78x20
          chunk 1 text run 1 at (2500.00,3520.00) startOffset 0 endOffset 11 width 77.76: "just a text"
      RenderSVGText {text} at (2600,3505) size 78x20 contains 1 chunk(s)
        RenderSVGInlineText {#text} at (0,0) size 78x20
          chunk 1 text run 1 at (2600.00,3520.00) startOffset 0 endOffset 11 width 77.76: "just a text"
      RenderSVGText {text} at (2700,3505) size 78x20 contains 1 chunk(s)
        RenderSVGInlineText {#text} at (0,0) size 78x20
          chunk 1 text run 1 at (2700.00,3520.00) startOffset 0 endOffset 11 width 77.76: "just a text"
      RenderSVGText {text} at (2800,3505) size 78x20 contains 1 chunk(s)
        RenderSVGInlineText {#text} at (0,0) size 78x20
          chunk 1 text run 1 at (2800.00,3520.00) startOffset 0 endOffset 11 width 77.76: "just a text"
      RenderSVGText {text} at (2900,3505) size 78x20 contains 1 chunk(s)
        RenderSVGInlineText {#text} at (0,0) size 78x20
          chunk 1 text run 1 at (2900.00,3520.00) startOffset 0 endOffset 11 width 77.76: "just a text"
      RenderSVGText {text} at (3000,3505) size 78x20 contains 1 chunk(s)
        RenderSVGInlineText {#text} at (0,0) size 78x20
          chunk 1 text run 1 at (3000.00,3520.00) startOffset 0 endOffset 11 width 77.76: "just a text"
      RenderSVGText {text} at (3100,3505) size 78x20 contains 1 chunk(s)
        RenderSVGInlineText {#text} at (0,0) size 78x20
          chunk 1 text run 1 at (3100.00,3520.00) startOffset 0 endOffset 11 width 77.76: "just a text"
      RenderSVGText {text} at (3200,3505) size 78x20 contains 1 chunk(s)
        RenderSVGInlineText {#text} at (0,0) size 78x20
          chunk 1 text run 1 at (3200.00,3520.00) startOffset 0 endOffset 11 width 77.76: "just a text"
      RenderSVGText {text} at (3300,3505) size 78x20 contains 1 chunk(s)
        RenderSVGInlineText {#text} at (0,0) size 78x20
          chunk 1 text run 1 at (3300.00,3520.00) startOffset 0 endOffset 11 width 77.76: "just a text"
      RenderSVGText {text} at (3400,3505) size 78x20 contains 1 chunk(s)
        RenderSVGInlineText {#text} at (0,0) size 78x20
          chunk 1 text run 1 at (3400.00,3520.00) startOffset 0 endOffset 11 width 77.76: "just a text"
      RenderSVGText {text} at (3500,3505) size 78x20 contains 1 chunk(s)
        RenderSVGInlineText {#text} at (0,0) size 78x20
          chunk 1 text run 1 at (3500.00,3520.00) startOffset 0 endOffset 11 width 77.76: "just a text"
      RenderSVGText {text} at (3600,3505) size 78x20 contains 1 chunk(s)
        RenderSVGInlineText {#text} at (0,0) size 78x20
          chunk 1 text run 1 at (3600.00,3520.00) startOffset 0 endOffset 11 width 77.76: "just a text"
      RenderSVGText {text} at (3700,3505) size 78x20 contains 1 chunk(s)
        RenderSVGInlineText {#text} at (0,0) size 78x20
          chunk 1 text run 1 at (3700.00,3520.00) startOffset 0 endOffset 11 width 77.76: "just a text"
      RenderSVGText {text} at (3800,3505) size 78x20 contains 1 chunk(s)
        RenderSVGInlineText {#text} at (0,0) size 78x20
          chunk 1 text run 1 at (3800.00,3520.00) startOffset 0 endOffset 11 width 77.76: "just a text"
      RenderSVGText {text} at (3900,3505) size 78x20 contains 1 chunk(s)
        RenderSVGInlineText {#text} at (0,0) size 78x20
          chunk 1 text run 1 at (3900.00,3520.00) startOffset 0 endOffset 11 width 77.76: "just a text"
      RenderSVGText {text} at (4000,3505) size 78x20 contains 1 chunk(s)
        RenderSVGInlineText {#text} at (0,0) size 78x20
          chunk 1 text run 1 at (4000.00,3520.00) startOffset 0 endOffset 11 width 77.76: "just a text"
      RenderSVGText {text} at (4100,3505) size 78x20 contains 1 chunk(s)
        RenderSVGInlineText {#text} at (0,0) size 78x20
          chunk 1 text run 1 at (4100.00,3520.00) startOffset 0 endOffset 11 width 77.76: "just a text"
      RenderSVGText {text} at (4200,3505) size 78x20 contains 1 chunk(s)
        RenderSVGInlineText {#text} at (0,0) size 78x20
          chunk 1 text run 1 at (4200.00,3520.00) startOffset 0 endOffset 11 width 77.76: "just a text"
      RenderSVGText {text} at (4300,3505) size 78x20 contains 1 chunk(s)
        RenderSVGInlineText {#text} at (0,0) size 78x20
          chunk 1 text run 1 at (4300.00,3520.00) startOffset 0 endOffset 11 width 77.76: "just a text"
      RenderSVGText {text} at (4400,3505) size 78x20 contains 1 chunk(s)
        RenderSVGInlineText {#text} at (0,0) size 78x20
          chunk 1 text run 1 at (4400.00,3520.00) startOffset 0 endOffset 11 width 77.76: "just a text"
      RenderSVGText {text} at (4500,3505) size 78x20 contains 1 chunk(s)
        RenderSVGInlineText {#text} at (0,0) size 78x20
          chunk 1 text run 1 at (4500.00,3520.00) startOffset 0 endOffset 11 width 77.76: "just a text"
      RenderSVGText {text} at (4600,3505) size 78x20 contains 1 chunk(s)
        RenderSVGInlineText {#text} at (0,0) size 78x20
          chunk 1 text run 1 at (4600.00,3520.00) startOffset 0 endOffset 11 width 77.76: "just a text"
      RenderSVGText {text} at (4700,3505) size 78x20 contains 1 chunk(s)
        RenderSVGInlineText {#text} at (0,0) size 78x20
          chunk 1 text run 1 at (4700.00,3520.00) startOffset 0 endOffset 11 width 77.76: "just a text"
      RenderSVGText {text} at (4800,3505) size 78x20 contains 1 chunk(s)
        RenderSVGInlineText {#text} at (0,0) size 78x20
          chunk 1 text run 1 at (4800.00,3520.00) startOffset 0 endOffset 11 width 77.76: "just a text"
      RenderSVGText {text} at (4900,3505) size 78x20 contains 1 chunk(s)
        RenderSVGInlineText {#text} at (0,0) size 78x20
          chunk 1 text run 1 at (4900.00,3520.00) startOffset 0 endOffset 11 width 77.76: "just a text"
      RenderSVGText {text} at (0,3605) size 78x20 contains 1 chunk(s)
        RenderSVGInlineText {#text} at (0,0) size 78x20
          chunk 1 text run 1 at (0.00,3620.00) startOffset 0 endOffset 11 width 77.76: "just a text"
      RenderSVGText {text} at (100,3605) size 78x20 contains 1 chunk(s)
        RenderSVGInlineText {#text} at (0,0) size 78x20
          chunk 1 text run 1 at (100.00,3620.00) startOffset 0 endOffset 11 width 77.76: "just a text"
      RenderSVGText {text} at (200,3605) size 78x20 contains 1 chunk(s)
        RenderSVGInlineText {#text} at (0,0) size 78x20
          chunk 1 text run 1 at (200.00,3620.00) startOffset 0 endOffset 11 width 77.76: "just a text"
      RenderSVGText {text} at (300,3605) size 78x20 contains 1 chunk(s)
        RenderSVGInlineText {#text} at (0,0) size 78x20
          chunk 1 text run 1 at (300.00,3620.00) startOffset 0 endOffset 11 width 77.76: "just a text"
      RenderSVGText {text} at (400,3605) size 78x20 contains 1 chunk(s)
        RenderSVGInlineText {#text} at (0,0) size 78x20
          chunk 1 text run 1 at (400.00,3620.00) startOffset 0 endOffset 11 width 77.76: "just a text"
      RenderSVGText {text} at (500,3605) size 78x20 contains 1 chunk(s)
        RenderSVGInlineText {#text} at (0,0) size 78x20
          chunk 1 text run 1 at (500.00,3620.00) startOffset 0 endOffset 11 width 77.76: "just a text"
      RenderSVGText {text} at (600,3605) size 78x20 contains 1 chunk(s)
        RenderSVGInlineText {#text} at (0,0) size 78x20
          chunk 1 text run 1 at (600.00,3620.00) startOffset 0 endOffset 11 width 77.76: "just a text"
      RenderSVGText {text} at (700,3605) size 78x20 contains 1 chunk(s)
        RenderSVGInlineText {#text} at (0,0) size 78x20
          chunk 1 text run 1 at (700.00,3620.00) startOffset 0 endOffset 11 width 77.76: "just a text"
      RenderSVGText {text} at (800,3605) size 78x20 contains 1 chunk(s)
        RenderSVGInlineText {#text} at (0,0) size 78x20
          chunk 1 text run 1 at (800.00,3620.00) startOffset 0 endOffset 11 width 77.76: "just a text"
      RenderSVGText {text} at (900,3605) size 78x20 contains 1 chunk(s)
        RenderSVGInlineText {#text} at (0,0) size 78x20
          chunk 1 text run 1 at (900.00,3620.00) startOffset 0 endOffset 11 width 77.76: "just a text"
      RenderSVGText {text} at (1000,3605) size 78x20 contains 1 chunk(s)
        RenderSVGInlineText {#text} at (0,0) size 78x20
          chunk 1 text run 1 at (1000.00,3620.00) startOffset 0 endOffset 11 width 77.76: "just a text"
      RenderSVGText {text} at (1100,3605) size 78x20 contains 1 chunk(s)
        RenderSVGInlineText {#text} at (0,0) size 78x20
          chunk 1 text run 1 at (1100.00,3620.00) startOffset 0 endOffset 11 width 77.76: "just a text"
      RenderSVGText {text} at (1200,3605) size 78x20 contains 1 chunk(s)
        RenderSVGInlineText {#text} at (0,0) size 78x20
          chunk 1 text run 1 at (1200.00,3620.00) startOffset 0 endOffset 11 width 77.76: "just a text"
      RenderSVGText {text} at (1300,3605) size 78x20 contains 1 chunk(s)
        RenderSVGInlineText {#text} at (0,0) size 78x20
          chunk 1 text run 1 at (1300.00,3620.00) startOffset 0 endOffset 11 width 77.76: "just a text"
      RenderSVGText {text} at (1400,3605) size 78x20 contains 1 chunk(s)
        RenderSVGInlineText {#text} at (0,0) size 78x20
          chunk 1 text run 1 at (1400.00,3620.00) startOffset 0 endOffset 11 width 77.76: "just a text"
      RenderSVGText {text} at (1500,3605) size 78x20 contains 1 chunk(s)
        RenderSVGInlineText {#text} at (0,0) size 78x20
          chunk 1 text run 1 at (1500.00,3620.00) startOffset 0 endOffset 11 width 77.76: "just a text"
      RenderSVGText {text} at (1600,3605) size 78x20 contains 1 chunk(s)
        RenderSVGInlineText {#text} at (0,0) size 78x20
          chunk 1 text run 1 at (1600.00,3620.00) startOffset 0 endOffset 11 width 77.76: "just a text"
      RenderSVGText {text} at (1700,3605) size 78x20 contains 1 chunk(s)
        RenderSVGInlineText {#text} at (0,0) size 78x20
          chunk 1 text run 1 at (1700.00,3620.00) startOffset 0 endOffset 11 width 77.76: "just a text"
      RenderSVGText {text} at (1800,3605) size 78x20 contains 1 chunk(s)
        RenderSVGInlineText {#text} at (0,0) size 78x20
          chunk 1 text run 1 at (1800.00,3620.00) startOffset 0 endOffset 11 width 77.76: "just a text"
      RenderSVGText {text} at (1900,3605) size 78x20 contains 1 chunk(s)
        RenderSVGInlineText {#text} at (0,0) size 78x20
          chunk 1 text run 1 at (1900.00,3620.00) startOffset 0 endOffset 11 width 77.76: "just a text"
      RenderSVGText {text} at (2000,3605) size 78x20 contains 1 chunk(s)
        RenderSVGInlineText {#text} at (0,0) size 78x20
          chunk 1 text run 1 at (2000.00,3620.00) startOffset 0 endOffset 11 width 77.76: "just a text"
      RenderSVGText {text} at (2100,3605) size 78x20 contains 1 chunk(s)
        RenderSVGInlineText {#text} at (0,0) size 78x20
          chunk 1 text run 1 at (2100.00,3620.00) startOffset 0 endOffset 11 width 77.76: "just a text"
      RenderSVGText {text} at (2200,3605) size 78x20 contains 1 chunk(s)
        RenderSVGInlineText {#text} at (0,0) size 78x20
          chunk 1 text run 1 at (2200.00,3620.00) startOffset 0 endOffset 11 width 77.76: "just a text"
      RenderSVGText {text} at (2300,3605) size 78x20 contains 1 chunk(s)
        RenderSVGInlineText {#text} at (0,0) size 78x20
          chunk 1 text run 1 at (2300.00,3620.00) startOffset 0 endOffset 11 width 77.76: "just a text"
      RenderSVGText {text} at (2400,3605) size 78x20 contains 1 chunk(s)
        RenderSVGInlineText {#text} at (0,0) size 78x20
          chunk 1 text run 1 at (2400.00,3620.00) startOffset 0 endOffset 11 width 77.76: "just a text"
      RenderSVGText {text} at (2500,3605) size 78x20 contains 1 chunk(s)
        RenderSVGInlineText {#text} at (0,0) size 78x20
          chunk 1 text run 1 at (2500.00,3620.00) startOffset 0 endOffset 11 width 77.76: "just a text"
      RenderSVGText {text} at (2600,3605) size 78x20 contains 1 chunk(s)
        RenderSVGInlineText {#text} at (0,0) size 78x20
          chunk 1 text run 1 at (2600.00,3620.00) startOffset 0 endOffset 11 width 77.76: "just a text"
      RenderSVGText {text} at (2700,3605) size 78x20 contains 1 chunk(s)
        RenderSVGInlineText {#text} at (0,0) size 78x20
          chunk 1 text run 1 at (2700.00,3620.00) startOffset 0 endOffset 11 width 77.76: "just a text"
      RenderSVGText {text} at (2800,3605) size 78x20 contains 1 chunk(s)
        RenderSVGInlineText {#text} at (0,0) size 78x20
          chunk 1 text run 1 at (2800.00,3620.00) startOffset 0 endOffset 11 width 77.76: "just a text"
      RenderSVGText {text} at (2900,3605) size 78x20 contains 1 chunk(s)
        RenderSVGInlineText {#text} at (0,0) size 78x20
          chunk 1 text run 1 at (2900.00,3620.00) startOffset 0 endOffset 11 width 77.76: "just a text"
      RenderSVGText {text} at (3000,3605) size 78x20 contains 1 chunk(s)
        RenderSVGInlineText {#text} at (0,0) size 78x20
          chunk 1 text run 1 at (3000.00,3620.00) startOffset 0 endOffset 11 width 77.76: "just a text"
      RenderSVGText {text} at (3100,3605) size 78x20 contains 1 chunk(s)
        RenderSVGInlineText {#text} at (0,0) size 78x20
          chunk 1 text run 1 at (3100.00,3620.00) startOffset 0 endOffset 11 width 77.76: "just a text"
      RenderSVGText {text} at (3200,3605) size 78x20 contains 1 chunk(s)
        RenderSVGInlineText {#text} at (0,0) size 78x20
          chunk 1 text run 1 at (3200.00,3620.00) startOffset 0 endOffset 11 width 77.76: "just a text"
      RenderSVGText {text} at (3300,3605) size 78x20 contains 1 chunk(s)
        RenderSVGInlineText {#text} at (0,0) size 78x20
          chunk 1 text run 1 at (3300.00,3620.00) startOffset 0 endOffset 11 width 77.76: "just a text"
      RenderSVGText {text} at (3400,3605) size 78x20 contains 1 chunk(s)
        RenderSVGInlineText {#text} at (0,0) size 78x20
          chunk 1 text run 1 at (3400.00,3620.00) startOffset 0 endOffset 11 width 77.76: "just a text"
      RenderSVGText {text} at (3500,3605) size 78x20 contains 1 chunk(s)
        RenderSVGInlineText {#text} at (0,0) size 78x20
          chunk 1 text run 1 at (3500.00,3620.00) startOffset 0 endOffset 11 width 77.76: "just a text"
      RenderSVGText {text} at (3600,3605) size 78x20 contains 1 chunk(s)
        RenderSVGInlineText {#text} at (0,0) size 78x20
          chunk 1 text run 1 at (3600.00,3620.00) startOffset 0 endOffset 11 width 77.76: "just a text"
      RenderSVGText {text} at (3700,3605) size 78x20 contains 1 chunk(s)
        RenderSVGInlineText {#text} at (0,0) size 78x20
          chunk 1 text run 1 at (3700.00,3620.00) startOffset 0 endOffset 11 width 77.76: "just a text"
      RenderSVGText {text} at (3800,3605) size 78x20 contains 1 chunk(s)
        RenderSVGInlineText {#text} at (0,0) size 78x20
          chunk 1 text run 1 at (3800.00,3620.00) startOffset 0 endOffset 11 width 77.76: "just a text"
      RenderSVGText {text} at (3900,3605) size 78x20 contains 1 chunk(s)
        RenderSVGInlineText {#text} at (0,0) size 78x20
          chunk 1 text run 1 at (3900.00,3620.00) startOffset 0 endOffset 11 width 77.76: "just a text"
      RenderSVGText {text} at (4000,3605) size 78x20 contains 1 chunk(s)
        RenderSVGInlineText {#text} at (0,0) size 78x20
          chunk 1 text run 1 at (4000.00,3620.00) startOffset 0 endOffset 11 width 77.76: "just a text"
      RenderSVGText {text} at (4100,3605) size 78x20 contains 1 chunk(s)
        RenderSVGInlineText {#text} at (0,0) size 78x20
          chunk 1 text run 1 at (4100.00,3620.00) startOffset 0 endOffset 11 width 77.76: "just a text"
      RenderSVGText {text} at (4200,3605) size 78x20 contains 1 chunk(s)
        RenderSVGInlineText {#text} at (0,0) size 78x20
          chunk 1 text run 1 at (4200.00,3620.00) startOffset 0 endOffset 11 width 77.76: "just a text"
      RenderSVGText {text} at (4300,3605) size 78x20 contains 1 chunk(s)
        RenderSVGInlineText {#text} at (0,0) size 78x20
          chunk 1 text run 1 at (4300.00,3620.00) startOffset 0 endOffset 11 width 77.76: "just a text"
      RenderSVGText {text} at (4400,3605) size 78x20 contains 1 chunk(s)
        RenderSVGInlineText {#text} at (0,0) size 78x20
          chunk 1 text run 1 at (4400.00,3620.00) startOffset 0 endOffset 11 width 77.76: "just a text"
      RenderSVGText {text} at (4500,3605) size 78x20 contains 1 chunk(s)
        RenderSVGInlineText {#text} at (0,0) size 78x20
          chunk 1 text run 1 at (4500.00,3620.00) startOffset 0 endOffset 11 width 77.76: "just a text"
      RenderSVGText {text} at (4600,3605) size 78x20 contains 1 chunk(s)
        RenderSVGInlineText {#text} at (0,0) size 78x20
          chunk 1 text run 1 at (4600.00,3620.00) startOffset 0 endOffset 11 width 77.76: "just a text"
      RenderSVGText {text} at (4700,3605) size 78x20 contains 1 chunk(s)
        RenderSVGInlineText {#text} at (0,0) size 78x20
          chunk 1 text run 1 at (4700.00,3620.00) startOffset 0 endOffset 11 width 77.76: "just a text"
      RenderSVGText {text} at (4800,3605) size 78x20 contains 1 chunk(s)
        RenderSVGInlineText {#text} at (0,0) size 78x20
          chunk 1 text run 1 at (4800.00,3620.00) startOffset 0 endOffset 11 width 77.76: "just a text"
      RenderSVGText {text} at (4900,3605) size 78x20 contains 1 chunk(s)
        RenderSVGInlineText {#text} at (0,0) size 78x20
          chunk 1 text run 1 at (4900.00,3620.00) startOffset 0 endOffset 11 width 77.76: "just a text"
      RenderSVGText {text} at (0,3705) size 78x20 contains 1 chunk(s)
        RenderSVGInlineText {#text} at (0,0) size 78x20
          chunk 1 text run 1 at (0.00,3720.00) startOffset 0 endOffset 11 width 77.76: "just a text"
      RenderSVGText {text} at (100,3705) size 78x20 contains 1 chunk(s)
        RenderSVGInlineText {#text} at (0,0) size 78x20
          chunk 1 text run 1 at (100.00,3720.00) startOffset 0 endOffset 11 width 77.76: "just a text"
      RenderSVGText {text} at (200,3705) size 78x20 contains 1 chunk(s)
        RenderSVGInlineText {#text} at (0,0) size 78x20
          chunk 1 text run 1 at (200.00,3720.00) startOffset 0 endOffset 11 width 77.76: "just a text"
      RenderSVGText {text} at (300,3705) size 78x20 contains 1 chunk(s)
        RenderSVGInlineText {#text} at (0,0) size 78x20
          chunk 1 text run 1 at (300.00,3720.00) startOffset 0 endOffset 11 width 77.76: "just a text"
      RenderSVGText {text} at (400,3705) size 78x20 contains 1 chunk(s)
        RenderSVGInlineText {#text} at (0,0) size 78x20
          chunk 1 text run 1 at (400.00,3720.00) startOffset 0 endOffset 11 width 77.76: "just a text"
      RenderSVGText {text} at (500,3705) size 78x20 contains 1 chunk(s)
        RenderSVGInlineText {#text} at (0,0) size 78x20
          chunk 1 text run 1 at (500.00,3720.00) startOffset 0 endOffset 11 width 77.76: "just a text"
      RenderSVGText {text} at (600,3705) size 78x20 contains 1 chunk(s)
        RenderSVGInlineText {#text} at (0,0) size 78x20
          chunk 1 text run 1 at (600.00,3720.00) startOffset 0 endOffset 11 width 77.76: "just a text"
      RenderSVGText {text} at (700,3705) size 78x20 contains 1 chunk(s)
        RenderSVGInlineText {#text} at (0,0) size 78x20
          chunk 1 text run 1 at (700.00,3720.00) startOffset 0 endOffset 11 width 77.76: "just a text"
      RenderSVGText {text} at (800,3705) size 78x20 contains 1 chunk(s)
        RenderSVGInlineText {#text} at (0,0) size 78x20
          chunk 1 text run 1 at (800.00,3720.00) startOffset 0 endOffset 11 width 77.76: "just a text"
      RenderSVGText {text} at (900,3705) size 78x20 contains 1 chunk(s)
        RenderSVGInlineText {#text} at (0,0) size 78x20
          chunk 1 text run 1 at (900.00,3720.00) startOffset 0 endOffset 11 width 77.76: "just a text"
      RenderSVGText {text} at (1000,3705) size 78x20 contains 1 chunk(s)
        RenderSVGInlineText {#text} at (0,0) size 78x20
          chunk 1 text run 1 at (1000.00,3720.00) startOffset 0 endOffset 11 width 77.76: "just a text"
      RenderSVGText {text} at (1100,3705) size 78x20 contains 1 chunk(s)
        RenderSVGInlineText {#text} at (0,0) size 78x20
          chunk 1 text run 1 at (1100.00,3720.00) startOffset 0 endOffset 11 width 77.76: "just a text"
      RenderSVGText {text} at (1200,3705) size 78x20 contains 1 chunk(s)
        RenderSVGInlineText {#text} at (0,0) size 78x20
          chunk 1 text run 1 at (1200.00,3720.00) startOffset 0 endOffset 11 width 77.76: "just a text"
      RenderSVGText {text} at (1300,3705) size 78x20 contains 1 chunk(s)
        RenderSVGInlineText {#text} at (0,0) size 78x20
          chunk 1 text run 1 at (1300.00,3720.00) startOffset 0 endOffset 11 width 77.76: "just a text"
      RenderSVGText {text} at (1400,3705) size 78x20 contains 1 chunk(s)
        RenderSVGInlineText {#text} at (0,0) size 78x20
          chunk 1 text run 1 at (1400.00,3720.00) startOffset 0 endOffset 11 width 77.76: "just a text"
      RenderSVGText {text} at (1500,3705) size 78x20 contains 1 chunk(s)
        RenderSVGInlineText {#text} at (0,0) size 78x20
          chunk 1 text run 1 at (1500.00,3720.00) startOffset 0 endOffset 11 width 77.76: "just a text"
      RenderSVGText {text} at (1600,3705) size 78x20 contains 1 chunk(s)
        RenderSVGInlineText {#text} at (0,0) size 78x20
          chunk 1 text run 1 at (1600.00,3720.00) startOffset 0 endOffset 11 width 77.76: "just a text"
      RenderSVGText {text} at (1700,3705) size 78x20 contains 1 chunk(s)
        RenderSVGInlineText {#text} at (0,0) size 78x20
          chunk 1 text run 1 at (1700.00,3720.00) startOffset 0 endOffset 11 width 77.76: "just a text"
      RenderSVGText {text} at (1800,3705) size 78x20 contains 1 chunk(s)
        RenderSVGInlineText {#text} at (0,0) size 78x20
          chunk 1 text run 1 at (1800.00,3720.00) startOffset 0 endOffset 11 width 77.76: "just a text"
      RenderSVGText {text} at (1900,3705) size 78x20 contains 1 chunk(s)
        RenderSVGInlineText {#text} at (0,0) size 78x20
          chunk 1 text run 1 at (1900.00,3720.00) startOffset 0 endOffset 11 width 77.76: "just a text"
      RenderSVGText {text} at (2000,3705) size 78x20 contains 1 chunk(s)
        RenderSVGInlineText {#text} at (0,0) size 78x20
          chunk 1 text run 1 at (2000.00,3720.00) startOffset 0 endOffset 11 width 77.76: "just a text"
      RenderSVGText {text} at (2100,3705) size 78x20 contains 1 chunk(s)
        RenderSVGInlineText {#text} at (0,0) size 78x20
          chunk 1 text run 1 at (2100.00,3720.00) startOffset 0 endOffset 11 width 77.76: "just a text"
      RenderSVGText {text} at (2200,3705) size 78x20 contains 1 chunk(s)
        RenderSVGInlineText {#text} at (0,0) size 78x20
          chunk 1 text run 1 at (2200.00,3720.00) startOffset 0 endOffset 11 width 77.76: "just a text"
      RenderSVGText {text} at (2300,3705) size 78x20 contains 1 chunk(s)
        RenderSVGInlineText {#text} at (0,0) size 78x20
          chunk 1 text run 1 at (2300.00,3720.00) startOffset 0 endOffset 11 width 77.76: "just a text"
      RenderSVGText {text} at (2400,3705) size 78x20 contains 1 chunk(s)
        RenderSVGInlineText {#text} at (0,0) size 78x20
          chunk 1 text run 1 at (2400.00,3720.00) startOffset 0 endOffset 11 width 77.76: "just a text"
      RenderSVGText {text} at (2500,3705) size 78x20 contains 1 chunk(s)
        RenderSVGInlineText {#text} at (0,0) size 78x20
          chunk 1 text run 1 at (2500.00,3720.00) startOffset 0 endOffset 11 width 77.76: "just a text"
      RenderSVGText {text} at (2600,3705) size 78x20 contains 1 chunk(s)
        RenderSVGInlineText {#text} at (0,0) size 78x20
          chunk 1 text run 1 at (2600.00,3720.00) startOffset 0 endOffset 11 width 77.76: "just a text"
      RenderSVGText {text} at (2700,3705) size 78x20 contains 1 chunk(s)
        RenderSVGInlineText {#text} at (0,0) size 78x20
          chunk 1 text run 1 at (2700.00,3720.00) startOffset 0 endOffset 11 width 77.76: "just a text"
      RenderSVGText {text} at (2800,3705) size 78x20 contains 1 chunk(s)
        RenderSVGInlineText {#text} at (0,0) size 78x20
          chunk 1 text run 1 at (2800.00,3720.00) startOffset 0 endOffset 11 width 77.76: "just a text"
      RenderSVGText {text} at (2900,3705) size 78x20 contains 1 chunk(s)
        RenderSVGInlineText {#text} at (0,0) size 78x20
          chunk 1 text run 1 at (2900.00,3720.00) startOffset 0 endOffset 11 width 77.76: "just a text"
      RenderSVGText {text} at (3000,3705) size 78x20 contains 1 chunk(s)
        RenderSVGInlineText {#text} at (0,0) size 78x20
          chunk 1 text run 1 at (3000.00,3720.00) startOffset 0 endOffset 11 width 77.76: "just a text"
      RenderSVGText {text} at (3100,3705) size 78x20 contains 1 chunk(s)
        RenderSVGInlineText {#text} at (0,0) size 78x20
          chunk 1 text run 1 at (3100.00,3720.00) startOffset 0 endOffset 11 width 77.76: "just a text"
      RenderSVGText {text} at (3200,3705) size 78x20 contains 1 chunk(s)
        RenderSVGInlineText {#text} at (0,0) size 78x20
          chunk 1 text run 1 at (3200.00,3720.00) startOffset 0 endOffset 11 width 77.76: "just a text"
      RenderSVGText {text} at (3300,3705) size 78x20 contains 1 chunk(s)
        RenderSVGInlineText {#text} at (0,0) size 78x20
          chunk 1 text run 1 at (3300.00,3720.00) startOffset 0 endOffset 11 width 77.76: "just a text"
      RenderSVGText {text} at (3400,3705) size 78x20 contains 1 chunk(s)
        RenderSVGInlineText {#text} at (0,0) size 78x20
          chunk 1 text run 1 at (3400.00,3720.00) startOffset 0 endOffset 11 width 77.76: "just a text"
      RenderSVGText {text} at (3500,3705) size 78x20 contains 1 chunk(s)
        RenderSVGInlineText {#text} at (0,0) size 78x20
          chunk 1 text run 1 at (3500.00,3720.00) startOffset 0 endOffset 11 width 77.76: "just a text"
      RenderSVGText {text} at (3600,3705) size 78x20 contains 1 chunk(s)
        RenderSVGInlineText {#text} at (0,0) size 78x20
          chunk 1 text run 1 at (3600.00,3720.00) startOffset 0 endOffset 11 width 77.76: "just a text"
      RenderSVGText {text} at (3700,3705) size 78x20 contains 1 chunk(s)
        RenderSVGInlineText {#text} at (0,0) size 78x20
          chunk 1 text run 1 at (3700.00,3720.00) startOffset 0 endOffset 11 width 77.76: "just a text"
      RenderSVGText {text} at (3800,3705) size 78x20 contains 1 chunk(s)
        RenderSVGInlineText {#text} at (0,0) size 78x20
          chunk 1 text run 1 at (3800.00,3720.00) startOffset 0 endOffset 11 width 77.76: "just a text"
      RenderSVGText {text} at (3900,3705) size 78x20 contains 1 chunk(s)
        RenderSVGInlineText {#text} at (0,0) size 78x20
          chunk 1 text run 1 at (3900.00,3720.00) startOffset 0 endOffset 11 width 77.76: "just a text"
      RenderSVGText {text} at (4000,3705) size 78x20 contains 1 chunk(s)
        RenderSVGInlineText {#text} at (0,0) size 78x20
          chunk 1 text run 1 at (4000.00,3720.00) startOffset 0 endOffset 11 width 77.76: "just a text"
      RenderSVGText {text} at (4100,3705) size 78x20 contains 1 chunk(s)
        RenderSVGInlineText {#text} at (0,0) size 78x20
          chunk 1 text run 1 at (4100.00,3720.00) startOffset 0 endOffset 11 width 77.76: "just a text"
      RenderSVGText {text} at (4200,3705) size 78x20 contains 1 chunk(s)
        RenderSVGInlineText {#text} at (0,0) size 78x20
          chunk 1 text run 1 at (4200.00,3720.00) startOffset 0 endOffset 11 width 77.76: "just a text"
      RenderSVGText {text} at (4300,3705) size 78x20 contains 1 chunk(s)
        RenderSVGInlineText {#text} at (0,0) size 78x20
          chunk 1 text run 1 at (4300.00,3720.00) startOffset 0 endOffset 11 width 77.76: "just a text"
      RenderSVGText {text} at (4400,3705) size 78x20 contains 1 chunk(s)
        RenderSVGInlineText {#text} at (0,0) size 78x20
          chunk 1 text run 1 at (4400.00,3720.00) startOffset 0 endOffset 11 width 77.76: "just a text"
      RenderSVGText {text} at (4500,3705) size 78x20 contains 1 chunk(s)
        RenderSVGInlineText {#text} at (0,0) size 78x20
          chunk 1 text run 1 at (4500.00,3720.00) startOffset 0 endOffset 11 width 77.76: "just a text"
      RenderSVGText {text} at (4600,3705) size 78x20 contains 1 chunk(s)
        RenderSVGInlineText {#text} at (0,0) size 78x20
          chunk 1 text run 1 at (4600.00,3720.00) startOffset 0 endOffset 11 width 77.76: "just a text"
      RenderSVGText {text} at (4700,3705) size 78x20 contains 1 chunk(s)
        RenderSVGInlineText {#text} at (0,0) size 78x20
          chunk 1 text run 1 at (4700.00,3720.00) startOffset 0 endOffset 11 width 77.76: "just a text"
      RenderSVGText {text} at (4800,3705) size 78x20 contains 1 chunk(s)
        RenderSVGInlineText {#text} at (0,0) size 78x20
          chunk 1 text run 1 at (4800.00,3720.00) startOffset 0 endOffset 11 width 77.76: "just a text"
      RenderSVGText {text} at (4900,3705) size 78x20 contains 1 chunk(s)
        RenderSVGInlineText {#text} at (0,0) size 78x20
          chunk 1 text run 1 at (4900.00,3720.00) startOffset 0 endOffset 11 width 77.76: "just a text"
      RenderSVGText {text} at (0,3805) size 78x20 contains 1 chunk(s)
        RenderSVGInlineText {#text} at (0,0) size 78x20
          chunk 1 text run 1 at (0.00,3820.00) startOffset 0 endOffset 11 width 77.76: "just a text"
      RenderSVGText {text} at (100,3805) size 78x20 contains 1 chunk(s)
        RenderSVGInlineText {#text} at (0,0) size 78x20
          chunk 1 text run 1 at (100.00,3820.00) startOffset 0 endOffset 11 width 77.76: "just a text"
      RenderSVGText {text} at (200,3805) size 78x20 contains 1 chunk(s)
        RenderSVGInlineText {#text} at (0,0) size 78x20
          chunk 1 text run 1 at (200.00,3820.00) startOffset 0 endOffset 11 width 77.76: "just a text"
      RenderSVGText {text} at (300,3805) size 78x20 contains 1 chunk(s)
        RenderSVGInlineText {#text} at (0,0) size 78x20
          chunk 1 text run 1 at (300.00,3820.00) startOffset 0 endOffset 11 width 77.76: "just a text"
      RenderSVGText {text} at (400,3805) size 78x20 contains 1 chunk(s)
        RenderSVGInlineText {#text} at (0,0) size 78x20
          chunk 1 text run 1 at (400.00,3820.00) startOffset 0 endOffset 11 width 77.76: "just a text"
      RenderSVGText {text} at (500,3805) size 78x20 contains 1 chunk(s)
        RenderSVGInlineText {#text} at (0,0) size 78x20
          chunk 1 text run 1 at (500.00,3820.00) startOffset 0 endOffset 11 width 77.76: "just a text"
      RenderSVGText {text} at (600,3805) size 78x20 contains 1 chunk(s)
        RenderSVGInlineText {#text} at (0,0) size 78x20
          chunk 1 text run 1 at (600.00,3820.00) startOffset 0 endOffset 11 width 77.76: "just a text"
      RenderSVGText {text} at (700,3805) size 78x20 contains 1 chunk(s)
        RenderSVGInlineText {#text} at (0,0) size 78x20
          chunk 1 text run 1 at (700.00,3820.00) startOffset 0 endOffset 11 width 77.76: "just a text"
      RenderSVGText {text} at (800,3805) size 78x20 contains 1 chunk(s)
        RenderSVGInlineText {#text} at (0,0) size 78x20
          chunk 1 text run 1 at (800.00,3820.00) startOffset 0 endOffset 11 width 77.76: "just a text"
      RenderSVGText {text} at (900,3805) size 78x20 contains 1 chunk(s)
        RenderSVGInlineText {#text} at (0,0) size 78x20
          chunk 1 text run 1 at (900.00,3820.00) startOffset 0 endOffset 11 width 77.76: "just a text"
      RenderSVGText {text} at (1000,3805) size 78x20 contains 1 chunk(s)
        RenderSVGInlineText {#text} at (0,0) size 78x20
          chunk 1 text run 1 at (1000.00,3820.00) startOffset 0 endOffset 11 width 77.76: "just a text"
      RenderSVGText {text} at (1100,3805) size 78x20 contains 1 chunk(s)
        RenderSVGInlineText {#text} at (0,0) size 78x20
          chunk 1 text run 1 at (1100.00,3820.00) startOffset 0 endOffset 11 width 77.76: "just a text"
      RenderSVGText {text} at (1200,3805) size 78x20 contains 1 chunk(s)
        RenderSVGInlineText {#text} at (0,0) size 78x20
          chunk 1 text run 1 at (1200.00,3820.00) startOffset 0 endOffset 11 width 77.76: "just a text"
      RenderSVGText {text} at (1300,3805) size 78x20 contains 1 chunk(s)
        RenderSVGInlineText {#text} at (0,0) size 78x20
          chunk 1 text run 1 at (1300.00,3820.00) startOffset 0 endOffset 11 width 77.76: "just a text"
      RenderSVGText {text} at (1400,3805) size 78x20 contains 1 chunk(s)
        RenderSVGInlineText {#text} at (0,0) size 78x20
          chunk 1 text run 1 at (1400.00,3820.00) startOffset 0 endOffset 11 width 77.76: "just a text"
      RenderSVGText {text} at (1500,3805) size 78x20 contains 1 chunk(s)
        RenderSVGInlineText {#text} at (0,0) size 78x20
          chunk 1 text run 1 at (1500.00,3820.00) startOffset 0 endOffset 11 width 77.76: "just a text"
      RenderSVGText {text} at (1600,3805) size 78x20 contains 1 chunk(s)
        RenderSVGInlineText {#text} at (0,0) size 78x20
          chunk 1 text run 1 at (1600.00,3820.00) startOffset 0 endOffset 11 width 77.76: "just a text"
      RenderSVGText {text} at (1700,3805) size 78x20 contains 1 chunk(s)
        RenderSVGInlineText {#text} at (0,0) size 78x20
          chunk 1 text run 1 at (1700.00,3820.00) startOffset 0 endOffset 11 width 77.76: "just a text"
      RenderSVGText {text} at (1800,3805) size 78x20 contains 1 chunk(s)
        RenderSVGInlineText {#text} at (0,0) size 78x20
          chunk 1 text run 1 at (1800.00,3820.00) startOffset 0 endOffset 11 width 77.76: "just a text"
      RenderSVGText {text} at (1900,3805) size 78x20 contains 1 chunk(s)
        RenderSVGInlineText {#text} at (0,0) size 78x20
          chunk 1 text run 1 at (1900.00,3820.00) startOffset 0 endOffset 11 width 77.76: "just a text"
      RenderSVGText {text} at (2000,3805) size 78x20 contains 1 chunk(s)
        RenderSVGInlineText {#text} at (0,0) size 78x20
          chunk 1 text run 1 at (2000.00,3820.00) startOffset 0 endOffset 11 width 77.76: "just a text"
      RenderSVGText {text} at (2100,3805) size 78x20 contains 1 chunk(s)
        RenderSVGInlineText {#text} at (0,0) size 78x20
          chunk 1 text run 1 at (2100.00,3820.00) startOffset 0 endOffset 11 width 77.76: "just a text"
      RenderSVGText {text} at (2200,3805) size 78x20 contains 1 chunk(s)
        RenderSVGInlineText {#text} at (0,0) size 78x20
          chunk 1 text run 1 at (2200.00,3820.00) startOffset 0 endOffset 11 width 77.76: "just a text"
      RenderSVGText {text} at (2300,3805) size 78x20 contains 1 chunk(s)
        RenderSVGInlineText {#text} at (0,0) size 78x20
          chunk 1 text run 1 at (2300.00,3820.00) startOffset 0 endOffset 11 width 77.76: "just a text"
      RenderSVGText {text} at (2400,3805) size 78x20 contains 1 chunk(s)
        RenderSVGInlineText {#text} at (0,0) size 78x20
          chunk 1 text run 1 at (2400.00,3820.00) startOffset 0 endOffset 11 width 77.76: "just a text"
      RenderSVGText {text} at (2500,3805) size 78x20 contains 1 chunk(s)
        RenderSVGInlineText {#text} at (0,0) size 78x20
          chunk 1 text run 1 at (2500.00,3820.00) startOffset 0 endOffset 11 width 77.76: "just a text"
      RenderSVGText {text} at (2600,3805) size 78x20 contains 1 chunk(s)
        RenderSVGInlineText {#text} at (0,0) size 78x20
          chunk 1 text run 1 at (2600.00,3820.00) startOffset 0 endOffset 11 width 77.76: "just a text"
      RenderSVGText {text} at (2700,3805) size 78x20 contains 1 chunk(s)
        RenderSVGInlineText {#text} at (0,0) size 78x20
          chunk 1 text run 1 at (2700.00,3820.00) startOffset 0 endOffset 11 width 77.76: "just a text"
      RenderSVGText {text} at (2800,3805) size 78x20 contains 1 chunk(s)
        RenderSVGInlineText {#text} at (0,0) size 78x20
          chunk 1 text run 1 at (2800.00,3820.00) startOffset 0 endOffset 11 width 77.76: "just a text"
      RenderSVGText {text} at (2900,3805) size 78x20 contains 1 chunk(s)
        RenderSVGInlineText {#text} at (0,0) size 78x20
          chunk 1 text run 1 at (2900.00,3820.00) startOffset 0 endOffset 11 width 77.76: "just a text"
      RenderSVGText {text} at (3000,3805) size 78x20 contains 1 chunk(s)
        RenderSVGInlineText {#text} at (0,0) size 78x20
          chunk 1 text run 1 at (3000.00,3820.00) startOffset 0 endOffset 11 width 77.76: "just a text"
      RenderSVGText {text} at (3100,3805) size 78x20 contains 1 chunk(s)
        RenderSVGInlineText {#text} at (0,0) size 78x20
          chunk 1 text run 1 at (3100.00,3820.00) startOffset 0 endOffset 11 width 77.76: "just a text"
      RenderSVGText {text} at (3200,3805) size 78x20 contains 1 chunk(s)
        RenderSVGInlineText {#text} at (0,0) size 78x20
          chunk 1 text run 1 at (3200.00,3820.00) startOffset 0 endOffset 11 width 77.76: "just a text"
      RenderSVGText {text} at (3300,3805) size 78x20 contains 1 chunk(s)
        RenderSVGInlineText {#text} at (0,0) size 78x20
          chunk 1 text run 1 at (3300.00,3820.00) startOffset 0 endOffset 11 width 77.76: "just a text"
      RenderSVGText {text} at (3400,3805) size 78x20 contains 1 chunk(s)
        RenderSVGInlineText {#text} at (0,0) size 78x20
          chunk 1 text run 1 at (3400.00,3820.00) startOffset 0 endOffset 11 width 77.76: "just a text"
      RenderSVGText {text} at (3500,3805) size 78x20 contains 1 chunk(s)
        RenderSVGInlineText {#text} at (0,0) size 78x20
          chunk 1 text run 1 at (3500.00,3820.00) startOffset 0 endOffset 11 width 77.76: "just a text"
      RenderSVGText {text} at (3600,3805) size 78x20 contains 1 chunk(s)
        RenderSVGInlineText {#text} at (0,0) size 78x20
          chunk 1 text run 1 at (3600.00,3820.00) startOffset 0 endOffset 11 width 77.76: "just a text"
      RenderSVGText {text} at (3700,3805) size 78x20 contains 1 chunk(s)
        RenderSVGInlineText {#text} at (0,0) size 78x20
          chunk 1 text run 1 at (3700.00,3820.00) startOffset 0 endOffset 11 width 77.76: "just a text"
      RenderSVGText {text} at (3800,3805) size 78x20 contains 1 chunk(s)
        RenderSVGInlineText {#text} at (0,0) size 78x20
          chunk 1 text run 1 at (3800.00,3820.00) startOffset 0 endOffset 11 width 77.76: "just a text"
      RenderSVGText {text} at (3900,3805) size 78x20 contains 1 chunk(s)
        RenderSVGInlineText {#text} at (0,0) size 78x20
          chunk 1 text run 1 at (3900.00,3820.00) startOffset 0 endOffset 11 width 77.76: "just a text"
      RenderSVGText {text} at (4000,3805) size 78x20 contains 1 chunk(s)
        RenderSVGInlineText {#text} at (0,0) size 78x20
          chunk 1 text run 1 at (4000.00,3820.00) startOffset 0 endOffset 11 width 77.76: "just a text"
      RenderSVGText {text} at (4100,3805) size 78x20 contains 1 chunk(s)
        RenderSVGInlineText {#text} at (0,0) size 78x20
          chunk 1 text run 1 at (4100.00,3820.00) startOffset 0 endOffset 11 width 77.76: "just a text"
      RenderSVGText {text} at (4200,3805) size 78x20 contains 1 chunk(s)
        RenderSVGInlineText {#text} at (0,0) size 78x20
          chunk 1 text run 1 at (4200.00,3820.00) startOffset 0 endOffset 11 width 77.76: "just a text"
      RenderSVGText {text} at (4300,3805) size 78x20 contains 1 chunk(s)
        RenderSVGInlineText {#text} at (0,0) size 78x20
          chunk 1 text run 1 at (4300.00,3820.00) startOffset 0 endOffset 11 width 77.76: "just a text"
      RenderSVGText {text} at (4400,3805) size 78x20 contains 1 chunk(s)
        RenderSVGInlineText {#text} at (0,0) size 78x20
          chunk 1 text run 1 at (4400.00,3820.00) startOffset 0 endOffset 11 width 77.76: "just a text"
      RenderSVGText {text} at (4500,3805) size 78x20 contains 1 chunk(s)
        RenderSVGInlineText {#text} at (0,0) size 78x20
          chunk 1 text run 1 at (4500.00,3820.00) startOffset 0 endOffset 11 width 77.76: "just a text"
      RenderSVGText {text} at (4600,3805) size 78x20 contains 1 chunk(s)
        RenderSVGInlineText {#text} at (0,0) size 78x20
          chunk 1 text run 1 at (4600.00,3820.00) startOffset 0 endOffset 11 width 77.76: "just a text"
      RenderSVGText {text} at (4700,3805) size 78x20 contains 1 chunk(s)
        RenderSVGInlineText {#text} at (0,0) size 78x20
          chunk 1 text run 1 at (4700.00,3820.00) startOffset 0 endOffset 11 width 77.76: "just a text"
      RenderSVGText {text} at (4800,3805) size 78x20 contains 1 chunk(s)
        RenderSVGInlineText {#text} at (0,0) size 78x20
          chunk 1 text run 1 at (4800.00,3820.00) startOffset 0 endOffset 11 width 77.76: "just a text"
      RenderSVGText {text} at (4900,3805) size 78x20 contains 1 chunk(s)
        RenderSVGInlineText {#text} at (0,0) size 78x20
          chunk 1 text run 1 at (4900.00,3820.00) startOffset 0 endOffset 11 width 77.76: "just a text"
      RenderSVGText {text} at (0,3905) size 78x20 contains 1 chunk(s)
        RenderSVGInlineText {#text} at (0,0) size 78x20
          chunk 1 text run 1 at (0.00,3920.00) startOffset 0 endOffset 11 width 77.76: "just a text"
      RenderSVGText {text} at (100,3905) size 78x20 contains 1 chunk(s)
        RenderSVGInlineText {#text} at (0,0) size 78x20
          chunk 1 text run 1 at (100.00,3920.00) startOffset 0 endOffset 11 width 77.76: "just a text"
      RenderSVGText {text} at (200,3905) size 78x20 contains 1 chunk(s)
        RenderSVGInlineText {#text} at (0,0) size 78x20
          chunk 1 text run 1 at (200.00,3920.00) startOffset 0 endOffset 11 width 77.76: "just a text"
      RenderSVGText {text} at (300,3905) size 78x20 contains 1 chunk(s)
        RenderSVGInlineText {#text} at (0,0) size 78x20
          chunk 1 text run 1 at (300.00,3920.00) startOffset 0 endOffset 11 width 77.76: "just a text"
      RenderSVGText {text} at (400,3905) size 78x20 contains 1 chunk(s)
        RenderSVGInlineText {#text} at (0,0) size 78x20
          chunk 1 text run 1 at (400.00,3920.00) startOffset 0 endOffset 11 width 77.76: "just a text"
      RenderSVGText {text} at (500,3905) size 78x20 contains 1 chunk(s)
        RenderSVGInlineText {#text} at (0,0) size 78x20
          chunk 1 text run 1 at (500.00,3920.00) startOffset 0 endOffset 11 width 77.76: "just a text"
      RenderSVGText {text} at (600,3905) size 78x20 contains 1 chunk(s)
        RenderSVGInlineText {#text} at (0,0) size 78x20
          chunk 1 text run 1 at (600.00,3920.00) startOffset 0 endOffset 11 width 77.76: "just a text"
      RenderSVGText {text} at (700,3905) size 78x20 contains 1 chunk(s)
        RenderSVGInlineText {#text} at (0,0) size 78x20
          chunk 1 text run 1 at (700.00,3920.00) startOffset 0 endOffset 11 width 77.76: "just a text"
      RenderSVGText {text} at (800,3905) size 78x20 contains 1 chunk(s)
        RenderSVGInlineText {#text} at (0,0) size 78x20
          chunk 1 text run 1 at (800.00,3920.00) startOffset 0 endOffset 11 width 77.76: "just a text"
      RenderSVGText {text} at (900,3905) size 78x20 contains 1 chunk(s)
        RenderSVGInlineText {#text} at (0,0) size 78x20
          chunk 1 text run 1 at (900.00,3920.00) startOffset 0 endOffset 11 width 77.76: "just a text"
      RenderSVGText {text} at (1000,3905) size 78x20 contains 1 chunk(s)
        RenderSVGInlineText {#text} at (0,0) size 78x20
          chunk 1 text run 1 at (1000.00,3920.00) startOffset 0 endOffset 11 width 77.76: "just a text"
      RenderSVGText {text} at (1100,3905) size 78x20 contains 1 chunk(s)
        RenderSVGInlineText {#text} at (0,0) size 78x20
          chunk 1 text run 1 at (1100.00,3920.00) startOffset 0 endOffset 11 width 77.76: "just a text"
      RenderSVGText {text} at (1200,3905) size 78x20 contains 1 chunk(s)
        RenderSVGInlineText {#text} at (0,0) size 78x20
          chunk 1 text run 1 at (1200.00,3920.00) startOffset 0 endOffset 11 width 77.76: "just a text"
      RenderSVGText {text} at (1300,3905) size 78x20 contains 1 chunk(s)
        RenderSVGInlineText {#text} at (0,0) size 78x20
          chunk 1 text run 1 at (1300.00,3920.00) startOffset 0 endOffset 11 width 77.76: "just a text"
      RenderSVGText {text} at (1400,3905) size 78x20 contains 1 chunk(s)
        RenderSVGInlineText {#text} at (0,0) size 78x20
          chunk 1 text run 1 at (1400.00,3920.00) startOffset 0 endOffset 11 width 77.76: "just a text"
      RenderSVGText {text} at (1500,3905) size 78x20 contains 1 chunk(s)
        RenderSVGInlineText {#text} at (0,0) size 78x20
          chunk 1 text run 1 at (1500.00,3920.00) startOffset 0 endOffset 11 width 77.76: "just a text"
      RenderSVGText {text} at (1600,3905) size 78x20 contains 1 chunk(s)
        RenderSVGInlineText {#text} at (0,0) size 78x20
          chunk 1 text run 1 at (1600.00,3920.00) startOffset 0 endOffset 11 width 77.76: "just a text"
      RenderSVGText {text} at (1700,3905) size 78x20 contains 1 chunk(s)
        RenderSVGInlineText {#text} at (0,0) size 78x20
          chunk 1 text run 1 at (1700.00,3920.00) startOffset 0 endOffset 11 width 77.76: "just a text"
      RenderSVGText {text} at (1800,3905) size 78x20 contains 1 chunk(s)
        RenderSVGInlineText {#text} at (0,0) size 78x20
          chunk 1 text run 1 at (1800.00,3920.00) startOffset 0 endOffset 11 width 77.76: "just a text"
      RenderSVGText {text} at (1900,3905) size 78x20 contains 1 chunk(s)
        RenderSVGInlineText {#text} at (0,0) size 78x20
          chunk 1 text run 1 at (1900.00,3920.00) startOffset 0 endOffset 11 width 77.76: "just a text"
      RenderSVGText {text} at (2000,3905) size 78x20 contains 1 chunk(s)
        RenderSVGInlineText {#text} at (0,0) size 78x20
          chunk 1 text run 1 at (2000.00,3920.00) startOffset 0 endOffset 11 width 77.76: "just a text"
      RenderSVGText {text} at (2100,3905) size 78x20 contains 1 chunk(s)
        RenderSVGInlineText {#text} at (0,0) size 78x20
          chunk 1 text run 1 at (2100.00,3920.00) startOffset 0 endOffset 11 width 77.76: "just a text"
      RenderSVGText {text} at (2200,3905) size 78x20 contains 1 chunk(s)
        RenderSVGInlineText {#text} at (0,0) size 78x20
          chunk 1 text run 1 at (2200.00,3920.00) startOffset 0 endOffset 11 width 77.76: "just a text"
      RenderSVGText {text} at (2300,3905) size 78x20 contains 1 chunk(s)
        RenderSVGInlineText {#text} at (0,0) size 78x20
          chunk 1 text run 1 at (2300.00,3920.00) startOffset 0 endOffset 11 width 77.76: "just a text"
      RenderSVGText {text} at (2400,3905) size 78x20 contains 1 chunk(s)
        RenderSVGInlineText {#text} at (0,0) size 78x20
          chunk 1 text run 1 at (2400.00,3920.00) startOffset 0 endOffset 11 width 77.76: "just a text"
      RenderSVGText {text} at (2500,3905) size 78x20 contains 1 chunk(s)
        RenderSVGInlineText {#text} at (0,0) size 78x20
          chunk 1 text run 1 at (2500.00,3920.00) startOffset 0 endOffset 11 width 77.76: "just a text"
      RenderSVGText {text} at (2600,3905) size 78x20 contains 1 chunk(s)
        RenderSVGInlineText {#text} at (0,0) size 78x20
          chunk 1 text run 1 at (2600.00,3920.00) startOffset 0 endOffset 11 width 77.76: "just a text"
      RenderSVGText {text} at (2700,3905) size 78x20 contains 1 chunk(s)
        RenderSVGInlineText {#text} at (0,0) size 78x20
          chunk 1 text run 1 at (2700.00,3920.00) startOffset 0 endOffset 11 width 77.76: "just a text"
      RenderSVGText {text} at (2800,3905) size 78x20 contains 1 chunk(s)
        RenderSVGInlineText {#text} at (0,0) size 78x20
          chunk 1 text run 1 at (2800.00,3920.00) startOffset 0 endOffset 11 width 77.76: "just a text"
      RenderSVGText {text} at (2900,3905) size 78x20 contains 1 chunk(s)
        RenderSVGInlineText {#text} at (0,0) size 78x20
          chunk 1 text run 1 at (2900.00,3920.00) startOffset 0 endOffset 11 width 77.76: "just a text"
      RenderSVGText {text} at (3000,3905) size 78x20 contains 1 chunk(s)
        RenderSVGInlineText {#text} at (0,0) size 78x20
          chunk 1 text run 1 at (3000.00,3920.00) startOffset 0 endOffset 11 width 77.76: "just a text"
      RenderSVGText {text} at (3100,3905) size 78x20 contains 1 chunk(s)
        RenderSVGInlineText {#text} at (0,0) size 78x20
          chunk 1 text run 1 at (3100.00,3920.00) startOffset 0 endOffset 11 width 77.76: "just a text"
      RenderSVGText {text} at (3200,3905) size 78x20 contains 1 chunk(s)
        RenderSVGInlineText {#text} at (0,0) size 78x20
          chunk 1 text run 1 at (3200.00,3920.00) startOffset 0 endOffset 11 width 77.76: "just a text"
      RenderSVGText {text} at (3300,3905) size 78x20 contains 1 chunk(s)
        RenderSVGInlineText {#text} at (0,0) size 78x20
          chunk 1 text run 1 at (3300.00,3920.00) startOffset 0 endOffset 11 width 77.76: "just a text"
      RenderSVGText {text} at (3400,3905) size 78x20 contains 1 chunk(s)
        RenderSVGInlineText {#text} at (0,0) size 78x20
          chunk 1 text run 1 at (3400.00,3920.00) startOffset 0 endOffset 11 width 77.76: "just a text"
      RenderSVGText {text} at (3500,3905) size 78x20 contains 1 chunk(s)
        RenderSVGInlineText {#text} at (0,0) size 78x20
          chunk 1 text run 1 at (3500.00,3920.00) startOffset 0 endOffset 11 width 77.76: "just a text"
      RenderSVGText {text} at (3600,3905) size 78x20 contains 1 chunk(s)
        RenderSVGInlineText {#text} at (0,0) size 78x20
          chunk 1 text run 1 at (3600.00,3920.00) startOffset 0 endOffset 11 width 77.76: "just a text"
      RenderSVGText {text} at (3700,3905) size 78x20 contains 1 chunk(s)
        RenderSVGInlineText {#text} at (0,0) size 78x20
          chunk 1 text run 1 at (3700.00,3920.00) startOffset 0 endOffset 11 width 77.76: "just a text"
      RenderSVGText {text} at (3800,3905) size 78x20 contains 1 chunk(s)
        RenderSVGInlineText {#text} at (0,0) size 78x20
          chunk 1 text run 1 at (3800.00,3920.00) startOffset 0 endOffset 11 width 77.76: "just a text"
      RenderSVGText {text} at (3900,3905) size 78x20 contains 1 chunk(s)
        RenderSVGInlineText {#text} at (0,0) size 78x20
          chunk 1 text run 1 at (3900.00,3920.00) startOffset 0 endOffset 11 width 77.76: "just a text"
      RenderSVGText {text} at (4000,3905) size 78x20 contains 1 chunk(s)
        RenderSVGInlineText {#text} at (0,0) size 78x20
          chunk 1 text run 1 at (4000.00,3920.00) startOffset 0 endOffset 11 width 77.76: "just a text"
      RenderSVGText {text} at (4100,3905) size 78x20 contains 1 chunk(s)
        RenderSVGInlineText {#text} at (0,0) size 78x20
          chunk 1 text run 1 at (4100.00,3920.00) startOffset 0 endOffset 11 width 77.76: "just a text"
      RenderSVGText {text} at (4200,3905) size 78x20 contains 1 chunk(s)
        RenderSVGInlineText {#text} at (0,0) size 78x20
          chunk 1 text run 1 at (4200.00,3920.00) startOffset 0 endOffset 11 width 77.76: "just a text"
      RenderSVGText {text} at (4300,3905) size 78x20 contains 1 chunk(s)
        RenderSVGInlineText {#text} at (0,0) size 78x20
          chunk 1 text run 1 at (4300.00,3920.00) startOffset 0 endOffset 11 width 77.76: "just a text"
      RenderSVGText {text} at (4400,3905) size 78x20 contains 1 chunk(s)
        RenderSVGInlineText {#text} at (0,0) size 78x20
          chunk 1 text run 1 at (4400.00,3920.00) startOffset 0 endOffset 11 width 77.76: "just a text"
      RenderSVGText {text} at (4500,3905) size 78x20 contains 1 chunk(s)
        RenderSVGInlineText {#text} at (0,0) size 78x20
          chunk 1 text run 1 at (4500.00,3920.00) startOffset 0 endOffset 11 width 77.76: "just a text"
      RenderSVGText {text} at (4600,3905) size 78x20 contains 1 chunk(s)
        RenderSVGInlineText {#text} at (0,0) size 78x20
          chunk 1 text run 1 at (4600.00,3920.00) startOffset 0 endOffset 11 width 77.76: "just a text"
      RenderSVGText {text} at (4700,3905) size 78x20 contains 1 chunk(s)
        RenderSVGInlineText {#text} at (0,0) size 78x20
          chunk 1 text run 1 at (4700.00,3920.00) startOffset 0 endOffset 11 width 77.76: "just a text"
      RenderSVGText {text} at (4800,3905) size 78x20 contains 1 chunk(s)
        RenderSVGInlineText {#text} at (0,0) size 78x20
          chunk 1 text run 1 at (4800.00,3920.00) startOffset 0 endOffset 11 width 77.76: "just a text"
      RenderSVGText {text} at (4900,3905) size 78x20 contains 1 chunk(s)
        RenderSVGInlineText {#text} at (0,0) size 78x20
          chunk 1 text run 1 at (4900.00,3920.00) startOffset 0 endOffset 11 width 77.76: "just a text"
      RenderSVGText {text} at (0,4005) size 78x20 contains 1 chunk(s)
        RenderSVGInlineText {#text} at (0,0) size 78x20
          chunk 1 text run 1 at (0.00,4020.00) startOffset 0 endOffset 11 width 77.76: "just a text"
      RenderSVGText {text} at (100,4005) size 78x20 contains 1 chunk(s)
        RenderSVGInlineText {#text} at (0,0) size 78x20
          chunk 1 text run 1 at (100.00,4020.00) startOffset 0 endOffset 11 width 77.76: "just a text"
      RenderSVGText {text} at (200,4005) size 78x20 contains 1 chunk(s)
        RenderSVGInlineText {#text} at (0,0) size 78x20
          chunk 1 text run 1 at (200.00,4020.00) startOffset 0 endOffset 11 width 77.76: "just a text"
      RenderSVGText {text} at (300,4005) size 78x20 contains 1 chunk(s)
        RenderSVGInlineText {#text} at (0,0) size 78x20
          chunk 1 text run 1 at (300.00,4020.00) startOffset 0 endOffset 11 width 77.76: "just a text"
      RenderSVGText {text} at (400,4005) size 78x20 contains 1 chunk(s)
        RenderSVGInlineText {#text} at (0,0) size 78x20
          chunk 1 text run 1 at (400.00,4020.00) startOffset 0 endOffset 11 width 77.76: "just a text"
      RenderSVGText {text} at (500,4005) size 78x20 contains 1 chunk(s)
        RenderSVGInlineText {#text} at (0,0) size 78x20
          chunk 1 text run 1 at (500.00,4020.00) startOffset 0 endOffset 11 width 77.76: "just a text"
      RenderSVGText {text} at (600,4005) size 78x20 contains 1 chunk(s)
        RenderSVGInlineText {#text} at (0,0) size 78x20
          chunk 1 text run 1 at (600.00,4020.00) startOffset 0 endOffset 11 width 77.76: "just a text"
      RenderSVGText {text} at (700,4005) size 78x20 contains 1 chunk(s)
        RenderSVGInlineText {#text} at (0,0) size 78x20
          chunk 1 text run 1 at (700.00,4020.00) startOffset 0 endOffset 11 width 77.76: "just a text"
      RenderSVGText {text} at (800,4005) size 78x20 contains 1 chunk(s)
        RenderSVGInlineText {#text} at (0,0) size 78x20
          chunk 1 text run 1 at (800.00,4020.00) startOffset 0 endOffset 11 width 77.76: "just a text"
      RenderSVGText {text} at (900,4005) size 78x20 contains 1 chunk(s)
        RenderSVGInlineText {#text} at (0,0) size 78x20
          chunk 1 text run 1 at (900.00,4020.00) startOffset 0 endOffset 11 width 77.76: "just a text"
      RenderSVGText {text} at (1000,4005) size 78x20 contains 1 chunk(s)
        RenderSVGInlineText {#text} at (0,0) size 78x20
          chunk 1 text run 1 at (1000.00,4020.00) startOffset 0 endOffset 11 width 77.76: "just a text"
      RenderSVGText {text} at (1100,4005) size 78x20 contains 1 chunk(s)
        RenderSVGInlineText {#text} at (0,0) size 78x20
          chunk 1 text run 1 at (1100.00,4020.00) startOffset 0 endOffset 11 width 77.76: "just a text"
      RenderSVGText {text} at (1200,4005) size 78x20 contains 1 chunk(s)
        RenderSVGInlineText {#text} at (0,0) size 78x20
          chunk 1 text run 1 at (1200.00,4020.00) startOffset 0 endOffset 11 width 77.76: "just a text"
      RenderSVGText {text} at (1300,4005) size 78x20 contains 1 chunk(s)
        RenderSVGInlineText {#text} at (0,0) size 78x20
          chunk 1 text run 1 at (1300.00,4020.00) startOffset 0 endOffset 11 width 77.76: "just a text"
      RenderSVGText {text} at (1400,4005) size 78x20 contains 1 chunk(s)
        RenderSVGInlineText {#text} at (0,0) size 78x20
          chunk 1 text run 1 at (1400.00,4020.00) startOffset 0 endOffset 11 width 77.76: "just a text"
      RenderSVGText {text} at (1500,4005) size 78x20 contains 1 chunk(s)
        RenderSVGInlineText {#text} at (0,0) size 78x20
          chunk 1 text run 1 at (1500.00,4020.00) startOffset 0 endOffset 11 width 77.76: "just a text"
      RenderSVGText {text} at (1600,4005) size 78x20 contains 1 chunk(s)
        RenderSVGInlineText {#text} at (0,0) size 78x20
          chunk 1 text run 1 at (1600.00,4020.00) startOffset 0 endOffset 11 width 77.76: "just a text"
      RenderSVGText {text} at (1700,4005) size 78x20 contains 1 chunk(s)
        RenderSVGInlineText {#text} at (0,0) size 78x20
          chunk 1 text run 1 at (1700.00,4020.00) startOffset 0 endOffset 11 width 77.76: "just a text"
      RenderSVGText {text} at (1800,4005) size 78x20 contains 1 chunk(s)
        RenderSVGInlineText {#text} at (0,0) size 78x20
          chunk 1 text run 1 at (1800.00,4020.00) startOffset 0 endOffset 11 width 77.76: "just a text"
      RenderSVGText {text} at (1900,4005) size 78x20 contains 1 chunk(s)
        RenderSVGInlineText {#text} at (0,0) size 78x20
          chunk 1 text run 1 at (1900.00,4020.00) startOffset 0 endOffset 11 width 77.76: "just a text"
      RenderSVGText {text} at (2000,4005) size 78x20 contains 1 chunk(s)
        RenderSVGInlineText {#text} at (0,0) size 78x20
          chunk 1 text run 1 at (2000.00,4020.00) startOffset 0 endOffset 11 width 77.76: "just a text"
      RenderSVGText {text} at (2100,4005) size 78x20 contains 1 chunk(s)
        RenderSVGInlineText {#text} at (0,0) size 78x20
          chunk 1 text run 1 at (2100.00,4020.00) startOffset 0 endOffset 11 width 77.76: "just a text"
      RenderSVGText {text} at (2200,4005) size 78x20 contains 1 chunk(s)
        RenderSVGInlineText {#text} at (0,0) size 78x20
          chunk 1 text run 1 at (2200.00,4020.00) startOffset 0 endOffset 11 width 77.76: "just a text"
      RenderSVGText {text} at (2300,4005) size 78x20 contains 1 chunk(s)
        RenderSVGInlineText {#text} at (0,0) size 78x20
          chunk 1 text run 1 at (2300.00,4020.00) startOffset 0 endOffset 11 width 77.76: "just a text"
      RenderSVGText {text} at (2400,4005) size 78x20 contains 1 chunk(s)
        RenderSVGInlineText {#text} at (0,0) size 78x20
          chunk 1 text run 1 at (2400.00,4020.00) startOffset 0 endOffset 11 width 77.76: "just a text"
      RenderSVGText {text} at (2500,4005) size 78x20 contains 1 chunk(s)
        RenderSVGInlineText {#text} at (0,0) size 78x20
          chunk 1 text run 1 at (2500.00,4020.00) startOffset 0 endOffset 11 width 77.76: "just a text"
      RenderSVGText {text} at (2600,4005) size 78x20 contains 1 chunk(s)
        RenderSVGInlineText {#text} at (0,0) size 78x20
          chunk 1 text run 1 at (2600.00,4020.00) startOffset 0 endOffset 11 width 77.76: "just a text"
      RenderSVGText {text} at (2700,4005) size 78x20 contains 1 chunk(s)
        RenderSVGInlineText {#text} at (0,0) size 78x20
          chunk 1 text run 1 at (2700.00,4020.00) startOffset 0 endOffset 11 width 77.76: "just a text"
      RenderSVGText {text} at (2800,4005) size 78x20 contains 1 chunk(s)
        RenderSVGInlineText {#text} at (0,0) size 78x20
          chunk 1 text run 1 at (2800.00,4020.00) startOffset 0 endOffset 11 width 77.76: "just a text"
      RenderSVGText {text} at (2900,4005) size 78x20 contains 1 chunk(s)
        RenderSVGInlineText {#text} at (0,0) size 78x20
          chunk 1 text run 1 at (2900.00,4020.00) startOffset 0 endOffset 11 width 77.76: "just a text"
      RenderSVGText {text} at (3000,4005) size 78x20 contains 1 chunk(s)
        RenderSVGInlineText {#text} at (0,0) size 78x20
          chunk 1 text run 1 at (3000.00,4020.00) startOffset 0 endOffset 11 width 77.76: "just a text"
      RenderSVGText {text} at (3100,4005) size 78x20 contains 1 chunk(s)
        RenderSVGInlineText {#text} at (0,0) size 78x20
          chunk 1 text run 1 at (3100.00,4020.00) startOffset 0 endOffset 11 width 77.76: "just a text"
      RenderSVGText {text} at (3200,4005) size 78x20 contains 1 chunk(s)
        RenderSVGInlineText {#text} at (0,0) size 78x20
          chunk 1 text run 1 at (3200.00,4020.00) startOffset 0 endOffset 11 width 77.76: "just a text"
      RenderSVGText {text} at (3300,4005) size 78x20 contains 1 chunk(s)
        RenderSVGInlineText {#text} at (0,0) size 78x20
          chunk 1 text run 1 at (3300.00,4020.00) startOffset 0 endOffset 11 width 77.76: "just a text"
      RenderSVGText {text} at (3400,4005) size 78x20 contains 1 chunk(s)
        RenderSVGInlineText {#text} at (0,0) size 78x20
          chunk 1 text run 1 at (3400.00,4020.00) startOffset 0 endOffset 11 width 77.76: "just a text"
      RenderSVGText {text} at (3500,4005) size 78x20 contains 1 chunk(s)
        RenderSVGInlineText {#text} at (0,0) size 78x20
          chunk 1 text run 1 at (3500.00,4020.00) startOffset 0 endOffset 11 width 77.76: "just a text"
      RenderSVGText {text} at (3600,4005) size 78x20 contains 1 chunk(s)
        RenderSVGInlineText {#text} at (0,0) size 78x20
          chunk 1 text run 1 at (3600.00,4020.00) startOffset 0 endOffset 11 width 77.76: "just a text"
      RenderSVGText {text} at (3700,4005) size 78x20 contains 1 chunk(s)
        RenderSVGInlineText {#text} at (0,0) size 78x20
          chunk 1 text run 1 at (3700.00,4020.00) startOffset 0 endOffset 11 width 77.76: "just a text"
      RenderSVGText {text} at (3800,4005) size 78x20 contains 1 chunk(s)
        RenderSVGInlineText {#text} at (0,0) size 78x20
          chunk 1 text run 1 at (3800.00,4020.00) startOffset 0 endOffset 11 width 77.76: "just a text"
      RenderSVGText {text} at (3900,4005) size 78x20 contains 1 chunk(s)
        RenderSVGInlineText {#text} at (0,0) size 78x20
          chunk 1 text run 1 at (3900.00,4020.00) startOffset 0 endOffset 11 width 77.76: "just a text"
      RenderSVGText {text} at (4000,4005) size 78x20 contains 1 chunk(s)
        RenderSVGInlineText {#text} at (0,0) size 78x20
          chunk 1 text run 1 at (4000.00,4020.00) startOffset 0 endOffset 11 width 77.76: "just a text"
      RenderSVGText {text} at (4100,4005) size 78x20 contains 1 chunk(s)
        RenderSVGInlineText {#text} at (0,0) size 78x20
          chunk 1 text run 1 at (4100.00,4020.00) startOffset 0 endOffset 11 width 77.76: "just a text"
      RenderSVGText {text} at (4200,4005) size 78x20 contains 1 chunk(s)
        RenderSVGInlineText {#text} at (0,0) size 78x20
          chunk 1 text run 1 at (4200.00,4020.00) startOffset 0 endOffset 11 width 77.76: "just a text"
      RenderSVGText {text} at (4300,4005) size 78x20 contains 1 chunk(s)
        RenderSVGInlineText {#text} at (0,0) size 78x20
          chunk 1 text run 1 at (4300.00,4020.00) startOffset 0 endOffset 11 width 77.76: "just a text"
      RenderSVGText {text} at (4400,4005) size 78x20 contains 1 chunk(s)
        RenderSVGInlineText {#text} at (0,0) size 78x20
          chunk 1 text run 1 at (4400.00,4020.00) startOffset 0 endOffset 11 width 77.76: "just a text"
      RenderSVGText {text} at (4500,4005) size 78x20 contains 1 chunk(s)
        RenderSVGInlineText {#text} at (0,0) size 78x20
          chunk 1 text run 1 at (4500.00,4020.00) startOffset 0 endOffset 11 width 77.76: "just a text"
      RenderSVGText {text} at (4600,4005) size 78x20 contains 1 chunk(s)
        RenderSVGInlineText {#text} at (0,0) size 78x20
          chunk 1 text run 1 at (4600.00,4020.00) startOffset 0 endOffset 11 width 77.76: "just a text"
      RenderSVGText {text} at (4700,4005) size 78x20 contains 1 chunk(s)
        RenderSVGInlineText {#text} at (0,0) size 78x20
          chunk 1 text run 1 at (4700.00,4020.00) startOffset 0 endOffset 11 width 77.76: "just a text"
      RenderSVGText {text} at (4800,4005) size 78x20 contains 1 chunk(s)
        RenderSVGInlineText {#text} at (0,0) size 78x20
          chunk 1 text run 1 at (4800.00,4020.00) startOffset 0 endOffset 11 width 77.76: "just a text"
      RenderSVGText {text} at (4900,4005) size 78x20 contains 1 chunk(s)
        RenderSVGInlineText {#text} at (0,0) size 78x20
          chunk 1 text run 1 at (4900.00,4020.00) startOffset 0 endOffset 11 width 77.76: "just a text"
      RenderSVGText {text} at (0,4105) size 78x20 contains 1 chunk(s)
        RenderSVGInlineText {#text} at (0,0) size 78x20
          chunk 1 text run 1 at (0.00,4120.00) startOffset 0 endOffset 11 width 77.76: "just a text"
      RenderSVGText {text} at (100,4105) size 78x20 contains 1 chunk(s)
        RenderSVGInlineText {#text} at (0,0) size 78x20
          chunk 1 text run 1 at (100.00,4120.00) startOffset 0 endOffset 11 width 77.76: "just a text"
      RenderSVGText {text} at (200,4105) size 78x20 contains 1 chunk(s)
        RenderSVGInlineText {#text} at (0,0) size 78x20
          chunk 1 text run 1 at (200.00,4120.00) startOffset 0 endOffset 11 width 77.76: "just a text"
      RenderSVGText {text} at (300,4105) size 78x20 contains 1 chunk(s)
        RenderSVGInlineText {#text} at (0,0) size 78x20
          chunk 1 text run 1 at (300.00,4120.00) startOffset 0 endOffset 11 width 77.76: "just a text"
      RenderSVGText {text} at (400,4105) size 78x20 contains 1 chunk(s)
        RenderSVGInlineText {#text} at (0,0) size 78x20
          chunk 1 text run 1 at (400.00,4120.00) startOffset 0 endOffset 11 width 77.76: "just a text"
      RenderSVGText {text} at (500,4105) size 78x20 contains 1 chunk(s)
        RenderSVGInlineText {#text} at (0,0) size 78x20
          chunk 1 text run 1 at (500.00,4120.00) startOffset 0 endOffset 11 width 77.76: "just a text"
      RenderSVGText {text} at (600,4105) size 78x20 contains 1 chunk(s)
        RenderSVGInlineText {#text} at (0,0) size 78x20
          chunk 1 text run 1 at (600.00,4120.00) startOffset 0 endOffset 11 width 77.76: "just a text"
      RenderSVGText {text} at (700,4105) size 78x20 contains 1 chunk(s)
        RenderSVGInlineText {#text} at (0,0) size 78x20
          chunk 1 text run 1 at (700.00,4120.00) startOffset 0 endOffset 11 width 77.76: "just a text"
      RenderSVGText {text} at (800,4105) size 78x20 contains 1 chunk(s)
        RenderSVGInlineText {#text} at (0,0) size 78x20
          chunk 1 text run 1 at (800.00,4120.00) startOffset 0 endOffset 11 width 77.76: "just a text"
      RenderSVGText {text} at (900,4105) size 78x20 contains 1 chunk(s)
        RenderSVGInlineText {#text} at (0,0) size 78x20
          chunk 1 text run 1 at (900.00,4120.00) startOffset 0 endOffset 11 width 77.76: "just a text"
      RenderSVGText {text} at (1000,4105) size 78x20 contains 1 chunk(s)
        RenderSVGInlineText {#text} at (0,0) size 78x20
          chunk 1 text run 1 at (1000.00,4120.00) startOffset 0 endOffset 11 width 77.76: "just a text"
      RenderSVGText {text} at (1100,4105) size 78x20 contains 1 chunk(s)
        RenderSVGInlineText {#text} at (0,0) size 78x20
          chunk 1 text run 1 at (1100.00,4120.00) startOffset 0 endOffset 11 width 77.76: "just a text"
      RenderSVGText {text} at (1200,4105) size 78x20 contains 1 chunk(s)
        RenderSVGInlineText {#text} at (0,0) size 78x20
          chunk 1 text run 1 at (1200.00,4120.00) startOffset 0 endOffset 11 width 77.76: "just a text"
      RenderSVGText {text} at (1300,4105) size 78x20 contains 1 chunk(s)
        RenderSVGInlineText {#text} at (0,0) size 78x20
          chunk 1 text run 1 at (1300.00,4120.00) startOffset 0 endOffset 11 width 77.76: "just a text"
      RenderSVGText {text} at (1400,4105) size 78x20 contains 1 chunk(s)
        RenderSVGInlineText {#text} at (0,0) size 78x20
          chunk 1 text run 1 at (1400.00,4120.00) startOffset 0 endOffset 11 width 77.76: "just a text"
      RenderSVGText {text} at (1500,4105) size 78x20 contains 1 chunk(s)
        RenderSVGInlineText {#text} at (0,0) size 78x20
          chunk 1 text run 1 at (1500.00,4120.00) startOffset 0 endOffset 11 width 77.76: "just a text"
      RenderSVGText {text} at (1600,4105) size 78x20 contains 1 chunk(s)
        RenderSVGInlineText {#text} at (0,0) size 78x20
          chunk 1 text run 1 at (1600.00,4120.00) startOffset 0 endOffset 11 width 77.76: "just a text"
      RenderSVGText {text} at (1700,4105) size 78x20 contains 1 chunk(s)
        RenderSVGInlineText {#text} at (0,0) size 78x20
          chunk 1 text run 1 at (1700.00,4120.00) startOffset 0 endOffset 11 width 77.76: "just a text"
      RenderSVGText {text} at (1800,4105) size 78x20 contains 1 chunk(s)
        RenderSVGInlineText {#text} at (0,0) size 78x20
          chunk 1 text run 1 at (1800.00,4120.00) startOffset 0 endOffset 11 width 77.76: "just a text"
      RenderSVGText {text} at (1900,4105) size 78x20 contains 1 chunk(s)
        RenderSVGInlineText {#text} at (0,0) size 78x20
          chunk 1 text run 1 at (1900.00,4120.00) startOffset 0 endOffset 11 width 77.76: "just a text"
      RenderSVGText {text} at (2000,4105) size 78x20 contains 1 chunk(s)
        RenderSVGInlineText {#text} at (0,0) size 78x20
          chunk 1 text run 1 at (2000.00,4120.00) startOffset 0 endOffset 11 width 77.76: "just a text"
      RenderSVGText {text} at (2100,4105) size 78x20 contains 1 chunk(s)
        RenderSVGInlineText {#text} at (0,0) size 78x20
          chunk 1 text run 1 at (2100.00,4120.00) startOffset 0 endOffset 11 width 77.76: "just a text"
      RenderSVGText {text} at (2200,4105) size 78x20 contains 1 chunk(s)
        RenderSVGInlineText {#text} at (0,0) size 78x20
          chunk 1 text run 1 at (2200.00,4120.00) startOffset 0 endOffset 11 width 77.76: "just a text"
      RenderSVGText {text} at (2300,4105) size 78x20 contains 1 chunk(s)
        RenderSVGInlineText {#text} at (0,0) size 78x20
          chunk 1 text run 1 at (2300.00,4120.00) startOffset 0 endOffset 11 width 77.76: "just a text"
      RenderSVGText {text} at (2400,4105) size 78x20 contains 1 chunk(s)
        RenderSVGInlineText {#text} at (0,0) size 78x20
          chunk 1 text run 1 at (2400.00,4120.00) startOffset 0 endOffset 11 width 77.76: "just a text"
      RenderSVGText {text} at (2500,4105) size 78x20 contains 1 chunk(s)
        RenderSVGInlineText {#text} at (0,0) size 78x20
          chunk 1 text run 1 at (2500.00,4120.00) startOffset 0 endOffset 11 width 77.76: "just a text"
      RenderSVGText {text} at (2600,4105) size 78x20 contains 1 chunk(s)
        RenderSVGInlineText {#text} at (0,0) size 78x20
          chunk 1 text run 1 at (2600.00,4120.00) startOffset 0 endOffset 11 width 77.76: "just a text"
      RenderSVGText {text} at (2700,4105) size 78x20 contains 1 chunk(s)
        RenderSVGInlineText {#text} at (0,0) size 78x20
          chunk 1 text run 1 at (2700.00,4120.00) startOffset 0 endOffset 11 width 77.76: "just a text"
      RenderSVGText {text} at (2800,4105) size 78x20 contains 1 chunk(s)
        RenderSVGInlineText {#text} at (0,0) size 78x20
          chunk 1 text run 1 at (2800.00,4120.00) startOffset 0 endOffset 11 width 77.76: "just a text"
      RenderSVGText {text} at (2900,4105) size 78x20 contains 1 chunk(s)
        RenderSVGInlineText {#text} at (0,0) size 78x20
          chunk 1 text run 1 at (2900.00,4120.00) startOffset 0 endOffset 11 width 77.76: "just a text"
      RenderSVGText {text} at (3000,4105) size 78x20 contains 1 chunk(s)
        RenderSVGInlineText {#text} at (0,0) size 78x20
          chunk 1 text run 1 at (3000.00,4120.00) startOffset 0 endOffset 11 width 77.76: "just a text"
      RenderSVGText {text} at (3100,4105) size 78x20 contains 1 chunk(s)
        RenderSVGInlineText {#text} at (0,0) size 78x20
          chunk 1 text run 1 at (3100.00,4120.00) startOffset 0 endOffset 11 width 77.76: "just a text"
      RenderSVGText {text} at (3200,4105) size 78x20 contains 1 chunk(s)
        RenderSVGInlineText {#text} at (0,0) size 78x20
          chunk 1 text run 1 at (3200.00,4120.00) startOffset 0 endOffset 11 width 77.76: "just a text"
      RenderSVGText {text} at (3300,4105) size 78x20 contains 1 chunk(s)
        RenderSVGInlineText {#text} at (0,0) size 78x20
          chunk 1 text run 1 at (3300.00,4120.00) startOffset 0 endOffset 11 width 77.76: "just a text"
      RenderSVGText {text} at (3400,4105) size 78x20 contains 1 chunk(s)
        RenderSVGInlineText {#text} at (0,0) size 78x20
          chunk 1 text run 1 at (3400.00,4120.00) startOffset 0 endOffset 11 width 77.76: "just a text"
      RenderSVGText {text} at (3500,4105) size 78x20 contains 1 chunk(s)
        RenderSVGInlineText {#text} at (0,0) size 78x20
          chunk 1 text run 1 at (3500.00,4120.00) startOffset 0 endOffset 11 width 77.76: "just a text"
      RenderSVGText {text} at (3600,4105) size 78x20 contains 1 chunk(s)
        RenderSVGInlineText {#text} at (0,0) size 78x20
          chunk 1 text run 1 at (3600.00,4120.00) startOffset 0 endOffset 11 width 77.76: "just a text"
      RenderSVGText {text} at (3700,4105) size 78x20 contains 1 chunk(s)
        RenderSVGInlineText {#text} at (0,0) size 78x20
          chunk 1 text run 1 at (3700.00,4120.00) startOffset 0 endOffset 11 width 77.76: "just a text"
      RenderSVGText {text} at (3800,4105) size 78x20 contains 1 chunk(s)
        RenderSVGInlineText {#text} at (0,0) size 78x20
          chunk 1 text run 1 at (3800.00,4120.00) startOffset 0 endOffset 11 width 77.76: "just a text"
      RenderSVGText {text} at (3900,4105) size 78x20 contains 1 chunk(s)
        RenderSVGInlineText {#text} at (0,0) size 78x20
          chunk 1 text run 1 at (3900.00,4120.00) startOffset 0 endOffset 11 width 77.76: "just a text"
      RenderSVGText {text} at (4000,4105) size 78x20 contains 1 chunk(s)
        RenderSVGInlineText {#text} at (0,0) size 78x20
          chunk 1 text run 1 at (4000.00,4120.00) startOffset 0 endOffset 11 width 77.76: "just a text"
      RenderSVGText {text} at (4100,4105) size 78x20 contains 1 chunk(s)
        RenderSVGInlineText {#text} at (0,0) size 78x20
          chunk 1 text run 1 at (4100.00,4120.00) startOffset 0 endOffset 11 width 77.76: "just a text"
      RenderSVGText {text} at (4200,4105) size 78x20 contains 1 chunk(s)
        RenderSVGInlineText {#text} at (0,0) size 78x20
          chunk 1 text run 1 at (4200.00,4120.00) startOffset 0 endOffset 11 width 77.76: "just a text"
      RenderSVGText {text} at (4300,4105) size 78x20 contains 1 chunk(s)
        RenderSVGInlineText {#text} at (0,0) size 78x20
          chunk 1 text run 1 at (4300.00,4120.00) startOffset 0 endOffset 11 width 77.76: "just a text"
      RenderSVGText {text} at (4400,4105) size 78x20 contains 1 chunk(s)
        RenderSVGInlineText {#text} at (0,0) size 78x20
          chunk 1 text run 1 at (4400.00,4120.00) startOffset 0 endOffset 11 width 77.76: "just a text"
      RenderSVGText {text} at (4500,4105) size 78x20 contains 1 chunk(s)
        RenderSVGInlineText {#text} at (0,0) size 78x20
          chunk 1 text run 1 at (4500.00,4120.00) startOffset 0 endOffset 11 width 77.76: "just a text"
      RenderSVGText {text} at (4600,4105) size 78x20 contains 1 chunk(s)
        RenderSVGInlineText {#text} at (0,0) size 78x20
          chunk 1 text run 1 at (4600.00,4120.00) startOffset 0 endOffset 11 width 77.76: "just a text"
      RenderSVGText {text} at (4700,4105) size 78x20 contains 1 chunk(s)
        RenderSVGInlineText {#text} at (0,0) size 78x20
          chunk 1 text run 1 at (4700.00,4120.00) startOffset 0 endOffset 11 width 77.76: "just a text"
      RenderSVGText {text} at (4800,4105) size 78x20 contains 1 chunk(s)
        RenderSVGInlineText {#text} at (0,0) size 78x20
          chunk 1 text run 1 at (4800.00,4120.00) startOffset 0 endOffset 11 width 77.76: "just a text"
      RenderSVGText {text} at (4900,4105) size 78x20 contains 1 chunk(s)
        RenderSVGInlineText {#text} at (0,0) size 78x20
          chunk 1 text run 1 at (4900.00,4120.00) startOffset 0 endOffset 11 width 77.76: "just a text"
      RenderSVGText {text} at (0,4205) size 78x20 contains 1 chunk(s)
        RenderSVGInlineText {#text} at (0,0) size 78x20
          chunk 1 text run 1 at (0.00,4220.00) startOffset 0 endOffset 11 width 77.76: "just a text"
      RenderSVGText {text} at (100,4205) size 78x20 contains 1 chunk(s)
        RenderSVGInlineText {#text} at (0,0) size 78x20
          chunk 1 text run 1 at (100.00,4220.00) startOffset 0 endOffset 11 width 77.76: "just a text"
      RenderSVGText {text} at (200,4205) size 78x20 contains 1 chunk(s)
        RenderSVGInlineText {#text} at (0,0) size 78x20
          chunk 1 text run 1 at (200.00,4220.00) startOffset 0 endOffset 11 width 77.76: "just a text"
      RenderSVGText {text} at (300,4205) size 78x20 contains 1 chunk(s)
        RenderSVGInlineText {#text} at (0,0) size 78x20
          chunk 1 text run 1 at (300.00,4220.00) startOffset 0 endOffset 11 width 77.76: "just a text"
      RenderSVGText {text} at (400,4205) size 78x20 contains 1 chunk(s)
        RenderSVGInlineText {#text} at (0,0) size 78x20
          chunk 1 text run 1 at (400.00,4220.00) startOffset 0 endOffset 11 width 77.76: "just a text"
      RenderSVGText {text} at (500,4205) size 78x20 contains 1 chunk(s)
        RenderSVGInlineText {#text} at (0,0) size 78x20
          chunk 1 text run 1 at (500.00,4220.00) startOffset 0 endOffset 11 width 77.76: "just a text"
      RenderSVGText {text} at (600,4205) size 78x20 contains 1 chunk(s)
        RenderSVGInlineText {#text} at (0,0) size 78x20
          chunk 1 text run 1 at (600.00,4220.00) startOffset 0 endOffset 11 width 77.76: "just a text"
      RenderSVGText {text} at (700,4205) size 78x20 contains 1 chunk(s)
        RenderSVGInlineText {#text} at (0,0) size 78x20
          chunk 1 text run 1 at (700.00,4220.00) startOffset 0 endOffset 11 width 77.76: "just a text"
      RenderSVGText {text} at (800,4205) size 78x20 contains 1 chunk(s)
        RenderSVGInlineText {#text} at (0,0) size 78x20
          chunk 1 text run 1 at (800.00,4220.00) startOffset 0 endOffset 11 width 77.76: "just a text"
      RenderSVGText {text} at (900,4205) size 78x20 contains 1 chunk(s)
        RenderSVGInlineText {#text} at (0,0) size 78x20
          chunk 1 text run 1 at (900.00,4220.00) startOffset 0 endOffset 11 width 77.76: "just a text"
      RenderSVGText {text} at (1000,4205) size 78x20 contains 1 chunk(s)
        RenderSVGInlineText {#text} at (0,0) size 78x20
          chunk 1 text run 1 at (1000.00,4220.00) startOffset 0 endOffset 11 width 77.76: "just a text"
      RenderSVGText {text} at (1100,4205) size 78x20 contains 1 chunk(s)
        RenderSVGInlineText {#text} at (0,0) size 78x20
          chunk 1 text run 1 at (1100.00,4220.00) startOffset 0 endOffset 11 width 77.76: "just a text"
      RenderSVGText {text} at (1200,4205) size 78x20 contains 1 chunk(s)
        RenderSVGInlineText {#text} at (0,0) size 78x20
          chunk 1 text run 1 at (1200.00,4220.00) startOffset 0 endOffset 11 width 77.76: "just a text"
      RenderSVGText {text} at (1300,4205) size 78x20 contains 1 chunk(s)
        RenderSVGInlineText {#text} at (0,0) size 78x20
          chunk 1 text run 1 at (1300.00,4220.00) startOffset 0 endOffset 11 width 77.76: "just a text"
      RenderSVGText {text} at (1400,4205) size 78x20 contains 1 chunk(s)
        RenderSVGInlineText {#text} at (0,0) size 78x20
          chunk 1 text run 1 at (1400.00,4220.00) startOffset 0 endOffset 11 width 77.76: "just a text"
      RenderSVGText {text} at (1500,4205) size 78x20 contains 1 chunk(s)
        RenderSVGInlineText {#text} at (0,0) size 78x20
          chunk 1 text run 1 at (1500.00,4220.00) startOffset 0 endOffset 11 width 77.76: "just a text"
      RenderSVGText {text} at (1600,4205) size 78x20 contains 1 chunk(s)
        RenderSVGInlineText {#text} at (0,0) size 78x20
          chunk 1 text run 1 at (1600.00,4220.00) startOffset 0 endOffset 11 width 77.76: "just a text"
      RenderSVGText {text} at (1700,4205) size 78x20 contains 1 chunk(s)
        RenderSVGInlineText {#text} at (0,0) size 78x20
          chunk 1 text run 1 at (1700.00,4220.00) startOffset 0 endOffset 11 width 77.76: "just a text"
      RenderSVGText {text} at (1800,4205) size 78x20 contains 1 chunk(s)
        RenderSVGInlineText {#text} at (0,0) size 78x20
          chunk 1 text run 1 at (1800.00,4220.00) startOffset 0 endOffset 11 width 77.76: "just a text"
      RenderSVGText {text} at (1900,4205) size 78x20 contains 1 chunk(s)
        RenderSVGInlineText {#text} at (0,0) size 78x20
          chunk 1 text run 1 at (1900.00,4220.00) startOffset 0 endOffset 11 width 77.76: "just a text"
      RenderSVGText {text} at (2000,4205) size 78x20 contains 1 chunk(s)
        RenderSVGInlineText {#text} at (0,0) size 78x20
          chunk 1 text run 1 at (2000.00,4220.00) startOffset 0 endOffset 11 width 77.76: "just a text"
      RenderSVGText {text} at (2100,4205) size 78x20 contains 1 chunk(s)
        RenderSVGInlineText {#text} at (0,0) size 78x20
          chunk 1 text run 1 at (2100.00,4220.00) startOffset 0 endOffset 11 width 77.76: "just a text"
      RenderSVGText {text} at (2200,4205) size 78x20 contains 1 chunk(s)
        RenderSVGInlineText {#text} at (0,0) size 78x20
          chunk 1 text run 1 at (2200.00,4220.00) startOffset 0 endOffset 11 width 77.76: "just a text"
      RenderSVGText {text} at (2300,4205) size 78x20 contains 1 chunk(s)
        RenderSVGInlineText {#text} at (0,0) size 78x20
          chunk 1 text run 1 at (2300.00,4220.00) startOffset 0 endOffset 11 width 77.76: "just a text"
      RenderSVGText {text} at (2400,4205) size 78x20 contains 1 chunk(s)
        RenderSVGInlineText {#text} at (0,0) size 78x20
          chunk 1 text run 1 at (2400.00,4220.00) startOffset 0 endOffset 11 width 77.76: "just a text"
      RenderSVGText {text} at (2500,4205) size 78x20 contains 1 chunk(s)
        RenderSVGInlineText {#text} at (0,0) size 78x20
          chunk 1 text run 1 at (2500.00,4220.00) startOffset 0 endOffset 11 width 77.76: "just a text"
      RenderSVGText {text} at (2600,4205) size 78x20 contains 1 chunk(s)
        RenderSVGInlineText {#text} at (0,0) size 78x20
          chunk 1 text run 1 at (2600.00,4220.00) startOffset 0 endOffset 11 width 77.76: "just a text"
      RenderSVGText {text} at (2700,4205) size 78x20 contains 1 chunk(s)
        RenderSVGInlineText {#text} at (0,0) size 78x20
          chunk 1 text run 1 at (2700.00,4220.00) startOffset 0 endOffset 11 width 77.76: "just a text"
      RenderSVGText {text} at (2800,4205) size 78x20 contains 1 chunk(s)
        RenderSVGInlineText {#text} at (0,0) size 78x20
          chunk 1 text run 1 at (2800.00,4220.00) startOffset 0 endOffset 11 width 77.76: "just a text"
      RenderSVGText {text} at (2900,4205) size 78x20 contains 1 chunk(s)
        RenderSVGInlineText {#text} at (0,0) size 78x20
          chunk 1 text run 1 at (2900.00,4220.00) startOffset 0 endOffset 11 width 77.76: "just a text"
      RenderSVGText {text} at (3000,4205) size 78x20 contains 1 chunk(s)
        RenderSVGInlineText {#text} at (0,0) size 78x20
          chunk 1 text run 1 at (3000.00,4220.00) startOffset 0 endOffset 11 width 77.76: "just a text"
      RenderSVGText {text} at (3100,4205) size 78x20 contains 1 chunk(s)
        RenderSVGInlineText {#text} at (0,0) size 78x20
          chunk 1 text run 1 at (3100.00,4220.00) startOffset 0 endOffset 11 width 77.76: "just a text"
      RenderSVGText {text} at (3200,4205) size 78x20 contains 1 chunk(s)
        RenderSVGInlineText {#text} at (0,0) size 78x20
          chunk 1 text run 1 at (3200.00,4220.00) startOffset 0 endOffset 11 width 77.76: "just a text"
      RenderSVGText {text} at (3300,4205) size 78x20 contains 1 chunk(s)
        RenderSVGInlineText {#text} at (0,0) size 78x20
          chunk 1 text run 1 at (3300.00,4220.00) startOffset 0 endOffset 11 width 77.76: "just a text"
      RenderSVGText {text} at (3400,4205) size 78x20 contains 1 chunk(s)
        RenderSVGInlineText {#text} at (0,0) size 78x20
          chunk 1 text run 1 at (3400.00,4220.00) startOffset 0 endOffset 11 width 77.76: "just a text"
      RenderSVGText {text} at (3500,4205) size 78x20 contains 1 chunk(s)
        RenderSVGInlineText {#text} at (0,0) size 78x20
          chunk 1 text run 1 at (3500.00,4220.00) startOffset 0 endOffset 11 width 77.76: "just a text"
      RenderSVGText {text} at (3600,4205) size 78x20 contains 1 chunk(s)
        RenderSVGInlineText {#text} at (0,0) size 78x20
          chunk 1 text run 1 at (3600.00,4220.00) startOffset 0 endOffset 11 width 77.76: "just a text"
      RenderSVGText {text} at (3700,4205) size 78x20 contains 1 chunk(s)
        RenderSVGInlineText {#text} at (0,0) size 78x20
          chunk 1 text run 1 at (3700.00,4220.00) startOffset 0 endOffset 11 width 77.76: "just a text"
      RenderSVGText {text} at (3800,4205) size 78x20 contains 1 chunk(s)
        RenderSVGInlineText {#text} at (0,0) size 78x20
          chunk 1 text run 1 at (3800.00,4220.00) startOffset 0 endOffset 11 width 77.76: "just a text"
      RenderSVGText {text} at (3900,4205) size 78x20 contains 1 chunk(s)
        RenderSVGInlineText {#text} at (0,0) size 78x20
          chunk 1 text run 1 at (3900.00,4220.00) startOffset 0 endOffset 11 width 77.76: "just a text"
      RenderSVGText {text} at (4000,4205) size 78x20 contains 1 chunk(s)
        RenderSVGInlineText {#text} at (0,0) size 78x20
          chunk 1 text run 1 at (4000.00,4220.00) startOffset 0 endOffset 11 width 77.76: "just a text"
      RenderSVGText {text} at (4100,4205) size 78x20 contains 1 chunk(s)
        RenderSVGInlineText {#text} at (0,0) size 78x20
          chunk 1 text run 1 at (4100.00,4220.00) startOffset 0 endOffset 11 width 77.76: "just a text"
      RenderSVGText {text} at (4200,4205) size 78x20 contains 1 chunk(s)
        RenderSVGInlineText {#text} at (0,0) size 78x20
          chunk 1 text run 1 at (4200.00,4220.00) startOffset 0 endOffset 11 width 77.76: "just a text"
      RenderSVGText {text} at (4300,4205) size 78x20 contains 1 chunk(s)
        RenderSVGInlineText {#text} at (0,0) size 78x20
          chunk 1 text run 1 at (4300.00,4220.00) startOffset 0 endOffset 11 width 77.76: "just a text"
      RenderSVGText {text} at (4400,4205) size 78x20 contains 1 chunk(s)
        RenderSVGInlineText {#text} at (0,0) size 78x20
          chunk 1 text run 1 at (4400.00,4220.00) startOffset 0 endOffset 11 width 77.76: "just a text"
      RenderSVGText {text} at (4500,4205) size 78x20 contains 1 chunk(s)
        RenderSVGInlineText {#text} at (0,0) size 78x20
          chunk 1 text run 1 at (4500.00,4220.00) startOffset 0 endOffset 11 width 77.76: "just a text"
      RenderSVGText {text} at (4600,4205) size 78x20 contains 1 chunk(s)
        RenderSVGInlineText {#text} at (0,0) size 78x20
          chunk 1 text run 1 at (4600.00,4220.00) startOffset 0 endOffset 11 width 77.76: "just a text"
      RenderSVGText {text} at (4700,4205) size 78x20 contains 1 chunk(s)
        RenderSVGInlineText {#text} at (0,0) size 78x20
          chunk 1 text run 1 at (4700.00,4220.00) startOffset 0 endOffset 11 width 77.76: "just a text"
      RenderSVGText {text} at (4800,4205) size 78x20 contains 1 chunk(s)
        RenderSVGInlineText {#text} at (0,0) size 78x20
          chunk 1 text run 1 at (4800.00,4220.00) startOffset 0 endOffset 11 width 77.76: "just a text"
      RenderSVGText {text} at (4900,4205) size 78x20 contains 1 chunk(s)
        RenderSVGInlineText {#text} at (0,0) size 78x20
          chunk 1 text run 1 at (4900.00,4220.00) startOffset 0 endOffset 11 width 77.76: "just a text"
      RenderSVGText {text} at (0,4305) size 78x20 contains 1 chunk(s)
        RenderSVGInlineText {#text} at (0,0) size 78x20
          chunk 1 text run 1 at (0.00,4320.00) startOffset 0 endOffset 11 width 77.76: "just a text"
      RenderSVGText {text} at (100,4305) size 78x20 contains 1 chunk(s)
        RenderSVGInlineText {#text} at (0,0) size 78x20
          chunk 1 text run 1 at (100.00,4320.00) startOffset 0 endOffset 11 width 77.76: "just a text"
      RenderSVGText {text} at (200,4305) size 78x20 contains 1 chunk(s)
        RenderSVGInlineText {#text} at (0,0) size 78x20
          chunk 1 text run 1 at (200.00,4320.00) startOffset 0 endOffset 11 width 77.76: "just a text"
      RenderSVGText {text} at (300,4305) size 78x20 contains 1 chunk(s)
        RenderSVGInlineText {#text} at (0,0) size 78x20
          chunk 1 text run 1 at (300.00,4320.00) startOffset 0 endOffset 11 width 77.76: "just a text"
      RenderSVGText {text} at (400,4305) size 78x20 contains 1 chunk(s)
        RenderSVGInlineText {#text} at (0,0) size 78x20
          chunk 1 text run 1 at (400.00,4320.00) startOffset 0 endOffset 11 width 77.76: "just a text"
      RenderSVGText {text} at (500,4305) size 78x20 contains 1 chunk(s)
        RenderSVGInlineText {#text} at (0,0) size 78x20
          chunk 1 text run 1 at (500.00,4320.00) startOffset 0 endOffset 11 width 77.76: "just a text"
      RenderSVGText {text} at (600,4305) size 78x20 contains 1 chunk(s)
        RenderSVGInlineText {#text} at (0,0) size 78x20
          chunk 1 text run 1 at (600.00,4320.00) startOffset 0 endOffset 11 width 77.76: "just a text"
      RenderSVGText {text} at (700,4305) size 78x20 contains 1 chunk(s)
        RenderSVGInlineText {#text} at (0,0) size 78x20
          chunk 1 text run 1 at (700.00,4320.00) startOffset 0 endOffset 11 width 77.76: "just a text"
      RenderSVGText {text} at (800,4305) size 78x20 contains 1 chunk(s)
        RenderSVGInlineText {#text} at (0,0) size 78x20
          chunk 1 text run 1 at (800.00,4320.00) startOffset 0 endOffset 11 width 77.76: "just a text"
      RenderSVGText {text} at (900,4305) size 78x20 contains 1 chunk(s)
        RenderSVGInlineText {#text} at (0,0) size 78x20
          chunk 1 text run 1 at (900.00,4320.00) startOffset 0 endOffset 11 width 77.76: "just a text"
      RenderSVGText {text} at (1000,4305) size 78x20 contains 1 chunk(s)
        RenderSVGInlineText {#text} at (0,0) size 78x20
          chunk 1 text run 1 at (1000.00,4320.00) startOffset 0 endOffset 11 width 77.76: "just a text"
      RenderSVGText {text} at (1100,4305) size 78x20 contains 1 chunk(s)
        RenderSVGInlineText {#text} at (0,0) size 78x20
          chunk 1 text run 1 at (1100.00,4320.00) startOffset 0 endOffset 11 width 77.76: "just a text"
      RenderSVGText {text} at (1200,4305) size 78x20 contains 1 chunk(s)
        RenderSVGInlineText {#text} at (0,0) size 78x20
          chunk 1 text run 1 at (1200.00,4320.00) startOffset 0 endOffset 11 width 77.76: "just a text"
      RenderSVGText {text} at (1300,4305) size 78x20 contains 1 chunk(s)
        RenderSVGInlineText {#text} at (0,0) size 78x20
          chunk 1 text run 1 at (1300.00,4320.00) startOffset 0 endOffset 11 width 77.76: "just a text"
      RenderSVGText {text} at (1400,4305) size 78x20 contains 1 chunk(s)
        RenderSVGInlineText {#text} at (0,0) size 78x20
          chunk 1 text run 1 at (1400.00,4320.00) startOffset 0 endOffset 11 width 77.76: "just a text"
      RenderSVGText {text} at (1500,4305) size 78x20 contains 1 chunk(s)
        RenderSVGInlineText {#text} at (0,0) size 78x20
          chunk 1 text run 1 at (1500.00,4320.00) startOffset 0 endOffset 11 width 77.76: "just a text"
      RenderSVGText {text} at (1600,4305) size 78x20 contains 1 chunk(s)
        RenderSVGInlineText {#text} at (0,0) size 78x20
          chunk 1 text run 1 at (1600.00,4320.00) startOffset 0 endOffset 11 width 77.76: "just a text"
      RenderSVGText {text} at (1700,4305) size 78x20 contains 1 chunk(s)
        RenderSVGInlineText {#text} at (0,0) size 78x20
          chunk 1 text run 1 at (1700.00,4320.00) startOffset 0 endOffset 11 width 77.76: "just a text"
      RenderSVGText {text} at (1800,4305) size 78x20 contains 1 chunk(s)
        RenderSVGInlineText {#text} at (0,0) size 78x20
          chunk 1 text run 1 at (1800.00,4320.00) startOffset 0 endOffset 11 width 77.76: "just a text"
      RenderSVGText {text} at (1900,4305) size 78x20 contains 1 chunk(s)
        RenderSVGInlineText {#text} at (0,0) size 78x20
          chunk 1 text run 1 at (1900.00,4320.00) startOffset 0 endOffset 11 width 77.76: "just a text"
      RenderSVGText {text} at (2000,4305) size 78x20 contains 1 chunk(s)
        RenderSVGInlineText {#text} at (0,0) size 78x20
          chunk 1 text run 1 at (2000.00,4320.00) startOffset 0 endOffset 11 width 77.76: "just a text"
      RenderSVGText {text} at (2100,4305) size 78x20 contains 1 chunk(s)
        RenderSVGInlineText {#text} at (0,0) size 78x20
          chunk 1 text run 1 at (2100.00,4320.00) startOffset 0 endOffset 11 width 77.76: "just a text"
      RenderSVGText {text} at (2200,4305) size 78x20 contains 1 chunk(s)
        RenderSVGInlineText {#text} at (0,0) size 78x20
          chunk 1 text run 1 at (2200.00,4320.00) startOffset 0 endOffset 11 width 77.76: "just a text"
      RenderSVGText {text} at (2300,4305) size 78x20 contains 1 chunk(s)
        RenderSVGInlineText {#text} at (0,0) size 78x20
          chunk 1 text run 1 at (2300.00,4320.00) startOffset 0 endOffset 11 width 77.76: "just a text"
      RenderSVGText {text} at (2400,4305) size 78x20 contains 1 chunk(s)
        RenderSVGInlineText {#text} at (0,0) size 78x20
          chunk 1 text run 1 at (2400.00,4320.00) startOffset 0 endOffset 11 width 77.76: "just a text"
      RenderSVGText {text} at (2500,4305) size 78x20 contains 1 chunk(s)
        RenderSVGInlineText {#text} at (0,0) size 78x20
          chunk 1 text run 1 at (2500.00,4320.00) startOffset 0 endOffset 11 width 77.76: "just a text"
      RenderSVGText {text} at (2600,4305) size 78x20 contains 1 chunk(s)
        RenderSVGInlineText {#text} at (0,0) size 78x20
          chunk 1 text run 1 at (2600.00,4320.00) startOffset 0 endOffset 11 width 77.76: "just a text"
      RenderSVGText {text} at (2700,4305) size 78x20 contains 1 chunk(s)
        RenderSVGInlineText {#text} at (0,0) size 78x20
          chunk 1 text run 1 at (2700.00,4320.00) startOffset 0 endOffset 11 width 77.76: "just a text"
      RenderSVGText {text} at (2800,4305) size 78x20 contains 1 chunk(s)
        RenderSVGInlineText {#text} at (0,0) size 78x20
          chunk 1 text run 1 at (2800.00,4320.00) startOffset 0 endOffset 11 width 77.76: "just a text"
      RenderSVGText {text} at (2900,4305) size 78x20 contains 1 chunk(s)
        RenderSVGInlineText {#text} at (0,0) size 78x20
          chunk 1 text run 1 at (2900.00,4320.00) startOffset 0 endOffset 11 width 77.76: "just a text"
      RenderSVGText {text} at (3000,4305) size 78x20 contains 1 chunk(s)
        RenderSVGInlineText {#text} at (0,0) size 78x20
          chunk 1 text run 1 at (3000.00,4320.00) startOffset 0 endOffset 11 width 77.76: "just a text"
      RenderSVGText {text} at (3100,4305) size 78x20 contains 1 chunk(s)
        RenderSVGInlineText {#text} at (0,0) size 78x20
          chunk 1 text run 1 at (3100.00,4320.00) startOffset 0 endOffset 11 width 77.76: "just a text"
      RenderSVGText {text} at (3200,4305) size 78x20 contains 1 chunk(s)
        RenderSVGInlineText {#text} at (0,0) size 78x20
          chunk 1 text run 1 at (3200.00,4320.00) startOffset 0 endOffset 11 width 77.76: "just a text"
      RenderSVGText {text} at (3300,4305) size 78x20 contains 1 chunk(s)
        RenderSVGInlineText {#text} at (0,0) size 78x20
          chunk 1 text run 1 at (3300.00,4320.00) startOffset 0 endOffset 11 width 77.76: "just a text"
      RenderSVGText {text} at (3400,4305) size 78x20 contains 1 chunk(s)
        RenderSVGInlineText {#text} at (0,0) size 78x20
          chunk 1 text run 1 at (3400.00,4320.00) startOffset 0 endOffset 11 width 77.76: "just a text"
      RenderSVGText {text} at (3500,4305) size 78x20 contains 1 chunk(s)
        RenderSVGInlineText {#text} at (0,0) size 78x20
          chunk 1 text run 1 at (3500.00,4320.00) startOffset 0 endOffset 11 width 77.76: "just a text"
      RenderSVGText {text} at (3600,4305) size 78x20 contains 1 chunk(s)
        RenderSVGInlineText {#text} at (0,0) size 78x20
          chunk 1 text run 1 at (3600.00,4320.00) startOffset 0 endOffset 11 width 77.76: "just a text"
      RenderSVGText {text} at (3700,4305) size 78x20 contains 1 chunk(s)
        RenderSVGInlineText {#text} at (0,0) size 78x20
          chunk 1 text run 1 at (3700.00,4320.00) startOffset 0 endOffset 11 width 77.76: "just a text"
      RenderSVGText {text} at (3800,4305) size 78x20 contains 1 chunk(s)
        RenderSVGInlineText {#text} at (0,0) size 78x20
          chunk 1 text run 1 at (3800.00,4320.00) startOffset 0 endOffset 11 width 77.76: "just a text"
      RenderSVGText {text} at (3900,4305) size 78x20 contains 1 chunk(s)
        RenderSVGInlineText {#text} at (0,0) size 78x20
          chunk 1 text run 1 at (3900.00,4320.00) startOffset 0 endOffset 11 width 77.76: "just a text"
      RenderSVGText {text} at (4000,4305) size 78x20 contains 1 chunk(s)
        RenderSVGInlineText {#text} at (0,0) size 78x20
          chunk 1 text run 1 at (4000.00,4320.00) startOffset 0 endOffset 11 width 77.76: "just a text"
      RenderSVGText {text} at (4100,4305) size 78x20 contains 1 chunk(s)
        RenderSVGInlineText {#text} at (0,0) size 78x20
          chunk 1 text run 1 at (4100.00,4320.00) startOffset 0 endOffset 11 width 77.76: "just a text"
      RenderSVGText {text} at (4200,4305) size 78x20 contains 1 chunk(s)
        RenderSVGInlineText {#text} at (0,0) size 78x20
          chunk 1 text run 1 at (4200.00,4320.00) startOffset 0 endOffset 11 width 77.76: "just a text"
      RenderSVGText {text} at (4300,4305) size 78x20 contains 1 chunk(s)
        RenderSVGInlineText {#text} at (0,0) size 78x20
          chunk 1 text run 1 at (4300.00,4320.00) startOffset 0 endOffset 11 width 77.76: "just a text"
      RenderSVGText {text} at (4400,4305) size 78x20 contains 1 chunk(s)
        RenderSVGInlineText {#text} at (0,0) size 78x20
          chunk 1 text run 1 at (4400.00,4320.00) startOffset 0 endOffset 11 width 77.76: "just a text"
      RenderSVGText {text} at (4500,4305) size 78x20 contains 1 chunk(s)
        RenderSVGInlineText {#text} at (0,0) size 78x20
          chunk 1 text run 1 at (4500.00,4320.00) startOffset 0 endOffset 11 width 77.76: "just a text"
      RenderSVGText {text} at (4600,4305) size 78x20 contains 1 chunk(s)
        RenderSVGInlineText {#text} at (0,0) size 78x20
          chunk 1 text run 1 at (4600.00,4320.00) startOffset 0 endOffset 11 width 77.76: "just a text"
      RenderSVGText {text} at (4700,4305) size 78x20 contains 1 chunk(s)
        RenderSVGInlineText {#text} at (0,0) size 78x20
          chunk 1 text run 1 at (4700.00,4320.00) startOffset 0 endOffset 11 width 77.76: "just a text"
      RenderSVGText {text} at (4800,4305) size 78x20 contains 1 chunk(s)
        RenderSVGInlineText {#text} at (0,0) size 78x20
          chunk 1 text run 1 at (4800.00,4320.00) startOffset 0 endOffset 11 width 77.76: "just a text"
      RenderSVGText {text} at (4900,4305) size 78x20 contains 1 chunk(s)
        RenderSVGInlineText {#text} at (0,0) size 78x20
          chunk 1 text run 1 at (4900.00,4320.00) startOffset 0 endOffset 11 width 77.76: "just a text"
      RenderSVGText {text} at (0,4405) size 78x20 contains 1 chunk(s)
        RenderSVGInlineText {#text} at (0,0) size 78x20
          chunk 1 text run 1 at (0.00,4420.00) startOffset 0 endOffset 11 width 77.76: "just a text"
      RenderSVGText {text} at (100,4405) size 78x20 contains 1 chunk(s)
        RenderSVGInlineText {#text} at (0,0) size 78x20
          chunk 1 text run 1 at (100.00,4420.00) startOffset 0 endOffset 11 width 77.76: "just a text"
      RenderSVGText {text} at (200,4405) size 78x20 contains 1 chunk(s)
        RenderSVGInlineText {#text} at (0,0) size 78x20
          chunk 1 text run 1 at (200.00,4420.00) startOffset 0 endOffset 11 width 77.76: "just a text"
      RenderSVGText {text} at (300,4405) size 78x20 contains 1 chunk(s)
        RenderSVGInlineText {#text} at (0,0) size 78x20
          chunk 1 text run 1 at (300.00,4420.00) startOffset 0 endOffset 11 width 77.76: "just a text"
      RenderSVGText {text} at (400,4405) size 78x20 contains 1 chunk(s)
        RenderSVGInlineText {#text} at (0,0) size 78x20
          chunk 1 text run 1 at (400.00,4420.00) startOffset 0 endOffset 11 width 77.76: "just a text"
      RenderSVGText {text} at (500,4405) size 78x20 contains 1 chunk(s)
        RenderSVGInlineText {#text} at (0,0) size 78x20
          chunk 1 text run 1 at (500.00,4420.00) startOffset 0 endOffset 11 width 77.76: "just a text"
      RenderSVGText {text} at (600,4405) size 78x20 contains 1 chunk(s)
        RenderSVGInlineText {#text} at (0,0) size 78x20
          chunk 1 text run 1 at (600.00,4420.00) startOffset 0 endOffset 11 width 77.76: "just a text"
      RenderSVGText {text} at (700,4405) size 78x20 contains 1 chunk(s)
        RenderSVGInlineText {#text} at (0,0) size 78x20
          chunk 1 text run 1 at (700.00,4420.00) startOffset 0 endOffset 11 width 77.76: "just a text"
      RenderSVGText {text} at (800,4405) size 78x20 contains 1 chunk(s)
        RenderSVGInlineText {#text} at (0,0) size 78x20
          chunk 1 text run 1 at (800.00,4420.00) startOffset 0 endOffset 11 width 77.76: "just a text"
      RenderSVGText {text} at (900,4405) size 78x20 contains 1 chunk(s)
        RenderSVGInlineText {#text} at (0,0) size 78x20
          chunk 1 text run 1 at (900.00,4420.00) startOffset 0 endOffset 11 width 77.76: "just a text"
      RenderSVGText {text} at (1000,4405) size 78x20 contains 1 chunk(s)
        RenderSVGInlineText {#text} at (0,0) size 78x20
          chunk 1 text run 1 at (1000.00,4420.00) startOffset 0 endOffset 11 width 77.76: "just a text"
      RenderSVGText {text} at (1100,4405) size 78x20 contains 1 chunk(s)
        RenderSVGInlineText {#text} at (0,0) size 78x20
          chunk 1 text run 1 at (1100.00,4420.00) startOffset 0 endOffset 11 width 77.76: "just a text"
      RenderSVGText {text} at (1200,4405) size 78x20 contains 1 chunk(s)
        RenderSVGInlineText {#text} at (0,0) size 78x20
          chunk 1 text run 1 at (1200.00,4420.00) startOffset 0 endOffset 11 width 77.76: "just a text"
      RenderSVGText {text} at (1300,4405) size 78x20 contains 1 chunk(s)
        RenderSVGInlineText {#text} at (0,0) size 78x20
          chunk 1 text run 1 at (1300.00,4420.00) startOffset 0 endOffset 11 width 77.76: "just a text"
      RenderSVGText {text} at (1400,4405) size 78x20 contains 1 chunk(s)
        RenderSVGInlineText {#text} at (0,0) size 78x20
          chunk 1 text run 1 at (1400.00,4420.00) startOffset 0 endOffset 11 width 77.76: "just a text"
      RenderSVGText {text} at (1500,4405) size 78x20 contains 1 chunk(s)
        RenderSVGInlineText {#text} at (0,0) size 78x20
          chunk 1 text run 1 at (1500.00,4420.00) startOffset 0 endOffset 11 width 77.76: "just a text"
      RenderSVGText {text} at (1600,4405) size 78x20 contains 1 chunk(s)
        RenderSVGInlineText {#text} at (0,0) size 78x20
          chunk 1 text run 1 at (1600.00,4420.00) startOffset 0 endOffset 11 width 77.76: "just a text"
      RenderSVGText {text} at (1700,4405) size 78x20 contains 1 chunk(s)
        RenderSVGInlineText {#text} at (0,0) size 78x20
          chunk 1 text run 1 at (1700.00,4420.00) startOffset 0 endOffset 11 width 77.76: "just a text"
      RenderSVGText {text} at (1800,4405) size 78x20 contains 1 chunk(s)
        RenderSVGInlineText {#text} at (0,0) size 78x20
          chunk 1 text run 1 at (1800.00,4420.00) startOffset 0 endOffset 11 width 77.76: "just a text"
      RenderSVGText {text} at (1900,4405) size 78x20 contains 1 chunk(s)
        RenderSVGInlineText {#text} at (0,0) size 78x20
          chunk 1 text run 1 at (1900.00,4420.00) startOffset 0 endOffset 11 width 77.76: "just a text"
      RenderSVGText {text} at (2000,4405) size 78x20 contains 1 chunk(s)
        RenderSVGInlineText {#text} at (0,0) size 78x20
          chunk 1 text run 1 at (2000.00,4420.00) startOffset 0 endOffset 11 width 77.76: "just a text"
      RenderSVGText {text} at (2100,4405) size 78x20 contains 1 chunk(s)
        RenderSVGInlineText {#text} at (0,0) size 78x20
          chunk 1 text run 1 at (2100.00,4420.00) startOffset 0 endOffset 11 width 77.76: "just a text"
      RenderSVGText {text} at (2200,4405) size 78x20 contains 1 chunk(s)
        RenderSVGInlineText {#text} at (0,0) size 78x20
          chunk 1 text run 1 at (2200.00,4420.00) startOffset 0 endOffset 11 width 77.76: "just a text"
      RenderSVGText {text} at (2300,4405) size 78x20 contains 1 chunk(s)
        RenderSVGInlineText {#text} at (0,0) size 78x20
          chunk 1 text run 1 at (2300.00,4420.00) startOffset 0 endOffset 11 width 77.76: "just a text"
      RenderSVGText {text} at (2400,4405) size 78x20 contains 1 chunk(s)
        RenderSVGInlineText {#text} at (0,0) size 78x20
          chunk 1 text run 1 at (2400.00,4420.00) startOffset 0 endOffset 11 width 77.76: "just a text"
      RenderSVGText {text} at (2500,4405) size 78x20 contains 1 chunk(s)
        RenderSVGInlineText {#text} at (0,0) size 78x20
          chunk 1 text run 1 at (2500.00,4420.00) startOffset 0 endOffset 11 width 77.76: "just a text"
      RenderSVGText {text} at (2600,4405) size 78x20 contains 1 chunk(s)
        RenderSVGInlineText {#text} at (0,0) size 78x20
          chunk 1 text run 1 at (2600.00,4420.00) startOffset 0 endOffset 11 width 77.76: "just a text"
      RenderSVGText {text} at (2700,4405) size 78x20 contains 1 chunk(s)
        RenderSVGInlineText {#text} at (0,0) size 78x20
          chunk 1 text run 1 at (2700.00,4420.00) startOffset 0 endOffset 11 width 77.76: "just a text"
      RenderSVGText {text} at (2800,4405) size 78x20 contains 1 chunk(s)
        RenderSVGInlineText {#text} at (0,0) size 78x20
          chunk 1 text run 1 at (2800.00,4420.00) startOffset 0 endOffset 11 width 77.76: "just a text"
      RenderSVGText {text} at (2900,4405) size 78x20 contains 1 chunk(s)
        RenderSVGInlineText {#text} at (0,0) size 78x20
          chunk 1 text run 1 at (2900.00,4420.00) startOffset 0 endOffset 11 width 77.76: "just a text"
      RenderSVGText {text} at (3000,4405) size 78x20 contains 1 chunk(s)
        RenderSVGInlineText {#text} at (0,0) size 78x20
          chunk 1 text run 1 at (3000.00,4420.00) startOffset 0 endOffset 11 width 77.76: "just a text"
      RenderSVGText {text} at (3100,4405) size 78x20 contains 1 chunk(s)
        RenderSVGInlineText {#text} at (0,0) size 78x20
          chunk 1 text run 1 at (3100.00,4420.00) startOffset 0 endOffset 11 width 77.76: "just a text"
      RenderSVGText {text} at (3200,4405) size 78x20 contains 1 chunk(s)
        RenderSVGInlineText {#text} at (0,0) size 78x20
          chunk 1 text run 1 at (3200.00,4420.00) startOffset 0 endOffset 11 width 77.76: "just a text"
      RenderSVGText {text} at (3300,4405) size 78x20 contains 1 chunk(s)
        RenderSVGInlineText {#text} at (0,0) size 78x20
          chunk 1 text run 1 at (3300.00,4420.00) startOffset 0 endOffset 11 width 77.76: "just a text"
      RenderSVGText {text} at (3400,4405) size 78x20 contains 1 chunk(s)
        RenderSVGInlineText {#text} at (0,0) size 78x20
          chunk 1 text run 1 at (3400.00,4420.00) startOffset 0 endOffset 11 width 77.76: "just a text"
      RenderSVGText {text} at (3500,4405) size 78x20 contains 1 chunk(s)
        RenderSVGInlineText {#text} at (0,0) size 78x20
          chunk 1 text run 1 at (3500.00,4420.00) startOffset 0 endOffset 11 width 77.76: "just a text"
      RenderSVGText {text} at (3600,4405) size 78x20 contains 1 chunk(s)
        RenderSVGInlineText {#text} at (0,0) size 78x20
          chunk 1 text run 1 at (3600.00,4420.00) startOffset 0 endOffset 11 width 77.76: "just a text"
      RenderSVGText {text} at (3700,4405) size 78x20 contains 1 chunk(s)
        RenderSVGInlineText {#text} at (0,0) size 78x20
          chunk 1 text run 1 at (3700.00,4420.00) startOffset 0 endOffset 11 width 77.76: "just a text"
      RenderSVGText {text} at (3800,4405) size 78x20 contains 1 chunk(s)
        RenderSVGInlineText {#text} at (0,0) size 78x20
          chunk 1 text run 1 at (3800.00,4420.00) startOffset 0 endOffset 11 width 77.76: "just a text"
      RenderSVGText {text} at (3900,4405) size 78x20 contains 1 chunk(s)
        RenderSVGInlineText {#text} at (0,0) size 78x20
          chunk 1 text run 1 at (3900.00,4420.00) startOffset 0 endOffset 11 width 77.76: "just a text"
      RenderSVGText {text} at (4000,4405) size 78x20 contains 1 chunk(s)
        RenderSVGInlineText {#text} at (0,0) size 78x20
          chunk 1 text run 1 at (4000.00,4420.00) startOffset 0 endOffset 11 width 77.76: "just a text"
      RenderSVGText {text} at (4100,4405) size 78x20 contains 1 chunk(s)
        RenderSVGInlineText {#text} at (0,0) size 78x20
          chunk 1 text run 1 at (4100.00,4420.00) startOffset 0 endOffset 11 width 77.76: "just a text"
      RenderSVGText {text} at (4200,4405) size 78x20 contains 1 chunk(s)
        RenderSVGInlineText {#text} at (0,0) size 78x20
          chunk 1 text run 1 at (4200.00,4420.00) startOffset 0 endOffset 11 width 77.76: "just a text"
      RenderSVGText {text} at (4300,4405) size 78x20 contains 1 chunk(s)
        RenderSVGInlineText {#text} at (0,0) size 78x20
          chunk 1 text run 1 at (4300.00,4420.00) startOffset 0 endOffset 11 width 77.76: "just a text"
      RenderSVGText {text} at (4400,4405) size 78x20 contains 1 chunk(s)
        RenderSVGInlineText {#text} at (0,0) size 78x20
          chunk 1 text run 1 at (4400.00,4420.00) startOffset 0 endOffset 11 width 77.76: "just a text"
      RenderSVGText {text} at (4500,4405) size 78x20 contains 1 chunk(s)
        RenderSVGInlineText {#text} at (0,0) size 78x20
          chunk 1 text run 1 at (4500.00,4420.00) startOffset 0 endOffset 11 width 77.76: "just a text"
      RenderSVGText {text} at (4600,4405) size 78x20 contains 1 chunk(s)
        RenderSVGInlineText {#text} at (0,0) size 78x20
          chunk 1 text run 1 at (4600.00,4420.00) startOffset 0 endOffset 11 width 77.76: "just a text"
      RenderSVGText {text} at (4700,4405) size 78x20 contains 1 chunk(s)
        RenderSVGInlineText {#text} at (0,0) size 78x20
          chunk 1 text run 1 at (4700.00,4420.00) startOffset 0 endOffset 11 width 77.76: "just a text"
      RenderSVGText {text} at (4800,4405) size 78x20 contains 1 chunk(s)
        RenderSVGInlineText {#text} at (0,0) size 78x20
          chunk 1 text run 1 at (4800.00,4420.00) startOffset 0 endOffset 11 width 77.76: "just a text"
      RenderSVGText {text} at (4900,4405) size 78x20 contains 1 chunk(s)
        RenderSVGInlineText {#text} at (0,0) size 78x20
          chunk 1 text run 1 at (4900.00,4420.00) startOffset 0 endOffset 11 width 77.76: "just a text"
      RenderSVGText {text} at (0,4505) size 78x20 contains 1 chunk(s)
        RenderSVGInlineText {#text} at (0,0) size 78x20
          chunk 1 text run 1 at (0.00,4520.00) startOffset 0 endOffset 11 width 77.76: "just a text"
      RenderSVGText {text} at (100,4505) size 78x20 contains 1 chunk(s)
        RenderSVGInlineText {#text} at (0,0) size 78x20
          chunk 1 text run 1 at (100.00,4520.00) startOffset 0 endOffset 11 width 77.76: "just a text"
      RenderSVGText {text} at (200,4505) size 78x20 contains 1 chunk(s)
        RenderSVGInlineText {#text} at (0,0) size 78x20
          chunk 1 text run 1 at (200.00,4520.00) startOffset 0 endOffset 11 width 77.76: "just a text"
      RenderSVGText {text} at (300,4505) size 78x20 contains 1 chunk(s)
        RenderSVGInlineText {#text} at (0,0) size 78x20
          chunk 1 text run 1 at (300.00,4520.00) startOffset 0 endOffset 11 width 77.76: "just a text"
      RenderSVGText {text} at (400,4505) size 78x20 contains 1 chunk(s)
        RenderSVGInlineText {#text} at (0,0) size 78x20
          chunk 1 text run 1 at (400.00,4520.00) startOffset 0 endOffset 11 width 77.76: "just a text"
      RenderSVGText {text} at (500,4505) size 78x20 contains 1 chunk(s)
        RenderSVGInlineText {#text} at (0,0) size 78x20
          chunk 1 text run 1 at (500.00,4520.00) startOffset 0 endOffset 11 width 77.76: "just a text"
      RenderSVGText {text} at (600,4505) size 78x20 contains 1 chunk(s)
        RenderSVGInlineText {#text} at (0,0) size 78x20
          chunk 1 text run 1 at (600.00,4520.00) startOffset 0 endOffset 11 width 77.76: "just a text"
      RenderSVGText {text} at (700,4505) size 78x20 contains 1 chunk(s)
        RenderSVGInlineText {#text} at (0,0) size 78x20
          chunk 1 text run 1 at (700.00,4520.00) startOffset 0 endOffset 11 width 77.76: "just a text"
      RenderSVGText {text} at (800,4505) size 78x20 contains 1 chunk(s)
        RenderSVGInlineText {#text} at (0,0) size 78x20
          chunk 1 text run 1 at (800.00,4520.00) startOffset 0 endOffset 11 width 77.76: "just a text"
      RenderSVGText {text} at (900,4505) size 78x20 contains 1 chunk(s)
        RenderSVGInlineText {#text} at (0,0) size 78x20
          chunk 1 text run 1 at (900.00,4520.00) startOffset 0 endOffset 11 width 77.76: "just a text"
      RenderSVGText {text} at (1000,4505) size 78x20 contains 1 chunk(s)
        RenderSVGInlineText {#text} at (0,0) size 78x20
          chunk 1 text run 1 at (1000.00,4520.00) startOffset 0 endOffset 11 width 77.76: "just a text"
      RenderSVGText {text} at (1100,4505) size 78x20 contains 1 chunk(s)
        RenderSVGInlineText {#text} at (0,0) size 78x20
          chunk 1 text run 1 at (1100.00,4520.00) startOffset 0 endOffset 11 width 77.76: "just a text"
      RenderSVGText {text} at (1200,4505) size 78x20 contains 1 chunk(s)
        RenderSVGInlineText {#text} at (0,0) size 78x20
          chunk 1 text run 1 at (1200.00,4520.00) startOffset 0 endOffset 11 width 77.76: "just a text"
      RenderSVGText {text} at (1300,4505) size 78x20 contains 1 chunk(s)
        RenderSVGInlineText {#text} at (0,0) size 78x20
          chunk 1 text run 1 at (1300.00,4520.00) startOffset 0 endOffset 11 width 77.76: "just a text"
      RenderSVGText {text} at (1400,4505) size 78x20 contains 1 chunk(s)
        RenderSVGInlineText {#text} at (0,0) size 78x20
          chunk 1 text run 1 at (1400.00,4520.00) startOffset 0 endOffset 11 width 77.76: "just a text"
      RenderSVGText {text} at (1500,4505) size 78x20 contains 1 chunk(s)
        RenderSVGInlineText {#text} at (0,0) size 78x20
          chunk 1 text run 1 at (1500.00,4520.00) startOffset 0 endOffset 11 width 77.76: "just a text"
      RenderSVGText {text} at (1600,4505) size 78x20 contains 1 chunk(s)
        RenderSVGInlineText {#text} at (0,0) size 78x20
          chunk 1 text run 1 at (1600.00,4520.00) startOffset 0 endOffset 11 width 77.76: "just a text"
      RenderSVGText {text} at (1700,4505) size 78x20 contains 1 chunk(s)
        RenderSVGInlineText {#text} at (0,0) size 78x20
          chunk 1 text run 1 at (1700.00,4520.00) startOffset 0 endOffset 11 width 77.76: "just a text"
      RenderSVGText {text} at (1800,4505) size 78x20 contains 1 chunk(s)
        RenderSVGInlineText {#text} at (0,0) size 78x20
          chunk 1 text run 1 at (1800.00,4520.00) startOffset 0 endOffset 11 width 77.76: "just a text"
      RenderSVGText {text} at (1900,4505) size 78x20 contains 1 chunk(s)
        RenderSVGInlineText {#text} at (0,0) size 78x20
          chunk 1 text run 1 at (1900.00,4520.00) startOffset 0 endOffset 11 width 77.76: "just a text"
      RenderSVGText {text} at (2000,4505) size 78x20 contains 1 chunk(s)
        RenderSVGInlineText {#text} at (0,0) size 78x20
          chunk 1 text run 1 at (2000.00,4520.00) startOffset 0 endOffset 11 width 77.76: "just a text"
      RenderSVGText {text} at (2100,4505) size 78x20 contains 1 chunk(s)
        RenderSVGInlineText {#text} at (0,0) size 78x20
          chunk 1 text run 1 at (2100.00,4520.00) startOffset 0 endOffset 11 width 77.76: "just a text"
      RenderSVGText {text} at (2200,4505) size 78x20 contains 1 chunk(s)
        RenderSVGInlineText {#text} at (0,0) size 78x20
          chunk 1 text run 1 at (2200.00,4520.00) startOffset 0 endOffset 11 width 77.76: "just a text"
      RenderSVGText {text} at (2300,4505) size 78x20 contains 1 chunk(s)
        RenderSVGInlineText {#text} at (0,0) size 78x20
          chunk 1 text run 1 at (2300.00,4520.00) startOffset 0 endOffset 11 width 77.76: "just a text"
      RenderSVGText {text} at (2400,4505) size 78x20 contains 1 chunk(s)
        RenderSVGInlineText {#text} at (0,0) size 78x20
          chunk 1 text run 1 at (2400.00,4520.00) startOffset 0 endOffset 11 width 77.76: "just a text"
      RenderSVGText {text} at (2500,4505) size 78x20 contains 1 chunk(s)
        RenderSVGInlineText {#text} at (0,0) size 78x20
          chunk 1 text run 1 at (2500.00,4520.00) startOffset 0 endOffset 11 width 77.76: "just a text"
      RenderSVGText {text} at (2600,4505) size 78x20 contains 1 chunk(s)
        RenderSVGInlineText {#text} at (0,0) size 78x20
          chunk 1 text run 1 at (2600.00,4520.00) startOffset 0 endOffset 11 width 77.76: "just a text"
      RenderSVGText {text} at (2700,4505) size 78x20 contains 1 chunk(s)
        RenderSVGInlineText {#text} at (0,0) size 78x20
          chunk 1 text run 1 at (2700.00,4520.00) startOffset 0 endOffset 11 width 77.76: "just a text"
      RenderSVGText {text} at (2800,4505) size 78x20 contains 1 chunk(s)
        RenderSVGInlineText {#text} at (0,0) size 78x20
          chunk 1 text run 1 at (2800.00,4520.00) startOffset 0 endOffset 11 width 77.76: "just a text"
      RenderSVGText {text} at (2900,4505) size 78x20 contains 1 chunk(s)
        RenderSVGInlineText {#text} at (0,0) size 78x20
          chunk 1 text run 1 at (2900.00,4520.00) startOffset 0 endOffset 11 width 77.76: "just a text"
      RenderSVGText {text} at (3000,4505) size 78x20 contains 1 chunk(s)
        RenderSVGInlineText {#text} at (0,0) size 78x20
          chunk 1 text run 1 at (3000.00,4520.00) startOffset 0 endOffset 11 width 77.76: "just a text"
      RenderSVGText {text} at (3100,4505) size 78x20 contains 1 chunk(s)
        RenderSVGInlineText {#text} at (0,0) size 78x20
          chunk 1 text run 1 at (3100.00,4520.00) startOffset 0 endOffset 11 width 77.76: "just a text"
      RenderSVGText {text} at (3200,4505) size 78x20 contains 1 chunk(s)
        RenderSVGInlineText {#text} at (0,0) size 78x20
          chunk 1 text run 1 at (3200.00,4520.00) startOffset 0 endOffset 11 width 77.76: "just a text"
      RenderSVGText {text} at (3300,4505) size 78x20 contains 1 chunk(s)
        RenderSVGInlineText {#text} at (0,0) size 78x20
          chunk 1 text run 1 at (3300.00,4520.00) startOffset 0 endOffset 11 width 77.76: "just a text"
      RenderSVGText {text} at (3400,4505) size 78x20 contains 1 chunk(s)
        RenderSVGInlineText {#text} at (0,0) size 78x20
          chunk 1 text run 1 at (3400.00,4520.00) startOffset 0 endOffset 11 width 77.76: "just a text"
      RenderSVGText {text} at (3500,4505) size 78x20 contains 1 chunk(s)
        RenderSVGInlineText {#text} at (0,0) size 78x20
          chunk 1 text run 1 at (3500.00,4520.00) startOffset 0 endOffset 11 width 77.76: "just a text"
      RenderSVGText {text} at (3600,4505) size 78x20 contains 1 chunk(s)
        RenderSVGInlineText {#text} at (0,0) size 78x20
          chunk 1 text run 1 at (3600.00,4520.00) startOffset 0 endOffset 11 width 77.76: "just a text"
      RenderSVGText {text} at (3700,4505) size 78x20 contains 1 chunk(s)
        RenderSVGInlineText {#text} at (0,0) size 78x20
          chunk 1 text run 1 at (3700.00,4520.00) startOffset 0 endOffset 11 width 77.76: "just a text"
      RenderSVGText {text} at (3800,4505) size 78x20 contains 1 chunk(s)
        RenderSVGInlineText {#text} at (0,0) size 78x20
          chunk 1 text run 1 at (3800.00,4520.00) startOffset 0 endOffset 11 width 77.76: "just a text"
      RenderSVGText {text} at (3900,4505) size 78x20 contains 1 chunk(s)
        RenderSVGInlineText {#text} at (0,0) size 78x20
          chunk 1 text run 1 at (3900.00,4520.00) startOffset 0 endOffset 11 width 77.76: "just a text"
      RenderSVGText {text} at (4000,4505) size 78x20 contains 1 chunk(s)
        RenderSVGInlineText {#text} at (0,0) size 78x20
          chunk 1 text run 1 at (4000.00,4520.00) startOffset 0 endOffset 11 width 77.76: "just a text"
      RenderSVGText {text} at (4100,4505) size 78x20 contains 1 chunk(s)
        RenderSVGInlineText {#text} at (0,0) size 78x20
          chunk 1 text run 1 at (4100.00,4520.00) startOffset 0 endOffset 11 width 77.76: "just a text"
      RenderSVGText {text} at (4200,4505) size 78x20 contains 1 chunk(s)
        RenderSVGInlineText {#text} at (0,0) size 78x20
          chunk 1 text run 1 at (4200.00,4520.00) startOffset 0 endOffset 11 width 77.76: "just a text"
      RenderSVGText {text} at (4300,4505) size 78x20 contains 1 chunk(s)
        RenderSVGInlineText {#text} at (0,0) size 78x20
          chunk 1 text run 1 at (4300.00,4520.00) startOffset 0 endOffset 11 width 77.76: "just a text"
      RenderSVGText {text} at (4400,4505) size 78x20 contains 1 chunk(s)
        RenderSVGInlineText {#text} at (0,0) size 78x20
          chunk 1 text run 1 at (4400.00,4520.00) startOffset 0 endOffset 11 width 77.76: "just a text"
      RenderSVGText {text} at (4500,4505) size 78x20 contains 1 chunk(s)
        RenderSVGInlineText {#text} at (0,0) size 78x20
          chunk 1 text run 1 at (4500.00,4520.00) startOffset 0 endOffset 11 width 77.76: "just a text"
      RenderSVGText {text} at (4600,4505) size 78x20 contains 1 chunk(s)
        RenderSVGInlineText {#text} at (0,0) size 78x20
          chunk 1 text run 1 at (4600.00,4520.00) startOffset 0 endOffset 11 width 77.76: "just a text"
      RenderSVGText {text} at (4700,4505) size 78x20 contains 1 chunk(s)
        RenderSVGInlineText {#text} at (0,0) size 78x20
          chunk 1 text run 1 at (4700.00,4520.00) startOffset 0 endOffset 11 width 77.76: "just a text"
      RenderSVGText {text} at (4800,4505) size 78x20 contains 1 chunk(s)
        RenderSVGInlineText {#text} at (0,0) size 78x20
          chunk 1 text run 1 at (4800.00,4520.00) startOffset 0 endOffset 11 width 77.76: "just a text"
      RenderSVGText {text} at (4900,4505) size 78x20 contains 1 chunk(s)
        RenderSVGInlineText {#text} at (0,0) size 78x20
          chunk 1 text run 1 at (4900.00,4520.00) startOffset 0 endOffset 11 width 77.76: "just a text"
      RenderSVGText {text} at (0,4605) size 78x20 contains 1 chunk(s)
        RenderSVGInlineText {#text} at (0,0) size 78x20
          chunk 1 text run 1 at (0.00,4620.00) startOffset 0 endOffset 11 width 77.76: "just a text"
      RenderSVGText {text} at (100,4605) size 78x20 contains 1 chunk(s)
        RenderSVGInlineText {#text} at (0,0) size 78x20
          chunk 1 text run 1 at (100.00,4620.00) startOffset 0 endOffset 11 width 77.76: "just a text"
      RenderSVGText {text} at (200,4605) size 78x20 contains 1 chunk(s)
        RenderSVGInlineText {#text} at (0,0) size 78x20
          chunk 1 text run 1 at (200.00,4620.00) startOffset 0 endOffset 11 width 77.76: "just a text"
      RenderSVGText {text} at (300,4605) size 78x20 contains 1 chunk(s)
        RenderSVGInlineText {#text} at (0,0) size 78x20
          chunk 1 text run 1 at (300.00,4620.00) startOffset 0 endOffset 11 width 77.76: "just a text"
      RenderSVGText {text} at (400,4605) size 78x20 contains 1 chunk(s)
        RenderSVGInlineText {#text} at (0,0) size 78x20
          chunk 1 text run 1 at (400.00,4620.00) startOffset 0 endOffset 11 width 77.76: "just a text"
      RenderSVGText {text} at (500,4605) size 78x20 contains 1 chunk(s)
        RenderSVGInlineText {#text} at (0,0) size 78x20
          chunk 1 text run 1 at (500.00,4620.00) startOffset 0 endOffset 11 width 77.76: "just a text"
      RenderSVGText {text} at (600,4605) size 78x20 contains 1 chunk(s)
        RenderSVGInlineText {#text} at (0,0) size 78x20
          chunk 1 text run 1 at (600.00,4620.00) startOffset 0 endOffset 11 width 77.76: "just a text"
      RenderSVGText {text} at (700,4605) size 78x20 contains 1 chunk(s)
        RenderSVGInlineText {#text} at (0,0) size 78x20
          chunk 1 text run 1 at (700.00,4620.00) startOffset 0 endOffset 11 width 77.76: "just a text"
      RenderSVGText {text} at (800,4605) size 78x20 contains 1 chunk(s)
        RenderSVGInlineText {#text} at (0,0) size 78x20
          chunk 1 text run 1 at (800.00,4620.00) startOffset 0 endOffset 11 width 77.76: "just a text"
      RenderSVGText {text} at (900,4605) size 78x20 contains 1 chunk(s)
        RenderSVGInlineText {#text} at (0,0) size 78x20
          chunk 1 text run 1 at (900.00,4620.00) startOffset 0 endOffset 11 width 77.76: "just a text"
      RenderSVGText {text} at (1000,4605) size 78x20 contains 1 chunk(s)
        RenderSVGInlineText {#text} at (0,0) size 78x20
          chunk 1 text run 1 at (1000.00,4620.00) startOffset 0 endOffset 11 width 77.76: "just a text"
      RenderSVGText {text} at (1100,4605) size 78x20 contains 1 chunk(s)
        RenderSVGInlineText {#text} at (0,0) size 78x20
          chunk 1 text run 1 at (1100.00,4620.00) startOffset 0 endOffset 11 width 77.76: "just a text"
      RenderSVGText {text} at (1200,4605) size 78x20 contains 1 chunk(s)
        RenderSVGInlineText {#text} at (0,0) size 78x20
          chunk 1 text run 1 at (1200.00,4620.00) startOffset 0 endOffset 11 width 77.76: "just a text"
      RenderSVGText {text} at (1300,4605) size 78x20 contains 1 chunk(s)
        RenderSVGInlineText {#text} at (0,0) size 78x20
          chunk 1 text run 1 at (1300.00,4620.00) startOffset 0 endOffset 11 width 77.76: "just a text"
      RenderSVGText {text} at (1400,4605) size 78x20 contains 1 chunk(s)
        RenderSVGInlineText {#text} at (0,0) size 78x20
          chunk 1 text run 1 at (1400.00,4620.00) startOffset 0 endOffset 11 width 77.76: "just a text"
      RenderSVGText {text} at (1500,4605) size 78x20 contains 1 chunk(s)
        RenderSVGInlineText {#text} at (0,0) size 78x20
          chunk 1 text run 1 at (1500.00,4620.00) startOffset 0 endOffset 11 width 77.76: "just a text"
      RenderSVGText {text} at (1600,4605) size 78x20 contains 1 chunk(s)
        RenderSVGInlineText {#text} at (0,0) size 78x20
          chunk 1 text run 1 at (1600.00,4620.00) startOffset 0 endOffset 11 width 77.76: "just a text"
      RenderSVGText {text} at (1700,4605) size 78x20 contains 1 chunk(s)
        RenderSVGInlineText {#text} at (0,0) size 78x20
          chunk 1 text run 1 at (1700.00,4620.00) startOffset 0 endOffset 11 width 77.76: "just a text"
      RenderSVGText {text} at (1800,4605) size 78x20 contains 1 chunk(s)
        RenderSVGInlineText {#text} at (0,0) size 78x20
          chunk 1 text run 1 at (1800.00,4620.00) startOffset 0 endOffset 11 width 77.76: "just a text"
      RenderSVGText {text} at (1900,4605) size 78x20 contains 1 chunk(s)
        RenderSVGInlineText {#text} at (0,0) size 78x20
          chunk 1 text run 1 at (1900.00,4620.00) startOffset 0 endOffset 11 width 77.76: "just a text"
      RenderSVGText {text} at (2000,4605) size 78x20 contains 1 chunk(s)
        RenderSVGInlineText {#text} at (0,0) size 78x20
          chunk 1 text run 1 at (2000.00,4620.00) startOffset 0 endOffset 11 width 77.76: "just a text"
      RenderSVGText {text} at (2100,4605) size 78x20 contains 1 chunk(s)
        RenderSVGInlineText {#text} at (0,0) size 78x20
          chunk 1 text run 1 at (2100.00,4620.00) startOffset 0 endOffset 11 width 77.76: "just a text"
      RenderSVGText {text} at (2200,4605) size 78x20 contains 1 chunk(s)
        RenderSVGInlineText {#text} at (0,0) size 78x20
          chunk 1 text run 1 at (2200.00,4620.00) startOffset 0 endOffset 11 width 77.76: "just a text"
      RenderSVGText {text} at (2300,4605) size 78x20 contains 1 chunk(s)
        RenderSVGInlineText {#text} at (0,0) size 78x20
          chunk 1 text run 1 at (2300.00,4620.00) startOffset 0 endOffset 11 width 77.76: "just a text"
      RenderSVGText {text} at (2400,4605) size 78x20 contains 1 chunk(s)
        RenderSVGInlineText {#text} at (0,0) size 78x20
          chunk 1 text run 1 at (2400.00,4620.00) startOffset 0 endOffset 11 width 77.76: "just a text"
      RenderSVGText {text} at (2500,4605) size 78x20 contains 1 chunk(s)
        RenderSVGInlineText {#text} at (0,0) size 78x20
          chunk 1 text run 1 at (2500.00,4620.00) startOffset 0 endOffset 11 width 77.76: "just a text"
      RenderSVGText {text} at (2600,4605) size 78x20 contains 1 chunk(s)
        RenderSVGInlineText {#text} at (0,0) size 78x20
          chunk 1 text run 1 at (2600.00,4620.00) startOffset 0 endOffset 11 width 77.76: "just a text"
      RenderSVGText {text} at (2700,4605) size 78x20 contains 1 chunk(s)
        RenderSVGInlineText {#text} at (0,0) size 78x20
          chunk 1 text run 1 at (2700.00,4620.00) startOffset 0 endOffset 11 width 77.76: "just a text"
      RenderSVGText {text} at (2800,4605) size 78x20 contains 1 chunk(s)
        RenderSVGInlineText {#text} at (0,0) size 78x20
          chunk 1 text run 1 at (2800.00,4620.00) startOffset 0 endOffset 11 width 77.76: "just a text"
      RenderSVGText {text} at (2900,4605) size 78x20 contains 1 chunk(s)
        RenderSVGInlineText {#text} at (0,0) size 78x20
          chunk 1 text run 1 at (2900.00,4620.00) startOffset 0 endOffset 11 width 77.76: "just a text"
      RenderSVGText {text} at (3000,4605) size 78x20 contains 1 chunk(s)
        RenderSVGInlineText {#text} at (0,0) size 78x20
          chunk 1 text run 1 at (3000.00,4620.00) startOffset 0 endOffset 11 width 77.76: "just a text"
      RenderSVGText {text} at (3100,4605) size 78x20 contains 1 chunk(s)
        RenderSVGInlineText {#text} at (0,0) size 78x20
          chunk 1 text run 1 at (3100.00,4620.00) startOffset 0 endOffset 11 width 77.76: "just a text"
      RenderSVGText {text} at (3200,4605) size 78x20 contains 1 chunk(s)
        RenderSVGInlineText {#text} at (0,0) size 78x20
          chunk 1 text run 1 at (3200.00,4620.00) startOffset 0 endOffset 11 width 77.76: "just a text"
      RenderSVGText {text} at (3300,4605) size 78x20 contains 1 chunk(s)
        RenderSVGInlineText {#text} at (0,0) size 78x20
          chunk 1 text run 1 at (3300.00,4620.00) startOffset 0 endOffset 11 width 77.76: "just a text"
      RenderSVGText {text} at (3400,4605) size 78x20 contains 1 chunk(s)
        RenderSVGInlineText {#text} at (0,0) size 78x20
          chunk 1 text run 1 at (3400.00,4620.00) startOffset 0 endOffset 11 width 77.76: "just a text"
      RenderSVGText {text} at (3500,4605) size 78x20 contains 1 chunk(s)
        RenderSVGInlineText {#text} at (0,0) size 78x20
          chunk 1 text run 1 at (3500.00,4620.00) startOffset 0 endOffset 11 width 77.76: "just a text"
      RenderSVGText {text} at (3600,4605) size 78x20 contains 1 chunk(s)
        RenderSVGInlineText {#text} at (0,0) size 78x20
          chunk 1 text run 1 at (3600.00,4620.00) startOffset 0 endOffset 11 width 77.76: "just a text"
      RenderSVGText {text} at (3700,4605) size 78x20 contains 1 chunk(s)
        RenderSVGInlineText {#text} at (0,0) size 78x20
          chunk 1 text run 1 at (3700.00,4620.00) startOffset 0 endOffset 11 width 77.76: "just a text"
      RenderSVGText {text} at (3800,4605) size 78x20 contains 1 chunk(s)
        RenderSVGInlineText {#text} at (0,0) size 78x20
          chunk 1 text run 1 at (3800.00,4620.00) startOffset 0 endOffset 11 width 77.76: "just a text"
      RenderSVGText {text} at (3900,4605) size 78x20 contains 1 chunk(s)
        RenderSVGInlineText {#text} at (0,0) size 78x20
          chunk 1 text run 1 at (3900.00,4620.00) startOffset 0 endOffset 11 width 77.76: "just a text"
      RenderSVGText {text} at (4000,4605) size 78x20 contains 1 chunk(s)
        RenderSVGInlineText {#text} at (0,0) size 78x20
          chunk 1 text run 1 at (4000.00,4620.00) startOffset 0 endOffset 11 width 77.76: "just a text"
      RenderSVGText {text} at (4100,4605) size 78x20 contains 1 chunk(s)
        RenderSVGInlineText {#text} at (0,0) size 78x20
          chunk 1 text run 1 at (4100.00,4620.00) startOffset 0 endOffset 11 width 77.76: "just a text"
      RenderSVGText {text} at (4200,4605) size 78x20 contains 1 chunk(s)
        RenderSVGInlineText {#text} at (0,0) size 78x20
          chunk 1 text run 1 at (4200.00,4620.00) startOffset 0 endOffset 11 width 77.76: "just a text"
      RenderSVGText {text} at (4300,4605) size 78x20 contains 1 chunk(s)
        RenderSVGInlineText {#text} at (0,0) size 78x20
          chunk 1 text run 1 at (4300.00,4620.00) startOffset 0 endOffset 11 width 77.76: "just a text"
      RenderSVGText {text} at (4400,4605) size 78x20 contains 1 chunk(s)
        RenderSVGInlineText {#text} at (0,0) size 78x20
          chunk 1 text run 1 at (4400.00,4620.00) startOffset 0 endOffset 11 width 77.76: "just a text"
      RenderSVGText {text} at (4500,4605) size 78x20 contains 1 chunk(s)
        RenderSVGInlineText {#text} at (0,0) size 78x20
          chunk 1 text run 1 at (4500.00,4620.00) startOffset 0 endOffset 11 width 77.76: "just a text"
      RenderSVGText {text} at (4600,4605) size 78x20 contains 1 chunk(s)
        RenderSVGInlineText {#text} at (0,0) size 78x20
          chunk 1 text run 1 at (4600.00,4620.00) startOffset 0 endOffset 11 width 77.76: "just a text"
      RenderSVGText {text} at (4700,4605) size 78x20 contains 1 chunk(s)
        RenderSVGInlineText {#text} at (0,0) size 78x20
          chunk 1 text run 1 at (4700.00,4620.00) startOffset 0 endOffset 11 width 77.76: "just a text"
      RenderSVGText {text} at (4800,4605) size 78x20 contains 1 chunk(s)
        RenderSVGInlineText {#text} at (0,0) size 78x20
          chunk 1 text run 1 at (4800.00,4620.00) startOffset 0 endOffset 11 width 77.76: "just a text"
      RenderSVGText {text} at (4900,4605) size 78x20 contains 1 chunk(s)
        RenderSVGInlineText {#text} at (0,0) size 78x20
          chunk 1 text run 1 at (4900.00,4620.00) startOffset 0 endOffset 11 width 77.76: "just a text"
      RenderSVGText {text} at (0,4705) size 78x20 contains 1 chunk(s)
        RenderSVGInlineText {#text} at (0,0) size 78x20
          chunk 1 text run 1 at (0.00,4720.00) startOffset 0 endOffset 11 width 77.76: "just a text"
      RenderSVGText {text} at (100,4705) size 78x20 contains 1 chunk(s)
        RenderSVGInlineText {#text} at (0,0) size 78x20
          chunk 1 text run 1 at (100.00,4720.00) startOffset 0 endOffset 11 width 77.76: "just a text"
      RenderSVGText {text} at (200,4705) size 78x20 contains 1 chunk(s)
        RenderSVGInlineText {#text} at (0,0) size 78x20
          chunk 1 text run 1 at (200.00,4720.00) startOffset 0 endOffset 11 width 77.76: "just a text"
      RenderSVGText {text} at (300,4705) size 78x20 contains 1 chunk(s)
        RenderSVGInlineText {#text} at (0,0) size 78x20
          chunk 1 text run 1 at (300.00,4720.00) startOffset 0 endOffset 11 width 77.76: "just a text"
      RenderSVGText {text} at (400,4705) size 78x20 contains 1 chunk(s)
        RenderSVGInlineText {#text} at (0,0) size 78x20
          chunk 1 text run 1 at (400.00,4720.00) startOffset 0 endOffset 11 width 77.76: "just a text"
      RenderSVGText {text} at (500,4705) size 78x20 contains 1 chunk(s)
        RenderSVGInlineText {#text} at (0,0) size 78x20
          chunk 1 text run 1 at (500.00,4720.00) startOffset 0 endOffset 11 width 77.76: "just a text"
      RenderSVGText {text} at (600,4705) size 78x20 contains 1 chunk(s)
        RenderSVGInlineText {#text} at (0,0) size 78x20
          chunk 1 text run 1 at (600.00,4720.00) startOffset 0 endOffset 11 width 77.76: "just a text"
      RenderSVGText {text} at (700,4705) size 78x20 contains 1 chunk(s)
        RenderSVGInlineText {#text} at (0,0) size 78x20
          chunk 1 text run 1 at (700.00,4720.00) startOffset 0 endOffset 11 width 77.76: "just a text"
      RenderSVGText {text} at (800,4705) size 78x20 contains 1 chunk(s)
        RenderSVGInlineText {#text} at (0,0) size 78x20
          chunk 1 text run 1 at (800.00,4720.00) startOffset 0 endOffset 11 width 77.76: "just a text"
      RenderSVGText {text} at (900,4705) size 78x20 contains 1 chunk(s)
        RenderSVGInlineText {#text} at (0,0) size 78x20
          chunk 1 text run 1 at (900.00,4720.00) startOffset 0 endOffset 11 width 77.76: "just a text"
      RenderSVGText {text} at (1000,4705) size 78x20 contains 1 chunk(s)
        RenderSVGInlineText {#text} at (0,0) size 78x20
          chunk 1 text run 1 at (1000.00,4720.00) startOffset 0 endOffset 11 width 77.76: "just a text"
      RenderSVGText {text} at (1100,4705) size 78x20 contains 1 chunk(s)
        RenderSVGInlineText {#text} at (0,0) size 78x20
          chunk 1 text run 1 at (1100.00,4720.00) startOffset 0 endOffset 11 width 77.76: "just a text"
      RenderSVGText {text} at (1200,4705) size 78x20 contains 1 chunk(s)
        RenderSVGInlineText {#text} at (0,0) size 78x20
          chunk 1 text run 1 at (1200.00,4720.00) startOffset 0 endOffset 11 width 77.76: "just a text"
      RenderSVGText {text} at (1300,4705) size 78x20 contains 1 chunk(s)
        RenderSVGInlineText {#text} at (0,0) size 78x20
          chunk 1 text run 1 at (1300.00,4720.00) startOffset 0 endOffset 11 width 77.76: "just a text"
      RenderSVGText {text} at (1400,4705) size 78x20 contains 1 chunk(s)
        RenderSVGInlineText {#text} at (0,0) size 78x20
          chunk 1 text run 1 at (1400.00,4720.00) startOffset 0 endOffset 11 width 77.76: "just a text"
      RenderSVGText {text} at (1500,4705) size 78x20 contains 1 chunk(s)
        RenderSVGInlineText {#text} at (0,0) size 78x20
          chunk 1 text run 1 at (1500.00,4720.00) startOffset 0 endOffset 11 width 77.76: "just a text"
      RenderSVGText {text} at (1600,4705) size 78x20 contains 1 chunk(s)
        RenderSVGInlineText {#text} at (0,0) size 78x20
          chunk 1 text run 1 at (1600.00,4720.00) startOffset 0 endOffset 11 width 77.76: "just a text"
      RenderSVGText {text} at (1700,4705) size 78x20 contains 1 chunk(s)
        RenderSVGInlineText {#text} at (0,0) size 78x20
          chunk 1 text run 1 at (1700.00,4720.00) startOffset 0 endOffset 11 width 77.76: "just a text"
      RenderSVGText {text} at (1800,4705) size 78x20 contains 1 chunk(s)
        RenderSVGInlineText {#text} at (0,0) size 78x20
          chunk 1 text run 1 at (1800.00,4720.00) startOffset 0 endOffset 11 width 77.76: "just a text"
      RenderSVGText {text} at (1900,4705) size 78x20 contains 1 chunk(s)
        RenderSVGInlineText {#text} at (0,0) size 78x20
          chunk 1 text run 1 at (1900.00,4720.00) startOffset 0 endOffset 11 width 77.76: "just a text"
      RenderSVGText {text} at (2000,4705) size 78x20 contains 1 chunk(s)
        RenderSVGInlineText {#text} at (0,0) size 78x20
          chunk 1 text run 1 at (2000.00,4720.00) startOffset 0 endOffset 11 width 77.76: "just a text"
      RenderSVGText {text} at (2100,4705) size 78x20 contains 1 chunk(s)
        RenderSVGInlineText {#text} at (0,0) size 78x20
          chunk 1 text run 1 at (2100.00,4720.00) startOffset 0 endOffset 11 width 77.76: "just a text"
      RenderSVGText {text} at (2200,4705) size 78x20 contains 1 chunk(s)
        RenderSVGInlineText {#text} at (0,0) size 78x20
          chunk 1 text run 1 at (2200.00,4720.00) startOffset 0 endOffset 11 width 77.76: "just a text"
      RenderSVGText {text} at (2300,4705) size 78x20 contains 1 chunk(s)
        RenderSVGInlineText {#text} at (0,0) size 78x20
          chunk 1 text run 1 at (2300.00,4720.00) startOffset 0 endOffset 11 width 77.76: "just a text"
      RenderSVGText {text} at (2400,4705) size 78x20 contains 1 chunk(s)
        RenderSVGInlineText {#text} at (0,0) size 78x20
          chunk 1 text run 1 at (2400.00,4720.00) startOffset 0 endOffset 11 width 77.76: "just a text"
      RenderSVGText {text} at (2500,4705) size 78x20 contains 1 chunk(s)
        RenderSVGInlineText {#text} at (0,0) size 78x20
          chunk 1 text run 1 at (2500.00,4720.00) startOffset 0 endOffset 11 width 77.76: "just a text"
      RenderSVGText {text} at (2600,4705) size 78x20 contains 1 chunk(s)
        RenderSVGInlineText {#text} at (0,0) size 78x20
          chunk 1 text run 1 at (2600.00,4720.00) startOffset 0 endOffset 11 width 77.76: "just a text"
      RenderSVGText {text} at (2700,4705) size 78x20 contains 1 chunk(s)
        RenderSVGInlineText {#text} at (0,0) size 78x20
          chunk 1 text run 1 at (2700.00,4720.00) startOffset 0 endOffset 11 width 77.76: "just a text"
      RenderSVGText {text} at (2800,4705) size 78x20 contains 1 chunk(s)
        RenderSVGInlineText {#text} at (0,0) size 78x20
          chunk 1 text run 1 at (2800.00,4720.00) startOffset 0 endOffset 11 width 77.76: "just a text"
      RenderSVGText {text} at (2900,4705) size 78x20 contains 1 chunk(s)
        RenderSVGInlineText {#text} at (0,0) size 78x20
          chunk 1 text run 1 at (2900.00,4720.00) startOffset 0 endOffset 11 width 77.76: "just a text"
      RenderSVGText {text} at (3000,4705) size 78x20 contains 1 chunk(s)
        RenderSVGInlineText {#text} at (0,0) size 78x20
          chunk 1 text run 1 at (3000.00,4720.00) startOffset 0 endOffset 11 width 77.76: "just a text"
      RenderSVGText {text} at (3100,4705) size 78x20 contains 1 chunk(s)
        RenderSVGInlineText {#text} at (0,0) size 78x20
          chunk 1 text run 1 at (3100.00,4720.00) startOffset 0 endOffset 11 width 77.76: "just a text"
      RenderSVGText {text} at (3200,4705) size 78x20 contains 1 chunk(s)
        RenderSVGInlineText {#text} at (0,0) size 78x20
          chunk 1 text run 1 at (3200.00,4720.00) startOffset 0 endOffset 11 width 77.76: "just a text"
      RenderSVGText {text} at (3300,4705) size 78x20 contains 1 chunk(s)
        RenderSVGInlineText {#text} at (0,0) size 78x20
          chunk 1 text run 1 at (3300.00,4720.00) startOffset 0 endOffset 11 width 77.76: "just a text"
      RenderSVGText {text} at (3400,4705) size 78x20 contains 1 chunk(s)
        RenderSVGInlineText {#text} at (0,0) size 78x20
          chunk 1 text run 1 at (3400.00,4720.00) startOffset 0 endOffset 11 width 77.76: "just a text"
      RenderSVGText {text} at (3500,4705) size 78x20 contains 1 chunk(s)
        RenderSVGInlineText {#text} at (0,0) size 78x20
          chunk 1 text run 1 at (3500.00,4720.00) startOffset 0 endOffset 11 width 77.76: "just a text"
      RenderSVGText {text} at (3600,4705) size 78x20 contains 1 chunk(s)
        RenderSVGInlineText {#text} at (0,0) size 78x20
          chunk 1 text run 1 at (3600.00,4720.00) startOffset 0 endOffset 11 width 77.76: "just a text"
      RenderSVGText {text} at (3700,4705) size 78x20 contains 1 chunk(s)
        RenderSVGInlineText {#text} at (0,0) size 78x20
          chunk 1 text run 1 at (3700.00,4720.00) startOffset 0 endOffset 11 width 77.76: "just a text"
      RenderSVGText {text} at (3800,4705) size 78x20 contains 1 chunk(s)
        RenderSVGInlineText {#text} at (0,0) size 78x20
          chunk 1 text run 1 at (3800.00,4720.00) startOffset 0 endOffset 11 width 77.76: "just a text"
      RenderSVGText {text} at (3900,4705) size 78x20 contains 1 chunk(s)
        RenderSVGInlineText {#text} at (0,0) size 78x20
          chunk 1 text run 1 at (3900.00,4720.00) startOffset 0 endOffset 11 width 77.76: "just a text"
      RenderSVGText {text} at (4000,4705) size 78x20 contains 1 chunk(s)
        RenderSVGInlineText {#text} at (0,0) size 78x20
          chunk 1 text run 1 at (4000.00,4720.00) startOffset 0 endOffset 11 width 77.76: "just a text"
      RenderSVGText {text} at (4100,4705) size 78x20 contains 1 chunk(s)
        RenderSVGInlineText {#text} at (0,0) size 78x20
          chunk 1 text run 1 at (4100.00,4720.00) startOffset 0 endOffset 11 width 77.76: "just a text"
      RenderSVGText {text} at (4200,4705) size 78x20 contains 1 chunk(s)
        RenderSVGInlineText {#text} at (0,0) size 78x20
          chunk 1 text run 1 at (4200.00,4720.00) startOffset 0 endOffset 11 width 77.76: "just a text"
      RenderSVGText {text} at (4300,4705) size 78x20 contains 1 chunk(s)
        RenderSVGInlineText {#text} at (0,0) size 78x20
          chunk 1 text run 1 at (4300.00,4720.00) startOffset 0 endOffset 11 width 77.76: "just a text"
      RenderSVGText {text} at (4400,4705) size 78x20 contains 1 chunk(s)
        RenderSVGInlineText {#text} at (0,0) size 78x20
          chunk 1 text run 1 at (4400.00,4720.00) startOffset 0 endOffset 11 width 77.76: "just a text"
      RenderSVGText {text} at (4500,4705) size 78x20 contains 1 chunk(s)
        RenderSVGInlineText {#text} at (0,0) size 78x20
          chunk 1 text run 1 at (4500.00,4720.00) startOffset 0 endOffset 11 width 77.76: "just a text"
      RenderSVGText {text} at (4600,4705) size 78x20 contains 1 chunk(s)
        RenderSVGInlineText {#text} at (0,0) size 78x20
          chunk 1 text run 1 at (4600.00,4720.00) startOffset 0 endOffset 11 width 77.76: "just a text"
      RenderSVGText {text} at (4700,4705) size 78x20 contains 1 chunk(s)
        RenderSVGInlineText {#text} at (0,0) size 78x20
          chunk 1 text run 1 at (4700.00,4720.00) startOffset 0 endOffset 11 width 77.76: "just a text"
      RenderSVGText {text} at (4800,4705) size 78x20 contains 1 chunk(s)
        RenderSVGInlineText {#text} at (0,0) size 78x20
          chunk 1 text run 1 at (4800.00,4720.00) startOffset 0 endOffset 11 width 77.76: "just a text"
      RenderSVGText {text} at (4900,4705) size 78x20 contains 1 chunk(s)
        RenderSVGInlineText {#text} at (0,0) size 78x20
          chunk 1 text run 1 at (4900.00,4720.00) startOffset 0 endOffset 11 width 77.76: "just a text"
      RenderSVGText {text} at (0,4805) size 78x20 contains 1 chunk(s)
        RenderSVGInlineText {#text} at (0,0) size 78x20
          chunk 1 text run 1 at (0.00,4820.00) startOffset 0 endOffset 11 width 77.76: "just a text"
      RenderSVGText {text} at (100,4805) size 78x20 contains 1 chunk(s)
        RenderSVGInlineText {#text} at (0,0) size 78x20
          chunk 1 text run 1 at (100.00,4820.00) startOffset 0 endOffset 11 width 77.76: "just a text"
      RenderSVGText {text} at (200,4805) size 78x20 contains 1 chunk(s)
        RenderSVGInlineText {#text} at (0,0) size 78x20
          chunk 1 text run 1 at (200.00,4820.00) startOffset 0 endOffset 11 width 77.76: "just a text"
      RenderSVGText {text} at (300,4805) size 78x20 contains 1 chunk(s)
        RenderSVGInlineText {#text} at (0,0) size 78x20
          chunk 1 text run 1 at (300.00,4820.00) startOffset 0 endOffset 11 width 77.76: "just a text"
      RenderSVGText {text} at (400,4805) size 78x20 contains 1 chunk(s)
        RenderSVGInlineText {#text} at (0,0) size 78x20
          chunk 1 text run 1 at (400.00,4820.00) startOffset 0 endOffset 11 width 77.76: "just a text"
      RenderSVGText {text} at (500,4805) size 78x20 contains 1 chunk(s)
        RenderSVGInlineText {#text} at (0,0) size 78x20
          chunk 1 text run 1 at (500.00,4820.00) startOffset 0 endOffset 11 width 77.76: "just a text"
      RenderSVGText {text} at (600,4805) size 78x20 contains 1 chunk(s)
        RenderSVGInlineText {#text} at (0,0) size 78x20
          chunk 1 text run 1 at (600.00,4820.00) startOffset 0 endOffset 11 width 77.76: "just a text"
      RenderSVGText {text} at (700,4805) size 78x20 contains 1 chunk(s)
        RenderSVGInlineText {#text} at (0,0) size 78x20
          chunk 1 text run 1 at (700.00,4820.00) startOffset 0 endOffset 11 width 77.76: "just a text"
      RenderSVGText {text} at (800,4805) size 78x20 contains 1 chunk(s)
        RenderSVGInlineText {#text} at (0,0) size 78x20
          chunk 1 text run 1 at (800.00,4820.00) startOffset 0 endOffset 11 width 77.76: "just a text"
      RenderSVGText {text} at (900,4805) size 78x20 contains 1 chunk(s)
        RenderSVGInlineText {#text} at (0,0) size 78x20
          chunk 1 text run 1 at (900.00,4820.00) startOffset 0 endOffset 11 width 77.76: "just a text"
      RenderSVGText {text} at (1000,4805) size 78x20 contains 1 chunk(s)
        RenderSVGInlineText {#text} at (0,0) size 78x20
          chunk 1 text run 1 at (1000.00,4820.00) startOffset 0 endOffset 11 width 77.76: "just a text"
      RenderSVGText {text} at (1100,4805) size 78x20 contains 1 chunk(s)
        RenderSVGInlineText {#text} at (0,0) size 78x20
          chunk 1 text run 1 at (1100.00,4820.00) startOffset 0 endOffset 11 width 77.76: "just a text"
      RenderSVGText {text} at (1200,4805) size 78x20 contains 1 chunk(s)
        RenderSVGInlineText {#text} at (0,0) size 78x20
          chunk 1 text run 1 at (1200.00,4820.00) startOffset 0 endOffset 11 width 77.76: "just a text"
      RenderSVGText {text} at (1300,4805) size 78x20 contains 1 chunk(s)
        RenderSVGInlineText {#text} at (0,0) size 78x20
          chunk 1 text run 1 at (1300.00,4820.00) startOffset 0 endOffset 11 width 77.76: "just a text"
      RenderSVGText {text} at (1400,4805) size 78x20 contains 1 chunk(s)
        RenderSVGInlineText {#text} at (0,0) size 78x20
          chunk 1 text run 1 at (1400.00,4820.00) startOffset 0 endOffset 11 width 77.76: "just a text"
      RenderSVGText {text} at (1500,4805) size 78x20 contains 1 chunk(s)
        RenderSVGInlineText {#text} at (0,0) size 78x20
          chunk 1 text run 1 at (1500.00,4820.00) startOffset 0 endOffset 11 width 77.76: "just a text"
      RenderSVGText {text} at (1600,4805) size 78x20 contains 1 chunk(s)
        RenderSVGInlineText {#text} at (0,0) size 78x20
          chunk 1 text run 1 at (1600.00,4820.00) startOffset 0 endOffset 11 width 77.76: "just a text"
      RenderSVGText {text} at (1700,4805) size 78x20 contains 1 chunk(s)
        RenderSVGInlineText {#text} at (0,0) size 78x20
          chunk 1 text run 1 at (1700.00,4820.00) startOffset 0 endOffset 11 width 77.76: "just a text"
      RenderSVGText {text} at (1800,4805) size 78x20 contains 1 chunk(s)
        RenderSVGInlineText {#text} at (0,0) size 78x20
          chunk 1 text run 1 at (1800.00,4820.00) startOffset 0 endOffset 11 width 77.76: "just a text"
      RenderSVGText {text} at (1900,4805) size 78x20 contains 1 chunk(s)
        RenderSVGInlineText {#text} at (0,0) size 78x20
          chunk 1 text run 1 at (1900.00,4820.00) startOffset 0 endOffset 11 width 77.76: "just a text"
      RenderSVGText {text} at (2000,4805) size 78x20 contains 1 chunk(s)
        RenderSVGInlineText {#text} at (0,0) size 78x20
          chunk 1 text run 1 at (2000.00,4820.00) startOffset 0 endOffset 11 width 77.76: "just a text"
      RenderSVGText {text} at (2100,4805) size 78x20 contains 1 chunk(s)
        RenderSVGInlineText {#text} at (0,0) size 78x20
          chunk 1 text run 1 at (2100.00,4820.00) startOffset 0 endOffset 11 width 77.76: "just a text"
      RenderSVGText {text} at (2200,4805) size 78x20 contains 1 chunk(s)
        RenderSVGInlineText {#text} at (0,0) size 78x20
          chunk 1 text run 1 at (2200.00,4820.00) startOffset 0 endOffset 11 width 77.76: "just a text"
      RenderSVGText {text} at (2300,4805) size 78x20 contains 1 chunk(s)
        RenderSVGInlineText {#text} at (0,0) size 78x20
          chunk 1 text run 1 at (2300.00,4820.00) startOffset 0 endOffset 11 width 77.76: "just a text"
      RenderSVGText {text} at (2400,4805) size 78x20 contains 1 chunk(s)
        RenderSVGInlineText {#text} at (0,0) size 78x20
          chunk 1 text run 1 at (2400.00,4820.00) startOffset 0 endOffset 11 width 77.76: "just a text"
      RenderSVGText {text} at (2500,4805) size 78x20 contains 1 chunk(s)
        RenderSVGInlineText {#text} at (0,0) size 78x20
          chunk 1 text run 1 at (2500.00,4820.00) startOffset 0 endOffset 11 width 77.76: "just a text"
      RenderSVGText {text} at (2600,4805) size 78x20 contains 1 chunk(s)
        RenderSVGInlineText {#text} at (0,0) size 78x20
          chunk 1 text run 1 at (2600.00,4820.00) startOffset 0 endOffset 11 width 77.76: "just a text"
      RenderSVGText {text} at (2700,4805) size 78x20 contains 1 chunk(s)
        RenderSVGInlineText {#text} at (0,0) size 78x20
          chunk 1 text run 1 at (2700.00,4820.00) startOffset 0 endOffset 11 width 77.76: "just a text"
      RenderSVGText {text} at (2800,4805) size 78x20 contains 1 chunk(s)
        RenderSVGInlineText {#text} at (0,0) size 78x20
          chunk 1 text run 1 at (2800.00,4820.00) startOffset 0 endOffset 11 width 77.76: "just a text"
      RenderSVGText {text} at (2900,4805) size 78x20 contains 1 chunk(s)
        RenderSVGInlineText {#text} at (0,0) size 78x20
          chunk 1 text run 1 at (2900.00,4820.00) startOffset 0 endOffset 11 width 77.76: "just a text"
      RenderSVGText {text} at (3000,4805) size 78x20 contains 1 chunk(s)
        RenderSVGInlineText {#text} at (0,0) size 78x20
          chunk 1 text run 1 at (3000.00,4820.00) startOffset 0 endOffset 11 width 77.76: "just a text"
      RenderSVGText {text} at (3100,4805) size 78x20 contains 1 chunk(s)
        RenderSVGInlineText {#text} at (0,0) size 78x20
          chunk 1 text run 1 at (3100.00,4820.00) startOffset 0 endOffset 11 width 77.76: "just a text"
      RenderSVGText {text} at (3200,4805) size 78x20 contains 1 chunk(s)
        RenderSVGInlineText {#text} at (0,0) size 78x20
          chunk 1 text run 1 at (3200.00,4820.00) startOffset 0 endOffset 11 width 77.76: "just a text"
      RenderSVGText {text} at (3300,4805) size 78x20 contains 1 chunk(s)
        RenderSVGInlineText {#text} at (0,0) size 78x20
          chunk 1 text run 1 at (3300.00,4820.00) startOffset 0 endOffset 11 width 77.76: "just a text"
      RenderSVGText {text} at (3400,4805) size 78x20 contains 1 chunk(s)
        RenderSVGInlineText {#text} at (0,0) size 78x20
          chunk 1 text run 1 at (3400.00,4820.00) startOffset 0 endOffset 11 width 77.76: "just a text"
      RenderSVGText {text} at (3500,4805) size 78x20 contains 1 chunk(s)
        RenderSVGInlineText {#text} at (0,0) size 78x20
          chunk 1 text run 1 at (3500.00,4820.00) startOffset 0 endOffset 11 width 77.76: "just a text"
      RenderSVGText {text} at (3600,4805) size 78x20 contains 1 chunk(s)
        RenderSVGInlineText {#text} at (0,0) size 78x20
          chunk 1 text run 1 at (3600.00,4820.00) startOffset 0 endOffset 11 width 77.76: "just a text"
      RenderSVGText {text} at (3700,4805) size 78x20 contains 1 chunk(s)
        RenderSVGInlineText {#text} at (0,0) size 78x20
          chunk 1 text run 1 at (3700.00,4820.00) startOffset 0 endOffset 11 width 77.76: "just a text"
      RenderSVGText {text} at (3800,4805) size 78x20 contains 1 chunk(s)
        RenderSVGInlineText {#text} at (0,0) size 78x20
          chunk 1 text run 1 at (3800.00,4820.00) startOffset 0 endOffset 11 width 77.76: "just a text"
      RenderSVGText {text} at (3900,4805) size 78x20 contains 1 chunk(s)
        RenderSVGInlineText {#text} at (0,0) size 78x20
          chunk 1 text run 1 at (3900.00,4820.00) startOffset 0 endOffset 11 width 77.76: "just a text"
      RenderSVGText {text} at (4000,4805) size 78x20 contains 1 chunk(s)
        RenderSVGInlineText {#text} at (0,0) size 78x20
          chunk 1 text run 1 at (4000.00,4820.00) startOffset 0 endOffset 11 width 77.76: "just a text"
      RenderSVGText {text} at (4100,4805) size 78x20 contains 1 chunk(s)
        RenderSVGInlineText {#text} at (0,0) size 78x20
          chunk 1 text run 1 at (4100.00,4820.00) startOffset 0 endOffset 11 width 77.76: "just a text"
      RenderSVGText {text} at (4200,4805) size 78x20 contains 1 chunk(s)
        RenderSVGInlineText {#text} at (0,0) size 78x20
          chunk 1 text run 1 at (4200.00,4820.00) startOffset 0 endOffset 11 width 77.76: "just a text"
      RenderSVGText {text} at (4300,4805) size 78x20 contains 1 chunk(s)
        RenderSVGInlineText {#text} at (0,0) size 78x20
          chunk 1 text run 1 at (4300.00,4820.00) startOffset 0 endOffset 11 width 77.76: "just a text"
      RenderSVGText {text} at (4400,4805) size 78x20 contains 1 chunk(s)
        RenderSVGInlineText {#text} at (0,0) size 78x20
          chunk 1 text run 1 at (4400.00,4820.00) startOffset 0 endOffset 11 width 77.76: "just a text"
      RenderSVGText {text} at (4500,4805) size 78x20 contains 1 chunk(s)
        RenderSVGInlineText {#text} at (0,0) size 78x20
          chunk 1 text run 1 at (4500.00,4820.00) startOffset 0 endOffset 11 width 77.76: "just a text"
      RenderSVGText {text} at (4600,4805) size 78x20 contains 1 chunk(s)
        RenderSVGInlineText {#text} at (0,0) size 78x20
          chunk 1 text run 1 at (4600.00,4820.00) startOffset 0 endOffset 11 width 77.76: "just a text"
      RenderSVGText {text} at (4700,4805) size 78x20 contains 1 chunk(s)
        RenderSVGInlineText {#text} at (0,0) size 78x20
          chunk 1 text run 1 at (4700.00,4820.00) startOffset 0 endOffset 11 width 77.76: "just a text"
      RenderSVGText {text} at (4800,4805) size 78x20 contains 1 chunk(s)
        RenderSVGInlineText {#text} at (0,0) size 78x20
          chunk 1 text run 1 at (4800.00,4820.00) startOffset 0 endOffset 11 width 77.76: "just a text"
      RenderSVGText {text} at (4900,4805) size 78x20 contains 1 chunk(s)
        RenderSVGInlineText {#text} at (0,0) size 78x20
          chunk 1 text run 1 at (4900.00,4820.00) startOffset 0 endOffset 11 width 77.76: "just a text"
      RenderSVGText {text} at (0,4905) size 78x20 contains 1 chunk(s)
        RenderSVGInlineText {#text} at (0,0) size 78x20
          chunk 1 text run 1 at (0.00,4920.00) startOffset 0 endOffset 11 width 77.76: "just a text"
      RenderSVGText {text} at (100,4905) size 78x20 contains 1 chunk(s)
        RenderSVGInlineText {#text} at (0,0) size 78x20
          chunk 1 text run 1 at (100.00,4920.00) startOffset 0 endOffset 11 width 77.76: "just a text"
      RenderSVGText {text} at (200,4905) size 78x20 contains 1 chunk(s)
        RenderSVGInlineText {#text} at (0,0) size 78x20
          chunk 1 text run 1 at (200.00,4920.00) startOffset 0 endOffset 11 width 77.76: "just a text"
      RenderSVGText {text} at (300,4905) size 78x20 contains 1 chunk(s)
        RenderSVGInlineText {#text} at (0,0) size 78x20
          chunk 1 text run 1 at (300.00,4920.00) startOffset 0 endOffset 11 width 77.76: "just a text"
      RenderSVGText {text} at (400,4905) size 78x20 contains 1 chunk(s)
        RenderSVGInlineText {#text} at (0,0) size 78x20
          chunk 1 text run 1 at (400.00,4920.00) startOffset 0 endOffset 11 width 77.76: "just a text"
      RenderSVGText {text} at (500,4905) size 78x20 contains 1 chunk(s)
        RenderSVGInlineText {#text} at (0,0) size 78x20
          chunk 1 text run 1 at (500.00,4920.00) startOffset 0 endOffset 11 width 77.76: "just a text"
      RenderSVGText {text} at (600,4905) size 78x20 contains 1 chunk(s)
        RenderSVGInlineText {#text} at (0,0) size 78x20
          chunk 1 text run 1 at (600.00,4920.00) startOffset 0 endOffset 11 width 77.76: "just a text"
      RenderSVGText {text} at (700,4905) size 78x20 contains 1 chunk(s)
        RenderSVGInlineText {#text} at (0,0) size 78x20
          chunk 1 text run 1 at (700.00,4920.00) startOffset 0 endOffset 11 width 77.76: "just a text"
      RenderSVGText {text} at (800,4905) size 78x20 contains 1 chunk(s)
        RenderSVGInlineText {#text} at (0,0) size 78x20
          chunk 1 text run 1 at (800.00,4920.00) startOffset 0 endOffset 11 width 77.76: "just a text"
      RenderSVGText {text} at (900,4905) size 78x20 contains 1 chunk(s)
        RenderSVGInlineText {#text} at (0,0) size 78x20
          chunk 1 text run 1 at (900.00,4920.00) startOffset 0 endOffset 11 width 77.76: "just a text"
      RenderSVGText {text} at (1000,4905) size 78x20 contains 1 chunk(s)
        RenderSVGInlineText {#text} at (0,0) size 78x20
          chunk 1 text run 1 at (1000.00,4920.00) startOffset 0 endOffset 11 width 77.76: "just a text"
      RenderSVGText {text} at (1100,4905) size 78x20 contains 1 chunk(s)
        RenderSVGInlineText {#text} at (0,0) size 78x20
          chunk 1 text run 1 at (1100.00,4920.00) startOffset 0 endOffset 11 width 77.76: "just a text"
      RenderSVGText {text} at (1200,4905) size 78x20 contains 1 chunk(s)
        RenderSVGInlineText {#text} at (0,0) size 78x20
          chunk 1 text run 1 at (1200.00,4920.00) startOffset 0 endOffset 11 width 77.76: "just a text"
      RenderSVGText {text} at (1300,4905) size 78x20 contains 1 chunk(s)
        RenderSVGInlineText {#text} at (0,0) size 78x20
          chunk 1 text run 1 at (1300.00,4920.00) startOffset 0 endOffset 11 width 77.76: "just a text"
      RenderSVGText {text} at (1400,4905) size 78x20 contains 1 chunk(s)
        RenderSVGInlineText {#text} at (0,0) size 78x20
          chunk 1 text run 1 at (1400.00,4920.00) startOffset 0 endOffset 11 width 77.76: "just a text"
      RenderSVGText {text} at (1500,4905) size 78x20 contains 1 chunk(s)
        RenderSVGInlineText {#text} at (0,0) size 78x20
          chunk 1 text run 1 at (1500.00,4920.00) startOffset 0 endOffset 11 width 77.76: "just a text"
      RenderSVGText {text} at (1600,4905) size 78x20 contains 1 chunk(s)
        RenderSVGInlineText {#text} at (0,0) size 78x20
          chunk 1 text run 1 at (1600.00,4920.00) startOffset 0 endOffset 11 width 77.76: "just a text"
      RenderSVGText {text} at (1700,4905) size 78x20 contains 1 chunk(s)
        RenderSVGInlineText {#text} at (0,0) size 78x20
          chunk 1 text run 1 at (1700.00,4920.00) startOffset 0 endOffset 11 width 77.76: "just a text"
      RenderSVGText {text} at (1800,4905) size 78x20 contains 1 chunk(s)
        RenderSVGInlineText {#text} at (0,0) size 78x20
          chunk 1 text run 1 at (1800.00,4920.00) startOffset 0 endOffset 11 width 77.76: "just a text"
      RenderSVGText {text} at (1900,4905) size 78x20 contains 1 chunk(s)
        RenderSVGInlineText {#text} at (0,0) size 78x20
          chunk 1 text run 1 at (1900.00,4920.00) startOffset 0 endOffset 11 width 77.76: "just a text"
      RenderSVGText {text} at (2000,4905) size 78x20 contains 1 chunk(s)
        RenderSVGInlineText {#text} at (0,0) size 78x20
          chunk 1 text run 1 at (2000.00,4920.00) startOffset 0 endOffset 11 width 77.76: "just a text"
      RenderSVGText {text} at (2100,4905) size 78x20 contains 1 chunk(s)
        RenderSVGInlineText {#text} at (0,0) size 78x20
          chunk 1 text run 1 at (2100.00,4920.00) startOffset 0 endOffset 11 width 77.76: "just a text"
      RenderSVGText {text} at (2200,4905) size 78x20 contains 1 chunk(s)
        RenderSVGInlineText {#text} at (0,0) size 78x20
          chunk 1 text run 1 at (2200.00,4920.00) startOffset 0 endOffset 11 width 77.76: "just a text"
      RenderSVGText {text} at (2300,4905) size 78x20 contains 1 chunk(s)
        RenderSVGInlineText {#text} at (0,0) size 78x20
          chunk 1 text run 1 at (2300.00,4920.00) startOffset 0 endOffset 11 width 77.76: "just a text"
      RenderSVGText {text} at (2400,4905) size 78x20 contains 1 chunk(s)
        RenderSVGInlineText {#text} at (0,0) size 78x20
          chunk 1 text run 1 at (2400.00,4920.00) startOffset 0 endOffset 11 width 77.76: "just a text"
      RenderSVGText {text} at (2500,4905) size 78x20 contains 1 chunk(s)
        RenderSVGInlineText {#text} at (0,0) size 78x20
          chunk 1 text run 1 at (2500.00,4920.00) startOffset 0 endOffset 11 width 77.76: "just a text"
      RenderSVGText {text} at (2600,4905) size 78x20 contains 1 chunk(s)
        RenderSVGInlineText {#text} at (0,0) size 78x20
          chunk 1 text run 1 at (2600.00,4920.00) startOffset 0 endOffset 11 width 77.76: "just a text"
      RenderSVGText {text} at (2700,4905) size 78x20 contains 1 chunk(s)
        RenderSVGInlineText {#text} at (0,0) size 78x20
          chunk 1 text run 1 at (2700.00,4920.00) startOffset 0 endOffset 11 width 77.76: "just a text"
      RenderSVGText {text} at (2800,4905) size 78x20 contains 1 chunk(s)
        RenderSVGInlineText {#text} at (0,0) size 78x20
          chunk 1 text run 1 at (2800.00,4920.00) startOffset 0 endOffset 11 width 77.76: "just a text"
      RenderSVGText {text} at (2900,4905) size 78x20 contains 1 chunk(s)
        RenderSVGInlineText {#text} at (0,0) size 78x20
          chunk 1 text run 1 at (2900.00,4920.00) startOffset 0 endOffset 11 width 77.76: "just a text"
      RenderSVGText {text} at (3000,4905) size 78x20 contains 1 chunk(s)
        RenderSVGInlineText {#text} at (0,0) size 78x20
          chunk 1 text run 1 at (3000.00,4920.00) startOffset 0 endOffset 11 width 77.76: "just a text"
      RenderSVGText {text} at (3100,4905) size 78x20 contains 1 chunk(s)
        RenderSVGInlineText {#text} at (0,0) size 78x20
          chunk 1 text run 1 at (3100.00,4920.00) startOffset 0 endOffset 11 width 77.76: "just a text"
      RenderSVGText {text} at (3200,4905) size 78x20 contains 1 chunk(s)
        RenderSVGInlineText {#text} at (0,0) size 78x20
          chunk 1 text run 1 at (3200.00,4920.00) startOffset 0 endOffset 11 width 77.76: "just a text"
      RenderSVGText {text} at (3300,4905) size 78x20 contains 1 chunk(s)
        RenderSVGInlineText {#text} at (0,0) size 78x20
          chunk 1 text run 1 at (3300.00,4920.00) startOffset 0 endOffset 11 width 77.76: "just a text"
      RenderSVGText {text} at (3400,4905) size 78x20 contains 1 chunk(s)
        RenderSVGInlineText {#text} at (0,0) size 78x20
          chunk 1 text run 1 at (3400.00,4920.00) startOffset 0 endOffset 11 width 77.76: "just a text"
      RenderSVGText {text} at (3500,4905) size 78x20 contains 1 chunk(s)
        RenderSVGInlineText {#text} at (0,0) size 78x20
          chunk 1 text run 1 at (3500.00,4920.00) startOffset 0 endOffset 11 width 77.76: "just a text"
      RenderSVGText {text} at (3600,4905) size 78x20 contains 1 chunk(s)
        RenderSVGInlineText {#text} at (0,0) size 78x20
          chunk 1 text run 1 at (3600.00,4920.00) startOffset 0 endOffset 11 width 77.76: "just a text"
      RenderSVGText {text} at (3700,4905) size 78x20 contains 1 chunk(s)
        RenderSVGInlineText {#text} at (0,0) size 78x20
          chunk 1 text run 1 at (3700.00,4920.00) startOffset 0 endOffset 11 width 77.76: "just a text"
      RenderSVGText {text} at (3800,4905) size 78x20 contains 1 chunk(s)
        RenderSVGInlineText {#text} at (0,0) size 78x20
          chunk 1 text run 1 at (3800.00,4920.00) startOffset 0 endOffset 11 width 77.76: "just a text"
      RenderSVGText {text} at (3900,4905) size 78x20 contains 1 chunk(s)
        RenderSVGInlineText {#text} at (0,0) size 78x20
          chunk 1 text run 1 at (3900.00,4920.00) startOffset 0 endOffset 11 width 77.76: "just a text"
      RenderSVGText {text} at (4000,4905) size 78x20 contains 1 chunk(s)
        RenderSVGInlineText {#text} at (0,0) size 78x20
          chunk 1 text run 1 at (4000.00,4920.00) startOffset 0 endOffset 11 width 77.76: "just a text"
      RenderSVGText {text} at (4100,4905) size 78x20 contains 1 chunk(s)
        RenderSVGInlineText {#text} at (0,0) size 78x20
          chunk 1 text run 1 at (4100.00,4920.00) startOffset 0 endOffset 11 width 77.76: "just a text"
      RenderSVGText {text} at (4200,4905) size 78x20 contains 1 chunk(s)
        RenderSVGInlineText {#text} at (0,0) size 78x20
          chunk 1 text run 1 at (4200.00,4920.00) startOffset 0 endOffset 11 width 77.76: "just a text"
      RenderSVGText {text} at (4300,4905) size 78x20 contains 1 chunk(s)
        RenderSVGInlineText {#text} at (0,0) size 78x20
          chunk 1 text run 1 at (4300.00,4920.00) startOffset 0 endOffset 11 width 77.76: "just a text"
      RenderSVGText {text} at (4400,4905) size 78x20 contains 1 chunk(s)
        RenderSVGInlineText {#text} at (0,0) size 78x20
          chunk 1 text run 1 at (4400.00,4920.00) startOffset 0 endOffset 11 width 77.76: "just a text"
      RenderSVGText {text} at (4500,4905) size 78x20 contains 1 chunk(s)
        RenderSVGInlineText {#text} at (0,0) size 78x20
          chunk 1 text run 1 at (4500.00,4920.00) startOffset 0 endOffset 11 width 77.76: "just a text"
      RenderSVGText {text} at (4600,4905) size 78x20 contains 1 chunk(s)
        RenderSVGInlineText {#text} at (0,0) size 78x20
          chunk 1 text run 1 at (4600.00,4920.00) startOffset 0 endOffset 11 width 77.76: "just a text"
      RenderSVGText {text} at (4700,4905) size 78x20 contains 1 chunk(s)
        RenderSVGInlineText {#text} at (0,0) size 78x20
          chunk 1 text run 1 at (4700.00,4920.00) startOffset 0 endOffset 11 width 77.76: "just a text"
      RenderSVGText {text} at (4800,4905) size 78x20 contains 1 chunk(s)
        RenderSVGInlineText {#text} at (0,0) size 78x20
          chunk 1 text run 1 at (4800.00,4920.00) startOffset 0 endOffset 11 width 77.76: "just a text"
      RenderSVGText {text} at (4900,4905) size 78x20 contains 1 chunk(s)
        RenderSVGInlineText {#text} at (0,0) size 78x20
          chunk 1 text run 1 at (4900.00,4920.00) startOffset 0 endOffset 11 width 77.76: "just a text"
    RenderText {#text} at (0,0) size 0x0
