layer at (0,0) size 785x765
  RenderView at (0,0) size 785x600
layer at (0,0) size 785x600
  RenderBlock {html} at (0,0) size 785x600
    RenderBody {body} at (8,16) size 769x600
      RenderBlock {parsererror} at (16,0) size 737x128.88 [bgcolor=#FFDDDD] [border: (2px solid #CC7777)]
        RenderBlock {h3} at (18,20.72) size 701x19
          RenderText {#text} at (0,0) size 318x19
            text run at (0,0) width 318: "This page contains the following errors:"
        RenderBlock {div} at (18,58.44) size 701x12
          RenderText {#text} at (0,0) size 577x12
            text run at (0,0) width 577: "error on line 6 at column 7: Opening and ending tag mismatch: use line 0 and svg"
            text run at (576,0) width 1: " "
        RenderBlock {h3} at (18,89.16) size 701x19
          RenderText {#text} at (0,0) size 421x19
            text run at (0,0) width 421: "Below is a rendering of the page up to the first error."
      RenderBlock (anonymous) at (0,144.88) size 769x604
        RenderSVGRoot {svg} at (8,178) size 44x17
          RenderSVGText {text} at (0,18) size 44x16 contains 1 chunk(s)
            RenderSVGInlineText {#text} at (0,0) size 44x16
              chunk 1 text run 1 at (0.00,30.00) startOffset 0 endOffset 6 width 43.55: "Passed"
          RenderSVGContainer {use} at (8,160) size 0x1
