layer at (0,0) size 800x600
  RenderView at (0,0) size 800x600
layer at (0,0) size 800x380
  RenderBlock {html} at (0,0) size 800x379.81
    RenderBody {body} at (8,8) size 784x355.81
      RenderBlock {div} at (0,0) size 784x212 [bgcolor=#008000]
        RenderText {#text} at (0,0) size 0x0
      RenderBlock {p} at (0,228) size 208x16 [bgcolor=#0000FF]
        RenderText {#text} at (0,0) size 13x16
          text run at (0,0) width 13: "hi"
      RenderBlock {h2} at (0,263.91) size 784x24
        RenderText {#text} at (0,0) size 169x24
          text run at (0,0) width 169: "Expected results"
      RenderBlock {ul} at (0,307.81) size 784x48
        RenderListItem {li} at (40,0) size 744x16
          RenderListMarker at (-16,0) size 6x16: bullet
          RenderText {#text} at (0,0) size 29x16
            text run at (0,0) width 29: "The "
          RenderInline {code} at (0,0) size 25x13
            RenderText {#text} at (28,2) size 25x13
              text run at (28,2) width 25: "div"
          RenderText {#text} at (52,0) size 248x16
            text run at (52,0) width 248: " containing the object appears in green"
        RenderListItem {li} at (40,16) size 744x16
          RenderListMarker at (-16,0) size 6x16: bullet
          RenderText {#text} at (0,0) size 29x16
            text run at (0,0) width 29: "The "
          RenderInline {code} at (0,0) size 48x13
            RenderText {#text} at (28,2) size 48x13
              text run at (28,2) width 48: "object"
          RenderText {#text} at (75,0) size 278x16
            text run at (75,0) width 278: " appears in orange. Its height is set at 13em"
        RenderListItem {li} at (40,32) size 744x16
          RenderListMarker at (-16,0) size 6x16: bullet
          RenderText {#text} at (0,0) size 174x16
            text run at (0,0) width 174: "The blue line is 13em wide"
layer at (8,8) size 208x208
  RenderEmbeddedObject {object} at (0,0) size 208x208 [bgcolor=#FFA500]
    layer at (0,0) size 208x208
      RenderView at (0,0) size 208x208
    layer at (0,0) size 208x208
      RenderSVGRoot {svg} at (20,20) size 168x168
        RenderSVGEllipse {circle} at (20,20) size 168x168 [fill={[type=SOLID] [color=#FF0000]}] [cx=25.00] [cy=25.00] [r=20.00]
