layer at (0,0) size 800x600
  RenderView at (0,0) size 800x600
layer at (0,0) size 800x354
  RenderBlock {html} at (0,0) size 800x354
    RenderBody {body} at (8,8) size 784x338
      RenderText {#text} at (0,0) size 773x16
        text run at (0,0) width 773: "There should be no red displayed on the screen, and the patterns should not change when the browser window is resized."
      RenderBR {br} at (772,0) size 1x16
      RenderBR {br} at (0,16) size 0x16
      RenderSVGRoot {svg} at (8,40) size 202x306
        RenderSVGContainer {g} at (9,41) size 200x200
          RenderSVGRect {rect} at (9,141) size 100x50 [fill={[type=SOLID] [color=#FF0000]}] [x=0.00] [y=100.00] [width=100.00] [height=50.00]
          RenderSVGRect {rect} at (109,41) size 100x50 [fill={[type=SOLID] [color=#FF0000]}] [x=100.00] [y=0.00] [width=100.00] [height=50.00]
          RenderSVGRect {rect} at (9,141) size 100x100 [fill={[type=PATTERN] [id="pattern"]}] [x=0.00] [y=100.00] [width=100.00] [height=100.00]
          RenderSVGRect {rect} at (109,41) size 100x100 [fill={[type=PATTERN] [id="pattern"]}] [x=100.00] [y=0.00] [width=100.00] [height=100.00]
      RenderText {#text} at (202,322) size 4x16
        text run at (202,322) width 4: " "
      RenderSVGRoot {svg} at (214,40) size 202x306
        RenderSVGText {text} at (5,268) size 83x16 contains 1 chunk(s)
          RenderSVGInlineText {#text} at (0,0) size 83x16
            chunk 1 text run 1 at (5.00,280.00) startOffset 0 endOffset 11 width 82.78: "+Transforms"
        RenderSVGContainer {g} at (215,141) size 100x100 [transform={m=((1.00,0.00)(0.00,1.00)) t=(0.00,100.00)}]
          RenderSVGRect {rect} at (215,141) size 100x50 [fill={[type=SOLID] [color=#FF0000]}] [x=0.00] [y=0.00] [width=100.00] [height=50.00]
          RenderSVGRect {rect} at (215,141) size 100x100 [fill={[type=PATTERN] [id="pattern"]}] [x=0.00] [y=0.00] [width=100.00] [height=100.00]
        RenderSVGContainer {g} at (315,41) size 100x100 [transform={m=((1.00,0.00)(0.00,1.00)) t=(100.00,0.00)}]
          RenderSVGRect {rect} at (315,41) size 100x50 [fill={[type=SOLID] [color=#FF0000]}] [x=0.00] [y=0.00] [width=100.00] [height=50.00]
          RenderSVGRect {rect} at (315,41) size 100x100 [fill={[type=PATTERN] [id="pattern"]}] [x=0.00] [y=0.00] [width=100.00] [height=100.00]
        RenderSVGHiddenContainer {defs} at (0,0) size 0x0
          RenderSVGResourcePattern {pattern} [id="pattern"] [patternUnits=userSpaceOnUse] [patternContentUnits=userSpaceOnUse]
            RenderSVGRect {rect} at (215,41) size 100x25 [fill={[type=SOLID] [color=#008000]}] [x=0.00] [y=0.00] [width=100.00] [height=25.00]
            RenderSVGRect {rect} at (215,66) size 100x25 [fill={[type=SOLID] [color=#0000FF]}] [x=0.00] [y=25.00] [width=100.00] [height=25.00]
      RenderText {#text} at (408,322) size 4x16
        text run at (408,322) width 4: " "
      RenderText {#text} at (0,0) size 0x0
layer at (420,40) size 202x302
  RenderSVGRoot {svg} at (420,40) size 202x306
    RenderSVGText {text} at (5,268) size 173x16 contains 1 chunk(s)
      RenderSVGInlineText {#text} at (0,0) size 173x16
        chunk 1 text run 1 at (5.00,280.00) startOffset 0 endOffset 24 width 172.09: "+Accelerated Compositing"
    RenderSVGContainer {g} at (421,41) size 200x200
      RenderSVGRect {rect} at (421,141) size 100x100 [fill={[type=PATTERN] [id="pattern"]}] [x=0.00] [y=100.00] [width=100.00] [height=100.00]
      RenderSVGRect {rect} at (521,41) size 100x100 [fill={[type=PATTERN] [id="pattern"]}] [x=100.00] [y=0.00] [width=100.00] [height=100.00]
