layer at (0,0) size 800x600
  RenderView at (0,0) size 800x600
layer at (0,0) size 800x289
  RenderBlock {html} at (0,0) size 800x288.88
    RenderBody {body} at (8,21.44) size 784x259.44
      RenderBlock {h1} at (0,0) size 784x32
        RenderText {#text} at (0,0) size 750x32
          text run at (0,0) width 750: "Test case for x/y attributes on root-most <svg> element"
      RenderBlock {p} at (0,53.44) size 784x48
        RenderText {#text} at (0,0) size 29x16
          text run at (0,0) width 29: "The "
        RenderInline {code} at (0,0) size 9x13
          RenderText {#text} at (28,2) size 9x13
            text run at (28,2) width 9: "x"
        RenderText {#text} at (36,0) size 32x16
          text run at (36,0) width 32: " and "
        RenderInline {code} at (0,0) size 9x13
          RenderText {#text} at (67,2) size 9x13
            text run at (67,2) width 9: "y"
        RenderText {#text} at (75,0) size 166x16
          text run at (75,0) width 166: " attributes on a root-most "
        RenderInline {code} at (0,0) size 40x13
          RenderText {#text} at (240,2) size 40x13
            text run at (240,2) width 40: "<svg>"
        RenderText {#text} at (279,0) size 440x16
          text run at (279,0) width 440: " element should be ignored, as specified by SVG 1.1. The root-most "
        RenderInline {code} at (0,0) size 40x13
          RenderText {#text} at (718,2) size 40x13
            text run at (718,2) width 40: "<svg>"
        RenderText {#text} at (0,16) size 756x32
          text run at (0,16) width 756: "element is the element at the root of an SVG fragment. For the following test to pass, the green SVG square should be"
          text run at (0,32) width 636: "rendered aligned to the top-left of the red CSS-rendered square, which is 10 pixels wider and taller."
      RenderBlock {p} at (0,117.44) size 784x16
        RenderText {#text} at (0,0) size 28x16
          text run at (0,0) width 28: "See "
        RenderInline {a} at (0,0) size 71x16 [color=#0000EE]
          RenderText {#text} at (27,0) size 71x16
            text run at (27,0) width 71: "Bug 13828"
        RenderText {#text} at (97,0) size 5x16
          text run at (97,0) width 5: "."
      RenderBlock {div} at (0,149.44) size 110x110 [bgcolor=#FF0000]
        RenderSVGRoot {svg} at (8,170) size 100x101
          RenderSVGRect {rect} at (8,170) size 100x101 [fill={[type=SOLID] [color=#008000]}] [x=0.00] [y=0.00] [width=100.00] [height=100.00]
        RenderText {#text} at (0,0) size 0x0
