layer at (0,0) size 800x600
  RenderView at (0,0) size 800x600
layer at (0,0) size 800x506
  RenderBlock {html} at (0,0) size 800x506
    RenderBody {body} at (8,8) size 784x482
      RenderBlock (anonymous) at (0,0) size 784x16
        RenderText {#text} at (0,0) size 647x16
          text run at (0,0) width 245: "The two blocks should look identical. "
          text run at (244,0) width 403: "One uses an SVG, and the other just uses a normal HTML div."
      RenderBlock {p} at (0,32) size 784x16
        RenderText {#text} at (0,0) size 360x16
          text run at (0,0) width 360: "There should be a red, white and blue pattern below this"
      RenderSVGRoot {svg} at (18,82) size 140x140
        RenderSVGRect {rect} at (38,102) size 100x100 [fill={[type=SOLID] [color=#0000FF]}] [x=0.00] [y=0.00] [width=100.00] [height=100.00]
      RenderBlock {p} at (0,224) size 784x16
        RenderText {#text} at (0,0) size 359x16
          text run at (0,0) width 359: "There should be a red, white and blue pattern above this"
      RenderBlock {hr} at (0,256) size 784x2 [border: (1px inset #EEEEEE)]
      RenderBlock {p} at (0,274) size 784x16
        RenderText {#text} at (0,0) size 360x16
          text run at (0,0) width 360: "There should be a red, white and blue pattern below this"
      RenderBlock (floating) {div} at (10,316) size 140x140 [border: (10px solid #FF0000)]
        RenderBlock {div} at (20,20) size 100x100 [bgcolor=#0000FF]
      RenderBlock {p} at (0,466) size 784x16
        RenderText {#text} at (0,0) size 359x16
          text run at (0,0) width 359: "There should be a red, white and blue pattern above this"
