layer at (0,0) size 800x600
  RenderView at (0,0) size 800x600
layer at (0,0) size 800x267
  RenderBlock {html} at (0,0) size 800x266.88
    RenderBody {body} at (8,21.44) size 784x229.44
      RenderBlock {h1} at (0,0) size 784x32
        RenderText {#text} at (0,0) size 116x32
          text run at (0,0) width 116: "Test for "
        RenderInline {a} at (0,0) size 144x32 [color=#0000EE]
          RenderText {#text} at (115,0) size 144x32
            text run at (115,0) width 144: "Bug 42352"
      RenderBlock {p} at (0,53.44) size 784x16
        RenderText {#text} at (0,0) size 510x16
          text run at (0,0) width 510: "Following text should be rendered as usual. Only \"A\" has a glyph in SVG Font."
      RenderBlock {p} at (0,85.44) size 784x16
        RenderText {#text} at (0,0) size 35x16
          text run at (0,0) width 35: "XXA"
      RenderBlock {p} at (0,117.44) size 784x16
        RenderText {#text} at (0,0) size 35x16
          text run at (0,0) width 35: "XAX"
      RenderBlock {p} at (0,149.44) size 784x16
        RenderText {#text} at (0,0) size 35x16
          text run at (0,0) width 35: "AXX"
      RenderBlock {p} at (0,181.44) size 784x16
        RenderText {#text} at (0,0) size 35x16
          text run at (0,0) width 35: "XXX"
      RenderBlock {p} at (0,213.44) size 784x16
        RenderText {#text} at (0,0) size 35x16
          text run at (0,0) width 35: "AAA"
