layer at (0,0) size 800x600
  RenderView at (0,0) size 800x600
layer at (0,0) size 800x518
  RenderBlock {HTML} at (0,0) size 800x517.53 [bgcolor=#FFFFFF]
layer at (173,32) size 454x454
  RenderBody {BODY} at (173.23,32) size 453.53x453.53 [color=#FFFFFF] [bgcolor=#DD6600]
    RenderBlock {DIV} at (0,0) size 453.53x0
      RenderBlock {DIV} at (0,0) size 453.53x0
        RenderBlock {DIV} at (0,0) size 453.53x0
    RenderBlock {DIV} at (0,0) size 453.53x0
      RenderInline {SPAN} at (0,0) size 0x0
    RenderBlock {DIV} at (0,0) size 453.53x0
      RenderInline {SPAN} at (0,0) size 0x0
    RenderBlock {DIV} at (0,0) size 453.53x0
      RenderInline {SPAN} at (0,0) size 0x0
    RenderBlock {DIV} at (0,0) size 453.53x0
      RenderInline {SPAN} at (0,0) size 0x0
    RenderBlock {DIV} at (0,0) size 453.53x0
      RenderInline {SPAN} at (0,0) size 0x0
    RenderBlock {DIV} at (0,0) size 453.53x0
      RenderInline {SPAN} at (0,0) size 0x0
layer at (173,47) size 454x188
  RenderBlock (positioned) {H1} at (0,15.11) size 453.53x188 [color=#DD9955]
    RenderInline {SPAN} at (0,0) size 343x191
      RenderText {#text} at (62,-2) size 343x191
        text run at (62,-2) width 329: "CSS ZEN"
        text run at (55,92) width 343: "GARDEN"
layer at (173,119) size 454x19
  RenderBlock (positioned) {H2} at (0,87.47) size 453.53x19 [color=#EEFF00]
    RenderInline {SPAN} at (0,0) size 206x19
      RenderText {#text} at (124,0) size 114x19
        text run at (124,0) width 114: "The Beauty of "
      RenderInline {ACRONYM} at (0,0) size 34x19
        RenderText {#text} at (237,0) size 34x19
          text run at (237,0) width 34: "CSS"
      RenderText {#text} at (270,0) size 60x19
        text run at (270,0) width 60: " Design"
layer at (173,351) size 454x135
  RenderBlock (positioned) {DIV} at (0,319.34) size 453.53x134.19
    RenderInline {P} at (0,0) size 431x28
      RenderInline {SPAN} at (0,0) size 431x28
        RenderText {#text} at (11,0) size 431x28
          text run at (11,0) width 431: "Littering a dark and dreary road lay the past relics of browser-"
          text run at (11,14) width 198: "specific tags, incompatible "
        RenderInline {ACRONYM} at (0,0) size 32x14
          RenderText {#text} at (208,14) size 32x14
            text run at (208,14) width 32: "DOM"
        RenderText {#text} at (239,14) size 113x14
          text run at (239,14) width 113: "s, and broken "
        RenderInline {ACRONYM} at (0,0) size 26x14
          RenderText {#text} at (351,14) size 26x14
            text run at (351,14) width 26: "CSS"
        RenderText {#text} at (376,14) size 66x14
          text run at (376,14) width 66: " support."
    RenderText {#text} at (0,0) size 0x0
    RenderInline {P} at (0,0) size 431x42
      RenderInline {SPAN} at (0,0) size 431x42
        RenderText {#text} at (11,28) size 431x42
          text run at (11,28) width 430: "Today, we must clear the mind of past practices. Web"
          text run at (11,42) width 431: "enlightenment has been achieved thanks to the tireless efforts"
          text run at (11,56) width 103: "of folk like the "
        RenderInline {ACRONYM} at (0,0) size 31x14
          RenderText {#text} at (113,56) size 31x14
            text run at (113,56) width 31: "W3C"
        RenderText {#text} at (143,56) size 9x14
          text run at (143,56) width 9: ", "
        RenderInline {ACRONYM} at (0,0) size 39x14
          RenderText {#text} at (151,56) size 39x14
            text run at (151,56) width 39: "WaSP"
        RenderText {#text} at (189,56) size 224x14
          text run at (189,56) width 224: " and the major browser creators."
    RenderText {#text} at (412,56) size 6x14
      text run at (412,56) width 6: " "
    RenderInline {P} at (0,0) size 431x70
      RenderInline {SPAN} at (0,0) size 431x70
        RenderText {#text} at (417,56) size 431x70
          text run at (417,56) width 25: "The"
          text run at (11,70) width 431: "css Zen Garden invites you to relax and meditate on the"
          text run at (11,84) width 431: "important lessons of the masters. Begin to see with clarity."
          text run at (11,98) width 431: "Learn to use the (yet to be) time-honored techniques in new and"
          text run at (11,112) width 316: "invigorating fashion. Become one with the web."
    RenderText {#text} at (0,0) size 0x0
layer at (321,235) size 306x80
  RenderBlock (positioned) {H3} at (148.19,-115.88) size 305.34x80 [color=#CCCC77] [bgcolor=#888811] [border: (3px solid #888811) none (3px solid #888811)]
    RenderInline {SPAN} at (0,0) size 276x83
      RenderText {#text} at (45,-2) size 276x83
        text run at (45,-2) width 231: "The Road to"
        text run at (3,35) width 276: "Enlightenment"
