layer at (0,0) size 800x600
  RenderView at (0,0) size 800x600
layer at (0,0) size 800x220
  RenderBlock {html} at (0,0) size 800x220
    RenderBody {body} at (8,16) size 784x196
      RenderBlock {p} at (0,0) size 784x16 [color=#000080]
        RenderText {#text} at (0,0) size 268x16
          text run at (0,0) width 268: "There should be two identical bars below."
      RenderBlock {p} at (0,32) size 784x16 [color=#000080]
        RenderText {#text} at (0,0) size 59x16
          text run at (0,0) width 59: "First bar:"
      RenderBlock {div} at (0,64) size 160x40 [bgcolor=#000080]
      RenderBlock {p} at (0,120) size 784x16 [color=#000080]
        RenderText {#text} at (0,0) size 76x16
          text run at (0,0) width 76: "Second bar:"
      RenderBlock (anonymous) at (0,152) size 784x44
        RenderSVGRoot {svg} at (8,168) size 160x40
          RenderSVGRect {rect} at (8,168) size 160x40 [fill={[type=SOLID] [color=#000080]}] [x=0.00] [y=0.00] [width=100.00] [height=100.00]
        RenderText {#text} at (0,0) size 0x0
