layer at (0,0) size 785x3711
  RenderView at (0,0) size 785x600
layer at (0,0) size 785x3711
  RenderBlock {HTML} at (0,0) size 785x3711
    RenderBody {BODY} at (8,8) size 769x3695 [bgcolor=#CCCCCC]
      RenderBlock {P} at (0,0) size 769x16
        RenderText {#text} at (0,0) size 363x16
          text run at (0,0) width 363: "The style declarations which apply to the text below are:"
      RenderBlock {PRE} at (0,32) size 769x702
        RenderText {#text} at (0,0) size 554x702
          text run at (0,0) width 297: "P.one {color: green; rotation: 70deg;}"
          text run at (296,0) width 1: " "
          text run at (0,13) width 172: "P.oneb {color: green;}"
          text run at (171,13) width 1: " "
          text run at (0,26) width 227: "P.oneb {color: invalidValue;}"
          text run at (226,26) width 1: " "
          text run at (0,39) width 266: "P.two {background-color: inherit;}"
          text run at (265,39) width 1: " "
          text run at (0,52) width 211: "H1 + P.three {color: blue;}"
          text run at (210,52) width 1: " "
          text run at (0,65) width 196: "P.four + H1 {color: red;}"
          text run at (195,65) width 1: " "
          text run at (0,78) width 258: "P.five {background-color: \"red\";}"
          text run at (257,78) width 1: " "
          text run at (0,91) width 398: "P.sixa {border-width: medium; border-style: solid;}"
          text run at (397,91) width 1: " "
          text run at (0,104) width 391: "P.sixb {border-width: funny; border-style: solid;}"
          text run at (390,104) width 1: " "
          text run at (0,117) width 383: "P.sixc {border-width: 50zu; border-style: solid;}"
          text run at (382,117) width 1: " "
          text run at (0,130) width 367: "P.sixd {border-width: px; border-style: solid;}"
          text run at (366,130) width 1: " "
          text run at (0,143) width 94: "@three-dee {"
          text run at (93,143) width 1: " "
          text run at (0,156) width 180: " @background-lighting {"
          text run at (179,156) width 1: " "
          text run at (0,169) width 133: "  azimuth: 30deg;"
          text run at (132,169) width 1: " "
          text run at (0,182) width 157: "  elevation: 190deg;"
          text run at (156,182) width 1: " "
          text run at (0,195) width 24: "  }"
          text run at (23,195) width 1: " "
          text run at (0,208) width 180: " P.seven { color: red }"
          text run at (179,208) width 1: " "
          text run at (0,221) width 16: " }"
          text run at (15,221) width 1: " "
          text run at (0,234) width 180: "P.eight {COLOR: GREEN;}"
          text run at (179,234) width 1: " "
          text run at (0,247) width 188: "OL:wait {color: maroon;}"
          text run at (187,247) width 1: " "
          text run at (0,260) width 266: "P.ten:first-child {color: maroon;}"
          text run at (265,260) width 1: " "
          text run at (0,273) width 203: "UL:lang(fr) {color: gray;}"
          text run at (202,273) width 1: " "
          text run at (0,286) width 242: "BLOCKQUOTE[href] {color: navy;}"
          text run at (241,286) width 1: " "
          text run at (0,299) width 281: "ACRONYM[href=\"foo\"] {color: purple;}"
          text run at (280,299) width 1: " "
          text run at (0,312) width 289: "ADDRESS[href~=\"foo\"] {color: purple;}"
          text run at (288,312) width 1: " "
          text run at (0,325) width 242: "SPAN[lang|=\"fr\"] {color: #c37;}"
          text run at (241,325) width 1: " "
          text run at (0,338) width 94: "@media tty {"
          text run at (93,338) width 1: " "
          text run at (0,351) width 133: " H1 {color: red;}"
          text run at (132,351) width 1: " "
          text run at (0,364) width 188: " P.sixteen {color: red;}"
          text run at (187,364) width 1: " "
          text run at (0,377) width 16: " }"
          text run at (15,377) width 1: " "
          text run at (0,390) width 94: "@three-dee {"
          text run at (93,390) width 1: " "
          text run at (0,403) width 203: " P.seventeen {color: red }"
          text run at (202,403) width 1: " "
          text run at (0,416) width 16: " }"
          text run at (15,416) width 1: " "
          text run at (0,429) width 554: "P.eighteena {text-decoration: underline overline line-through diagonal;"
          text run at (553,429) width 1: " "
          text run at (0,442) width 406: "            font: bold highlighted 100% sans-serif;}"
          text run at (405,442) width 1: " "
          text run at (0,455) width 554: "P.eighteenb {text-decoration: underline overline line-through diagonal;"
          text run at (553,455) width 1: " "
          text run at (0,468) width 367: "            font: bold highlighted 100% serif;}"
          text run at (366,468) width 1: " "
          text run at (0,481) width 375: "EM, P.nineteena ! EM, STRONG {font-size: 200%; }"
          text run at (374,481) width 1: " "
          text run at (0,494) width 0: " "
          text run at (0,507) width 125: "// UL.nineteenb,"
          text run at (124,507) width 1: " "
          text run at (0,520) width 196: "P.nineteenb {color: red;}"
          text run at (195,520) width 1: " "
          text run at (0,533) width 0: " "
          text run at (0,546) width 352: "P.twentya {rotation-code: \"}\"; color: blue;} "
          text run at (351,546) width 1: " "
          text run at (0,559) width 383: "P.twentyb {rotation-code: \"\\\"}\\\"\"; color: green;}"
          text run at (382,559) width 1: " "
          text run at (0,572) width 391: "P.twentyonea {rotation-code: '}'; color: purple;} "
          text run at (390,572) width 1: " "
          text run at (0,585) width 406: "P.twentyoneb {rotation-code: '\\'}\\''; color: green;}"
          text run at (405,585) width 1: " "
          text run at (0,598) width 102: "P.twentytwo {"
          text run at (101,598) width 1: " "
          text run at (0,611) width 367: " type-display: @threedee {rotation-code: '}';};"
          text run at (366,611) width 1: " "
          text run at (0,624) width 110: " color: green;"
          text run at (109,624) width 1: " "
          text run at (0,637) width 16: " }"
          text run at (15,637) width 1: " "
          text run at (0,650) width 274: "P.twentythree {text-indent: 0.5in;}"
          text run at (273,650) width 1: " "
          text run at (0,663) width 110: " color: maroon"
          text run at (109,663) width 1: " "
          text run at (0,676) width 203: "P.twentyfour {color: red;}"
          text run at (202,676) width 1: " "
          text run at (0,689) width 0: " "
      RenderBlock {HR} at (0,747) size 769x2 [border: (1px inset #EEEEEE)]
      RenderBlock {P} at (0,765) size 769x16 [color=#008000]
        RenderText {#text} at (0,0) size 493x16
          text run at (0,0) width 493: "This paragraph should be green, because only the rotation should be ignored."
      RenderBlock {P} at (0,797) size 769x16 [color=#008000]
        RenderText {#text} at (0,0) size 636x16
          text run at (0,0) width 636: "This paragraph should be green, since error-checking should be done before calculating specificity."
      RenderBlock {P} at (0,829) size 769x32
        RenderText {#text} at (0,0) size 568x16
          text run at (0,0) width 568: "This paragraph should have a solid gray background (or a white grid), because in CSS1, "
        RenderInline {CODE} at (0,0) size 56x13
          RenderText {#text} at (567,2) size 56x13
            text run at (567,2) width 56: "inherit"
        RenderText {#text} at (622,0) size 769x32
          text run at (622,0) width 147: " is an invalid keyword,"
          text run at (0,16) width 530: "and in CSS2, it will cause the gray background (not the white grid) to be inherited."
      RenderBlock {P} at (0,877) size 769x16
        RenderText {#text} at (0,0) size 650x16
          text run at (0,0) width 650: "This paragraph should be black, since in CSS1, the selector is invalid, and in CSS2, it does not apply."
      RenderBlock {P} at (0,909) size 769x16
        RenderText {#text} at (0,0) size 650x16
          text run at (0,0) width 650: "This paragraph should be black, since in CSS1, the selector is invalid, and in CSS2, it does not apply."
      RenderBlock {P} at (0,941) size 769x16
        RenderText {#text} at (0,0) size 532x16
          text run at (0,0) width 532: "This paragraph should have a white background, since keywords cannot be quoted."
      RenderBlock {P} at (0,973) size 769x38 [border: (3px solid #000000)]
        RenderText {#text} at (3,3) size 731x32
          text run at (3,3) width 656: "This paragraph should have a medium-width border around it (the same as the next three paragraphs). "
          text run at (658,3) width 76: "This should"
          text run at (3,19) width 365: "cause the user agent to use the default value of 'medium'."
      RenderBlock {P} at (0,1027) size 769x38 [border: (3px solid #000000)]
        RenderText {#text} at (3,3) size 754x32
          text run at (3,3) width 754: "This paragraph should have a medium-width border around it (the same as the previous and the next two paragraphs),"
          text run at (3,19) width 233: "because the border-width is invalid. "
          text run at (235,19) width 445: "This should cause the user agent to use the default value of 'medium'."
      RenderBlock {P} at (0,1081) size 769x54 [border: (3px solid #000000)]
        RenderText {#text} at (3,3) size 754x48
          text run at (3,3) width 754: "This paragraph should have a medium-width border around it (the same as the next and the previous two paragraphs),"
          text run at (3,19) width 600: "because the border-width units are invalid, and therefore the border-width should be ignored. "
          text run at (602,19) width 139: "This should cause the"
          text run at (3,35) width 302: "user agent to use the default value of 'medium'."
      RenderBlock {P} at (0,1151) size 769x54 [border: (3px solid #000000)]
        RenderText {#text} at (3,3) size 758x48
          text run at (3,3) width 758: "This paragraph should have a medium-width border around it (the same as the previous three paragraphs), because the"
          text run at (3,19) width 559: "border-width does not have any value to go with its pixel unit, and is therefore invalid. "
          text run at (561,19) width 169: "This should cause the user"
          text run at (3,35) width 271: "agent to use the default value of 'medium'."
      RenderBlock {P} at (0,1221) size 769x16
        RenderText {#text} at (0,0) size 676x16
          text run at (0,0) width 676: "This paragraph should be black, because the style declaration that applies to it is within an invalid at-rule."
      RenderBlock {P} at (0,1253) size 769x32 [color=#008000]
        RenderText {#text} at (0,0) size 739x32
          text run at (0,0) width 210: "This paragraph should be green. "
          text run at (209,0) width 530: "CSS is case-insensitive, unless required to be case sensitive due to interaction with"
          text run at (0,16) width 278: "other standards (e.g., font names or URLs.)"
      RenderBlock {OL} at (0,1301) size 769x16
        RenderListItem {LI} at (40,0) size 729x16
          RenderListMarker at (-20,0) size 16x16: "1"
          RenderText {#text} at (0,0) size 636x16
            text run at (0,0) width 636: "This ordered list item should be black, because the declaration has an invalid pseudo-class selector."
      RenderBlock {P} at (0,1333) size 769x32
        RenderText {#text} at (0,0) size 766x32
          text run at (0,0) width 766: "This paragraph should be black, because, in CSS1, :first-child is an invalid pseudo-class, and in CSS2, this paragraph is"
          text run at (0,16) width 114: "not the first child."
      RenderBlock {UL} at (0,1381) size 769x32
        RenderListItem {LI} at (40,0) size 729x32
          RenderListMarker at (-16,0) size 6x16: bullet
          RenderText {#text} at (0,0) size 704x32
            text run at (0,0) width 704: "This unordered list item should be black, because, according to CSS1, the selector is invalid, and according to"
            text run at (0,16) width 233: "CSS2, the selector should not apply."
      RenderBlock {BLOCKQUOTE} at (40,1429) size 689x32
        RenderText {#text} at (0,0) size 654x32
          text run at (0,0) width 654: "This blockquote should be black, because, according to CSS1, the selector is invalid, and according to"
          text run at (0,16) width 233: "CSS2, the selector should not apply."
      RenderBlock {P} at (0,1477) size 769x32
        RenderInline {ACRONYM} at (0,0) size 761x32
          RenderText {#text} at (0,0) size 761x32
            text run at (0,0) width 761: "This acronym should be black, because, according to CSS1, the selector is invalid, and according to CSS2, the selector"
            text run at (0,16) width 111: "should not apply."
      RenderBlock {ADDRESS} at (0,1525) size 769x32
        RenderText {#text} at (0,0) size 757x32
          text run at (0,0) width 757: "This address should be black, because, according to CSS1, the selector is invalid, and according to CSS2, the selector"
          text run at (0,16) width 111: "should not apply."
      RenderBlock {P} at (0,1573) size 769x32
        RenderInline {SPAN} at (0,0) size 734x32
          RenderText {#text} at (0,0) size 734x32
            text run at (0,0) width 734: "This span should be black, because, according to CSS1, the selector is invalid, and according to CSS2, the selector"
            text run at (0,16) width 111: "should not apply."
      RenderBlock {P} at (0,1621) size 769x32
        RenderText {#text} at (0,0) size 756x32
          text run at (0,0) width 680: "This paragraph should be black, because the style declaration that applies to it is within an invalid at-rule. "
          text run at (679,0) width 77: "However, it"
          text run at (0,16) width 617: "is valid in CSS2, so if this is being viewed on a tty browser that supports CSS2, it should be red."
      RenderBlock {P} at (0,1669) size 769x16
        RenderText {#text} at (0,0) size 676x16
          text run at (0,0) width 676: "This paragraph should be black, because the style declaration that applies to it is within an invalid at-rule."
      RenderBlock {P} at (0,1701) size 769x64
        RenderText {#text} at (0,0) size 753x16
          text run at (0,0) width 753: "The text of this paragraph should be normal (that is, it should not be underlined, overlined, stricken, or bold), because"
        RenderInline {CODE} at (0,0) size 63x13
          RenderText {#text} at (0,18) size 63x13
            text run at (0,18) width 63: "diagonal"
        RenderText {#text} at (62,16) size 231x16
          text run at (62,16) width 231: " is not a valid keyword, making the "
        RenderInline {CODE} at (0,0) size 118x13
          RenderText {#text} at (292,18) size 118x13
            text run at (292,18) width 118: "text-decoration"
        RenderText {#text} at (409,16) size 135x16
          text run at (409,16) width 57: " invalid. "
          text run at (465,16) width 79: "In addition, "
        RenderInline {CODE} at (0,0) size 87x13
          RenderText {#text} at (543,18) size 87x13
            text run at (543,18) width 87: "highlighted"
        RenderText {#text} at (629,16) size 762x32
          text run at (629,16) width 133: " is not a valid part of"
          text run at (0,32) width 24: "the "
        RenderInline {CODE} at (0,0) size 32x13
          RenderText {#text} at (23,34) size 32x13
            text run at (23,34) width 32: "font"
        RenderText {#text} at (54,32) size 734x32
          text run at (54,32) width 185: " property, making it invalid. "
          text run at (238,32) width 496: "Therefore, this paragraph's font should be the UA default, and match the next"
          text run at (0,48) width 72: "paragraph. "
          text run at (71,48) width 197: "If this is not the case, then the "
        RenderInline {CODE} at (0,0) size 32x13
          RenderText {#text} at (267,50) size 32x13
            text run at (267,50) width 32: "font"
        RenderText {#text} at (298,48) size 255x16
          text run at (298,48) width 255: " declaration is being improperly parsed."
      RenderBlock {P} at (0,1781) size 769x64
        RenderText {#text} at (0,0) size 753x16
          text run at (0,0) width 753: "The text of this paragraph should be normal (that is, it should not be underlined, overlined, stricken, or bold), because"
        RenderInline {CODE} at (0,0) size 63x13
          RenderText {#text} at (0,18) size 63x13
            text run at (0,18) width 63: "diagonal"
        RenderText {#text} at (62,16) size 231x16
          text run at (62,16) width 231: " is not a valid keyword, making the "
        RenderInline {CODE} at (0,0) size 118x13
          RenderText {#text} at (292,18) size 118x13
            text run at (292,18) width 118: "text-decoration"
        RenderText {#text} at (409,16) size 135x16
          text run at (409,16) width 57: " invalid. "
          text run at (465,16) width 79: "In addition, "
        RenderInline {CODE} at (0,0) size 87x13
          RenderText {#text} at (543,18) size 87x13
            text run at (543,18) width 87: "highlighted"
        RenderText {#text} at (629,16) size 762x32
          text run at (629,16) width 133: " is not a valid part of"
          text run at (0,32) width 24: "the "
        RenderInline {CODE} at (0,0) size 32x13
          RenderText {#text} at (23,34) size 32x13
            text run at (23,34) width 32: "font"
        RenderText {#text} at (54,32) size 761x32
          text run at (54,32) width 185: " property, making it invalid. "
          text run at (238,32) width 523: "Therefore, this paragraph's font should be the UA default, and match the previous"
          text run at (0,48) width 72: "paragraph. "
          text run at (71,48) width 197: "If this is not the case, then the "
        RenderInline {CODE} at (0,0) size 32x13
          RenderText {#text} at (267,50) size 32x13
            text run at (267,50) width 32: "font"
        RenderText {#text} at (298,48) size 255x16
          text run at (298,48) width 255: " declaration is being improperly parsed."
      RenderBlock {P} at (0,1861) size 769x48
        RenderText {#text} at (0,0) size 542x16
          text run at (0,0) width 513: "The text of this paragraph should be normal size because the selector is invalid. "
          text run at (512,0) width 30: "The "
        RenderInline {EM} at (0,0) size 102x16
          RenderText {#text} at (541,0) size 102x16
            text run at (541,0) width 102: "emphasized text"
        RenderText {#text} at (642,0) size 56x16
          text run at (642,0) width 56: " and the "
        RenderInline {STRONG} at (0,0) size 742x32
          RenderText {#text} at (697,0) size 742x32
            text run at (697,0) width 45: "strong"
            text run at (0,16) width 26: "text"
        RenderText {#text} at (25,16) size 736x32
          text run at (25,16) width 711: " within it should also be normal size, since the entire ruleset should be skipped (since in some future version of"
          text run at (0,32) width 603: "CSS, there could be an operator within the selector that has higher precedence than a comma)."
      RenderBlock {P} at (0,1925) size 769x32
        RenderText {#text} at (0,0) size 474x16
          text run at (0,0) width 474: "This paragraph should be black, because the line before the declaration is "
        RenderInline {STRONG} at (0,0) size 23x16
          RenderText {#text} at (473,0) size 23x16
            text run at (473,0) width 23: "not"
        RenderText {#text} at (495,0) size 759x32
          text run at (495,0) width 264: " a comment and therefore the selector for"
          text run at (0,16) width 143: "P.nineteenb is invalid."
      RenderBlock {P} at (0,1973) size 769x16 [color=#0000FF]
        RenderText {#text} at (0,0) size 481x16
          text run at (0,0) width 481: "This paragraph should be blue, because only the first declaration is invalid."
      RenderBlock {P} at (0,2005) size 769x16 [color=#008000]
        RenderText {#text} at (0,0) size 489x16
          text run at (0,0) width 489: "This paragraph should be green, because only the first declaration is invalid."
      RenderBlock {P} at (0,2037) size 769x16 [color=#800080]
        RenderText {#text} at (0,0) size 494x16
          text run at (0,0) width 494: "This paragraph should be purple, because only the first declaration is invalid."
      RenderBlock {P} at (0,2069) size 769x16 [color=#008000]
        RenderText {#text} at (0,0) size 489x16
          text run at (0,0) width 489: "This paragraph should be green, because only the first declaration is invalid."
      RenderBlock {P} at (0,2101) size 769x16 [color=#008000]
        RenderText {#text} at (0,0) size 489x16
          text run at (0,0) width 489: "This paragraph should be green, because only the first declaration is invalid."
      RenderBlock {P} at (0,2133) size 769x16
        RenderText {#text} at (48,0) size 612x16
          text run at (48,0) width 494: "This paragraph should be indented half an inch, but it should not be maroon. "
          text run at (541,0) width 119: "It should be black."
      RenderBlock {P} at (0,2165) size 769x32
        RenderText {#text} at (0,0) size 767x32
          text run at (0,0) width 767: "This paragraph should be black, because the color declaration after the previous ruleset should be considered part of the"
          text run at (0,16) width 632: "selector for this ruleset, and this ruleset therefore has an invalid selector and should not be applied."
      RenderTable {TABLE} at (0,2213) size 769x1482 [border: (1px outset #808080)]
        RenderTableSection {TBODY} at (1,1) size 767x1480
          RenderTableRow {TR} at (0,0) size 767x24
            RenderTableCell {TD} at (0,0) size 767x24 [bgcolor=#C0C0C0] [border: (1px inset #808080)] [r=0 c=0 rs=1 cs=2]
              RenderInline {STRONG} at (0,0) size 163x16
                RenderText {#text} at (4,4) size 163x16
                  text run at (4,4) width 163: "TABLE Testing Section"
          RenderTableRow {TR} at (0,24) size 767x1456
            RenderTableCell {TD} at (0,740) size 12x24 [bgcolor=#C0C0C0] [border: (1px inset #808080)] [r=1 c=0 rs=1 cs=1]
              RenderText {#text} at (4,4) size 4x16
                text run at (4,4) width 4: " "
            RenderTableCell {TD} at (12,24) size 755x1456 [border: (1px inset #808080)] [r=1 c=1 rs=1 cs=1]
              RenderBlock {P} at (4,4) size 747x16 [color=#008000]
                RenderText {#text} at (0,0) size 493x16
                  text run at (0,0) width 493: "This paragraph should be green, because only the rotation should be ignored."
              RenderBlock {P} at (4,36) size 747x16 [color=#008000]
                RenderText {#text} at (0,0) size 636x16
                  text run at (0,0) width 636: "This paragraph should be green, since error-checking should be done before calculating specificity."
              RenderBlock {P} at (4,68) size 747x32
                RenderText {#text} at (0,0) size 568x16
                  text run at (0,0) width 568: "This paragraph should have a solid gray background (or a white grid), because in CSS1, "
                RenderInline {CODE} at (0,0) size 56x13
                  RenderText {#text} at (567,2) size 56x13
                    text run at (567,2) width 56: "inherit"
                RenderText {#text} at (622,0) size 705x32
                  text run at (622,0) width 83: " is an invalid"
                  text run at (0,16) width 594: "keyword, and in CSS2, it will cause the gray background (not the white grid) to be inherited."
              RenderBlock {P} at (4,116) size 747x16
                RenderText {#text} at (0,0) size 650x16
                  text run at (0,0) width 650: "This paragraph should be black, since in CSS1, the selector is invalid, and in CSS2, it does not apply."
              RenderBlock {P} at (4,148) size 747x16
                RenderText {#text} at (0,0) size 650x16
                  text run at (0,0) width 650: "This paragraph should be black, since in CSS1, the selector is invalid, and in CSS2, it does not apply."
              RenderBlock {P} at (4,180) size 747x16
                RenderText {#text} at (0,0) size 532x16
                  text run at (0,0) width 532: "This paragraph should have a white background, since keywords cannot be quoted."
              RenderBlock {P} at (4,212) size 747x38 [border: (3px solid #000000)]
                RenderText {#text} at (3,3) size 731x32
                  text run at (3,3) width 656: "This paragraph should have a medium-width border around it (the same as the next three paragraphs). "
                  text run at (658,3) width 76: "This should"
                  text run at (3,19) width 365: "cause the user agent to use the default value of 'medium'."
              RenderBlock {P} at (4,266) size 747x54 [border: (3px solid #000000)]
                RenderText {#text} at (3,3) size 694x48
                  text run at (3,3) width 670: "This paragraph should have a medium-width border around it (the same as the previous and the next two"
                  text run at (3,19) width 317: "paragraphs), because the border-width is invalid. "
                  text run at (319,19) width 378: "This should cause the user agent to use the default value of"
                  text run at (3,35) width 63: "'medium'."
              RenderBlock {P} at (4,336) size 747x54 [border: (3px solid #000000)]
                RenderText {#text} at (3,3) size 712x48
                  text run at (3,3) width 670: "This paragraph should have a medium-width border around it (the same as the next and the previous two"
                  text run at (3,19) width 683: "paragraphs), because the border-width units are invalid, and therefore the border-width should be ignored. "
                  text run at (685,19) width 30: "This"
                  text run at (3,35) width 411: "should cause the user agent to use the default value of 'medium'."
              RenderBlock {P} at (4,406) size 747x54 [border: (3px solid #000000)]
                RenderText {#text} at (3,3) size 734x48
                  text run at (3,3) width 734: "This paragraph should have a medium-width border around it (the same as the previous three paragraphs), because"
                  text run at (3,19) width 582: "the border-width does not have any value to go with its pixel unit, and is therefore invalid. "
                  text run at (584,19) width 139: "This should cause the"
                  text run at (3,35) width 302: "user agent to use the default value of 'medium'."
              RenderBlock {P} at (4,476) size 747x16
                RenderText {#text} at (0,0) size 676x16
                  text run at (0,0) width 676: "This paragraph should be black, because the style declaration that applies to it is within an invalid at-rule."
              RenderBlock {P} at (4,508) size 747x32 [color=#008000]
                RenderText {#text} at (0,0) size 739x32
                  text run at (0,0) width 210: "This paragraph should be green. "
                  text run at (209,0) width 530: "CSS is case-insensitive, unless required to be case sensitive due to interaction with"
                  text run at (0,16) width 278: "other standards (e.g., font names or URLs.)"
              RenderBlock {OL} at (4,556) size 747x16
                RenderListItem {LI} at (40,0) size 707x16
                  RenderListMarker at (-20,0) size 16x16: "1"
                  RenderText {#text} at (0,0) size 636x16
                    text run at (0,0) width 636: "This ordered list item should be black, because the declaration has an invalid pseudo-class selector."
              RenderBlock {P} at (4,588) size 747x32
                RenderText {#text} at (0,0) size 684x32
                  text run at (0,0) width 684: "This paragraph should be black, because, in CSS1, :first-child is an invalid pseudo-class, and in CSS2, this"
                  text run at (0,16) width 197: "paragraph is not the first child."
              RenderBlock {UL} at (4,636) size 747x32
                RenderListItem {LI} at (40,0) size 707x32
                  RenderListMarker at (-16,0) size 6x16: bullet
                  RenderText {#text} at (0,0) size 704x32
                    text run at (0,0) width 704: "This unordered list item should be black, because, according to CSS1, the selector is invalid, and according to"
                    text run at (0,16) width 233: "CSS2, the selector should not apply."
              RenderBlock {BLOCKQUOTE} at (44,684) size 667x32
                RenderText {#text} at (0,0) size 654x32
                  text run at (0,0) width 654: "This blockquote should be black, because, according to CSS1, the selector is invalid, and according to"
                  text run at (0,16) width 233: "CSS2, the selector should not apply."
              RenderBlock {P} at (4,732) size 747x32
                RenderInline {ACRONYM} at (0,0) size 707x32
                  RenderText {#text} at (0,0) size 707x32
                    text run at (0,0) width 707: "This acronym should be black, because, according to CSS1, the selector is invalid, and according to CSS2, the"
                    text run at (0,16) width 165: "selector should not apply."
              RenderBlock {ADDRESS} at (4,780) size 747x32
                RenderText {#text} at (0,0) size 703x32
                  text run at (0,0) width 703: "This address should be black, because, according to CSS1, the selector is invalid, and according to CSS2, the"
                  text run at (0,16) width 166: "selector should not apply."
              RenderBlock {P} at (4,828) size 747x32
                RenderInline {SPAN} at (0,0) size 734x32
                  RenderText {#text} at (0,0) size 734x32
                    text run at (0,0) width 734: "This span should be black, because, according to CSS1, the selector is invalid, and according to CSS2, the selector"
                    text run at (0,16) width 111: "should not apply."
              RenderBlock {P} at (4,876) size 747x32
                RenderText {#text} at (0,0) size 743x32
                  text run at (0,0) width 680: "This paragraph should be black, because the style declaration that applies to it is within an invalid at-rule. "
                  text run at (679,0) width 64: "However,"
                  text run at (0,16) width 630: "it is valid in CSS2, so if this is being viewed on a tty browser that supports CSS2, it should be red."
              RenderBlock {P} at (4,924) size 747x16
                RenderText {#text} at (0,0) size 676x16
                  text run at (0,0) width 676: "This paragraph should be black, because the style declaration that applies to it is within an invalid at-rule."
              RenderBlock {P} at (4,956) size 747x64
                RenderText {#text} at (0,0) size 699x32
                  text run at (0,0) width 699: "The text of this paragraph should be normal (that is, it should not be underlined, overlined, stricken, or bold),"
                  text run at (0,16) width 55: "because "
                RenderInline {CODE} at (0,0) size 64x13
                  RenderText {#text} at (54,18) size 64x13
                    text run at (54,18) width 64: "diagonal"
                RenderText {#text} at (117,16) size 230x16
                  text run at (117,16) width 230: " is not a valid keyword, making the "
                RenderInline {CODE} at (0,0) size 118x13
                  RenderText {#text} at (346,18) size 118x13
                    text run at (346,18) width 118: "text-decoration"
                RenderText {#text} at (463,16) size 135x16
                  text run at (463,16) width 58: " invalid. "
                  text run at (520,16) width 78: "In addition, "
                RenderInline {CODE} at (0,0) size 87x13
                  RenderText {#text} at (597,18) size 87x13
                    text run at (597,18) width 87: "highlighted"
                RenderText {#text} at (683,16) size 735x32
                  text run at (683,16) width 52: " is not a"
                  text run at (0,32) width 106: "valid part of the "
                RenderInline {CODE} at (0,0) size 32x13
                  RenderText {#text} at (105,34) size 32x13
                    text run at (105,34) width 32: "font"
                RenderText {#text} at (136,32) size 718x32
                  text run at (136,32) width 185: " property, making it invalid. "
                  text run at (320,32) width 398: "Therefore, this paragraph's font should be the UA default, and"
                  text run at (0,48) width 171: "match the next paragraph. "
                  text run at (170,48) width 196: "If this is not the case, then the "
                RenderInline {CODE} at (0,0) size 32x13
                  RenderText {#text} at (365,50) size 32x13
                    text run at (365,50) width 32: "font"
                RenderText {#text} at (396,48) size 255x16
                  text run at (396,48) width 255: " declaration is being improperly parsed."
              RenderBlock {P} at (4,1036) size 747x64
                RenderText {#text} at (0,0) size 699x32
                  text run at (0,0) width 699: "The text of this paragraph should be normal (that is, it should not be underlined, overlined, stricken, or bold),"
                  text run at (0,16) width 55: "because "
                RenderInline {CODE} at (0,0) size 64x13
                  RenderText {#text} at (54,18) size 64x13
                    text run at (54,18) width 64: "diagonal"
                RenderText {#text} at (117,16) size 230x16
                  text run at (117,16) width 230: " is not a valid keyword, making the "
                RenderInline {CODE} at (0,0) size 118x13
                  RenderText {#text} at (346,18) size 118x13
                    text run at (346,18) width 118: "text-decoration"
                RenderText {#text} at (463,16) size 135x16
                  text run at (463,16) width 58: " invalid. "
                  text run at (520,16) width 78: "In addition, "
                RenderInline {CODE} at (0,0) size 87x13
                  RenderText {#text} at (597,18) size 87x13
                    text run at (597,18) width 87: "highlighted"
                RenderText {#text} at (683,16) size 735x32
                  text run at (683,16) width 52: " is not a"
                  text run at (0,32) width 106: "valid part of the "
                RenderInline {CODE} at (0,0) size 32x13
                  RenderText {#text} at (105,34) size 32x13
                    text run at (105,34) width 32: "font"
                RenderText {#text} at (136,32) size 718x32
                  text run at (136,32) width 185: " property, making it invalid. "
                  text run at (320,32) width 398: "Therefore, this paragraph's font should be the UA default, and"
                  text run at (0,48) width 198: "match the previous paragraph. "
                  text run at (197,48) width 196: "If this is not the case, then the "
                RenderInline {CODE} at (0,0) size 32x13
                  RenderText {#text} at (392,50) size 32x13
                    text run at (392,50) width 32: "font"
                RenderText {#text} at (423,48) size 256x16
                  text run at (423,48) width 256: " declaration is being improperly parsed."
              RenderBlock {P} at (4,1116) size 747x48
                RenderText {#text} at (0,0) size 542x16
                  text run at (0,0) width 513: "The text of this paragraph should be normal size because the selector is invalid. "
                  text run at (512,0) width 30: "The "
                RenderInline {EM} at (0,0) size 102x16
                  RenderText {#text} at (541,0) size 102x16
                    text run at (541,0) width 102: "emphasized text"
                RenderText {#text} at (642,0) size 56x16
                  text run at (642,0) width 56: " and the "
                RenderInline {STRONG} at (0,0) size 742x32
                  RenderText {#text} at (697,0) size 742x32
                    text run at (697,0) width 45: "strong"
                    text run at (0,16) width 26: "text"
                RenderText {#text} at (25,16) size 736x32
                  text run at (25,16) width 711: " within it should also be normal size, since the entire ruleset should be skipped (since in some future version of"
                  text run at (0,32) width 603: "CSS, there could be an operator within the selector that has higher precedence than a comma)."
              RenderBlock {P} at (4,1180) size 747x32
                RenderText {#text} at (0,0) size 474x16
                  text run at (0,0) width 474: "This paragraph should be black, because the line before the declaration is "
                RenderInline {STRONG} at (0,0) size 23x16
                  RenderText {#text} at (473,0) size 23x16
                    text run at (473,0) width 23: "not"
                RenderText {#text} at (495,0) size 737x32
                  text run at (495,0) width 242: " a comment and therefore the selector"
                  text run at (0,16) width 165: "for P.nineteenb is invalid."
              RenderBlock {P} at (4,1228) size 747x16 [color=#0000FF]
                RenderText {#text} at (0,0) size 481x16
                  text run at (0,0) width 481: "This paragraph should be blue, because only the first declaration is invalid."
              RenderBlock {P} at (4,1260) size 747x16 [color=#008000]
                RenderText {#text} at (0,0) size 489x16
                  text run at (0,0) width 489: "This paragraph should be green, because only the first declaration is invalid."
              RenderBlock {P} at (4,1292) size 747x16 [color=#800080]
                RenderText {#text} at (0,0) size 494x16
                  text run at (0,0) width 494: "This paragraph should be purple, because only the first declaration is invalid."
              RenderBlock {P} at (4,1324) size 747x16 [color=#008000]
                RenderText {#text} at (0,0) size 489x16
                  text run at (0,0) width 489: "This paragraph should be green, because only the first declaration is invalid."
              RenderBlock {P} at (4,1356) size 747x16 [color=#008000]
                RenderText {#text} at (0,0) size 489x16
                  text run at (0,0) width 489: "This paragraph should be green, because only the first declaration is invalid."
              RenderBlock {P} at (4,1388) size 747x16
                RenderText {#text} at (48,0) size 612x16
                  text run at (48,0) width 494: "This paragraph should be indented half an inch, but it should not be maroon. "
                  text run at (541,0) width 119: "It should be black."
              RenderBlock {P} at (4,1420) size 747x32
                RenderText {#text} at (0,0) size 743x32
                  text run at (0,0) width 743: "This paragraph should be black, because the color declaration after the previous ruleset should be considered part of"
                  text run at (0,16) width 656: "the selector for this ruleset, and this ruleset therefore has an invalid selector and should not be applied."
