layer at (0,0) size 785x1578
  RenderView at (0,0) size 785x600
layer at (0,0) size 785x1578
  RenderBlock {HTML} at (0,0) size 785x1578
    RenderBody {BODY} at (8,16) size 769x1546
      RenderBlock {DIV} at (0,0) size 769x749
        RenderBlock {P} at (0,0) size 769x16
          RenderText {#text} at (681,0) size 88x16
            text run at (681,0) width 88: "Right To Left"
        RenderBlock {P} at (0,32) size 769x16
          RenderText {#text} at (434,0) size 335x16
            text run at (434,0) width 5 RTL: "."
            text run at (438,0) width 331: "Well-formed pair of unicode bidi control characters"
        RenderBlock {DIV} at (0,64) size 769x16
          RenderText {#text} at (755,0) size 14x16
            text run at (755,0) width 1 RTL: "\x{202C}"
            text run at (755,0) width 6 RTL: "!"
            text run at (761,0) width 8: "\x{202B}b"
        RenderBlock {DIV} at (0,80) size 769x16
          RenderText {#text} at (755,0) size 14x16
            text run at (755,0) width 1 RTL: "\x{202C}"
            text run at (755,0) width 14: "\x{202A}b!"
        RenderBlock {P} at (0,112) size 769x16
          RenderText {#text} at (503,0) size 266x16
            text run at (503,0) width 5 RTL: "."
            text run at (507,0) width 262: "Unpaired unicode bidi control characters"
        RenderBlock {DIV} at (0,144) size 769x16
          RenderText {#text} at (755,0) size 14x16
            text run at (755,0) width 6 RTL: "!"
            text run at (761,0) width 8: "\x{202B}b"
        RenderBlock {DIV} at (0,160) size 769x16
          RenderText {#text} at (755,0) size 14x16
            text run at (755,0) width 14: "\x{202A}b!"
        RenderBlock {P} at (0,192) size 769x16
          RenderText {#text} at (427,0) size 342x16
            text run at (427,0) width 5 RTL: "."
            text run at (431,0) width 338: "Empty content inside unicode bidi control characters"
        RenderBlock {DIV} at (0,224) size 769x16
          RenderText {#text} at (769,0) size 0x16
            text run at (769,0) width 0 RTL: "\x{202C}\x{202C}"
        RenderBlock {DIV} at (0,240) size 769x16
          RenderText {#text} at (769,0) size 0x16
            text run at (769,0) width 0: "\x{202A}"
            text run at (769,0) width 0 RTL: "\x{202A}"
        RenderBlock {DIV} at (0,256) size 769x16
          RenderText {#text} at (769,0) size 0x16
            text run at (769,0) width 0 RTL: "\x{202B}"
            text run at (769,0) width 0 RTL: "\x{202B}"
        RenderBlock {P} at (0,288) size 769x16
          RenderText {#text} at (481,0) size 288x16
            text run at (481,0) width 5 RTL: "."
            text run at (485,0) width 284: "String inside unicode bidi control characters"
        RenderBlock {DIV} at (0,320) size 769x16
          RenderText {#text} at (746,0) size 23x16
            text run at (746,0) width 1 RTL: "\x{202C}"
            text run at (746,0) width 23: "\x{202C}abc"
        RenderBlock {DIV} at (0,336) size 769x16
          RenderText {#text} at (746,0) size 23x16
            text run at (746,0) width 23: "\x{202A}abc"
            text run at (769,0) width 0 RTL: "\x{202A}"
        RenderBlock {DIV} at (0,352) size 769x16
          RenderText {#text} at (746,0) size 23x16
            text run at (746,0) width 23: "\x{202B}abc"
            text run at (769,0) width 0 RTL: "\x{202B}"
        RenderBlock {P} at (0,384) size 769x16
          RenderText {#text} at (475,0) size 294x16
            text run at (475,0) width 5 RTL: "."
            text run at (479,0) width 290: "String around unicode bidi control characters"
        RenderBlock {DIV} at (0,416) size 769x16
          RenderText {#text} at (726,0) size 43x16
            text run at (726,0) width 1 RTL: "\x{202C}"
            text run at (726,0) width 43: "def\x{202C}abc"
        RenderBlock {DIV} at (0,432) size 769x16
          RenderText {#text} at (726,0) size 43x16
            text run at (726,0) width 43: "\x{202C}abc\x{202C}def"
        RenderBlock {DIV} at (0,448) size 769x16
          RenderText {#text} at (703,0) size 66x16
            text run at (703,0) width 66: "xyz\x{202C}abc\x{202C}def"
        RenderBlock {P} at (0,480) size 769x16
          RenderText {#text} at (518,0) size 251x16
            text run at (518,0) width 5 RTL: "."
            text run at (522,0) width 247: "Nested unicode bidi control characters"
        RenderBlock {DIV} at (0,512) size 769x16
          RenderText {#text} at (755,0) size 14x16
            text run at (755,0) width 1: "\x{202A}"
            text run at (755,0) width 1 RTL: "\x{202C}"
            text run at (755,0) width 14: "\x{202A}b!"
        RenderBlock {DIV} at (0,528) size 769x16
          RenderText {#text} at (755,0) size 14x16
            text run at (755,0) width 1 RTL: "\x{202C}"
            text run at (755,0) width 6 RTL: "!"
            text run at (761,0) width 8: "\x{202B}b"
            text run at (769,0) width 0 RTL: "\x{202B}"
        RenderBlock {DIV} at (0,544) size 769x16
          RenderText {#text} at (755,0) size 14x16
            text run at (755,0) width 6 RTL: "!\x{202C}"
            text run at (761,0) width 8: "\x{202C}\x{202C}b"
        RenderBlock {DIV} at (0,560) size 769x16
          RenderText {#text} at (748,0) size 21x16
            text run at (748,0) width 1 RTL: "\x{202C}"
            text run at (748,0) width 9: "1"
            text run at (756,0) width 6 RTL: "!"
            text run at (761,0) width 8: "\x{202B}c"
            text run at (769,0) width 0 RTL: "\x{202C}"
        RenderBlock {P} at (0,592) size 769x16
          RenderText {#text} at (485,0) size 284x16
            text run at (485,0) width 5 RTL: "."
            text run at (489,0) width 280: "Start with different directionality characters"
        RenderBlock {DIV} at (0,624) size 769x16
          RenderText {#text} at (745,0) size 24x16
            text run at (745,0) width 0 RTL: "\x{202B}"
            text run at (745,0) width 0 RTL: "\x{202C}"
            text run at (745,0) width 8: "\x{202A}1"
            text run at (753,0) width 0 RTL: "\x{202C}"
            text run at (753,0) width 16: "12"
        RenderBlock {DIV} at (0,640) size 769x16
          RenderText {#text} at (753,0) size 16x16
            text run at (753,0) width 0 RTL: "\x{202A}"
            text run at (753,0) width 0 RTL: "\x{202C}"
            text run at (753,0) width 16: "12"
        RenderBlock {DIV} at (0,656) size 769x21
          RenderText {#text} at (752,3) size 17x16
            text run at (752,3) width 1 RTL: "\x{202A}"
            text run at (752,3) width 1 RTL: "\x{202C}"
            text run at (752,3) width 17: "\x{660}\x{661}"
        RenderBlock {DIV} at (0,677) size 769x21
          RenderText {#text} at (750,3) size 19x16
            text run at (750,3) width 1 RTL: "\x{202A}"
            text run at (750,3) width 19 RTL: "\x{683}\x{684}\x{202C}"
        RenderBlock {DIV} at (0,698) size 769x16
          RenderText {#text} at (769,0) size 0x16
            text run at (769,0) width 0 RTL: "\x{202A}"
            text run at (769,0) width 0 RTL: "\x{1}\x{202C}"
        RenderBlock {DIV} at (0,714) size 769x16
          RenderText {#text} at (746,0) size 23x16
            text run at (746,0) width 23: "abc\x{202C}"
            text run at (769,0) width 0 RTL: "\x{202A}"
        RenderBlock {DIV} at (0,730) size 769x19
          RenderText {#text} at (749,3) size 20x16
            text run at (749,3) width 1 RTL: "\x{202A}"
            text run at (749,3) width 20 RTL: "\x{5D0}\x{5D1}\x{202C}"
      RenderBlock {DIV} at (0,765) size 769x749
        RenderBlock {P} at (0,0) size 769x16
          RenderText {#text} at (0,0) size 88x16
            text run at (0,0) width 88: "Left To Right"
        RenderBlock {P} at (0,32) size 769x16
          RenderText {#text} at (0,0) size 335x16
            text run at (0,0) width 335: "Well-formed pair of unicode bidi control characters."
        RenderBlock {DIV} at (0,64) size 769x16
          RenderText {#text} at (0,0) size 14x16
            text run at (0,0) width 6 RTL: "!"
            text run at (5,0) width 9: "\x{202B}b"
            text run at (13,0) width 1: "\x{202C}"
        RenderBlock {DIV} at (0,80) size 769x16
          RenderText {#text} at (0,0) size 14x16
            text run at (0,0) width 14: "\x{202A}b!"
            text run at (13,0) width 1: "\x{202C}"
        RenderBlock {P} at (0,112) size 769x16
          RenderText {#text} at (0,0) size 266x16
            text run at (0,0) width 266: "Unpaired unicode bidi control characters."
        RenderBlock {DIV} at (0,144) size 769x16
          RenderText {#text} at (0,0) size 14x16
            text run at (0,0) width 14: "\x{202B}b!"
        RenderBlock {DIV} at (0,160) size 769x16
          RenderText {#text} at (0,0) size 14x16
            text run at (0,0) width 14: "\x{202A}b!"
        RenderBlock {P} at (0,192) size 769x16
          RenderText {#text} at (0,0) size 342x16
            text run at (0,0) width 342: "Empty content inside unicode bidi control characters."
        RenderBlock {DIV} at (0,224) size 769x16
          RenderText {#text} at (0,0) size 0x16
            text run at (0,0) width 0: "\x{202C}\x{202C}"
        RenderBlock {DIV} at (0,240) size 769x16
          RenderText {#text} at (0,0) size 0x16
            text run at (0,0) width 0: "\x{202A}"
            text run at (0,0) width 0: "\x{202A}"
        RenderBlock {DIV} at (0,256) size 769x16
          RenderText {#text} at (0,0) size 0x16
            text run at (0,0) width 0: "\x{202B}"
            text run at (0,0) width 0 RTL: "\x{202B}"
        RenderBlock {P} at (0,288) size 769x16
          RenderText {#text} at (0,0) size 288x16
            text run at (0,0) width 288: "String inside unicode bidi control characters."
        RenderBlock {DIV} at (0,320) size 769x16
          RenderText {#text} at (0,0) size 23x16
            text run at (0,0) width 23: "\x{202C}abc\x{202C}"
        RenderBlock {DIV} at (0,336) size 769x16
          RenderText {#text} at (0,0) size 23x16
            text run at (0,0) width 23: "\x{202A}abc"
            text run at (22,0) width 1: "\x{202A}"
        RenderBlock {DIV} at (0,352) size 769x16
          RenderText {#text} at (0,0) size 23x16
            text run at (0,0) width 23: "\x{202B}abc"
            text run at (22,0) width 1: "\x{202B}"
        RenderBlock {P} at (0,384) size 769x16
          RenderText {#text} at (0,0) size 294x16
            text run at (0,0) width 294: "String around unicode bidi control characters."
        RenderBlock {DIV} at (0,416) size 769x16
          RenderText {#text} at (0,0) size 43x16
            text run at (0,0) width 43: "def\x{202C}abc\x{202C}"
        RenderBlock {DIV} at (0,432) size 769x16
          RenderText {#text} at (0,0) size 43x16
            text run at (0,0) width 43: "\x{202C}abc\x{202C}def"
        RenderBlock {DIV} at (0,448) size 769x16
          RenderText {#text} at (0,0) size 66x16
            text run at (0,0) width 66: "xyz\x{202C}abc\x{202C}def"
        RenderBlock {P} at (0,480) size 769x16
          RenderText {#text} at (0,0) size 251x16
            text run at (0,0) width 251: "Nested unicode bidi control characters."
        RenderBlock {DIV} at (0,512) size 769x16
          RenderText {#text} at (0,0) size 14x16
            text run at (0,0) width 0: "\x{202A}"
            text run at (0,0) width 14: "\x{202A}b!"
            text run at (13,0) width 1: "\x{202C}"
        RenderBlock {DIV} at (0,528) size 769x16
          RenderText {#text} at (0,0) size 14x16
            text run at (0,0) width 6 RTL: "!"
            text run at (5,0) width 9: "\x{202B}b"
            text run at (13,0) width 1: "\x{202C}"
            text run at (13,0) width 1 RTL: "\x{202B}"
        RenderBlock {DIV} at (0,544) size 769x16
          RenderText {#text} at (0,0) size 14x16
            text run at (0,0) width 14: "\x{202C}\x{202C}b!\x{202C}"
        RenderBlock {DIV} at (0,560) size 769x16
          RenderText {#text} at (0,0) size 21x16
            text run at (0,0) width 8: "\x{202C}1"
            text run at (8,0) width 6 RTL: "!"
            text run at (13,0) width 8: "\x{202B}c"
            text run at (20,0) width 1: "\x{202C}"
        RenderBlock {P} at (0,592) size 769x16
          RenderText {#text} at (0,0) size 284x16
            text run at (0,0) width 284: "Start with different directionality characters."
        RenderBlock {DIV} at (0,624) size 769x16
          RenderText {#text} at (0,0) size 24x16
            text run at (0,0) width 16: "12\x{202C}"
            text run at (16,0) width 8: "\x{202A}1"
            text run at (24,0) width 0: "\x{202C}"
            text run at (24,0) width 0: "\x{202B}"
        RenderBlock {DIV} at (0,640) size 769x16
          RenderText {#text} at (0,0) size 16x16
            text run at (0,0) width 16: "12\x{202C}"
            text run at (16,0) width 0: "\x{202A}"
        RenderBlock {DIV} at (0,656) size 769x21
          RenderText {#text} at (0,3) size 17x16
            text run at (0,3) width 17: "\x{660}\x{661}"
            text run at (16,3) width 1: "\x{202C}"
            text run at (16,3) width 1: "\x{202A}"
        RenderBlock {DIV} at (0,677) size 769x21
          RenderText {#text} at (0,3) size 19x16
            text run at (0,3) width 19 RTL: "\x{683}\x{684}"
            text run at (18,3) width 1: "\x{202C}"
            text run at (18,3) width 1: "\x{202A}"
        RenderBlock {DIV} at (0,698) size 769x16
          RenderText {#text} at (0,0) size 0x16
            text run at (0,0) width 0: "\x{1}\x{202C}"
            text run at (0,0) width 0: "\x{202A}"
        RenderBlock {DIV} at (0,714) size 769x16
          RenderText {#text} at (0,0) size 23x16
            text run at (0,0) width 23: "abc\x{202C}"
            text run at (22,0) width 1: "\x{202A}"
        RenderBlock {DIV} at (0,730) size 769x19
          RenderText {#text} at (0,3) size 20x16
            text run at (0,3) width 20 RTL: "\x{5D0}\x{5D1}"
            text run at (19,3) width 1: "\x{202C}"
            text run at (19,3) width 1: "\x{202A}"
      RenderBlock {UL} at (0,1530) size 769x16
        RenderListItem {LI} at (40,0) size 729x16
          RenderListMarker at (-16,0) size 6x16: bullet
          RenderText {#text} at (0,0) size 718x16
            text run at (0,0) width 718: "test id=test: the right-most character of rendering result of <PDF>abc<PDF> in RTL block should be c: Success"
selection start: position 3 of child 0 {#text} of child 20 {DIV} of child 1 {DIV} of body
selection end:   position 4 of child 0 {#text} of child 20 {DIV} of child 1 {DIV} of body
