layer at (0,0) size 840x600
  RenderView at (0,0) size 800x600
layer at (0,0) size 800x600
  RenderBlock {HTML} at (0,0) size 800x600
    RenderBody {BODY} at (8,8) size 784x584
      RenderBlock {H1} at (0,0) size 784x32
        RenderText {#text} at (0,0) size 195x32
          text run at (0,0) width 195: "Cloning nodes"
      RenderBlock {DIV} at (0,53.44) size 784x35 [bgcolor=#FFFF00] [border: (2px ridge #EEEEEE)]
        RenderInline {SPAN} at (0,0) size 831x31
          RenderText {#text} at (2,2) size 61x31
            text run at (2,2) width 61: "Bold"
          RenderInline {SPAN} at (0,0) size 711x31
            RenderText {#text} at (62,2) size 206x31
              text run at (62,2) width 206: "Bold+Underline"
            RenderInline {SPAN} at (0,0) size 284x31
              RenderText {#text} at (267,2) size 284x31
                text run at (267,2) width 284: "Bold+Underline+Italic"
            RenderText {#text} at (550,2) size 223x31
              text run at (550,2) width 223: "Bold+Uunderline"
          RenderText {#text} at (772,2) size 61x31
            text run at (772,2) width 61: "Bold"
        RenderText {#text} at (0,0) size 0x0
      RenderBlock (anonymous) at (0,88.44) size 784x16
        RenderText {#text} at (0,0) size 191x16
          text run at (0,0) width 191: "Cloned Node with deep=false"
      RenderBlock {DIV} at (0,104.44) size 784x35 [bgcolor=#FFFF00] [border: (2px ridge #EEEEEE)]
        RenderBR {BR} at (2,2) size 0x31
      RenderBlock (anonymous) at (0,139.44) size 784x16
        RenderText {#text} at (0,0) size 186x16
          text run at (0,0) width 186: "Cloned Node with deep=true"
      RenderBlock {DIV} at (0,155.44) size 784x35 [bgcolor=#FFFF00] [border: (2px ridge #EEEEEE)]
        RenderInline {SPAN} at (0,0) size 831x31
          RenderText {#text} at (2,2) size 61x31
            text run at (2,2) width 61: "Bold"
          RenderInline {SPAN} at (0,0) size 711x31
            RenderText {#text} at (62,2) size 206x31
              text run at (62,2) width 206: "Bold+Underline"
            RenderInline {SPAN} at (0,0) size 284x31
              RenderText {#text} at (267,2) size 284x31
                text run at (267,2) width 284: "Bold+Underline+Italic"
            RenderText {#text} at (550,2) size 223x31
              text run at (550,2) width 223: "Bold+Uunderline"
          RenderText {#text} at (772,2) size 61x31
            text run at (772,2) width 61: "Bold"
        RenderText {#text} at (0,0) size 0x0
