layer at (0,0) size 800x600
  RenderView at (0,0) size 800x600
layer at (0,0) size 800x590
  RenderBlock {HTML} at (0,0) size 800x590
    RenderBody {BODY} at (8,8) size 784x574
      RenderBlock {DIV} at (0,0) size 302x574
        RenderBlock {DIV} at (0,0) size 302x82 [color=#00000000] [bgcolor=#00FF007F] [border: (1px solid #000000)]
          RenderBlock (anonymous) at (1,1) size 300x58
            RenderText {#text} at (18,1) size 264x56
              text run at (18,1) width 264: "01234 56789"
          RenderBlock {DIV} at (1,59) size 300x23 [color=#000000]
            RenderText {#text} at (53,0) size 194x22
              text run at (53,0) width 194: "unclipped background"
        RenderBlock {DIV} at (0,82) size 302x82 [color=#00000000] [bgcolor=#00FF007F] [border: (1px solid #000000)]
          RenderBlock (anonymous) at (1,1) size 300x58
            RenderText {#text} at (18,1) size 264x56
              text run at (18,1) width 264: "01234 56789"
          RenderBlock {DIV} at (1,59) size 300x23 [color=#000000]
            RenderText {#text} at (135,0) size 30x22
              text run at (135,0) width 30: "xor"
        RenderBlock {DIV} at (0,164) size 302x82 [color=#00000000] [bgcolor=#00FF007F] [border: (1px solid #000000)]
          RenderBlock (anonymous) at (1,1) size 300x58
            RenderText {#text} at (18,1) size 264x56
              text run at (18,1) width 264: "01234 56789"
          RenderBlock {DIV} at (1,59) size 300x23 [color=#000000]
            RenderText {#text} at (100,0) size 100x22
              text run at (100,0) width 100: "plus-lighter"
        RenderBlock {DIV} at (0,246) size 302x82 [color=#00000000] [bgcolor=#00FF007F] [border: (1px solid #000000)]
          RenderBlock (anonymous) at (1,1) size 300x58
            RenderText {#text} at (18,1) size 264x56
              text run at (18,1) width 264: "01234 56789"
          RenderBlock {DIV} at (1,59) size 300x23 [color=#000000]
            RenderText {#text} at (100,0) size 100x22
              text run at (100,0) width 100: "source-over"
        RenderBlock {DIV} at (0,328) size 302x82 [color=#00000000] [bgcolor=#00FF007F] [border: (1px solid #000000)]
          RenderBlock (anonymous) at (1,1) size 300x58
            RenderText {#text} at (18,1) size 264x56
              text run at (18,1) width 264: "01234 56789"
          RenderBlock {DIV} at (1,59) size 300x23 [color=#000000]
            RenderText {#text} at (100,0) size 100x22
              text run at (100,0) width 100: "source-atop"
        RenderBlock {DIV} at (0,410) size 302x82 [color=#00000000] [bgcolor=#00FF007F] [border: (1px solid #000000)]
          RenderBlock (anonymous) at (1,1) size 300x58
            RenderText {#text} at (18,1) size 264x56
              text run at (18,1) width 264: "01234 56789"
          RenderBlock {DIV} at (1,59) size 300x23 [color=#000000]
            RenderText {#text} at (110,0) size 80x22
              text run at (110,0) width 80: "source-in"
        RenderBlock {DIV} at (0,492) size 302x82 [color=#00000000] [bgcolor=#00FF007F] [border: (1px solid #000000)]
          RenderBlock (anonymous) at (1,1) size 300x58
            RenderText {#text} at (18,1) size 264x56
              text run at (18,1) width 264: "01234 56789"
          RenderBlock {DIV} at (1,59) size 300x23 [color=#000000]
            RenderText {#text} at (105,0) size 90x22
              text run at (105,0) width 90: "source-out"
      RenderText {#text} at (302,555) size 4x17
        text run at (302,555) width 4: " "
      RenderBlock {DIV} at (306,0) size 302x574
        RenderBlock {DIV} at (0,0) size 302x82 [color=#00000000] [bgcolor=#00FF007F] [border: (1px solid #000000)]
          RenderBlock (anonymous) at (1,1) size 300x58
            RenderText {#text} at (18,1) size 264x56
              text run at (18,1) width 264: "01234 56789"
          RenderBlock {DIV} at (1,59) size 300x23 [color=#000000]
            RenderText {#text} at (128,0) size 44x22
              text run at (128,0) width 44: "clear"
        RenderBlock {DIV} at (0,82) size 302x82 [color=#00000000] [bgcolor=#00FF007F] [border: (1px solid #000000)]
          RenderBlock (anonymous) at (1,1) size 300x58
            RenderText {#text} at (18,1) size 264x56
              text run at (18,1) width 264: "01234 56789"
          RenderBlock {DIV} at (1,59) size 300x23 [color=#000000]
            RenderText {#text} at (130,0) size 40x22
              text run at (130,0) width 40: "copy"
        RenderBlock {DIV} at (0,164) size 302x82 [color=#00000000] [bgcolor=#00FF007F] [border: (1px solid #000000)]
          RenderBlock (anonymous) at (1,1) size 300x58
            RenderText {#text} at (18,1) size 264x56
              text run at (18,1) width 264: "01234 56789"
          RenderBlock {DIV} at (1,59) size 300x23 [color=#000000]
            RenderText {#text} at (99,0) size 102x22
              text run at (99,0) width 102: "plus-darker"
        RenderBlock {DIV} at (0,246) size 302x82 [color=#00000000] [bgcolor=#00FF007F] [border: (1px solid #000000)]
          RenderBlock (anonymous) at (1,1) size 300x58
            RenderText {#text} at (18,1) size 264x56
              text run at (18,1) width 264: "01234 56789"
          RenderBlock {DIV} at (1,59) size 300x23 [color=#000000]
            RenderText {#text} at (80,0) size 140x22
              text run at (80,0) width 140: "destination-over"
        RenderBlock {DIV} at (0,328) size 302x82 [color=#00000000] [bgcolor=#00FF007F] [border: (1px solid #000000)]
          RenderBlock (anonymous) at (1,1) size 300x58
            RenderText {#text} at (18,1) size 264x56
              text run at (18,1) width 264: "01234 56789"
          RenderBlock {DIV} at (1,59) size 300x23 [color=#000000]
            RenderText {#text} at (80,0) size 140x22
              text run at (80,0) width 140: "destination-atop"
        RenderBlock {DIV} at (0,410) size 302x82 [color=#00000000] [bgcolor=#00FF007F] [border: (1px solid #000000)]
          RenderBlock (anonymous) at (1,1) size 300x58
            RenderText {#text} at (18,1) size 264x56
              text run at (18,1) width 264: "01234 56789"
          RenderBlock {DIV} at (1,59) size 300x23 [color=#000000]
            RenderText {#text} at (91,0) size 118x22
              text run at (91,0) width 118: "destination-in"
        RenderBlock {DIV} at (0,492) size 302x82 [color=#00000000] [bgcolor=#00FF007F] [border: (1px solid #000000)]
          RenderBlock (anonymous) at (1,1) size 300x58
            RenderText {#text} at (18,1) size 264x56
              text run at (18,1) width 264: "01234 56789"
          RenderBlock {DIV} at (1,59) size 300x23 [color=#000000]
            RenderText {#text} at (85,0) size 130x22
              text run at (85,0) width 130: "destination-out"
      RenderText {#text} at (0,0) size 0x0
