layer at (0,0) size 800x600
  RenderView at (0,0) size 800x600
layer at (0,0) size 800x88
  RenderBlock {HTML} at (0,0) size 800x88
    RenderBody {BODY} at (8,16) size 784x64
      RenderBlock {P} at (0,0) size 784x16
        RenderText {#text} at (0,0) size 195x16
          text run at (0,0) width 195: "There should be no red below."
      RenderBlock {DIV} at (0,48) size 784x16 [bgcolor=#FF0000]
        RenderBlock {DIV} at (0,0) size 784x16
          RenderBlock {DIV} at (0,0) size 784x16
            RenderBlock {DIV} at (0,0) size 784x16 [color=#FFFFFF] [bgcolor=#008000]
              RenderText {#text} at (0,0) size 166x16
                text run at (0,0) width 166: "This line should be green."
