layer at (0,0) size 800x600
  RenderView at (0,0) size 800x600
layer at (0,0) size 800x600
  RenderBlock {HTML} at (0,0) size 800x600
    RenderBody {BODY} at (8,8) size 784x584
      RenderBlock {DIV} at (0,0) size 385x490.81
        RenderImage {IMG} at (0,0) size 395x275
        RenderBlock {H2} at (0,315) size 385x24
          RenderText {#text} at (0,0) size 317x24
            text run at (0,0) width 317: "This text should be on line one."
        RenderBlock (anonymous) at (0,358.91) size 385x32
          RenderText {#text} at (0,0) size 347x32
            text run at (0,0) width 275: "This text should be on the following lines. "
            text run at (274,0) width 73: "These lines"
            text run at (0,16) width 124: "should not overlap."
        RenderBlock {H2} at (0,430.91) size 385x24
          RenderText {#text} at (0,0) size 210x24
            text run at (0,0) width 210: "Here's what's weird."
        RenderBlock (anonymous) at (0,474.81) size 385x16
          RenderText {#text} at (0,0) size 140x16
            text run at (0,0) width 140: "The problem persists!"
