layer at (0,0) size 800x600
  RenderView at (0,0) size 800x600
layer at (0,0) size 800x222
  RenderBlock {HTML} at (0,0) size 800x222
    RenderBody {BODY} at (8,8) size 784x206
      RenderTextControl {INPUT} at (4,4) size 123x19 [bgcolor=#FFFFFF] [border: (2px inset #EEEEEE)]
      RenderText {#text} at (131,6) size 4x16
        text run at (131,6) width 4: " "
      RenderBR {BR} at (135,6) size 0x16
      RenderTextControl {INPUT} at (4,31) size 125x21 [bgcolor=#FFFFFF] [border: (3px solid #00FF00)]
      RenderText {#text} at (133,34) size 4x16
        text run at (133,34) width 4: " "
      RenderTextControl {INPUT} at (141,32) size 123x19 [bgcolor=#FFFFFF] [border: (2px inset #EEEEEE)]
      RenderText {#text} at (268,34) size 4x16
        text run at (268,34) width 4: " "
      RenderBR {BR} at (272,34) size 0x16
      RenderTextControl {INPUT} at (4,60) size 123x19 [border: (2px inset #EEEEEE)]
      RenderText {#text} at (131,62) size 4x16
        text run at (131,62) width 4: " "
      RenderBR {BR} at (135,62) size 0x16
      RenderTextControl {INPUT} at (4,87) size 123x19 [bgcolor=#FFFFFF] [border: (2px inset #EEEEEE)]
      RenderText {#text} at (131,89) size 4x16
        text run at (131,89) width 4: " "
      RenderBR {BR} at (135,89) size 0x16
      RenderTextControl {INPUT} at (4,122) size 170x24 [bgcolor=#FFFFFF] [border: (2px inset #EEEEEE)]
      RenderText {#text} at (178,128) size 4x16
        text run at (178,128) width 4: " "
      RenderTextControl {INPUT} at (186,118) size 216x29 [bgcolor=#FFFFFF] [border: (2px inset #EEEEEE)]
      RenderText {#text} at (406,128) size 4x16
        text run at (406,128) width 4: " "
      RenderTextControl {INPUT} at (414,114) size 262x34 [bgcolor=#FFFFFF] [border: (2px inset #EEEEEE)]
      RenderText {#text} at (680,128) size 4x16
        text run at (680,128) width 4: " "
      RenderBR {BR} at (684,128) size 0x16
      RenderTextControl {INPUT} at (6,167) size 174x28 [bgcolor=#FFFFFF] [border: (3px inset #EEEEEE)]
      RenderText {#text} at (186,175) size 4x16
        text run at (186,175) width 4: " "
      RenderTextControl {INPUT} at (198,160) size 245x38 [bgcolor=#FFFFFF] [border: (4px inset #EEEEEE)]
      RenderText {#text} at (451,175) size 4x16
        text run at (451,175) width 4: " "
      RenderBR {BR} at (455,175) size 0x16
layer at (15,15) size 117x13
  RenderBlock {DIV} at (3,3) size 117x13
    RenderText {#text} at (0,0) size 18x13
      text run at (0,0) width 18: "foo"
layer at (16,43) size 117x13
  RenderBlock {DIV} at (4,4) size 117x13
    RenderText {#text} at (0,0) size 18x13
      text run at (0,0) width 18: "foo"
layer at (152,43) size 117x13
  RenderBlock {DIV} at (3,3) size 117x13
    RenderText {#text} at (0,0) size 18x13
      text run at (0,0) width 18: "foo"
layer at (15,71) size 117x13
  RenderBlock {DIV} at (3,3) size 117x13
    RenderText {#text} at (0,0) size 18x13
      text run at (0,0) width 18: "foo"
layer at (15,98) size 117x13
  RenderBlock {DIV} at (3,3) size 117x13
    RenderText {#text} at (0,0) size 18x13
      text run at (0,0) width 18: "foo"
layer at (15,133) size 164x18
  RenderBlock {DIV} at (3,3) size 164x18
    RenderText {#text} at (0,0) size 26x18
      text run at (0,0) width 26: "foo"
layer at (197,129) size 210x23
  RenderBlock {DIV} at (3,3) size 210x23
    RenderText {#text} at (0,0) size 32x23
      text run at (0,0) width 32: "foo"
layer at (425,125) size 256x28
  RenderBlock {DIV} at (3,3) size 256x28
    RenderText {#text} at (0,0) size 39x28
      text run at (0,0) width 39: "foo"
layer at (19,180) size 165x19
  RenderBlock {DIV} at (4.50,4.50) size 165x19
    RenderText {#text} at (0,0) size 27x19
      text run at (0,0) width 27: "foo"
layer at (212,174) size 233x26
  RenderBlock {DIV} at (6,6) size 233x26
    RenderText {#text} at (0,0) size 36x26
      text run at (0,0) width 36: "foo"
