layer at (0,0) size 800x600
  RenderView at (0,0) size 800x600
layer at (0,0) size 800x132
  RenderBlock {HTML} at (0,0) size 800x132
    RenderBody {BODY} at (8,13) size 784x111
      RenderBlock {PRE} at (0,0) size 784x39
        RenderText {#text} at (0,0) size 164x39
          text run at (0,0) width 118: "table width=50%"
          text run at (117,0) width 1: " "
          text run at (0,13) width 94: "  td nowrap "
          text run at (93,13) width 1: " "
          text run at (0,26) width 164: "    input width=100% "
          text run at (163,26) width 1: " "
      RenderTable {TABLE} at (0,52) size 392x43 [bgcolor=#C0C0C0] [border: (1px outset #808080)]
        RenderTableSection {TBODY} at (1,1) size 390x41
          RenderTableRow {TR} at (0,2) size 390x37
            RenderTableCell {TD} at (2,2) size 386x37 [bgcolor=#AABBFF] [border: (1px inset #808080)] [r=0 c=0 rs=1 cs=1]
              RenderTextControl {INPUT} at (9,9) size 374x19 [bgcolor=#FFFFFF] [border: (2px inset #EEEEEE)]
              RenderText {#text} at (0,0) size 0x0
      RenderBlock (anonymous) at (0,95) size 784x16
        RenderBR {BR} at (0,0) size 0x16
layer at (23,80) size 368x13
  RenderBlock {DIV} at (3,3) size 368x13
