layer at (0,0) size 785x1578
  RenderView at (0,0) size 785x600
layer at (0,0) size 785x1578
  RenderBlock {HTML} at (0,0) size 785x1578
    RenderBody {BODY} at (8,8) size 769x1562
      RenderTable {TABLE} at (0,0) size 769x75 [border: (1px solid #000000)]
        RenderTableSection {TBODY} at (1,1) size 767x73
          RenderTableRow {TR} at (0,2) size 767x69
            RenderTableCell {TD} at (2,2) size 444x69 [border: (1px solid #000000)] [r=0 c=0 rs=1 cs=1]
              RenderImage {IMG} at (2,2) size 88x65
              RenderImage {IMG} at (90,2) size 88x65
              RenderImage {IMG} at (178,2) size 88x65
              RenderImage {IMG} at (266,2) size 88x65
              RenderImage {IMG} at (354,2) size 88x65
            RenderTableCell {TD} at (448,26) size 317x20 [border: (1px solid #000000)] [r=0 c=1 rs=1 cs=1]
              RenderText {#text} at (2,2) size 160x16
                text run at (2,2) width 160: "Nothing between images"
      RenderTable {TABLE} at (0,75) size 769x335 [border: (1px solid #000000)]
        RenderTableSection {TBODY} at (1,1) size 767x333
          RenderTableRow {TR} at (0,2) size 767x329
            RenderTableCell {TD} at (2,2) size 92x329 [border: (1px solid #000000)] [r=0 c=0 rs=1 cs=1]
              RenderImage {IMG} at (2,2) size 88x65
              RenderText {#text} at (0,0) size 0x0
              RenderImage {IMG} at (2,67) size 88x65
              RenderText {#text} at (0,0) size 0x0
              RenderImage {IMG} at (2,132) size 88x65
              RenderText {#text} at (0,0) size 0x0
              RenderImage {IMG} at (2,197) size 88x65
              RenderText {#text} at (0,0) size 0x0
              RenderImage {IMG} at (2,262) size 88x65
            RenderTableCell {TD} at (96,156) size 669x20 [border: (1px solid #000000)] [r=0 c=1 rs=1 cs=1]
              RenderText {#text} at (2,2) size 152x16
                text run at (2,2) width 152: "Spaces between images"
      RenderTable {TABLE} at (0,410) size 769x335 [border: (1px solid #000000)]
        RenderTableSection {TBODY} at (1,1) size 767x333
          RenderTableRow {TR} at (0,2) size 767x329
            RenderTableCell {TD} at (2,2) size 92x329 [border: (1px solid #000000)] [r=0 c=0 rs=1 cs=1]
              RenderImage {IMG} at (2,2) size 88x65
              RenderText {#text} at (0,0) size 0x0
              RenderImage {IMG} at (2,67) size 88x65
              RenderText {#text} at (0,0) size 0x0
              RenderImage {IMG} at (2,132) size 88x65
              RenderText {#text} at (0,0) size 0x0
              RenderImage {IMG} at (2,197) size 88x65
              RenderText {#text} at (0,0) size 0x0
              RenderImage {IMG} at (2,262) size 88x65
            RenderTableCell {TD} at (96,156) size 669x20 [border: (1px solid #000000)] [r=0 c=1 rs=1 cs=1]
              RenderText {#text} at (2,2) size 168x16
                text run at (2,2) width 168: "Newlines between images"
      RenderTable {TABLE} at (0,745) size 769x79 [border: (1px solid #000000)]
        RenderTableSection {TBODY} at (1,1) size 767x77
          RenderTableRow {TR} at (0,2) size 767x73
            RenderTableCell {TD} at (2,2) size 596x73 [border: (1px solid #000000)] [r=0 c=0 rs=1 cs=1]
              RenderText {#text} at (2,55) size 27x16
                text run at (2,55) width 27: "One"
              RenderImage {IMG} at (28.66,2) size 88x65
              RenderText {#text} at (116,55) size 30x16
                text run at (116,55) width 30: "Two"
              RenderImage {IMG} at (145.98,2) size 88x65
              RenderText {#text} at (233,55) size 39x16
                text run at (233,55) width 39: "Three"
              RenderImage {IMG} at (271.28,2) size 88x65
              RenderText {#text} at (359,55) size 31x16
                text run at (359,55) width 31: "Four"
              RenderImage {IMG} at (389.52,2) size 88x65
              RenderText {#text} at (477,55) size 29x16
                text run at (477,55) width 29: "Five"
              RenderImage {IMG} at (505.95,2) size 88x65
            RenderTableCell {TD} at (600,28) size 165x20 [border: (1px solid #000000)] [r=0 c=1 rs=1 cs=1]
              RenderText {#text} at (2,2) size 136x16
                text run at (2,2) width 136: "Text between images"
      RenderTable {TABLE} at (0,824) size 769x367 [border: (1px solid #000000)]
        RenderTableSection {TBODY} at (1,1) size 767x365
          RenderTableRow {TR} at (0,2) size 767x361
            RenderTableCell {TD} at (2,2) size 130x361 [border: (1px solid #000000)] [r=0 c=0 rs=1 cs=1]
              RenderText {#text} at (2,2) size 27x16
                text run at (2,2) width 27: "One"
              RenderImage {IMG} at (2,18) size 88x65
              RenderText {#text} at (90,71) size 30x16
                text run at (90,71) width 30: "Two"
              RenderImage {IMG} at (2,87) size 88x65
              RenderText {#text} at (90,140) size 38x16
                text run at (90,140) width 38: "Three"
              RenderImage {IMG} at (2,156) size 88x65
              RenderText {#text} at (90,209) size 31x16
                text run at (90,209) width 31: "Four"
              RenderImage {IMG} at (2,225) size 88x65
              RenderText {#text} at (90,278) size 29x16
                text run at (90,278) width 29: "Five"
              RenderImage {IMG} at (2,294) size 88x65
            RenderTableCell {TD} at (134,172) size 631x20 [border: (1px solid #000000)] [r=0 c=1 rs=1 cs=1]
              RenderText {#text} at (2,2) size 215x16
                text run at (2,2) width 215: "Text with spaces between images"
      RenderTable {TABLE} at (0,1191) size 769x371 [border: (1px solid #000000)]
        RenderTableSection {TBODY} at (1,1) size 767x369
          RenderTableRow {TR} at (0,2) size 767x365
            RenderTableCell {TD} at (2,2) size 138x365 [border: (1px solid #000000)] [r=0 c=0 rs=1 cs=1]
              RenderText {#text} at (2,2) size 27x85
                text run at (2,2) width 27: "One"
                text run at (2,71) width 12: "A"
              RenderImage {IMG} at (13.55,18) size 88x65
              RenderText {#text} at (101,71) size 129x85
                text run at (101,71) width 30: "Two"
                text run at (2,140) width 8: "b"
              RenderImage {IMG} at (10,87) size 88x65
              RenderText {#text} at (98,140) size 134x85
                text run at (98,140) width 38: "Three"
                text run at (2,209) width 8: "c"
              RenderImage {IMG} at (9.09,156) size 88x65
              RenderText {#text} at (97,209) size 126x85
                text run at (97,209) width 31: "Four"
                text run at (2,278) width 8: "d"
              RenderImage {IMG} at (10,225) size 88x65
              RenderText {#text} at (98,278) size 125x85
                text run at (98,278) width 29: "Five"
                text run at (2,347) width 8: "e"
              RenderImage {IMG} at (9.09,294) size 88x65
            RenderTableCell {TD} at (142,174) size 623x20 [border: (1px solid #000000)] [r=0 c=1 rs=1 cs=1]
              RenderText {#text} at (2,2) size 307x16
                text run at (2,2) width 307: "Text with spaces and more text between images"
