layer at (0,0) size 785x5695
  RenderView at (0,0) size 785x600
layer at (0,0) size 785x5695
  RenderBlock {HTML} at (0,0) size 785x5694.88
    RenderBody {BODY} at (8,21.44) size 769x5657.44
      RenderBlock {H1} at (0,0) size 769x32
        RenderText {#text} at (0,0) size 484x32
          text run at (0,0) width 484: "Vertical alignment and table height"
      RenderBlock {P} at (0,53.44) size 769x48
        RenderText {#text} at (0,0) size 275x16
          text run at (0,0) width 275: "The following three tables have heights of "
        RenderInline {CODE} at (0,0) size 32x13
          RenderText {#text} at (274,2) size 32x13
            text run at (274,2) width 32: "auto"
        RenderText {#text} at (305,0) size 9x16
          text run at (305,0) width 9: ", "
        RenderInline {CODE} at (0,0) size 32x13
          RenderText {#text} at (313,2) size 32x13
            text run at (313,2) width 32: "30px"
        RenderText {#text} at (344,0) size 36x16
          text run at (344,0) width 36: ", and "
        RenderInline {CODE} at (0,0) size 40x13
          RenderText {#text} at (379,2) size 40x13
            text run at (379,2) width 40: "500px"
        RenderText {#text} at (418,0) size 765x48
          text run at (418,0) width 9: ". "
          text run at (426,0) width 339: "The first one should have the height of the sum of its"
          text run at (0,16) width 40: "rows. "
          text run at (39,16) width 670: "The second and third can be handled however the browser wants, but there just here to make sure it does"
          text run at (0,32) width 144: "something reasonable."
      RenderTable {TABLE} at (0,117.44) size 113x134
        RenderTableSection {TBODY} at (0,0) size 113x134
          RenderTableRow {TR} at (0,2) size 113x20
            RenderTableCell {TD} at (2,2) size 35x20 [border: (1px solid #000000)] [r=0 c=0 rs=1 cs=1]
              RenderText {#text} at (2,2) size 31x16
                text run at (2,2) width 31: "Data"
            RenderTableCell {TD} at (39,2) size 35x20 [border: (1px solid #000000)] [r=0 c=1 rs=1 cs=1]
              RenderText {#text} at (2,2) size 31x16
                text run at (2,2) width 31: "Data"
            RenderTableCell {TD} at (76,2) size 35x20 [border: (1px solid #000000)] [r=0 c=2 rs=1 cs=1]
              RenderText {#text} at (2,2) size 31x16
                text run at (2,2) width 31: "Data"
          RenderTableRow {TR} at (0,24) size 113x20
            RenderTableCell {TD} at (2,24) size 35x20 [border: (1px solid #000000)] [r=1 c=0 rs=1 cs=1]
              RenderText {#text} at (2,2) size 31x16
                text run at (2,2) width 31: "Data"
            RenderTableCell {TD} at (39,24) size 35x20 [border: (1px solid #000000)] [r=1 c=1 rs=1 cs=1]
              RenderText {#text} at (2,2) size 31x16
                text run at (2,2) width 31: "Data"
            RenderTableCell {TD} at (76,24) size 35x20 [border: (1px solid #000000)] [r=1 c=2 rs=1 cs=1]
              RenderText {#text} at (2,2) size 31x16
                text run at (2,2) width 31: "Data"
          RenderTableRow {TR} at (0,46) size 113x20
            RenderTableCell {TD} at (2,46) size 35x20 [border: (1px solid #000000)] [r=2 c=0 rs=1 cs=1]
              RenderText {#text} at (2,2) size 31x16
                text run at (2,2) width 31: "Data"
            RenderTableCell {TD} at (39,46) size 35x20 [border: (1px solid #000000)] [r=2 c=1 rs=1 cs=1]
              RenderText {#text} at (2,2) size 31x16
                text run at (2,2) width 31: "Data"
            RenderTableCell {TD} at (76,46) size 35x20 [border: (1px solid #000000)] [r=2 c=2 rs=1 cs=1]
              RenderText {#text} at (2,2) size 31x16
                text run at (2,2) width 31: "Data"
          RenderTableRow {TR} at (0,68) size 113x20
            RenderTableCell {TD} at (2,68) size 35x20 [border: (1px solid #000000)] [r=3 c=0 rs=1 cs=1]
              RenderText {#text} at (2,2) size 31x16
                text run at (2,2) width 31: "Data"
            RenderTableCell {TD} at (39,68) size 35x20 [border: (1px solid #000000)] [r=3 c=1 rs=1 cs=1]
              RenderText {#text} at (2,2) size 31x16
                text run at (2,2) width 31: "Data"
            RenderTableCell {TD} at (76,68) size 35x20 [border: (1px solid #000000)] [r=3 c=2 rs=1 cs=1]
              RenderText {#text} at (2,2) size 31x16
                text run at (2,2) width 31: "Data"
          RenderTableRow {TR} at (0,90) size 113x20
            RenderTableCell {TD} at (2,90) size 35x20 [border: (1px solid #000000)] [r=4 c=0 rs=1 cs=1]
              RenderText {#text} at (2,2) size 31x16
                text run at (2,2) width 31: "Data"
            RenderTableCell {TD} at (39,90) size 35x20 [border: (1px solid #000000)] [r=4 c=1 rs=1 cs=1]
              RenderText {#text} at (2,2) size 31x16
                text run at (2,2) width 31: "Data"
            RenderTableCell {TD} at (76,90) size 35x20 [border: (1px solid #000000)] [r=4 c=2 rs=1 cs=1]
              RenderText {#text} at (2,2) size 31x16
                text run at (2,2) width 31: "Data"
          RenderTableRow {TR} at (0,112) size 113x20
            RenderTableCell {TD} at (2,112) size 35x20 [border: (1px solid #000000)] [r=5 c=0 rs=1 cs=1]
              RenderText {#text} at (2,2) size 31x16
                text run at (2,2) width 31: "Data"
            RenderTableCell {TD} at (39,112) size 35x20 [border: (1px solid #000000)] [r=5 c=1 rs=1 cs=1]
              RenderText {#text} at (2,2) size 31x16
                text run at (2,2) width 31: "Data"
            RenderTableCell {TD} at (76,112) size 35x20 [border: (1px solid #000000)] [r=5 c=2 rs=1 cs=1]
              RenderText {#text} at (2,2) size 31x16
                text run at (2,2) width 31: "Data"
      RenderTable {TABLE} at (0,251.44) size 113x134
        RenderTableSection {TBODY} at (0,0) size 113x134
          RenderTableRow {TR} at (0,2) size 113x20
            RenderTableCell {TD} at (2,2) size 35x20 [border: (1px solid #000000)] [r=0 c=0 rs=1 cs=1]
              RenderText {#text} at (2,2) size 31x16
                text run at (2,2) width 31: "Data"
            RenderTableCell {TD} at (39,2) size 35x20 [border: (1px solid #000000)] [r=0 c=1 rs=1 cs=1]
              RenderText {#text} at (2,2) size 31x16
                text run at (2,2) width 31: "Data"
            RenderTableCell {TD} at (76,2) size 35x20 [border: (1px solid #000000)] [r=0 c=2 rs=1 cs=1]
              RenderText {#text} at (2,2) size 31x16
                text run at (2,2) width 31: "Data"
          RenderTableRow {TR} at (0,24) size 113x20
            RenderTableCell {TD} at (2,24) size 35x20 [border: (1px solid #000000)] [r=1 c=0 rs=1 cs=1]
              RenderText {#text} at (2,2) size 31x16
                text run at (2,2) width 31: "Data"
            RenderTableCell {TD} at (39,24) size 35x20 [border: (1px solid #000000)] [r=1 c=1 rs=1 cs=1]
              RenderText {#text} at (2,2) size 31x16
                text run at (2,2) width 31: "Data"
            RenderTableCell {TD} at (76,24) size 35x20 [border: (1px solid #000000)] [r=1 c=2 rs=1 cs=1]
              RenderText {#text} at (2,2) size 31x16
                text run at (2,2) width 31: "Data"
          RenderTableRow {TR} at (0,46) size 113x20
            RenderTableCell {TD} at (2,46) size 35x20 [border: (1px solid #000000)] [r=2 c=0 rs=1 cs=1]
              RenderText {#text} at (2,2) size 31x16
                text run at (2,2) width 31: "Data"
            RenderTableCell {TD} at (39,46) size 35x20 [border: (1px solid #000000)] [r=2 c=1 rs=1 cs=1]
              RenderText {#text} at (2,2) size 31x16
                text run at (2,2) width 31: "Data"
            RenderTableCell {TD} at (76,46) size 35x20 [border: (1px solid #000000)] [r=2 c=2 rs=1 cs=1]
              RenderText {#text} at (2,2) size 31x16
                text run at (2,2) width 31: "Data"
          RenderTableRow {TR} at (0,68) size 113x20
            RenderTableCell {TD} at (2,68) size 35x20 [border: (1px solid #000000)] [r=3 c=0 rs=1 cs=1]
              RenderText {#text} at (2,2) size 31x16
                text run at (2,2) width 31: "Data"
            RenderTableCell {TD} at (39,68) size 35x20 [border: (1px solid #000000)] [r=3 c=1 rs=1 cs=1]
              RenderText {#text} at (2,2) size 31x16
                text run at (2,2) width 31: "Data"
            RenderTableCell {TD} at (76,68) size 35x20 [border: (1px solid #000000)] [r=3 c=2 rs=1 cs=1]
              RenderText {#text} at (2,2) size 31x16
                text run at (2,2) width 31: "Data"
          RenderTableRow {TR} at (0,90) size 113x20
            RenderTableCell {TD} at (2,90) size 35x20 [border: (1px solid #000000)] [r=4 c=0 rs=1 cs=1]
              RenderText {#text} at (2,2) size 31x16
                text run at (2,2) width 31: "Data"
            RenderTableCell {TD} at (39,90) size 35x20 [border: (1px solid #000000)] [r=4 c=1 rs=1 cs=1]
              RenderText {#text} at (2,2) size 31x16
                text run at (2,2) width 31: "Data"
            RenderTableCell {TD} at (76,90) size 35x20 [border: (1px solid #000000)] [r=4 c=2 rs=1 cs=1]
              RenderText {#text} at (2,2) size 31x16
                text run at (2,2) width 31: "Data"
          RenderTableRow {TR} at (0,112) size 113x20
            RenderTableCell {TD} at (2,112) size 35x20 [border: (1px solid #000000)] [r=5 c=0 rs=1 cs=1]
              RenderText {#text} at (2,2) size 31x16
                text run at (2,2) width 31: "Data"
            RenderTableCell {TD} at (39,112) size 35x20 [border: (1px solid #000000)] [r=5 c=1 rs=1 cs=1]
              RenderText {#text} at (2,2) size 31x16
                text run at (2,2) width 31: "Data"
            RenderTableCell {TD} at (76,112) size 35x20 [border: (1px solid #000000)] [r=5 c=2 rs=1 cs=1]
              RenderText {#text} at (2,2) size 31x16
                text run at (2,2) width 31: "Data"
      RenderTable {TABLE} at (0,385.44) size 113x500
        RenderTableSection {TBODY} at (0,0) size 113x500
          RenderTableRow {TR} at (0,2) size 113x81
            RenderTableCell {TD} at (2,32) size 35x20 [border: (1px solid #000000)] [r=0 c=0 rs=1 cs=1]
              RenderText {#text} at (2,2) size 31x16
                text run at (2,2) width 31: "Data"
            RenderTableCell {TD} at (39,32) size 35x20 [border: (1px solid #000000)] [r=0 c=1 rs=1 cs=1]
              RenderText {#text} at (2,2) size 31x16
                text run at (2,2) width 31: "Data"
            RenderTableCell {TD} at (76,32) size 35x20 [border: (1px solid #000000)] [r=0 c=2 rs=1 cs=1]
              RenderText {#text} at (2,2) size 31x16
                text run at (2,2) width 31: "Data"
          RenderTableRow {TR} at (0,85) size 113x81
            RenderTableCell {TD} at (2,115) size 35x20 [border: (1px solid #000000)] [r=1 c=0 rs=1 cs=1]
              RenderText {#text} at (2,2) size 31x16
                text run at (2,2) width 31: "Data"
            RenderTableCell {TD} at (39,115) size 35x20 [border: (1px solid #000000)] [r=1 c=1 rs=1 cs=1]
              RenderText {#text} at (2,2) size 31x16
                text run at (2,2) width 31: "Data"
            RenderTableCell {TD} at (76,115) size 35x20 [border: (1px solid #000000)] [r=1 c=2 rs=1 cs=1]
              RenderText {#text} at (2,2) size 31x16
                text run at (2,2) width 31: "Data"
          RenderTableRow {TR} at (0,168) size 113x81
            RenderTableCell {TD} at (2,198) size 35x20 [border: (1px solid #000000)] [r=2 c=0 rs=1 cs=1]
              RenderText {#text} at (2,2) size 31x16
                text run at (2,2) width 31: "Data"
            RenderTableCell {TD} at (39,198) size 35x20 [border: (1px solid #000000)] [r=2 c=1 rs=1 cs=1]
              RenderText {#text} at (2,2) size 31x16
                text run at (2,2) width 31: "Data"
            RenderTableCell {TD} at (76,198) size 35x20 [border: (1px solid #000000)] [r=2 c=2 rs=1 cs=1]
              RenderText {#text} at (2,2) size 31x16
                text run at (2,2) width 31: "Data"
          RenderTableRow {TR} at (0,251) size 113x81
            RenderTableCell {TD} at (2,281) size 35x20 [border: (1px solid #000000)] [r=3 c=0 rs=1 cs=1]
              RenderText {#text} at (2,2) size 31x16
                text run at (2,2) width 31: "Data"
            RenderTableCell {TD} at (39,281) size 35x20 [border: (1px solid #000000)] [r=3 c=1 rs=1 cs=1]
              RenderText {#text} at (2,2) size 31x16
                text run at (2,2) width 31: "Data"
            RenderTableCell {TD} at (76,281) size 35x20 [border: (1px solid #000000)] [r=3 c=2 rs=1 cs=1]
              RenderText {#text} at (2,2) size 31x16
                text run at (2,2) width 31: "Data"
          RenderTableRow {TR} at (0,334) size 113x81
            RenderTableCell {TD} at (2,364) size 35x20 [border: (1px solid #000000)] [r=4 c=0 rs=1 cs=1]
              RenderText {#text} at (2,2) size 31x16
                text run at (2,2) width 31: "Data"
            RenderTableCell {TD} at (39,364) size 35x20 [border: (1px solid #000000)] [r=4 c=1 rs=1 cs=1]
              RenderText {#text} at (2,2) size 31x16
                text run at (2,2) width 31: "Data"
            RenderTableCell {TD} at (76,364) size 35x20 [border: (1px solid #000000)] [r=4 c=2 rs=1 cs=1]
              RenderText {#text} at (2,2) size 31x16
                text run at (2,2) width 31: "Data"
          RenderTableRow {TR} at (0,417) size 113x81
            RenderTableCell {TD} at (2,447) size 35x20 [border: (1px solid #000000)] [r=5 c=0 rs=1 cs=1]
              RenderText {#text} at (2,2) size 31x16
                text run at (2,2) width 31: "Data"
            RenderTableCell {TD} at (39,447) size 35x20 [border: (1px solid #000000)] [r=5 c=1 rs=1 cs=1]
              RenderText {#text} at (2,2) size 31x16
                text run at (2,2) width 31: "Data"
            RenderTableCell {TD} at (76,447) size 35x20 [border: (1px solid #000000)] [r=5 c=2 rs=1 cs=1]
              RenderText {#text} at (2,2) size 31x16
                text run at (2,2) width 31: "Data"
      RenderBlock {P} at (0,901.44) size 769x32
        RenderText {#text} at (0,0) size 747x32
          text run at (0,0) width 238: "These tables test percentage heights. "
          text run at (237,0) width 510: "The first should be its natural height; the second should be 50% of the height of"
          text run at (0,16) width 209: "the div (600px), which is 300px."
      RenderTable {TABLE} at (0,949.44) size 113x134
        RenderTableSection {TBODY} at (0,0) size 113x134
          RenderTableRow {TR} at (0,2) size 113x20
            RenderTableCell {TD} at (2,2) size 35x20 [border: (1px solid #000000)] [r=0 c=0 rs=1 cs=1]
              RenderText {#text} at (2,2) size 31x16
                text run at (2,2) width 31: "Data"
            RenderTableCell {TD} at (39,2) size 35x20 [border: (1px solid #000000)] [r=0 c=1 rs=1 cs=1]
              RenderText {#text} at (2,2) size 31x16
                text run at (2,2) width 31: "Data"
            RenderTableCell {TD} at (76,2) size 35x20 [border: (1px solid #000000)] [r=0 c=2 rs=1 cs=1]
              RenderText {#text} at (2,2) size 31x16
                text run at (2,2) width 31: "Data"
          RenderTableRow {TR} at (0,24) size 113x20
            RenderTableCell {TD} at (2,24) size 35x20 [border: (1px solid #000000)] [r=1 c=0 rs=1 cs=1]
              RenderText {#text} at (2,2) size 31x16
                text run at (2,2) width 31: "Data"
            RenderTableCell {TD} at (39,24) size 35x20 [border: (1px solid #000000)] [r=1 c=1 rs=1 cs=1]
              RenderText {#text} at (2,2) size 31x16
                text run at (2,2) width 31: "Data"
            RenderTableCell {TD} at (76,24) size 35x20 [border: (1px solid #000000)] [r=1 c=2 rs=1 cs=1]
              RenderText {#text} at (2,2) size 31x16
                text run at (2,2) width 31: "Data"
          RenderTableRow {TR} at (0,46) size 113x20
            RenderTableCell {TD} at (2,46) size 35x20 [border: (1px solid #000000)] [r=2 c=0 rs=1 cs=1]
              RenderText {#text} at (2,2) size 31x16
                text run at (2,2) width 31: "Data"
            RenderTableCell {TD} at (39,46) size 35x20 [border: (1px solid #000000)] [r=2 c=1 rs=1 cs=1]
              RenderText {#text} at (2,2) size 31x16
                text run at (2,2) width 31: "Data"
            RenderTableCell {TD} at (76,46) size 35x20 [border: (1px solid #000000)] [r=2 c=2 rs=1 cs=1]
              RenderText {#text} at (2,2) size 31x16
                text run at (2,2) width 31: "Data"
          RenderTableRow {TR} at (0,68) size 113x20
            RenderTableCell {TD} at (2,68) size 35x20 [border: (1px solid #000000)] [r=3 c=0 rs=1 cs=1]
              RenderText {#text} at (2,2) size 31x16
                text run at (2,2) width 31: "Data"
            RenderTableCell {TD} at (39,68) size 35x20 [border: (1px solid #000000)] [r=3 c=1 rs=1 cs=1]
              RenderText {#text} at (2,2) size 31x16
                text run at (2,2) width 31: "Data"
            RenderTableCell {TD} at (76,68) size 35x20 [border: (1px solid #000000)] [r=3 c=2 rs=1 cs=1]
              RenderText {#text} at (2,2) size 31x16
                text run at (2,2) width 31: "Data"
          RenderTableRow {TR} at (0,90) size 113x20
            RenderTableCell {TD} at (2,90) size 35x20 [border: (1px solid #000000)] [r=4 c=0 rs=1 cs=1]
              RenderText {#text} at (2,2) size 31x16
                text run at (2,2) width 31: "Data"
            RenderTableCell {TD} at (39,90) size 35x20 [border: (1px solid #000000)] [r=4 c=1 rs=1 cs=1]
              RenderText {#text} at (2,2) size 31x16
                text run at (2,2) width 31: "Data"
            RenderTableCell {TD} at (76,90) size 35x20 [border: (1px solid #000000)] [r=4 c=2 rs=1 cs=1]
              RenderText {#text} at (2,2) size 31x16
                text run at (2,2) width 31: "Data"
          RenderTableRow {TR} at (0,112) size 113x20
            RenderTableCell {TD} at (2,112) size 35x20 [border: (1px solid #000000)] [r=5 c=0 rs=1 cs=1]
              RenderText {#text} at (2,2) size 31x16
                text run at (2,2) width 31: "Data"
            RenderTableCell {TD} at (39,112) size 35x20 [border: (1px solid #000000)] [r=5 c=1 rs=1 cs=1]
              RenderText {#text} at (2,2) size 31x16
                text run at (2,2) width 31: "Data"
            RenderTableCell {TD} at (76,112) size 35x20 [border: (1px solid #000000)] [r=5 c=2 rs=1 cs=1]
              RenderText {#text} at (2,2) size 31x16
                text run at (2,2) width 31: "Data"
      RenderBlock {DIV} at (0,1083.44) size 769x606 [border: (3px solid #800080)]
        RenderTable {TABLE} at (3,3) size 113x300
          RenderTableSection {TBODY} at (0,0) size 113x300
            RenderTableRow {TR} at (0,2) size 113x47
              RenderTableCell {TD} at (2,15) size 35x20 [border: (1px solid #000000)] [r=0 c=0 rs=1 cs=1]
                RenderText {#text} at (2,2) size 31x16
                  text run at (2,2) width 31: "Data"
              RenderTableCell {TD} at (39,15) size 35x20 [border: (1px solid #000000)] [r=0 c=1 rs=1 cs=1]
                RenderText {#text} at (2,2) size 31x16
                  text run at (2,2) width 31: "Data"
              RenderTableCell {TD} at (76,15) size 35x20 [border: (1px solid #000000)] [r=0 c=2 rs=1 cs=1]
                RenderText {#text} at (2,2) size 31x16
                  text run at (2,2) width 31: "Data"
            RenderTableRow {TR} at (0,51) size 113x47
              RenderTableCell {TD} at (2,64) size 35x20 [border: (1px solid #000000)] [r=1 c=0 rs=1 cs=1]
                RenderText {#text} at (2,2) size 31x16
                  text run at (2,2) width 31: "Data"
              RenderTableCell {TD} at (39,64) size 35x20 [border: (1px solid #000000)] [r=1 c=1 rs=1 cs=1]
                RenderText {#text} at (2,2) size 31x16
                  text run at (2,2) width 31: "Data"
              RenderTableCell {TD} at (76,64) size 35x20 [border: (1px solid #000000)] [r=1 c=2 rs=1 cs=1]
                RenderText {#text} at (2,2) size 31x16
                  text run at (2,2) width 31: "Data"
            RenderTableRow {TR} at (0,100) size 113x48
              RenderTableCell {TD} at (2,114) size 35x20 [border: (1px solid #000000)] [r=2 c=0 rs=1 cs=1]
                RenderText {#text} at (2,2) size 31x16
                  text run at (2,2) width 31: "Data"
              RenderTableCell {TD} at (39,114) size 35x20 [border: (1px solid #000000)] [r=2 c=1 rs=1 cs=1]
                RenderText {#text} at (2,2) size 31x16
                  text run at (2,2) width 31: "Data"
              RenderTableCell {TD} at (76,114) size 35x20 [border: (1px solid #000000)] [r=2 c=2 rs=1 cs=1]
                RenderText {#text} at (2,2) size 31x16
                  text run at (2,2) width 31: "Data"
            RenderTableRow {TR} at (0,150) size 113x48
              RenderTableCell {TD} at (2,164) size 35x20 [border: (1px solid #000000)] [r=3 c=0 rs=1 cs=1]
                RenderText {#text} at (2,2) size 31x16
                  text run at (2,2) width 31: "Data"
              RenderTableCell {TD} at (39,164) size 35x20 [border: (1px solid #000000)] [r=3 c=1 rs=1 cs=1]
                RenderText {#text} at (2,2) size 31x16
                  text run at (2,2) width 31: "Data"
              RenderTableCell {TD} at (76,164) size 35x20 [border: (1px solid #000000)] [r=3 c=2 rs=1 cs=1]
                RenderText {#text} at (2,2) size 31x16
                  text run at (2,2) width 31: "Data"
            RenderTableRow {TR} at (0,200) size 113x48
              RenderTableCell {TD} at (2,214) size 35x20 [border: (1px solid #000000)] [r=4 c=0 rs=1 cs=1]
                RenderText {#text} at (2,2) size 31x16
                  text run at (2,2) width 31: "Data"
              RenderTableCell {TD} at (39,214) size 35x20 [border: (1px solid #000000)] [r=4 c=1 rs=1 cs=1]
                RenderText {#text} at (2,2) size 31x16
                  text run at (2,2) width 31: "Data"
              RenderTableCell {TD} at (76,214) size 35x20 [border: (1px solid #000000)] [r=4 c=2 rs=1 cs=1]
                RenderText {#text} at (2,2) size 31x16
                  text run at (2,2) width 31: "Data"
            RenderTableRow {TR} at (0,250) size 113x48
              RenderTableCell {TD} at (2,264) size 35x20 [border: (1px solid #000000)] [r=5 c=0 rs=1 cs=1]
                RenderText {#text} at (2,2) size 31x16
                  text run at (2,2) width 31: "Data"
              RenderTableCell {TD} at (39,264) size 35x20 [border: (1px solid #000000)] [r=5 c=1 rs=1 cs=1]
                RenderText {#text} at (2,2) size 31x16
                  text run at (2,2) width 31: "Data"
              RenderTableCell {TD} at (76,264) size 35x20 [border: (1px solid #000000)] [r=5 c=2 rs=1 cs=1]
                RenderText {#text} at (2,2) size 31x16
                  text run at (2,2) width 31: "Data"
      RenderBlock {P} at (0,1705.44) size 769x48
        RenderText {#text} at (0,0) size 154x16
          text run at (0,0) width 154: "The following tests test "
        RenderInline {CODE} at (0,0) size 48x13
          RenderText {#text} at (153,2) size 48x13
            text run at (153,2) width 48: "height"
        RenderText {#text} at (200,0) size 171x16
          text run at (200,0) width 171: " on table rows. A value of "
        RenderInline {CODE} at (0,0) size 32x13
          RenderText {#text} at (370,2) size 32x13
            text run at (370,2) width 32: "auto"
        RenderText {#text} at (401,0) size 761x48
          text run at (401,0) width 324: " requires the minimum height needed by the cells. "
          text run at (724,0) width 26: "In a"
          text run at (0,16) width 761: "simple case, this is just the height of the tallest cell (excluding the increased padding, of course, since with the padding"
          text run at (0,32) width 202: "the cells have the same height):"
      RenderTable {TABLE} at (0,1769.44) size 113x40
        RenderTableSection {TBODY} at (0,0) size 113x40
          RenderTableRow {TR} at (0,2) size 113x36
            RenderTableCell {TD} at (2,10) size 35x20 [border: (1px solid #000000)] [r=0 c=0 rs=1 cs=1]
              RenderText {#text} at (2,2) size 31x16
                text run at (2,2) width 31: "Data"
            RenderTableCell {TD} at (39,2) size 35x36 [border: (1px solid #000000)] [r=0 c=1 rs=1 cs=1]
              RenderText {#text} at (2,2) size 31x16
                text run at (2,2) width 31: "Data"
              RenderBR {BR} at (32,2) size 1x16
              RenderText {#text} at (2,18) size 31x16
                text run at (2,18) width 31: "Data"
            RenderTableCell {TD} at (76,10) size 35x20 [border: (1px solid #000000)] [r=0 c=2 rs=1 cs=1]
              RenderText {#text} at (2,2) size 31x16
                text run at (2,2) width 31: "Data"
      RenderBlock {P} at (0,1825.44) size 769x32
        RenderText {#text} at (0,0) size 219x16
          text run at (0,0) width 219: "However, vertical-align values of "
        RenderInline {CODE} at (0,0) size 63x13
          RenderText {#text} at (218,2) size 63x13
            text run at (218,2) width 63: "baseline"
        RenderText {#text} at (280,0) size 760x32
          text run at (280,0) width 480: " (the default, but could be overridden in a UA stylesheet) can make it taller"
          text run at (0,16) width 60: "than that:"
      RenderTable {TABLE} at (0,1873.44) size 293x124
        RenderTableSection {TBODY} at (0,0) size 293x124
          RenderTableRow {TR} at (0,2) size 293x120
            RenderTableCell {TD} at (2,38) size 35x20 [border: (1px solid #000000)] [r=0 c=0 rs=1 cs=1]
              RenderText {#text} at (2,2) size 31x16
                text run at (2,2) width 31: "Data"
            RenderTableCell {TD} at (39,2) size 125x84 [border: (1px solid #000000)] [r=0 c=1 rs=1 cs=1]
              RenderInline {SPAN} at (0,0) size 121x64
                RenderText {#text} at (2,2) size 121x64
                  text run at (2,2) width 121: "Data"
              RenderBR {BR} at (122,38) size 1x16
              RenderText {#text} at (2,66) size 31x16
                text run at (2,66) width 31: "Data"
            RenderTableCell {TD} at (166,38) size 125x84 [border: (1px solid #000000)] [r=0 c=2 rs=1 cs=1]
              RenderText {#text} at (2,2) size 31x16
                text run at (2,2) width 31: "Data"
              RenderBR {BR} at (32,2) size 1x16
              RenderInline {SPAN} at (0,0) size 121x64
                RenderText {#text} at (2,18) size 121x64
                  text run at (2,18) width 121: "Data"
      RenderBlock {P} at (0,2013.44) size 769x16
        RenderText {#text} at (0,0) size 537x16
          text run at (0,0) width 537: "The exact same thing should happen when the given height for the row is too small:"
      RenderTable {TABLE} at (0,2045.44) size 293x124
        RenderTableSection {TBODY} at (0,0) size 293x124
          RenderTableRow {TR} at (0,2) size 293x120
            RenderTableCell {TD} at (2,38) size 35x20 [border: (1px solid #000000)] [r=0 c=0 rs=1 cs=1]
              RenderText {#text} at (2,2) size 31x16
                text run at (2,2) width 31: "Data"
            RenderTableCell {TD} at (39,2) size 125x84 [border: (1px solid #000000)] [r=0 c=1 rs=1 cs=1]
              RenderInline {SPAN} at (0,0) size 121x64
                RenderText {#text} at (2,2) size 121x64
                  text run at (2,2) width 121: "Data"
              RenderBR {BR} at (122,38) size 1x16
              RenderText {#text} at (2,66) size 31x16
                text run at (2,66) width 31: "Data"
            RenderTableCell {TD} at (166,38) size 125x84 [border: (1px solid #000000)] [r=0 c=2 rs=1 cs=1]
              RenderText {#text} at (2,2) size 31x16
                text run at (2,2) width 31: "Data"
              RenderBR {BR} at (32,2) size 1x16
              RenderInline {SPAN} at (0,0) size 121x64
                RenderText {#text} at (2,18) size 121x64
                  text run at (2,18) width 121: "Data"
      RenderBlock {P} at (0,2185.44) size 769x32
        RenderText {#text} at (0,0) size 757x32
          text run at (0,0) width 757: "Padding should also be able to increase the height (here the first cell has 20px padding-top and the second has 20px of"
          text run at (0,16) width 112: "padding-bottom):"
      RenderTable {TABLE} at (0,2233.44) size 113x43
        RenderTableSection {TBODY} at (0,0) size 113x43
          RenderTableRow {TR} at (0,2) size 113x39
            RenderTableCell {TD} at (2,2) size 35x39 [border: (1px solid #000000)] [r=0 c=0 rs=1 cs=1]
              RenderText {#text} at (2,21) size 31x16
                text run at (2,21) width 31: "Data"
            RenderTableCell {TD} at (39,2) size 35x39 [border: (1px solid #000000)] [r=0 c=1 rs=1 cs=1]
              RenderText {#text} at (2,2) size 31x16
                text run at (2,2) width 31: "Data"
            RenderTableCell {TD} at (76,11) size 35x20 [border: (1px solid #000000)] [r=0 c=2 rs=1 cs=1]
              RenderText {#text} at (2,2) size 31x16
                text run at (2,2) width 31: "Data"
      RenderTable {TABLE} at (0,2276.44) size 113x43
        RenderTableSection {TBODY} at (0,0) size 113x43
          RenderTableRow {TR} at (0,2) size 113x39
            RenderTableCell {TD} at (2,2) size 35x39 [border: (1px solid #000000)] [r=0 c=0 rs=1 cs=1]
              RenderText {#text} at (2,21) size 31x16
                text run at (2,21) width 31: "Data"
            RenderTableCell {TD} at (39,2) size 35x39 [border: (1px solid #000000)] [r=0 c=1 rs=1 cs=1]
              RenderText {#text} at (2,2) size 31x16
                text run at (2,2) width 31: "Data"
            RenderTableCell {TD} at (76,11) size 35x20 [border: (1px solid #000000)] [r=0 c=2 rs=1 cs=1]
              RenderText {#text} at (2,2) size 31x16
                text run at (2,2) width 31: "Data"
      RenderBlock {P} at (0,2335.44) size 769x32
        RenderText {#text} at (0,0) size 765x32
          text run at (0,0) width 489: "These two tables should be 200px tall, because of a height on the table row. "
          text run at (488,0) width 277: "The second one should have its second and"
          text run at (0,16) width 452: "third cell's contents offset from the middle by 10px (bottom, then top):"
      RenderTable {TABLE} at (0,2383.44) size 293x204
        RenderTableSection {TBODY} at (0,0) size 293x204
          RenderTableRow {TR} at (0,2) size 293x200
            RenderTableCell {TD} at (2,38) size 35x20 [border: (1px solid #000000)] [r=0 c=0 rs=1 cs=1]
              RenderText {#text} at (2,2) size 31x16
                text run at (2,2) width 31: "Data"
            RenderTableCell {TD} at (39,2) size 125x84 [border: (1px solid #000000)] [r=0 c=1 rs=1 cs=1]
              RenderInline {SPAN} at (0,0) size 121x64
                RenderText {#text} at (2,2) size 121x64
                  text run at (2,2) width 121: "Data"
              RenderBR {BR} at (122,38) size 1x16
              RenderText {#text} at (2,66) size 31x16
                text run at (2,66) width 31: "Data"
            RenderTableCell {TD} at (166,38) size 125x84 [border: (1px solid #000000)] [r=0 c=2 rs=1 cs=1]
              RenderText {#text} at (2,2) size 31x16
                text run at (2,2) width 31: "Data"
              RenderBR {BR} at (32,2) size 1x16
              RenderInline {SPAN} at (0,0) size 121x64
                RenderText {#text} at (2,18) size 121x64
                  text run at (2,18) width 121: "Data"
      RenderTable {TABLE} at (0,2587.44) size 113x204
        RenderTableSection {TBODY} at (0,0) size 113x204
          RenderTableRow {TR} at (0,2) size 113x200
            RenderTableCell {TD} at (2,82) size 35x39 [border: (1px solid #000000)] [r=0 c=0 rs=1 cs=1]
              RenderText {#text} at (2,21) size 31x16
                text run at (2,21) width 31: "Data"
            RenderTableCell {TD} at (39,82) size 35x39 [border: (1px solid #000000)] [r=0 c=1 rs=1 cs=1]
              RenderText {#text} at (2,2) size 31x16
                text run at (2,2) width 31: "Data"
            RenderTableCell {TD} at (76,92) size 35x20 [border: (1px solid #000000)] [r=0 c=2 rs=1 cs=1]
              RenderText {#text} at (2,2) size 31x16
                text run at (2,2) width 31: "Data"
      RenderBlock {P} at (0,2807.44) size 769x32
        RenderText {#text} at (0,0) size 734x32
          text run at (0,0) width 527: "The behavior of percentage heights on table-row or table-row-group is undefined. "
          text run at (526,0) width 208: "However, I think they should be"
          text run at (0,16) width 283: "ignored, so these tables should look normal:"
      RenderTable {TABLE} at (0,2855.44) size 113x68
        RenderTableSection {TBODY} at (0,0) size 113x68
          RenderTableRow {TR} at (0,2) size 113x20
            RenderTableCell {TD} at (2,2) size 35x20 [border: (1px solid #000000)] [r=0 c=0 rs=1 cs=1]
              RenderText {#text} at (2,2) size 31x16
                text run at (2,2) width 31: "Data"
            RenderTableCell {TD} at (39,2) size 35x20 [border: (1px solid #000000)] [r=0 c=1 rs=1 cs=1]
              RenderText {#text} at (2,2) size 31x16
                text run at (2,2) width 31: "Data"
            RenderTableCell {TD} at (76,2) size 35x20 [border: (1px solid #000000)] [r=0 c=2 rs=1 cs=1]
              RenderText {#text} at (2,2) size 31x16
                text run at (2,2) width 31: "Data"
          RenderTableRow {TR} at (0,24) size 113x20
            RenderTableCell {TD} at (2,24) size 35x20 [border: (1px solid #000000)] [r=1 c=0 rs=1 cs=1]
              RenderText {#text} at (2,2) size 31x16
                text run at (2,2) width 31: "Data"
            RenderTableCell {TD} at (39,24) size 35x20 [border: (1px solid #000000)] [r=1 c=1 rs=1 cs=1]
              RenderText {#text} at (2,2) size 31x16
                text run at (2,2) width 31: "Data"
            RenderTableCell {TD} at (76,24) size 35x20 [border: (1px solid #000000)] [r=1 c=2 rs=1 cs=1]
              RenderText {#text} at (2,2) size 31x16
                text run at (2,2) width 31: "Data"
          RenderTableRow {TR} at (0,46) size 113x20
            RenderTableCell {TD} at (2,46) size 35x20 [border: (1px solid #000000)] [r=2 c=0 rs=1 cs=1]
              RenderText {#text} at (2,2) size 31x16
                text run at (2,2) width 31: "Data"
            RenderTableCell {TD} at (39,46) size 35x20 [border: (1px solid #000000)] [r=2 c=1 rs=1 cs=1]
              RenderText {#text} at (2,2) size 31x16
                text run at (2,2) width 31: "Data"
            RenderTableCell {TD} at (76,46) size 35x20 [border: (1px solid #000000)] [r=2 c=2 rs=1 cs=1]
              RenderText {#text} at (2,2) size 31x16
                text run at (2,2) width 31: "Data"
      RenderTable {TABLE} at (0,2923.44) size 113x68
        RenderTableSection {TBODY} at (0,0) size 113x68
          RenderTableRow {TR} at (0,2) size 113x20
            RenderTableCell {TD} at (2,2) size 35x20 [border: (1px solid #000000)] [r=0 c=0 rs=1 cs=1]
              RenderText {#text} at (2,2) size 31x16
                text run at (2,2) width 31: "Data"
            RenderTableCell {TD} at (39,2) size 35x20 [border: (1px solid #000000)] [r=0 c=1 rs=1 cs=1]
              RenderText {#text} at (2,2) size 31x16
                text run at (2,2) width 31: "Data"
            RenderTableCell {TD} at (76,2) size 35x20 [border: (1px solid #000000)] [r=0 c=2 rs=1 cs=1]
              RenderText {#text} at (2,2) size 31x16
                text run at (2,2) width 31: "Data"
          RenderTableRow {TR} at (0,24) size 113x20
            RenderTableCell {TD} at (2,24) size 35x20 [border: (1px solid #000000)] [r=1 c=0 rs=1 cs=1]
              RenderText {#text} at (2,2) size 31x16
                text run at (2,2) width 31: "Data"
            RenderTableCell {TD} at (39,24) size 35x20 [border: (1px solid #000000)] [r=1 c=1 rs=1 cs=1]
              RenderText {#text} at (2,2) size 31x16
                text run at (2,2) width 31: "Data"
            RenderTableCell {TD} at (76,24) size 35x20 [border: (1px solid #000000)] [r=1 c=2 rs=1 cs=1]
              RenderText {#text} at (2,2) size 31x16
                text run at (2,2) width 31: "Data"
          RenderTableRow {TR} at (0,46) size 113x20
            RenderTableCell {TD} at (2,46) size 35x20 [border: (1px solid #000000)] [r=2 c=0 rs=1 cs=1]
              RenderText {#text} at (2,2) size 31x16
                text run at (2,2) width 31: "Data"
            RenderTableCell {TD} at (39,46) size 35x20 [border: (1px solid #000000)] [r=2 c=1 rs=1 cs=1]
              RenderText {#text} at (2,2) size 31x16
                text run at (2,2) width 31: "Data"
            RenderTableCell {TD} at (76,46) size 35x20 [border: (1px solid #000000)] [r=2 c=2 rs=1 cs=1]
              RenderText {#text} at (2,2) size 31x16
                text run at (2,2) width 31: "Data"
      RenderTable {TABLE} at (0,2991.44) size 113x156
        RenderTableSection {THEAD} at (0,0) size 113x46
          RenderTableRow {TR} at (0,2) size 113x20
            RenderTableCell {TD} at (2,2) size 35x20 [border: (1px solid #000000)] [r=0 c=0 rs=1 cs=1]
              RenderText {#text} at (2,2) size 31x16
                text run at (2,2) width 31: "Data"
            RenderTableCell {TD} at (39,2) size 35x20 [border: (1px solid #000000)] [r=0 c=1 rs=1 cs=1]
              RenderText {#text} at (2,2) size 31x16
                text run at (2,2) width 31: "Data"
            RenderTableCell {TD} at (76,2) size 35x20 [border: (1px solid #000000)] [r=0 c=2 rs=1 cs=1]
              RenderText {#text} at (2,2) size 31x16
                text run at (2,2) width 31: "Data"
          RenderTableRow {TR} at (0,24) size 113x20
            RenderTableCell {TD} at (2,24) size 35x20 [border: (1px solid #000000)] [r=1 c=0 rs=1 cs=1]
              RenderText {#text} at (2,2) size 31x16
                text run at (2,2) width 31: "Data"
            RenderTableCell {TD} at (39,24) size 35x20 [border: (1px solid #000000)] [r=1 c=1 rs=1 cs=1]
              RenderText {#text} at (2,2) size 31x16
                text run at (2,2) width 31: "Data"
            RenderTableCell {TD} at (76,24) size 35x20 [border: (1px solid #000000)] [r=1 c=2 rs=1 cs=1]
              RenderText {#text} at (2,2) size 31x16
                text run at (2,2) width 31: "Data"
        RenderTableSection {TFOOT} at (0,112) size 113x44
          RenderTableRow {TR} at (0,0) size 113x20
            RenderTableCell {TD} at (2,0) size 35x20 [border: (1px solid #000000)] [r=0 c=0 rs=1 cs=1]
              RenderText {#text} at (2,2) size 31x16
                text run at (2,2) width 31: "Data"
            RenderTableCell {TD} at (39,0) size 35x20 [border: (1px solid #000000)] [r=0 c=1 rs=1 cs=1]
              RenderText {#text} at (2,2) size 31x16
                text run at (2,2) width 31: "Data"
            RenderTableCell {TD} at (76,0) size 35x20 [border: (1px solid #000000)] [r=0 c=2 rs=1 cs=1]
              RenderText {#text} at (2,2) size 31x16
                text run at (2,2) width 31: "Data"
          RenderTableRow {TR} at (0,22) size 113x20
            RenderTableCell {TD} at (2,22) size 35x20 [border: (1px solid #000000)] [r=1 c=0 rs=1 cs=1]
              RenderText {#text} at (2,2) size 31x16
                text run at (2,2) width 31: "Data"
            RenderTableCell {TD} at (39,22) size 35x20 [border: (1px solid #000000)] [r=1 c=1 rs=1 cs=1]
              RenderText {#text} at (2,2) size 31x16
                text run at (2,2) width 31: "Data"
            RenderTableCell {TD} at (76,22) size 35x20 [border: (1px solid #000000)] [r=1 c=2 rs=1 cs=1]
              RenderText {#text} at (2,2) size 31x16
                text run at (2,2) width 31: "Data"
        RenderTableSection {TBODY} at (0,46) size 113x66
          RenderTableRow {TR} at (0,0) size 113x20
            RenderTableCell {TD} at (2,0) size 35x20 [border: (1px solid #000000)] [r=0 c=0 rs=1 cs=1]
              RenderText {#text} at (2,2) size 31x16
                text run at (2,2) width 31: "Data"
            RenderTableCell {TD} at (39,0) size 35x20 [border: (1px solid #000000)] [r=0 c=1 rs=1 cs=1]
              RenderText {#text} at (2,2) size 31x16
                text run at (2,2) width 31: "Data"
            RenderTableCell {TD} at (76,0) size 35x20 [border: (1px solid #000000)] [r=0 c=2 rs=1 cs=1]
              RenderText {#text} at (2,2) size 31x16
                text run at (2,2) width 31: "Data"
          RenderTableRow {TR} at (0,22) size 113x20
            RenderTableCell {TD} at (2,22) size 35x20 [border: (1px solid #000000)] [r=1 c=0 rs=1 cs=1]
              RenderText {#text} at (2,2) size 31x16
                text run at (2,2) width 31: "Data"
            RenderTableCell {TD} at (39,22) size 35x20 [border: (1px solid #000000)] [r=1 c=1 rs=1 cs=1]
              RenderText {#text} at (2,2) size 31x16
                text run at (2,2) width 31: "Data"
            RenderTableCell {TD} at (76,22) size 35x20 [border: (1px solid #000000)] [r=1 c=2 rs=1 cs=1]
              RenderText {#text} at (2,2) size 31x16
                text run at (2,2) width 31: "Data"
          RenderTableRow {TR} at (0,44) size 113x20
            RenderTableCell {TD} at (2,44) size 35x20 [border: (1px solid #000000)] [r=2 c=0 rs=1 cs=1]
              RenderText {#text} at (2,2) size 31x16
                text run at (2,2) width 31: "Data"
            RenderTableCell {TD} at (39,44) size 35x20 [border: (1px solid #000000)] [r=2 c=1 rs=1 cs=1]
              RenderText {#text} at (2,2) size 31x16
                text run at (2,2) width 31: "Data"
            RenderTableCell {TD} at (76,44) size 35x20 [border: (1px solid #000000)] [r=2 c=2 rs=1 cs=1]
              RenderText {#text} at (2,2) size 31x16
                text run at (2,2) width 31: "Data"
      RenderTable {TABLE} at (0,3147.44) size 113x156
        RenderTableSection {THEAD} at (0,0) size 113x46
          RenderTableRow {TR} at (0,2) size 113x20
            RenderTableCell {TD} at (2,2) size 35x20 [border: (1px solid #000000)] [r=0 c=0 rs=1 cs=1]
              RenderText {#text} at (2,2) size 31x16
                text run at (2,2) width 31: "Data"
            RenderTableCell {TD} at (39,2) size 35x20 [border: (1px solid #000000)] [r=0 c=1 rs=1 cs=1]
              RenderText {#text} at (2,2) size 31x16
                text run at (2,2) width 31: "Data"
            RenderTableCell {TD} at (76,2) size 35x20 [border: (1px solid #000000)] [r=0 c=2 rs=1 cs=1]
              RenderText {#text} at (2,2) size 31x16
                text run at (2,2) width 31: "Data"
          RenderTableRow {TR} at (0,24) size 113x20
            RenderTableCell {TD} at (2,24) size 35x20 [border: (1px solid #000000)] [r=1 c=0 rs=1 cs=1]
              RenderText {#text} at (2,2) size 31x16
                text run at (2,2) width 31: "Data"
            RenderTableCell {TD} at (39,24) size 35x20 [border: (1px solid #000000)] [r=1 c=1 rs=1 cs=1]
              RenderText {#text} at (2,2) size 31x16
                text run at (2,2) width 31: "Data"
            RenderTableCell {TD} at (76,24) size 35x20 [border: (1px solid #000000)] [r=1 c=2 rs=1 cs=1]
              RenderText {#text} at (2,2) size 31x16
                text run at (2,2) width 31: "Data"
        RenderTableSection {TFOOT} at (0,112) size 113x44
          RenderTableRow {TR} at (0,0) size 113x20
            RenderTableCell {TD} at (2,0) size 35x20 [border: (1px solid #000000)] [r=0 c=0 rs=1 cs=1]
              RenderText {#text} at (2,2) size 31x16
                text run at (2,2) width 31: "Data"
            RenderTableCell {TD} at (39,0) size 35x20 [border: (1px solid #000000)] [r=0 c=1 rs=1 cs=1]
              RenderText {#text} at (2,2) size 31x16
                text run at (2,2) width 31: "Data"
            RenderTableCell {TD} at (76,0) size 35x20 [border: (1px solid #000000)] [r=0 c=2 rs=1 cs=1]
              RenderText {#text} at (2,2) size 31x16
                text run at (2,2) width 31: "Data"
          RenderTableRow {TR} at (0,22) size 113x20
            RenderTableCell {TD} at (2,22) size 35x20 [border: (1px solid #000000)] [r=1 c=0 rs=1 cs=1]
              RenderText {#text} at (2,2) size 31x16
                text run at (2,2) width 31: "Data"
            RenderTableCell {TD} at (39,22) size 35x20 [border: (1px solid #000000)] [r=1 c=1 rs=1 cs=1]
              RenderText {#text} at (2,2) size 31x16
                text run at (2,2) width 31: "Data"
            RenderTableCell {TD} at (76,22) size 35x20 [border: (1px solid #000000)] [r=1 c=2 rs=1 cs=1]
              RenderText {#text} at (2,2) size 31x16
                text run at (2,2) width 31: "Data"
        RenderTableSection {TBODY} at (0,46) size 113x66
          RenderTableRow {TR} at (0,0) size 113x20
            RenderTableCell {TD} at (2,0) size 35x20 [border: (1px solid #000000)] [r=0 c=0 rs=1 cs=1]
              RenderText {#text} at (2,2) size 31x16
                text run at (2,2) width 31: "Data"
            RenderTableCell {TD} at (39,0) size 35x20 [border: (1px solid #000000)] [r=0 c=1 rs=1 cs=1]
              RenderText {#text} at (2,2) size 31x16
                text run at (2,2) width 31: "Data"
            RenderTableCell {TD} at (76,0) size 35x20 [border: (1px solid #000000)] [r=0 c=2 rs=1 cs=1]
              RenderText {#text} at (2,2) size 31x16
                text run at (2,2) width 31: "Data"
          RenderTableRow {TR} at (0,22) size 113x20
            RenderTableCell {TD} at (2,22) size 35x20 [border: (1px solid #000000)] [r=1 c=0 rs=1 cs=1]
              RenderText {#text} at (2,2) size 31x16
                text run at (2,2) width 31: "Data"
            RenderTableCell {TD} at (39,22) size 35x20 [border: (1px solid #000000)] [r=1 c=1 rs=1 cs=1]
              RenderText {#text} at (2,2) size 31x16
                text run at (2,2) width 31: "Data"
            RenderTableCell {TD} at (76,22) size 35x20 [border: (1px solid #000000)] [r=1 c=2 rs=1 cs=1]
              RenderText {#text} at (2,2) size 31x16
                text run at (2,2) width 31: "Data"
          RenderTableRow {TR} at (0,44) size 113x20
            RenderTableCell {TD} at (2,44) size 35x20 [border: (1px solid #000000)] [r=2 c=0 rs=1 cs=1]
              RenderText {#text} at (2,2) size 31x16
                text run at (2,2) width 31: "Data"
            RenderTableCell {TD} at (39,44) size 35x20 [border: (1px solid #000000)] [r=2 c=1 rs=1 cs=1]
              RenderText {#text} at (2,2) size 31x16
                text run at (2,2) width 31: "Data"
            RenderTableCell {TD} at (76,44) size 35x20 [border: (1px solid #000000)] [r=2 c=2 rs=1 cs=1]
              RenderText {#text} at (2,2) size 31x16
                text run at (2,2) width 31: "Data"
      RenderBlock {P} at (0,3319.44) size 769x16
        RenderText {#text} at (0,0) size 498x16
          text run at (0,0) width 498: "The following table should look normal, since very small heights get ignored:"
      RenderTable {TABLE} at (0,3351.44) size 113x24
        RenderTableSection {TBODY} at (0,0) size 113x24
          RenderTableRow {TR} at (0,2) size 113x20
            RenderTableCell {TD} at (2,2) size 35x20 [border: (1px solid #000000)] [r=0 c=0 rs=1 cs=1]
              RenderText {#text} at (2,2) size 31x16
                text run at (2,2) width 31: "Data"
            RenderTableCell {TD} at (39,2) size 35x20 [border: (1px solid #000000)] [r=0 c=1 rs=1 cs=1]
              RenderText {#text} at (2,2) size 31x16
                text run at (2,2) width 31: "Data"
            RenderTableCell {TD} at (76,2) size 35x20 [border: (1px solid #000000)] [r=0 c=2 rs=1 cs=1]
              RenderText {#text} at (2,2) size 31x16
                text run at (2,2) width 31: "Data"
      RenderBlock {P} at (0,3391.44) size 769x16
        RenderText {#text} at (0,0) size 258x16
          text run at (0,0) width 258: "So should this one, for auto cell heights:"
      RenderTable {TABLE} at (0,3423.44) size 113x24
        RenderTableSection {TBODY} at (0,0) size 113x24
          RenderTableRow {TR} at (0,2) size 113x20
            RenderTableCell {TD} at (2,2) size 35x20 [border: (1px solid #000000)] [r=0 c=0 rs=1 cs=1]
              RenderText {#text} at (2,2) size 31x16
                text run at (2,2) width 31: "Data"
            RenderTableCell {TD} at (39,2) size 35x20 [border: (1px solid #000000)] [r=0 c=1 rs=1 cs=1]
              RenderText {#text} at (2,2) size 31x16
                text run at (2,2) width 31: "Data"
            RenderTableCell {TD} at (76,2) size 35x20 [border: (1px solid #000000)] [r=0 c=2 rs=1 cs=1]
              RenderText {#text} at (2,2) size 31x16
                text run at (2,2) width 31: "Data"
      RenderBlock {P} at (0,3463.44) size 769x16
        RenderText {#text} at (0,0) size 643x16
          text run at (0,0) width 643: "These tables should look the same - all cells should be 100px tall with the text at the top of the cells:"
      RenderTable {TABLE} at (0,3495.44) size 113x108
        RenderTableSection {TBODY} at (0,0) size 113x108
          RenderTableRow {TR} at (0,2) size 113x104
            RenderTableCell {TD} at (2,2) size 35x20 [border: (1px solid #000000)] [r=0 c=0 rs=1 cs=1]
              RenderText {#text} at (2,2) size 31x16
                text run at (2,2) width 31: "Data"
            RenderTableCell {TD} at (39,2) size 35x20 [border: (1px solid #000000)] [r=0 c=1 rs=1 cs=1]
              RenderText {#text} at (2,2) size 31x16
                text run at (2,2) width 31: "Data"
            RenderTableCell {TD} at (76,2) size 35x20 [border: (1px solid #000000)] [r=0 c=2 rs=1 cs=1]
              RenderText {#text} at (2,2) size 31x16
                text run at (2,2) width 31: "Data"
      RenderTable {TABLE} at (0,3603.44) size 113x108
        RenderTableSection {TBODY} at (0,0) size 113x108
          RenderTableRow {TR} at (0,2) size 113x104
            RenderTableCell {TD} at (2,44) size 35x20 [border: (1px solid #000000)] [r=0 c=0 rs=1 cs=1]
              RenderText {#text} at (2,2) size 31x16
                text run at (2,2) width 31: "Data"
            RenderTableCell {TD} at (39,44) size 35x20 [border: (1px solid #000000)] [r=0 c=1 rs=1 cs=1]
              RenderText {#text} at (2,2) size 31x16
                text run at (2,2) width 31: "Data"
            RenderTableCell {TD} at (76,44) size 35x20 [border: (1px solid #000000)] [r=0 c=2 rs=1 cs=1]
              RenderText {#text} at (2,2) size 31x16
                text run at (2,2) width 31: "Data"
      RenderTable {TABLE} at (0,3711.44) size 113x108
        RenderTableSection {TBODY} at (0,0) size 113x108
          RenderTableRow {TR} at (0,2) size 113x104
            RenderTableCell {TD} at (2,2) size 35x20 [border: (1px solid #000000)] [r=0 c=0 rs=1 cs=1]
              RenderText {#text} at (2,2) size 31x16
                text run at (2,2) width 31: "Data"
            RenderTableCell {TD} at (39,2) size 35x20 [border: (1px solid #000000)] [r=0 c=1 rs=1 cs=1]
              RenderText {#text} at (2,2) size 31x16
                text run at (2,2) width 31: "Data"
            RenderTableCell {TD} at (76,2) size 35x20 [border: (1px solid #000000)] [r=0 c=2 rs=1 cs=1]
              RenderText {#text} at (2,2) size 31x16
                text run at (2,2) width 31: "Data"
      RenderTable {TABLE} at (0,3819.44) size 113x108
        RenderTableSection {TBODY} at (0,0) size 113x108
          RenderTableRow {TR} at (0,2) size 113x104
            RenderTableCell {TD} at (2,2) size 35x20 [border: (1px solid #000000)] [r=0 c=0 rs=1 cs=1]
              RenderText {#text} at (2,2) size 31x16
                text run at (2,2) width 31: "Data"
            RenderTableCell {TD} at (39,2) size 35x20 [border: (1px solid #000000)] [r=0 c=1 rs=1 cs=1]
              RenderText {#text} at (2,2) size 31x16
                text run at (2,2) width 31: "Data"
            RenderTableCell {TD} at (76,2) size 35x20 [border: (1px solid #000000)] [r=0 c=2 rs=1 cs=1]
              RenderText {#text} at (2,2) size 31x16
                text run at (2,2) width 31: "Data"
      RenderBlock {P} at (0,3943.44) size 769x16
        RenderText {#text} at (0,0) size 730x16
          text run at (0,0) width 730: "In these four tables, the text should be 20px lower each cell, but should otherwise look like the above three tables:"
      RenderTable {TABLE} at (0,3975.44) size 109x108
        RenderTableSection {TBODY} at (0,0) size 109x108
          RenderTableRow {TR} at (0,2) size 109x104
            RenderTableCell {TD} at (2,2) size 35x20 [border: (1px solid #000000)] [r=0 c=0 rs=1 cs=1]
              RenderText {#text} at (2,2) size 31x16
                text run at (2,2) width 31: "Data"
            RenderTableCell {TD} at (39,2) size 33x58 [border: (1px solid #000000)] [r=0 c=1 rs=1 cs=1]
              RenderText {#text} at (1,21) size 31x16
                text run at (1,21) width 31: "Data"
            RenderTableCell {TD} at (74,2) size 33x98 [border: (1px solid #000000)] [r=0 c=2 rs=1 cs=1]
              RenderText {#text} at (1,41) size 31x16
                text run at (1,41) width 31: "Data"
      RenderTable {TABLE} at (0,4083.44) size 109x108
        RenderTableSection {TBODY} at (0,0) size 109x108
          RenderTableRow {TR} at (0,2) size 109x104
            RenderTableCell {TD} at (2,2) size 35x20 [border: (1px solid #000000)] [r=0 c=0 rs=1 cs=1]
              RenderText {#text} at (2,2) size 31x16
                text run at (2,2) width 31: "Data"
            RenderTableCell {TD} at (39,2) size 33x38 [border: (1px solid #000000)] [r=0 c=1 rs=1 cs=1]
              RenderText {#text} at (1,21) size 31x16
                text run at (1,21) width 31: "Data"
            RenderTableCell {TD} at (74,2) size 33x58 [border: (1px solid #000000)] [r=0 c=2 rs=1 cs=1]
              RenderText {#text} at (1,41) size 31x16
                text run at (1,41) width 31: "Data"
      RenderTable {TABLE} at (0,4191.44) size 109x108
        RenderTableSection {TBODY} at (0,0) size 109x108
          RenderTableRow {TR} at (0,2) size 109x104
            RenderTableCell {TD} at (2,44) size 35x20 [border: (1px solid #000000)] [r=0 c=0 rs=1 cs=1]
              RenderText {#text} at (2,2) size 31x16
                text run at (2,2) width 31: "Data"
            RenderTableCell {TD} at (39,25) size 33x58 [border: (1px solid #000000)] [r=0 c=1 rs=1 cs=1]
              RenderText {#text} at (1,21) size 31x16
                text run at (1,21) width 31: "Data"
            RenderTableCell {TD} at (74,5) size 33x98 [border: (1px solid #000000)] [r=0 c=2 rs=1 cs=1]
              RenderText {#text} at (1,41) size 31x16
                text run at (1,41) width 31: "Data"
      RenderTable {TABLE} at (0,4299.44) size 113x108
        RenderTableSection {TBODY} at (0,0) size 113x108
          RenderTableRow {TR} at (0,2) size 113x104
            RenderTableCell {TD} at (2,44) size 35x20 [border: (1px solid #000000)] [r=0 c=0 rs=1 cs=1]
              RenderText {#text} at (2,2) size 31x16
                text run at (2,2) width 31: "Data"
            RenderTableCell {TD} at (39,44) size 35x20 [border: (1px solid #000000)] [r=0 c=1 rs=1 cs=1]
              RenderText {#text} at (2,2) size 31x16
                text run at (2,2) width 31: "Data"
            RenderTableCell {TD} at (76,44) size 35x20 [border: (1px solid #000000)] [r=0 c=2 rs=1 cs=1]
              RenderText {#text} at (2,2) size 31x16
                text run at (2,2) width 31: "Data"
      RenderBlock {P} at (0,4423.44) size 769x16
        RenderText {#text} at (0,0) size 378x16
          text run at (0,0) width 378: "These should have the text 40px from the top in every cell:"
      RenderTable {TABLE} at (0,4455.44) size 109x107
        RenderTableSection {TBODY} at (0,0) size 109x107
          RenderTableRow {TR} at (0,2) size 109x103
            RenderTableCell {TD} at (2,41) size 35x20 [border: (1px solid #000000)] [r=0 c=0 rs=1 cs=1]
              RenderText {#text} at (2,2) size 31x16
                text run at (2,2) width 31: "Data"
            RenderTableCell {TD} at (39,22) size 33x58 [border: (1px solid #000000)] [r=0 c=1 rs=1 cs=1]
              RenderText {#text} at (1,21) size 31x16
                text run at (1,21) width 31: "Data"
            RenderTableCell {TD} at (74,2) size 33x98 [border: (1px solid #000000)] [r=0 c=2 rs=1 cs=1]
              RenderText {#text} at (1,41) size 31x16
                text run at (1,41) width 31: "Data"
      RenderTable {TABLE} at (0,4562.44) size 109x106
        RenderTableSection {TBODY} at (0,0) size 109x106
          RenderTableRow {TR} at (0,2) size 109x102
            RenderTableCell {TD} at (2,41) size 35x20 [border: (1px solid #000000)] [r=0 c=0 rs=1 cs=1]
              RenderText {#text} at (2,2) size 31x16
                text run at (2,2) width 31: "Data"
            RenderTableCell {TD} at (39,22) size 33x38 [border: (1px solid #000000)] [r=0 c=1 rs=1 cs=1]
              RenderText {#text} at (1,21) size 31x16
                text run at (1,21) width 31: "Data"
            RenderTableCell {TD} at (74,2) size 33x58 [border: (1px solid #000000)] [r=0 c=2 rs=1 cs=1]
              RenderText {#text} at (1,41) size 31x16
                text run at (1,41) width 31: "Data"
      RenderTable {TABLE} at (0,4668.44) size 109x106
        RenderTableSection {TBODY} at (0,0) size 109x106
          RenderTableRow {TR} at (0,2) size 109x102
            RenderTableCell {TD} at (2,43) size 35x20 [border: (1px solid #000000)] [r=0 c=0 rs=1 cs=1]
              RenderText {#text} at (2,2) size 31x16
                text run at (2,2) width 31: "Data"
            RenderTableCell {TD} at (39,24) size 33x58 [border: (1px solid #000000)] [r=0 c=1 rs=1 cs=1]
              RenderText {#text} at (1,21) size 31x16
                text run at (1,21) width 31: "Data"
            RenderTableCell {TD} at (74,4) size 33x98 [border: (1px solid #000000)] [r=0 c=2 rs=1 cs=1]
              RenderText {#text} at (1,41) size 31x16
                text run at (1,41) width 31: "Data"
      RenderTable {TABLE} at (0,4774.44) size 109x106
        RenderTableSection {TBODY} at (0,0) size 109x106
          RenderTableRow {TR} at (0,2) size 109x102
            RenderTableCell {TD} at (2,84) size 35x20 [border: (1px solid #000000)] [r=0 c=0 rs=1 cs=1]
              RenderText {#text} at (2,2) size 31x16
                text run at (2,2) width 31: "Data"
            RenderTableCell {TD} at (39,46) size 33x58 [border: (1px solid #000000)] [r=0 c=1 rs=1 cs=1]
              RenderText {#text} at (1,21) size 31x16
                text run at (1,21) width 31: "Data"
            RenderTableCell {TD} at (74,6) size 33x98 [border: (1px solid #000000)] [r=0 c=2 rs=1 cs=1]
              RenderText {#text} at (1,41) size 31x16
                text run at (1,41) width 31: "Data"
      RenderTable {TABLE} at (0,4880.44) size 109x68
        RenderTableSection {TBODY} at (0,0) size 109x68
          RenderTableRow {TR} at (0,2) size 109x64
            RenderTableCell {TD} at (2,46) size 35x20 [border: (1px solid #000000)] [r=0 c=0 rs=1 cs=1]
              RenderText {#text} at (2,2) size 31x16
                text run at (2,2) width 31: "Data"
            RenderTableCell {TD} at (39,28) size 33x38 [border: (1px solid #000000)] [r=0 c=1 rs=1 cs=1]
              RenderText {#text} at (1,1) size 31x16
                text run at (1,1) width 31: "Data"
            RenderTableCell {TD} at (74,8) size 33x58 [border: (1px solid #000000)] [r=0 c=2 rs=1 cs=1]
              RenderText {#text} at (1,1) size 31x16
                text run at (1,1) width 31: "Data"
      RenderBlock {P} at (0,4964.44) size 769x32
        RenderText {#text} at (0,0) size 767x32
          text run at (0,0) width 767: "In each of the following tables, three of the cells should have the same baseline of the first line, and the three so marked"
          text run at (0,16) width 275: "should be aligned top, middle, and bottom:"
      RenderTable {TABLE} at (0,5012.44) size 464x104
        RenderTableSection {TBODY} at (0,0) size 464x104
          RenderTableRow {TR} at (0,2) size 464x100
            RenderTableCell {TD} at (2,62) size 35x20 [border: (1px solid #000000)] [r=0 c=0 rs=1 cs=1]
              RenderText {#text} at (2,2) size 31x16
                text run at (2,2) width 31: "Data"
            RenderTableCell {TD} at (39,38) size 95x52 [border: (1px solid #000000)] [r=0 c=1 rs=1 cs=1]
              RenderText {#text} at (2,2) size 91x48
                text run at (2,2) width 91: "Data"
            RenderTableCell {TD} at (136,2) size 186x100 [border: (1px solid #000000)] [r=0 c=2 rs=1 cs=1]
              RenderText {#text} at (2,2) size 182x96
                text run at (2,2) width 182: "Data"
            RenderTableCell {TD} at (324,2) size 30x20 [border: (1px solid #000000)] [r=0 c=3 rs=1 cs=1]
              RenderText {#text} at (2,2) size 26x16
                text run at (2,2) width 26: "Top"
            RenderTableCell {TD} at (356,42) size 51x20 [border: (1px solid #000000)] [r=0 c=4 rs=1 cs=1]
              RenderText {#text} at (2,2) size 47x16
                text run at (2,2) width 47: "Middle"
            RenderTableCell {TD} at (409,82) size 53x20 [border: (1px solid #000000)] [r=0 c=5 rs=1 cs=1]
              RenderText {#text} at (2,2) size 49x16
                text run at (2,2) width 49: "Bottom"
      RenderTable {TABLE} at (0,5116.44) size 464x104
        RenderTableSection {TBODY} at (0,0) size 464x104
          RenderTableRow {TR} at (0,2) size 464x100
            RenderTableCell {TD} at (2,2) size 30x20 [border: (1px solid #000000)] [r=0 c=0 rs=1 cs=1]
              RenderText {#text} at (2,2) size 26x16
                text run at (2,2) width 26: "Top"
            RenderTableCell {TD} at (34,42) size 51x20 [border: (1px solid #000000)] [r=0 c=1 rs=1 cs=1]
              RenderText {#text} at (2,2) size 47x16
                text run at (2,2) width 47: "Middle"
            RenderTableCell {TD} at (87,82) size 53x20 [border: (1px solid #000000)] [r=0 c=2 rs=1 cs=1]
              RenderText {#text} at (2,2) size 49x16
                text run at (2,2) width 49: "Bottom"
            RenderTableCell {TD} at (142,2) size 186x100 [border: (1px solid #000000)] [r=0 c=3 rs=1 cs=1]
              RenderText {#text} at (2,2) size 182x96
                text run at (2,2) width 182: "Data"
            RenderTableCell {TD} at (330,62) size 35x20 [border: (1px solid #000000)] [r=0 c=4 rs=1 cs=1]
              RenderText {#text} at (2,2) size 31x16
                text run at (2,2) width 31: "Data"
            RenderTableCell {TD} at (367,38) size 95x52 [border: (1px solid #000000)] [r=0 c=5 rs=1 cs=1]
              RenderText {#text} at (2,2) size 91x48
                text run at (2,2) width 91: "Data"
      RenderTable {TABLE} at (0,5220.44) size 464x104
        RenderTableSection {TBODY} at (0,0) size 464x104
          RenderTableRow {TR} at (0,2) size 464x100
            RenderTableCell {TD} at (2,2) size 186x100 [border: (1px solid #000000)] [r=0 c=0 rs=1 cs=1]
              RenderText {#text} at (2,2) size 182x96
                text run at (2,2) width 182: "Data"
            RenderTableCell {TD} at (190,2) size 30x20 [border: (1px solid #000000)] [r=0 c=1 rs=1 cs=1]
              RenderText {#text} at (2,2) size 26x16
                text run at (2,2) width 26: "Top"
            RenderTableCell {TD} at (222,42) size 51x20 [border: (1px solid #000000)] [r=0 c=2 rs=1 cs=1]
              RenderText {#text} at (2,2) size 47x16
                text run at (2,2) width 47: "Middle"
            RenderTableCell {TD} at (275,62) size 35x20 [border: (1px solid #000000)] [r=0 c=3 rs=1 cs=1]
              RenderText {#text} at (2,2) size 31x16
                text run at (2,2) width 31: "Data"
            RenderTableCell {TD} at (312,82) size 53x20 [border: (1px solid #000000)] [r=0 c=4 rs=1 cs=1]
              RenderText {#text} at (2,2) size 49x16
                text run at (2,2) width 49: "Bottom"
            RenderTableCell {TD} at (367,38) size 95x52 [border: (1px solid #000000)] [r=0 c=5 rs=1 cs=1]
              RenderText {#text} at (2,2) size 91x48
                text run at (2,2) width 91: "Data"
      RenderTable {TABLE} at (0,5324.44) size 464x104
        RenderTableSection {TBODY} at (0,0) size 464x104
          RenderTableRow {TR} at (0,2) size 464x100
            RenderTableCell {TD} at (2,2) size 30x20 [border: (1px solid #000000)] [r=0 c=0 rs=1 cs=1]
              RenderText {#text} at (2,2) size 26x16
                text run at (2,2) width 26: "Top"
            RenderTableCell {TD} at (34,62) size 35x20 [border: (1px solid #000000)] [r=0 c=1 rs=1 cs=1]
              RenderText {#text} at (2,2) size 31x16
                text run at (2,2) width 31: "Data"
            RenderTableCell {TD} at (71,38) size 95x52 [border: (1px solid #000000)] [r=0 c=2 rs=1 cs=1]
              RenderText {#text} at (2,2) size 91x48
                text run at (2,2) width 91: "Data"
            RenderTableCell {TD} at (168,42) size 51x20 [border: (1px solid #000000)] [r=0 c=3 rs=1 cs=1]
              RenderText {#text} at (2,2) size 47x16
                text run at (2,2) width 47: "Middle"
            RenderTableCell {TD} at (221,82) size 53x20 [border: (1px solid #000000)] [r=0 c=4 rs=1 cs=1]
              RenderText {#text} at (2,2) size 49x16
                text run at (2,2) width 49: "Bottom"
            RenderTableCell {TD} at (276,2) size 186x100 [border: (1px solid #000000)] [r=0 c=5 rs=1 cs=1]
              RenderText {#text} at (2,2) size 182x96
                text run at (2,2) width 182: "Data"
      RenderTable {TABLE} at (0,5428.44) size 464x104
        RenderTableSection {TBODY} at (0,0) size 464x104
          RenderTableRow {TR} at (0,2) size 464x100
            RenderTableCell {TD} at (2,2) size 30x20 [border: (1px solid #000000)] [r=0 c=0 rs=1 cs=1]
              RenderText {#text} at (2,2) size 26x16
                text run at (2,2) width 26: "Top"
            RenderTableCell {TD} at (34,38) size 95x52 [border: (1px solid #000000)] [r=0 c=1 rs=1 cs=1]
              RenderText {#text} at (2,2) size 91x48
                text run at (2,2) width 91: "Data"
            RenderTableCell {TD} at (131,82) size 53x20 [border: (1px solid #000000)] [r=0 c=2 rs=1 cs=1]
              RenderText {#text} at (2,2) size 49x16
                text run at (2,2) width 49: "Bottom"
            RenderTableCell {TD} at (186,62) size 35x20 [border: (1px solid #000000)] [r=0 c=3 rs=1 cs=1]
              RenderText {#text} at (2,2) size 31x16
                text run at (2,2) width 31: "Data"
            RenderTableCell {TD} at (223,2) size 186x100 [border: (1px solid #000000)] [r=0 c=4 rs=1 cs=1]
              RenderText {#text} at (2,2) size 182x96
                text run at (2,2) width 182: "Data"
            RenderTableCell {TD} at (411,42) size 51x20 [border: (1px solid #000000)] [r=0 c=5 rs=1 cs=1]
              RenderText {#text} at (2,2) size 47x16
                text run at (2,2) width 47: "Middle"
      RenderBlock {HR} at (0,5540.44) size 769x2 [border: (1px inset #EEEEEE)]
      RenderBlock {P} at (0,5558.44) size 769x35
        RenderInline {A} at (0,0) size 88x16 [color=#0000EE]
          RenderImage {IMG} at (0,0) size 88x31
      RenderBlock {P} at (0,5609.44) size 769x16
        RenderText {#text} at (0,0) size 59x16
          text run at (0,0) width 59: "(Back to "
        RenderInline {A} at (0,0) size 162x16 [color=#0000EE]
          RenderText {#text} at (58,0) size 162x16
            text run at (58,0) width 162: "CSS Testing Information"
        RenderText {#text} at (219,0) size 9x16
          text run at (219,0) width 9: ", "
        RenderInline {A} at (0,0) size 83x16 [color=#0000EE]
          RenderText {#text} at (227,0) size 83x16
            text run at (227,0) width 83: "David Baron"
        RenderText {#text} at (309,0) size 7x16
          text run at (309,0) width 7: ")"
      RenderBlock {P} at (0,5641.44) size 769x16
        RenderInline {A} at (0,0) size 32x16 [color=#0000EE]
          RenderText {#text} at (0,0) size 32x16
            text run at (0,0) width 32: "LDB"
        RenderText {#text} at (32,0) size 8x16
          text run at (32,0) width 8: ", "
        RenderInline {A} at (0,0) size 158x16 [color=#0000EE]
          RenderText {#text} at (40,0) size 158x16
            text run at (40,0) width 158: "dbaron@fas.harvard.edu"
