layer at (0,0) size 785x1644
  RenderView at (0,0) size 785x600
layer at (0,0) size 785x1644
  RenderBlock {HTML} at (0,0) size 785x1644
    RenderBody {BODY} at (0,0) size 785x1644 [bgcolor=#53799F]
      RenderBlock {CENTER} at (0,0) size 785x1644
        RenderBlock (anonymous) at (0,0) size 785x16
          RenderBR {BR} at (392,0) size 1x16
        RenderTable {TABLE} at (20,16) size 745x1612 [border: (1px solid #000000)]
          RenderTableSection {TBODY} at (1,1) size 743x1610
            RenderTableRow {TR} at (0,0) size 743x18
              RenderTableCell {TD} at (0,0) size 743x18 [bgcolor=#3F5694] [border: (1px solid #000000)] [r=0 c=0 rs=1 cs=1]
                RenderText {#text} at (353,1) size 37x16
                  text run at (353,1) width 37: "News"
            RenderTableRow {TR} at (0,18) size 743x34
              RenderTableCell {TD} at (0,18) size 743x34 [border: (1px solid #000000)] [r=1 c=0 rs=1 cs=1]
                RenderInline {B} at (0,0) size 99x16
                  RenderText {#text} at (322,1) size 99x16
                    text run at (322,1) width 99: "11. M\x{E4}rz 2002"
                RenderBR {BR} at (420,13) size 1x0
                RenderText {#text} at (52,17) size 639x16
                  text run at (52,17) width 501: "nun gibt es auch eine kommerzielle Version vom PopUp-Manager, mehr Info "
                  text run at (552,17) width 139: "unter komerz. Scripte"
            RenderTableRow {TR} at (0,52) size 743x34
              RenderTableCell {TD} at (0,52) size 743x34 [border: (1px solid #000000)] [r=2 c=0 rs=1 cs=1]
                RenderInline {B} at (0,0) size 95x16
                  RenderText {#text} at (324,1) size 95x16
                    text run at (324,1) width 95: "09.M\x{E4}rz 2002"
                  RenderBR {BR} at (418,13) size 1x0
                RenderText {#text} at (164,17) size 415x16
                  text run at (164,17) width 415: "neues Script ist online, PopUp-Manager, mehr Info unter Scripte"
            RenderTableRow {TR} at (0,86) size 743x34
              RenderTableCell {TD} at (0,86) size 743x34 [border: (1px solid #000000)] [r=3 c=0 rs=1 cs=1]
                RenderText {#text} at (307,1) size 129x16
                  text run at (307,1) width 129: "17. November 2001"
                RenderBR {BR} at (435,13) size 1x0
                RenderText {#text} at (286,17) size 171x16
                  text run at (286,17) width 171: "Endlich wieder Online! :-)"
            RenderTableRow {TR} at (0,120) size 743x146
              RenderTableCell {TD} at (0,120) size 743x146 [border: (1px solid #000000)] [r=4 c=0 rs=1 cs=1]
                RenderText {#text} at (275,1) size 193x16
                  text run at (275,1) width 193: "23. Oktober 2001 (21:00 Uhr)"
                RenderBR {BR} at (467,13) size 1x0
                RenderText {#text} at (314,17) size 115x16
                  text run at (314,17) width 115: "Es ist vollbracht! "
                RenderBR {BR} at (428,29) size 1x0
                RenderText {#text} at (210,33) size 323x16
                  text run at (210,33) width 323: "Ich habe nun den .htaccess-BUG bei den Scripten:"
                RenderBR {BR} at (532,45) size 1x0
                RenderText {#text} at (107,49) size 529x16
                  text run at (107,49) width 529: "The Real Topsites, Sponsor Manager, Download Manager und Password Manager"
                RenderBR {BR} at (635,61) size 1x0
                RenderText {#text} at (123,65) size 497x16
                  text run at (123,65) width 437: "abgeschafft, brauchte 2 Tage daf\x{FC}r, dabei lag der Fehler vor meiner "
                  text run at (559,65) width 61: "Nase ! :-)"
                RenderBR {BR} at (619,77) size 1x0
                RenderText {#text} at (2,81) size 739x64
                  text run at (2,81) width 384: "F\x{FC}r Euch hei\x{DF}t es, wenn Ihr eines der Scripte benutzt, ladet "
                  text run at (385,81) width 356: "Euch die admin.cgi runter und vereinbart unbedingt ein"
                  text run at (4,97) width 112: "neues Password! "
                  text run at (115,97) width 461: "Au\x{DF}erdem wurde bei der Toplist die Sache mit dem Button Load/Klick "
                  text run at (575,97) width 164: "um programmiert, f\x{FC}r die"
                  text run at (9,113) width 311: "Leute die den Button Load/Klick Modus haben, "
                  text run at (319,113) width 415: "Ihr m\x{FC}st Euch auch die topsites.cgi laden und im Admin Bereich"
                  text run at (193,129) width 38: "unter "
                  text run at (230,129) width 320: "Modus unten die URL zu Eurem Button angeben!"
            RenderTableRow {TR} at (0,266) size 743x34
              RenderTableCell {TD} at (0,266) size 743x34 [border: (1px solid #000000)] [r=5 c=0 rs=1 cs=1]
                RenderText {#text} at (315,1) size 113x16
                  text run at (315,1) width 113: "22. Oktober 2001"
                RenderBR {BR} at (427,13) size 1x0
                RenderText {#text} at (128,17) size 487x16
                  text run at (128,17) width 439: "Download-Bereich ist vorrerst geschlo\x{DF}en, kommen Sie bitte sp\x{E4}ter "
                  text run at (566,17) width 49: "wieder."
            RenderTableRow {TR} at (0,300) size 743x50
              RenderTableCell {TD} at (0,300) size 743x50 [border: (1px solid #000000)] [r=6 c=0 rs=1 cs=1]
                RenderText {#text} at (275,1) size 193x16
                  text run at (275,1) width 193: "21. Oktober 2001 (22:45 Uhr)"
                RenderBR {BR} at (467,13) size 1x0
                RenderText {#text} at (31,17) size 681x32
                  text run at (31,17) width 417: "OK, sorry f\x{FC}r die Unannehmlichkeiten, aber Ihr m\x{FC}sst Euch nun "
                  text run at (447,17) width 265: "noch mal die Scripte runter laden und die"
                  text run at (41,33) width 211: "admin.cgi erneuern, hier kommt "
                  text run at (251,33) width 451: "noch das Password-Manager-Script dazu, sollte jetzt alles sicher sein! "
                RenderBR {BR} at (0,0) size 0x0
            RenderTableRow {TR} at (0,350) size 743x98
              RenderTableCell {TD} at (0,350) size 743x98 [border: (1px solid #000000)] [r=7 c=0 rs=1 cs=1]
                RenderText {#text} at (275,1) size 193x16
                  text run at (275,1) width 193: "21. Oktober 2001 (20:50 Uhr)"
                RenderBR {BR} at (467,13) size 1x0
                RenderText {#text} at (175,17) size 393x16
                  text run at (175,17) width 393: "An alle Leute die follgende Scripte von G5-Scripts benutzen:"
                RenderBR {BR} at (567,29) size 1x0
                RenderText {#text} at (187,33) size 369x16
                  text run at (187,33) width 369: "The Real Topsites, Download Counter, Sponsor Manager"
                RenderBR {BR} at (555,45) size 1x0
                RenderText {#text} at (28,49) size 687x16
                  text run at (28,49) width 476: "bitte noch ein mal runter laden und die admin.cgi erneuern, beim Sponsor "
                  text run at (503,49) width 212: "Manager kommt noch eine Datei"
                RenderBR {BR} at (714,61) size 1x0
                RenderText {#text} at (312,65) size 119x16
                  text run at (312,65) width 119: "'variable.pl' dazu!!"
                RenderBR {BR} at (430,77) size 1x0
                RenderText {#text} at (78,81) size 587x16
                  text run at (78,81) width 481: "Der Grund : man hat festgestellt das .htaccess Password Schutz doch nicht "
                  text run at (558,81) width 107: "das sicherste ist!"
            RenderTableRow {TR} at (0,448) size 743x162
              RenderTableCell {TD} at (0,448) size 743x162 [border: (1px solid #000000)] [r=8 c=0 rs=1 cs=1]
                RenderBlock {P} at (1,1) size 741x112
                  RenderText {#text} at (314,0) size 113x16
                    text run at (314,0) width 113: "13. Oktober 2001"
                  RenderBR {BR} at (426,12) size 1x0
                  RenderText {#text} at (84,16) size 573x16
                    text run at (84,16) width 493: "Ich habe es nun endlich geschafft das Gateway bei der Toplist mit IP-Sperre "
                    text run at (576,16) width 81: "zu versehen,"
                  RenderBR {BR} at (656,28) size 1x0
                  RenderText {#text} at (4,32) size 733x16
                    text run at (4,32) width 451: "dabei war der Fehler den ich vorher nicht verstand eine simple Sache, "
                    text run at (454,32) width 283: "h\x{E4}tte ich doch ein wenig mehr nachgedacht!"
                  RenderBR {BR} at (736,44) size 1x0
                  RenderText {#text} at (6,48) size 729x64
                    text run at (6,48) width 437: "Des weiteren habe ich noch die Datensicherung umgeschrieben, f\x{FC}r "
                    text run at (442,48) width 293: "alle die Listen deren Hits ab und zu mal auf 0"
                    text run at (17,64) width 143: "gesetzt werden, sollte "
                    text run at (159,64) width 465: "jetzt nicht mehr passieren und ich habe noch den Mail Versand aus dem "
                    text run at (623,64) width 101: "Admin-Bereich"
                    text run at (21,80) width 356: "umgeschrieben und zwar wurde fr\x{FC}her der Text immer "
                    text run at (376,80) width 344: "zusammen gequetscht, die Enters wurden so zu sagen"
                    text run at (286,96) width 95: "ignoriert, jetzt "
                    text run at (380,96) width 75: "nicht mehr!"
                RenderBlock {P} at (1,129) size 741x32
                  RenderText {#text} at (2,0) size 737x32
                    text run at (2,0) width 380: ">> F\x{FC}r alle die das Script vor dem 11.10.01 runter geladen "
                    text run at (381,0) width 358: "haben, Ihr solltet es Euch noch mal runter laden und die"
                    text run at (138,16) width 122: "folgenden Dateien "
                    text run at (259,16) width 344: "durch die neuen ersetzen: topsites.cgi und admin.cgi ."
            RenderTableRow {TR} at (0,610) size 743x34
              RenderTableCell {TD} at (0,610) size 743x34 [border: (1px solid #000000)] [r=9 c=0 rs=1 cs=1]
                RenderText {#text} at (315,1) size 113x16
                  text run at (315,1) width 113: "11. Oktober 2001"
                RenderBR {BR} at (427,13) size 1x0
                RenderText {#text} at (124,17) size 495x16
                  text run at (124,17) width 495: "neues Script ist online, .htaccess-Password-Manager, mehr Info unter Scripte"
            RenderTableRow {TR} at (0,644) size 743x34
              RenderTableCell {TD} at (0,644) size 743x34 [border: (1px solid #000000)] [r=10 c=0 rs=1 cs=1]
                RenderText {#text} at (307,1) size 129x16
                  text run at (307,1) width 129: "08. September 2001"
                RenderBR {BR} at (435,13) size 1x0
                RenderText {#text} at (202,17) size 339x16
                  text run at (202,17) width 339: "Eine neu Version des Download Counters ist online!"
            RenderTableRow {TR} at (0,678) size 743x50
              RenderTableCell {TD} at (0,678) size 743x50 [border: (1px solid #000000)] [r=11 c=0 rs=1 cs=1]
                RenderText {#text} at (318,1) size 107x16
                  text run at (318,1) width 107: "11. August 2001"
                RenderBR {BR} at (424,13) size 1x0
                RenderText {#text} at (32,17) size 679x16
                  text run at (32,17) width 454: "Ich habe so eben eine random.cgi f\x{FC}r den Topsites Script geschrieben. "
                  text run at (485,17) width 226: "Die random.cgi f\x{FC}hrt den Besucher"
                RenderBR {BR} at (710,29) size 1x0
                RenderText {#text} at (257,33) size 229x16
                  text run at (257,33) width 229: "auf eine zuf\x{E4}llig ausgew\x{E4}hlte Seite."
            RenderTableRow {TR} at (0,728) size 743x50
              RenderTableCell {TD} at (0,728) size 743x50 [border: (1px solid #000000)] [r=12 c=0 rs=1 cs=1]
                RenderText {#text} at (318,1) size 107x16
                  text run at (318,1) width 107: "08. August 2001"
                RenderBR {BR} at (424,13) size 1x0
                RenderText {#text} at (98,17) size 547x16
                  text run at (98,17) width 471: "Ich schreibe gerade eine neue Version von dem Download Counter, bitte "
                  text run at (568,17) width 77: "schreibt mir"
                RenderBR {BR} at (644,29) size 1x0
                RenderText {#text} at (190,33) size 363x16
                  text run at (190,33) width 363: "ins Forum was Ihr da alles haben wollt, wer das benutzt!"
            RenderTableRow {TR} at (0,778) size 743x50
              RenderTableCell {TD} at (0,778) size 743x50 [border: (1px solid #000000)] [r=13 c=0 rs=1 cs=1]
                RenderText {#text} at (329,1) size 85x16
                  text run at (329,1) width 85: "09. Juli 2001"
                RenderBR {BR} at (413,13) size 1x0
                RenderText {#text} at (15,17) size 713x32
                  text run at (15,17) width 459: "eine kleiner Bug in der Topsites.cgi wurde behoben! Wer m\x{F6}chte kann "
                  text run at (473,17) width 255: "sich die jetzige Zip runter laden und die"
                  text run at (184,33) width 176: "topsites.cgi auktualisieren, "
                  text run at (359,33) width 200: "mu\x{DF} aber nicht unbedingt sein!"
            RenderTableRow {TR} at (0,828) size 743x50
              RenderTableCell {TD} at (0,828) size 743x50 [border: (1px solid #000000)] [r=14 c=0 rs=1 cs=1]
                RenderText {#text} at (329,1) size 85x16
                  text run at (329,1) width 85: "01. Juli 2001"
                RenderBR {BR} at (413,13) size 1x0
                RenderText {#text} at (84,17) size 575x16
                  text run at (84,17) width 508: "Jetzt haben wir einen Support Forum, postet Eure Fragen da rein und versuche "
                  text run at (591,17) width 68: "Sie alle zu"
                RenderBR {BR} at (658,29) size 1x0
                RenderText {#text} at (58,33) size 627x16
                  text run at (58,33) width 399: "beantworten! Au\x{DF}erdem k\x{F6}nnt Ihr dort auch Eure Vorschl\x{E4}ge "
                  text run at (456,33) width 229: "zu den einzelnen Scripten abgeben!"
            RenderTableRow {TR} at (0,878) size 743x50
              RenderTableCell {TD} at (0,878) size 743x50 [border: (1px solid #000000)] [r=15 c=0 rs=1 cs=1]
                RenderText {#text} at (329,1) size 85x16
                  text run at (329,1) width 85: "01. Juli 2001"
                RenderBR {BR} at (413,13) size 1x0
                RenderText {#text} at (112,17) size 519x16
                  text run at (112,17) width 493: "Und wieder eine neue Version von The Real Topsites ist online, die Version "
                  text run at (604,17) width 27: "3.4!"
                RenderBR {BR} at (630,29) size 1x0
                RenderText {#text} at (148,33) size 447x16
                  text run at (148,33) width 447: "Es gibt einige neue Funktionen und es wurde auch einiges verbessert!"
            RenderTableRow {TR} at (0,928) size 743x50
              RenderTableCell {TD} at (0,928) size 743x50 [border: (1px solid #000000)] [r=16 c=0 rs=1 cs=1]
                RenderText {#text} at (328,1) size 87x16
                  text run at (328,1) width 87: "20. Juni 2001"
                RenderBR {BR} at (414,13) size 1x0
                RenderText {#text} at (126,17) size 491x16
                  text run at (126,17) width 459: "unser Hoster hat ein paar kleine Probleme also sollte irgend was an der "
                  text run at (584,17) width 33: "Seite"
                RenderBR {BR} at (616,29) size 1x0
                RenderText {#text} at (246,33) size 251x16
                  text run at (246,33) width 251: "nicht gehen, einfach wieder versuchen!"
            RenderTableRow {TR} at (0,978) size 743x82
              RenderTableCell {TD} at (0,978) size 743x82 [border: (1px solid #000000)] [r=17 c=0 rs=1 cs=1]
                RenderText {#text} at (328,1) size 87x16
                  text run at (328,1) width 87: "09. Juni 2001"
                RenderBR {BR} at (414,13) size 1x0
                RenderText {#text} at (88,17) size 567x16
                  text run at (88,17) width 456: "Die neue Version (3.3) von The Real Topsites ist online, es gibt einige "
                  text run at (543,17) width 112: "neue Funktionen "
                RenderBR {BR} at (654,29) size 1x0
                RenderText {#text} at (252,33) size 239x16
                  text run at (252,33) width 239: "und es wurde auch einiges ver\x{E4}ndert!"
                RenderBR {BR} at (490,45) size 1x0
                RenderText {#text} at (239,49) size 265x16
                  text run at (239,49) width 265: "Mehr Info unter \"Perl Scripte\" im Men\x{FC}. "
                RenderBR {BR} at (503,61) size 1x0
                RenderText {#text} at (155,65) size 433x16
                  text run at (155,65) width 433: "P.S. den Umstieg auf die Version3.3 kann ich Euch nur empfehlen!"
            RenderTableRow {TR} at (0,1060) size 743x66
              RenderTableCell {TD} at (0,1060) size 743x66 [border: (1px solid #000000)] [r=18 c=0 rs=1 cs=1]
                RenderText {#text} at (328,1) size 87x16
                  text run at (328,1) width 87: "04. Juni 2001"
                RenderBR {BR} at (414,13) size 1x0
                RenderText {#text} at (138,17) size 467x16
                  text run at (138,17) width 467: "Ein kleiner Bug bei Topsites Script wurde gefunden und sofort behoben!"
                RenderBR {BR} at (604,29) size 1x0
                RenderText {#text} at (144,33) size 455x16
                  text run at (144,33) width 455: "Bug: es wurde immer wieder die selbe Site Of The Moment angezeigt!"
                RenderBR {BR} at (598,45) size 1x0
                RenderText {#text} at (147,49) size 449x16
                  text run at (147,49) width 444: "Ladet Euch die jetzige Version runter und ersetzt nur die topsites.cgi "
                  text run at (590,49) width 6: "!"
            RenderTableRow {TR} at (0,1126) size 743x50
              RenderTableCell {TD} at (0,1126) size 743x50 [border: (1px solid #000000)] [r=19 c=0 rs=1 cs=1]
                RenderText {#text} at (328,1) size 87x16
                  text run at (328,1) width 87: "01. Juni 2001"
                RenderBR {BR} at (414,13) size 1x0
                RenderText {#text} at (215,17) size 313x16
                  text run at (215,17) width 313: "Ein neues Script ist online! G5-ICQ Newsletter. "
                RenderBR {BR} at (527,29) size 1x0
                RenderText {#text} at (241,33) size 261x16
                  text run at (241,33) width 261: "Mehr Info unter \"Perl Scripte\" im Men\x{FC}."
            RenderTableRow {TR} at (0,1176) size 743x50
              RenderTableCell {TD} at (0,1176) size 743x50 [border: (1px solid #000000)] [r=20 c=0 rs=1 cs=1]
                RenderText {#text} at (328,1) size 87x16
                  text run at (328,1) width 87: "31. Mai 2001"
                RenderBR {BR} at (414,13) size 1x0
                RenderText {#text} at (159,17) size 425x16
                  text run at (159,17) width 425: "Ich habe einen ICQ-Newsletter Script installiert, unter dem Men\x{FC}."
                RenderBR {BR} at (583,29) size 1x0
                RenderText {#text} at (179,33) size 385x16
                  text run at (179,33) width 385: "Tragt Euch ein, dann seit Ihr immer auf dem neusten Stand!"
            RenderTableRow {TR} at (0,1226) size 743x34
              RenderTableCell {TD} at (0,1226) size 743x34 [border: (1px solid #000000)] [r=21 c=0 rs=1 cs=1]
                RenderText {#text} at (328,1) size 87x16
                  text run at (328,1) width 87: "26. Mai 2001"
                RenderBR {BR} at (414,13) size 1x0
                RenderText {#text} at (263,17) size 217x16
                  text run at (263,17) width 217: "The Real Topsites v3.0 ist online!"
            RenderTableRow {TR} at (0,1260) size 743x50
              RenderTableCell {TD} at (0,1260) size 743x50 [border: (1px solid #000000)] [r=22 c=0 rs=1 cs=1]
                RenderText {#text} at (328,1) size 87x16
                  text run at (328,1) width 87: "25. Mai 2001"
                RenderBR {BR} at (414,13) size 1x0
                RenderText {#text} at (207,17) size 329x16
                  text run at (207,17) width 329: "Ein neues Script ist online! G5-Download Counter."
                RenderBR {BR} at (535,29) size 1x0
                RenderText {#text} at (241,33) size 261x16
                  text run at (241,33) width 261: "Mehr Info unter \"Perl Scripte\" im Men\x{FC}."
            RenderTableRow {TR} at (0,1310) size 743x82
              RenderTableCell {TD} at (0,1310) size 743x82 [border: (1px solid #000000)] [r=23 c=0 rs=1 cs=1]
                RenderText {#text} at (328,1) size 87x16
                  text run at (328,1) width 87: "24. Mai 2001"
                RenderBR {BR} at (414,13) size 1x0
                RenderText {#text} at (117,17) size 509x16
                  text run at (117,17) width 432: "Ich habe es mir sehr lange \x{FC}berlegt, die Entscheidung war wirklich "
                  text run at (548,17) width 78: "nicht leicht!"
                RenderBR {BR} at (625,29) size 1x0
                RenderText {#text} at (92,33) size 559x16
                  text run at (92,33) width 409: "Ich habe mich entschieden den Script \"The Real Topsites\" zum "
                  text run at (500,33) width 151: "Download freizugeben."
                RenderBR {BR} at (650,45) size 1x0
                RenderText {#text} at (223,49) size 297x16
                  text run at (223,49) width 297: "Ihr k\x{F6}nnt es Euch jetzt kostenlos runter laden!"
                RenderBR {BR} at (519,61) size 1x0
                RenderText {#text} at (316,65) size 111x16
                  text run at (316,65) width 111: "Viel Spa\x{DF} damit!"
            RenderTableRow {TR} at (0,1392) size 743x50
              RenderTableCell {TD} at (0,1392) size 743x50 [border: (1px solid #000000)] [r=24 c=0 rs=1 cs=1]
                RenderText {#text} at (328,1) size 87x16
                  text run at (328,1) width 87: "13. Mai 2001"
                RenderBR {BR} at (414,13) size 1x0
                RenderText {#text} at (2,17) size 739x32
                  text run at (2,17) width 472: "Es gab nur eine kleine Ver\x{E4}nderung bei G5-Sponsor-Manager, man kann "
                  text run at (473,17) width 268: "den Script jetzt auch via Java aufrufen, so"
                  text run at (64,33) width 173: "das Euer Server jetzt nicht "
                  text run at (236,33) width 372: "unbedingt SSI unterst\x{FC}tzen mu\x{DF} um den Script ausf\x{FC}hren "
                  text run at (607,33) width 72: "zu k\x{F6}nnen!"
            RenderTableRow {TR} at (0,1442) size 743x50
              RenderTableCell {TD} at (0,1442) size 743x50 [border: (1px solid #000000)] [r=25 c=0 rs=1 cs=1]
                RenderText {#text} at (324,1) size 95x16
                  text run at (324,1) width 95: "22. April 2001"
                RenderBR {BR} at (418,13) size 1x0
                RenderText {#text} at (211,17) size 321x16
                  text run at (211,17) width 321: "Ein neues Script ist online! G5-Sponsor-Manager."
                RenderBR {BR} at (531,29) size 1x0
                RenderText {#text} at (241,33) size 261x16
                  text run at (241,33) width 261: "Mehr Info unter \"Perl Scripte\" im Men\x{FC}."
            RenderTableRow {TR} at (0,1492) size 743x66
              RenderTableCell {TD} at (0,1492) size 743x66 [border: (1px solid #000000)] [r=26 c=0 rs=1 cs=1]
                RenderText {#text} at (324,1) size 95x16
                  text run at (324,1) width 95: "20. April 2001"
                RenderBR {BR} at (418,13) size 1x0
                RenderText {#text} at (195,17) size 353x16
                  text run at (195,17) width 353: "Auf einige Anfragen habe ich eine Demonstration von "
                RenderBR {BR} at (547,29) size 1x0
                RenderText {#text} at (207,33) size 329x16
                  text run at (207,33) width 329: "\"The Real Topsites\" (Toplist Script) ver\x{F6}ffentlicht!"
                RenderBR {BR} at (535,45) size 1x0
                RenderText {#text} at (241,49) size 261x16
                  text run at (241,49) width 261: "Mehr Info unter \"Perl Scripte\" im Men\x{FC}."
            RenderTableRow {TR} at (0,1558) size 743x34
              RenderTableCell {TD} at (0,1558) size 743x34 [border: (1px solid #000000)] [r=27 c=0 rs=1 cs=1]
                RenderText {#text} at (324,1) size 95x16
                  text run at (324,1) width 95: "13. M\x{E4}rz 2001"
                RenderBR {BR} at (418,13) size 1x0
                RenderText {#text} at (226,17) size 291x16
                  text run at (226,17) width 291: "An diesem Tag ging die G5-Script.de online!"
            RenderTableRow {TR} at (0,1592) size 743x18
              RenderTableCell {TD} at (0,1592) size 743x18 [border: (1px solid #000000)] [r=28 c=0 rs=1 cs=1]
                RenderText {#text} at (369,1) size 5x16
                  text run at (369,1) width 5: " "
        RenderBlock (anonymous) at (0,1628) size 785x16
          RenderBR {BR} at (392,0) size 1x16
