layer at (0,0) size 800x600
  RenderView at (0,0) size 800x600
layer at (0,0) size 800x600
  RenderBlock {HTML} at (0,0) size 800x600
    RenderBody {BODY} at (8,8) size 784x584
      RenderTable {TABLE} at (0,0) size 149x66 [border: (1px outset #808080)]
        RenderTableSection {TBODY} at (1,1) size 147x64
          RenderTableRow {TR} at (0,2) size 147x20
            RenderTableCell {TD} at (2,2) size 143x20 [border: (1px inset #808080)] [r=0 c=0 rs=1 cs=1]
              RenderText {#text} at (2,2) size 113x16
                text run at (2,2) width 113: "cell of outer table"
          RenderTableRow {TR} at (0,24) size 147x38
            RenderTableCell {TD} at (2,24) size 143x38 [border: (1px inset #808080)] [r=1 c=0 rs=1 cs=1]
              RenderTable {TABLE} at (2,2) size 139x34 [border: (5px outset #808080)]
                RenderTableSection {TBODY} at (5,5) size 129x24
                  RenderTableRow {TR} at (0,2) size 129x20
                    RenderTableCell {TD} at (2,2) size 125x20 [border: (1px inset #808080)] [r=0 c=0 rs=1 cs=1]
                      RenderText {#text} at (2,2) size 121x16
                        text run at (2,2) width 121: "cell of nested table"
      RenderBlock (anonymous) at (0,66) size 784x16
        RenderBR {BR} at (0,0) size 0x16
      RenderBlock {HR} at (0,90) size 202x2 [border: (1px inset #EEEEEE)]
      RenderBlock (anonymous) at (0,100) size 784x16
        RenderText {#text} at (0,0) size 220x16
          text run at (0,0) width 220: "nested table width includes border"
      RenderTable {TABLE} at (0,116) size 204x48 [border: (1px outset #808080)]
        RenderTableSection {TBODY} at (1,1) size 202x46
          RenderTableRow {TR} at (0,0) size 202x46
            RenderTableCell {TD} at (0,0) size 202x46 [border: (1px inset #808080)] [r=0 c=0 rs=1 cs=1]
              RenderTable {TABLE} at (1,1) size 200x44 [border: (10px outset #808080)]
                RenderTableSection {TBODY} at (10,10) size 180x24
                  RenderTableRow {TR} at (0,2) size 180x20
                    RenderTableCell {TD} at (2,2) size 176x20 [border: (1px inset #808080)] [r=0 c=0 rs=1 cs=1]
                      RenderText {#text} at (2,2) size 104x16
                        text run at (2,2) width 104: "200 nested table"
      RenderBlock (anonymous) at (0,164) size 784x32
        RenderBR {BR} at (0,0) size 0x16
        RenderText {#text} at (0,16) size 220x16
          text run at (0,16) width 220: "nested table width includes border"
      RenderTable {TABLE} at (0,196) size 140x48 [border: (1px outset #808080)]
        RenderTableSection {TBODY} at (1,1) size 138x46
          RenderTableRow {TR} at (0,0) size 138x46
            RenderTableCell {TD} at (0,0) size 138x46 [border: (1px inset #808080)] [r=0 c=0 rs=1 cs=1]
              RenderTable {TABLE} at (1,1) size 136x44 [border: (10px outset #808080)]
                RenderTableSection {TBODY} at (10,10) size 116x24
                  RenderTableRow {TR} at (0,2) size 116x20
                    RenderTableCell {TD} at (2,2) size 112x20 [border: (1px inset #808080)] [r=0 c=0 rs=1 cs=1]
                      RenderText {#text} at (2,2) size 108x16
                        text run at (2,2) width 108: "auto nested table"
      RenderBlock (anonymous) at (0,244) size 784x32
        RenderBR {BR} at (0,0) size 0x16
        RenderText {#text} at (0,16) size 220x16
          text run at (0,16) width 220: "nested table width includes border"
      RenderTable {TABLE} at (0,276) size 784x28 [border: (5px outset #808080)]
        RenderTableSection {TBODY} at (5,5) size 774x18
          RenderTableRow {TR} at (0,0) size 774x18
            RenderTableCell {TD} at (0,0) size 774x18 [border: (1px inset #808080)] [r=0 c=0 rs=1 cs=1]
              RenderText {#text} at (1,1) size 113x16
                text run at (1,1) width 113: "100% width table"
      RenderBlock (anonymous) at (0,304) size 784x32
        RenderBR {BR} at (0,0) size 0x16
        RenderText {#text} at (0,16) size 220x16
          text run at (0,16) width 220: "nested table width includes border"
      RenderTable {TABLE} at (0,336) size 150x48 [border: (1px outset #808080)]
        RenderTableSection {TBODY} at (1,1) size 148x46
          RenderTableRow {TR} at (0,0) size 148x46
            RenderTableCell {TD} at (0,0) size 148x46 [border: (1px inset #808080)] [r=0 c=0 rs=1 cs=1]
              RenderTable {TABLE} at (1,1) size 146x44 [border: (10px outset #808080)]
                RenderTableSection {TBODY} at (10,10) size 126x24
                  RenderTableRow {TR} at (0,2) size 126x20
                    RenderTableCell {TD} at (2,2) size 122x20 [border: (1px inset #808080)] [r=0 c=0 rs=1 cs=1]
                      RenderText {#text} at (2,2) size 118x16
                        text run at (2,2) width 118: "100% nested table"
