layer at (0,0) size 785x1813
  RenderView at (0,0) size 785x600
layer at (0,0) size 785x1813
  RenderBlock {HTML} at (0,0) size 785x1813
    RenderBody {BODY} at (8,8) size 769x584
      RenderText {#text} at (0,0) size 22x16
        text run at (0,0) width 22: "foo"
      RenderTable {TABLE} at (653,0) size 116x1805
        RenderTableSection {TBODY} at (0,0) size 116x1805
          RenderTableRow {TR} at (0,2) size 116x998
            RenderTableCell {TD} at (2,2) size 112x66 [r=0 c=0 rs=1 cs=1]
              RenderBR {BR} at (1,1) size 0x16
              RenderText {#text} at (1,17) size 103x48
                text run at (1,17) width 85: "Create a cool"
                text run at (1,33) width 103: "home page with"
                text run at (1,49) width 20: "the"
          RenderTableRow {TR} at (0,1002) size 116x801
            RenderTableCell {TD} at (2,1002) size 112x50 [r=1 c=0 rs=1 cs=1]
              RenderBR {BR} at (1,1) size 0x16
              RenderText {#text} at (1,17) size 96x32
                text run at (1,17) width 91: "Get organized"
                text run at (1,33) width 96: "online with the"
      RenderText {#text} at (0,0) size 0x0
