layer at (0,0) size 808x600
  RenderView at (0,0) size 800x600
layer at (0,0) size 800x600
  RenderBlock {HTML} at (0,0) size 800x600
    RenderBody {BODY} at (8,8) size 784x584
      RenderTable {TABLE} at (0,0) size 800x584 [border: (1px outset #808080)]
        RenderTableSection {TBODY} at (1,1) size 798x582
          RenderTableRow {TR} at (0,2) size 798x578
            RenderTableCell {TD} at (2,2) size 794x578 [border: (1px inset #808080)] [r=0 c=0 rs=1 cs=1]
              RenderTable {TABLE} at (2,2) size 790x574 [border: (1px outset #808080)]
                RenderTableSection {TBODY} at (1,1) size 788x572
                  RenderTableRow {TR} at (0,2) size 788x568
                    RenderTableCell {TD} at (2,2) size 784x568 [border: (1px inset #808080)] [r=0 c=0 rs=1 cs=1]
layer at (18,18) size 790x564
  RenderPartObject {IFRAME} at (2,2) size 790x564 [border: (5px solid #0000FF)]
    layer at (0,0) size 765x1660
      RenderView at (0,0) size 765x554
    layer at (0,0) size 765x1660
      RenderBlock {HTML} at (0,0) size 765x1660
        RenderBody {BODY} at (0,0) size 765x1660 [bgcolor=#53799F]
          RenderBlock {CENTER} at (0,0) size 765x1660
            RenderBlock (anonymous) at (0,0) size 765x16
              RenderBR {BR} at (382,0) size 1x16
            RenderTable {TABLE} at (19.50,16) size 726x1628 [border: (1px solid #000000)]
              RenderTableSection {TBODY} at (1,1) size 724x1626
                RenderTableRow {TR} at (0,0) size 724x18
                  RenderTableCell {TD} at (0,0) size 724x18 [bgcolor=#3F5694] [border: (1px solid #000000)] [r=0 c=0 rs=1 cs=1]
                    RenderText {#text} at (343,1) size 38x16
                      text run at (343,1) width 38: "News"
                RenderTableRow {TR} at (0,18) size 724x34
                  RenderTableCell {TD} at (0,18) size 724x34 [border: (1px solid #000000)] [r=1 c=0 rs=1 cs=1]
                    RenderInline {B} at (0,0) size 98x16
                      RenderText {#text} at (313,1) size 98x16
                        text run at (313,1) width 98: "11. M\x{E4}rz 2002"
                    RenderBR {BR} at (410,13) size 1x0
                    RenderText {#text} at (42,17) size 640x16
                      text run at (42,17) width 502: "nun gibt es auch eine kommerzielle Version vom PopUp-Manager, mehr Info "
                      text run at (543,17) width 139: "unter komerz. Scripte"
                RenderTableRow {TR} at (0,52) size 724x34
                  RenderTableCell {TD} at (0,52) size 724x34 [border: (1px solid #000000)] [r=2 c=0 rs=1 cs=1]
                    RenderInline {B} at (0,0) size 94x16
                      RenderText {#text} at (315,1) size 94x16
                        text run at (315,1) width 94: "09.M\x{E4}rz 2002"
                      RenderBR {BR} at (408,13) size 1x0
                    RenderText {#text} at (154,17) size 416x16
                      text run at (154,17) width 416: "neues Script ist online, PopUp-Manager, mehr Info unter Scripte"
                RenderTableRow {TR} at (0,86) size 724x34
                  RenderTableCell {TD} at (0,86) size 724x34 [border: (1px solid #000000)] [r=3 c=0 rs=1 cs=1]
                    RenderText {#text} at (298,1) size 128x16
                      text run at (298,1) width 128: "17. November 2001"
                    RenderBR {BR} at (425,13) size 1x0
                    RenderText {#text} at (277,17) size 170x16
                      text run at (277,17) width 170: "Endlich wieder Online! :-)"
                RenderTableRow {TR} at (0,120) size 724x146
                  RenderTableCell {TD} at (0,120) size 724x146 [border: (1px solid #000000)] [r=4 c=0 rs=1 cs=1]
                    RenderText {#text} at (265,1) size 194x16
                      text run at (265,1) width 194: "23. Oktober 2001 (21:00 Uhr)"
                    RenderBR {BR} at (458,13) size 1x0
                    RenderText {#text} at (305,17) size 114x16
                      text run at (305,17) width 114: "Es ist vollbracht! "
                    RenderBR {BR} at (418,29) size 1x0
                    RenderText {#text} at (200,33) size 324x16
                      text run at (200,33) width 324: "Ich habe nun den .htaccess-BUG bei den Scripten:"
                    RenderBR {BR} at (523,45) size 1x0
                    RenderText {#text} at (98,49) size 528x16
                      text run at (98,49) width 528: "The Real Topsites, Sponsor Manager, Download Manager und Password Manager"
                    RenderBR {BR} at (625,61) size 1x0
                    RenderText {#text} at (113,65) size 498x16
                      text run at (113,65) width 437: "abgeschafft, brauchte 2 Tage daf\x{FC}r, dabei lag der Fehler vor meiner "
                      text run at (549,65) width 62: "Nase ! :-)"
                    RenderBR {BR} at (610,77) size 1x0
                    RenderText {#text} at (5,81) size 718x64
                      text run at (5,81) width 383: "F\x{FC}r Euch hei\x{DF}t es, wenn Ihr eines der Scripte benutzt, ladet "
                      text run at (387,81) width 332: "Euch die admin.cgi runter und vereinbart unbedingt"
                      text run at (6,97) width 136: "ein neues Password! "
                      text run at (141,97) width 461: "Au\x{DF}erdem wurde bei der Toplist die Sache mit dem Button Load/Klick "
                      text run at (601,97) width 117: "um programmiert,"
                      text run at (3,113) width 357: "f\x{FC}r die Leute die den Button Load/Klick Modus haben, "
                      text run at (359,113) width 362: "Ihr m\x{FC}st Euch auch die topsites.cgi laden und im Admin"
                      text run at (156,129) width 92: "Bereich unter "
                      text run at (247,129) width 321: "Modus unten die URL zu Eurem Button angeben!"
                RenderTableRow {TR} at (0,266) size 724x34
                  RenderTableCell {TD} at (0,266) size 724x34 [border: (1px solid #000000)] [r=5 c=0 rs=1 cs=1]
                    RenderText {#text} at (305,1) size 114x16
                      text run at (305,1) width 114: "22. Oktober 2001"
                    RenderBR {BR} at (418,13) size 1x0
                    RenderText {#text} at (119,17) size 486x16
                      text run at (119,17) width 439: "Download-Bereich ist vorrerst geschlo\x{DF}en, kommen Sie bitte sp\x{E4}ter "
                      text run at (557,17) width 48: "wieder."
                RenderTableRow {TR} at (0,300) size 724x50
                  RenderTableCell {TD} at (0,300) size 724x50 [border: (1px solid #000000)] [r=6 c=0 rs=1 cs=1]
                    RenderText {#text} at (265,1) size 194x16
                      text run at (265,1) width 194: "21. Oktober 2001 (22:45 Uhr)"
                    RenderBR {BR} at (458,13) size 1x0
                    RenderText {#text} at (21,17) size 682x32
                      text run at (21,17) width 417: "OK, sorry f\x{FC}r die Unannehmlichkeiten, aber Ihr m\x{FC}sst Euch nun "
                      text run at (437,17) width 266: "noch mal die Scripte runter laden und die"
                      text run at (31,33) width 211: "admin.cgi erneuern, hier kommt "
                      text run at (241,33) width 452: "noch das Password-Manager-Script dazu, sollte jetzt alles sicher sein! "
                    RenderBR {BR} at (0,0) size 0x0
                RenderTableRow {TR} at (0,350) size 724x98
                  RenderTableCell {TD} at (0,350) size 724x98 [border: (1px solid #000000)] [r=7 c=0 rs=1 cs=1]
                    RenderText {#text} at (265,1) size 194x16
                      text run at (265,1) width 194: "21. Oktober 2001 (20:50 Uhr)"
                    RenderBR {BR} at (458,13) size 1x0
                    RenderText {#text} at (166,17) size 392x16
                      text run at (166,17) width 392: "An alle Leute die follgende Scripte von G5-Scripts benutzen:"
                    RenderBR {BR} at (557,29) size 1x0
                    RenderText {#text} at (178,33) size 368x16
                      text run at (178,33) width 368: "The Real Topsites, Download Counter, Sponsor Manager"
                    RenderBR {BR} at (545,45) size 1x0
                    RenderText {#text} at (18,49) size 688x16
                      text run at (18,49) width 477: "bitte noch ein mal runter laden und die admin.cgi erneuern, beim Sponsor "
                      text run at (494,49) width 212: "Manager kommt noch eine Datei"
                    RenderBR {BR} at (705,61) size 1x0
                    RenderText {#text} at (302,65) size 120x16
                      text run at (302,65) width 120: "'variable.pl' dazu!!"
                    RenderBR {BR} at (421,77) size 1x0
                    RenderText {#text} at (68,81) size 588x16
                      text run at (68,81) width 482: "Der Grund : man hat festgestellt das .htaccess Password Schutz doch nicht "
                      text run at (549,81) width 107: "das sicherste ist!"
                RenderTableRow {TR} at (0,448) size 724x178
                  RenderTableCell {TD} at (0,448) size 724x178 [border: (1px solid #000000)] [r=8 c=0 rs=1 cs=1]
                    RenderBlock {P} at (1,1) size 722x128
                      RenderText {#text} at (304,0) size 114x16
                        text run at (304,0) width 114: "13. Oktober 2001"
                      RenderBR {BR} at (417,12) size 1x0
                      RenderText {#text} at (75,16) size 572x16
                        text run at (75,16) width 492: "Ich habe es nun endlich geschafft das Gateway bei der Toplist mit IP-Sperre "
                        text run at (566,16) width 81: "zu versehen,"
                      RenderBR {BR} at (646,28) size 1x0
                      RenderText {#text} at (39,32) size 644x32
                        text run at (39,32) width 451: "dabei war der Fehler den ich vorher nicht verstand eine simple Sache, "
                        text run at (489,32) width 194: "h\x{E4}tte ich doch ein wenig mehr"
                        text run at (318,48) width 86: "nachgedacht!"
                      RenderBR {BR} at (403,60) size 1x0
                      RenderText {#text} at (3,64) size 718x64
                        text run at (3,64) width 437: "Des weiteren habe ich noch die Datensicherung umgeschrieben, f\x{FC}r "
                        text run at (439,64) width 280: "alle die Listen deren Hits ab und zu mal auf"
                        text run at (2,80) width 155: "0 gesetzt werden, sollte "
                        text run at (156,80) width 465: "jetzt nicht mehr passieren und ich habe noch den Mail Versand aus dem "
                        text run at (620,80) width 100: "Admin-Bereich"
                        text run at (12,96) width 355: "umgeschrieben und zwar wurde fr\x{FC}her der Text immer "
                        text run at (366,96) width 344: "zusammen gequetscht, die Enters wurden so zu sagen"
                        text run at (276,112) width 96: "ignoriert, jetzt "
                        text run at (371,112) width 75: "nicht mehr!"
                    RenderBlock {P} at (1,145) size 722x32
                      RenderText {#text} at (4,0) size 714x32
                        text run at (4,0) width 380: ">> F\x{FC}r alle die das Script vor dem 11.10.01 runter geladen "
                        text run at (383,0) width 335: "haben, Ihr solltet es Euch noch mal runter laden und"
                        text run at (116,16) width 147: "die folgenden Dateien "
                        text run at (262,16) width 344: "durch die neuen ersetzen: topsites.cgi und admin.cgi ."
                RenderTableRow {TR} at (0,626) size 724x34
                  RenderTableCell {TD} at (0,626) size 724x34 [border: (1px solid #000000)] [r=9 c=0 rs=1 cs=1]
                    RenderText {#text} at (305,1) size 114x16
                      text run at (305,1) width 114: "11. Oktober 2001"
                    RenderBR {BR} at (418,13) size 1x0
                    RenderText {#text} at (115,17) size 494x16
                      text run at (115,17) width 494: "neues Script ist online, .htaccess-Password-Manager, mehr Info unter Scripte"
                RenderTableRow {TR} at (0,660) size 724x34
                  RenderTableCell {TD} at (0,660) size 724x34 [border: (1px solid #000000)] [r=10 c=0 rs=1 cs=1]
                    RenderText {#text} at (297,1) size 130x16
                      text run at (297,1) width 130: "08. September 2001"
                    RenderBR {BR} at (426,13) size 1x0
                    RenderText {#text} at (193,17) size 338x16
                      text run at (193,17) width 338: "Eine neu Version des Download Counters ist online!"
                RenderTableRow {TR} at (0,694) size 724x50
                  RenderTableCell {TD} at (0,694) size 724x50 [border: (1px solid #000000)] [r=11 c=0 rs=1 cs=1]
                    RenderText {#text} at (308,1) size 108x16
                      text run at (308,1) width 108: "11. August 2001"
                    RenderBR {BR} at (415,13) size 1x0
                    RenderText {#text} at (23,17) size 678x16
                      text run at (23,17) width 453: "Ich habe so eben eine random.cgi f\x{FC}r den Topsites Script geschrieben. "
                      text run at (475,17) width 226: "Die random.cgi f\x{FC}hrt den Besucher"
                    RenderBR {BR} at (700,29) size 1x0
                    RenderText {#text} at (248,33) size 228x16
                      text run at (248,33) width 228: "auf eine zuf\x{E4}llig ausgew\x{E4}hlte Seite."
                RenderTableRow {TR} at (0,744) size 724x50
                  RenderTableCell {TD} at (0,744) size 724x50 [border: (1px solid #000000)] [r=12 c=0 rs=1 cs=1]
                    RenderText {#text} at (308,1) size 108x16
                      text run at (308,1) width 108: "08. August 2001"
                    RenderBR {BR} at (415,13) size 1x0
                    RenderText {#text} at (88,17) size 548x16
                      text run at (88,17) width 471: "Ich schreibe gerade eine neue Version von dem Download Counter, bitte "
                      text run at (558,17) width 78: "schreibt mir"
                    RenderBR {BR} at (635,29) size 1x0
                    RenderText {#text} at (180,33) size 364x16
                      text run at (180,33) width 364: "ins Forum was Ihr da alles haben wollt, wer das benutzt!"
                RenderTableRow {TR} at (0,794) size 724x50
                  RenderTableCell {TD} at (0,794) size 724x50 [border: (1px solid #000000)] [r=13 c=0 rs=1 cs=1]
                    RenderText {#text} at (320,1) size 84x16
                      text run at (320,1) width 84: "09. Juli 2001"
                    RenderBR {BR} at (403,13) size 1x0
                    RenderText {#text} at (5,17) size 714x32
                      text run at (5,17) width 459: "eine kleiner Bug in der Topsites.cgi wurde behoben! Wer m\x{F6}chte kann "
                      text run at (463,17) width 256: "sich die jetzige Zip runter laden und die"
                      text run at (175,33) width 175: "topsites.cgi auktualisieren, "
                      text run at (349,33) width 200: "mu\x{DF} aber nicht unbedingt sein!"
                RenderTableRow {TR} at (0,844) size 724x50
                  RenderTableCell {TD} at (0,844) size 724x50 [border: (1px solid #000000)] [r=14 c=0 rs=1 cs=1]
                    RenderText {#text} at (320,1) size 84x16
                      text run at (320,1) width 84: "01. Juli 2001"
                    RenderBR {BR} at (403,13) size 1x0
                    RenderText {#text} at (75,17) size 574x16
                      text run at (75,17) width 507: "Jetzt haben wir einen Support Forum, postet Eure Fragen da rein und versuche "
                      text run at (581,17) width 68: "Sie alle zu"
                    RenderBR {BR} at (648,29) size 1x0
                    RenderText {#text} at (49,33) size 626x16
                      text run at (49,33) width 399: "beantworten! Au\x{DF}erdem k\x{F6}nnt Ihr dort auch Eure Vorschl\x{E4}ge "
                      text run at (447,33) width 228: "zu den einzelnen Scripten abgeben!"
                RenderTableRow {TR} at (0,894) size 724x50
                  RenderTableCell {TD} at (0,894) size 724x50 [border: (1px solid #000000)] [r=15 c=0 rs=1 cs=1]
                    RenderText {#text} at (320,1) size 84x16
                      text run at (320,1) width 84: "01. Juli 2001"
                    RenderBR {BR} at (403,13) size 1x0
                    RenderText {#text} at (103,17) size 518x16
                      text run at (103,17) width 493: "Und wieder eine neue Version von The Real Topsites ist online, die Version "
                      text run at (595,17) width 26: "3.4!"
                    RenderBR {BR} at (620,29) size 1x0
                    RenderText {#text} at (138,33) size 448x16
                      text run at (138,33) width 448: "Es gibt einige neue Funktionen und es wurde auch einiges verbessert!"
                RenderTableRow {TR} at (0,944) size 724x50
                  RenderTableCell {TD} at (0,944) size 724x50 [border: (1px solid #000000)] [r=16 c=0 rs=1 cs=1]
                    RenderText {#text} at (318,1) size 88x16
                      text run at (318,1) width 88: "20. Juni 2001"
                    RenderBR {BR} at (405,13) size 1x0
                    RenderText {#text} at (116,17) size 492x16
                      text run at (116,17) width 460: "unser Hoster hat ein paar kleine Probleme also sollte irgend was an der "
                      text run at (575,17) width 33: "Seite"
                    RenderBR {BR} at (607,29) size 1x0
                    RenderText {#text} at (236,33) size 252x16
                      text run at (236,33) width 252: "nicht gehen, einfach wieder versuchen!"
                RenderTableRow {TR} at (0,994) size 724x82
                  RenderTableCell {TD} at (0,994) size 724x82 [border: (1px solid #000000)] [r=17 c=0 rs=1 cs=1]
                    RenderText {#text} at (318,1) size 88x16
                      text run at (318,1) width 88: "09. Juni 2001"
                    RenderBR {BR} at (405,13) size 1x0
                    RenderText {#text} at (78,17) size 568x16
                      text run at (78,17) width 457: "Die neue Version (3.3) von The Real Topsites ist online, es gibt einige "
                      text run at (534,17) width 112: "neue Funktionen "
                    RenderBR {BR} at (645,29) size 1x0
                    RenderText {#text} at (242,33) size 240x16
                      text run at (242,33) width 240: "und es wurde auch einiges ver\x{E4}ndert!"
                    RenderBR {BR} at (481,45) size 1x0
                    RenderText {#text} at (229,49) size 266x16
                      text run at (229,49) width 266: "Mehr Info unter \"Perl Scripte\" im Men\x{FC}. "
                    RenderBR {BR} at (494,61) size 1x0
                    RenderText {#text} at (146,65) size 432x16
                      text run at (146,65) width 432: "P.S. den Umstieg auf die Version3.3 kann ich Euch nur empfehlen!"
                RenderTableRow {TR} at (0,1076) size 724x66
                  RenderTableCell {TD} at (0,1076) size 724x66 [border: (1px solid #000000)] [r=18 c=0 rs=1 cs=1]
                    RenderText {#text} at (318,1) size 88x16
                      text run at (318,1) width 88: "04. Juni 2001"
                    RenderBR {BR} at (405,13) size 1x0
                    RenderText {#text} at (129,17) size 466x16
                      text run at (129,17) width 466: "Ein kleiner Bug bei Topsites Script wurde gefunden und sofort behoben!"
                    RenderBR {BR} at (594,29) size 1x0
                    RenderText {#text} at (135,33) size 454x16
                      text run at (135,33) width 454: "Bug: es wurde immer wieder die selbe Site Of The Moment angezeigt!"
                    RenderBR {BR} at (588,45) size 1x0
                    RenderText {#text} at (137,49) size 450x16
                      text run at (137,49) width 445: "Ladet Euch die jetzige Version runter und ersetzt nur die topsites.cgi "
                      text run at (581,49) width 6: "!"
                RenderTableRow {TR} at (0,1142) size 724x50
                  RenderTableCell {TD} at (0,1142) size 724x50 [border: (1px solid #000000)] [r=19 c=0 rs=1 cs=1]
                    RenderText {#text} at (318,1) size 88x16
                      text run at (318,1) width 88: "01. Juni 2001"
                    RenderBR {BR} at (405,13) size 1x0
                    RenderText {#text} at (206,17) size 312x16
                      text run at (206,17) width 312: "Ein neues Script ist online! G5-ICQ Newsletter. "
                    RenderBR {BR} at (517,29) size 1x0
                    RenderText {#text} at (231,33) size 262x16
                      text run at (231,33) width 262: "Mehr Info unter \"Perl Scripte\" im Men\x{FC}."
                RenderTableRow {TR} at (0,1192) size 724x50
                  RenderTableCell {TD} at (0,1192) size 724x50 [border: (1px solid #000000)] [r=20 c=0 rs=1 cs=1]
                    RenderText {#text} at (319,1) size 86x16
                      text run at (319,1) width 86: "31. Mai 2001"
                    RenderBR {BR} at (404,13) size 1x0
                    RenderText {#text} at (150,17) size 424x16
                      text run at (150,17) width 424: "Ich habe einen ICQ-Newsletter Script installiert, unter dem Men\x{FC}."
                    RenderBR {BR} at (573,29) size 1x0
                    RenderText {#text} at (170,33) size 384x16
                      text run at (170,33) width 384: "Tragt Euch ein, dann seit Ihr immer auf dem neusten Stand!"
                RenderTableRow {TR} at (0,1242) size 724x34
                  RenderTableCell {TD} at (0,1242) size 724x34 [border: (1px solid #000000)] [r=21 c=0 rs=1 cs=1]
                    RenderText {#text} at (319,1) size 86x16
                      text run at (319,1) width 86: "26. Mai 2001"
                    RenderBR {BR} at (404,13) size 1x0
                    RenderText {#text} at (253,17) size 218x16
                      text run at (253,17) width 218: "The Real Topsites v3.0 ist online!"
                RenderTableRow {TR} at (0,1276) size 724x50
                  RenderTableCell {TD} at (0,1276) size 724x50 [border: (1px solid #000000)] [r=22 c=0 rs=1 cs=1]
                    RenderText {#text} at (319,1) size 86x16
                      text run at (319,1) width 86: "25. Mai 2001"
                    RenderBR {BR} at (404,13) size 1x0
                    RenderText {#text} at (197,17) size 330x16
                      text run at (197,17) width 330: "Ein neues Script ist online! G5-Download Counter."
                    RenderBR {BR} at (526,29) size 1x0
                    RenderText {#text} at (231,33) size 262x16
                      text run at (231,33) width 262: "Mehr Info unter \"Perl Scripte\" im Men\x{FC}."
                RenderTableRow {TR} at (0,1326) size 724x82
                  RenderTableCell {TD} at (0,1326) size 724x82 [border: (1px solid #000000)] [r=23 c=0 rs=1 cs=1]
                    RenderText {#text} at (319,1) size 86x16
                      text run at (319,1) width 86: "24. Mai 2001"
                    RenderBR {BR} at (404,13) size 1x0
                    RenderText {#text} at (107,17) size 510x16
                      text run at (107,17) width 433: "Ich habe es mir sehr lange \x{FC}berlegt, die Entscheidung war wirklich "
                      text run at (539,17) width 78: "nicht leicht!"
                    RenderBR {BR} at (616,29) size 1x0
                    RenderText {#text} at (82,33) size 560x16
                      text run at (82,33) width 410: "Ich habe mich entschieden den Script \"The Real Topsites\" zum "
                      text run at (491,33) width 151: "Download freizugeben."
                    RenderBR {BR} at (641,45) size 1x0
                    RenderText {#text} at (214,49) size 296x16
                      text run at (214,49) width 296: "Ihr k\x{F6}nnt es Euch jetzt kostenlos runter laden!"
                    RenderBR {BR} at (509,61) size 1x0
                    RenderText {#text} at (307,65) size 110x16
                      text run at (307,65) width 110: "Viel Spa\x{DF} damit!"
                RenderTableRow {TR} at (0,1408) size 724x50
                  RenderTableCell {TD} at (0,1408) size 724x50 [border: (1px solid #000000)] [r=24 c=0 rs=1 cs=1]
                    RenderText {#text} at (319,1) size 86x16
                      text run at (319,1) width 86: "13. Mai 2001"
                    RenderBR {BR} at (404,13) size 1x0
                    RenderText {#text} at (1,17) size 722x32
                      text run at (1,17) width 473: "Es gab nur eine kleine Ver\x{E4}nderung bei G5-Sponsor-Manager, man kann "
                      text run at (473,17) width 250: "den Script jetzt auch via Java aufrufen,"
                      text run at (45,33) width 192: "so das Euer Server jetzt nicht "
                      text run at (236,33) width 372: "unbedingt SSI unterst\x{FC}tzen mu\x{DF} um den Script ausf\x{FC}hren "
                      text run at (607,33) width 72: "zu k\x{F6}nnen!"
                RenderTableRow {TR} at (0,1458) size 724x50
                  RenderTableCell {TD} at (0,1458) size 724x50 [border: (1px solid #000000)] [r=25 c=0 rs=1 cs=1]
                    RenderText {#text} at (315,1) size 94x16
                      text run at (315,1) width 94: "22. April 2001"
                    RenderBR {BR} at (408,13) size 1x0
                    RenderText {#text} at (201,17) size 322x16
                      text run at (201,17) width 322: "Ein neues Script ist online! G5-Sponsor-Manager."
                    RenderBR {BR} at (522,29) size 1x0
                    RenderText {#text} at (231,33) size 262x16
                      text run at (231,33) width 262: "Mehr Info unter \"Perl Scripte\" im Men\x{FC}."
                RenderTableRow {TR} at (0,1508) size 724x66
                  RenderTableCell {TD} at (0,1508) size 724x66 [border: (1px solid #000000)] [r=26 c=0 rs=1 cs=1]
                    RenderText {#text} at (315,1) size 94x16
                      text run at (315,1) width 94: "20. April 2001"
                    RenderBR {BR} at (408,13) size 1x0
                    RenderText {#text} at (186,17) size 352x16
                      text run at (186,17) width 352: "Auf einige Anfragen habe ich eine Demonstration von "
                    RenderBR {BR} at (537,29) size 1x0
                    RenderText {#text} at (197,33) size 330x16
                      text run at (197,33) width 330: "\"The Real Topsites\" (Toplist Script) ver\x{F6}ffentlicht!"
                    RenderBR {BR} at (526,45) size 1x0
                    RenderText {#text} at (231,49) size 262x16
                      text run at (231,49) width 262: "Mehr Info unter \"Perl Scripte\" im Men\x{FC}."
                RenderTableRow {TR} at (0,1574) size 724x34
                  RenderTableCell {TD} at (0,1574) size 724x34 [border: (1px solid #000000)] [r=27 c=0 rs=1 cs=1]
                    RenderText {#text} at (315,1) size 94x16
                      text run at (315,1) width 94: "13. M\x{E4}rz 2001"
                    RenderBR {BR} at (408,13) size 1x0
                    RenderText {#text} at (217,17) size 290x16
                      text run at (217,17) width 290: "An diesem Tag ging die G5-Script.de online!"
                RenderTableRow {TR} at (0,1608) size 724x18
                  RenderTableCell {TD} at (0,1608) size 724x18 [border: (1px solid #000000)] [r=28 c=0 rs=1 cs=1]
                    RenderText {#text} at (360,1) size 4x16
                      text run at (360,1) width 4: " "
            RenderBlock (anonymous) at (0,1644) size 765x16
              RenderBR {BR} at (382,0) size 1x16
