layer at (0,0) size 785x910
  RenderView at (0,0) size 785x600
layer at (0,0) size 785x910
  RenderBlock {HTML} at (0,0) size 785x910
    RenderBody {BODY} at (8,8) size 769x894
      RenderBlock (anonymous) at (0,0) size 769x16
        RenderInline {FONT} at (0,0) size 110x16
          RenderText {#text} at (0,0) size 98x16
            text run at (0,0) width 98: "same line as X "
          RenderInline {A} at (0,0) size 13x16
            RenderText {#text} at (97,0) size 13x16
              text run at (97,0) width 13: "X"
      RenderBlock (anonymous) at (0,16) size 769x26
        RenderTable {TABLE} at (0,0) size 55x26 [border: (1px outset #808080)]
          RenderTableSection {TBODY} at (1,1) size 53x24
            RenderTableRow {TR} at (0,2) size 53x20
              RenderTableCell {TD} at (2,2) size 49x20 [border: (1px inset #808080)] [r=0 c=0 rs=1 cs=1]
                RenderText {#text} at (2,2) size 45x16
                  text run at (2,2) width 45: "table-1"
      RenderBlock (anonymous) at (0,42) size 769x16
        RenderInline {FONT} at (0,0) size 10x16
          RenderInline {A} at (0,0) size 10x16
            RenderText {#text} at (0,0) size 10x16
              text run at (0,0) width 10: "Z"
          RenderInline {FONT} at (0,0) size 1x16
            RenderText {#text} at (0,0) size 0x0
      RenderBlock (anonymous) at (0,66) size 769x2
        RenderBlock {HR} at (0,0) size 769x2 [border: (1px inset #EEEEEE)]
      RenderBlock (anonymous) at (0,76) size 769x16
        RenderInline {FONT} at (0,0) size 110x16
          RenderInline {FONT} at (0,0) size 110x16
            RenderInline {FONT} at (0,0) size 110x16
              RenderInline {A} at (0,0) size 12x16
                RenderText {#text} at (0,0) size 12x16
                  text run at (0,0) width 12: "X"
              RenderText {#text} at (11,0) size 99x16
                text run at (11,0) width 99: " same line as X"
      RenderBlock (anonymous) at (0,92) size 769x26
        RenderTable {TABLE} at (0,0) size 55x26 [border: (1px outset #808080)]
          RenderTableSection {TBODY} at (1,1) size 53x24
            RenderTableRow {TR} at (0,2) size 53x20
              RenderTableCell {TD} at (2,2) size 49x20 [border: (1px inset #808080)] [r=0 c=0 rs=1 cs=1]
                RenderText {#text} at (2,2) size 45x16
                  text run at (2,2) width 45: "table-2"
      RenderBlock (anonymous) at (0,118) size 769x16
        RenderInline {FONT} at (0,0) size 10x16
          RenderInline {FONT} at (0,0) size 10x16
            RenderInline {FONT} at (0,0) size 10x16
              RenderInline {A} at (0,0) size 10x16
                RenderText {#text} at (0,0) size 10x16
                  text run at (0,0) width 10: "Z"
              RenderInline {FONT} at (0,0) size 1x16
                RenderText {#text} at (0,0) size 0x0
      RenderBlock (anonymous) at (0,142) size 769x2
        RenderBlock {HR} at (0,0) size 769x2 [border: (1px inset #EEEEEE)]
      RenderBlock (anonymous) at (0,152) size 769x16
        RenderInline {FONT} at (0,0) size 12x16
          RenderInline {FONT} at (0,0) size 12x16
            RenderInline {FONT} at (0,0) size 12x16
              RenderInline {FONT} at (0,0) size 12x16
                RenderInline {FONT} at (0,0) size 12x16
                  RenderInline {A} at (0,0) size 12x16
                    RenderText {#text} at (0,0) size 12x16
                      text run at (0,0) width 12: "X"
      RenderBlock (anonymous) at (0,168) size 769x26
        RenderTable {TABLE} at (0,0) size 55x26 [border: (1px outset #808080)]
          RenderTableSection {TBODY} at (1,1) size 53x24
            RenderTableRow {TR} at (0,2) size 53x20
              RenderTableCell {TD} at (2,2) size 49x20 [border: (1px inset #808080)] [r=0 c=0 rs=1 cs=1]
                RenderText {#text} at (2,2) size 45x16
                  text run at (2,2) width 45: "table-3"
      RenderBlock (anonymous) at (0,194) size 769x16
        RenderInline {FONT} at (0,0) size 106x16
          RenderInline {FONT} at (0,0) size 106x16
            RenderInline {FONT} at (0,0) size 106x16
              RenderInline {FONT} at (0,0) size 106x16
                RenderInline {FONT} at (0,0) size 106x16
                  RenderText {#text} at (0,0) size 96x16
                    text run at (0,0) width 96: "same line as Z "
                  RenderInline {A} at (0,0) size 11x16
                    RenderText {#text} at (95,0) size 11x16
                      text run at (95,0) width 11: "Z"
                  RenderInline {FONT} at (0,0) size 1x16
                    RenderText {#text} at (0,0) size 0x0
      RenderBlock (anonymous) at (0,218) size 769x2
        RenderBlock {HR} at (0,0) size 769x2 [border: (1px inset #EEEEEE)]
      RenderBlock (anonymous) at (0,228) size 769x16
        RenderInline {FONT} at (0,0) size 104x16
          RenderInline {FONT} at (0,0) size 104x16
            RenderInline {FONT} at (0,0) size 104x16
              RenderInline {FONT} at (0,0) size 104x16
                RenderInline {FONT} at (0,0) size 104x16
                  RenderInline {FONT} at (0,0) size 104x16
                    RenderInline {FONT} at (0,0) size 104x16
                      RenderText {#text} at (0,0) size 104x16
                        text run at (0,0) width 104: "line before table"
      RenderBlock (anonymous) at (0,244) size 769x26
        RenderTable {TABLE} at (0,0) size 55x26 [border: (1px outset #808080)]
          RenderTableSection {TBODY} at (1,1) size 53x24
            RenderTableRow {TR} at (0,2) size 53x20
              RenderTableCell {TD} at (2,2) size 49x20 [border: (1px inset #808080)] [r=0 c=0 rs=1 cs=1]
                RenderText {#text} at (2,2) size 45x16
                  text run at (2,2) width 45: "table-4"
      RenderBlock (anonymous) at (0,270) size 769x16
        RenderInline {FONT} at (0,0) size 10x16
          RenderInline {FONT} at (0,0) size 10x16
            RenderInline {FONT} at (0,0) size 10x16
              RenderInline {FONT} at (0,0) size 10x16
                RenderInline {FONT} at (0,0) size 10x16
                  RenderInline {FONT} at (0,0) size 10x16
                    RenderInline {FONT} at (0,0) size 10x16
                      RenderInline {A} at (0,0) size 10x16
                        RenderText {#text} at (0,0) size 10x16
                          text run at (0,0) width 10: "Z"
                      RenderInline {FONT} at (0,0) size 1x16
                        RenderText {#text} at (0,0) size 0x0
      RenderBlock (anonymous) at (0,294) size 769x2
        RenderBlock {HR} at (0,0) size 769x2 [border: (1px inset #EEEEEE)]
      RenderBlock (anonymous) at (0,304) size 769x0
        RenderInline {FONT} at (0,0) size 0x0
          RenderInline {FONT} at (0,0) size 0x0
            RenderInline {FONT} at (0,0) size 0x0
              RenderInline {FONT} at (0,0) size 0x0
                RenderInline {FONT} at (0,0) size 0x0
                  RenderInline {FONT} at (0,0) size 0x0
                    RenderInline {FONT} at (0,0) size 0x0
                      RenderInline {FONT} at (0,0) size 0x0
                        RenderInline {FONT} at (0,0) size 0x0
      RenderBlock (anonymous) at (0,304) size 769x26
        RenderTable {TABLE} at (0,0) size 55x26 [border: (1px outset #808080)]
          RenderTableSection {TBODY} at (1,1) size 53x24
            RenderTableRow {TR} at (0,2) size 53x20
              RenderTableCell {TD} at (2,2) size 49x20 [border: (1px inset #808080)] [r=0 c=0 rs=1 cs=1]
                RenderText {#text} at (2,2) size 45x16
                  text run at (2,2) width 45: "table-5"
      RenderBlock (anonymous) at (0,330) size 769x16
        RenderInline {FONT} at (0,0) size 107x16
          RenderInline {FONT} at (0,0) size 107x16
            RenderInline {FONT} at (0,0) size 107x16
              RenderInline {FONT} at (0,0) size 107x16
                RenderInline {FONT} at (0,0) size 107x16
                  RenderInline {FONT} at (0,0) size 107x16
                    RenderInline {FONT} at (0,0) size 107x16
                      RenderInline {FONT} at (0,0) size 107x16
                        RenderInline {FONT} at (0,0) size 107x16
                          RenderText {#text} at (0,0) size 97x16
                            text run at (0,0) width 97: "line after table "
                          RenderInline {A} at (0,0) size 11x16
                            RenderText {#text} at (96,0) size 11x16
                              text run at (96,0) width 11: "Z"
                          RenderInline {FONT} at (0,0) size 1x16
                            RenderText {#text} at (0,0) size 0x0
      RenderBlock (anonymous) at (0,354) size 769x2
        RenderBlock {HR} at (0,0) size 769x2 [border: (1px inset #EEEEEE)]
      RenderBlock (anonymous) at (0,364) size 769x16
        RenderInline {FONT} at (0,0) size 104x16
          RenderInline {FONT} at (0,0) size 104x16
            RenderInline {FONT} at (0,0) size 104x16
              RenderInline {FONT} at (0,0) size 104x16
                RenderInline {FONT} at (0,0) size 104x16
                  RenderInline {FONT} at (0,0) size 104x16
                    RenderInline {FONT} at (0,0) size 104x16
                      RenderInline {FONT} at (0,0) size 104x16
                        RenderInline {FONT} at (0,0) size 104x16
                          RenderInline {FONT} at (0,0) size 104x16
                            RenderInline {FONT} at (0,0) size 104x16
                              RenderText {#text} at (0,0) size 104x16
                                text run at (0,0) width 104: "line before table"
      RenderBlock (anonymous) at (0,380) size 769x26
        RenderTable {TABLE} at (0,0) size 55x26 [border: (1px outset #808080)]
          RenderTableSection {TBODY} at (1,1) size 53x24
            RenderTableRow {TR} at (0,2) size 53x20
              RenderTableCell {TD} at (2,2) size 49x20 [border: (1px inset #808080)] [r=0 c=0 rs=1 cs=1]
                RenderText {#text} at (2,2) size 45x16
                  text run at (2,2) width 45: "table-6"
      RenderBlock (anonymous) at (0,406) size 769x0
        RenderInline {FONT} at (0,0) size 0x0
          RenderInline {FONT} at (0,0) size 0x0
            RenderInline {FONT} at (0,0) size 0x0
              RenderInline {FONT} at (0,0) size 0x0
                RenderInline {FONT} at (0,0) size 0x0
                  RenderInline {FONT} at (0,0) size 0x0
                    RenderInline {FONT} at (0,0) size 0x0
                      RenderInline {FONT} at (0,0) size 0x0
                        RenderInline {FONT} at (0,0) size 0x0
                          RenderInline {FONT} at (0,0) size 0x0
                            RenderInline {FONT} at (0,0) size 0x0
                              RenderInline {FONT} at (0,0) size 0x0
                                RenderText {#text} at (0,0) size 0x0
      RenderBlock (anonymous) at (0,414) size 769x2
        RenderBlock {HR} at (0,0) size 769x2 [border: (1px inset #EEEEEE)]
      RenderBlock (anonymous) at (0,424) size 769x0
        RenderInline {FONT} at (0,0) size 0x0
          RenderInline {FONT} at (0,0) size 0x0
            RenderInline {FONT} at (0,0) size 0x0
              RenderInline {FONT} at (0,0) size 0x0
                RenderInline {FONT} at (0,0) size 0x0
                  RenderInline {FONT} at (0,0) size 0x0
                    RenderInline {FONT} at (0,0) size 0x0
                      RenderInline {FONT} at (0,0) size 0x0
                        RenderInline {FONT} at (0,0) size 0x0
                          RenderInline {FONT} at (0,0) size 0x0
                            RenderInline {FONT} at (0,0) size 0x0
                              RenderInline {FONT} at (0,0) size 0x0
                                RenderInline {FONT} at (0,0) size 0x0
      RenderBlock (anonymous) at (0,424) size 769x16
        RenderBlock {DIV} at (0,0) size 769x16
          RenderText {#text} at (0,0) size 81x16
            text run at (0,0) width 81: "div before X"
      RenderBlock (anonymous) at (0,440) size 769x16
        RenderInline {FONT} at (0,0) size 12x16
          RenderInline {FONT} at (0,0) size 12x16
            RenderInline {FONT} at (0,0) size 12x16
              RenderInline {FONT} at (0,0) size 12x16
                RenderInline {FONT} at (0,0) size 12x16
                  RenderInline {FONT} at (0,0) size 12x16
                    RenderInline {FONT} at (0,0) size 12x16
                      RenderInline {FONT} at (0,0) size 12x16
                        RenderInline {FONT} at (0,0) size 12x16
                          RenderInline {FONT} at (0,0) size 12x16
                            RenderInline {FONT} at (0,0) size 12x16
                              RenderInline {FONT} at (0,0) size 12x16
                                RenderInline {FONT} at (0,0) size 12x16
                                  RenderInline {A} at (0,0) size 12x16
                                    RenderText {#text} at (0,0) size 12x16
                                      text run at (0,0) width 12: "X"
      RenderBlock (anonymous) at (0,456) size 769x26
        RenderTable {TABLE} at (0,0) size 55x26 [border: (1px outset #808080)]
          RenderTableSection {TBODY} at (1,1) size 53x24
            RenderTableRow {TR} at (0,2) size 53x20
              RenderTableCell {TD} at (2,2) size 49x20 [border: (1px inset #808080)] [r=0 c=0 rs=1 cs=1]
                RenderText {#text} at (2,2) size 45x16
                  text run at (2,2) width 45: "table-7"
      RenderBlock (anonymous) at (0,482) size 769x16
        RenderInline {FONT} at (0,0) size 10x16
          RenderInline {FONT} at (0,0) size 10x16
            RenderInline {FONT} at (0,0) size 10x16
              RenderInline {FONT} at (0,0) size 10x16
                RenderInline {FONT} at (0,0) size 10x16
                  RenderInline {FONT} at (0,0) size 10x16
                    RenderInline {FONT} at (0,0) size 10x16
                      RenderInline {FONT} at (0,0) size 10x16
                        RenderInline {FONT} at (0,0) size 10x16
                          RenderInline {FONT} at (0,0) size 10x16
                            RenderInline {FONT} at (0,0) size 10x16
                              RenderInline {FONT} at (0,0) size 10x16
                                RenderInline {FONT} at (0,0) size 10x16
                                  RenderInline {A} at (0,0) size 10x16
                                    RenderText {#text} at (0,0) size 10x16
                                      text run at (0,0) width 10: "Z"
                                  RenderInline {FONT} at (0,0) size 1x16
                                    RenderText {#text} at (0,0) size 0x0
      RenderBlock (anonymous) at (0,506) size 769x2
        RenderBlock {HR} at (0,0) size 769x2 [border: (1px inset #EEEEEE)]
      RenderBlock (anonymous) at (0,516) size 769x16
        RenderInline {FONT} at (0,0) size 12x16
          RenderInline {FONT} at (0,0) size 12x16
            RenderInline {FONT} at (0,0) size 12x16
              RenderInline {FONT} at (0,0) size 12x16
                RenderInline {FONT} at (0,0) size 12x16
                  RenderInline {FONT} at (0,0) size 12x16
                    RenderInline {FONT} at (0,0) size 12x16
                      RenderInline {FONT} at (0,0) size 12x16
                        RenderInline {FONT} at (0,0) size 12x16
                          RenderInline {FONT} at (0,0) size 12x16
                            RenderInline {FONT} at (0,0) size 12x16
                              RenderInline {FONT} at (0,0) size 12x16
                                RenderInline {FONT} at (0,0) size 12x16
                                  RenderInline {FONT} at (0,0) size 12x16
                                    RenderInline {FONT} at (0,0) size 12x16
                                      RenderInline {A} at (0,0) size 12x16
                                        RenderText {#text} at (0,0) size 12x16
                                          text run at (0,0) width 12: "X"
      RenderBlock (anonymous) at (0,532) size 769x42
        RenderBlock {DIV} at (0,0) size 769x16
          RenderText {#text} at (0,0) size 101x16
            text run at (0,0) width 101: "div before table"
        RenderTable {TABLE} at (0,16) size 55x26 [border: (1px outset #808080)]
          RenderTableSection {TBODY} at (1,1) size 53x24
            RenderTableRow {TR} at (0,2) size 53x20
              RenderTableCell {TD} at (2,2) size 49x20 [border: (1px inset #808080)] [r=0 c=0 rs=1 cs=1]
                RenderText {#text} at (2,2) size 45x16
                  text run at (2,2) width 45: "table-8"
      RenderBlock (anonymous) at (0,574) size 769x16
        RenderInline {FONT} at (0,0) size 10x16
          RenderInline {FONT} at (0,0) size 10x16
            RenderInline {FONT} at (0,0) size 10x16
              RenderInline {FONT} at (0,0) size 10x16
                RenderInline {FONT} at (0,0) size 10x16
                  RenderInline {FONT} at (0,0) size 10x16
                    RenderInline {FONT} at (0,0) size 10x16
                      RenderInline {FONT} at (0,0) size 10x16
                        RenderInline {FONT} at (0,0) size 10x16
                          RenderInline {FONT} at (0,0) size 10x16
                            RenderInline {FONT} at (0,0) size 10x16
                              RenderInline {FONT} at (0,0) size 10x16
                                RenderInline {FONT} at (0,0) size 10x16
                                  RenderInline {FONT} at (0,0) size 10x16
                                    RenderInline {FONT} at (0,0) size 10x16
                                      RenderInline {A} at (0,0) size 10x16
                                        RenderText {#text} at (0,0) size 10x16
                                          text run at (0,0) width 10: "Z"
                                      RenderInline {FONT} at (0,0) size 1x16
                                        RenderText {#text} at (0,0) size 0x0
      RenderBlock (anonymous) at (0,598) size 769x2
        RenderBlock {HR} at (0,0) size 769x2 [border: (1px inset #EEEEEE)]
      RenderBlock (anonymous) at (0,608) size 769x16
        RenderInline {FONT} at (0,0) size 12x16
          RenderInline {FONT} at (0,0) size 12x16
            RenderInline {FONT} at (0,0) size 12x16
              RenderInline {FONT} at (0,0) size 12x16
                RenderInline {FONT} at (0,0) size 12x16
                  RenderInline {FONT} at (0,0) size 12x16
                    RenderInline {FONT} at (0,0) size 12x16
                      RenderInline {FONT} at (0,0) size 12x16
                        RenderInline {FONT} at (0,0) size 12x16
                          RenderInline {FONT} at (0,0) size 12x16
                            RenderInline {FONT} at (0,0) size 12x16
                              RenderInline {FONT} at (0,0) size 12x16
                                RenderInline {FONT} at (0,0) size 12x16
                                  RenderInline {FONT} at (0,0) size 12x16
                                    RenderInline {FONT} at (0,0) size 12x16
                                      RenderInline {FONT} at (0,0) size 12x16
                                        RenderInline {FONT} at (0,0) size 12x16
                                          RenderInline {A} at (0,0) size 12x16
                                            RenderText {#text} at (0,0) size 12x16
                                              text run at (0,0) width 12: "X"
      RenderBlock (anonymous) at (0,624) size 769x26
        RenderTable {TABLE} at (0,0) size 55x26 [border: (1px outset #808080)]
          RenderTableSection {TBODY} at (1,1) size 53x24
            RenderTableRow {TR} at (0,2) size 53x20
              RenderTableCell {TD} at (2,2) size 49x20 [border: (1px inset #808080)] [r=0 c=0 rs=1 cs=1]
                RenderText {#text} at (2,2) size 45x16
                  text run at (2,2) width 45: "table-9"
      RenderBlock (anonymous) at (0,650) size 769x0
        RenderInline {FONT} at (0,0) size 0x0
          RenderInline {FONT} at (0,0) size 0x0
            RenderInline {FONT} at (0,0) size 0x0
              RenderInline {FONT} at (0,0) size 0x0
                RenderInline {FONT} at (0,0) size 0x0
                  RenderInline {FONT} at (0,0) size 0x0
                    RenderInline {FONT} at (0,0) size 0x0
                      RenderInline {FONT} at (0,0) size 0x0
                        RenderInline {FONT} at (0,0) size 0x0
                          RenderInline {FONT} at (0,0) size 0x0
                            RenderInline {FONT} at (0,0) size 0x0
                              RenderInline {FONT} at (0,0) size 0x0
                                RenderInline {FONT} at (0,0) size 0x0
                                  RenderInline {FONT} at (0,0) size 0x0
                                    RenderInline {FONT} at (0,0) size 0x0
                                      RenderInline {FONT} at (0,0) size 0x0
                                        RenderInline {FONT} at (0,0) size 0x0
      RenderBlock (anonymous) at (0,650) size 769x16
        RenderBlock {DIV} at (0,0) size 769x16
          RenderText {#text} at (0,0) size 89x16
            text run at (0,0) width 89: "div after table"
      RenderBlock (anonymous) at (0,666) size 769x16
        RenderInline {FONT} at (0,0) size 10x16
          RenderInline {FONT} at (0,0) size 10x16
            RenderInline {FONT} at (0,0) size 10x16
              RenderInline {FONT} at (0,0) size 10x16
                RenderInline {FONT} at (0,0) size 10x16
                  RenderInline {FONT} at (0,0) size 10x16
                    RenderInline {FONT} at (0,0) size 10x16
                      RenderInline {FONT} at (0,0) size 10x16
                        RenderInline {FONT} at (0,0) size 10x16
                          RenderInline {FONT} at (0,0) size 10x16
                            RenderInline {FONT} at (0,0) size 10x16
                              RenderInline {FONT} at (0,0) size 10x16
                                RenderInline {FONT} at (0,0) size 10x16
                                  RenderInline {FONT} at (0,0) size 10x16
                                    RenderInline {FONT} at (0,0) size 10x16
                                      RenderInline {FONT} at (0,0) size 10x16
                                        RenderInline {FONT} at (0,0) size 10x16
                                          RenderInline {A} at (0,0) size 10x16
                                            RenderText {#text} at (0,0) size 10x16
                                              text run at (0,0) width 10: "Z"
                                          RenderInline {FONT} at (0,0) size 1x16
                                            RenderText {#text} at (0,0) size 0x0
      RenderBlock (anonymous) at (0,690) size 769x2
        RenderBlock {HR} at (0,0) size 769x2 [border: (1px inset #EEEEEE)]
      RenderBlock (anonymous) at (0,700) size 769x0
        RenderInline {FONT} at (0,0) size 0x0
          RenderInline {FONT} at (0,0) size 0x0
            RenderInline {FONT} at (0,0) size 0x0
              RenderInline {FONT} at (0,0) size 0x0
                RenderInline {FONT} at (0,0) size 0x0
                  RenderInline {FONT} at (0,0) size 0x0
                    RenderInline {FONT} at (0,0) size 0x0
                      RenderInline {FONT} at (0,0) size 0x0
                        RenderInline {FONT} at (0,0) size 0x0
                          RenderInline {FONT} at (0,0) size 0x0
                            RenderInline {FONT} at (0,0) size 0x0
                              RenderInline {FONT} at (0,0) size 0x0
                                RenderInline {FONT} at (0,0) size 0x0
                                  RenderInline {FONT} at (0,0) size 0x0
                                    RenderInline {FONT} at (0,0) size 0x0
                                      RenderInline {FONT} at (0,0) size 0x0
                                        RenderInline {FONT} at (0,0) size 0x0
                                          RenderInline {FONT} at (0,0) size 0x0
                                            RenderInline {FONT} at (0,0) size 0x0
      RenderBlock (anonymous) at (0,700) size 769x42
        RenderBlock {DIV} at (0,0) size 769x16
          RenderText {#text} at (0,0) size 101x16
            text run at (0,0) width 101: "div before table"
        RenderTable {TABLE} at (0,16) size 63x26 [border: (1px outset #808080)]
          RenderTableSection {TBODY} at (1,1) size 61x24
            RenderTableRow {TR} at (0,2) size 61x20
              RenderTableCell {TD} at (2,2) size 57x20 [border: (1px inset #808080)] [r=0 c=0 rs=1 cs=1]
                RenderText {#text} at (2,2) size 53x16
                  text run at (2,2) width 53: "table-10"
      RenderBlock (anonymous) at (0,742) size 769x16
        RenderInline {FONT} at (0,0) size 10x16
          RenderInline {FONT} at (0,0) size 10x16
            RenderInline {FONT} at (0,0) size 10x16
              RenderInline {FONT} at (0,0) size 10x16
                RenderInline {FONT} at (0,0) size 10x16
                  RenderInline {FONT} at (0,0) size 10x16
                    RenderInline {FONT} at (0,0) size 10x16
                      RenderInline {FONT} at (0,0) size 10x16
                        RenderInline {FONT} at (0,0) size 10x16
                          RenderInline {FONT} at (0,0) size 10x16
                            RenderInline {FONT} at (0,0) size 10x16
                              RenderInline {FONT} at (0,0) size 10x16
                                RenderInline {FONT} at (0,0) size 10x16
                                  RenderInline {FONT} at (0,0) size 10x16
                                    RenderInline {FONT} at (0,0) size 10x16
                                      RenderInline {FONT} at (0,0) size 10x16
                                        RenderInline {FONT} at (0,0) size 10x16
                                          RenderInline {FONT} at (0,0) size 10x16
                                            RenderInline {FONT} at (0,0) size 10x16
                                              RenderInline {A} at (0,0) size 10x16
                                                RenderText {#text} at (0,0) size 10x16
                                                  text run at (0,0) width 10: "Z"
                                              RenderInline {FONT} at (0,0) size 1x16
                                                RenderText {#text} at (0,0) size 0x0
      RenderBlock (anonymous) at (0,766) size 769x2
        RenderBlock {HR} at (0,0) size 769x2 [border: (1px inset #EEEEEE)]
      RenderBlock (anonymous) at (0,776) size 769x0
        RenderInline {FONT} at (0,0) size 0x0
          RenderInline {FONT} at (0,0) size 0x0
            RenderInline {FONT} at (0,0) size 0x0
              RenderInline {FONT} at (0,0) size 0x0
                RenderInline {FONT} at (0,0) size 0x0
                  RenderInline {FONT} at (0,0) size 0x0
                    RenderInline {FONT} at (0,0) size 0x0
                      RenderInline {FONT} at (0,0) size 0x0
                        RenderInline {FONT} at (0,0) size 0x0
                          RenderInline {FONT} at (0,0) size 0x0
                            RenderInline {FONT} at (0,0) size 0x0
                              RenderInline {FONT} at (0,0) size 0x0
                                RenderInline {FONT} at (0,0) size 0x0
                                  RenderInline {FONT} at (0,0) size 0x0
                                    RenderInline {FONT} at (0,0) size 0x0
                                      RenderInline {FONT} at (0,0) size 0x0
                                        RenderInline {FONT} at (0,0) size 0x0
                                          RenderInline {FONT} at (0,0) size 0x0
                                            RenderInline {FONT} at (0,0) size 0x0
                                              RenderInline {FONT} at (0,0) size 0x0
                                                RenderInline {FONT} at (0,0) size 0x0
      RenderBlock (anonymous) at (0,776) size 769x26
        RenderTable {TABLE} at (0,0) size 63x26 [border: (1px outset #808080)]
          RenderTableSection {TBODY} at (1,1) size 61x24
            RenderTableRow {TR} at (0,2) size 61x20
              RenderTableCell {TD} at (2,2) size 57x20 [border: (1px inset #808080)] [r=0 c=0 rs=1 cs=1]
                RenderText {#text} at (2,2) size 53x16
                  text run at (2,2) width 53: "table-11"
      RenderBlock (anonymous) at (0,802) size 769x0
        RenderInline {FONT} at (0,0) size 0x0
          RenderInline {FONT} at (0,0) size 0x0
            RenderInline {FONT} at (0,0) size 0x0
              RenderInline {FONT} at (0,0) size 0x0
                RenderInline {FONT} at (0,0) size 0x0
                  RenderInline {FONT} at (0,0) size 0x0
                    RenderInline {FONT} at (0,0) size 0x0
                      RenderInline {FONT} at (0,0) size 0x0
                        RenderInline {FONT} at (0,0) size 0x0
                          RenderInline {FONT} at (0,0) size 0x0
                            RenderInline {FONT} at (0,0) size 0x0
                              RenderInline {FONT} at (0,0) size 0x0
                                RenderInline {FONT} at (0,0) size 0x0
                                  RenderInline {FONT} at (0,0) size 0x0
                                    RenderInline {FONT} at (0,0) size 0x0
                                      RenderInline {FONT} at (0,0) size 0x0
                                        RenderInline {FONT} at (0,0) size 0x0
                                          RenderInline {FONT} at (0,0) size 0x0
                                            RenderInline {FONT} at (0,0) size 0x0
                                              RenderInline {FONT} at (0,0) size 0x0
                                                RenderInline {FONT} at (0,0) size 0x0
      RenderBlock (anonymous) at (0,802) size 769x16
        RenderBlock {DIV} at (0,0) size 769x16
          RenderText {#text} at (0,0) size 89x16
            text run at (0,0) width 89: "div after table"
      RenderBlock (anonymous) at (0,818) size 769x16
        RenderInline {FONT} at (0,0) size 10x16
          RenderInline {FONT} at (0,0) size 10x16
            RenderInline {FONT} at (0,0) size 10x16
              RenderInline {FONT} at (0,0) size 10x16
                RenderInline {FONT} at (0,0) size 10x16
                  RenderInline {FONT} at (0,0) size 10x16
                    RenderInline {FONT} at (0,0) size 10x16
                      RenderInline {FONT} at (0,0) size 10x16
                        RenderInline {FONT} at (0,0) size 10x16
                          RenderInline {FONT} at (0,0) size 10x16
                            RenderInline {FONT} at (0,0) size 10x16
                              RenderInline {FONT} at (0,0) size 10x16
                                RenderInline {FONT} at (0,0) size 10x16
                                  RenderInline {FONT} at (0,0) size 10x16
                                    RenderInline {FONT} at (0,0) size 10x16
                                      RenderInline {FONT} at (0,0) size 10x16
                                        RenderInline {FONT} at (0,0) size 10x16
                                          RenderInline {FONT} at (0,0) size 10x16
                                            RenderInline {FONT} at (0,0) size 10x16
                                              RenderInline {FONT} at (0,0) size 10x16
                                                RenderInline {FONT} at (0,0) size 10x16
                                                  RenderInline {A} at (0,0) size 10x16
                                                    RenderText {#text} at (0,0) size 10x16
                                                      text run at (0,0) width 10: "Z"
                                                  RenderInline {FONT} at (0,0) size 1x16
                                                    RenderText {#text} at (0,0) size 0x0
      RenderBlock (anonymous) at (0,842) size 769x2
        RenderBlock {HR} at (0,0) size 769x2 [border: (1px inset #EEEEEE)]
      RenderBlock (anonymous) at (0,852) size 769x0
        RenderInline {FONT} at (0,0) size 0x0
          RenderInline {FONT} at (0,0) size 0x0
            RenderInline {FONT} at (0,0) size 0x0
              RenderInline {FONT} at (0,0) size 0x0
                RenderInline {FONT} at (0,0) size 0x0
                  RenderInline {FONT} at (0,0) size 0x0
                    RenderInline {FONT} at (0,0) size 0x0
                      RenderInline {FONT} at (0,0) size 0x0
                        RenderInline {FONT} at (0,0) size 0x0
                          RenderInline {FONT} at (0,0) size 0x0
                            RenderInline {FONT} at (0,0) size 0x0
                              RenderInline {FONT} at (0,0) size 0x0
                                RenderInline {FONT} at (0,0) size 0x0
                                  RenderInline {FONT} at (0,0) size 0x0
                                    RenderInline {FONT} at (0,0) size 0x0
                                      RenderInline {FONT} at (0,0) size 0x0
                                        RenderInline {FONT} at (0,0) size 0x0
                                          RenderInline {FONT} at (0,0) size 0x0
                                            RenderInline {FONT} at (0,0) size 0x0
                                              RenderInline {FONT} at (0,0) size 0x0
                                                RenderInline {FONT} at (0,0) size 0x0
                                                  RenderInline {FONT} at (0,0) size 0x0
                                                    RenderInline {FONT} at (0,0) size 0x0
      RenderBlock (anonymous) at (0,852) size 769x42
        RenderBlock {DIV} at (0,0) size 769x16
          RenderText {#text} at (0,0) size 101x16
            text run at (0,0) width 101: "div before table"
        RenderTable {TABLE} at (0,16) size 63x26 [border: (1px outset #808080)]
          RenderTableSection {TBODY} at (1,1) size 61x24
            RenderTableRow {TR} at (0,2) size 61x20
              RenderTableCell {TD} at (2,2) size 57x20 [border: (1px inset #808080)] [r=0 c=0 rs=1 cs=1]
                RenderText {#text} at (2,2) size 53x16
                  text run at (2,2) width 53: "table-12"
      RenderBlock (anonymous) at (0,894) size 769x0
        RenderInline {FONT} at (0,0) size 0x0
          RenderInline {FONT} at (0,0) size 0x0
            RenderInline {FONT} at (0,0) size 0x0
              RenderInline {FONT} at (0,0) size 0x0
                RenderInline {FONT} at (0,0) size 0x0
                  RenderInline {FONT} at (0,0) size 0x0
                    RenderInline {FONT} at (0,0) size 0x0
                      RenderInline {FONT} at (0,0) size 0x0
                        RenderInline {FONT} at (0,0) size 0x0
                          RenderInline {FONT} at (0,0) size 0x0
                            RenderInline {FONT} at (0,0) size 0x0
                              RenderInline {FONT} at (0,0) size 0x0
                                RenderInline {FONT} at (0,0) size 0x0
                                  RenderInline {FONT} at (0,0) size 0x0
                                    RenderInline {FONT} at (0,0) size 0x0
                                      RenderInline {FONT} at (0,0) size 0x0
                                        RenderInline {FONT} at (0,0) size 0x0
                                          RenderInline {FONT} at (0,0) size 0x0
                                            RenderInline {FONT} at (0,0) size 0x0
                                              RenderInline {FONT} at (0,0) size 0x0
                                                RenderInline {FONT} at (0,0) size 0x0
                                                  RenderInline {FONT} at (0,0) size 0x0
                                                    RenderInline {FONT} at (0,0) size 0x0
                                                      RenderInline {FONT} at (0,0) size 0x0
                                                        RenderText {#text} at (0,0) size 0x0
