layer at (0,0) size 800x600
  RenderView at (0,0) size 800x600
layer at (0,0) size 800x600
  RenderBlock {HTML} at (0,0) size 800x600
    RenderBody {BODY} at (8,8) size 784x584
      RenderTable {TABLE} at (0,0) size 784x134
        RenderTableSection {TBODY} at (0,0) size 784x134
          RenderTableRow {TR} at (0,0) size 784x72
            RenderTableCell {TD} at (0,0) size 784x72 [r=0 c=0 rs=1 cs=4]
              RenderBR {BR} at (392,1) size 0x16
              RenderInline {FONT} at (0,0) size 732x53
                RenderText {#text} at (26,17) size 732x35
                  text run at (26,17) width 183: "The Supreme Court says "
                  text run at (208,17) width 550: "Wisconsin can continue using tuition vouchers to help poor parents send their"
                  text run at (210,35) width 223: "children to church-run schools. "
                  text run at (432,35) width 142: "What's your stand? "
                RenderBR {BR} at (573,49) size 1x0
                RenderBR {BR} at (392,53) size 0x17
              RenderText {#text} at (0,0) size 0x0
          RenderTableRow {TR} at (0,72) size 784x21
            RenderTableCell {TD} at (0,74) size 562x17 [r=1 c=0 rs=1 cs=1]
              RenderInline {FONT} at (0,0) size 141x15
                RenderText {#text} at (420,1) size 141x15
                  text run at (420,1) width 141: "I agree with the program"
              RenderText {#text} at (0,0) size 0x0
            RenderTableCell {TD} at (562,72) size 72x21 [r=1 c=1 rs=1 cs=1]
              RenderBlock {INPUT} at (3.91,4) size 12x13
          RenderTableRow {TR} at (0,93) size 784x21
            RenderTableCell {TD} at (0,95) size 562x17 [r=2 c=0 rs=1 cs=1]
              RenderInline {FONT} at (0,0) size 153x15
                RenderText {#text} at (408,1) size 153x15
                  text run at (408,1) width 153: "I think vouchers are wrong"
              RenderText {#text} at (0,0) size 0x0
            RenderTableCell {TD} at (562,93) size 72x21 [r=2 c=1 rs=1 cs=1]
              RenderBlock {INPUT} at (3.91,4) size 12x13
          RenderTableRow {TR} at (0,114) size 784x20
            RenderTableCell {TD} at (0,115) size 634x17 [r=3 c=0 rs=1 cs=2]
              RenderInline {A} at (0,0) size 76x16 [color=#0000EE]
                RenderInline {FONT} at (0,0) size 76x15
                  RenderText {#text} at (279,1) size 76x15
                    text run at (279,1) width 76: "View Results"
              RenderInline {FONT} at (0,0) size 1x15
                RenderText {#text} at (0,0) size 0x0
            RenderTableCell {TD} at (634,114) size 150x20 [r=3 c=2 rs=1 cs=2]
              RenderButton {INPUT} at (55.64,1) size 38.70x18 [bgcolor=#C0C0C0]
                RenderBlock (anonymous) at (8,2.50) size 22.70x13
                  RenderText {#text} at (0,0) size 23x13
                    text run at (0,0) width 23: "vote"
              RenderText {#text} at (0,0) size 0x0
