layer at (0,0) size 800x600
  RenderView at (0,0) size 800x600
layer at (0,0) size 800x109
  RenderBlock {HTML} at (0,0) size 800x108.88
    RenderBody {BODY} at (8,21.44) size 784x79.44
      RenderBlock {H1} at (0,0) size 784x32
        RenderText {#text} at (148,0) size 488x32
          text run at (148,0) width 488: "<BODY style=\"text-align: center\">"
      RenderTable {TABLE} at (0,53.44) size 627x26 [border: (1px outset #808080)]
        RenderTableSection {TBODY} at (1,1) size 625x24
          RenderTableRow {TR} at (0,2) size 625x20
            RenderTableCell {TD} at (2,2) size 621x20 [border: (1px inset #808080)] [r=0 c=0 rs=1 cs=1]
              RenderText {#text} at (161,2) size 299x16
                text run at (161,2) width 299: "The text should be center-aligned not the table"
