layer at (0,0) size 800x600
  RenderView at (0,0) size 800x600
layer at (0,0) size 800x600
  RenderBlock {HTML} at (0,0) size 800x600
    RenderBody {BODY} at (8,8) size 784x584
      RenderTable {TABLE} at (0,0) size 147x52
        RenderTableSection {TBODY} at (0,0) size 147x52
          RenderTableRow {TR} at (0,2) size 147x48
            RenderTableCell {TD} at (2,2) size 143x48 [r=0 c=0 rs=1 cs=1]
              RenderBlock (anonymous) at (1,1) size 141x0
                RenderInline {SPAN} at (0,0) size 0x0
                  RenderText {#text} at (0,0) size 0x0
                  RenderInline {SPAN} at (0,0) size 0x0
                    RenderText {#text} at (0,0) size 0x0
                    RenderText {#text} at (0,0) size 0x0
              RenderBlock (anonymous) at (1,1) size 141x46
                RenderTable {TABLE} at (0,0) size 141x46
                  RenderTableSection {TBODY} at (0,0) size 141x46
                    RenderTableRow {TR} at (0,2) size 141x42
                      RenderTableCell {TD} at (2,2) size 137x42 [r=0 c=0 rs=1 cs=1]
                        RenderTable {TABLE} at (1,1) size 135x40
                          RenderTableSection {TBODY} at (0,0) size 135x40
                            RenderTableRow {TR} at (0,2) size 135x36
                              RenderTableCell {TD} at (2,2) size 131x36 [r=0 c=0 rs=1 cs=1]
                                RenderBlock {FORM} at (1,1) size 129x18
                                  RenderButton {INPUT} at (0,0) size 128.59x18 [bgcolor=#C0C0C0]
                                    RenderBlock (anonymous) at (8,2.50) size 112.59x13
                                      RenderText {#text} at (0,0) size 113x13
                                        text run at (0,0) width 113: "ApplyForThisPosition"
                                  RenderText {#text} at (0,0) size 0x0
              RenderBlock (anonymous) at (1,47) size 141x0
                RenderInline {SPAN} at (0,0) size 0x0
                  RenderInline {SPAN} at (0,0) size 0x0
                  RenderText {#text} at (0,0) size 0x0
                RenderText {#text} at (0,0) size 0x0
