layer at (0,0) size 785x1916
  RenderView at (0,0) size 785x600
layer at (0,0) size 785x1916
  RenderBlock {HTML} at (0,0) size 785x1916.19
    RenderBody {BODY} at (8,8) size 769x1900.19
      RenderBlock (anonymous) at (0,0) size 769x16
        RenderBR {BR} at (0,0) size 0x16
      RenderBlock {HR} at (0,24) size 769x2 [border: (1px inset #EEEEEE)]
      RenderBlock {H3} at (0,44.72) size 769x19
        RenderText {#text} at (0,0) size 88x19
          text run at (0,0) width 88: "border-top"
      RenderBlock {P} at (0,82.44) size 769x16
        RenderInline {CODE} at (0,0) size 55x13
          RenderText {#text} at (0,2) size 55x13
            text run at (0,2) width 55: "<table>"
        RenderText {#text} at (54,0) size 32x16
          text run at (54,0) width 32: " has "
        RenderInline {CODE} at (0,0) size 48x13
          RenderText {#text} at (85,2) size 48x13
            text run at (85,2) width 48: "border"
        RenderText {#text} at (132,0) size 75x16
          text run at (132,0) width 75: " attribute; "
        RenderInline {CODE} at (0,0) size 32x13
          RenderText {#text} at (206,2) size 32x13
            text run at (206,2) width 32: "<td>"
        RenderText {#text} at (237,0) size 41x16
          text run at (237,0) width 41: " have "
        RenderInline {CODE} at (0,0) size 290x13
          RenderText {#text} at (277,2) size 290x13
            text run at (277,2) width 290: "style=\"border-top: green 10px solid;\""
        RenderText {#text} at (566,0) size 5x16
          text run at (566,0) width 5: "."
      RenderTable {TABLE} at (0,114.44) size 459x110 [border: (1px outset #808080)]
        RenderTableSection {TBODY} at (1,1) size 457x108
          RenderTableRow {TR} at (0,5) size 457x29
            RenderTableCell {TD} at (5,5) size 447x29 [border: (10px solid #008000) (1px inset #808080)] [r=0 c=0 rs=1 cs=2]
              RenderText {#text} at (2,11) size 443x16
                text run at (2,11) width 443: "Every cell in this table should have a 10-pixel solid green top border."
          RenderTableRow {TR} at (0,39) size 457x64
            RenderTableCell {TD} at (5,56) size 112x29 [border: (10px solid #008000) (1px inset #808080)] [r=1 c=0 rs=1 cs=1]
              RenderText {#text} at (2,11) size 54x16
                text run at (2,11) width 54: "Cell one"
            RenderTableCell {TD} at (122,39) size 330x64 [border: (10px solid #008000) (1px inset #808080)] [r=1 c=1 rs=1 cs=1]
              RenderBlock (anonymous) at (2,11) size 326x16
                RenderText {#text} at (0,0) size 55x16
                  text run at (0,0) width 55: "Cell two"
              RenderTable {TABLE} at (2,27) size 166x35 [border: (1px outset #808080)]
                RenderTableSection {TBODY} at (1,1) size 164x33
                  RenderTableRow {TR} at (0,2) size 164x29
                    RenderTableCell {TD} at (2,2) size 160x29 [border: (10px solid #008000) (1px inset #808080)] [r=0 c=0 rs=1 cs=1]
                      RenderText {#text} at (2,11) size 156x16
                        text run at (2,11) width 156: "Nested single-cell table!"
      RenderBlock (anonymous) at (0,224.44) size 769x16
        RenderBR {BR} at (0,0) size 0x16
      RenderBlock {P} at (0,256.44) size 769x16
        RenderInline {CODE} at (0,0) size 55x13
          RenderText {#text} at (0,2) size 55x13
            text run at (0,2) width 55: "<table>"
        RenderText {#text} at (54,0) size 69x16
          text run at (54,0) width 69: " has *no* "
        RenderInline {CODE} at (0,0) size 48x13
          RenderText {#text} at (122,2) size 48x13
            text run at (122,2) width 48: "border"
        RenderText {#text} at (169,0) size 75x16
          text run at (169,0) width 75: " attribute; "
        RenderInline {CODE} at (0,0) size 32x13
          RenderText {#text} at (243,2) size 32x13
            text run at (243,2) width 32: "<td>"
        RenderText {#text} at (274,0) size 41x16
          text run at (274,0) width 41: " have "
        RenderInline {CODE} at (0,0) size 290x13
          RenderText {#text} at (314,2) size 290x13
            text run at (314,2) width 290: "style=\"border-top: green 10px solid;\""
        RenderText {#text} at (603,0) size 5x16
          text run at (603,0) width 5: "."
      RenderTable {TABLE} at (0,288.44) size 455x103
        RenderTableSection {TBODY} at (0,0) size 455x103
          RenderTableRow {TR} at (0,5) size 455x28
            RenderTableCell {TD} at (5,5) size 445x28 [border: (10px solid #008000) none] [r=0 c=0 rs=1 cs=2]
              RenderText {#text} at (1,11) size 443x16
                text run at (1,11) width 443: "Every cell in this table should have a 10-pixel solid green top border."
          RenderTableRow {TR} at (0,38) size 455x60
            RenderTableCell {TD} at (5,54) size 112x28 [border: (10px solid #008000) none] [r=1 c=0 rs=1 cs=1]
              RenderText {#text} at (1,11) size 54x16
                text run at (1,11) width 54: "Cell one"
            RenderTableCell {TD} at (122,38) size 328x60 [border: (10px solid #008000) none] [r=1 c=1 rs=1 cs=1]
              RenderBlock (anonymous) at (1,11) size 326x16
                RenderText {#text} at (0,0) size 55x16
                  text run at (0,0) width 55: "Cell two"
              RenderTable {TABLE} at (1,27) size 162x32
                RenderTableSection {TBODY} at (0,0) size 162x32
                  RenderTableRow {TR} at (0,2) size 162x28
                    RenderTableCell {TD} at (2,2) size 158x28 [border: (10px solid #008000) none] [r=0 c=0 rs=1 cs=1]
                      RenderText {#text} at (1,11) size 156x16
                        text run at (1,11) width 156: "Nested single-cell table!"
      RenderBlock (anonymous) at (0,391.44) size 769x16
        RenderBR {BR} at (0,0) size 0x16
      RenderBlock {HR} at (0,415.44) size 769x2 [border: (1px inset #EEEEEE)]
      RenderBlock {H3} at (0,436.16) size 769x19
        RenderText {#text} at (0,0) size 101x19
          text run at (0,0) width 101: "border-right"
      RenderBlock {P} at (0,473.88) size 769x16
        RenderInline {CODE} at (0,0) size 55x13
          RenderText {#text} at (0,2) size 55x13
            text run at (0,2) width 55: "<table>"
        RenderText {#text} at (54,0) size 32x16
          text run at (54,0) width 32: " has "
        RenderInline {CODE} at (0,0) size 48x13
          RenderText {#text} at (85,2) size 48x13
            text run at (85,2) width 48: "border"
        RenderText {#text} at (132,0) size 75x16
          text run at (132,0) width 75: " attribute; "
        RenderInline {CODE} at (0,0) size 32x13
          RenderText {#text} at (206,2) size 32x13
            text run at (206,2) width 32: "<td>"
        RenderText {#text} at (237,0) size 41x16
          text run at (237,0) width 41: " have "
        RenderInline {CODE} at (0,0) size 305x13
          RenderText {#text} at (277,2) size 305x13
            text run at (277,2) width 305: "style=\"border-right: green 10px solid;\""
        RenderText {#text} at (581,0) size 5x16
          text run at (581,0) width 5: "."
      RenderTable {TABLE} at (0,505.88) size 477x83 [border: (1px outset #808080)]
        RenderTableSection {TBODY} at (1,1) size 475x81
          RenderTableRow {TR} at (0,5) size 475x20
            RenderTableCell {TD} at (5,5) size 465x20 [border: (1px inset #808080) (10px solid #008000) (1px inset #808080)] [r=0 c=0 rs=1 cs=2]
              RenderText {#text} at (2,2) size 452x16
                text run at (2,2) width 452: "Every cell in this table should have a 10-pixel solid green right border."
          RenderTableRow {TR} at (0,30) size 475x46
            RenderTableCell {TD} at (5,43) size 120x20 [border: (1px inset #808080) (10px solid #008000) (1px inset #808080)] [r=1 c=0 rs=1 cs=1]
              RenderText {#text} at (2,2) size 54x16
                text run at (2,2) width 54: "Cell one"
            RenderTableCell {TD} at (130,30) size 340x46 [border: (1px inset #808080) (10px solid #008000) (1px inset #808080)] [r=1 c=1 rs=1 cs=1]
              RenderBlock (anonymous) at (2,2) size 327x16
                RenderText {#text} at (0,0) size 55x16
                  text run at (0,0) width 55: "Cell two"
              RenderTable {TABLE} at (2,18) size 175x26 [border: (1px outset #808080)]
                RenderTableSection {TBODY} at (1,1) size 173x24
                  RenderTableRow {TR} at (0,2) size 173x20
                    RenderTableCell {TD} at (2,2) size 169x20 [border: (1px inset #808080) (10px solid #008000) (1px inset #808080)] [r=0 c=0 rs=1 cs=1]
                      RenderText {#text} at (2,2) size 156x16
                        text run at (2,2) width 156: "Nested single-cell table!"
      RenderBlock (anonymous) at (0,588.88) size 769x16
        RenderBR {BR} at (0,0) size 0x16
      RenderBlock {P} at (0,620.88) size 769x16
        RenderInline {CODE} at (0,0) size 55x13
          RenderText {#text} at (0,2) size 55x13
            text run at (0,2) width 55: "<table>"
        RenderText {#text} at (54,0) size 32x16
          text run at (54,0) width 32: " has "
        RenderInline {CODE} at (0,0) size 48x13
          RenderText {#text} at (85,2) size 48x13
            text run at (85,2) width 48: "border"
        RenderText {#text} at (132,0) size 75x16
          text run at (132,0) width 75: " attribute; "
        RenderInline {CODE} at (0,0) size 32x13
          RenderText {#text} at (206,2) size 32x13
            text run at (206,2) width 32: "<td>"
        RenderText {#text} at (237,0) size 41x16
          text run at (237,0) width 41: " have "
        RenderInline {CODE} at (0,0) size 305x13
          RenderText {#text} at (277,2) size 305x13
            text run at (277,2) width 305: "style=\"border-right: green 10px solid;\""
        RenderText {#text} at (581,0) size 5x16
          text run at (581,0) width 5: "."
      RenderTable {TABLE} at (0,652.88) size 474x73
        RenderTableSection {TBODY} at (0,0) size 474x73
          RenderTableRow {TR} at (0,5) size 474x18
            RenderTableCell {TD} at (5,5) size 464x18 [border: none (10px solid #008000) none] [r=0 c=0 rs=1 cs=2]
              RenderText {#text} at (1,1) size 452x16
                text run at (1,1) width 452: "Every cell in this table should have a 10-pixel solid green right border."
          RenderTableRow {TR} at (0,28) size 474x40
            RenderTableCell {TD} at (5,39) size 121x18 [border: none (10px solid #008000) none] [r=1 c=0 rs=1 cs=1]
              RenderText {#text} at (1,1) size 54x16
                text run at (1,1) width 54: "Cell one"
            RenderTableCell {TD} at (131,28) size 338x40 [border: none (10px solid #008000) none] [r=1 c=1 rs=1 cs=1]
              RenderBlock (anonymous) at (1,1) size 326x16
                RenderText {#text} at (0,0) size 55x16
                  text run at (0,0) width 55: "Cell two"
              RenderTable {TABLE} at (1,17) size 172x22
                RenderTableSection {TBODY} at (0,0) size 172x22
                  RenderTableRow {TR} at (0,2) size 172x18
                    RenderTableCell {TD} at (2,2) size 168x18 [border: none (10px solid #008000) none] [r=0 c=0 rs=1 cs=1]
                      RenderText {#text} at (1,1) size 156x16
                        text run at (1,1) width 156: "Nested single-cell table!"
      RenderBlock (anonymous) at (0,725.88) size 769x16
        RenderBR {BR} at (0,0) size 0x16
      RenderBlock {HR} at (0,749.88) size 769x2 [border: (1px inset #EEEEEE)]
      RenderBlock {H3} at (0,770.59) size 769x19
        RenderText {#text} at (0,0) size 119x19
          text run at (0,0) width 119: "border-bottom"
      RenderBlock {P} at (0,808.31) size 769x16
        RenderInline {CODE} at (0,0) size 55x13
          RenderText {#text} at (0,2) size 55x13
            text run at (0,2) width 55: "<table>"
        RenderText {#text} at (54,0) size 32x16
          text run at (54,0) width 32: " has "
        RenderInline {CODE} at (0,0) size 48x13
          RenderText {#text} at (85,2) size 48x13
            text run at (85,2) width 48: "border"
        RenderText {#text} at (132,0) size 75x16
          text run at (132,0) width 75: " attribute; "
        RenderInline {CODE} at (0,0) size 32x13
          RenderText {#text} at (206,2) size 32x13
            text run at (206,2) width 32: "<td>"
        RenderText {#text} at (237,0) size 41x16
          text run at (237,0) width 41: " have "
        RenderInline {CODE} at (0,0) size 313x13
          RenderText {#text} at (277,2) size 313x13
            text run at (277,2) width 313: "style=\"border-bottom: green 10px solid;\""
        RenderText {#text} at (589,0) size 5x16
          text run at (589,0) width 5: "."
      RenderTable {TABLE} at (0,840.31) size 483x110 [border: (1px outset #808080)]
        RenderTableSection {TBODY} at (1,1) size 481x108
          RenderTableRow {TR} at (0,5) size 481x29
            RenderTableCell {TD} at (5,5) size 471x29 [border: (1px inset #808080) (10px solid #008000) (1px inset #808080)] [r=0 c=0 rs=1 cs=2]
              RenderText {#text} at (2,2) size 467x16
                text run at (2,2) width 467: "Every cell in this table should have a 10-pixel solid green bottom border."
          RenderTableRow {TR} at (0,39) size 481x64
            RenderTableCell {TD} at (5,56) size 118x29 [border: (1px inset #808080) (10px solid #008000) (1px inset #808080)] [r=1 c=0 rs=1 cs=1]
              RenderText {#text} at (2,2) size 54x16
                text run at (2,2) width 54: "Cell one"
            RenderTableCell {TD} at (128,39) size 348x64 [border: (1px inset #808080) (10px solid #008000) (1px inset #808080)] [r=1 c=1 rs=1 cs=1]
              RenderBlock (anonymous) at (2,2) size 344x16
                RenderText {#text} at (0,0) size 55x16
                  text run at (0,0) width 55: "Cell two"
              RenderTable {TABLE} at (2,18) size 166x35 [border: (1px outset #808080)]
                RenderTableSection {TBODY} at (1,1) size 164x33
                  RenderTableRow {TR} at (0,2) size 164x29
                    RenderTableCell {TD} at (2,2) size 160x29 [border: (1px inset #808080) (10px solid #008000) (1px inset #808080)] [r=0 c=0 rs=1 cs=1]
                      RenderText {#text} at (2,2) size 156x16
                        text run at (2,2) width 156: "Nested single-cell table!"
      RenderBlock (anonymous) at (0,950.31) size 769x16
        RenderBR {BR} at (0,0) size 0x16
      RenderBlock {P} at (0,982.31) size 769x16
        RenderInline {CODE} at (0,0) size 55x13
          RenderText {#text} at (0,2) size 55x13
            text run at (0,2) width 55: "<table>"
        RenderText {#text} at (54,0) size 69x16
          text run at (54,0) width 69: " has *no* "
        RenderInline {CODE} at (0,0) size 48x13
          RenderText {#text} at (122,2) size 48x13
            text run at (122,2) width 48: "border"
        RenderText {#text} at (169,0) size 75x16
          text run at (169,0) width 75: " attribute; "
        RenderInline {CODE} at (0,0) size 32x13
          RenderText {#text} at (243,2) size 32x13
            text run at (243,2) width 32: "<td>"
        RenderText {#text} at (274,0) size 41x16
          text run at (274,0) width 41: " have "
        RenderInline {CODE} at (0,0) size 313x13
          RenderText {#text} at (314,2) size 313x13
            text run at (314,2) width 313: "style=\"border-bottom: green 10px solid;\""
        RenderText {#text} at (626,0) size 5x16
          text run at (626,0) width 5: "."
      RenderTable {TABLE} at (0,1014.31) size 479x103
        RenderTableSection {TBODY} at (0,0) size 479x103
          RenderTableRow {TR} at (0,5) size 479x28
            RenderTableCell {TD} at (5,5) size 469x28 [border: none (10px solid #008000) none] [r=0 c=0 rs=1 cs=2]
              RenderText {#text} at (1,1) size 467x16
                text run at (1,1) width 467: "Every cell in this table should have a 10-pixel solid green bottom border."
          RenderTableRow {TR} at (0,38) size 479x60
            RenderTableCell {TD} at (5,54) size 118x28 [border: none (10px solid #008000) none] [r=1 c=0 rs=1 cs=1]
              RenderText {#text} at (1,1) size 54x16
                text run at (1,1) width 54: "Cell one"
            RenderTableCell {TD} at (128,38) size 346x60 [border: none (10px solid #008000) none] [r=1 c=1 rs=1 cs=1]
              RenderBlock (anonymous) at (1,1) size 344x16
                RenderText {#text} at (0,0) size 55x16
                  text run at (0,0) width 55: "Cell two"
              RenderTable {TABLE} at (1,17) size 162x32
                RenderTableSection {TBODY} at (0,0) size 162x32
                  RenderTableRow {TR} at (0,2) size 162x28
                    RenderTableCell {TD} at (2,2) size 158x28 [border: none (10px solid #008000) none] [r=0 c=0 rs=1 cs=1]
                      RenderText {#text} at (1,1) size 156x16
                        text run at (1,1) width 156: "Nested single-cell table!"
      RenderBlock (anonymous) at (0,1117.31) size 769x16
        RenderBR {BR} at (0,0) size 0x16
      RenderBlock {HR} at (0,1141.31) size 769x2 [border: (1px inset #EEEEEE)]
      RenderBlock {H3} at (0,1162.03) size 769x19
        RenderText {#text} at (0,0) size 88x19
          text run at (0,0) width 88: "border-left"
      RenderBlock {P} at (0,1199.75) size 769x16
        RenderInline {CODE} at (0,0) size 55x13
          RenderText {#text} at (0,2) size 55x13
            text run at (0,2) width 55: "<table>"
        RenderText {#text} at (54,0) size 32x16
          text run at (54,0) width 32: " has "
        RenderInline {CODE} at (0,0) size 48x13
          RenderText {#text} at (85,2) size 48x13
            text run at (85,2) width 48: "border"
        RenderText {#text} at (132,0) size 75x16
          text run at (132,0) width 75: " attribute; "
        RenderInline {CODE} at (0,0) size 32x13
          RenderText {#text} at (206,2) size 32x13
            text run at (206,2) width 32: "<td>"
        RenderText {#text} at (237,0) size 41x16
          text run at (237,0) width 41: " have "
        RenderInline {CODE} at (0,0) size 297x13
          RenderText {#text} at (277,2) size 297x13
            text run at (277,2) width 297: "style=\"border-left: green 10px solid;\""
        RenderText {#text} at (573,0) size 5x16
          text run at (573,0) width 5: "."
      RenderTable {TABLE} at (0,1231.75) size 468x83 [border: (1px outset #808080)]
        RenderTableSection {TBODY} at (1,1) size 466x81
          RenderTableRow {TR} at (0,5) size 466x20
            RenderTableCell {TD} at (5,5) size 456x20 [border: (1px inset #808080) (10px solid #008000)] [r=0 c=0 rs=1 cs=2]
              RenderText {#text} at (11,2) size 443x16
                text run at (11,2) width 443: "Every cell in this table should have a 10-pixel solid green left border."
          RenderTableRow {TR} at (0,30) size 466x46
            RenderTableCell {TD} at (5,43) size 118x20 [border: (1px inset #808080) (10px solid #008000)] [r=1 c=0 rs=1 cs=1]
              RenderText {#text} at (11,2) size 54x16
                text run at (11,2) width 54: "Cell one"
            RenderTableCell {TD} at (128,30) size 333x46 [border: (1px inset #808080) (10px solid #008000)] [r=1 c=1 rs=1 cs=1]
              RenderBlock (anonymous) at (11,2) size 320x16
                RenderText {#text} at (0,0) size 55x16
                  text run at (0,0) width 55: "Cell two"
              RenderTable {TABLE} at (11,18) size 175x26 [border: (1px outset #808080)]
                RenderTableSection {TBODY} at (1,1) size 173x24
                  RenderTableRow {TR} at (0,2) size 173x20
                    RenderTableCell {TD} at (2,2) size 169x20 [border: (1px inset #808080) (10px solid #008000)] [r=0 c=0 rs=1 cs=1]
                      RenderText {#text} at (11,2) size 156x16
                        text run at (11,2) width 156: "Nested single-cell table!"
      RenderBlock (anonymous) at (0,1314.75) size 769x16
        RenderBR {BR} at (0,0) size 0x16
      RenderBlock {P} at (0,1346.75) size 769x16
        RenderInline {CODE} at (0,0) size 55x13
          RenderText {#text} at (0,2) size 55x13
            text run at (0,2) width 55: "<table>"
        RenderText {#text} at (54,0) size 69x16
          text run at (54,0) width 69: " has *no* "
        RenderInline {CODE} at (0,0) size 48x13
          RenderText {#text} at (122,2) size 48x13
            text run at (122,2) width 48: "border"
        RenderText {#text} at (169,0) size 75x16
          text run at (169,0) width 75: " attribute; "
        RenderInline {CODE} at (0,0) size 32x13
          RenderText {#text} at (243,2) size 32x13
            text run at (243,2) width 32: "<td>"
        RenderText {#text} at (274,0) size 41x16
          text run at (274,0) width 41: " have "
        RenderInline {CODE} at (0,0) size 297x13
          RenderText {#text} at (314,2) size 297x13
            text run at (314,2) width 297: "style=\"border-left: green 10px solid;\""
        RenderText {#text} at (610,0) size 5x16
          text run at (610,0) width 5: "."
      RenderTable {TABLE} at (0,1378.75) size 465x73
        RenderTableSection {TBODY} at (0,0) size 465x73
          RenderTableRow {TR} at (0,5) size 465x18
            RenderTableCell {TD} at (5,5) size 455x18 [border: none (10px solid #008000)] [r=0 c=0 rs=1 cs=2]
              RenderText {#text} at (11,1) size 443x16
                text run at (11,1) width 443: "Every cell in this table should have a 10-pixel solid green left border."
          RenderTableRow {TR} at (0,28) size 465x40
            RenderTableCell {TD} at (5,39) size 118x18 [border: none (10px solid #008000)] [r=1 c=0 rs=1 cs=1]
              RenderText {#text} at (11,1) size 54x16
                text run at (11,1) width 54: "Cell one"
            RenderTableCell {TD} at (128,28) size 332x40 [border: none (10px solid #008000)] [r=1 c=1 rs=1 cs=1]
              RenderBlock (anonymous) at (11,1) size 320x16
                RenderText {#text} at (0,0) size 55x16
                  text run at (0,0) width 55: "Cell two"
              RenderTable {TABLE} at (11,17) size 172x22
                RenderTableSection {TBODY} at (0,0) size 172x22
                  RenderTableRow {TR} at (0,2) size 172x18
                    RenderTableCell {TD} at (2,2) size 168x18 [border: none (10px solid #008000)] [r=0 c=0 rs=1 cs=1]
                      RenderText {#text} at (11,1) size 156x16
                        text run at (11,1) width 156: "Nested single-cell table!"
      RenderBlock (anonymous) at (0,1451.75) size 769x16
        RenderBR {BR} at (0,0) size 0x16
      RenderBlock {HR} at (0,1475.75) size 769x2 [border: (1px inset #EEEEEE)]
      RenderBlock {H3} at (0,1496.47) size 769x19
        RenderText {#text} at (0,0) size 56x19
          text run at (0,0) width 56: "border"
      RenderBlock {P} at (0,1534.19) size 769x16
        RenderInline {CODE} at (0,0) size 55x13
          RenderText {#text} at (0,2) size 55x13
            text run at (0,2) width 55: "<table>"
        RenderText {#text} at (54,0) size 32x16
          text run at (54,0) width 32: " has "
        RenderInline {CODE} at (0,0) size 48x13
          RenderText {#text} at (85,2) size 48x13
            text run at (85,2) width 48: "border"
        RenderText {#text} at (132,0) size 75x16
          text run at (132,0) width 75: " attribute; "
        RenderInline {CODE} at (0,0) size 32x13
          RenderText {#text} at (206,2) size 32x13
            text run at (206,2) width 32: "<td>"
        RenderText {#text} at (237,0) size 41x16
          text run at (237,0) width 41: " have "
        RenderInline {CODE} at (0,0) size 258x13
          RenderText {#text} at (277,2) size 258x13
            text run at (277,2) width 258: "style=\"border: green 10px solid;\""
        RenderText {#text} at (534,0) size 5x16
          text run at (534,0) width 5: "."
      RenderTable {TABLE} at (0,1566.19) size 452x137 [border: (1px outset #808080)]
        RenderTableSection {TBODY} at (1,1) size 450x135
          RenderTableRow {TR} at (0,5) size 450x38
            RenderTableCell {TD} at (5,5) size 440x38 [border: (10px solid #008000)] [r=0 c=0 rs=1 cs=2]
              RenderText {#text} at (11,11) size 418x16
                text run at (11,11) width 418: "Every cell in this table should have a 10-pixel solid green border."
          RenderTableRow {TR} at (0,48) size 450x82
            RenderTableCell {TD} at (5,70) size 117x38 [border: (10px solid #008000)] [r=1 c=0 rs=1 cs=1]
              RenderText {#text} at (11,11) size 54x16
                text run at (11,11) width 54: "Cell one"
            RenderTableCell {TD} at (127,48) size 318x82 [border: (10px solid #008000)] [r=1 c=1 rs=1 cs=1]
              RenderBlock (anonymous) at (11,11) size 296x16
                RenderText {#text} at (0,0) size 55x16
                  text run at (0,0) width 55: "Cell two"
              RenderTable {TABLE} at (11,27) size 184x44 [border: (1px outset #808080)]
                RenderTableSection {TBODY} at (1,1) size 182x42
                  RenderTableRow {TR} at (0,2) size 182x38
                    RenderTableCell {TD} at (2,2) size 178x38 [border: (10px solid #008000)] [r=0 c=0 rs=1 cs=1]
                      RenderText {#text} at (11,11) size 156x16
                        text run at (11,11) width 156: "Nested single-cell table!"
      RenderBlock (anonymous) at (0,1703.19) size 769x16
        RenderBR {BR} at (0,0) size 0x16
      RenderBlock {P} at (0,1735.19) size 769x16
        RenderInline {CODE} at (0,0) size 55x13
          RenderText {#text} at (0,2) size 55x13
            text run at (0,2) width 55: "<table>"
        RenderText {#text} at (54,0) size 69x16
          text run at (54,0) width 69: " has *no* "
        RenderInline {CODE} at (0,0) size 48x13
          RenderText {#text} at (122,2) size 48x13
            text run at (122,2) width 48: "border"
        RenderText {#text} at (169,0) size 75x16
          text run at (169,0) width 75: " attribute; "
        RenderInline {CODE} at (0,0) size 32x13
          RenderText {#text} at (243,2) size 32x13
            text run at (243,2) width 32: "<td>"
        RenderText {#text} at (274,0) size 41x16
          text run at (274,0) width 41: " have "
        RenderInline {CODE} at (0,0) size 258x13
          RenderText {#text} at (314,2) size 258x13
            text run at (314,2) width 258: "style=\"border: green 10px solid;\""
        RenderText {#text} at (571,0) size 5x16
          text run at (571,0) width 5: "."
      RenderTable {TABLE} at (0,1767.19) size 450x133
        RenderTableSection {TBODY} at (0,0) size 450x133
          RenderTableRow {TR} at (0,5) size 450x38
            RenderTableCell {TD} at (5,5) size 440x38 [border: (10px solid #008000)] [r=0 c=0 rs=1 cs=2]
              RenderText {#text} at (11,11) size 418x16
                text run at (11,11) width 418: "Every cell in this table should have a 10-pixel solid green border."
          RenderTableRow {TR} at (0,48) size 450x80
            RenderTableCell {TD} at (5,69) size 118x38 [border: (10px solid #008000)] [r=1 c=0 rs=1 cs=1]
              RenderText {#text} at (11,11) size 54x16
                text run at (11,11) width 54: "Cell one"
            RenderTableCell {TD} at (128,48) size 317x80 [border: (10px solid #008000)] [r=1 c=1 rs=1 cs=1]
              RenderBlock (anonymous) at (11,11) size 295x16
                RenderText {#text} at (0,0) size 55x16
                  text run at (0,0) width 55: "Cell two"
              RenderTable {TABLE} at (11,27) size 182x42
                RenderTableSection {TBODY} at (0,0) size 182x42
                  RenderTableRow {TR} at (0,2) size 182x38
                    RenderTableCell {TD} at (2,2) size 178x38 [border: (10px solid #008000)] [r=0 c=0 rs=1 cs=1]
                      RenderText {#text} at (11,11) size 156x16
                        text run at (11,11) width 156: "Nested single-cell table!"
