layer at (0,0) size 800x600
  RenderView at (0,0) size 800x600
layer at (0,0) size 800x600
  RenderBlock {HTML} at (0,0) size 800x600
    RenderBody {BODY} at (8,8) size 784x584
      RenderBlock {H3} at (0,0) size 784x19
        RenderText {#text} at (0,0) size 157x19
          text run at (0,0) width 157: "Thead/Tfoot/Tbody"
      RenderBlock {PRE} at (0,37.72) size 784x90
        RenderInline {FONT} at (0,0) size 319x90
          RenderText {#text} at (0,0) size 7x10
            text run at (0,0) width 7: " "
            text run at (6,0) width 1: " "
          RenderInline {B} at (0,0) size 31x10
            RenderText {#text} at (0,10) size 31x10
              text run at (0,10) width 31: "thead"
          RenderText {#text} at (30,10) size 319x20
            text run at (30,10) width 79: " Row 1;      "
            text run at (108,10) width 1: " "
            text run at (0,20) width 319: "      background-color: cyan;     text-align: center;"
          RenderBR {BR} at (318,28) size 1x0
          RenderText {#text} at (0,30) size 0x10
            text run at (0,30) width 0: " "
          RenderInline {B} at (0,0) size 31x10
            RenderText {#text} at (0,40) size 31x10
              text run at (0,40) width 31: "tbody"
          RenderText {#text} at (30,40) size 313x20
            text run at (30,40) width 79: " Rows 2,3,4; "
            text run at (108,40) width 1: " "
            text run at (0,50) width 313: "      background-color: #9999ff;  text-align: right;"
          RenderBR {BR} at (312,58) size 1x0
          RenderText {#text} at (0,60) size 0x10
            text run at (0,60) width 0: " "
          RenderInline {B} at (0,0) size 31x10
            RenderText {#text} at (0,70) size 31x10
              text run at (0,70) width 31: "tfoot"
          RenderText {#text} at (30,70) size 319x20
            text run at (30,70) width 79: " Rows 5, 6;  "
            text run at (108,70) width 1: " "
            text run at (0,80) width 319: "      background-color: #ff99ff;  text-align: center;"
            text run at (318,80) width 1: " "
      RenderTable {TABLE} at (0,140.72) size 784x198 [border: (1px outset #808080)]
        RenderTableSection {THEAD} at (1,1) size 782x36 [bgcolor=#00FFFF]
          RenderTableRow {TR} at (0,4) size 782x28
            RenderTableCell {TD} at (4,4) size 137x28 [border: (1px inset #808080)] [r=0 c=0 rs=1 cs=1]
              RenderText {#text} at (6,6) size 38x16
                text run at (6,6) width 38: "R1C1"
            RenderTableCell {TD} at (145,4) size 137x28 [border: (1px inset #808080)] [r=0 c=1 rs=1 cs=1]
              RenderText {#text} at (6,6) size 38x16
                text run at (6,6) width 38: "R1C2"
            RenderTableCell {TD} at (286,4) size 173x28 [border: (1px inset #808080)] [r=0 c=2 rs=1 cs=1]
              RenderText {#text} at (6,6) size 38x16
                text run at (6,6) width 38: "R1C3"
            RenderTableCell {TD} at (463,4) size 173x28 [border: (1px inset #808080)] [r=0 c=3 rs=2 cs=1]
              RenderText {#text} at (6,6) size 51x16
                text run at (6,6) width 51: "R1-2C4"
            RenderTableCell {TD} at (640,4) size 138x28 [border: (1px inset #808080)] [r=0 c=4 rs=1 cs=1]
              RenderText {#text} at (6,6) size 38x16
                text run at (6,6) width 38: "R1C5"
        RenderTableSection {TBODY} at (1,37) size 782x96 [bgcolor=#9999FF]
          RenderTableRow {TR} at (0,0) size 782x28
            RenderTableCell {TD} at (4,0) size 137x28 [border: (1px inset #808080)] [r=0 c=0 rs=1 cs=1]
              RenderText {#text} at (6,6) size 38x16
                text run at (6,6) width 38: "R2C1"
            RenderTableCell {TD} at (145,0) size 137x28 [border: (1px inset #808080)] [r=0 c=1 rs=1 cs=1]
              RenderText {#text} at (6,6) size 38x16
                text run at (6,6) width 38: "R2C3"
            RenderTableCell {TD} at (286,0) size 173x28 [border: (1px inset #808080)] [r=0 c=2 rs=1 cs=1]
              RenderText {#text} at (6,6) size 38x16
                text run at (6,6) width 38: "R2C3"
            RenderTableCell {TD} at (463,0) size 173x28 [border: (1px inset #808080)] [r=0 c=3 rs=1 cs=1]
              RenderText {#text} at (6,6) size 38x16
                text run at (6,6) width 38: "R2C5"
          RenderTableRow {TR} at (0,32) size 782x28
            RenderTableCell {TD} at (4,32) size 137x28 [border: (1px inset #808080)] [r=1 c=0 rs=1 cs=1]
              RenderText {#text} at (6,6) size 38x16
                text run at (6,6) width 38: "R3C1"
            RenderTableCell {TD} at (145,32) size 137x28 [border: (1px inset #808080)] [r=1 c=1 rs=1 cs=1]
              RenderText {#text} at (6,6) size 38x16
                text run at (6,6) width 38: "R3C2"
            RenderTableCell {TD} at (286,32) size 492x28 [border: (1px inset #808080)] [r=1 c=2 rs=1 cs=3]
              RenderText {#text} at (6,6) size 51x16
                text run at (6,6) width 51: "R3C3-5"
          RenderTableRow {TR} at (0,64) size 782x28
            RenderTableCell {TD} at (4,64) size 455x28 [border: (1px inset #808080)] [r=2 c=0 rs=1 cs=3]
              RenderText {#text} at (6,6) size 51x16
                text run at (6,6) width 51: "R4C1-3"
            RenderTableCell {TD} at (463,64) size 173x28 [border: (1px inset #808080)] [r=2 c=3 rs=3 cs=1]
              RenderText {#text} at (6,6) size 51x16
                text run at (6,6) width 51: "R4-6C4"
            RenderTableCell {TD} at (640,64) size 138x28 [border: (1px inset #808080)] [r=2 c=4 rs=1 cs=1]
              RenderText {#text} at (6,6) size 38x16
                text run at (6,6) width 38: "R4C5"
        RenderTableSection {TFOOT} at (1,133) size 782x64 [bgcolor=#FF99FF]
          RenderTableRow {TR} at (0,0) size 782x28
            RenderTableCell {TD} at (4,0) size 137x28 [border: (1px inset #808080)] [r=0 c=0 rs=1 cs=1]
              RenderText {#text} at (6,6) size 38x16
                text run at (6,6) width 38: "R5C1"
            RenderTableCell {TD} at (145,0) size 137x28 [border: (1px inset #808080)] [r=0 c=1 rs=1 cs=1]
              RenderText {#text} at (6,6) size 38x16
                text run at (6,6) width 38: "R5C2"
            RenderTableCell {TD} at (286,16) size 173x28 [border: (1px inset #808080)] [r=0 c=2 rs=2 cs=1]
              RenderText {#text} at (6,6) size 51x16
                text run at (6,6) width 51: "R5-6C3"
            RenderTableCell {TD} at (463,0) size 173x28 [border: (1px inset #808080)] [r=0 c=3 rs=1 cs=1]
              RenderText {#text} at (6,6) size 38x16
                text run at (6,6) width 38: "R5C5"
          RenderTableRow {TR} at (0,32) size 782x28
            RenderTableCell {TD} at (4,32) size 137x28 [border: (1px inset #808080)] [r=1 c=0 rs=1 cs=1]
              RenderText {#text} at (6,6) size 38x16
                text run at (6,6) width 38: "R6C1"
            RenderTableCell {TD} at (145,32) size 137x28 [border: (1px inset #808080)] [r=1 c=1 rs=1 cs=1]
              RenderText {#text} at (6,6) size 38x16
                text run at (6,6) width 38: "R6C2"
            RenderTableCell {TD} at (463,32) size 173x28 [border: (1px inset #808080)] [r=1 c=3 rs=1 cs=1]
              RenderText {#text} at (6,6) size 38x16
                text run at (6,6) width 38: "R6C5"
