layer at (0,0) size 800x600
  RenderView at (0,0) size 800x600
layer at (0,0) size 800x600
  RenderBlock {HTML} at (0,0) size 800x600
    RenderBody {BODY} at (8,8) size 784x584
      RenderTable {TABLE} at (0,0) size 784x58
        RenderTableSection {TBODY} at (0,0) size 784x58
          RenderTableRow {TR} at (0,2) size 784x2
            RenderTableCell {TD} at (2,2) size 780x2 [r=0 c=0 rs=1 cs=1]
          RenderTableRow {TR} at (0,6) size 784x50
            RenderTableCell {TD} at (2,6) size 780x50 [r=1 c=0 rs=1 cs=1]
              RenderBlock (anonymous) at (1,1) size 778x32
                RenderText {#text} at (0,0) size 771x32
                  text run at (0,0) width 771: "BlaBlaBla Bla BlaBla BlaBlaBlaBla Bla Bla Bla BlaBlaBla BlaBla Bla BlaBla BlaBlaBlaBla BlaBla Bla BlaBla BlaBla"
                  text run at (0,16) width 23: "Bla"
              RenderBlock {P} at (1,49) size 778x0
      RenderBlock (anonymous) at (0,58) size 784x16
        RenderBR {BR} at (0,0) size 0x16
      RenderTable {TABLE} at (0,74) size 784x58
        RenderTableSection {TBODY} at (0,0) size 784x58
          RenderTableRow {TR} at (0,2) size 784x50
            RenderTableCell {TD} at (2,2) size 780x50 [r=0 c=0 rs=1 cs=1]
              RenderBlock (anonymous) at (1,1) size 778x32
                RenderText {#text} at (0,0) size 771x32
                  text run at (0,0) width 771: "BlaBlaBla Bla BlaBla BlaBlaBlaBla Bla Bla Bla BlaBlaBla BlaBla Bla BlaBla BlaBlaBlaBla BlaBla Bla BlaBla BlaBla"
                  text run at (0,16) width 23: "Bla"
              RenderBlock {P} at (1,49) size 778x0
          RenderTableRow {TR} at (0,54) size 784x2
            RenderTableCell {TD} at (2,54) size 780x2 [r=1 c=0 rs=1 cs=1]
