layer at (0,0) size 800x600
  RenderView at (0,0) size 800x600
layer at (0,0) size 800x332
  RenderBlock {HTML} at (0,0) size 800x332.44
    RenderBody {BODY} at (8,18.72) size 784x305.72
      RenderBlock {H3} at (0,0) size 784x19
        RenderText {#text} at (0,0) size 515x19
          text run at (0,0) width 515: "SPAN attribute of COL element being ignored in Mozilla 1.0 rc1"
      RenderBlock {P} at (0,37.72) size 784x32
        RenderText {#text} at (0,0) size 749x32
          text run at (0,0) width 749: "(Note: this is a regression bug - I don't know when it appeared, but I remember the SPAN attribute on COL elements"
          text run at (0,16) width 279: "worked fine sometime before Mozilla 0.9.6)"
      RenderBlock {P} at (0,85.72) size 784x16
        RenderText {#text} at (0,0) size 356x16
          text run at (0,0) width 356: "The following TABLE has a COLGROUP structure of:"
      RenderBlock {PRE} at (15,117.72) size 769x52 [color=#000066]
        RenderText {#text} at (0,0) size 211x52
          text run at (0,0) width 79: "<colgroup>"
          text run at (78,0) width 1: " "
          text run at (0,13) width 211: " <col width=\"100\" span=\"2\">"
          text run at (210,13) width 1: " "
          text run at (0,26) width 141: " <col width=\"200\">"
          text run at (140,26) width 1: " "
          text run at (0,39) width 86: "</colgroup>"
          text run at (85,39) width 1: " "
      RenderBlock {P} at (0,185.72) size 784x16
        RenderText {#text} at (0,0) size 564x16
          text run at (0,0) width 564: "So the first two colums should both be 100px wide, and the third should be 200px wide."
      RenderBlock {P} at (0,217.72) size 784x16
        RenderText {#text} at (0,0) size 582x16
          text run at (0,0) width 582: "However, the first column is 100px, the second is 200px, and the third is the default width."
      RenderBlock {P} at (0,249.72) size 784x16
        RenderText {#text} at (0,0) size 386x16
          text run at (0,0) width 386: "So it would appear that the SPAN attribute is being ignored."
      RenderTable {TABLE} at (0,281.72) size 408x24
        RenderTableCol {COLGROUP} at (0,0) size 0x0
          RenderTableCol {COL} at (0,0) size 0x0
          RenderTableCol {COL} at (0,0) size 0x0
        RenderTableSection {TBODY} at (0,0) size 408x24
          RenderTableRow {TR} at (0,2) size 408x20
            RenderTableCell {TD} at (2,2) size 100x20 [border: (1px solid #000000)] [r=0 c=0 rs=1 cs=1]
              RenderText {#text} at (2,2) size 32x16
                text run at (2,2) width 32: "col 1"
            RenderTableCell {TD} at (104,2) size 100x20 [border: (1px solid #000000)] [r=0 c=1 rs=1 cs=1]
              RenderText {#text} at (2,2) size 32x16
                text run at (2,2) width 32: "col 2"
            RenderTableCell {TD} at (206,2) size 200x20 [border: (1px solid #000000)] [r=0 c=2 rs=1 cs=1]
              RenderText {#text} at (2,2) size 32x16
                text run at (2,2) width 32: "col 3"
