layer at (0,0) size 800x600
  RenderView at (0,0) size 800x600
layer at (0,0) size 800x600
  RenderBlock {HTML} at (0,0) size 800x600
    RenderBody {BODY} at (8,8) size 784x584
      RenderBlock (anonymous) at (0,0) size 784x32
        RenderText {#text} at (0,0) size 268x16
          text run at (0,0) width 268: "Tables: both lines should be 1 pixel thick."
        RenderBR {BR} at (267,12) size 1x0
        RenderBR {BR} at (0,16) size 0x16
      RenderTable {TABLE} at (0,32) size 37x5
        RenderTableSection {TBODY} at (0,0) size 37x5
          RenderTableRow {TR} at (0,2) size 37x1
            RenderTableCell {TD} at (2,2) size 31x1 [bgcolor=#FF0000] [r=0 c=0 rs=1 cs=1]
              RenderImage {IMG} at (0,0) size 30x1
            RenderTableCell {TD} at (35,2) size 0x0 [r=0 c=1 rs=1 cs=1]
      RenderBlock (anonymous) at (0,37) size 784x16
        RenderBR {BR} at (0,0) size 0x16
      RenderTable {TABLE} at (0,53) size 34x5
        RenderTableSection {TBODY} at (0,0) size 34x5
          RenderTableRow {TR} at (0,2) size 34x1
            RenderTableCell {TD} at (2,2) size 30x1 [bgcolor=#FF0000] [r=0 c=0 rs=1 cs=1]
              RenderImage {IMG} at (0,0) size 30x1
      RenderBlock (anonymous) at (0,58) size 784x156
        RenderBR {BR} at (0,0) size 0x16
        RenderBR {BR} at (0,16) size 0x16
        RenderBR {BR} at (0,32) size 0x16
        RenderText {#text} at (0,48) size 403x16
          text run at (0,48) width 224: "2 texts, FACE=\"Arial, Helvetica\", "
          text run at (223,48) width 180: "1st at size=0, 2nd at size=-4"
        RenderBR {BR} at (402,60) size 1x0
        RenderBR {BR} at (0,64) size 0x16
        RenderInline {FONT} at (0,0) size 101x22
          RenderText {#text} at (0,80) size 101x11
            text run at (0,80) width 101: "Detonator 3.53 Drivers"
          RenderBR {BR} at (100,89) size 1x0
          RenderText {#text} at (0,91) size 74x11
            text run at (0,91) width 74: "Available NOW! "
        RenderBR {BR} at (73,100) size 1x0
        RenderBR {BR} at (0,102) size 0x16
        RenderInline {FONT} at (0,0) size 101x22
          RenderText {#text} at (0,118) size 101x11
            text run at (0,118) width 101: "Detonator 3.53 Drivers"
          RenderBR {BR} at (100,127) size 1x0
          RenderText {#text} at (0,129) size 74x11
            text run at (0,129) width 74: "Available NOW! "
        RenderBR {BR} at (73,138) size 1x0
        RenderBR {BR} at (0,140) size 0x16
