layer at (0,0) size 800x600
  RenderView at (0,0) size 800x600
layer at (0,0) size 800x218
  RenderBlock {HTML} at (0,0) size 800x218
    RenderBody {BODY} at (8,8) size 784x202
      RenderTable {TABLE} at (0,0) size 705x202 [border: (1px outset #808080)]
        RenderTableSection {TBODY} at (1,1) size 703x200
          RenderTableRow {TR} at (0,2) size 703x196
            RenderTableCell {TD} at (2,2) size 699x196 [border: (1px inset #808080)] [r=0 c=0 rs=1 cs=1]
              RenderInline {A} at (0,0) size 109x32 [color=#0000EE]
                RenderText {#text} at (2,2) size 109x32
                  text run at (2,2) width 109: "Xandros"
              RenderText {#text} at (110,2) size 664x192
                text run at (110,2) width 9: " "
                text run at (118,2) width 547: "in the news. text text text text text text text"
                text run at (2,34) width 280: "text text text text text "
                text run at (281,34) width 385: "text text text text text text text"
                text run at (2,66) width 448: "text text text text text text text text "
                text run at (449,66) width 217: "text text text text"
                text run at (2,98) width 616: "text text text text text text text text text text text "
                text run at (617,98) width 49: "text"
                text run at (2,130) width 664: "text text text text text text text text text text text text"
                text run at (2,162) width 56: "text."
