layer at (0,0) size 800x600
  RenderView at (0,0) size 800x600
layer at (0,0) size 800x600
  RenderBlock {HTML} at (0,0) size 800x600
    RenderBody {BODY} at (8,8) size 784x584
      RenderTable {TABLE} at (0,0) size 784x76 [bgcolor=#FFFF00] [border: (1px outset #808080)]
        RenderTableSection {TBODY} at (1,1) size 782x74
          RenderTableRow {TR} at (0,0) size 782x74
            RenderTableCell {TD} at (0,27) size 74x20 [bgcolor=#FF0000] [border: (1px inset #808080)] [r=0 c=0 rs=1 cs=1]
              RenderText {#text} at (25,2) size 24x16
                text run at (25,2) width 24: "xxx"
            RenderTableCell {TD} at (74,0) size 634x74 [border: (1px inset #808080)] [r=0 c=1 rs=1 cs=1]
              RenderTable {TABLE} at (2,2) size 630x22 [bgcolor=#00FF00] [border: (1px outset #808080)]
                RenderTableSection {TBODY} at (1,1) size 628x20
                  RenderTableRow {TR} at (0,0) size 628x20
                    RenderTableCell {TH} at (0,0) size 628x20 [border: (1px inset #808080)] [r=0 c=0 rs=1 cs=1]
                      RenderText {#text} at (165,2) size 298x16
                        text run at (165,2) width 298: "IceWM, The Window Manager Cool As Ice"
              RenderBlock {P} at (2,40) size 630x32
                RenderText {#text} at (0,0) size 369x16
                  text run at (0,0) width 369: "IceWM is a small, but powerful window manager for the "
                RenderInline {A} at (0,0) size 139x16 [color=#0000EE]
                  RenderText {#text} at (368,0) size 139x16
                    text run at (368,0) width 139: "X11 Window System"
                RenderText {#text} at (506,0) size 625x32
                  text run at (506,0) width 119: " whose main goals"
                  text run at (0,16) width 114: "are the following:"
            RenderTableCell {TD} at (708,27) size 74x20 [bgcolor=#0000FF] [border: (1px inset #808080)] [r=0 c=2 rs=1 cs=1]
              RenderText {#text} at (25,2) size 24x16
                text run at (25,2) width 24: "yyy"
