layer at (0,0) size 800x600
  RenderView at (0,0) size 800x600
layer at (0,0) size 800x600
  RenderBlock {HTML} at (0,0) size 800x600
    RenderBody {BODY} at (8,8) size 784x576
      RenderBlock {FORM} at (0,0) size 784x190
        RenderBlock {HR} at (0,0) size 602x2 [border: (1px inset #EEEEEE)]
        RenderTable {TABLE} at (0,10) size 600x180
          RenderTableSection {TBODY} at (0,0) size 600x180
            RenderTableRow {TR} at (0,2) size 600x44
              RenderTableCell {TD} at (2,2) size 594x44 [r=0 c=0 rs=1 cs=3]
                RenderImage {IMG} at (7.50,1) size 579x42
                RenderText {#text} at (0,0) size 0x0
            RenderTableRow {TR} at (0,48) size 600x55
              RenderTableCell {TD} at (2,58) size 594x34 [bgcolor=#99CCCC] [r=1 c=0 rs=1 cs=3]
                RenderInline {FONT} at (0,0) size 128x15
                  RenderInline {B} at (0,0) size 128x15
                    RenderText {#text} at (77,3) size 128x15
                      text run at (77,3) width 128: "Search the Web with"
                RenderText {#text} at (204,3) size 5x16
                  text run at (204,3) width 5: " "
                RenderMenuList {SELECT} at (208.52,2) size 80x18 [bgcolor=#F8F8F8]
                  RenderBlock (anonymous) at (0,0) size 80x18
                    RenderText at (8,2) size 49x13
                      text run at (8,2) width 49: "Netscape"
                RenderTextControl {INPUT} at (288.52,1) size 173x19 [bgcolor=#FFFFFF] [border: (2px inset #EEEEEE)]
                RenderText {#text} at (461,3) size 5x16
                  text run at (461,3) width 5: " "
                RenderButton {INPUT} at (465.52,2) size 51.09x18 [bgcolor=#C0C0C0]
                  RenderBlock (anonymous) at (8,2.50) size 35.09x13
                    RenderText {#text} at (0,0) size 36x13
                      text run at (0,0) width 36: "Search"
                RenderBR {BR} at (516,15) size 1x0
                RenderInline {SMALL} at (0,0) size 570x13
                  RenderInline {A} at (0,0) size 101x13 [color=#0000EE]
                    RenderText {#text} at (12,20) size 101x13
                      text run at (12,20) width 101: "Classifieds< /A>   "
                  RenderInline {A} at (0,0) size 60x13 [color=#0000EE]
                    RenderText {#text} at (112,20) size 60x13
                      text run at (112,20) width 23: "Net "
                      text run at (134,20) width 38: "Search"
                  RenderText {#text} at (171,20) size 11x13
                    text run at (171,20) width 11: "   "
                  RenderInline {A} at (0,0) size 83x13 [color=#0000EE]
                    RenderText {#text} at (181,20) size 83x13
                      text run at (181,20) width 57: "Find Web "
                      text run at (237,20) width 27: "Sites"
                  RenderText {#text} at (263,20) size 11x13
                    text run at (263,20) width 4: " "
                    text run at (266,20) width 8: "  "
                  RenderInline {A} at (0,0) size 66x13 [color=#0000EE]
                    RenderText {#text} at (273,20) size 66x13
                      text run at (273,20) width 41: "What's "
                      text run at (313,20) width 26: "Cool"
                  RenderText {#text} at (338,20) size 11x13
                    text run at (338,20) width 11: "   "
                  RenderInline {A} at (0,0) size 66x13 [color=#0000EE]
                    RenderText {#text} at (348,20) size 66x13
                      text run at (348,20) width 66: "What's New"
                  RenderText {#text} at (413,20) size 11x13
                    text run at (413,20) width 11: "   "
                  RenderInline {A} at (0,0) size 76x13 [color=#0000EE]
                    RenderText {#text} at (423,20) size 76x13
                      text run at (423,20) width 76: "People Finder"
                  RenderText {#text} at (498,20) size 11x13
                    text run at (498,20) width 11: "   "
                  RenderInline {A} at (0,0) size 74x13 [color=#0000EE]
                    RenderText {#text} at (508,20) size 74x13
                      text run at (508,20) width 74: "Yellow Pages"
                  RenderText {#text} at (0,0) size 0x0
                RenderText {#text} at (0,0) size 0x0
            RenderTableRow {TR} at (0,105) size 600x48
              RenderTableCell {TD} at (2,113) size 159x32 [r=2 c=0 rs=1 cs=1]
                RenderInline {A} at (0,0) size 117x31 [color=#0000EE]
                  RenderInline {FONT} at (0,0) size 117x30 [color=#CC0033]
                    RenderText {#text} at (21,1) size 117x30
                      text run at (21,1) width 117: "Download Netscape"
                      text run at (26,16) width 107: "Communicator 4.5"
              RenderTableCell {TD} at (163,105) size 270x48 [r=2 c=1 rs=1 cs=1]
                RenderInline {A} at (0,0) size 232x24 [color=#0000EE]
                  RenderImage {IMG} at (19,1) size 232x35 [border: (1px solid #0000EE)]
                  RenderBR {BR} at (251,36) size 0x0
                  RenderInline {FONT} at (0,0) size 48x11
                    RenderText {#text} at (111,36) size 48x11
                      text run at (111,36) width 48: "Click Here!"
                RenderBR {BR} at (158,44) size 1x0
              RenderTableCell {TD} at (435,120) size 161x17 [r=2 c=2 rs=1 cs=1]
                RenderInline {A} at (0,0) size 131x16 [color=#0000EE]
                  RenderInline {FONT} at (0,0) size 131x15 [color=#0066FF]
                    RenderText {#text} at (15,1) size 131x15
                      text run at (15,1) width 131: "Hassle-Free Upgrades"
                RenderText {#text} at (0,0) size 0x0
            RenderTableRow {TR} at (0,155) size 600x18
              RenderTableCell {TD} at (2,155) size 594x18 [r=3 c=0 rs=1 cs=3]
                RenderInline {A} at (0,0) size 49x16 [color=#0000EE]
                  RenderInline {FONT} at (0,0) size 49x15 [color=#0066FF]
                    RenderInline {B} at (0,0) size 49x15
                      RenderText {#text} at (15,1) size 49x15
                        text run at (15,1) width 49: "Contact"
                RenderText {#text} at (63,1) size 13x16
                  text run at (63,1) width 13: " : "
                RenderInline {SMALL} at (0,0) size 504x13
                  RenderInline {A} at (0,0) size 77x13 [color=#0000EE]
                    RenderText {#text} at (75,3) size 77x13
                      text run at (75,3) width 77: "Address Book"
                  RenderText {#text} at (151,3) size 12x13
                    text run at (151,3) width 12: " - "
                  RenderInline {A} at (0,0) size 65x13 [color=#0000EE]
                    RenderText {#text} at (162,3) size 65x13
                      text run at (162,3) width 65: "Discussions"
                  RenderText {#text} at (226,3) size 12x13
                    text run at (226,3) width 12: " - "
                  RenderInline {A} at (0,0) size 99x13 [color=#0000EE]
                    RenderText {#text} at (237,3) size 99x13
                      text run at (237,3) width 99: "Instant Messenger"
                  RenderText {#text} at (335,3) size 12x13
                    text run at (335,3) width 12: " - "
                  RenderInline {A} at (0,0) size 79x13 [color=#0000EE]
                    RenderText {#text} at (346,3) size 79x13
                      text run at (346,3) width 79: "Long Distance"
                  RenderText {#text} at (424,3) size 12x13
                    text run at (424,3) width 12: " - "
                  RenderInline {A} at (0,0) size 51x13 [color=#0000EE]
                    RenderText {#text} at (435,3) size 51x13
                      text run at (435,3) width 51: "Members"
                  RenderText {#text} at (485,3) size 12x13
                    text run at (485,3) width 12: " - "
                  RenderInline {A} at (0,0) size 83x13 [color=#0000EE]
                    RenderText {#text} at (496,3) size 83x13
                      text run at (496,3) width 83: "WebMail< /A>"
                RenderInline {A} at (0,0) size 1x16 [color=#0000EE]
                  RenderText {#text} at (0,0) size 0x0
            RenderTableRow {TR} at (0,175) size 600x3
              RenderTableCell {TD} at (2,175) size 596x3 [bgcolor=#99CCCC] [r=4 c=0 rs=1 cs=4]
                RenderTable {TABLE} at (1,1) size 1x1
                  RenderTableSection {TBODY} at (0,0) size 1x1
                    RenderTableRow {TR} at (0,0) size 1x1
                      RenderTableCell {TD} at (0,0) size 0x0 [r=0 c=0 rs=1 cs=1]
layer at (302,80) size 167x13
  RenderBlock {DIV} at (3,3) size 167x13
