layer at (0,0) size 800x600
  RenderView at (0,0) size 800x600
layer at (0,0) size 800x600
  RenderBlock {HTML} at (0,0) size 800x600
    RenderBody {BODY} at (8,8) size 784x584 [bgcolor=#FFFFFF]
      RenderBlock {H4} at (0,0) size 784x16
        RenderText {#text} at (0,0) size 158x16
          text run at (0,0) width 158: "Testcase distilled from "
        RenderInline {A} at (0,0) size 170x16 [color=#0000EE]
          RenderText {#text} at (157,0) size 170x16
            text run at (157,0) width 170: "http://www.weather.com"
      RenderTable {TABLE} at (0,37.27) size 450x178
        RenderTableSection {TBODY} at (0,0) size 450x178
          RenderTableRow {TR} at (0,0) size 450x24
            RenderTableCell {TD} at (0,0) size 325x17 [r=0 c=0 rs=1 cs=3]
              RenderImage {IMG} at (0,0) size 318x17
            RenderTableCell {TD} at (325,0) size 125x178 [r=0 c=3 rs=2 cs=1]
              RenderTable {TABLE} at (0,0) size 125x178 [bgcolor=#E0EBF5]
                RenderTableSection {TBODY} at (0,0) size 125x178
                  RenderTableRow {TR} at (0,0) size 125x178
                    RenderTableCell {TD} at (0,0) size 125x178 [r=0 c=0 rs=1 cs=1]
                      RenderImage {IMG} at (0,0) size 125x34
                      RenderBR {BR} at (125,34) size 0x0
                      RenderText {#text} at (0,34) size 122x32
                        text run at (0,34) width 122: "Jose moving out to"
                        text run at (0,50) width 21: "sea"
                      RenderBR {BR} at (20,62) size 1x0
                      RenderBR {BR} at (0,66) size 0x16
                      RenderBR {BR} at (0,82) size 0x16
                      RenderBR {BR} at (0,98) size 0x16
                      RenderBR {BR} at (0,114) size 0x16
                      RenderBR {BR} at (0,130) size 0x16
                      RenderBR {BR} at (0,146) size 0x16
                      RenderBR {BR} at (0,162) size 0x16
          RenderTableRow {TR} at (0,24) size 450x154
            RenderTableCell {TD} at (0,24) size 167x105 [r=1 c=0 rs=1 cs=1]
              RenderImage {IMG} at (0,0) size 167x105
              RenderText {#text} at (0,0) size 0x0
            RenderTableCell {TD} at (167,93) size 4x16 [r=1 c=1 rs=1 cs=1]
              RenderText {#text} at (0,0) size 4x16
                text run at (0,0) width 4: " "
            RenderTableCell {TD} at (171,24) size 154x75 [r=1 c=2 rs=1 cs=1]
              RenderInline {FONT} at (0,0) size 144x75
                RenderInline {B} at (0,0) size 66x15
                  RenderText {#text} at (0,0) size 66x15
                    text run at (0,0) width 66: "Chilly time"
                RenderBR {BR} at (65,12) size 1x0
                RenderText {#text} at (0,15) size 144x60
                  text run at (0,15) width 120: "Though the calendar"
                  text run at (0,30) width 121: "disagrees, the feel of"
                  text run at (0,45) width 144: "winter is in the air across"
                  text run at (0,60) width 102: "much of the East."
              RenderText {#text} at (0,0) size 0x0
