layer at (0,0) size 800x600
  RenderView at (0,0) size 800x600
layer at (0,0) size 800x600
  RenderBlock {HTML} at (0,0) size 800x600
    RenderBody {BODY} at (8,8) size 784x584
      RenderBlock (anonymous) at (0,0) size 784x16
        RenderText {#text} at (0,0) size 287x16
          text run at (0,0) width 287: "border=\"0\" cellspacing=\"0\" cellpadding=\"0\""
      RenderTable {TABLE} at (0,16) size 784x32 [bgcolor=#DDDD33]
        RenderTableSection {TBODY} at (0,0) size 784x32
          RenderTableRow {TR} at (0,0) size 784x32
            RenderTableCell {TD} at (0,16) size 12x0 [r=0 c=0 rs=1 cs=1]
            RenderTableCell {TD} at (12,0) size 760x32 [r=0 c=1 rs=1 cs=1]
            RenderTableCell {TD} at (772,16) size 12x0 [r=0 c=2 rs=1 cs=1]
      RenderBlock (anonymous) at (0,48) size 784x16
        RenderText {#text} at (0,0) size 211x16
          text run at (0,0) width 211: "cellspacing=\"0\" cellpadding=\"0\""
      RenderTable {TABLE} at (0,64) size 784x32 [bgcolor=#CCCCFF]
        RenderTableSection {TBODY} at (0,0) size 784x32
          RenderTableRow {TR} at (0,0) size 784x32
            RenderTableCell {TD} at (0,16) size 12x0 [r=0 c=0 rs=1 cs=1]
            RenderTableCell {TD} at (12,0) size 760x32 [r=0 c=1 rs=1 cs=1]
            RenderTableCell {TD} at (772,16) size 12x0 [r=0 c=2 rs=1 cs=1]
      RenderBlock (anonymous) at (0,96) size 784x16
        RenderText {#text} at (0,0) size 105x16
          text run at (0,0) width 105: "cellpadding=\"0\""
      RenderTable {TABLE} at (0,112) size 784x36 [bgcolor=#FF9999]
        RenderTableSection {TBODY} at (0,0) size 784x36
          RenderTableRow {TR} at (0,2) size 784x32
            RenderTableCell {TD} at (2,18) size 12x0 [r=0 c=0 rs=1 cs=1]
            RenderTableCell {TD} at (16,2) size 752x32 [r=0 c=1 rs=1 cs=1]
            RenderTableCell {TD} at (770,18) size 12x0 [r=0 c=2 rs=1 cs=1]
      RenderBlock (anonymous) at (0,148) size 784x16
        RenderText {#text} at (0,0) size 181x16
          text run at (0,0) width 181: "border=\"0\" cellpadding=\"0\""
      RenderTable {TABLE} at (0,164) size 784x36 [bgcolor=#AAEEBB]
        RenderTableSection {TBODY} at (0,0) size 784x36
          RenderTableRow {TR} at (0,2) size 784x32
            RenderTableCell {TD} at (2,18) size 12x0 [r=0 c=0 rs=1 cs=1]
            RenderTableCell {TD} at (16,2) size 752x32 [r=0 c=1 rs=1 cs=1]
            RenderTableCell {TD} at (770,18) size 12x0 [r=0 c=2 rs=1 cs=1]
      RenderBlock (anonymous) at (0,200) size 784x16
        RenderInline {FONT} at (0,0) size 31x16 [color=#0000FF]
          RenderText {#text} at (0,0) size 31x16
            text run at (0,0) width 31: "right"
        RenderText {#text} at (30,0) size 77x16
          text run at (30,0) width 77: " border=\"0\""
      RenderTable {TABLE} at (0,216) size 784x38 [bgcolor=#FFCCEE]
        RenderTableSection {TBODY} at (0,0) size 784x38
          RenderTableRow {TR} at (0,2) size 784x34
            RenderTableCell {TD} at (2,18) size 14x2 [r=0 c=0 rs=1 cs=1]
            RenderTableCell {TD} at (18,2) size 748x34 [r=0 c=1 rs=1 cs=1]
            RenderTableCell {TD} at (768,18) size 14x2 [r=0 c=2 rs=1 cs=1]
      RenderBlock (anonymous) at (0,254) size 784x16
        RenderInline {FONT} at (0,0) size 31x16 [color=#0000FF]
          RenderText {#text} at (0,0) size 31x16
            text run at (0,0) width 31: "right"
        RenderText {#text} at (30,0) size 109x16
          text run at (30,0) width 109: " cellpadding=\"1\""
      RenderTable {TABLE} at (0,270) size 784x38 [bgcolor=#66DDFF]
        RenderTableSection {TBODY} at (0,0) size 784x38
          RenderTableRow {TR} at (0,2) size 784x34
            RenderTableCell {TD} at (2,18) size 14x2 [r=0 c=0 rs=1 cs=1]
            RenderTableCell {TD} at (18,2) size 748x34 [r=0 c=1 rs=1 cs=1]
            RenderTableCell {TD} at (768,18) size 14x2 [r=0 c=2 rs=1 cs=1]
      RenderBlock (anonymous) at (0,308) size 784x16
        RenderInline {FONT} at (0,0) size 31x16 [color=#0000FF]
          RenderText {#text} at (0,0) size 31x16
            text run at (0,0) width 31: "right"
        RenderText {#text} at (30,0) size 291x16
          text run at (30,0) width 291: " border=\"1\" cellspacing=\"0\" cellpadding=\"0\""
      RenderTable {TABLE} at (0,324) size 784x36 [bgcolor=#EEEEEE] [border: (1px outset #808080)]
        RenderTableSection {TBODY} at (1,1) size 782x34
          RenderTableRow {TR} at (0,0) size 782x34
            RenderTableCell {TD} at (0,16) size 14x2 [border: (1px inset #808080)] [r=0 c=0 rs=1 cs=1]
            RenderTableCell {TD} at (14,0) size 754x34 [border: (1px inset #808080)] [r=0 c=1 rs=1 cs=1]
            RenderTableCell {TD} at (768,16) size 14x2 [border: (1px inset #808080)] [r=0 c=2 rs=1 cs=1]
      RenderBlock (anonymous) at (0,360) size 784x16
        RenderInline {FONT} at (0,0) size 31x16 [color=#0000FF]
          RenderText {#text} at (0,0) size 31x16
            text run at (0,0) width 31: "right"
        RenderText {#text} at (30,0) size 183x16
          text run at (30,0) width 183: " border=\"1\" cellspacing=\"0\""
      RenderTable {TABLE} at (0,376) size 784x38 [bgcolor=#FFCC66] [border: (1px outset #808080)]
        RenderTableSection {TBODY} at (1,1) size 782x36
          RenderTableRow {TR} at (0,0) size 782x36
            RenderTableCell {TD} at (0,16) size 16x4 [border: (1px inset #808080)] [r=0 c=0 rs=1 cs=1]
            RenderTableCell {TD} at (16,0) size 750x36 [border: (1px inset #808080)] [r=0 c=1 rs=1 cs=1]
            RenderTableCell {TD} at (766,16) size 16x4 [border: (1px inset #808080)] [r=0 c=2 rs=1 cs=1]
      RenderBlock (anonymous) at (0,414) size 784x16
        RenderInline {FONT} at (0,0) size 31x16 [color=#0000FF]
          RenderText {#text} at (0,0) size 31x16
            text run at (0,0) width 31: "right"
        RenderText {#text} at (30,0) size 77x16
          text run at (30,0) width 77: " border=\"1\""
      RenderTable {TABLE} at (0,430) size 784x42 [bgcolor=#CCFF33] [border: (1px outset #808080)]
        RenderTableSection {TBODY} at (1,1) size 782x40
          RenderTableRow {TR} at (0,2) size 782x36
            RenderTableCell {TD} at (2,18) size 16x4 [border: (1px inset #808080)] [r=0 c=0 rs=1 cs=1]
            RenderTableCell {TD} at (20,2) size 742x36 [border: (1px inset #808080)] [r=0 c=1 rs=1 cs=1]
            RenderTableCell {TD} at (764,18) size 16x4 [border: (1px inset #808080)] [r=0 c=2 rs=1 cs=1]
layer at (20,24) size 760x32 clip at (21,25) size 758x30
  RenderTextControl {TEXTAREA} at (0,0) size 760x32 [bgcolor=#FFFFFF] [border: (1px solid #000000)]
    RenderBlock {DIV} at (3,3) size 754x13
      RenderText {#text} at (0,0) size 20x13
        text run at (0,0) width 20: "test"
layer at (20,72) size 760x32 clip at (21,73) size 758x30
  RenderTextControl {TEXTAREA} at (0,0) size 760x32 [bgcolor=#FFFFFF] [border: (1px solid #000000)]
    RenderBlock {DIV} at (3,3) size 754x13
      RenderText {#text} at (0,0) size 20x13
        text run at (0,0) width 20: "test"
layer at (24,122) size 752x32 clip at (25,123) size 750x30
  RenderTextControl {TEXTAREA} at (0,0) size 752x32 [bgcolor=#FFFFFF] [border: (1px solid #000000)]
    RenderBlock {DIV} at (3,3) size 746x13
      RenderText {#text} at (0,0) size 20x13
        text run at (0,0) width 20: "test"
layer at (24,174) size 752x32 clip at (25,175) size 750x30
  RenderTextControl {TEXTAREA} at (0,0) size 752x32 [bgcolor=#FFFFFF] [border: (1px solid #000000)]
    RenderBlock {DIV} at (3,3) size 746x13
      RenderText {#text} at (0,0) size 20x13
        text run at (0,0) width 20: "test"
layer at (27,227) size 746x32 clip at (28,228) size 744x30
  RenderTextControl {TEXTAREA} at (1,1) size 746x32 [bgcolor=#FFFFFF] [border: (1px solid #000000)]
    RenderBlock {DIV} at (3,3) size 740x13
      RenderText {#text} at (0,0) size 20x13
        text run at (0,0) width 20: "test"
layer at (27,281) size 746x32 clip at (28,282) size 744x30
  RenderTextControl {TEXTAREA} at (1,1) size 746x32 [bgcolor=#FFFFFF] [border: (1px solid #000000)]
    RenderBlock {DIV} at (3,3) size 740x13
      RenderText {#text} at (0,0) size 20x13
        text run at (0,0) width 20: "test"
layer at (24,334) size 752x32 clip at (25,335) size 750x30
  RenderTextControl {TEXTAREA} at (1,1) size 752x32 [bgcolor=#FFFFFF] [border: (1px solid #000000)]
    RenderBlock {DIV} at (3,3) size 746x13
      RenderText {#text} at (0,0) size 20x13
        text run at (0,0) width 20: "test"
layer at (27,387) size 746x32 clip at (28,388) size 744x30
  RenderTextControl {TEXTAREA} at (2,2) size 746x32 [bgcolor=#FFFFFF] [border: (1px solid #000000)]
    RenderBlock {DIV} at (3,3) size 740x13
      RenderText {#text} at (0,0) size 20x13
        text run at (0,0) width 20: "test"
layer at (31,443) size 738x32 clip at (32,444) size 736x30
  RenderTextControl {TEXTAREA} at (2,2) size 738x32 [bgcolor=#FFFFFF] [border: (1px solid #000000)]
    RenderBlock {DIV} at (3,3) size 732x13
      RenderText {#text} at (0,0) size 20x13
        text run at (0,0) width 20: "test"
