layer at (0,0) size 800x600
  RenderView at (0,0) size 800x600
layer at (0,0) size 800x424
  RenderBlock {HTML} at (0,0) size 800x424
    RenderBody {BODY} at (8,8) size 784x403
      RenderTable {TABLE} at (0,0) size 25x0
        RenderTableSection {TBODY} at (0,0) size 25x0
          RenderTableRow {TR} at (0,0) size 25x0
            RenderTableCell {TD} at (0,0) size 2x0 [r=0 c=0 rs=1 cs=1]
            RenderTableCell {TD} at (2,0) size 1x0 [r=0 c=1 rs=1 cs=1]
            RenderTableCell {TD} at (3,0) size 1x0 [r=0 c=2 rs=1 cs=1]
            RenderTableCell {TD} at (4,0) size 1x0 [r=0 c=3 rs=1 cs=1]
            RenderTableCell {TD} at (5,0) size 1x0 [r=0 c=4 rs=1 cs=1]
            RenderTableCell {TD} at (6,0) size 1x0 [r=0 c=5 rs=1 cs=1]
            RenderTableCell {TD} at (7,0) size 1x0 [r=0 c=6 rs=1 cs=1]
            RenderTableCell {TD} at (8,0) size 1x0 [r=0 c=7 rs=1 cs=1]
            RenderTableCell {TD} at (9,0) size 1x0 [r=0 c=8 rs=1 cs=1]
            RenderTableCell {TD} at (10,0) size 1x0 [r=0 c=9 rs=1 cs=1]
            RenderTableCell {TD} at (11,0) size 1x0 [r=0 c=10 rs=1 cs=1]
            RenderTableCell {TD} at (12,0) size 1x0 [r=0 c=11 rs=1 cs=1]
            RenderTableCell {TD} at (13,0) size 1x0 [r=0 c=12 rs=1 cs=1]
            RenderTableCell {TD} at (14,0) size 1x0 [r=0 c=13 rs=1 cs=1]
            RenderTableCell {TD} at (15,0) size 1x0 [r=0 c=14 rs=1 cs=1]
            RenderTableCell {TD} at (16,0) size 1x0 [r=0 c=15 rs=1 cs=1]
            RenderTableCell {TD} at (17,0) size 8x0 [r=0 c=16 rs=1 cs=1]
      RenderTable {TABLE} at (0,0) size 12x0
        RenderTableSection {TBODY} at (0,0) size 12x0
          RenderTableRow {TR} at (0,0) size 12x0
            RenderTableCell {TD} at (0,0) size 1x0 [r=0 c=0 rs=1 cs=1]
            RenderTableCell {TD} at (1,0) size 1x0 [r=0 c=1 rs=1 cs=1]
            RenderTableCell {TD} at (2,0) size 1x0 [r=0 c=2 rs=1 cs=1]
            RenderTableCell {TD} at (3,0) size 1x0 [r=0 c=3 rs=1 cs=1]
            RenderTableCell {TD} at (4,0) size 8x0 [r=0 c=4 rs=1 cs=1]
      RenderTable {TABLE} at (0,0) size 13x0
        RenderTableSection {TBODY} at (0,0) size 13x0
          RenderTableRow {TR} at (0,0) size 13x0
            RenderTableCell {TD} at (0,0) size 2x0 [r=0 c=0 rs=1 cs=1]
            RenderTableCell {TD} at (2,0) size 1x0 [r=0 c=1 rs=1 cs=1]
            RenderTableCell {TD} at (3,0) size 1x0 [r=0 c=2 rs=1 cs=1]
            RenderTableCell {TD} at (4,0) size 1x0 [r=0 c=3 rs=1 cs=1]
            RenderTableCell {TD} at (5,0) size 8x0 [r=0 c=4 rs=1 cs=1]
      RenderTable {TABLE} at (0,0) size 24x0
        RenderTableSection {TBODY} at (0,0) size 24x0
          RenderTableRow {TR} at (0,0) size 24x0
            RenderTableCell {TD} at (0,0) size 2x0 [r=0 c=0 rs=1 cs=1]
            RenderTableCell {TD} at (2,0) size 2x0 [r=0 c=1 rs=1 cs=1]
            RenderTableCell {TD} at (4,0) size 2x0 [r=0 c=2 rs=1 cs=1]
            RenderTableCell {TD} at (6,0) size 2x0 [r=0 c=3 rs=1 cs=1]
            RenderTableCell {TD} at (8,0) size 16x0 [r=0 c=4 rs=1 cs=1]
      RenderTable {TABLE} at (0,0) size 25x0
        RenderTableSection {TBODY} at (0,0) size 25x0
          RenderTableRow {TR} at (0,0) size 25x0
            RenderTableCell {TD} at (0,0) size 3x0 [r=0 c=0 rs=1 cs=1]
            RenderTableCell {TD} at (3,0) size 2x0 [r=0 c=1 rs=1 cs=1]
            RenderTableCell {TD} at (5,0) size 2x0 [r=0 c=2 rs=1 cs=1]
            RenderTableCell {TD} at (7,0) size 2x0 [r=0 c=3 rs=1 cs=1]
            RenderTableCell {TD} at (9,0) size 16x0 [r=0 c=4 rs=1 cs=1]
      RenderTable {TABLE} at (0,0) size 17x0
        RenderTableSection {TBODY} at (0,0) size 17x0
          RenderTableRow {TR} at (0,0) size 17x0
            RenderTableCell {TD} at (0,0) size 2x0 [r=0 c=0 rs=1 cs=1]
            RenderTableCell {TD} at (2,0) size 2x0 [r=0 c=1 rs=1 cs=1]
            RenderTableCell {TD} at (4,0) size 2x0 [r=0 c=2 rs=1 cs=1]
            RenderTableCell {TD} at (6,0) size 2x0 [r=0 c=3 rs=1 cs=1]
            RenderTableCell {TD} at (8,0) size 2x0 [r=0 c=4 rs=1 cs=1]
            RenderTableCell {TD} at (10,0) size 2x0 [r=0 c=5 rs=1 cs=1]
            RenderTableCell {TD} at (12,0) size 2x0 [r=0 c=6 rs=1 cs=1]
            RenderTableCell {TD} at (14,0) size 1x0 [r=0 c=7 rs=1 cs=1]
            RenderTableCell {TD} at (15,0) size 1x0 [r=0 c=8 rs=1 cs=1]
            RenderTableCell {TD} at (16,0) size 1x0 [r=0 c=9 rs=1 cs=1]
      RenderBlock {PRE} at (0,13) size 784x390
        RenderText {#text} at (0,0) size 211x13
          text run at (0,0) width 211: "Specified table width: 25px"
          text run at (210,0) width 1: " "
        RenderText {#text} at (0,13) size 211x13
          text run at (0,13) width 211: "Actual table width:    25px"
          text run at (210,13) width 1: " "
        RenderText {#text} at (0,26) size 164x13
          text run at (0,26) width 164: "Specified TD widths: "
        RenderText {#text} at (163,26) size 33x13
          text run at (163,26) width 33: "1px "
        RenderText {#text} at (195,26) size 32x13
          text run at (195,26) width 32: "1px "
        RenderText {#text} at (226,26) size 32x13
          text run at (226,26) width 32: "1px "
        RenderText {#text} at (257,26) size 32x13
          text run at (257,26) width 32: "1px "
        RenderText {#text} at (288,26) size 32x13
          text run at (288,26) width 32: "1px "
        RenderText {#text} at (319,26) size 33x13
          text run at (319,26) width 33: "1px "
        RenderText {#text} at (351,26) size 32x13
          text run at (351,26) width 32: "1px "
        RenderText {#text} at (382,26) size 32x13
          text run at (382,26) width 32: "1px "
        RenderText {#text} at (413,26) size 32x13
          text run at (413,26) width 32: "1px "
        RenderText {#text} at (444,26) size 32x13
          text run at (444,26) width 32: "1px "
        RenderText {#text} at (475,26) size 33x13
          text run at (475,26) width 33: "1px "
        RenderText {#text} at (507,26) size 32x13
          text run at (507,26) width 32: "1px "
        RenderText {#text} at (538,26) size 32x13
          text run at (538,26) width 32: "1px "
        RenderText {#text} at (569,26) size 32x13
          text run at (569,26) width 32: "1px "
        RenderText {#text} at (600,26) size 32x13
          text run at (600,26) width 32: "1px "
        RenderText {#text} at (631,26) size 33x13
          text run at (631,26) width 33: "1px "
        RenderText {#text} at (663,26) size 32x13
          text run at (663,26) width 32: "8px "
        RenderText {#text} at (694,26) size 1x13
          text run at (694,26) width 1: " "
        RenderText {#text} at (0,39) size 164x13
          text run at (0,39) width 164: "Actual TD widths:    "
        RenderText {#text} at (163,39) size 33x13
          text run at (163,39) width 33: "2px "
        RenderText {#text} at (195,39) size 32x13
          text run at (195,39) width 32: "1px "
        RenderText {#text} at (226,39) size 32x13
          text run at (226,39) width 32: "1px "
        RenderText {#text} at (257,39) size 32x13
          text run at (257,39) width 32: "1px "
        RenderText {#text} at (288,39) size 32x13
          text run at (288,39) width 32: "1px "
        RenderText {#text} at (319,39) size 33x13
          text run at (319,39) width 33: "1px "
        RenderText {#text} at (351,39) size 32x13
          text run at (351,39) width 32: "1px "
        RenderText {#text} at (382,39) size 32x13
          text run at (382,39) width 32: "1px "
        RenderText {#text} at (413,39) size 32x13
          text run at (413,39) width 32: "1px "
        RenderText {#text} at (444,39) size 32x13
          text run at (444,39) width 32: "1px "
        RenderText {#text} at (475,39) size 33x13
          text run at (475,39) width 33: "1px "
        RenderText {#text} at (507,39) size 32x13
          text run at (507,39) width 32: "1px "
        RenderText {#text} at (538,39) size 32x13
          text run at (538,39) width 32: "1px "
        RenderText {#text} at (569,39) size 32x13
          text run at (569,39) width 32: "1px "
        RenderText {#text} at (600,39) size 32x13
          text run at (600,39) width 32: "1px "
        RenderText {#text} at (631,39) size 33x13
          text run at (631,39) width 33: "1px "
        RenderText {#text} at (663,39) size 32x13
          text run at (663,39) width 32: "8px "
        RenderText {#text} at (694,39) size 695x26
          text run at (694,39) width 1: " "
          text run at (0,52) width 0: " "
        RenderText {#text} at (0,65) size 211x13
          text run at (0,65) width 211: "Specified table width: 12px"
          text run at (210,65) width 1: " "
        RenderText {#text} at (0,78) size 211x13
          text run at (0,78) width 211: "Actual table width:    12px"
          text run at (210,78) width 1: " "
        RenderText {#text} at (0,91) size 164x13
          text run at (0,91) width 164: "Specified TD widths: "
        RenderText {#text} at (163,91) size 33x13
          text run at (163,91) width 33: "1px "
        RenderText {#text} at (195,91) size 32x13
          text run at (195,91) width 32: "1px "
        RenderText {#text} at (226,91) size 32x13
          text run at (226,91) width 32: "1px "
        RenderText {#text} at (257,91) size 32x13
          text run at (257,91) width 32: "1px "
        RenderText {#text} at (288,91) size 32x13
          text run at (288,91) width 32: "8px "
        RenderText {#text} at (319,91) size 1x13
          text run at (319,91) width 1: " "
        RenderText {#text} at (0,104) size 164x13
          text run at (0,104) width 164: "Actual TD widths:    "
        RenderText {#text} at (163,104) size 33x13
          text run at (163,104) width 33: "1px "
        RenderText {#text} at (195,104) size 32x13
          text run at (195,104) width 32: "1px "
        RenderText {#text} at (226,104) size 32x13
          text run at (226,104) width 32: "1px "
        RenderText {#text} at (257,104) size 32x13
          text run at (257,104) width 32: "1px "
        RenderText {#text} at (288,104) size 32x13
          text run at (288,104) width 32: "8px "
        RenderText {#text} at (319,104) size 320x26
          text run at (319,104) width 1: " "
          text run at (0,117) width 0: " "
        RenderText {#text} at (0,130) size 211x13
          text run at (0,130) width 211: "Specified table width: 13px"
          text run at (210,130) width 1: " "
        RenderText {#text} at (0,143) size 211x13
          text run at (0,143) width 211: "Actual table width:    13px"
          text run at (210,143) width 1: " "
        RenderText {#text} at (0,156) size 164x13
          text run at (0,156) width 164: "Specified TD widths: "
        RenderText {#text} at (163,156) size 33x13
          text run at (163,156) width 33: "1px "
        RenderText {#text} at (195,156) size 32x13
          text run at (195,156) width 32: "1px "
        RenderText {#text} at (226,156) size 32x13
          text run at (226,156) width 32: "1px "
        RenderText {#text} at (257,156) size 32x13
          text run at (257,156) width 32: "1px "
        RenderText {#text} at (288,156) size 32x13
          text run at (288,156) width 32: "8px "
        RenderText {#text} at (319,156) size 1x13
          text run at (319,156) width 1: " "
        RenderText {#text} at (0,169) size 164x13
          text run at (0,169) width 164: "Actual TD widths:    "
        RenderText {#text} at (163,169) size 33x13
          text run at (163,169) width 33: "2px "
        RenderText {#text} at (195,169) size 32x13
          text run at (195,169) width 32: "1px "
        RenderText {#text} at (226,169) size 32x13
          text run at (226,169) width 32: "1px "
        RenderText {#text} at (257,169) size 32x13
          text run at (257,169) width 32: "1px "
        RenderText {#text} at (288,169) size 32x13
          text run at (288,169) width 32: "8px "
        RenderText {#text} at (319,169) size 320x26
          text run at (319,169) width 1: " "
          text run at (0,182) width 0: " "
        RenderText {#text} at (0,195) size 211x13
          text run at (0,195) width 211: "Specified table width: 24px"
          text run at (210,195) width 1: " "
        RenderText {#text} at (0,208) size 211x13
          text run at (0,208) width 211: "Actual table width:    24px"
          text run at (210,208) width 1: " "
        RenderText {#text} at (0,221) size 164x13
          text run at (0,221) width 164: "Specified TD widths: "
        RenderText {#text} at (163,221) size 33x13
          text run at (163,221) width 33: "1px "
        RenderText {#text} at (195,221) size 32x13
          text run at (195,221) width 32: "1px "
        RenderText {#text} at (226,221) size 32x13
          text run at (226,221) width 32: "1px "
        RenderText {#text} at (257,221) size 32x13
          text run at (257,221) width 32: "1px "
        RenderText {#text} at (288,221) size 32x13
          text run at (288,221) width 32: "8px "
        RenderText {#text} at (319,221) size 1x13
          text run at (319,221) width 1: " "
        RenderText {#text} at (0,234) size 164x13
          text run at (0,234) width 164: "Actual TD widths:    "
        RenderText {#text} at (163,234) size 33x13
          text run at (163,234) width 33: "2px "
        RenderText {#text} at (195,234) size 32x13
          text run at (195,234) width 32: "2px "
        RenderText {#text} at (226,234) size 32x13
          text run at (226,234) width 32: "2px "
        RenderText {#text} at (257,234) size 32x13
          text run at (257,234) width 32: "2px "
        RenderText {#text} at (288,234) size 40x13
          text run at (288,234) width 40: "16px "
        RenderText {#text} at (327,234) size 328x26
          text run at (327,234) width 1: " "
          text run at (0,247) width 0: " "
        RenderText {#text} at (0,260) size 211x13
          text run at (0,260) width 211: "Specified table width: 25px"
          text run at (210,260) width 1: " "
        RenderText {#text} at (0,273) size 211x13
          text run at (0,273) width 211: "Actual table width:    25px"
          text run at (210,273) width 1: " "
        RenderText {#text} at (0,286) size 164x13
          text run at (0,286) width 164: "Specified TD widths: "
        RenderText {#text} at (163,286) size 33x13
          text run at (163,286) width 33: "1px "
        RenderText {#text} at (195,286) size 32x13
          text run at (195,286) width 32: "1px "
        RenderText {#text} at (226,286) size 32x13
          text run at (226,286) width 32: "1px "
        RenderText {#text} at (257,286) size 32x13
          text run at (257,286) width 32: "1px "
        RenderText {#text} at (288,286) size 32x13
          text run at (288,286) width 32: "8px "
        RenderText {#text} at (319,286) size 1x13
          text run at (319,286) width 1: " "
        RenderText {#text} at (0,299) size 164x13
          text run at (0,299) width 164: "Actual TD widths:    "
        RenderText {#text} at (163,299) size 33x13
          text run at (163,299) width 33: "3px "
        RenderText {#text} at (195,299) size 32x13
          text run at (195,299) width 32: "2px "
        RenderText {#text} at (226,299) size 32x13
          text run at (226,299) width 32: "2px "
        RenderText {#text} at (257,299) size 32x13
          text run at (257,299) width 32: "2px "
        RenderText {#text} at (288,299) size 40x13
          text run at (288,299) width 40: "16px "
        RenderText {#text} at (327,299) size 328x26
          text run at (327,299) width 1: " "
          text run at (0,312) width 0: " "
        RenderText {#text} at (0,325) size 211x13
          text run at (0,325) width 211: "Specified table width: 17px"
          text run at (210,325) width 1: " "
        RenderText {#text} at (0,338) size 211x13
          text run at (0,338) width 211: "Actual table width:    17px"
          text run at (210,338) width 1: " "
        RenderText {#text} at (0,351) size 164x13
          text run at (0,351) width 164: "Specified TD widths: "
        RenderText {#text} at (163,351) size 33x13
          text run at (163,351) width 33: "10% "
        RenderText {#text} at (195,351) size 32x13
          text run at (195,351) width 32: "10% "
        RenderText {#text} at (226,351) size 32x13
          text run at (226,351) width 32: "10% "
        RenderText {#text} at (257,351) size 32x13
          text run at (257,351) width 32: "10% "
        RenderText {#text} at (288,351) size 32x13
          text run at (288,351) width 32: "10% "
        RenderText {#text} at (319,351) size 33x13
          text run at (319,351) width 33: "10% "
        RenderText {#text} at (351,351) size 32x13
          text run at (351,351) width 32: "10% "
        RenderText {#text} at (382,351) size 32x13
          text run at (382,351) width 32: "10% "
        RenderText {#text} at (413,351) size 32x13
          text run at (413,351) width 32: "10% "
        RenderText {#text} at (444,351) size 32x13
          text run at (444,351) width 32: "10% "
        RenderText {#text} at (475,351) size 1x13
          text run at (475,351) width 1: " "
        RenderText {#text} at (0,364) size 164x13
          text run at (0,364) width 164: "Actual TD widths:    "
        RenderText {#text} at (163,364) size 33x13
          text run at (163,364) width 33: "2px "
        RenderText {#text} at (195,364) size 32x13
          text run at (195,364) width 32: "2px "
        RenderText {#text} at (226,364) size 32x13
          text run at (226,364) width 32: "2px "
        RenderText {#text} at (257,364) size 32x13
          text run at (257,364) width 32: "2px "
        RenderText {#text} at (288,364) size 32x13
          text run at (288,364) width 32: "2px "
        RenderText {#text} at (319,364) size 33x13
          text run at (319,364) width 33: "2px "
        RenderText {#text} at (351,364) size 32x13
          text run at (351,364) width 32: "2px "
        RenderText {#text} at (382,364) size 32x13
          text run at (382,364) width 32: "1px "
        RenderText {#text} at (413,364) size 32x13
          text run at (413,364) width 32: "1px "
        RenderText {#text} at (444,364) size 32x13
          text run at (444,364) width 32: "1px "
        RenderText {#text} at (475,364) size 476x26
          text run at (475,364) width 1: " "
          text run at (0,377) width 0: " "
