layer at (0,0) size 785x836
  RenderView at (0,0) size 785x600
layer at (0,0) size 785x836
  RenderBlock {HTML} at (0,0) size 785x836
    RenderBody {BODY} at (8,8) size 769x820
      RenderBlock {DIV} at (0,0) size 769x160
        RenderBlock {HR} at (0,0) size 769x2 [border: (1px inset #EEEEEE)]
        RenderBlock {P} at (0,18) size 769x16
          RenderInline {B} at (0,0) size 337x16
            RenderText {#text} at (216,0) size 337x16
              text run at (216,0) width 337: "Tables I, II, III, IV (cellpadding=0 cellspacing=5)"
        RenderTable {TABLE} at (91,50) size 587x110 [bgcolor=#FFCC00] [border: (1px outset #808080)]
          RenderTableSection {TBODY} at (1,1) size 585x108
            RenderTableRow {TR} at (0,2) size 585x104
              RenderTableCell {TD} at (2,2) size 154x104 [border: (1px inset #808080)] [r=0 c=0 rs=1 cs=1]
                RenderTable {TABLE} at (6,6) size 142x92 [bgcolor=#FFFFFF] [border: (1px outset #808080)]
                  RenderBlock {CAPTION} at (0,0) size 142x16
                    RenderInline {NOBR} at (0,0) size 46x16
                      RenderText {#text} at (48,0) size 46x16
                        text run at (48,0) width 46: "Table I"
                  RenderTableSection {TBODY} at (1,17) size 140x74
                    RenderTableRow {TR} at (0,5) size 140x18
                      RenderTableCell {TD} at (5,5) size 22x18 [border: (1px inset #808080)] [r=0 c=0 rs=1 cs=1]
                        RenderText {#text} at (1,1) size 20x16
                          text run at (1,1) width 20: "1,1"
                      RenderTableCell {TD} at (32,5) size 22x18 [border: (1px inset #808080)] [r=0 c=1 rs=1 cs=1]
                        RenderText {#text} at (1,1) size 20x16
                          text run at (1,1) width 20: "1,2"
                      RenderTableCell {TD} at (59,5) size 22x18 [border: (1px inset #808080)] [r=0 c=2 rs=1 cs=1]
                        RenderText {#text} at (1,1) size 20x16
                          text run at (1,1) width 20: "1,3"
                      RenderTableCell {TD} at (86,5) size 22x18 [border: (1px inset #808080)] [r=0 c=3 rs=1 cs=1]
                        RenderText {#text} at (1,1) size 20x16
                          text run at (1,1) width 20: "1,4"
                      RenderTableCell {TD} at (113,5) size 22x18 [border: (1px inset #808080)] [r=0 c=4 rs=1 cs=1]
                        RenderText {#text} at (1,1) size 20x16
                          text run at (1,1) width 20: "1,5"
                    RenderTableRow {TR} at (0,28) size 140x18
                      RenderTableCell {TD} at (5,28) size 22x18 [border: (1px inset #808080)] [r=1 c=0 rs=1 cs=1]
                        RenderText {#text} at (1,1) size 20x16
                          text run at (1,1) width 20: "2,1"
                      RenderTableCell {TD} at (32,28) size 22x18 [border: (1px inset #808080)] [r=1 c=1 rs=1 cs=1]
                        RenderText {#text} at (1,1) size 20x16
                          text run at (1,1) width 20: "2,2"
                      RenderTableCell {TD} at (59,28) size 22x18 [border: (1px inset #808080)] [r=1 c=2 rs=1 cs=1]
                        RenderText {#text} at (1,1) size 20x16
                          text run at (1,1) width 20: "2,3"
                      RenderTableCell {TD} at (86,28) size 22x18 [border: (1px inset #808080)] [r=1 c=3 rs=1 cs=1]
                        RenderText {#text} at (1,1) size 20x16
                          text run at (1,1) width 20: "2,4"
                      RenderTableCell {TD} at (113,28) size 22x18 [border: (1px inset #808080)] [r=1 c=4 rs=1 cs=1]
                        RenderText {#text} at (1,1) size 20x16
                          text run at (1,1) width 20: "2,5"
                    RenderTableRow {TR} at (0,51) size 140x18
                      RenderTableCell {TD} at (5,51) size 22x18 [border: (1px inset #808080)] [r=2 c=0 rs=1 cs=1]
                        RenderText {#text} at (1,1) size 20x16
                          text run at (1,1) width 20: "3,1"
                      RenderTableCell {TD} at (32,51) size 22x18 [bgcolor=#FFFF66] [border: (1px inset #808080)] [r=2 c=1 rs=1 cs=1]
                        RenderText {#text} at (1,1) size 20x16
                          text run at (1,1) width 20: "3,2"
                      RenderTableCell {TD} at (59,51) size 22x18 [bgcolor=#FFFF66] [border: (1px inset #808080)] [r=2 c=2 rs=1 cs=1]
                        RenderText {#text} at (1,1) size 20x16
                          text run at (1,1) width 20: "3,3"
                      RenderTableCell {TD} at (86,51) size 22x18 [bgcolor=#FFFF66] [border: (1px inset #808080)] [r=2 c=3 rs=1 cs=1]
                        RenderText {#text} at (1,1) size 20x16
                          text run at (1,1) width 20: "3,4"
                      RenderTableCell {TD} at (113,51) size 22x18 [border: (1px inset #808080)] [r=2 c=4 rs=1 cs=1]
                        RenderText {#text} at (1,1) size 20x16
                          text run at (1,1) width 20: "3,5"
              RenderTableCell {TD} at (158,2) size 154x104 [border: (1px inset #808080)] [r=0 c=1 rs=1 cs=1]
                RenderTable {TABLE} at (6,6) size 142x92 [bgcolor=#FFFFFF] [border: (1px outset #808080)]
                  RenderBlock {CAPTION} at (0,0) size 142x16
                    RenderInline {NOBR} at (0,0) size 52x16
                      RenderText {#text} at (45,0) size 52x16
                        text run at (45,0) width 52: "Table II"
                  RenderTableSection {TBODY} at (1,17) size 140x74
                    RenderTableRow {TR} at (0,5) size 140x18
                      RenderTableCell {TD} at (5,5) size 22x18 [border: (1px inset #808080)] [r=0 c=0 rs=1 cs=1]
                        RenderText {#text} at (1,1) size 20x16
                          text run at (1,1) width 20: "1,1"
                      RenderTableCell {TD} at (32,5) size 49x18 [border: (1px inset #808080)] [r=0 c=1 rs=1 cs=2]
                        RenderText {#text} at (1,1) size 20x16
                          text run at (1,1) width 20: "1,2"
                      RenderTableCell {TD} at (86,5) size 22x18 [border: (1px inset #808080)] [r=0 c=3 rs=1 cs=1]
                        RenderText {#text} at (1,1) size 20x16
                          text run at (1,1) width 20: "1,4"
                      RenderTableCell {TD} at (113,5) size 22x18 [border: (1px inset #808080)] [r=0 c=4 rs=1 cs=1]
                        RenderText {#text} at (1,1) size 20x16
                          text run at (1,1) width 20: "1,5"
                    RenderTableRow {TR} at (0,28) size 140x18
                      RenderTableCell {TD} at (5,28) size 22x18 [border: (1px inset #808080)] [r=1 c=0 rs=1 cs=1]
                        RenderText {#text} at (1,1) size 20x16
                          text run at (1,1) width 20: "2,1"
                      RenderTableCell {TD} at (32,28) size 22x18 [border: (1px inset #808080)] [r=1 c=1 rs=1 cs=1]
                        RenderText {#text} at (1,1) size 20x16
                          text run at (1,1) width 20: "2,2"
                      RenderTableCell {TD} at (59,28) size 49x18 [border: (1px inset #808080)] [r=1 c=2 rs=1 cs=2]
                        RenderText {#text} at (1,1) size 20x16
                          text run at (1,1) width 20: "2,3"
                      RenderTableCell {TD} at (113,28) size 22x18 [border: (1px inset #808080)] [r=1 c=4 rs=1 cs=1]
                        RenderText {#text} at (1,1) size 20x16
                          text run at (1,1) width 20: "2,5"
                    RenderTableRow {TR} at (0,51) size 140x18
                      RenderTableCell {TD} at (5,51) size 22x18 [border: (1px inset #808080)] [r=2 c=0 rs=1 cs=1]
                        RenderText {#text} at (1,1) size 20x16
                          text run at (1,1) width 20: "3,1"
                      RenderTableCell {TD} at (32,51) size 22x18 [bgcolor=#FFFF66] [border: (1px inset #808080)] [r=2 c=1 rs=1 cs=1]
                        RenderText {#text} at (1,1) size 20x16
                          text run at (1,1) width 20: "3,2"
                      RenderTableCell {TD} at (59,51) size 22x18 [bgcolor=#FFFF66] [border: (1px inset #808080)] [r=2 c=2 rs=1 cs=1]
                        RenderText {#text} at (1,1) size 20x16
                          text run at (1,1) width 20: "3,3"
                      RenderTableCell {TD} at (86,51) size 22x18 [bgcolor=#FFFF66] [border: (1px inset #808080)] [r=2 c=3 rs=1 cs=1]
                        RenderText {#text} at (1,1) size 20x16
                          text run at (1,1) width 20: "3,4"
                      RenderTableCell {TD} at (113,51) size 22x18 [border: (1px inset #808080)] [r=2 c=4 rs=1 cs=1]
                        RenderText {#text} at (1,1) size 20x16
                          text run at (1,1) width 20: "3,5"
              RenderTableCell {TD} at (314,2) size 134x104 [border: (1px inset #808080)] [r=0 c=2 rs=1 cs=1]
                RenderTable {TABLE} at (6,6) size 122x92 [bgcolor=#FFFFFF] [border: (1px outset #808080)]
                  RenderBlock {CAPTION} at (0,0) size 122x16
                    RenderInline {NOBR} at (0,0) size 58x16
                      RenderText {#text} at (32,0) size 58x16
                        text run at (32,0) width 58: "Table III"
                  RenderTableSection {TBODY} at (1,17) size 120x74
                    RenderTableRow {TR} at (0,5) size 120x18
                      RenderTableCell {TD} at (5,5) size 22x18 [border: (1px inset #808080)] [r=0 c=0 rs=1 cs=1]
                        RenderText {#text} at (1,1) size 20x16
                          text run at (1,1) width 20: "1,1"
                      RenderTableCell {TD} at (32,5) size 29x18 [border: (1px inset #808080)] [r=0 c=1 rs=1 cs=2]
                        RenderText {#text} at (1,1) size 20x16
                          text run at (1,1) width 20: "1,2"
                      RenderTableCell {TD} at (66,5) size 22x18 [border: (1px inset #808080)] [r=0 c=3 rs=1 cs=1]
                        RenderText {#text} at (1,1) size 20x16
                          text run at (1,1) width 20: "1,4"
                      RenderTableCell {TD} at (93,5) size 22x18 [border: (1px inset #808080)] [r=0 c=4 rs=1 cs=1]
                        RenderText {#text} at (1,1) size 20x16
                          text run at (1,1) width 20: "1,5"
                    RenderTableRow {TR} at (0,28) size 120x18
                      RenderTableCell {TD} at (5,28) size 22x18 [border: (1px inset #808080)] [r=1 c=0 rs=1 cs=1]
                        RenderText {#text} at (1,1) size 20x16
                          text run at (1,1) width 20: "2,1"
                      RenderTableCell {TD} at (32,28) size 22x18 [border: (1px inset #808080)] [r=1 c=1 rs=1 cs=1]
                        RenderText {#text} at (1,1) size 20x16
                          text run at (1,1) width 20: "2,2"
                      RenderTableCell {TD} at (59,28) size 29x18 [border: (1px inset #808080)] [r=1 c=2 rs=1 cs=2]
                        RenderText {#text} at (1,1) size 20x16
                          text run at (1,1) width 20: "2,3"
                      RenderTableCell {TD} at (93,28) size 22x18 [border: (1px inset #808080)] [r=1 c=4 rs=1 cs=1]
                        RenderText {#text} at (1,1) size 20x16
                          text run at (1,1) width 20: "2,5"
                    RenderTableRow {TR} at (0,51) size 120x18
                      RenderTableCell {TD} at (5,51) size 22x18 [border: (1px inset #808080)] [r=2 c=0 rs=1 cs=1]
                        RenderText {#text} at (1,1) size 20x16
                          text run at (1,1) width 20: "3,1"
                      RenderTableCell {TD} at (32,59) size 22x2 [bgcolor=#FFFF66] [border: (1px inset #808080)] [r=2 c=1 rs=1 cs=1]
                      RenderTableCell {TD} at (59,59) size 2x2 [bgcolor=#FFFF66] [border: (1px inset #808080)] [r=2 c=2 rs=1 cs=1]
                      RenderTableCell {TD} at (66,59) size 22x2 [bgcolor=#FFFF66] [border: (1px inset #808080)] [r=2 c=3 rs=1 cs=1]
                      RenderTableCell {TD} at (93,51) size 22x18 [border: (1px inset #808080)] [r=2 c=4 rs=1 cs=1]
                        RenderText {#text} at (1,1) size 20x16
                          text run at (1,1) width 20: "3,5"
              RenderTableCell {TD} at (450,2) size 133x81 [border: (1px inset #808080)] [r=0 c=3 rs=1 cs=1]
                RenderTable {TABLE} at (6,6) size 121x69 [bgcolor=#FFFFFF] [border: (1px outset #808080)]
                  RenderBlock {CAPTION} at (0,0) size 121x16
                    RenderInline {NOBR} at (0,0) size 59x16
                      RenderText {#text} at (31,0) size 59x16
                        text run at (31,0) width 59: "Table IV"
                  RenderTableSection {TBODY} at (1,17) size 119x51
                    RenderTableRow {TR} at (0,5) size 119x18
                      RenderTableCell {TD} at (5,5) size 22x18 [border: (1px inset #808080)] [r=0 c=0 rs=1 cs=1]
                        RenderText {#text} at (1,1) size 20x16
                          text run at (1,1) width 20: "1,1"
                      RenderTableCell {TD} at (32,5) size 28x18 [border: (1px inset #808080)] [r=0 c=1 rs=1 cs=2]
                        RenderText {#text} at (1,1) size 20x16
                          text run at (1,1) width 20: "1,2"
                      RenderTableCell {TD} at (65,5) size 22x18 [border: (1px inset #808080)] [r=0 c=3 rs=1 cs=1]
                        RenderText {#text} at (1,1) size 20x16
                          text run at (1,1) width 20: "1,4"
                      RenderTableCell {TD} at (92,5) size 22x18 [border: (1px inset #808080)] [r=0 c=4 rs=1 cs=1]
                        RenderText {#text} at (1,1) size 20x16
                          text run at (1,1) width 20: "1,5"
                    RenderTableRow {TR} at (0,28) size 119x18
                      RenderTableCell {TD} at (5,28) size 22x18 [border: (1px inset #808080)] [r=1 c=0 rs=1 cs=1]
                        RenderText {#text} at (1,1) size 20x16
                          text run at (1,1) width 20: "2,1"
                      RenderTableCell {TD} at (32,28) size 22x18 [border: (1px inset #808080)] [r=1 c=1 rs=1 cs=1]
                        RenderText {#text} at (1,1) size 20x16
                          text run at (1,1) width 20: "2,2"
                      RenderTableCell {TD} at (59,28) size 28x18 [border: (1px inset #808080)] [r=1 c=2 rs=1 cs=2]
                        RenderText {#text} at (1,1) size 20x16
                          text run at (1,1) width 20: "2,3"
                      RenderTableCell {TD} at (92,28) size 22x18 [border: (1px inset #808080)] [r=1 c=4 rs=1 cs=1]
                        RenderText {#text} at (1,1) size 20x16
                          text run at (1,1) width 20: "2,5"
      RenderBlock (anonymous) at (0,160) size 769x16
        RenderBR {BR} at (0,0) size 0x16
      RenderBlock {P} at (0,192) size 769x80
        RenderText {#text} at (0,0) size 766x80
          text run at (0,0) width 325: "This is a table colspan counting problem (IMHO). "
          text run at (324,0) width 390: "The oversize <TABLE> has two rows: one has *two* <TD>"
          text run at (0,16) width 755: "\"requesting\" total of 3 columns to span; second row has *one* <TD> \"requesting\" total of 3 columns to span. In other"
          text run at (0,32) width 566: "words, it's asking for one more column than the max number of 'real' elements in a row. "
          text run at (565,32) width 178: "Here's the simple case (first"
          text run at (0,48) width 289: "one shows the problem; the other adjusts the "
          text run at (288,48) width 478: "colspan values and it works) (Dec 19 Nightly Win 95): All the elements in"
          text run at (0,64) width 455: "the two tables below are width=auto (i.e., no width attribute specified)."
      RenderBlock (anonymous) at (0,288) size 769x16
        RenderBR {BR} at (0,0) size 0x16
      RenderTable {TABLE} at (0,304) size 658x50 [border: (1px outset #808080)]
        RenderTableSection {TBODY} at (1,1) size 656x48
          RenderTableRow {TR} at (0,0) size 656x24
            RenderTableCell {TD} at (0,0) size 246x24 [border: (1px inset #808080)] [r=0 c=0 rs=1 cs=2]
              RenderBlock {P} at (4,4) size 238x16
                RenderInline {B} at (0,0) size 118x16
                  RenderText {#text} at (0,0) size 118x16
                    text run at (0,0) width 118: "This is colspan=2"
            RenderTableCell {TD} at (246,0) size 410x24 [border: (1px inset #808080)] [r=0 c=2 rs=1 cs=1]
              RenderText {#text} at (4,4) size 202x16
                text run at (4,4) width 202: "Blah Blah Blah Blah Blah Blah"
          RenderTableRow {TR} at (0,24) size 656x24
            RenderTableCell {TD} at (0,24) size 656x24 [border: (1px inset #808080)] [r=1 c=0 rs=1 cs=3]
              RenderBlock {P} at (4,4) size 648x16
                RenderInline {B} at (0,0) size 118x16
                  RenderText {#text} at (0,0) size 118x16
                    text run at (0,0) width 118: "This is colspan=3"
                RenderText {#text} at (117,0) size 531x16
                  text run at (117,0) width 163: " blah blah blah blah blah "
                  text run at (279,0) width 369: "--- why doesn't this cell span the table (5.0 win95 jun17)?"
      RenderBlock (anonymous) at (0,354) size 769x32
        RenderBR {BR} at (0,0) size 0x16
        RenderBR {BR} at (0,16) size 0x16
      RenderTable {TABLE} at (0,386) size 523x50 [border: (1px outset #808080)]
        RenderTableSection {TBODY} at (1,1) size 521x48
          RenderTableRow {TR} at (0,0) size 521x24
            RenderTableCell {TD} at (0,0) size 195x24 [border: (1px inset #808080)] [r=0 c=0 rs=1 cs=1]
              RenderBlock {P} at (4,4) size 187x16
                RenderInline {B} at (0,0) size 118x16
                  RenderText {#text} at (0,0) size 118x16
                    text run at (0,0) width 118: "This is colspan=1"
            RenderTableCell {TD} at (195,0) size 326x24 [border: (1px inset #808080)] [r=0 c=1 rs=1 cs=1]
              RenderText {#text} at (4,4) size 202x16
                text run at (4,4) width 202: "Blah Blah Blah Blah Blah Blah"
          RenderTableRow {TR} at (0,24) size 521x24
            RenderTableCell {TD} at (0,24) size 521x24 [border: (1px inset #808080)] [r=1 c=0 rs=1 cs=2]
              RenderBlock {P} at (4,4) size 513x16
                RenderInline {B} at (0,0) size 118x16
                  RenderText {#text} at (0,0) size 118x16
                    text run at (0,0) width 118: "This is colspan=2"
                RenderText {#text} at (117,0) size 396x16
                  text run at (117,0) width 163: " blah blah blah blah blah "
                  text run at (279,0) width 234: "--- this cell spans the table correctly."
      RenderBlock (anonymous) at (0,436) size 769x16
        RenderBR {BR} at (0,0) size 0x16
      RenderBlock {P} at (0,468) size 769x16
        RenderText {#text} at (0,0) size 233x16
          text run at (0,0) width 233: "Here's the test case from bug #2645."
      RenderBlock {P} at (0,500) size 769x48
        RenderText {#text} at (0,0) size 759x48
          text run at (0,0) width 555: "This test case (below) is derived from home.netscape.com (although not much is left). "
          text run at (554,0) width 205: "[This was the table structure for"
          text run at (0,16) width 718: "\"Autos ... Local ...\" and the right-hand column (\"ABCNews.com...\"); added an extra column to differentiate this"
          text run at (0,32) width 261: "example a bit more from the one above]."
      RenderBlock {P} at (0,564) size 769x64
        RenderText {#text} at (0,0) size 757x64
          text run at (0,0) width 493: "The basic problem is \"competing colspan requests\". The table has two rows, "
          text run at (492,0) width 261: "both of which have COLSPAN requests."
          text run at (0,16) width 278: "They are both asking for one more column "
          text run at (277,16) width 480: "than the max number of 'real' elements in either row (i.e., both ask for total"
          text run at (0,32) width 533: "of 5 but the maximum number of TD in either row is 4). This seems to confuse the "
          text run at (532,32) width 222: "algorithm. ;) (Note: all the column"
          text run at (0,48) width 514: "elements in these two tables are width=fixed except the TD with colspan=(4|3))."
      RenderTable {TABLE} at (0,644) size 680x48 [border: (1px outset #808080)]
        RenderTableSection {TBODY} at (1,1) size 678x46
          RenderTableRow {TR} at (0,2) size 678x20
            RenderTableCell {TD} at (2,2) size 84x20 [border: (1px inset #808080)] [r=0 c=0 rs=1 cs=1]
              RenderText {#text} at (2,2) size 8x16
                text run at (2,2) width 8: "x"
            RenderTableCell {TD} at (88,2) size 350x20 [border: (1px inset #808080)] [r=0 c=1 rs=1 cs=2]
              RenderText {#text} at (2,2) size 104x16
                text run at (2,2) width 104: "this (colspan=2)"
            RenderTableCell {TD} at (440,2) size 32x20 [bgcolor=#99CCCC] [border: (1px inset #808080)] [r=0 c=3 rs=1 cs=1]
              RenderText {#text} at (2,2) size 28x16
                text run at (2,2) width 28: "blue"
            RenderTableCell {TD} at (474,2) size 202x20 [border: (1px inset #808080)] [r=0 c=4 rs=1 cs=1]
              RenderText {#text} at (2,2) size 24x16
                text run at (2,2) width 24: "that"
          RenderTableRow {TR} at (0,24) size 678x20
            RenderTableCell {TD} at (2,24) size 84x20 [border: (1px inset #808080)] [r=1 c=0 rs=1 cs=1]
              RenderText {#text} at (2,2) size 8x16
                text run at (2,2) width 8: "x"
            RenderTableCell {TD} at (88,24) size 588x20 [bgcolor=#99CCCC] [border: (1px inset #808080)] [r=1 c=1 rs=1 cs=4]
              RenderText {#text} at (2,2) size 330x16
                text run at (2,2) width 330: "blue (colspan=4) --- doesn't span (5.0 win95 jun17)"
      RenderBlock (anonymous) at (0,692) size 769x16
        RenderBR {BR} at (0,0) size 0x16
      RenderBlock {P} at (0,724) size 769x16
        RenderText {#text} at (0,0) size 436x16
          text run at (0,0) width 436: "Here's the same table but the 'colspan' values have been normalized."
      RenderTable {TABLE} at (0,756) size 680x48 [border: (1px outset #808080)]
        RenderTableSection {TBODY} at (1,1) size 678x46
          RenderTableRow {TR} at (0,2) size 678x20
            RenderTableCell {TD} at (2,2) size 77x20 [border: (1px inset #808080)] [r=0 c=0 rs=1 cs=1]
              RenderText {#text} at (2,2) size 8x16
                text run at (2,2) width 8: "x"
            RenderTableCell {TD} at (81,2) size 373x20 [border: (1px inset #808080)] [r=0 c=1 rs=1 cs=1]
              RenderText {#text} at (2,2) size 104x16
                text run at (2,2) width 104: "this (colspan=1)"
            RenderTableCell {TD} at (456,2) size 32x20 [bgcolor=#99CCCC] [border: (1px inset #808080)] [r=0 c=2 rs=1 cs=1]
              RenderText {#text} at (2,2) size 28x16
                text run at (2,2) width 28: "blue"
            RenderTableCell {TD} at (490,2) size 186x20 [border: (1px inset #808080)] [r=0 c=3 rs=1 cs=1]
              RenderText {#text} at (2,2) size 24x16
                text run at (2,2) width 24: "that"
          RenderTableRow {TR} at (0,24) size 678x20
            RenderTableCell {TD} at (2,24) size 77x20 [border: (1px inset #808080)] [r=1 c=0 rs=1 cs=1]
              RenderText {#text} at (2,2) size 8x16
                text run at (2,2) width 8: "x"
            RenderTableCell {TD} at (81,24) size 595x20 [bgcolor=#99CCCC] [border: (1px inset #808080)] [r=1 c=1 rs=1 cs=3]
              RenderText {#text} at (2,2) size 229x16
                text run at (2,2) width 229: "blue (colspan=3) --- spans correctly"
      RenderBlock (anonymous) at (0,804) size 769x16
        RenderBR {BR} at (0,0) size 0x16
