layer at (0,0) size 785x5963
  RenderView at (0,0) size 785x600
layer at (0,0) size 785x5963
  RenderBlock {HTML} at (0,0) size 785x5962.88
    RenderBody {BODY} at (8,21.44) size 769x5925.44
      RenderBlock {H1} at (0,0) size 769x32
        RenderText {#text} at (0,0) size 250x32
          text run at (0,0) width 250: "table-layout: fixed"
      RenderBlock {P} at (0,53.44) size 769x16
        RenderText {#text} at (0,0) size 575x16
          text run at (0,0) width 575: "The following tables should be laid out in the traditional manner because their widths are "
        RenderInline {CODE} at (0,0) size 32x13
          RenderText {#text} at (574,2) size 32x13
            text run at (574,2) width 32: "auto"
        RenderText {#text} at (605,0) size 6x16
          text run at (605,0) width 6: ":"
      RenderTable {TABLE} at (0,85.44) size 113x46
        RenderTableSection {TBODY} at (0,0) size 113x46
          RenderTableRow {TR} at (0,2) size 113x20
            RenderTableCell {TD} at (2,2) size 35x20 [border: (1px solid #000000)] [r=0 c=0 rs=1 cs=1]
              RenderText {#text} at (2,2) size 31x16
                text run at (2,2) width 31: "Data"
            RenderTableCell {TD} at (39,2) size 35x20 [border: (1px solid #000000)] [r=0 c=1 rs=1 cs=1]
              RenderText {#text} at (2,2) size 31x16
                text run at (2,2) width 31: "Data"
            RenderTableCell {TD} at (76,2) size 35x20 [border: (1px solid #000000)] [r=0 c=2 rs=1 cs=1]
              RenderText {#text} at (2,2) size 31x16
                text run at (2,2) width 31: "Data"
          RenderTableRow {TR} at (0,24) size 113x20
            RenderTableCell {TD} at (2,24) size 35x20 [border: (1px solid #000000)] [r=1 c=0 rs=1 cs=1]
              RenderText {#text} at (2,2) size 31x16
                text run at (2,2) width 31: "Data"
            RenderTableCell {TD} at (39,24) size 35x20 [border: (1px solid #000000)] [r=1 c=1 rs=1 cs=1]
              RenderText {#text} at (2,2) size 31x16
                text run at (2,2) width 31: "Data"
            RenderTableCell {TD} at (76,24) size 35x20 [border: (1px solid #000000)] [r=1 c=2 rs=1 cs=1]
              RenderText {#text} at (2,2) size 31x16
                text run at (2,2) width 31: "Data"
      RenderTable {TABLE} at (0,131.44) size 769x318
        RenderTableSection {TBODY} at (0,0) size 769x318
          RenderTableRow {TR} at (0,2) size 769x20
            RenderTableCell {TD} at (2,2) size 35x20 [border: (1px solid #000000)] [r=0 c=0 rs=1 cs=1]
              RenderText {#text} at (2,2) size 31x16
                text run at (2,2) width 31: "Data"
            RenderTableCell {TD} at (39,2) size 35x20 [border: (1px solid #000000)] [r=0 c=1 rs=1 cs=1]
              RenderText {#text} at (2,2) size 31x16
                text run at (2,2) width 31: "Data"
            RenderTableCell {TD} at (76,2) size 691x20 [border: (1px solid #000000)] [r=0 c=2 rs=1 cs=1]
              RenderText {#text} at (2,2) size 31x16
                text run at (2,2) width 31: "Data"
          RenderTableRow {TR} at (0,24) size 769x292
            RenderTableCell {TD} at (2,160) size 35x20 [border: (1px solid #000000)] [r=1 c=0 rs=1 cs=1]
              RenderText {#text} at (2,2) size 31x16
                text run at (2,2) width 31: "Data"
            RenderTableCell {TD} at (39,160) size 35x20 [border: (1px solid #000000)] [r=1 c=1 rs=1 cs=1]
              RenderText {#text} at (2,2) size 31x16
                text run at (2,2) width 31: "Data"
            RenderTableCell {TD} at (76,24) size 691x292 [border: (1px solid #000000)] [r=1 c=2 rs=1 cs=1]
              RenderText {#text} at (2,2) size 681x288
                text run at (2,2) width 193: "Lots and lots and lots of data. "
                text run at (194,2) width 194: "Lots and lots and lots of data. "
                text run at (387,2) width 194: "Lots and lots and lots of data. "
                text run at (580,2) width 84: "Lots and lots"
                text run at (2,18) width 107: "and lots of data. "
                text run at (108,18) width 194: "Lots and lots and lots of data. "
                text run at (301,18) width 193: "Lots and lots and lots of data. "
                text run at (493,18) width 190: "Lots and lots and lots of data."
                text run at (2,34) width 193: "Lots and lots and lots of data. "
                text run at (194,34) width 194: "Lots and lots and lots of data. "
                text run at (387,34) width 194: "Lots and lots and lots of data. "
                text run at (580,34) width 84: "Lots and lots"
                text run at (2,50) width 107: "and lots of data. "
                text run at (108,50) width 194: "Lots and lots and lots of data. "
                text run at (301,50) width 193: "Lots and lots and lots of data. "
                text run at (493,50) width 190: "Lots and lots and lots of data."
                text run at (2,66) width 193: "Lots and lots and lots of data. "
                text run at (194,66) width 194: "Lots and lots and lots of data. "
                text run at (387,66) width 194: "Lots and lots and lots of data. "
                text run at (580,66) width 84: "Lots and lots"
                text run at (2,82) width 107: "and lots of data. "
                text run at (108,82) width 194: "Lots and lots and lots of data. "
                text run at (301,82) width 193: "Lots and lots and lots of data. "
                text run at (493,82) width 190: "Lots and lots and lots of data."
                text run at (2,98) width 193: "Lots and lots and lots of data. "
                text run at (194,98) width 194: "Lots and lots and lots of data. "
                text run at (387,98) width 194: "Lots and lots and lots of data. "
                text run at (580,98) width 84: "Lots and lots"
                text run at (2,114) width 107: "and lots of data. "
                text run at (108,114) width 194: "Lots and lots and lots of data. "
                text run at (301,114) width 193: "Lots and lots and lots of data. "
                text run at (493,114) width 190: "Lots and lots and lots of data."
                text run at (2,130) width 193: "Lots and lots and lots of data. "
                text run at (194,130) width 194: "Lots and lots and lots of data. "
                text run at (387,130) width 194: "Lots and lots and lots of data. "
                text run at (580,130) width 84: "Lots and lots"
                text run at (2,146) width 107: "and lots of data. "
                text run at (108,146) width 194: "Lots and lots and lots of data. "
                text run at (301,146) width 193: "Lots and lots and lots of data. "
                text run at (493,146) width 190: "Lots and lots and lots of data."
                text run at (2,162) width 193: "Lots and lots and lots of data. "
                text run at (194,162) width 194: "Lots and lots and lots of data. "
                text run at (387,162) width 194: "Lots and lots and lots of data. "
                text run at (580,162) width 84: "Lots and lots"
                text run at (2,178) width 107: "and lots of data. "
                text run at (108,178) width 194: "Lots and lots and lots of data. "
                text run at (301,178) width 193: "Lots and lots and lots of data. "
                text run at (493,178) width 190: "Lots and lots and lots of data."
                text run at (2,194) width 193: "Lots and lots and lots of data. "
                text run at (194,194) width 194: "Lots and lots and lots of data. "
                text run at (387,194) width 194: "Lots and lots and lots of data. "
                text run at (580,194) width 84: "Lots and lots"
                text run at (2,210) width 107: "and lots of data. "
                text run at (108,210) width 194: "Lots and lots and lots of data. "
                text run at (301,210) width 193: "Lots and lots and lots of data. "
                text run at (493,210) width 190: "Lots and lots and lots of data."
                text run at (2,226) width 193: "Lots and lots and lots of data. "
                text run at (194,226) width 194: "Lots and lots and lots of data. "
                text run at (387,226) width 194: "Lots and lots and lots of data. "
                text run at (580,226) width 84: "Lots and lots"
                text run at (2,242) width 107: "and lots of data. "
                text run at (108,242) width 194: "Lots and lots and lots of data. "
                text run at (301,242) width 193: "Lots and lots and lots of data. "
                text run at (493,242) width 190: "Lots and lots and lots of data."
                text run at (2,258) width 193: "Lots and lots and lots of data. "
                text run at (194,258) width 194: "Lots and lots and lots of data. "
                text run at (387,258) width 194: "Lots and lots and lots of data. "
                text run at (580,258) width 84: "Lots and lots"
                text run at (2,274) width 103: "and lots of data."
      RenderTable {TABLE} at (0,449.44) size 769x318
        RenderTableSection {TBODY} at (0,0) size 769x318
          RenderTableRow {TR} at (0,2) size 769x292
            RenderTableCell {TD} at (2,138) size 35x20 [border: (1px solid #000000)] [r=0 c=0 rs=1 cs=1]
              RenderText {#text} at (2,2) size 31x16
                text run at (2,2) width 31: "Data"
            RenderTableCell {TD} at (39,138) size 35x20 [border: (1px solid #000000)] [r=0 c=1 rs=1 cs=1]
              RenderText {#text} at (2,2) size 31x16
                text run at (2,2) width 31: "Data"
            RenderTableCell {TD} at (76,2) size 691x292 [border: (1px solid #000000)] [r=0 c=2 rs=1 cs=1]
              RenderText {#text} at (2,2) size 681x288
                text run at (2,2) width 193: "Lots and lots and lots of data. "
                text run at (194,2) width 194: "Lots and lots and lots of data. "
                text run at (387,2) width 194: "Lots and lots and lots of data. "
                text run at (580,2) width 84: "Lots and lots"
                text run at (2,18) width 107: "and lots of data. "
                text run at (108,18) width 194: "Lots and lots and lots of data. "
                text run at (301,18) width 193: "Lots and lots and lots of data. "
                text run at (493,18) width 190: "Lots and lots and lots of data."
                text run at (2,34) width 193: "Lots and lots and lots of data. "
                text run at (194,34) width 194: "Lots and lots and lots of data. "
                text run at (387,34) width 194: "Lots and lots and lots of data. "
                text run at (580,34) width 84: "Lots and lots"
                text run at (2,50) width 107: "and lots of data. "
                text run at (108,50) width 194: "Lots and lots and lots of data. "
                text run at (301,50) width 193: "Lots and lots and lots of data. "
                text run at (493,50) width 190: "Lots and lots and lots of data."
                text run at (2,66) width 193: "Lots and lots and lots of data. "
                text run at (194,66) width 194: "Lots and lots and lots of data. "
                text run at (387,66) width 194: "Lots and lots and lots of data. "
                text run at (580,66) width 84: "Lots and lots"
                text run at (2,82) width 107: "and lots of data. "
                text run at (108,82) width 194: "Lots and lots and lots of data. "
                text run at (301,82) width 193: "Lots and lots and lots of data. "
                text run at (493,82) width 190: "Lots and lots and lots of data."
                text run at (2,98) width 193: "Lots and lots and lots of data. "
                text run at (194,98) width 194: "Lots and lots and lots of data. "
                text run at (387,98) width 194: "Lots and lots and lots of data. "
                text run at (580,98) width 84: "Lots and lots"
                text run at (2,114) width 107: "and lots of data. "
                text run at (108,114) width 194: "Lots and lots and lots of data. "
                text run at (301,114) width 193: "Lots and lots and lots of data. "
                text run at (493,114) width 190: "Lots and lots and lots of data."
                text run at (2,130) width 193: "Lots and lots and lots of data. "
                text run at (194,130) width 194: "Lots and lots and lots of data. "
                text run at (387,130) width 194: "Lots and lots and lots of data. "
                text run at (580,130) width 84: "Lots and lots"
                text run at (2,146) width 107: "and lots of data. "
                text run at (108,146) width 194: "Lots and lots and lots of data. "
                text run at (301,146) width 193: "Lots and lots and lots of data. "
                text run at (493,146) width 190: "Lots and lots and lots of data."
                text run at (2,162) width 193: "Lots and lots and lots of data. "
                text run at (194,162) width 194: "Lots and lots and lots of data. "
                text run at (387,162) width 194: "Lots and lots and lots of data. "
                text run at (580,162) width 84: "Lots and lots"
                text run at (2,178) width 107: "and lots of data. "
                text run at (108,178) width 194: "Lots and lots and lots of data. "
                text run at (301,178) width 193: "Lots and lots and lots of data. "
                text run at (493,178) width 190: "Lots and lots and lots of data."
                text run at (2,194) width 193: "Lots and lots and lots of data. "
                text run at (194,194) width 194: "Lots and lots and lots of data. "
                text run at (387,194) width 194: "Lots and lots and lots of data. "
                text run at (580,194) width 84: "Lots and lots"
                text run at (2,210) width 107: "and lots of data. "
                text run at (108,210) width 194: "Lots and lots and lots of data. "
                text run at (301,210) width 193: "Lots and lots and lots of data. "
                text run at (493,210) width 190: "Lots and lots and lots of data."
                text run at (2,226) width 193: "Lots and lots and lots of data. "
                text run at (194,226) width 194: "Lots and lots and lots of data. "
                text run at (387,226) width 194: "Lots and lots and lots of data. "
                text run at (580,226) width 84: "Lots and lots"
                text run at (2,242) width 107: "and lots of data. "
                text run at (108,242) width 194: "Lots and lots and lots of data. "
                text run at (301,242) width 193: "Lots and lots and lots of data. "
                text run at (493,242) width 190: "Lots and lots and lots of data."
                text run at (2,258) width 193: "Lots and lots and lots of data. "
                text run at (194,258) width 194: "Lots and lots and lots of data. "
                text run at (387,258) width 194: "Lots and lots and lots of data. "
                text run at (580,258) width 84: "Lots and lots"
                text run at (2,274) width 103: "and lots of data."
          RenderTableRow {TR} at (0,296) size 769x20
            RenderTableCell {TD} at (2,296) size 35x20 [border: (1px solid #000000)] [r=1 c=0 rs=1 cs=1]
              RenderText {#text} at (2,2) size 31x16
                text run at (2,2) width 31: "Data"
            RenderTableCell {TD} at (39,296) size 35x20 [border: (1px solid #000000)] [r=1 c=1 rs=1 cs=1]
              RenderText {#text} at (2,2) size 31x16
                text run at (2,2) width 31: "Data"
            RenderTableCell {TD} at (76,296) size 691x20 [border: (1px solid #000000)] [r=1 c=2 rs=1 cs=1]
              RenderText {#text} at (2,2) size 31x16
                text run at (2,2) width 31: "Data"
      RenderBlock {P} at (0,783.44) size 769x16
        RenderText {#text} at (0,0) size 766x16
          text run at (0,0) width 766: "All the columns in the following three tables should divide equally the available space (100% of the width of the page):"
      RenderTable {TABLE} at (0,815.44) size 769x46
        RenderTableSection {TBODY} at (0,0) size 769x46
          RenderTableRow {TR} at (0,2) size 769x20
            RenderTableCell {TD} at (2,2) size 253x20 [border: (1px solid #000000)] [r=0 c=0 rs=1 cs=1]
              RenderText {#text} at (2,2) size 31x16
                text run at (2,2) width 31: "Data"
            RenderTableCell {TD} at (257,2) size 254x20 [border: (1px solid #000000)] [r=0 c=1 rs=1 cs=1]
              RenderText {#text} at (2,2) size 31x16
                text run at (2,2) width 31: "Data"
            RenderTableCell {TD} at (513,2) size 254x20 [border: (1px solid #000000)] [r=0 c=2 rs=1 cs=1]
              RenderText {#text} at (2,2) size 31x16
                text run at (2,2) width 31: "Data"
          RenderTableRow {TR} at (0,24) size 769x20
            RenderTableCell {TD} at (2,24) size 253x20 [border: (1px solid #000000)] [r=1 c=0 rs=1 cs=1]
              RenderText {#text} at (2,2) size 31x16
                text run at (2,2) width 31: "Data"
            RenderTableCell {TD} at (257,24) size 254x20 [border: (1px solid #000000)] [r=1 c=1 rs=1 cs=1]
              RenderText {#text} at (2,2) size 31x16
                text run at (2,2) width 31: "Data"
            RenderTableCell {TD} at (513,24) size 254x20 [border: (1px solid #000000)] [r=1 c=2 rs=1 cs=1]
              RenderText {#text} at (2,2) size 31x16
                text run at (2,2) width 31: "Data"
      RenderTable {TABLE} at (0,861.44) size 769x798
        RenderTableSection {TBODY} at (0,0) size 769x798
          RenderTableRow {TR} at (0,2) size 769x20
            RenderTableCell {TD} at (2,2) size 253x20 [border: (1px solid #000000)] [r=0 c=0 rs=1 cs=1]
              RenderText {#text} at (2,2) size 31x16
                text run at (2,2) width 31: "Data"
            RenderTableCell {TD} at (257,2) size 254x20 [border: (1px solid #000000)] [r=0 c=1 rs=1 cs=1]
              RenderText {#text} at (2,2) size 31x16
                text run at (2,2) width 31: "Data"
            RenderTableCell {TD} at (513,2) size 254x20 [border: (1px solid #000000)] [r=0 c=2 rs=1 cs=1]
              RenderText {#text} at (2,2) size 31x16
                text run at (2,2) width 31: "Data"
          RenderTableRow {TR} at (0,24) size 769x772
            RenderTableCell {TD} at (2,400) size 253x20 [border: (1px solid #000000)] [r=1 c=0 rs=1 cs=1]
              RenderText {#text} at (2,2) size 31x16
                text run at (2,2) width 31: "Data"
            RenderTableCell {TD} at (257,400) size 254x20 [border: (1px solid #000000)] [r=1 c=1 rs=1 cs=1]
              RenderText {#text} at (2,2) size 31x16
                text run at (2,2) width 31: "Data"
            RenderTableCell {TD} at (513,24) size 254x772 [border: (1px solid #000000)] [r=1 c=2 rs=1 cs=1]
              RenderText {#text} at (2,2) size 249x768
                text run at (2,2) width 193: "Lots and lots and lots of data. "
                text run at (194,2) width 57: "Lots and"
                text run at (2,18) width 134: "lots and lots of data. "
                text run at (135,18) width 111: "Lots and lots and"
                text run at (2,34) width 80: "lots of data. "
                text run at (81,34) width 155: "Lots and lots and lots of"
                text run at (2,50) width 35: "data. "
                text run at (36,50) width 190: "Lots and lots and lots of data."
                text run at (2,66) width 193: "Lots and lots and lots of data. "
                text run at (194,66) width 57: "Lots and"
                text run at (2,82) width 134: "lots and lots of data. "
                text run at (135,82) width 111: "Lots and lots and"
                text run at (2,98) width 80: "lots of data. "
                text run at (81,98) width 155: "Lots and lots and lots of"
                text run at (2,114) width 35: "data. "
                text run at (36,114) width 190: "Lots and lots and lots of data."
                text run at (2,130) width 193: "Lots and lots and lots of data. "
                text run at (194,130) width 57: "Lots and"
                text run at (2,146) width 134: "lots and lots of data. "
                text run at (135,146) width 111: "Lots and lots and"
                text run at (2,162) width 80: "lots of data. "
                text run at (81,162) width 155: "Lots and lots and lots of"
                text run at (2,178) width 35: "data. "
                text run at (36,178) width 190: "Lots and lots and lots of data."
                text run at (2,194) width 193: "Lots and lots and lots of data. "
                text run at (194,194) width 57: "Lots and"
                text run at (2,210) width 134: "lots and lots of data. "
                text run at (135,210) width 111: "Lots and lots and"
                text run at (2,226) width 80: "lots of data. "
                text run at (81,226) width 155: "Lots and lots and lots of"
                text run at (2,242) width 35: "data. "
                text run at (36,242) width 190: "Lots and lots and lots of data."
                text run at (2,258) width 193: "Lots and lots and lots of data. "
                text run at (194,258) width 57: "Lots and"
                text run at (2,274) width 134: "lots and lots of data. "
                text run at (135,274) width 111: "Lots and lots and"
                text run at (2,290) width 80: "lots of data. "
                text run at (81,290) width 155: "Lots and lots and lots of"
                text run at (2,306) width 35: "data. "
                text run at (36,306) width 190: "Lots and lots and lots of data."
                text run at (2,322) width 193: "Lots and lots and lots of data. "
                text run at (194,322) width 57: "Lots and"
                text run at (2,338) width 134: "lots and lots of data. "
                text run at (135,338) width 111: "Lots and lots and"
                text run at (2,354) width 80: "lots of data. "
                text run at (81,354) width 155: "Lots and lots and lots of"
                text run at (2,370) width 35: "data. "
                text run at (36,370) width 190: "Lots and lots and lots of data."
                text run at (2,386) width 193: "Lots and lots and lots of data. "
                text run at (194,386) width 57: "Lots and"
                text run at (2,402) width 134: "lots and lots of data. "
                text run at (135,402) width 111: "Lots and lots and"
                text run at (2,418) width 80: "lots of data. "
                text run at (81,418) width 155: "Lots and lots and lots of"
                text run at (2,434) width 35: "data. "
                text run at (36,434) width 190: "Lots and lots and lots of data."
                text run at (2,450) width 193: "Lots and lots and lots of data. "
                text run at (194,450) width 57: "Lots and"
                text run at (2,466) width 134: "lots and lots of data. "
                text run at (135,466) width 111: "Lots and lots and"
                text run at (2,482) width 80: "lots of data. "
                text run at (81,482) width 155: "Lots and lots and lots of"
                text run at (2,498) width 35: "data. "
                text run at (36,498) width 190: "Lots and lots and lots of data."
                text run at (2,514) width 193: "Lots and lots and lots of data. "
                text run at (194,514) width 57: "Lots and"
                text run at (2,530) width 134: "lots and lots of data. "
                text run at (135,530) width 111: "Lots and lots and"
                text run at (2,546) width 80: "lots of data. "
                text run at (81,546) width 155: "Lots and lots and lots of"
                text run at (2,562) width 35: "data. "
                text run at (36,562) width 190: "Lots and lots and lots of data."
                text run at (2,578) width 193: "Lots and lots and lots of data. "
                text run at (194,578) width 57: "Lots and"
                text run at (2,594) width 134: "lots and lots of data. "
                text run at (135,594) width 111: "Lots and lots and"
                text run at (2,610) width 80: "lots of data. "
                text run at (81,610) width 155: "Lots and lots and lots of"
                text run at (2,626) width 35: "data. "
                text run at (36,626) width 190: "Lots and lots and lots of data."
                text run at (2,642) width 193: "Lots and lots and lots of data. "
                text run at (194,642) width 57: "Lots and"
                text run at (2,658) width 134: "lots and lots of data. "
                text run at (135,658) width 111: "Lots and lots and"
                text run at (2,674) width 80: "lots of data. "
                text run at (81,674) width 155: "Lots and lots and lots of"
                text run at (2,690) width 35: "data. "
                text run at (36,690) width 190: "Lots and lots and lots of data."
                text run at (2,706) width 193: "Lots and lots and lots of data. "
                text run at (194,706) width 57: "Lots and"
                text run at (2,722) width 134: "lots and lots of data. "
                text run at (135,722) width 111: "Lots and lots and"
                text run at (2,738) width 80: "lots of data. "
                text run at (81,738) width 155: "Lots and lots and lots of"
                text run at (2,754) width 35: "data. "
                text run at (36,754) width 190: "Lots and lots and lots of data."
      RenderTable {TABLE} at (0,1659.44) size 769x798
        RenderTableSection {TBODY} at (0,0) size 769x798
          RenderTableRow {TR} at (0,2) size 769x772
            RenderTableCell {TD} at (2,378) size 253x20 [border: (1px solid #000000)] [r=0 c=0 rs=1 cs=1]
              RenderText {#text} at (2,2) size 31x16
                text run at (2,2) width 31: "Data"
            RenderTableCell {TD} at (257,378) size 254x20 [border: (1px solid #000000)] [r=0 c=1 rs=1 cs=1]
              RenderText {#text} at (2,2) size 31x16
                text run at (2,2) width 31: "Data"
            RenderTableCell {TD} at (513,2) size 254x772 [border: (1px solid #000000)] [r=0 c=2 rs=1 cs=1]
              RenderText {#text} at (2,2) size 249x768
                text run at (2,2) width 193: "Lots and lots and lots of data. "
                text run at (194,2) width 57: "Lots and"
                text run at (2,18) width 134: "lots and lots of data. "
                text run at (135,18) width 111: "Lots and lots and"
                text run at (2,34) width 80: "lots of data. "
                text run at (81,34) width 155: "Lots and lots and lots of"
                text run at (2,50) width 35: "data. "
                text run at (36,50) width 190: "Lots and lots and lots of data."
                text run at (2,66) width 193: "Lots and lots and lots of data. "
                text run at (194,66) width 57: "Lots and"
                text run at (2,82) width 134: "lots and lots of data. "
                text run at (135,82) width 111: "Lots and lots and"
                text run at (2,98) width 80: "lots of data. "
                text run at (81,98) width 155: "Lots and lots and lots of"
                text run at (2,114) width 35: "data. "
                text run at (36,114) width 190: "Lots and lots and lots of data."
                text run at (2,130) width 193: "Lots and lots and lots of data. "
                text run at (194,130) width 57: "Lots and"
                text run at (2,146) width 134: "lots and lots of data. "
                text run at (135,146) width 111: "Lots and lots and"
                text run at (2,162) width 80: "lots of data. "
                text run at (81,162) width 155: "Lots and lots and lots of"
                text run at (2,178) width 35: "data. "
                text run at (36,178) width 190: "Lots and lots and lots of data."
                text run at (2,194) width 193: "Lots and lots and lots of data. "
                text run at (194,194) width 57: "Lots and"
                text run at (2,210) width 134: "lots and lots of data. "
                text run at (135,210) width 111: "Lots and lots and"
                text run at (2,226) width 80: "lots of data. "
                text run at (81,226) width 155: "Lots and lots and lots of"
                text run at (2,242) width 35: "data. "
                text run at (36,242) width 190: "Lots and lots and lots of data."
                text run at (2,258) width 193: "Lots and lots and lots of data. "
                text run at (194,258) width 57: "Lots and"
                text run at (2,274) width 134: "lots and lots of data. "
                text run at (135,274) width 111: "Lots and lots and"
                text run at (2,290) width 80: "lots of data. "
                text run at (81,290) width 155: "Lots and lots and lots of"
                text run at (2,306) width 35: "data. "
                text run at (36,306) width 190: "Lots and lots and lots of data."
                text run at (2,322) width 193: "Lots and lots and lots of data. "
                text run at (194,322) width 57: "Lots and"
                text run at (2,338) width 134: "lots and lots of data. "
                text run at (135,338) width 111: "Lots and lots and"
                text run at (2,354) width 80: "lots of data. "
                text run at (81,354) width 155: "Lots and lots and lots of"
                text run at (2,370) width 35: "data. "
                text run at (36,370) width 190: "Lots and lots and lots of data."
                text run at (2,386) width 193: "Lots and lots and lots of data. "
                text run at (194,386) width 57: "Lots and"
                text run at (2,402) width 134: "lots and lots of data. "
                text run at (135,402) width 111: "Lots and lots and"
                text run at (2,418) width 80: "lots of data. "
                text run at (81,418) width 155: "Lots and lots and lots of"
                text run at (2,434) width 35: "data. "
                text run at (36,434) width 190: "Lots and lots and lots of data."
                text run at (2,450) width 193: "Lots and lots and lots of data. "
                text run at (194,450) width 57: "Lots and"
                text run at (2,466) width 134: "lots and lots of data. "
                text run at (135,466) width 111: "Lots and lots and"
                text run at (2,482) width 80: "lots of data. "
                text run at (81,482) width 155: "Lots and lots and lots of"
                text run at (2,498) width 35: "data. "
                text run at (36,498) width 190: "Lots and lots and lots of data."
                text run at (2,514) width 193: "Lots and lots and lots of data. "
                text run at (194,514) width 57: "Lots and"
                text run at (2,530) width 134: "lots and lots of data. "
                text run at (135,530) width 111: "Lots and lots and"
                text run at (2,546) width 80: "lots of data. "
                text run at (81,546) width 155: "Lots and lots and lots of"
                text run at (2,562) width 35: "data. "
                text run at (36,562) width 190: "Lots and lots and lots of data."
                text run at (2,578) width 193: "Lots and lots and lots of data. "
                text run at (194,578) width 57: "Lots and"
                text run at (2,594) width 134: "lots and lots of data. "
                text run at (135,594) width 111: "Lots and lots and"
                text run at (2,610) width 80: "lots of data. "
                text run at (81,610) width 155: "Lots and lots and lots of"
                text run at (2,626) width 35: "data. "
                text run at (36,626) width 190: "Lots and lots and lots of data."
                text run at (2,642) width 193: "Lots and lots and lots of data. "
                text run at (194,642) width 57: "Lots and"
                text run at (2,658) width 134: "lots and lots of data. "
                text run at (135,658) width 111: "Lots and lots and"
                text run at (2,674) width 80: "lots of data. "
                text run at (81,674) width 155: "Lots and lots and lots of"
                text run at (2,690) width 35: "data. "
                text run at (36,690) width 190: "Lots and lots and lots of data."
                text run at (2,706) width 193: "Lots and lots and lots of data. "
                text run at (194,706) width 57: "Lots and"
                text run at (2,722) width 134: "lots and lots of data. "
                text run at (135,722) width 111: "Lots and lots and"
                text run at (2,738) width 80: "lots of data. "
                text run at (81,738) width 155: "Lots and lots and lots of"
                text run at (2,754) width 35: "data. "
                text run at (36,754) width 190: "Lots and lots and lots of data."
          RenderTableRow {TR} at (0,776) size 769x20
            RenderTableCell {TD} at (2,776) size 253x20 [border: (1px solid #000000)] [r=1 c=0 rs=1 cs=1]
              RenderText {#text} at (2,2) size 31x16
                text run at (2,2) width 31: "Data"
            RenderTableCell {TD} at (257,776) size 254x20 [border: (1px solid #000000)] [r=1 c=1 rs=1 cs=1]
              RenderText {#text} at (2,2) size 31x16
                text run at (2,2) width 31: "Data"
            RenderTableCell {TD} at (513,776) size 254x20 [border: (1px solid #000000)] [r=1 c=2 rs=1 cs=1]
              RenderText {#text} at (2,2) size 31x16
                text run at (2,2) width 31: "Data"
      RenderBlock {P} at (0,2473.44) size 769x16
        RenderText {#text} at (0,0) size 758x16
          text run at (0,0) width 758: "All the columns in the following three tables should divide equally the available space (50% of the width of the page):"
      RenderTable {TABLE} at (0,2505.44) size 384x46
        RenderTableSection {TBODY} at (0,0) size 384x46
          RenderTableRow {TR} at (0,2) size 384x20
            RenderTableCell {TD} at (2,2) size 125x20 [border: (1px solid #000000)] [r=0 c=0 rs=1 cs=1]
              RenderText {#text} at (2,2) size 31x16
                text run at (2,2) width 31: "Data"
            RenderTableCell {TD} at (129,2) size 125x20 [border: (1px solid #000000)] [r=0 c=1 rs=1 cs=1]
              RenderText {#text} at (2,2) size 31x16
                text run at (2,2) width 31: "Data"
            RenderTableCell {TD} at (256,2) size 126x20 [border: (1px solid #000000)] [r=0 c=2 rs=1 cs=1]
              RenderText {#text} at (2,2) size 31x16
                text run at (2,2) width 31: "Data"
          RenderTableRow {TR} at (0,24) size 384x20
            RenderTableCell {TD} at (2,24) size 125x20 [border: (1px solid #000000)] [r=1 c=0 rs=1 cs=1]
              RenderText {#text} at (2,2) size 31x16
                text run at (2,2) width 31: "Data"
            RenderTableCell {TD} at (129,24) size 125x20 [border: (1px solid #000000)] [r=1 c=1 rs=1 cs=1]
              RenderText {#text} at (2,2) size 31x16
                text run at (2,2) width 31: "Data"
            RenderTableCell {TD} at (256,24) size 126x20 [border: (1px solid #000000)] [r=1 c=2 rs=1 cs=1]
              RenderText {#text} at (2,2) size 31x16
                text run at (2,2) width 31: "Data"
      RenderTable {TABLE} at (0,2551.44) size 384x1630
        RenderTableSection {TBODY} at (0,0) size 384x1630
          RenderTableRow {TR} at (0,2) size 384x20
            RenderTableCell {TD} at (2,2) size 125x20 [border: (1px solid #000000)] [r=0 c=0 rs=1 cs=1]
              RenderText {#text} at (2,2) size 31x16
                text run at (2,2) width 31: "Data"
            RenderTableCell {TD} at (129,2) size 125x20 [border: (1px solid #000000)] [r=0 c=1 rs=1 cs=1]
              RenderText {#text} at (2,2) size 31x16
                text run at (2,2) width 31: "Data"
            RenderTableCell {TD} at (256,2) size 126x20 [border: (1px solid #000000)] [r=0 c=2 rs=1 cs=1]
              RenderText {#text} at (2,2) size 31x16
                text run at (2,2) width 31: "Data"
          RenderTableRow {TR} at (0,24) size 384x1604
            RenderTableCell {TD} at (2,816) size 125x20 [border: (1px solid #000000)] [r=1 c=0 rs=1 cs=1]
              RenderText {#text} at (2,2) size 31x16
                text run at (2,2) width 31: "Data"
            RenderTableCell {TD} at (129,816) size 125x20 [border: (1px solid #000000)] [r=1 c=1 rs=1 cs=1]
              RenderText {#text} at (2,2) size 31x16
                text run at (2,2) width 31: "Data"
            RenderTableCell {TD} at (256,24) size 126x1604 [border: (1px solid #000000)] [r=1 c=2 rs=1 cs=1]
              RenderText {#text} at (2,2) size 122x1600
                text run at (2,2) width 110: "Lots and lots and"
                text run at (2,18) width 80: "lots of data. "
                text run at (81,18) width 29: "Lots"
                text run at (2,34) width 122: "and lots and lots of"
                text run at (2,50) width 35: "data. "
                text run at (36,50) width 84: "Lots and lots"
                text run at (2,66) width 103: "and lots of data."
                text run at (2,82) width 110: "Lots and lots and"
                text run at (2,98) width 80: "lots of data. "
                text run at (81,98) width 29: "Lots"
                text run at (2,114) width 122: "and lots and lots of"
                text run at (2,130) width 35: "data. "
                text run at (36,130) width 84: "Lots and lots"
                text run at (2,146) width 103: "and lots of data."
                text run at (2,162) width 110: "Lots and lots and"
                text run at (2,178) width 80: "lots of data. "
                text run at (81,178) width 29: "Lots"
                text run at (2,194) width 122: "and lots and lots of"
                text run at (2,210) width 35: "data. "
                text run at (36,210) width 84: "Lots and lots"
                text run at (2,226) width 103: "and lots of data."
                text run at (2,242) width 110: "Lots and lots and"
                text run at (2,258) width 80: "lots of data. "
                text run at (81,258) width 29: "Lots"
                text run at (2,274) width 122: "and lots and lots of"
                text run at (2,290) width 35: "data. "
                text run at (36,290) width 84: "Lots and lots"
                text run at (2,306) width 103: "and lots of data."
                text run at (2,322) width 110: "Lots and lots and"
                text run at (2,338) width 80: "lots of data. "
                text run at (81,338) width 29: "Lots"
                text run at (2,354) width 122: "and lots and lots of"
                text run at (2,370) width 35: "data. "
                text run at (36,370) width 84: "Lots and lots"
                text run at (2,386) width 103: "and lots of data."
                text run at (2,402) width 110: "Lots and lots and"
                text run at (2,418) width 80: "lots of data. "
                text run at (81,418) width 29: "Lots"
                text run at (2,434) width 122: "and lots and lots of"
                text run at (2,450) width 35: "data. "
                text run at (36,450) width 84: "Lots and lots"
                text run at (2,466) width 103: "and lots of data."
                text run at (2,482) width 110: "Lots and lots and"
                text run at (2,498) width 80: "lots of data. "
                text run at (81,498) width 29: "Lots"
                text run at (2,514) width 122: "and lots and lots of"
                text run at (2,530) width 35: "data. "
                text run at (36,530) width 84: "Lots and lots"
                text run at (2,546) width 103: "and lots of data."
                text run at (2,562) width 110: "Lots and lots and"
                text run at (2,578) width 80: "lots of data. "
                text run at (81,578) width 29: "Lots"
                text run at (2,594) width 122: "and lots and lots of"
                text run at (2,610) width 35: "data. "
                text run at (36,610) width 84: "Lots and lots"
                text run at (2,626) width 103: "and lots of data."
                text run at (2,642) width 110: "Lots and lots and"
                text run at (2,658) width 80: "lots of data. "
                text run at (81,658) width 29: "Lots"
                text run at (2,674) width 122: "and lots and lots of"
                text run at (2,690) width 35: "data. "
                text run at (36,690) width 84: "Lots and lots"
                text run at (2,706) width 103: "and lots of data."
                text run at (2,722) width 110: "Lots and lots and"
                text run at (2,738) width 80: "lots of data. "
                text run at (81,738) width 29: "Lots"
                text run at (2,754) width 122: "and lots and lots of"
                text run at (2,770) width 35: "data. "
                text run at (36,770) width 84: "Lots and lots"
                text run at (2,786) width 103: "and lots of data."
                text run at (2,802) width 110: "Lots and lots and"
                text run at (2,818) width 80: "lots of data. "
                text run at (81,818) width 29: "Lots"
                text run at (2,834) width 122: "and lots and lots of"
                text run at (2,850) width 35: "data. "
                text run at (36,850) width 84: "Lots and lots"
                text run at (2,866) width 103: "and lots of data."
                text run at (2,882) width 110: "Lots and lots and"
                text run at (2,898) width 80: "lots of data. "
                text run at (81,898) width 29: "Lots"
                text run at (2,914) width 122: "and lots and lots of"
                text run at (2,930) width 35: "data. "
                text run at (36,930) width 84: "Lots and lots"
                text run at (2,946) width 103: "and lots of data."
                text run at (2,962) width 110: "Lots and lots and"
                text run at (2,978) width 80: "lots of data. "
                text run at (81,978) width 29: "Lots"
                text run at (2,994) width 122: "and lots and lots of"
                text run at (2,1010) width 35: "data. "
                text run at (36,1010) width 84: "Lots and lots"
                text run at (2,1026) width 103: "and lots of data."
                text run at (2,1042) width 110: "Lots and lots and"
                text run at (2,1058) width 80: "lots of data. "
                text run at (81,1058) width 29: "Lots"
                text run at (2,1074) width 122: "and lots and lots of"
                text run at (2,1090) width 35: "data. "
                text run at (36,1090) width 84: "Lots and lots"
                text run at (2,1106) width 103: "and lots of data."
                text run at (2,1122) width 110: "Lots and lots and"
                text run at (2,1138) width 80: "lots of data. "
                text run at (81,1138) width 29: "Lots"
                text run at (2,1154) width 122: "and lots and lots of"
                text run at (2,1170) width 35: "data. "
                text run at (36,1170) width 84: "Lots and lots"
                text run at (2,1186) width 103: "and lots of data."
                text run at (2,1202) width 110: "Lots and lots and"
                text run at (2,1218) width 80: "lots of data. "
                text run at (81,1218) width 29: "Lots"
                text run at (2,1234) width 122: "and lots and lots of"
                text run at (2,1250) width 35: "data. "
                text run at (36,1250) width 84: "Lots and lots"
                text run at (2,1266) width 103: "and lots of data."
                text run at (2,1282) width 110: "Lots and lots and"
                text run at (2,1298) width 80: "lots of data. "
                text run at (81,1298) width 29: "Lots"
                text run at (2,1314) width 122: "and lots and lots of"
                text run at (2,1330) width 35: "data. "
                text run at (36,1330) width 84: "Lots and lots"
                text run at (2,1346) width 103: "and lots of data."
                text run at (2,1362) width 110: "Lots and lots and"
                text run at (2,1378) width 80: "lots of data. "
                text run at (81,1378) width 29: "Lots"
                text run at (2,1394) width 122: "and lots and lots of"
                text run at (2,1410) width 35: "data. "
                text run at (36,1410) width 84: "Lots and lots"
                text run at (2,1426) width 103: "and lots of data."
                text run at (2,1442) width 110: "Lots and lots and"
                text run at (2,1458) width 80: "lots of data. "
                text run at (81,1458) width 29: "Lots"
                text run at (2,1474) width 122: "and lots and lots of"
                text run at (2,1490) width 35: "data. "
                text run at (36,1490) width 84: "Lots and lots"
                text run at (2,1506) width 103: "and lots of data."
                text run at (2,1522) width 110: "Lots and lots and"
                text run at (2,1538) width 80: "lots of data. "
                text run at (81,1538) width 29: "Lots"
                text run at (2,1554) width 122: "and lots and lots of"
                text run at (2,1570) width 35: "data. "
                text run at (36,1570) width 84: "Lots and lots"
                text run at (2,1586) width 103: "and lots of data."
      RenderTable {TABLE} at (0,4181.44) size 384x1630
        RenderTableSection {TBODY} at (0,0) size 384x1630
          RenderTableRow {TR} at (0,2) size 384x1604
            RenderTableCell {TD} at (2,794) size 125x20 [border: (1px solid #000000)] [r=0 c=0 rs=1 cs=1]
              RenderText {#text} at (2,2) size 31x16
                text run at (2,2) width 31: "Data"
            RenderTableCell {TD} at (129,794) size 125x20 [border: (1px solid #000000)] [r=0 c=1 rs=1 cs=1]
              RenderText {#text} at (2,2) size 31x16
                text run at (2,2) width 31: "Data"
            RenderTableCell {TD} at (256,2) size 126x1604 [border: (1px solid #000000)] [r=0 c=2 rs=1 cs=1]
              RenderText {#text} at (2,2) size 122x1600
                text run at (2,2) width 110: "Lots and lots and"
                text run at (2,18) width 80: "lots of data. "
                text run at (81,18) width 29: "Lots"
                text run at (2,34) width 122: "and lots and lots of"
                text run at (2,50) width 35: "data. "
                text run at (36,50) width 84: "Lots and lots"
                text run at (2,66) width 103: "and lots of data."
                text run at (2,82) width 110: "Lots and lots and"
                text run at (2,98) width 80: "lots of data. "
                text run at (81,98) width 29: "Lots"
                text run at (2,114) width 122: "and lots and lots of"
                text run at (2,130) width 35: "data. "
                text run at (36,130) width 84: "Lots and lots"
                text run at (2,146) width 103: "and lots of data."
                text run at (2,162) width 110: "Lots and lots and"
                text run at (2,178) width 80: "lots of data. "
                text run at (81,178) width 29: "Lots"
                text run at (2,194) width 122: "and lots and lots of"
                text run at (2,210) width 35: "data. "
                text run at (36,210) width 84: "Lots and lots"
                text run at (2,226) width 103: "and lots of data."
                text run at (2,242) width 110: "Lots and lots and"
                text run at (2,258) width 80: "lots of data. "
                text run at (81,258) width 29: "Lots"
                text run at (2,274) width 122: "and lots and lots of"
                text run at (2,290) width 35: "data. "
                text run at (36,290) width 84: "Lots and lots"
                text run at (2,306) width 103: "and lots of data."
                text run at (2,322) width 110: "Lots and lots and"
                text run at (2,338) width 80: "lots of data. "
                text run at (81,338) width 29: "Lots"
                text run at (2,354) width 122: "and lots and lots of"
                text run at (2,370) width 35: "data. "
                text run at (36,370) width 84: "Lots and lots"
                text run at (2,386) width 103: "and lots of data."
                text run at (2,402) width 110: "Lots and lots and"
                text run at (2,418) width 80: "lots of data. "
                text run at (81,418) width 29: "Lots"
                text run at (2,434) width 122: "and lots and lots of"
                text run at (2,450) width 35: "data. "
                text run at (36,450) width 84: "Lots and lots"
                text run at (2,466) width 103: "and lots of data."
                text run at (2,482) width 110: "Lots and lots and"
                text run at (2,498) width 80: "lots of data. "
                text run at (81,498) width 29: "Lots"
                text run at (2,514) width 122: "and lots and lots of"
                text run at (2,530) width 35: "data. "
                text run at (36,530) width 84: "Lots and lots"
                text run at (2,546) width 103: "and lots of data."
                text run at (2,562) width 110: "Lots and lots and"
                text run at (2,578) width 80: "lots of data. "
                text run at (81,578) width 29: "Lots"
                text run at (2,594) width 122: "and lots and lots of"
                text run at (2,610) width 35: "data. "
                text run at (36,610) width 84: "Lots and lots"
                text run at (2,626) width 103: "and lots of data."
                text run at (2,642) width 110: "Lots and lots and"
                text run at (2,658) width 80: "lots of data. "
                text run at (81,658) width 29: "Lots"
                text run at (2,674) width 122: "and lots and lots of"
                text run at (2,690) width 35: "data. "
                text run at (36,690) width 84: "Lots and lots"
                text run at (2,706) width 103: "and lots of data."
                text run at (2,722) width 110: "Lots and lots and"
                text run at (2,738) width 80: "lots of data. "
                text run at (81,738) width 29: "Lots"
                text run at (2,754) width 122: "and lots and lots of"
                text run at (2,770) width 35: "data. "
                text run at (36,770) width 84: "Lots and lots"
                text run at (2,786) width 103: "and lots of data."
                text run at (2,802) width 110: "Lots and lots and"
                text run at (2,818) width 80: "lots of data. "
                text run at (81,818) width 29: "Lots"
                text run at (2,834) width 122: "and lots and lots of"
                text run at (2,850) width 35: "data. "
                text run at (36,850) width 84: "Lots and lots"
                text run at (2,866) width 103: "and lots of data."
                text run at (2,882) width 110: "Lots and lots and"
                text run at (2,898) width 80: "lots of data. "
                text run at (81,898) width 29: "Lots"
                text run at (2,914) width 122: "and lots and lots of"
                text run at (2,930) width 35: "data. "
                text run at (36,930) width 84: "Lots and lots"
                text run at (2,946) width 103: "and lots of data."
                text run at (2,962) width 110: "Lots and lots and"
                text run at (2,978) width 80: "lots of data. "
                text run at (81,978) width 29: "Lots"
                text run at (2,994) width 122: "and lots and lots of"
                text run at (2,1010) width 35: "data. "
                text run at (36,1010) width 84: "Lots and lots"
                text run at (2,1026) width 103: "and lots of data."
                text run at (2,1042) width 110: "Lots and lots and"
                text run at (2,1058) width 80: "lots of data. "
                text run at (81,1058) width 29: "Lots"
                text run at (2,1074) width 122: "and lots and lots of"
                text run at (2,1090) width 35: "data. "
                text run at (36,1090) width 84: "Lots and lots"
                text run at (2,1106) width 103: "and lots of data."
                text run at (2,1122) width 110: "Lots and lots and"
                text run at (2,1138) width 80: "lots of data. "
                text run at (81,1138) width 29: "Lots"
                text run at (2,1154) width 122: "and lots and lots of"
                text run at (2,1170) width 35: "data. "
                text run at (36,1170) width 84: "Lots and lots"
                text run at (2,1186) width 103: "and lots of data."
                text run at (2,1202) width 110: "Lots and lots and"
                text run at (2,1218) width 80: "lots of data. "
                text run at (81,1218) width 29: "Lots"
                text run at (2,1234) width 122: "and lots and lots of"
                text run at (2,1250) width 35: "data. "
                text run at (36,1250) width 84: "Lots and lots"
                text run at (2,1266) width 103: "and lots of data."
                text run at (2,1282) width 110: "Lots and lots and"
                text run at (2,1298) width 80: "lots of data. "
                text run at (81,1298) width 29: "Lots"
                text run at (2,1314) width 122: "and lots and lots of"
                text run at (2,1330) width 35: "data. "
                text run at (36,1330) width 84: "Lots and lots"
                text run at (2,1346) width 103: "and lots of data."
                text run at (2,1362) width 110: "Lots and lots and"
                text run at (2,1378) width 80: "lots of data. "
                text run at (81,1378) width 29: "Lots"
                text run at (2,1394) width 122: "and lots and lots of"
                text run at (2,1410) width 35: "data. "
                text run at (36,1410) width 84: "Lots and lots"
                text run at (2,1426) width 103: "and lots of data."
                text run at (2,1442) width 110: "Lots and lots and"
                text run at (2,1458) width 80: "lots of data. "
                text run at (81,1458) width 29: "Lots"
                text run at (2,1474) width 122: "and lots and lots of"
                text run at (2,1490) width 35: "data. "
                text run at (36,1490) width 84: "Lots and lots"
                text run at (2,1506) width 103: "and lots of data."
                text run at (2,1522) width 110: "Lots and lots and"
                text run at (2,1538) width 80: "lots of data. "
                text run at (81,1538) width 29: "Lots"
                text run at (2,1554) width 122: "and lots and lots of"
                text run at (2,1570) width 35: "data. "
                text run at (36,1570) width 84: "Lots and lots"
                text run at (2,1586) width 103: "and lots of data."
          RenderTableRow {TR} at (0,1608) size 384x20
            RenderTableCell {TD} at (2,1608) size 125x20 [border: (1px solid #000000)] [r=1 c=0 rs=1 cs=1]
              RenderText {#text} at (2,2) size 31x16
                text run at (2,2) width 31: "Data"
            RenderTableCell {TD} at (129,1608) size 125x20 [border: (1px solid #000000)] [r=1 c=1 rs=1 cs=1]
              RenderText {#text} at (2,2) size 31x16
                text run at (2,2) width 31: "Data"
            RenderTableCell {TD} at (256,1608) size 126x20 [border: (1px solid #000000)] [r=1 c=2 rs=1 cs=1]
              RenderText {#text} at (2,2) size 31x16
                text run at (2,2) width 31: "Data"
      RenderBlock {P} at (0,5827.44) size 769x16
        RenderText {#text} at (0,0) size 199x16
          text run at (0,0) width 199: "This test is still being written..."
      RenderBlock {HR} at (0,5859.44) size 769x2 [border: (1px inset #EEEEEE)]
      RenderBlock {P} at (0,5877.44) size 769x16
        RenderText {#text} at (0,0) size 59x16
          text run at (0,0) width 59: "(Back to "
        RenderInline {A} at (0,0) size 162x16 [color=#0000EE]
          RenderText {#text} at (58,0) size 162x16
            text run at (58,0) width 162: "CSS Testing Information"
        RenderText {#text} at (219,0) size 9x16
          text run at (219,0) width 9: ", "
        RenderInline {A} at (0,0) size 83x16 [color=#0000EE]
          RenderText {#text} at (227,0) size 83x16
            text run at (227,0) width 83: "David Baron"
        RenderText {#text} at (309,0) size 7x16
          text run at (309,0) width 7: ")"
      RenderBlock {P} at (0,5909.44) size 769x16
        RenderInline {A} at (0,0) size 32x16 [color=#0000EE]
          RenderText {#text} at (0,0) size 32x16
            text run at (0,0) width 32: "LDB"
        RenderText {#text} at (32,0) size 8x16
          text run at (32,0) width 8: ", "
        RenderInline {A} at (0,0) size 158x16 [color=#0000EE]
          RenderText {#text} at (40,0) size 158x16
            text run at (40,0) width 158: "dbaron@fas.harvard.edu"
