layer at (0,0) size 800x600
  RenderView at (0,0) size 800x600
layer at (0,0) size 800x600
  RenderBlock {HTML} at (0,0) size 800x600
    RenderBody {BODY} at (8,8) size 784x584
      RenderBlock (anonymous) at (0,0) size 784x16
        RenderText {#text} at (0,0) size 134x16
          text run at (0,0) width 134: "and the page works.)"
      RenderTable {TABLE} at (0,16) size 197x48 [border: (1px outset #808080)]
        RenderTableSection {TBODY} at (1,1) size 195x46
          RenderTableRow {TR} at (0,2) size 195x20
            RenderTableCell {TD} at (2,2) size 100x20 [border: (1px inset #808080)] [r=0 c=0 rs=1 cs=1]
              RenderText {#text} at (2,2) size 53x16
                text run at (2,2) width 53: "img-cap"
            RenderTableCell {TD} at (104,5) size 89x36 [border: (1px inset #808080)] [r=0 c=1 rs=2 cs=1]
              RenderText {#text} at (2,2) size 81x16
                text run at (2,2) width 81: "img-features"
              RenderBR {BR} at (82,14) size 1x0
              RenderText {#text} at (2,18) size 85x16
                text run at (2,18) width 85: "img-holidays"
              RenderBR {BR} at (86,30) size 1x0
          RenderTableRow {TR} at (0,24) size 195x20
            RenderTableCell {TD} at (2,24) size 100x20 [border: (1px inset #808080)] [r=1 c=0 rs=1 cs=1]
              RenderText {#text} at (2,2) size 96x16
                text run at (2,2) width 96: "img-projo.com"
