layer at (0,0) size 800x600
  RenderView at (0,0) size 800x600
layer at (0,0) size 800x337
  RenderBlock {HTML} at (0,0) size 800x337.06
    RenderBody {BODY} at (8,21.27) size 784x299.80
      RenderBlock {H4} at (0,0) size 784x16
        RenderText {#text} at (0,0) size 46x16
          text run at (0,0) width 46: "table 1"
      RenderTable {TABLE} at (0,37.27) size 160x70 [border: (1px outset #808080)]
        RenderTableSection {TBODY} at (1,1) size 158x68
          RenderTableRow {TR} at (0,2) size 158x20
            RenderTableCell {TD} at (2,2) size 24x20 [border: (1px inset #808080)] [r=0 c=0 rs=1 cs=1]
              RenderText {#text} at (2,2) size 20x16
                text run at (2,2) width 20: "1.1"
            RenderTableCell {TD} at (28,13) size 24x20 [border: (1px inset #808080)] [r=0 c=1 rs=2 cs=1]
              RenderText {#text} at (2,2) size 20x16
                text run at (2,2) width 20: "1.2"
            RenderTableCell {TD} at (54,2) size 24x20 [border: (1px inset #808080)] [r=0 c=2 rs=1 cs=1]
              RenderText {#text} at (2,2) size 20x16
                text run at (2,2) width 20: "1.3"
            RenderTableCell {TD} at (80,2) size 24x20 [border: (1px inset #808080)] [r=0 c=3 rs=1 cs=1]
              RenderText {#text} at (2,2) size 20x16
                text run at (2,2) width 20: "1.4"
            RenderTableCell {TD} at (106,13) size 24x20 [border: (1px inset #808080)] [r=0 c=4 rs=2 cs=1]
              RenderText {#text} at (2,2) size 20x16
                text run at (2,2) width 20: "1.5"
            RenderTableCell {TD} at (132,13) size 24x20 [border: (1px inset #808080)] [r=0 c=5 rs=2 cs=1]
              RenderText {#text} at (2,2) size 20x16
                text run at (2,2) width 20: "1.6"
          RenderTableRow {TR} at (0,24) size 158x20
            RenderTableCell {TD} at (2,24) size 128x20 [border: (1px inset #808080)] [r=1 c=0 rs=1 cs=5]
              RenderText {#text} at (54,2) size 20x16
                text run at (54,2) width 20: "2.1"
          RenderTableRow {TR} at (0,46) size 158x20
            RenderTableCell {TD} at (2,46) size 24x20 [border: (1px inset #808080)] [r=2 c=0 rs=1 cs=1]
              RenderText {#text} at (2,2) size 20x16
                text run at (2,2) width 20: "3.1"
            RenderTableCell {TD} at (28,46) size 24x20 [border: (1px inset #808080)] [r=2 c=1 rs=1 cs=1]
              RenderText {#text} at (2,2) size 20x16
                text run at (2,2) width 20: "3.2"
            RenderTableCell {TD} at (54,46) size 24x20 [border: (1px inset #808080)] [r=2 c=2 rs=1 cs=1]
              RenderText {#text} at (2,2) size 20x16
                text run at (2,2) width 20: "3.3"
            RenderTableCell {TD} at (80,46) size 24x20 [border: (1px inset #808080)] [r=2 c=3 rs=1 cs=1]
              RenderText {#text} at (2,2) size 20x16
                text run at (2,2) width 20: "3.4"
            RenderTableCell {TD} at (106,46) size 24x20 [border: (1px inset #808080)] [r=2 c=4 rs=1 cs=1]
              RenderText {#text} at (2,2) size 20x16
                text run at (2,2) width 20: "3.5"
            RenderTableCell {TD} at (132,46) size 24x20 [border: (1px inset #808080)] [r=2 c=5 rs=1 cs=1]
              RenderText {#text} at (2,2) size 20x16
                text run at (2,2) width 20: "3.6"
      RenderBlock {P} at (0,123.27) size 784x16
        RenderText {#text} at (0,0) size 161x16
          text run at (0,0) width 161: "cell 1.5 has rowspan=\"2\""
      RenderBlock {H4} at (0,160.53) size 784x16
        RenderText {#text} at (0,0) size 46x16
          text run at (0,0) width 46: "table 2"
      RenderTable {TABLE} at (0,197.80) size 160x70 [border: (1px outset #808080)]
        RenderTableSection {TBODY} at (1,1) size 158x68
          RenderTableRow {TR} at (0,2) size 158x20
            RenderTableCell {TD} at (2,2) size 24x20 [border: (1px inset #808080)] [r=0 c=0 rs=1 cs=1]
              RenderText {#text} at (2,2) size 20x16
                text run at (2,2) width 20: "1.1"
            RenderTableCell {TD} at (28,13) size 24x20 [border: (1px inset #808080)] [r=0 c=1 rs=2 cs=1]
              RenderText {#text} at (2,2) size 20x16
                text run at (2,2) width 20: "1.2"
            RenderTableCell {TD} at (54,2) size 24x20 [border: (1px inset #808080)] [r=0 c=2 rs=1 cs=1]
              RenderText {#text} at (2,2) size 20x16
                text run at (2,2) width 20: "1.3"
            RenderTableCell {TD} at (80,2) size 24x20 [border: (1px inset #808080)] [r=0 c=3 rs=1 cs=1]
              RenderText {#text} at (2,2) size 20x16
                text run at (2,2) width 20: "1.4"
            RenderTableCell {TD} at (106,13) size 50x20 [border: (1px inset #808080)] [r=0 c=4 rs=2 cs=2]
              RenderText {#text} at (15,2) size 20x16
                text run at (15,2) width 20: "1.5"
          RenderTableRow {TR} at (0,24) size 158x20
            RenderTableCell {TD} at (2,24) size 128x20 [border: (1px inset #808080)] [r=1 c=0 rs=1 cs=5]
              RenderText {#text} at (54,2) size 20x16
                text run at (54,2) width 20: "2.1"
          RenderTableRow {TR} at (0,46) size 158x20
            RenderTableCell {TD} at (2,46) size 24x20 [border: (1px inset #808080)] [r=2 c=0 rs=1 cs=1]
              RenderText {#text} at (2,2) size 20x16
                text run at (2,2) width 20: "3.1"
            RenderTableCell {TD} at (28,46) size 24x20 [border: (1px inset #808080)] [r=2 c=1 rs=1 cs=1]
              RenderText {#text} at (2,2) size 20x16
                text run at (2,2) width 20: "3.2"
            RenderTableCell {TD} at (54,46) size 24x20 [border: (1px inset #808080)] [r=2 c=2 rs=1 cs=1]
              RenderText {#text} at (2,2) size 20x16
                text run at (2,2) width 20: "3.3"
            RenderTableCell {TD} at (80,46) size 24x20 [border: (1px inset #808080)] [r=2 c=3 rs=1 cs=1]
              RenderText {#text} at (2,2) size 20x16
                text run at (2,2) width 20: "3.4"
            RenderTableCell {TD} at (106,46) size 24x20 [border: (1px inset #808080)] [r=2 c=4 rs=1 cs=1]
              RenderText {#text} at (2,2) size 20x16
                text run at (2,2) width 20: "3.5"
            RenderTableCell {TD} at (132,46) size 24x20 [border: (1px inset #808080)] [r=2 c=5 rs=1 cs=1]
              RenderText {#text} at (2,2) size 20x16
                text run at (2,2) width 20: "3.6"
      RenderBlock {P} at (0,283.80) size 784x16
        RenderText {#text} at (0,0) size 244x16
          text run at (0,0) width 244: "cell 1.5 has colspan=\"2\" rowspan=\"2\""
