layer at (0,0) size 800x600
  RenderView at (0,0) size 800x600
layer at (0,0) size 800x600
  RenderBlock {HTML} at (0,0) size 800x600
    RenderBody {BODY} at (8,8) size 784x584
      RenderTable {TABLE} at (0,0) size 450x96 [border: (1px solid #000000)]
        RenderTableSection {TBODY} at (1,1) size 448x94
          RenderTableRow {TR} at (0,2) size 448x90
            RenderTableCell {TD} at (2,2) size 444x90 [r=0 c=0 rs=1 cs=1]
              RenderTable {TABLE} at (1,1) size 442x24 [border: (1px solid #FF0000)]
                RenderTableSection {TBODY} at (1,1) size 440x22
                  RenderTableRow {TR} at (0,2) size 440x18
                    RenderTableCell {TD} at (2,2) size 436x18 [r=0 c=0 rs=1 cs=1]
                      RenderText {#text} at (1,1) size 23x16
                        text run at (1,1) width 23: "test"
              RenderTable {TABLE} at (1,25) size 437x64 [border: (1px solid #000000)]
                RenderTableSection {TBODY} at (1,1) size 435x62
                  RenderTableRow {TR} at (0,2) size 435x58
                    RenderTableCell {TD} at (2,2) size 431x58 [r=0 c=0 rs=1 cs=1]
                      RenderTable {TABLE} at (1,1) size 320x56 [border: (1px solid #000000)]
                        RenderTableSection {TBODY} at (1,1) size 318x54
                          RenderTableRow {TR} at (0,2) size 318x50
                            RenderTableCell {TD} at (2,2) size 314x50 [r=0 c=0 rs=1 cs=1]
                              RenderImage {IMG} at (1,4) size 9x9
                              RenderText {#text} at (10,1) size 133x16
                                text run at (10,1) width 133: " Shop Till You Drop"
                              RenderBR {BR} at (142,13) size 1x0
                              RenderText {#text} at (1,17) size 281x16
                                text run at (1,17) width 281: "From Regina Lewis, AOL's Online Advisor"
                              RenderBR {BR} at (281,29) size 1x0
                              RenderImage {IMG} at (1,36) size 9x9
                              RenderText {#text} at (10,33) size 303x16
                                text run at (10,33) width 303: " Forget Dates? Don't Worry We'll Remind You"
                              RenderBR {BR} at (312,45) size 1x0
