layer at (0,0) size 785x618
  RenderView at (0,0) size 785x600
layer at (0,0) size 785x618
  RenderBlock {HTML} at (0,0) size 785x617.50
    RenderBody {BODY} at (8,21.44) size 769x580.06
      RenderBlock {H1} at (0,0) size 769x32
        RenderText {#text} at (0,0) size 317x32
          text run at (0,0) width 317: "Generic Table Tests - 1"
      RenderBlock {P} at (0,53.44) size 769x16
        RenderText {#text} at (0,0) size 397x16
          text run at (0,0) width 397: "If you have any comments to make regarding this test, e-mail "
        RenderInline {A} at (0,0) size 186x16 [color=#0000EE]
          RenderText {#text} at (396,0) size 186x16
            text run at (396,0) width 186: "py8ieh=eviltests@bath.ac.uk"
        RenderText {#text} at (581,0) size 5x16
          text run at (581,0) width 5: "."
      RenderBlock {DL} at (0,85.44) size 769x32
        RenderBlock {DT} at (0,0) size 769x16
          RenderText {#text} at (0,0) size 83x16
            text run at (0,0) width 83: "Prerequisites"
        RenderBlock {DD} at (40,16) size 729x16
          RenderText {#text} at (0,0) size 697x16
            text run at (0,0) width 697: "Browsers that are subjected to this test should support CSS1 and the CSS2 table model, and multiple classes."
      RenderBlock {P} at (0,133.44) size 769x90 [border: (5px double #FF0000)]
        RenderBlock (anonymous) at (13,13) size 743x16
          RenderText {#text} at (0,0) size 240x16
            text run at (0,0) width 240: "If this paragraph breaks the line here:"
        RenderTable {SPAN} at (13,29) size 60x16
          RenderTableSection (anonymous) at (0,0) size 60x16
            RenderTableRow (anonymous) at (0,0) size 60x16
              RenderTableCell (anonymous) at (0,0) size 60x16 [r=0 c=0 rs=1 cs=1]
                RenderText {#text} at (0,0) size 60x16
                  text run at (0,0) width 60: "and here:"
        RenderBlock (anonymous) at (13,45) size 743x32
          RenderText {#text} at (0,0) size 121x16
            text run at (0,0) width 121: "then your browser "
          RenderInline {EM} at (0,0) size 83x16
            RenderText {#text} at (120,0) size 83x16
              text run at (120,0) width 83: "does support"
          RenderText {#text} at (202,0) size 165x16
            text run at (202,0) width 165: " table values on 'display'. "
          RenderInline {STRONG} at (0,0) size 716x32
            RenderText {#text} at (366,0) size 716x32
              text run at (366,0) width 350: "If this paragraphs flows without any undue breaks,"
              text run at (0,16) width 459: "then you should mark your browser as not supporting table values!"
      RenderBlock {H2} at (0,243.34) size 769x24
        RenderText {#text} at (0,0) size 223x24
          text run at (0,0) width 223: "1. Table -> Table Cell"
      RenderBlock {P} at (0,287.25) size 769x32
        RenderText {#text} at (0,0) size 764x32
          text run at (0,0) width 764: "Below there should be a gray bar, spanning the width of the BODY, with the text \"Left\" to the left and the text \"Right\","
          text run at (0,16) width 223: "on the same line, flush to the right."
      RenderTable {DIV} at (0,335.25) size 769x16 [bgcolor=#C0C0C0]
        RenderTableSection (anonymous) at (0,0) size 769x16
          RenderTableRow (anonymous) at (0,0) size 769x16
            RenderTableCell {DIV} at (0,0) size 329x16 [r=0 c=0 rs=1 cs=1]
              RenderText {#text} at (0,0) size 27x16
                text run at (0,0) width 27: "Left"
            RenderTableCell {DIV} at (329,0) size 440x16 [r=0 c=1 rs=1 cs=1]
              RenderText {#text} at (404,0) size 36x16
                text run at (404,0) width 36: "Right"
      RenderBlock {H2} at (0,371.16) size 769x24
        RenderText {#text} at (0,0) size 156x24
          text run at (0,0) width 156: "Submit Results"
      RenderBlock {FORM} at (0,415.06) size 769x19
        RenderBlock {P} at (0,0) size 769x19
          RenderText {#text} at (0,2) size 267x16
            text run at (0,2) width 267: "How does your browser fare on this test? "
          RenderMenuList {SELECT} at (266.59,1) size 246x18 [bgcolor=#F8F8F8]
            RenderBlock (anonymous) at (0,0) size 246x18
              RenderText at (8,2) size 141x13
                text run at (8,2) width 141: "The test renders correctly."
          RenderText {#text} at (512,2) size 5x16
            text run at (512,2) width 5: " "
          RenderInline {LABEL} at (0,0) size 196x16
            RenderText {#text} at (516,2) size 73x16
              text run at (516,2) width 73: "Comment: "
            RenderTextControl {INPUT} at (588.16,0) size 123x19 [bgcolor=#FFFFFF] [border: (2px inset #EEEEEE)]
          RenderText {#text} at (711,2) size 5x16
            text run at (711,2) width 5: " "
          RenderButton {INPUT} at (715.16,1) size 53.25x18 [bgcolor=#C0C0C0]
            RenderBlock (anonymous) at (8,2.50) size 37.25x13
              RenderText {#text} at (0,0) size 38x13
                text run at (0,0) width 38: "Submit"
          RenderText {#text} at (0,0) size 0x0
      RenderBlock {HR} at (0,450.06) size 769x2 [border: (1px inset #EEEEEE)]
      RenderBlock {P} at (0,468.06) size 769x16
        RenderText {#text} at (0,0) size 64x16
          text run at (0,0) width 64: "Up to the "
        RenderInline {A} at (0,0) size 75x16 [color=#0000EE]
          RenderText {#text} at (63,0) size 75x16
            text run at (63,0) width 75: "Table Tests"
        RenderText {#text} at (137,0) size 5x16
          text run at (137,0) width 5: "."
      RenderBlock {P} at (0,500.06) size 769x16
        RenderText {#text} at (0,0) size 64x16
          text run at (0,0) width 64: "Up to the "
        RenderInline {A} at (0,0) size 101x16 [color=#0000EE]
          RenderText {#text} at (63,0) size 101x16
            text run at (63,0) width 101: "Evil Tests Page"
        RenderText {#text} at (163,0) size 5x16
          text run at (163,0) width 5: "."
      RenderBlock {P} at (0,532.06) size 769x16
        RenderText {#text} at (0,0) size 177x16
          text run at (0,0) width 177: "This page is maintained by "
        RenderInline {A} at (0,0) size 79x16 [color=#0000EE]
          RenderText {#text} at (176,0) size 79x16
            text run at (176,0) width 79: "Ian Hickson"
        RenderText {#text} at (254,0) size 10x16
          text run at (254,0) width 10: " ("
        RenderInline {A} at (0,0) size 125x16 [color=#0000EE]
          RenderText {#text} at (263,0) size 125x16
            text run at (263,0) width 125: "py8ieh@bath.ac.uk"
        RenderText {#text} at (387,0) size 10x16
          text run at (387,0) width 10: ")."
      RenderBlock {P} at (0,564.06) size 769x16
        RenderText {#text} at (0,0) size 185x16
          text run at (0,0) width 185: "Last updated in March 1999."
layer at (599,440) size 117x13
  RenderBlock {DIV} at (3,3) size 117x13
