layer at (0,0) size 800x600
  RenderView at (0,0) size 800x600
layer at (0,0) size 800x600
  RenderBlock {HTML} at (0,0) size 800x600
    RenderBody {BODY} at (8,8) size 784x576
      RenderTable {TABLE} at (0,0) size 66x42
        RenderTableSection {THEAD} at (0,0) size 66x22
          RenderTableRow {TR} at (0,2) size 66x18
            RenderTableCell {TD} at (2,2) size 62x18 [r=0 c=0 rs=1 cs=1]
              RenderText {#text} at (1,1) size 60x16
                text run at (1,1) width 60: "The head"
        RenderTableSection {TBODY} at (0,22) size 66x20
          RenderTableRow {TR} at (0,0) size 66x18
            RenderTableCell {TD} at (2,0) size 62x18 [r=0 c=0 rs=1 cs=1]
              RenderText {#text} at (1,1) size 59x16
                text run at (1,1) width 59: "First row"
      RenderBlock {FORM} at (0,42) size 784x18
        RenderButton {INPUT} at (0,0) size 46.36x18 [bgcolor=#C0C0C0]
          RenderBlock (anonymous) at (8,2.50) size 30.36x13
            RenderText {#text} at (0,0) size 31x13
              text run at (0,0) width 31: "insert"
        RenderText {#text} at (0,0) size 0x0
