layer at (0,0) size 785x758
  RenderView at (0,0) size 785x600
layer at (0,0) size 785x758
  RenderBlock {HTML} at (0,0) size 785x758
    RenderBody {BODY} at (8,8) size 769x742
      RenderBlock {P} at (0,0) size 769x16
        RenderText {#text} at (0,0) size 286x16
          text run at (0,0) width 286: "TABLE 1 - without 'height' style on TABLE"
      RenderTable {TABLE} at (0,32) size 68x68 [border: (3px solid #000000)]
        RenderTableSection {THEAD} at (3,3) size 62x22
          RenderTableRow {TR} at (0,2) size 62x18
            RenderTableCell {TD} at (2,2) size 58x18 [r=0 c=0 rs=1 cs=1]
              RenderText {#text} at (1,1) size 55x16
                text run at (1,1) width 55: "THEAD"
        RenderTableSection {TFOOT} at (3,45) size 62x20
          RenderTableRow {TR} at (0,0) size 62x18
            RenderTableCell {TD} at (2,0) size 58x18 [r=0 c=0 rs=1 cs=1]
              RenderText {#text} at (1,1) size 52x16
                text run at (1,1) width 52: "TFOOT"
        RenderTableSection {TBODY} at (3,25) size 62x20
          RenderTableRow {TR} at (0,0) size 62x18
            RenderTableCell {TD} at (2,0) size 58x18 [r=0 c=0 rs=1 cs=1]
              RenderText {#text} at (1,1) size 56x16
                text run at (1,1) width 56: "TBODY"
      RenderBlock {HR} at (0,108) size 769x2 [border: (1px inset #EEEEEE)]
      RenderBlock {P} at (0,126) size 769x16
        RenderText {#text} at (0,0) size 265x16
          text run at (0,0) width 265: "TABLE 2 - with 'height' style on TABLE"
      RenderTable {TABLE} at (0,158) size 68x584 [border: (3px solid #000000)]
        RenderTableSection {THEAD} at (3,3) size 62x22
          RenderTableRow {TR} at (0,2) size 62x18
            RenderTableCell {TD} at (2,2) size 58x18 [r=0 c=0 rs=1 cs=1]
              RenderText {#text} at (1,1) size 55x16
                text run at (1,1) width 55: "THEAD"
        RenderTableSection {TFOOT} at (3,561) size 62x20
          RenderTableRow {TR} at (0,0) size 62x18
            RenderTableCell {TD} at (2,0) size 58x18 [r=0 c=0 rs=1 cs=1]
              RenderText {#text} at (1,1) size 52x16
                text run at (1,1) width 52: "TFOOT"
        RenderTableSection {TBODY} at (3,25) size 62x536
          RenderTableRow {TR} at (0,0) size 62x534
            RenderTableCell {TD} at (2,258) size 58x18 [r=0 c=0 rs=1 cs=1]
              RenderText {#text} at (1,1) size 56x16
                text run at (1,1) width 56: "TBODY"
