layer at (0,0) size 800x600
  RenderView at (0,0) size 800x600
layer at (0,0) size 800x600
  RenderBlock {HTML} at (0,0) size 800x600
    RenderBody {BODY} at (8,8) size 784x584
      RenderBlock (anonymous) at (0,0) size 784x0
        RenderInline {B} at (0,0) size 0x0
          RenderText {#text} at (0,0) size 0x0
          RenderText {#text} at (0,0) size 0x0
      RenderTable {TABLE} at (0,0) size 229x82 [border: (1px outset #808080)]
        RenderTableSection {TBODY} at (1,1) size 227x80
          RenderTableRow {TR} at (0,5) size 227x20
            RenderTableCell {TD} at (5,5) size 119x20 [border: (1px inset #808080)] [r=0 c=0 rs=1 cs=1]
              RenderText {#text} at (2,2) size 115x16
                text run at (2,2) width 115: "Click name to see"
            RenderTableCell {TD} at (129,17) size 93x20 [bgcolor=#00FF00] [border: (1px inset #808080)] [r=0 c=1 rs=2 cs=1]
              RenderText {#text} at (2,2) size 89x16
                text run at (2,2) width 89: "Mac Clbr Opt"
          RenderTableRow {TR} at (0,30) size 227x20
            RenderTableCell {TD} at (5,30) size 119x20 [border: (1px inset #808080)] [r=1 c=0 rs=1 cs=1]
              RenderText {#text} at (2,2) size 41x16
                text run at (2,2) width 41: "Guilty"
          RenderTableRow {TR} at (0,55) size 227x20
            RenderTableCell {TD} at (5,55) size 119x20 [border: (1px inset #808080)] [r=2 c=0 rs=1 cs=1]
              RenderText {#text} at (2,2) size 4x16
                text run at (2,2) width 4: " "
            RenderTableCell {TD} at (129,55) size 93x20 [bgcolor=#FFFF00] [border: (1px inset #808080)] [r=2 c=1 rs=1 cs=1]
              RenderText {#text} at (2,2) size 25x16
                text run at (2,2) width 25: "L C"
      RenderBlock (anonymous) at (0,82) size 784x16
        RenderInline {B} at (0,0) size 0x16
          RenderText {#text} at (0,0) size 0x0
          RenderBR {BR} at (0,0) size 0x16
          RenderInline {B} at (0,0) size 0x0
            RenderText {#text} at (0,0) size 0x0
            RenderText {#text} at (0,0) size 0x0
      RenderBlock (anonymous) at (0,98) size 784x107
        RenderTable {TABLE} at (0,0) size 229x107 [border: (1px outset #808080)]
          RenderTableSection {TBODY} at (1,1) size 227x105
            RenderTableRow {TR} at (0,5) size 227x20
              RenderTableCell {TD} at (5,5) size 119x20 [border: (1px inset #808080)] [r=0 c=0 rs=1 cs=1]
                RenderText {#text} at (2,2) size 22x16
                  text run at (2,2) width 22: "foo"
              RenderTableCell {TD} at (129,5) size 93x20 [border: (1px inset #808080)] [r=0 c=1 rs=1 cs=1]
                RenderText {#text} at (2,2) size 21x16
                  text run at (2,2) width 21: "bar"
            RenderTableRow {TR} at (0,30) size 227x20
              RenderTableCell {TD} at (5,30) size 119x20 [border: (1px inset #808080)] [r=1 c=0 rs=1 cs=1]
                RenderText {#text} at (2,2) size 115x16
                  text run at (2,2) width 115: "Click name to see"
              RenderTableCell {TD} at (129,42) size 93x20 [bgcolor=#00FF00] [border: (1px inset #808080)] [r=1 c=1 rs=2 cs=1]
                RenderText {#text} at (2,2) size 89x16
                  text run at (2,2) width 89: "Mac Clbr Opt"
            RenderTableRow {TR} at (0,55) size 227x20
              RenderTableCell {TD} at (5,55) size 119x20 [border: (1px inset #808080)] [r=2 c=0 rs=1 cs=1]
                RenderText {#text} at (2,2) size 41x16
                  text run at (2,2) width 41: "Guilty"
            RenderTableRow {TR} at (0,80) size 227x20
              RenderTableCell {TD} at (5,80) size 119x20 [border: (1px inset #808080)] [r=3 c=0 rs=1 cs=1]
                RenderText {#text} at (2,2) size 4x16
                  text run at (2,2) width 4: " "
              RenderTableCell {TD} at (129,80) size 93x20 [bgcolor=#FFFF00] [border: (1px inset #808080)] [r=3 c=1 rs=1 cs=1]
                RenderText {#text} at (2,2) size 25x16
                  text run at (2,2) width 25: "L C"
      RenderBlock (anonymous) at (0,205) size 784x16
        RenderInline {B} at (0,0) size 0x16
          RenderInline {B} at (0,0) size 0x16
            RenderText {#text} at (0,0) size 0x0
            RenderBR {BR} at (0,0) size 0x16
            RenderInline {B} at (0,0) size 0x0
              RenderText {#text} at (0,0) size 0x0
              RenderText {#text} at (0,0) size 0x0
      RenderBlock (anonymous) at (0,221) size 784x82
        RenderTable {TABLE} at (0,0) size 263x82 [border: (1px outset #808080)]
          RenderTableSection {TBODY} at (1,1) size 261x80
            RenderTableRow {TR} at (0,5) size 261x20
              RenderTableCell {TD} at (5,5) size 119x20 [border: (1px inset #808080)] [r=0 c=0 rs=1 cs=1]
                RenderText {#text} at (2,2) size 115x16
                  text run at (2,2) width 115: "Click name to see"
              RenderTableCell {TD} at (129,30) size 93x20 [bgcolor=#00FF00] [border: (1px inset #808080)] [r=0 c=1 rs=3 cs=1]
                RenderText {#text} at (2,2) size 89x16
                  text run at (2,2) width 89: "Mac Clbr Opt"
            RenderTableRow {TR} at (0,30) size 261x20
              RenderTableCell {TD} at (5,30) size 119x20 [border: (1px inset #808080)] [r=1 c=0 rs=1 cs=1]
                RenderText {#text} at (2,2) size 41x16
                  text run at (2,2) width 41: "Guilty"
            RenderTableRow {TR} at (0,55) size 261x20
              RenderTableCell {TD} at (5,55) size 119x20 [border: (1px inset #808080)] [r=2 c=0 rs=1 cs=1]
                RenderText {#text} at (2,2) size 4x16
                  text run at (2,2) width 4: " "
              RenderTableCell {TD} at (227,55) size 29x20 [bgcolor=#FFFF00] [border: (1px inset #808080)] [r=2 c=2 rs=1 cs=1]
                RenderText {#text} at (2,2) size 25x16
                  text run at (2,2) width 25: "L C"
      RenderBlock (anonymous) at (0,303) size 784x16
        RenderInline {B} at (0,0) size 0x16
          RenderInline {B} at (0,0) size 0x16
            RenderInline {B} at (0,0) size 0x16
              RenderText {#text} at (0,0) size 0x0
              RenderBR {BR} at (0,0) size 0x16
              RenderInline {B} at (0,0) size 0x0
                RenderText {#text} at (0,0) size 0x0
                RenderText {#text} at (0,0) size 0x0
      RenderBlock (anonymous) at (0,319) size 784x107
        RenderTable {TABLE} at (0,0) size 263x107 [border: (1px outset #808080)]
          RenderTableSection {TBODY} at (1,1) size 261x105
            RenderTableRow {TR} at (0,5) size 261x20
              RenderTableCell {TD} at (5,5) size 119x20 [border: (1px inset #808080)] [r=0 c=0 rs=1 cs=1]
                RenderText {#text} at (2,2) size 22x16
                  text run at (2,2) width 22: "foo"
              RenderTableCell {TD} at (129,5) size 93x20 [border: (1px inset #808080)] [r=0 c=1 rs=1 cs=1]
                RenderText {#text} at (2,2) size 21x16
                  text run at (2,2) width 21: "bar"
            RenderTableRow {TR} at (0,30) size 261x20
              RenderTableCell {TD} at (5,30) size 119x20 [border: (1px inset #808080)] [r=1 c=0 rs=1 cs=1]
                RenderText {#text} at (2,2) size 115x16
                  text run at (2,2) width 115: "Click name to see"
              RenderTableCell {TD} at (129,55) size 93x20 [bgcolor=#00FF00] [border: (1px inset #808080)] [r=1 c=1 rs=3 cs=1]
                RenderText {#text} at (2,2) size 89x16
                  text run at (2,2) width 89: "Mac Clbr Opt"
            RenderTableRow {TR} at (0,55) size 261x20
              RenderTableCell {TD} at (5,55) size 119x20 [border: (1px inset #808080)] [r=2 c=0 rs=1 cs=1]
                RenderText {#text} at (2,2) size 41x16
                  text run at (2,2) width 41: "Guilty"
            RenderTableRow {TR} at (0,80) size 261x20
              RenderTableCell {TD} at (5,80) size 119x20 [border: (1px inset #808080)] [r=3 c=0 rs=1 cs=1]
                RenderText {#text} at (2,2) size 4x16
                  text run at (2,2) width 4: " "
              RenderTableCell {TD} at (227,80) size 29x20 [bgcolor=#FFFF00] [border: (1px inset #808080)] [r=3 c=2 rs=1 cs=1]
                RenderText {#text} at (2,2) size 25x16
                  text run at (2,2) width 25: "L C"
      RenderBlock (anonymous) at (0,426) size 784x0
        RenderInline {B} at (0,0) size 0x0
          RenderInline {B} at (0,0) size 0x0
            RenderInline {B} at (0,0) size 0x0
              RenderInline {B} at (0,0) size 0x0
                RenderText {#text} at (0,0) size 0x0
