layer at (0,0) size 800x600
  RenderView at (0,0) size 800x600
layer at (0,0) size 800x196
  RenderBlock {HTML} at (0,0) size 800x196
    RenderBody {BODY} at (8,8) size 784x180
      RenderTable {TABLE} at (0,0) size 400x180 [border: (1px outset #808080)]
        RenderBlock {CAPTION} at (0,0) size 400x16
          RenderText {#text} at (44,0) size 312x16
            text run at (44,0) width 312: "Table is 400 px width, set with table width=400."
        RenderTableCol {COLGROUP} at (0,0) size 0x0
          RenderTableCol {COL} at (0,0) size 0x0
          RenderTableCol {COL} at (0,0) size 0x0
          RenderTableCol {COL} at (0,0) size 0x0
        RenderTableSection {TBODY} at (1,17) size 398x162
          RenderTableRow {TR} at (0,0) size 398x162
            RenderTableCell {TD} at (0,0) size 398x162 [border: (1px inset #808080)] [r=0 c=0 rs=1 cs=3]
              RenderText {#text} at (1,1) size 391x160
                text run at (1,1) width 311: "table Cols 1 - 3. There must be a lot of text here "
                text run at (311,1) width 67: "in order to"
                text run at (1,17) width 228: "see the bug. table Cols 1 - 3. There "
                text run at (228,17) width 160: "must be a lot of text here"
                text run at (1,33) width 151: "in order to see the bug. "
                text run at (151,33) width 230: "table Cols 1 - 3. There must be a lot"
                text run at (1,49) width 77: "of text here "
                text run at (77,49) width 295: "in order to see the bug. table Cols 1 - 3. There"
                text run at (1,65) width 314: "must be a lot of text here in order to see the bug. "
                text run at (314,65) width 78: "table Cols 1"
                text run at (1,81) width 230: "- 3. There must be a lot of text here "
                text run at (230,81) width 148: "in order to see the bug."
                text run at (1,97) width 148: "table Cols 1 - 3. There "
                text run at (148,97) width 230: "must be a lot of text here in order to"
                text run at (1,113) width 80: "see the bug. "
                text run at (80,113) width 308: "table Cols 1 - 3. There must be a lot of text here"
                text run at (1,129) width 298: "in order to see the bug. table Cols 1 - 3. There "
                text run at (298,129) width 83: "must be a lot"
                text run at (1,145) width 224: "of text here in order to see the bug."
