layer at (0,0) size 800x600
  RenderView at (0,0) size 800x600
layer at (0,0) size 800x600
  RenderBlock {HTML} at (0,0) size 800x600
    RenderBody {BODY} at (8,8) size 784x584
      RenderTable {TABLE} at (0,0) size 400x128 [border: (1px solid #FF0000)]
        RenderTableSection {TBODY} at (1,1) size 398x126
          RenderTableRow {TR} at (0,2) size 398x20
            RenderTableCell {TD} at (2,2) size 304x20 [border: (1px solid #0000FF)] [r=0 c=0 rs=1 cs=1]
              RenderText {#text} at (2,2) size 231x16
                text run at (2,2) width 231: "What's New on WebDeveloper.com"
            RenderTableCell {TD} at (308,2) size 88x20 [border: (1px solid #0000FF)] [r=0 c=1 rs=1 cs=1]
              RenderText {#text} at (2,2) size 33x16
                text run at (2,2) width 33: "umm"
          RenderTableRow {TR} at (0,24) size 398x100
            RenderTableCell {TD} at (2,56) size 304x36 [border: (1px solid #008000)] [r=1 c=0 rs=1 cs=1]
              RenderText {#text} at (2,2) size 280x32
                text run at (2,2) width 280: "blah blah blah blah blah blah blah blah blah"
                text run at (2,18) width 91: "blah blah blah"
            RenderTableCell {TD} at (308,24) size 88x100 [border: (1px solid #008000)] [r=1 c=1 rs=1 cs=1]
              RenderText {#text} at (2,2) size 60x96
                text run at (2,2) width 60: "blah blah"
                text run at (2,18) width 60: "blah blah"
                text run at (2,34) width 60: "blah blah"
                text run at (2,50) width 60: "blah blah"
                text run at (2,66) width 60: "blah blah"
                text run at (2,82) width 60: "blah blah"
