layer at (0,0) size 800x600
  RenderView at (0,0) size 800x600
layer at (0,0) size 800x600
  RenderBlock {HTML} at (0,0) size 800x600
    RenderBody {BODY} at (8,8) size 784x584
      RenderTable {TABLE} at (0,0) size 784x68 [border: (1px outset #808080)]
        RenderTableSection {TBODY} at (1,1) size 782x66
          RenderTableRow {TR} at (0,2) size 782x62
            RenderTableCell {TD} at (2,2) size 299x62 [border: (1px inset #808080)] [r=0 c=0 rs=1 cs=1]
              RenderTable {TABLE} at (2,2) size 295x58 [border: (1px outset #808080)]
                RenderTableSection {TBODY} at (1,1) size 293x56
                  RenderTableRow {TR} at (0,2) size 293x52
                    RenderTableCell {TD} at (2,2) size 289x52 [border: (1px inset #808080)] [r=0 c=0 rs=1 cs=1]
                      RenderText {#text} at (2,2) size 276x48
                        text run at (2,2) width 276: "yyy yyy yyy yyy yyy yyy yyy yyy yyy yyy"
                        text run at (2,18) width 276: "yyy yyy yyy yyy yyy yyy yyy yyy yyy yyy"
                        text run at (2,34) width 24: "yyy"
            RenderTableCell {TD} at (303,15) size 477x36 [border: (1px inset #808080)] [r=0 c=1 rs=1 cs=1]
              RenderText {#text} at (2,2) size 472x32
                text run at (2,2) width 472: "text text text text text text text text text text text text text text text text text"
                text run at (2,18) width 472: "text text text text text text text text text text text text text text text text text"
