layer at (0,0) size 800x600
  RenderView at (0,0) size 800x600
layer at (0,0) size 800x600
  RenderBlock {HTML} at (0,0) size 800x600
    RenderBody {BODY} at (8,8) size 784x584
      RenderTable {TABLE} at (0,0) size 300x42 [border: (2px outset #808080)]
        RenderTableSection {TBODY} at (2,2) size 296x38
          RenderTableRow {TR} at (0,0) size 296x38
            RenderTableCell {TD} at (0,0) size 296x38 [bgcolor=#FFFF00] [border: (1px inset #808080)] [r=0 c=0 rs=1 cs=1]
              RenderBlock {CENTER} at (3,3) size 290x32
                RenderInline {A} at (0,0) size 0x0 [color=#0000EE]
                  RenderImage {IMG} at (0,0) size 20x20
                RenderText {#text} at (0,0) size 0x0
                RenderInline {A} at (0,0) size 189x32 [color=#0000EE]
                  RenderInline {FONT} at (0,0) size 189x32 [color=#000000]
                    RenderText {#text} at (62,0) size 189x16
                      text run at (62,0) width 113: "Free Homepage! "
                      text run at (174,0) width 77: "Free Email!"
                    RenderBR {BR} at (250,12) size 1x0
                    RenderText {#text} at (69,16) size 175x16
                      text run at (69,16) width 44: "It's all "
                      text run at (112,16) width 132: "yours at ACMEcity!"
