layer at (0,0) size 800x600
  RenderView at (0,0) size 800x600
layer at (0,0) size 800x136
  RenderBlock {html} at (0,0) size 800x136
    RenderBody {body} at (8,16) size 784x112
      RenderBlock {p} at (0,0) size 784x16
        RenderText {#text} at (0,0) size 333x16
          text run at (0,0) width 333: "There should be a green block under this paragraph."
      RenderTable {table} at (0,32) size 80x80 [bgcolor=#008000]
