layer at (0,0) size 800x600
  RenderView at (0,0) size 800x600
layer at (0,0) size 800x600
  RenderBlock {HTML} at (0,0) size 800x600
    RenderBody {BODY} at (8,8) size 784x584
      RenderBlock {CENTER} at (0,0) size 784x188
        RenderTable {TABLE} at (76.50,0) size 631x188 [border: (1px solid #FF0000)]
          RenderTableSection {TBODY} at (1,1) size 628x185
            RenderTableRow {TR} at (0,0) size 628x20
              RenderTableCell {TD} at (0,0) size 628x20 [border: (2px solid #FF0000)] [r=0 c=0 rs=1 cs=2]
                RenderText {#text} at (3,3) size 181x16
                  text run at (3,3) width 181: "parent table, 1st row, 1st col"
            RenderTableRow {TR} at (0,20) size 628x165
              RenderTableCell {TD} at (0,20) size 143x165 [border: (1px solid #FF0000)] [r=1 c=0 rs=1 cs=1]
                RenderBlock {FORM} at (3,2) size 139x145
                  RenderTable {TABLE} at (0,0) size 139x145 [border: (1px solid #00FF00)]
                    RenderTableSection {TBODY} at (1,1) size 136x142
                      RenderTableRow {TR} at (0,0) size 136x20
                        RenderTableCell {TD} at (0,0) size 136x20 [border: (2px solid #00FF00)] [r=0 c=0 rs=1 cs=1]
                          RenderText {#text} at (3,3) size 24x16
                            text run at (3,3) width 24: "text"
                      RenderTableRow {TR} at (0,20) size 136x37
                        RenderTableCell {TD} at (0,20) size 136x37 [border: (1px solid #00FF00)] [r=1 c=0 rs=1 cs=1]
                          RenderTable {TABLE} at (3,2) size 131x34 [border: (1px solid #FFFF00)]
                            RenderTableSection {TBODY} at (1,1) size 128x31
                              RenderTableRow {TR} at (0,0) size 128x31
                                RenderTableCell {TD} at (0,3) size 99x24 [border: (2px solid #FFFF00)] [r=0 c=0 rs=1 cs=1]
                                  RenderTextControl {INPUT} at (3,3) size 78x19 [bgcolor=#FFFFFF] [border: (2px inset #EEEEEE)]
                                  RenderText {#text} at (0,0) size 0x0
                                RenderTableCell {TD} at (99,0) size 29x31 [border: (2px solid #FFFF00)] [r=0 c=1 rs=1 cs=1]
                                  RenderImage {INPUT} at (5,7) size 19x18
                                  RenderText {#text} at (0,0) size 0x0
                      RenderTableRow {TR} at (0,57) size 136x19
                        RenderTableCell {TD} at (0,57) size 136x19 [border: (1px solid #00FF00)] [r=2 c=0 rs=1 cs=1]
                          RenderText {#text} at (3,2) size 24x16
                            text run at (3,2) width 24: "text"
                      RenderTableRow {TR} at (0,76) size 136x46
                        RenderTableCell {TD} at (0,76) size 136x46 [border: (1px solid #00FF00)] [r=3 c=0 rs=1 cs=1]
                          RenderBlock (anonymous) at (3,2) size 131x0
                            RenderInline {FONT} at (0,0) size 0x0
                          RenderTable {TABLE} at (3,2) size 131x43 [border: (1px solid #FF00FF)]
                            RenderTableSection {TBODY} at (1,1) size 128x40
                              RenderTableRow {TR} at (0,0) size 128x20
                                RenderTableCell {TD} at (0,0) size 128x20 [border: (2px solid #FF00FF)] [r=0 c=0 rs=1 cs=1]
                                  RenderText {#text} at (3,3) size 54x16
                                    text run at (3,3) width 54: "problem"
                              RenderTableRow {TR} at (0,20) size 128x20
                                RenderTableCell {TD} at (0,20) size 128x20 [border: (1px solid #FF00FF)] [r=1 c=0 rs=1 cs=1]
                                  RenderText {#text} at (3,2) size 54x16
                                    text run at (3,2) width 54: "problem"
                      RenderTableRow {TR} at (0,122) size 136x20
                        RenderTableCell {TD} at (0,122) size 136x20 [border: (1px solid #00FF00)] [r=4 c=0 rs=1 cs=1]
                          RenderText {#text} at (3,2) size 24x16
                            text run at (3,2) width 24: "text"
              RenderTableCell {TD} at (143,20) size 485x28 [border: (1px solid #FF0000)] [r=1 c=1 rs=1 cs=1]
                RenderTable {TABLE} at (2,2) size 481x24 [border: (1px solid #0000FF)]
                  RenderTableSection {TBODY} at (1,1) size 478x21
                    RenderTableRow {TR} at (0,0) size 478x21
                      RenderTableCell {TD} at (0,0) size 478x21 [border: (2px solid #0000FF)] [r=0 c=0 rs=1 cs=1]
                        RenderText {#text} at (3,3) size 48x16
                          text run at (3,3) width 48: "overlap"
layer at (100,64) size 72x13
  RenderBlock {DIV} at (3,3) size 72x13
