layer at (0,0) size 785x1290
  RenderView at (0,0) size 785x600
layer at (0,0) size 785x1290
  RenderBlock {HTML} at (0,0) size 785x1290
    RenderBody {BODY} at (8,8) size 769x1274
      RenderBlock {P} at (0,0) size 769x16
        RenderText {#text} at (0,0) size 159x16
          text run at (0,0) width 159: "IFRAME inside TFOOT"
      RenderTable {TABLE} at (0,32) size 769x382 [border: (1px outset #808080)]
        RenderTableSection {THEAD} at (1,1) size 767x88
          RenderTableRow {TR} at (0,2) size 767x84
            RenderTableCell {TD} at (2,26) size 41x36 [border: (1px inset #808080)] [r=0 c=0 rs=1 cs=1]
              RenderText {#text} at (2,2) size 27x32
                text run at (2,2) width 12: "A"
                text run at (2,18) width 27: "Cell"
            RenderTableCell {TD} at (45,2) size 676x84 [border: (1px inset #808080)] [r=0 c=1 rs=1 cs=1]
              RenderInline {SPAN} at (0,0) size 609x80
                RenderText {#text} at (2,2) size 609x80
                  text run at (2,2) width 609: "THEAD blah blah blah blah blah blah"
                  text run at (2,42) width 136: "THEAD"
              RenderText {#text} at (0,0) size 0x0
            RenderTableCell {TD} at (723,26) size 42x36 [border: (1px inset #808080)] [r=0 c=2 rs=1 cs=1]
              RenderText {#text} at (2,2) size 27x32
                text run at (2,2) width 12: "A"
                text run at (2,18) width 27: "Cell"
        RenderTableSection {TFOOT} at (1,175) size 767x206
          RenderTableRow {TR} at (0,0) size 767x204
            RenderTableCell {TD} at (2,84) size 41x36 [border: (1px inset #808080)] [r=0 c=0 rs=1 cs=1]
              RenderText {#text} at (2,2) size 27x32
                text run at (2,2) width 12: "A"
                text run at (2,18) width 27: "Cell"
            RenderTableCell {TD} at (45,0) size 676x204 [border: (1px inset #808080)] [r=0 c=1 rs=1 cs=1]
              RenderText {#text} at (0,0) size 0x0
            RenderTableCell {TD} at (723,84) size 42x36 [border: (1px inset #808080)] [r=0 c=2 rs=1 cs=1]
              RenderText {#text} at (2,2) size 27x32
                text run at (2,2) width 12: "A"
                text run at (2,18) width 27: "Cell"
        RenderTableSection {TBODY} at (1,89) size 767x86
          RenderTableRow {TR} at (0,0) size 767x84
            RenderTableCell {TD} at (2,24) size 41x36 [border: (1px inset #808080)] [r=0 c=0 rs=1 cs=1]
              RenderText {#text} at (2,2) size 27x32
                text run at (2,2) width 12: "A"
                text run at (2,18) width 27: "Cell"
            RenderTableCell {TD} at (45,0) size 676x84 [border: (1px inset #808080)] [r=0 c=1 rs=1 cs=1]
              RenderInline {SPAN} at (0,0) size 611x80
                RenderText {#text} at (2,2) size 611x80
                  text run at (2,2) width 611: "TBODY blah blah blah blah blah blah"
                  text run at (2,42) width 138: "TBODY"
              RenderText {#text} at (0,0) size 0x0
            RenderTableCell {TD} at (723,24) size 42x36 [border: (1px inset #808080)] [r=0 c=2 rs=1 cs=1]
              RenderText {#text} at (2,2) size 27x32
                text run at (2,2) width 12: "A"
                text run at (2,18) width 27: "Cell"
      RenderBlock {P} at (0,430) size 769x16
        RenderText {#text} at (0,0) size 162x16
          text run at (0,0) width 162: "IFRAME inside TBODY"
      RenderTable {TABLE} at (0,462) size 769x382 [border: (1px outset #808080)]
        RenderTableSection {THEAD} at (1,1) size 767x88
          RenderTableRow {TR} at (0,2) size 767x84
            RenderTableCell {TD} at (2,26) size 41x36 [border: (1px inset #808080)] [r=0 c=0 rs=1 cs=1]
              RenderText {#text} at (2,2) size 27x32
                text run at (2,2) width 12: "A"
                text run at (2,18) width 27: "Cell"
            RenderTableCell {TD} at (45,2) size 676x84 [border: (1px inset #808080)] [r=0 c=1 rs=1 cs=1]
              RenderInline {SPAN} at (0,0) size 609x80
                RenderText {#text} at (2,2) size 609x80
                  text run at (2,2) width 609: "THEAD blah blah blah blah blah blah"
                  text run at (2,42) width 136: "THEAD"
              RenderText {#text} at (0,0) size 0x0
            RenderTableCell {TD} at (723,26) size 42x36 [border: (1px inset #808080)] [r=0 c=2 rs=1 cs=1]
              RenderText {#text} at (2,2) size 27x32
                text run at (2,2) width 12: "A"
                text run at (2,18) width 27: "Cell"
        RenderTableSection {TFOOT} at (1,295) size 767x86
          RenderTableRow {TR} at (0,0) size 767x84
            RenderTableCell {TD} at (2,24) size 41x36 [border: (1px inset #808080)] [r=0 c=0 rs=1 cs=1]
              RenderText {#text} at (2,2) size 27x32
                text run at (2,2) width 12: "A"
                text run at (2,18) width 27: "Cell"
            RenderTableCell {TD} at (45,0) size 676x84 [border: (1px inset #808080)] [r=0 c=1 rs=1 cs=1]
              RenderInline {SPAN} at (0,0) size 603x80
                RenderText {#text} at (2,2) size 603x80
                  text run at (2,2) width 603: "TFOOT blah blah blah blah blah blah"
                  text run at (2,42) width 129: "TFOOT"
              RenderText {#text} at (0,0) size 0x0
            RenderTableCell {TD} at (723,24) size 42x36 [border: (1px inset #808080)] [r=0 c=2 rs=1 cs=1]
              RenderText {#text} at (2,2) size 27x32
                text run at (2,2) width 12: "A"
                text run at (2,18) width 27: "Cell"
        RenderTableSection {TBODY} at (1,89) size 767x206
          RenderTableRow {TR} at (0,0) size 767x204
            RenderTableCell {TD} at (2,84) size 41x36 [border: (1px inset #808080)] [r=0 c=0 rs=1 cs=1]
              RenderText {#text} at (2,2) size 27x32
                text run at (2,2) width 12: "A"
                text run at (2,18) width 27: "Cell"
            RenderTableCell {TD} at (45,0) size 676x204 [border: (1px inset #808080)] [r=0 c=1 rs=1 cs=1]
              RenderText {#text} at (0,0) size 0x0
            RenderTableCell {TD} at (723,84) size 42x36 [border: (1px inset #808080)] [r=0 c=2 rs=1 cs=1]
              RenderText {#text} at (2,2) size 27x32
                text run at (2,2) width 12: "A"
                text run at (2,18) width 27: "Cell"
      RenderBlock {P} at (0,860) size 769x16
        RenderText {#text} at (0,0) size 161x16
          text run at (0,0) width 161: "IFRAME inside THEAD"
      RenderTable {TABLE} at (0,892) size 769x382 [border: (1px outset #808080)]
        RenderTableSection {THEAD} at (1,1) size 767x208
          RenderTableRow {TR} at (0,2) size 767x204
            RenderTableCell {TD} at (2,86) size 41x36 [border: (1px inset #808080)] [r=0 c=0 rs=1 cs=1]
              RenderText {#text} at (2,2) size 27x32
                text run at (2,2) width 12: "A"
                text run at (2,18) width 27: "Cell"
            RenderTableCell {TD} at (45,2) size 676x204 [border: (1px inset #808080)] [r=0 c=1 rs=1 cs=1]
              RenderText {#text} at (0,0) size 0x0
            RenderTableCell {TD} at (723,86) size 42x36 [border: (1px inset #808080)] [r=0 c=2 rs=1 cs=1]
              RenderText {#text} at (2,2) size 27x32
                text run at (2,2) width 12: "A"
                text run at (2,18) width 27: "Cell"
        RenderTableSection {TFOOT} at (1,295) size 767x86
          RenderTableRow {TR} at (0,0) size 767x84
            RenderTableCell {TD} at (2,24) size 41x36 [border: (1px inset #808080)] [r=0 c=0 rs=1 cs=1]
              RenderText {#text} at (2,2) size 27x32
                text run at (2,2) width 12: "A"
                text run at (2,18) width 27: "Cell"
            RenderTableCell {TD} at (45,0) size 676x84 [border: (1px inset #808080)] [r=0 c=1 rs=1 cs=1]
              RenderInline {SPAN} at (0,0) size 603x80
                RenderText {#text} at (2,2) size 603x80
                  text run at (2,2) width 603: "TFOOT blah blah blah blah blah blah"
                  text run at (2,42) width 129: "TFOOT"
              RenderText {#text} at (0,0) size 0x0
            RenderTableCell {TD} at (723,24) size 42x36 [border: (1px inset #808080)] [r=0 c=2 rs=1 cs=1]
              RenderText {#text} at (2,2) size 27x32
                text run at (2,2) width 12: "A"
                text run at (2,18) width 27: "Cell"
        RenderTableSection {TBODY} at (1,209) size 767x86
          RenderTableRow {TR} at (0,0) size 767x84
            RenderTableCell {TD} at (2,24) size 41x36 [border: (1px inset #808080)] [r=0 c=0 rs=1 cs=1]
              RenderText {#text} at (2,2) size 27x32
                text run at (2,2) width 12: "A"
                text run at (2,18) width 27: "Cell"
            RenderTableCell {TD} at (45,0) size 676x84 [border: (1px inset #808080)] [r=0 c=1 rs=1 cs=1]
              RenderInline {SPAN} at (0,0) size 611x80
                RenderText {#text} at (2,2) size 611x80
                  text run at (2,2) width 611: "TBODY blah blah blah blah blah blah"
                  text run at (2,42) width 138: "TBODY"
              RenderText {#text} at (0,0) size 0x0
            RenderTableCell {TD} at (723,24) size 42x36 [border: (1px inset #808080)] [r=0 c=2 rs=1 cs=1]
              RenderText {#text} at (2,2) size 27x32
                text run at (2,2) width 12: "A"
                text run at (2,18) width 27: "Cell"
layer at (66,227) size 155x180
  RenderPartObject {IFRAME} at (12,12) size 155x180 [border: (5px solid #FF0000)]
    layer at (0,0) size 125x150
      RenderView at (0,0) size 125x150
    layer at (0,0) size 125x150
      RenderBlock {HTML} at (0,0) size 125x150
        RenderBody {BODY} at (8,8) size 109x134
layer at (66,571) size 155x180
  RenderPartObject {IFRAME} at (12,12) size 155x180 [border: (5px solid #FF0000)]
    layer at (0,0) size 125x150
      RenderView at (0,0) size 125x150
    layer at (0,0) size 125x150
      RenderBlock {HTML} at (0,0) size 125x150
        RenderBody {BODY} at (8,8) size 109x134
layer at (66,915) size 155x180
  RenderPartObject {IFRAME} at (12,12) size 155x180 [border: (5px solid #FF0000)]
    layer at (0,0) size 125x150
      RenderView at (0,0) size 125x150
    layer at (0,0) size 125x150
      RenderBlock {HTML} at (0,0) size 125x150
        RenderBody {BODY} at (8,8) size 109x134
