layer at (0,0) size 785x893
  RenderView at (0,0) size 785x600
layer at (0,0) size 785x893
  RenderBlock {HTML} at (0,0) size 785x893
    RenderBody {BODY} at (8,8) size 769x877
      RenderTable {TABLE} at (0,0) size 600x253 [border: (1px outset #808080)]
        RenderTableSection {TBODY} at (1,1) size 598x251
          RenderTableRow {TR} at (0,2) size 598x77
            RenderTableCell {TD} at (2,2) size 594x77 [border: (1px inset #808080)] [r=0 c=0 rs=1 cs=3]
              RenderImage {IMG} at (2,2) size 590x73
              RenderText {#text} at (0,0) size 0x0
          RenderTableRow {TR} at (0,81) size 598x84
            RenderTableCell {TD} at (2,81) size 114x36 [bgcolor=#94BD73] [border: (1px inset #808080)] [r=1 c=0 rs=1 cs=1]
              RenderText {#text} at (2,2) size 74x32
                text run at (2,2) width 74: "LH column"
                text run at (2,18) width 40: "image"
            RenderTableCell {TD} at (118,81) size 20x20 [border: (1px inset #808080)] [r=1 c=1 rs=1 cs=1]
              RenderText {#text} at (2,2) size 16x16
                text run at (2,2) width 16: "    "
            RenderTableCell {TD} at (140,81) size 456x84 [border: (1px inset #808080)] [r=1 c=2 rs=1 cs=1]
              RenderBlock {P} at (2,2) size 452x16
                RenderText {#text} at (0,0) size 227x16
                  text run at (0,0) width 227: "HP Peripherals Developer Program"
              RenderBlock {P} at (2,34) size 452x16
                RenderText {#text} at (0,0) size 159x16
                  text run at (0,0) width 159: "PROGRAM SERVICES"
              RenderBlock {P} at (2,66) size 452x16
                RenderText {#text} at (0,0) size 70x16
                  text run at (0,0) width 70: "etc., etc. ..."
          RenderTableRow {TR} at (0,167) size 598x37
            RenderTableCell {TD} at (2,167) size 594x37 [border: (1px inset #808080)] [r=2 c=0 rs=1 cs=3]
              RenderImage {IMG} at (2,2) size 589x33
              RenderText {#text} at (0,0) size 0x0
          RenderTableRow {TR} at (0,206) size 598x43
            RenderTableCell {TD} at (2,206) size 114x43 [border: (1px inset #808080)] [r=3 c=0 rs=1 cs=1]
              RenderImage {IMG} at (2,2) size 110x39
              RenderText {#text} at (0,0) size 0x0
            RenderTableCell {TH} at (118,217) size 478x20 [border: (1px inset #808080)] [r=3 c=1 rs=1 cs=2]
              RenderText {#text} at (207,2) size 64x16
                text run at (207,2) width 64: "text links"
      RenderBlock {HR} at (0,261) size 769x2 [border: (1px inset #EEEEEE)]
      RenderBlock {P} at (0,279) size 769x16
        RenderInline {B} at (0,0) size 476x16
          RenderText {#text} at (0,0) size 476x16
            text run at (0,0) width 476: "Now, nuke the IMG (two of which are colspan=3) -- the table lines up."
      RenderTable {TABLE} at (0,311) size 590x169 [border: (1px outset #808080)]
        RenderTableSection {TBODY} at (1,1) size 588x167
          RenderTableRow {TR} at (0,2) size 588x20
            RenderTableCell {TD} at (2,2) size 584x20 [border: (1px inset #808080)] [r=0 c=0 rs=1 cs=3]
              RenderText {#text} at (2,2) size 129x16
                text run at (2,2) width 129: "IMG in a colspan=3"
          RenderTableRow {TR} at (0,24) size 588x84
            RenderTableCell {TD} at (2,24) size 110x36 [bgcolor=#94BD73] [border: (1px inset #808080)] [r=1 c=0 rs=1 cs=1]
              RenderText {#text} at (2,2) size 74x32
                text run at (2,2) width 74: "LH column"
                text run at (2,18) width 40: "image"
            RenderTableCell {TD} at (114,24) size 20x20 [border: (1px inset #808080)] [r=1 c=1 rs=1 cs=1]
              RenderText {#text} at (2,2) size 16x16
                text run at (2,2) width 16: "    "
            RenderTableCell {TD} at (136,24) size 450x84 [border: (1px inset #808080)] [r=1 c=2 rs=1 cs=1]
              RenderBlock {P} at (2,2) size 446x16
                RenderText {#text} at (0,0) size 227x16
                  text run at (0,0) width 227: "HP Peripherals Developer Program"
              RenderBlock {P} at (2,34) size 446x16
                RenderText {#text} at (0,0) size 159x16
                  text run at (0,0) width 159: "PROGRAM SERVICES"
              RenderBlock {P} at (2,66) size 446x16
                RenderText {#text} at (0,0) size 70x16
                  text run at (0,0) width 70: "etc., etc. ..."
          RenderTableRow {TR} at (0,110) size 588x33
            RenderTableCell {TD} at (2,116) size 584x20 [border: (1px inset #808080)] [r=2 c=0 rs=1 cs=3]
              RenderText {#text} at (2,2) size 129x16
                text run at (2,2) width 129: "IMG in a colspan=3"
          RenderTableRow {TR} at (0,145) size 588x20
            RenderTableCell {TD} at (2,145) size 110x20 [border: (1px inset #808080)] [r=3 c=0 rs=1 cs=1]
              RenderText {#text} at (2,2) size 78x16
                text run at (2,2) width 78: "just an IMG"
            RenderTableCell {TH} at (114,145) size 472x20 [border: (1px inset #808080)] [r=3 c=1 rs=1 cs=2]
              RenderText {#text} at (204,2) size 64x16
                text run at (204,2) width 64: "text links"
      RenderBlock {HR} at (0,488) size 769x2 [border: (1px inset #EEEEEE)]
      RenderBlock {P} at (0,506) size 769x16
        RenderInline {B} at (0,0) size 512x16
          RenderText {#text} at (0,0) size 512x16
            text run at (0,0) width 512: "Simpler comparison -- two rows, first is IMG in colspan=3 -- tables not OK"
      RenderTable {TABLE} at (0,538) size 600x169 [border: (1px outset #808080)]
        RenderTableSection {TBODY} at (1,1) size 598x167
          RenderTableRow {TR} at (0,2) size 598x77
            RenderTableCell {TD} at (2,2) size 594x77 [border: (1px inset #808080)] [r=0 c=0 rs=1 cs=3]
              RenderImage {IMG} at (2,2) size 590x73
              RenderText {#text} at (0,0) size 0x0
          RenderTableRow {TR} at (0,81) size 598x84
            RenderTableCell {TD} at (2,81) size 111x36 [bgcolor=#94BD73] [border: (1px inset #808080)] [r=1 c=0 rs=1 cs=1]
              RenderText {#text} at (2,2) size 74x32
                text run at (2,2) width 74: "LH column"
                text run at (2,18) width 40: "image"
            RenderTableCell {TD} at (115,81) size 20x20 [border: (1px inset #808080)] [r=1 c=1 rs=1 cs=1]
              RenderText {#text} at (2,2) size 16x16
                text run at (2,2) width 16: "    "
            RenderTableCell {TD} at (137,81) size 459x84 [border: (1px inset #808080)] [r=1 c=2 rs=1 cs=1]
              RenderBlock {P} at (2,2) size 455x16
                RenderText {#text} at (0,0) size 227x16
                  text run at (0,0) width 227: "HP Peripherals Developer Program"
              RenderBlock {P} at (2,34) size 455x16
                RenderText {#text} at (0,0) size 159x16
                  text run at (0,0) width 159: "PROGRAM SERVICES"
              RenderBlock {P} at (2,66) size 455x16
                RenderText {#text} at (0,0) size 70x16
                  text run at (0,0) width 70: "etc., etc. ..."
      RenderBlock {HR} at (0,715) size 769x2 [border: (1px inset #EEEEEE)]
      RenderBlock {P} at (0,733) size 769x16
        RenderInline {B} at (0,0) size 528x16
          RenderText {#text} at (0,0) size 528x16
            text run at (0,0) width 528: "Simpler comparison -- nuke the IMG (replace with text) -- tables line up now."
      RenderTable {TABLE} at (0,765) size 590x112 [border: (1px outset #808080)]
        RenderTableSection {TBODY} at (1,1) size 588x110
          RenderTableRow {TR} at (0,2) size 588x20
            RenderTableCell {TD} at (2,2) size 584x20 [border: (1px inset #808080)] [r=0 c=0 rs=1 cs=3]
              RenderText {#text} at (2,2) size 213x16
                text run at (2,2) width 213: "text instead of IMG in colspan=3"
          RenderTableRow {TR} at (0,24) size 588x84
            RenderTableCell {TD} at (2,24) size 110x36 [bgcolor=#94BD73] [border: (1px inset #808080)] [r=1 c=0 rs=1 cs=1]
              RenderText {#text} at (2,2) size 74x32
                text run at (2,2) width 74: "LH column"
                text run at (2,18) width 40: "image"
            RenderTableCell {TD} at (114,24) size 20x20 [border: (1px inset #808080)] [r=1 c=1 rs=1 cs=1]
              RenderText {#text} at (2,2) size 16x16
                text run at (2,2) width 16: "    "
            RenderTableCell {TD} at (136,24) size 450x84 [border: (1px inset #808080)] [r=1 c=2 rs=1 cs=1]
              RenderBlock {P} at (2,2) size 446x16
                RenderText {#text} at (0,0) size 227x16
                  text run at (0,0) width 227: "HP Peripherals Developer Program"
              RenderBlock {P} at (2,34) size 446x16
                RenderText {#text} at (0,0) size 159x16
                  text run at (0,0) width 159: "PROGRAM SERVICES"
              RenderBlock {P} at (2,66) size 446x16
                RenderText {#text} at (0,0) size 70x16
                  text run at (0,0) width 70: "etc., etc. ..."
