layer at (0,0) size 800x600
  RenderView at (0,0) size 800x600
layer at (0,0) size 800x600
  RenderBlock {HTML} at (0,0) size 800x600
    RenderBody {BODY} at (8,8) size 784x584
      RenderTable {TABLE} at (0,0) size 85x98 [border: (1px outset #808080)]
        RenderTableSection {TBODY} at (1,1) size 83x96
          RenderTableRow {TR} at (0,2) size 83x22
            RenderTableCell {TD} at (2,2) size 79x22 [border: (1px inset #808080)] [r=0 c=0 rs=1 cs=1]
              RenderBlock {HR} at (3.50,10) size 72x2 [border: (1px inset #EEEEEE)]
          RenderTableRow {TR} at (0,26) size 83x68
            RenderTableCell {TD} at (2,26) size 79x68 [border: (1px inset #808080)] [r=1 c=0 rs=1 cs=1]
              RenderText {#text} at (2,2) size 70x64
                text run at (2,2) width 70: "this should"
                text run at (2,18) width 32: "wrap"
                text run at (2,34) width 69: "within this"
                text run at (2,50) width 22: "TD"
      RenderBlock (anonymous) at (0,98) size 784x16
        RenderBR {BR} at (0,0) size 0x16
      RenderTable {TABLE} at (0,114) size 92x82 [border: (1px outset #808080)]
        RenderTableSection {TBODY} at (1,1) size 90x80
          RenderTableRow {TR} at (0,2) size 90x22
            RenderTableCell {TD} at (2,2) size 86x22 [border: (1px inset #808080)] [r=0 c=0 rs=1 cs=1]
              RenderBlock {HR} at (2,10) size 82x2 [border: (1px inset #EEEEEE)]
          RenderTableRow {TR} at (0,26) size 90x52
            RenderTableCell {TD} at (2,26) size 86x52 [border: (1px inset #808080)] [r=1 c=0 rs=1 cs=1]
              RenderText {#text} at (2,2) size 77x48
                text run at (2,2) width 70: "this should"
                text run at (2,18) width 77: "wrap within"
                text run at (2,34) width 49: "this TD"
