layer at (0,0) size 800x600
  RenderView at (0,0) size 800x600
layer at (0,0) size 800x600
  RenderBlock {HTML} at (0,0) size 800x600
    RenderBody {BODY} at (8,8) size 784x584
      RenderTable {TABLE} at (0,0) size 173x26 [border: (1px outset #808080)]
        RenderTableSection {TBODY} at (1,1) size 171x24
          RenderTableRow {TR} at (0,2) size 171x20
            RenderTableCell {TD} at (2,2) size 61x20 [border: (1px inset #808080)] [r=0 c=0 rs=1 cs=1]
              RenderText {#text} at (2,2) size 57x16
                text run at (2,2) width 57: "Left side"
            RenderTableCell {TD} at (65,2) size 32x20 [border: (1px inset #808080)] [r=0 c=1 rs=1 cs=1]
              RenderText {#text} at (2,2) size 27x16
                text run at (2,2) width 27: "Mid"
            RenderTableCell {TD} at (99,2) size 70x20 [border: (1px inset #808080)] [r=0 c=2 rs=1 cs=1]
              RenderText {#text} at (2,2) size 66x16
                text run at (2,2) width 66: "Right side"
      RenderTable {TABLE} at (0,26) size 173x48 [border: (1px outset #808080)]
        RenderTableSection {TBODY} at (1,1) size 171x46
          RenderTableRow {TR} at (0,2) size 171x20
            RenderTableCell {TD} at (2,2) size 61x20 [border: (1px inset #808080)] [r=0 c=0 rs=1 cs=1]
              RenderText {#text} at (2,2) size 57x16
                text run at (2,2) width 57: "Left side"
            RenderTableCell {TD} at (65,2) size 32x20 [border: (1px inset #808080)] [r=0 c=1 rs=1 cs=1]
              RenderText {#text} at (2,2) size 27x16
                text run at (2,2) width 27: "Mid"
            RenderTableCell {TD} at (99,2) size 70x20 [border: (1px inset #808080)] [r=0 c=2 rs=1 cs=1]
              RenderText {#text} at (2,2) size 66x16
                text run at (2,2) width 66: "Right side"
          RenderTableRow {TR} at (0,24) size 171x20
            RenderTableCell {TD} at (2,24) size 61x20 [border: (1px inset #808080)] [r=1 c=0 rs=1 cs=1]
              RenderText {#text} at (2,2) size 57x16
                text run at (2,2) width 57: "Left side"
            RenderTableCell {TD} at (65,24) size 32x20 [border: (1px inset #808080)] [r=1 c=1 rs=1 cs=1]
              RenderText {#text} at (2,2) size 27x16
                text run at (2,2) width 27: "Mid"
            RenderTableCell {TD} at (99,24) size 70x20 [border: (1px inset #808080)] [r=1 c=2 rs=1 cs=1]
              RenderText {#text} at (2,2) size 66x16
                text run at (2,2) width 66: "Right side"
