layer at (0,0) size 785x1251
  RenderView at (0,0) size 785x600
layer at (0,0) size 785x1251
  RenderBlock {HTML} at (0,0) size 785x1251
    RenderBody {BODY} at (8,8) size 769x1235 [bgcolor=#FFFFFF]
      RenderBlock {P} at (0,0) size 769x16
        RenderText {#text} at (0,0) size 477x16
          text run at (0,0) width 477: "This is a simple example of table height problems with only a single table."
      RenderBlock {P} at (0,32) size 769x48
        RenderText {#text} at (0,0) size 745x48
          text run at (0,0) width 490: "The indention here is to specify a table with two rows. The table has a fixed "
          text run at (489,0) width 256: "overall width (200 for the example) and"
          text run at (0,16) width 272: "two rows. The first row 'just high enough' "
          text run at (271,16) width 456: "for a title line, and the second contains the rest. Creating such a table is"
          text run at (0,32) width 192: "hamperd by a number of bugs"
      RenderBlock {OL} at (0,96) size 769x64
        RenderListItem {LI} at (40,0) size 729x16
          RenderListMarker at (-20,0) size 16x16: "1"
          RenderText {#text} at (0,0) size 467x16
            text run at (0,0) width 467: "If a height is specified for only one row (not both) then it will be ignored"
        RenderListItem {LI} at (40,16) size 729x16
          RenderListMarker at (-20,0) size 16x16: "2"
          RenderText {#text} at (0,0) size 686x16
            text run at (0,0) width 443: "If specified heights are insufficient (because the content is too large) "
            text run at (442,0) width 244: "then the entire table will be expanded."
        RenderListItem {LI} at (40,32) size 729x32
          RenderListMarker at (-20,0) size 16x16: "3"
          RenderText {#text} at (0,0) size 670x32
            text run at (0,0) width 471: "Percentage heights appear to simply be translated into pixel heights prior "
            text run at (470,0) width 200: "to other processing, so offer no"
            text run at (0,16) width 126: "additional solutions"
      RenderBlock {P} at (0,176) size 769x16
        RenderText {#text} at (0,0) size 520x16
          text run at (0,0) width 483: "This following table ought to give the desired results (small title line, large "
          text run at (482,0) width 38: "body)"
      RenderBlock {P} at (0,208) size 769x16
        RenderText {#text} at (0,0) size 116x16
          text run at (0,0) width 116: "It is specifiable as"
      RenderBlock {BLOCKQUOTE} at (40,240) size 689x48
        RenderBlock {P} at (0,0) size 689x48
          RenderText {#text} at (0,0) size 117x16
            text run at (0,0) width 117: "Table height: 200 "
          RenderBR {BR} at (116,12) size 1x0
          RenderText {#text} at (0,16) size 131x16
            text run at (0,16) width 131: "First Row : 1 or 1% "
          RenderInline {I} at (0,0) size 221x16
            RenderText {#text} at (130,16) size 221x16
              text run at (130,16) width 221: "(i.e. expand to minimum required)"
          RenderBR {BR} at (350,28) size 1x0
          RenderText {#text} at (0,32) size 172x16
            text run at (0,32) width 172: "Second Row : unspecified "
          RenderInline {I} at (0,0) size 314x16
            RenderText {#text} at (171,32) size 314x16
              text run at (171,32) width 314: "(i.e. table height - height of other rows+borders)"
          RenderText {#text} at (0,0) size 0x0
      RenderTable {TABLE} at (0,304) size 90x200 [border: (1px outset #808080)]
        RenderTableSection {TBODY} at (1,1) size 88x198
          RenderTableRow {TR} at (0,2) size 88x20
            RenderTableCell {TD} at (2,2) size 84x20 [border: (1px inset #808080)] [r=0 c=0 rs=1 cs=1]
              RenderText {#text} at (2,2) size 53x16
                text run at (2,2) width 53: "title line"
          RenderTableRow {TR} at (0,24) size 88x172
            RenderTableCell {TD} at (2,100) size 84x20 [border: (1px inset #808080)] [r=1 c=0 rs=1 cs=1]
              RenderText {#text} at (2,2) size 80x16
                text run at (2,2) width 80: "rest of space"
      RenderBlock {P} at (0,520) size 769x16
        RenderText {#text} at (0,0) size 307x16
          text run at (0,0) width 307: "This doesn't work because of the 1st bug above."
      RenderBlock {P} at (0,552) size 769x16
        RenderText {#text} at (0,0) size 416x16
          text run at (0,0) width 416: "A second attempt is to specify heights that do add up to the total."
      RenderBlock {P} at (0,584) size 769x48
        RenderText {#text} at (0,0) size 117x16
          text run at (0,0) width 117: "Table height: 200 "
        RenderBR {BR} at (116,12) size 1x0
        RenderText {#text} at (0,16) size 89x16
          text run at (0,16) width 89: "First Row : 1 "
        RenderBR {BR} at (88,28) size 1x0
        RenderText {#text} at (0,32) size 118x16
          text run at (0,32) width 118: "Second Row : 199"
      RenderTable {TABLE} at (0,648) size 90x227 [border: (1px outset #808080)]
        RenderTableSection {TBODY} at (1,1) size 88x225
          RenderTableRow {TR} at (0,2) size 88x20
            RenderTableCell {TD} at (2,2) size 84x20 [border: (1px inset #808080)] [r=0 c=0 rs=1 cs=1]
              RenderText {#text} at (2,2) size 53x16
                text run at (2,2) width 53: "title line"
          RenderTableRow {TR} at (0,24) size 88x199
            RenderTableCell {TD} at (2,113) size 84x20 [border: (1px inset #808080)] [r=1 c=0 rs=1 cs=1]
              RenderText {#text} at (2,2) size 80x16
                text run at (2,2) width 80: "rest of space"
      RenderBlock {P} at (0,891) size 769x16
        RenderText {#text} at (0,0) size 616x16
          text run at (0,0) width 477: "This appears ok, but close inspection will show that the table is now >200 "
          text run at (476,0) width 140: "pixels high (2rd bug)."
      RenderBlock {P} at (0,923) size 769x16
        RenderText {#text} at (0,0) size 433x16
          text run at (0,0) width 433: "A third attempt using 1% and 99% gives identical results (3rd bug)."
      RenderBlock {P} at (0,955) size 769x16
        RenderText {#text} at (0,0) size 643x16
          text run at (0,0) width 448: "A related bug is the the height of a row that is not specified explicitly "
          text run at (447,0) width 196: "cannot be used by its children."
      RenderBlock {P} at (0,987) size 769x32
        RenderText {#text} at (0,0) size 722x32
          text run at (0,0) width 499: "This example is a table of height 200 with a single row of unspecified height. "
          text run at (498,0) width 224: "This contains a DIV whose style is"
          text run at (0,16) width 248: "height:100%. It ought to fill the entire "
          text run at (247,16) width 36: "table."
      RenderTable {TABLE} at (0,1035) size 309x200 [border: (1px outset #808080)]
        RenderTableSection {TBODY} at (1,1) size 307x198
          RenderTableRow {TR} at (0,2) size 307x194
            RenderTableCell {TD} at (2,2) size 303x194 [border: (1px inset #808080)] [r=0 c=0 rs=1 cs=1]
              RenderBlock {DIV} at (2,2) size 299x190 [bgcolor=#FF0000]
                RenderText {#text} at (0,0) size 299x16
                  text run at (0,0) width 299: "A 100% div inside a row of unspecified height"
