layer at (0,0) size 800x600
  RenderView at (0,0) size 800x600
layer at (0,0) size 800x600
  RenderBlock {HTML} at (0,0) size 800x600
    RenderBody {BODY} at (8,16) size 784x568
      RenderTable {TABLE} at (16,0) size 752x64 [border: (1px outset #808080)]
        RenderTableSection {TBODY} at (1,1) size 750x62
          RenderTableRow {TR} at (0,2) size 750x20
            RenderTableCell {TH} at (2,2) size 173x20 [border: (1px inset #808080)] [r=0 c=0 rs=1 cs=1]
              RenderText {#text} at (44,2) size 85x16
                text run at (44,2) width 85: "Header One"
            RenderTableCell {TH} at (177,2) size 270x20 [border: (1px inset #808080)] [r=0 c=1 rs=1 cs=1]
              RenderText {#text} at (92,2) size 86x16
                text run at (92,2) width 86: "Header Two"
            RenderTableCell {TH} at (449,2) size 299x20 [border: (1px inset #808080)] [r=0 c=2 rs=1 cs=1]
              RenderText {#text} at (101,2) size 97x16
                text run at (101,2) width 97: "Header Three"
          RenderTableRow {TR} at (0,24) size 750x36
            RenderTableCell {TD} at (2,24) size 173x36 [border: (1px inset #808080)] [r=1 c=0 rs=1 cs=1]
              RenderText {#text} at (2,2) size 161x32
                text run at (2,2) width 119: "This table uses the"
                text run at (2,18) width 161: "separated borders model."
            RenderTableCell {TD} at (177,24) size 270x36 [border: (1px inset #808080)] [r=1 c=1 rs=1 cs=1]
              RenderText {#text} at (2,2) size 258x32
                text run at (2,2) width 258: "This means that elements within the cell"
                text run at (2,18) width 184: "have border-spacing of 1em."
            RenderTableCell {TD} at (449,24) size 299x36 [border: (1px inset #808080)] [r=1 c=2 rs=1 cs=1]
              RenderText {#text} at (2,2) size 285x32
                text run at (2,2) width 209: "The borders on the header cells, "
                text run at (210,2) width 77: "on all sides,"
                text run at (2,18) width 203: "should be medium solid purple."
