layer at (0,0) size 800x600
  RenderView at (0,0) size 800x600
layer at (0,0) size 800x600
  RenderBlock {HTML} at (0,0) size 800x600
    RenderBody {BODY} at (8,8) size 784x584
      RenderTable {TABLE} at (0,0) size 300x26 [border: (1px outset #808080)]
        RenderTableSection {TBODY} at (1,1) size 298x24
          RenderTableRow {TR} at (0,2) size 298x20
            RenderTableCell {TD} at (2,2) size 139x20 [border: (1px inset #808080)] [r=0 c=0 rs=1 cs=1]
              RenderText {#text} at (56,2) size 27x16
                text run at (56,2) width 27: "One"
            RenderTableCell {TD} at (143,2) size 153x20 [border: (1px inset #808080)] [r=0 c=1 rs=1 cs=1]
              RenderText {#text} at (61,2) size 31x16
                text run at (61,2) width 31: "Two"
      RenderTable {TABLE} at (0,26) size 300x26 [border: (1px outset #808080)]
        RenderTableSection {TBODY} at (1,1) size 298x24
          RenderTableRow {TR} at (0,2) size 298x20
            RenderTableCell {TD} at (2,2) size 139x20 [border: (1px inset #808080)] [r=0 c=0 rs=1 cs=1]
              RenderText {#text} at (110,2) size 27x16
                text run at (110,2) width 27: "One"
            RenderTableCell {TD} at (143,2) size 153x20 [border: (1px inset #808080)] [r=0 c=1 rs=1 cs=1]
              RenderText {#text} at (121,2) size 30x16
                text run at (121,2) width 30: "Two"
      RenderTable {TABLE} at (0,52) size 383x48 [border: (1px outset #808080)]
        RenderTableSection {TBODY} at (1,1) size 381x46
          RenderTableRow {TR} at (0,2) size 381x20
            RenderTableCell {TD} at (2,2) size 186x20 [border: (1px inset #808080)] [r=0 c=0 rs=1 cs=1]
              RenderText {#text} at (79,2) size 28x16
                text run at (79,2) width 28: "One"
            RenderTableCell {TD} at (190,2) size 189x20 [border: (1px inset #808080)] [r=0 c=1 rs=1 cs=1]
              RenderText {#text} at (79,2) size 31x16
                text run at (79,2) width 31: "Two"
          RenderTableRow {TR} at (0,24) size 381x20
            RenderTableCell {TD} at (2,24) size 186x20 [border: (1px inset #808080)] [r=1 c=0 rs=1 cs=1]
              RenderText {#text} at (2,2) size 182x16
                text run at (2,2) width 182: "----------Long One------------"
            RenderTableCell {TD} at (190,24) size 189x20 [border: (1px inset #808080)] [r=1 c=1 rs=1 cs=1]
              RenderText {#text} at (2,2) size 185x16
                text run at (2,2) width 185: "----------Long Two------------"
      RenderTable {TABLE} at (0,100) size 784x26 [border: (1px outset #808080)]
        RenderTableSection {TBODY} at (1,1) size 782x24
          RenderTableRow {TR} at (0,2) size 782x20
            RenderTableCell {TD} at (2,2) size 370x20 [border: (1px inset #808080)] [r=0 c=0 rs=1 cs=1]
              RenderText {#text} at (171,2) size 28x16
                text run at (171,2) width 28: "One"
            RenderTableCell {TD} at (374,2) size 406x20 [border: (1px inset #808080)] [r=0 c=1 rs=1 cs=1]
              RenderText {#text} at (188,2) size 30x16
                text run at (188,2) width 30: "Two"
