layer at (0,0) size 800x600
  RenderView at (0,0) size 800x600
layer at (0,0) size 800x600
  RenderBlock {HTML} at (0,0) size 800x600
    RenderBody {BODY} at (8,8) size 784x584
      RenderTable {TABLE} at (0,0) size 784x221 [border: (2px outset #808080)]
        RenderTableSection {TBODY} at (2,2) size 780x217
          RenderTableRow {TR} at (0,2) size 780x213
            RenderTableCell {TD} at (2,2) size 776x213 [border: (1px inset #808080)] [r=0 c=0 rs=1 cs=1]
              RenderBlock (anonymous) at (2,2) size 772x16
                RenderText {#text} at (0,0) size 12x16
                  text run at (0,0) width 12: "Y"
                RenderTable {TABLE} at (548,0) size 224x209
                  RenderTableSection {TBODY} at (0,0) size 224x209
                    RenderTableRow {TR} at (0,0) size 224x163
                      RenderTableCell {TD} at (0,104) size 10x1 [r=0 c=0 rs=4 cs=1]
                        RenderImage {IMG} at (0,0) size 10x1
                      RenderTableCell {TD} at (10,0) size 214x163 [r=0 c=1 rs=1 cs=1]
                        RenderImage {IMG} at (0,0) size 214x163
                    RenderTableRow {TR} at (0,163) size 224x8
                      RenderTableCell {TD} at (10,163) size 214x8 [r=1 c=1 rs=1 cs=1]
                        RenderImage {IMG} at (0,0) size 1x8
                    RenderTableRow {TR} at (0,171) size 224x30
                      RenderTableCell {TD} at (10,171) size 214x30 [r=2 c=1 rs=1 cs=1]
                        RenderInline {FONT} at (0,0) size 209x30 [color=#666600]
                          RenderText {#text} at (0,0) size 209x30
                            text run at (0,0) width 196: "CleanSweep Deluxe tracks the files you use"
                            text run at (0,10) width 209: "most often, then recommends rarely used ones"
                            text run at (0,20) width 75: "for you to delete."
                          RenderBR {BR} at (74,28) size 1x0
                    RenderTableRow {TR} at (0,201) size 224x8
                      RenderTableCell {TD} at (10,201) size 214x8 [r=3 c=1 rs=1 cs=1]
                        RenderImage {IMG} at (0,0) size 1x8
                RenderText {#text} at (0,0) size 0x0
              RenderBlock {P} at (2,34) size 772x16
                RenderText {#text} at (0,0) size 12x16
                  text run at (0,0) width 12: "X"
