layer at (0,0) size 800x600
  RenderView at (0,0) size 800x600
layer at (0,0) size 800x600
  RenderBlock {HTML} at (0,0) size 800x600
    RenderBody {BODY} at (8,8) size 784x584
      RenderTable {TABLE} at (0,0) size 784x100 [bgcolor=#00FFFF] [border: (1px outset #808080)]
        RenderTableSection {TBODY} at (1,1) size 782x98
          RenderTableRow {TR} at (0,2) size 782x94
            RenderTableCell {TD} at (2,2) size 454x94 [border: (1px inset #808080)] [r=0 c=0 rs=1 cs=1]
              RenderTable {TABLE} at (2,2) size 450x90 [bgcolor=#FF00FF] [border: (1px outset #808080)]
                RenderTableSection {TBODY} at (1,1) size 448x88
                  RenderTableRow {TR} at (0,2) size 448x84
                    RenderTableCell {TD} at (2,2) size 444x84 [border: (1px inset #808080)] [r=0 c=0 rs=1 cs=1]
                      RenderText {#text} at (2,2) size 204x16
                        text run at (2,2) width 204: "Mozilla To Be Dually-Licensed"
                      RenderBR {BR} at (205,14) size 1x0
                      RenderText {#text} at (2,30) size 208x16
                        text run at (2,30) width 208: "Plans are underway to make the "
                      RenderInline {FONT} at (0,0) size 101x32 [color=#0000FF]
                        RenderText {#text} at (209,18) size 101x32
                          text run at (209,18) width 101: "Mozilla"
                      RenderText {#text} at (309,30) size 404x52
                        text run at (309,30) width 97: " code available"
                        text run at (2,50) width 52: "under a "
                        text run at (53,50) width 157: "dual MPL/GPL license. "
                        text run at (209,50) width 182: "See the for more info. We're"
                        text run at (2,66) width 327: "gathering contributor input now, in the newsgroup."
                      RenderBR {BR} at (328,78) size 1x0
            RenderTableCell {TD} at (458,23) size 322x52 [border: (1px inset #808080)] [r=0 c=1 rs=1 cs=1]
              RenderText {#text} at (2,2) size 293x48
                text run at (2,2) width 273: "This status update contains information on"
                text run at (2,18) width 232: "MailNews, XML/DOM, XPToolkit,"
                text run at (2,34) width 293: "Architecture, Bidi, Necko/Imglib, and more..."
      RenderBlock (anonymous) at (0,100) size 784x35
        RenderBR {BR} at (0,0) size 0x16
        RenderButton {INPUT} at (0,17) size 52.03x18 [bgcolor=#C0C0C0]
          RenderBlock (anonymous) at (8,2.50) size 36.03x13
            RenderText {#text} at (0,0) size 37x13
              text run at (0,0) width 37: "Reload"
        RenderText {#text} at (52,18) size 9x16
          text run at (52,18) width 9: "  "
        RenderButton {INPUT} at (60.03,17) size 83.41x18 [bgcolor=#C0C0C0]
          RenderBlock (anonymous) at (8,2.50) size 67.41x13
            RenderText {#text} at (0,0) size 68x13
              text run at (0,0) width 68: "Change Font"
        RenderText {#text} at (143,18) size 9x16
          text run at (143,18) width 9: "  "
        RenderTextControl {INPUT} at (151.44,16) size 123x19 [bgcolor=#FFFFFF] [border: (2px inset #EEEEEE)]
        RenderText {#text} at (0,0) size 0x0
layer at (162,127) size 117x13
  RenderBlock {DIV} at (3,3) size 117x13
    RenderText {#text} at (0,0) size 7x13
      text run at (0,0) width 7: "6"
