layer at (0,0) size 800x600
  RenderView at (0,0) size 800x600
layer at (0,0) size 800x600
  RenderBlock {HTML} at (0,0) size 800x600
    RenderBody {BODY} at (8,8) size 784x584 [bgcolor=#FFFFFF]
      RenderTable {TABLE} at (0,0) size 360x84 [border: (1px outset #808080)]
        RenderTableSection {TBODY} at (1,1) size 358x82
          RenderTableRow {TR} at (0,2) size 358x78
            RenderTableCell {TD} at (2,2) size 354x78 [border: (1px inset #808080)] [r=0 c=0 rs=1 cs=1]
              RenderTable {TABLE} at (2,2) size 350x74 [bgcolor=#FFCC99] [border: (1px outset #808080)]
                RenderTableSection {TBODY} at (1,1) size 348x72
                  RenderTableRow {TR} at (0,2) size 348x68
                    RenderTableCell {TD} at (2,13) size 246x46 [border: (1px inset #808080)] [r=0 c=0 rs=1 cs=2]
                      RenderInline {B} at (0,0) size 101x16
                        RenderText {#text} at (2,2) size 101x16
                          text run at (2,2) width 101: "Contact MPG:"
                      RenderText {#text} at (102,2) size 5x16
                        text run at (102,2) width 5: " "
                      RenderBR {BR} at (0,0) size 0x0
                      RenderInline {FONT} at (0,0) size 234x26
                        RenderInline {B} at (0,0) size 147x13
                          RenderInline {A} at (0,0) size 147x13 [color=#551A8B]
                            RenderText {#text} at (2,18) size 147x13
                              text run at (2,18) width 33: "Click "
                              text run at (34,18) width 115: "here to email full list"
                        RenderText {#text} at (148,18) size 73x13
                          text run at (148,18) width 73: ", or copy this "
                        RenderInline {A} at (0,0) size 234x26 [color=#551A8B]
                          RenderText {#text} at (220,18) size 234x26
                            text run at (220,18) width 16: "list"
                            text run at (2,31) width 64: "of addresses"
                        RenderText {#text} at (65,31) size 43x13
                          text run at (65,31) width 43: ".  View "
                        RenderInline {A} at (0,0) size 83x13 [color=#551A8B]
                          RenderText {#text} at (107,31) size 83x13
                            text run at (107,31) width 83: "Who is in MPG"
                        RenderText {#text} at (189,31) size 4x13
                          text run at (189,31) width 4: "."
                      RenderText {#text} at (0,0) size 0x0
                    RenderTableCell {TD} at (250,2) size 96x68 [border: (1px inset #808080)] [r=0 c=2 rs=1 cs=1]
                      RenderInline {B} at (0,0) size 85x16
                        RenderText {#text} at (2,2) size 85x16
                          text run at (2,2) width 85: "MPG Rules:"
                      RenderText {#text} at (86,2) size 5x16
                        text run at (86,2) width 5: " "
                      RenderBR {BR} at (0,0) size 0x0
                      RenderText {#text} at (2,18) size 60x48
                        text run at (2,18) width 60: "Not at all"
                        text run at (2,34) width 46: "serious"
                        text run at (2,50) width 50: "bylaws."
