layer at (0,0) size 800x600
  RenderView at (0,0) size 800x600
layer at (0,0) size 800x212
  RenderBlock {HTML} at (0,0) size 800x212
    RenderBody {BODY} at (8,8) size 784x196
      RenderTable {TABLE} at (0,0) size 700x48 [border: (1px outset #808080)]
        RenderTableSection {TBODY} at (1,1) size 698x46
          RenderTableRow {TR} at (0,2) size 698x20
            RenderTableCell {TD} at (2,2) size 694x20 [border: (1px inset #808080)] [r=0 c=0 rs=1 cs=3]
              RenderText {#text} at (2,2) size 589x16
                text run at (2,2) width 589: "lots of text goes here even more and more and more and more and more and more and more"
          RenderTableRow {TR} at (0,24) size 698x20
            RenderTableCell {TD} at (2,24) size 681x20 [border: (1px inset #808080)] [r=1 c=0 rs=1 cs=2]
              RenderText {#text} at (2,2) size 514x16
                text run at (2,2) width 514: "aaaaaaaaaaaa bbbbbbbbbbbbbbb cccccccccccccccccccccccccc dddddddddddddd"
            RenderTableCell {TD} at (685,24) size 11x20 [border: (1px inset #808080)] [r=1 c=2 rs=1 cs=1]
              RenderText {#text} at (2,2) size 4x16
                text run at (2,2) width 4: " "
      RenderBlock {P} at (0,64) size 784x0
      RenderTable {TABLE} at (0,64) size 700x48 [border: (1px outset #808080)]
        RenderTableSection {TBODY} at (1,1) size 698x46
          RenderTableRow {TR} at (0,2) size 698x20
            RenderTableCell {TD} at (2,2) size 694x20 [border: (1px inset #808080)] [r=0 c=0 rs=1 cs=3]
              RenderText {#text} at (2,2) size 192x16
                text run at (2,2) width 192: "lots of text goes here even mo"
          RenderTableRow {TR} at (0,24) size 698x20
            RenderTableCell {TD} at (2,24) size 681x20 [border: (1px inset #808080)] [r=1 c=0 rs=1 cs=2]
              RenderText {#text} at (2,2) size 514x16
                text run at (2,2) width 514: "aaaaaaaaaaaa bbbbbbbbbbbbbbb cccccccccccccccccccccccccc dddddddddddddd"
            RenderTableCell {TD} at (685,24) size 11x20 [border: (1px inset #808080)] [r=1 c=2 rs=1 cs=1]
              RenderText {#text} at (2,2) size 4x16
                text run at (2,2) width 4: " "
      RenderBlock {P} at (0,128) size 784x0
      RenderTable {TABLE} at (0,128) size 700x48 [border: (1px outset #808080)]
        RenderTableSection {TBODY} at (1,1) size 698x46
          RenderTableRow {TR} at (0,2) size 698x20
            RenderTableCell {TD} at (2,2) size 694x20 [border: (1px inset #808080)] [r=0 c=0 rs=1 cs=3]
              RenderText {#text} at (2,2) size 184x16
                text run at (2,2) width 184: "lots of text goes here even m"
          RenderTableRow {TR} at (0,24) size 698x20
            RenderTableCell {TD} at (2,24) size 681x20 [border: (1px inset #808080)] [r=1 c=0 rs=1 cs=2]
              RenderText {#text} at (2,2) size 514x16
                text run at (2,2) width 514: "aaaaaaaaaaaa bbbbbbbbbbbbbbb cccccccccccccccccccccccccc dddddddddddddd"
            RenderTableCell {TD} at (685,24) size 11x20 [border: (1px inset #808080)] [r=1 c=2 rs=1 cs=1]
              RenderText {#text} at (2,2) size 4x16
                text run at (2,2) width 4: " "
      RenderBlock {HR} at (0,184) size 182x2 [border: (1px inset #EEEEEE)]
      RenderBlock {HR} at (0,194) size 520x2 [border: (1px inset #EEEEEE)]
