layer at (0,0) size 800x600
  RenderView at (0,0) size 800x600
layer at (0,0) size 800x600
  RenderBlock {HTML} at (0,0) size 800x600
    RenderBody {BODY} at (8,8) size 784x584
      RenderTable {TABLE} at (0,0) size 784x310 [border: none]
        RenderTableSection {TBODY} at (0,0) size 783x309
          RenderTableRow {TR} at (0,0) size 783x19
            RenderTableCell {TH} at (0,0) size 111x19 [border: (1px solid #005A8C)] [r=0 c=0 rs=1 cs=1]
              RenderText {#text} at (42,2) size 28x16
                text run at (42,2) width 28: "Sun"
            RenderTableCell {TH} at (111,0) size 112x19 [border: (1px solid #005A8C)] [r=0 c=1 rs=1 cs=1]
              RenderText {#text} at (40,2) size 33x16
                text run at (40,2) width 33: "Mon"
            RenderTableCell {TH} at (223,0) size 112x19 [border: (1px solid #005A8C)] [r=0 c=2 rs=1 cs=1]
              RenderText {#text} at (43,2) size 27x16
                text run at (43,2) width 27: "Tue"
            RenderTableCell {TH} at (335,0) size 112x19 [border: (1px solid #005A8C)] [r=0 c=3 rs=1 cs=1]
              RenderText {#text} at (40,2) size 33x16
                text run at (40,2) width 33: "Wed"
            RenderTableCell {TH} at (447,0) size 112x19 [border: (1px solid #005A8C)] [r=0 c=4 rs=1 cs=1]
              RenderText {#text} at (42,2) size 29x16
                text run at (42,2) width 29: "Thu"
            RenderTableCell {TH} at (559,0) size 112x19 [border: (1px solid #005A8C)] [r=0 c=5 rs=1 cs=1]
              RenderText {#text} at (45,2) size 23x16
                text run at (45,2) width 23: "Fri"
            RenderTableCell {TH} at (671,0) size 112x19 [border: (1px solid #005A8C)] [r=0 c=6 rs=1 cs=1]
              RenderText {#text} at (45,2) size 23x16
                text run at (45,2) width 23: "Sat"
          RenderTableRow {TR} at (0,19) size 783x35
            RenderTableCell {TD} at (0,19) size 559x3 [border: (1px solid #005A8C)] [r=1 c=0 rs=1 cs=5]
            RenderTableCell {TD} at (559,19) size 112x35 [border: (1px solid #005A8C)] [r=1 c=5 rs=1 cs=1]
              RenderBlock {DIV} at (2,2) size 109x16
                RenderText {#text} at (0,0) size 8x16
                  text run at (0,0) width 8: "1"
              RenderBlock {DIV} at (2,18) size 109x16
                RenderText {#text} at (0,0) size 29x16
                  text run at (0,0) width 29: "7:50"
            RenderTableCell {TD} at (671,19) size 112x35 [border: (1px solid #005A8C)] [r=1 c=6 rs=1 cs=1]
              RenderBlock {DIV} at (2,2) size 109x16
                RenderText {#text} at (0,0) size 8x16
                  text run at (0,0) width 8: "2"
              RenderBlock (anonymous) at (2,18) size 109x16
                RenderText {#text} at (0,0) size 102x16
                  text run at (0,0) width 102: "Althea Halliday"
                RenderBR {BR} at (101,12) size 1x0
          RenderTableRow {TR} at (0,54) size 783x67
            RenderTableCell {TD} at (0,54) size 111x67 [border: (1px solid #005A8C)] [r=2 c=0 rs=1 cs=1]
              RenderBlock {DIV} at (2,2) size 108x16
                RenderText {#text} at (0,0) size 8x16
                  text run at (0,0) width 8: "3"
              RenderBlock (anonymous) at (2,18) size 108x48
                RenderText {#text} at (0,0) size 66x16
                  text run at (0,0) width 66: "CHORTle"
                RenderBR {BR} at (65,12) size 1x0
                RenderText {#text} at (0,16) size 69x32
                  text run at (0,16) width 63: "Avondale"
                  text run at (0,32) width 69: "graduation"
            RenderTableCell {TD} at (111,54) size 112x35 [border: (1px solid #005A8C)] [r=2 c=1 rs=1 cs=1]
              RenderBlock {DIV} at (2,2) size 109x16
                RenderText {#text} at (0,0) size 8x16
                  text run at (0,0) width 8: "4"
              RenderBlock (anonymous) at (2,18) size 109x16
                RenderBR {BR} at (0,0) size 0x16
            RenderTableCell {TD} at (223,54) size 112x51 [border: (1px solid #005A8C)] [r=2 c=2 rs=1 cs=1]
              RenderBlock {DIV} at (2,2) size 109x16
                RenderText {#text} at (0,0) size 8x16
                  text run at (0,0) width 8: "5"
              RenderBlock (anonymous) at (2,18) size 109x32
                RenderText {#text} at (0,0) size 82x32
                  text run at (0,0) width 82: "SAC Speech"
                  text run at (0,16) width 33: "night"
            RenderTableCell {TD} at (335,54) size 112x51 [border: (1px solid #005A8C)] [r=2 c=3 rs=1 cs=1]
              RenderBlock {DIV} at (2,2) size 109x16
                RenderText {#text} at (0,0) size 8x16
                  text run at (0,0) width 8: "6"
              RenderBlock (anonymous) at (2,18) size 109x32
                RenderText {#text} at (0,0) size 84x32
                  text run at (0,0) width 84: "Management"
                  text run at (0,16) width 68: "committee"
            RenderTableCell {TD} at (447,54) size 112x67 [border: (1px solid #005A8C)] [r=2 c=4 rs=1 cs=1]
              RenderBlock {DIV} at (2,2) size 109x16
                RenderText {#text} at (0,0) size 8x16
                  text run at (0,0) width 8: "7"
              RenderBlock (anonymous) at (2,18) size 109x48
                RenderText {#text} at (0,0) size 101x48
                  text run at (0,0) width 96: "Castle Hill and"
                  text run at (0,16) width 101: "Mountain View"
                  text run at (0,32) width 90: "Speech nights"
            RenderTableCell {TD} at (559,54) size 112x35 [border: (1px solid #005A8C)] [r=2 c=5 rs=1 cs=1]
              RenderBlock {DIV} at (2,2) size 109x16
                RenderText {#text} at (0,0) size 8x16
                  text run at (0,0) width 8: "8"
              RenderBlock {DIV} at (2,18) size 109x16
                RenderText {#text} at (0,0) size 29x16
                  text run at (0,0) width 29: "7:56"
            RenderTableCell {TD} at (671,54) size 112x35 [border: (1px solid #005A8C)] [r=2 c=6 rs=1 cs=1]
              RenderBlock {DIV} at (2,2) size 109x16
                RenderText {#text} at (0,0) size 8x16
                  text run at (0,0) width 8: "9"
              RenderBlock (anonymous) at (2,18) size 109x16
                RenderText {#text} at (0,0) size 94x16
                  text run at (0,0) width 94: "Reconciliation"
          RenderTableRow {TR} at (0,121) size 783x67
            RenderTableCell {TD} at (0,121) size 111x35 [border: (1px solid #005A8C)] [r=3 c=0 rs=1 cs=1]
              RenderBlock {DIV} at (2,2) size 108x16
                RenderText {#text} at (0,0) size 16x16
                  text run at (0,0) width 16: "10"
              RenderBlock (anonymous) at (2,18) size 108x16
                RenderText {#text} at (0,0) size 102x16
                  text run at (0,0) width 102: "Christmas party"
                RenderBR {BR} at (101,12) size 1x0
            RenderTableCell {TD} at (111,121) size 112x35 [border: (1px solid #005A8C)] [r=3 c=1 rs=1 cs=1]
              RenderBlock {DIV} at (2,2) size 109x16
                RenderText {#text} at (0,0) size 16x16
                  text run at (0,0) width 16: "11"
              RenderBlock (anonymous) at (2,18) size 109x16
                RenderBR {BR} at (0,0) size 0x16
            RenderTableCell {TD} at (223,121) size 112x35 [border: (1px solid #005A8C)] [r=3 c=2 rs=1 cs=1]
              RenderBlock {DIV} at (2,2) size 109x16
                RenderText {#text} at (0,0) size 16x16
                  text run at (0,0) width 16: "12"
              RenderBlock (anonymous) at (2,18) size 109x16
                RenderBR {BR} at (0,0) size 0x16
            RenderTableCell {TD} at (335,121) size 112x67 [border: (1px solid #005A8C)] [r=3 c=3 rs=1 cs=1]
              RenderBlock {DIV} at (2,2) size 109x16
                RenderText {#text} at (0,0) size 16x16
                  text run at (0,0) width 16: "13"
              RenderBlock (anonymous) at (2,18) size 109x48
                RenderText {#text} at (0,0) size 77x48
                  text run at (0,0) width 77: "Community"
                  text run at (0,16) width 65: "Ministries"
                  text run at (0,32) width 68: "committee"
            RenderTableCell {TD} at (447,121) size 112x35 [border: (1px solid #005A8C)] [r=3 c=4 rs=1 cs=1]
              RenderBlock {DIV} at (2,2) size 109x16
                RenderText {#text} at (0,0) size 16x16
                  text run at (0,0) width 16: "14"
              RenderBlock (anonymous) at (2,18) size 109x16
                RenderBR {BR} at (0,0) size 0x16
            RenderTableCell {TD} at (559,121) size 112x35 [border: (1px solid #005A8C)] [r=3 c=5 rs=1 cs=1]
              RenderBlock {DIV} at (2,2) size 109x16
                RenderText {#text} at (0,0) size 16x16
                  text run at (0,0) width 16: "15"
              RenderBlock {DIV} at (2,18) size 109x16
                RenderText {#text} at (0,0) size 29x16
                  text run at (0,0) width 29: "8:02"
            RenderTableCell {TD} at (671,121) size 112x35 [border: (1px solid #005A8C)] [r=3 c=6 rs=1 cs=1]
              RenderBlock {DIV} at (2,2) size 109x16
                RenderText {#text} at (0,0) size 16x16
                  text run at (0,0) width 16: "16"
              RenderBlock (anonymous) at (2,18) size 109x16
                RenderText {#text} at (0,0) size 68x16
                  text run at (0,0) width 68: "Paul Goltz"
                RenderBR {BR} at (67,12) size 1x0
          RenderTableRow {TR} at (0,188) size 783x51
            RenderTableCell {TD} at (0,188) size 111x35 [border: (1px solid #005A8C)] [r=4 c=0 rs=1 cs=1]
              RenderBlock {DIV} at (2,2) size 108x16
                RenderText {#text} at (0,0) size 16x16
                  text run at (0,0) width 16: "17"
              RenderBlock (anonymous) at (2,18) size 108x16
                RenderBR {BR} at (0,0) size 0x16
            RenderTableCell {TD} at (111,188) size 112x35 [border: (1px solid #005A8C)] [r=4 c=1 rs=1 cs=1]
              RenderBlock {DIV} at (2,2) size 109x16
                RenderText {#text} at (0,0) size 16x16
                  text run at (0,0) width 16: "18"
              RenderBlock (anonymous) at (2,18) size 109x16
                RenderBR {BR} at (0,0) size 0x16
            RenderTableCell {TD} at (223,188) size 112x51 [border: (1px solid #005A8C)] [r=4 c=2 rs=1 cs=1]
              RenderBlock {DIV} at (2,2) size 109x16
                RenderText {#text} at (0,0) size 16x16
                  text run at (0,0) width 16: "19"
              RenderBlock (anonymous) at (2,18) size 109x32
                RenderText {#text} at (0,0) size 105x32
                  text run at (0,0) width 105: "End school term"
                  text run at (0,16) width 8: "4"
            RenderTableCell {TD} at (335,188) size 112x35 [border: (1px solid #005A8C)] [r=4 c=3 rs=1 cs=1]
              RenderBlock {DIV} at (2,2) size 109x16
                RenderText {#text} at (0,0) size 16x16
                  text run at (0,0) width 16: "20"
              RenderBlock (anonymous) at (2,18) size 109x16
                RenderBR {BR} at (0,0) size 0x16
            RenderTableCell {TD} at (447,188) size 112x35 [border: (1px solid #005A8C)] [r=4 c=4 rs=1 cs=1]
              RenderBlock {DIV} at (2,2) size 109x16
                RenderText {#text} at (0,0) size 16x16
                  text run at (0,0) width 16: "21"
              RenderBlock (anonymous) at (2,18) size 109x16
                RenderBR {BR} at (0,0) size 0x16
            RenderTableCell {TD} at (559,188) size 112x35 [border: (1px solid #005A8C)] [r=4 c=5 rs=1 cs=1]
              RenderBlock {DIV} at (2,2) size 109x16
                RenderText {#text} at (0,0) size 16x16
                  text run at (0,0) width 16: "22"
              RenderBlock {DIV} at (2,18) size 109x16
                RenderText {#text} at (0,0) size 29x16
                  text run at (0,0) width 29: "8:06"
            RenderTableCell {TD} at (671,188) size 112x51 [border: (1px solid #005A8C)] [r=4 c=6 rs=1 cs=1]
              RenderBlock {DIV} at (2,2) size 109x16
                RenderText {#text} at (0,0) size 16x16
                  text run at (0,0) width 16: "23"
              RenderBlock (anonymous) at (2,18) size 109x32
                RenderText {#text} at (0,0) size 74x32
                  text run at (0,0) width 65: "Christmas"
                  text run at (0,16) width 74: "programme"
                RenderBR {BR} at (73,28) size 1x0
          RenderTableRow {TR} at (0,239) size 783x35
            RenderTableCell {TD} at (0,239) size 111x35 [border: (1px solid #005A8C)] [r=5 c=0 rs=1 cs=1]
              RenderBlock {DIV} at (2,2) size 108x16
                RenderText {#text} at (0,0) size 16x16
                  text run at (0,0) width 16: "24"
              RenderBlock (anonymous) at (2,18) size 108x16
                RenderBR {BR} at (0,0) size 0x16
            RenderTableCell {TD} at (111,239) size 112x35 [border: (1px solid #005A8C)] [r=5 c=1 rs=1 cs=1]
              RenderBlock {DIV} at (2,2) size 109x16
                RenderText {#text} at (0,0) size 16x16
                  text run at (0,0) width 16: "25"
              RenderBlock (anonymous) at (2,18) size 109x16
                RenderText {#text} at (0,0) size 92x16
                  text run at (0,0) width 92: "Christmas day"
                RenderBR {BR} at (91,12) size 1x0
            RenderTableCell {TD} at (223,239) size 112x35 [border: (1px solid #005A8C)] [r=5 c=2 rs=1 cs=1]
              RenderBlock {DIV} at (2,2) size 109x16
                RenderText {#text} at (0,0) size 16x16
                  text run at (0,0) width 16: "26"
              RenderBlock (anonymous) at (2,18) size 109x16
                RenderText {#text} at (0,0) size 75x16
                  text run at (0,0) width 75: "Boxing day"
                RenderBR {BR} at (74,12) size 1x0
            RenderTableCell {TD} at (335,239) size 112x35 [border: (1px solid #005A8C)] [r=5 c=3 rs=1 cs=1]
              RenderBlock {DIV} at (2,2) size 109x16
                RenderText {#text} at (0,0) size 16x16
                  text run at (0,0) width 16: "27"
              RenderBlock (anonymous) at (2,18) size 109x16
                RenderBR {BR} at (0,0) size 0x16
            RenderTableCell {TD} at (447,239) size 112x35 [border: (1px solid #005A8C)] [r=5 c=4 rs=1 cs=1]
              RenderBlock {DIV} at (2,2) size 109x16
                RenderText {#text} at (0,0) size 16x16
                  text run at (0,0) width 16: "28"
              RenderBlock (anonymous) at (2,18) size 109x16
                RenderBR {BR} at (0,0) size 0x16
            RenderTableCell {TD} at (559,239) size 112x35 [border: (1px solid #005A8C)] [r=5 c=5 rs=1 cs=1]
              RenderBlock {DIV} at (2,2) size 109x16
                RenderText {#text} at (0,0) size 16x16
                  text run at (0,0) width 16: "29"
              RenderBlock {DIV} at (2,18) size 109x16
                RenderText {#text} at (0,0) size 29x16
                  text run at (0,0) width 29: "8:09"
            RenderTableCell {TD} at (671,239) size 112x35 [border: (1px solid #005A8C)] [r=5 c=6 rs=1 cs=1]
              RenderBlock {DIV} at (2,2) size 109x16
                RenderText {#text} at (0,0) size 16x16
                  text run at (0,0) width 16: "30"
              RenderBlock (anonymous) at (2,18) size 109x16
                RenderText {#text} at (0,0) size 95x16
                  text run at (0,0) width 95: "David Holman"
                RenderBR {BR} at (94,12) size 1x0
          RenderTableRow {TR} at (0,274) size 783x35
            RenderTableCell {TD} at (0,274) size 111x35 [border: (1px solid #005A8C)] [r=6 c=0 rs=1 cs=1]
              RenderBlock {DIV} at (2,2) size 108x16
                RenderText {#text} at (0,0) size 16x16
                  text run at (0,0) width 16: "31"
              RenderBlock (anonymous) at (2,18) size 108x16
                RenderBR {BR} at (0,0) size 0x16
            RenderTableCell {TD} at (111,274) size 672x3 [border: (1px solid #005A8C)] [r=6 c=1 rs=1 cs=6]
