layer at (0,0) size 800x600
  RenderView at (0,0) size 800x600
layer at (0,0) size 800x64
  RenderBlock {HTML} at (0,0) size 800x64
    RenderBody {BODY} at (8,8) size 784x48
      RenderTable {TABLE} at (0,0) size 728x48 [border: (1px outset #808080)]
        RenderTableSection {TBODY} at (1,1) size 726x46
          RenderTableRow {TR} at (0,2) size 726x20
            RenderTableCell {TD} at (2,2) size 179x20 [border: (1px inset #808080)] [r=0 c=0 rs=1 cs=1]
              RenderText {#text} at (2,2) size 8x16
                text run at (2,2) width 8: "1"
            RenderTableCell {TD} at (183,2) size 539x20 [border: (1px inset #808080)] [r=0 c=1 rs=1 cs=1]
              RenderText {#text} at (2,2) size 427x16
                text run at (2,2) width 427: "HelloHelloHelloHelloHelloHelloHelloHelloHelloHelloHelloHello"
          RenderTableRow {TR} at (0,24) size 726x20
            RenderTableCell {TD} at (2,24) size 722x20 [border: (1px inset #808080)] [r=1 c=0 rs=1 cs=3]
              RenderText {#text} at (2,2) size 8x16
                text run at (2,2) width 8: "3"
