layer at (0,0) size 800x600
  RenderView at (0,0) size 800x600
layer at (0,0) size 800x600
  RenderBlock {HTML} at (0,0) size 800x600
    RenderBody {BODY} at (8,8) size 784x584 [bgcolor=#FFFFFF]
      RenderTable {TABLE} at (0,0) size 784x114 [border: (1px outset #808080)]
        RenderTableSection {TBODY} at (1,1) size 782x112
          RenderTableRow {TR} at (0,2) size 782x20
            RenderTableCell {TD} at (2,2) size 77x20 [border: (1px inset #808080)] [r=0 c=0 rs=1 cs=1]
              RenderText {#text} at (2,2) size 30x16
                text run at (2,2) width 30: "10%"
            RenderTableCell {TD} at (81,2) size 699x20 [border: (1px inset #808080)] [r=0 c=1 rs=1 cs=5]
              RenderText {#text} at (2,2) size 95x16
                text run at (2,2) width 95: "90% colspan 5"
          RenderTableRow {TR} at (0,24) size 782x20
            RenderTableCell {TD} at (2,24) size 233x20 [border: (1px inset #808080)] [r=1 c=0 rs=1 cs=2]
              RenderText {#text} at (2,2) size 95x16
                text run at (2,2) width 95: "30% colspan 2"
            RenderTableCell {TD} at (237,24) size 388x20 [border: (1px inset #808080)] [r=1 c=2 rs=1 cs=3]
              RenderText {#text} at (2,2) size 95x16
                text run at (2,2) width 95: "50% colspan 3"
            RenderTableCell {TD} at (627,24) size 153x20 [border: (1px inset #808080)] [r=1 c=5 rs=1 cs=1]
              RenderText {#text} at (2,2) size 30x16
                text run at (2,2) width 30: "20%"
          RenderTableRow {TR} at (0,46) size 782x20
            RenderTableCell {TD} at (2,46) size 312x20 [border: (1px inset #808080)] [r=2 c=0 rs=1 cs=3]
              RenderText {#text} at (2,2) size 95x16
                text run at (2,2) width 95: "40% colspan 3"
            RenderTableCell {TD} at (316,46) size 309x20 [border: (1px inset #808080)] [r=2 c=3 rs=1 cs=2]
              RenderText {#text} at (2,2) size 95x16
                text run at (2,2) width 95: "40% colspan 2"
            RenderTableCell {TD} at (627,46) size 153x20 [border: (1px inset #808080)] [r=2 c=5 rs=1 cs=1]
              RenderText {#text} at (2,2) size 30x16
                text run at (2,2) width 30: "20%"
          RenderTableRow {TR} at (0,68) size 782x20
            RenderTableCell {TD} at (2,68) size 545x20 [border: (1px inset #808080)] [r=3 c=0 rs=1 cs=4]
              RenderText {#text} at (2,2) size 95x16
                text run at (2,2) width 95: "70% colspan 4"
            RenderTableCell {TD} at (549,68) size 76x20 [border: (1px inset #808080)] [r=3 c=4 rs=1 cs=1]
              RenderText {#text} at (2,2) size 30x16
                text run at (2,2) width 30: "10%"
            RenderTableCell {TD} at (627,68) size 153x20 [border: (1px inset #808080)] [r=3 c=5 rs=1 cs=1]
              RenderText {#text} at (2,2) size 30x16
                text run at (2,2) width 30: "20%"
          RenderTableRow {TR} at (0,90) size 782x20
            RenderTableCell {TD} at (2,90) size 623x20 [border: (1px inset #808080)] [r=4 c=0 rs=1 cs=5]
              RenderText {#text} at (2,2) size 95x16
                text run at (2,2) width 95: "80% colspan 5"
            RenderTableCell {TD} at (627,90) size 153x20 [border: (1px inset #808080)] [r=4 c=5 rs=1 cs=1]
              RenderText {#text} at (2,2) size 30x16
                text run at (2,2) width 30: "20%"
