layer at (0,0) size 800x600
  RenderView at (0,0) size 800x600
layer at (0,0) size 800x600
  RenderBlock {HTML} at (0,0) size 800x600
    RenderBody {BODY} at (8,8) size 784x584
      RenderTable {TABLE} at (0,0) size 784x48 [border: (1px outset #808080)]
        RenderTableSection {TBODY} at (1,1) size 782x46
          RenderTableRow {TR} at (0,2) size 782x20
            RenderTableCell {TD} at (2,2) size 778x20 [border: (1px inset #808080)] [r=0 c=0 rs=1 cs=2]
              RenderText {#text} at (2,2) size 12x16
                text run at (2,2) width 12: "A"
          RenderTableRow {TR} at (0,24) size 782x20
            RenderTableCell {TD} at (2,32) size 15x4 [border: (1px inset #808080)] [r=1 c=0 rs=1 cs=1]
            RenderTableCell {TD} at (19,24) size 761x20 [border: (1px inset #808080)] [r=1 c=1 rs=1 cs=1]
              RenderText {#text} at (2,2) size 200x16
                text run at (2,2) width 200: "This text is invariably wrapped"
