layer at (0,0) size 942x600
  RenderView at (0,0) size 800x600
layer at (0,0) size 800x600
  RenderBlock {HTML} at (0,0) size 800x600
    RenderBody {BODY} at (0,0) size 800x600 [color=#FFFF00] [bgcolor=#000000]
      RenderBlock {P} at (40,40) size 720x16
        RenderInline {B} at (0,0) size 289x16
          RenderText {#text} at (0,0) size 289x16
            text run at (0,0) width 289: "All cell borders should look the same."
      RenderTable {TABLE} at (40,72) size 902x166 [border: (1px outset #808080)]
        RenderTableCol {COLGROUP} at (0,0) size 0x0
          RenderTableCol {COL} at (0,0) size 0x0
        RenderTableSection {TBODY} at (1,1) size 900x164
          RenderTableRow {TR} at (0,0) size 900x18
            RenderTableCell {TD} at (0,0) size 900x18 [color=#00FF00] [bgcolor=#000000] [border: (1px inset #808080)] [r=0 c=0 rs=1 cs=3]
              RenderBlock {P} at (1,1) size 898x16
                RenderText {#text} at (375,0) size 148x16
                  text run at (375,0) width 148: "look at cell borders..."
          RenderTableRow {TR} at (0,18) size 900x146
            RenderTableCell {TD} at (0,130) size 300x34 [color=#00FF00] [bgcolor=#000000] [border: (1px inset #808080)] [r=1 c=0 rs=1 cs=1]
              RenderBlock {P} at (1,1) size 298x32
                RenderText {#text} at (125,0) size 48x16
                  text run at (125,0) width 48: "border"
                RenderBR {BR} at (172,12) size 1x0
                RenderText {#text} at (120,16) size 58x16
                  text run at (120,16) width 58: "bottom?"
            RenderTableCell {TD} at (300,18) size 300x146 [color=#00FF00] [bgcolor=#000000] [border: (1px inset #808080)] [r=1 c=1 rs=1 cs=1]
              RenderBlock {P} at (1,1) size 298x144
                RenderText {#text} at (122,0) size 54x16
                  text run at (122,0) width 54: "this cell"
                RenderBR {BR} at (175,12) size 1x0
                RenderText {#text} at (125,16) size 48x16
                  text run at (125,16) width 48: "border"
                RenderBR {BR} at (172,28) size 1x0
                RenderText {#text} at (136,32) size 26x16
                  text run at (136,32) width 26: "fine"
                RenderBR {BR} at (161,44) size 1x0
                RenderText {#text} at (122,48) size 54x16
                  text run at (122,48) width 54: "this cell"
                RenderBR {BR} at (175,60) size 1x0
                RenderText {#text} at (125,64) size 48x16
                  text run at (125,64) width 48: "border"
                RenderBR {BR} at (172,76) size 1x0
                RenderText {#text} at (136,80) size 26x16
                  text run at (136,80) width 26: "fine"
                RenderBR {BR} at (161,92) size 1x0
                RenderText {#text} at (122,96) size 54x16
                  text run at (122,96) width 54: "this cell"
                RenderBR {BR} at (175,108) size 1x0
                RenderText {#text} at (125,112) size 48x16
                  text run at (125,112) width 48: "border"
                RenderBR {BR} at (172,124) size 1x0
                RenderText {#text} at (136,128) size 26x16
                  text run at (136,128) width 26: "fine"
            RenderTableCell {TD} at (600,18) size 300x146 [color=#00FF00] [bgcolor=#000000] [border: (1px inset #808080)] [r=1 c=2 rs=1 cs=1]
              RenderBlock {P} at (1,1) size 298x144
                RenderText {#text} at (122,0) size 54x16
                  text run at (122,0) width 54: "this cell"
                RenderBR {BR} at (175,12) size 1x0
                RenderText {#text} at (125,16) size 48x16
                  text run at (125,16) width 48: "border"
                RenderBR {BR} at (172,28) size 1x0
                RenderText {#text} at (136,32) size 26x16
                  text run at (136,32) width 26: "fine"
                RenderBR {BR} at (161,44) size 1x0
                RenderText {#text} at (122,48) size 54x16
                  text run at (122,48) width 54: "this cell"
                RenderBR {BR} at (175,60) size 1x0
                RenderText {#text} at (125,64) size 48x16
                  text run at (125,64) width 48: "border"
                RenderBR {BR} at (172,76) size 1x0
                RenderText {#text} at (136,80) size 26x16
                  text run at (136,80) width 26: "fine"
                RenderBR {BR} at (161,92) size 1x0
                RenderText {#text} at (122,96) size 54x16
                  text run at (122,96) width 54: "this cell"
                RenderBR {BR} at (175,108) size 1x0
                RenderText {#text} at (125,112) size 48x16
                  text run at (125,112) width 48: "border"
                RenderBR {BR} at (172,124) size 1x0
                RenderText {#text} at (136,128) size 26x16
                  text run at (136,128) width 26: "fine"
