layer at (0,0) size 800x600
  RenderView at (0,0) size 800x600
layer at (0,0) size 800x600
  RenderBlock {HTML} at (0,0) size 800x600
    RenderBody {BODY} at (8,8) size 784x584
      RenderBlock (anonymous) at (0,0) size 784x0
        RenderInline {FONT} at (0,0) size 0x0
      RenderTable {TABLE} at (0,0) size 115x42 [border: (1px outset #808080)]
        RenderBlock {CAPTION} at (0,0) size 115x16
          RenderText {#text} at (34,0) size 47x16
            text run at (34,0) width 47: "TEST1"
        RenderTableSection {TBODY} at (1,17) size 113x24
          RenderTableRow {TR} at (0,2) size 113x20
            RenderTableCell {TD} at (2,2) size 109x20 [border: (1px inset #808080)] [r=0 c=0 rs=1 cs=1]
              RenderText {#text} at (2,2) size 105x16
                text run at (2,2) width 105: "TABLE TEXT1"
      RenderBlock (anonymous) at (0,42) size 784x16
        RenderInline {FONT} at (0,0) size 47x16
          RenderText {#text} at (0,0) size 47x16
            text run at (0,0) width 47: "TEST2"
      RenderTable {TABLE} at (0,58) size 115x26 [border: (1px outset #808080)]
        RenderTableSection {TBODY} at (1,1) size 113x24
          RenderTableRow {TR} at (0,2) size 113x20
            RenderTableCell {TD} at (2,2) size 109x20 [border: (1px inset #808080)] [r=0 c=0 rs=1 cs=1]
              RenderText {#text} at (2,2) size 105x16
                text run at (2,2) width 105: "TABLE TEXT2"
      RenderTable {TABLE} at (0,84) size 115x42 [border: (1px outset #808080)]
        RenderBlock {CAPTION} at (0,0) size 115x16
          RenderText {#text} at (34,0) size 47x16
            text run at (34,0) width 47: "TEST3"
        RenderTableSection {TBODY} at (1,17) size 113x24
          RenderTableRow {TR} at (0,2) size 113x20
            RenderTableCell {TD} at (2,2) size 109x20 [border: (1px inset #808080)] [r=0 c=0 rs=1 cs=1]
              RenderText {#text} at (2,2) size 105x16
                text run at (2,2) width 105: "TABLE TEXT3"
