layer at (0,0) size 800x600
  RenderView at (0,0) size 800x600
layer at (0,0) size 800x570
  RenderBlock {HTML} at (0,0) size 800x570
    RenderBody {BODY} at (8,8) size 784x554 [bgcolor=#FFFFFF]
      RenderTable {TABLE} at (0,0) size 308x48 [border: (1px outset #808080)]
        RenderTableCol {COLGROUP} at (0,0) size 0x0
          RenderTableCol {COL} at (0,0) size 0x0
          RenderTableCol {COL} at (0,0) size 0x0
        RenderTableSection {TBODY} at (1,1) size 306x46
          RenderTableRow {TR} at (0,2) size 306x20
          RenderTableRow {TR} at (0,24) size 306x20
      RenderTable {TABLE} at (0,48) size 308x48 [border: (1px outset #808080)]
        RenderTableCol {COLGROUP} at (0,0) size 0x0
          RenderTableCol {COL} at (0,0) size 0x0
          RenderTableCol {COL} at (0,0) size 0x0
        RenderTableSection {TBODY} at (1,1) size 306x46
          RenderTableRow {TR} at (0,2) size 306x20
          RenderTableRow {TR} at (0,24) size 306x20
      RenderTable {TABLE} at (0,96) size 300x48 [border: (1px outset #808080)]
        RenderTableSection {TBODY} at (1,1) size 298x46
          RenderTableRow {TR} at (0,2) size 298x20
          RenderTableRow {TR} at (0,24) size 298x20
      RenderTable {TABLE} at (0,144) size 300x48 [border: (1px outset #808080)]
        RenderTableSection {TBODY} at (1,1) size 298x46
          RenderTableRow {TR} at (0,2) size 298x20
          RenderTableRow {TR} at (0,24) size 298x20
      RenderTable {TABLE} at (0,192) size 300x50 [border: (1px outset #808080)]
        RenderTableSection {TBODY} at (1,1) size 298x48
          RenderTableRow {TR} at (0,2) size 298x22
          RenderTableRow {TR} at (0,26) size 298x20
      RenderTable {TABLE} at (0,242) size 300x50 [border: (1px outset #808080)]
        RenderTableSection {TBODY} at (1,1) size 298x48
          RenderTableRow {TR} at (0,2) size 298x22
          RenderTableRow {TR} at (0,26) size 298x20
      RenderTable {TABLE} at (0,292) size 300x90 [border: (1px outset #808080)]
        RenderTableSection {TBODY} at (1,1) size 298x88
          RenderTableRow {TR} at (0,2) size 298x44
          RenderTableRow {TR} at (0,48) size 298x38
      RenderTable {TABLE} at (0,468) size 300x86 [border: (1px outset #808080)]
        RenderTableSection {TBODY} at (1,1) size 298x84
          RenderTableRow {TR} at (0,2) size 298x58
          RenderTableRow {TR} at (0,62) size 298x20
layer at (11,11) size 200x20 clip at (12,12) size 198x18
  RenderTableCell {TD} at (2,2) size 200x20 [bgcolor=#0000FF] [border: (1px inset #808080)] [r=0 c=0 rs=1 cs=1]
    RenderText {#text} at (2,2) size 4x16
      text run at (2,2) width 4: " "
layer at (213,11) size 100x20 clip at (214,12) size 98x18
  RenderTableCell {TD} at (204,2) size 100x20 [bgcolor=#0000FF] [border: (1px inset #808080)] [r=0 c=1 rs=1 cs=1]
    RenderText {#text} at (2,2) size 4x16
      text run at (2,2) width 4: " "
layer at (11,33) size 200x20 clip at (12,34) size 198x18
  RenderTableCell {TD} at (2,24) size 200x20 [bgcolor=#0000FF] [border: (1px inset #808080)] [r=1 c=0 rs=1 cs=1]
    RenderText {#text} at (2,2) size 4x16
      text run at (2,2) width 4: " "
layer at (213,33) size 100x20 clip at (214,34) size 98x18
  RenderTableCell {TD} at (204,24) size 100x20 [bgcolor=#0000FF] [border: (1px inset #808080)] [r=1 c=1 rs=1 cs=1]
    RenderText {#text} at (2,2) size 4x16
      text run at (2,2) width 4: " "
layer at (11,59) size 200x20 clip at (12,60) size 198x18
  RenderTableCell {TD} at (2,2) size 200x20 [bgcolor=#0000FF] [border: (1px inset #808080)] [r=0 c=0 rs=1 cs=1]
    RenderText {#text} at (2,2) size 4x16
      text run at (2,2) width 4: " "
layer at (213,59) size 100x20 clip at (214,60) size 98x18
  RenderTableCell {TD} at (204,2) size 100x20 [bgcolor=#0000FF] [border: (1px inset #808080)] [r=0 c=1 rs=1 cs=1]
    RenderText {#text} at (2,2) size 4x16
      text run at (2,2) width 4: " "
layer at (11,81) size 200x20 clip at (12,82) size 198x18
  RenderTableCell {TD} at (2,24) size 200x20 [bgcolor=#0000FF] [border: (1px inset #808080)] [r=1 c=0 rs=1 cs=1]
    RenderText {#text} at (2,2) size 4x16
      text run at (2,2) width 4: " "
layer at (213,81) size 100x20 clip at (214,82) size 98x18
  RenderTableCell {TD} at (204,24) size 100x20 [bgcolor=#0000FF] [border: (1px inset #808080)] [r=1 c=1 rs=1 cs=1]
    RenderText {#text} at (2,2) size 4x16
      text run at (2,2) width 4: " "
layer at (11,107) size 233x20 clip at (12,108) size 231x18
  RenderTableCell {TD} at (2,2) size 233x20 [bgcolor=#0000FF] [border: (1px inset #808080)] [r=0 c=0 rs=1 cs=1]
    RenderText {#text} at (2,2) size 4x16
      text run at (2,2) width 4: " "
layer at (246,107) size 59x20 clip at (247,108) size 57x18
  RenderTableCell {TD} at (237,2) size 59x20 [bgcolor=#0000FF] [border: (1px inset #808080)] [r=0 c=1 rs=1 cs=1]
    RenderText {#text} at (2,2) size 4x16
      text run at (2,2) width 4: " "
layer at (11,129) size 233x20 clip at (12,130) size 231x18
  RenderTableCell {TD} at (2,24) size 233x20 [bgcolor=#0000FF] [border: (1px inset #808080)] [r=1 c=0 rs=1 cs=1]
    RenderText {#text} at (2,2) size 4x16
      text run at (2,2) width 4: " "
layer at (246,129) size 59x20 clip at (247,130) size 57x18
  RenderTableCell {TD} at (237,24) size 59x20 [bgcolor=#0000FF] [border: (1px inset #808080)] [r=1 c=1 rs=1 cs=1]
    RenderText {#text} at (2,2) size 4x16
      text run at (2,2) width 4: " "
layer at (11,155) size 154x20 clip at (12,156) size 152x18
  RenderTableCell {TD} at (2,2) size 154x20 [bgcolor=#0000FF] [border: (1px inset #808080)] [r=0 c=0 rs=1 cs=1]
    RenderText {#text} at (2,2) size 4x16
      text run at (2,2) width 4: " "
layer at (167,155) size 138x20 clip at (168,156) size 136x18
  RenderTableCell {TD} at (158,2) size 138x20 [bgcolor=#0000FF] [border: (1px inset #808080)] [r=0 c=1 rs=1 cs=1]
    RenderText {#text} at (2,2) size 4x16
      text run at (2,2) width 4: " "
layer at (11,177) size 154x20 clip at (12,178) size 152x18
  RenderTableCell {TD} at (2,24) size 154x20 [bgcolor=#0000FF] [border: (1px inset #808080)] [r=1 c=0 rs=1 cs=1]
    RenderText {#text} at (2,2) size 4x16
      text run at (2,2) width 4: " "
layer at (167,177) size 138x20 clip at (168,178) size 136x18
  RenderTableCell {TD} at (158,24) size 138x20 [bgcolor=#0000FF] [border: (1px inset #808080)] [r=1 c=1 rs=1 cs=1]
    RenderText {#text} at (2,2) size 4x16
      text run at (2,2) width 4: " "
layer at (11,203) size 154x22 clip at (12,204) size 152x20 scrollWidth 201
  RenderTableCell {TD} at (2,2) size 154x22 [bgcolor=#0000FF] [border: (1px inset #808080)] [r=0 c=0 rs=1 cs=1]
    RenderBlock {FORM} at (2,2) size 150x18
      RenderButton {BUTTON} at (0,0) size 200x18 [bgcolor=#C0C0C0] [border: none (2px outset #C0C0C0) none (2px outset #C0C0C0)]
        RenderBlock (anonymous) at (8,2) size 184x13
          RenderText {#text} at (74,0) size 36x13
            text run at (74,0) width 36: "button"
layer at (167,203) size 138x22 clip at (168,204) size 136x20
  RenderTableCell {TD} at (158,3) size 138x20 [bgcolor=#0000FF] [border: (1px inset #808080)] [r=0 c=1 rs=1 cs=1]
    RenderText {#text} at (2,2) size 4x16
      text run at (2,2) width 4: " "
layer at (11,227) size 154x20 clip at (12,228) size 152x18
  RenderTableCell {TD} at (2,26) size 154x20 [bgcolor=#0000FF] [border: (1px inset #808080)] [r=1 c=0 rs=1 cs=1]
    RenderText {#text} at (2,2) size 4x16
      text run at (2,2) width 4: " "
layer at (167,227) size 138x20 clip at (168,228) size 136x18
  RenderTableCell {TD} at (158,26) size 138x20 [bgcolor=#0000FF] [border: (1px inset #808080)] [r=1 c=1 rs=1 cs=1]
    RenderText {#text} at (2,2) size 4x16
      text run at (2,2) width 4: " "
layer at (11,253) size 280x22 clip at (12,254) size 278x20
  RenderTableCell {TD} at (2,2) size 280x22 [bgcolor=#0000FF] [border: (1px inset #808080)] [r=0 c=0 rs=1 cs=1]
    RenderBlock {FORM} at (2,2) size 276x18
      RenderButton {BUTTON} at (0,0) size 200x18 [bgcolor=#C0C0C0] [border: none (2px outset #C0C0C0) none (2px outset #C0C0C0)]
        RenderBlock (anonymous) at (8,2) size 184x13
          RenderText {#text} at (74,0) size 36x13
            text run at (74,0) width 36: "button"
layer at (293,253) size 12x22 clip at (294,254) size 10x20
  RenderTableCell {TD} at (284,3) size 12x20 [bgcolor=#0000FF] [border: (1px inset #808080)] [r=0 c=1 rs=1 cs=1]
    RenderText {#text} at (2,2) size 4x16
      text run at (2,2) width 4: " "
layer at (11,277) size 280x20 clip at (12,278) size 278x18
  RenderTableCell {TD} at (2,26) size 280x20 [bgcolor=#0000FF] [border: (1px inset #808080)] [r=1 c=0 rs=1 cs=1]
    RenderText {#text} at (2,2) size 4x16
      text run at (2,2) width 4: " "
layer at (293,277) size 12x20 clip at (294,278) size 10x18
  RenderTableCell {TD} at (284,26) size 12x20 [bgcolor=#0000FF] [border: (1px inset #808080)] [r=1 c=1 rs=1 cs=1]
    RenderText {#text} at (2,2) size 4x16
      text run at (2,2) width 4: " "
layer at (11,303) size 172x44 clip at (12,304) size 170x42 scrollWidth 216
  RenderTableCell {TD} at (2,2) size 172x44 [bgcolor=#0000FF] [border: (1px inset #808080)] [r=0 c=0 rs=1 cs=1]
    RenderBlock {DIV} at (11,11) size 206x22 [border: (3px solid #000000)]
      RenderText {#text} at (3,3) size 21x16
        text run at (3,3) width 21: "div"
layer at (185,303) size 120x44 clip at (186,304) size 118x42
  RenderTableCell {TD} at (176,5) size 120x38 [bgcolor=#0000FF] [border: (1px inset #808080)] [r=0 c=1 rs=1 cs=1]
    RenderText {#text} at (11,11) size 4x16
      text run at (11,11) width 4: " "
layer at (11,349) size 172x38 clip at (12,350) size 170x36
  RenderTableCell {TD} at (2,48) size 172x38 [bgcolor=#0000FF] [border: (1px inset #808080)] [r=1 c=0 rs=1 cs=1]
    RenderText {#text} at (11,11) size 4x16
      text run at (11,11) width 4: " "
layer at (185,349) size 120x38 clip at (186,350) size 118x36
  RenderTableCell {TD} at (176,48) size 120x38 [bgcolor=#0000FF] [border: (1px inset #808080)] [r=1 c=1 rs=1 cs=1]
    RenderText {#text} at (11,11) size 4x16
      text run at (11,11) width 4: " "
layer at (8,390) size 300x86 clip at (9,391) size 298x84
  RenderTable {TABLE} at (0,382) size 300x86 [border: (1px outset #808080)]
    RenderTableSection {TBODY} at (1,1) size 298x84
      RenderTableRow {TR} at (0,2) size 298x58
      RenderTableRow {TR} at (0,62) size 298x20
layer at (11,393) size 154x58 clip at (12,394) size 152x56 scrollWidth 207
  RenderTableCell {TD} at (2,2) size 154x58 [bgcolor=#0000FF] [border: (1px inset #808080)] [r=0 c=0 rs=1 cs=1]
    RenderBlock {P} at (2,18) size 206x22 [border: (3px solid #000000)]
      RenderText {#text} at (3,3) size 28x16
        text run at (3,3) width 28: "para"
layer at (167,393) size 138x58 clip at (168,394) size 136x56
  RenderTableCell {TD} at (158,21) size 138x20 [bgcolor=#0000FF] [border: (1px inset #808080)] [r=0 c=1 rs=1 cs=1]
    RenderText {#text} at (2,2) size 4x16
      text run at (2,2) width 4: " "
layer at (11,453) size 154x20 clip at (12,454) size 152x18
  RenderTableCell {TD} at (2,62) size 154x20 [bgcolor=#0000FF] [border: (1px inset #808080)] [r=1 c=0 rs=1 cs=1]
    RenderText {#text} at (2,2) size 4x16
      text run at (2,2) width 4: " "
layer at (167,453) size 138x20 clip at (168,454) size 136x18
  RenderTableCell {TD} at (158,62) size 138x20 [bgcolor=#0000FF] [border: (1px inset #808080)] [r=1 c=1 rs=1 cs=1]
    RenderText {#text} at (2,2) size 4x16
      text run at (2,2) width 4: " "
layer at (11,479) size 254x58 clip at (12,480) size 252x56
  RenderTableCell {TD} at (2,2) size 254x58 [bgcolor=#0000FF] [border: (1px inset #808080)] [r=0 c=0 rs=1 cs=1]
    RenderBlock {P} at (2,18) size 206x22 [border: (3px solid #000000)]
      RenderText {#text} at (3,3) size 28x16
        text run at (3,3) width 28: "para"
layer at (267,479) size 38x58 clip at (268,480) size 36x56
  RenderTableCell {TD} at (258,21) size 38x20 [bgcolor=#0000FF] [border: (1px inset #808080)] [r=0 c=1 rs=1 cs=1]
    RenderText {#text} at (2,2) size 4x16
      text run at (2,2) width 4: " "
layer at (11,539) size 254x20 clip at (12,540) size 252x18
  RenderTableCell {TD} at (2,62) size 254x20 [bgcolor=#0000FF] [border: (1px inset #808080)] [r=1 c=0 rs=1 cs=1]
    RenderText {#text} at (2,2) size 4x16
      text run at (2,2) width 4: " "
layer at (267,539) size 38x20 clip at (268,540) size 36x18
  RenderTableCell {TD} at (258,62) size 38x20 [bgcolor=#0000FF] [border: (1px inset #808080)] [r=1 c=1 rs=1 cs=1]
    RenderText {#text} at (2,2) size 4x16
      text run at (2,2) width 4: " "
