layer at (0,0) size 800x600
  RenderView at (0,0) size 800x600
layer at (0,0) size 800x600
  RenderBlock {HTML} at (0,0) size 800x600
    RenderBody {BODY} at (8,8) size 784x576
      RenderBlock (anonymous) at (0,0) size 784x16
        RenderText {#text} at (0,0) size 270x16
          text run at (0,0) width 270: "The select should not contain blank items "
        RenderBR {BR} at (269,12) size 1x0
      RenderBlock {FORM} at (0,16) size 784x19
        RenderInline {B} at (0,0) size 48x16
          RenderText {#text} at (0,2) size 48x16
            text run at (0,2) width 48: "Search"
        RenderText {#text} at (47,2) size 5x16
          text run at (47,2) width 5: " "
        RenderTextControl {INPUT} at (51.09,0) size 113x19 [bgcolor=#FFFFFF] [border: (2px inset #EEEEEE)]
        RenderText {#text} at (164,2) size 5x16
          text run at (164,2) width 5: " "
        RenderMenuList {SELECT} at (168.09,1) size 77x18 [bgcolor=#F8F8F8]
          RenderBlock (anonymous) at (0,0) size 77x18
            RenderText at (8,2) size 32x13
              text run at (8,2) width 32: "Excite"
        RenderText {#text} at (0,0) size 0x0
      RenderBlock (anonymous) at (0,51) size 784x32
        RenderBR {BR} at (0,0) size 0x16
        RenderText {#text} at (0,16) size 270x16
          text run at (0,16) width 270: "The select should not contain blank items "
        RenderBR {BR} at (269,28) size 1x0
      RenderBlock {FORM} at (0,83) size 784x18
        RenderMenuList {SELECT} at (0,0) size 230x18 [bgcolor=#F8F8F8]
          RenderBlock (anonymous) at (0,0) size 230x18
            RenderText at (8,2) size 57x13
              text run at (8,2) width 57: "Quick Link"
layer at (62,27) size 107x13
  RenderBlock {DIV} at (3,3) size 107x13
