layer at (0,0) size 800x600
  RenderView at (0,0) size 800x600
layer at (0,0) size 800x600
  RenderBlock {HTML} at (0,0) size 800x600
    RenderBody {BODY} at (8,8) size 784x584
      RenderTable {TABLE} at (0,0) size 203x108 [border: (1px outset #808080)]
        RenderBlock {CAPTION} at (0,0) size 203x16
          RenderInline {EM} at (0,0) size 189x16
            RenderText {#text} at (7,0) size 189x16
              text run at (7,0) width 189: "A test table with merged cells"
        RenderTableSection {TBODY} at (1,17) size 201x90
          RenderTableRow {TR} at (0,2) size 201x20
            RenderTableCell {TH} at (139,21) size 60x4 [border: (1px inset #808080)] [r=0 c=0 rs=2 cs=1]
            RenderTableCell {TH} at (38,2) size 99x20 [border: (1px inset #808080)] [r=0 c=1 rs=1 cs=2]
              RenderText {#text} at (21,2) size 57x16
                text run at (21,2) width 57: "Average"
            RenderTableCell {TH} at (2,5) size 34x36 [border: (1px inset #808080)] [r=0 c=3 rs=2 cs=1]
              RenderText {#text} at (3,2) size 28x16
                text run at (3,2) width 28: "Red"
              RenderBR {BR} at (3,14) size 1x0
              RenderText {#text} at (2,18) size 30x16
                text run at (2,18) width 30: "eyes"
          RenderTableRow {TR} at (0,24) size 201x20
            RenderTableCell {TH} at (90,24) size 47x20 [border: (1px inset #808080)] [r=1 c=1 rs=1 cs=1]
              RenderText {#text} at (2,2) size 43x16
                text run at (2,2) width 43: "height"
            RenderTableCell {TH} at (38,24) size 50x20 [border: (1px inset #808080)] [r=1 c=2 rs=1 cs=1]
              RenderText {#text} at (2,2) size 46x16
                text run at (2,2) width 46: "weight"
          RenderTableRow {TR} at (0,46) size 201x20
            RenderTableCell {TH} at (139,46) size 60x20 [border: (1px inset #808080)] [r=2 c=0 rs=1 cs=1]
              RenderText {#text} at (9,2) size 42x16
                text run at (9,2) width 42: "Males"
            RenderTableCell {TD} at (90,46) size 47x20 [border: (1px inset #808080)] [r=2 c=1 rs=1 cs=1]
              RenderText {#text} at (25,2) size 20x16
                text run at (25,2) width 20: "1.9"
            RenderTableCell {TD} at (38,46) size 50x20 [border: (1px inset #808080)] [r=2 c=2 rs=1 cs=1]
              RenderText {#text} at (12,2) size 36x16
                text run at (12,2) width 36: "0.003"
            RenderTableCell {TD} at (2,46) size 34x20 [border: (1px inset #808080)] [r=2 c=3 rs=1 cs=1]
              RenderText {#text} at (2,2) size 30x16
                text run at (2,2) width 30: "40%"
          RenderTableRow {TR} at (0,68) size 201x20
            RenderTableCell {TH} at (139,68) size 60x20 [border: (1px inset #808080)] [r=3 c=0 rs=1 cs=1]
              RenderText {#text} at (2,2) size 56x16
                text run at (2,2) width 56: "Females"
            RenderTableCell {TD} at (90,68) size 47x20 [border: (1px inset #808080)] [r=3 c=1 rs=1 cs=1]
              RenderText {#text} at (25,2) size 20x16
                text run at (25,2) width 20: "1.7"
            RenderTableCell {TD} at (38,68) size 50x20 [border: (1px inset #808080)] [r=3 c=2 rs=1 cs=1]
              RenderText {#text} at (12,2) size 36x16
                text run at (12,2) width 36: "0.002"
            RenderTableCell {TD} at (2,68) size 34x20 [border: (1px inset #808080)] [r=3 c=3 rs=1 cs=1]
              RenderText {#text} at (2,2) size 30x16
                text run at (2,2) width 30: "43%"
