layer at (0,0) size 800x600
  RenderView at (0,0) size 800x600
layer at (0,0) size 800x272
  RenderBlock {HTML} at (0,0) size 800x272
    RenderBody {BODY} at (8,8) size 784x256 [bgcolor=#FFFFFF]
      RenderTable {TABLE} at (0,0) size 176x256
        RenderTableSection {TBODY} at (0,0) size 176x256
          RenderTableRow {TR} at (0,0) size 176x32
            RenderTableCell {TD} at (0,0) size 44x32 [border: (1px solid #000000)] [r=0 c=0 rs=1 cs=1]
              RenderText {#text} at (8,8) size 28x16
                text run at (8,8) width 28: "blah"
            RenderTableCell {TD} at (44,0) size 44x32 [border: (1px solid #000000)] [r=0 c=1 rs=1 cs=1]
              RenderText {#text} at (8,8) size 28x16
                text run at (8,8) width 28: "blah"
            RenderTableCell {TD} at (88,0) size 44x32 [border: (1px solid #000000)] [r=0 c=2 rs=1 cs=1]
              RenderText {#text} at (8,8) size 28x16
                text run at (8,8) width 28: "blah"
            RenderTableCell {TD} at (132,0) size 44x32 [border: (1px solid #000000)] [r=0 c=3 rs=1 cs=1]
              RenderText {#text} at (8,8) size 28x16
                text run at (8,8) width 28: "blah"
          RenderTableRow {TR} at (0,32) size 176x32
            RenderTableCell {TD} at (0,32) size 44x32 [border: (1px solid #000000)] [r=1 c=0 rs=1 cs=1]
              RenderText {#text} at (8,8) size 28x16
                text run at (8,8) width 28: "blah"
            RenderTableCell {TD} at (44,32) size 44x32 [border: (1px solid #000000)] [r=1 c=1 rs=1 cs=1]
              RenderText {#text} at (8,8) size 28x16
                text run at (8,8) width 28: "blah"
            RenderTableCell {TD} at (88,32) size 44x32 [border: (1px solid #000000)] [r=1 c=2 rs=1 cs=1]
              RenderText {#text} at (8,8) size 28x16
                text run at (8,8) width 28: "blah"
            RenderTableCell {TD} at (132,32) size 44x32 [border: (1px solid #000000)] [r=1 c=3 rs=1 cs=1]
              RenderText {#text} at (8,8) size 28x16
                text run at (8,8) width 28: "blah"
          RenderTableRow {TR} at (0,64) size 176x32
            RenderTableCell {TD} at (0,64) size 44x32 [border: (1px solid #000000)] [r=2 c=0 rs=1 cs=1]
              RenderText {#text} at (8,8) size 28x16
                text run at (8,8) width 28: "blah"
            RenderTableCell {TD} at (44,64) size 44x32 [border: (1px solid #000000)] [r=2 c=1 rs=1 cs=1]
              RenderText {#text} at (8,8) size 28x16
                text run at (8,8) width 28: "blah"
            RenderTableCell {TD} at (88,64) size 44x32 [border: (1px solid #000000)] [r=2 c=2 rs=1 cs=1]
              RenderText {#text} at (8,8) size 28x16
                text run at (8,8) width 28: "blah"
            RenderTableCell {TD} at (132,64) size 44x32 [border: (1px solid #000000)] [r=2 c=3 rs=1 cs=1]
              RenderText {#text} at (8,8) size 28x16
                text run at (8,8) width 28: "blah"
          RenderTableRow {TR} at (0,96) size 176x32
            RenderTableCell {TD} at (0,96) size 44x32 [border: (1px solid #000000)] [r=3 c=0 rs=1 cs=1]
              RenderText {#text} at (8,8) size 28x16
                text run at (8,8) width 28: "blah"
            RenderTableCell {TD} at (44,96) size 44x32 [border: (1px solid #000000)] [r=3 c=1 rs=1 cs=1]
              RenderText {#text} at (8,8) size 28x16
                text run at (8,8) width 28: "blah"
            RenderTableCell {TD} at (88,96) size 44x32 [border: (1px solid #000000)] [r=3 c=2 rs=1 cs=1]
              RenderText {#text} at (8,8) size 28x16
                text run at (8,8) width 28: "blah"
            RenderTableCell {TD} at (132,96) size 44x32 [border: (1px solid #000000)] [r=3 c=3 rs=1 cs=1]
              RenderText {#text} at (8,8) size 28x16
                text run at (8,8) width 28: "blah"
          RenderTableRow {TR} at (0,128) size 176x32
            RenderTableCell {TD} at (0,128) size 44x32 [border: (1px solid #000000)] [r=4 c=0 rs=1 cs=1]
              RenderText {#text} at (8,8) size 28x16
                text run at (8,8) width 28: "blah"
            RenderTableCell {TD} at (44,128) size 44x32 [border: (1px solid #000000)] [r=4 c=1 rs=1 cs=1]
              RenderText {#text} at (8,8) size 28x16
                text run at (8,8) width 28: "blah"
            RenderTableCell {TD} at (88,128) size 44x32 [border: (1px solid #000000)] [r=4 c=2 rs=1 cs=1]
              RenderText {#text} at (8,8) size 28x16
                text run at (8,8) width 28: "blah"
            RenderTableCell {TD} at (132,128) size 44x32 [border: (1px solid #000000)] [r=4 c=3 rs=1 cs=1]
              RenderText {#text} at (8,8) size 28x16
                text run at (8,8) width 28: "blah"
          RenderTableRow {TR} at (0,160) size 176x32
            RenderTableCell {TD} at (0,160) size 44x32 [border: (1px solid #000000)] [r=5 c=0 rs=1 cs=1]
              RenderText {#text} at (8,8) size 28x16
                text run at (8,8) width 28: "blah"
            RenderTableCell {TD} at (44,160) size 44x32 [border: (1px solid #000000)] [r=5 c=1 rs=1 cs=1]
              RenderText {#text} at (8,8) size 28x16
                text run at (8,8) width 28: "blah"
            RenderTableCell {TD} at (88,160) size 44x32 [border: (1px solid #000000)] [r=5 c=2 rs=1 cs=1]
              RenderText {#text} at (8,8) size 28x16
                text run at (8,8) width 28: "blah"
            RenderTableCell {TD} at (132,160) size 44x32 [border: (1px solid #000000)] [r=5 c=3 rs=1 cs=1]
              RenderText {#text} at (8,8) size 28x16
                text run at (8,8) width 28: "blah"
          RenderTableRow {TR} at (0,192) size 176x32
            RenderTableCell {TD} at (0,192) size 44x32 [border: (1px solid #000000)] [r=6 c=0 rs=1 cs=1]
              RenderText {#text} at (8,8) size 28x16
                text run at (8,8) width 28: "blah"
            RenderTableCell {TD} at (44,192) size 44x32 [border: (1px solid #000000)] [r=6 c=1 rs=1 cs=1]
              RenderText {#text} at (8,8) size 28x16
                text run at (8,8) width 28: "blah"
            RenderTableCell {TD} at (88,192) size 44x32 [border: (1px solid #000000)] [r=6 c=2 rs=1 cs=1]
              RenderText {#text} at (8,8) size 28x16
                text run at (8,8) width 28: "blah"
            RenderTableCell {TD} at (132,192) size 44x32 [border: (1px solid #000000)] [r=6 c=3 rs=1 cs=1]
              RenderText {#text} at (8,8) size 28x16
                text run at (8,8) width 28: "blah"
          RenderTableRow {TR} at (0,224) size 176x32
            RenderTableCell {TD} at (0,224) size 44x32 [border: (1px solid #000000)] [r=7 c=0 rs=1 cs=1]
              RenderText {#text} at (8,8) size 28x16
                text run at (8,8) width 28: "blah"
            RenderTableCell {TD} at (44,224) size 44x32 [border: (1px solid #000000)] [r=7 c=1 rs=1 cs=1]
              RenderText {#text} at (8,8) size 28x16
                text run at (8,8) width 28: "blah"
            RenderTableCell {TD} at (88,224) size 44x32 [border: (1px solid #000000)] [r=7 c=2 rs=1 cs=1]
              RenderText {#text} at (8,8) size 28x16
                text run at (8,8) width 28: "blah"
            RenderTableCell {TD} at (132,224) size 44x32 [border: (1px solid #000000)] [r=7 c=3 rs=1 cs=1]
              RenderText {#text} at (8,8) size 28x16
                text run at (8,8) width 28: "blah"
