layer at (0,0) size 800x600
  RenderView at (0,0) size 800x600
layer at (0,0) size 800x600
  RenderBlock {HTML} at (0,0) size 800x600
    RenderBody {BODY} at (8,8) size 784x576
      RenderBlock (anonymous) at (0,0) size 784x16
        RenderText {#text} at (0,0) size 245x16
          text run at (0,0) width 245: "The tables left position should be 250."
      RenderBlock {P} at (0,32) size 784x19
        RenderText {#text} at (0,2) size 36x16
          text run at (0,2) width 36: "Left: "
        RenderTextControl {INPUT} at (35.09,0) size 123x19 [bgcolor=#FFFFFF] [border: (2px inset #EEEEEE)]
      RenderBlock {P} at (0,67) size 784x19
        RenderText {#text} at (0,2) size 35x16
          text run at (0,2) width 35: "Top: "
        RenderTextControl {INPUT} at (34.22,0) size 123x19 [bgcolor=#FFFFFF] [border: (2px inset #EEEEEE)]
      RenderBlock {P} at (0,102) size 784x18
        RenderButton {INPUT} at (0,0) size 44.06x18 [bgcolor=#C0C0C0]
          RenderBlock (anonymous) at (8,2.50) size 28.06x13
            RenderText {#text} at (0,0) size 29x13
              text run at (0,0) width 29: "Move"
layer at (46,43) size 117x13
  RenderBlock {DIV} at (3,3) size 117x13
    RenderText {#text} at (0,0) size 35x13
      text run at (0,0) width 35: "120px"
layer at (45,78) size 117x13
  RenderBlock {DIV} at (3,3) size 117x13
    RenderText {#text} at (0,0) size 35x13
      text run at (0,0) width 35: "120px"
layer at (250,120) size 30x44
  RenderTable {TABLE} at (250,120) size 30x44 [border: (1px outset #808080)]
    RenderTableSection {TBODY} at (1,1) size 28x42
      RenderTableRow {TR} at (0,2) size 28x18
        RenderTableCell {TD} at (2,2) size 24x18 [border: (1px inset #808080)] [r=0 c=0 rs=1 cs=1]
          RenderText {#text} at (1,1) size 22x16
            text run at (1,1) width 22: "foo"
      RenderTableRow {TR} at (0,22) size 28x18
        RenderTableCell {TD} at (2,22) size 24x18 [border: (1px inset #808080)] [r=1 c=0 rs=1 cs=1]
          RenderText {#text} at (1,1) size 21x16
            text run at (1,1) width 21: "bar"
