layer at (0,0) size 800x600
  RenderView at (0,0) size 800x600
layer at (0,0) size 800x600
  RenderBlock {HTML} at (0,0) size 800x600
    RenderBody {BODY} at (8,8) size 784x584
      RenderTable {TABLE} at (0,0) size 299x31
        RenderTableSection {TBODY} at (0,0) size 299x31
          RenderTableRow {TR} at (0,2) size 299x27
            RenderTableCell {TD} at (2,2) size 295x27 [r=0 c=0 rs=1 cs=1]
              RenderTable {TABLE} at (1,1) size 293x25
                RenderTableSection {TBODY} at (0,0) size 293x25
                  RenderTableRow {TR} at (0,2) size 293x21
                    RenderTableCell {TH} at (2,3) size 62x18 [r=0 c=0 rs=1 cs=1]
                      RenderText {#text} at (1,1) size 60x16
                        text run at (1,1) width 60: "User ID:"
                    RenderTableCell {TD} at (66,2) size 225x21 [r=0 c=1 rs=1 cs=1]
                      RenderTextControl {INPUT} at (1,1) size 223x19 [bgcolor=#FFFFFF] [border: (2px inset #EEEEEE)]
                      RenderText {#text} at (0,0) size 0x0
layer at (81,17) size 217x13
  RenderBlock {DIV} at (3,3) size 217x13
