layer at (0,0) size 800x600
  RenderView at (0,0) size 800x600
layer at (0,0) size 800x102
  RenderBlock {HTML} at (0,0) size 800x102
    RenderBody {BODY} at (8,8) size 784x86
      RenderBlock {FORM} at (0,0) size 784x36
        RenderButton {INPUT} at (0,0) size 256.55x18 [bgcolor=#C0C0C0]
          RenderBlock (anonymous) at (8,2.50) size 240.55x13
            RenderText {#text} at (0,0) size 241x13
              text run at (0,0) width 241: "[Step 1] Set cell width to 60px (nothing seen)"
        RenderButton {INPUT} at (0,18) size 258.58x18 [bgcolor=#C0C0C0]
          RenderBlock (anonymous) at (8,2.50) size 242.58x13
            RenderText {#text} at (0,0) size 243x13
              text run at (0,0) width 243: "[Step 2] Set cell width to 20px (garbage seen)"
      RenderTable {TABLE} at (0,36) size 34x50
        RenderTableSection {TBODY} at (0,0) size 34x50
          RenderTableRow {TR} at (0,2) size 34x22
            RenderTableCell {TD} at (2,2) size 14x22 [border: (2px solid #000000)] [r=0 c=0 rs=1 cs=1]
              RenderText {#text} at (3,3) size 8x16
                text run at (3,3) width 8: "1"
            RenderTableCell {TD} at (18,2) size 14x22 [border: (2px solid #000000)] [r=0 c=1 rs=1 cs=1]
              RenderText {#text} at (3,3) size 8x16
                text run at (3,3) width 8: "2"
          RenderTableRow {TR} at (0,26) size 34x22
            RenderTableCell {TD} at (2,26) size 14x22 [border: (2px solid #000000)] [r=1 c=0 rs=1 cs=1]
              RenderText {#text} at (3,3) size 8x16
                text run at (3,3) width 8: "2"
            RenderTableCell {TD} at (18,26) size 14x22 [border: (2px solid #000000)] [r=1 c=1 rs=1 cs=1]
              RenderText {#text} at (3,3) size 8x16
                text run at (3,3) width 8: "2"
