layer at (0,0) size 785x1132
  RenderView at (0,0) size 785x600
layer at (0,0) size 785x1132
  RenderBlock {HTML} at (0,0) size 785x1132
    RenderBody {BODY} at (8,8) size 769x1116
      RenderTable {TABLE} at (0,0) size 0x1078
      RenderTable {TABLE} at (0,1078) size 104x22
        RenderTableSection {TBODY} at (0,0) size 104x22
          RenderTableRow {TR} at (0,2) size 104x18
            RenderTableCell {TD} at (2,2) size 100x18 [r=0 c=0 rs=1 cs=1]
              RenderText {#text} at (1,1) size 98x16
                text run at (1,1) width 98: "I'm down here!"
      RenderBlock (anonymous) at (0,1100) size 769x16
        RenderText {#text} at (0,0) size 56x16
          text run at (0,0) width 56: "The end."
