layer at (0,0) size 800x600
  RenderView at (0,0) size 800x600
layer at (0,0) size 800x600
  RenderBlock {HTML} at (0,0) size 800x600
    RenderBody {BODY} at (8,8) size 784x584
      RenderTable {TABLE} at (0,0) size 235x262
        RenderTableSection {TBODY} at (0,0) size 235x262
          RenderTableRow {TR} at (0,2) size 235x118
            RenderTableCell {TD} at (2,2) size 231x118 [r=0 c=0 rs=1 cs=1]
              RenderBlock (anonymous) at (1,1) size 229x48
                RenderText {#text} at (0,0) size 229x16
                  text run at (0,0) width 229: "This cell has the nowrap parameter "
                RenderBR {BR} at (228,12) size 1x0
                RenderBR {BR} at (0,16) size 0x16
                RenderText {#text} at (0,32) size 32x16
                  text run at (0,32) width 32: "<hr>"
              RenderBlock {HR} at (1,57) size 229x2 [border: (1px inset #EEEEEE)]
              RenderBlock (anonymous) at (1,67) size 229x32
                RenderBR {BR} at (0,0) size 0x16
                RenderText {#text} at (0,16) size 97x16
                  text run at (0,16) width 97: "<hr width=30>"
              RenderBlock {HR} at (99.50,107) size 32x2 [border: (1px inset #EEEEEE)]
          RenderTableRow {TR} at (0,122) size 235x18
            RenderTableCell {TD} at (2,122) size 231x18 [bgcolor=#CCCCCC] [r=1 c=0 rs=1 cs=1]
              RenderText {#text} at (1,1) size 4x16
                text run at (1,1) width 4: " "
          RenderTableRow {TR} at (0,142) size 235x118
            RenderTableCell {TD} at (2,142) size 231x118 [r=2 c=0 rs=1 cs=1]
              RenderBlock (anonymous) at (1,1) size 229x48
                RenderText {#text} at (0,0) size 109x16
                  text run at (0,0) width 109: "This cell doesn't "
                RenderBR {BR} at (108,12) size 1x0
                RenderBR {BR} at (0,16) size 0x16
                RenderText {#text} at (0,32) size 32x16
                  text run at (0,32) width 32: "<hr>"
              RenderBlock {HR} at (1,57) size 229x2 [border: (1px inset #EEEEEE)]
              RenderBlock (anonymous) at (1,67) size 229x32
                RenderBR {BR} at (0,0) size 0x16
                RenderText {#text} at (0,16) size 97x16
                  text run at (0,16) width 97: "<hr width=30>"
              RenderBlock {HR} at (99.50,107) size 32x2 [border: (1px inset #EEEEEE)]
