layer at (0,0) size 785x662
  RenderView at (0,0) size 785x600
layer at (0,0) size 785x662
  RenderBlock {HTML} at (0,0) size 785x662
    RenderBody {BODY} at (8,8) size 769x646
      RenderTable {TABLE} at (0,0) size 769x646
        RenderTableSection {TBODY} at (0,0) size 769x646
          RenderTableRow {TR} at (0,2) size 769x642
            RenderTableCell {TD} at (2,290) size 727x66 [r=0 c=0 rs=1 cs=1]
              RenderText {#text} at (1,1) size 722x64
                text run at (1,1) width 717: "This is some text to fill a table cell. This is some text to fill a table cell. This is some text to fill a table cell. This"
                text run at (1,17) width 699: "is some text to fill a table cell. This is some text to fill a table cell. This is some text to fill a table cell. This is"
                text run at (1,33) width 722: "some text to fill a table cell. This is some text to fill a table cell. This is some text to fill a table cell. This is some"
                text run at (1,49) width 599: "text to fill a table cell. This is some text to fill a table cell. This is some text to fill a table cell."
            RenderTableCell {TD} at (731,2) size 36x642 [r=0 c=1 rs=1 cs=1]
              RenderText {#text} at (1,1) size 34x640
                text run at (1,1) width 29: "This"
                text run at (1,17) width 11: "is"
                text run at (1,33) width 34: "some"
                text run at (1,49) width 24: "text"
                text run at (1,65) width 13: "to"
                text run at (1,81) width 30: "fill a"
                text run at (1,97) width 32: "table"
                text run at (1,113) width 28: "cell."
                text run at (1,129) width 29: "This"
                text run at (1,145) width 11: "is"
                text run at (1,161) width 34: "some"
                text run at (1,177) width 24: "text"
                text run at (1,193) width 13: "to"
                text run at (1,209) width 30: "fill a"
                text run at (1,225) width 32: "table"
                text run at (1,241) width 28: "cell."
                text run at (1,257) width 29: "This"
                text run at (1,273) width 11: "is"
                text run at (1,289) width 34: "some"
                text run at (1,305) width 24: "text"
                text run at (1,321) width 13: "to"
                text run at (1,337) width 30: "fill a"
                text run at (1,353) width 32: "table"
                text run at (1,369) width 28: "cell."
                text run at (1,385) width 29: "This"
                text run at (1,401) width 11: "is"
                text run at (1,417) width 34: "some"
                text run at (1,433) width 24: "text"
                text run at (1,449) width 13: "to"
                text run at (1,465) width 30: "fill a"
                text run at (1,481) width 32: "table"
                text run at (1,497) width 28: "cell."
                text run at (1,513) width 29: "This"
                text run at (1,529) width 11: "is"
                text run at (1,545) width 34: "some"
                text run at (1,561) width 24: "text"
                text run at (1,577) width 13: "to"
                text run at (1,593) width 30: "fill a"
                text run at (1,609) width 32: "table"
                text run at (1,625) width 28: "cell."
