layer at (0,0) size 800x600
  RenderView at (0,0) size 800x600
layer at (0,0) size 800x600
  RenderBlock {HTML} at (0,0) size 800x600
    RenderBody {BODY} at (8,8) size 784x584
      RenderBlock (anonymous) at (0,0) size 784x104
        RenderImage {IMG} at (0,0) size 220x100
        RenderText {#text} at (220,88) size 4x16
          text run at (220,88) width 4: " "
        RenderBR {BR} at (224,100) size 0x0
      RenderTable {TABLE} at (0,104) size 784x154
        RenderTableSection {TBODY} at (0,0) size 784x154
          RenderTableRow {TR} at (0,2) size 784x18
            RenderTableCell {TD} at (2,2) size 148x18 [bgcolor=#FF0000] [r=0 c=0 rs=1 cs=1]
              RenderText {#text} at (1,1) size 12x16
                text run at (1,1) width 12: "X"
            RenderTableCell {TD} at (152,2) size 148x18 [bgcolor=#DDDDDD] [r=0 c=1 rs=1 cs=1]
              RenderText {#text} at (1,1) size 12x16
                text run at (1,1) width 12: "X"
            RenderTableCell {TD} at (302,2) size 480x18 [bgcolor=#00FF00] [r=0 c=2 rs=1 cs=1]
              RenderText {#text} at (1,1) size 12x16
                text run at (1,1) width 12: "X"
          RenderTableRow {TR} at (0,22) size 784x130
            RenderTableCell {TD} at (2,22) size 298x82 [bgcolor=#DDDD00] [r=1 c=0 rs=1 cs=2]
              RenderText {#text} at (1,1) size 295x80
                text run at (1,1) width 242: "this_word_has_no_breakable_spaces "
                text run at (242,1) width 54: "... if this"
                text run at (1,17) width 283: "bug is still active and the window is >250px"
                text run at (1,33) width 177: "wide, you can't see that the "
                text run at (177,33) width 111: "word above is 33"
                text run at (1,49) width 270: "characters long. (I could have used a table"
                text run at (1,65) width 50: "instead "
                text run at (50,65) width 124: "but this is simpler)."
            RenderTableCell {TD} at (302,22) size 480x130 [bgcolor=#9999FF] [r=1 c=2 rs=1 cs=1]
              RenderText {#text} at (1,1) size 472x32
                text run at (1,1) width 472: "Try shrinking this table to ~250px wide. The left hand (gold) column will"
                text run at (1,17) width 169: "suddenly expand in width."
              RenderBR {BR} at (169,29) size 1x0
              RenderBR {BR} at (1,33) size 0x16
              RenderText {#text} at (1,49) size 477x80
                text run at (1,49) width 267: "mozilla qa smoke tests smoke qa mozilla "
                text run at (267,49) width 211: "mozilla qa smoke tests smoke qa"
                text run at (1,65) width 52: "mozilla "
                text run at (52,65) width 268: "mozilla qa smoke tests smoke qa mozilla "
                text run at (319,65) width 146: "mozilla qa smoke tests"
                text run at (1,81) width 117: "smoke qa mozilla "
                text run at (117,81) width 268: "mozilla qa smoke tests smoke qa mozilla "
                text run at (384,81) width 68: "mozilla qa"
                text run at (1,97) width 196: "smoke tests smoke qa mozilla "
                text run at (196,97) width 263: "mozilla qa smoke tests smoke qa mozilla"
                text run at (1,113) width 263: "mozilla qa smoke tests smoke qa mozilla"
