layer at (0,0) size 800x600
  RenderView at (0,0) size 800x600
layer at (0,0) size 800x600
  RenderBlock {HTML} at (0,0) size 800x600
    RenderBody {BODY} at (8,8) size 784x576
      RenderBlock {DIV} at (0,0) size 784x188
        RenderBlock {P} at (0,0) size 784x16
          RenderText {#text} at (224,0) size 336x16
            text run at (224,0) width 336: "Tables I, II, III, IV (cellpadding=0 cellspacing=5)"
        RenderTable {TABLE} at (199.50,32) size 385x156 [bgcolor=#FFCC00] [border: (1px outset #808080)]
          RenderTableSection {TBODY} at (1,1) size 383x154
            RenderTableRow {TR} at (0,2) size 383x150
              RenderTableCell {TD} at (2,2) size 100x150 [border: (1px inset #808080)] [r=0 c=0 rs=1 cs=1]
                RenderTable {TABLE} at (6,6) size 88x138 [bgcolor=#FFFFFF] [border: (1px outset #808080)]
                  RenderBlock {CAPTION} at (0,0) size 88x16
                    RenderInline {NOBR} at (0,0) size 46x16
                      RenderText {#text} at (21,0) size 46x16
                        text run at (21,0) width 46: "Table I"
                  RenderTableSection {TBODY} at (1,17) size 86x120
                    RenderTableRow {TR} at (0,5) size 86x18
                      RenderTableCell {TD} at (5,5) size 22x18 [border: (1px inset #808080)] [r=0 c=0 rs=1 cs=1]
                        RenderText {#text} at (1,1) size 20x16
                          text run at (1,1) width 20: "1,1"
                      RenderTableCell {TD} at (32,5) size 22x18 [border: (1px inset #808080)] [r=0 c=1 rs=1 cs=1]
                        RenderText {#text} at (1,1) size 20x16
                          text run at (1,1) width 20: "1,2"
                      RenderTableCell {TD} at (59,5) size 22x18 [border: (1px inset #808080)] [r=0 c=2 rs=1 cs=1]
                        RenderText {#text} at (1,1) size 20x16
                          text run at (1,1) width 20: "1,3"
                    RenderTableRow {TR} at (0,28) size 86x18
                      RenderTableCell {TD} at (5,28) size 22x18 [border: (1px inset #808080)] [r=1 c=0 rs=1 cs=1]
                        RenderText {#text} at (1,1) size 20x16
                          text run at (1,1) width 20: "2,1"
                      RenderTableCell {TD} at (32,28) size 22x18 [border: (1px inset #808080)] [r=1 c=1 rs=1 cs=1]
                        RenderText {#text} at (1,1) size 20x16
                          text run at (1,1) width 20: "2,2"
                      RenderTableCell {TD} at (59,28) size 22x18 [bgcolor=#FFFF66] [border: (1px inset #808080)] [r=1 c=2 rs=1 cs=1]
                        RenderText {#text} at (1,1) size 20x16
                          text run at (1,1) width 20: "2,3"
                    RenderTableRow {TR} at (0,51) size 86x18
                      RenderTableCell {TD} at (5,51) size 22x18 [border: (1px inset #808080)] [r=2 c=0 rs=1 cs=1]
                        RenderText {#text} at (1,1) size 20x16
                          text run at (1,1) width 20: "3,1"
                      RenderTableCell {TD} at (32,51) size 22x18 [border: (1px inset #808080)] [r=2 c=1 rs=1 cs=1]
                        RenderText {#text} at (1,1) size 20x16
                          text run at (1,1) width 20: "3,2"
                      RenderTableCell {TD} at (59,51) size 22x18 [bgcolor=#FFFF66] [border: (1px inset #808080)] [r=2 c=2 rs=1 cs=1]
                        RenderText {#text} at (1,1) size 20x16
                          text run at (1,1) width 20: "3,3"
                    RenderTableRow {TR} at (0,74) size 86x18
                      RenderTableCell {TD} at (5,74) size 22x18 [border: (1px inset #808080)] [r=3 c=0 rs=1 cs=1]
                        RenderText {#text} at (1,1) size 20x16
                          text run at (1,1) width 20: "4,1"
                      RenderTableCell {TD} at (32,74) size 22x18 [border: (1px inset #808080)] [r=3 c=1 rs=1 cs=1]
                        RenderText {#text} at (1,1) size 20x16
                          text run at (1,1) width 20: "4,2"
                      RenderTableCell {TD} at (59,74) size 22x18 [bgcolor=#FFFF66] [border: (1px inset #808080)] [r=3 c=2 rs=1 cs=1]
                        RenderText {#text} at (1,1) size 20x16
                          text run at (1,1) width 20: "4,3"
                    RenderTableRow {TR} at (0,97) size 86x18
                      RenderTableCell {TD} at (5,97) size 22x18 [border: (1px inset #808080)] [r=4 c=0 rs=1 cs=1]
                        RenderText {#text} at (1,1) size 20x16
                          text run at (1,1) width 20: "5,1"
                      RenderTableCell {TD} at (32,97) size 22x18 [border: (1px inset #808080)] [r=4 c=1 rs=1 cs=1]
                        RenderText {#text} at (1,1) size 20x16
                          text run at (1,1) width 20: "5,2"
                      RenderTableCell {TD} at (59,97) size 22x18 [border: (1px inset #808080)] [r=4 c=2 rs=1 cs=1]
                        RenderText {#text} at (1,1) size 20x16
                          text run at (1,1) width 20: "5,3"
              RenderTableCell {TD} at (104,2) size 100x150 [border: (1px inset #808080)] [r=0 c=1 rs=1 cs=1]
                RenderTable {TABLE} at (6,6) size 88x138 [bgcolor=#FFFFFF] [border: (1px outset #808080)]
                  RenderBlock {CAPTION} at (0,0) size 88x16
                    RenderInline {NOBR} at (0,0) size 52x16
                      RenderText {#text} at (18,0) size 52x16
                        text run at (18,0) width 52: "Table II"
                  RenderTableSection {TBODY} at (1,17) size 86x120
                    RenderTableRow {TR} at (0,5) size 86x18
                      RenderTableCell {TD} at (5,5) size 22x18 [border: (1px inset #808080)] [r=0 c=0 rs=1 cs=1]
                        RenderText {#text} at (1,1) size 20x16
                          text run at (1,1) width 20: "1,1"
                      RenderTableCell {TD} at (32,5) size 22x18 [border: (1px inset #808080)] [r=0 c=1 rs=1 cs=1]
                        RenderText {#text} at (1,1) size 20x16
                          text run at (1,1) width 20: "1,2"
                      RenderTableCell {TD} at (59,5) size 22x18 [border: (1px inset #808080)] [r=0 c=2 rs=1 cs=1]
                        RenderText {#text} at (1,1) size 20x16
                          text run at (1,1) width 20: "1,3"
                    RenderTableRow {TR} at (0,28) size 86x18
                      RenderTableCell {TD} at (5,28) size 22x18 [border: (1px inset #808080)] [r=1 c=0 rs=1 cs=1]
                        RenderText {#text} at (1,1) size 20x16
                          text run at (1,1) width 20: "2,1"
                      RenderTableCell {TD} at (32,39) size 22x18 [border: (1px inset #808080)] [r=1 c=1 rs=2 cs=1]
                        RenderText {#text} at (1,1) size 20x16
                          text run at (1,1) width 20: "2,2"
                      RenderTableCell {TD} at (59,28) size 22x18 [bgcolor=#FFFF66] [border: (1px inset #808080)] [r=1 c=2 rs=1 cs=1]
                        RenderText {#text} at (1,1) size 20x16
                          text run at (1,1) width 20: "2,3"
                    RenderTableRow {TR} at (0,51) size 86x18
                      RenderTableCell {TD} at (5,62) size 22x18 [border: (1px inset #808080)] [r=2 c=0 rs=2 cs=1]
                        RenderText {#text} at (1,1) size 20x16
                          text run at (1,1) width 20: "3,1"
                      RenderTableCell {TD} at (59,51) size 22x18 [bgcolor=#FFFF66] [border: (1px inset #808080)] [r=2 c=2 rs=1 cs=1]
                        RenderText {#text} at (1,1) size 20x16
                          text run at (1,1) width 20: "3,3"
                    RenderTableRow {TR} at (0,74) size 86x18
                      RenderTableCell {TD} at (32,74) size 22x18 [border: (1px inset #808080)] [r=3 c=1 rs=1 cs=1]
                        RenderText {#text} at (1,1) size 20x16
                          text run at (1,1) width 20: "4,2"
                      RenderTableCell {TD} at (59,74) size 22x18 [bgcolor=#FFFF66] [border: (1px inset #808080)] [r=3 c=2 rs=1 cs=1]
                        RenderText {#text} at (1,1) size 20x16
                          text run at (1,1) width 20: "4,3"
                    RenderTableRow {TR} at (0,97) size 86x18
                      RenderTableCell {TD} at (5,97) size 22x18 [border: (1px inset #808080)] [r=4 c=0 rs=1 cs=1]
                        RenderText {#text} at (1,1) size 20x16
                          text run at (1,1) width 20: "5,1"
                      RenderTableCell {TD} at (32,97) size 22x18 [border: (1px inset #808080)] [r=4 c=1 rs=1 cs=1]
                        RenderText {#text} at (1,1) size 20x16
                          text run at (1,1) width 20: "5,2"
                      RenderTableCell {TD} at (59,97) size 22x18 [border: (1px inset #808080)] [r=4 c=2 rs=1 cs=1]
                        RenderText {#text} at (1,1) size 20x16
                          text run at (1,1) width 20: "5,3"
              RenderTableCell {TD} at (206,2) size 100x134 [border: (1px inset #808080)] [r=0 c=2 rs=1 cs=1]
                RenderTable {TABLE} at (6,6) size 88x122 [bgcolor=#FFFFFF] [border: (1px outset #808080)]
                  RenderBlock {CAPTION} at (0,0) size 88x16
                    RenderInline {NOBR} at (0,0) size 58x16
                      RenderText {#text} at (15,0) size 58x16
                        text run at (15,0) width 58: "Table III"
                  RenderTableSection {TBODY} at (1,17) size 86x104
                    RenderTableRow {TR} at (0,5) size 86x18
                      RenderTableCell {TD} at (5,5) size 22x18 [border: (1px inset #808080)] [r=0 c=0 rs=1 cs=1]
                        RenderText {#text} at (1,1) size 20x16
                          text run at (1,1) width 20: "1,1"
                      RenderTableCell {TD} at (32,5) size 22x18 [border: (1px inset #808080)] [r=0 c=1 rs=1 cs=1]
                        RenderText {#text} at (1,1) size 20x16
                          text run at (1,1) width 20: "1,2"
                      RenderTableCell {TD} at (59,5) size 22x18 [border: (1px inset #808080)] [r=0 c=2 rs=1 cs=1]
                        RenderText {#text} at (1,1) size 20x16
                          text run at (1,1) width 20: "1,3"
                    RenderTableRow {TR} at (0,28) size 86x18
                      RenderTableCell {TD} at (5,28) size 22x18 [border: (1px inset #808080)] [r=1 c=0 rs=1 cs=1]
                        RenderText {#text} at (1,1) size 20x16
                          text run at (1,1) width 20: "2,1"
                      RenderTableCell {TD} at (32,31) size 22x18 [border: (1px inset #808080)] [r=1 c=1 rs=2 cs=1]
                        RenderText {#text} at (1,1) size 20x16
                          text run at (1,1) width 20: "2,2"
                      RenderTableCell {TD} at (59,36) size 22x2 [bgcolor=#FFFF66] [border: (1px inset #808080)] [r=1 c=2 rs=1 cs=1]
                    RenderTableRow {TR} at (0,51) size 86x2
                      RenderTableCell {TD} at (5,54) size 22x18 [border: (1px inset #808080)] [r=2 c=0 rs=2 cs=1]
                        RenderText {#text} at (1,1) size 20x16
                          text run at (1,1) width 20: "3,1"
                      RenderTableCell {TD} at (59,51) size 22x2 [bgcolor=#FFFF66] [border: (1px inset #808080)] [r=2 c=2 rs=1 cs=1]
                    RenderTableRow {TR} at (0,58) size 86x18
                      RenderTableCell {TD} at (32,58) size 22x18 [border: (1px inset #808080)] [r=3 c=1 rs=1 cs=1]
                        RenderText {#text} at (1,1) size 20x16
                          text run at (1,1) width 20: "4,2"
                      RenderTableCell {TD} at (59,66) size 22x2 [bgcolor=#FFFF66] [border: (1px inset #808080)] [r=3 c=2 rs=1 cs=1]
                    RenderTableRow {TR} at (0,81) size 86x18
                      RenderTableCell {TD} at (5,81) size 22x18 [border: (1px inset #808080)] [r=4 c=0 rs=1 cs=1]
                        RenderText {#text} at (1,1) size 20x16
                          text run at (1,1) width 20: "5,1"
                      RenderTableCell {TD} at (32,81) size 22x18 [border: (1px inset #808080)] [r=4 c=1 rs=1 cs=1]
                        RenderText {#text} at (1,1) size 20x16
                          text run at (1,1) width 20: "5,2"
                      RenderTableCell {TD} at (59,81) size 22x18 [border: (1px inset #808080)] [r=4 c=2 rs=1 cs=1]
                        RenderText {#text} at (1,1) size 20x16
                          text run at (1,1) width 20: "5,3"
              RenderTableCell {TD} at (308,2) size 73x132 [border: (1px inset #808080)] [r=0 c=3 rs=1 cs=1]
                RenderTable {TABLE} at (6,6) size 61x120 [bgcolor=#FFFFFF] [border: (1px outset #808080)]
                  RenderBlock {CAPTION} at (0,0) size 61x16
                    RenderInline {NOBR} at (0,0) size 59x16
                      RenderText {#text} at (1,0) size 59x16
                        text run at (1,0) width 59: "Table IV"
                  RenderTableSection {TBODY} at (1,17) size 59x102
                    RenderTableRow {TR} at (0,5) size 59x18
                      RenderTableCell {TD} at (5,5) size 22x18 [border: (1px inset #808080)] [r=0 c=0 rs=1 cs=1]
                        RenderText {#text} at (1,1) size 20x16
                          text run at (1,1) width 20: "1,1"
                      RenderTableCell {TD} at (32,5) size 22x18 [border: (1px inset #808080)] [r=0 c=1 rs=1 cs=1]
                        RenderText {#text} at (1,1) size 20x16
                          text run at (1,1) width 20: "1,2"
                    RenderTableRow {TR} at (0,28) size 59x18
                      RenderTableCell {TD} at (5,28) size 22x18 [border: (1px inset #808080)] [r=1 c=0 rs=1 cs=1]
                        RenderText {#text} at (1,1) size 20x16
                          text run at (1,1) width 20: "2,1"
                      RenderTableCell {TD} at (32,30) size 22x18 [border: (1px inset #808080)] [r=1 c=1 rs=2 cs=1]
                        RenderText {#text} at (1,1) size 20x16
                          text run at (1,1) width 20: "2,2"
                    RenderTableRow {TR} at (0,51) size 59x0
                      RenderTableCell {TD} at (5,53) size 22x18 [border: (1px inset #808080)] [r=2 c=0 rs=2 cs=1]
                        RenderText {#text} at (1,1) size 20x16
                          text run at (1,1) width 20: "3,1"
                    RenderTableRow {TR} at (0,56) size 59x18
                      RenderTableCell {TD} at (32,56) size 22x18 [border: (1px inset #808080)] [r=3 c=1 rs=1 cs=1]
                        RenderText {#text} at (1,1) size 20x16
                          text run at (1,1) width 20: "4,2"
                    RenderTableRow {TR} at (0,79) size 59x18
                      RenderTableCell {TD} at (5,79) size 22x18 [border: (1px inset #808080)] [r=4 c=0 rs=1 cs=1]
                        RenderText {#text} at (1,1) size 20x16
                          text run at (1,1) width 20: "5,1"
                      RenderTableCell {TD} at (32,79) size 22x18 [border: (1px inset #808080)] [r=4 c=1 rs=1 cs=1]
                        RenderText {#text} at (1,1) size 20x16
                          text run at (1,1) width 20: "5,2"
      RenderBlock {HR} at (0,196) size 784x2 [border: (1px inset #EEEEEE)]
      RenderBlock {P} at (0,214) size 784x16
        RenderInline {B} at (0,0) size 564x16
          RenderText {#text} at (110,0) size 564x16
            text run at (110,0) width 564: "This demonstrates a problem with \"overlapping rowspan cells\" (look at Table IV)."
      RenderBlock {P} at (0,246) size 784x16
        RenderInline {B} at (0,0) size 55x16
          RenderText {#text} at (0,0) size 55x16
            text run at (0,0) width 55: "Table I:"
        RenderText {#text} at (54,0) size 125x16
          text run at (54,0) width 125: " a regular 5x3 table"
      RenderBlock {P} at (0,278) size 784x16
        RenderInline {B} at (0,0) size 61x16
          RenderText {#text} at (0,0) size 61x16
            text run at (0,0) width 61: "Table II:"
        RenderText {#text} at (60,0) size 409x16
          text run at (60,0) width 409: " introduces rowspan=2 for cells (2,2) and (3,1), which 'overlap'."
      RenderBlock {P} at (0,310) size 784x48
        RenderInline {B} at (0,0) size 68x16
          RenderText {#text} at (0,0) size 68x16
            text run at (0,0) width 68: "Table III:"
        RenderText {#text} at (67,0) size 763x48
          text run at (67,0) width 696: " is Table II, but cells (2,3),(3,3) and (4,3) now have 'empty' contents; the resulting table is still OK. Note that"
          text run at (0,16) width 741: "the height of (2,3) and (4,3) is determined by cells (2,1) and (4,2) respectively, whereas (3,3) has ~0 height since no"
          text run at (0,32) width 714: "'effective' cell in the row has any definite height requirement (except for border, margin, padding if applicable)."
      RenderBlock {P} at (0,374) size 784x32
        RenderInline {B} at (0,0) size 67x16
          RenderText {#text} at (0,0) size 67x16
            text run at (0,0) width 67: "Table IV:"
        RenderText {#text} at (66,0) size 780x32
          text run at (66,0) width 714: " is Table III, but column 3 has been removed (cells (1,3),(2,3),(3,3),(4,3),(5,3)). This should mirror the first two"
          text run at (0,16) width 291: "columns of Table III (but currently does not)."
      RenderBlock {P} at (0,422) size 784x32
        RenderText {#text} at (0,0) size 754x32
          text run at (0,0) width 754: "Note that cells (2,2) and (3,1) are still in the correct position, with the same size as Table III, but that their cellspacing"
          text run at (0,16) width 189: "with (5,1) and (4,2) is absent."
      RenderBlock {P} at (0,470) size 784x16
        RenderText {#text} at (0,0) size 485x16
          text run at (0,0) width 485: "Tested with Apr25, M4 and 1999051109 (win95, opt.) Dated: May 11 1999"
