layer at (0,0) size 800x600
  RenderView at (0,0) size 800x600
layer at (0,0) size 800x72
  RenderBlock {HTML} at (0,0) size 800x72
    RenderBody {BODY} at (8,8) size 784x56
      RenderTable {TABLE} at (0,0) size 375x56 [border: (1px outset #808080)]
        RenderTableSection {TBODY} at (1,1) size 373x54
          RenderTableRow {TR} at (0,0) size 373x18
            RenderTableCell {TD} at (0,18) size 6x18 [bgcolor=#CCCCCC] [border: (1px inset #808080)] [r=0 c=0 rs=3 cs=1]
              RenderText {#text} at (1,1) size 4x16
                text run at (1,1) width 4: " "
            RenderTableCell {TD} at (6,0) size 361x18 [border: (1px inset #808080)] [r=0 c=1 rs=1 cs=1]
              RenderText {#text} at (1,1) size 359x16
                text run at (1,1) width 359: "This row has two cells with rowspans and a middle cell."
            RenderTableCell {TD} at (367,18) size 6x18 [bgcolor=#CCCCCC] [border: (1px inset #808080)] [r=0 c=2 rs=3 cs=1]
              RenderText {#text} at (1,1) size 4x16
                text run at (1,1) width 4: " "
          RenderTableRow {TR} at (0,18) size 373x18
            RenderTableCell {TD} at (6,18) size 361x18 [bgcolor=#0000FF] [border: (1px inset #808080)] [r=1 c=1 rs=1 cs=1]
              RenderText {#text} at (1,1) size 166x16
                text run at (1,1) width 166: "This cell is coloured blue."
          RenderTableRow {TR} at (0,36) size 373x18 [bgcolor=#FF0000]
            RenderTableCell {TD} at (6,36) size 361x18 [border: (1px inset #808080)] [r=2 c=1 rs=1 cs=1]
              RenderText {#text} at (1,1) size 161x16
                text run at (1,1) width 161: "This row is coloured red."
