layer at (0,0) size 800x600
  RenderView at (0,0) size 800x600
layer at (0,0) size 800x600
  RenderBlock {HTML} at (0,0) size 800x600
    RenderBody {BODY} at (8,8) size 784x584
      RenderTable {TABLE} at (0,0) size 99x54
        RenderTableSection {TBODY} at (0,0) size 99x54
          RenderTableRow {TR} at (0,2) size 99x50
            RenderTableCell {TD} at (2,2) size 95x50 [r=0 c=0 rs=1 cs=1]
              RenderBlock {DIV} at (1,1) size 93x48
                RenderBlock {P} at (0,0) size 93x16
                  RenderText {#text} at (0,0) size 92x16
                    text run at (0,0) width 92: "Paragraph one"
                RenderBlock {P} at (0,32) size 93x16
                  RenderText {#text} at (0,0) size 93x16
                    text run at (0,0) width 93: "Paragraph two"
