layer at (0,0) size 785x2920
  RenderView at (0,0) size 785x600
layer at (0,0) size 785x2920
  RenderBlock {HTML} at (0,0) size 785x2920
    RenderBody {BODY} at (8,8) size 769x2904
      RenderTable {TABLE} at (0,0) size 769x2904 [border: (1px outset #808080)]
        RenderTableSection {TBODY} at (1,1) size 767x2902
          RenderTableRow {TR} at (0,2) size 767x150
            RenderTableCell {TD} at (2,58) size 37x38 [border: (1px inset #808080)] [r=0 c=0 rs=1 cs=1]
              RenderText {#text} at (12,11) size 13x16
                text run at (12,11) width 13: "A"
            RenderTableCell {TD} at (41,53) size 427x47 [border: (1px inset #808080)] [r=0 c=1 rs=1 cs=1]
              RenderImage {IMG} at (175.50,11) size 76x25
            RenderTableCell {TD} at (470,2) size 295x150 [border: (1px inset #808080)] [r=0 c=2 rs=1 cs=1]
              RenderText {#text} at (18,11) size 259x128
                text run at (18,11) width 259: "test test test test test test test test test test"
                text run at (18,27) width 132: "test test test test test "
                text run at (149,27) width 128: "test test test test test"
                text run at (18,43) width 259: "test test test test test test test test test test"
                text run at (18,59) width 259: "test test test test test test test test test test"
                text run at (18,75) width 132: "test test test test test "
                text run at (149,75) width 128: "test test test test test"
                text run at (18,91) width 259: "test test test test test test test test test test"
                text run at (18,107) width 259: "test test test test test test test test test test"
                text run at (83,123) width 129: "test test test test test"
          RenderTableRow {TR} at (0,154) size 767x150
            RenderTableCell {TD} at (2,210) size 37x38 [border: (1px inset #808080)] [r=1 c=0 rs=1 cs=1]
              RenderText {#text} at (13,11) size 11x16
                text run at (13,11) width 11: "B"
            RenderTableCell {TD} at (41,197) size 427x64 [border: (1px inset #808080)] [r=1 c=1 rs=1 cs=1]
              RenderImage {IMG} at (198.50,11) size 30x42
            RenderTableCell {TD} at (470,154) size 295x150 [border: (1px inset #808080)] [r=1 c=2 rs=1 cs=1]
              RenderText {#text} at (18,11) size 259x128
                text run at (18,11) width 259: "test test test test test test test test test test"
                text run at (18,27) width 132: "test test test test test "
                text run at (149,27) width 128: "test test test test test"
                text run at (18,43) width 259: "test test test test test test test test test test"
                text run at (18,59) width 259: "test test test test test test test test test test"
                text run at (18,75) width 132: "test test test test test "
                text run at (149,75) width 128: "test test test test test"
                text run at (18,91) width 259: "test test test test test test test test test test"
                text run at (18,107) width 259: "test test test test test test test test test test"
                text run at (83,123) width 129: "test test test test test"
          RenderTableRow {TR} at (0,306) size 767x160
            RenderTableCell {TD} at (2,367) size 37x38 [border: (1px inset #808080)] [r=2 c=0 rs=1 cs=1]
              RenderText {#text} at (13,11) size 11x16
                text run at (13,11) width 11: "C"
            RenderTableCell {TD} at (41,306) size 427x160 [border: (1px inset #808080)] [r=2 c=1 rs=1 cs=1]
              RenderImage {IMG} at (103.50,11) size 220x138
            RenderTableCell {TD} at (470,311) size 295x150 [border: (1px inset #808080)] [r=2 c=2 rs=1 cs=1]
              RenderText {#text} at (18,11) size 259x128
                text run at (18,11) width 259: "test test test test test test test test test test"
                text run at (18,27) width 132: "test test test test test "
                text run at (149,27) width 128: "test test test test test"
                text run at (18,43) width 259: "test test test test test test test test test test"
                text run at (18,59) width 259: "test test test test test test test test test test"
                text run at (18,75) width 132: "test test test test test "
                text run at (149,75) width 128: "test test test test test"
                text run at (18,91) width 259: "test test test test test test test test test test"
                text run at (18,107) width 259: "test test test test test test test test test test"
                text run at (83,123) width 129: "test test test test test"
          RenderTableRow {TR} at (0,468) size 767x150
            RenderTableCell {TD} at (2,524) size 37x38 [border: (1px inset #808080)] [r=3 c=0 rs=1 cs=1]
              RenderText {#text} at (12,11) size 13x16
                text run at (12,11) width 13: "D"
            RenderTableCell {TD} at (41,489) size 427x107 [border: (1px inset #808080)] [r=3 c=1 rs=1 cs=1]
              RenderImage {IMG} at (113.50,11) size 200x85
            RenderTableCell {TD} at (470,468) size 295x150 [border: (1px inset #808080)] [r=3 c=2 rs=1 cs=1]
              RenderText {#text} at (18,11) size 259x128
                text run at (18,11) width 259: "test test test test test test test test test test"
                text run at (18,27) width 132: "test test test test test "
                text run at (149,27) width 128: "test test test test test"
                text run at (18,43) width 259: "test test test test test test test test test test"
                text run at (18,59) width 259: "test test test test test test test test test test"
                text run at (18,75) width 132: "test test test test test "
                text run at (149,75) width 128: "test test test test test"
                text run at (18,91) width 259: "test test test test test test test test test test"
                text run at (18,107) width 259: "test test test test test test test test test test"
                text run at (83,123) width 129: "test test test test test"
          RenderTableRow {TR} at (0,620) size 767x150
            RenderTableCell {TD} at (2,676) size 37x38 [border: (1px inset #808080)] [r=4 c=0 rs=1 cs=1]
              RenderText {#text} at (13,11) size 11x16
                text run at (13,11) width 11: "E"
            RenderTableCell {TD} at (41,659) size 427x72 [border: (1px inset #808080)] [r=4 c=1 rs=1 cs=1]
              RenderImage {IMG} at (186.50,11) size 54x50
            RenderTableCell {TD} at (470,620) size 295x150 [border: (1px inset #808080)] [r=4 c=2 rs=1 cs=1]
              RenderText {#text} at (18,11) size 259x128
                text run at (18,11) width 259: "test test test test test test test test test test"
                text run at (18,27) width 132: "test test test test test "
                text run at (149,27) width 128: "test test test test test"
                text run at (18,43) width 259: "test test test test test test test test test test"
                text run at (18,59) width 259: "test test test test test test test test test test"
                text run at (18,75) width 132: "test test test test test "
                text run at (149,75) width 128: "test test test test test"
                text run at (18,91) width 259: "test test test test test test test test test test"
                text run at (18,107) width 259: "test test test test test test test test test test"
                text run at (83,123) width 129: "test test test test test"
          RenderTableRow {TR} at (0,772) size 767x150
            RenderTableCell {TD} at (2,828) size 37x38 [border: (1px inset #808080)] [r=5 c=0 rs=1 cs=1]
              RenderText {#text} at (14,11) size 9x16
                text run at (14,11) width 9: "F"
            RenderTableCell {TD} at (41,811) size 427x72 [border: (1px inset #808080)] [r=5 c=1 rs=1 cs=1]
              RenderImage {IMG} at (95,11) size 237x50
            RenderTableCell {TD} at (470,772) size 295x150 [border: (1px inset #808080)] [r=5 c=2 rs=1 cs=1]
              RenderText {#text} at (18,11) size 259x128
                text run at (18,11) width 259: "test test test test test test test test test test"
                text run at (18,27) width 132: "test test test test test "
                text run at (149,27) width 128: "test test test test test"
                text run at (18,43) width 259: "test test test test test test test test test test"
                text run at (18,59) width 259: "test test test test test test test test test test"
                text run at (18,75) width 132: "test test test test test "
                text run at (149,75) width 128: "test test test test test"
                text run at (18,91) width 259: "test test test test test test test test test test"
                text run at (18,107) width 259: "test test test test test test test test test test"
                text run at (83,123) width 129: "test test test test test"
          RenderTableRow {TR} at (0,924) size 767x150
            RenderTableCell {TD} at (2,980) size 37x38 [border: (1px inset #808080)] [r=6 c=0 rs=1 cs=1]
              RenderText {#text} at (12,11) size 13x16
                text run at (12,11) width 13: "G"
            RenderTableCell {TD} at (41,956) size 427x85 [border: (1px inset #808080)] [r=6 c=1 rs=1 cs=1]
              RenderImage {IMG} at (155.50,11) size 116x63
            RenderTableCell {TD} at (470,924) size 295x150 [border: (1px inset #808080)] [r=6 c=2 rs=1 cs=1]
              RenderText {#text} at (18,11) size 259x128
                text run at (18,11) width 259: "test test test test test test test test test test"
                text run at (18,27) width 132: "test test test test test "
                text run at (149,27) width 128: "test test test test test"
                text run at (18,43) width 259: "test test test test test test test test test test"
                text run at (18,59) width 259: "test test test test test test test test test test"
                text run at (18,75) width 132: "test test test test test "
                text run at (149,75) width 128: "test test test test test"
                text run at (18,91) width 259: "test test test test test test test test test test"
                text run at (18,107) width 259: "test test test test test test test test test test"
                text run at (83,123) width 129: "test test test test test"
          RenderTableRow {TR} at (0,1076) size 767x150
            RenderTableCell {TD} at (2,1132) size 37x38 [border: (1px inset #808080)] [r=7 c=0 rs=1 cs=1]
              RenderText {#text} at (12,11) size 13x16
                text run at (12,11) width 13: "H"
            RenderTableCell {TD} at (41,1131) size 427x40 [border: (1px inset #808080)] [r=7 c=1 rs=1 cs=1]
              RenderImage {IMG} at (200,11) size 27x18
            RenderTableCell {TD} at (470,1076) size 295x150 [border: (1px inset #808080)] [r=7 c=2 rs=1 cs=1]
              RenderText {#text} at (18,11) size 259x128
                text run at (18,11) width 259: "test test test test test test test test test test"
                text run at (18,27) width 132: "test test test test test "
                text run at (149,27) width 128: "test test test test test"
                text run at (18,43) width 259: "test test test test test test test test test test"
                text run at (18,59) width 259: "test test test test test test test test test test"
                text run at (18,75) width 132: "test test test test test "
                text run at (149,75) width 128: "test test test test test"
                text run at (18,91) width 259: "test test test test test test test test test test"
                text run at (18,107) width 259: "test test test test test test test test test test"
                text run at (83,123) width 129: "test test test test test"
          RenderTableRow {TR} at (0,1228) size 767x150
            RenderTableCell {TD} at (2,1284) size 37x38 [border: (1px inset #808080)] [r=8 c=0 rs=1 cs=1]
              RenderText {#text} at (15,11) size 7x16
                text run at (15,11) width 7: "I"
            RenderTableCell {TD} at (41,1261) size 427x83 [border: (1px inset #808080)] [r=8 c=1 rs=1 cs=1]
              RenderImage {IMG} at (126,11) size 175x61
            RenderTableCell {TD} at (470,1228) size 295x150 [border: (1px inset #808080)] [r=8 c=2 rs=1 cs=1]
              RenderText {#text} at (18,11) size 259x128
                text run at (18,11) width 259: "test test test test test test test test test test"
                text run at (18,27) width 132: "test test test test test "
                text run at (149,27) width 128: "test test test test test"
                text run at (18,43) width 259: "test test test test test test test test test test"
                text run at (18,59) width 259: "test test test test test test test test test test"
                text run at (18,75) width 132: "test test test test test "
                text run at (149,75) width 128: "test test test test test"
                text run at (18,91) width 259: "test test test test test test test test test test"
                text run at (18,107) width 259: "test test test test test test test test test test"
                text run at (83,123) width 129: "test test test test test"
          RenderTableRow {TR} at (0,1380) size 767x150
            RenderTableCell {TD} at (2,1436) size 37x38 [border: (1px inset #808080)] [r=9 c=0 rs=1 cs=1]
              RenderText {#text} at (15,11) size 7x16
                text run at (15,11) width 7: "J"
            RenderTableCell {TD} at (41,1394) size 427x122 [border: (1px inset #808080)] [r=9 c=1 rs=1 cs=1]
              RenderImage {IMG} at (11,11) size 405x100
            RenderTableCell {TD} at (470,1380) size 295x150 [border: (1px inset #808080)] [r=9 c=2 rs=1 cs=1]
              RenderText {#text} at (18,11) size 259x128
                text run at (18,11) width 259: "test test test test test test test test test test"
                text run at (18,27) width 132: "test test test test test "
                text run at (149,27) width 128: "test test test test test"
                text run at (18,43) width 259: "test test test test test test test test test test"
                text run at (18,59) width 259: "test test test test test test test test test test"
                text run at (18,75) width 132: "test test test test test "
                text run at (149,75) width 128: "test test test test test"
                text run at (18,91) width 259: "test test test test test test test test test test"
                text run at (18,107) width 259: "test test test test test test test test test test"
                text run at (83,123) width 129: "test test test test test"
          RenderTableRow {TR} at (0,1532) size 767x150
            RenderTableCell {TD} at (2,1588) size 37x38 [border: (1px inset #808080)] [r=10 c=0 rs=1 cs=1]
              RenderText {#text} at (12,11) size 13x16
                text run at (12,11) width 13: "K"
            RenderTableCell {TD} at (41,1571) size 427x72 [border: (1px inset #808080)] [r=10 c=1 rs=1 cs=1]
              RenderImage {IMG} at (77.50,11) size 272x50
            RenderTableCell {TD} at (470,1532) size 295x150 [border: (1px inset #808080)] [r=10 c=2 rs=1 cs=1]
              RenderText {#text} at (18,11) size 259x128
                text run at (18,11) width 259: "test test test test test test test test test test"
                text run at (18,27) width 132: "test test test test test "
                text run at (149,27) width 128: "test test test test test"
                text run at (18,43) width 259: "test test test test test test test test test test"
                text run at (18,59) width 259: "test test test test test test test test test test"
                text run at (18,75) width 132: "test test test test test "
                text run at (149,75) width 128: "test test test test test"
                text run at (18,91) width 259: "test test test test test test test test test test"
                text run at (18,107) width 259: "test test test test test test test test test test"
                text run at (83,123) width 129: "test test test test test"
          RenderTableRow {TR} at (0,1684) size 767x150
            RenderTableCell {TD} at (2,1740) size 37x38 [border: (1px inset #808080)] [r=11 c=0 rs=1 cs=1]
              RenderText {#text} at (12,11) size 13x16
                text run at (12,11) width 13: "K"
            RenderTableCell {TD} at (41,1724) size 427x69 [border: (1px inset #808080)] [r=11 c=1 rs=1 cs=1]
              RenderImage {IMG} at (168,11) size 91x47
            RenderTableCell {TD} at (470,1684) size 295x150 [border: (1px inset #808080)] [r=11 c=2 rs=1 cs=1]
              RenderText {#text} at (18,11) size 259x128
                text run at (18,11) width 259: "test test test test test test test test test test"
                text run at (18,27) width 132: "test test test test test "
                text run at (149,27) width 128: "test test test test test"
                text run at (18,43) width 259: "test test test test test test test test test test"
                text run at (18,59) width 259: "test test test test test test test test test test"
                text run at (18,75) width 132: "test test test test test "
                text run at (149,75) width 128: "test test test test test"
                text run at (18,91) width 259: "test test test test test test test test test test"
                text run at (18,107) width 259: "test test test test test test test test test test"
                text run at (83,123) width 129: "test test test test test"
          RenderTableRow {TR} at (0,1836) size 767x150
            RenderTableCell {TD} at (2,1892) size 37x38 [border: (1px inset #808080)] [r=12 c=0 rs=1 cs=1]
              RenderText {#text} at (13,11) size 11x16
                text run at (13,11) width 11: "L"
            RenderTableCell {TD} at (41,1867) size 427x88 [border: (1px inset #808080)] [r=12 c=1 rs=1 cs=1]
              RenderImage {IMG} at (88.50,11) size 250x66
            RenderTableCell {TD} at (470,1836) size 295x150 [border: (1px inset #808080)] [r=12 c=2 rs=1 cs=1]
              RenderText {#text} at (18,11) size 259x128
                text run at (18,11) width 259: "test test test test test test test test test test"
                text run at (18,27) width 132: "test test test test test "
                text run at (149,27) width 128: "test test test test test"
                text run at (18,43) width 259: "test test test test test test test test test test"
                text run at (18,59) width 259: "test test test test test test test test test test"
                text run at (18,75) width 132: "test test test test test "
                text run at (149,75) width 128: "test test test test test"
                text run at (18,91) width 259: "test test test test test test test test test test"
                text run at (18,107) width 259: "test test test test test test test test test test"
                text run at (83,123) width 129: "test test test test test"
          RenderTableRow {TR} at (0,1988) size 767x150
            RenderTableCell {TD} at (2,2044) size 37x38 [border: (1px inset #808080)] [r=13 c=0 rs=1 cs=1]
              RenderText {#text} at (11,11) size 15x16
                text run at (11,11) width 15: "M"
            RenderTableCell {TD} at (41,2030) size 427x66 [border: (1px inset #808080)] [r=13 c=1 rs=1 cs=1]
              RenderImage {IMG} at (163,11) size 101x44
            RenderTableCell {TD} at (470,1988) size 295x150 [border: (1px inset #808080)] [r=13 c=2 rs=1 cs=1]
              RenderText {#text} at (18,11) size 259x128
                text run at (18,11) width 259: "test test test test test test test test test test"
                text run at (18,27) width 132: "test test test test test "
                text run at (149,27) width 128: "test test test test test"
                text run at (18,43) width 259: "test test test test test test test test test test"
                text run at (18,59) width 259: "test test test test test test test test test test"
                text run at (18,75) width 132: "test test test test test "
                text run at (149,75) width 128: "test test test test test"
                text run at (18,91) width 259: "test test test test test test test test test test"
                text run at (18,107) width 259: "test test test test test test test test test test"
                text run at (83,123) width 129: "test test test test test"
          RenderTableRow {TR} at (0,2140) size 767x150
            RenderTableCell {TD} at (2,2196) size 37x38 [border: (1px inset #808080)] [r=14 c=0 rs=1 cs=1]
              RenderText {#text} at (12,11) size 13x16
                text run at (12,11) width 13: "N"
            RenderTableCell {TD} at (41,2197) size 427x35 [border: (1px inset #808080)] [r=14 c=1 rs=1 cs=1]
              RenderImage {IMG} at (201,11) size 25x13
            RenderTableCell {TD} at (470,2140) size 295x150 [border: (1px inset #808080)] [r=14 c=2 rs=1 cs=1]
              RenderText {#text} at (18,11) size 259x128
                text run at (18,11) width 259: "test test test test test test test test test test"
                text run at (18,27) width 132: "test test test test test "
                text run at (149,27) width 128: "test test test test test"
                text run at (18,43) width 259: "test test test test test test test test test test"
                text run at (18,59) width 259: "test test test test test test test test test test"
                text run at (18,75) width 132: "test test test test test "
                text run at (149,75) width 128: "test test test test test"
                text run at (18,91) width 259: "test test test test test test test test test test"
                text run at (18,107) width 259: "test test test test test test test test test test"
                text run at (83,123) width 129: "test test test test test"
          RenderTableRow {TR} at (0,2292) size 767x150
            RenderTableCell {TD} at (2,2348) size 37x38 [border: (1px inset #808080)] [r=15 c=0 rs=1 cs=1]
              RenderText {#text} at (12,11) size 13x16
                text run at (12,11) width 13: "O"
            RenderTableCell {TD} at (41,2328) size 427x78 [border: (1px inset #808080)] [r=15 c=1 rs=1 cs=1]
              RenderImage {IMG} at (87,11) size 253x56
            RenderTableCell {TD} at (470,2292) size 295x150 [border: (1px inset #808080)] [r=15 c=2 rs=1 cs=1]
              RenderText {#text} at (18,11) size 259x128
                text run at (18,11) width 259: "test test test test test test test test test test"
                text run at (18,27) width 132: "test test test test test "
                text run at (149,27) width 128: "test test test test test"
                text run at (18,43) width 259: "test test test test test test test test test test"
                text run at (18,59) width 259: "test test test test test test test test test test"
                text run at (18,75) width 132: "test test test test test "
                text run at (149,75) width 128: "test test test test test"
                text run at (18,91) width 259: "test test test test test test test test test test"
                text run at (18,107) width 259: "test test test test test test test test test test"
                text run at (83,123) width 129: "test test test test test"
          RenderTableRow {TR} at (0,2444) size 767x150
            RenderTableCell {TD} at (2,2500) size 37x38 [border: (1px inset #808080)] [r=16 c=0 rs=1 cs=1]
              RenderText {#text} at (14,11) size 9x16
                text run at (14,11) width 9: "P"
            RenderTableCell {TD} at (41,2467) size 427x103 [border: (1px inset #808080)] [r=16 c=1 rs=1 cs=1]
              RenderImage {IMG} at (134,11) size 159x81
            RenderTableCell {TD} at (470,2444) size 295x150 [border: (1px inset #808080)] [r=16 c=2 rs=1 cs=1]
              RenderText {#text} at (18,11) size 259x128
                text run at (18,11) width 259: "test test test test test test test test test test"
                text run at (18,27) width 132: "test test test test test "
                text run at (149,27) width 128: "test test test test test"
                text run at (18,43) width 259: "test test test test test test test test test test"
                text run at (18,59) width 259: "test test test test test test test test test test"
                text run at (18,75) width 132: "test test test test test "
                text run at (149,75) width 128: "test test test test test"
                text run at (18,91) width 259: "test test test test test test test test test test"
                text run at (18,107) width 259: "test test test test test test test test test test"
                text run at (83,123) width 129: "test test test test test"
          RenderTableRow {TR} at (0,2596) size 767x150
            RenderTableCell {TD} at (2,2652) size 37x38 [border: (1px inset #808080)] [r=17 c=0 rs=1 cs=1]
              RenderText {#text} at (12,11) size 13x16
                text run at (12,11) width 13: "Q"
            RenderTableCell {TD} at (41,2606) size 427x130 [border: (1px inset #808080)] [r=17 c=1 rs=1 cs=1]
              RenderImage {IMG} at (107,11) size 213x108
            RenderTableCell {TD} at (470,2596) size 295x150 [border: (1px inset #808080)] [r=17 c=2 rs=1 cs=1]
              RenderText {#text} at (18,11) size 259x128
                text run at (18,11) width 259: "test test test test test test test test test test"
                text run at (18,27) width 132: "test test test test test "
                text run at (149,27) width 128: "test test test test test"
                text run at (18,43) width 259: "test test test test test test test test test test"
                text run at (18,59) width 259: "test test test test test test test test test test"
                text run at (18,75) width 132: "test test test test test "
                text run at (149,75) width 128: "test test test test test"
                text run at (18,91) width 259: "test test test test test test test test test test"
                text run at (18,107) width 259: "test test test test test test test test test test"
                text run at (83,123) width 129: "test test test test test"
          RenderTableRow {TR} at (0,2748) size 767x152
            RenderTableCell {TD} at (2,2805) size 37x38 [border: (1px inset #808080)] [r=18 c=0 rs=1 cs=1]
              RenderText {#text} at (13,11) size 11x16
                text run at (13,11) width 11: "R"
            RenderTableCell {TD} at (41,2748) size 427x152 [border: (1px inset #808080)] [r=18 c=1 rs=1 cs=1]
              RenderImage {IMG} at (41.50,11) size 344x130
            RenderTableCell {TD} at (470,2749) size 295x150 [border: (1px inset #808080)] [r=18 c=2 rs=1 cs=1]
              RenderText {#text} at (18,11) size 259x128
                text run at (18,11) width 259: "test test test test test test test test test test"
                text run at (18,27) width 132: "test test test test test "
                text run at (149,27) width 128: "test test test test test"
                text run at (18,43) width 259: "test test test test test test test test test test"
                text run at (18,59) width 259: "test test test test test test test test test test"
                text run at (18,75) width 132: "test test test test test "
                text run at (149,75) width 128: "test test test test test"
                text run at (18,91) width 259: "test test test test test test test test test test"
                text run at (18,107) width 259: "test test test test test test test test test test"
                text run at (83,123) width 129: "test test test test test"
