layer at (0,0) size 800x600
  RenderView at (0,0) size 800x600
layer at (0,0) size 800x600
  RenderBlock {HTML} at (0,0) size 800x600
    RenderBody {BODY} at (8,8) size 784x576
      RenderTable {TABLE} at (0,0) size 380x26 [border: (3px outset #808080)]
        RenderTableSection {TBODY} at (3,3) size 374x20
          RenderTableRow {TR} at (0,0) size 374x20
            RenderTableCell {TD} at (0,0) size 70x20 [border: (1px inset #808080)] [r=0 c=0 rs=1 cs=1]
              RenderText {#text} at (2,2) size 66x16
                text run at (2,2) width 66: "fieldLabel"
            RenderTableCell {TD} at (70,0) size 304x20 [border: (1px inset #808080)] [r=0 c=1 rs=1 cs=1]
              RenderText {#text} at (2,2) size 108x16
                text run at (2,2) width 108: "   InspectionText"
      RenderBlock {FORM} at (0,26) size 784x18
        RenderButton {INPUT} at (0,0) size 87.36x18 [bgcolor=#C0C0C0]
          RenderBlock (anonymous) at (8,2.50) size 71.36x13
            RenderText {#text} at (0,0) size 72x13
              text run at (0,0) width 72: "change width"
        RenderText {#text} at (87,1) size 5x16
          text run at (87,1) width 5: " "
        RenderButton {INPUT} at (91.36,0) size 179.91x18 [bgcolor=#C0C0C0]
          RenderBlock (anonymous) at (8,2.50) size 163.91x13
            RenderText {#text} at (0,0) size 164x13
              text run at (0,0) width 164: "change width with table reflow"
        RenderText {#text} at (0,0) size 0x0
