layer at (0,0) size 800x600
  RenderView at (0,0) size 800x600
layer at (0,0) size 800x600
  RenderBlock {HTML} at (0,0) size 800x600
    RenderBody {BODY} at (8,8) size 784x584
      RenderBlock {P} at (0,0) size 784x64
        RenderText {#text} at (0,0) size 783x48
          text run at (0,0) width 783: "In this table (modeled after mozilla.org template) the cells in column two are requesting colspans of (2,3,2,6) respectively."
          text run at (0,16) width 773: "Notice that they all want to span more than one column (which means, in the case of this table, all rows are requesting to"
          text run at (0,32) width 288: "span more columns than the number of 'real' "
        RenderInline {CODE} at (0,0) size 32x13
          RenderText {#text} at (287,34) size 32x13
            text run at (287,34) width 32: "<TD>"
        RenderText {#text} at (318,32) size 762x32
          text run at (318,32) width 444: " in any single rows [i.e., all rows in the top table want to span 9 cells,"
          text run at (0,48) width 188: "but the maximum number of "
        RenderInline {CODE} at (0,0) size 32x13
          RenderText {#text} at (187,50) size 32x13
            text run at (187,50) width 32: "<TD>"
        RenderText {#text} at (218,48) size 109x16
          text run at (218,48) width 109: " in any row is 8]."
      RenderBlock {P} at (0,80) size 784x16
        RenderText {#text} at (0,0) size 493x16
          text run at (0,0) width 493: "This condition leads to the 'white gap' (in builds of 5.0 for jun04 and before)."
      RenderTable {TABLE} at (0,112) size 784x74 [border: (1px outset #808080)]
        RenderTableSection {TBODY} at (1,1) size 782x72
          RenderTableRow {TR} at (0,0) size 782x18
            RenderTableCell {TD} at (0,0) size 97x18 [bgcolor=#999999] [border: (1px inset #808080)] [r=0 c=0 rs=1 cs=1]
              RenderText {#text} at (1,1) size 8x16
                text run at (1,1) width 8: "1"
            RenderTableCell {TD} at (97,0) size 97x18 [bgcolor=#DDDDDD] [border: (1px inset #808080)] [r=0 c=1 rs=1 cs=2]
              RenderText {#text} at (1,1) size 8x16
                text run at (1,1) width 8: "2"
            RenderTableCell {TD} at (194,0) size 98x18 [bgcolor=#DDDDDD] [border: (1px inset #808080)] [r=0 c=3 rs=1 cs=1]
              RenderText {#text} at (1,1) size 8x16
                text run at (1,1) width 8: "4"
            RenderTableCell {TD} at (292,0) size 98x18 [bgcolor=#999999] [border: (1px inset #808080)] [r=0 c=4 rs=1 cs=1]
              RenderText {#text} at (1,1) size 8x16
                text run at (1,1) width 8: "5"
            RenderTableCell {TD} at (390,0) size 98x18 [border: (1px inset #808080)] [r=0 c=5 rs=1 cs=1]
              RenderText {#text} at (1,1) size 8x16
                text run at (1,1) width 8: "6"
            RenderTableCell {TD} at (488,0) size 98x18 [border: (1px inset #808080)] [r=0 c=6 rs=1 cs=1]
              RenderText {#text} at (1,1) size 8x16
                text run at (1,1) width 8: "7"
            RenderTableCell {TD} at (586,0) size 98x18 [border: (1px inset #808080)] [r=0 c=7 rs=1 cs=1]
              RenderText {#text} at (1,1) size 8x16
                text run at (1,1) width 8: "8"
            RenderTableCell {TD} at (684,0) size 98x18 [bgcolor=#999999] [border: (1px inset #808080)] [r=0 c=8 rs=1 cs=1]
              RenderText {#text} at (1,1) size 8x16
                text run at (1,1) width 8: "9"
          RenderTableRow {TR} at (0,18) size 782x18
            RenderTableCell {TD} at (0,18) size 97x18 [bgcolor=#999999] [border: (1px inset #808080)] [r=1 c=0 rs=1 cs=1]
              RenderText {#text} at (1,1) size 8x16
                text run at (1,1) width 8: "1"
            RenderTableCell {TD} at (97,18) size 195x18 [bgcolor=#DDDDDD] [border: (1px inset #808080)] [r=1 c=1 rs=1 cs=3]
              RenderText {#text} at (1,1) size 8x16
                text run at (1,1) width 8: "2"
            RenderTableCell {TD} at (292,18) size 98x18 [bgcolor=#999999] [border: (1px inset #808080)] [r=1 c=4 rs=1 cs=1]
              RenderText {#text} at (1,1) size 8x16
                text run at (1,1) width 8: "5"
            RenderTableCell {TD} at (390,18) size 98x18 [border: (1px inset #808080)] [r=1 c=5 rs=1 cs=1]
              RenderText {#text} at (1,1) size 8x16
                text run at (1,1) width 8: "6"
            RenderTableCell {TD} at (488,18) size 98x18 [border: (1px inset #808080)] [r=1 c=6 rs=1 cs=1]
              RenderText {#text} at (1,1) size 8x16
                text run at (1,1) width 8: "7"
            RenderTableCell {TD} at (586,18) size 98x18 [border: (1px inset #808080)] [r=1 c=7 rs=1 cs=1]
              RenderText {#text} at (1,1) size 8x16
                text run at (1,1) width 8: "8"
            RenderTableCell {TD} at (684,18) size 98x18 [bgcolor=#999999] [border: (1px inset #808080)] [r=1 c=8 rs=1 cs=1]
              RenderText {#text} at (1,1) size 8x16
                text run at (1,1) width 8: "9"
          RenderTableRow {TR} at (0,36) size 782x18
            RenderTableCell {TD} at (0,36) size 97x18 [bgcolor=#999999] [border: (1px inset #808080)] [r=2 c=0 rs=1 cs=1]
              RenderText {#text} at (1,1) size 8x16
                text run at (1,1) width 8: "1"
            RenderTableCell {TD} at (97,36) size 97x18 [bgcolor=#DDDDDD] [border: (1px inset #808080)] [r=2 c=1 rs=1 cs=2]
              RenderText {#text} at (1,1) size 8x16
                text run at (1,1) width 8: "2"
            RenderTableCell {TD} at (194,36) size 98x18 [bgcolor=#DDDDDD] [border: (1px inset #808080)] [r=2 c=3 rs=1 cs=1]
              RenderText {#text} at (1,1) size 8x16
                text run at (1,1) width 8: "4"
            RenderTableCell {TD} at (292,36) size 98x18 [bgcolor=#999999] [border: (1px inset #808080)] [r=2 c=4 rs=1 cs=1]
              RenderText {#text} at (1,1) size 8x16
                text run at (1,1) width 8: "5"
            RenderTableCell {TD} at (390,36) size 196x18 [border: (1px inset #808080)] [r=2 c=5 rs=1 cs=2]
              RenderText {#text} at (1,1) size 8x16
                text run at (1,1) width 8: "6"
            RenderTableCell {TD} at (586,36) size 98x18 [border: (1px inset #808080)] [r=2 c=7 rs=1 cs=1]
              RenderText {#text} at (1,1) size 8x16
                text run at (1,1) width 8: "8"
            RenderTableCell {TD} at (684,36) size 98x18 [bgcolor=#999999] [border: (1px inset #808080)] [r=2 c=8 rs=1 cs=1]
              RenderText {#text} at (1,1) size 8x16
                text run at (1,1) width 8: "9"
          RenderTableRow {TR} at (0,54) size 782x18
            RenderTableCell {TD} at (0,54) size 488x18 [bgcolor=#999999] [border: (1px inset #808080)] [r=3 c=0 rs=1 cs=6]
              RenderText {#text} at (1,1) size 8x16
                text run at (1,1) width 8: "1"
            RenderTableCell {TD} at (488,54) size 98x18 [bgcolor=#999999] [border: (1px inset #808080)] [r=3 c=6 rs=1 cs=1]
              RenderText {#text} at (1,1) size 8x16
                text run at (1,1) width 8: "7"
            RenderTableCell {TD} at (586,54) size 196x18 [bgcolor=#999999] [border: (1px inset #808080)] [r=3 c=7 rs=1 cs=2]
              RenderText {#text} at (1,1) size 8x16
                text run at (1,1) width 8: "8"
      RenderBlock {P} at (0,202) size 784x32
        RenderText {#text} at (0,0) size 773x32
          text run at (0,0) width 434: "This is the same table as above, but instead the cells in column two "
          text run at (433,0) width 340: "are requesting colspans of (1,2,1,5) respectively (i.e.,"
          text run at (0,16) width 485: "excess requests have been 'normalized' away). There is no more 'white gap'."
      RenderTable {TABLE} at (0,250) size 784x74 [border: (1px outset #808080)]
        RenderTableSection {TBODY} at (1,1) size 782x72
          RenderTableRow {TR} at (0,0) size 782x18
            RenderTableCell {TD} at (0,0) size 97x18 [bgcolor=#999999] [border: (1px inset #808080)] [r=0 c=0 rs=1 cs=1]
              RenderText {#text} at (1,1) size 8x16
                text run at (1,1) width 8: "1"
            RenderTableCell {TD} at (97,0) size 97x18 [bgcolor=#DDDDDD] [border: (1px inset #808080)] [r=0 c=1 rs=1 cs=1]
              RenderText {#text} at (1,1) size 8x16
                text run at (1,1) width 8: "2"
            RenderTableCell {TD} at (194,0) size 98x18 [bgcolor=#DDDDDD] [border: (1px inset #808080)] [r=0 c=2 rs=1 cs=1]
              RenderText {#text} at (1,1) size 8x16
                text run at (1,1) width 8: "3"
            RenderTableCell {TD} at (292,0) size 98x18 [bgcolor=#999999] [border: (1px inset #808080)] [r=0 c=3 rs=1 cs=1]
              RenderText {#text} at (1,1) size 8x16
                text run at (1,1) width 8: "4"
            RenderTableCell {TD} at (390,0) size 98x18 [border: (1px inset #808080)] [r=0 c=4 rs=1 cs=1]
              RenderText {#text} at (1,1) size 8x16
                text run at (1,1) width 8: "5"
            RenderTableCell {TD} at (488,0) size 98x18 [border: (1px inset #808080)] [r=0 c=5 rs=1 cs=1]
              RenderText {#text} at (1,1) size 8x16
                text run at (1,1) width 8: "6"
            RenderTableCell {TD} at (586,0) size 98x18 [border: (1px inset #808080)] [r=0 c=6 rs=1 cs=1]
              RenderText {#text} at (1,1) size 8x16
                text run at (1,1) width 8: "7"
            RenderTableCell {TD} at (684,0) size 98x18 [bgcolor=#999999] [border: (1px inset #808080)] [r=0 c=7 rs=1 cs=1]
              RenderText {#text} at (1,1) size 8x16
                text run at (1,1) width 8: "8"
          RenderTableRow {TR} at (0,18) size 782x18
            RenderTableCell {TD} at (0,18) size 97x18 [bgcolor=#999999] [border: (1px inset #808080)] [r=1 c=0 rs=1 cs=1]
              RenderText {#text} at (1,1) size 8x16
                text run at (1,1) width 8: "1"
            RenderTableCell {TD} at (97,18) size 195x18 [bgcolor=#DDDDDD] [border: (1px inset #808080)] [r=1 c=1 rs=1 cs=2]
              RenderText {#text} at (1,1) size 8x16
                text run at (1,1) width 8: "2"
            RenderTableCell {TD} at (292,18) size 98x18 [bgcolor=#999999] [border: (1px inset #808080)] [r=1 c=3 rs=1 cs=1]
              RenderText {#text} at (1,1) size 8x16
                text run at (1,1) width 8: "4"
            RenderTableCell {TD} at (390,18) size 98x18 [border: (1px inset #808080)] [r=1 c=4 rs=1 cs=1]
              RenderText {#text} at (1,1) size 8x16
                text run at (1,1) width 8: "5"
            RenderTableCell {TD} at (488,18) size 98x18 [border: (1px inset #808080)] [r=1 c=5 rs=1 cs=1]
              RenderText {#text} at (1,1) size 8x16
                text run at (1,1) width 8: "6"
            RenderTableCell {TD} at (586,18) size 98x18 [border: (1px inset #808080)] [r=1 c=6 rs=1 cs=1]
              RenderText {#text} at (1,1) size 8x16
                text run at (1,1) width 8: "7"
            RenderTableCell {TD} at (684,18) size 98x18 [bgcolor=#999999] [border: (1px inset #808080)] [r=1 c=7 rs=1 cs=1]
              RenderText {#text} at (1,1) size 8x16
                text run at (1,1) width 8: "8"
          RenderTableRow {TR} at (0,36) size 782x18
            RenderTableCell {TD} at (0,36) size 97x18 [bgcolor=#999999] [border: (1px inset #808080)] [r=2 c=0 rs=1 cs=1]
              RenderText {#text} at (1,1) size 8x16
                text run at (1,1) width 8: "1"
            RenderTableCell {TD} at (97,36) size 97x18 [bgcolor=#DDDDDD] [border: (1px inset #808080)] [r=2 c=1 rs=1 cs=1]
              RenderText {#text} at (1,1) size 8x16
                text run at (1,1) width 8: "2"
            RenderTableCell {TD} at (194,36) size 98x18 [bgcolor=#DDDDDD] [border: (1px inset #808080)] [r=2 c=2 rs=1 cs=1]
              RenderText {#text} at (1,1) size 8x16
                text run at (1,1) width 8: "3"
            RenderTableCell {TD} at (292,36) size 98x18 [bgcolor=#999999] [border: (1px inset #808080)] [r=2 c=3 rs=1 cs=1]
              RenderText {#text} at (1,1) size 8x16
                text run at (1,1) width 8: "4"
            RenderTableCell {TD} at (390,36) size 196x18 [border: (1px inset #808080)] [r=2 c=4 rs=1 cs=2]
              RenderText {#text} at (1,1) size 8x16
                text run at (1,1) width 8: "5"
            RenderTableCell {TD} at (586,36) size 98x18 [border: (1px inset #808080)] [r=2 c=6 rs=1 cs=1]
              RenderText {#text} at (1,1) size 8x16
                text run at (1,1) width 8: "7"
            RenderTableCell {TD} at (684,36) size 98x18 [bgcolor=#999999] [border: (1px inset #808080)] [r=2 c=7 rs=1 cs=1]
              RenderText {#text} at (1,1) size 8x16
                text run at (1,1) width 8: "8"
          RenderTableRow {TR} at (0,54) size 782x18
            RenderTableCell {TD} at (0,54) size 488x18 [bgcolor=#999999] [border: (1px inset #808080)] [r=3 c=0 rs=1 cs=5]
              RenderText {#text} at (1,1) size 8x16
                text run at (1,1) width 8: "1"
            RenderTableCell {TD} at (488,54) size 98x18 [bgcolor=#999999] [border: (1px inset #808080)] [r=3 c=5 rs=1 cs=1]
              RenderText {#text} at (1,1) size 8x16
                text run at (1,1) width 8: "6"
            RenderTableCell {TD} at (586,54) size 196x18 [bgcolor=#999999] [border: (1px inset #808080)] [r=3 c=6 rs=1 cs=2]
              RenderText {#text} at (1,1) size 8x16
                text run at (1,1) width 8: "7"
