layer at (0,0) size 800x600
  RenderView at (0,0) size 800x600
layer at (0,0) size 800x56
  RenderBlock {html} at (0,0) size 800x56
    RenderBody {body} at (8,8) size 784x0
      RenderBlock (floating) {float} at (0,0) size 154x48 [bgcolor=#FF0000]
        RenderTable at (0,0) size 154x48
          RenderTableSection (anonymous) at (0,0) size 154x48
            RenderTableRow (anonymous) at (0,0) size 154x16
              RenderTableCell {cell} at (0,0) size 154x16 [color=#FFFFFF] [bgcolor=#008000] [r=0 c=0 rs=1 cs=1]
                RenderText {#text} at (51,0) size 52x16
                  text run at (51,0) width 52: "THERE"
            RenderTableRow {row} at (0,16) size 154x16
              RenderTableCell (anonymous) at (0,16) size 154x16 [r=1 c=0 rs=1 cs=1]
                RenderTable {table} at (0,0) size 154x16
                  RenderTableSection (anonymous) at (0,0) size 154x16
                    RenderTableRow (anonymous) at (0,0) size 154x16
                      RenderTableCell {cell} at (0,0) size 80x16 [color=#FFFFFF] [bgcolor=#008000] [r=0 c=0 rs=1 cs=1]
                        RenderText {#text} at (0,0) size 80x16
                          text run at (0,0) width 80: "SHOULD B"
                      RenderTableCell {cell} at (80,0) size 26x16 [color=#FFFFFF] [bgcolor=#008000] [r=0 c=1 rs=1 cs=1]
                        RenderText {#text} at (0,0) size 26x16
                          text run at (0,0) width 26: "E N"
                      RenderTableCell {cell} at (106,0) size 48x16 [color=#FFFFFF] [bgcolor=#008000] [r=0 c=2 rs=1 cs=1]
                        RenderText {#text} at (0,0) size 48x16
                          text run at (0,0) width 48: "O RED"
            RenderTableRow (anonymous) at (0,32) size 154x16
              RenderTableCell {cell} at (0,32) size 154x16 [color=#FFFFFF] [bgcolor=#008000] [r=2 c=0 rs=1 cs=1]
                RenderText {#text} at (31,0) size 92x16
                  text run at (31,0) width 92: "ANYWHERE"
