layer at (0,0) size 800x600
  RenderView at (0,0) size 800x600
layer at (0,0) size 800x136
  RenderBlock {HTML} at (0,0) size 800x136
    RenderBody {BODY} at (0,0) size 800x136
layer at (0,0) size 266x136 clip at (3,3) size 260x130 scrollHeight 144
  RenderBlock {DIV} at (0,0) size 266x136 [border: (3px solid #008000)]
    RenderTable {TABLE} at (16,3) size 63x144
      RenderTableSection {TBODY} at (0,0) size 63x144
        RenderTableRow {TR} at (0,0) size 63x144
          RenderTableCell {TD} at (0,0) size 63x144 [r=0 c=0 rs=1 cs=1]
            RenderText {#text} at (0,0) size 63x130
              text run at (0,0) width 63: "This____"
              text run at (0,13) width 63: "text____"
              text run at (0,26) width 63: "should__"
              text run at (0,39) width 63: "be______"
              text run at (0,52) width 63: "wrapped,"
              text run at (0,65) width 63: "one_____"
              text run at (0,78) width 63: "word____"
              text run at (0,91) width 63: "to______"
              text run at (0,104) width 63: "a_______"
              text run at (0,117) width 63: "line.___"
            RenderInline {SPAN} at (0,0) size 57x12 [color=#FFFF00] [bgcolor=#FF0000]
              RenderText {#text} at (0,131) size 57x12
                text run at (0,131) width 57: "_FAIL!__"
            RenderText {#text} at (0,0) size 0x0
