layer at (0,0) size 800x600
  RenderView at (0,0) size 800x600
layer at (0,0) size 800x172
  RenderBlock {HTML} at (0,0) size 800x172
    RenderBody {BODY} at (8,8) size 784x156
      RenderTable {TABLE} at (0,0) size 200x138 [bgcolor=#008000]
        RenderTableSection {TBODY} at (0,0) size 200x138
          RenderTableRow {TR} at (0,60) size 200x18 [bgcolor=#FF0000]
            RenderTableCell {TD} at (60,60) size 80x18 [r=0 c=0 rs=1 cs=1]
              RenderText {#text} at (1,1) size 22x16
                text run at (1,1) width 22: "foo"
      RenderBlock {DIV} at (0,138) size 262x18 [border: (1px solid #000000)]
        RenderText {#text} at (1,1) size 40x16
          text run at (1,1) width 40: "260px"
