layer at (0,0) size 800x600
  RenderView at (0,0) size 800x600
layer at (0,0) size 800x600
  RenderBlock {HTML} at (0,0) size 800x600
    RenderBody {BODY} at (8,8) size 784x584
      RenderTable {TABLE} at (0,0) size 653x223 [border: (1px outset #808080)]
        RenderTableSection {TBODY} at (1,1) size 651x221
          RenderTableRow {TR} at (0,2) size 651x217
            RenderTableCell {TD} at (2,2) size 647x217 [border: (1px inset #808080)] [r=0 c=0 rs=1 cs=6]
              RenderTable {TABLE} at (2,2) size 638x213 [border: (1px outset #808080)]
                RenderTableSection {TBODY} at (1,1) size 636x211
                  RenderTableRow {TR} at (0,2) size 636x20
                    RenderTableCell {TD} at (2,2) size 632x20 [border: (1px inset #808080)] [r=0 c=0 rs=1 cs=1]
                      RenderText {#text} at (2,2) size 22x16
                        text run at (2,2) width 22: "foo"
                  RenderTableRow {TR} at (0,24) size 636x185
                    RenderTableCell {TD} at (2,24) size 632x185 [border: (1px inset #808080)] [r=1 c=0 rs=1 cs=1]
                      RenderTable {TABLE} at (2,2) size 628x181 [border: (1px outset #808080)]
                        RenderTableSection {TBODY} at (1,1) size 626x179
                          RenderTableRow {TR} at (0,2) size 626x47
                            RenderTableCell {TD} at (2,2) size 25x20 [border: (1px inset #808080)] [r=0 c=0 rs=1 cs=1]
                              RenderText {#text} at (2,2) size 21x16
                                text run at (2,2) width 21: "bar"
                            RenderTableCell {TD} at (29,15) size 595x20 [border: (1px inset #808080)] [r=0 c=1 rs=1 cs=1]
                              RenderText {#text} at (286,2) size 23x16
                                text run at (286,2) width 23: "baz"
                          RenderTableRow {TR} at (0,51) size 626x126
                            RenderTableCell {TD} at (2,51) size 25x20 [border: (1px inset #808080)] [r=1 c=0 rs=1 cs=1]
                              RenderText {#text} at (2,2) size 20x16
                                text run at (2,2) width 20: "faz"
                            RenderTableCell {TD} at (29,51) size 595x126 [border: (1px inset #808080)] [r=1 c=1 rs=1 cs=1]
                              RenderTable {TABLE} at (2,2) size 591x122 [border: (1px outset #808080)]
                                RenderTableSection {TBODY} at (1,1) size 589x120
                                  RenderTableRow {TR} at (0,2) size 589x116
                                    RenderTableCell {TD} at (2,2) size 585x116 [border: (1px inset #808080)] [r=0 c=0 rs=1 cs=2]
                                      RenderTable {TABLE} at (2,2) size 581x112 [border: (1px outset #808080)]
                                        RenderTableSection {TBODY} at (1,1) size 579x110
                                          RenderTableRow {TR} at (0,2) size 579x106
                                            RenderTableCell {TD} at (2,2) size 112x20 [border: (1px inset #808080)] [r=0 c=0 rs=1 cs=1]
                                              RenderText {#text} at (2,2) size 24x16
                                                text run at (2,2) width 24: "frip"
                                            RenderTableCell {TD} at (116,2) size 461x106 [border: (1px inset #808080)] [r=0 c=1 rs=1 cs=1]
                                              RenderBlock (anonymous) at (2,2) size 457x16
                                                RenderText {#text} at (158,0) size 141x16
                                                  text run at (158,0) width 141: "Feel free to browse ..."
                                              RenderBlock {P} at (2,34) size 457x0
                                              RenderBlock {CENTER} at (2,34) size 457x70
                                                RenderTable {TABLE} at (92,0) size 273x70 [border: (1px outset #808080)]
                                                  RenderTableSection {TBODY} at (1,1) size 271x68
                                                    RenderTableRow {TR} at (0,2) size 271x20
                                                      RenderTableCell {TD} at (2,2) size 145x20 [border: (1px inset #808080)] [r=0 c=0 rs=1 cs=1]
                                                        RenderInline {A} at (0,0) size 52x16 [color=#551A8B]
                                                          RenderText {#text} at (2,2) size 52x16
                                                            text run at (2,2) width 52: "Holiday"
                                                      RenderTableCell {TD} at (149,2) size 120x20 [border: (1px inset #808080)] [r=0 c=1 rs=1 cs=1]
                                                        RenderInline {A} at (0,0) size 30x16 [color=#551A8B]
                                                          RenderText {#text} at (2,2) size 30x16
                                                            text run at (2,2) width 30: "Cars"
                                                    RenderTableRow {TR} at (0,24) size 271x20
                                                      RenderTableCell {TD} at (2,24) size 145x20 [border: (1px inset #808080)] [r=1 c=0 rs=1 cs=1]
                                                        RenderInline {A} at (0,0) size 41x16 [color=#551A8B]
                                                          RenderText {#text} at (2,2) size 41x16
                                                            text run at (2,2) width 41: "Sports"
                                                      RenderTableCell {TD} at (149,24) size 120x20 [border: (1px inset #808080)] [r=1 c=1 rs=1 cs=1]
                                                        RenderInline {A} at (0,0) size 55x16 [color=#551A8B]
                                                          RenderText {#text} at (2,2) size 55x16
                                                            text run at (2,2) width 55: "Animals"
                                                    RenderTableRow {TR} at (0,46) size 271x20
                                                      RenderTableCell {TD} at (2,46) size 145x20 [border: (1px inset #808080)] [r=2 c=0 rs=1 cs=1]
                                                        RenderInline {A} at (0,0) size 71x16 [color=#551A8B]
                                                          RenderText {#text} at (2,2) size 71x16
                                                            text run at (2,2) width 71: "Computers"
                                                      RenderTableCell {TD} at (149,46) size 120x20 [border: (1px inset #808080)] [r=2 c=1 rs=1 cs=1]
                                                        RenderInline {A} at (0,0) size 58x16 [color=#551A8B]
                                                          RenderText {#text} at (2,2) size 58x16
                                                            text run at (2,2) width 58: "Cartoons"
      RenderBlock (anonymous) at (0,223) size 784x16
        RenderBR {BR} at (0,0) size 0x16
      RenderBlock {P} at (0,255) size 784x48
        RenderText {#text} at (0,0) size 561x16
          text run at (0,0) width 561: "The second (nested) table below has fixed widths 300px, 500px, 200px (outer to inner)."
        RenderBR {BR} at (560,12) size 1x0
        RenderText {#text} at (0,16) size 66x16
          text run at (0,16) width 66: "When the "
        RenderInline {CODE} at (0,0) size 56x13
          RenderText {#text} at (65,18) size 56x13
            text run at (65,18) width 56: "a:hover"
        RenderText {#text} at (120,16) size 119x16
          text run at (120,16) width 119: " for 'Holiday' gets "
        RenderInline {CODE} at (0,0) size 102x13
          RenderText {#text} at (238,18) size 102x13
            text run at (238,18) width 102: "'onMouseOver'"
        RenderText {#text} at (339,16) size 217x16
          text run at (339,16) width 217: ", the outer table reflows to 300px,"
        RenderBR {BR} at (555,28) size 1x0
        RenderText {#text} at (0,32) size 311x16
          text run at (0,32) width 311: "clipping the middle (500px) table in the process."
      RenderTable {TABLE} at (0,319) size 300x26 [border: (1px outset #808080)]
        RenderTableSection {TBODY} at (1,1) size 298x24
          RenderTableRow {TR} at (0,2) size 298x20
            RenderTableCell {TD} at (2,2) size 294x20 [border: (1px inset #808080)] [r=0 c=0 rs=1 cs=1]
              RenderText {#text} at (2,2) size 177x16
                text run at (2,2) width 177: "300px wide for comparison"
      RenderBlock (anonymous) at (0,345) size 784x16
        RenderBR {BR} at (0,0) size 0x16
      RenderTable {TABLE} at (0,361) size 510x46 [border: (1px outset #808080)]
        RenderTableSection {TBODY} at (1,1) size 508x44
          RenderTableRow {TR} at (0,2) size 508x40
            RenderTableCell {TD} at (2,2) size 504x40 [border: (1px inset #808080)] [r=0 c=0 rs=1 cs=1]
              RenderTable {TABLE} at (2,2) size 500x36 [border: (1px outset #808080)]
                RenderTableSection {TBODY} at (1,1) size 498x34
                  RenderTableRow {TR} at (0,2) size 498x30
                    RenderTableCell {TD} at (2,2) size 494x30 [border: (1px inset #808080)] [r=0 c=0 rs=1 cs=1]
                      RenderTable {TABLE} at (2,2) size 200x26 [border: (1px outset #808080)]
                        RenderTableSection {TBODY} at (1,1) size 198x24
                          RenderTableRow {TR} at (0,2) size 198x20
                            RenderTableCell {TD} at (2,2) size 194x20 [border: (1px inset #808080)] [r=0 c=0 rs=1 cs=1]
                              RenderInline {A} at (0,0) size 52x16 [color=#551A8B]
                                RenderText {#text} at (2,2) size 52x16
                                  text run at (2,2) width 52: "Holiday"
