layer at (0,0) size 800x600
  RenderView at (0,0) size 800x600
layer at (0,0) size 800x600
  RenderBlock {HTML} at (0,0) size 800x600
    RenderBody {BODY} at (8,8) size 784x584
      RenderTable {TABLE} at (0,0) size 784x70
        RenderTableSection {TBODY} at (0,0) size 784x70
          RenderTableRow {TR} at (0,2) size 784x24
            RenderTableCell {TD} at (2,2) size 780x24 [r=0 c=0 rs=1 cs=1]
              RenderTable {TABLE} at (1,1) size 778x22
                RenderTableSection {TBODY} at (0,0) size 778x22
                  RenderTableRow {TR} at (0,2) size 778x18
                    RenderTableCell {TD} at (2,2) size 774x18 [r=0 c=0 rs=1 cs=1]
                      RenderText {#text} at (1,1) size 242x16
                        text run at (1,1) width 242: "text below cant break out of this table"
          RenderTableRow {TR} at (0,28) size 784x40
            RenderTableCell {TD} at (2,28) size 780x40 [r=1 c=0 rs=1 cs=1]
              RenderTable {TABLE} at (1,1) size 778x38
                RenderTableSection {TBODY} at (0,0) size 778x38
                  RenderTableRow {TR} at (0,2) size 778x34
                    RenderTableCell {TD} at (2,2) size 774x34 [r=0 c=0 rs=1 cs=1]
                      RenderText {#text} at (1,1) size 763x32
                        text run at (1,1) width 567: "Text Text Text Text Text Text Text Text Text Text Text Text Text Text Text Text Text "
                        text run at (567,1) width 197: "Text Text Text Text Text Text"
                        text run at (1,17) width 363: "Text Text Text Text Text Text Text Text Text Text Text"
