layer at (0,0) size 800x600
  RenderView at (0,0) size 800x600
layer at (0,0) size 800x600
  RenderBlock {HTML} at (0,0) size 800x600
    RenderBody {BODY} at (8,8) size 784x584 [bgcolor=#3333FF]
      RenderBlock {CENTER} at (0,0) size 784x65
        RenderTable {TABLE} at (183,0) size 418x65 [bgcolor=#FFFFFF] [border: (2px outset #808080)]
          RenderBlock {CAPTION} at (0,0) size 418x21
            RenderInline {B} at (0,0) size 130x16
              RenderInline {FONT} at (0,0) size 130x20 [color=#C0C0C0]
                RenderText {#text} at (144,0) size 130x20
                  text run at (144,0) width 130: "Future Bugzilla"
            RenderText {#text} at (0,0) size 0x0
          RenderTableSection {TBODY} at (2,23) size 414x40
            RenderTableRow {TR} at (0,2) size 414x17
              RenderTableCell {TD} at (2,2) size 41x17 [bgcolor=#009900] [border: (1px inset #808080)] [r=0 c=0 rs=1 cs=1]
                RenderBlock {DIV} at (2,2) size 37x13
                  RenderInline {B} at (0,0) size 37x16
                    RenderInline {FONT} at (0,0) size 37x13
                      RenderText {#text} at (0,0) size 37x13
                        text run at (0,0) width 37: "Credit"
              RenderTableCell {TD} at (45,2) size 37x17 [bgcolor=#009900] [border: (1px inset #808080)] [r=0 c=1 rs=1 cs=1]
                RenderInline {B} at (0,0) size 23x16
                  RenderInline {FONT} at (0,0) size 23x13
                    RenderText {#text} at (2,2) size 23x13
                      text run at (2,2) width 23: "Bug"
              RenderTableCell {TD} at (84,2) size 136x17 [bgcolor=#009900] [border: (1px inset #808080)] [r=0 c=2 rs=1 cs=1]
                RenderInline {B} at (0,0) size 55x16
                  RenderInline {FONT} at (0,0) size 55x13
                    RenderText {#text} at (2,2) size 55x13
                      text run at (2,2) width 55: "Summary"
              RenderTableCell {TD} at (222,2) size 54x17 [bgcolor=#009900] [border: (1px inset #808080)] [r=0 c=3 rs=1 cs=1]
                RenderInline {B} at (0,0) size 35x16
                  RenderInline {FONT} at (0,0) size 35x13
                    RenderText {#text} at (2,2) size 35x13
                      text run at (2,2) width 35: "Status"
              RenderTableCell {TD} at (278,2) size 64x17 [bgcolor=#009900] [border: (1px inset #808080)] [r=0 c=4 rs=1 cs=1]
                RenderInline {B} at (0,0) size 60x16
                  RenderInline {FONT} at (0,0) size 60x13
                    RenderText {#text} at (2,2) size 60x13
                      text run at (2,2) width 60: "Resolution"
              RenderTableCell {TD} at (344,2) size 68x17 [bgcolor=#009900] [border: (1px inset #808080)] [r=0 c=5 rs=1 cs=1]
                RenderInline {B} at (0,0) size 64x16
                  RenderInline {FONT} at (0,0) size 64x13
                    RenderText {#text} at (2,2) size 64x13
                      text run at (2,2) width 64: "Date (-8/-7)"
            RenderTableRow {TR} at (0,21) size 414x17
              RenderTableCell {TD} at (2,21) size 41x17 [bgcolor=#FF0000] [border: (1px inset #808080)] [r=1 c=0 rs=1 cs=1]
                RenderInline {B} at (0,0) size 7x16
                  RenderInline {FONT} at (0,0) size 7x13
                    RenderText {#text} at (2,2) size 7x13
                      text run at (2,2) width 7: "1"
              RenderTableCell {TD} at (45,21) size 37x17 [bgcolor=#FF0000] [border: (1px inset #808080)] [r=1 c=1 rs=1 cs=1]
                RenderInline {B} at (0,0) size 33x16
                  RenderInline {FONT} at (0,0) size 33x13
                    RenderText {#text} at (0,0) size 0x0
                    RenderInline {A} at (0,0) size 33x13
                      RenderText {#text} at (2,2) size 33x13
                        text run at (2,2) width 33: "10000"
                    RenderText {#text} at (0,0) size 0x0
              RenderTableCell {TD} at (84,21) size 136x17 [bgcolor=#FF0000] [border: (1px inset #808080)] [r=1 c=2 rs=1 cs=1]
                RenderInline {B} at (0,0) size 132x16
                  RenderInline {FONT} at (0,0) size 132x13
                    RenderText {#text} at (2,2) size 132x13
                      text run at (2,2) width 132: "JWZ returns to Mozilla"
              RenderTableCell {TD} at (222,21) size 54x17 [bgcolor=#FF0000] [border: (1px inset #808080)] [r=1 c=3 rs=1 cs=1]
                RenderInline {B} at (0,0) size 50x16
                  RenderInline {FONT} at (0,0) size 50x13
                    RenderText {#text} at (2,2) size 50x13
                      text run at (2,2) width 50: "Resolved"
              RenderTableCell {TD} at (278,21) size 64x17 [bgcolor=#FF0000] [border: (1px inset #808080)] [r=1 c=4 rs=1 cs=1]
                RenderInline {B} at (0,0) size 54x16
                  RenderInline {FONT} at (0,0) size 54x13
                    RenderText {#text} at (2,2) size 54x13
                      text run at (2,2) width 54: "Duplicate"
              RenderTableCell {TD} at (344,21) size 68x17 [bgcolor=#FF0000] [border: (1px inset #808080)] [r=1 c=5 rs=1 cs=1]
                RenderInline {B} at (0,0) size 34x16
                  RenderInline {FONT} at (0,0) size 34x13
                    RenderText {#text} at (2,2) size 34x13
                      text run at (2,2) width 34: "July 1"
