layer at (0,0) size 2410x600
  RenderView at (0,0) size 800x600
layer at (0,0) size 800x600
  RenderBlock {HTML} at (0,0) size 800x600
    RenderBody {BODY} at (8,8) size 784x584
      RenderBlock (anonymous) at (0,0) size 784x16
        RenderBR {BR} at (0,0) size 0x16
      RenderTable {TABLE} at (0,16) size 324x52 [border: (1px outset #808080)]
        RenderTableSection {TBODY} at (1,1) size 322x50
          RenderTableRow {TR} at (0,0) size 322x50
            RenderTableCell {TD} at (0,0) size 322x50 [border: (1px inset #808080)] [r=0 c=0 rs=1 cs=1]
              RenderText {#text} at (1,1) size 318x48
                text run at (1,1) width 288: "Hotmail's Junk Mail spreading effort just got"
                text run at (1,17) width 46: "better! "
                text run at (46,17) width 273: "Now you can choose from 3 levels of junk"
                text run at (1,33) width 34: "mail!"
      RenderBlock (anonymous) at (0,68) size 784x64
        RenderBR {BR} at (0,0) size 0x16
        RenderBR {BR} at (0,16) size 0x16
        RenderText {#text} at (0,32) size 447x16
          text run at (0,32) width 447: "the next table must overrun the visible part of the view (width=2400) "
        RenderBR {BR} at (0,0) size 0x0
        RenderBR {BR} at (0,48) size 0x16
      RenderTable {TABLE} at (0,132) size 2402x52 [border: (1px outset #808080)]
        RenderTableSection {TBODY} at (1,1) size 2400x50
          RenderTableRow {TR} at (0,0) size 2400x50
            RenderTableCell {TD} at (0,0) size 2400x50 [border: (1px inset #808080)] [r=0 c=0 rs=1 cs=1]
              RenderText {#text} at (1,1) size 2375x48
                text run at (1,1) width 338: "Hotmail's Junk Mail spreading effort just got better! "
                text run at (338,1) width 314: "Now you can choose from 3 levels of junk mail! "
                text run at (651,1) width 338: "Hotmail's Junk Mail spreading effort just got better! "
                text run at (988,1) width 315: "Now you can choose from 3 levels of junk mail! "
                text run at (1302,1) width 338: "Hotmail's Junk Mail spreading effort just got better! "
                text run at (1639,1) width 315: "Now you can choose from 3 levels of junk mail! "
                text run at (1953,1) width 338: "Hotmail's Junk Mail spreading effort just got better! "
                text run at (2290,1) width 86: "Now you can"
                text run at (1,17) width 225: "choose from 3 levels of junk mail! "
                text run at (225,17) width 338: "Hotmail's Junk Mail spreading effort just got better! "
                text run at (562,17) width 315: "Now you can choose from 3 levels of junk mail! "
                text run at (876,17) width 338: "Hotmail's Junk Mail spreading effort just got better! "
                text run at (1213,17) width 314: "Now you can choose from 3 levels of junk mail! "
                text run at (1526,17) width 338: "Hotmail's Junk Mail spreading effort just got better! "
                text run at (1863,17) width 315: "Now you can choose from 3 levels of junk mail! "
                text run at (2177,17) width 197: "Hotmail's Junk Mail spreading"
                text run at (1,33) width 137: "effort just got better! "
                text run at (137,33) width 315: "Now you can choose from 3 levels of junk mail! "
                text run at (451,33) width 338: "Hotmail's Junk Mail spreading effort just got better! "
                text run at (788,33) width 315: "Now you can choose from 3 levels of junk mail! "
                text run at (1102,33) width 338: "Hotmail's Junk Mail spreading effort just got better! "
                text run at (1439,33) width 311: "Now you can choose from 3 levels of junk mail!"
