layer at (0,0) size 800x600
  RenderView at (0,0) size 800x600
layer at (0,0) size 800x219
  RenderBlock {HTML} at (0,0) size 800x218.88
    RenderBody {BODY} at (8,21.44) size 784x189.44
      RenderBlock {H1} at (0,0) size 784x32
        RenderText {#text} at (0,0) size 353x32
          text run at (0,0) width 353: "insertRow() bugs, 0 based"
      RenderTable {TABLE} at (0,53.44) size 151x136 [border: (1px outset #808080)]
        RenderTableSection {TBODY} at (1,1) size 149x134
          RenderTableRow {TR} at (0,2) size 149x20
            RenderTableCell {TD} at (2,2) size 145x20 [border: (1px inset #808080)] [r=0 c=0 rs=1 cs=1]
              RenderText {#text} at (2,2) size 141x16
                text run at (2,2) width 141: "This is row number 0."
          RenderTableRow {TR} at (0,24) size 149x20
            RenderTableCell {TD} at (2,24) size 145x20 [border: (1px inset #808080)] [r=1 c=0 rs=1 cs=1]
              RenderText {#text} at (2,2) size 141x16
                text run at (2,2) width 141: "This is row number 1."
          RenderTableRow {TR} at (0,46) size 149x20
            RenderTableCell {TD} at (2,46) size 145x20 [border: (1px inset #808080)] [r=2 c=0 rs=1 cs=1]
              RenderText {#text} at (2,2) size 141x16
                text run at (2,2) width 141: "This is row number 2."
          RenderTableRow {TR} at (0,68) size 149x20
            RenderTableCell {TD} at (2,68) size 145x20 [border: (1px inset #808080)] [r=3 c=0 rs=1 cs=1]
              RenderText {#text} at (2,2) size 141x16
                text run at (2,2) width 141: "This is row number 3."
          RenderTableRow {TR} at (0,90) size 149x20
            RenderTableCell {TD} at (2,90) size 145x20 [border: (1px inset #808080)] [r=4 c=0 rs=1 cs=1]
              RenderText {#text} at (2,2) size 141x16
                text run at (2,2) width 141: "This is row number 4."
          RenderTableRow {TR} at (0,112) size 149x20
            RenderTableCell {TD} at (2,112) size 145x20 [border: (1px inset #808080)] [r=5 c=0 rs=1 cs=1]
              RenderText {#text} at (2,2) size 141x16
                text run at (2,2) width 141: "This is row number 5."
