layer at (0,0) size 800x600
  RenderView at (0,0) size 800x600
layer at (0,0) size 800x600
  RenderBlock {HTML} at (0,0) size 800x600
    RenderBody {BODY} at (8,8) size 784x576
      RenderBlock {P} at (0,0) size 784x32
        RenderText {#text} at (0,0) size 783x32
          text run at (0,0) width 486: "This tests to make sure that breaking a quoted list doesn't renumber the list. "
          text run at (485,0) width 298: "You should see a list broken in two below, the"
          text run at (0,16) width 191: "list items numbered 1, 2, 3, 4."
      RenderBlock {DIV} at (0,48) size 784x112
        RenderBlock {BLOCKQUOTE} at (2,0) size 742x32 [color=#0000FF] [border: none (2px solid #0000FF)]
          RenderBlock {OL} at (2,0) size 740x32
            RenderListItem {LI} at (40,0) size 700x16
              RenderListMarker at (-20,0) size 16x16: "1"
              RenderText {#text} at (0,0) size 27x16
                text run at (0,0) width 27: "One"
            RenderListItem {LI} at (40,16) size 700x16
              RenderListMarker at (-20,0) size 16x16: "2"
              RenderText {#text} at (0,0) size 30x16
                text run at (0,0) width 30: "Two"
        RenderBlock (anonymous) at (0,48) size 784x16
          RenderBR {BR} at (0,0) size 0x16
        RenderBlock {BLOCKQUOTE} at (2,80) size 742x32 [color=#0000FF] [border: none (2px solid #0000FF)]
          RenderBlock {OL} at (2,0) size 740x32
            RenderListItem {LI} at (40,0) size 700x16
              RenderListMarker at (-20,0) size 16x16: "3"
              RenderText {#text} at (0,0) size 38x16
                text run at (0,0) width 38: "Three"
            RenderListItem {LI} at (40,16) size 700x16
              RenderListMarker at (-20,0) size 16x16: "4"
              RenderText {#text} at (0,0) size 31x16
                text run at (0,0) width 31: "Four"
caret: position 0 of child 2 {BR} of child 3 {DIV} of body
