EDITING DELEGATE: webViewDidChangeSelection:WebViewDidChangeSelectionNotification
EDITING DELEGATE: webViewDidChangeSelection:WebViewDidChangeSelectionNotification
EDITING DELEGATE: webViewDidChangeSelection:WebViewDidChangeSelectionNotification
EDITING DELEGATE: webViewDidChangeSelection:WebViewDidChangeSelectionNotification
EDITING DELEGATE: webViewDidChange:WebViewDidChangeNotification
layer at (0,0) size 800x600
  RenderView at (0,0) size 800x600
layer at (0,0) size 800x600
  RenderBlock {HTML} at (0,0) size 800x600
    RenderBody {BODY} at (8,8) size 784x584
      RenderBlock {P} at (0,0) size 784x32
        RenderText {#text} at (0,0) size 774x32
          text run at (0,0) width 435: "This tests Indent on a selection that ends at the start of a paragraph. "
          text run at (434,0) width 340: "Since we don't paint the gap before the paragraph for"
          text run at (0,16) width 594: "most selections like this, we don't perform Indent on the paragraph that the selection ends in."
      RenderBlock {DIV} at (0,48) size 784x32
        RenderBlock {BLOCKQUOTE} at (40,0) size 744x16
          RenderText {#text} at (0,0) size 226x16
            text run at (0,0) width 226: "This paragraph should be indented."
        RenderBlock (anonymous) at (0,16) size 784x16
          RenderText {#text} at (0,0) size 250x16
            text run at (0,0) width 250: "This paragraph should not be indented."
          RenderBR {BR} at (249,12) size 1x0
selection start: position 1 of child 0 {#text} of child 0 {BLOCKQUOTE} of child 2 {DIV} of body
selection end:   position 35 of child 0 {#text} of child 0 {BLOCKQUOTE} of child 2 {DIV} of body
