layer at (0,0) size 800x600
  RenderView at (0,0) size 800x600
layer at (0,0) size 800x600
  RenderBlock {HTML} at (0,0) size 800x600
    RenderBody {BODY} at (8,8) size 784x576
      RenderBlock {P} at (0,0) size 784x32
        RenderText {#text} at (0,0) size 751x32
          text run at (0,0) width 294: "This test for a bug in Insert{Un}OrderedList. "
          text run at (293,0) width 458: "Inside an empty editable region, a new paragraph is added, then a list is"
          text run at (0,16) width 55: "created. "
          text run at (54,16) width 130: "The caret should be "
        RenderInline {B} at (0,0) size 41x16
          RenderText {#text} at (183,16) size 41x16
            text run at (183,16) width 41: "inside"
        RenderText {#text} at (223,16) size 129x16
          text run at (223,16) width 129: " the empty list item."
      RenderBlock {DIV} at (0,48) size 784x48
        RenderBlock {DIV} at (0,0) size 784x16
          RenderBR {BR} at (0,0) size 0x16
        RenderBlock {DIV} at (0,32) size 784x16
          RenderBlock {UL} at (0,0) size 784x16
            RenderListItem {LI} at (40,0) size 744x16
              RenderListMarker at (-16,0) size 6x16: bullet
              RenderBR {BR} at (0,0) size 0x16
caret: position 0 of child 0 {BR} of child 0 {LI} of child 0 {UL} of child 1 {DIV} of child 2 {DIV} of body
