layer at (0,0) size 800x600
  RenderView at (0,0) size 800x600
layer at (0,0) size 800x600
  RenderBlock {HTML} at (0,0) size 800x600
    RenderBody {BODY} at (8,8) size 784x584
      RenderBlock {P} at (0,0) size 784x32
        RenderText {#text} at (0,0) size 758x32
          text run at (0,0) width 387: "This tests selection preservation during an indent operation. "
          text run at (386,0) width 372: "The selection should start and end in the same parts of the"
          text run at (0,16) width 369: "words 'foo' and 'bar' before and after the indent operation."
      RenderBlock {DIV} at (0,48) size 784x32
        RenderBlock {BLOCKQUOTE} at (40,0) size 744x32
          RenderInline {SPAN} at (0,0) size 22x16
            RenderText {#text} at (0,0) size 22x16
              text run at (0,0) width 22: "foo"
            RenderBR {BR} at (21,12) size 1x0
          RenderInline {SPAN} at (0,0) size 21x16
            RenderText {#text} at (0,16) size 21x16
              text run at (0,16) width 21: "bar"
selection start: position 1 of child 0 {#text} of child 0 {SPAN} of child 0 {BLOCKQUOTE} of child 2 {DIV} of body
selection end:   position 2 of child 0 {#text} of child 1 {SPAN} of child 0 {BLOCKQUOTE} of child 2 {DIV} of body
