layer at (0,0) size 800x600
  RenderView at (0,0) size 800x600
layer at (0,0) size 800x600
  RenderBlock {HTML} at (0,0) size 800x600
    RenderBody {BODY} at (8,8) size 784x584
      RenderBlock {P} at (0,0) size 784x48
        RenderText {#text} at (0,0) size 773x48
          text run at (0,0) width 752: "This tests for a bug where changing the alignment of an image would result in a selection that wasn't the one that was"
          text run at (0,16) width 240: "present before the alignment change. "
          text run at (239,16) width 534: "The image should be centered and the caret should be the same before and after the"
          text run at (0,32) width 65: "operation."
      RenderBlock {DIV} at (0,64) size 784x135
        RenderBlock (anonymous) at (0,0) size 784x16
          RenderText {#text} at (0,0) size 22x16
            text run at (0,0) width 22: "foo"
          RenderBR {BR} at (21,12) size 1x0
        RenderBlock {DIV} at (0,16) size 784x103
          RenderImage {IMG} at (354,0) size 76x103
        RenderBlock (anonymous) at (0,119) size 784x16
          RenderText {#text} at (0,0) size 23x16
            text run at (0,0) width 23: "baz"
caret: position 0 of child 0 {IMG} of child 2 {DIV} of child 2 {DIV} of body
