layer at (0,0) size 800x600
  RenderView at (0,0) size 800x600
layer at (0,0) size 800x600
  RenderBlock {HTML} at (0,0) size 800x600
    RenderBody {BODY} at (8,8) size 784x576
      RenderBlock {P} at (0,0) size 784x16
        RenderText {#text} at (0,0) size 383x16
          text run at (0,0) width 383: "This tests for a hang when performing InsertUnorderedList."
      RenderBlock {DIV} at (0,32) size 784x80
        RenderBlock {DIV} at (0,0) size 784x16
          RenderText {#text} at (0,0) size 354x16
            text run at (0,0) width 354: "There should be two empty unordered list items below."
        RenderBlock {DIV} at (0,32) size 784x48
          RenderBlock {UL} at (0,0) size 784x48
            RenderListItem {LI} at (40,0) size 744x16
              RenderListMarker at (-16,0) size 6x16: bullet
              RenderBR {BR} at (0,0) size 0x16
            RenderListItem {LI} at (40,16) size 744x16
              RenderListMarker at (-16,0) size 6x16: bullet
              RenderBR {BR} at (0,0) size 0x16
            RenderListItem {LI} at (40,32) size 744x16
              RenderListMarker at (-16,0) size 6x16: bullet
              RenderText {#text} at (0,0) size 243x16
                text run at (0,0) width 243: "This should be an unordered list item."
selection start: position 0 of child 0 {BR} of child 0 {LI} of child 0 {UL} of child 3 {DIV} of child 2 {DIV} of body
selection end:   position 38 of child 0 {#text} of child 2 {LI} of child 0 {UL} of child 3 {DIV} of child 2 {DIV} of body
