layer at (0,0) size 800x600
  RenderView at (0,0) size 800x600
layer at (0,0) size 800x600
  RenderBlock {HTML} at (0,0) size 800x600
    RenderBody {BODY} at (8,8) size 784x584
      RenderBlock {P} at (0,0) size 784x32
        RenderText {#text} at (0,0) size 763x32
          text run at (0,0) width 416: "This tests for a hang when indenting a fully selected table twice. "
          text run at (415,0) width 348: "You should see a twice indented table, with four cells,"
          text run at (0,16) width 44: "below."
      RenderBlock {DIV} at (0,48) size 784x48
        RenderBlock {BLOCKQUOTE} at (40,0) size 744x48
          RenderBlock {BLOCKQUOTE} at (40,0) size 704x48
            RenderTable {TABLE} at (0,0) size 85x48 [border: (1px outset #808080)]
              RenderTableSection {TBODY} at (1,1) size 83x46
                RenderTableRow {TR} at (0,2) size 83x20
                  RenderTableCell {TD} at (2,2) size 42x20 [border: (1px inset #808080)] [r=0 c=0 rs=1 cs=1]
                    RenderText {#text} at (2,2) size 27x16
                      text run at (2,2) width 27: "One"
                  RenderTableCell {TD} at (46,2) size 35x20 [border: (1px inset #808080)] [r=0 c=1 rs=1 cs=1]
                    RenderText {#text} at (2,2) size 30x16
                      text run at (2,2) width 30: "Two"
                RenderTableRow {TR} at (0,24) size 83x20
                  RenderTableCell {TD} at (2,24) size 42x20 [border: (1px inset #808080)] [r=1 c=0 rs=1 cs=1]
                    RenderText {#text} at (2,2) size 38x16
                      text run at (2,2) width 38: "Three"
                  RenderTableCell {TD} at (46,24) size 35x20 [border: (1px inset #808080)] [r=1 c=1 rs=1 cs=1]
                    RenderText {#text} at (2,2) size 31x16
                      text run at (2,2) width 31: "Four"
selection start: position 0 of child 0 {TABLE} of child 0 {BLOCKQUOTE} of child 1 {BLOCKQUOTE} of child 2 {DIV} of body
selection end:   position 2 of child 0 {TABLE} of child 0 {BLOCKQUOTE} of child 1 {BLOCKQUOTE} of child 2 {DIV} of body
