layer at (0,0) size 800x600
  RenderView at (0,0) size 800x600
layer at (0,0) size 800x600
  RenderBlock {HTML} at (0,0) size 800x600
    RenderBody {BODY} at (8,8) size 784x576
      RenderBlock {P} at (0,0) size 784x16
        RenderText {#text} at (0,0) size 697x16
          text run at (0,0) width 697: "This tests for a bug where hitting return inside an empty paragraph in a non-empty list item would remove it."
      RenderBlock {DIV} at (0,32) size 784x48
        RenderBlock {UL} at (0,0) size 784x48
          RenderListItem {LI} at (40,0) size 744x32
            RenderListMarker at (-16,0) size 6x16: bullet
            RenderText {#text} at (0,0) size 22x16
              text run at (0,0) width 22: "foo"
            RenderBR {BR} at (21,12) size 1x0
            RenderBR {BR} at (0,16) size 0x16
          RenderListItem {LI} at (40,32) size 744x16
            RenderListMarker at (-16,0) size 6x16: bullet
            RenderBR {BR} at (0,0) size 0x16
caret: position 0 of child 0 {BR} of child 1 {LI} of child 1 {UL} of child 2 {DIV} of body
