EDITING DELEGATE: webViewDidChangeSelection:WebViewDidChangeSelectionNotification
EDITING DELEGATE: webViewDidChangeSelection:WebViewDidChangeSelectionNotification
EDITING DELEGATE: webViewDidChange:WebViewDidChangeNotification
layer at (0,0) size 800x600
  RenderView at (0,0) size 800x600
layer at (0,0) size 800x600
  RenderBlock {HTML} at (0,0) size 800x600
    RenderBody {BODY} at (8,8) size 784x576
      RenderBlock {P} at (0,0) size 784x32
        RenderText {#text} at (0,0) size 526x16
          text run at (0,0) width 526: "This test pushes a horizontal rule into an unordered list with InsertUnorderedList. "
        RenderInline {B} at (0,0) size 766x32
          RenderText {#text} at (525,0) size 766x32
            text run at (525,0) width 241: "This demonstrates what might be a"
            text run at (0,16) width 32: "bug:"
        RenderText {#text} at (31,16) size 433x16
          text run at (31,16) width 433: " the horizontal rule appears before the list marker in the render tree."
      RenderBlock {DIV} at (0,48) size 784x26
        RenderBlock {UL} at (0,0) size 784x26
          RenderListItem {LI} at (40,0) size 744x26
            RenderBlock {HR} at (0,0) size 744x2 [border: (1px inset #EEEEEE)]
            RenderBlock (anonymous) at (0,10) size 744x16
              RenderListMarker at (-16,0) size 6x16: bullet
caret: position 0 of child 0 {HR} of child 0 {LI} of child 0 {UL} of child 2 {DIV} of body
