EDITING DELEGATE: webViewDidChangeSelection:WebViewDidChangeSelectionNotification
EDITING DELEGATE: webViewDidChangeSelection:WebViewDidChangeSelectionNotification
EDITING DELEGATE: webViewDidChange:WebViewDidChangeNotification
layer at (0,0) size 800x600
  RenderView at (0,0) size 800x600
layer at (0,0) size 800x600
  RenderBlock {HTML} at (0,0) size 800x600
    RenderBody {BODY} at (8,8) size 784x584
      RenderBlock {DIV} at (0,0) size 784x41 [border: (1px solid #000000)]
        RenderBlock {PRE} at (1,14) size 782x13
          RenderText {#text} at (0,0) size 24x13
            text run at (0,0) width 24: "Foo"
caret: position 0 of child 0 {#text} of child 1 {PRE} of child 0 {DIV} of body
