EDITING DELEGATE: webViewDidChangeSelection:WebViewDidChangeSelectionNotification
EDITING DELEGATE: webViewDidChangeSelection:WebViewDidChangeSelectionNotification
EDITING DELEGATE: webViewDidChangeSelection:WebViewDidChangeSelectionNotification
EDITING DELEGATE: webViewDidChange:WebViewDidChangeNotification
layer at (0,0) size 800x600
  RenderView at (0,0) size 800x600
layer at (0,0) size 800x600
  RenderBlock {HTML} at (0,0) size 800x600
    RenderBody {BODY} at (8,8) size 784x584
      RenderBlock {DIV} at (0,0) size 784x16
        RenderText {#text} at (0,0) size 369x16
          text run at (0,0) width 369: "This test uses the execCommand to indent the text below."
      RenderBlock (anonymous) at (0,16) size 784x16
        RenderBR {BR} at (0,0) size 0x16
      RenderBlock {DIV} at (0,32) size 784x176
        RenderBlock {BLOCKQUOTE} at (40,0) size 744x48
          RenderBlock (anonymous) at (0,0) size 744x32
            RenderInline {SPAN} at (0,0) size 43x16
              RenderText {#text} at (0,0) size 43x16
                text run at (0,0) width 43: "Lorem"
              RenderBR {BR} at (42,12) size 1x0
            RenderText {#text} at (0,16) size 85x16
              text run at (0,16) width 85: "more Lorem!"
          RenderBlock {BLOCKQUOTE} at (40,32) size 704x16
            RenderText {#text} at (0,0) size 40x16
              text run at (0,0) width 40: "ipsum"
        RenderBlock {BLOCKQUOTE} at (40,64) size 744x48
          RenderBlock {UL} at (0,0) size 744x48
            RenderBlock {UL} at (40,0) size 704x48
              RenderListItem {LI} at (40,0) size 664x16
                RenderListMarker at (-16,0) size 6x16: white bullet
                RenderText {#text} at (0,0) size 25x16
                  text run at (0,0) width 25: "Foo"
              RenderListItem {LI} at (40,16) size 664x16
                RenderListMarker at (-16,0) size 6x16: white bullet
                RenderText {#text} at (0,0) size 24x16
                  text run at (0,0) width 24: "Bar"
              RenderListItem {LI} at (40,32) size 664x16
                RenderListMarker at (-16,0) size 6x16: white bullet
                RenderText {#text} at (0,0) size 25x16
                  text run at (0,0) width 25: "Baz"
        RenderBlock {BLOCKQUOTE} at (40,128) size 744x48
          RenderBlock {BLOCKQUOTE} at (40,0) size 704x16
            RenderText {#text} at (0,0) size 38x16
              text run at (0,0) width 38: "Dolor"
          RenderBlock (anonymous) at (0,16) size 744x32
            RenderText {#text} at (0,0) size 35x16
              text run at (0,0) width 35: "Sum!"
            RenderBR {BR} at (34,12) size 1x0
            RenderInline {SPAN} at (0,0) size 39x16
              RenderText {#text} at (0,16) size 39x16
                text run at (0,16) width 39: "Thing"
selection start: position 0 of child 0 {#text} of child 0 {SPAN} of child 1 {BLOCKQUOTE} of child 4 {DIV} of body
selection end:   position 5 of child 0 {#text} of child 3 {SPAN} of child 3 {BLOCKQUOTE} of child 4 {DIV} of body
