EDITING DELEGATE: webViewDidChangeSelection:WebViewDidChangeSelectionNotification
EDITING DELEGATE: webViewDidChangeSelection:WebViewDidChangeSelectionNotification
EDITING DELEGATE: webViewDidChange:WebViewDidChangeNotification
layer at (0,0) size 800x600
  RenderView at (0,0) size 800x600
layer at (0,0) size 800x600
  RenderBlock {HTML} at (0,0) size 800x600
    RenderBody {BODY} at (8,8) size 784x576
      RenderBlock {DIV} at (0,0) size 784x16
        RenderText {#text} at (0,0) size 381x16
          text run at (0,0) width 381: "This test uses the execCommand to Outdent the text below."
      RenderBlock (anonymous) at (0,16) size 784x16
        RenderBR {BR} at (0,0) size 0x16
      RenderBlock {DIV} at (0,48) size 784x48
        RenderBlock {UL} at (0,0) size 784x48
          RenderListItem {LI} at (40,0) size 744x16
            RenderListMarker at (-16,0) size 6x16: bullet
            RenderText {#text} at (0,0) size 25x16
              text run at (0,0) width 25: "Foo"
          RenderBlock {UL} at (40,16) size 744x16
            RenderListItem {LI} at (40,0) size 704x16
              RenderListMarker at (-16,0) size 6x16: white bullet
              RenderText {#text} at (0,0) size 24x16
                text run at (0,0) width 24: "Bar"
          RenderListItem {LI} at (40,32) size 744x16
            RenderListMarker at (-16,0) size 6x16: bullet
            RenderText {#text} at (0,0) size 25x16
              text run at (0,0) width 25: "Baz"
caret: position 0 of child 0 {#text} of child 0 {LI} of child 3 {UL} of child 1 {UL} of child 4 {DIV} of body
