EDITING DELEGATE: webViewDidChangeSelection:WebViewDidChangeSelectionNotification
EDITING DELEGATE: webViewDidChangeSelection:WebViewDidChangeSelectionNotification
EDITING DELEGATE: webViewDidChangeSelection:WebViewDidChangeSelectionNotification
EDITING DELEGATE: webViewDidChangeSelection:WebViewDidChangeSelectionNotification
EDITING DELEGATE: webViewDidChangeSelection:WebViewDidChangeSelectionNotification
EDITING DELEGATE: webViewDidChangeSelection:WebViewDidChangeSelectionNotification
EDITING DELEGATE: webViewDidChange:WebViewDidChangeNotification
EDITING DELEGATE: webViewDidChangeSelection:WebViewDidChangeSelectionNotification
EDITING DELEGATE: webViewDidChangeSelection:WebViewDidChangeSelectionNotification
EDITING DELEGATE: webViewDidChangeSelection:WebViewDidChangeSelectionNotification
EDITING DELEGATE: webViewDidChangeSelection:WebViewDidChangeSelectionNotification
EDITING DELEGATE: webViewDidChangeSelection:WebViewDidChangeSelectionNotification
EDITING DELEGATE: webViewDidChangeSelection:WebViewDidChangeSelectionNotification
EDITING DELEGATE: webViewDidChange:WebViewDidChangeNotification
layer at (0,0) size 800x600
  RenderView at (0,0) size 800x600
layer at (0,0) size 800x600
  RenderBlock {HTML} at (0,0) size 800x600
    RenderBody {BODY} at (8,8) size 784x584
      RenderBlock {P} at (0,0) size 784x16
        RenderText {#text} at (0,0) size 367x16
          text run at (0,0) width 367: "These are tests for execCommand(InsertHorizontalRule)."
      RenderBlock {P} at (0,32) size 784x16
        RenderText {#text} at (0,0) size 287x16
          text run at (0,0) width 287: "This test inserts an hr between 'foo' and 'bar'."
      RenderBlock {DIV} at (0,64) size 784x50
        RenderBlock (anonymous) at (0,0) size 784x16
          RenderText {#text} at (0,0) size 22x16
            text run at (0,0) width 22: "foo"
        RenderBlock {HR} at (0,24) size 784x2 [border: (1px inset #EEEEEE)]
        RenderBlock (anonymous) at (0,34) size 784x16
          RenderText {#text} at (0,0) size 21x16
            text run at (0,0) width 21: "bar"
      RenderBlock {P} at (0,130) size 784x16
        RenderText {#text} at (0,0) size 646x16
          text run at (0,0) width 646: "This test inserts an hr with id=\"hr\" between 'foo' and 'bar', fetches the hr using its id, then removes it."
      RenderBlock {DIV} at (0,162) size 784x16
        RenderText {#text} at (0,0) size 22x16
          text run at (0,0) width 22: "foo"
        RenderText {#text} at (21,0) size 21x16
          text run at (21,0) width 21: "bar"
caret: position 2 of child 8 {DIV} of body
