layer at (0,0) size 785x2368
  RenderView at (0,0) size 785x600
layer at (0,0) size 785x2368
  RenderBlock {HTML} at (0,0) size 785x2368.13
    RenderBody {BODY} at (8,21.44) size 769x2338.69
      RenderBlock {H1} at (0,0) size 769x37
        RenderText {#text} at (0,0) size 541x36
          text run at (0,0) width 541: "Problems with COLSPAN and WIDTH"
      RenderBlock {P} at (0,58.44) size 769x18
        RenderText {#text} at (0,0) size 260x17
          text run at (0,0) width 260: "Each block of tables should be identical."
      RenderBlock {H2} at (0,96.34) size 769x27
        RenderText {#text} at (0,0) size 129x26
          text run at (0,0) width 129: "Sized Tables"
      RenderBlock {P} at (0,143.25) size 769x36
        RenderText {#text} at (0,0) size 744x35
          text run at (0,0) width 744: "The following tables have width=400, which should make them the same width as the red lines which are caused by"
          text run at (0,18) width 40: "DIVs:"
      RenderBlock {H3} at (0,197.97) size 769x22
        RenderText {#text} at (0,0) size 62x21
          text run at (0,0) width 62: "260/140"
      RenderBlock {DIV} at (0,238.69) size 406x6 [border: (3px solid #FF0000)]
      RenderTable {TABLE} at (0,244.69) size 400x46
        RenderTableSection {TBODY} at (0,0) size 400x46
          RenderTableRow {TR} at (0,2) size 400x20
            RenderTableCell {TD} at (2,2) size 252x20 [bgcolor=#00FF00] [r=0 c=0 rs=1 cs=1]
              RenderText {#text} at (1,1) size 32x17
                text run at (1,1) width 32: "plain"
            RenderTableCell {TD} at (256,2) size 142x20 [bgcolor=#FFFF00] [r=0 c=1 rs=1 cs=1]
              RenderText {#text} at (1,1) size 70x17
                text run at (1,1) width 70: "width=140"
          RenderTableRow {TR} at (0,24) size 400x20
            RenderTableCell {TD} at (2,24) size 396x20 [bgcolor=#FF00FF] [r=1 c=0 rs=1 cs=2]
              RenderText {#text} at (1,1) size 140x17
                text run at (1,1) width 140: "colspan=2 width=400"
      RenderBlock {DIV} at (0,290.69) size 406x6 [border: (3px solid #FF0000)]
      RenderTable {TABLE} at (0,296.69) size 400x46
        RenderTableSection {TBODY} at (0,0) size 400x46
          RenderTableRow {TR} at (0,2) size 400x20
            RenderTableCell {TD} at (2,2) size 262x20 [bgcolor=#00FF00] [r=0 c=0 rs=1 cs=1]
              RenderText {#text} at (1,1) size 70x17
                text run at (1,1) width 70: "width=260"
            RenderTableCell {TD} at (266,2) size 132x20 [bgcolor=#FFFF00] [r=0 c=1 rs=1 cs=1]
              RenderText {#text} at (1,1) size 32x17
                text run at (1,1) width 32: "plain"
          RenderTableRow {TR} at (0,24) size 400x20
            RenderTableCell {TD} at (2,24) size 396x20 [bgcolor=#FF00FF] [r=1 c=0 rs=1 cs=2]
              RenderText {#text} at (1,1) size 140x17
                text run at (1,1) width 140: "colspan=2 width=400"
      RenderBlock {DIV} at (0,342.69) size 406x6 [border: (3px solid #FF0000)]
      RenderTable {TABLE} at (0,348.69) size 400x46
        RenderTableSection {TBODY} at (0,0) size 400x46
          RenderTableRow {TR} at (0,2) size 400x20
            RenderTableCell {TD} at (2,2) size 254x20 [bgcolor=#00FF00] [r=0 c=0 rs=1 cs=1]
              RenderText {#text} at (1,1) size 70x17
                text run at (1,1) width 70: "width=260"
            RenderTableCell {TD} at (258,2) size 140x20 [bgcolor=#FFFF00] [r=0 c=1 rs=1 cs=1]
              RenderText {#text} at (1,1) size 70x17
                text run at (1,1) width 70: "width=140"
          RenderTableRow {TR} at (0,24) size 400x20
            RenderTableCell {TD} at (2,24) size 396x20 [bgcolor=#FF00FF] [r=1 c=0 rs=1 cs=2]
              RenderText {#text} at (1,1) size 140x17
                text run at (1,1) width 140: "colspan=2 width=400"
      RenderBlock {DIV} at (0,394.69) size 406x6 [border: (3px solid #FF0000)]
      RenderTable {TABLE} at (0,400.69) size 400x46
        RenderTableSection {TBODY} at (0,0) size 400x46
          RenderTableRow {TR} at (0,2) size 400x20
            RenderTableCell {TD} at (2,2) size 254x20 [bgcolor=#00FF00] [r=0 c=0 rs=1 cs=1]
              RenderText {#text} at (1,1) size 70x17
                text run at (1,1) width 70: "width=260"
            RenderTableCell {TD} at (258,2) size 140x20 [bgcolor=#FFFF00] [r=0 c=1 rs=1 cs=1]
              RenderText {#text} at (1,1) size 70x17
                text run at (1,1) width 70: "width=140"
          RenderTableRow {TR} at (0,24) size 400x20
            RenderTableCell {TD} at (2,24) size 396x20 [bgcolor=#FF00FF] [r=1 c=0 rs=1 cs=2]
              RenderText {#text} at (1,1) size 66x17
                text run at (1,1) width 66: "colspan=2"
      RenderBlock {DIV} at (0,446.69) size 406x6 [border: (3px solid #FF0000)]
      RenderTable {TABLE} at (0,452.69) size 400x46
        RenderTableSection {TBODY} at (0,0) size 400x46
          RenderTableRow {TR} at (0,2) size 400x20
            RenderTableCell {TD} at (2,2) size 256x20 [bgcolor=#00FF00] [r=0 c=0 rs=1 cs=1]
              RenderText {#text} at (1,1) size 75x17
                text run at (1,1) width 75: "width=65%"
            RenderTableCell {TD} at (260,2) size 138x20 [bgcolor=#FFFF00] [r=0 c=1 rs=1 cs=1]
              RenderText {#text} at (1,1) size 32x17
                text run at (1,1) width 32: "plain"
          RenderTableRow {TR} at (0,24) size 400x20
            RenderTableCell {TD} at (2,24) size 396x20 [bgcolor=#FF00FF] [r=1 c=0 rs=1 cs=2]
              RenderText {#text} at (1,1) size 66x17
                text run at (1,1) width 66: "colspan=2"
      RenderBlock {DIV} at (0,498.69) size 406x6 [border: (3px solid #FF0000)]
      RenderTable {TABLE} at (0,504.69) size 400x46
        RenderTableSection {TBODY} at (0,0) size 400x46
          RenderTableRow {TR} at (0,2) size 400x20
            RenderTableCell {TD} at (2,2) size 257x20 [bgcolor=#00FF00] [r=0 c=0 rs=1 cs=1]
              RenderText {#text} at (1,1) size 32x17
                text run at (1,1) width 32: "plain"
            RenderTableCell {TD} at (261,2) size 137x20 [bgcolor=#FFFF00] [r=0 c=1 rs=1 cs=1]
              RenderText {#text} at (1,1) size 75x17
                text run at (1,1) width 75: "width=35%"
          RenderTableRow {TR} at (0,24) size 400x20
            RenderTableCell {TD} at (2,24) size 396x20 [bgcolor=#FF00FF] [r=1 c=0 rs=1 cs=2]
              RenderText {#text} at (1,1) size 66x17
                text run at (1,1) width 66: "colspan=2"
      RenderBlock {DIV} at (0,550.69) size 406x6 [border: (3px solid #FF0000)]
      RenderTable {TABLE} at (0,556.69) size 400x46
        RenderTableSection {TBODY} at (0,0) size 400x46
          RenderTableRow {TR} at (0,2) size 400x20
            RenderTableCell {TD} at (2,2) size 257x20 [bgcolor=#00FF00] [r=0 c=0 rs=1 cs=1]
              RenderText {#text} at (1,1) size 75x17
                text run at (1,1) width 75: "width=65%"
            RenderTableCell {TD} at (261,2) size 137x20 [bgcolor=#FFFF00] [r=0 c=1 rs=1 cs=1]
              RenderText {#text} at (1,1) size 75x17
                text run at (1,1) width 75: "width=35%"
          RenderTableRow {TR} at (0,24) size 400x20
            RenderTableCell {TD} at (2,24) size 396x20 [bgcolor=#FF00FF] [r=1 c=0 rs=1 cs=2]
              RenderText {#text} at (1,1) size 66x17
                text run at (1,1) width 66: "colspan=2"
      RenderBlock {DIV} at (0,602.69) size 406x6 [border: (3px solid #FF0000)]
      RenderBlock {H3} at (0,627.41) size 769x22
        RenderText {#text} at (0,0) size 62x21
          text run at (0,0) width 62: "140/260"
      RenderBlock {DIV} at (0,668.13) size 406x6 [border: (3px solid #FF0000)]
      RenderTable {TABLE} at (0,674.13) size 400x46
        RenderTableSection {TBODY} at (0,0) size 400x46
          RenderTableRow {TR} at (0,2) size 400x20
            RenderTableCell {TD} at (2,2) size 142x20 [bgcolor=#00FF00] [r=0 c=0 rs=1 cs=1]
              RenderText {#text} at (1,1) size 70x17
                text run at (1,1) width 70: "width=140"
            RenderTableCell {TD} at (146,2) size 252x20 [bgcolor=#FFFF00] [r=0 c=1 rs=1 cs=1]
              RenderText {#text} at (1,1) size 32x17
                text run at (1,1) width 32: "plain"
          RenderTableRow {TR} at (0,24) size 400x20
            RenderTableCell {TD} at (2,24) size 396x20 [bgcolor=#FF00FF] [r=1 c=0 rs=1 cs=2]
              RenderText {#text} at (1,1) size 140x17
                text run at (1,1) width 140: "colspan=2 width=400"
      RenderBlock {DIV} at (0,720.13) size 406x6 [border: (3px solid #FF0000)]
      RenderTable {TABLE} at (0,726.13) size 400x46
        RenderTableSection {TBODY} at (0,0) size 400x46
          RenderTableRow {TR} at (0,2) size 400x20
            RenderTableCell {TD} at (2,2) size 132x20 [bgcolor=#00FF00] [r=0 c=0 rs=1 cs=1]
              RenderText {#text} at (1,1) size 32x17
                text run at (1,1) width 32: "plain"
            RenderTableCell {TD} at (136,2) size 262x20 [bgcolor=#FFFF00] [r=0 c=1 rs=1 cs=1]
              RenderText {#text} at (1,1) size 70x17
                text run at (1,1) width 70: "width=260"
          RenderTableRow {TR} at (0,24) size 400x20
            RenderTableCell {TD} at (2,24) size 396x20 [bgcolor=#FF00FF] [r=1 c=0 rs=1 cs=2]
              RenderText {#text} at (1,1) size 140x17
                text run at (1,1) width 140: "colspan=2 width=400"
      RenderBlock {DIV} at (0,772.13) size 406x6 [border: (3px solid #FF0000)]
      RenderTable {TABLE} at (0,778.13) size 400x46
        RenderTableSection {TBODY} at (0,0) size 400x46
          RenderTableRow {TR} at (0,2) size 400x20
            RenderTableCell {TD} at (2,2) size 139x20 [bgcolor=#00FF00] [r=0 c=0 rs=1 cs=1]
              RenderText {#text} at (1,1) size 70x17
                text run at (1,1) width 70: "width=140"
            RenderTableCell {TD} at (143,2) size 255x20 [bgcolor=#FFFF00] [r=0 c=1 rs=1 cs=1]
              RenderText {#text} at (1,1) size 70x17
                text run at (1,1) width 70: "width=260"
          RenderTableRow {TR} at (0,24) size 400x20
            RenderTableCell {TD} at (2,24) size 396x20 [bgcolor=#FF00FF] [r=1 c=0 rs=1 cs=2]
              RenderText {#text} at (1,1) size 140x17
                text run at (1,1) width 140: "colspan=2 width=400"
      RenderBlock {DIV} at (0,824.13) size 406x6 [border: (3px solid #FF0000)]
      RenderTable {TABLE} at (0,830.13) size 400x46
        RenderTableSection {TBODY} at (0,0) size 400x46
          RenderTableRow {TR} at (0,2) size 400x20
            RenderTableCell {TD} at (2,2) size 139x20 [bgcolor=#00FF00] [r=0 c=0 rs=1 cs=1]
              RenderText {#text} at (1,1) size 70x17
                text run at (1,1) width 70: "width=140"
            RenderTableCell {TD} at (143,2) size 255x20 [bgcolor=#FFFF00] [r=0 c=1 rs=1 cs=1]
              RenderText {#text} at (1,1) size 70x17
                text run at (1,1) width 70: "width=260"
          RenderTableRow {TR} at (0,24) size 400x20
            RenderTableCell {TD} at (2,24) size 396x20 [bgcolor=#FF00FF] [r=1 c=0 rs=1 cs=2]
              RenderText {#text} at (1,1) size 66x17
                text run at (1,1) width 66: "colspan=2"
      RenderBlock {DIV} at (0,876.13) size 406x6 [border: (3px solid #FF0000)]
      RenderTable {TABLE} at (0,882.13) size 400x46
        RenderTableSection {TBODY} at (0,0) size 400x46
          RenderTableRow {TR} at (0,2) size 400x20
            RenderTableCell {TD} at (2,2) size 137x20 [bgcolor=#00FF00] [r=0 c=0 rs=1 cs=1]
              RenderText {#text} at (1,1) size 75x17
                text run at (1,1) width 75: "width=35%"
            RenderTableCell {TD} at (141,2) size 257x20 [bgcolor=#FFFF00] [r=0 c=1 rs=1 cs=1]
              RenderText {#text} at (1,1) size 32x17
                text run at (1,1) width 32: "plain"
          RenderTableRow {TR} at (0,24) size 400x20
            RenderTableCell {TD} at (2,24) size 396x20 [bgcolor=#FF00FF] [r=1 c=0 rs=1 cs=2]
              RenderText {#text} at (1,1) size 66x17
                text run at (1,1) width 66: "colspan=2"
      RenderBlock {DIV} at (0,928.13) size 406x6 [border: (3px solid #FF0000)]
      RenderTable {TABLE} at (0,934.13) size 400x46
        RenderTableSection {TBODY} at (0,0) size 400x46
          RenderTableRow {TR} at (0,2) size 400x20
            RenderTableCell {TD} at (2,2) size 138x20 [bgcolor=#00FF00] [r=0 c=0 rs=1 cs=1]
              RenderText {#text} at (1,1) size 32x17
                text run at (1,1) width 32: "plain"
            RenderTableCell {TD} at (142,2) size 256x20 [bgcolor=#FFFF00] [r=0 c=1 rs=1 cs=1]
              RenderText {#text} at (1,1) size 75x17
                text run at (1,1) width 75: "width=65%"
          RenderTableRow {TR} at (0,24) size 400x20
            RenderTableCell {TD} at (2,24) size 396x20 [bgcolor=#FF00FF] [r=1 c=0 rs=1 cs=2]
              RenderText {#text} at (1,1) size 66x17
                text run at (1,1) width 66: "colspan=2"
      RenderBlock {DIV} at (0,980.13) size 406x6 [border: (3px solid #FF0000)]
      RenderTable {TABLE} at (0,986.13) size 400x46
        RenderTableSection {TBODY} at (0,0) size 400x46
          RenderTableRow {TR} at (0,2) size 400x20
            RenderTableCell {TD} at (2,2) size 138x20 [bgcolor=#00FF00] [r=0 c=0 rs=1 cs=1]
              RenderText {#text} at (1,1) size 75x17
                text run at (1,1) width 75: "width=35%"
            RenderTableCell {TD} at (142,2) size 256x20 [bgcolor=#FFFF00] [r=0 c=1 rs=1 cs=1]
              RenderText {#text} at (1,1) size 75x17
                text run at (1,1) width 75: "width=65%"
          RenderTableRow {TR} at (0,24) size 400x20
            RenderTableCell {TD} at (2,24) size 396x20 [bgcolor=#FF00FF] [r=1 c=0 rs=1 cs=2]
              RenderText {#text} at (1,1) size 66x17
                text run at (1,1) width 66: "colspan=2"
      RenderBlock {DIV} at (0,1032.13) size 406x6 [border: (3px solid #FF0000)]
      RenderBlock {H3} at (0,1056.84) size 769x22
        RenderText {#text} at (0,0) size 38x21
          text run at (0,0) width 38: "50%"
      RenderBlock {DIV} at (0,1097.56) size 406x6 [border: (3px solid #FF0000)]
      RenderTable {TABLE} at (0,1103.56) size 400x46
        RenderTableSection {TBODY} at (0,0) size 400x46
          RenderTableRow {TR} at (0,2) size 400x20
            RenderTableCell {TD} at (2,2) size 197x20 [bgcolor=#00FF00] [r=0 c=0 rs=1 cs=1]
              RenderText {#text} at (1,1) size 75x17
                text run at (1,1) width 75: "width=50%"
            RenderTableCell {TD} at (201,2) size 197x20 [bgcolor=#FFFF00] [r=0 c=1 rs=1 cs=1]
              RenderText {#text} at (1,1) size 32x17
                text run at (1,1) width 32: "plain"
          RenderTableRow {TR} at (0,24) size 400x20
            RenderTableCell {TD} at (2,24) size 396x20 [bgcolor=#FF00FF] [r=1 c=0 rs=1 cs=2]
              RenderText {#text} at (1,1) size 140x17
                text run at (1,1) width 140: "colspan=2 width=400"
      RenderBlock {DIV} at (0,1149.56) size 406x6 [border: (3px solid #FF0000)]
      RenderTable {TABLE} at (0,1155.56) size 400x46
        RenderTableSection {TBODY} at (0,0) size 400x46
          RenderTableRow {TR} at (0,2) size 400x20
            RenderTableCell {TD} at (2,2) size 197x20 [bgcolor=#00FF00] [r=0 c=0 rs=1 cs=1]
              RenderText {#text} at (1,1) size 32x17
                text run at (1,1) width 32: "plain"
            RenderTableCell {TD} at (201,2) size 197x20 [bgcolor=#FFFF00] [r=0 c=1 rs=1 cs=1]
              RenderText {#text} at (1,1) size 75x17
                text run at (1,1) width 75: "width=50%"
          RenderTableRow {TR} at (0,24) size 400x20
            RenderTableCell {TD} at (2,24) size 396x20 [bgcolor=#FF00FF] [r=1 c=0 rs=1 cs=2]
              RenderText {#text} at (1,1) size 140x17
                text run at (1,1) width 140: "colspan=2 width=400"
      RenderBlock {DIV} at (0,1201.56) size 406x6 [border: (3px solid #FF0000)]
      RenderTable {TABLE} at (0,1207.56) size 400x46
        RenderTableSection {TBODY} at (0,0) size 400x46
          RenderTableRow {TR} at (0,2) size 400x20
            RenderTableCell {TD} at (2,2) size 197x20 [bgcolor=#00FF00] [r=0 c=0 rs=1 cs=1]
              RenderText {#text} at (1,1) size 75x17
                text run at (1,1) width 75: "width=50%"
            RenderTableCell {TD} at (201,2) size 197x20 [bgcolor=#FFFF00] [r=0 c=1 rs=1 cs=1]
              RenderText {#text} at (1,1) size 75x17
                text run at (1,1) width 75: "width=50%"
          RenderTableRow {TR} at (0,24) size 400x20
            RenderTableCell {TD} at (2,24) size 396x20 [bgcolor=#FF00FF] [r=1 c=0 rs=1 cs=2]
              RenderText {#text} at (1,1) size 140x17
                text run at (1,1) width 140: "colspan=2 width=400"
      RenderBlock {DIV} at (0,1253.56) size 406x6 [border: (3px solid #FF0000)]
      RenderTable {TABLE} at (0,1259.56) size 400x46
        RenderTableSection {TBODY} at (0,0) size 400x46
          RenderTableRow {TR} at (0,2) size 400x20
            RenderTableCell {TD} at (2,2) size 197x20 [bgcolor=#00FF00] [r=0 c=0 rs=1 cs=1]
              RenderText {#text} at (1,1) size 32x17
                text run at (1,1) width 32: "plain"
            RenderTableCell {TD} at (201,2) size 197x20 [bgcolor=#FFFF00] [r=0 c=1 rs=1 cs=1]
              RenderText {#text} at (1,1) size 32x17
                text run at (1,1) width 32: "plain"
          RenderTableRow {TR} at (0,24) size 400x20
            RenderTableCell {TD} at (2,24) size 396x20 [bgcolor=#FF00FF] [r=1 c=0 rs=1 cs=2]
              RenderText {#text} at (1,1) size 140x17
                text run at (1,1) width 140: "colspan=2 width=400"
      RenderBlock {DIV} at (0,1305.56) size 406x6 [border: (3px solid #FF0000)]
      RenderTable {TABLE} at (0,1311.56) size 400x46
        RenderTableSection {TBODY} at (0,0) size 400x46
          RenderTableRow {TR} at (0,2) size 400x20
            RenderTableCell {TD} at (2,2) size 197x20 [bgcolor=#00FF00] [r=0 c=0 rs=1 cs=1]
              RenderText {#text} at (1,1) size 70x17
                text run at (1,1) width 70: "width=200"
            RenderTableCell {TD} at (201,2) size 197x20 [bgcolor=#FFFF00] [r=0 c=1 rs=1 cs=1]
              RenderText {#text} at (1,1) size 70x17
                text run at (1,1) width 70: "width=200"
          RenderTableRow {TR} at (0,24) size 400x20
            RenderTableCell {TD} at (2,24) size 396x20 [bgcolor=#FF00FF] [r=1 c=0 rs=1 cs=2]
              RenderText {#text} at (1,1) size 66x17
                text run at (1,1) width 66: "colspan=2"
      RenderBlock {DIV} at (0,1357.56) size 406x6 [border: (3px solid #FF0000)]
      RenderBlock {H2} at (0,1383.47) size 769x27
        RenderText {#text} at (0,0) size 231x26
          text run at (0,0) width 231: "Tables Without Width"
      RenderBlock {P} at (0,1430.38) size 769x36
        RenderText {#text} at (0,0) size 767x35
          text run at (0,0) width 767: "The following tables have no width. They should still be the same size, by virtue of them having a 400 pixel cell and no"
          text run at (0,18) width 158: "padding/margin/borders."
      RenderBlock {H3} at (0,1485.09) size 769x22
        RenderText {#text} at (0,0) size 62x21
          text run at (0,0) width 62: "260/140"
      RenderBlock {DIV} at (0,1525.81) size 406x6 [border: (3px solid #FF0000)]
      RenderTable {TABLE} at (0,1531.81) size 406x46
        RenderTableSection {TBODY} at (0,0) size 406x46
          RenderTableRow {TR} at (0,2) size 406x20
            RenderTableCell {TD} at (2,2) size 258x20 [bgcolor=#00FF00] [r=0 c=0 rs=1 cs=1]
              RenderText {#text} at (1,1) size 32x17
                text run at (1,1) width 32: "plain"
            RenderTableCell {TD} at (262,2) size 142x20 [bgcolor=#FFFF00] [r=0 c=1 rs=1 cs=1]
              RenderText {#text} at (1,1) size 70x17
                text run at (1,1) width 70: "width=140"
          RenderTableRow {TR} at (0,24) size 406x20
            RenderTableCell {TD} at (2,24) size 402x20 [bgcolor=#FF00FF] [r=1 c=0 rs=1 cs=2]
              RenderText {#text} at (1,1) size 140x17
                text run at (1,1) width 140: "colspan=2 width=400"
      RenderBlock {DIV} at (0,1577.81) size 406x6 [border: (3px solid #FF0000)]
      RenderTable {TABLE} at (0,1583.81) size 406x46
        RenderTableSection {TBODY} at (0,0) size 406x46
          RenderTableRow {TR} at (0,2) size 406x20
            RenderTableCell {TD} at (2,2) size 262x20 [bgcolor=#00FF00] [r=0 c=0 rs=1 cs=1]
              RenderText {#text} at (1,1) size 70x17
                text run at (1,1) width 70: "width=260"
            RenderTableCell {TD} at (266,2) size 138x20 [bgcolor=#FFFF00] [r=0 c=1 rs=1 cs=1]
              RenderText {#text} at (1,1) size 32x17
                text run at (1,1) width 32: "plain"
          RenderTableRow {TR} at (0,24) size 406x20
            RenderTableCell {TD} at (2,24) size 402x20 [bgcolor=#FF00FF] [r=1 c=0 rs=1 cs=2]
              RenderText {#text} at (1,1) size 140x17
                text run at (1,1) width 140: "colspan=2 width=400"
      RenderBlock {DIV} at (0,1629.81) size 406x6 [border: (3px solid #FF0000)]
      RenderTable {TABLE} at (0,1635.81) size 410x46
        RenderTableSection {TBODY} at (0,0) size 410x46
          RenderTableRow {TR} at (0,2) size 410x20
            RenderTableCell {TD} at (2,2) size 262x20 [bgcolor=#00FF00] [r=0 c=0 rs=1 cs=1]
              RenderText {#text} at (1,1) size 70x17
                text run at (1,1) width 70: "width=260"
            RenderTableCell {TD} at (266,2) size 142x20 [bgcolor=#FFFF00] [r=0 c=1 rs=1 cs=1]
              RenderText {#text} at (1,1) size 70x17
                text run at (1,1) width 70: "width=140"
          RenderTableRow {TR} at (0,24) size 410x20
            RenderTableCell {TD} at (2,24) size 406x20 [bgcolor=#FF00FF] [r=1 c=0 rs=1 cs=2]
              RenderText {#text} at (1,1) size 140x17
                text run at (1,1) width 140: "colspan=2 width=400"
      RenderBlock {DIV} at (0,1681.81) size 406x6 [border: (3px solid #FF0000)]
      RenderTable {TABLE} at (0,1687.81) size 410x46
        RenderTableSection {TBODY} at (0,0) size 410x46
          RenderTableRow {TR} at (0,2) size 410x20
            RenderTableCell {TD} at (2,2) size 262x20 [bgcolor=#00FF00] [r=0 c=0 rs=1 cs=1]
              RenderText {#text} at (1,1) size 70x17
                text run at (1,1) width 70: "width=260"
            RenderTableCell {TD} at (266,2) size 142x20 [bgcolor=#FFFF00] [r=0 c=1 rs=1 cs=1]
              RenderText {#text} at (1,1) size 70x17
                text run at (1,1) width 70: "width=140"
          RenderTableRow {TR} at (0,24) size 410x20
            RenderTableCell {TD} at (2,24) size 406x20 [bgcolor=#FF00FF] [r=1 c=0 rs=1 cs=2]
              RenderText {#text} at (1,1) size 66x17
                text run at (1,1) width 66: "colspan=2"
      RenderBlock {DIV} at (0,1733.81) size 406x6 [border: (3px solid #FF0000)]
      RenderBlock {H3} at (0,1758.53) size 769x22
        RenderText {#text} at (0,0) size 62x21
          text run at (0,0) width 62: "140/260"
      RenderBlock {DIV} at (0,1799.25) size 406x6 [border: (3px solid #FF0000)]
      RenderTable {TABLE} at (0,1805.25) size 406x46
        RenderTableSection {TBODY} at (0,0) size 406x46
          RenderTableRow {TR} at (0,2) size 406x20
            RenderTableCell {TD} at (2,2) size 142x20 [bgcolor=#00FF00] [r=0 c=0 rs=1 cs=1]
              RenderText {#text} at (1,1) size 70x17
                text run at (1,1) width 70: "width=140"
            RenderTableCell {TD} at (146,2) size 258x20 [bgcolor=#FFFF00] [r=0 c=1 rs=1 cs=1]
              RenderText {#text} at (1,1) size 32x17
                text run at (1,1) width 32: "plain"
          RenderTableRow {TR} at (0,24) size 406x20
            RenderTableCell {TD} at (2,24) size 402x20 [bgcolor=#FF00FF] [r=1 c=0 rs=1 cs=2]
              RenderText {#text} at (1,1) size 140x17
                text run at (1,1) width 140: "colspan=2 width=400"
      RenderBlock {DIV} at (0,1851.25) size 406x6 [border: (3px solid #FF0000)]
      RenderTable {TABLE} at (0,1857.25) size 406x46
        RenderTableSection {TBODY} at (0,0) size 406x46
          RenderTableRow {TR} at (0,2) size 406x20
            RenderTableCell {TD} at (2,2) size 138x20 [bgcolor=#00FF00] [r=0 c=0 rs=1 cs=1]
              RenderText {#text} at (1,1) size 32x17
                text run at (1,1) width 32: "plain"
            RenderTableCell {TD} at (142,2) size 262x20 [bgcolor=#FFFF00] [r=0 c=1 rs=1 cs=1]
              RenderText {#text} at (1,1) size 70x17
                text run at (1,1) width 70: "width=260"
          RenderTableRow {TR} at (0,24) size 406x20
            RenderTableCell {TD} at (2,24) size 402x20 [bgcolor=#FF00FF] [r=1 c=0 rs=1 cs=2]
              RenderText {#text} at (1,1) size 140x17
                text run at (1,1) width 140: "colspan=2 width=400"
      RenderBlock {DIV} at (0,1903.25) size 406x6 [border: (3px solid #FF0000)]
      RenderTable {TABLE} at (0,1909.25) size 410x46
        RenderTableSection {TBODY} at (0,0) size 410x46
          RenderTableRow {TR} at (0,2) size 410x20
            RenderTableCell {TD} at (2,2) size 142x20 [bgcolor=#00FF00] [r=0 c=0 rs=1 cs=1]
              RenderText {#text} at (1,1) size 70x17
                text run at (1,1) width 70: "width=140"
            RenderTableCell {TD} at (146,2) size 262x20 [bgcolor=#FFFF00] [r=0 c=1 rs=1 cs=1]
              RenderText {#text} at (1,1) size 70x17
                text run at (1,1) width 70: "width=260"
          RenderTableRow {TR} at (0,24) size 410x20
            RenderTableCell {TD} at (2,24) size 406x20 [bgcolor=#FF00FF] [r=1 c=0 rs=1 cs=2]
              RenderText {#text} at (1,1) size 140x17
                text run at (1,1) width 140: "colspan=2 width=400"
      RenderBlock {DIV} at (0,1955.25) size 406x6 [border: (3px solid #FF0000)]
      RenderTable {TABLE} at (0,1961.25) size 410x46
        RenderTableSection {TBODY} at (0,0) size 410x46
          RenderTableRow {TR} at (0,2) size 410x20
            RenderTableCell {TD} at (2,2) size 142x20 [bgcolor=#00FF00] [r=0 c=0 rs=1 cs=1]
              RenderText {#text} at (1,1) size 70x17
                text run at (1,1) width 70: "width=140"
            RenderTableCell {TD} at (146,2) size 262x20 [bgcolor=#FFFF00] [r=0 c=1 rs=1 cs=1]
              RenderText {#text} at (1,1) size 70x17
                text run at (1,1) width 70: "width=260"
          RenderTableRow {TR} at (0,24) size 410x20
            RenderTableCell {TD} at (2,24) size 406x20 [bgcolor=#FF00FF] [r=1 c=0 rs=1 cs=2]
              RenderText {#text} at (1,1) size 66x17
                text run at (1,1) width 66: "colspan=2"
      RenderBlock {DIV} at (0,2007.25) size 406x6 [border: (3px solid #FF0000)]
      RenderBlock {H3} at (0,2031.97) size 769x22
        RenderText {#text} at (0,0) size 38x21
          text run at (0,0) width 38: "50%"
      RenderBlock {DIV} at (0,2072.69) size 406x6 [border: (3px solid #FF0000)]
      RenderTable {TABLE} at (0,2078.69) size 560x46
        RenderTableSection {TBODY} at (0,0) size 560x46
          RenderTableRow {TR} at (0,2) size 560x20
            RenderTableCell {TD} at (2,2) size 277x20 [bgcolor=#00FF00] [r=0 c=0 rs=1 cs=1]
              RenderText {#text} at (1,1) size 75x17
                text run at (1,1) width 75: "width=50%"
            RenderTableCell {TD} at (281,2) size 277x20 [bgcolor=#FFFF00] [r=0 c=1 rs=1 cs=1]
              RenderText {#text} at (1,1) size 32x17
                text run at (1,1) width 32: "plain"
          RenderTableRow {TR} at (0,24) size 560x20
            RenderTableCell {TD} at (2,24) size 556x20 [bgcolor=#FF00FF] [r=1 c=0 rs=1 cs=2]
              RenderText {#text} at (1,1) size 140x17
                text run at (1,1) width 140: "colspan=2 width=400"
      RenderBlock {DIV} at (0,2124.69) size 406x6 [border: (3px solid #FF0000)]
      RenderTable {TABLE} at (0,2130.69) size 562x46
        RenderTableSection {TBODY} at (0,0) size 562x46
          RenderTableRow {TR} at (0,2) size 562x20
            RenderTableCell {TD} at (2,2) size 278x20 [bgcolor=#00FF00] [r=0 c=0 rs=1 cs=1]
              RenderText {#text} at (1,1) size 32x17
                text run at (1,1) width 32: "plain"
            RenderTableCell {TD} at (282,2) size 278x20 [bgcolor=#FFFF00] [r=0 c=1 rs=1 cs=1]
              RenderText {#text} at (1,1) size 75x17
                text run at (1,1) width 75: "width=50%"
          RenderTableRow {TR} at (0,24) size 562x20
            RenderTableCell {TD} at (2,24) size 558x20 [bgcolor=#FF00FF] [r=1 c=0 rs=1 cs=2]
              RenderText {#text} at (1,1) size 140x17
                text run at (1,1) width 140: "colspan=2 width=400"
      RenderBlock {DIV} at (0,2176.69) size 406x6 [border: (3px solid #FF0000)]
      RenderTable {TABLE} at (0,2182.69) size 406x46
        RenderTableSection {TBODY} at (0,0) size 406x46
          RenderTableRow {TR} at (0,2) size 406x20
            RenderTableCell {TD} at (2,2) size 200x20 [bgcolor=#00FF00] [r=0 c=0 rs=1 cs=1]
              RenderText {#text} at (1,1) size 75x17
                text run at (1,1) width 75: "width=50%"
            RenderTableCell {TD} at (204,2) size 200x20 [bgcolor=#FFFF00] [r=0 c=1 rs=1 cs=1]
              RenderText {#text} at (1,1) size 75x17
                text run at (1,1) width 75: "width=50%"
          RenderTableRow {TR} at (0,24) size 406x20
            RenderTableCell {TD} at (2,24) size 402x20 [bgcolor=#FF00FF] [r=1 c=0 rs=1 cs=2]
              RenderText {#text} at (1,1) size 140x17
                text run at (1,1) width 140: "colspan=2 width=400"
      RenderBlock {DIV} at (0,2228.69) size 406x6 [border: (3px solid #FF0000)]
      RenderTable {TABLE} at (0,2234.69) size 406x46
        RenderTableSection {TBODY} at (0,0) size 406x46
          RenderTableRow {TR} at (0,2) size 406x20
            RenderTableCell {TD} at (2,2) size 200x20 [bgcolor=#00FF00] [r=0 c=0 rs=1 cs=1]
              RenderText {#text} at (1,1) size 32x17
                text run at (1,1) width 32: "plain"
            RenderTableCell {TD} at (204,2) size 200x20 [bgcolor=#FFFF00] [r=0 c=1 rs=1 cs=1]
              RenderText {#text} at (1,1) size 32x17
                text run at (1,1) width 32: "plain"
          RenderTableRow {TR} at (0,24) size 406x20
            RenderTableCell {TD} at (2,24) size 402x20 [bgcolor=#FF00FF] [r=1 c=0 rs=1 cs=2]
              RenderText {#text} at (1,1) size 140x17
                text run at (1,1) width 140: "colspan=2 width=400"
      RenderBlock {DIV} at (0,2280.69) size 406x6 [border: (3px solid #FF0000)]
      RenderTable {TABLE} at (0,2286.69) size 410x46
        RenderTableSection {TBODY} at (0,0) size 410x46
          RenderTableRow {TR} at (0,2) size 410x20
            RenderTableCell {TD} at (2,2) size 202x20 [bgcolor=#00FF00] [r=0 c=0 rs=1 cs=1]
              RenderText {#text} at (1,1) size 70x17
                text run at (1,1) width 70: "width=200"
            RenderTableCell {TD} at (206,2) size 202x20 [bgcolor=#FFFF00] [r=0 c=1 rs=1 cs=1]
              RenderText {#text} at (1,1) size 70x17
                text run at (1,1) width 70: "width=200"
          RenderTableRow {TR} at (0,24) size 410x20
            RenderTableCell {TD} at (2,24) size 406x20 [bgcolor=#FF00FF] [r=1 c=0 rs=1 cs=2]
              RenderText {#text} at (1,1) size 66x17
                text run at (1,1) width 66: "colspan=2"
      RenderBlock {DIV} at (0,2332.69) size 406x6 [border: (3px solid #FF0000)]
