layer at (0,0) size 800x600
  RenderView at (0,0) size 800x600
layer at (0,0) size 800x358
  RenderBlock {HTML} at (0,0) size 800x358
    RenderBody {BODY} at (8,16) size 784x334
      RenderBlock {P} at (0,0) size 784x16
        RenderText {#text} at (0,0) size 439x16
          text run at (0,0) width 439: "Test for repaint in a composited layer. You should see no red below."
layer at (8,48) size 202x302
  RenderBlock {DIV} at (0,32) size 202x302 [border: (1px solid #000000)]
    RenderBlock {DIV} at (51,51) size 100x100 [bgcolor=#008000]
