layer at (0,0) size 800x600
  RenderView at (0,0) size 800x600
layer at (0,0) size 800x600
  RenderBlock {HTML} at (0,0) size 800x600
    RenderBody {BODY} at (8,8) size 784x584
      RenderBlock {DIV} at (0,0) size 204x39 [border: (2px solid #FF0000)]
        RenderInline {FONT} at (0,0) size 179x32 [color=#996699]
          RenderText {#text} at (0,0) size 0x0
          RenderInline {NOBR} at (0,0) size 152x16
            RenderText {#text} at (2,2) size 10x16
              text run at (2,2) width 10: "\x{2022} "
            RenderInline {A} at (0,0) size 123x16 [color=#0000EE]
              RenderText {#text} at (11,2) size 123x16
                text run at (11,2) width 123: "Corporate Services"
            RenderText {#text} at (133,2) size 21x16
              text run at (133,2) width 21: "     "
          RenderText {#text} at (0,0) size 0x0
          RenderInline {NOBR} at (0,0) size 179x16
            RenderText {#text} at (2,18) size 10x16
              text run at (2,18) width 10: "\x{2022} "
            RenderInline {A} at (0,0) size 150x16 [color=#0000EE]
              RenderText {#text} at (11,18) size 135x16
                text run at (11,18) width 135: "1-800-las-flores.com"
              RenderInline {SUB} at (0,0) size 16x13
                RenderText {#text} at (145,24) size 16x13
                  text run at (145,24) width 16: "sm"
            RenderText {#text} at (160,18) size 21x16
              text run at (160,18) width 21: "     "
          RenderText {#text} at (0,0) size 0x0
      RenderBlock (anonymous) at (0,39) size 784x0
        RenderInline {FONT} at (0,0) size 0x0 [color=#996699]
          RenderText {#text} at (0,0) size 0x0
