layer at (0,0) size 800x600
  RenderView at (0,0) size 800x600
layer at (0,0) size 800x600
  RenderBlock {HTML} at (0,0) size 800x600
    RenderBody {BODY} at (8,8) size 784x579
      RenderBlock {PRE} at (0,0) size 784x39
        RenderText {#text} at (0,0) size 8x13
          text run at (0,0) width 8: "1"
        RenderBR {BR} at (7,10) size 1x0
        RenderText {#text} at (0,13) size 8x26
          text run at (0,13) width 0: " "
          text run at (0,26) width 8: "2"
