layer at (0,0) size 785x709
  RenderView at (0,0) size 785x600
layer at (0,0) size 785x709
  RenderBlock {HTML} at (0,0) size 785x709
    RenderBody {BODY} at (8,8) size 769x688
      RenderBlock {P} at (0,0) size 769x32
        RenderText {#text} at (0,0) size 55x16
          text run at (0,0) width 55: "Test for "
        RenderInline {I} at (0,0) size 748x32
          RenderInline {A} at (0,0) size 354x16 [color=#0000EE]
            RenderText {#text} at (54,0) size 354x16
              text run at (54,0) width 354: "http://bugzilla.opendarwin.org/show_bug.cgi?id=7216"
          RenderText {#text} at (407,0) size 748x32
            text run at (407,0) width 5: " "
            text run at (411,0) width 337: "white-space: pre-wrap collapses leading whitespace"
            text run at (0,16) width 127: "following a newline"
        RenderText {#text} at (126,16) size 5x16
          text run at (126,16) width 5: "."
      RenderBlock {HR} at (0,48) size 769x2 [border: (1px inset #EEEEEE)]
      RenderBlock {P} at (0,66) size 769x16
        RenderText {#text} at (0,0) size 36x16
          text run at (0,0) width 36: "Here "
        RenderInline {CODE} at (0,0) size 24x13
          RenderText {#text} at (35,2) size 24x13
            text run at (35,2) width 24: "bar"
        RenderText {#text} at (58,0) size 145x16
          text run at (58,0) width 145: " should be right under "
        RenderInline {CODE} at (0,0) size 25x13
          RenderText {#text} at (202,2) size 25x13
            text run at (202,2) width 25: "foo"
        RenderText {#text} at (226,0) size 5x16
          text run at (226,0) width 5: ":"
      RenderBlock {PRE} at (0,98) size 42.08x26 [bgcolor=#C0C0C0]
        RenderText {#text} at (0,0) size 43x26
          text run at (0,0) width 24: "foo"
          text run at (23,0) width 20: "      "
          text run at (0,13) width 24: "bar"
      RenderBlock {P} at (0,140) size 769x16
        RenderText {#text} at (0,0) size 36x16
          text run at (0,0) width 36: "Here "
        RenderInline {CODE} at (0,0) size 24x13
          RenderText {#text} at (35,2) size 24x13
            text run at (35,2) width 24: "bar"
        RenderText {#text} at (58,0) size 331x16
          text run at (58,0) width 331: " should be on the right hand side of the second line:"
      RenderBlock {PRE} at (0,172) size 42.08x39 [bgcolor=#C0C0C0]
        RenderText {#text} at (0,0) size 24x13
          text run at (0,0) width 24: "foo"
        RenderBR {BR} at (23,10) size 1x0
        RenderText {#text} at (0,13) size 24x26
          text run at (0,13) width 24: "   "
          text run at (0,26) width 24: "bar"
      RenderBlock {PRE} at (0,224) size 42.08x39 [bgcolor=#C0C0C0]
        RenderText {#text} at (0,0) size 55x13
          text run at (0,0) width 40: "foo  "
          text run at (39,0) width 16: "  "
        RenderBR {BR} at (54,10) size 1x0
        RenderText {#text} at (0,13) size 24x26
          text run at (0,13) width 24: "   "
          text run at (0,26) width 24: "bar"
      RenderBlock {PRE} at (0,276) size 42.08x39 [bgcolor=#C0C0C0]
        RenderText {#text} at (0,0) size 24x39
          text run at (0,0) width 24: "foo"
          text run at (23,0) width 1: " "
          text run at (0,13) width 24: "   "
          text run at (0,26) width 24: "bar"
      RenderBlock {PRE} at (0,328) size 42.08x39 [bgcolor=#C0C0C0]
        RenderText {#text} at (0,0) size 32x39
          text run at (0,0) width 32: "foo "
          text run at (31,0) width 1: " "
          text run at (0,13) width 24: "   "
          text run at (0,26) width 24: "bar"
      RenderBlock {PRE} at (0,380) size 42.08x39 [bgcolor=#C0C0C0]
        RenderText {#text} at (0,0) size 40x39
          text run at (0,0) width 40: "foo  "
          text run at (39,0) width 1: " "
          text run at (0,13) width 24: "   "
          text run at (0,26) width 24: "bar"
      RenderBlock {PRE} at (0,432) size 42.08x39 [bgcolor=#C0C0C0]
        RenderText {#text} at (0,0) size 55x39
          text run at (0,0) width 40: "foo  "
          text run at (39,0) width 16: "  "
          text run at (0,13) width 24: "   "
          text run at (0,26) width 24: "bar"
      RenderBlock {PRE} at (0,484) size 42.08x39 [bgcolor=#C0C0C0]
        RenderText {#text} at (0,0) size 63x39
          text run at (0,0) width 40: "foo  "
          text run at (39,0) width 24: "   "
          text run at (0,13) width 24: "   "
          text run at (0,26) width 24: "bar"
      RenderBlock {P} at (0,539) size 769x16
        RenderText {#text} at (0,0) size 36x16
          text run at (0,0) width 36: "Here "
        RenderInline {CODE} at (0,0) size 24x13
          RenderText {#text} at (35,2) size 24x13
            text run at (35,2) width 24: "bar"
        RenderText {#text} at (58,0) size 317x16
          text run at (58,0) width 317: " should be on the right hand side of the third line:"
      RenderBlock {PRE} at (0,571) size 42.08x52 [bgcolor=#C0C0C0]
        RenderText {#text} at (0,0) size 24x13
          text run at (0,0) width 24: "foo"
        RenderBR {BR} at (23,10) size 1x0
        RenderText {#text} at (0,13) size 24x39
          text run at (0,13) width 0: " "
          text run at (0,26) width 24: "   "
          text run at (0,39) width 24: "bar"
      RenderBlock {PRE} at (0,636) size 42.08x52 [bgcolor=#C0C0C0]
        RenderText {#text} at (0,0) size 32x52
          text run at (0,0) width 24: "foo"
          text run at (23,0) width 9: " "
          text run at (0,13) width 24: "baz"
          text run at (23,13) width 1: " "
          text run at (0,26) width 24: "   "
          text run at (0,39) width 24: "bar"
