layer at (0,0) size 800x600
  RenderView at (0,0) size 800x600
layer at (0,0) size 800x600
  RenderBlock {HTML} at (0,0) size 800x600
    RenderBody {BODY} at (8,8) size 784x584
      RenderBlock {P} at (0,0) size 784x32
        RenderText {#text} at (0,0) size 55x16
          text run at (0,0) width 55: "Test for "
        RenderInline {I} at (0,0) size 765x32
          RenderInline {A} at (0,0) size 306x16 [color=#0000EE]
            RenderText {#text} at (54,0) size 306x16
              text run at (54,0) width 306: "http://bugs.webkit.org/show_bug.cgi?id=13072"
          RenderText {#text} at (359,0) size 765x32
            text run at (359,0) width 5: " "
            text run at (363,0) width 402: "REGRESSION (r15617): white-space: pre-wrap breaks off the"
            text run at (0,16) width 189: "last character of a wide word"
        RenderText {#text} at (188,16) size 5x16
          text run at (188,16) width 5: "."
      RenderBlock {P} at (0,48) size 784x16
        RenderText {#text} at (0,0) size 231x16
          text run at (0,0) width 231: "The following line should not wrap."
      RenderBlock {DIV} at (0,80) size 150x16 [bgcolor=#D3D3D3]
        RenderText {#text} at (0,0) size 192x16
          text run at (0,0) width 192: "abcdefghijklmnopqrstuvwxyz"
