layer at (0,0) size 800x600
  RenderView at (0,0) size 800x600
layer at (0,0) size 800x87
  RenderBlock {HTML} at (0,0) size 800x87
    RenderBody {BODY} at (8,8) size 784x71
      RenderText {#text} at (0,0) size 0x0
      RenderText {#text} at (0,0) size 0x0
layer at (8,8) size 370x70 clip at (9,9) size 353x68
  RenderListBox {SELECT} at (0,0) size 370x70 [bgcolor=#FFFFFF] [border: (1px solid #A9A9A9)]
    RenderBlock {OPTION} at (1,1) size 353x17 [color=#FFFFCC] [bgcolor=#0000FF]
      RenderText {#text} at (2,0) size 349x16
        text run at (2,0) width 349: "make-the-item-long-enough-to-make-a-difference-in-pixel-test"
    RenderBlock {OPTION} at (1,18) size 353x17
      RenderText {#text} at (2,0) size 7x16
        text run at (2,0) width 7: "b"
