EDITING DELEGATE: webViewDidChangeSelection:WebViewDidChangeSelectionNotification
EDITING DELEGATE: webViewDidChangeSelection:WebViewDidChangeSelectionNotification
EDITING DELEGATE: webViewDidChange:WebViewDidChangeNotification
layer at (0,0) size 800x600
  RenderView at (0,0) size 800x600
layer at (0,0) size 800x600
  RenderBlock {HTML} at (0,0) size 800x600
    RenderBody {BODY} at (8,8) size 784x584
      RenderBlock {P} at (0,0) size 784x40
        RenderText {#text} at (0,0) size 763x39
          text run at (0,0) width 333: "This places the caret before the 'b' in 'bar' and Deletes. "
          text run at (333,0) width 430: "'foo' and 'bar' should end up on the same line, but neither should change"
          text run at (0,20) width 31: "style."
      RenderBlock {DIV} at (0,56) size 784x20
        RenderBlock {DIV} at (0,0) size 784x20
          RenderText {#text} at (0,0) size 20x19
            text run at (0,0) width 20: "foo"
          RenderInline {SPAN} at (0,0) size 22x19
            RenderText {#text} at (20,0) size 22x19
              text run at (20,0) width 22: "bar"
caret: position 3 of child 0 {#text} of child 1 {DIV} of child 2 {DIV} of body
