layer at (0,0) size 785x1057
  RenderView at (0,0) size 785x600
layer at (0,0) size 785x1057
  RenderBlock {HTML} at (0,0) size 785x1056.80
    RenderBody {BODY} at (8,8) size 769x1040.80 [bgcolor=#CCCCCC]
      RenderBlock {P} at (0,0) size 769x18
        RenderText {#text} at (0,0) size 363x17
          text run at (0,0) width 363: "The style declarations which apply to the text below are:"
      RenderBlock {PRE} at (0,34) size 769x176
        RenderText {#text} at (0,0) size 240x176
          text run at (0,0) width 200: ".one {font-weight: bold;}"
          text run at (200,0) width 0: " "
          text run at (0,16) width 216: ".two {font-weight: bolder;}"
          text run at (216,16) width 0: " "
          text run at (0,32) width 240: ".three {font-weight: lighter;}"
          text run at (240,32) width 0: " "
          text run at (0,48) width 200: ".four {font-weight: 100;}"
          text run at (200,48) width 0: " "
          text run at (0,64) width 200: ".five {font-weight: 300;}"
          text run at (200,64) width 0: " "
          text run at (0,80) width 192: ".six {font-weight: 500;}"
          text run at (192,80) width 0: " "
          text run at (0,96) width 208: ".seven {font-weight: 700;}"
          text run at (208,96) width 0: " "
          text run at (0,112) width 208: ".eight {font-weight: 900;}"
          text run at (208,112) width 0: " "
          text run at (0,128) width 224: ".nine {font-weight: normal;}"
          text run at (224,128) width 0: " "
          text run at (0,144) width 200: "B {font-weight: lighter;}"
          text run at (200,144) width 0: " "
          text run at (0,160) width 0: " "
      RenderBlock {HR} at (0,223) size 769x2 [border: (1px inset #EEEEEE)]
      RenderBlock {P} at (0,241) size 769x18
        RenderText {#text} at (0,0) size 200x17
          text run at (0,0) width 200: "This sentence should be bold."
      RenderBlock {P} at (0,275) size 769x18
        RenderText {#text} at (0,0) size 303x17
          text run at (0,0) width 303: "This sentence should be bolder than normal."
      RenderBlock {H4} at (0,314.27) size 769x18
        RenderText {#text} at (0,0) size 133x17
          text run at (0,0) width 133: "This is a heading-4."
      RenderBlock {H4} at (0,353.53) size 769x18
        RenderText {#text} at (0,0) size 181x17
          text run at (0,0) width 181: "This is a bolder heading-4."
      RenderBlock {P} at (0,392.80) size 769x18
        RenderInline {B} at (0,0) size 361x17
          RenderText {#text} at (0,0) size 361x17
            text run at (0,0) width 361: "This sentence should be normal (boldface made lighter)."
        RenderText {#text} at (0,0) size 0x0
      RenderBlock {P} at (0,426.80) size 769x18
        RenderText {#text} at (0,0) size 233x17
          text run at (0,0) width 233: "This sentence should be weight 100."
      RenderBlock {P} at (0,460.80) size 769x18
        RenderText {#text} at (0,0) size 233x17
          text run at (0,0) width 233: "This sentence should be weight 300."
      RenderBlock {P} at (0,494.80) size 769x18
        RenderText {#text} at (0,0) size 233x17
          text run at (0,0) width 233: "This sentence should be weight 500."
      RenderBlock {P} at (0,528.80) size 769x18
        RenderText {#text} at (0,0) size 243x17
          text run at (0,0) width 243: "This sentence should be weight 700."
      RenderBlock {P} at (0,562.80) size 769x18
        RenderText {#text} at (0,0) size 243x17
          text run at (0,0) width 243: "This sentence should be weight 900."
      RenderBlock {P} at (0,596.80) size 769x18
        RenderText {#text} at (0,0) size 498x17
          text run at (0,0) width 498: "This sentence should be bold, but the last word in the sentence should be "
        RenderInline {SPAN} at (0,0) size 46x17
          RenderText {#text} at (497,0) size 46x17
            text run at (497,0) width 46: "normal"
        RenderText {#text} at (542,0) size 5x17
          text run at (542,0) width 5: "."
      RenderTable {TABLE} at (0,630.80) size 569x410 [border: (1px outset #808080)]
        RenderTableSection {TBODY} at (1,1) size 567x408
          RenderTableRow {TR} at (0,0) size 567x26
            RenderTableCell {TD} at (0,0) size 567x26 [bgcolor=#C0C0C0] [border: (1px inset #808080)] [r=0 c=0 rs=1 cs=2]
              RenderInline {STRONG} at (0,0) size 163x17
                RenderText {#text} at (4,4) size 163x17
                  text run at (4,4) width 163: "TABLE Testing Section"
          RenderTableRow {TR} at (0,26) size 567x382
            RenderTableCell {TD} at (0,204) size 12x26 [bgcolor=#C0C0C0] [border: (1px inset #808080)] [r=1 c=0 rs=1 cs=1]
              RenderText {#text} at (4,4) size 4x17
                text run at (4,4) width 4: " "
            RenderTableCell {TD} at (12,26) size 555x381.80 [border: (1px inset #808080)] [r=1 c=1 rs=1 cs=1]
              RenderBlock {P} at (4,4) size 547x18
                RenderText {#text} at (0,0) size 200x17
                  text run at (0,0) width 200: "This sentence should be bold."
              RenderBlock {P} at (4,38) size 547x18
                RenderText {#text} at (0,0) size 303x17
                  text run at (0,0) width 303: "This sentence should be bolder than normal."
              RenderBlock {H4} at (4,77.27) size 547x18
                RenderText {#text} at (0,0) size 133x17
                  text run at (0,0) width 133: "This is a heading-4."
              RenderBlock {H4} at (4,116.53) size 547x18
                RenderText {#text} at (0,0) size 181x17
                  text run at (0,0) width 181: "This is a bolder heading-4."
              RenderBlock {P} at (4,155.80) size 547x18
                RenderInline {B} at (0,0) size 361x17
                  RenderText {#text} at (0,0) size 361x17
                    text run at (0,0) width 361: "This sentence should be normal (boldface made lighter)."
                RenderText {#text} at (0,0) size 0x0
              RenderBlock {P} at (4,189.80) size 547x18
                RenderText {#text} at (0,0) size 233x17
                  text run at (0,0) width 233: "This sentence should be weight 100."
              RenderBlock {P} at (4,223.80) size 547x18
                RenderText {#text} at (0,0) size 233x17
                  text run at (0,0) width 233: "This sentence should be weight 300."
              RenderBlock {P} at (4,257.80) size 547x18
                RenderText {#text} at (0,0) size 233x17
                  text run at (0,0) width 233: "This sentence should be weight 500."
              RenderBlock {P} at (4,291.80) size 547x18
                RenderText {#text} at (0,0) size 243x17
                  text run at (0,0) width 243: "This sentence should be weight 700."
              RenderBlock {P} at (4,325.80) size 547x18
                RenderText {#text} at (0,0) size 243x17
                  text run at (0,0) width 243: "This sentence should be weight 900."
              RenderBlock {P} at (4,359.80) size 547x18
                RenderText {#text} at (0,0) size 498x17
                  text run at (0,0) width 498: "This sentence should be bold, but the last word in the sentence should be "
                RenderInline {SPAN} at (0,0) size 46x17
                  RenderText {#text} at (497,0) size 46x17
                    text run at (497,0) width 46: "normal"
                RenderText {#text} at (542,0) size 5x17
                  text run at (542,0) width 5: "."
