layer at (0,0) size 800x600
  RenderView at (0,0) size 800x600
layer at (0,0) size 800x600
  RenderBlock {HTML} at (0,0) size 800x600
    RenderBody {BODY} at (8,8) size 784x584
      RenderBlock {P} at (0,0) size 784x32
        RenderText {#text} at (0,0) size 777x32
          text run at (0,0) width 777: "This test makes sure that HTMLObjectElement.vspace and HTMLObjectElement.hspace are exposed as numbers instead"
          text run at (0,16) width 744: "of strings, per the DOM Level 2 HTML spec: http://www.w3.org/TR/DOM-Level-2-HTML/html.html#ID-9893177"
      RenderBlock (anonymous) at (0,48) size 784x170
        RenderText {#text} at (0,0) size 0x0
      RenderBlock {DIV} at (0,218) size 784x16
        RenderText {#text} at (0,0) size 75x16
          text run at (0,0) width 75: "SUCCESS!"
layer at (28,66) size 300x150
  RenderEmbeddedObject {OBJECT} at (20,10) size 300x150
