layer at (0,0) size 800x600
  RenderView at (0,0) size 800x600
layer at (0,0) size 800x600
  RenderBlock {HTML} at (0,0) size 800x600
    RenderBody {BODY} at (8,8) size 784x576
      RenderBlock {CENTER} at (0,0) size 784x140
        RenderTable {TABLE} at (339,0) size 106x80
          RenderTableSection {THEAD} at (0,0) size 106x20
            RenderTableRow {TR} at (0,0) size 106x20
              RenderTableCell {TD} at (0,0) size 35x20 [r=0 c=0 rs=1 cs=1]
                RenderText {#text} at (1,1) size 29x17
                  text run at (1,1) width 29: "EST"
              RenderTableCell {TD} at (35,0) size 31x20 [border: none none none (1px solid #808080)] [r=0 c=1 rs=1 cs=1]
                RenderText {#text} at (2,1) size 28x17
                  text run at (2,1) width 28: "1am"
              RenderTableCell {TD} at (66,0) size 40x20 [border: none none none (1px solid #808080)] [r=0 c=2 rs=1 cs=1]
                RenderText {#text} at (2,1) size 29x17
                  text run at (2,1) width 29: "8pm"
          RenderTableSection {TBODY} at (0,20) size 106x40
            RenderTableRow {TR} at (0,0) size 106x20
              RenderTableCell {TD} at (0,0) size 35x20 [r=0 c=0 rs=1 cs=1]
                RenderText {#text} at (1,1) size 30x17
                  text run at (1,1) width 30: "CST"
              RenderTableCell {TD} at (35,0) size 31x20 [border: none none none (1px solid #808080)] [r=0 c=1 rs=1 cs=1]
                RenderText {#text} at (2,1) size 28x17
                  text run at (2,1) width 28: "2am"
              RenderTableCell {TD} at (66,0) size 40x20 [border: none none none (1px solid #808080)] [r=0 c=2 rs=1 cs=1]
                RenderText {#text} at (2,1) size 29x17
                  text run at (2,1) width 29: "9pm"
            RenderTableRow {TR} at (0,20) size 106x20
              RenderTableCell {TD} at (0,20) size 35x20 [r=1 c=0 rs=1 cs=1]
                RenderText {#text} at (1,1) size 33x17
                  text run at (1,1) width 33: "MST"
              RenderTableCell {TD} at (35,20) size 31x20 [border: none none none (1px solid #808080)] [r=1 c=1 rs=1 cs=1]
                RenderText {#text} at (2,1) size 28x17
                  text run at (2,1) width 28: "3am"
              RenderTableCell {TD} at (66,20) size 40x20 [border: none none none (1px solid #808080)] [r=1 c=2 rs=1 cs=1]
                RenderText {#text} at (2,1) size 37x17
                  text run at (2,1) width 37: "10pm"
          RenderTableSection {TFOOT} at (0,60) size 106x20
            RenderTableRow {TR} at (0,0) size 106x20
              RenderTableCell {TD} at (0,0) size 35x20 [r=0 c=0 rs=1 cs=1]
                RenderText {#text} at (1,1) size 28x17
                  text run at (1,1) width 28: "PST"
              RenderTableCell {TD} at (35,0) size 31x20 [border: none none none (1px solid #808080)] [r=0 c=1 rs=1 cs=1]
                RenderText {#text} at (2,1) size 28x17
                  text run at (2,1) width 28: "4am"
              RenderTableCell {TD} at (66,0) size 40x20 [border: none none none (1px solid #808080)] [r=0 c=2 rs=1 cs=1]
                RenderText {#text} at (2,1) size 37x17
                  text run at (2,1) width 37: "11pm"
        RenderBlock {P} at (0,96) size 784x44
          RenderButton {BUTTON} at (263,0) size 79x22 [bgcolor=#C0C0C0] [border: (2px outset #C0C0C0)]
            RenderBlock (anonymous) at (8,3) size 63x16
              RenderText {#text} at (0,0) size 63x16
                text run at (0,0) width 20: "No "
                text run at (20,0) width 43: "borders"
          RenderButton {BUTTON} at (342,0) size 101x22 [bgcolor=#C0C0C0] [border: (2px outset #C0C0C0)]
            RenderBlock (anonymous) at (8,3) size 85x16
              RenderText {#text} at (0,0) size 85x16
                text run at (0,0) width 49: "Exterior "
                text run at (49,0) width 36: "border"
          RenderButton {BUTTON} at (443,0) size 78x22 [bgcolor=#C0C0C0] [border: (2px outset #C0C0C0)]
            RenderBlock (anonymous) at (8,3) size 62x16
              RenderText {#text} at (0,0) size 62x16
                text run at (0,0) width 19: "All "
                text run at (19,0) width 43: "borders"
          RenderBR {BR} at (521,16) size 0x0
          RenderButton {BUTTON} at (227,22) size 107x22 [bgcolor=#C0C0C0] [border: (2px outset #C0C0C0)]
            RenderBlock (anonymous) at (8,3) size 91x16
              RenderText {#text} at (0,0) size 91x16
                text run at (0,0) width 48: "Column "
                text run at (48,0) width 43: "borders"
          RenderButton {BUTTON} at (334,22) size 105x22 [bgcolor=#C0C0C0] [border: (2px outset #C0C0C0)]
            RenderBlock (anonymous) at (8,3) size 89x16
              RenderText {#text} at (0,0) size 89x16
                text run at (0,0) width 46: "Groups "
                text run at (46,0) width 43: "borders"
          RenderButton {BUTTON} at (439,22) size 118x22 [bgcolor=#C0C0C0] [border: (2px outset #C0C0C0)]
            RenderBlock (anonymous) at (8,3) size 102x16
              RenderText {#text} at (0,0) size 102x16
                text run at (0,0) width 35: "Table "
                text run at (35,0) width 67: "row borders"
          RenderText {#text} at (0,0) size 0x0
