layer at (0,0) size 800x810
  RenderView at (0,0) size 800x600
layer at (0,0) size 800x810
  RenderBlock {HTML} at (0,0) size 800x810
    RenderBody {BODY} at (0,0) size 800x810
      RenderBlock {SPAN} at (0,0) size 200x810
        RenderBlock {DIV} at (0,0) size 200x810
          RenderText {#text} at (0,-1) size 200x811
            text run at (0,-1) width 200: "This test verifies"
            text run at (0,29) width 140: "that display"
            text run at (0,59) width 97: "changes"
            text run at (0,89) width 102: "properly"
            text run at (0,119) width 163: "invalidate the"
            text run at (0,149) width 169: "text autosizer."
            text run at (0,179) width 187: "This test passes"
            text run at (0,209) width 195: "if this text is not"
            text run at (0,239) width 144: "overlapping"
            text run at (0,269) width 129: "with itself."
            text run at (0,299) width 161: "Lorem ipsum"
            text run at (0,329) width 173: "dolor sit amet,"
            text run at (0,359) width 137: "consectetur"
            text run at (0,389) width 185: "adipisicing elit,"
            text run at (0,419) width 187: "sed do eiusmod"
            text run at (0,449) width 85: "tempor"
            text run at (0,479) width 153: "incididunt ut"
            text run at (0,509) width 189: "labore et dolore"
            text run at (0,539) width 169: "magna aliqua."
            text run at (0,569) width 134: "Ut enim ad"
            text run at (0,599) width 182: "minim veniam,"
            text run at (0,629) width 148: "quis nostrud"
            text run at (0,659) width 142: "exercitation"
            text run at (0,689) width 186: "ullamco laboris"
            text run at (0,719) width 165: "nisi ut aliquip"
            text run at (0,749) width 190: "ex ea commodo"
            text run at (0,779) width 128: "consequat."
