layer at (0,0) size 785x965
  RenderView at (0,0) size 785x600
layer at (0,0) size 785x965
  RenderBlock {HTML} at (0,0) size 785x965
    RenderBody {BODY} at (8,8) size 769x949
      RenderBlock {CENTER} at (0,0) size 769x949
        RenderTable {TABLE} at (58,0) size 653x949 [bgcolor=#F6F6EF]
          RenderTableSection {TBODY} at (0,0) size 653x949
            RenderTableRow {TR} at (0,0) size 653x20
              RenderTableCell {TD} at (0,0) size 653x20 [bgcolor=#FF6600] [r=0 c=0 rs=1 cs=1]
                RenderTable {TABLE} at (0,0) size 653x20
                  RenderTableSection {TBODY} at (2,2) size 649x16
                    RenderTableRow {TR} at (0,0) size 649x16
                      RenderTableCell {TD} at (0,0) size 56x16 [r=0 c=0 rs=1 cs=1]
                        RenderText {#text} at (0,0) size 52x16
                          text run at (0,0) width 52: "[image]"
                      RenderTableCell {TD} at (56,0) size 542x16 [r=0 c=1 rs=1 cs=1]
                        RenderInline {SPAN} at (0,0) size 386x16
                          RenderText {#text} at (0,0) size 0x0
                          RenderInline {B} at (0,0) size 138x16
                            RenderText {#text} at (0,0) size 0x0
                            RenderInline {A} at (0,0) size 133x16 [color=#0000EE]
                              RenderText {#text} at (0,0) size 133x16
                                text run at (0,0) width 133: "Script Kiddy News"
                            RenderText {#text} at (132,0) size 6x16
                              text run at (132,0) width 6: " "
                          RenderText {#text} at (137,0) size 249x16
                            text run at (137,0) width 249: "new | comments | ask | jobs | submit"
                        RenderText {#text} at (0,0) size 0x0
                      RenderTableCell {TD} at (598,0) size 51x16 [r=0 c=2 rs=1 cs=1]
                        RenderInline {SPAN} at (0,0) size 32x16
                          RenderText {#text} at (15,0) size 32x16
                            text run at (15,0) width 32: "login"
                        RenderText {#text} at (0,0) size 0x0
            RenderTableRow {TR} at (0,20) size 653x10
            RenderTableRow {TR} at (0,30) size 653x901
              RenderTableCell {TD} at (0,30) size 653x901 [r=2 c=0 rs=1 cs=1]
                RenderTable {TABLE} at (0,0) size 406x58
                  RenderTableSection {TBODY} at (0,0) size 406x58
                    RenderTableRow {TR} at (0,2) size 406x18
                      RenderTableCell {TD} at (2,2) size 54x18 [r=0 c=0 rs=1 cs=1]
                        RenderBlock {CENTER} at (1,1) size 52x16
                          RenderText {#text} at (0,0) size 52x16
                            text run at (0,0) width 52: "[image]"
                      RenderTableCell {TD} at (58,2) size 346x18 [r=0 c=1 rs=1 cs=1]
                        RenderInline {A} at (0,0) size 198x16 [color=#0000EE]
                          RenderText {#text} at (1,1) size 198x16
                            text run at (1,1) width 198: "Chromium is the best browser"
                        RenderText {#text} at (198,1) size 6x16
                          text run at (198,1) width 6: " "
                        RenderInline {SPAN} at (0,0) size 142x16
                          RenderText {#text} at (203,1) size 142x16
                            text run at (203,1) width 142: "(google.com/chrome)"
                        RenderText {#text} at (0,0) size 0x0
                    RenderTableRow {TR} at (0,22) size 406x18
                      RenderTableCell {TD} at (2,30) size 54x2 [r=1 c=0 rs=1 cs=1]
                      RenderTableCell {TD} at (58,22) size 346x18 [r=1 c=1 rs=1 cs=1]
                        RenderInline {SPAN} at (0,0) size 70x16
                          RenderText {#text} at (1,1) size 70x16
                            text run at (1,1) width 70: "999 points"
                        RenderText {#text} at (70,1) size 25x16
                          text run at (70,1) width 25: " by "
                        RenderInline {A} at (0,0) size 23x16 [color=#0000EE]
                          RenderText {#text} at (94,1) size 23x16
                            text run at (94,1) width 23: "pdr"
                        RenderText {#text} at (116,1) size 188x16
                          text run at (116,1) width 88: " 4 hours ago "
                          text run at (203,1) width 101: "| 74 comments"
                    RenderTableRow {TR} at (0,42) size 406x10
                    RenderTableRow {TR} at (0,54) size 406x2
                      RenderTableCell {TD} at (2,54) size 54x2 [r=3 c=0 rs=1 cs=1]
                      RenderTableCell {TD} at (58,54) size 346x2 [r=3 c=1 rs=1 cs=1]
                RenderBlock (anonymous) at (0,58) size 653x32
                  RenderBR {BR} at (0,0) size 0x16
                  RenderBR {BR} at (0,16) size 0x16
                RenderTable {TABLE} at (0,90) size 653x779
                  RenderTableSection {TBODY} at (0,0) size 653x779
                    RenderTableRow {TR} at (0,2) size 653x422
                      RenderTableCell {TD} at (2,2) size 649x422 [r=0 c=0 rs=1 cs=1]
                        RenderTable {TABLE} at (1,1) size 647x420
                          RenderTableSection {TBODY} at (0,0) size 647x420
                            RenderTableRow {TR} at (0,2) size 647x416
                              RenderTableCell {TD} at (2,209) size 2x2 [r=0 c=0 rs=1 cs=1]
                              RenderTableCell {TD} at (6,2) size 54x18 [r=0 c=1 rs=1 cs=1]
                                RenderBlock {CENTER} at (1,1) size 52x16
                                  RenderText {#text} at (0,0) size 52x16
                                    text run at (0,0) width 52: "[image]"
                              RenderTableCell {TD} at (62,2) size 583x416 [r=0 c=2 rs=1 cs=1]
                                RenderBlock {DIV} at (1,3) size 581x33
                                  RenderInline {SPAN} at (0,0) size 428x33
                                    RenderText {#text} at (0,0) size 428x33
                                      text run at (0,0) width 360: "longcomment 3 hours ago "
                                      text run at (359,0) width 69: "| link"
                                  RenderText {#text} at (0,0) size 0x0
                                RenderBlock (anonymous) at (1,26) size 581x330
                                  RenderBR {BR} at (0,0) size 0x33
                                  RenderInline {SPAN} at (0,0) size 551x297
                                    RenderText {#text} at (0,0) size 0x0
                                    RenderInline {FONT} at (0,0) size 551x297
                                      RenderText {#text} at (0,33) size 551x297
                                        text run at (0,33) width 551: "Contrary to popular belief, blah blah blah"
                                        text run at (0,66) width 518: "blah blah blah blah blah blah blah blah"
                                        text run at (0,99) width 518: "blah blah blah blah blah blah blah blah"
                                        text run at (0,132) width 518: "blah blah blah blah blah blah blah blah"
                                        text run at (0,165) width 518: "blah blah blah blah blah blah blah blah"
                                        text run at (0,198) width 518: "blah blah blah blah blah blah blah blah"
                                        text run at (0,231) width 518: "blah blah blah blah blah blah blah blah"
                                        text run at (0,264) width 518: "blah blah blah blah blah blah blah blah"
                                        text run at (0,297) width 453: "blah blah blah blah blah blah blah"
                                    RenderText {#text} at (0,0) size 0x0
                                  RenderText {#text} at (0,0) size 0x0
                                RenderBlock {P} at (1,369) size 581x33
                                  RenderInline {FONT} at (0,0) size 67x33
                                    RenderText {#text} at (0,0) size 67x33
                                      text run at (0,0) width 67: "reply"
                                  RenderText {#text} at (0,0) size 0x0
                    RenderTableRow {TR} at (0,426) size 653x191
                      RenderTableCell {TD} at (2,426) size 649x191 [r=1 c=0 rs=1 cs=1]
                        RenderTable {TABLE} at (1,1) size 647x189
                          RenderTableSection {TBODY} at (0,0) size 647x189
                            RenderTableRow {TR} at (0,2) size 647x185
                              RenderTableCell {TD} at (2,93) size 322x2 [r=0 c=0 rs=1 cs=1]
                                RenderBlock {DIV} at (1,1) size 320x0
                              RenderTableCell {TD} at (326,2) size 54x18 [r=0 c=1 rs=1 cs=1]
                                RenderBlock {CENTER} at (1,1) size 52x16
                                  RenderText {#text} at (0,0) size 52x16
                                    text run at (0,0) width 52: "[image]"
                              RenderTableCell {TD} at (382,2) size 263x185 [r=0 c=2 rs=1 cs=1]
                                RenderBlock {DIV} at (1,3) size 261x66
                                  RenderInline {SPAN} at (0,0) size 243x66
                                    RenderText {#text} at (0,0) size 243x66
                                      text run at (0,0) width 198: "deepnested 37"
                                      text run at (0,33) width 175: "minutes ago "
                                      text run at (174,33) width 69: "| link"
                                  RenderText {#text} at (0,0) size 0x0
                                RenderBlock (anonymous) at (1,59) size 261x66
                                  RenderBR {BR} at (0,0) size 0x33
                                  RenderInline {SPAN} at (0,0) size 255x33
                                    RenderText {#text} at (0,0) size 0x0
                                    RenderInline {FONT} at (0,0) size 255x33
                                      RenderText {#text} at (0,33) size 255x33
                                        text run at (0,33) width 255: "Haskell is the best."
                                    RenderText {#text} at (0,0) size 0x0
                                  RenderText {#text} at (0,0) size 0x0
                                RenderBlock {P} at (1,138) size 261x33
                                  RenderInline {FONT} at (0,0) size 67x33
                                    RenderText {#text} at (0,0) size 67x33
                                      text run at (0,0) width 67: "reply"
                                  RenderText {#text} at (0,0) size 0x0
                    RenderTableRow {TR} at (0,619) size 653x158
                      RenderTableCell {TD} at (2,619) size 649x158 [r=2 c=0 rs=1 cs=1]
                        RenderTable {TABLE} at (1,1) size 546x156
                          RenderTableSection {TBODY} at (0,0) size 546x156
                            RenderTableRow {TR} at (0,2) size 546x152
                              RenderTableCell {TD} at (2,77) size 42x2 [r=0 c=0 rs=1 cs=1]
                                RenderBlock {DIV} at (1,1) size 40x0
                              RenderTableCell {TD} at (46,2) size 54x18 [r=0 c=1 rs=1 cs=1]
                                RenderBlock {CENTER} at (1,1) size 52x16
                                  RenderText {#text} at (0,0) size 52x16
                                    text run at (0,0) width 52: "[image]"
                              RenderTableCell {TD} at (102,2) size 442x152 [r=0 c=2 rs=1 cs=1]
                                RenderBlock {DIV} at (1,3) size 440x33
                                  RenderInline {SPAN} at (0,0) size 440x33
                                    RenderText {#text} at (0,0) size 440x33
                                      text run at (0,0) width 371: "shortcomment 4 hours ago "
                                      text run at (370,0) width 70: "| link"
                                  RenderText {#text} at (0,0) size 0x0
                                RenderBlock (anonymous) at (1,26) size 440x66
                                  RenderBR {BR} at (0,0) size 0x33
                                  RenderInline {SPAN} at (0,0) size 275x33
                                    RenderText {#text} at (0,0) size 0x0
                                    RenderInline {FONT} at (0,0) size 275x33
                                      RenderText {#text} at (0,33) size 275x33
                                        text run at (0,33) width 275: "PHP can do that too."
                                    RenderText {#text} at (0,0) size 0x0
                                  RenderText {#text} at (0,0) size 0x0
                                RenderBlock {P} at (1,105) size 440x33
                                  RenderInline {FONT} at (0,0) size 67x33
                                    RenderText {#text} at (0,0) size 67x33
                                      text run at (0,0) width 67: "reply"
                                  RenderText {#text} at (0,0) size 0x0
                RenderBlock (anonymous) at (0,869) size 653x32
                  RenderBR {BR} at (0,0) size 0x16
                  RenderBR {BR} at (0,16) size 0x16
            RenderTableRow {TR} at (0,931) size 653x18
              RenderTableCell {TD} at (0,931) size 653x18 [r=3 c=0 rs=1 cs=1]
                RenderTable {TABLE} at (0,0) size 653x2
                  RenderTableSection {TBODY} at (0,0) size 653x2
                    RenderTableRow {TR} at (0,0) size 653x2
                      RenderTableCell {TD} at (0,0) size 653x2 [bgcolor=#FF6600] [r=0 c=0 rs=1 cs=1]
                RenderBlock (anonymous) at (0,2) size 653x16
                  RenderBR {BR} at (0,0) size 0x16
