layer at (0,0) size 800x1771
  RenderView at (0,0) size 800x600
layer at (0,0) size 800x1771
  RenderBlock {HTML} at (0,0) size 800x1771
    RenderBody {BODY} at (8,8) size 784x1755
      RenderBlock {DIV} at (320,0) size 464x1716
        RenderInline {B} at (0,0) size 451x585 [color=#0000FF]
          RenderText {#text} at (0,0) size 451x78
            text run at (0,0) width 451: "This test passes if no text is"
            text run at (0,39) width 211: "overlapping."
          RenderBR {BR} at (210,39) size 1x39
          RenderText {#text} at (0,78) size 451x507
            text run at (0,78) width 451: "Autosize Autosize Autosize"
            text run at (0,117) width 451: "Autosize Autosize Autosize"
            text run at (0,156) width 451: "Autosize Autosize Autosize"
            text run at (0,195) width 451: "Autosize Autosize Autosize"
            text run at (0,234) width 451: "Autosize Autosize Autosize"
            text run at (0,273) width 451: "Autosize Autosize Autosize"
            text run at (0,312) width 451: "Autosize Autosize Autosize"
            text run at (0,351) width 451: "Autosize Autosize Autosize"
            text run at (0,390) width 451: "Autosize Autosize Autosize"
            text run at (0,429) width 451: "Autosize Autosize Autosize"
            text run at (0,468) width 451: "Autosize Autosize Autosize"
            text run at (0,507) width 451: "Autosize Autosize Autosize"
            text run at (0,546) width 451: "Autosize Autosize Autosize"
        RenderInline {B} at (0,0) size 451x1131
          RenderText {#text} at (0,585) size 451x1131
            text run at (0,585) width 451: "Autosize Autosize Autosize"
            text run at (0,624) width 451: "Autosize Autosize Autosize"
            text run at (0,663) width 451: "Autosize Autosize Autosize"
            text run at (0,702) width 451: "Autosize Autosize Autosize"
            text run at (0,741) width 451: "Autosize Autosize Autosize"
            text run at (0,780) width 451: "Autosize Autosize Autosize"
            text run at (0,819) width 451: "Autosize Autosize Autosize"
            text run at (0,858) width 451: "Autosize Autosize Autosize"
            text run at (0,897) width 451: "Autosize Autosize Autosize"
            text run at (0,936) width 451: "Autosize Autosize Autosize"
            text run at (0,975) width 451: "Autosize Autosize Autosize"
            text run at (0,1014) width 451: "Autosize Autosize Autosize"
            text run at (0,1053) width 451: "Autosize Autosize Autosize"
            text run at (0,1092) width 451: "Autosize Autosize Autosize"
            text run at (0,1131) width 451: "Autosize Autosize Autosize"
            text run at (0,1170) width 451: "Autosize Autosize Autosize"
            text run at (0,1209) width 451: "Autosize Autosize Autosize"
            text run at (0,1248) width 451: "Autosize Autosize Autosize"
            text run at (0,1287) width 451: "Autosize Autosize Autosize"
            text run at (0,1326) width 451: "Autosize Autosize Autosize"
            text run at (0,1365) width 451: "Autosize Autosize Autosize"
            text run at (0,1404) width 451: "Autosize Autosize Autosize"
            text run at (0,1443) width 451: "Autosize Autosize Autosize"
            text run at (0,1482) width 451: "Autosize Autosize Autosize"
            text run at (0,1521) width 451: "Autosize Autosize Autosize"
            text run at (0,1560) width 451: "Autosize Autosize Autosize"
            text run at (0,1599) width 451: "Autosize Autosize Autosize"
            text run at (0,1638) width 451: "Autosize Autosize Autosize"
            text run at (0,1677) width 308: "Autosize Autosize "
          RenderInline {I} at (0,0) size 75x39
            RenderText {#text} at (307,1677) size 75x39
              text run at (307,1677) width 75: "test2"
          RenderText {#text} at (0,0) size 0x0
        RenderText {#text} at (0,0) size 0x0
      RenderBlock {DIV} at (0,1716) size 784x39
        RenderInline {B} at (0,0) size 79x39
          RenderText {#text} at (0,0) size 79x39
            text run at (0,0) width 79: "test1"
