layer at (0,0) size 800x600
  RenderView at (0,0) size 800x600
layer at (0,0) size 800x600
  RenderBlock {HTML} at (0,0) size 800x600
    RenderBody {BODY} at (8,8) size 784x576
      RenderBlock {P} at (0,0) size 784x16
        RenderText {#text} at (0,0) size 336x16
          text run at (0,0) width 336: "This tests the rendering of invalid UTF-8 sequences."
      RenderBlock {P} at (0,32) size 784x16
        RenderText {#text} at (0,0) size 511x16
          text run at (0,0) width 511: "The output should be: \"\x{442}??\x{442}\" (with black diamonds in place of question marks)."
      RenderBlock {HR} at (0,64) size 784x2 [border: (1px inset #EEEEEE)]
      RenderBlock {P} at (0,82) size 784x19
        RenderText {#text} at (0,3) size 47x16
          text run at (0,3) width 47: "\x{442}\x{FFFD}\x{FFFD}\x{442}"
