layer at (0,0) size 785x1247
  RenderView at (0,0) size 785x600
layer at (0,0) size 785x1247
  RenderBlock {HTML} at (0,0) size 785x1247
    RenderBody {BODY} at (8,8) size 769x1231 [bgcolor=#CCCCCC]
      RenderBlock {P} at (0,0) size 769x16
        RenderText {#text} at (0,0) size 363x16
          text run at (0,0) width 363: "The style declarations which apply to the text below are:"
      RenderBlock {PRE} at (0,32) size 769x117
        RenderText {#text} at (0,0) size 305x117
          text run at (0,0) width 211: "DIV.a {font-family: serif;}"
          text run at (210,0) width 1: " "
          text run at (0,13) width 242: "DIV.b {font-family: monospace;}"
          text run at (241,13) width 1: " "
          text run at (0,26) width 203: ".one {font-family: serif;}"
          text run at (202,26) width 1: " "
          text run at (0,39) width 242: ".two {font-family: sans-serif;}"
          text run at (241,39) width 1: " "
          text run at (0,52) width 235: ".three {font-family: cursive;}"
          text run at (234,52) width 1: " "
          text run at (0,65) width 227: ".four {font-family: fantasy;}"
          text run at (226,65) width 1: " "
          text run at (0,78) width 242: ".five {font-family: monospace;}"
          text run at (241,78) width 1: " "
          text run at (0,91) width 305: ".six {font-family: sans-serif,cursive;}"
          text run at (304,91) width 1: " "
          text run at (0,104) width 297: ".seven {font-family: monospace,serif;}"
          text run at (296,104) width 1: " "
      RenderBlock {HR} at (0,162) size 769x2 [border: (1px inset #EEEEEE)]
      RenderBlock {DIV} at (0,180) size 769x191
        RenderBlock {P} at (0,0) size 769x16
          RenderText {#text} at (0,0) size 655x16
            text run at (0,0) width 655: "This sentence is normal for the first division, which is the next five sentences; it should be a serif font."
        RenderBlock {P} at (0,32) size 769x16
          RenderText {#text} at (0,0) size 248x16
            text run at (0,0) width 248: "This sentence should be in a serif font."
        RenderBlock {P} at (0,64) size 769x16
          RenderText {#text} at (0,0) size 314x16
            text run at (0,0) width 314: "This sentence should be in a sans-serif font."
        RenderBlock {P} at (0,96) size 769x25
          RenderText {#text} at (0,0) size 269x25
            text run at (0,0) width 269: "This sentence should be in a cursive font."
        RenderBlock {P} at (0,137) size 769x25
          RenderText {#text} at (0,0) size 298x25
            text run at (0,0) width 298: "This sentence should be in a fantasy font."
        RenderBlock {P} at (0,178) size 769x13
          RenderText {#text} at (0,0) size 344x13
            text run at (0,0) width 344: "This sentence should be in a monospace font."
      RenderBlock {HR} at (0,384) size 769x2 [border: (1px inset #EEEEEE)]
      RenderBlock {P} at (0,402) size 769x16
        RenderText {#text} at (0,0) size 400x16
          text run at (0,0) width 400: "This sentence should be in a sans-serif font, not cursive."
      RenderBlock {P} at (0,434) size 769x16
        RenderText {#text} at (0,0) size 529x16
          text run at (0,0) width 529: "This sentence should be in a monospace font, not serif."
      RenderBlock {HR} at (0,466) size 769x2 [border: (1px inset #EEEEEE)]
      RenderBlock {DIV} at (0,481) size 769x201
        RenderBlock {P} at (0,0) size 769x26
          RenderText {#text} at (0,0) size 749x26
            text run at (0,0) width 749: "This sentence is normal for the first division, which is the next five sentences; it should be a"
            text run at (0,13) width 118: "monospace font."
        RenderBlock {P} at (0,42) size 769x16
          RenderText {#text} at (0,0) size 248x16
            text run at (0,0) width 248: "This sentence should be in a serif font."
        RenderBlock {P} at (0,74) size 769x16
          RenderText {#text} at (0,0) size 314x16
            text run at (0,0) width 314: "This sentence should be in a sans-serif font."
        RenderBlock {P} at (0,106) size 769x25
          RenderText {#text} at (0,0) size 269x25
            text run at (0,0) width 269: "This sentence should be in a cursive font."
        RenderBlock {P} at (0,147) size 769x25
          RenderText {#text} at (0,0) size 298x25
            text run at (0,0) width 298: "This sentence should be in a fantasy font."
        RenderBlock {P} at (0,188) size 769x13
          RenderText {#text} at (0,0) size 344x13
            text run at (0,0) width 344: "This sentence should be in a monospace font."
      RenderTable {TABLE} at (0,695) size 769x536 [border: (1px outset #808080)]
        RenderTableSection {TBODY} at (1,1) size 767x534
          RenderTableRow {TR} at (0,0) size 767x24
            RenderTableCell {TD} at (0,0) size 767x24 [bgcolor=#C0C0C0] [border: (1px inset #808080)] [r=0 c=0 rs=1 cs=2]
              RenderInline {STRONG} at (0,0) size 163x16
                RenderText {#text} at (4,4) size 163x16
                  text run at (4,4) width 163: "TABLE Testing Section"
          RenderTableRow {TR} at (0,24) size 767x510
            RenderTableCell {TD} at (0,267) size 12x24 [bgcolor=#C0C0C0] [border: (1px inset #808080)] [r=1 c=0 rs=1 cs=1]
              RenderText {#text} at (4,4) size 4x16
                text run at (4,4) width 4: " "
            RenderTableCell {TD} at (12,24) size 755x510 [border: (1px inset #808080)] [r=1 c=1 rs=1 cs=1]
              RenderBlock {DIV} at (4,4) size 747x191
                RenderBlock {P} at (0,0) size 747x16
                  RenderText {#text} at (0,0) size 655x16
                    text run at (0,0) width 655: "This sentence is normal for the first division, which is the next five sentences; it should be a serif font."
                RenderBlock {P} at (0,32) size 747x16
                  RenderText {#text} at (0,0) size 248x16
                    text run at (0,0) width 248: "This sentence should be in a serif font."
                RenderBlock {P} at (0,64) size 747x16
                  RenderText {#text} at (0,0) size 314x16
                    text run at (0,0) width 314: "This sentence should be in a sans-serif font."
                RenderBlock {P} at (0,96) size 747x25
                  RenderText {#text} at (0,0) size 269x25
                    text run at (0,0) width 269: "This sentence should be in a cursive font."
                RenderBlock {P} at (0,137) size 747x25
                  RenderText {#text} at (0,0) size 298x25
                    text run at (0,0) width 298: "This sentence should be in a fantasy font."
                RenderBlock {P} at (0,178) size 747x13
                  RenderText {#text} at (0,0) size 344x13
                    text run at (0,0) width 344: "This sentence should be in a monospace font."
              RenderBlock {HR} at (4,208) size 747x2 [border: (1px inset #EEEEEE)]
              RenderBlock {P} at (4,226) size 747x16
                RenderText {#text} at (0,0) size 400x16
                  text run at (0,0) width 400: "This sentence should be in a sans-serif font, not cursive."
              RenderBlock {P} at (4,258) size 747x16
                RenderText {#text} at (0,0) size 529x16
                  text run at (0,0) width 529: "This sentence should be in a monospace font, not serif."
              RenderBlock {HR} at (4,290) size 747x2 [border: (1px inset #EEEEEE)]
              RenderBlock {DIV} at (4,305) size 747x201
                RenderBlock {P} at (0,0) size 747x26
                  RenderText {#text} at (0,0) size 734x26
                    text run at (0,0) width 734: "This sentence is normal for the first division, which is the next five sentences; it should be"
                    text run at (0,13) width 133: "a monospace font."
                RenderBlock {P} at (0,42) size 747x16
                  RenderText {#text} at (0,0) size 248x16
                    text run at (0,0) width 248: "This sentence should be in a serif font."
                RenderBlock {P} at (0,74) size 747x16
                  RenderText {#text} at (0,0) size 314x16
                    text run at (0,0) width 314: "This sentence should be in a sans-serif font."
                RenderBlock {P} at (0,106) size 747x25
                  RenderText {#text} at (0,0) size 269x25
                    text run at (0,0) width 269: "This sentence should be in a cursive font."
                RenderBlock {P} at (0,147) size 747x25
                  RenderText {#text} at (0,0) size 298x25
                    text run at (0,0) width 298: "This sentence should be in a fantasy font."
                RenderBlock {P} at (0,188) size 747x13
                  RenderText {#text} at (0,0) size 344x13
                    text run at (0,0) width 344: "This sentence should be in a monospace font."
