layer at (0,0) size 785x4195
  RenderView at (0,0) size 785x600
layer at (0,0) size 785x4195
  RenderBlock {HTML} at (0,0) size 785x4195.33
    RenderBody {BODY} at (8,8) size 769x4179.33 [bgcolor=#CCCCCC]
      RenderBlock {P} at (0,0) size 769x12
        RenderText {#text} at (0,0) size 272x12
          text run at (0,0) width 272: "The style declarations which apply to the text below are:"
      RenderBlock {PRE} at (0,24) size 769x144
        RenderText {#text} at (0,0) size 411x144
          text run at (0,0) width 166: "BODY {font-size: 12px;}"
          text run at (165,0) width 1: " "
          text run at (0,12) width 332: ".one {font: italic small-caps 13pt Helvetica;}"
          text run at (331,12) width 1: " "
          text run at (0,24) width 209: ".two {font: 150%/150% serif;}"
          text run at (208,24) width 1: " "
          text run at (0,36) width 260: ".three {font: 150%/150% sans-serif;}"
          text run at (259,36) width 1: " "
          text run at (0,48) width 238: ".four {font: small/200% cursive;}"
          text run at (237,48) width 1: " "
          text run at (0,60) width 411: ".five {font: italic small-caps 900 150%/150% sans-serif;}"
          text run at (410,60) width 1: " "
          text run at (0,72) width 404: ".six {font: italic small-caps 100 150%/300% sans-serif;}"
          text run at (403,72) width 1: " "
          text run at (0,84) width 404: ".seven {font: italic small-caps 900 150%/2em monospace;}"
          text run at (403,84) width 1: " "
          text run at (0,96) width 411: ".eight {font: italic small-caps 500 150%/1in sans-serif;}"
          text run at (410,96) width 1: " "
          text run at (0,108) width 389: ".nine {font: oblique normal 700 18px/200% sans-serif;}"
          text run at (388,108) width 1: " "
          text run at (0,120) width 310: ".ten {font: normal 400 80%/2.5 sans-serif;}"
          text run at (309,120) width 1: " "
          text run at (0,132) width 274: "SPAN.color {background-color: silver;}"
          text run at (273,132) width 1: " "
      RenderBlock {HR} at (0,180) size 769x2 [border: (1px inset #EEEEEE)]
      RenderBlock {P} at (0,194) size 769x12
        RenderText {#text} at (0,0) size 720x12
          text run at (0,0) width 431: "This element is unstyled, and should inherit a font-size of 12px from the BODY element. "
          text run at (430,0) width 290: "This is the \"base font size\" referred to in the following tests."
      RenderBlock {P} at (0,223.33) size 769x17
        RenderText {#text} at (0,0) size 496x17
          text run at (0,0) width 496: "This element should be 13pt. Helvetica which is in small-cap italics."
      RenderBlock {P} at (0,258.33) size 769x81
        RenderText {#text} at (0,4) size 764x73
          text run at (0,4) width 278: "This element should be in a serif font. "
          text run at (277,4) width 475: "Its font-size should be 150% the base font size, and its line-height"
          text run at (0,31) width 418: "should 150% of that value (18px and 27px, respectively). "
          text run at (417,31) width 347: "Extra text is included for the purposes of testing"
          text run at (0,58) width 154: "this more effectively."
      RenderBlock {P} at (0,357.33) size 769x81
        RenderText {#text} at (0,4) size 761x72
          text run at (0,4) width 349: "This element should be in a sans-serif font. "
          text run at (348,4) width 413: "Its font-size should be 150% the base font size, and"
          text run at (0,31) width 569: "its line-height should 150% of that value (18px and 27px, respectively). "
          text run at (568,31) width 193: "Extra text is included for"
          text run at (0,58) width 352: "the purposes of testing this more effectively."
      RenderBlock {P} at (0,456.33) size 769x79
        RenderText {#text} at (0,2) size 761x47
          text run at (0,2) width 612: "This element should be in a cursive font, 'small' in size, with a line-height 200% the height of the text's actual size. "
          text run at (611,2) width 150: "For example, if the font-size"
          text run at (0,28) width 32: "value "
        RenderInline {CODE} at (0,0) size 31x10
          RenderText {#text} at (31,35) size 31x10
            text run at (31,35) width 31: "small"
        RenderText {#text} at (61,28) size 767x48
          text run at (61,28) width 315: " is calculated at 10px, then the line-height should be 20px. "
          text run at (375,28) width 274: "The actual value of the font-size is UA-dependent. "
          text run at (648,28) width 119: "Extra text is included"
          text run at (0,55) width 249: "for the purposes of testing this more effectively."
      RenderBlock {P} at (0,553.33) size 769x108
        RenderText {#text} at (0,4) size 751x99
          text run at (0,4) width 730: "This element should be in a sans-serif font, italicized and small caps, with a weight of 900. "
          text run at (729,4) width 22: "Its"
          text run at (0,31) width 750: "font-size should be 150% the base font size, and its line-height should be 150% of that value"
          text run at (0,58) width 244: "(18px and 27px, respectively). "
          text run at (243,58) width 480: "Extra text is included for the purposes of testing this more"
          text run at (0,85) width 94: "effectively."
      RenderBlock {P} at (0,679.33) size 769x162
        RenderText {#text} at (0,18) size 766x126
          text run at (0,18) width 701: "This element should be in a sans-serif font, italicized and small caps, with a weight of 100. "
          text run at (700,18) width 66: "Its font-"
          text run at (0,72) width 763: "size should be 150% the base font size, and its line-height should be 300% of that value (18px and"
          text run at (0,126) width 154: "54px, respectively). "
          text run at (153,126) width 549: "Extra text is included for the purposes of testing this more effectively."
      RenderBlock {P} at (0,859.33) size 769x144
        RenderText {#text} at (0,9) size 733x126
          text run at (0,9) width 733: "This element should be in a monospace font, italicized and small caps, with a weight of"
          text run at (0,45) width 55: "900. "
          text run at (54,45) width 672: "Its font-size should be 150% the base font size, and its line-height should be"
          text run at (0,81) width 605: "2em, or twice the element's font size (18px and 36px, respectively). "
          text run at (604,81) width 111: "Extra text is"
          text run at (0,117) width 488: "included for the purposes of testing this more effectively."
      RenderBlock {P} at (0,1021.33) size 769x288
        RenderText {#text} at (0,39) size 742x210
          text run at (0,39) width 720: "This element should be in a sans-serif font, italicized and small caps, with a weight of 500. "
          text run at (719,39) width 23: "Its"
          text run at (0,135) width 691: "font-size should be 150% the base font size, or 18px, and its line-height should be 1in. "
          text run at (690,135) width 48: "Extra"
          text run at (0,231) width 524: "text is included for the purposes of testing this more effectively."
      RenderBlock {P} at (0,1327.33) size 769x144
        RenderText {#text} at (0,9) size 753x126
          text run at (0,9) width 753: "This element should be in a sans-serif font, oblique and not small-caps, with a weight of"
          text run at (0,45) width 41: "700. "
          text run at (40,45) width 666: "Its font-size should be 18 pixels, and its line-height should be 36px (200% this"
          text run at (0,81) width 177: "element's font size). "
          text run at (176,81) width 501: "Extra text is included for the purposes of testing this more"
          text run at (0,117) width 94: "effectively."
      RenderBlock {P} at (0,1489.33) size 769x50
        RenderText {#text} at (0,8) size 742x34
          text run at (0,8) width 276: "This element should be in a sans-serif font, with a weight of 400. "
          text run at (275,8) width 417: "Its font-size should be 80% of 12px, or 9.6px, and its line-height shoud be 2.5 times that, or 24px. "
          text run at (691,8) width 51: "Extra text is"
          text run at (0,33) width 240: "included for the purposes of testing this more effectively."
      RenderBlock {P} at (0,1557.33) size 769x216
        RenderInline {SPAN} at (0,0) size 766x180 [bgcolor=#C0C0C0]
          RenderText {#text} at (0,18) size 766x180
            text run at (0,18) width 701: "This element should be in a sans-serif font, italicized and small caps, with a weight of 100. "
            text run at (700,18) width 66: "Its font-"
            text run at (0,72) width 763: "size should be 150% the base font size, and its line-height should be 300% of that value (18px and"
            text run at (0,126) width 757: "54px, respectively). The text should have a silver background. The background color has been set"
            text run at (0,180) width 681: "on an inline element and should therefore only cover the text, not the interline spacing."
        RenderText {#text} at (0,0) size 0x0
      RenderTable {TABLE} at (0,1791.33) size 769x2388 [border: (1px outset #808080)]
        RenderTableSection {TBODY} at (1,1) size 767x2386
          RenderTableRow {TR} at (0,0) size 767x24
            RenderTableCell {TD} at (0,0) size 767x24 [bgcolor=#C0C0C0] [border: (1px inset #808080)] [r=0 c=0 rs=1 cs=2]
              RenderInline {STRONG} at (0,0) size 163x16
                RenderText {#text} at (4,4) size 163x16
                  text run at (4,4) width 163: "TABLE Testing Section"
          RenderTableRow {TR} at (0,24) size 767x2362
            RenderTableCell {TD} at (0,1193) size 12x24 [bgcolor=#C0C0C0] [border: (1px inset #808080)] [r=1 c=0 rs=1 cs=1]
              RenderText {#text} at (4,4) size 4x16
                text run at (4,4) width 4: " "
            RenderTableCell {TD} at (12,24) size 755x2362.33 [border: (1px inset #808080)] [r=1 c=1 rs=1 cs=1]
              RenderBlock {P} at (4,4) size 747x32
                RenderText {#text} at (0,0) size 746x32
                  text run at (0,0) width 575: "This element is unstyled, and should inherit a font-size of 12px from the BODY element. "
                  text run at (574,0) width 172: "This is the \"base font size\""
                  text run at (0,16) width 210: "referred to in the following tests."
              RenderBlock {P} at (4,53.33) size 747x17
                RenderText {#text} at (0,0) size 496x17
                  text run at (0,0) width 496: "This element should be 13pt. Helvetica which is in small-cap italics."
              RenderBlock {P} at (4,94.33) size 747x144
                RenderText {#text} at (0,6) size 729x132
                  text run at (0,6) width 370: "This element should be in a serif font. "
                  text run at (369,6) width 360: "Its font-size should be 150% the base"
                  text run at (0,42) width 688: "font size, and its line-height should 150% of that value (18px and 27px,"
                  text run at (0,78) width 136: "respectively). "
                  text run at (135,78) width 559: "Extra text is included for the purposes of testing this more"
                  text run at (0,114) width 109: "effectively."
              RenderBlock {P} at (4,262.33) size 747x144
                RenderText {#text} at (0,6) size 741x132
                  text run at (0,6) width 465: "This element should be in a sans-serif font. "
                  text run at (464,6) width 234: "Its font-size should be"
                  text run at (0,42) width 741: "150% the base font size, and its line-height should 150% of that value"
                  text run at (0,78) width 327: "(18px and 27px, respectively). "
                  text run at (326,78) width 403: "Extra text is included for the purposes"
                  text run at (0,114) width 323: "of testing this more effectively."
              RenderBlock {P} at (4,430.33) size 747x79
                RenderText {#text} at (0,2) size 742x47
                  text run at (0,2) width 612: "This element should be in a cursive font, 'small' in size, with a line-height 200% the height of the text's actual size. "
                  text run at (611,2) width 131: "For example, if the font-"
                  text run at (0,28) width 54: "size value "
                RenderInline {CODE} at (0,0) size 31x10
                  RenderText {#text} at (53,35) size 31x10
                    text run at (53,35) width 31: "small"
                RenderText {#text} at (83,28) size 740x48
                  text run at (83,28) width 315: " is calculated at 10px, then the line-height should be 20px. "
                  text run at (397,28) width 274: "The actual value of the font-size is UA-dependent. "
                  text run at (670,28) width 70: "Extra text is"
                  text run at (0,55) width 298: "included for the purposes of testing this more effectively."
              RenderBlock {P} at (4,533.33) size 747x180
                RenderText {#text} at (0,6) size 730x168
                  text run at (0,6) width 724: "This element should be in a sans-serif font, italicized and small caps,"
                  text run at (0,42) width 228: "with a weight of 900. "
                  text run at (227,42) width 503: "Its font-size should be 150% the base font size,"
                  text run at (0,78) width 682: "and its line-height should be 150% of that value (18px and 27px,"
                  text run at (0,114) width 151: "respectively). "
                  text run at (150,114) width 571: "Extra text is included for the purposes of testing this"
                  text run at (0,150) width 180: "more effectively."
              RenderBlock {P} at (4,737.33) size 747x288
                RenderText {#text} at (0,24) size 741x240
                  text run at (0,24) width 741: "This element should be in a sans-serif font, italicized and small caps, with"
                  text run at (0,96) width 173: "a weight of 100. "
                  text run at (172,96) width 559: "Its font-size should be 150% the base font size, and its"
                  text run at (0,168) width 726: "line-height should be 300% of that value (18px and 54px, respectively)."
                  text run at (0,240) width 719: "Extra text is included for the purposes of testing this more effectively."
              RenderBlock {P} at (4,1049.33) size 747x195
                RenderText {#text} at (0,9) size 733x176
                  text run at (0,9) width 700: "This element should be in a monospace font, italicized and small caps, with a"
                  text run at (0,48) width 150: "weight of 900. "
                  text run at (149,48) width 584: "Its font-size should be 150% the base font size, and its line-"
                  text run at (0,87) width 658: "height should be 2em, or twice the element's font size (18px and 36px,"
                  text run at (0,126) width 136: "respectively). "
                  text run at (135,126) width 542: "Extra text is included for the purposes of testing this more"
                  text run at (0,165) width 105: "effectively."
              RenderBlock {P} at (4,1268.33) size 747x384
                RenderText {#text} at (0,36) size 726x312
                  text run at (0,36) width 713: "This element should be in a sans-serif font, italicized and small caps,"
                  text run at (0,132) width 227: "with a weight of 500. "
                  text run at (226,132) width 500: "Its font-size should be 150% the base font size,"
                  text run at (0,228) width 438: "or 18px, and its line-height should be 1in. "
                  text run at (437,228) width 272: "Extra text is included for"
                  text run at (0,324) width 477: "the purposes of testing this more effectively."
              RenderBlock {P} at (4,1676.33) size 747x144
                RenderText {#text} at (0,9) size 731x126
                  text run at (0,9) width 731: "This element should be in a sans-serif font, oblique and not small-caps, with a weight"
                  text run at (0,45) width 63: "of 700. "
                  text run at (62,45) width 666: "Its font-size should be 18 pixels, and its line-height should be 36px (200% this"
                  text run at (0,81) width 177: "element's font size). "
                  text run at (176,81) width 501: "Extra text is included for the purposes of testing this more"
                  text run at (0,117) width 94: "effectively."
              RenderBlock {P} at (4,1838.33) size 747x64
                RenderText {#text} at (0,9) size 728x45
                  text run at (0,9) width 368: "This element should be in a sans-serif font, with a weight of 400. "
                  text run at (367,9) width 361: "Its font-size should be 80% of 12px, or 9.6px, and its line-height"
                  text run at (0,41) width 190: "shoud be 2.5 times that, or 24px. "
                  text run at (189,41) width 391: "Extra text is included for the purposes of testing this more effectively."
              RenderBlock {P} at (4,1926.33) size 747x432
                RenderInline {SPAN} at (0,0) size 741x384 [bgcolor=#C0C0C0]
                  RenderText {#text} at (0,24) size 741x384
                    text run at (0,24) width 741: "This element should be in a sans-serif font, italicized and small caps, with"
                    text run at (0,96) width 173: "a weight of 100. "
                    text run at (172,96) width 559: "Its font-size should be 150% the base font size, and its"
                    text run at (0,168) width 726: "line-height should be 300% of that value (18px and 54px, respectively)."
                    text run at (0,240) width 703: "The text should have a silver background. The background color has"
                    text run at (0,312) width 720: "been set on an inline element and should therefore only cover the text,"
                    text run at (0,384) width 254: "not the interline spacing."
                RenderText {#text} at (0,0) size 0x0
