layer at (0,0) size 785x2593
  RenderView at (0,0) size 785x600
layer at (0,0) size 785x2593
  RenderBlock {HTML} at (0,0) size 785x2593.27
    RenderBody {BODY} at (8,8) size 769x2577.27 [bgcolor=#CCCCCC]
      RenderBlock {P} at (0,0) size 769x16
        RenderText {#text} at (0,0) size 363x16
          text run at (0,0) width 363: "The style declarations which apply to the text below are:"
      RenderBlock {PRE} at (0,32) size 769x260
        RenderText {#text} at (0,0) size 219x260
          text run at (0,0) width 196: ".one {font-size: medium;}"
          text run at (195,0) width 1: " "
          text run at (0,13) width 196: ".two {font-size: larger;}"
          text run at (195,13) width 1: " "
          text run at (0,26) width 219: ".three {font-size: smaller;}"
          text run at (218,26) width 1: " "
          text run at (0,39) width 219: ".four {font-size: xx-small;}"
          text run at (218,39) width 1: " "
          text run at (0,52) width 211: ".five {font-size: x-small;}"
          text run at (210,52) width 1: " "
          text run at (0,65) width 188: ".six {font-size: small;}"
          text run at (187,65) width 1: " "
          text run at (0,78) width 203: ".seven {font-size: large;}"
          text run at (202,78) width 1: " "
          text run at (0,91) width 219: ".eight {font-size: x-large;}"
          text run at (218,91) width 1: " "
          text run at (0,104) width 219: ".nine {font-size: xx-large;}"
          text run at (218,104) width 1: " "
          text run at (0,117) width 172: ".a {font-size: 0.5in;}"
          text run at (171,117) width 1: " "
          text run at (0,130) width 157: ".b {font-size: 1cm;}"
          text run at (156,130) width 1: " "
          text run at (0,143) width 164: ".c {font-size: 10mm;}"
          text run at (163,143) width 1: " "
          text run at (0,156) width 164: ".d {font-size: 18pt;}"
          text run at (163,156) width 1: " "
          text run at (0,169) width 172: ".e {font-size: 1.5pc;}"
          text run at (171,169) width 1: " "
          text run at (0,182) width 157: ".f {font-size: 2em;}"
          text run at (156,182) width 1: " "
          text run at (0,195) width 157: ".g {font-size: 3ex;}"
          text run at (156,195) width 1: " "
          text run at (0,208) width 164: ".h {font-size: 25px;}"
          text run at (163,208) width 1: " "
          text run at (0,221) width 164: ".i {font-size: 200%;}"
          text run at (163,221) width 1: " "
          text run at (0,234) width 180: ".j {font-size: -0.5in;}"
          text run at (179,234) width 1: " "
          text run at (0,247) width 0: " "
      RenderBlock {HR} at (0,305) size 769x2 [border: (1px inset #EEEEEE)]
      RenderBlock {P} at (0,323) size 769x16
        RenderText {#text} at (0,0) size 707x16
          text run at (0,0) width 707: "This paragraph element is unstyled, so the size of the font in this element is the default size for this user agent."
      RenderBlock {P} at (0,355) size 769x16
        RenderText {#text} at (0,0) size 190x16
          text run at (0,0) width 190: "This sentence has been set to "
        RenderInline {CODE} at (0,0) size 48x13
          RenderText {#text} at (189,2) size 48x13
            text run at (189,2) width 48: "medium"
        RenderText {#text} at (236,0) size 368x16
          text run at (236,0) width 368: ", which may or may not be the same size as unstyled text."
      RenderBlock {P} at (0,390.19) size 769x19
        RenderText {#text} at (0,0) size 380x19
          text run at (0,0) width 380: "This sentence should be larger than unstyled text."
      RenderBlock {P} at (0,428.38) size 769x13
        RenderText {#text} at (0,0) size 272x13
          text run at (0,0) width 272: "This sentence should be smaller than unstyled text."
      RenderBlock {P} at (0,454.70) size 769x16
        RenderText {#text} at (0,5) size 286x9
          text run at (0,5) width 286: "This sentence should be very small, but the last word in the sentence should be "
        RenderInline {SPAN} at (0,0) size 54x16
          RenderText {#text} at (285,0) size 54x16
            text run at (285,0) width 54: "medium"
        RenderText {#text} at (338,5) size 3x9
          text run at (338,5) width 3: "."
      RenderBlock {P} at (0,480.70) size 769x16
        RenderText {#text} at (0,4) size 324x11
          text run at (0,4) width 324: "This sentence should be rather small, but the last word in the sentence should be "
        RenderInline {SPAN} at (0,0) size 53x16
          RenderText {#text} at (323,0) size 53x16
            text run at (323,0) width 53: "medium"
        RenderText {#text} at (375,4) size 4x11
          text run at (375,4) width 4: "."
      RenderBlock {P} at (0,509.70) size 769x16
        RenderText {#text} at (0,2) size 387x13
          text run at (0,2) width 387: "This sentence should be small, but the last word in the sentence should be "
        RenderInline {SPAN} at (0,0) size 54x16
          RenderText {#text} at (386,0) size 54x16
            text run at (386,0) width 54: "medium"
        RenderText {#text} at (439,2) size 4x13
          text run at (439,2) width 4: "."
      RenderBlock {P} at (0,543.70) size 769x19
        RenderText {#text} at (0,0) size 533x19
          text run at (0,0) width 533: "This sentence should be large, but the last word in the sentence should be "
        RenderInline {SPAN} at (0,0) size 53x16
          RenderText {#text} at (532,2) size 53x16
            text run at (532,2) width 53: "medium"
        RenderText {#text} at (584,0) size 6x19
          text run at (584,0) width 6: "."
      RenderBlock {P} at (0,586.70) size 769x48
        RenderText {#text} at (0,0) size 766x24
          text run at (0,0) width 766: "This sentence should be rather large, but the last word in the sentence should be"
        RenderInline {SPAN} at (0,0) size 53x16
          RenderText {#text} at (0,30) size 53x16
            text run at (0,30) width 53: "medium"
        RenderText {#text} at (52,24) size 7x24
          text run at (52,24) width 7: "."
      RenderBlock {P} at (0,666.70) size 769x64
        RenderText {#text} at (0,0) size 754x64
          text run at (0,0) width 754: "This sentence should be very large, but the last word in the"
          text run at (0,32) width 250: "sentence should be "
        RenderInline {SPAN} at (0,0) size 54x16
          RenderText {#text} at (249,44) size 54x16
            text run at (249,44) width 54: "medium"
        RenderText {#text} at (302,32) size 9x32
          text run at (302,32) width 9: "."
      RenderBlock {P} at (0,778.70) size 769x96
        RenderText {#text} at (0,0) size 699x96
          text run at (0,0) width 699: "This sentence should be half an inch"
          text run at (0,48) width 74: "tall."
      RenderBlock {P} at (0,922.70) size 769x37
        RenderText {#text} at (0,0) size 663x37
          text run at (0,0) width 663: "This sentence should be one centimeter tall."
      RenderBlock {P} at (0,997.48) size 769x37
        RenderText {#text} at (0,0) size 667x37
          text run at (0,0) width 667: "This sentence should be ten millimeters tall."
      RenderBlock {P} at (0,1072.27) size 769x24
        RenderText {#text} at (0,0) size 425x24
          text run at (0,0) width 425: "This sentence should be eighteen points tall."
      RenderBlock {P} at (0,1120.27) size 769x24
        RenderText {#text} at (0,0) size 494x24
          text run at (0,0) width 494: "This sentence should be one and one half picas tall."
      RenderBlock {P} at (0,1176.27) size 769x32
        RenderText {#text} at (0,0) size 467x32
          text run at (0,0) width 467: "This sentence should be two em tall."
      RenderBlock {P} at (0,1240.27) size 769x23
        RenderText {#text} at (0,0) size 328x23
          text run at (0,0) width 328: "This sentence should be three ex tall."
      RenderBlock {P} at (0,1288.27) size 769x25
        RenderText {#text} at (0,0) size 472x25
          text run at (0,0) width 472: "This sentence should be twenty-five pixels tall."
      RenderBlock {P} at (0,1345.27) size 769x32
        RenderText {#text} at (0,0) size 549x32
          text run at (0,0) width 549: "This sentence should be twice normal size."
      RenderBlock {P} at (0,1409.27) size 769x16
        RenderText {#text} at (0,0) size 686x16
          text run at (0,0) width 686: "This sentence should be normal size, since no negative values are allowed and therefore should be ignored."
      RenderTable {TABLE} at (0,1441.27) size 769x1136 [border: (1px outset #808080)]
        RenderTableSection {TBODY} at (1,1) size 767x1134
          RenderTableRow {TR} at (0,0) size 767x24
            RenderTableCell {TD} at (0,0) size 767x24 [bgcolor=#C0C0C0] [border: (1px inset #808080)] [r=0 c=0 rs=1 cs=2]
              RenderInline {STRONG} at (0,0) size 163x16
                RenderText {#text} at (4,4) size 163x16
                  text run at (4,4) width 163: "TABLE Testing Section"
          RenderTableRow {TR} at (0,24) size 767x1110
            RenderTableCell {TD} at (0,567) size 12x24 [bgcolor=#C0C0C0] [border: (1px inset #808080)] [r=1 c=0 rs=1 cs=1]
              RenderText {#text} at (4,4) size 4x16
                text run at (4,4) width 4: " "
            RenderTableCell {TD} at (12,24) size 755x1110.27 [border: (1px inset #808080)] [r=1 c=1 rs=1 cs=1]
              RenderBlock {P} at (4,4) size 747x16
                RenderText {#text} at (0,0) size 707x16
                  text run at (0,0) width 707: "This paragraph element is unstyled, so the size of the font in this element is the default size for this user agent."
              RenderBlock {P} at (4,36) size 747x16
                RenderText {#text} at (0,0) size 190x16
                  text run at (0,0) width 190: "This sentence has been set to "
                RenderInline {CODE} at (0,0) size 48x13
                  RenderText {#text} at (189,2) size 48x13
                    text run at (189,2) width 48: "medium"
                RenderText {#text} at (236,0) size 368x16
                  text run at (236,0) width 368: ", which may or may not be the same size as unstyled text."
              RenderBlock {P} at (4,71.19) size 747x19
                RenderText {#text} at (0,0) size 380x19
                  text run at (0,0) width 380: "This sentence should be larger than unstyled text."
              RenderBlock {P} at (4,109.38) size 747x13
                RenderText {#text} at (0,0) size 272x13
                  text run at (0,0) width 272: "This sentence should be smaller than unstyled text."
              RenderBlock {P} at (4,135.70) size 747x16
                RenderText {#text} at (0,5) size 286x9
                  text run at (0,5) width 286: "This sentence should be very small, but the last word in the sentence should be "
                RenderInline {SPAN} at (0,0) size 54x16
                  RenderText {#text} at (285,0) size 54x16
                    text run at (285,0) width 54: "medium"
                RenderText {#text} at (338,5) size 3x9
                  text run at (338,5) width 3: "."
              RenderBlock {P} at (4,161.70) size 747x16
                RenderText {#text} at (0,4) size 324x11
                  text run at (0,4) width 324: "This sentence should be rather small, but the last word in the sentence should be "
                RenderInline {SPAN} at (0,0) size 53x16
                  RenderText {#text} at (323,0) size 53x16
                    text run at (323,0) width 53: "medium"
                RenderText {#text} at (375,4) size 4x11
                  text run at (375,4) width 4: "."
              RenderBlock {P} at (4,190.70) size 747x16
                RenderText {#text} at (0,2) size 387x13
                  text run at (0,2) width 387: "This sentence should be small, but the last word in the sentence should be "
                RenderInline {SPAN} at (0,0) size 54x16
                  RenderText {#text} at (386,0) size 54x16
                    text run at (386,0) width 54: "medium"
                RenderText {#text} at (439,2) size 4x13
                  text run at (439,2) width 4: "."
              RenderBlock {P} at (4,224.70) size 747x19
                RenderText {#text} at (0,0) size 533x19
                  text run at (0,0) width 533: "This sentence should be large, but the last word in the sentence should be "
                RenderInline {SPAN} at (0,0) size 53x16
                  RenderText {#text} at (532,2) size 53x16
                    text run at (532,2) width 53: "medium"
                RenderText {#text} at (584,0) size 6x19
                  text run at (584,0) width 6: "."
              RenderBlock {P} at (4,267.70) size 747x48
                RenderText {#text} at (0,0) size 738x48
                  text run at (0,0) width 738: "This sentence should be rather large, but the last word in the sentence should"
                  text run at (0,24) width 29: "be "
                RenderInline {SPAN} at (0,0) size 54x16
                  RenderText {#text} at (28,30) size 54x16
                    text run at (28,30) width 54: "medium"
                RenderText {#text} at (81,24) size 7x24
                  text run at (81,24) width 7: "."
              RenderBlock {P} at (4,347.70) size 747x64
                RenderText {#text} at (0,0) size 707x64
                  text run at (0,0) width 707: "This sentence should be very large, but the last word in"
                  text run at (0,32) width 297: "the sentence should be "
                RenderInline {SPAN} at (0,0) size 54x16
                  RenderText {#text} at (296,44) size 54x16
                    text run at (296,44) width 54: "medium"
                RenderText {#text} at (349,32) size 9x32
                  text run at (349,32) width 9: "."
              RenderBlock {P} at (4,459.70) size 747x96
                RenderText {#text} at (0,0) size 699x96
                  text run at (0,0) width 699: "This sentence should be half an inch"
                  text run at (0,48) width 74: "tall."
              RenderBlock {P} at (4,603.70) size 747x37
                RenderText {#text} at (0,0) size 663x37
                  text run at (0,0) width 663: "This sentence should be one centimeter tall."
              RenderBlock {P} at (4,678.48) size 747x37
                RenderText {#text} at (0,0) size 667x37
                  text run at (0,0) width 667: "This sentence should be ten millimeters tall."
              RenderBlock {P} at (4,753.27) size 747x24
                RenderText {#text} at (0,0) size 425x24
                  text run at (0,0) width 425: "This sentence should be eighteen points tall."
              RenderBlock {P} at (4,801.27) size 747x24
                RenderText {#text} at (0,0) size 494x24
                  text run at (0,0) width 494: "This sentence should be one and one half picas tall."
              RenderBlock {P} at (4,857.27) size 747x32
                RenderText {#text} at (0,0) size 467x32
                  text run at (0,0) width 467: "This sentence should be two em tall."
              RenderBlock {P} at (4,921.27) size 747x23
                RenderText {#text} at (0,0) size 328x23
                  text run at (0,0) width 328: "This sentence should be three ex tall."
              RenderBlock {P} at (4,969.27) size 747x25
                RenderText {#text} at (0,0) size 472x25
                  text run at (0,0) width 472: "This sentence should be twenty-five pixels tall."
              RenderBlock {P} at (4,1026.27) size 747x32
                RenderText {#text} at (0,0) size 549x32
                  text run at (0,0) width 549: "This sentence should be twice normal size."
              RenderBlock {P} at (4,1090.27) size 747x16
                RenderText {#text} at (0,0) size 686x16
                  text run at (0,0) width 686: "This sentence should be normal size, since no negative values are allowed and therefore should be ignored."
