layer at (0,0) size 800x600
  RenderView at (0,0) size 800x600
layer at (0,0) size 800x600
  RenderBlock {HTML} at (0,0) size 800x600
    RenderBody {BODY} at (8,8) size 784x584 [bgcolor=#CCCCCC]
      RenderBlock {P} at (0,0) size 784x16
        RenderText {#text} at (0,0) size 363x16
          text run at (0,0) width 363: "The style declarations which apply to the text below are:"
      RenderBlock {PRE} at (0,32) size 784x52
        RenderText {#text} at (0,0) size 242x52
          text run at (0,0) width 203: ".one {font-style: italic;}"
          text run at (202,0) width 1: " "
          text run at (0,13) width 211: ".two {font-style: oblique;}"
          text run at (210,13) width 1: " "
          text run at (0,26) width 242: ".three, I {font-style: normal;}"
          text run at (241,26) width 1: " "
          text run at (0,39) width 0: " "
      RenderBlock {HR} at (0,97) size 784x2 [border: (1px inset #EEEEEE)]
      RenderBlock {P} at (0,115) size 784x16
        RenderText {#text} at (0,0) size 511x16
          text run at (0,0) width 511: "This paragraph should be in italics, but the last word of the sentence should be "
        RenderInline {SPAN} at (0,0) size 46x16
          RenderText {#text} at (510,0) size 46x16
            text run at (510,0) width 46: "normal"
        RenderText {#text} at (555,0) size 5x16
          text run at (555,0) width 5: "."
      RenderBlock {P} at (0,147) size 784x16
        RenderText {#text} at (0,0) size 222x16
          text run at (0,0) width 222: "This paragraph should be oblique."
      RenderBlock {P} at (0,179) size 784x16
        RenderInline {I} at (0,0) size 216x16
          RenderText {#text} at (0,0) size 216x16
            text run at (0,0) width 216: "This paragraph should be normal."
        RenderText {#text} at (0,0) size 0x0
      RenderTable {TABLE} at (0,211) size 582x114 [border: (1px outset #808080)]
        RenderTableSection {TBODY} at (1,1) size 580x112
          RenderTableRow {TR} at (0,0) size 580x24
            RenderTableCell {TD} at (0,0) size 580x24 [bgcolor=#C0C0C0] [border: (1px inset #808080)] [r=0 c=0 rs=1 cs=2]
              RenderInline {STRONG} at (0,0) size 163x16
                RenderText {#text} at (4,4) size 163x16
                  text run at (4,4) width 163: "TABLE Testing Section"
          RenderTableRow {TR} at (0,24) size 580x88
            RenderTableCell {TD} at (0,56) size 12x24 [bgcolor=#C0C0C0] [border: (1px inset #808080)] [r=1 c=0 rs=1 cs=1]
              RenderText {#text} at (4,4) size 4x16
                text run at (4,4) width 4: " "
            RenderTableCell {TD} at (12,24) size 568x88 [border: (1px inset #808080)] [r=1 c=1 rs=1 cs=1]
              RenderBlock {P} at (4,4) size 560x16
                RenderText {#text} at (0,0) size 511x16
                  text run at (0,0) width 511: "This paragraph should be in italics, but the last word of the sentence should be "
                RenderInline {SPAN} at (0,0) size 46x16
                  RenderText {#text} at (510,0) size 46x16
                    text run at (510,0) width 46: "normal"
                RenderText {#text} at (555,0) size 5x16
                  text run at (555,0) width 5: "."
              RenderBlock {P} at (4,36) size 560x16
                RenderText {#text} at (0,0) size 222x16
                  text run at (0,0) width 222: "This paragraph should be oblique."
              RenderBlock {P} at (4,68) size 560x16
                RenderInline {I} at (0,0) size 216x16
                  RenderText {#text} at (0,0) size 216x16
                    text run at (0,0) width 216: "This paragraph should be normal."
                RenderText {#text} at (0,0) size 0x0
