layer at (0,0) size 800x600
  RenderView at (0,0) size 800x600
layer at (0,0) size 800x600
  RenderBlock {HTML} at (0,0) size 800x600
    RenderBody {BODY} at (8,8) size 784x584 [bgcolor=#CCCCCC]
      RenderBlock {P} at (0,0) size 784x16
        RenderText {#text} at (0,0) size 363x16
          text run at (0,0) width 363: "The style declarations which apply to the text below are:"
      RenderBlock {PRE} at (0,32) size 784x39
        RenderText {#text} at (0,0) size 250x39
          text run at (0,0) width 250: ".one {font-variant: small-caps;}"
          text run at (249,0) width 1: " "
          text run at (0,13) width 219: ".two {font-variant: normal;}"
          text run at (218,13) width 1: " "
          text run at (0,26) width 0: " "
      RenderBlock {HR} at (0,84) size 784x2 [border: (1px inset #EEEEEE)]
      RenderBlock {P} at (0,102) size 784x16
        RenderText {#text} at (0,0) size 267x16
          text run at (0,0) width 267: "This Paragraph should be in Small Caps."
      RenderBlock {P} at (0,134) size 784x16
        RenderText {#text} at (0,0) size 570x16
          text run at (0,0) width 570: "This Paragraph should be in Small Caps, but the Last Word in the Sentence should be "
        RenderInline {SPAN} at (0,0) size 49x16
          RenderText {#text} at (569,0) size 49x16
            text run at (569,0) width 49: "Normal"
        RenderText {#text} at (617,0) size 5x16
          text run at (617,0) width 5: "."
      RenderTable {TABLE} at (0,166) size 644x82 [border: (1px outset #808080)]
        RenderTableSection {TBODY} at (1,1) size 642x80
          RenderTableRow {TR} at (0,0) size 642x24
            RenderTableCell {TD} at (0,0) size 642x24 [bgcolor=#C0C0C0] [border: (1px inset #808080)] [r=0 c=0 rs=1 cs=2]
              RenderInline {STRONG} at (0,0) size 163x16
                RenderText {#text} at (4,4) size 163x16
                  text run at (4,4) width 163: "TABLE Testing Section"
          RenderTableRow {TR} at (0,24) size 642x56
            RenderTableCell {TD} at (0,40) size 12x24 [bgcolor=#C0C0C0] [border: (1px inset #808080)] [r=1 c=0 rs=1 cs=1]
              RenderText {#text} at (4,4) size 4x16
                text run at (4,4) width 4: " "
            RenderTableCell {TD} at (12,24) size 630x56 [border: (1px inset #808080)] [r=1 c=1 rs=1 cs=1]
              RenderBlock {P} at (4,4) size 622x16
                RenderText {#text} at (0,0) size 267x16
                  text run at (0,0) width 267: "This Paragraph should be in Small Caps."
              RenderBlock {P} at (4,36) size 622x16
                RenderText {#text} at (0,0) size 570x16
                  text run at (0,0) width 570: "This Paragraph should be in Small Caps, but the Last Word in the Sentence should be "
                RenderInline {SPAN} at (0,0) size 49x16
                  RenderText {#text} at (569,0) size 49x16
                    text run at (569,0) width 49: "Normal"
                RenderText {#text} at (617,0) size 5x16
                  text run at (617,0) width 5: "."
