layer at (0,0) size 800x600
  RenderView at (0,0) size 800x600
layer at (0,0) size 800x600
  RenderBlock {HTML} at (0,0) size 800x600
    RenderBody {BODY} at (8,8) size 784x584
      RenderBlock {P} at (0,0) size 784x40
        RenderText {#text} at (0,0) size 51x19
          text run at (0,0) width 51: "Test for "
        RenderInline {I} at (0,0) size 772x39
          RenderInline {A} at (0,0) size 305x19 [color=#0000EE]
            RenderText {#text} at (51,0) size 305x19
              text run at (51,0) width 305: "http://bugs.webkit.org/show_bug.cgi?id=13500"
          RenderText {#text} at (356,0) size 772x39
            text run at (356,0) width 4: " "
            text run at (360,0) width 412: "REGRESSION: Listbox scrollbar does not reflect actual scrolled"
            text run at (0,20) width 325: "position when selected option is added after layout"
        RenderText {#text} at (325,20) size 4x19
          text run at (325,20) width 4: "."
      RenderBlock {P} at (0,56) size 784x40
        RenderText {#text} at (0,0) size 779x39
          text run at (0,0) width 467: "The list box should be scrolled all the way down, showing the selected option "
          text run at (467,0) width 312: "\x{201C}Seven\x{201D}. The scroller should be at the bottom of the"
          text run at (0,20) width 60: "scroll bar "
          text run at (60,20) width 81: "to reflect this."
      RenderBlock (anonymous) at (0,112) size 784x70
        RenderText {#text} at (0,0) size 0x0
layer at (8,120) size 56x70 clip at (9,121) size 39x68 scrollY 51 scrollHeight 119
  RenderListBox {SELECT} at (0,0) size 56x70 [bgcolor=#FFFFFF] [border: (1px solid #A9A9A9)]
    RenderBlock {OPTION} at (1,1) size 39x17
      RenderText {#text} at (2,0) size 24x16
        text run at (2,0) width 24: "One"
    RenderBlock {OPTION} at (1,18) size 39x17
      RenderText {#text} at (2,0) size 23x16
        text run at (2,0) width 23: "Two"
    RenderBlock {OPTION} at (1,35) size 39x17
      RenderText {#text} at (2,0) size 32x16
        text run at (2,0) width 32: "Three"
    RenderBlock {OPTION} at (1,52) size 39x17
      RenderText {#text} at (2,0) size 26x16
        text run at (2,0) width 26: "Four"
    RenderBlock {OPTION} at (1,69) size 39x17
      RenderText {#text} at (2,0) size 23x16
        text run at (2,0) width 23: "Five"
    RenderBlock {OPTION} at (1,86) size 39x17
      RenderText {#text} at (2,0) size 19x16
        text run at (2,0) width 19: "Six"
    RenderBlock {OPTION} at (1,103) size 39x17 [color=#FFFFFF] [bgcolor=#999999]
      RenderText {#text} at (2,0) size 35x16
        text run at (2,0) width 35: "Seven"
