layer at (0,0) size 800x600
  RenderView at (0,0) size 800x600
layer at (0,0) size 800x306
  RenderBlock {html} at (0,0) size 800x306.09
    RenderBody {body} at (8,23.03) size 784x275.06
      RenderBlock {p} at (0,0) size 784x23 [color=#000080]
        RenderText {#text} at (0,0) size 710x23
          text run at (0,0) width 710: "Zoom in and out. The following two squares should always be the same size."
      RenderBlock {div} at (0,46.03) size 100x100 [bgcolor=#000080]
      RenderBlock (anonymous) at (0,169.06) size 784x106
        RenderSVGRoot {svg} at (8,192) size 100x101
          RenderSVGRect {rect} at (8,192) size 100x101 [fill={[type=SOLID] [color=#000080]}] [x=0.00] [y=0.00] [width=100.00] [height=100.00]
        RenderText {#text} at (0,0) size 0x0
        RenderText {#text} at (0,0) size 0x0
        RenderText {#text} at (0,0) size 0x0
        RenderText {#text} at (0,0) size 0x0
