layer at (0,0) size 800x600
  RenderView at (0,0) size 800x600
layer at (0,0) size 800x483
  RenderBlock {html} at (0,0) size 800x483.06
    RenderBody {body} at (8,23.03) size 784x452.03
      RenderBlock {p} at (0,0) size 784x23 [color=#000080]
        RenderText {#text} at (0,0) size 591x23
          text run at (0,0) width 591: "There should be a blue circle with the word \"TEST\" in it below."
      RenderBlock (anonymous) at (0,46.03) size 784x406
        RenderSVGRoot {svg} at (8,69) size 400x401
          RenderSVGRect {rect} at (8,69) size 400x401 [fill={[type=SOLID] [color=#0000FF]}] [x=0.00] [y=0.00] [width=400.00] [height=400.00]
          RenderSVGEllipse {circle} at (8,69) size 400x401 [fill={[type=SOLID] [color=#000080]}] [cx=200.00] [cy=200.00] [r=200.00]
          RenderSVGForeignObject {foreignObject} at (0,175) size 400x50 [color=#FFFFFF]
            RenderBlock {div} at (0,0) size 400x72
              RenderText {#text} at (114,0) size 172x72
                text run at (114,0) width 172: "TEST"
        RenderText {#text} at (0,0) size 0x0
        RenderText {#text} at (0,0) size 0x0
        RenderText {#text} at (0,0) size 0x0
        RenderText {#text} at (0,0) size 0x0
