layer at (0,0) size 800x600
  RenderView at (0,0) size 800x600
layer at (0,0) size 800x309
  RenderBlock {html} at (0,0) size 800x309
    RenderBody {body} at (8,10) size 784x289
      RenderBlock {p} at (0,0) size 784x23 [color=#000080]
        RenderText {#text} at (0,0) size 662x23
          text run at (0,0) width 662: "The word \"TEST \" should appear twice below, the same size each time."
      RenderBlock (anonymous) at (0,33) size 784x126
        RenderSVGRoot {svg} at (8,43) size 400x120
          RenderSVGRect {rect} at (8,43) size 400x120 [transform={m=((10.00,0.00)(0.00,10.00)) t=(0.00,0.00)}] [fill={[type=SOLID] [color=#EEEEEE]}] [x=0.00] [y=0.00] [width=60.00] [height=12.00]
          RenderSVGForeignObject {foreignObject} at (0,0) size 60x10
            RenderBlock {div} at (0,0) size 60x15 [color=#000080]
              RenderText {#text} at (0,0) size 35x15
                text run at (0,0) width 35: "TEST"
        RenderText {#text} at (0,0) size 0x0
      RenderBlock {div} at (0,169) size 400x120 [color=#000080] [bgcolor=#EEEEEE]
        RenderText {#text} at (0,0) size 344x144
          text run at (0,0) width 344: "TEST"
