layer at (0,0) size 800x600
  RenderView at (0,0) size 800x600
layer at (0,0) size 800x204
  RenderBlock {HTML} at (0,0) size 800x204.44
    RenderBody {BODY} at (8,18.72) size 784x177.72
      RenderBlock {H3} at (0,0) size 784x23
        RenderText {#text} at (0,0) size 764x22
          text run at (0,0) width 764: "The glyph for JHA should look different for Nepali and Hindi, depending on the lang attribute."
      RenderBlock {P} at (0,41.72) size 784x24
        RenderText {#text} at (0,3) size 82x21
          text run at (0,3) width 82: "Hindi:JHA \x{91D}"
      RenderBlock (anonymous) at (0,81.72) size 784x20
        RenderBR {BR} at (0,0) size 0x19
      RenderBlock {P} at (0,117.72) size 784x24
        RenderText {#text} at (0,3) size 93x21
          text run at (0,3) width 93: "Nepali:JHA \x{91D}"
      RenderBlock (anonymous) at (0,157.72) size 784x20
        RenderBR {BR} at (0,0) size 0x19
