layer at (0,0) size 800x600
  RenderView at (0,0) size 800x600
layer at (0,0) size 800x600
  RenderBlock {HTML} at (0,0) size 800x600
    RenderBody {BODY} at (8,8) size 784x584
      RenderBlock {P} at (0,0) size 784x32
        RenderText {#text} at (0,0) size 779x32
          text run at (0,0) width 406: "This page tests using attributes to set style on embed elements. "
          text run at (405,0) width 374: "Previous versions of WebKit supported valign and border,"
          text run at (0,16) width 44: "which "
          text run at (43,16) width 459: "didn't match IE and FF. The only special support should be for 'hidden.'"
      RenderBlock {HR} at (0,48) size 784x2 [border: (1px inset #EEEEEE)]
      RenderBlock {DIV} at (0,58) size 784x0
      RenderBlock {DIV} at (0,58) size 784x104
        RenderText {#text} at (50,88) size 126x16
          text run at (50,88) width 4: " "
          text run at (54,88) width 122: "valign top attribute"
      RenderBlock {DIV} at (0,162) size 784x104
        RenderText {#text} at (50,88) size 132x16
          text run at (50,88) width 4: " "
          text run at (54,88) width 128: "border 5px attribute"
      RenderBlock {DIV} at (0,266) size 784x106
        RenderText {#text} at (52,90) size 105x16
          text run at (52,90) width 4: " "
          text run at (56,90) width 101: "hidden attribute"
layer at (8,66) size 50x100
  RenderEmbeddedObject {EMBED} at (0,0) size 50x100
layer at (8,170) size 50x100
  RenderEmbeddedObject {EMBED} at (0,0) size 50x100
layer at (8,274) size 52x102
  RenderEmbeddedObject {EMBED} at (0,0) size 52x102 [border: (1px dashed #000000)]
