layer at (0,0) size 785x720
  RenderView at (0,0) size 785x600
layer at (0,0) size 785x720
  RenderBlock {HTML} at (0,0) size 785x720
    RenderBody {BODY} at (8,8) size 769x704 [bgcolor=#CCCCCC]
      RenderBlock {P} at (0,0) size 769x16
        RenderText {#text} at (0,0) size 363x16
          text run at (0,0) width 363: "The style declarations which apply to the text below are:"
      RenderBlock {PRE} at (0,32) size 769x143
        RenderText {#text} at (0,0) size 562x143
          text run at (0,0) width 562: "<LINK rel=\"stylesheet\" type=\"text/css\" HREF=\"../resources/linktest.css\">"
          text run at (561,0) width 1: " "
          text run at (0,13) width 149: "LI {color: purple;}"
          text run at (148,13) width 1: " "
          text run at (0,26) width 157: "UL LI {color: blue;}"
          text run at (156,26) width 1: " "
          text run at (0,39) width 180: "UL LI LI {color: gray;}"
          text run at (179,39) width 1: " "
          text run at (0,52) width 172: "LI.red {color: green;}"
          text run at (171,52) width 1: " "
          text run at (0,65) width 211: "UL LI.mar {color: #660000;}"
          text run at (210,65) width 1: " "
          text run at (0,78) width 196: "UL LI#gre {color: green;}"
          text run at (195,78) width 1: " "
          text run at (0,91) width 157: ".test {color: blue;}"
          text run at (156,91) width 1: " "
          text run at (0,104) width 172: ".test {color: purple;}"
          text run at (171,104) width 1: " "
          text run at (0,117) width 289: ".one {text-decoration: line-through;}"
          text run at (288,117) width 1: " "
          text run at (0,130) width 0: " "
      RenderBlock {HR} at (0,188) size 769x2 [border: (1px inset #EEEEEE)]
      RenderBlock {UL} at (0,206) size 769x128
        RenderListItem {LI} at (40,0) size 729x16 [color=#0000FF]
          RenderListMarker at (-16,0) size 6x16: bullet
          RenderText {#text} at (0,0) size 194x16
            text run at (0,0) width 194: "This list item should be blue..."
        RenderListItem {LI} at (40,16) size 729x64 [color=#0000FF]
          RenderBlock (anonymous) at (0,0) size 729x16
            RenderListMarker at (-16,0) size 6x16: bullet
            RenderText {#text} at (0,0) size 295x16
              text run at (0,0) width 295: "...and so should this; neither should be purple."
          RenderBlock {UL} at (0,16) size 729x48
            RenderListItem {LI} at (40,0) size 689x16 [color=#808080]
              RenderListMarker at (-16,0) size 6x16: white bullet
              RenderText {#text} at (0,0) size 195x16
                text run at (0,0) width 195: "This list item should be gray..."
            RenderListItem {LI} at (40,16) size 689x16 [color=#808080]
              RenderListMarker at (-16,0) size 6x16: white bullet
              RenderText {#text} at (0,0) size 116x16
                text run at (0,0) width 116: "...as should this...."
            RenderListItem {LI} at (40,32) size 689x16 [color=#008000]
              RenderListMarker at (-16,0) size 6x16: white bullet
              RenderText {#text} at (0,0) size 196x16
                text run at (0,0) width 196: "...but this one should be green."
        RenderListItem {LI} at (40,80) size 729x16 [color=#660000]
          RenderListMarker at (-16,0) size 6x16: bullet
          RenderText {#text} at (0,0) size 174x16
            text run at (0,0) width 174: "This ought to be dark red..."
        RenderListItem {LI} at (40,96) size 729x16 [color=#008000]
          RenderListMarker at (-16,0) size 6x16: bullet
          RenderText {#text} at (0,0) size 87x16
            text run at (0,0) width 87: "...this green..."
        RenderListItem {LI} at (40,112) size 729x16 [color=#0000FF]
          RenderListMarker at (-16,0) size 6x16: bullet
          RenderText {#text} at (0,0) size 98x16
            text run at (0,0) width 98: "...and this blue."
      RenderBlock {P} at (0,350) size 769x16 [color=#0000FF]
        RenderText {#text} at (0,0) size 283x16
          text run at (0,0) width 283: "This sentence should be blue (STYLE attr.)."
      RenderBlock {P} at (0,382) size 769x16 [color=#800080]
        RenderText {#text} at (0,0) size 208x16
          text run at (0,0) width 208: "This sentence should be purple ["
        RenderInline {CODE} at (0,0) size 95x13
          RenderText {#text} at (207,2) size 95x13
            text run at (207,2) width 95: "class=\"test\""
        RenderText {#text} at (301,0) size 10x16
          text run at (301,0) width 10: "]."
      RenderBlock {P} at (0,414) size 769x16
        RenderText {#text} at (0,0) size 697x16
          text run at (0,0) width 697: "This text should be stricken (overriding the imported underline; only works if LINKed sheets are supported)."
      RenderTable {TABLE} at (0,446) size 719x258 [border: (1px outset #808080)]
        RenderTableSection {TBODY} at (1,1) size 717x256
          RenderTableRow {TR} at (0,0) size 717x24
            RenderTableCell {TD} at (0,0) size 717x24 [bgcolor=#C0C0C0] [border: (1px inset #808080)] [r=0 c=0 rs=1 cs=2]
              RenderInline {STRONG} at (0,0) size 163x16
                RenderText {#text} at (4,4) size 163x16
                  text run at (4,4) width 163: "TABLE Testing Section"
          RenderTableRow {TR} at (0,24) size 717x232
            RenderTableCell {TD} at (0,128) size 12x24 [bgcolor=#C0C0C0] [border: (1px inset #808080)] [r=1 c=0 rs=1 cs=1]
              RenderText {#text} at (4,4) size 4x16
                text run at (4,4) width 4: " "
            RenderTableCell {TD} at (12,24) size 705x232 [border: (1px inset #808080)] [r=1 c=1 rs=1 cs=1]
              RenderBlock {UL} at (4,4) size 697x128
                RenderListItem {LI} at (40,0) size 657x16 [color=#0000FF]
                  RenderListMarker at (-16,0) size 6x16: bullet
                  RenderText {#text} at (0,0) size 194x16
                    text run at (0,0) width 194: "This list item should be blue..."
                RenderListItem {LI} at (40,16) size 657x64 [color=#0000FF]
                  RenderBlock (anonymous) at (0,0) size 657x16
                    RenderListMarker at (-16,0) size 6x16: bullet
                    RenderText {#text} at (0,0) size 295x16
                      text run at (0,0) width 295: "...and so should this; neither should be purple."
                  RenderBlock {UL} at (0,16) size 657x48
                    RenderListItem {LI} at (40,0) size 617x16 [color=#808080]
                      RenderListMarker at (-16,0) size 6x16: white bullet
                      RenderText {#text} at (0,0) size 195x16
                        text run at (0,0) width 195: "This list item should be gray..."
                    RenderListItem {LI} at (40,16) size 617x16 [color=#808080]
                      RenderListMarker at (-16,0) size 6x16: white bullet
                      RenderText {#text} at (0,0) size 116x16
                        text run at (0,0) width 116: "...as should this...."
                    RenderListItem {LI} at (40,32) size 617x16 [color=#008000]
                      RenderListMarker at (-16,0) size 6x16: white bullet
                      RenderText {#text} at (0,0) size 196x16
                        text run at (0,0) width 196: "...but this one should be green."
                RenderListItem {LI} at (40,80) size 657x16 [color=#660000]
                  RenderListMarker at (-16,0) size 6x16: bullet
                  RenderText {#text} at (0,0) size 174x16
                    text run at (0,0) width 174: "This ought to be dark red..."
                RenderListItem {LI} at (40,96) size 657x16 [color=#008000]
                  RenderListMarker at (-16,0) size 6x16: bullet
                  RenderText {#text} at (0,0) size 87x16
                    text run at (0,0) width 87: "...this green..."
                RenderListItem {LI} at (40,112) size 657x16 [color=#0000FF]
                  RenderListMarker at (-16,0) size 6x16: bullet
                  RenderText {#text} at (0,0) size 98x16
                    text run at (0,0) width 98: "...and this blue."
              RenderBlock {P} at (4,148) size 697x16 [color=#0000FF]
                RenderText {#text} at (0,0) size 283x16
                  text run at (0,0) width 283: "This sentence should be blue (STYLE attr.)."
              RenderBlock {P} at (4,180) size 697x16 [color=#800080]
                RenderText {#text} at (0,0) size 208x16
                  text run at (0,0) width 208: "This sentence should be purple ["
                RenderInline {CODE} at (0,0) size 95x13
                  RenderText {#text} at (207,2) size 95x13
                    text run at (207,2) width 95: "class=\"test\""
                RenderText {#text} at (301,0) size 10x16
                  text run at (301,0) width 10: "]."
              RenderBlock {P} at (4,212) size 697x16
                RenderText {#text} at (0,0) size 697x16
                  text run at (0,0) width 697: "This text should be stricken (overriding the imported underline; only works if LINKed sheets are supported)."
