layer at (0,0) size 800x600
  RenderView at (0,0) size 800x600
layer at (0,0) size 800x600
  RenderBlock {HTML} at (0,0) size 800x600
    RenderBody {BODY} at (8,8) size 784x584
      RenderBlock {INPUT} at (2.91,3) size 12x12
      RenderText {#text} at (17,1) size 221x16
        text run at (17,1) width 221: "This checkbox should be checked."
