layer at (0,0) size 800x600
  RenderView at (0,0) size 800x600
layer at (0,0) size 800x521
  RenderBlock {HTML} at (0,0) size 800x521
    RenderBody {BODY} at (8,8) size 784x497
      RenderBlock (anonymous) at (0,0) size 784x17
        RenderInline {DIV} at (0,0) size 528x16 [color=#FFFFFF] [bgcolor=#FF0000]
          RenderText {#text} at (0,0) size 528x16
            text run at (0,0) width 528: "Ahem_font_required_for_this_test."
        RenderText {#text} at (0,0) size 0x0
      RenderBlock {P} at (16,33) size 752x16 [color=#008000]
        RenderText {#text} at (0,0) size 365x16
          text run at (0,0) width 365: "This line should be green. There should be no red below."
      RenderBlock {P} at (16,65) size 96x16 [color=#008000]
        RenderInline {SPAN} at (0,0) size 96x16 [color=#FFFFFF] [bgcolor=#FF0000]
          RenderText {#text} at (0,0) size 96x16
            text run at (0,0) width 96: "FAIL-a"
        RenderText {#text} at (0,0) size 0x0
      RenderBlock {P} at (16,97) size 96x16 [color=#008000]
        RenderInline {SPAN} at (0,0) size 96x16 [color=#FFFFFF] [bgcolor=#FF0000]
          RenderText {#text} at (0,0) size 96x16
            text run at (0,0) width 96: "FAIL-b"
        RenderText {#text} at (0,0) size 0x0
      RenderBlock {P} at (16,129) size 96x16 [color=#008000]
        RenderInline {SPAN} at (0,0) size 96x16 [color=#FFFFFF] [bgcolor=#FF0000]
          RenderText {#text} at (0,0) size 96x16
            text run at (0,0) width 96: "FAIL-c"
        RenderText {#text} at (0,0) size 0x0
      RenderBlock {P} at (16,161) size 96x16 [color=#008000]
        RenderInline {SPAN} at (0,0) size 96x16 [color=#FFFFFF] [bgcolor=#FF0000]
          RenderText {#text} at (0,0) size 96x16
            text run at (0,0) width 96: "FAIL-d"
        RenderText {#text} at (0,0) size 0x0
      RenderBlock {P} at (16,193) size 96x16 [color=#008000]
        RenderInline {SPAN} at (0,0) size 96x16 [color=#FFFFFF] [bgcolor=#FF0000]
          RenderText {#text} at (0,0) size 96x16
            text run at (0,0) width 96: "FAIL-e"
        RenderText {#text} at (0,0) size 0x0
      RenderBlock {P} at (16,225) size 96x16 [color=#008000]
        RenderInline {SPAN} at (0,0) size 96x16 [color=#FFFFFF] [bgcolor=#FF0000]
          RenderText {#text} at (0,0) size 96x16
            text run at (0,0) width 96: "FAIL-f"
        RenderText {#text} at (0,0) size 0x0
      RenderBlock {P} at (16,257) size 96x16 [color=#008000]
        RenderInline {SPAN} at (0,0) size 96x16 [color=#FFFFFF] [bgcolor=#FF0000]
          RenderText {#text} at (0,0) size 96x16
            text run at (0,0) width 96: "FAIL-g"
        RenderText {#text} at (0,0) size 0x0
      RenderBlock {P} at (16,289) size 96x16 [color=#008000]
        RenderInline {SPAN} at (0,0) size 96x16 [color=#FFFFFF] [bgcolor=#FF0000]
          RenderText {#text} at (0,0) size 96x16
            text run at (0,0) width 96: "FAIL-h"
        RenderText {#text} at (0,0) size 0x0
      RenderBlock {P} at (16,321) size 96x16 [color=#008000]
        RenderInline {SPAN} at (0,0) size 96x16 [color=#FFFFFF] [bgcolor=#FF0000]
          RenderText {#text} at (0,0) size 96x16
            text run at (0,0) width 96: "FAIL-i"
        RenderText {#text} at (0,0) size 0x0
      RenderBlock {P} at (16,353) size 96x16 [color=#008000]
        RenderInline {SPAN} at (0,0) size 96x16 [color=#FFFFFF] [bgcolor=#FF0000]
          RenderText {#text} at (0,0) size 96x16
            text run at (0,0) width 96: "FAIL-j"
        RenderText {#text} at (0,0) size 0x0
      RenderBlock {P} at (16,385) size 96x16 [color=#008000]
        RenderInline {SPAN} at (0,0) size 96x16 [color=#FFFFFF] [bgcolor=#FF0000]
          RenderText {#text} at (0,0) size 96x16
            text run at (0,0) width 96: "FAIL-k"
        RenderText {#text} at (0,0) size 0x0
      RenderBlock {P} at (16,417) size 96x16 [color=#008000]
        RenderInline {SPAN} at (0,0) size 96x16 [color=#FFFFFF] [bgcolor=#FF0000]
          RenderText {#text} at (0,0) size 96x16
            text run at (0,0) width 96: "FAIL-l"
        RenderText {#text} at (0,0) size 0x0
      RenderBlock {P} at (16,449) size 96x16 [color=#008000]
        RenderInline {SPAN} at (0,0) size 96x16 [color=#FFFFFF] [bgcolor=#FF0000]
          RenderText {#text} at (0,0) size 96x16
            text run at (0,0) width 96: "FAIL-m"
        RenderText {#text} at (0,0) size 0x0
      RenderBlock {P} at (16,481) size 96x16 [color=#008000]
        RenderInline {SPAN} at (0,0) size 96x16 [color=#FFFFFF] [bgcolor=#FF0000]
          RenderText {#text} at (0,0) size 96x16
            text run at (0,0) width 96: "FAIL-n"
        RenderText {#text} at (0,0) size 0x0
