layer at (0,0) size 800x600
  RenderView at (0,0) size 800x600
layer at (0,0) size 800x600
  RenderBlock {HTML} at (0,0) size 800x600
    RenderBody {BODY} at (8,8) size 784x584
      RenderText {#text} at (161,20) size 252x16
        text run at (161,20) width 252: " This should not be part of the textarea."
layer at (8,8) size 161x32 clip at (9,9) size 144x30 scrollHeight 56
  RenderTextControl {TEXTAREA} at (0,0) size 161x32 [bgcolor=#FFFFFF] [border: (1px solid #000000)]
    RenderBlock {DIV} at (3,3) size 140x52
      RenderText {#text} at (0,0) size 25x13
        text run at (0,0) width 25: "<!--"
      RenderBR {BR} at (24,11) size 1x0
      RenderText {#text} at (0,13) size 140x26
        text run at (0,13) width 139: "This should be part of the"
        text run at (138,13) width 2: " "
        text run at (0,26) width 48: "textarea."
      RenderBR {BR} at (47,37) size 1x0
      RenderBR {BR} at (0,39) size 0x13
