layer at (0,0) size 800x600
  RenderView at (0,0) size 800x600
layer at (0,0) size 800x177
  RenderBlock {html} at (0,0) size 800x176.88
    RenderBlock {parsererror} at (16,16) size 768x128.88 [bgcolor=#FFDDDD] [border: (2px solid #CC7777)]
      RenderBlock {h3} at (18,20.72) size 732x19
        RenderText {#text} at (0,0) size 318x19
          text run at (0,0) width 318: "This page contains the following errors:"
      RenderBlock {div} at (18,58.44) size 732x12
        RenderText {#text} at (0,0) size 397x12
          text run at (0,0) width 397: "error on line 4 at column 13: Entity 'fnof' not defined"
          text run at (396,0) width 1: " "
      RenderBlock {h3} at (18,89.16) size 732x19
        RenderText {#text} at (0,0) size 421x19
          text run at (0,0) width 421: "Below is a rendering of the page up to the first error."
    RenderBlock (anonymous) at (0,160.88) size 800x16
      RenderInline {h1} at (0,0) size 0x0
        RenderText {#text} at (0,0) size 0x0
      RenderText {#text} at (0,0) size 0x0
      RenderText {#text} at (0,0) size 0x0
      RenderInline {p} at (0,0) size 497x16
        RenderInline {font} at (0,0) size 497x16
          RenderText {#text} at (0,0) size 497x16
            text run at (0,0) width 268: "This should be the only line on this page. "
            text run at (267,0) width 230: "You should see a parse error above."
      RenderText {#text} at (0,0) size 0x0
