layer at (0,0) size 800x600
  RenderView at (0,0) size 800x600
layer at (0,0) size 800x600
  RenderBlock {HTML} at (0,0) size 800x600
    RenderBody {BODY} at (8,8) size 784x584
      RenderInline {SPAN} at (0,0) size 784x240
        RenderText {#text} at (0,0) size 784x240
          text run at (0,0) width 482: "I am typing a lot of text so that this goes onto many lines. I am still typing. "
          text run at (481,0) width 291: "I am typing a lot of text so that this goes onto"
          text run at (0,16) width 776: "many lines. I am still typing. I am typing a lot of text so that this goes onto many lines. I am still typing. I am typing a lot"
          text run at (0,32) width 773: "of text so that this goes onto many lines. I am still typing. I am typing a lot of text so that this goes onto many lines. I am"
          text run at (0,48) width 784: "still typing. I am typing a lot of text so that this goes onto many lines. I am still typing. I am typing a lot of text so that this"
          text run at (0,64) width 764: "goes onto many lines. I am still typing. I am typing a lot of text so that this goes onto many lines. I am still typing. I am"
          text run at (0,80) width 779: "typing a lot of text so that this goes onto many lines. I am still typing. I am typing a lot of text so that this goes onto many"
          text run at (0,96) width 781: "lines. I am still typing. I am typing a lot of text so that this goes onto many lines. I am still typing. I am typing a lot of text"
          text run at (0,112) width 756: "so that this goes onto many lines. I am still typing. I am typing a lot of text so that this goes onto many lines. I am still"
          text run at (0,128) width 756: "typing. I am typing a lot of text so that this goes onto many lines. I am still typing. I am typing a lot of text so that this"
          text run at (0,144) width 764: "goes onto many lines. I am still typing. I am typing a lot of text so that this goes onto many lines. I am still typing. I am"
          text run at (0,160) width 779: "typing a lot of text so that this goes onto many lines. I am still typing. I am typing a lot of text so that this goes onto many"
          text run at (0,176) width 781: "lines. I am still typing. I am typing a lot of text so that this goes onto many lines. I am still typing. I am typing a lot of text"
          text run at (0,192) width 756: "so that this goes onto many lines. I am still typing. I am typing a lot of text so that this goes onto many lines. I am still"
          text run at (0,208) width 756: "typing. I am typing a lot of text so that this goes onto many lines. I am still typing. I am typing a lot of text so that this"
          text run at (0,224) width 732: "goes onto many lines. I am still typing. I am typing a lot of text so that this goes onto many lines. I am still typing."
      RenderText {#text} at (0,0) size 0x0
