layer at (0,0) size 800x600
  RenderView at (0,0) size 800x600
layer at (0,0) size 800x600
  RenderBlock {HTML} at (0,0) size 800x600
    RenderBody {BODY} at (8,8) size 784x584
      RenderBlock {P} at (0,0) size 784x16
        RenderText {#text} at (0,0) size 776x16
          text run at (0,0) width 776: "There are two boxes below, both rotated 180\x{B0} in Y. The rightmost one has backface-visibility: hidden, so you can't see it."
      RenderBlock {DIV} at (0,32) size 402x202 [border: (1px solid #000000)]
        RenderText {#text} at (197,185) size 4x16
          text run at (197,185) width 4: " "
        RenderText {#text} at (0,0) size 0x0
      RenderBlock {DIV} at (0,234) size 784x32
        RenderText {#text} at (0,0) size 169x16
          text run at (0,0) width 169: "Found box1 on left: PASS"
        RenderBR {BR} at (168,12) size 1x0
        RenderText {#text} at (0,16) size 206x16
          text run at (0,16) width 206: "Found container on right: PASS"
        RenderBR {BR} at (205,28) size 1x0
layer at (27,59) size 160x160
  RenderBlock {DIV} at (19,19) size 160x160 [bgcolor=#808080]
layer at (227,59) size 160x160
  RenderBlock {DIV} at (219,19) size 160x160 [bgcolor=#808080]
