layer at (0,0) size 800x600
  RenderView at (0,0) size 800x600
layer at (0,0) size 800x600
  RenderBlock {HTML} at (0,0) size 800x600
    RenderBody {BODY} at (8,8) size 784x584 [bgcolor=#FFFFFF]
      RenderTable {TABLE} at (0,0) size 49x122
        RenderTableSection {TBODY} at (0,0) size 49x122
          RenderTableRow {TR} at (0,2) size 49x18
            RenderTableCell {TD} at (2,2) size 45x18 [r=0 c=0 rs=1 cs=1]
              RenderText {#text} at (1,1) size 43x16
                text run at (1,1) width 43: "Row 0"
          RenderTableRow {TR} at (0,22) size 49x18
            RenderTableCell {TD} at (2,22) size 45x18 [r=1 c=0 rs=1 cs=1]
              RenderText {#text} at (1,1) size 43x16
                text run at (1,1) width 43: "Row 1"
          RenderTableRow {TR} at (0,42) size 49x18
            RenderTableCell {TD} at (2,42) size 45x18 [r=2 c=0 rs=1 cs=1]
              RenderText {#text} at (1,1) size 43x16
                text run at (1,1) width 43: "Row 2"
          RenderTableRow {TR} at (0,62) size 49x18
            RenderTableCell {TD} at (2,62) size 45x18 [r=3 c=0 rs=1 cs=1]
              RenderText {#text} at (1,1) size 43x16
                text run at (1,1) width 43: "Row 3"
          RenderTableRow {TR} at (0,82) size 49x18
            RenderTableCell {TD} at (2,82) size 45x18 [r=4 c=0 rs=1 cs=1]
              RenderText {#text} at (1,1) size 43x16
                text run at (1,1) width 43: "Row 4"
          RenderTableRow {TR} at (0,102) size 49x18
            RenderTableCell {TD} at (2,102) size 45x18 [r=5 c=0 rs=1 cs=1]
              RenderText {#text} at (1,1) size 43x16
                text run at (1,1) width 43: "Row 5"
      RenderBlock (anonymous) at (0,122) size 784x19
        RenderTextControl {INPUT} at (0,0) size 28x19 [bgcolor=#FFFFFF] [border: (2px inset #EEEEEE)]
        RenderText {#text} at (28,2) size 4x16
          text run at (28,2) width 4: " "
        RenderTextControl {INPUT} at (32,0) size 28x19 [bgcolor=#FFFFFF] [border: (2px inset #EEEEEE)]
        RenderText {#text} at (60,2) size 4x16
          text run at (60,2) width 4: " "
        RenderButton {INPUT} at (64,1) size 29.63x18 [bgcolor=#C0C0C0]
          RenderBlock (anonymous) at (8,2.50) size 13.63x13
            RenderText {#text} at (0,0) size 14x13
              text run at (0,0) width 14: "go"
        RenderText {#text} at (0,0) size 0x0
layer at (11,133) size 22x13
  RenderBlock {DIV} at (3,3) size 22x13
    RenderText {#text} at (0,0) size 7x13
      text run at (0,0) width 7: "2"
layer at (43,133) size 22x13
  RenderBlock {DIV} at (3,3) size 22x13
    RenderText {#text} at (0,0) size 7x13
      text run at (0,0) width 7: "4"
