layer at (0,0) size 800x600
  RenderView at (0,0) size 800x600
layer at (0,0) size 800x600
  RenderBlock {HTML} at (0,0) size 800x600
    RenderBody {BODY} at (8,8) size 784x584
      RenderTable {TABLE} at (0,0) size 784x56 [border: (2px outset #808080)]
        RenderTableSection {TBODY} at (2,2) size 780x52
          RenderTableRow {TR} at (0,3) size 780x46
            RenderTableCell {TD} at (3,3) size 266x46 [bgcolor=#DDDDDD] [border: (1px inset #808080)] [r=0 c=0 rs=1 cs=1]
              RenderTable {TABLE} at (2,2) size 262x42 [border: (1px outset #808080)]
                RenderTableSection {TBODY} at (1,1) size 260x40
                  RenderTableRow {TR} at (0,3) size 260x34
                    RenderTableCell {TD} at (3,3) size 254x34 [border: (1px inset #808080)] [r=0 c=0 rs=1 cs=1]
                      RenderText {#text} at (1,1) size 164x32
                        text run at (1,1) width 164: "TheMozillaOrganization-"
                        text run at (1,17) width 159: "TheMozillaOrganization"
            RenderTableCell {TD} at (272,8) size 505x36 [border: (1px inset #808080)] [r=0 c=1 rs=1 cs=1]
              RenderText {#text} at (2,2) size 401x32
                text run at (2,2) width 401: "Checkin Guidelines for the Seamonkey Tree xxxxxxxxxxxxxx"
                text run at (2,18) width 228: "xxxxxxxxxxxxxxxx xxxxxxxxxxxx"
