layer at (0,0) size 785x746
  RenderView at (0,0) size 785x600
layer at (0,0) size 785x746
  RenderBlock {HTML} at (0,0) size 785x746
    RenderBody {BODY} at (8,8) size 769x730
      RenderBlock (anonymous) at (0,0) size 769x16
        RenderText {#text} at (0,0) size 4x16
          text run at (0,0) width 4: " "
      RenderTable {TABLE} at (0,16) size 769x666 [bgcolor=#FFFFCC] [border: (1px outset #808080)]
        RenderTableSection {TBODY} at (1,1) size 767x664
          RenderTableRow {TR} at (0,2) size 767x20
            RenderTableCell {TD} at (2,2) size 611x20 [border: (1px inset #808080)] [r=0 c=0 rs=1 cs=1]
              RenderText {#text} at (2,2) size 54x16
                text run at (2,2) width 54: "Cell one"
            RenderTableCell {TD} at (615,2) size 74x20 [border: (1px inset #808080)] [r=0 c=1 rs=1 cs=1]
              RenderText {#text} at (2,2) size 35x16
                text run at (2,2) width 35: "Cell2"
            RenderTableCell {TD} at (691,2) size 74x20 [border: (1px inset #808080)] [r=0 c=2 rs=1 cs=1]
              RenderText {#text} at (2,2) size 39x16
                text run at (2,2) width 39: "Cell 3"
          RenderTableRow {TR} at (0,24) size 767x20
            RenderTableCell {TD} at (2,24) size 611x20 [border: (1px inset #808080)] [r=1 c=0 rs=1 cs=1]
              RenderText {#text} at (2,2) size 39x16
                text run at (2,2) width 39: "Cell 4"
            RenderTableCell {TD} at (615,24) size 74x20 [border: (1px inset #808080)] [r=1 c=1 rs=1 cs=1]
              RenderText {#text} at (2,2) size 39x16
                text run at (2,2) width 39: "Cell 5"
            RenderTableCell {TD} at (691,24) size 74x20 [border: (1px inset #808080)] [r=1 c=2 rs=1 cs=1]
              RenderText {#text} at (2,2) size 39x16
                text run at (2,2) width 39: "Cell 6"
          RenderTableRow {TR} at (0,46) size 767x616
            RenderTableCell {TD} at (2,46) size 611x616 [border: (1px inset #808080)] [r=2 c=0 rs=1 cs=1]
              RenderTable {TABLE} at (2,2) size 607x596 [bgcolor=#DDDDDD] [border: (1px outset #808080)]
                RenderTableSection {TBODY} at (1,1) size 605x594
                  RenderTableRow {TR} at (0,2) size 605x20
                    RenderTableCell {TD} at (2,2) size 20x20 [border: (1px inset #808080)] [r=0 c=0 rs=1 cs=1]
                      RenderText {#text} at (2,2) size 8x16
                        text run at (2,2) width 8: "1"
                    RenderTableCell {TD} at (24,2) size 556x20 [border: (1px inset #808080)] [r=0 c=1 rs=1 cs=1]
                      RenderText {#text} at (2,2) size 8x16
                        text run at (2,2) width 8: "2"
                    RenderTableCell {TD} at (582,2) size 21x20 [border: (1px inset #808080)] [r=0 c=2 rs=1 cs=1]
                      RenderText {#text} at (2,2) size 8x16
                        text run at (2,2) width 8: "3"
                  RenderTableRow {TR} at (0,24) size 605x546
                    RenderTableCell {TD} at (2,287) size 20x20 [border: (1px inset #808080)] [r=1 c=0 rs=1 cs=1]
                      RenderText {#text} at (2,2) size 8x16
                        text run at (2,2) width 8: "4"
                    RenderTableCell {TD} at (24,24) size 556x546 [border: (1px inset #808080)] [r=1 c=1 rs=1 cs=1]
                      RenderTable {TABLE} at (2,2) size 552x526 [bgcolor=#66FFFF] [border: (1px outset #808080)]
                        RenderTableSection {TBODY} at (1,1) size 550x524
                          RenderTableRow {TR} at (0,2) size 550x476
                            RenderTableCell {TD} at (2,230) size 21x20 [border: (1px inset #808080)] [r=0 c=0 rs=1 cs=1]
                              RenderText {#text} at (2,2) size 8x16
                                text run at (2,2) width 8: "1"
                            RenderTableCell {TD} at (25,2) size 499x476 [border: (1px inset #808080)] [r=0 c=1 rs=1 cs=1]
                              RenderTable {TABLE} at (2,2) size 495x456 [bgcolor=#FF0000] [border: (1px outset #808080)]
                                RenderTableSection {TBODY} at (1,1) size 493x454
                                  RenderTableRow {TR} at (0,2) size 493x20
                                    RenderTableCell {TD} at (2,2) size 21x20 [border: (1px inset #808080)] [r=0 c=0 rs=1 cs=1]
                                      RenderText {#text} at (2,2) size 8x16
                                        text run at (2,2) width 8: "1"
                                    RenderTableCell {TD} at (25,2) size 21x20 [border: (1px inset #808080)] [r=0 c=1 rs=1 cs=1]
                                      RenderText {#text} at (2,2) size 8x16
                                        text run at (2,2) width 8: "2"
                                    RenderTableCell {TD} at (48,2) size 394x20 [border: (1px inset #808080)] [r=0 c=2 rs=1 cs=1]
                                      RenderText {#text} at (2,2) size 8x16
                                        text run at (2,2) width 8: "3"
                                    RenderTableCell {TD} at (444,2) size 22x20 [border: (1px inset #808080)] [r=0 c=3 rs=1 cs=1]
                                      RenderText {#text} at (2,2) size 8x16
                                        text run at (2,2) width 8: "4"
                                    RenderTableCell {TD} at (468,2) size 23x20 [border: (1px inset #808080)] [r=0 c=4 rs=1 cs=1]
                                      RenderText {#text} at (2,2) size 8x16
                                        text run at (2,2) width 8: "5"
                                  RenderTableRow {TR} at (0,24) size 493x362
                                    RenderTableCell {TD} at (2,195) size 21x20 [border: (1px inset #808080)] [r=1 c=0 rs=1 cs=1]
                                      RenderText {#text} at (2,2) size 8x16
                                        text run at (2,2) width 8: "6"
                                    RenderTableCell {TD} at (25,195) size 21x20 [border: (1px inset #808080)] [r=1 c=1 rs=1 cs=1]
                                      RenderText {#text} at (2,2) size 8x16
                                        text run at (2,2) width 8: "7"
                                    RenderTableCell {TD} at (48,24) size 394x362 [border: (1px inset #808080)] [r=1 c=2 rs=1 cs=1]
                                      RenderTable {TABLE} at (2,2) size 390x342 [bgcolor=#66FF99] [border: (1px outset #808080)]
                                        RenderTableSection {TBODY} at (1,1) size 388x340
                                          RenderTableRow {TR} at (0,2) size 388x20
                                            RenderTableCell {TD} at (2,2) size 22x20 [border: (1px inset #808080)] [r=0 c=0 rs=1 cs=1]
                                              RenderText {#text} at (2,2) size 8x16
                                                text run at (2,2) width 8: "a"
                                            RenderTableCell {TD} at (26,2) size 22x20 [border: (1px inset #808080)] [r=0 c=1 rs=1 cs=1]
                                              RenderText {#text} at (2,2) size 8x16
                                                text run at (2,2) width 8: "b"
                                            RenderTableCell {TD} at (50,2) size 285x20 [border: (1px inset #808080)] [r=0 c=2 rs=1 cs=1]
                                              RenderText {#text} at (2,2) size 8x16
                                                text run at (2,2) width 8: "c"
                                            RenderTableCell {TD} at (337,2) size 23x20 [border: (1px inset #808080)] [r=0 c=3 rs=1 cs=1]
                                              RenderText {#text} at (2,2) size 8x16
                                                text run at (2,2) width 8: "d"
                                            RenderTableCell {TD} at (362,2) size 24x20 [border: (1px inset #808080)] [r=0 c=4 rs=1 cs=1]
                                              RenderText {#text} at (2,2) size 8x16
                                                text run at (2,2) width 8: "e"
                                          RenderTableRow {TR} at (0,24) size 388x20
                                            RenderTableCell {TD} at (2,24) size 22x20 [border: (1px inset #808080)] [r=1 c=0 rs=1 cs=1]
                                              RenderText {#text} at (2,2) size 6x16
                                                text run at (2,2) width 6: "f"
                                            RenderTableCell {TD} at (26,24) size 22x20 [border: (1px inset #808080)] [r=1 c=1 rs=1 cs=1]
                                              RenderText {#text} at (2,2) size 8x16
                                                text run at (2,2) width 8: "g"
                                            RenderTableCell {TD} at (50,24) size 285x20 [border: (1px inset #808080)] [r=1 c=2 rs=1 cs=1]
                                              RenderText {#text} at (2,2) size 8x16
                                                text run at (2,2) width 8: "h"
                                            RenderTableCell {TD} at (337,24) size 23x20 [border: (1px inset #808080)] [r=1 c=3 rs=1 cs=1]
                                              RenderText {#text} at (2,2) size 5x16
                                                text run at (2,2) width 5: "i"
                                            RenderTableCell {TD} at (362,24) size 24x20 [border: (1px inset #808080)] [r=1 c=4 rs=1 cs=1]
                                              RenderText {#text} at (2,2) size 5x16
                                                text run at (2,2) width 5: "j"
                                          RenderTableRow {TR} at (0,46) size 388x248
                                            RenderTableCell {TD} at (2,160) size 22x20 [border: (1px inset #808080)] [r=2 c=0 rs=1 cs=1]
                                              RenderText {#text} at (2,2) size 8x16
                                                text run at (2,2) width 8: "k"
                                            RenderTableCell {TD} at (26,160) size 22x20 [border: (1px inset #808080)] [r=2 c=1 rs=1 cs=1]
                                              RenderText {#text} at (2,2) size 5x16
                                                text run at (2,2) width 5: "l"
                                            RenderTableCell {TD} at (50,46) size 285x248 [border: (1px inset #808080)] [r=2 c=2 rs=1 cs=1]
                                              RenderTable {TABLE} at (2,2) size 281x228 [bgcolor=#FF99FF] [border: (1px outset #808080)]
                                                RenderTableSection {TBODY} at (1,1) size 279x226
                                                  RenderTableRow {TR} at (0,2) size 279x20
                                                    RenderTableCell {TD} at (2,2) size 24x20 [border: (1px inset #808080)] [r=0 c=0 rs=1 cs=1]
                                                      RenderText {#text} at (2,2) size 8x16
                                                        text run at (2,2) width 8: "a"
                                                    RenderTableCell {TD} at (28,2) size 24x20 [border: (1px inset #808080)] [r=0 c=1 rs=1 cs=1]
                                                      RenderText {#text} at (2,2) size 8x16
                                                        text run at (2,2) width 8: "b"
                                                    RenderTableCell {TD} at (54,2) size 169x20 [border: (1px inset #808080)] [r=0 c=2 rs=1 cs=1]
                                                      RenderText {#text} at (2,2) size 8x16
                                                        text run at (2,2) width 8: "c"
                                                    RenderTableCell {TD} at (225,2) size 25x20 [border: (1px inset #808080)] [r=0 c=3 rs=1 cs=1]
                                                      RenderText {#text} at (2,2) size 8x16
                                                        text run at (2,2) width 8: "d"
                                                    RenderTableCell {TD} at (252,2) size 25x20 [border: (1px inset #808080)] [r=0 c=4 rs=1 cs=1]
                                                      RenderText {#text} at (2,2) size 8x16
                                                        text run at (2,2) width 8: "e"
                                                  RenderTableRow {TR} at (0,24) size 279x20
                                                    RenderTableCell {TD} at (2,24) size 24x20 [border: (1px inset #808080)] [r=1 c=0 rs=1 cs=1]
                                                      RenderText {#text} at (2,2) size 6x16
                                                        text run at (2,2) width 6: "f"
                                                    RenderTableCell {TD} at (28,24) size 24x20 [border: (1px inset #808080)] [r=1 c=1 rs=1 cs=1]
                                                      RenderText {#text} at (2,2) size 8x16
                                                        text run at (2,2) width 8: "g"
                                                    RenderTableCell {TD} at (54,24) size 169x20 [border: (1px inset #808080)] [r=1 c=2 rs=1 cs=1]
                                                      RenderText {#text} at (2,2) size 8x16
                                                        text run at (2,2) width 8: "h"
                                                    RenderTableCell {TD} at (225,24) size 25x20 [border: (1px inset #808080)] [r=1 c=3 rs=1 cs=1]
                                                      RenderText {#text} at (2,2) size 5x16
                                                        text run at (2,2) width 5: "i"
                                                    RenderTableCell {TD} at (252,24) size 25x20 [border: (1px inset #808080)] [r=1 c=4 rs=1 cs=1]
                                                      RenderText {#text} at (2,2) size 5x16
                                                        text run at (2,2) width 5: "j"
                                                  RenderTableRow {TR} at (0,46) size 279x134
                                                    RenderTableCell {TD} at (2,103) size 24x20 [border: (1px inset #808080)] [r=2 c=0 rs=1 cs=1]
                                                      RenderText {#text} at (2,2) size 8x16
                                                        text run at (2,2) width 8: "k"
                                                    RenderTableCell {TD} at (28,103) size 24x20 [border: (1px inset #808080)] [r=2 c=1 rs=1 cs=1]
                                                      RenderText {#text} at (2,2) size 5x16
                                                        text run at (2,2) width 5: "l"
                                                    RenderTableCell {TD} at (54,46) size 169x134 [border: (1px inset #808080)] [r=2 c=2 rs=1 cs=1]
                                                      RenderTable {TABLE} at (2,2) size 165x114 [bgcolor=#FF9900] [border: (1px outset #808080)]
                                                        RenderTableSection {TBODY} at (1,1) size 163x112
                                                          RenderTableRow {TR} at (0,2) size 163x20
                                                            RenderTableCell {TD} at (2,2) size 27x20 [border: (1px inset #808080)] [r=0 c=0 rs=1 cs=1]
                                                              RenderText {#text} at (2,2) size 8x16
                                                                text run at (2,2) width 8: "a"
                                                            RenderTableCell {TD} at (31,2) size 28x20 [border: (1px inset #808080)] [r=0 c=1 rs=1 cs=1]
                                                              RenderText {#text} at (2,2) size 8x16
                                                                text run at (2,2) width 8: "b"
                                                            RenderTableCell {TD} at (61,2) size 39x20 [border: (1px inset #808080)] [r=0 c=2 rs=1 cs=1]
                                                              RenderText {#text} at (2,2) size 8x16
                                                                text run at (2,2) width 8: "c"
                                                            RenderTableCell {TD} at (102,2) size 28x20 [border: (1px inset #808080)] [r=0 c=3 rs=1 cs=1]
                                                              RenderText {#text} at (2,2) size 8x16
                                                                text run at (2,2) width 8: "d"
                                                            RenderTableCell {TD} at (132,2) size 29x20 [border: (1px inset #808080)] [r=0 c=4 rs=1 cs=1]
                                                              RenderText {#text} at (2,2) size 8x16
                                                                text run at (2,2) width 8: "e"
                                                          RenderTableRow {TR} at (0,24) size 163x20
                                                            RenderTableCell {TD} at (2,24) size 27x20 [border: (1px inset #808080)] [r=1 c=0 rs=1 cs=1]
                                                              RenderText {#text} at (2,2) size 6x16
                                                                text run at (2,2) width 6: "f"
                                                            RenderTableCell {TD} at (31,24) size 28x20 [border: (1px inset #808080)] [r=1 c=1 rs=1 cs=1]
                                                              RenderText {#text} at (2,2) size 8x16
                                                                text run at (2,2) width 8: "g"
                                                            RenderTableCell {TD} at (61,24) size 39x20 [border: (1px inset #808080)] [r=1 c=2 rs=1 cs=1]
                                                              RenderText {#text} at (2,2) size 8x16
                                                                text run at (2,2) width 8: "h"
                                                            RenderTableCell {TD} at (102,24) size 28x20 [border: (1px inset #808080)] [r=1 c=3 rs=1 cs=1]
                                                              RenderText {#text} at (2,2) size 5x16
                                                                text run at (2,2) width 5: "i"
                                                            RenderTableCell {TD} at (132,24) size 29x20 [border: (1px inset #808080)] [r=1 c=4 rs=1 cs=1]
                                                              RenderText {#text} at (2,2) size 5x16
                                                                text run at (2,2) width 5: "j"
                                                          RenderTableRow {TR} at (0,46) size 163x20
                                                            RenderTableCell {TD} at (2,46) size 27x20 [border: (1px inset #808080)] [r=2 c=0 rs=1 cs=1]
                                                              RenderText {#text} at (2,2) size 8x16
                                                                text run at (2,2) width 8: "k"
                                                            RenderTableCell {TD} at (31,46) size 28x20 [border: (1px inset #808080)] [r=2 c=1 rs=1 cs=1]
                                                              RenderText {#text} at (2,2) size 5x16
                                                                text run at (2,2) width 5: "l"
                                                            RenderTableCell {TD} at (61,46) size 39x20 [border: (1px inset #808080)] [r=2 c=2 rs=1 cs=1]
                                                              RenderText {#text} at (2,2) size 13x16
                                                                text run at (2,2) width 13: "m"
                                                            RenderTableCell {TD} at (102,46) size 28x20 [border: (1px inset #808080)] [r=2 c=3 rs=1 cs=1]
                                                              RenderText {#text} at (2,2) size 8x16
                                                                text run at (2,2) width 8: "n"
                                                            RenderTableCell {TD} at (132,46) size 29x20 [border: (1px inset #808080)] [r=2 c=4 rs=1 cs=1]
                                                              RenderText {#text} at (2,2) size 8x16
                                                                text run at (2,2) width 8: "o"
                                                          RenderTableRow {TR} at (0,68) size 163x20
                                                            RenderTableCell {TD} at (2,68) size 27x20 [border: (1px inset #808080)] [r=3 c=0 rs=1 cs=1]
                                                              RenderText {#text} at (2,2) size 8x16
                                                                text run at (2,2) width 8: "p"
                                                            RenderTableCell {TD} at (31,68) size 28x20 [border: (1px inset #808080)] [r=3 c=1 rs=1 cs=1]
                                                              RenderText {#text} at (2,2) size 8x16
                                                                text run at (2,2) width 8: "q"
                                                            RenderTableCell {TD} at (61,68) size 39x20 [border: (1px inset #808080)] [r=3 c=2 rs=1 cs=1]
                                                              RenderText {#text} at (2,2) size 6x16
                                                                text run at (2,2) width 6: "r"
                                                            RenderTableCell {TD} at (102,68) size 28x20 [border: (1px inset #808080)] [r=3 c=3 rs=1 cs=1]
                                                              RenderText {#text} at (2,2) size 7x16
                                                                text run at (2,2) width 7: "s"
                                                            RenderTableCell {TD} at (132,68) size 29x20 [border: (1px inset #808080)] [r=3 c=4 rs=1 cs=1]
                                                              RenderText {#text} at (2,2) size 5x16
                                                                text run at (2,2) width 5: "t"
                                                          RenderTableRow {TR} at (0,90) size 163x20
                                                            RenderTableCell {TD} at (2,90) size 27x20 [border: (1px inset #808080)] [r=4 c=0 rs=1 cs=1]
                                                              RenderText {#text} at (2,2) size 8x16
                                                                text run at (2,2) width 8: "u"
                                                            RenderTableCell {TD} at (31,90) size 28x20 [border: (1px inset #808080)] [r=4 c=1 rs=1 cs=1]
                                                              RenderText {#text} at (2,2) size 8x16
                                                                text run at (2,2) width 8: "v"
                                                            RenderTableCell {TD} at (61,90) size 39x20 [border: (1px inset #808080)] [r=4 c=2 rs=1 cs=1]
                                                              RenderText {#text} at (2,2) size 12x16
                                                                text run at (2,2) width 12: "w"
                                                            RenderTableCell {TD} at (102,90) size 28x20 [border: (1px inset #808080)] [r=4 c=3 rs=1 cs=1]
                                                              RenderText {#text} at (2,2) size 8x16
                                                                text run at (2,2) width 8: "x"
                                                            RenderTableCell {TD} at (132,90) size 29x20 [border: (1px inset #808080)] [r=4 c=4 rs=1 cs=1]
                                                              RenderText {#text} at (2,2) size 8x16
                                                                text run at (2,2) width 8: "y"
                                                      RenderBlock (anonymous) at (2,116) size 165x16
                                                        RenderText {#text} at (0,0) size 4x16
                                                          text run at (0,0) width 4: " "
                                                    RenderTableCell {TD} at (225,103) size 25x20 [border: (1px inset #808080)] [r=2 c=3 rs=1 cs=1]
                                                      RenderText {#text} at (2,2) size 8x16
                                                        text run at (2,2) width 8: "n"
                                                    RenderTableCell {TD} at (252,103) size 25x20 [border: (1px inset #808080)] [r=2 c=4 rs=1 cs=1]
                                                      RenderText {#text} at (2,2) size 8x16
                                                        text run at (2,2) width 8: "o"
                                                  RenderTableRow {TR} at (0,182) size 279x20
                                                    RenderTableCell {TD} at (2,182) size 24x20 [border: (1px inset #808080)] [r=3 c=0 rs=1 cs=1]
                                                      RenderText {#text} at (2,2) size 8x16
                                                        text run at (2,2) width 8: "p"
                                                    RenderTableCell {TD} at (28,182) size 24x20 [border: (1px inset #808080)] [r=3 c=1 rs=1 cs=1]
                                                      RenderText {#text} at (2,2) size 8x16
                                                        text run at (2,2) width 8: "q"
                                                    RenderTableCell {TD} at (54,182) size 169x20 [border: (1px inset #808080)] [r=3 c=2 rs=1 cs=1]
                                                      RenderText {#text} at (2,2) size 6x16
                                                        text run at (2,2) width 6: "r"
                                                    RenderTableCell {TD} at (225,182) size 25x20 [border: (1px inset #808080)] [r=3 c=3 rs=1 cs=1]
                                                      RenderText {#text} at (2,2) size 7x16
                                                        text run at (2,2) width 7: "s"
                                                    RenderTableCell {TD} at (252,182) size 25x20 [border: (1px inset #808080)] [r=3 c=4 rs=1 cs=1]
                                                      RenderText {#text} at (2,2) size 5x16
                                                        text run at (2,2) width 5: "t"
                                                  RenderTableRow {TR} at (0,204) size 279x20
                                                    RenderTableCell {TD} at (2,204) size 24x20 [border: (1px inset #808080)] [r=4 c=0 rs=1 cs=1]
                                                      RenderText {#text} at (2,2) size 8x16
                                                        text run at (2,2) width 8: "u"
                                                    RenderTableCell {TD} at (28,204) size 24x20 [border: (1px inset #808080)] [r=4 c=1 rs=1 cs=1]
                                                      RenderText {#text} at (2,2) size 8x16
                                                        text run at (2,2) width 8: "v"
                                                    RenderTableCell {TD} at (54,204) size 169x20 [border: (1px inset #808080)] [r=4 c=2 rs=1 cs=1]
                                                      RenderText {#text} at (2,2) size 12x16
                                                        text run at (2,2) width 12: "w"
                                                    RenderTableCell {TD} at (225,204) size 25x20 [border: (1px inset #808080)] [r=4 c=3 rs=1 cs=1]
                                                      RenderText {#text} at (2,2) size 8x16
                                                        text run at (2,2) width 8: "x"
                                                    RenderTableCell {TD} at (252,204) size 25x20 [border: (1px inset #808080)] [r=4 c=4 rs=1 cs=1]
                                                      RenderText {#text} at (2,2) size 8x16
                                                        text run at (2,2) width 8: "y"
                                              RenderBlock (anonymous) at (2,230) size 281x16
                                                RenderText {#text} at (0,0) size 4x16
                                                  text run at (0,0) width 4: " "
                                            RenderTableCell {TD} at (337,160) size 23x20 [border: (1px inset #808080)] [r=2 c=3 rs=1 cs=1]
                                              RenderText {#text} at (2,2) size 8x16
                                                text run at (2,2) width 8: "n"
                                            RenderTableCell {TD} at (362,160) size 24x20 [border: (1px inset #808080)] [r=2 c=4 rs=1 cs=1]
                                              RenderText {#text} at (2,2) size 8x16
                                                text run at (2,2) width 8: "o"
                                          RenderTableRow {TR} at (0,296) size 388x20
                                            RenderTableCell {TD} at (2,296) size 22x20 [border: (1px inset #808080)] [r=3 c=0 rs=1 cs=1]
                                              RenderText {#text} at (2,2) size 8x16
                                                text run at (2,2) width 8: "p"
                                            RenderTableCell {TD} at (26,296) size 22x20 [border: (1px inset #808080)] [r=3 c=1 rs=1 cs=1]
                                              RenderText {#text} at (2,2) size 8x16
                                                text run at (2,2) width 8: "q"
                                            RenderTableCell {TD} at (50,296) size 285x20 [border: (1px inset #808080)] [r=3 c=2 rs=1 cs=1]
                                              RenderText {#text} at (2,2) size 6x16
                                                text run at (2,2) width 6: "r"
                                            RenderTableCell {TD} at (337,296) size 23x20 [border: (1px inset #808080)] [r=3 c=3 rs=1 cs=1]
                                              RenderText {#text} at (2,2) size 7x16
                                                text run at (2,2) width 7: "s"
                                            RenderTableCell {TD} at (362,296) size 24x20 [border: (1px inset #808080)] [r=3 c=4 rs=1 cs=1]
                                              RenderText {#text} at (2,2) size 5x16
                                                text run at (2,2) width 5: "t"
                                          RenderTableRow {TR} at (0,318) size 388x20
                                            RenderTableCell {TD} at (2,318) size 22x20 [border: (1px inset #808080)] [r=4 c=0 rs=1 cs=1]
                                              RenderText {#text} at (2,2) size 8x16
                                                text run at (2,2) width 8: "u"
                                            RenderTableCell {TD} at (26,318) size 22x20 [border: (1px inset #808080)] [r=4 c=1 rs=1 cs=1]
                                              RenderText {#text} at (2,2) size 8x16
                                                text run at (2,2) width 8: "v"
                                            RenderTableCell {TD} at (50,318) size 285x20 [border: (1px inset #808080)] [r=4 c=2 rs=1 cs=1]
                                              RenderText {#text} at (2,2) size 12x16
                                                text run at (2,2) width 12: "w"
                                            RenderTableCell {TD} at (337,318) size 23x20 [border: (1px inset #808080)] [r=4 c=3 rs=1 cs=1]
                                              RenderText {#text} at (2,2) size 8x16
                                                text run at (2,2) width 8: "x"
                                            RenderTableCell {TD} at (362,318) size 24x20 [border: (1px inset #808080)] [r=4 c=4 rs=1 cs=1]
                                              RenderText {#text} at (2,2) size 8x16
                                                text run at (2,2) width 8: "y"
                                      RenderBlock (anonymous) at (2,344) size 390x16
                                        RenderText {#text} at (0,0) size 4x16
                                          text run at (0,0) width 4: " "
                                    RenderTableCell {TD} at (444,195) size 22x20 [border: (1px inset #808080)] [r=1 c=3 rs=1 cs=1]
                                      RenderText {#text} at (2,2) size 8x16
                                        text run at (2,2) width 8: "9"
                                    RenderTableCell {TD} at (468,195) size 23x20 [border: (1px inset #808080)] [r=1 c=4 rs=1 cs=1]
                                      RenderText {#text} at (2,2) size 8x16
                                        text run at (2,2) width 8: "0"
                                  RenderTableRow {TR} at (0,388) size 493x20
                                    RenderTableCell {TD} at (2,388) size 21x20 [border: (1px inset #808080)] [r=2 c=0 rs=1 cs=1]
                                      RenderText {#text} at (2,2) size 8x16
                                        text run at (2,2) width 8: "a"
                                    RenderTableCell {TD} at (25,388) size 21x20 [border: (1px inset #808080)] [r=2 c=1 rs=1 cs=1]
                                      RenderText {#text} at (2,2) size 8x16
                                        text run at (2,2) width 8: "b"
                                    RenderTableCell {TD} at (48,388) size 394x20 [border: (1px inset #808080)] [r=2 c=2 rs=1 cs=1]
                                      RenderText {#text} at (2,2) size 8x16
                                        text run at (2,2) width 8: "c"
                                    RenderTableCell {TD} at (444,388) size 22x20 [border: (1px inset #808080)] [r=2 c=3 rs=1 cs=1]
                                      RenderText {#text} at (2,2) size 8x16
                                        text run at (2,2) width 8: "d"
                                    RenderTableCell {TD} at (468,388) size 23x20 [border: (1px inset #808080)] [r=2 c=4 rs=1 cs=1]
                                      RenderText {#text} at (2,2) size 8x16
                                        text run at (2,2) width 8: "e"
                                  RenderTableRow {TR} at (0,410) size 493x20
                                    RenderTableCell {TD} at (2,410) size 21x20 [border: (1px inset #808080)] [r=3 c=0 rs=1 cs=1]
                                      RenderText {#text} at (2,2) size 6x16
                                        text run at (2,2) width 6: "f"
                                    RenderTableCell {TD} at (25,410) size 21x20 [border: (1px inset #808080)] [r=3 c=1 rs=1 cs=1]
                                      RenderText {#text} at (2,2) size 8x16
                                        text run at (2,2) width 8: "g"
                                    RenderTableCell {TD} at (48,410) size 394x20 [border: (1px inset #808080)] [r=3 c=2 rs=1 cs=1]
                                      RenderText {#text} at (2,2) size 8x16
                                        text run at (2,2) width 8: "h"
                                    RenderTableCell {TD} at (444,410) size 22x20 [border: (1px inset #808080)] [r=3 c=3 rs=1 cs=1]
                                      RenderText {#text} at (2,2) size 5x16
                                        text run at (2,2) width 5: "i"
                                    RenderTableCell {TD} at (468,410) size 23x20 [border: (1px inset #808080)] [r=3 c=4 rs=1 cs=1]
                                      RenderText {#text} at (2,2) size 5x16
                                        text run at (2,2) width 5: "j"
                                  RenderTableRow {TR} at (0,432) size 493x20
                                    RenderTableCell {TD} at (2,432) size 21x20 [border: (1px inset #808080)] [r=4 c=0 rs=1 cs=1]
                                      RenderText {#text} at (2,2) size 8x16
                                        text run at (2,2) width 8: "k"
                                    RenderTableCell {TD} at (25,432) size 21x20 [border: (1px inset #808080)] [r=4 c=1 rs=1 cs=1]
                                      RenderText {#text} at (2,2) size 5x16
                                        text run at (2,2) width 5: "l"
                                    RenderTableCell {TD} at (48,432) size 394x20 [border: (1px inset #808080)] [r=4 c=2 rs=1 cs=1]
                                      RenderText {#text} at (2,2) size 13x16
                                        text run at (2,2) width 13: "m"
                                    RenderTableCell {TD} at (444,432) size 22x20 [border: (1px inset #808080)] [r=4 c=3 rs=1 cs=1]
                                      RenderText {#text} at (2,2) size 8x16
                                        text run at (2,2) width 8: "n"
                                    RenderTableCell {TD} at (468,432) size 23x20 [border: (1px inset #808080)] [r=4 c=4 rs=1 cs=1]
                                      RenderText {#text} at (2,2) size 8x16
                                        text run at (2,2) width 8: "o"
                              RenderBlock (anonymous) at (2,458) size 495x16
                                RenderText {#text} at (0,0) size 4x16
                                  text run at (0,0) width 4: " "
                            RenderTableCell {TD} at (526,230) size 22x20 [border: (1px inset #808080)] [r=0 c=2 rs=1 cs=1]
                              RenderText {#text} at (2,2) size 8x16
                                text run at (2,2) width 8: "3"
                          RenderTableRow {TR} at (0,480) size 550x20
                            RenderTableCell {TD} at (2,480) size 21x20 [border: (1px inset #808080)] [r=1 c=0 rs=1 cs=1]
                              RenderText {#text} at (2,2) size 8x16
                                text run at (2,2) width 8: "4"
                            RenderTableCell {TD} at (25,480) size 499x20 [border: (1px inset #808080)] [r=1 c=1 rs=1 cs=1]
                              RenderText {#text} at (2,2) size 8x16
                                text run at (2,2) width 8: "5"
                            RenderTableCell {TD} at (526,480) size 22x20 [border: (1px inset #808080)] [r=1 c=2 rs=1 cs=1]
                              RenderText {#text} at (2,2) size 8x16
                                text run at (2,2) width 8: "6"
                          RenderTableRow {TR} at (0,502) size 550x20
                            RenderTableCell {TD} at (2,502) size 21x20 [border: (1px inset #808080)] [r=2 c=0 rs=1 cs=1]
                              RenderText {#text} at (2,2) size 8x16
                                text run at (2,2) width 8: "7"
                            RenderTableCell {TD} at (25,502) size 499x20 [border: (1px inset #808080)] [r=2 c=1 rs=1 cs=1]
                              RenderText {#text} at (2,2) size 8x16
                                text run at (2,2) width 8: "8"
                            RenderTableCell {TD} at (526,502) size 22x20 [border: (1px inset #808080)] [r=2 c=2 rs=1 cs=1]
                              RenderText {#text} at (2,2) size 8x16
                                text run at (2,2) width 8: "9"
                      RenderBlock (anonymous) at (2,528) size 552x16
                        RenderText {#text} at (0,0) size 4x16
                          text run at (0,0) width 4: " "
                    RenderTableCell {TD} at (582,287) size 21x20 [border: (1px inset #808080)] [r=1 c=2 rs=1 cs=1]
                      RenderText {#text} at (2,2) size 8x16
                        text run at (2,2) width 8: "6"
                  RenderTableRow {TR} at (0,572) size 605x20
                    RenderTableCell {TD} at (2,572) size 20x20 [border: (1px inset #808080)] [r=2 c=0 rs=1 cs=1]
                      RenderText {#text} at (2,2) size 8x16
                        text run at (2,2) width 8: "7"
                    RenderTableCell {TD} at (24,572) size 556x20 [border: (1px inset #808080)] [r=2 c=1 rs=1 cs=1]
                      RenderText {#text} at (2,2) size 8x16
                        text run at (2,2) width 8: "8"
                    RenderTableCell {TD} at (582,572) size 21x20 [border: (1px inset #808080)] [r=2 c=2 rs=1 cs=1]
                      RenderText {#text} at (2,2) size 8x16
                        text run at (2,2) width 8: "9"
              RenderBlock (anonymous) at (2,598) size 607x16
                RenderText {#text} at (0,0) size 4x16
                  text run at (0,0) width 4: " "
            RenderTableCell {TD} at (615,344) size 74x20 [border: (1px inset #808080)] [r=2 c=1 rs=1 cs=1]
              RenderText {#text} at (2,2) size 8x16
                text run at (2,2) width 8: "8"
            RenderTableCell {TD} at (691,344) size 74x20 [border: (1px inset #808080)] [r=2 c=2 rs=1 cs=1]
              RenderText {#text} at (2,2) size 8x16
                text run at (2,2) width 8: "9"
      RenderBlock (anonymous) at (0,682) size 769x32
        RenderText {#text} at (0,0) size 8x16
          text run at (0,0) width 8: "  "
        RenderBR {BR} at (8,12) size 0x0
        RenderText {#text} at (0,16) size 286x16
          text run at (0,16) width 286: "the following text should display on one line"
      RenderTable {TABLE} at (0,714) size 207x16
        RenderTableSection {TBODY} at (0,0) size 207x16
          RenderTableRow {TR} at (0,0) size 207x16
            RenderTableCell {TD} at (0,0) size 207x16 [bgcolor=#B70000] [r=0 c=0 rs=1 cs=1]
              RenderTable {TABLE} at (0,0) size 207x16
                RenderTableSection {TBODY} at (0,0) size 207x16
                  RenderTableRow {TR} at (0,0) size 207x16
                    RenderTableCell {TD} at (0,0) size 13x16 [r=0 c=0 rs=1 cs=1]
                      RenderImage {IMG} at (0,0) size 13x16
                    RenderTableCell {TD} at (13,0) size 190x16 [r=0 c=1 rs=1 cs=1]
                      RenderText {#text} at (0,0) size 165x16
                        text run at (0,0) width 165: "AlphaLinux Distributions"
                    RenderTableCell {TD} at (203,0) size 4x4 [r=0 c=2 rs=1 cs=1]
                      RenderImage {IMG} at (0,0) size 4x4
