layer at (0,0) size 785x1271
  RenderView at (0,0) size 785x600
layer at (0,0) size 785x1271
  RenderBlock {HTML} at (0,0) size 785x1271.06
    RenderBody {BODY} at (8,8) size 769x1255.06
      RenderBlock {H1} at (0,0) size 769x32
        RenderText {#text} at (0,0) size 399x32
          text run at (0,0) width 399: "Example 6: Table Stress Test"
      RenderBlock {PRE} at (0,53.44) size 769x13 [color=#FF0000]
        RenderText {#text} at (0,0) size 266x13
          text run at (0,0) width 266: "Resize document for maximum effect"
      RenderBlock (anonymous) at (0,79.44) size 769x16
        RenderBR {BR} at (0,0) size 0x16
      RenderBlock {H2} at (0,115.34) size 769x24
        RenderText {#text} at (0,0) size 504x24
          text run at (0,0) width 504: "Auto-width tables with spans nested 8 levels deep"
      RenderTable {TABLE} at (0,159.25) size 769x358 [bgcolor=#FF0000] [border: (1px outset #808080)]
        RenderTableSection {TBODY} at (1,1) size 767x356
          RenderTableRow {TR} at (0,2) size 767x164
            RenderTableCell {TD} at (2,74) size 31x20 [border: (1px inset #808080)] [r=0 c=0 rs=1 cs=1]
              RenderText {#text} at (2,2) size 27x16
                text run at (2,2) width 27: "Cell"
            RenderTableCell {TD} at (35,2) size 730x330 [border: (1px inset #808080)] [r=0 c=1 rs=2 cs=2]
              RenderTable {TABLE} at (2,2) size 726x326 [bgcolor=#ADD8E6] [border: (1px outset #808080)]
                RenderTableSection {TBODY} at (1,1) size 724x324
                  RenderTableRow {TR} at (0,2) size 724x148
                    RenderTableCell {TD} at (2,66) size 31x20 [border: (1px inset #808080)] [r=0 c=0 rs=1 cs=1]
                      RenderText {#text} at (2,2) size 27x16
                        text run at (2,2) width 27: "Cell"
                    RenderTableCell {TD} at (35,2) size 687x298 [border: (1px inset #808080)] [r=0 c=1 rs=2 cs=2]
                      RenderTable {TABLE} at (2,2) size 683x294 [bgcolor=#90EE90] [border: (1px outset #808080)]
                        RenderTableSection {TBODY} at (1,1) size 681x292
                          RenderTableRow {TR} at (0,2) size 681x132
                            RenderTableCell {TD} at (2,58) size 31x20 [border: (1px inset #808080)] [r=0 c=0 rs=1 cs=1]
                              RenderText {#text} at (2,2) size 27x16
                                text run at (2,2) width 27: "Cell"
                            RenderTableCell {TD} at (35,2) size 644x266 [border: (1px inset #808080)] [r=0 c=1 rs=2 cs=2]
                              RenderTable {TABLE} at (2,2) size 640x262 [border: (1px outset #808080)]
                                RenderTableSection {TBODY} at (1,1) size 638x260
                                  RenderTableRow {TR} at (0,2) size 638x116
                                    RenderTableCell {TD} at (2,50) size 31x20 [border: (1px inset #808080)] [r=0 c=0 rs=1 cs=1]
                                      RenderText {#text} at (2,2) size 27x16
                                        text run at (2,2) width 27: "Cell"
                                    RenderTableCell {TD} at (35,2) size 601x234 [border: (1px inset #808080)] [r=0 c=1 rs=2 cs=2]
                                      RenderTable {TABLE} at (2,2) size 597x230 [bgcolor=#FFA500] [border: (1px outset #808080)]
                                        RenderTableSection {TBODY} at (1,1) size 595x228
                                          RenderTableRow {TR} at (0,2) size 595x92
                                            RenderTableCell {TD} at (2,38) size 31x20 [border: (1px inset #808080)] [r=0 c=0 rs=1 cs=1]
                                              RenderText {#text} at (2,2) size 27x16
                                                text run at (2,2) width 27: "Cell"
                                            RenderTableCell {TD} at (35,2) size 558x186 [border: (1px inset #808080)] [r=0 c=1 rs=2 cs=2]
                                              RenderTable {TABLE} at (2,2) size 554x182 [bgcolor=#FF0000] [border: (1px outset #808080)]
                                                RenderTableSection {TBODY} at (1,1) size 552x180
                                                  RenderTableRow {TR} at (0,2) size 552x68
                                                    RenderTableCell {TD} at (2,26) size 31x20 [border: (1px inset #808080)] [r=0 c=0 rs=1 cs=1]
                                                      RenderText {#text} at (2,2) size 27x16
                                                        text run at (2,2) width 27: "Cell"
                                                    RenderTableCell {TD} at (35,2) size 515x138 [border: (1px inset #808080)] [r=0 c=1 rs=2 cs=2]
                                                      RenderTable {TABLE} at (2,2) size 511x134 [bgcolor=#ADD8E6] [border: (1px outset #808080)]
                                                        RenderTableSection {TBODY} at (1,1) size 509x132
                                                          RenderTableRow {TR} at (0,2) size 509x44
                                                            RenderTableCell {TD} at (2,14) size 31x20 [border: (1px inset #808080)] [r=0 c=0 rs=1 cs=1]
                                                              RenderText {#text} at (2,2) size 27x16
                                                                text run at (2,2) width 27: "Cell"
                                                            RenderTableCell {TD} at (35,2) size 472x90 [border: (1px inset #808080)] [r=0 c=1 rs=2 cs=2]
                                                              RenderTable {TABLE} at (2,2) size 468x86 [bgcolor=#90EE90] [border: (1px outset #808080)]
                                                                RenderTableSection {TBODY} at (1,1) size 466x84
                                                                  RenderTableRow {TR} at (0,2) size 466x20
                                                                    RenderTableCell {TD} at (2,2) size 31x20 [border: (1px inset #808080)] [r=0 c=0 rs=1 cs=1]
                                                                      RenderText {#text} at (2,2) size 27x16
                                                                        text run at (2,2) width 27: "Cell"
                                                                    RenderTableCell {TD} at (35,5) size 429x36 [border: (1px inset #808080)] [r=0 c=1 rs=2 cs=2]
                                                                      RenderText {#text} at (2,2) size 400x32
                                                                        text run at (2,2) width 400: "Cell, and stuff to test out table cell layout. This should be long"
                                                                        text run at (2,18) width 121: "enough for testing."
                                                                  RenderTableRow {TR} at (0,24) size 466x20
                                                                    RenderTableCell {TD} at (2,24) size 31x20 [border: (1px inset #808080)] [r=1 c=0 rs=1 cs=1]
                                                                      RenderText {#text} at (2,2) size 27x16
                                                                        text run at (2,2) width 27: "Cell"
                                                                  RenderTableRow {TR} at (0,46) size 466x36
                                                                    RenderTableCell {TD} at (2,54) size 31x20 [border: (1px inset #808080)] [r=2 c=0 rs=1 cs=1]
                                                                      RenderText {#text} at (2,2) size 27x16
                                                                        text run at (2,2) width 27: "Cell"
                                                                    RenderTableCell {TD} at (35,46) size 396x36 [border: (1px inset #808080)] [r=2 c=1 rs=1 cs=1]
                                                                      RenderText {#text} at (2,2) size 367x32
                                                                        text run at (2,2) width 367: "Cell, and stuff to test out table cell layout. This should be"
                                                                        text run at (2,18) width 33: "long "
                                                                        text run at (34,18) width 121: "enough for testing."
                                                                    RenderTableCell {TD} at (433,54) size 31x20 [border: (1px inset #808080)] [r=2 c=2 rs=1 cs=1]
                                                                      RenderText {#text} at (2,2) size 27x16
                                                                        text run at (2,2) width 27: "Cell"
                                                          RenderTableRow {TR} at (0,48) size 509x44
                                                            RenderTableCell {TD} at (2,60) size 31x20 [border: (1px inset #808080)] [r=1 c=0 rs=1 cs=1]
                                                              RenderText {#text} at (2,2) size 27x16
                                                                text run at (2,2) width 27: "Cell"
                                                          RenderTableRow {TR} at (0,94) size 509x36
                                                            RenderTableCell {TD} at (2,102) size 31x20 [border: (1px inset #808080)] [r=2 c=0 rs=1 cs=1]
                                                              RenderText {#text} at (2,2) size 27x16
                                                                text run at (2,2) width 27: "Cell"
                                                            RenderTableCell {TD} at (35,94) size 439x36 [border: (1px inset #808080)] [r=2 c=1 rs=1 cs=1]
                                                              RenderText {#text} at (2,2) size 400x32
                                                                text run at (2,2) width 400: "Cell, and stuff to test out table cell layout. This should be long"
                                                                text run at (2,18) width 121: "enough for testing."
                                                            RenderTableCell {TD} at (476,102) size 31x20 [border: (1px inset #808080)] [r=2 c=2 rs=1 cs=1]
                                                              RenderText {#text} at (2,2) size 27x16
                                                                text run at (2,2) width 27: "Cell"
                                                  RenderTableRow {TR} at (0,72) size 552x68
                                                    RenderTableCell {TD} at (2,96) size 31x20 [border: (1px inset #808080)] [r=1 c=0 rs=1 cs=1]
                                                      RenderText {#text} at (2,2) size 27x16
                                                        text run at (2,2) width 27: "Cell"
                                                  RenderTableRow {TR} at (0,142) size 552x36
                                                    RenderTableCell {TD} at (2,150) size 31x20 [border: (1px inset #808080)] [r=2 c=0 rs=1 cs=1]
                                                      RenderText {#text} at (2,2) size 27x16
                                                        text run at (2,2) width 27: "Cell"
                                                    RenderTableCell {TD} at (35,142) size 482x36 [border: (1px inset #808080)] [r=2 c=1 rs=1 cs=1]
                                                      RenderText {#text} at (2,2) size 473x32
                                                        text run at (2,2) width 404: "Cell, and stuff to test out table cell layout. This should be long "
                                                        text run at (405,2) width 70: "enough for"
                                                        text run at (2,18) width 47: "testing."
                                                    RenderTableCell {TD} at (519,150) size 31x20 [border: (1px inset #808080)] [r=2 c=2 rs=1 cs=1]
                                                      RenderText {#text} at (2,2) size 27x16
                                                        text run at (2,2) width 27: "Cell"
                                          RenderTableRow {TR} at (0,96) size 595x92
                                            RenderTableCell {TD} at (2,132) size 31x20 [border: (1px inset #808080)] [r=1 c=0 rs=1 cs=1]
                                              RenderText {#text} at (2,2) size 27x16
                                                text run at (2,2) width 27: "Cell"
                                          RenderTableRow {TR} at (0,190) size 595x36
                                            RenderTableCell {TD} at (2,198) size 31x20 [border: (1px inset #808080)] [r=2 c=0 rs=1 cs=1]
                                              RenderText {#text} at (2,2) size 27x16
                                                text run at (2,2) width 27: "Cell"
                                            RenderTableCell {TD} at (35,190) size 524x36 [border: (1px inset #808080)] [r=2 c=1 rs=1 cs=1]
                                              RenderText {#text} at (2,2) size 473x32
                                                text run at (2,2) width 404: "Cell, and stuff to test out table cell layout. This should be long "
                                                text run at (405,2) width 70: "enough for"
                                                text run at (2,18) width 47: "testing."
                                            RenderTableCell {TD} at (561,198) size 32x20 [border: (1px inset #808080)] [r=2 c=2 rs=1 cs=1]
                                              RenderText {#text} at (2,2) size 27x16
                                                text run at (2,2) width 27: "Cell"
                                  RenderTableRow {TR} at (0,120) size 638x116
                                    RenderTableCell {TD} at (2,168) size 31x20 [border: (1px inset #808080)] [r=1 c=0 rs=1 cs=1]
                                      RenderText {#text} at (2,2) size 27x16
                                        text run at (2,2) width 27: "Cell"
                                  RenderTableRow {TR} at (0,238) size 638x20
                                    RenderTableCell {TD} at (2,238) size 31x20 [border: (1px inset #808080)] [r=2 c=0 rs=1 cs=1]
                                      RenderText {#text} at (2,2) size 27x16
                                        text run at (2,2) width 27: "Cell"
                                    RenderTableCell {TD} at (35,238) size 565x20 [border: (1px inset #808080)] [r=2 c=1 rs=1 cs=1]
                                      RenderText {#text} at (2,2) size 524x16
                                        text run at (2,2) width 404: "Cell, and stuff to test out table cell layout. This should be long "
                                        text run at (405,2) width 121: "enough for testing."
                                    RenderTableCell {TD} at (602,238) size 34x20 [border: (1px inset #808080)] [r=2 c=2 rs=1 cs=1]
                                      RenderText {#text} at (2,2) size 27x16
                                        text run at (2,2) width 27: "Cell"
                          RenderTableRow {TR} at (0,136) size 681x132
                            RenderTableCell {TD} at (2,192) size 31x20 [border: (1px inset #808080)] [r=1 c=0 rs=1 cs=1]
                              RenderText {#text} at (2,2) size 27x16
                                text run at (2,2) width 27: "Cell"
                          RenderTableRow {TR} at (0,270) size 681x20
                            RenderTableCell {TD} at (2,270) size 31x20 [border: (1px inset #808080)] [r=2 c=0 rs=1 cs=1]
                              RenderText {#text} at (2,2) size 27x16
                                text run at (2,2) width 27: "Cell"
                            RenderTableCell {TD} at (35,270) size 606x20 [border: (1px inset #808080)] [r=2 c=1 rs=1 cs=1]
                              RenderText {#text} at (2,2) size 524x16
                                text run at (2,2) width 404: "Cell, and stuff to test out table cell layout. This should be long "
                                text run at (405,2) width 121: "enough for testing."
                            RenderTableCell {TD} at (643,270) size 36x20 [border: (1px inset #808080)] [r=2 c=2 rs=1 cs=1]
                              RenderText {#text} at (2,2) size 27x16
                                text run at (2,2) width 27: "Cell"
                  RenderTableRow {TR} at (0,152) size 724x148
                    RenderTableCell {TD} at (2,216) size 31x20 [border: (1px inset #808080)] [r=1 c=0 rs=1 cs=1]
                      RenderText {#text} at (2,2) size 27x16
                        text run at (2,2) width 27: "Cell"
                  RenderTableRow {TR} at (0,302) size 724x20
                    RenderTableCell {TD} at (2,302) size 31x20 [border: (1px inset #808080)] [r=2 c=0 rs=1 cs=1]
                      RenderText {#text} at (2,2) size 27x16
                        text run at (2,2) width 27: "Cell"
                    RenderTableCell {TD} at (35,302) size 646x20 [border: (1px inset #808080)] [r=2 c=1 rs=1 cs=1]
                      RenderText {#text} at (2,2) size 524x16
                        text run at (2,2) width 404: "Cell, and stuff to test out table cell layout. This should be long "
                        text run at (405,2) width 121: "enough for testing."
                    RenderTableCell {TD} at (683,302) size 39x20 [border: (1px inset #808080)] [r=2 c=2 rs=1 cs=1]
                      RenderText {#text} at (2,2) size 27x16
                        text run at (2,2) width 27: "Cell"
          RenderTableRow {TR} at (0,168) size 767x164
            RenderTableCell {TD} at (2,240) size 31x20 [border: (1px inset #808080)] [r=1 c=0 rs=1 cs=1]
              RenderText {#text} at (2,2) size 27x16
                text run at (2,2) width 27: "Cell"
          RenderTableRow {TR} at (0,334) size 767x20
            RenderTableCell {TD} at (2,334) size 31x20 [border: (1px inset #808080)] [r=2 c=0 rs=1 cs=1]
              RenderText {#text} at (2,2) size 27x16
                text run at (2,2) width 27: "Cell"
            RenderTableCell {TD} at (35,334) size 687x20 [border: (1px inset #808080)] [r=2 c=1 rs=1 cs=1]
              RenderText {#text} at (2,2) size 524x16
                text run at (2,2) width 404: "Cell, and stuff to test out table cell layout. This should be long "
                text run at (405,2) width 121: "enough for testing."
            RenderTableCell {TD} at (724,334) size 41x20 [border: (1px inset #808080)] [r=2 c=2 rs=1 cs=1]
              RenderText {#text} at (2,2) size 27x16
                text run at (2,2) width 27: "Cell"
      RenderBlock (anonymous) at (0,517.25) size 769x16
        RenderBR {BR} at (0,0) size 0x16
      RenderBlock {H2} at (0,553.16) size 769x24
        RenderText {#text} at (0,0) size 396x24
          text run at (0,0) width 396: "100% width tables nested 6 levels deep"
      RenderTable {TABLE} at (0,597.06) size 769x658 [bgcolor=#FFFF00] [border: (1px outset #808080)]
        RenderTableSection {TBODY} at (1,1) size 767x656
          RenderTableRow {TR} at (0,2) size 767x20
            RenderTableCell {TD} at (2,2) size 608x20 [border: (1px inset #808080)] [r=0 c=0 rs=1 cs=1]
              RenderText {#text} at (2,2) size 54x16
                text run at (2,2) width 54: "Cell one"
            RenderTableCell {TD} at (612,2) size 75x20 [border: (1px inset #808080)] [r=0 c=1 rs=1 cs=1]
              RenderText {#text} at (2,2) size 35x16
                text run at (2,2) width 35: "Cell2"
            RenderTableCell {TD} at (689,2) size 76x20 [border: (1px inset #808080)] [r=0 c=2 rs=1 cs=1]
              RenderText {#text} at (2,2) size 39x16
                text run at (2,2) width 39: "Cell 3"
          RenderTableRow {TR} at (0,24) size 767x20
            RenderTableCell {TD} at (2,24) size 608x20 [border: (1px inset #808080)] [r=1 c=0 rs=1 cs=1]
              RenderText {#text} at (2,2) size 39x16
                text run at (2,2) width 39: "Cell 4"
            RenderTableCell {TD} at (612,24) size 75x20 [border: (1px inset #808080)] [r=1 c=1 rs=1 cs=1]
              RenderText {#text} at (2,2) size 39x16
                text run at (2,2) width 39: "Cell 5"
            RenderTableCell {TD} at (689,24) size 76x20 [border: (1px inset #808080)] [r=1 c=2 rs=1 cs=1]
              RenderText {#text} at (2,2) size 39x16
                text run at (2,2) width 39: "Cell 6"
          RenderTableRow {TR} at (0,46) size 767x608
            RenderTableCell {TD} at (2,46) size 608x608 [border: (1px inset #808080)] [r=2 c=0 rs=1 cs=1]
              RenderTable {TABLE} at (2,2) size 604x588 [bgcolor=#D3D3D3]
                RenderTableSection {TBODY} at (0,0) size 604x588
                  RenderTableRow {TR} at (0,2) size 604x18
                    RenderTableCell {TD} at (2,2) size 17x18 [r=0 c=0 rs=1 cs=1]
                      RenderText {#text} at (1,1) size 8x16
                        text run at (1,1) width 8: "1"
                    RenderTableCell {TD} at (21,2) size 561x18 [r=0 c=1 rs=1 cs=1]
                      RenderText {#text} at (1,1) size 8x16
                        text run at (1,1) width 8: "2"
                    RenderTableCell {TD} at (584,2) size 18x18 [r=0 c=2 rs=1 cs=1]
                      RenderText {#text} at (1,1) size 8x16
                        text run at (1,1) width 8: "3"
                  RenderTableRow {TR} at (0,22) size 604x544
                    RenderTableCell {TD} at (2,285) size 17x18 [r=1 c=0 rs=1 cs=1]
                      RenderText {#text} at (1,1) size 8x16
                        text run at (1,1) width 8: "4"
                    RenderTableCell {TD} at (21,22) size 561x544 [r=1 c=1 rs=1 cs=1]
                      RenderTable {TABLE} at (1,1) size 559x526 [bgcolor=#ADD8E6] [border: (1px outset #808080)]
                        RenderTableSection {TBODY} at (1,1) size 557x524
                          RenderTableRow {TR} at (0,2) size 557x476
                            RenderTableCell {TD} at (2,230) size 21x20 [border: (1px inset #808080)] [r=0 c=0 rs=1 cs=1]
                              RenderText {#text} at (2,2) size 8x16
                                text run at (2,2) width 8: "1"
                            RenderTableCell {TD} at (25,2) size 506x476 [border: (1px inset #808080)] [r=0 c=1 rs=1 cs=1]
                              RenderTable {TABLE} at (2,2) size 502x456 [bgcolor=#FF0000] [border: (1px outset #808080)]
                                RenderTableSection {TBODY} at (1,1) size 500x454
                                  RenderTableRow {TR} at (0,2) size 500x20
                                    RenderTableCell {TD} at (2,2) size 22x20 [border: (1px inset #808080)] [r=0 c=0 rs=1 cs=1]
                                      RenderText {#text} at (2,2) size 8x16
                                        text run at (2,2) width 8: "1"
                                    RenderTableCell {TD} at (26,2) size 22x20 [border: (1px inset #808080)] [r=0 c=1 rs=1 cs=1]
                                      RenderText {#text} at (2,2) size 8x16
                                        text run at (2,2) width 8: "2"
                                    RenderTableCell {TD} at (50,2) size 399x20 [border: (1px inset #808080)] [r=0 c=2 rs=1 cs=1]
                                      RenderText {#text} at (2,2) size 8x16
                                        text run at (2,2) width 8: "3"
                                    RenderTableCell {TD} at (451,2) size 22x20 [border: (1px inset #808080)] [r=0 c=3 rs=1 cs=1]
                                      RenderText {#text} at (2,2) size 8x16
                                        text run at (2,2) width 8: "4"
                                    RenderTableCell {TD} at (475,2) size 23x20 [border: (1px inset #808080)] [r=0 c=4 rs=1 cs=1]
                                      RenderText {#text} at (2,2) size 8x16
                                        text run at (2,2) width 8: "5"
                                  RenderTableRow {TR} at (0,24) size 500x362
                                    RenderTableCell {TD} at (2,195) size 22x20 [border: (1px inset #808080)] [r=1 c=0 rs=1 cs=1]
                                      RenderText {#text} at (2,2) size 8x16
                                        text run at (2,2) width 8: "6"
                                    RenderTableCell {TD} at (26,195) size 22x20 [border: (1px inset #808080)] [r=1 c=1 rs=1 cs=1]
                                      RenderText {#text} at (2,2) size 8x16
                                        text run at (2,2) width 8: "7"
                                    RenderTableCell {TD} at (50,24) size 399x362 [border: (1px inset #808080)] [r=1 c=2 rs=1 cs=1]
                                      RenderTable {TABLE} at (2,2) size 395x342 [bgcolor=#008000] [border: (1px outset #808080)]
                                        RenderTableSection {TBODY} at (1,1) size 393x340
                                          RenderTableRow {TR} at (0,2) size 393x20
                                            RenderTableCell {TD} at (2,2) size 23x20 [border: (1px inset #808080)] [r=0 c=0 rs=1 cs=1]
                                              RenderText {#text} at (2,2) size 8x16
                                                text run at (2,2) width 8: "a"
                                            RenderTableCell {TD} at (27,2) size 23x20 [border: (1px inset #808080)] [r=0 c=1 rs=1 cs=1]
                                              RenderText {#text} at (2,2) size 8x16
                                                text run at (2,2) width 8: "b"
                                            RenderTableCell {TD} at (52,2) size 288x20 [border: (1px inset #808080)] [r=0 c=2 rs=1 cs=1]
                                              RenderText {#text} at (2,2) size 8x16
                                                text run at (2,2) width 8: "c"
                                            RenderTableCell {TD} at (342,2) size 23x20 [border: (1px inset #808080)] [r=0 c=3 rs=1 cs=1]
                                              RenderText {#text} at (2,2) size 8x16
                                                text run at (2,2) width 8: "d"
                                            RenderTableCell {TD} at (367,2) size 24x20 [border: (1px inset #808080)] [r=0 c=4 rs=1 cs=1]
                                              RenderText {#text} at (2,2) size 8x16
                                                text run at (2,2) width 8: "e"
                                          RenderTableRow {TR} at (0,24) size 393x20
                                            RenderTableCell {TD} at (2,24) size 23x20 [border: (1px inset #808080)] [r=1 c=0 rs=1 cs=1]
                                              RenderText {#text} at (2,2) size 6x16
                                                text run at (2,2) width 6: "f"
                                            RenderTableCell {TD} at (27,24) size 23x20 [border: (1px inset #808080)] [r=1 c=1 rs=1 cs=1]
                                              RenderText {#text} at (2,2) size 8x16
                                                text run at (2,2) width 8: "g"
                                            RenderTableCell {TD} at (52,24) size 288x20 [border: (1px inset #808080)] [r=1 c=2 rs=1 cs=1]
                                              RenderText {#text} at (2,2) size 8x16
                                                text run at (2,2) width 8: "h"
                                            RenderTableCell {TD} at (342,24) size 23x20 [border: (1px inset #808080)] [r=1 c=3 rs=1 cs=1]
                                              RenderText {#text} at (2,2) size 5x16
                                                text run at (2,2) width 5: "i"
                                            RenderTableCell {TD} at (367,24) size 24x20 [border: (1px inset #808080)] [r=1 c=4 rs=1 cs=1]
                                              RenderText {#text} at (2,2) size 5x16
                                                text run at (2,2) width 5: "j"
                                          RenderTableRow {TR} at (0,46) size 393x248
                                            RenderTableCell {TD} at (2,160) size 23x20 [border: (1px inset #808080)] [r=2 c=0 rs=1 cs=1]
                                              RenderText {#text} at (2,2) size 8x16
                                                text run at (2,2) width 8: "k"
                                            RenderTableCell {TD} at (27,160) size 23x20 [border: (1px inset #808080)] [r=2 c=1 rs=1 cs=1]
                                              RenderText {#text} at (2,2) size 5x16
                                                text run at (2,2) width 5: "l"
                                            RenderTableCell {TD} at (52,46) size 288x248 [border: (1px inset #808080)] [r=2 c=2 rs=1 cs=1]
                                              RenderTable {TABLE} at (2,2) size 284x228 [bgcolor=#800080] [border: (1px outset #808080)]
                                                RenderTableSection {TBODY} at (1,1) size 282x226
                                                  RenderTableRow {TR} at (0,2) size 282x20
                                                    RenderTableCell {TD} at (2,2) size 24x20 [border: (1px inset #808080)] [r=0 c=0 rs=1 cs=1]
                                                      RenderText {#text} at (2,2) size 8x16
                                                        text run at (2,2) width 8: "a"
                                                    RenderTableCell {TD} at (28,2) size 24x20 [border: (1px inset #808080)] [r=0 c=1 rs=1 cs=1]
                                                      RenderText {#text} at (2,2) size 8x16
                                                        text run at (2,2) width 8: "b"
                                                    RenderTableCell {TD} at (54,2) size 172x20 [border: (1px inset #808080)] [r=0 c=2 rs=1 cs=1]
                                                      RenderText {#text} at (2,2) size 8x16
                                                        text run at (2,2) width 8: "c"
                                                    RenderTableCell {TD} at (228,2) size 25x20 [border: (1px inset #808080)] [r=0 c=3 rs=1 cs=1]
                                                      RenderText {#text} at (2,2) size 8x16
                                                        text run at (2,2) width 8: "d"
                                                    RenderTableCell {TD} at (255,2) size 25x20 [border: (1px inset #808080)] [r=0 c=4 rs=1 cs=1]
                                                      RenderText {#text} at (2,2) size 8x16
                                                        text run at (2,2) width 8: "e"
                                                  RenderTableRow {TR} at (0,24) size 282x20
                                                    RenderTableCell {TD} at (2,24) size 24x20 [border: (1px inset #808080)] [r=1 c=0 rs=1 cs=1]
                                                      RenderText {#text} at (2,2) size 6x16
                                                        text run at (2,2) width 6: "f"
                                                    RenderTableCell {TD} at (28,24) size 24x20 [border: (1px inset #808080)] [r=1 c=1 rs=1 cs=1]
                                                      RenderText {#text} at (2,2) size 8x16
                                                        text run at (2,2) width 8: "g"
                                                    RenderTableCell {TD} at (54,24) size 172x20 [border: (1px inset #808080)] [r=1 c=2 rs=1 cs=1]
                                                      RenderText {#text} at (2,2) size 8x16
                                                        text run at (2,2) width 8: "h"
                                                    RenderTableCell {TD} at (228,24) size 25x20 [border: (1px inset #808080)] [r=1 c=3 rs=1 cs=1]
                                                      RenderText {#text} at (2,2) size 5x16
                                                        text run at (2,2) width 5: "i"
                                                    RenderTableCell {TD} at (255,24) size 25x20 [border: (1px inset #808080)] [r=1 c=4 rs=1 cs=1]
                                                      RenderText {#text} at (2,2) size 5x16
                                                        text run at (2,2) width 5: "j"
                                                  RenderTableRow {TR} at (0,46) size 282x134
                                                    RenderTableCell {TD} at (2,103) size 24x20 [border: (1px inset #808080)] [r=2 c=0 rs=1 cs=1]
                                                      RenderText {#text} at (2,2) size 8x16
                                                        text run at (2,2) width 8: "k"
                                                    RenderTableCell {TD} at (28,103) size 24x20 [border: (1px inset #808080)] [r=2 c=1 rs=1 cs=1]
                                                      RenderText {#text} at (2,2) size 5x16
                                                        text run at (2,2) width 5: "l"
                                                    RenderTableCell {TD} at (54,46) size 172x134 [border: (1px inset #808080)] [r=2 c=2 rs=1 cs=1]
                                                      RenderTable {TABLE} at (2,2) size 168x114 [bgcolor=#FFA500] [border: (1px outset #808080)]
                                                        RenderTableSection {TBODY} at (1,1) size 166x112
                                                          RenderTableRow {TR} at (0,2) size 166x20
                                                            RenderTableCell {TD} at (2,2) size 28x20 [border: (1px inset #808080)] [r=0 c=0 rs=1 cs=1]
                                                              RenderText {#text} at (2,2) size 8x16
                                                                text run at (2,2) width 8: "a"
                                                            RenderTableCell {TD} at (32,2) size 28x20 [border: (1px inset #808080)] [r=0 c=1 rs=1 cs=1]
                                                              RenderText {#text} at (2,2) size 8x16
                                                                text run at (2,2) width 8: "b"
                                                            RenderTableCell {TD} at (62,2) size 40x20 [border: (1px inset #808080)] [r=0 c=2 rs=1 cs=1]
                                                              RenderText {#text} at (2,2) size 8x16
                                                                text run at (2,2) width 8: "c"
                                                            RenderTableCell {TD} at (104,2) size 29x20 [border: (1px inset #808080)] [r=0 c=3 rs=1 cs=1]
                                                              RenderText {#text} at (2,2) size 8x16
                                                                text run at (2,2) width 8: "d"
                                                            RenderTableCell {TD} at (135,2) size 29x20 [border: (1px inset #808080)] [r=0 c=4 rs=1 cs=1]
                                                              RenderText {#text} at (2,2) size 8x16
                                                                text run at (2,2) width 8: "e"
                                                          RenderTableRow {TR} at (0,24) size 166x20
                                                            RenderTableCell {TD} at (2,24) size 28x20 [border: (1px inset #808080)] [r=1 c=0 rs=1 cs=1]
                                                              RenderText {#text} at (2,2) size 6x16
                                                                text run at (2,2) width 6: "f"
                                                            RenderTableCell {TD} at (32,24) size 28x20 [border: (1px inset #808080)] [r=1 c=1 rs=1 cs=1]
                                                              RenderText {#text} at (2,2) size 8x16
                                                                text run at (2,2) width 8: "g"
                                                            RenderTableCell {TD} at (62,24) size 40x20 [border: (1px inset #808080)] [r=1 c=2 rs=1 cs=1]
                                                              RenderText {#text} at (2,2) size 8x16
                                                                text run at (2,2) width 8: "h"
                                                            RenderTableCell {TD} at (104,24) size 29x20 [border: (1px inset #808080)] [r=1 c=3 rs=1 cs=1]
                                                              RenderText {#text} at (2,2) size 5x16
                                                                text run at (2,2) width 5: "i"
                                                            RenderTableCell {TD} at (135,24) size 29x20 [border: (1px inset #808080)] [r=1 c=4 rs=1 cs=1]
                                                              RenderText {#text} at (2,2) size 5x16
                                                                text run at (2,2) width 5: "j"
                                                          RenderTableRow {TR} at (0,46) size 166x20
                                                            RenderTableCell {TD} at (2,46) size 28x20 [border: (1px inset #808080)] [r=2 c=0 rs=1 cs=1]
                                                              RenderText {#text} at (2,2) size 8x16
                                                                text run at (2,2) width 8: "k"
                                                            RenderTableCell {TD} at (32,46) size 28x20 [border: (1px inset #808080)] [r=2 c=1 rs=1 cs=1]
                                                              RenderText {#text} at (2,2) size 5x16
                                                                text run at (2,2) width 5: "l"
                                                            RenderTableCell {TD} at (62,46) size 40x20 [border: (1px inset #808080)] [r=2 c=2 rs=1 cs=1]
                                                              RenderText {#text} at (2,2) size 13x16
                                                                text run at (2,2) width 13: "m"
                                                            RenderTableCell {TD} at (104,46) size 29x20 [border: (1px inset #808080)] [r=2 c=3 rs=1 cs=1]
                                                              RenderText {#text} at (2,2) size 8x16
                                                                text run at (2,2) width 8: "n"
                                                            RenderTableCell {TD} at (135,46) size 29x20 [border: (1px inset #808080)] [r=2 c=4 rs=1 cs=1]
                                                              RenderText {#text} at (2,2) size 8x16
                                                                text run at (2,2) width 8: "o"
                                                          RenderTableRow {TR} at (0,68) size 166x20
                                                            RenderTableCell {TD} at (2,68) size 28x20 [border: (1px inset #808080)] [r=3 c=0 rs=1 cs=1]
                                                              RenderText {#text} at (2,2) size 8x16
                                                                text run at (2,2) width 8: "p"
                                                            RenderTableCell {TD} at (32,68) size 28x20 [border: (1px inset #808080)] [r=3 c=1 rs=1 cs=1]
                                                              RenderText {#text} at (2,2) size 8x16
                                                                text run at (2,2) width 8: "q"
                                                            RenderTableCell {TD} at (62,68) size 40x20 [border: (1px inset #808080)] [r=3 c=2 rs=1 cs=1]
                                                              RenderText {#text} at (2,2) size 6x16
                                                                text run at (2,2) width 6: "r"
                                                            RenderTableCell {TD} at (104,68) size 29x20 [border: (1px inset #808080)] [r=3 c=3 rs=1 cs=1]
                                                              RenderText {#text} at (2,2) size 7x16
                                                                text run at (2,2) width 7: "s"
                                                            RenderTableCell {TD} at (135,68) size 29x20 [border: (1px inset #808080)] [r=3 c=4 rs=1 cs=1]
                                                              RenderText {#text} at (2,2) size 5x16
                                                                text run at (2,2) width 5: "t"
                                                          RenderTableRow {TR} at (0,90) size 166x20
                                                            RenderTableCell {TD} at (2,90) size 28x20 [border: (1px inset #808080)] [r=4 c=0 rs=1 cs=1]
                                                              RenderText {#text} at (2,2) size 8x16
                                                                text run at (2,2) width 8: "u"
                                                            RenderTableCell {TD} at (32,90) size 28x20 [border: (1px inset #808080)] [r=4 c=1 rs=1 cs=1]
                                                              RenderText {#text} at (2,2) size 8x16
                                                                text run at (2,2) width 8: "v"
                                                            RenderTableCell {TD} at (62,90) size 40x20 [border: (1px inset #808080)] [r=4 c=2 rs=1 cs=1]
                                                              RenderText {#text} at (2,2) size 12x16
                                                                text run at (2,2) width 12: "w"
                                                            RenderTableCell {TD} at (104,90) size 29x20 [border: (1px inset #808080)] [r=4 c=3 rs=1 cs=1]
                                                              RenderText {#text} at (2,2) size 8x16
                                                                text run at (2,2) width 8: "x"
                                                            RenderTableCell {TD} at (135,90) size 29x20 [border: (1px inset #808080)] [r=4 c=4 rs=1 cs=1]
                                                              RenderText {#text} at (2,2) size 8x16
                                                                text run at (2,2) width 8: "y"
                                                      RenderBlock (anonymous) at (2,116) size 168x16
                                                        RenderText {#text} at (0,0) size 4x16
                                                          text run at (0,0) width 4: " "
                                                    RenderTableCell {TD} at (228,103) size 25x20 [border: (1px inset #808080)] [r=2 c=3 rs=1 cs=1]
                                                      RenderText {#text} at (2,2) size 8x16
                                                        text run at (2,2) width 8: "n"
                                                    RenderTableCell {TD} at (255,103) size 25x20 [border: (1px inset #808080)] [r=2 c=4 rs=1 cs=1]
                                                      RenderText {#text} at (2,2) size 8x16
                                                        text run at (2,2) width 8: "o"
                                                  RenderTableRow {TR} at (0,182) size 282x20
                                                    RenderTableCell {TD} at (2,182) size 24x20 [border: (1px inset #808080)] [r=3 c=0 rs=1 cs=1]
                                                      RenderText {#text} at (2,2) size 8x16
                                                        text run at (2,2) width 8: "p"
                                                    RenderTableCell {TD} at (28,182) size 24x20 [border: (1px inset #808080)] [r=3 c=1 rs=1 cs=1]
                                                      RenderText {#text} at (2,2) size 8x16
                                                        text run at (2,2) width 8: "q"
                                                    RenderTableCell {TD} at (54,182) size 172x20 [border: (1px inset #808080)] [r=3 c=2 rs=1 cs=1]
                                                      RenderText {#text} at (2,2) size 6x16
                                                        text run at (2,2) width 6: "r"
                                                    RenderTableCell {TD} at (228,182) size 25x20 [border: (1px inset #808080)] [r=3 c=3 rs=1 cs=1]
                                                      RenderText {#text} at (2,2) size 7x16
                                                        text run at (2,2) width 7: "s"
                                                    RenderTableCell {TD} at (255,182) size 25x20 [border: (1px inset #808080)] [r=3 c=4 rs=1 cs=1]
                                                      RenderText {#text} at (2,2) size 5x16
                                                        text run at (2,2) width 5: "t"
                                                  RenderTableRow {TR} at (0,204) size 282x20
                                                    RenderTableCell {TD} at (2,204) size 24x20 [border: (1px inset #808080)] [r=4 c=0 rs=1 cs=1]
                                                      RenderText {#text} at (2,2) size 8x16
                                                        text run at (2,2) width 8: "u"
                                                    RenderTableCell {TD} at (28,204) size 24x20 [border: (1px inset #808080)] [r=4 c=1 rs=1 cs=1]
                                                      RenderText {#text} at (2,2) size 8x16
                                                        text run at (2,2) width 8: "v"
                                                    RenderTableCell {TD} at (54,204) size 172x20 [border: (1px inset #808080)] [r=4 c=2 rs=1 cs=1]
                                                      RenderText {#text} at (2,2) size 12x16
                                                        text run at (2,2) width 12: "w"
                                                    RenderTableCell {TD} at (228,204) size 25x20 [border: (1px inset #808080)] [r=4 c=3 rs=1 cs=1]
                                                      RenderText {#text} at (2,2) size 8x16
                                                        text run at (2,2) width 8: "x"
                                                    RenderTableCell {TD} at (255,204) size 25x20 [border: (1px inset #808080)] [r=4 c=4 rs=1 cs=1]
                                                      RenderText {#text} at (2,2) size 8x16
                                                        text run at (2,2) width 8: "y"
                                              RenderBlock (anonymous) at (2,230) size 284x16
                                                RenderText {#text} at (0,0) size 4x16
                                                  text run at (0,0) width 4: " "
                                            RenderTableCell {TD} at (342,160) size 23x20 [border: (1px inset #808080)] [r=2 c=3 rs=1 cs=1]
                                              RenderText {#text} at (2,2) size 8x16
                                                text run at (2,2) width 8: "n"
                                            RenderTableCell {TD} at (367,160) size 24x20 [border: (1px inset #808080)] [r=2 c=4 rs=1 cs=1]
                                              RenderText {#text} at (2,2) size 8x16
                                                text run at (2,2) width 8: "o"
                                          RenderTableRow {TR} at (0,296) size 393x20
                                            RenderTableCell {TD} at (2,296) size 23x20 [border: (1px inset #808080)] [r=3 c=0 rs=1 cs=1]
                                              RenderText {#text} at (2,2) size 8x16
                                                text run at (2,2) width 8: "p"
                                            RenderTableCell {TD} at (27,296) size 23x20 [border: (1px inset #808080)] [r=3 c=1 rs=1 cs=1]
                                              RenderText {#text} at (2,2) size 8x16
                                                text run at (2,2) width 8: "q"
                                            RenderTableCell {TD} at (52,296) size 288x20 [border: (1px inset #808080)] [r=3 c=2 rs=1 cs=1]
                                              RenderText {#text} at (2,2) size 6x16
                                                text run at (2,2) width 6: "r"
                                            RenderTableCell {TD} at (342,296) size 23x20 [border: (1px inset #808080)] [r=3 c=3 rs=1 cs=1]
                                              RenderText {#text} at (2,2) size 7x16
                                                text run at (2,2) width 7: "s"
                                            RenderTableCell {TD} at (367,296) size 24x20 [border: (1px inset #808080)] [r=3 c=4 rs=1 cs=1]
                                              RenderText {#text} at (2,2) size 5x16
                                                text run at (2,2) width 5: "t"
                                          RenderTableRow {TR} at (0,318) size 393x20
                                            RenderTableCell {TD} at (2,318) size 23x20 [border: (1px inset #808080)] [r=4 c=0 rs=1 cs=1]
                                              RenderText {#text} at (2,2) size 8x16
                                                text run at (2,2) width 8: "u"
                                            RenderTableCell {TD} at (27,318) size 23x20 [border: (1px inset #808080)] [r=4 c=1 rs=1 cs=1]
                                              RenderText {#text} at (2,2) size 8x16
                                                text run at (2,2) width 8: "v"
                                            RenderTableCell {TD} at (52,318) size 288x20 [border: (1px inset #808080)] [r=4 c=2 rs=1 cs=1]
                                              RenderText {#text} at (2,2) size 12x16
                                                text run at (2,2) width 12: "w"
                                            RenderTableCell {TD} at (342,318) size 23x20 [border: (1px inset #808080)] [r=4 c=3 rs=1 cs=1]
                                              RenderText {#text} at (2,2) size 8x16
                                                text run at (2,2) width 8: "x"
                                            RenderTableCell {TD} at (367,318) size 24x20 [border: (1px inset #808080)] [r=4 c=4 rs=1 cs=1]
                                              RenderText {#text} at (2,2) size 8x16
                                                text run at (2,2) width 8: "y"
                                      RenderBlock (anonymous) at (2,344) size 395x16
                                        RenderText {#text} at (0,0) size 4x16
                                          text run at (0,0) width 4: " "
                                    RenderTableCell {TD} at (451,195) size 22x20 [border: (1px inset #808080)] [r=1 c=3 rs=1 cs=1]
                                      RenderText {#text} at (2,2) size 8x16
                                        text run at (2,2) width 8: "9"
                                    RenderTableCell {TD} at (475,195) size 23x20 [border: (1px inset #808080)] [r=1 c=4 rs=1 cs=1]
                                      RenderText {#text} at (2,2) size 8x16
                                        text run at (2,2) width 8: "0"
                                  RenderTableRow {TR} at (0,388) size 500x20
                                    RenderTableCell {TD} at (2,388) size 22x20 [border: (1px inset #808080)] [r=2 c=0 rs=1 cs=1]
                                      RenderText {#text} at (2,2) size 8x16
                                        text run at (2,2) width 8: "a"
                                    RenderTableCell {TD} at (26,388) size 22x20 [border: (1px inset #808080)] [r=2 c=1 rs=1 cs=1]
                                      RenderText {#text} at (2,2) size 8x16
                                        text run at (2,2) width 8: "b"
                                    RenderTableCell {TD} at (50,388) size 399x20 [border: (1px inset #808080)] [r=2 c=2 rs=1 cs=1]
                                      RenderText {#text} at (2,2) size 8x16
                                        text run at (2,2) width 8: "c"
                                    RenderTableCell {TD} at (451,388) size 22x20 [border: (1px inset #808080)] [r=2 c=3 rs=1 cs=1]
                                      RenderText {#text} at (2,2) size 8x16
                                        text run at (2,2) width 8: "d"
                                    RenderTableCell {TD} at (475,388) size 23x20 [border: (1px inset #808080)] [r=2 c=4 rs=1 cs=1]
                                      RenderText {#text} at (2,2) size 8x16
                                        text run at (2,2) width 8: "e"
                                  RenderTableRow {TR} at (0,410) size 500x20
                                    RenderTableCell {TD} at (2,410) size 22x20 [border: (1px inset #808080)] [r=3 c=0 rs=1 cs=1]
                                      RenderText {#text} at (2,2) size 6x16
                                        text run at (2,2) width 6: "f"
                                    RenderTableCell {TD} at (26,410) size 22x20 [border: (1px inset #808080)] [r=3 c=1 rs=1 cs=1]
                                      RenderText {#text} at (2,2) size 8x16
                                        text run at (2,2) width 8: "g"
                                    RenderTableCell {TD} at (50,410) size 399x20 [border: (1px inset #808080)] [r=3 c=2 rs=1 cs=1]
                                      RenderText {#text} at (2,2) size 8x16
                                        text run at (2,2) width 8: "h"
                                    RenderTableCell {TD} at (451,410) size 22x20 [border: (1px inset #808080)] [r=3 c=3 rs=1 cs=1]
                                      RenderText {#text} at (2,2) size 5x16
                                        text run at (2,2) width 5: "i"
                                    RenderTableCell {TD} at (475,410) size 23x20 [border: (1px inset #808080)] [r=3 c=4 rs=1 cs=1]
                                      RenderText {#text} at (2,2) size 5x16
                                        text run at (2,2) width 5: "j"
                                  RenderTableRow {TR} at (0,432) size 500x20
                                    RenderTableCell {TD} at (2,432) size 22x20 [border: (1px inset #808080)] [r=4 c=0 rs=1 cs=1]
                                      RenderText {#text} at (2,2) size 8x16
                                        text run at (2,2) width 8: "k"
                                    RenderTableCell {TD} at (26,432) size 22x20 [border: (1px inset #808080)] [r=4 c=1 rs=1 cs=1]
                                      RenderText {#text} at (2,2) size 5x16
                                        text run at (2,2) width 5: "l"
                                    RenderTableCell {TD} at (50,432) size 399x20 [border: (1px inset #808080)] [r=4 c=2 rs=1 cs=1]
                                      RenderText {#text} at (2,2) size 13x16
                                        text run at (2,2) width 13: "m"
                                    RenderTableCell {TD} at (451,432) size 22x20 [border: (1px inset #808080)] [r=4 c=3 rs=1 cs=1]
                                      RenderText {#text} at (2,2) size 8x16
                                        text run at (2,2) width 8: "n"
                                    RenderTableCell {TD} at (475,432) size 23x20 [border: (1px inset #808080)] [r=4 c=4 rs=1 cs=1]
                                      RenderText {#text} at (2,2) size 8x16
                                        text run at (2,2) width 8: "o"
                              RenderBlock (anonymous) at (2,458) size 502x16
                                RenderText {#text} at (0,0) size 4x16
                                  text run at (0,0) width 4: " "
                            RenderTableCell {TD} at (533,230) size 22x20 [border: (1px inset #808080)] [r=0 c=2 rs=1 cs=1]
                              RenderText {#text} at (2,2) size 8x16
                                text run at (2,2) width 8: "3"
                          RenderTableRow {TR} at (0,480) size 557x20
                            RenderTableCell {TD} at (2,480) size 21x20 [border: (1px inset #808080)] [r=1 c=0 rs=1 cs=1]
                              RenderText {#text} at (2,2) size 8x16
                                text run at (2,2) width 8: "4"
                            RenderTableCell {TD} at (25,480) size 506x20 [border: (1px inset #808080)] [r=1 c=1 rs=1 cs=1]
                              RenderText {#text} at (2,2) size 8x16
                                text run at (2,2) width 8: "5"
                            RenderTableCell {TD} at (533,480) size 22x20 [border: (1px inset #808080)] [r=1 c=2 rs=1 cs=1]
                              RenderText {#text} at (2,2) size 8x16
                                text run at (2,2) width 8: "6"
                          RenderTableRow {TR} at (0,502) size 557x20
                            RenderTableCell {TD} at (2,502) size 21x20 [border: (1px inset #808080)] [r=2 c=0 rs=1 cs=1]
                              RenderText {#text} at (2,2) size 8x16
                                text run at (2,2) width 8: "7"
                            RenderTableCell {TD} at (25,502) size 506x20 [border: (1px inset #808080)] [r=2 c=1 rs=1 cs=1]
                              RenderText {#text} at (2,2) size 8x16
                                text run at (2,2) width 8: "8"
                            RenderTableCell {TD} at (533,502) size 22x20 [border: (1px inset #808080)] [r=2 c=2 rs=1 cs=1]
                              RenderText {#text} at (2,2) size 8x16
                                text run at (2,2) width 8: "9"
                      RenderBlock (anonymous) at (1,527) size 559x16
                        RenderText {#text} at (0,0) size 4x16
                          text run at (0,0) width 4: " "
                    RenderTableCell {TD} at (584,285) size 18x18 [r=1 c=2 rs=1 cs=1]
                      RenderText {#text} at (1,1) size 8x16
                        text run at (1,1) width 8: "6"
                  RenderTableRow {TR} at (0,568) size 604x18
                    RenderTableCell {TD} at (2,568) size 17x18 [r=2 c=0 rs=1 cs=1]
                      RenderText {#text} at (1,1) size 8x16
                        text run at (1,1) width 8: "7"
                    RenderTableCell {TD} at (21,568) size 561x18 [r=2 c=1 rs=1 cs=1]
                      RenderText {#text} at (1,1) size 8x16
                        text run at (1,1) width 8: "8"
                    RenderTableCell {TD} at (584,568) size 18x18 [r=2 c=2 rs=1 cs=1]
                      RenderText {#text} at (1,1) size 8x16
                        text run at (1,1) width 8: "9"
              RenderBlock (anonymous) at (2,590) size 604x16
                RenderText {#text} at (0,0) size 4x16
                  text run at (0,0) width 4: " "
            RenderTableCell {TD} at (612,340) size 75x20 [border: (1px inset #808080)] [r=2 c=1 rs=1 cs=1]
              RenderText {#text} at (2,2) size 8x16
                text run at (2,2) width 8: "8"
            RenderTableCell {TD} at (689,340) size 76x20 [border: (1px inset #808080)] [r=2 c=2 rs=1 cs=1]
              RenderText {#text} at (2,2) size 8x16
                text run at (2,2) width 8: "9"
