layer at (0,0) size 785x2341
  RenderView at (0,0) size 785x600
layer at (0,0) size 785x2341
  RenderBlock {HTML} at (0,0) size 785x2341.44
    RenderBody {BODY} at (8,8) size 769x2317.44 [bgcolor=#FFDEAD]
      RenderBlock {H1} at (0,0) size 769x64
        RenderInline {FONT} at (0,0) size 475x64 [color=#FF0000]
          RenderText {#text} at (0,0) size 297x32
            text run at (0,0) width 297: "Acceptance Test Case"
          RenderBR {BR} at (296,24) size 1x0
          RenderText {#text} at (0,32) size 475x32
            text run at (0,32) width 475: "Web Browser: Web View (HTML)"
      RenderBlock {P} at (0,85.44) size 769x24
        RenderInline {FONT} at (0,0) size 357x24 [color=#FF0000]
          RenderInline {B} at (0,0) size 357x24
            RenderText {#text} at (0,0) size 357x24
              text run at (0,0) width 357: "Table: <TH> & <TD> ROWSPAN"
        RenderText {#text} at (0,0) size 0x0
      RenderBlock {HR} at (0,125.44) size 769x2 [border: (1px inset #EEEEEE)]
      RenderBlock (anonymous) at (0,135.44) size 769x48
        RenderText {#text} at (0,0) size 277x16
          text run at (0,0) width 277: "This acceptance test case tests the optional "
        RenderInline {B} at (0,0) size 43x16
          RenderText {#text} at (276,0) size 43x16
            text run at (276,0) width 43: "<TH>"
        RenderText {#text} at (318,0) size 21x16
          text run at (318,0) width 21: " & "
        RenderInline {B} at (0,0) size 42x16
          RenderText {#text} at (338,0) size 42x16
            text run at (338,0) width 42: "<TD>"
        RenderText {#text} at (379,0) size 28x16
          text run at (379,0) width 28: " tag "
        RenderInline {B} at (0,0) size 83x16
          RenderText {#text} at (406,0) size 83x16
            text run at (406,0) width 83: "ROWSPAN"
        RenderText {#text} at (488,0) size 740x32
          text run at (488,0) width 109: " attribute which, "
          text run at (596,0) width 144: "when placed in a table"
          text run at (0,16) width 564: "header or data tag, specifies how many rows the table header or data cell will span. The "
        RenderInline {B} at (0,0) size 83x16
          RenderText {#text} at (563,16) size 83x16
            text run at (563,16) width 83: "ROWSPAN"
        RenderText {#text} at (645,16) size 756x32
          text run at (645,16) width 111: " attribute is set to"
          text run at (0,32) width 494: "an integer value equal the number of rows the table header or data cell spans."
      RenderBlock {P} at (0,199.44) size 769x16
        RenderInline {B} at (0,0) size 122x16
          RenderText {#text} at (0,0) size 122x16
            text run at (0,0) width 122: "Test Instructions:"
        RenderText {#text} at (0,0) size 0x0
      RenderBlock {OL} at (0,231.44) size 769x226
        RenderListItem {LI} at (40,0) size 729x16
          RenderListMarker at (-20,0) size 16x16: "1"
          RenderText {#text} at (0,0) size 511x16
            text run at (0,0) width 511: "Verify that the sample text displays as stated in each of the following test cases:"
        RenderBlock {P} at (40,32) size 729x98
          RenderTable {TABLE} at (0,0) size 533x98 [bgcolor=#F08080]
            RenderTableSection {TBODY} at (0,0) size 533x98
              RenderTableRow {TR} at (0,2) size 533x30
                RenderTableCell {TD} at (2,2) size 97x30 [r=0 c=0 rs=1 cs=1]
                  RenderInline {A} at (0,0) size 83x16 [color=#0000EE]
                    RenderText {#text} at (7,7) size 83x16
                      text run at (7,7) width 83: "Test Case #1"
                RenderTableCell {TD} at (101,2) size 430x30 [r=0 c=1 rs=1 cs=1]
                  RenderInline {FONT} at (0,0) size 317x16 [color=#0000FF]
                    RenderInline {B} at (0,0) size 317x16
                      RenderText {#text} at (7,7) size 317x16
                        text run at (7,7) width 317: "table with header cells spanning multiple rows"
              RenderTableRow {TR} at (0,34) size 533x30
                RenderTableCell {TD} at (2,34) size 97x30 [r=1 c=0 rs=1 cs=1]
                  RenderInline {A} at (0,0) size 83x16 [color=#0000EE]
                    RenderText {#text} at (7,7) size 83x16
                      text run at (7,7) width 83: "Test Case #2"
                RenderTableCell {TD} at (101,34) size 430x30 [r=1 c=1 rs=1 cs=1]
                  RenderInline {FONT} at (0,0) size 300x16 [color=#0000FF]
                    RenderInline {B} at (0,0) size 300x16
                      RenderText {#text} at (7,7) size 300x16
                        text run at (7,7) width 300: "table with data cells spanning multiple rows"
              RenderTableRow {TR} at (0,66) size 533x30
                RenderTableCell {TD} at (2,66) size 97x30 [r=2 c=0 rs=1 cs=1]
                  RenderInline {A} at (0,0) size 83x16 [color=#0000EE]
                    RenderText {#text} at (7,7) size 83x16
                      text run at (7,7) width 83: "Test Case #3"
                RenderTableCell {TD} at (101,66) size 430x30 [r=2 c=1 rs=1 cs=1]
                  RenderInline {FONT} at (0,0) size 416x16 [color=#0000FF]
                    RenderInline {B} at (0,0) size 416x16
                      RenderText {#text} at (7,7) size 416x16
                        text run at (7,7) width 416: "table with nested header & data cells spanning multiple rows"
        RenderBlock {P} at (40,146) size 729x0
        RenderListItem {LI} at (40,146) size 729x16
          RenderListMarker at (-20,0) size 16x16: "2"
          RenderText {#text} at (0,0) size 289x16
            text run at (0,0) width 289: "Verify that the table is maintained when you "
          RenderInline {B} at (0,0) size 135x16
            RenderText {#text} at (288,0) size 135x16
              text run at (288,0) width 135: "minimize/maximize"
          RenderText {#text} at (422,0) size 73x16
            text run at (422,0) width 73: " the screen."
        RenderListItem {LI} at (40,162) size 729x16
          RenderListMarker at (-20,0) size 16x16: "3"
          RenderText {#text} at (0,0) size 289x16
            text run at (0,0) width 289: "Verify that the table is maintained when you "
          RenderInline {B} at (0,0) size 127x16
            RenderText {#text} at (288,0) size 127x16
              text run at (288,0) width 127: "re-size left & right"
          RenderText {#text} at (414,0) size 73x16
            text run at (414,0) width 73: " the screen."
        RenderListItem {LI} at (40,178) size 729x16
          RenderListMarker at (-20,0) size 16x16: "4"
          RenderText {#text} at (0,0) size 289x16
            text run at (0,0) width 289: "Verify that the table is maintained when you "
          RenderInline {B} at (0,0) size 142x16
            RenderText {#text} at (288,0) size 142x16
              text run at (288,0) width 142: "re-size top & bottom"
          RenderText {#text} at (429,0) size 74x16
            text run at (429,0) width 74: " the screen."
        RenderListItem {LI} at (40,194) size 729x16
          RenderListMarker at (-20,0) size 16x16: "5"
          RenderText {#text} at (0,0) size 418x16
            text run at (0,0) width 418: "Verify re-draw takes place correctly after maximizing the screen."
        RenderListItem {LI} at (40,210) size 729x16
          RenderListMarker at (-20,0) size 16x16: "6"
          RenderText {#text} at (0,0) size 133x16
            text run at (0,0) width 133: "Verify reload works."
      RenderBlock {HR} at (0,473.44) size 769x2 [border: (1px inset #EEEEEE)]
      RenderBlock {P} at (0,491.44) size 769x57
        RenderTable {TABLE} at (0,0) size 653x57 [bgcolor=#F08080] [border: (1px outset #808080)]
          RenderTableSection {TBODY} at (1,1) size 651x55
            RenderTableRow {TR} at (0,2) size 651x51
              RenderTableCell {TH} at (2,2) size 647x51 [border: (1px inset #808080)] [r=0 c=0 rs=1 cs=1]
                RenderInline {A} at (0,0) size 0x0
                RenderText {#text} at (11,11) size 96x16
                  text run at (11,11) width 96: "Test Case #1: "
                RenderInline {FONT} at (0,0) size 317x16 [color=#0000FF]
                  RenderText {#text} at (106,11) size 317x16
                    text run at (106,11) width 317: "table with header cells spanning multiple rows"
                RenderText {#text} at (423,11) size 4x16
                  text run at (423,11) width 4: " "
                RenderInline {FONT} at (0,0) size 590x27
                  RenderInline {I} at (0,0) size 590x27
                    RenderText {#text} at (427,13) size 590x27
                      text run at (427,13) width 174: "(using <TH ROWSPAN=integer"
                      text run at (11,27) width 61: "value> tag)"
                RenderText {#text} at (0,0) size 0x0
      RenderBlock {P} at (0,564.44) size 769x124
        RenderBlock (anonymous) at (0,0) size 769x16
          RenderBR {BR} at (0,0) size 0x16
        RenderTable {TABLE} at (0,16) size 692x108 [bgcolor=#FFD700] [border: (1px outset #808080)]
          RenderTableSection {TBODY} at (1,1) size 690x106
            RenderTableRow {TR} at (0,2) size 690x102
              RenderTableCell {TD} at (2,2) size 686x102 [border: (1px inset #808080)] [r=0 c=0 rs=1 cs=1]
                RenderInline {FONT} at (0,0) size 649x80 [color=#FF0000]
                  RenderInline {B} at (0,0) size 649x80
                    RenderText {#text} at (11,11) size 361x16
                      text run at (11,11) width 361: "In the following sample table you should see that the "
                    RenderInline {FONT} at (0,0) size 83x16 [color=#0000FF]
                      RenderText {#text} at (371,11) size 83x16
                        text run at (371,11) width 83: "ROWSPAN"
                    RenderText {#text} at (453,11) size 633x32
                      text run at (453,11) width 5: " "
                      text run at (457,11) width 187: "attribute applies an integer"
                      text run at (11,27) width 263: "value equal to the number of rows the "
                    RenderInline {FONT} at (0,0) size 69x16 [color=#0000FF]
                      RenderText {#text} at (273,27) size 69x16
                        text run at (273,27) width 69: "HEADER"
                    RenderText {#text} at (341,27) size 649x64
                      text run at (341,27) width 139: " cell is to span. This "
                      text run at (479,27) width 172: "tells the browser to make"
                      text run at (11,43) width 636: "the table header cell occupy the same vertical space as the integer number of cells specified in"
                      text run at (11,59) width 37: "rows "
                      text run at (47,59) width 613: "above or below it. The browser flows the contents of the spanning cell to occupy the entire"
                      text run at (11,75) width 103: "spanned space."
      RenderBlock {P} at (0,704.44) size 769x32
        RenderBR {BR} at (0,0) size 0x16
        RenderBR {BR} at (0,16) size 0x16
      RenderBlock {UL} at (0,752.44) size 769x240
        RenderTable {TABLE} at (40,0) size 473x240 [border: (1px outset #808080)]
          RenderBlock {CAPTION} at (0,0) size 473x16
            RenderText {#text} at (94,0) size 42x16
              text run at (94,0) width 42: "Table "
            RenderInline {B} at (0,0) size 89x16
              RenderText {#text} at (135,0) size 89x16
                text run at (135,0) width 89: "Header Cells"
            RenderText {#text} at (223,0) size 156x16
              text run at (223,0) width 156: " spanning multiple rows"
          RenderTableSection {TBODY} at (1,17) size 471x222
            RenderTableRow {TR} at (0,2) size 471x20
              RenderTableCell {TH} at (2,5) size 98x36 [bgcolor=#FFE4C4] [border: (1px inset #808080)] [r=0 c=0 rs=2 cs=1]
                RenderText {#text} at (17,2) size 64x16
                  text run at (17,2) width 64: "Header 1"
                RenderBR {BR} at (80,14) size 1x0
                RenderText {#text} at (5,18) size 88x16
                  text run at (5,18) width 88: "span=2 rows"
              RenderTableCell {TD} at (102,2) size 39x20 [bgcolor=#EE82EE] [border: (1px inset #808080)] [r=0 c=1 rs=1 cs=1]
                RenderText {#text} at (2,2) size 32x16
                  text run at (2,2) width 32: "col 1"
              RenderTableCell {TD} at (143,2) size 39x20 [bgcolor=#EE82EE] [border: (1px inset #808080)] [r=0 c=2 rs=1 cs=1]
                RenderText {#text} at (2,2) size 32x16
                  text run at (2,2) width 32: "col 2"
              RenderTableCell {TD} at (184,2) size 39x20 [bgcolor=#EE82EE] [border: (1px inset #808080)] [r=0 c=3 rs=1 cs=1]
                RenderText {#text} at (2,2) size 32x16
                  text run at (2,2) width 32: "col 3"
              RenderTableCell {TD} at (225,2) size 39x20 [bgcolor=#EE82EE] [border: (1px inset #808080)] [r=0 c=4 rs=1 cs=1]
                RenderText {#text} at (2,2) size 32x16
                  text run at (2,2) width 32: "col 4"
              RenderTableCell {TD} at (266,2) size 39x20 [bgcolor=#EE82EE] [border: (1px inset #808080)] [r=0 c=5 rs=1 cs=1]
                RenderText {#text} at (2,2) size 32x16
                  text run at (2,2) width 32: "col 5"
              RenderTableCell {TD} at (307,2) size 39x20 [bgcolor=#EE82EE] [border: (1px inset #808080)] [r=0 c=6 rs=1 cs=1]
                RenderText {#text} at (2,2) size 32x16
                  text run at (2,2) width 32: "col 6"
              RenderTableCell {TD} at (348,2) size 39x20 [bgcolor=#EE82EE] [border: (1px inset #808080)] [r=0 c=7 rs=1 cs=1]
                RenderText {#text} at (2,2) size 32x16
                  text run at (2,2) width 32: "col 7"
              RenderTableCell {TD} at (389,2) size 39x20 [bgcolor=#EE82EE] [border: (1px inset #808080)] [r=0 c=8 rs=1 cs=1]
                RenderText {#text} at (2,2) size 32x16
                  text run at (2,2) width 32: "col 8"
              RenderTableCell {TD} at (430,2) size 39x20 [bgcolor=#EE82EE] [border: (1px inset #808080)] [r=0 c=9 rs=1 cs=1]
                RenderText {#text} at (2,2) size 32x16
                  text run at (2,2) width 32: "col 9"
            RenderTableRow {TR} at (0,24) size 471x20
              RenderTableCell {TD} at (102,24) size 39x20 [bgcolor=#EE82EE] [border: (1px inset #808080)] [r=1 c=1 rs=1 cs=1]
                RenderText {#text} at (2,2) size 32x16
                  text run at (2,2) width 32: "col 1"
              RenderTableCell {TD} at (143,24) size 39x20 [bgcolor=#EE82EE] [border: (1px inset #808080)] [r=1 c=2 rs=1 cs=1]
                RenderText {#text} at (2,2) size 32x16
                  text run at (2,2) width 32: "col 2"
              RenderTableCell {TD} at (184,24) size 39x20 [bgcolor=#EE82EE] [border: (1px inset #808080)] [r=1 c=3 rs=1 cs=1]
                RenderText {#text} at (2,2) size 32x16
                  text run at (2,2) width 32: "col 3"
              RenderTableCell {TD} at (225,24) size 39x20 [bgcolor=#EE82EE] [border: (1px inset #808080)] [r=1 c=4 rs=1 cs=1]
                RenderText {#text} at (2,2) size 32x16
                  text run at (2,2) width 32: "col 4"
              RenderTableCell {TD} at (266,24) size 39x20 [bgcolor=#EE82EE] [border: (1px inset #808080)] [r=1 c=5 rs=1 cs=1]
                RenderText {#text} at (2,2) size 32x16
                  text run at (2,2) width 32: "col 5"
              RenderTableCell {TD} at (307,24) size 39x20 [bgcolor=#EE82EE] [border: (1px inset #808080)] [r=1 c=6 rs=1 cs=1]
                RenderText {#text} at (2,2) size 32x16
                  text run at (2,2) width 32: "col 6"
              RenderTableCell {TD} at (348,24) size 39x20 [bgcolor=#EE82EE] [border: (1px inset #808080)] [r=1 c=7 rs=1 cs=1]
                RenderText {#text} at (2,2) size 32x16
                  text run at (2,2) width 32: "col 7"
              RenderTableCell {TD} at (389,24) size 39x20 [bgcolor=#EE82EE] [border: (1px inset #808080)] [r=1 c=8 rs=1 cs=1]
                RenderText {#text} at (2,2) size 32x16
                  text run at (2,2) width 32: "col 8"
              RenderTableCell {TD} at (430,24) size 39x20 [bgcolor=#EE82EE] [border: (1px inset #808080)] [r=1 c=9 rs=1 cs=1]
                RenderText {#text} at (2,2) size 32x16
                  text run at (2,2) width 32: "col 9"
            RenderTableRow {TR} at (0,46) size 471x20
              RenderTableCell {TH} at (2,82) size 98x36 [bgcolor=#FFE4C4] [border: (1px inset #808080)] [r=2 c=0 rs=5 cs=1]
                RenderText {#text} at (17,2) size 64x16
                  text run at (17,2) width 64: "Header 2"
                RenderBR {BR} at (80,14) size 1x0
                RenderText {#text} at (5,18) size 88x16
                  text run at (5,18) width 88: "span=5 rows"
              RenderTableCell {TD} at (102,46) size 39x20 [bgcolor=#90EE90] [border: (1px inset #808080)] [r=2 c=1 rs=1 cs=1]
                RenderText {#text} at (2,2) size 32x16
                  text run at (2,2) width 32: "col 1"
              RenderTableCell {TD} at (143,46) size 39x20 [bgcolor=#90EE90] [border: (1px inset #808080)] [r=2 c=2 rs=1 cs=1]
                RenderText {#text} at (2,2) size 32x16
                  text run at (2,2) width 32: "col 2"
              RenderTableCell {TD} at (184,46) size 39x20 [bgcolor=#90EE90] [border: (1px inset #808080)] [r=2 c=3 rs=1 cs=1]
                RenderText {#text} at (2,2) size 32x16
                  text run at (2,2) width 32: "col 3"
              RenderTableCell {TD} at (225,46) size 39x20 [bgcolor=#90EE90] [border: (1px inset #808080)] [r=2 c=4 rs=1 cs=1]
                RenderText {#text} at (2,2) size 32x16
                  text run at (2,2) width 32: "col 4"
              RenderTableCell {TD} at (266,46) size 39x20 [bgcolor=#90EE90] [border: (1px inset #808080)] [r=2 c=5 rs=1 cs=1]
                RenderText {#text} at (2,2) size 32x16
                  text run at (2,2) width 32: "col 5"
              RenderTableCell {TD} at (307,46) size 39x20 [bgcolor=#90EE90] [border: (1px inset #808080)] [r=2 c=6 rs=1 cs=1]
                RenderText {#text} at (2,2) size 32x16
                  text run at (2,2) width 32: "col 6"
              RenderTableCell {TD} at (348,46) size 39x20 [bgcolor=#90EE90] [border: (1px inset #808080)] [r=2 c=7 rs=1 cs=1]
                RenderText {#text} at (2,2) size 32x16
                  text run at (2,2) width 32: "col 7"
              RenderTableCell {TD} at (389,46) size 39x20 [bgcolor=#90EE90] [border: (1px inset #808080)] [r=2 c=8 rs=1 cs=1]
                RenderText {#text} at (2,2) size 32x16
                  text run at (2,2) width 32: "col 8"
              RenderTableCell {TD} at (430,46) size 39x20 [bgcolor=#90EE90] [border: (1px inset #808080)] [r=2 c=9 rs=1 cs=1]
                RenderText {#text} at (2,2) size 32x16
                  text run at (2,2) width 32: "col 9"
            RenderTableRow {TR} at (0,68) size 471x20
              RenderTableCell {TD} at (102,68) size 39x20 [bgcolor=#90EE90] [border: (1px inset #808080)] [r=3 c=1 rs=1 cs=1]
                RenderText {#text} at (2,2) size 32x16
                  text run at (2,2) width 32: "col 1"
              RenderTableCell {TD} at (143,68) size 39x20 [bgcolor=#90EE90] [border: (1px inset #808080)] [r=3 c=2 rs=1 cs=1]
                RenderText {#text} at (2,2) size 32x16
                  text run at (2,2) width 32: "col 2"
              RenderTableCell {TD} at (184,68) size 39x20 [bgcolor=#90EE90] [border: (1px inset #808080)] [r=3 c=3 rs=1 cs=1]
                RenderText {#text} at (2,2) size 32x16
                  text run at (2,2) width 32: "col 3"
              RenderTableCell {TD} at (225,68) size 39x20 [bgcolor=#90EE90] [border: (1px inset #808080)] [r=3 c=4 rs=1 cs=1]
                RenderText {#text} at (2,2) size 32x16
                  text run at (2,2) width 32: "col 4"
              RenderTableCell {TD} at (266,68) size 39x20 [bgcolor=#90EE90] [border: (1px inset #808080)] [r=3 c=5 rs=1 cs=1]
                RenderText {#text} at (2,2) size 32x16
                  text run at (2,2) width 32: "col 5"
              RenderTableCell {TD} at (307,68) size 39x20 [bgcolor=#90EE90] [border: (1px inset #808080)] [r=3 c=6 rs=1 cs=1]
                RenderText {#text} at (2,2) size 32x16
                  text run at (2,2) width 32: "col 6"
              RenderTableCell {TD} at (348,68) size 39x20 [bgcolor=#90EE90] [border: (1px inset #808080)] [r=3 c=7 rs=1 cs=1]
                RenderText {#text} at (2,2) size 32x16
                  text run at (2,2) width 32: "col 7"
              RenderTableCell {TD} at (389,68) size 39x20 [bgcolor=#90EE90] [border: (1px inset #808080)] [r=3 c=8 rs=1 cs=1]
                RenderText {#text} at (2,2) size 32x16
                  text run at (2,2) width 32: "col 8"
              RenderTableCell {TD} at (430,68) size 39x20 [bgcolor=#90EE90] [border: (1px inset #808080)] [r=3 c=9 rs=1 cs=1]
                RenderText {#text} at (2,2) size 32x16
                  text run at (2,2) width 32: "col 9"
            RenderTableRow {TR} at (0,90) size 471x20 [bgcolor=#FFE4C4]
              RenderTableCell {TD} at (102,90) size 39x20 [bgcolor=#90EE90] [border: (1px inset #808080)] [r=4 c=1 rs=1 cs=1]
                RenderText {#text} at (2,2) size 32x16
                  text run at (2,2) width 32: "col 1"
              RenderTableCell {TD} at (143,90) size 39x20 [bgcolor=#90EE90] [border: (1px inset #808080)] [r=4 c=2 rs=1 cs=1]
                RenderText {#text} at (2,2) size 32x16
                  text run at (2,2) width 32: "col 2"
              RenderTableCell {TD} at (184,90) size 39x20 [bgcolor=#90EE90] [border: (1px inset #808080)] [r=4 c=3 rs=1 cs=1]
                RenderText {#text} at (2,2) size 32x16
                  text run at (2,2) width 32: "col 3"
              RenderTableCell {TD} at (225,90) size 39x20 [bgcolor=#90EE90] [border: (1px inset #808080)] [r=4 c=4 rs=1 cs=1]
                RenderText {#text} at (2,2) size 32x16
                  text run at (2,2) width 32: "col 4"
              RenderTableCell {TD} at (266,90) size 39x20 [bgcolor=#90EE90] [border: (1px inset #808080)] [r=4 c=5 rs=1 cs=1]
                RenderText {#text} at (2,2) size 32x16
                  text run at (2,2) width 32: "col 5"
              RenderTableCell {TD} at (307,90) size 39x20 [bgcolor=#90EE90] [border: (1px inset #808080)] [r=4 c=6 rs=1 cs=1]
                RenderText {#text} at (2,2) size 32x16
                  text run at (2,2) width 32: "col 6"
              RenderTableCell {TD} at (348,90) size 39x20 [bgcolor=#90EE90] [border: (1px inset #808080)] [r=4 c=7 rs=1 cs=1]
                RenderText {#text} at (2,2) size 32x16
                  text run at (2,2) width 32: "col 7"
              RenderTableCell {TD} at (389,90) size 39x20 [bgcolor=#90EE90] [border: (1px inset #808080)] [r=4 c=8 rs=1 cs=1]
                RenderText {#text} at (2,2) size 32x16
                  text run at (2,2) width 32: "col 8"
              RenderTableCell {TD} at (430,90) size 39x20 [bgcolor=#90EE90] [border: (1px inset #808080)] [r=4 c=9 rs=1 cs=1]
                RenderText {#text} at (2,2) size 32x16
                  text run at (2,2) width 32: "col 9"
            RenderTableRow {TR} at (0,112) size 471x20
              RenderTableCell {TD} at (102,112) size 39x20 [bgcolor=#90EE90] [border: (1px inset #808080)] [r=5 c=1 rs=1 cs=1]
                RenderText {#text} at (2,2) size 32x16
                  text run at (2,2) width 32: "col 1"
              RenderTableCell {TD} at (143,112) size 39x20 [bgcolor=#90EE90] [border: (1px inset #808080)] [r=5 c=2 rs=1 cs=1]
                RenderText {#text} at (2,2) size 32x16
                  text run at (2,2) width 32: "col 2"
              RenderTableCell {TD} at (184,112) size 39x20 [bgcolor=#90EE90] [border: (1px inset #808080)] [r=5 c=3 rs=1 cs=1]
                RenderText {#text} at (2,2) size 32x16
                  text run at (2,2) width 32: "col 3"
              RenderTableCell {TD} at (225,112) size 39x20 [bgcolor=#90EE90] [border: (1px inset #808080)] [r=5 c=4 rs=1 cs=1]
                RenderText {#text} at (2,2) size 32x16
                  text run at (2,2) width 32: "col 4"
              RenderTableCell {TD} at (266,112) size 39x20 [bgcolor=#90EE90] [border: (1px inset #808080)] [r=5 c=5 rs=1 cs=1]
                RenderText {#text} at (2,2) size 32x16
                  text run at (2,2) width 32: "col 5"
              RenderTableCell {TD} at (307,112) size 39x20 [bgcolor=#90EE90] [border: (1px inset #808080)] [r=5 c=6 rs=1 cs=1]
                RenderText {#text} at (2,2) size 32x16
                  text run at (2,2) width 32: "col 6"
              RenderTableCell {TD} at (348,112) size 39x20 [bgcolor=#90EE90] [border: (1px inset #808080)] [r=5 c=7 rs=1 cs=1]
                RenderText {#text} at (2,2) size 32x16
                  text run at (2,2) width 32: "col 7"
              RenderTableCell {TD} at (389,112) size 39x20 [bgcolor=#90EE90] [border: (1px inset #808080)] [r=5 c=8 rs=1 cs=1]
                RenderText {#text} at (2,2) size 32x16
                  text run at (2,2) width 32: "col 8"
              RenderTableCell {TD} at (430,112) size 39x20 [bgcolor=#90EE90] [border: (1px inset #808080)] [r=5 c=9 rs=1 cs=1]
                RenderText {#text} at (2,2) size 32x16
                  text run at (2,2) width 32: "col 9"
            RenderTableRow {TR} at (0,134) size 471x20
              RenderTableCell {TD} at (102,134) size 39x20 [bgcolor=#90EE90] [border: (1px inset #808080)] [r=6 c=1 rs=1 cs=1]
                RenderText {#text} at (2,2) size 32x16
                  text run at (2,2) width 32: "col 1"
              RenderTableCell {TD} at (143,134) size 39x20 [bgcolor=#90EE90] [border: (1px inset #808080)] [r=6 c=2 rs=1 cs=1]
                RenderText {#text} at (2,2) size 32x16
                  text run at (2,2) width 32: "col 2"
              RenderTableCell {TD} at (184,134) size 39x20 [bgcolor=#90EE90] [border: (1px inset #808080)] [r=6 c=3 rs=1 cs=1]
                RenderText {#text} at (2,2) size 32x16
                  text run at (2,2) width 32: "col 3"
              RenderTableCell {TD} at (225,134) size 39x20 [bgcolor=#90EE90] [border: (1px inset #808080)] [r=6 c=4 rs=1 cs=1]
                RenderText {#text} at (2,2) size 32x16
                  text run at (2,2) width 32: "col 4"
              RenderTableCell {TD} at (266,134) size 39x20 [bgcolor=#90EE90] [border: (1px inset #808080)] [r=6 c=5 rs=1 cs=1]
                RenderText {#text} at (2,2) size 32x16
                  text run at (2,2) width 32: "col 5"
              RenderTableCell {TD} at (307,134) size 39x20 [bgcolor=#90EE90] [border: (1px inset #808080)] [r=6 c=6 rs=1 cs=1]
                RenderText {#text} at (2,2) size 32x16
                  text run at (2,2) width 32: "col 6"
              RenderTableCell {TD} at (348,134) size 39x20 [bgcolor=#90EE90] [border: (1px inset #808080)] [r=6 c=7 rs=1 cs=1]
                RenderText {#text} at (2,2) size 32x16
                  text run at (2,2) width 32: "col 7"
              RenderTableCell {TD} at (389,134) size 39x20 [bgcolor=#90EE90] [border: (1px inset #808080)] [r=6 c=8 rs=1 cs=1]
                RenderText {#text} at (2,2) size 32x16
                  text run at (2,2) width 32: "col 8"
              RenderTableCell {TD} at (430,134) size 39x20 [bgcolor=#90EE90] [border: (1px inset #808080)] [r=6 c=9 rs=1 cs=1]
                RenderText {#text} at (2,2) size 32x16
                  text run at (2,2) width 32: "col 9"
            RenderTableRow {TR} at (0,156) size 471x20
              RenderTableCell {TH} at (2,170) size 98x36 [bgcolor=#FFE4C4] [border: (1px inset #808080)] [r=7 c=0 rs=3 cs=1]
                RenderText {#text} at (17,2) size 64x16
                  text run at (17,2) width 64: "Header 3"
                RenderBR {BR} at (80,14) size 1x0
                RenderText {#text} at (5,18) size 88x16
                  text run at (5,18) width 88: "span=3 rows"
              RenderTableCell {TD} at (102,156) size 39x20 [bgcolor=#ADD8E6] [border: (1px inset #808080)] [r=7 c=1 rs=1 cs=1]
                RenderText {#text} at (2,2) size 32x16
                  text run at (2,2) width 32: "col 1"
              RenderTableCell {TD} at (143,156) size 39x20 [bgcolor=#ADD8E6] [border: (1px inset #808080)] [r=7 c=2 rs=1 cs=1]
                RenderText {#text} at (2,2) size 32x16
                  text run at (2,2) width 32: "col 2"
              RenderTableCell {TD} at (184,156) size 39x20 [bgcolor=#ADD8E6] [border: (1px inset #808080)] [r=7 c=3 rs=1 cs=1]
                RenderText {#text} at (2,2) size 32x16
                  text run at (2,2) width 32: "col 3"
              RenderTableCell {TD} at (225,156) size 39x20 [bgcolor=#ADD8E6] [border: (1px inset #808080)] [r=7 c=4 rs=1 cs=1]
                RenderText {#text} at (2,2) size 32x16
                  text run at (2,2) width 32: "col 4"
              RenderTableCell {TD} at (266,156) size 39x20 [bgcolor=#ADD8E6] [border: (1px inset #808080)] [r=7 c=5 rs=1 cs=1]
                RenderText {#text} at (2,2) size 32x16
                  text run at (2,2) width 32: "col 5"
              RenderTableCell {TD} at (307,156) size 39x20 [bgcolor=#ADD8E6] [border: (1px inset #808080)] [r=7 c=6 rs=1 cs=1]
                RenderText {#text} at (2,2) size 32x16
                  text run at (2,2) width 32: "col 6"
              RenderTableCell {TD} at (348,156) size 39x20 [bgcolor=#ADD8E6] [border: (1px inset #808080)] [r=7 c=7 rs=1 cs=1]
                RenderText {#text} at (2,2) size 32x16
                  text run at (2,2) width 32: "col 7"
              RenderTableCell {TD} at (389,156) size 39x20 [bgcolor=#ADD8E6] [border: (1px inset #808080)] [r=7 c=8 rs=1 cs=1]
                RenderText {#text} at (2,2) size 32x16
                  text run at (2,2) width 32: "col 8"
              RenderTableCell {TD} at (430,156) size 39x20 [bgcolor=#ADD8E6] [border: (1px inset #808080)] [r=7 c=9 rs=1 cs=1]
                RenderText {#text} at (2,2) size 32x16
                  text run at (2,2) width 32: "col 9"
            RenderTableRow {TR} at (0,178) size 471x20
              RenderTableCell {TD} at (102,178) size 39x20 [bgcolor=#ADD8E6] [border: (1px inset #808080)] [r=8 c=1 rs=1 cs=1]
                RenderText {#text} at (2,2) size 32x16
                  text run at (2,2) width 32: "col 1"
              RenderTableCell {TD} at (143,178) size 39x20 [bgcolor=#ADD8E6] [border: (1px inset #808080)] [r=8 c=2 rs=1 cs=1]
                RenderText {#text} at (2,2) size 32x16
                  text run at (2,2) width 32: "col 2"
              RenderTableCell {TD} at (184,178) size 39x20 [bgcolor=#ADD8E6] [border: (1px inset #808080)] [r=8 c=3 rs=1 cs=1]
                RenderText {#text} at (2,2) size 32x16
                  text run at (2,2) width 32: "col 3"
              RenderTableCell {TD} at (225,178) size 39x20 [bgcolor=#ADD8E6] [border: (1px inset #808080)] [r=8 c=4 rs=1 cs=1]
                RenderText {#text} at (2,2) size 32x16
                  text run at (2,2) width 32: "col 4"
              RenderTableCell {TD} at (266,178) size 39x20 [bgcolor=#ADD8E6] [border: (1px inset #808080)] [r=8 c=5 rs=1 cs=1]
                RenderText {#text} at (2,2) size 32x16
                  text run at (2,2) width 32: "col 5"
              RenderTableCell {TD} at (307,178) size 39x20 [bgcolor=#ADD8E6] [border: (1px inset #808080)] [r=8 c=6 rs=1 cs=1]
                RenderText {#text} at (2,2) size 32x16
                  text run at (2,2) width 32: "col 6"
              RenderTableCell {TD} at (348,178) size 39x20 [bgcolor=#ADD8E6] [border: (1px inset #808080)] [r=8 c=7 rs=1 cs=1]
                RenderText {#text} at (2,2) size 32x16
                  text run at (2,2) width 32: "col 7"
              RenderTableCell {TD} at (389,178) size 39x20 [bgcolor=#ADD8E6] [border: (1px inset #808080)] [r=8 c=8 rs=1 cs=1]
                RenderText {#text} at (2,2) size 32x16
                  text run at (2,2) width 32: "col 8"
              RenderTableCell {TD} at (430,178) size 39x20 [bgcolor=#ADD8E6] [border: (1px inset #808080)] [r=8 c=9 rs=1 cs=1]
                RenderText {#text} at (2,2) size 32x16
                  text run at (2,2) width 32: "col 9"
            RenderTableRow {TR} at (0,200) size 471x20
              RenderTableCell {TD} at (102,200) size 39x20 [bgcolor=#ADD8E6] [border: (1px inset #808080)] [r=9 c=1 rs=1 cs=1]
                RenderText {#text} at (2,2) size 32x16
                  text run at (2,2) width 32: "col 1"
              RenderTableCell {TD} at (143,200) size 39x20 [bgcolor=#ADD8E6] [border: (1px inset #808080)] [r=9 c=2 rs=1 cs=1]
                RenderText {#text} at (2,2) size 32x16
                  text run at (2,2) width 32: "col 2"
              RenderTableCell {TD} at (184,200) size 39x20 [bgcolor=#ADD8E6] [border: (1px inset #808080)] [r=9 c=3 rs=1 cs=1]
                RenderText {#text} at (2,2) size 32x16
                  text run at (2,2) width 32: "col 3"
              RenderTableCell {TD} at (225,200) size 39x20 [bgcolor=#ADD8E6] [border: (1px inset #808080)] [r=9 c=4 rs=1 cs=1]
                RenderText {#text} at (2,2) size 32x16
                  text run at (2,2) width 32: "col 4"
              RenderTableCell {TD} at (266,200) size 39x20 [bgcolor=#ADD8E6] [border: (1px inset #808080)] [r=9 c=5 rs=1 cs=1]
                RenderText {#text} at (2,2) size 32x16
                  text run at (2,2) width 32: "col 5"
              RenderTableCell {TD} at (307,200) size 39x20 [bgcolor=#ADD8E6] [border: (1px inset #808080)] [r=9 c=6 rs=1 cs=1]
                RenderText {#text} at (2,2) size 32x16
                  text run at (2,2) width 32: "col 6"
              RenderTableCell {TD} at (348,200) size 39x20 [bgcolor=#ADD8E6] [border: (1px inset #808080)] [r=9 c=7 rs=1 cs=1]
                RenderText {#text} at (2,2) size 32x16
                  text run at (2,2) width 32: "col 7"
              RenderTableCell {TD} at (389,200) size 39x20 [bgcolor=#ADD8E6] [border: (1px inset #808080)] [r=9 c=8 rs=1 cs=1]
                RenderText {#text} at (2,2) size 32x16
                  text run at (2,2) width 32: "col 8"
              RenderTableCell {TD} at (430,200) size 39x20 [bgcolor=#ADD8E6] [border: (1px inset #808080)] [r=9 c=9 rs=1 cs=1]
                RenderText {#text} at (2,2) size 32x16
                  text run at (2,2) width 32: "col 9"
      RenderBlock {P} at (0,1008.44) size 769x0
      RenderBlock {HR} at (0,1008.44) size 769x2 [border: (1px inset #EEEEEE)]
      RenderBlock {P} at (0,1026.44) size 769x57
        RenderTable {TABLE} at (0,0) size 653x57 [bgcolor=#F08080] [border: (1px outset #808080)]
          RenderTableSection {TBODY} at (1,1) size 651x55
            RenderTableRow {TR} at (0,2) size 651x51
              RenderTableCell {TH} at (2,2) size 647x51 [border: (1px inset #808080)] [r=0 c=0 rs=1 cs=1]
                RenderInline {A} at (0,0) size 0x0
                RenderText {#text} at (11,11) size 96x16
                  text run at (11,11) width 96: "Test Case #2: "
                RenderInline {FONT} at (0,0) size 301x16 [color=#0000FF]
                  RenderText {#text} at (106,11) size 301x16
                    text run at (106,11) width 301: "table with data cells spanning multiple rows"
                RenderText {#text} at (406,11) size 5x16
                  text run at (406,11) width 5: " "
                RenderInline {FONT} at (0,0) size 612x27
                  RenderInline {I} at (0,0) size 612x27
                    RenderText {#text} at (410,13) size 612x27
                      text run at (410,13) width 213: "(using <TD ROWSPAN=integer value>"
                      text run at (11,27) width 21: "tag)"
                RenderText {#text} at (0,0) size 0x0
      RenderBlock {P} at (0,1099.44) size 769x124
        RenderBlock (anonymous) at (0,0) size 769x16
          RenderBR {BR} at (0,0) size 0x16
        RenderTable {TABLE} at (0,16) size 692x108 [bgcolor=#FFD700] [border: (1px outset #808080)]
          RenderTableSection {TBODY} at (1,1) size 690x106
            RenderTableRow {TR} at (0,2) size 690x102
              RenderTableCell {TD} at (2,2) size 686x102 [border: (1px inset #808080)] [r=0 c=0 rs=1 cs=1]
                RenderInline {FONT} at (0,0) size 642x80 [color=#FF0000]
                  RenderInline {B} at (0,0) size 642x80
                    RenderText {#text} at (11,11) size 361x16
                      text run at (11,11) width 361: "In the following sample table you should see that the "
                    RenderInline {FONT} at (0,0) size 83x16 [color=#0000FF]
                      RenderText {#text} at (371,11) size 83x16
                        text run at (371,11) width 83: "ROWSPAN"
                    RenderText {#text} at (453,11) size 633x32
                      text run at (453,11) width 5: " "
                      text run at (457,11) width 187: "attribute applies an integer"
                      text run at (11,27) width 263: "value equal to the number of rows the "
                    RenderInline {FONT} at (0,0) size 46x16 [color=#0000FF]
                      RenderText {#text} at (273,27) size 46x16
                        text run at (273,27) width 46: "DATA"
                    RenderText {#text} at (318,27) size 642x64
                      text run at (318,27) width 138: " cell is to span. This "
                      text run at (455,27) width 198: "tells the browser to make the"
                      text run at (11,43) width 631: "table data cell occupy the same vertical space as the integer number of cells specified in rows"
                      text run at (11,59) width 612: "above or below it. The browser flows the contents of the spanning cell to occupy the entire"
                      text run at (11,75) width 103: "spanned space."
      RenderBlock {P} at (0,1239.44) size 769x32
        RenderBR {BR} at (0,0) size 0x16
        RenderBR {BR} at (0,16) size 0x16
      RenderBlock {UL} at (0,1287.44) size 769x400
        RenderTable {TABLE} at (40,0) size 473x400 [border: (1px outset #808080)]
          RenderBlock {CAPTION} at (0,0) size 473x16
            RenderText {#text} at (103,0) size 42x16
              text run at (103,0) width 42: "Table "
            RenderInline {B} at (0,0) size 71x16
              RenderText {#text} at (144,0) size 71x16
                text run at (144,0) width 71: "Data Cells"
            RenderText {#text} at (214,0) size 156x16
              text run at (214,0) width 156: " spanning multiple rows"
          RenderTableSection {TBODY} at (1,17) size 471x382
            RenderTableRow {TR} at (0,2) size 471x36
              RenderTableCell {TH} at (2,10) size 41x20 [bgcolor=#EE82EE] [border: (1px inset #808080)] [r=0 c=0 rs=1 cs=1]
                RenderText {#text} at (2,2) size 37x16
                  text run at (2,2) width 37: "Head"
              RenderTableCell {TD} at (45,13) size 85x52 [bgcolor=#FFFACD] [border: (1px inset #808080)] [r=0 c=1 rs=2 cs=1]
                RenderText {#text} at (2,2) size 43x16
                  text run at (2,2) width 43: "Data 1"
                RenderBR {BR} at (44,14) size 1x0
                RenderText {#text} at (2,18) size 47x32
                  text run at (2,18) width 47: "span=2"
                  text run at (2,34) width 32: "rows"
              RenderTableCell {TD} at (132,2) size 35x36 [bgcolor=#EE82EE] [border: (1px inset #808080)] [r=0 c=2 rs=1 cs=1]
                RenderText {#text} at (2,2) size 20x32
                  text run at (2,2) width 20: "col"
                  text run at (2,18) width 8: "1"
              RenderTableCell {TD} at (169,2) size 35x36 [bgcolor=#EE82EE] [border: (1px inset #808080)] [r=0 c=3 rs=1 cs=1]
                RenderText {#text} at (2,2) size 20x32
                  text run at (2,2) width 20: "col"
                  text run at (2,18) width 8: "2"
              RenderTableCell {TD} at (206,2) size 35x36 [bgcolor=#EE82EE] [border: (1px inset #808080)] [r=0 c=4 rs=1 cs=1]
                RenderText {#text} at (2,2) size 20x32
                  text run at (2,2) width 20: "col"
                  text run at (2,18) width 8: "3"
              RenderTableCell {TD} at (243,10) size 36x20 [bgcolor=#EE82EE] [border: (1px inset #808080)] [r=0 c=5 rs=1 cs=1]
                RenderText {#text} at (2,2) size 32x16
                  text run at (2,2) width 32: "col 4"
              RenderTableCell {TD} at (281,10) size 36x20 [bgcolor=#EE82EE] [border: (1px inset #808080)] [r=0 c=6 rs=1 cs=1]
                RenderText {#text} at (2,2) size 32x16
                  text run at (2,2) width 32: "col 5"
              RenderTableCell {TD} at (319,10) size 36x20 [bgcolor=#EE82EE] [border: (1px inset #808080)] [r=0 c=7 rs=1 cs=1]
                RenderText {#text} at (2,2) size 32x16
                  text run at (2,2) width 32: "col 6"
              RenderTableCell {TD} at (357,10) size 36x20 [bgcolor=#EE82EE] [border: (1px inset #808080)] [r=0 c=8 rs=1 cs=1]
                RenderText {#text} at (2,2) size 32x16
                  text run at (2,2) width 32: "col 7"
              RenderTableCell {TD} at (395,10) size 36x20 [bgcolor=#EE82EE] [border: (1px inset #808080)] [r=0 c=9 rs=1 cs=1]
                RenderText {#text} at (2,2) size 32x16
                  text run at (2,2) width 32: "col 8"
              RenderTableCell {TD} at (433,10) size 36x20 [bgcolor=#EE82EE] [border: (1px inset #808080)] [r=0 c=10 rs=1 cs=1]
                RenderText {#text} at (2,2) size 32x16
                  text run at (2,2) width 32: "col 9"
            RenderTableRow {TR} at (0,40) size 471x36
              RenderTableCell {TH} at (2,48) size 41x20 [bgcolor=#EE82EE] [border: (1px inset #808080)] [r=1 c=0 rs=1 cs=1]
                RenderText {#text} at (2,2) size 37x16
                  text run at (2,2) width 37: "Head"
              RenderTableCell {TD} at (132,40) size 35x36 [bgcolor=#EE82EE] [border: (1px inset #808080)] [r=1 c=2 rs=1 cs=1]
                RenderText {#text} at (2,2) size 20x32
                  text run at (2,2) width 20: "col"
                  text run at (2,18) width 8: "1"
              RenderTableCell {TD} at (169,40) size 35x36 [bgcolor=#EE82EE] [border: (1px inset #808080)] [r=1 c=3 rs=1 cs=1]
                RenderText {#text} at (2,2) size 20x32
                  text run at (2,2) width 20: "col"
                  text run at (2,18) width 8: "2"
              RenderTableCell {TD} at (206,40) size 35x36 [bgcolor=#EE82EE] [border: (1px inset #808080)] [r=1 c=4 rs=1 cs=1]
                RenderText {#text} at (2,2) size 20x32
                  text run at (2,2) width 20: "col"
                  text run at (2,18) width 8: "3"
              RenderTableCell {TD} at (243,48) size 36x20 [bgcolor=#EE82EE] [border: (1px inset #808080)] [r=1 c=5 rs=1 cs=1]
                RenderText {#text} at (2,2) size 32x16
                  text run at (2,2) width 32: "col 4"
              RenderTableCell {TD} at (281,48) size 36x20 [bgcolor=#EE82EE] [border: (1px inset #808080)] [r=1 c=6 rs=1 cs=1]
                RenderText {#text} at (2,2) size 32x16
                  text run at (2,2) width 32: "col 5"
              RenderTableCell {TD} at (319,48) size 36x20 [bgcolor=#EE82EE] [border: (1px inset #808080)] [r=1 c=7 rs=1 cs=1]
                RenderText {#text} at (2,2) size 32x16
                  text run at (2,2) width 32: "col 6"
              RenderTableCell {TD} at (357,48) size 36x20 [bgcolor=#EE82EE] [border: (1px inset #808080)] [r=1 c=8 rs=1 cs=1]
                RenderText {#text} at (2,2) size 32x16
                  text run at (2,2) width 32: "col 7"
              RenderTableCell {TD} at (395,48) size 36x20 [bgcolor=#EE82EE] [border: (1px inset #808080)] [r=1 c=9 rs=1 cs=1]
                RenderText {#text} at (2,2) size 32x16
                  text run at (2,2) width 32: "col 8"
              RenderTableCell {TD} at (433,48) size 36x20 [bgcolor=#EE82EE] [border: (1px inset #808080)] [r=1 c=10 rs=1 cs=1]
                RenderText {#text} at (2,2) size 32x16
                  text run at (2,2) width 32: "col 9"
            RenderTableRow {TR} at (0,78) size 471x36
              RenderTableCell {TH} at (2,86) size 41x20 [bgcolor=#90EE90] [border: (1px inset #808080)] [r=2 c=0 rs=1 cs=1]
                RenderText {#text} at (2,2) size 37x16
                  text run at (2,2) width 37: "Head"
              RenderTableCell {TD} at (45,146) size 85x52 [bgcolor=#FFFACD] [border: (1px inset #808080)] [r=2 c=1 rs=5 cs=1]
                RenderText {#text} at (2,2) size 43x16
                  text run at (2,2) width 43: "Data 2"
                RenderBR {BR} at (44,14) size 1x0
                RenderText {#text} at (2,18) size 47x32
                  text run at (2,18) width 47: "span=5"
                  text run at (2,34) width 32: "rows"
              RenderTableCell {TD} at (132,78) size 35x36 [bgcolor=#90EE90] [border: (1px inset #808080)] [r=2 c=2 rs=1 cs=1]
                RenderText {#text} at (2,2) size 20x32
                  text run at (2,2) width 20: "col"
                  text run at (2,18) width 8: "1"
              RenderTableCell {TD} at (169,78) size 35x36 [bgcolor=#90EE90] [border: (1px inset #808080)] [r=2 c=3 rs=1 cs=1]
                RenderText {#text} at (2,2) size 20x32
                  text run at (2,2) width 20: "col"
                  text run at (2,18) width 8: "2"
              RenderTableCell {TD} at (206,78) size 35x36 [bgcolor=#90EE90] [border: (1px inset #808080)] [r=2 c=4 rs=1 cs=1]
                RenderText {#text} at (2,2) size 20x32
                  text run at (2,2) width 20: "col"
                  text run at (2,18) width 8: "3"
              RenderTableCell {TD} at (243,86) size 36x20 [bgcolor=#90EE90] [border: (1px inset #808080)] [r=2 c=5 rs=1 cs=1]
                RenderText {#text} at (2,2) size 32x16
                  text run at (2,2) width 32: "col 4"
              RenderTableCell {TD} at (281,86) size 36x20 [bgcolor=#90EE90] [border: (1px inset #808080)] [r=2 c=6 rs=1 cs=1]
                RenderText {#text} at (2,2) size 32x16
                  text run at (2,2) width 32: "col 5"
              RenderTableCell {TD} at (319,86) size 36x20 [bgcolor=#90EE90] [border: (1px inset #808080)] [r=2 c=7 rs=1 cs=1]
                RenderText {#text} at (2,2) size 32x16
                  text run at (2,2) width 32: "col 6"
              RenderTableCell {TD} at (357,86) size 36x20 [bgcolor=#90EE90] [border: (1px inset #808080)] [r=2 c=8 rs=1 cs=1]
                RenderText {#text} at (2,2) size 32x16
                  text run at (2,2) width 32: "col 7"
              RenderTableCell {TD} at (395,86) size 36x20 [bgcolor=#90EE90] [border: (1px inset #808080)] [r=2 c=9 rs=1 cs=1]
                RenderText {#text} at (2,2) size 32x16
                  text run at (2,2) width 32: "col 8"
              RenderTableCell {TD} at (433,86) size 36x20 [bgcolor=#90EE90] [border: (1px inset #808080)] [r=2 c=10 rs=1 cs=1]
                RenderText {#text} at (2,2) size 32x16
                  text run at (2,2) width 32: "col 9"
            RenderTableRow {TR} at (0,116) size 471x36
              RenderTableCell {TH} at (2,124) size 41x20 [bgcolor=#90EE90] [border: (1px inset #808080)] [r=3 c=0 rs=1 cs=1]
                RenderText {#text} at (2,2) size 37x16
                  text run at (2,2) width 37: "Head"
              RenderTableCell {TD} at (132,116) size 35x36 [bgcolor=#90EE90] [border: (1px inset #808080)] [r=3 c=2 rs=1 cs=1]
                RenderText {#text} at (2,2) size 20x32
                  text run at (2,2) width 20: "col"
                  text run at (2,18) width 8: "1"
              RenderTableCell {TD} at (169,116) size 35x36 [bgcolor=#90EE90] [border: (1px inset #808080)] [r=3 c=3 rs=1 cs=1]
                RenderText {#text} at (2,2) size 20x32
                  text run at (2,2) width 20: "col"
                  text run at (2,18) width 8: "2"
              RenderTableCell {TD} at (206,116) size 35x36 [bgcolor=#90EE90] [border: (1px inset #808080)] [r=3 c=4 rs=1 cs=1]
                RenderText {#text} at (2,2) size 20x32
                  text run at (2,2) width 20: "col"
                  text run at (2,18) width 8: "3"
              RenderTableCell {TD} at (243,124) size 36x20 [bgcolor=#90EE90] [border: (1px inset #808080)] [r=3 c=5 rs=1 cs=1]
                RenderText {#text} at (2,2) size 32x16
                  text run at (2,2) width 32: "col 4"
              RenderTableCell {TD} at (281,124) size 36x20 [bgcolor=#90EE90] [border: (1px inset #808080)] [r=3 c=6 rs=1 cs=1]
                RenderText {#text} at (2,2) size 32x16
                  text run at (2,2) width 32: "col 5"
              RenderTableCell {TD} at (319,124) size 36x20 [bgcolor=#90EE90] [border: (1px inset #808080)] [r=3 c=7 rs=1 cs=1]
                RenderText {#text} at (2,2) size 32x16
                  text run at (2,2) width 32: "col 6"
              RenderTableCell {TD} at (357,124) size 36x20 [bgcolor=#90EE90] [border: (1px inset #808080)] [r=3 c=8 rs=1 cs=1]
                RenderText {#text} at (2,2) size 32x16
                  text run at (2,2) width 32: "col 7"
              RenderTableCell {TD} at (395,124) size 36x20 [bgcolor=#90EE90] [border: (1px inset #808080)] [r=3 c=9 rs=1 cs=1]
                RenderText {#text} at (2,2) size 32x16
                  text run at (2,2) width 32: "col 8"
              RenderTableCell {TD} at (433,124) size 36x20 [bgcolor=#90EE90] [border: (1px inset #808080)] [r=3 c=10 rs=1 cs=1]
                RenderText {#text} at (2,2) size 32x16
                  text run at (2,2) width 32: "col 9"
            RenderTableRow {TR} at (0,154) size 471x36
              RenderTableCell {TH} at (2,162) size 41x20 [bgcolor=#90EE90] [border: (1px inset #808080)] [r=4 c=0 rs=1 cs=1]
                RenderText {#text} at (2,2) size 37x16
                  text run at (2,2) width 37: "Head"
              RenderTableCell {TD} at (132,154) size 35x36 [bgcolor=#90EE90] [border: (1px inset #808080)] [r=4 c=2 rs=1 cs=1]
                RenderText {#text} at (2,2) size 20x32
                  text run at (2,2) width 20: "col"
                  text run at (2,18) width 8: "1"
              RenderTableCell {TD} at (169,154) size 35x36 [bgcolor=#90EE90] [border: (1px inset #808080)] [r=4 c=3 rs=1 cs=1]
                RenderText {#text} at (2,2) size 20x32
                  text run at (2,2) width 20: "col"
                  text run at (2,18) width 8: "2"
              RenderTableCell {TD} at (206,154) size 35x36 [bgcolor=#90EE90] [border: (1px inset #808080)] [r=4 c=4 rs=1 cs=1]
                RenderText {#text} at (2,2) size 20x32
                  text run at (2,2) width 20: "col"
                  text run at (2,18) width 8: "3"
              RenderTableCell {TD} at (243,162) size 36x20 [bgcolor=#90EE90] [border: (1px inset #808080)] [r=4 c=5 rs=1 cs=1]
                RenderText {#text} at (2,2) size 32x16
                  text run at (2,2) width 32: "col 4"
              RenderTableCell {TD} at (281,162) size 36x20 [bgcolor=#90EE90] [border: (1px inset #808080)] [r=4 c=6 rs=1 cs=1]
                RenderText {#text} at (2,2) size 32x16
                  text run at (2,2) width 32: "col 5"
              RenderTableCell {TD} at (319,162) size 36x20 [bgcolor=#90EE90] [border: (1px inset #808080)] [r=4 c=7 rs=1 cs=1]
                RenderText {#text} at (2,2) size 32x16
                  text run at (2,2) width 32: "col 6"
              RenderTableCell {TD} at (357,162) size 36x20 [bgcolor=#90EE90] [border: (1px inset #808080)] [r=4 c=8 rs=1 cs=1]
                RenderText {#text} at (2,2) size 32x16
                  text run at (2,2) width 32: "col 7"
              RenderTableCell {TD} at (395,162) size 36x20 [bgcolor=#90EE90] [border: (1px inset #808080)] [r=4 c=9 rs=1 cs=1]
                RenderText {#text} at (2,2) size 32x16
                  text run at (2,2) width 32: "col 8"
              RenderTableCell {TD} at (433,162) size 36x20 [bgcolor=#90EE90] [border: (1px inset #808080)] [r=4 c=10 rs=1 cs=1]
                RenderText {#text} at (2,2) size 32x16
                  text run at (2,2) width 32: "col 9"
            RenderTableRow {TR} at (0,192) size 471x36
              RenderTableCell {TH} at (2,200) size 41x20 [bgcolor=#90EE90] [border: (1px inset #808080)] [r=5 c=0 rs=1 cs=1]
                RenderText {#text} at (2,2) size 37x16
                  text run at (2,2) width 37: "Head"
              RenderTableCell {TD} at (132,192) size 35x36 [bgcolor=#90EE90] [border: (1px inset #808080)] [r=5 c=2 rs=1 cs=1]
                RenderText {#text} at (2,2) size 20x32
                  text run at (2,2) width 20: "col"
                  text run at (2,18) width 8: "1"
              RenderTableCell {TD} at (169,192) size 35x36 [bgcolor=#90EE90] [border: (1px inset #808080)] [r=5 c=3 rs=1 cs=1]
                RenderText {#text} at (2,2) size 20x32
                  text run at (2,2) width 20: "col"
                  text run at (2,18) width 8: "2"
              RenderTableCell {TD} at (206,192) size 35x36 [bgcolor=#90EE90] [border: (1px inset #808080)] [r=5 c=4 rs=1 cs=1]
                RenderText {#text} at (2,2) size 20x32
                  text run at (2,2) width 20: "col"
                  text run at (2,18) width 8: "3"
              RenderTableCell {TD} at (243,200) size 36x20 [bgcolor=#90EE90] [border: (1px inset #808080)] [r=5 c=5 rs=1 cs=1]
                RenderText {#text} at (2,2) size 32x16
                  text run at (2,2) width 32: "col 4"
              RenderTableCell {TD} at (281,200) size 36x20 [bgcolor=#90EE90] [border: (1px inset #808080)] [r=5 c=6 rs=1 cs=1]
                RenderText {#text} at (2,2) size 32x16
                  text run at (2,2) width 32: "col 5"
              RenderTableCell {TD} at (319,200) size 36x20 [bgcolor=#90EE90] [border: (1px inset #808080)] [r=5 c=7 rs=1 cs=1]
                RenderText {#text} at (2,2) size 32x16
                  text run at (2,2) width 32: "col 6"
              RenderTableCell {TD} at (357,200) size 36x20 [bgcolor=#90EE90] [border: (1px inset #808080)] [r=5 c=8 rs=1 cs=1]
                RenderText {#text} at (2,2) size 32x16
                  text run at (2,2) width 32: "col 7"
              RenderTableCell {TD} at (395,200) size 36x20 [bgcolor=#90EE90] [border: (1px inset #808080)] [r=5 c=9 rs=1 cs=1]
                RenderText {#text} at (2,2) size 32x16
                  text run at (2,2) width 32: "col 8"
              RenderTableCell {TD} at (433,200) size 36x20 [bgcolor=#90EE90] [border: (1px inset #808080)] [r=5 c=10 rs=1 cs=1]
                RenderText {#text} at (2,2) size 32x16
                  text run at (2,2) width 32: "col 9"
            RenderTableRow {TR} at (0,230) size 471x36
              RenderTableCell {TH} at (2,238) size 41x20 [bgcolor=#90EE90] [border: (1px inset #808080)] [r=6 c=0 rs=1 cs=1]
                RenderText {#text} at (2,2) size 37x16
                  text run at (2,2) width 37: "Head"
              RenderTableCell {TD} at (132,230) size 35x36 [bgcolor=#90EE90] [border: (1px inset #808080)] [r=6 c=2 rs=1 cs=1]
                RenderText {#text} at (2,2) size 20x32
                  text run at (2,2) width 20: "col"
                  text run at (2,18) width 8: "1"
              RenderTableCell {TD} at (169,230) size 35x36 [bgcolor=#90EE90] [border: (1px inset #808080)] [r=6 c=3 rs=1 cs=1]
                RenderText {#text} at (2,2) size 20x32
                  text run at (2,2) width 20: "col"
                  text run at (2,18) width 8: "2"
              RenderTableCell {TD} at (206,230) size 35x36 [bgcolor=#90EE90] [border: (1px inset #808080)] [r=6 c=4 rs=1 cs=1]
                RenderText {#text} at (2,2) size 20x32
                  text run at (2,2) width 20: "col"
                  text run at (2,18) width 8: "3"
              RenderTableCell {TD} at (243,238) size 36x20 [bgcolor=#90EE90] [border: (1px inset #808080)] [r=6 c=5 rs=1 cs=1]
                RenderText {#text} at (2,2) size 32x16
                  text run at (2,2) width 32: "col 4"
              RenderTableCell {TD} at (281,238) size 36x20 [bgcolor=#90EE90] [border: (1px inset #808080)] [r=6 c=6 rs=1 cs=1]
                RenderText {#text} at (2,2) size 32x16
                  text run at (2,2) width 32: "col 5"
              RenderTableCell {TD} at (319,238) size 36x20 [bgcolor=#90EE90] [border: (1px inset #808080)] [r=6 c=7 rs=1 cs=1]
                RenderText {#text} at (2,2) size 32x16
                  text run at (2,2) width 32: "col 6"
              RenderTableCell {TD} at (357,238) size 36x20 [bgcolor=#90EE90] [border: (1px inset #808080)] [r=6 c=8 rs=1 cs=1]
                RenderText {#text} at (2,2) size 32x16
                  text run at (2,2) width 32: "col 7"
              RenderTableCell {TD} at (395,238) size 36x20 [bgcolor=#90EE90] [border: (1px inset #808080)] [r=6 c=9 rs=1 cs=1]
                RenderText {#text} at (2,2) size 32x16
                  text run at (2,2) width 32: "col 8"
              RenderTableCell {TD} at (433,238) size 36x20 [bgcolor=#90EE90] [border: (1px inset #808080)] [r=6 c=10 rs=1 cs=1]
                RenderText {#text} at (2,2) size 32x16
                  text run at (2,2) width 32: "col 9"
            RenderTableRow {TR} at (0,268) size 471x36
              RenderTableCell {TH} at (2,276) size 41x20 [bgcolor=#ADD8E6] [border: (1px inset #808080)] [r=7 c=0 rs=1 cs=1]
                RenderText {#text} at (2,2) size 37x16
                  text run at (2,2) width 37: "Head"
              RenderTableCell {TD} at (45,298) size 85x52 [bgcolor=#FFFACD] [border: (1px inset #808080)] [r=7 c=1 rs=3 cs=1]
                RenderText {#text} at (2,2) size 43x16
                  text run at (2,2) width 43: "Data 3"
                RenderBR {BR} at (44,14) size 1x0
                RenderText {#text} at (2,18) size 47x32
                  text run at (2,18) width 47: "span=3"
                  text run at (2,34) width 32: "rows"
              RenderTableCell {TD} at (132,268) size 35x36 [bgcolor=#ADD8E6] [border: (1px inset #808080)] [r=7 c=2 rs=1 cs=1]
                RenderText {#text} at (2,2) size 20x32
                  text run at (2,2) width 20: "col"
                  text run at (2,18) width 8: "1"
              RenderTableCell {TD} at (169,268) size 35x36 [bgcolor=#ADD8E6] [border: (1px inset #808080)] [r=7 c=3 rs=1 cs=1]
                RenderText {#text} at (2,2) size 20x32
                  text run at (2,2) width 20: "col"
                  text run at (2,18) width 8: "2"
              RenderTableCell {TD} at (206,268) size 35x36 [bgcolor=#ADD8E6] [border: (1px inset #808080)] [r=7 c=4 rs=1 cs=1]
                RenderText {#text} at (2,2) size 20x32
                  text run at (2,2) width 20: "col"
                  text run at (2,18) width 8: "3"
              RenderTableCell {TD} at (243,276) size 36x20 [bgcolor=#ADD8E6] [border: (1px inset #808080)] [r=7 c=5 rs=1 cs=1]
                RenderText {#text} at (2,2) size 32x16
                  text run at (2,2) width 32: "col 4"
              RenderTableCell {TD} at (281,276) size 36x20 [bgcolor=#ADD8E6] [border: (1px inset #808080)] [r=7 c=6 rs=1 cs=1]
                RenderText {#text} at (2,2) size 32x16
                  text run at (2,2) width 32: "col 5"
              RenderTableCell {TD} at (319,276) size 36x20 [bgcolor=#ADD8E6] [border: (1px inset #808080)] [r=7 c=7 rs=1 cs=1]
                RenderText {#text} at (2,2) size 32x16
                  text run at (2,2) width 32: "col 6"
              RenderTableCell {TD} at (357,276) size 36x20 [bgcolor=#ADD8E6] [border: (1px inset #808080)] [r=7 c=8 rs=1 cs=1]
                RenderText {#text} at (2,2) size 32x16
                  text run at (2,2) width 32: "col 7"
              RenderTableCell {TD} at (395,276) size 36x20 [bgcolor=#ADD8E6] [border: (1px inset #808080)] [r=7 c=9 rs=1 cs=1]
                RenderText {#text} at (2,2) size 32x16
                  text run at (2,2) width 32: "col 8"
              RenderTableCell {TD} at (433,276) size 36x20 [bgcolor=#ADD8E6] [border: (1px inset #808080)] [r=7 c=10 rs=1 cs=1]
                RenderText {#text} at (2,2) size 32x16
                  text run at (2,2) width 32: "col 9"
            RenderTableRow {TR} at (0,306) size 471x36
              RenderTableCell {TH} at (2,314) size 41x20 [bgcolor=#ADD8E6] [border: (1px inset #808080)] [r=8 c=0 rs=1 cs=1]
                RenderText {#text} at (2,2) size 37x16
                  text run at (2,2) width 37: "Head"
              RenderTableCell {TD} at (132,306) size 35x36 [bgcolor=#ADD8E6] [border: (1px inset #808080)] [r=8 c=2 rs=1 cs=1]
                RenderText {#text} at (2,2) size 20x32
                  text run at (2,2) width 20: "col"
                  text run at (2,18) width 8: "1"
              RenderTableCell {TD} at (169,306) size 35x36 [bgcolor=#ADD8E6] [border: (1px inset #808080)] [r=8 c=3 rs=1 cs=1]
                RenderText {#text} at (2,2) size 20x32
                  text run at (2,2) width 20: "col"
                  text run at (2,18) width 8: "2"
              RenderTableCell {TD} at (206,306) size 35x36 [bgcolor=#ADD8E6] [border: (1px inset #808080)] [r=8 c=4 rs=1 cs=1]
                RenderText {#text} at (2,2) size 20x32
                  text run at (2,2) width 20: "col"
                  text run at (2,18) width 8: "3"
              RenderTableCell {TD} at (243,314) size 36x20 [bgcolor=#ADD8E6] [border: (1px inset #808080)] [r=8 c=5 rs=1 cs=1]
                RenderText {#text} at (2,2) size 32x16
                  text run at (2,2) width 32: "col 4"
              RenderTableCell {TD} at (281,314) size 36x20 [bgcolor=#ADD8E6] [border: (1px inset #808080)] [r=8 c=6 rs=1 cs=1]
                RenderText {#text} at (2,2) size 32x16
                  text run at (2,2) width 32: "col 5"
              RenderTableCell {TD} at (319,314) size 36x20 [bgcolor=#ADD8E6] [border: (1px inset #808080)] [r=8 c=7 rs=1 cs=1]
                RenderText {#text} at (2,2) size 32x16
                  text run at (2,2) width 32: "col 6"
              RenderTableCell {TD} at (357,314) size 36x20 [bgcolor=#ADD8E6] [border: (1px inset #808080)] [r=8 c=8 rs=1 cs=1]
                RenderText {#text} at (2,2) size 32x16
                  text run at (2,2) width 32: "col 7"
              RenderTableCell {TD} at (395,314) size 36x20 [bgcolor=#ADD8E6] [border: (1px inset #808080)] [r=8 c=9 rs=1 cs=1]
                RenderText {#text} at (2,2) size 32x16
                  text run at (2,2) width 32: "col 8"
              RenderTableCell {TD} at (433,314) size 36x20 [bgcolor=#ADD8E6] [border: (1px inset #808080)] [r=8 c=10 rs=1 cs=1]
                RenderText {#text} at (2,2) size 32x16
                  text run at (2,2) width 32: "col 9"
            RenderTableRow {TR} at (0,344) size 471x36
              RenderTableCell {TH} at (2,352) size 41x20 [bgcolor=#ADD8E6] [border: (1px inset #808080)] [r=9 c=0 rs=1 cs=1]
                RenderText {#text} at (2,2) size 37x16
                  text run at (2,2) width 37: "Head"
              RenderTableCell {TD} at (132,344) size 35x36 [bgcolor=#ADD8E6] [border: (1px inset #808080)] [r=9 c=2 rs=1 cs=1]
                RenderText {#text} at (2,2) size 20x32
                  text run at (2,2) width 20: "col"
                  text run at (2,18) width 8: "1"
              RenderTableCell {TD} at (169,344) size 35x36 [bgcolor=#ADD8E6] [border: (1px inset #808080)] [r=9 c=3 rs=1 cs=1]
                RenderText {#text} at (2,2) size 20x32
                  text run at (2,2) width 20: "col"
                  text run at (2,18) width 8: "2"
              RenderTableCell {TD} at (206,344) size 35x36 [bgcolor=#ADD8E6] [border: (1px inset #808080)] [r=9 c=4 rs=1 cs=1]
                RenderText {#text} at (2,2) size 20x32
                  text run at (2,2) width 20: "col"
                  text run at (2,18) width 8: "3"
              RenderTableCell {TD} at (243,352) size 36x20 [bgcolor=#ADD8E6] [border: (1px inset #808080)] [r=9 c=5 rs=1 cs=1]
                RenderText {#text} at (2,2) size 32x16
                  text run at (2,2) width 32: "col 4"
              RenderTableCell {TD} at (281,352) size 36x20 [bgcolor=#ADD8E6] [border: (1px inset #808080)] [r=9 c=6 rs=1 cs=1]
                RenderText {#text} at (2,2) size 32x16
                  text run at (2,2) width 32: "col 5"
              RenderTableCell {TD} at (319,352) size 36x20 [bgcolor=#ADD8E6] [border: (1px inset #808080)] [r=9 c=7 rs=1 cs=1]
                RenderText {#text} at (2,2) size 32x16
                  text run at (2,2) width 32: "col 6"
              RenderTableCell {TD} at (357,352) size 36x20 [bgcolor=#ADD8E6] [border: (1px inset #808080)] [r=9 c=8 rs=1 cs=1]
                RenderText {#text} at (2,2) size 32x16
                  text run at (2,2) width 32: "col 7"
              RenderTableCell {TD} at (395,352) size 36x20 [bgcolor=#ADD8E6] [border: (1px inset #808080)] [r=9 c=9 rs=1 cs=1]
                RenderText {#text} at (2,2) size 32x16
                  text run at (2,2) width 32: "col 8"
              RenderTableCell {TD} at (433,352) size 36x20 [bgcolor=#ADD8E6] [border: (1px inset #808080)] [r=9 c=10 rs=1 cs=1]
                RenderText {#text} at (2,2) size 32x16
                  text run at (2,2) width 32: "col 9"
      RenderBlock {P} at (0,1703.44) size 769x0
      RenderBlock {HR} at (0,1703.44) size 769x2 [border: (1px inset #EEEEEE)]
      RenderBlock {P} at (0,1721.44) size 769x57
        RenderTable {TABLE} at (0,0) size 653x57 [bgcolor=#F08080] [border: (1px outset #808080)]
          RenderTableSection {TBODY} at (1,1) size 651x55
            RenderTableRow {TR} at (0,2) size 651x51
              RenderTableCell {TH} at (2,2) size 647x51 [border: (1px inset #808080)] [r=0 c=0 rs=1 cs=1]
                RenderInline {A} at (0,0) size 0x0
                RenderText {#text} at (11,11) size 96x16
                  text run at (11,11) width 96: "Test Case #3: "
                RenderInline {FONT} at (0,0) size 417x16 [color=#0000FF]
                  RenderText {#text} at (106,11) size 417x16
                    text run at (106,11) width 417: "table with nested header & data cells spanning multiple rows"
                RenderText {#text} at (522,11) size 5x16
                  text run at (522,11) width 5: " "
                RenderInline {FONT} at (0,0) size 578x27
                  RenderInline {I} at (0,0) size 578x27
                    RenderText {#text} at (526,13) size 578x27
                      text run at (526,13) width 63: "(using <TH"
                      text run at (11,27) width 351: "ROWSPAN=integer value> <TD ROWSPAN=integer value> tag)"
                RenderText {#text} at (0,0) size 0x0
      RenderBlock {P} at (0,1794.44) size 769x32
        RenderBR {BR} at (0,0) size 0x16
        RenderBR {BR} at (0,16) size 0x16
      RenderBlock {UL} at (0,1842.44) size 769x400
        RenderTable {TABLE} at (40,0) size 473x400 [border: (1px outset #808080)]
          RenderBlock {CAPTION} at (0,0) size 473x16
            RenderText {#text} at (25,0) size 90x16
              text run at (25,0) width 90: "Nested Table "
            RenderInline {B} at (0,0) size 89x16
              RenderText {#text} at (114,0) size 89x16
                text run at (114,0) width 89: "Header Cells"
            RenderText {#text} at (202,0) size 21x16
              text run at (202,0) width 21: " & "
            RenderInline {B} at (0,0) size 72x16
              RenderText {#text} at (222,0) size 72x16
                text run at (222,0) width 72: "Data Cells"
            RenderText {#text} at (293,0) size 155x16
              text run at (293,0) width 155: " spanning multiple rows"
          RenderTableSection {TBODY} at (1,17) size 471x382
            RenderTableRow {TR} at (0,2) size 471x36
              RenderTableCell {TH} at (2,108) size 81x52 [bgcolor=#FFE4C4] [border: (1px inset #808080)] [r=0 c=0 rs=7 cs=1]
                RenderText {#text} at (9,2) size 63x16
                  text run at (9,2) width 63: "Header 1"
                RenderBR {BR} at (71,14) size 1x0
                RenderText {#text} at (15,18) size 51x32
                  text run at (15,18) width 51: "span=7"
                  text run at (24,34) width 33: "rows"
              RenderTableCell {TD} at (85,13) size 76x52 [bgcolor=#FFFACD] [border: (1px inset #808080)] [r=0 c=1 rs=2 cs=1]
                RenderText {#text} at (2,2) size 43x16
                  text run at (2,2) width 43: "Data 1"
                RenderBR {BR} at (44,14) size 1x0
                RenderText {#text} at (2,18) size 47x32
                  text run at (2,18) width 47: "span=2"
                  text run at (2,34) width 32: "rows"
              RenderTableCell {TD} at (163,2) size 32x36 [bgcolor=#EE82EE] [border: (1px inset #808080)] [r=0 c=2 rs=1 cs=1]
                RenderText {#text} at (2,2) size 20x32
                  text run at (2,2) width 20: "col"
                  text run at (2,18) width 8: "1"
              RenderTableCell {TD} at (197,2) size 32x36 [bgcolor=#EE82EE] [border: (1px inset #808080)] [r=0 c=3 rs=1 cs=1]
                RenderText {#text} at (2,2) size 20x32
                  text run at (2,2) width 20: "col"
                  text run at (2,18) width 8: "2"
              RenderTableCell {TD} at (231,2) size 32x36 [bgcolor=#EE82EE] [border: (1px inset #808080)] [r=0 c=4 rs=1 cs=1]
                RenderText {#text} at (2,2) size 20x32
                  text run at (2,2) width 20: "col"
                  text run at (2,18) width 8: "3"
              RenderTableCell {TD} at (265,2) size 32x36 [bgcolor=#EE82EE] [border: (1px inset #808080)] [r=0 c=5 rs=1 cs=1]
                RenderText {#text} at (2,2) size 20x32
                  text run at (2,2) width 20: "col"
                  text run at (2,18) width 8: "4"
              RenderTableCell {TD} at (299,2) size 32x36 [bgcolor=#EE82EE] [border: (1px inset #808080)] [r=0 c=6 rs=1 cs=1]
                RenderText {#text} at (2,2) size 20x32
                  text run at (2,2) width 20: "col"
                  text run at (2,18) width 8: "5"
              RenderTableCell {TD} at (333,2) size 32x36 [bgcolor=#EE82EE] [border: (1px inset #808080)] [r=0 c=7 rs=1 cs=1]
                RenderText {#text} at (2,2) size 20x32
                  text run at (2,2) width 20: "col"
                  text run at (2,18) width 8: "6"
              RenderTableCell {TD} at (367,2) size 32x36 [bgcolor=#EE82EE] [border: (1px inset #808080)] [r=0 c=8 rs=1 cs=1]
                RenderText {#text} at (2,2) size 20x32
                  text run at (2,2) width 20: "col"
                  text run at (2,18) width 8: "7"
              RenderTableCell {TD} at (401,2) size 33x36 [bgcolor=#EE82EE] [border: (1px inset #808080)] [r=0 c=9 rs=1 cs=1]
                RenderText {#text} at (2,2) size 20x32
                  text run at (2,2) width 20: "col"
                  text run at (2,18) width 8: "8"
              RenderTableCell {TD} at (436,2) size 33x36 [bgcolor=#EE82EE] [border: (1px inset #808080)] [r=0 c=10 rs=1 cs=1]
                RenderText {#text} at (2,2) size 20x32
                  text run at (2,2) width 20: "col"
                  text run at (2,18) width 8: "9"
            RenderTableRow {TR} at (0,40) size 471x36
              RenderTableCell {TD} at (163,40) size 32x36 [bgcolor=#EE82EE] [border: (1px inset #808080)] [r=1 c=2 rs=1 cs=1]
                RenderText {#text} at (2,2) size 20x32
                  text run at (2,2) width 20: "col"
                  text run at (2,18) width 8: "1"
              RenderTableCell {TD} at (197,40) size 32x36 [bgcolor=#EE82EE] [border: (1px inset #808080)] [r=1 c=3 rs=1 cs=1]
                RenderText {#text} at (2,2) size 20x32
                  text run at (2,2) width 20: "col"
                  text run at (2,18) width 8: "2"
              RenderTableCell {TD} at (231,40) size 32x36 [bgcolor=#EE82EE] [border: (1px inset #808080)] [r=1 c=4 rs=1 cs=1]
                RenderText {#text} at (2,2) size 20x32
                  text run at (2,2) width 20: "col"
                  text run at (2,18) width 8: "3"
              RenderTableCell {TD} at (265,40) size 32x36 [bgcolor=#EE82EE] [border: (1px inset #808080)] [r=1 c=5 rs=1 cs=1]
                RenderText {#text} at (2,2) size 20x32
                  text run at (2,2) width 20: "col"
                  text run at (2,18) width 8: "4"
              RenderTableCell {TD} at (299,40) size 32x36 [bgcolor=#EE82EE] [border: (1px inset #808080)] [r=1 c=6 rs=1 cs=1]
                RenderText {#text} at (2,2) size 20x32
                  text run at (2,2) width 20: "col"
                  text run at (2,18) width 8: "5"
              RenderTableCell {TD} at (333,40) size 32x36 [bgcolor=#EE82EE] [border: (1px inset #808080)] [r=1 c=7 rs=1 cs=1]
                RenderText {#text} at (2,2) size 20x32
                  text run at (2,2) width 20: "col"
                  text run at (2,18) width 8: "6"
              RenderTableCell {TD} at (367,40) size 32x36 [bgcolor=#EE82EE] [border: (1px inset #808080)] [r=1 c=8 rs=1 cs=1]
                RenderText {#text} at (2,2) size 20x32
                  text run at (2,2) width 20: "col"
                  text run at (2,18) width 8: "7"
              RenderTableCell {TD} at (401,40) size 33x36 [bgcolor=#EE82EE] [border: (1px inset #808080)] [r=1 c=9 rs=1 cs=1]
                RenderText {#text} at (2,2) size 20x32
                  text run at (2,2) width 20: "col"
                  text run at (2,18) width 8: "8"
              RenderTableCell {TD} at (436,40) size 33x36 [bgcolor=#EE82EE] [border: (1px inset #808080)] [r=1 c=10 rs=1 cs=1]
                RenderText {#text} at (2,2) size 20x32
                  text run at (2,2) width 20: "col"
                  text run at (2,18) width 8: "9"
            RenderTableRow {TR} at (0,78) size 471x36
              RenderTableCell {TD} at (85,146) size 76x52 [bgcolor=#FFFACD] [border: (1px inset #808080)] [r=2 c=1 rs=5 cs=1]
                RenderText {#text} at (2,2) size 43x16
                  text run at (2,2) width 43: "Data 2"
                RenderBR {BR} at (44,14) size 1x0
                RenderText {#text} at (2,18) size 47x32
                  text run at (2,18) width 47: "span=5"
                  text run at (2,34) width 32: "rows"
              RenderTableCell {TD} at (163,78) size 32x36 [bgcolor=#90EE90] [border: (1px inset #808080)] [r=2 c=2 rs=1 cs=1]
                RenderText {#text} at (2,2) size 20x32
                  text run at (2,2) width 20: "col"
                  text run at (2,18) width 8: "1"
              RenderTableCell {TD} at (197,78) size 32x36 [bgcolor=#90EE90] [border: (1px inset #808080)] [r=2 c=3 rs=1 cs=1]
                RenderText {#text} at (2,2) size 20x32
                  text run at (2,2) width 20: "col"
                  text run at (2,18) width 8: "2"
              RenderTableCell {TD} at (231,78) size 32x36 [bgcolor=#90EE90] [border: (1px inset #808080)] [r=2 c=4 rs=1 cs=1]
                RenderText {#text} at (2,2) size 20x32
                  text run at (2,2) width 20: "col"
                  text run at (2,18) width 8: "3"
              RenderTableCell {TD} at (265,78) size 32x36 [bgcolor=#90EE90] [border: (1px inset #808080)] [r=2 c=5 rs=1 cs=1]
                RenderText {#text} at (2,2) size 20x32
                  text run at (2,2) width 20: "col"
                  text run at (2,18) width 8: "4"
              RenderTableCell {TD} at (299,78) size 32x36 [bgcolor=#90EE90] [border: (1px inset #808080)] [r=2 c=6 rs=1 cs=1]
                RenderText {#text} at (2,2) size 20x32
                  text run at (2,2) width 20: "col"
                  text run at (2,18) width 8: "5"
              RenderTableCell {TD} at (333,78) size 32x36 [bgcolor=#90EE90] [border: (1px inset #808080)] [r=2 c=7 rs=1 cs=1]
                RenderText {#text} at (2,2) size 20x32
                  text run at (2,2) width 20: "col"
                  text run at (2,18) width 8: "6"
              RenderTableCell {TD} at (367,78) size 32x36 [bgcolor=#90EE90] [border: (1px inset #808080)] [r=2 c=8 rs=1 cs=1]
                RenderText {#text} at (2,2) size 20x32
                  text run at (2,2) width 20: "col"
                  text run at (2,18) width 8: "7"
              RenderTableCell {TD} at (401,78) size 33x36 [bgcolor=#90EE90] [border: (1px inset #808080)] [r=2 c=9 rs=1 cs=1]
                RenderText {#text} at (2,2) size 20x32
                  text run at (2,2) width 20: "col"
                  text run at (2,18) width 8: "8"
              RenderTableCell {TD} at (436,78) size 33x36 [bgcolor=#90EE90] [border: (1px inset #808080)] [r=2 c=10 rs=1 cs=1]
                RenderText {#text} at (2,2) size 20x32
                  text run at (2,2) width 20: "col"
                  text run at (2,18) width 8: "9"
            RenderTableRow {TR} at (0,116) size 471x36
              RenderTableCell {TD} at (163,116) size 32x36 [bgcolor=#90EE90] [border: (1px inset #808080)] [r=3 c=2 rs=1 cs=1]
                RenderText {#text} at (2,2) size 20x32
                  text run at (2,2) width 20: "col"
                  text run at (2,18) width 8: "1"
              RenderTableCell {TD} at (197,116) size 32x36 [bgcolor=#90EE90] [border: (1px inset #808080)] [r=3 c=3 rs=1 cs=1]
                RenderText {#text} at (2,2) size 20x32
                  text run at (2,2) width 20: "col"
                  text run at (2,18) width 8: "2"
              RenderTableCell {TD} at (231,116) size 32x36 [bgcolor=#90EE90] [border: (1px inset #808080)] [r=3 c=4 rs=1 cs=1]
                RenderText {#text} at (2,2) size 20x32
                  text run at (2,2) width 20: "col"
                  text run at (2,18) width 8: "3"
              RenderTableCell {TD} at (265,116) size 32x36 [bgcolor=#90EE90] [border: (1px inset #808080)] [r=3 c=5 rs=1 cs=1]
                RenderText {#text} at (2,2) size 20x32
                  text run at (2,2) width 20: "col"
                  text run at (2,18) width 8: "4"
              RenderTableCell {TD} at (299,116) size 32x36 [bgcolor=#90EE90] [border: (1px inset #808080)] [r=3 c=6 rs=1 cs=1]
                RenderText {#text} at (2,2) size 20x32
                  text run at (2,2) width 20: "col"
                  text run at (2,18) width 8: "5"
              RenderTableCell {TD} at (333,116) size 32x36 [bgcolor=#90EE90] [border: (1px inset #808080)] [r=3 c=7 rs=1 cs=1]
                RenderText {#text} at (2,2) size 20x32
                  text run at (2,2) width 20: "col"
                  text run at (2,18) width 8: "6"
              RenderTableCell {TD} at (367,116) size 32x36 [bgcolor=#90EE90] [border: (1px inset #808080)] [r=3 c=8 rs=1 cs=1]
                RenderText {#text} at (2,2) size 20x32
                  text run at (2,2) width 20: "col"
                  text run at (2,18) width 8: "7"
              RenderTableCell {TD} at (401,116) size 33x36 [bgcolor=#90EE90] [border: (1px inset #808080)] [r=3 c=9 rs=1 cs=1]
                RenderText {#text} at (2,2) size 20x32
                  text run at (2,2) width 20: "col"
                  text run at (2,18) width 8: "8"
              RenderTableCell {TD} at (436,116) size 33x36 [bgcolor=#90EE90] [border: (1px inset #808080)] [r=3 c=10 rs=1 cs=1]
                RenderText {#text} at (2,2) size 20x32
                  text run at (2,2) width 20: "col"
                  text run at (2,18) width 8: "9"
            RenderTableRow {TR} at (0,154) size 471x36
              RenderTableCell {TD} at (163,154) size 32x36 [bgcolor=#90EE90] [border: (1px inset #808080)] [r=4 c=2 rs=1 cs=1]
                RenderText {#text} at (2,2) size 20x32
                  text run at (2,2) width 20: "col"
                  text run at (2,18) width 8: "1"
              RenderTableCell {TD} at (197,154) size 32x36 [bgcolor=#90EE90] [border: (1px inset #808080)] [r=4 c=3 rs=1 cs=1]
                RenderText {#text} at (2,2) size 20x32
                  text run at (2,2) width 20: "col"
                  text run at (2,18) width 8: "2"
              RenderTableCell {TD} at (231,154) size 32x36 [bgcolor=#90EE90] [border: (1px inset #808080)] [r=4 c=4 rs=1 cs=1]
                RenderText {#text} at (2,2) size 20x32
                  text run at (2,2) width 20: "col"
                  text run at (2,18) width 8: "3"
              RenderTableCell {TD} at (265,154) size 32x36 [bgcolor=#90EE90] [border: (1px inset #808080)] [r=4 c=5 rs=1 cs=1]
                RenderText {#text} at (2,2) size 20x32
                  text run at (2,2) width 20: "col"
                  text run at (2,18) width 8: "4"
              RenderTableCell {TD} at (299,154) size 32x36 [bgcolor=#90EE90] [border: (1px inset #808080)] [r=4 c=6 rs=1 cs=1]
                RenderText {#text} at (2,2) size 20x32
                  text run at (2,2) width 20: "col"
                  text run at (2,18) width 8: "5"
              RenderTableCell {TD} at (333,154) size 32x36 [bgcolor=#90EE90] [border: (1px inset #808080)] [r=4 c=7 rs=1 cs=1]
                RenderText {#text} at (2,2) size 20x32
                  text run at (2,2) width 20: "col"
                  text run at (2,18) width 8: "6"
              RenderTableCell {TD} at (367,154) size 32x36 [bgcolor=#90EE90] [border: (1px inset #808080)] [r=4 c=8 rs=1 cs=1]
                RenderText {#text} at (2,2) size 20x32
                  text run at (2,2) width 20: "col"
                  text run at (2,18) width 8: "7"
              RenderTableCell {TD} at (401,154) size 33x36 [bgcolor=#90EE90] [border: (1px inset #808080)] [r=4 c=9 rs=1 cs=1]
                RenderText {#text} at (2,2) size 20x32
                  text run at (2,2) width 20: "col"
                  text run at (2,18) width 8: "8"
              RenderTableCell {TD} at (436,154) size 33x36 [bgcolor=#90EE90] [border: (1px inset #808080)] [r=4 c=10 rs=1 cs=1]
                RenderText {#text} at (2,2) size 20x32
                  text run at (2,2) width 20: "col"
                  text run at (2,18) width 8: "9"
            RenderTableRow {TR} at (0,192) size 471x36
              RenderTableCell {TD} at (163,192) size 32x36 [bgcolor=#90EE90] [border: (1px inset #808080)] [r=5 c=2 rs=1 cs=1]
                RenderText {#text} at (2,2) size 20x32
                  text run at (2,2) width 20: "col"
                  text run at (2,18) width 8: "1"
              RenderTableCell {TD} at (197,192) size 32x36 [bgcolor=#90EE90] [border: (1px inset #808080)] [r=5 c=3 rs=1 cs=1]
                RenderText {#text} at (2,2) size 20x32
                  text run at (2,2) width 20: "col"
                  text run at (2,18) width 8: "2"
              RenderTableCell {TD} at (231,192) size 32x36 [bgcolor=#90EE90] [border: (1px inset #808080)] [r=5 c=4 rs=1 cs=1]
                RenderText {#text} at (2,2) size 20x32
                  text run at (2,2) width 20: "col"
                  text run at (2,18) width 8: "3"
              RenderTableCell {TD} at (265,192) size 32x36 [bgcolor=#90EE90] [border: (1px inset #808080)] [r=5 c=5 rs=1 cs=1]
                RenderText {#text} at (2,2) size 20x32
                  text run at (2,2) width 20: "col"
                  text run at (2,18) width 8: "4"
              RenderTableCell {TD} at (299,192) size 32x36 [bgcolor=#90EE90] [border: (1px inset #808080)] [r=5 c=6 rs=1 cs=1]
                RenderText {#text} at (2,2) size 20x32
                  text run at (2,2) width 20: "col"
                  text run at (2,18) width 8: "5"
              RenderTableCell {TD} at (333,192) size 32x36 [bgcolor=#90EE90] [border: (1px inset #808080)] [r=5 c=7 rs=1 cs=1]
                RenderText {#text} at (2,2) size 20x32
                  text run at (2,2) width 20: "col"
                  text run at (2,18) width 8: "6"
              RenderTableCell {TD} at (367,192) size 32x36 [bgcolor=#90EE90] [border: (1px inset #808080)] [r=5 c=8 rs=1 cs=1]
                RenderText {#text} at (2,2) size 20x32
                  text run at (2,2) width 20: "col"
                  text run at (2,18) width 8: "7"
              RenderTableCell {TD} at (401,192) size 33x36 [bgcolor=#90EE90] [border: (1px inset #808080)] [r=5 c=9 rs=1 cs=1]
                RenderText {#text} at (2,2) size 20x32
                  text run at (2,2) width 20: "col"
                  text run at (2,18) width 8: "8"
              RenderTableCell {TD} at (436,192) size 33x36 [bgcolor=#90EE90] [border: (1px inset #808080)] [r=5 c=10 rs=1 cs=1]
                RenderText {#text} at (2,2) size 20x32
                  text run at (2,2) width 20: "col"
                  text run at (2,18) width 8: "9"
            RenderTableRow {TR} at (0,230) size 471x36
              RenderTableCell {TD} at (163,230) size 32x36 [bgcolor=#90EE90] [border: (1px inset #808080)] [r=6 c=2 rs=1 cs=1]
                RenderText {#text} at (2,2) size 20x32
                  text run at (2,2) width 20: "col"
                  text run at (2,18) width 8: "1"
              RenderTableCell {TD} at (197,230) size 32x36 [bgcolor=#90EE90] [border: (1px inset #808080)] [r=6 c=3 rs=1 cs=1]
                RenderText {#text} at (2,2) size 20x32
                  text run at (2,2) width 20: "col"
                  text run at (2,18) width 8: "2"
              RenderTableCell {TD} at (231,230) size 32x36 [bgcolor=#90EE90] [border: (1px inset #808080)] [r=6 c=4 rs=1 cs=1]
                RenderText {#text} at (2,2) size 20x32
                  text run at (2,2) width 20: "col"
                  text run at (2,18) width 8: "3"
              RenderTableCell {TD} at (265,230) size 32x36 [bgcolor=#90EE90] [border: (1px inset #808080)] [r=6 c=5 rs=1 cs=1]
                RenderText {#text} at (2,2) size 20x32
                  text run at (2,2) width 20: "col"
                  text run at (2,18) width 8: "4"
              RenderTableCell {TD} at (299,230) size 32x36 [bgcolor=#90EE90] [border: (1px inset #808080)] [r=6 c=6 rs=1 cs=1]
                RenderText {#text} at (2,2) size 20x32
                  text run at (2,2) width 20: "col"
                  text run at (2,18) width 8: "5"
              RenderTableCell {TD} at (333,230) size 32x36 [bgcolor=#90EE90] [border: (1px inset #808080)] [r=6 c=7 rs=1 cs=1]
                RenderText {#text} at (2,2) size 20x32
                  text run at (2,2) width 20: "col"
                  text run at (2,18) width 8: "6"
              RenderTableCell {TD} at (367,230) size 32x36 [bgcolor=#90EE90] [border: (1px inset #808080)] [r=6 c=8 rs=1 cs=1]
                RenderText {#text} at (2,2) size 20x32
                  text run at (2,2) width 20: "col"
                  text run at (2,18) width 8: "7"
              RenderTableCell {TD} at (401,230) size 33x36 [bgcolor=#90EE90] [border: (1px inset #808080)] [r=6 c=9 rs=1 cs=1]
                RenderText {#text} at (2,2) size 20x32
                  text run at (2,2) width 20: "col"
                  text run at (2,18) width 8: "8"
              RenderTableCell {TD} at (436,230) size 33x36 [bgcolor=#90EE90] [border: (1px inset #808080)] [r=6 c=10 rs=1 cs=1]
                RenderText {#text} at (2,2) size 20x32
                  text run at (2,2) width 20: "col"
                  text run at (2,18) width 8: "9"
            RenderTableRow {TR} at (0,268) size 471x36
              RenderTableCell {TH} at (2,298) size 81x52 [bgcolor=#FFE4C4] [border: (1px inset #808080)] [r=7 c=0 rs=3 cs=1]
                RenderText {#text} at (9,2) size 63x16
                  text run at (9,2) width 63: "Header 2"
                RenderBR {BR} at (71,14) size 1x0
                RenderText {#text} at (15,18) size 51x32
                  text run at (15,18) width 51: "span=3"
                  text run at (24,34) width 33: "rows"
              RenderTableCell {TD} at (85,298) size 76x52 [bgcolor=#FFFACD] [border: (1px inset #808080)] [r=7 c=1 rs=3 cs=1]
                RenderText {#text} at (2,2) size 43x16
                  text run at (2,2) width 43: "Data 3"
                RenderBR {BR} at (44,14) size 1x0
                RenderText {#text} at (2,18) size 47x32
                  text run at (2,18) width 47: "span=3"
                  text run at (2,34) width 32: "rows"
              RenderTableCell {TD} at (163,268) size 32x36 [bgcolor=#ADD8E6] [border: (1px inset #808080)] [r=7 c=2 rs=1 cs=1]
                RenderText {#text} at (2,2) size 20x32
                  text run at (2,2) width 20: "col"
                  text run at (2,18) width 8: "1"
              RenderTableCell {TD} at (197,268) size 32x36 [bgcolor=#ADD8E6] [border: (1px inset #808080)] [r=7 c=3 rs=1 cs=1]
                RenderText {#text} at (2,2) size 20x32
                  text run at (2,2) width 20: "col"
                  text run at (2,18) width 8: "2"
              RenderTableCell {TD} at (231,268) size 32x36 [bgcolor=#ADD8E6] [border: (1px inset #808080)] [r=7 c=4 rs=1 cs=1]
                RenderText {#text} at (2,2) size 20x32
                  text run at (2,2) width 20: "col"
                  text run at (2,18) width 8: "3"
              RenderTableCell {TD} at (265,268) size 32x36 [bgcolor=#ADD8E6] [border: (1px inset #808080)] [r=7 c=5 rs=1 cs=1]
                RenderText {#text} at (2,2) size 20x32
                  text run at (2,2) width 20: "col"
                  text run at (2,18) width 8: "4"
              RenderTableCell {TD} at (299,268) size 32x36 [bgcolor=#ADD8E6] [border: (1px inset #808080)] [r=7 c=6 rs=1 cs=1]
                RenderText {#text} at (2,2) size 20x32
                  text run at (2,2) width 20: "col"
                  text run at (2,18) width 8: "5"
              RenderTableCell {TD} at (333,268) size 32x36 [bgcolor=#ADD8E6] [border: (1px inset #808080)] [r=7 c=7 rs=1 cs=1]
                RenderText {#text} at (2,2) size 20x32
                  text run at (2,2) width 20: "col"
                  text run at (2,18) width 8: "6"
              RenderTableCell {TD} at (367,268) size 32x36 [bgcolor=#ADD8E6] [border: (1px inset #808080)] [r=7 c=8 rs=1 cs=1]
                RenderText {#text} at (2,2) size 20x32
                  text run at (2,2) width 20: "col"
                  text run at (2,18) width 8: "7"
              RenderTableCell {TD} at (401,268) size 33x36 [bgcolor=#ADD8E6] [border: (1px inset #808080)] [r=7 c=9 rs=1 cs=1]
                RenderText {#text} at (2,2) size 20x32
                  text run at (2,2) width 20: "col"
                  text run at (2,18) width 8: "8"
              RenderTableCell {TD} at (436,268) size 33x36 [bgcolor=#ADD8E6] [border: (1px inset #808080)] [r=7 c=10 rs=1 cs=1]
                RenderText {#text} at (2,2) size 20x32
                  text run at (2,2) width 20: "col"
                  text run at (2,18) width 8: "9"
            RenderTableRow {TR} at (0,306) size 471x36
              RenderTableCell {TD} at (163,306) size 32x36 [bgcolor=#ADD8E6] [border: (1px inset #808080)] [r=8 c=2 rs=1 cs=1]
                RenderText {#text} at (2,2) size 20x32
                  text run at (2,2) width 20: "col"
                  text run at (2,18) width 8: "1"
              RenderTableCell {TD} at (197,306) size 32x36 [bgcolor=#ADD8E6] [border: (1px inset #808080)] [r=8 c=3 rs=1 cs=1]
                RenderText {#text} at (2,2) size 20x32
                  text run at (2,2) width 20: "col"
                  text run at (2,18) width 8: "2"
              RenderTableCell {TD} at (231,306) size 32x36 [bgcolor=#ADD8E6] [border: (1px inset #808080)] [r=8 c=4 rs=1 cs=1]
                RenderText {#text} at (2,2) size 20x32
                  text run at (2,2) width 20: "col"
                  text run at (2,18) width 8: "3"
              RenderTableCell {TD} at (265,306) size 32x36 [bgcolor=#ADD8E6] [border: (1px inset #808080)] [r=8 c=5 rs=1 cs=1]
                RenderText {#text} at (2,2) size 20x32
                  text run at (2,2) width 20: "col"
                  text run at (2,18) width 8: "4"
              RenderTableCell {TD} at (299,306) size 32x36 [bgcolor=#ADD8E6] [border: (1px inset #808080)] [r=8 c=6 rs=1 cs=1]
                RenderText {#text} at (2,2) size 20x32
                  text run at (2,2) width 20: "col"
                  text run at (2,18) width 8: "5"
              RenderTableCell {TD} at (333,306) size 32x36 [bgcolor=#ADD8E6] [border: (1px inset #808080)] [r=8 c=7 rs=1 cs=1]
                RenderText {#text} at (2,2) size 20x32
                  text run at (2,2) width 20: "col"
                  text run at (2,18) width 8: "6"
              RenderTableCell {TD} at (367,306) size 32x36 [bgcolor=#ADD8E6] [border: (1px inset #808080)] [r=8 c=8 rs=1 cs=1]
                RenderText {#text} at (2,2) size 20x32
                  text run at (2,2) width 20: "col"
                  text run at (2,18) width 8: "7"
              RenderTableCell {TD} at (401,306) size 33x36 [bgcolor=#ADD8E6] [border: (1px inset #808080)] [r=8 c=9 rs=1 cs=1]
                RenderText {#text} at (2,2) size 20x32
                  text run at (2,2) width 20: "col"
                  text run at (2,18) width 8: "8"
              RenderTableCell {TD} at (436,306) size 33x36 [bgcolor=#ADD8E6] [border: (1px inset #808080)] [r=8 c=10 rs=1 cs=1]
                RenderText {#text} at (2,2) size 20x32
                  text run at (2,2) width 20: "col"
                  text run at (2,18) width 8: "9"
            RenderTableRow {TR} at (0,344) size 471x36
              RenderTableCell {TD} at (163,344) size 32x36 [bgcolor=#ADD8E6] [border: (1px inset #808080)] [r=9 c=2 rs=1 cs=1]
                RenderText {#text} at (2,2) size 20x32
                  text run at (2,2) width 20: "col"
                  text run at (2,18) width 8: "1"
              RenderTableCell {TD} at (197,344) size 32x36 [bgcolor=#ADD8E6] [border: (1px inset #808080)] [r=9 c=3 rs=1 cs=1]
                RenderText {#text} at (2,2) size 20x32
                  text run at (2,2) width 20: "col"
                  text run at (2,18) width 8: "2"
              RenderTableCell {TD} at (231,344) size 32x36 [bgcolor=#ADD8E6] [border: (1px inset #808080)] [r=9 c=4 rs=1 cs=1]
                RenderText {#text} at (2,2) size 20x32
                  text run at (2,2) width 20: "col"
                  text run at (2,18) width 8: "3"
              RenderTableCell {TD} at (265,344) size 32x36 [bgcolor=#ADD8E6] [border: (1px inset #808080)] [r=9 c=5 rs=1 cs=1]
                RenderText {#text} at (2,2) size 20x32
                  text run at (2,2) width 20: "col"
                  text run at (2,18) width 8: "4"
              RenderTableCell {TD} at (299,344) size 32x36 [bgcolor=#ADD8E6] [border: (1px inset #808080)] [r=9 c=6 rs=1 cs=1]
                RenderText {#text} at (2,2) size 20x32
                  text run at (2,2) width 20: "col"
                  text run at (2,18) width 8: "5"
              RenderTableCell {TD} at (333,344) size 32x36 [bgcolor=#ADD8E6] [border: (1px inset #808080)] [r=9 c=7 rs=1 cs=1]
                RenderText {#text} at (2,2) size 20x32
                  text run at (2,2) width 20: "col"
                  text run at (2,18) width 8: "6"
              RenderTableCell {TD} at (367,344) size 32x36 [bgcolor=#ADD8E6] [border: (1px inset #808080)] [r=9 c=8 rs=1 cs=1]
                RenderText {#text} at (2,2) size 20x32
                  text run at (2,2) width 20: "col"
                  text run at (2,18) width 8: "7"
              RenderTableCell {TD} at (401,344) size 33x36 [bgcolor=#ADD8E6] [border: (1px inset #808080)] [r=9 c=9 rs=1 cs=1]
                RenderText {#text} at (2,2) size 20x32
                  text run at (2,2) width 20: "col"
                  text run at (2,18) width 8: "8"
              RenderTableCell {TD} at (436,344) size 33x36 [bgcolor=#ADD8E6] [border: (1px inset #808080)] [r=9 c=10 rs=1 cs=1]
                RenderText {#text} at (2,2) size 20x32
                  text run at (2,2) width 20: "col"
                  text run at (2,18) width 8: "9"
      RenderBlock {P} at (0,2258.44) size 769x0
      RenderBlock {HR} at (0,2258.44) size 769x2 [border: (1px inset #EEEEEE)]
      RenderBlock (anonymous) at (0,2268.44) size 769x17
        RenderImage {IMG} at (0,0) size 13x13
        RenderText {#text} at (13,1) size 131x16
          text run at (13,1) width 131: " Created 9/19/96 by "
        RenderInline {A} at (0,0) size 84x16 [color=#0000EE]
          RenderText {#text} at (143,1) size 84x16
            text run at (143,1) width 84: "Ronald Greti"
        RenderBR {BR} at (226,13) size 1x0
      RenderBlock {P} at (0,2301.44) size 769x16
        RenderBR {BR} at (0,0) size 0x16
