layer at (0,0) size 785x1220
  RenderView at (0,0) size 785x600
layer at (0,0) size 785x1220
  RenderBlock {HTML} at (0,0) size 785x1219.88
    RenderBody {BODY} at (8,8) size 769x1195.88 [bgcolor=#FFDEAD]
      RenderBlock (anonymous) at (0,0) size 769x16
        RenderText {#text} at (0,0) size 611x16
          text run at (0,0) width 611: "If there is missing vertical space between tables and/or tables and other content, it is bug 6997. "
        RenderBR {BR} at (610,12) size 1x0
      RenderBlock {H1} at (0,37.44) size 769x64
        RenderInline {FONT} at (0,0) size 475x64 [color=#FF0000]
          RenderText {#text} at (0,0) size 297x32
            text run at (0,0) width 297: "Acceptance Test Case"
          RenderBR {BR} at (296,24) size 1x0
          RenderText {#text} at (0,32) size 475x32
            text run at (0,32) width 475: "Web Browser: Web View (HTML)"
      RenderBlock {P} at (0,122.88) size 769x24
        RenderInline {FONT} at (0,0) size 219x24 [color=#FF0000]
          RenderInline {B} at (0,0) size 219x24
            RenderText {#text} at (0,0) size 219x24
              text run at (0,0) width 219: "Table: <TR> ALIGN"
        RenderText {#text} at (0,0) size 0x0
      RenderBlock {HR} at (0,162.88) size 769x2 [border: (1px inset #EEEEEE)]
      RenderBlock (anonymous) at (0,172.88) size 769x64
        RenderText {#text} at (0,0) size 277x16
          text run at (0,0) width 277: "This acceptance test case tests the optional "
        RenderInline {B} at (0,0) size 42x16
          RenderText {#text} at (276,0) size 42x16
            text run at (276,0) width 42: "<TR>"
        RenderText {#text} at (317,0) size 28x16
          text run at (317,0) width 28: " tag "
        RenderInline {B} at (0,0) size 54x16
          RenderText {#text} at (344,0) size 54x16
            text run at (344,0) width 54: "ALIGN"
        RenderText {#text} at (397,0) size 751x48
          text run at (397,0) width 184: " attribute which controls the "
          text run at (580,0) width 171: "horizontal alignment of all"
          text run at (0,16) width 504: "the cells in a row. This cause the contents of each cell in the row to be aligned "
          text run at (503,16) width 229: "either LEFT|CENTER|RIGHT with"
          text run at (0,32) width 432: "respect to the current left and right margins of the display window. "
          text run at (431,32) width 30: "The "
        RenderInline {B} at (0,0) size 51x16
          RenderText {#text} at (460,32) size 51x16
            text run at (460,32) width 51: "Header"
        RenderText {#text} at (510,32) size 182x16
          text run at (510,32) width 182: " cells by default are aligned "
        RenderInline {B} at (0,0) size 68x16
          RenderText {#text} at (691,32) size 68x16
            text run at (691,32) width 68: "CENTER"
        RenderText {#text} at (0,48) size 64x16
          text run at (0,48) width 64: "while the "
        RenderInline {B} at (0,0) size 33x16
          RenderText {#text} at (63,48) size 33x16
            text run at (63,48) width 33: "Data"
        RenderText {#text} at (95,48) size 182x16
          text run at (95,48) width 182: " cells by default are aligned "
        RenderInline {B} at (0,0) size 43x16
          RenderText {#text} at (276,48) size 43x16
            text run at (276,48) width 43: "LEFT"
        RenderText {#text} at (318,48) size 5x16
          text run at (318,48) width 5: "."
      RenderBlock {P} at (0,252.88) size 769x16
        RenderInline {B} at (0,0) size 122x16
          RenderText {#text} at (0,0) size 122x16
            text run at (0,0) width 122: "Test Instructions:"
        RenderText {#text} at (0,0) size 0x0
      RenderBlock {OL} at (0,284.88) size 769x194
        RenderListItem {LI} at (40,0) size 729x16
          RenderListMarker at (-20,0) size 16x16: "1"
          RenderText {#text} at (0,0) size 511x16
            text run at (0,0) width 511: "Verify that the sample text displays as stated in each of the following test cases:"
        RenderBlock {P} at (40,32) size 729x66
          RenderTable {TABLE} at (0,0) size 721x66 [bgcolor=#F08080]
            RenderTableSection {TBODY} at (0,0) size 721x66
              RenderTableRow {TR} at (0,2) size 721x30
                RenderTableCell {TD} at (2,2) size 97x30 [r=0 c=0 rs=1 cs=1]
                  RenderInline {A} at (0,0) size 83x16 [color=#0000EE]
                    RenderText {#text} at (7,7) size 83x16
                      text run at (7,7) width 83: "Test Case #1"
                RenderTableCell {TD} at (101,2) size 618x30 [r=0 c=1 rs=1 cs=1]
                  RenderInline {FONT} at (0,0) size 604x16 [color=#0000FF]
                    RenderInline {B} at (0,0) size 604x16
                      RenderText {#text} at (7,7) size 604x16
                        text run at (7,7) width 604: "Table displaying Header \"CENTER \"& Data \"LEFT\" default horizontal row alignment"
              RenderTableRow {TR} at (0,34) size 721x30
                RenderTableCell {TD} at (2,34) size 97x30 [r=1 c=0 rs=1 cs=1]
                  RenderInline {A} at (0,0) size 83x16 [color=#0000EE]
                    RenderText {#text} at (7,7) size 83x16
                      text run at (7,7) width 83: "Test Case #2"
                RenderTableCell {TD} at (101,34) size 618x30 [r=1 c=1 rs=1 cs=1]
                  RenderInline {FONT} at (0,0) size 597x16 [color=#0000FF]
                    RenderInline {B} at (0,0) size 597x16
                      RenderText {#text} at (7,7) size 597x16
                        text run at (7,7) width 597: "Tables displaying Header & Data \"LEFT|CENTER|RIGHT\" horizontal row alignment"
        RenderBlock {P} at (40,114) size 729x0
        RenderListItem {LI} at (40,114) size 729x16
          RenderListMarker at (-20,0) size 16x16: "2"
          RenderText {#text} at (0,0) size 289x16
            text run at (0,0) width 289: "Verify that the table is maintained when you "
          RenderInline {B} at (0,0) size 135x16
            RenderText {#text} at (288,0) size 135x16
              text run at (288,0) width 135: "minimize/maximize"
          RenderText {#text} at (422,0) size 73x16
            text run at (422,0) width 73: " the screen."
        RenderListItem {LI} at (40,130) size 729x16
          RenderListMarker at (-20,0) size 16x16: "3"
          RenderText {#text} at (0,0) size 289x16
            text run at (0,0) width 289: "Verify that the table is maintained when you "
          RenderInline {B} at (0,0) size 127x16
            RenderText {#text} at (288,0) size 127x16
              text run at (288,0) width 127: "re-size left & right"
          RenderText {#text} at (414,0) size 73x16
            text run at (414,0) width 73: " the screen."
        RenderListItem {LI} at (40,146) size 729x16
          RenderListMarker at (-20,0) size 16x16: "4"
          RenderText {#text} at (0,0) size 289x16
            text run at (0,0) width 289: "Verify that the table is maintained when you "
          RenderInline {B} at (0,0) size 142x16
            RenderText {#text} at (288,0) size 142x16
              text run at (288,0) width 142: "re-size top & bottom"
          RenderText {#text} at (429,0) size 74x16
            text run at (429,0) width 74: " the screen."
        RenderListItem {LI} at (40,162) size 729x16
          RenderListMarker at (-20,0) size 16x16: "5"
          RenderText {#text} at (0,0) size 418x16
            text run at (0,0) width 418: "Verify re-draw takes place correctly after maximizing the screen."
        RenderListItem {LI} at (40,178) size 729x16
          RenderListMarker at (-20,0) size 16x16: "6"
          RenderText {#text} at (0,0) size 133x16
            text run at (0,0) width 133: "Verify reload works."
      RenderBlock {HR} at (0,494.88) size 769x2 [border: (1px inset #EEEEEE)]
      RenderBlock {P} at (0,512.88) size 769x57
        RenderTable {TABLE} at (0,0) size 769x57 [bgcolor=#F08080] [border: (1px outset #808080)]
          RenderTableSection {TBODY} at (1,1) size 767x55
            RenderTableRow {TR} at (0,2) size 767x51
              RenderTableCell {TH} at (2,2) size 763x51 [border: (1px inset #808080)] [r=0 c=0 rs=1 cs=1]
                RenderInline {A} at (0,0) size 0x0
                RenderText {#text} at (12,11) size 97x16
                  text run at (12,11) width 97: "Test Case #1: "
                RenderInline {FONT} at (0,0) size 605x16 [color=#0000FF]
                  RenderText {#text} at (108,11) size 605x16
                    text run at (108,11) width 605: "Table displaying Header \"CENTER \"& Data \"LEFT\" default horizontal row alignment"
                RenderText {#text} at (712,11) size 5x16
                  text run at (712,11) width 5: " "
                RenderInline {FONT} at (0,0) size 398x27
                  RenderInline {I} at (0,0) size 398x27
                    RenderText {#text} at (716,13) size 398x27
                      text run at (716,13) width 35: "(using"
                      text run at (353,27) width 57: "<TR> tag)"
                RenderText {#text} at (0,0) size 0x0
      RenderBlock {P} at (0,585.88) size 769x64
        RenderTable {TABLE} at (0,0) size 346x64 [bgcolor=#FFE4C4] [border: (1px outset #808080)]
          RenderBlock {CAPTION} at (0,0) size 346x16
            RenderText {#text} at (59,0) size 228x16
              text run at (59,0) width 228: "Default Horizontal Row Alignment"
          RenderTableSection {TBODY} at (1,17) size 344x46
            RenderTableRow {TR} at (0,2) size 344x20
              RenderTableCell {TH} at (2,2) size 112x20 [border: (1px inset #808080)] [r=0 c=0 rs=1 cs=1]
                RenderText {#text} at (18,2) size 76x16
                  text run at (18,2) width 76: "row head 1"
              RenderTableCell {TH} at (116,2) size 112x20 [border: (1px inset #808080)] [r=0 c=1 rs=1 cs=1]
                RenderText {#text} at (18,2) size 76x16
                  text run at (18,2) width 76: "row head 2"
              RenderTableCell {TH} at (230,2) size 112x20 [border: (1px inset #808080)] [r=0 c=2 rs=1 cs=1]
                RenderText {#text} at (18,2) size 76x16
                  text run at (18,2) width 76: "row head 3"
            RenderTableRow {TR} at (0,24) size 344x20
              RenderTableCell {TD} at (2,24) size 112x20 [border: (1px inset #808080)] [r=1 c=0 rs=1 cs=1]
                RenderText {#text} at (2,2) size 68x16
                  text run at (2,2) width 68: "row data 1"
              RenderTableCell {TD} at (116,24) size 112x20 [border: (1px inset #808080)] [r=1 c=1 rs=1 cs=1]
                RenderText {#text} at (2,2) size 68x16
                  text run at (2,2) width 68: "row data 2"
              RenderTableCell {TD} at (230,24) size 112x20 [border: (1px inset #808080)] [r=1 c=2 rs=1 cs=1]
                RenderText {#text} at (2,2) size 68x16
                  text run at (2,2) width 68: "row data 3"
      RenderBlock {HR} at (0,665.88) size 769x2 [border: (1px inset #EEEEEE)]
      RenderBlock {P} at (0,683.88) size 769x57
        RenderTable {TABLE} at (0,0) size 769x57 [bgcolor=#F08080] [border: (1px outset #808080)]
          RenderTableSection {TBODY} at (1,1) size 767x55
            RenderTableRow {TR} at (0,2) size 767x51
              RenderTableCell {TH} at (2,2) size 763x51 [border: (1px inset #808080)] [r=0 c=0 rs=1 cs=1]
                RenderInline {A} at (0,0) size 0x0
                RenderText {#text} at (16,11) size 97x16
                  text run at (16,11) width 97: "Test Case #2: "
                RenderInline {FONT} at (0,0) size 597x16 [color=#0000FF]
                  RenderText {#text} at (112,11) size 597x16
                    text run at (112,11) width 597: "Tables displaying Header & Data \"LEFT|CENTER|RIGHT\" horizontal row alignment"
                RenderText {#text} at (708,11) size 5x16
                  text run at (708,11) width 5: " "
                RenderInline {FONT} at (0,0) size 485x27
                  RenderInline {I} at (0,0) size 485x27
                    RenderText {#text} at (712,13) size 485x27
                      text run at (712,13) width 35: "(using"
                      text run at (262,27) width 239: "<TR ALIGN=LEFT|CENTER|RIGHT> tag)"
                RenderText {#text} at (0,0) size 0x0
      RenderBlock {P} at (0,756.88) size 769x134
        RenderTable {TABLE} at (0,0) size 346x134 [bgcolor=#FFE4C4] [border: (1px outset #808080)]
          RenderBlock {CAPTION} at (0,0) size 346x16
            RenderText {#text} at (61,0) size 224x16
              text run at (61,0) width 224: "Horizontal Row Alignment=LEFT"
          RenderTableSection {TBODY} at (1,17) size 344x116
            RenderTableRow {TR} at (0,2) size 344x20
              RenderTableCell {TH} at (2,2) size 112x20 [border: (1px inset #808080)] [r=0 c=0 rs=1 cs=1]
                RenderText {#text} at (2,2) size 76x16
                  text run at (2,2) width 76: "row head 1"
              RenderTableCell {TH} at (116,2) size 112x20 [border: (1px inset #808080)] [r=0 c=1 rs=1 cs=1]
                RenderText {#text} at (2,2) size 76x16
                  text run at (2,2) width 76: "row head 2"
              RenderTableCell {TH} at (230,2) size 112x20 [border: (1px inset #808080)] [r=0 c=2 rs=1 cs=1]
                RenderText {#text} at (2,2) size 76x16
                  text run at (2,2) width 76: "row head 3"
            RenderTableRow {TR} at (0,24) size 344x20
              RenderTableCell {TD} at (2,24) size 112x20 [border: (1px inset #808080)] [r=1 c=0 rs=1 cs=1]
                RenderText {#text} at (2,2) size 68x16
                  text run at (2,2) width 68: "row data 1"
              RenderTableCell {TD} at (116,24) size 112x20 [border: (1px inset #808080)] [r=1 c=1 rs=1 cs=1]
                RenderText {#text} at (2,2) size 68x16
                  text run at (2,2) width 68: "row data 2"
              RenderTableCell {TD} at (230,24) size 112x20 [border: (1px inset #808080)] [r=1 c=2 rs=1 cs=1]
                RenderText {#text} at (2,2) size 68x16
                  text run at (2,2) width 68: "row data 3"
            RenderTableRow {TR} at (0,46) size 344x68 [bgcolor=#FFD700]
              RenderTableCell {TD} at (2,46) size 340x68 [border: (1px inset #808080)] [r=2 c=0 rs=1 cs=3]
                RenderBlock (anonymous) at (2,2) size 336x48
                  RenderInline {B} at (0,0) size 325x48
                    RenderInline {FONT} at (0,0) size 325x48 [color=#FF0000]
                      RenderText {#text} at (0,0) size 137x16
                        text run at (0,0) width 137: "Note: The attribute "
                      RenderInline {FONT} at (0,0) size 104x16 [color=#0000FF]
                        RenderText {#text} at (136,0) size 104x16
                          text run at (136,0) width 104: "ALIGN=LEFT"
                      RenderText {#text} at (239,0) size 325x48
                        text run at (239,0) width 49: " has no"
                        text run at (0,16) width 300: "special effect on the row data since it simply"
                        text run at (0,32) width 325: "reiterates the default horizontal row alignment!"
                RenderBlock {P} at (2,66) size 336x0
                  RenderInline {B} at (0,0) size 0x0
                    RenderInline {FONT} at (0,0) size 0x0 [color=#FF0000]
                  RenderText {#text} at (0,0) size 0x0
      RenderBlock {P} at (0,906.88) size 769x134
        RenderTable {TABLE} at (0,0) size 346x134 [bgcolor=#FFE4C4] [border: (1px outset #808080)]
          RenderBlock {CAPTION} at (0,0) size 346x16
            RenderText {#text} at (49,0) size 248x16
              text run at (49,0) width 248: "Horizontal Row Alignment=CENTER"
          RenderTableSection {TBODY} at (1,17) size 344x116
            RenderTableRow {TR} at (0,2) size 344x20
              RenderTableCell {TH} at (2,2) size 112x20 [border: (1px inset #808080)] [r=0 c=0 rs=1 cs=1]
                RenderText {#text} at (18,2) size 76x16
                  text run at (18,2) width 76: "row head 1"
              RenderTableCell {TH} at (116,2) size 112x20 [border: (1px inset #808080)] [r=0 c=1 rs=1 cs=1]
                RenderText {#text} at (18,2) size 76x16
                  text run at (18,2) width 76: "row head 2"
              RenderTableCell {TH} at (230,2) size 112x20 [border: (1px inset #808080)] [r=0 c=2 rs=1 cs=1]
                RenderText {#text} at (18,2) size 76x16
                  text run at (18,2) width 76: "row head 3"
            RenderTableRow {TR} at (0,24) size 344x20
              RenderTableCell {TD} at (2,24) size 112x20 [border: (1px inset #808080)] [r=1 c=0 rs=1 cs=1]
                RenderText {#text} at (22,2) size 68x16
                  text run at (22,2) width 68: "row data 1"
              RenderTableCell {TD} at (116,24) size 112x20 [border: (1px inset #808080)] [r=1 c=1 rs=1 cs=1]
                RenderText {#text} at (22,2) size 68x16
                  text run at (22,2) width 68: "row data 2"
              RenderTableCell {TD} at (230,24) size 112x20 [border: (1px inset #808080)] [r=1 c=2 rs=1 cs=1]
                RenderText {#text} at (22,2) size 68x16
                  text run at (22,2) width 68: "row data 3"
            RenderTableRow {TR} at (0,46) size 344x68 [bgcolor=#FFD700]
              RenderTableCell {TD} at (2,46) size 340x68 [border: (1px inset #808080)] [r=2 c=0 rs=1 cs=3]
                RenderBlock (anonymous) at (2,2) size 336x48
                  RenderInline {B} at (0,0) size 325x48
                    RenderInline {FONT} at (0,0) size 325x48 [color=#FF0000]
                      RenderText {#text} at (0,0) size 137x16
                        text run at (0,0) width 137: "Note: The attribute "
                      RenderInline {FONT} at (0,0) size 129x16 [color=#0000FF]
                        RenderText {#text} at (136,0) size 129x16
                          text run at (136,0) width 129: "ALIGN=CENTER"
                      RenderText {#text} at (264,0) size 325x48
                        text run at (264,0) width 49: " has no"
                        text run at (0,16) width 303: "special effect on the row head since it simply"
                        text run at (0,32) width 325: "reiterates the default horizontal row alignment!"
                RenderBlock {P} at (2,66) size 336x0
                  RenderInline {B} at (0,0) size 0x0
                    RenderInline {FONT} at (0,0) size 0x0 [color=#FF0000]
                  RenderText {#text} at (0,0) size 0x0
      RenderBlock {P} at (0,1056.88) size 769x64
        RenderTable {TABLE} at (0,0) size 346x64 [bgcolor=#FFE4C4] [border: (1px outset #808080)]
          RenderBlock {CAPTION} at (0,0) size 346x16
            RenderText {#text} at (56,0) size 234x16
              text run at (56,0) width 234: "Horizontal Row Alignment=RIGHT"
          RenderTableSection {TBODY} at (1,17) size 344x46
            RenderTableRow {TR} at (0,2) size 344x20
              RenderTableCell {TH} at (2,2) size 112x20 [border: (1px inset #808080)] [r=0 c=0 rs=1 cs=1]
                RenderText {#text} at (34,2) size 76x16
                  text run at (34,2) width 76: "row head 1"
              RenderTableCell {TH} at (116,2) size 112x20 [border: (1px inset #808080)] [r=0 c=1 rs=1 cs=1]
                RenderText {#text} at (34,2) size 76x16
                  text run at (34,2) width 76: "row head 2"
              RenderTableCell {TH} at (230,2) size 112x20 [border: (1px inset #808080)] [r=0 c=2 rs=1 cs=1]
                RenderText {#text} at (34,2) size 76x16
                  text run at (34,2) width 76: "row head 3"
            RenderTableRow {TR} at (0,24) size 344x20
              RenderTableCell {TD} at (2,24) size 112x20 [border: (1px inset #808080)] [r=1 c=0 rs=1 cs=1]
                RenderText {#text} at (42,2) size 68x16
                  text run at (42,2) width 68: "row data 1"
              RenderTableCell {TD} at (116,24) size 112x20 [border: (1px inset #808080)] [r=1 c=1 rs=1 cs=1]
                RenderText {#text} at (42,2) size 68x16
                  text run at (42,2) width 68: "row data 2"
              RenderTableCell {TD} at (230,24) size 112x20 [border: (1px inset #808080)] [r=1 c=2 rs=1 cs=1]
                RenderText {#text} at (42,2) size 68x16
                  text run at (42,2) width 68: "row data 3"
      RenderBlock {P} at (0,1136.88) size 769x0
      RenderBlock {HR} at (0,1136.88) size 769x2 [border: (1px inset #EEEEEE)]
      RenderBlock (anonymous) at (0,1146.88) size 769x17
        RenderImage {IMG} at (0,0) size 13x13
        RenderText {#text} at (13,1) size 123x16
          text run at (13,1) width 123: " Created 9/9/96 by "
        RenderInline {A} at (0,0) size 84x16 [color=#0000EE]
          RenderText {#text} at (135,1) size 84x16
            text run at (135,1) width 84: "Ronald Greti"
        RenderBR {BR} at (218,13) size 1x0
      RenderBlock {P} at (0,1179.88) size 769x16
        RenderBR {BR} at (0,0) size 0x16
      RenderBlock {P} at (0,1211.88) size 769x0
