layer at (0,0) size 800x600
  RenderView at (0,0) size 800x600
layer at (0,0) size 800x600
  RenderBlock {HTML} at (0,0) size 800x600
    RenderBody {BODY} at (8,8) size 784x584
      RenderBlock {P} at (0,0) size 784x16
        RenderText {#text} at (0,0) size 466x16
          text run at (0,0) width 466: "This tests for a bug where the color of indented text couldn't be changed."
      RenderBlock {DIV} at (0,32) size 784x16
        RenderBlock {BLOCKQUOTE} at (40,0) size 744x16
          RenderInline {FONT} at (0,0) size 158x16 [color=#0000FF]
            RenderText {#text} at (0,0) size 158x16
              text run at (0,0) width 158: "This text should be blue."
selection start: position 0 of child 0 {#text} of child 0 {FONT} of child 0 {BLOCKQUOTE} of child 2 {DIV} of body
selection end:   position 25 of child 0 {#text} of child 0 {FONT} of child 0 {BLOCKQUOTE} of child 2 {DIV} of body
