layer at (0,0) size 800x600
  RenderView at (0,0) size 800x600
layer at (0,0) size 800x600
  RenderBlock {HTML} at (0,0) size 800x600
    RenderBody {BODY} at (8,8) size 784x584
      RenderBlock {P} at (0,0) size 784x32
        RenderText {#text} at (0,0) size 781x32
          text run at (0,0) width 749: "This tests for a bug where left justifying a paragraph amongst several that are centered would left justify all of them. "
          text run at (748,0) width 33: "Only"
          text run at (0,16) width 288: "the second paragraph should be left justified."
      RenderBlock {DIV} at (0,48) size 784x48
        RenderBlock (anonymous) at (0,0) size 784x16
          RenderText {#text} at (381,0) size 22x16
            text run at (381,0) width 22: "foo"
          RenderBR {BR} at (402,12) size 1x0
        RenderBlock {DIV} at (0,16) size 784x16
          RenderText {#text} at (0,0) size 21x16
            text run at (0,0) width 21: "bar"
        RenderBlock {DIV} at (0,32) size 784x16
          RenderText {#text} at (380,0) size 24x16
            text run at (380,0) width 24: "baz"
selection start: position 0 of child 0 {#text} of child 2 {DIV} of child 2 {DIV} of body
selection end:   position 3 of child 0 {#text} of child 2 {DIV} of child 2 {DIV} of body
