EDITING DELEGATE: webViewDidChangeSelection:WebViewDidChangeSelectionNotification
EDITING DELEGATE: webViewDidChangeSelection:WebViewDidChangeSelectionNotification
EDITING DELEGATE: webViewDidChangeSelection:WebViewDidChangeSelectionNotification
EDITING DELEGATE: webViewDidChange:WebViewDidChangeNotification
layer at (0,0) size 800x600
  RenderView at (0,0) size 800x600
layer at (0,0) size 800x600
  RenderBlock {HTML} at (0,0) size 800x600
    RenderBody {BODY} at (8,8) size 784x584
      RenderBlock {DIV} at (0,0) size 784x76 [border: (2px solid #0000FF)]
        RenderText {#text} at (14,14) size 756x48
          text run at (14,14) width 756: "Should see \"foo\" centered in its own red box. The \"bar\" and \"baz\" lines should"
          text run at (769,14) width 1: " "
          text run at (14,38) width 153: "not be centered."
      RenderBlock {DIV} at (0,100) size 784x128
        RenderBlock {DIV} at (0,0) size 784x128 [border: (2px solid #FF0000)]
          RenderBlock {DIV} at (14,14) size 756x24
            RenderText {#text} at (362,0) size 32x24
              text run at (362,0) width 32: "foo"
          RenderBlock {DIV} at (14,38) size 756x52 [border: (2px solid #FF0000)]
            RenderText {#text} at (14,14) size 31x24
              text run at (14,14) width 31: "bar"
          RenderBlock (anonymous) at (14,90) size 756x24
            RenderText {#text} at (0,0) size 34x24
              text run at (0,0) width 34: "baz"
caret: position 0 of child 0 {#text} of child 0 {DIV} of child 1 {DIV} of child 3 {DIV} of body
