EDITING DELEGATE: webViewDidChangeSelection:WebViewDidChangeSelectionNotification
EDITING DELEGATE: webViewDidChangeSelection:WebViewDidChangeSelectionNotification
EDITING DELEGATE: webViewDidChangeSelection:WebViewDidChangeSelectionNotification
EDITING DELEGATE: webViewDidChangeSelection:WebViewDidChangeSelectionNotification
EDITING DELEGATE: webViewDidChangeSelection:WebViewDidChangeSelectionNotification
EDITING DELEGATE: webViewDidChangeSelection:WebViewDidChangeSelectionNotification
EDITING DELEGATE: webViewDidChangeSelection:WebViewDidChangeSelectionNotification
EDITING DELEGATE: webViewDidChangeSelection:WebViewDidChangeSelectionNotification
EDITING DELEGATE: webViewDidChange:WebViewDidChangeNotification
EDITING DELEGATE: webViewDidChangeSelection:WebViewDidChangeSelectionNotification
EDITING DELEGATE: webViewDidChange:WebViewDidChangeNotification
EDITING DELEGATE: webViewDidChangeSelection:WebViewDidChangeSelectionNotification
EDITING DELEGATE: webViewDidChange:WebViewDidChangeNotification
EDITING DELEGATE: webViewDidChangeSelection:WebViewDidChangeSelectionNotification
EDITING DELEGATE: webViewDidChange:WebViewDidChangeNotification
EDITING DELEGATE: webViewDidChangeSelection:WebViewDidChangeSelectionNotification
EDITING DELEGATE: webViewDidChange:WebViewDidChangeNotification
EDITING DELEGATE: webViewDidChangeSelection:WebViewDidChangeSelectionNotification
EDITING DELEGATE: webViewDidChange:WebViewDidChangeNotification
EDITING DELEGATE: webViewDidChangeSelection:WebViewDidChangeSelectionNotification
EDITING DELEGATE: webViewDidChange:WebViewDidChangeNotification
EDITING DELEGATE: webViewDidChangeSelection:WebViewDidChangeSelectionNotification
EDITING DELEGATE: webViewDidChange:WebViewDidChangeNotification
EDITING DELEGATE: webViewDidChangeSelection:WebViewDidChangeSelectionNotification
EDITING DELEGATE: webViewDidChange:WebViewDidChangeNotification
EDITING DELEGATE: webViewDidChangeSelection:WebViewDidChangeSelectionNotification
EDITING DELEGATE: webViewDidChange:WebViewDidChangeNotification
EDITING DELEGATE: webViewDidChangeSelection:WebViewDidChangeSelectionNotification
EDITING DELEGATE: webViewDidChange:WebViewDidChangeNotification
EDITING DELEGATE: webViewDidChangeSelection:WebViewDidChangeSelectionNotification
EDITING DELEGATE: webViewDidChange:WebViewDidChangeNotification
layer at (0,0) size 800x600
  RenderView at (0,0) size 800x600
layer at (0,0) size 800x600
  RenderBlock {HTML} at (0,0) size 800x600
    RenderBody {BODY} at (8,8) size 784x584
      RenderBlock {DIV} at (0,0) size 784x100 [border: (2px solid #0000FF)]
        RenderText {#text} at (14,14) size 715x72
          text run at (14,14) width 709: "Size check should say: 30px. All text in the red boxes should appear to be"
          text run at (722,14) width 7: " "
          text run at (14,38) width 682: "24px. This test checks removing font size tags when they are no longer"
          text run at (695,38) width 7: " "
          text run at (14,62) width 100: "necessary."
      RenderBlock {DIV} at (0,124) size 784x24
        RenderText {#text} at (0,0) size 116x24
          text run at (0,0) width 116: "Size check: "
        RenderInline {SPAN} at (0,0) size 49x24
          RenderText {#text} at (115,0) size 49x24
            text run at (115,0) width 49: "30px"
      RenderBlock {DIV} at (0,164) size 784x128
        RenderBlock {DIV} at (0,0) size 784x128 [border: (2px solid #FF0000)]
          RenderBlock (anonymous) at (14,14) size 756x24
            RenderText {#text} at (0,0) size 137x24
              text run at (0,0) width 137: "There is a tide"
          RenderBlock {DIV} at (14,38) size 756x52 [border: (2px solid #FF0000)]
            RenderText {#text} at (14,14) size 196x24
              text run at (14,14) width 196: "In the affairs of men"
          RenderBlock (anonymous) at (14,90) size 756x24
            RenderText {#text} at (0,0) size 238x24
              text run at (0,0) width 238: "Which taken at the flood"
selection start: position 0 of child 0 {#text} of child 1 {DIV} of child 1 {DIV} of child 5 {DIV} of body
selection end:   position 21 of child 0 {#text} of child 1 {DIV} of child 1 {DIV} of child 5 {DIV} of body
