EDITING DELEGATE: webViewDidChangeSelection:WebViewDidChangeSelectionNotification
EDITING DELEGATE: webViewDidChangeSelection:WebViewDidChangeSelectionNotification
EDITING DELEGATE: webViewDidChangeSelection:WebViewDidChangeSelectionNotification
EDITING DELEGATE: webViewDidChangeSelection:WebViewDidChangeSelectionNotification
EDITING DELEGATE: webViewDidChangeSelection:WebViewDidChangeSelectionNotification
EDITING DELEGATE: webViewDidChangeSelection:WebViewDidChangeSelectionNotification
EDITING DELEGATE: webViewDidChange:WebViewDidChangeNotification
EDITING DELEGATE: webViewDidChangeSelection:WebViewDidChangeSelectionNotification
EDITING DELEGATE: webViewDidChange:WebViewDidChangeNotification
EDITING DELEGATE: webViewDidChangeSelection:WebViewDidChangeSelectionNotification
EDITING DELEGATE: webViewDidChange:WebViewDidChangeNotification
EDITING DELEGATE: webViewDidChangeSelection:WebViewDidChangeSelectionNotification
EDITING DELEGATE: webViewDidChange:WebViewDidChangeNotification
EDITING DELEGATE: webViewDidChangeSelection:WebViewDidChangeSelectionNotification
EDITING DELEGATE: webViewDidChange:WebViewDidChangeNotification
EDITING DELEGATE: webViewDidChangeSelection:WebViewDidChangeSelectionNotification
EDITING DELEGATE: webViewDidChange:WebViewDidChangeNotification
layer at (0,0) size 800x600
  RenderView at (0,0) size 800x600
layer at (0,0) size 800x600
  RenderBlock {HTML} at (0,0) size 800x600
    RenderBody {BODY} at (8,8) size 784x584
      RenderBlock {DIV} at (0,0) size 784x76 [border: (2px solid #0000FF)]
        RenderText {#text} at (14,14) size 748x48
          text run at (14,14) width 742: "Size check should say: 30px. All text on the first line, and the first two words"
          text run at (755,14) width 7: " "
          text run at (14,38) width 430: "of the second line, should appear to be 30px."
      RenderBlock {DIV} at (0,100) size 784x24
        RenderText {#text} at (0,0) size 116x24
          text run at (0,0) width 116: "Size check: "
        RenderInline {SPAN} at (0,0) size 49x24
          RenderText {#text} at (115,0) size 49x24
            text run at (115,0) width 49: "30px"
      RenderBlock {DIV} at (0,140) size 784x142
        RenderBlock {DIV} at (0,0) size 784x142 [border: (2px solid #FF0000)]
          RenderBlock (anonymous) at (14,14) size 756x31
            RenderInline {SPAN} at (0,0) size 171x31
              RenderText {#text} at (0,0) size 171x31
                text run at (0,0) width 171: "There is a tide"
          RenderBlock {DIV} at (14,45) size 756x59 [border: (2px solid #FF0000)]
            RenderInline {SPAN} at (0,0) size 70x31
              RenderText {#text} at (14,14) size 70x31
                text run at (14,14) width 70: "In the"
            RenderText {#text} at (83,19) size 141x24
              text run at (83,19) width 141: " affairs of men"
          RenderBlock (anonymous) at (14,104) size 756x24
            RenderText {#text} at (0,0) size 238x24
              text run at (0,0) width 238: "Which taken at the flood"
selection start: position 0 of child 0 {#text} of child 0 {SPAN} of child 1 {DIV} of child 5 {DIV} of body
selection end:   position 7 of child 0 {#text} of child 0 {SPAN} of child 1 {DIV} of child 1 {DIV} of child 5 {DIV} of body
