EDITING DELEGATE: webViewDidChangeSelection:WebViewDidChangeSelectionNotification
EDITING DELEGATE: webViewDidChangeSelection:WebViewDidChangeSelectionNotification
EDITING DELEGATE: webViewDidChangeSelection:WebViewDidChangeSelectionNotification
EDITING DELEGATE: webViewDidChangeSelection:WebViewDidChangeSelectionNotification
EDITING DELEGATE: webViewDidChange:WebViewDidChangeNotification
EDITING DELEGATE: webViewDidChangeSelection:WebViewDidChangeSelectionNotification
EDITING DELEGATE: webViewDidChange:WebViewDidChangeNotification
layer at (0,0) size 800x600
  RenderView at (0,0) size 800x600
layer at (0,0) size 800x600
  RenderBlock {HTML} at (0,0) size 800x600
    RenderBody {BODY} at (8,8) size 784x584
      RenderBlock {DIV} at (0,0) size 784x236 [border: (2px solid #0000FF)]
        RenderBlock {DIV} at (14,14) size 756x96
          RenderText {#text} at (0,0) size 68x24
            text run at (0,0) width 68: "Tests: "
          RenderBR {BR} at (0,0) size 0x0
          RenderText {#text} at (0,24) size 747x48
            text run at (0,24) width 747: "Pasting styles we should not remove during the \"smoosh styles\" process. This"
            text run at (0,48) width 151: "tests the fix for "
          RenderInline {A} at (0,0) size 257x24 [color=#0000EE]
            RenderText {#text} at (150,48) size 257x24
              text run at (150,48) width 257: "<rdar://problem/3972665>"
          RenderText {#text} at (406,48) size 733x48
            text run at (406,48) width 327: " 8A360: HTML message partially"
            text run at (0,72) width 553: "truncated on left hand side, text-indent from Script Editor"
        RenderBlock {DIV} at (14,126) size 756x96
          RenderText {#text} at (0,0) size 190x24
            text run at (0,0) width 190: "Expected Results: "
          RenderBR {BR} at (189,18) size 1x0
          RenderText {#text} at (0,24) size 754x48
            text run at (0,24) width 754: "Should see this content in the red box below: foo. Note that there should be no"
            text run at (0,48) width 142: "visible indent. "
          RenderBR {BR} at (141,66) size 1x0
          RenderText {#text} at (0,72) size 182x24
            text run at (0,72) width 182: "This demonstrates "
          RenderInline {A} at (0,0) size 53x24 [color=#0000EE]
            RenderText {#text} at (181,72) size 53x24
              text run at (181,72) width 53: "a bug"
          RenderText {#text} at (233,72) size 252x24
            text run at (233,72) width 252: ", the caret is one pixel off."
      RenderBlock {DIV} at (0,260) size 784x28
        RenderBlock {DIV} at (0,0) size 784x28 [border: (2px solid #FF0000)]
          RenderBlock {DIV} at (42,2) size 740x24
            RenderText {#text} at (-40,0) size 32x24
              text run at (-40,0) width 32: "foo"
caret: position 3 of child 0 {#text} of child 1 {DIV} of child 1 {DIV} of child 3 {DIV} of body
