EDITING DELEGATE: webViewDidChangeSelection:WebViewDidChangeSelectionNotification
EDITING DELEGATE: webViewDidChangeSelection:WebViewDidChangeSelectionNotification
EDITING DELEGATE: webViewDidChangeSelection:WebViewDidChangeSelectionNotification
EDITING DELEGATE: webViewDidChangeSelection:WebViewDidChangeSelectionNotification
EDITING DELEGATE: webViewDidChangeSelection:WebViewDidChangeSelectionNotification
EDITING DELEGATE: webViewDidChange:WebViewDidChangeNotification
EDITING DELEGATE: webViewDidChangeSelection:WebViewDidChangeSelectionNotification
EDITING DELEGATE: webViewDidChange:WebViewDidChangeNotification
EDITING DELEGATE: webViewDidChangeSelection:WebViewDidChangeSelectionNotification
EDITING DELEGATE: webViewDidChangeSelection:WebViewDidChangeSelectionNotification
EDITING DELEGATE: webViewDidChangeSelection:WebViewDidChangeSelectionNotification
EDITING DELEGATE: webViewDidChangeSelection:WebViewDidChangeSelectionNotification
EDITING DELEGATE: webViewDidChangeSelection:WebViewDidChangeSelectionNotification
EDITING DELEGATE: webViewDidChange:WebViewDidChangeNotification
layer at (0,0) size 800x600
  RenderView at (0,0) size 800x600
layer at (0,0) size 800x600
  RenderBlock {HTML} at (0,0) size 800x600
    RenderBody {BODY} at (8,8) size 784x584
      RenderBlock {DIV} at (0,0) size 784x164 [border: (2px solid #0000FF)]
        RenderBlock {DIV} at (14,14) size 756x72
          RenderText {#text} at (0,0) size 68x24
            text run at (0,0) width 68: "Tests: "
          RenderBR {BR} at (0,0) size 0x0
          RenderText {#text} at (0,24) size 718x48
            text run at (0,24) width 718: "Pasting black (document default color) text into a block of text with a non-"
            text run at (0,48) width 128: "default color."
        RenderBlock {DIV} at (14,102) size 756x48
          RenderText {#text} at (0,0) size 190x24
            text run at (0,0) width 190: "Expected Results: "
          RenderBR {BR} at (189,18) size 1x0
          RenderText {#text} at (0,24) size 438x24
            text run at (0,24) width 438: "Should see this content in the red box below: "
          RenderInline {SPAN} at (0,0) size 77x24 [color=#FF0000]
            RenderText {#text} at (437,24) size 24x24
              text run at (437,24) width 24: "ab"
            RenderInline {SPAN} at (0,0) size 34x24 [color=#000000]
              RenderText {#text} at (460,24) size 34x24
                text run at (460,24) width 34: "cde"
            RenderText {#text} at (493,24) size 21x24
              text run at (493,24) width 21: "fg"
          RenderText {#text} at (0,0) size 0x0
      RenderBlock {DIV} at (0,188) size 784x28
        RenderBlock {DIV} at (0,0) size 784x28 [border: (2px solid #FF0000)]
          RenderInline {SPAN} at (0,0) size 23x24 [color=#FF0000]
            RenderText {#text} at (2,2) size 23x24
              text run at (2,2) width 23: "ab"
          RenderText {#text} at (24,2) size 34x24
            text run at (24,2) width 34: "cde"
          RenderInline {SPAN} at (0,0) size 21x24 [color=#FF0000]
            RenderText {#text} at (57,2) size 21x24
              text run at (57,2) width 21: "fg"
caret: position 3 of child 2 {#text} of child 1 {DIV} of child 3 {DIV} of body
