EDITING DELEGATE: webViewDidChangeSelection:WebViewDidChangeSelectionNotification
EDITING DELEGATE: webViewDidChangeSelection:WebViewDidChangeSelectionNotification
EDITING DELEGATE: webViewDidChangeSelection:WebViewDidChangeSelectionNotification
EDITING DELEGATE: webViewDidChangeSelection:WebViewDidChangeSelectionNotification
EDITING DELEGATE: webViewDidChange:WebViewDidChangeNotification
EDITING DELEGATE: webViewDidChangeSelection:WebViewDidChangeSelectionNotification
EDITING DELEGATE: webViewDidChange:WebViewDidChangeNotification
EDITING DELEGATE: webViewDidChangeSelection:WebViewDidChangeSelectionNotification
EDITING DELEGATE: webViewDidChange:WebViewDidChangeNotification
EDITING DELEGATE: webViewDidChangeSelection:WebViewDidChangeSelectionNotification
EDITING DELEGATE: webViewDidChange:WebViewDidChangeNotification
EDITING DELEGATE: webViewDidChangeSelection:WebViewDidChangeSelectionNotification
EDITING DELEGATE: webViewDidChange:WebViewDidChangeNotification
EDITING DELEGATE: webViewDidChangeSelection:WebViewDidChangeSelectionNotification
EDITING DELEGATE: webViewDidChangeSelection:WebViewDidChangeSelectionNotification
EDITING DELEGATE: webViewDidChangeSelection:WebViewDidChangeSelectionNotification
EDITING DELEGATE: webViewDidChangeSelection:WebViewDidChangeSelectionNotification
EDITING DELEGATE: webViewDidChangeSelection:WebViewDidChangeSelectionNotification
EDITING DELEGATE: webViewDidChangeSelection:WebViewDidChangeSelectionNotification
EDITING DELEGATE: webViewDidChange:WebViewDidChangeNotification
layer at (0,0) size 800x600
  RenderView at (0,0) size 800x600
layer at (0,0) size 800x600
  RenderBlock {HTML} at (0,0) size 800x600
    RenderBody {BODY} at (8,8) size 784x584
      RenderBlock {DIV} at (0,0) size 784x164 [border: (2px solid #0000FF)]
        RenderBlock {DIV} at (14,14) size 756x48
          RenderText {#text} at (0,0) size 68x24
            text run at (0,0) width 68: "Tests: "
          RenderBR {BR} at (0,0) size 0x0
          RenderText {#text} at (0,24) size 694x24
            text run at (0,24) width 694: "Pasting at style boundary does not crash or produce empty style span(s)."
        RenderBlock {DIV} at (14,78) size 756x72
          RenderBlock (anonymous) at (0,0) size 756x48
            RenderText {#text} at (0,0) size 190x24
              text run at (0,0) width 190: "Expected Results: "
            RenderBR {BR} at (189,18) size 1x0
            RenderText {#text} at (0,24) size 438x24
              text run at (0,24) width 438: "Should see this content in the red box below: "
            RenderBR {BR} at (437,42) size 1x0
          RenderBlock {DIV} at (0,48) size 756x24
            RenderText {#text} at (0,0) size 137x24
              text run at (0,0) width 137: "one two three "
            RenderInline {B} at (0,0) size 45x24
              RenderText {#text} at (136,0) size 45x24
                text run at (136,0) width 45: "four"
            RenderText {#text} at (180,0) size 36x24
              text run at (180,0) width 36: "one"
      RenderBlock {DIV} at (0,188) size 784x20
        RenderBlock {DIV} at (0,0) size 784x20 [border: (2px solid #FF0000)]
          RenderText {#text} at (2,2) size 88x16
            text run at (2,2) width 88: "one two three"
          RenderInline {B} at (0,0) size 34x16
            RenderText {#text} at (89,2) size 34x16
              text run at (89,2) width 34: " four"
          RenderText {#text} at (122,2) size 24x16
            text run at (122,2) width 24: "one"
caret: position 3 of child 2 {#text} of child 1 {DIV} of child 3 {DIV} of body
