EDITING DELEGATE: webViewDidChangeSelection:WebViewDidChangeSelectionNotification
EDITING DELEGATE: webViewDidChangeSelection:WebViewDidChangeSelectionNotification
EDITING DELEGATE: webViewDidChangeSelection:WebViewDidChangeSelectionNotification
EDITING DELEGATE: webViewDidChangeSelection:WebViewDidChangeSelectionNotification
EDITING DELEGATE: webViewDidChangeSelection:WebViewDidChangeSelectionNotification
EDITING DELEGATE: webViewDidChange:WebViewDidChangeNotification
layer at (0,0) size 800x600
  RenderView at (0,0) size 800x600
layer at (0,0) size 800x600
  RenderBlock {HTML} at (0,0) size 800x600
    RenderBody {BODY} at (8,8) size 784x584
      RenderBlock {DIV} at (0,0) size 784x188 [border: (2px solid #0000FF)]
        RenderBlock {DIV} at (14,14) size 756x48
          RenderText {#text} at (0,0) size 68x24
            text run at (0,0) width 68: "Tests: "
          RenderBR {BR} at (0,0) size 0x0
          RenderText {#text} at (0,24) size 595x24
            text run at (0,24) width 595: "Style checks performed on boundaries between style changes."
        RenderBlock {DIV} at (14,78) size 756x96
          RenderBlock (anonymous) at (0,0) size 756x48
            RenderText {#text} at (0,0) size 190x24
              text run at (0,0) width 190: "Expected Results: "
            RenderBR {BR} at (189,18) size 1x0
            RenderText {#text} at (0,24) size 432x24
              text run at (0,24) width 432: "Should see this content in the red box below:"
            RenderInline {B} at (0,0) size 0x0
          RenderBlock (anonymous) at (0,48) size 756x48
            RenderBlock {DIV} at (0,0) size 756x24
              RenderText {#text} at (0,0) size 12x24
                text run at (0,0) width 12: "a"
            RenderBlock {DIV} at (0,24) size 756x24
              RenderText {#text} at (0,0) size 14x24
                text run at (0,0) width 14: "b"
          RenderBlock (anonymous) at (0,96) size 756x0
            RenderInline {B} at (0,0) size 0x0
            RenderText {#text} at (0,0) size 0x0
      RenderBlock {DIV} at (0,212) size 784x52
        RenderBlock {DIV} at (0,0) size 784x52 [border: (2px solid #FF0000)]
          RenderBlock {DIV} at (2,2) size 780x24
            RenderInline {B} at (0,0) size 12x24
              RenderText {#text} at (0,0) size 12x24
                text run at (0,0) width 12: "a"
          RenderBlock {DIV} at (2,26) size 780x24
            RenderInline {B} at (0,0) size 14x24
              RenderText {#text} at (0,0) size 14x24
                text run at (0,0) width 14: "b"
selection start: position 1 of child 0 {#text} of child 0 {B} of child 0 {DIV} of child 1 {DIV} of child 3 {DIV} of body
selection end:   position 1 of child 0 {#text} of child 0 {B} of child 1 {DIV} of child 1 {DIV} of child 3 {DIV} of body
