layer at (0,0) size 800x600
  RenderView at (0,0) size 800x600
layer at (0,0) size 800x600
  RenderBlock {HTML} at (0,0) size 800x600
    RenderBody {BODY} at (8,8) size 784x584
      RenderBlock {DETAILS} at (0,0) size 784x16
        RenderBlock {SUMMARY} at (0,0) size 784x16
          RenderDetailsMarker {DIV} at (0,2) size 10.55x10.55: down
          RenderText {#text} at (16,0) size 5x16
            text run at (16,0) width 5: " "
          RenderBlock {SPAN} at (20.94,2) size 62.42x13
            RenderText {#text} at (0,0) size 63x13
              text run at (0,0) width 63: "Details1"
          RenderText {#text} at (83,0) size 5x16
            text run at (83,0) width 5: " "
          RenderBlock {SPAN} at (87.36,2) size 62.42x13
            RenderText {#text} at (0,0) size 63x13
              text run at (0,0) width 63: "Details3"
          RenderText {#text} at (0,0) size 0x0
        RenderBlock {DIV} at (0,16) size 784x0
      RenderBlock (anonymous) at (0,16) size 784x18
        RenderButton {INPUT} at (0,0) size 40.06x18 [bgcolor=#C0C0C0]
          RenderBlock (anonymous) at (8,2.50) size 24.06x13
            RenderText {#text} at (0,0) size 25x13
              text run at (0,0) width 25: "click"
        RenderText {#text} at (0,0) size 0x0
