layer at (0,0) size 785x1448
  RenderView at (0,0) size 785x600
layer at (0,0) size 785x1448
  RenderBlock {HTML} at (0,0) size 785x1448
    RenderBody {BODY} at (8,8) size 769x1432
      RenderTable {TABLE} at (0,0) size 615x346 [border: (1px outset #808080)]
        RenderTableSection {TBODY} at (1,1) size 613x344
          RenderTableRow {TR} at (0,2) size 613x28
            RenderTableCell {TH} at (2,2) size 609x28 [border: (1px inset #808080)] [r=0 c=0 rs=1 cs=6]
              RenderText {#text} at (227,6) size 155x16
                text run at (227,6) width 155: "text-align not specified"
          RenderTableRow {TR} at (0,32) size 613x28
            RenderTableCell {TH} at (2,47) size 105x28 [border: (1px inset #808080)] [r=1 c=0 rs=2 cs=2]
              RenderText {#text} at (50,6) size 5x16
                text run at (50,6) width 5: " "
            RenderTableCell {TH} at (109,32) size 502x28 [border: (1px inset #808080)] [r=1 c=2 rs=1 cs=4]
              RenderText {#text} at (176,6) size 150x16
                text run at (176,6) width 150: "-webkit-writing-mode"
          RenderTableRow {TR} at (0,62) size 613x28
            RenderTableCell {TH} at (109,62) size 124x28 [border: (1px inset #808080)] [r=2 c=2 rs=1 cs=1]
              RenderText {#text} at (17,6) size 90x16
                text run at (17,6) width 90: "horizontal-tb"
            RenderTableCell {TH} at (235,62) size 124x28 [border: (1px inset #808080)] [r=2 c=3 rs=1 cs=1]
              RenderText {#text} at (17,6) size 90x16
                text run at (17,6) width 90: "horizontal-bt"
            RenderTableCell {TH} at (361,62) size 124x28 [border: (1px inset #808080)] [r=2 c=4 rs=1 cs=1]
              RenderText {#text} at (27,6) size 70x16
                text run at (27,6) width 70: "vertical-lr"
            RenderTableCell {TH} at (487,62) size 124x28 [border: (1px inset #808080)] [r=2 c=5 rs=1 cs=1]
              RenderText {#text} at (27,6) size 70x16
                text run at (27,6) width 70: "vertical-rl"
          RenderTableRow {TR} at (0,92) size 613x124
            RenderTableCell {TH} at (2,203) size 74x28 [border: (1px inset #808080)] [r=3 c=0 rs=4 cs=1]
              RenderText {#text} at (6,6) size 62x16
                text run at (6,6) width 62: "direction"
            RenderTableCell {TH} at (78,140) size 29x28 [border: (1px inset #808080)] [r=3 c=1 rs=1 cs=1]
              RenderText {#text} at (6,6) size 17x16
                text run at (6,6) width 17: "ltr"
            RenderTableCell {TD} at (109,92) size 124x124 [border: (1px solid #000000)] [r=3 c=2 rs=1 cs=1]
              RenderBlock {DIV} at (2,2) size 120x120
                RenderBlock {DETAILS} at (0,0) size 120x16
                  RenderBlock {SUMMARY} at (0,0) size 120x16
                    RenderDetailsMarker {DIV} at (0,2) size 10.55x10.55: right
                    RenderText {#text} at (16,0) size 61x16
                      text run at (16,0) width 61: "summary"
                RenderBlock {DETAILS} at (0,16) size 120x16
                  RenderBlock {SUMMARY} at (0,0) size 120x16
                    RenderDetailsMarker {DIV} at (0,2) size 10.55x10.55: down
                    RenderText {#text} at (16,0) size 61x16
                      text run at (16,0) width 61: "summary"
                  RenderBlock {DIV} at (0,16) size 120x0
            RenderTableCell {TD} at (235,92) size 124x124 [border: (1px solid #000000)] [r=3 c=3 rs=1 cs=1]
              RenderBlock {DIV} at (2,2) size 120x120
                RenderBlock {DETAILS} at (0,0) size 120x16
                  RenderBlock {SUMMARY} at (0,0) size 120x16
                    RenderDetailsMarker {DIV} at (0,3.45) size 10.55x10.55: right
                    RenderText {#text} at (16,0) size 61x16
                      text run at (16,0) width 61: "summary"
                RenderBlock {DETAILS} at (0,16) size 120x16
                  RenderBlock {SUMMARY} at (0,0) size 120x16
                    RenderDetailsMarker {DIV} at (0,3.45) size 10.55x10.55: up
                    RenderText {#text} at (16,0) size 61x16
                      text run at (16,0) width 61: "summary"
                  RenderBlock {DIV} at (0,16) size 120x0
            RenderTableCell {TD} at (361,92) size 124x124 [border: (1px solid #000000)] [r=3 c=4 rs=1 cs=1]
              RenderBlock {DIV} at (2,2) size 120x120
                RenderBlock {DETAILS} at (0,0) size 16x120
                  RenderBlock {SUMMARY} at (0,0) size 16x120
                    RenderDetailsMarker {DIV} at (3.45,0) size 10.55x10.55: down
                    RenderText {#text} at (0,16) size 16x61
                      text run at (0,16) width 60: "summary"
                RenderBlock {DETAILS} at (16,0) size 16x120
                  RenderBlock {SUMMARY} at (0,0) size 16x120
                    RenderDetailsMarker {DIV} at (3.45,0) size 10.55x10.55: right
                    RenderText {#text} at (0,16) size 16x61
                      text run at (0,16) width 60: "summary"
                  RenderBlock {DIV} at (16,0) size 0x120
            RenderTableCell {TD} at (487,92) size 124x124 [border: (1px solid #000000)] [r=3 c=5 rs=1 cs=1]
              RenderBlock {DIV} at (2,2) size 120x120
                RenderBlock {DETAILS} at (0,0) size 16x120
                  RenderBlock {SUMMARY} at (0,0) size 16x120
                    RenderDetailsMarker {DIV} at (2,0) size 10.55x10.55: down
                    RenderText {#text} at (0,16) size 16x61
                      text run at (0,16) width 60: "summary"
                RenderBlock {DETAILS} at (16,0) size 16x120
                  RenderBlock {SUMMARY} at (0,0) size 16x120
                    RenderDetailsMarker {DIV} at (2,0) size 10.55x10.55: left
                    RenderText {#text} at (0,16) size 16x61
                      text run at (0,16) width 60: "summary"
                  RenderBlock {DIV} at (16,0) size 0x120
          RenderTableRow {TR} at (0,218) size 613x124
            RenderTableCell {TH} at (78,266) size 29x28 [border: (1px inset #808080)] [r=4 c=1 rs=1 cs=1]
              RenderText {#text} at (6,6) size 17x16
                text run at (6,6) width 17: "rtl"
            RenderTableCell {TD} at (109,218) size 124x124 [border: (1px solid #000000)] [r=4 c=2 rs=1 cs=1]
              RenderBlock {DIV} at (2,2) size 120x120
                RenderBlock {DETAILS} at (0,0) size 120x16
                  RenderBlock {SUMMARY} at (0,0) size 120x16
                    RenderDetailsMarker {DIV} at (103.06,2) size 10.55x10.55: left
                    RenderText {#text} at (43,0) size 61x16
                      text run at (43,0) width 61: "summary"
                RenderBlock {DETAILS} at (0,16) size 120x16
                  RenderBlock {SUMMARY} at (0,0) size 120x16
                    RenderDetailsMarker {DIV} at (103.06,2) size 10.55x10.55: down
                    RenderText {#text} at (43,0) size 61x16
                      text run at (43,0) width 61: "summary"
                  RenderBlock {DIV} at (0,16) size 120x0
            RenderTableCell {TD} at (235,218) size 124x124 [border: (1px solid #000000)] [r=4 c=3 rs=1 cs=1]
              RenderBlock {DIV} at (2,2) size 120x120
                RenderBlock {DETAILS} at (0,0) size 120x16
                  RenderBlock {SUMMARY} at (0,0) size 120x16
                    RenderDetailsMarker {DIV} at (109.45,3.45) size 10.55x10.55: left
                    RenderText {#text} at (43,0) size 61x16
                      text run at (43,0) width 61: "summary"
                RenderBlock {DETAILS} at (0,16) size 120x16
                  RenderBlock {SUMMARY} at (0,0) size 120x16
                    RenderDetailsMarker {DIV} at (109.45,3.45) size 10.55x10.55: up
                    RenderText {#text} at (43,0) size 61x16
                      text run at (43,0) width 61: "summary"
                  RenderBlock {DIV} at (0,16) size 120x0
            RenderTableCell {TD} at (361,218) size 124x124 [border: (1px solid #000000)] [r=4 c=4 rs=1 cs=1]
              RenderBlock {DIV} at (2,2) size 120x120
                RenderBlock {DETAILS} at (0,0) size 16x120
                  RenderBlock {SUMMARY} at (0,0) size 16x120
                    RenderDetailsMarker {DIV} at (3.45,109.45) size 10.55x10.55: up
                    RenderText {#text} at (0,43) size 16x61
                      text run at (0,43) width 60: "summary"
                RenderBlock {DETAILS} at (16,0) size 16x120
                  RenderBlock {SUMMARY} at (0,0) size 16x120
                    RenderDetailsMarker {DIV} at (3.45,109.45) size 10.55x10.55: right
                    RenderText {#text} at (0,43) size 16x61
                      text run at (0,43) width 60: "summary"
                  RenderBlock {DIV} at (16,0) size 0x120
            RenderTableCell {TD} at (487,218) size 124x124 [border: (1px solid #000000)] [r=4 c=5 rs=1 cs=1]
              RenderBlock {DIV} at (2,2) size 120x120
                RenderBlock {DETAILS} at (0,0) size 16x120
                  RenderBlock {SUMMARY} at (0,0) size 16x120
                    RenderDetailsMarker {DIV} at (2,109.45) size 10.55x10.55: up
                    RenderText {#text} at (0,43) size 16x61
                      text run at (0,43) width 60: "summary"
                RenderBlock {DETAILS} at (16,0) size 16x120
                  RenderBlock {SUMMARY} at (0,0) size 16x120
                    RenderDetailsMarker {DIV} at (2,109.45) size 10.55x10.55: left
                    RenderText {#text} at (0,43) size 16x61
                      text run at (0,43) width 60: "summary"
                  RenderBlock {DIV} at (16,0) size 0x120
      RenderBlock (anonymous) at (0,346) size 769x16
        RenderBR {BR} at (0,0) size 0x16
      RenderTable {TABLE} at (0,362) size 615x346 [border: (1px outset #808080)]
        RenderTableSection {TBODY} at (1,1) size 613x344
          RenderTableRow {TR} at (0,2) size 613x28
            RenderTableCell {TH} at (2,2) size 609x28 [border: (1px inset #808080)] [r=0 c=0 rs=1 cs=6]
              RenderText {#text} at (256,6) size 97x16
                text run at (256,6) width 97: "text-align: left"
          RenderTableRow {TR} at (0,32) size 613x28
            RenderTableCell {TH} at (2,47) size 105x28 [border: (1px inset #808080)] [r=1 c=0 rs=2 cs=2]
              RenderText {#text} at (50,6) size 5x16
                text run at (50,6) width 5: " "
            RenderTableCell {TH} at (109,32) size 502x28 [border: (1px inset #808080)] [r=1 c=2 rs=1 cs=4]
              RenderText {#text} at (176,6) size 150x16
                text run at (176,6) width 150: "-webkit-writing-mode"
          RenderTableRow {TR} at (0,62) size 613x28
            RenderTableCell {TH} at (109,62) size 124x28 [border: (1px inset #808080)] [r=2 c=2 rs=1 cs=1]
              RenderText {#text} at (17,6) size 90x16
                text run at (17,6) width 90: "horizontal-tb"
            RenderTableCell {TH} at (235,62) size 124x28 [border: (1px inset #808080)] [r=2 c=3 rs=1 cs=1]
              RenderText {#text} at (17,6) size 90x16
                text run at (17,6) width 90: "horizontal-bt"
            RenderTableCell {TH} at (361,62) size 124x28 [border: (1px inset #808080)] [r=2 c=4 rs=1 cs=1]
              RenderText {#text} at (27,6) size 70x16
                text run at (27,6) width 70: "vertical-lr"
            RenderTableCell {TH} at (487,62) size 124x28 [border: (1px inset #808080)] [r=2 c=5 rs=1 cs=1]
              RenderText {#text} at (27,6) size 70x16
                text run at (27,6) width 70: "vertical-rl"
          RenderTableRow {TR} at (0,92) size 613x124
            RenderTableCell {TH} at (2,203) size 74x28 [border: (1px inset #808080)] [r=3 c=0 rs=4 cs=1]
              RenderText {#text} at (6,6) size 62x16
                text run at (6,6) width 62: "direction"
            RenderTableCell {TH} at (78,140) size 29x28 [border: (1px inset #808080)] [r=3 c=1 rs=1 cs=1]
              RenderText {#text} at (6,6) size 17x16
                text run at (6,6) width 17: "ltr"
            RenderTableCell {TD} at (109,92) size 124x124 [border: (1px solid #000000)] [r=3 c=2 rs=1 cs=1]
              RenderBlock {DIV} at (2,2) size 120x120
                RenderBlock {DETAILS} at (0,0) size 120x16
                  RenderBlock {SUMMARY} at (0,0) size 120x16
                    RenderDetailsMarker {DIV} at (0,2) size 10.55x10.55: right
                    RenderText {#text} at (16,0) size 61x16
                      text run at (16,0) width 61: "summary"
                RenderBlock {DETAILS} at (0,16) size 120x16
                  RenderBlock {SUMMARY} at (0,0) size 120x16
                    RenderDetailsMarker {DIV} at (0,2) size 10.55x10.55: down
                    RenderText {#text} at (16,0) size 61x16
                      text run at (16,0) width 61: "summary"
                  RenderBlock {DIV} at (0,16) size 120x0
            RenderTableCell {TD} at (235,92) size 124x124 [border: (1px solid #000000)] [r=3 c=3 rs=1 cs=1]
              RenderBlock {DIV} at (2,2) size 120x120
                RenderBlock {DETAILS} at (0,0) size 120x16
                  RenderBlock {SUMMARY} at (0,0) size 120x16
                    RenderDetailsMarker {DIV} at (0,3.45) size 10.55x10.55: right
                    RenderText {#text} at (16,0) size 61x16
                      text run at (16,0) width 61: "summary"
                RenderBlock {DETAILS} at (0,16) size 120x16
                  RenderBlock {SUMMARY} at (0,0) size 120x16
                    RenderDetailsMarker {DIV} at (0,3.45) size 10.55x10.55: up
                    RenderText {#text} at (16,0) size 61x16
                      text run at (16,0) width 61: "summary"
                  RenderBlock {DIV} at (0,16) size 120x0
            RenderTableCell {TD} at (361,92) size 124x124 [border: (1px solid #000000)] [r=3 c=4 rs=1 cs=1]
              RenderBlock {DIV} at (2,2) size 120x120
                RenderBlock {DETAILS} at (0,0) size 16x120
                  RenderBlock {SUMMARY} at (0,0) size 16x120
                    RenderDetailsMarker {DIV} at (3.45,0) size 10.55x10.55: down
                    RenderText {#text} at (0,16) size 16x61
                      text run at (0,16) width 60: "summary"
                RenderBlock {DETAILS} at (16,0) size 16x120
                  RenderBlock {SUMMARY} at (0,0) size 16x120
                    RenderDetailsMarker {DIV} at (3.45,0) size 10.55x10.55: right
                    RenderText {#text} at (0,16) size 16x61
                      text run at (0,16) width 60: "summary"
                  RenderBlock {DIV} at (16,0) size 0x120
            RenderTableCell {TD} at (487,92) size 124x124 [border: (1px solid #000000)] [r=3 c=5 rs=1 cs=1]
              RenderBlock {DIV} at (2,2) size 120x120
                RenderBlock {DETAILS} at (0,0) size 16x120
                  RenderBlock {SUMMARY} at (0,0) size 16x120
                    RenderDetailsMarker {DIV} at (2,0) size 10.55x10.55: down
                    RenderText {#text} at (0,16) size 16x61
                      text run at (0,16) width 60: "summary"
                RenderBlock {DETAILS} at (16,0) size 16x120
                  RenderBlock {SUMMARY} at (0,0) size 16x120
                    RenderDetailsMarker {DIV} at (2,0) size 10.55x10.55: left
                    RenderText {#text} at (0,16) size 16x61
                      text run at (0,16) width 60: "summary"
                  RenderBlock {DIV} at (16,0) size 0x120
          RenderTableRow {TR} at (0,218) size 613x124
            RenderTableCell {TH} at (78,266) size 29x28 [border: (1px inset #808080)] [r=4 c=1 rs=1 cs=1]
              RenderText {#text} at (6,6) size 17x16
                text run at (6,6) width 17: "rtl"
            RenderTableCell {TD} at (109,218) size 124x124 [border: (1px solid #000000)] [r=4 c=2 rs=1 cs=1]
              RenderBlock {DIV} at (2,2) size 120x120
                RenderBlock {DETAILS} at (0,0) size 120x16
                  RenderBlock {SUMMARY} at (0,0) size 120x16
                    RenderDetailsMarker {DIV} at (59.55,2) size 10.55x10.55: left
                    RenderText {#text} at (0,0) size 60x16
                      text run at (0,0) width 60: "summary"
                RenderBlock {DETAILS} at (0,16) size 120x16
                  RenderBlock {SUMMARY} at (0,0) size 120x16
                    RenderDetailsMarker {DIV} at (59.55,2) size 10.55x10.55: down
                    RenderText {#text} at (0,0) size 60x16
                      text run at (0,0) width 60: "summary"
                  RenderBlock {DIV} at (0,16) size 120x0
            RenderTableCell {TD} at (235,218) size 124x124 [border: (1px solid #000000)] [r=4 c=3 rs=1 cs=1]
              RenderBlock {DIV} at (2,2) size 120x120
                RenderBlock {DETAILS} at (0,0) size 120x16
                  RenderBlock {SUMMARY} at (0,0) size 120x16
                    RenderDetailsMarker {DIV} at (65.94,3.45) size 10.55x10.55: left
                    RenderText {#text} at (0,0) size 60x16
                      text run at (0,0) width 60: "summary"
                RenderBlock {DETAILS} at (0,16) size 120x16
                  RenderBlock {SUMMARY} at (0,0) size 120x16
                    RenderDetailsMarker {DIV} at (65.94,3.45) size 10.55x10.55: up
                    RenderText {#text} at (0,0) size 60x16
                      text run at (0,0) width 60: "summary"
                  RenderBlock {DIV} at (0,16) size 120x0
            RenderTableCell {TD} at (361,218) size 124x124 [border: (1px solid #000000)] [r=4 c=4 rs=1 cs=1]
              RenderBlock {DIV} at (2,2) size 120x120
                RenderBlock {DETAILS} at (0,0) size 16x120
                  RenderBlock {SUMMARY} at (0,0) size 16x120
                    RenderDetailsMarker {DIV} at (3.45,65.94) size 10.55x10.55: up
                    RenderText {#text} at (0,0) size 16x60
                      text run at (0,0) width 60: "summary"
                RenderBlock {DETAILS} at (16,0) size 16x120
                  RenderBlock {SUMMARY} at (0,0) size 16x120
                    RenderDetailsMarker {DIV} at (3.45,65.94) size 10.55x10.55: right
                    RenderText {#text} at (0,0) size 16x60
                      text run at (0,0) width 60: "summary"
                  RenderBlock {DIV} at (16,0) size 0x120
            RenderTableCell {TD} at (487,218) size 124x124 [border: (1px solid #000000)] [r=4 c=5 rs=1 cs=1]
              RenderBlock {DIV} at (2,2) size 120x120
                RenderBlock {DETAILS} at (0,0) size 16x120
                  RenderBlock {SUMMARY} at (0,0) size 16x120
                    RenderDetailsMarker {DIV} at (2,65.94) size 10.55x10.55: up
                    RenderText {#text} at (0,0) size 16x60
                      text run at (0,0) width 60: "summary"
                RenderBlock {DETAILS} at (16,0) size 16x120
                  RenderBlock {SUMMARY} at (0,0) size 16x120
                    RenderDetailsMarker {DIV} at (2,65.94) size 10.55x10.55: left
                    RenderText {#text} at (0,0) size 16x60
                      text run at (0,0) width 60: "summary"
                  RenderBlock {DIV} at (16,0) size 0x120
      RenderBlock (anonymous) at (0,708) size 769x16
        RenderBR {BR} at (0,0) size 0x16
      RenderTable {TABLE} at (0,724) size 615x346 [border: (1px outset #808080)]
        RenderTableSection {TBODY} at (1,1) size 613x344
          RenderTableRow {TR} at (0,2) size 613x28
            RenderTableCell {TH} at (2,2) size 609x28 [border: (1px inset #808080)] [r=0 c=0 rs=1 cs=6]
              RenderText {#text} at (246,6) size 117x16
                text run at (246,6) width 117: "text-align: center"
          RenderTableRow {TR} at (0,32) size 613x28
            RenderTableCell {TH} at (2,47) size 105x28 [border: (1px inset #808080)] [r=1 c=0 rs=2 cs=2]
              RenderText {#text} at (50,6) size 5x16
                text run at (50,6) width 5: " "
            RenderTableCell {TH} at (109,32) size 502x28 [border: (1px inset #808080)] [r=1 c=2 rs=1 cs=4]
              RenderText {#text} at (176,6) size 150x16
                text run at (176,6) width 150: "-webkit-writing-mode"
          RenderTableRow {TR} at (0,62) size 613x28
            RenderTableCell {TH} at (109,62) size 124x28 [border: (1px inset #808080)] [r=2 c=2 rs=1 cs=1]
              RenderText {#text} at (17,6) size 90x16
                text run at (17,6) width 90: "horizontal-tb"
            RenderTableCell {TH} at (235,62) size 124x28 [border: (1px inset #808080)] [r=2 c=3 rs=1 cs=1]
              RenderText {#text} at (17,6) size 90x16
                text run at (17,6) width 90: "horizontal-bt"
            RenderTableCell {TH} at (361,62) size 124x28 [border: (1px inset #808080)] [r=2 c=4 rs=1 cs=1]
              RenderText {#text} at (27,6) size 70x16
                text run at (27,6) width 70: "vertical-lr"
            RenderTableCell {TH} at (487,62) size 124x28 [border: (1px inset #808080)] [r=2 c=5 rs=1 cs=1]
              RenderText {#text} at (27,6) size 70x16
                text run at (27,6) width 70: "vertical-rl"
          RenderTableRow {TR} at (0,92) size 613x124
            RenderTableCell {TH} at (2,203) size 74x28 [border: (1px inset #808080)] [r=3 c=0 rs=4 cs=1]
              RenderText {#text} at (6,6) size 62x16
                text run at (6,6) width 62: "direction"
            RenderTableCell {TH} at (78,140) size 29x28 [border: (1px inset #808080)] [r=3 c=1 rs=1 cs=1]
              RenderText {#text} at (6,6) size 17x16
                text run at (6,6) width 17: "ltr"
            RenderTableCell {TD} at (109,92) size 124x124 [border: (1px solid #000000)] [r=3 c=2 rs=1 cs=1]
              RenderBlock {DIV} at (2,2) size 120x120
                RenderBlock {DETAILS} at (0,0) size 120x16
                  RenderBlock {SUMMARY} at (0,0) size 120x16
                    RenderDetailsMarker {DIV} at (21.75,2) size 10.55x10.55: right
                    RenderText {#text} at (38,0) size 61x16
                      text run at (38,0) width 61: "summary"
                RenderBlock {DETAILS} at (0,16) size 120x16
                  RenderBlock {SUMMARY} at (0,0) size 120x16
                    RenderDetailsMarker {DIV} at (21.75,2) size 10.55x10.55: down
                    RenderText {#text} at (38,0) size 61x16
                      text run at (38,0) width 61: "summary"
                  RenderBlock {DIV} at (0,16) size 120x0
            RenderTableCell {TD} at (235,92) size 124x124 [border: (1px solid #000000)] [r=3 c=3 rs=1 cs=1]
              RenderBlock {DIV} at (2,2) size 120x120
                RenderBlock {DETAILS} at (0,0) size 120x16
                  RenderBlock {SUMMARY} at (0,0) size 120x16
                    RenderDetailsMarker {DIV} at (21.75,3.45) size 10.55x10.55: right
                    RenderText {#text} at (38,0) size 61x16
                      text run at (38,0) width 61: "summary"
                RenderBlock {DETAILS} at (0,16) size 120x16
                  RenderBlock {SUMMARY} at (0,0) size 120x16
                    RenderDetailsMarker {DIV} at (21.75,3.45) size 10.55x10.55: up
                    RenderText {#text} at (38,0) size 61x16
                      text run at (38,0) width 61: "summary"
                  RenderBlock {DIV} at (0,16) size 120x0
            RenderTableCell {TD} at (361,92) size 124x124 [border: (1px solid #000000)] [r=3 c=4 rs=1 cs=1]
              RenderBlock {DIV} at (2,2) size 120x120
                RenderBlock {DETAILS} at (0,0) size 16x120
                  RenderBlock {SUMMARY} at (0,0) size 16x120
                    RenderDetailsMarker {DIV} at (3.45,21.75) size 10.55x10.55: down
                    RenderText {#text} at (0,38) size 16x61
                      text run at (0,38) width 60: "summary"
                RenderBlock {DETAILS} at (16,0) size 16x120
                  RenderBlock {SUMMARY} at (0,0) size 16x120
                    RenderDetailsMarker {DIV} at (3.45,21.75) size 10.55x10.55: right
                    RenderText {#text} at (0,38) size 16x61
                      text run at (0,38) width 60: "summary"
                  RenderBlock {DIV} at (16,0) size 0x120
            RenderTableCell {TD} at (487,92) size 124x124 [border: (1px solid #000000)] [r=3 c=5 rs=1 cs=1]
              RenderBlock {DIV} at (2,2) size 120x120
                RenderBlock {DETAILS} at (0,0) size 16x120
                  RenderBlock {SUMMARY} at (0,0) size 16x120
                    RenderDetailsMarker {DIV} at (2,21.75) size 10.55x10.55: down
                    RenderText {#text} at (0,38) size 16x61
                      text run at (0,38) width 60: "summary"
                RenderBlock {DETAILS} at (16,0) size 16x120
                  RenderBlock {SUMMARY} at (0,0) size 16x120
                    RenderDetailsMarker {DIV} at (2,21.75) size 10.55x10.55: left
                    RenderText {#text} at (0,38) size 16x61
                      text run at (0,38) width 60: "summary"
                  RenderBlock {DIV} at (16,0) size 0x120
          RenderTableRow {TR} at (0,218) size 613x124
            RenderTableCell {TH} at (78,266) size 29x28 [border: (1px inset #808080)] [r=4 c=1 rs=1 cs=1]
              RenderText {#text} at (6,6) size 17x16
                text run at (6,6) width 17: "rtl"
            RenderTableCell {TD} at (109,218) size 124x124 [border: (1px solid #000000)] [r=4 c=2 rs=1 cs=1]
              RenderBlock {DIV} at (2,2) size 120x120
                RenderBlock {DETAILS} at (0,0) size 120x16
                  RenderBlock {SUMMARY} at (0,0) size 120x16
                    RenderDetailsMarker {DIV} at (81.30,2) size 10.55x10.55: left
                    RenderText {#text} at (21,0) size 61x16
                      text run at (21,0) width 61: "summary"
                RenderBlock {DETAILS} at (0,16) size 120x16
                  RenderBlock {SUMMARY} at (0,0) size 120x16
                    RenderDetailsMarker {DIV} at (81.30,2) size 10.55x10.55: down
                    RenderText {#text} at (21,0) size 61x16
                      text run at (21,0) width 61: "summary"
                  RenderBlock {DIV} at (0,16) size 120x0
            RenderTableCell {TD} at (235,218) size 124x124 [border: (1px solid #000000)] [r=4 c=3 rs=1 cs=1]
              RenderBlock {DIV} at (2,2) size 120x120
                RenderBlock {DETAILS} at (0,0) size 120x16
                  RenderBlock {SUMMARY} at (0,0) size 120x16
                    RenderDetailsMarker {DIV} at (87.69,3.45) size 10.55x10.55: left
                    RenderText {#text} at (21,0) size 61x16
                      text run at (21,0) width 61: "summary"
                RenderBlock {DETAILS} at (0,16) size 120x16
                  RenderBlock {SUMMARY} at (0,0) size 120x16
                    RenderDetailsMarker {DIV} at (87.69,3.45) size 10.55x10.55: up
                    RenderText {#text} at (21,0) size 61x16
                      text run at (21,0) width 61: "summary"
                  RenderBlock {DIV} at (0,16) size 120x0
            RenderTableCell {TD} at (361,218) size 124x124 [border: (1px solid #000000)] [r=4 c=4 rs=1 cs=1]
              RenderBlock {DIV} at (2,2) size 120x120
                RenderBlock {DETAILS} at (0,0) size 16x120
                  RenderBlock {SUMMARY} at (0,0) size 16x120
                    RenderDetailsMarker {DIV} at (3.45,87.69) size 10.55x10.55: up
                    RenderText {#text} at (0,21) size 16x61
                      text run at (0,21) width 60: "summary"
                RenderBlock {DETAILS} at (16,0) size 16x120
                  RenderBlock {SUMMARY} at (0,0) size 16x120
                    RenderDetailsMarker {DIV} at (3.45,87.69) size 10.55x10.55: right
                    RenderText {#text} at (0,21) size 16x61
                      text run at (0,21) width 60: "summary"
                  RenderBlock {DIV} at (16,0) size 0x120
            RenderTableCell {TD} at (487,218) size 124x124 [border: (1px solid #000000)] [r=4 c=5 rs=1 cs=1]
              RenderBlock {DIV} at (2,2) size 120x120
                RenderBlock {DETAILS} at (0,0) size 16x120
                  RenderBlock {SUMMARY} at (0,0) size 16x120
                    RenderDetailsMarker {DIV} at (2,87.69) size 10.55x10.55: up
                    RenderText {#text} at (0,21) size 16x61
                      text run at (0,21) width 60: "summary"
                RenderBlock {DETAILS} at (16,0) size 16x120
                  RenderBlock {SUMMARY} at (0,0) size 16x120
                    RenderDetailsMarker {DIV} at (2,87.69) size 10.55x10.55: left
                    RenderText {#text} at (0,21) size 16x61
                      text run at (0,21) width 60: "summary"
                  RenderBlock {DIV} at (16,0) size 0x120
      RenderBlock (anonymous) at (0,1070) size 769x16
        RenderBR {BR} at (0,0) size 0x16
      RenderTable {TABLE} at (0,1086) size 615x346 [border: (1px outset #808080)]
        RenderTableSection {TBODY} at (1,1) size 613x344
          RenderTableRow {TR} at (0,2) size 613x28
            RenderTableCell {TH} at (2,2) size 609x28 [border: (1px inset #808080)] [r=0 c=0 rs=1 cs=6]
              RenderText {#text} at (250,6) size 109x16
                text run at (250,6) width 109: "text-align: right"
          RenderTableRow {TR} at (0,32) size 613x28
            RenderTableCell {TH} at (2,47) size 105x28 [border: (1px inset #808080)] [r=1 c=0 rs=2 cs=2]
              RenderText {#text} at (50,6) size 5x16
                text run at (50,6) width 5: " "
            RenderTableCell {TH} at (109,32) size 502x28 [border: (1px inset #808080)] [r=1 c=2 rs=1 cs=4]
              RenderText {#text} at (176,6) size 150x16
                text run at (176,6) width 150: "-webkit-writing-mode"
          RenderTableRow {TR} at (0,62) size 613x28
            RenderTableCell {TH} at (109,62) size 124x28 [border: (1px inset #808080)] [r=2 c=2 rs=1 cs=1]
              RenderText {#text} at (17,6) size 90x16
                text run at (17,6) width 90: "horizontal-tb"
            RenderTableCell {TH} at (235,62) size 124x28 [border: (1px inset #808080)] [r=2 c=3 rs=1 cs=1]
              RenderText {#text} at (17,6) size 90x16
                text run at (17,6) width 90: "horizontal-bt"
            RenderTableCell {TH} at (361,62) size 124x28 [border: (1px inset #808080)] [r=2 c=4 rs=1 cs=1]
              RenderText {#text} at (27,6) size 70x16
                text run at (27,6) width 70: "vertical-lr"
            RenderTableCell {TH} at (487,62) size 124x28 [border: (1px inset #808080)] [r=2 c=5 rs=1 cs=1]
              RenderText {#text} at (27,6) size 70x16
                text run at (27,6) width 70: "vertical-rl"
          RenderTableRow {TR} at (0,92) size 613x124
            RenderTableCell {TH} at (2,203) size 74x28 [border: (1px inset #808080)] [r=3 c=0 rs=4 cs=1]
              RenderText {#text} at (6,6) size 62x16
                text run at (6,6) width 62: "direction"
            RenderTableCell {TH} at (78,140) size 29x28 [border: (1px inset #808080)] [r=3 c=1 rs=1 cs=1]
              RenderText {#text} at (6,6) size 17x16
                text run at (6,6) width 17: "ltr"
            RenderTableCell {TD} at (109,92) size 124x124 [border: (1px solid #000000)] [r=3 c=2 rs=1 cs=1]
              RenderBlock {DIV} at (2,2) size 120x120
                RenderBlock {DETAILS} at (0,0) size 120x16
                  RenderBlock {SUMMARY} at (0,0) size 120x16
                    RenderDetailsMarker {DIV} at (43.52,2) size 10.55x10.55: right
                    RenderText {#text} at (60,0) size 60x16
                      text run at (60,0) width 60: "summary"
                RenderBlock {DETAILS} at (0,16) size 120x16
                  RenderBlock {SUMMARY} at (0,0) size 120x16
                    RenderDetailsMarker {DIV} at (43.52,2) size 10.55x10.55: down
                    RenderText {#text} at (60,0) size 60x16
                      text run at (60,0) width 60: "summary"
                  RenderBlock {DIV} at (0,16) size 120x0
            RenderTableCell {TD} at (235,92) size 124x124 [border: (1px solid #000000)] [r=3 c=3 rs=1 cs=1]
              RenderBlock {DIV} at (2,2) size 120x120
                RenderBlock {DETAILS} at (0,0) size 120x16
                  RenderBlock {SUMMARY} at (0,0) size 120x16
                    RenderDetailsMarker {DIV} at (43.52,3.45) size 10.55x10.55: right
                    RenderText {#text} at (60,0) size 60x16
                      text run at (60,0) width 60: "summary"
                RenderBlock {DETAILS} at (0,16) size 120x16
                  RenderBlock {SUMMARY} at (0,0) size 120x16
                    RenderDetailsMarker {DIV} at (43.52,3.45) size 10.55x10.55: up
                    RenderText {#text} at (60,0) size 60x16
                      text run at (60,0) width 60: "summary"
                  RenderBlock {DIV} at (0,16) size 120x0
            RenderTableCell {TD} at (361,92) size 124x124 [border: (1px solid #000000)] [r=3 c=4 rs=1 cs=1]
              RenderBlock {DIV} at (2,2) size 120x120
                RenderBlock {DETAILS} at (0,0) size 16x120
                  RenderBlock {SUMMARY} at (0,0) size 16x120
                    RenderDetailsMarker {DIV} at (3.45,43.52) size 10.55x10.55: down
                    RenderText {#text} at (0,60) size 16x60
                      text run at (0,60) width 60: "summary"
                RenderBlock {DETAILS} at (16,0) size 16x120
                  RenderBlock {SUMMARY} at (0,0) size 16x120
                    RenderDetailsMarker {DIV} at (3.45,43.52) size 10.55x10.55: right
                    RenderText {#text} at (0,60) size 16x60
                      text run at (0,60) width 60: "summary"
                  RenderBlock {DIV} at (16,0) size 0x120
            RenderTableCell {TD} at (487,92) size 124x124 [border: (1px solid #000000)] [r=3 c=5 rs=1 cs=1]
              RenderBlock {DIV} at (2,2) size 120x120
                RenderBlock {DETAILS} at (0,0) size 16x120
                  RenderBlock {SUMMARY} at (0,0) size 16x120
                    RenderDetailsMarker {DIV} at (2,43.52) size 10.55x10.55: down
                    RenderText {#text} at (0,60) size 16x60
                      text run at (0,60) width 60: "summary"
                RenderBlock {DETAILS} at (16,0) size 16x120
                  RenderBlock {SUMMARY} at (0,0) size 16x120
                    RenderDetailsMarker {DIV} at (2,43.52) size 10.55x10.55: left
                    RenderText {#text} at (0,60) size 16x60
                      text run at (0,60) width 60: "summary"
                  RenderBlock {DIV} at (16,0) size 0x120
          RenderTableRow {TR} at (0,218) size 613x124
            RenderTableCell {TH} at (78,266) size 29x28 [border: (1px inset #808080)] [r=4 c=1 rs=1 cs=1]
              RenderText {#text} at (6,6) size 17x16
                text run at (6,6) width 17: "rtl"
            RenderTableCell {TD} at (109,218) size 124x124 [border: (1px solid #000000)] [r=4 c=2 rs=1 cs=1]
              RenderBlock {DIV} at (2,2) size 120x120
                RenderBlock {DETAILS} at (0,0) size 120x16
                  RenderBlock {SUMMARY} at (0,0) size 120x16
                    RenderDetailsMarker {DIV} at (103.06,2) size 10.55x10.55: left
                    RenderText {#text} at (43,0) size 61x16
                      text run at (43,0) width 61: "summary"
                RenderBlock {DETAILS} at (0,16) size 120x16
                  RenderBlock {SUMMARY} at (0,0) size 120x16
                    RenderDetailsMarker {DIV} at (103.06,2) size 10.55x10.55: down
                    RenderText {#text} at (43,0) size 61x16
                      text run at (43,0) width 61: "summary"
                  RenderBlock {DIV} at (0,16) size 120x0
            RenderTableCell {TD} at (235,218) size 124x124 [border: (1px solid #000000)] [r=4 c=3 rs=1 cs=1]
              RenderBlock {DIV} at (2,2) size 120x120
                RenderBlock {DETAILS} at (0,0) size 120x16
                  RenderBlock {SUMMARY} at (0,0) size 120x16
                    RenderDetailsMarker {DIV} at (109.45,3.45) size 10.55x10.55: left
                    RenderText {#text} at (43,0) size 61x16
                      text run at (43,0) width 61: "summary"
                RenderBlock {DETAILS} at (0,16) size 120x16
                  RenderBlock {SUMMARY} at (0,0) size 120x16
                    RenderDetailsMarker {DIV} at (109.45,3.45) size 10.55x10.55: up
                    RenderText {#text} at (43,0) size 61x16
                      text run at (43,0) width 61: "summary"
                  RenderBlock {DIV} at (0,16) size 120x0
            RenderTableCell {TD} at (361,218) size 124x124 [border: (1px solid #000000)] [r=4 c=4 rs=1 cs=1]
              RenderBlock {DIV} at (2,2) size 120x120
                RenderBlock {DETAILS} at (0,0) size 16x120
                  RenderBlock {SUMMARY} at (0,0) size 16x120
                    RenderDetailsMarker {DIV} at (3.45,109.45) size 10.55x10.55: up
                    RenderText {#text} at (0,43) size 16x61
                      text run at (0,43) width 60: "summary"
                RenderBlock {DETAILS} at (16,0) size 16x120
                  RenderBlock {SUMMARY} at (0,0) size 16x120
                    RenderDetailsMarker {DIV} at (3.45,109.45) size 10.55x10.55: right
                    RenderText {#text} at (0,43) size 16x61
                      text run at (0,43) width 60: "summary"
                  RenderBlock {DIV} at (16,0) size 0x120
            RenderTableCell {TD} at (487,218) size 124x124 [border: (1px solid #000000)] [r=4 c=5 rs=1 cs=1]
              RenderBlock {DIV} at (2,2) size 120x120
                RenderBlock {DETAILS} at (0,0) size 16x120
                  RenderBlock {SUMMARY} at (0,0) size 16x120
                    RenderDetailsMarker {DIV} at (2,109.45) size 10.55x10.55: up
                    RenderText {#text} at (0,43) size 16x61
                      text run at (0,43) width 60: "summary"
                RenderBlock {DETAILS} at (16,0) size 16x120
                  RenderBlock {SUMMARY} at (0,0) size 16x120
                    RenderDetailsMarker {DIV} at (2,109.45) size 10.55x10.55: left
                    RenderText {#text} at (0,43) size 16x61
                      text run at (0,43) width 60: "summary"
                  RenderBlock {DIV} at (16,0) size 0x120
