layer at (0,0) size 800x600
  RenderView at (0,0) size 800x600
layer at (0,0) size 800x600
  RenderBlock {HTML} at (0,0) size 800x600
    RenderBody {BODY} at (8,8) size 784x584
      RenderBlock {DETAILS} at (0,0) size 784x128 [border: (8px solid #555599)]
        RenderBlock {SUMMARY} at (8,8) size 768x96 [border: (8px solid #9999CC)]
          RenderBlock (anonymous) at (8,8) size 752x16
            RenderDetailsMarker {DIV} at (0,2) size 10.55x10.55: down
            RenderText {#text} at (16,0) size 65x16
              text run at (16,0) width 5: " "
              text run at (20,0) width 61: "summary"
          RenderBlock {DETAILS} at (8,24) size 752x64 [border: (8px solid #995555)]
            RenderBlock {SUMMARY} at (8,8) size 736x32 [border: (8px solid #CC9999)]
              RenderDetailsMarker {DIV} at (8,10) size 10.55x10.55: down
              RenderText {#text} at (24,8) size 292x16
                text run at (24,8) width 5: " "
                text run at (28,8) width 288: "nested summary (summary-deails-summary)"
            RenderBlock {DIV} at (8,40) size 736x16
              RenderText {#text} at (0,0) size 204x16
                text run at (0,0) width 204: "nested details (summary-deails)"
        RenderBlock {DIV} at (8,104) size 768x16
          RenderText {#text} at (0,0) size 42x16
            text run at (0,0) width 42: "details"
