layer at (0,0) size 800x600
  RenderView at (0,0) size 800x600
layer at (0,0) size 800x600
  RenderBlock {HTML} at (0,0) size 800x600
    RenderBody {BODY} at (8,8) size 784x584
      RenderBlock {DETAILS} at (0,0) size 784x128 [border: (8px solid #555599)]
        RenderBlock {SUMMARY} at (8,8) size 768x32 [border: (8px solid #9999CC)]
          RenderDetailsMarker {DIV} at (8,10) size 10.55x10.55: down
          RenderText {#text} at (24,8) size 65x16
            text run at (24,8) width 5: " "
            text run at (28,8) width 61: "summary"
        RenderBlock {DIV} at (8,40) size 768x80
          RenderBlock {DETAILS} at (0,0) size 768x64 [border: (8px solid #995555)]
            RenderBlock {SUMMARY} at (8,8) size 752x32 [border: (8px solid #CC9999)]
              RenderDetailsMarker {DIV} at (8,10) size 10.55x10.55: down
              RenderText {#text} at (24,8) size 274x16
                text run at (24,8) width 5: " "
                text run at (28,8) width 270: "nested summary (details-deails-summary)"
            RenderBlock {DIV} at (8,40) size 752x16
              RenderText {#text} at (0,0) size 186x16
                text run at (0,0) width 186: "nested details (details-deails)"
          RenderBlock (anonymous) at (0,64) size 768x16
            RenderText {#text} at (0,0) size 42x16
              text run at (0,0) width 42: "details"
