layer at (0,0) size 800x600
  RenderView at (0,0) size 800x600
layer at (0,0) size 800x600
  RenderBlock {HTML} at (0,0) size 800x600
    RenderBody {BODY} at (8,8) size 784x584
      RenderBlock {DETAILS} at (0,0) size 784x16
        RenderBlock {SUMMARY} at (0,0) size 784x16
          RenderDetailsMarker {DIV} at (0,2) size 10.55x10.55: down
          RenderText {#text} at (16,0) size 61x16
            text run at (16,0) width 61: "summary"
        RenderBlock {DIV} at (0,16) size 784x0
