layer at (0,0) size 800x600
  RenderView at (0,0) size 800x600
layer at (0,0) size 800x192
  RenderBlock {HTML} at (0,0) size 800x192
    RenderBody {BODY} at (8,16) size 784x160
      RenderBlock {P} at (0,0) size 784x16
        RenderInline {B} at (0,0) size 195x16
          RenderText {#text} at (0,0) size 195x16
            text run at (0,0) width 195: "Should be bold per HTML5."
      RenderBlock {P} at (0,32) size 784x16
        RenderInline {B} at (0,0) size 161x16
          RenderInline {B} at (0,0) size 161x16
            RenderText {#text} at (0,0) size 161x16
              text run at (0,0) width 161: "Should be equally bold."
      RenderBlock {P} at (0,64) size 784x16
        RenderInline {STRONG} at (0,0) size 195x16
          RenderText {#text} at (0,0) size 195x16
            text run at (0,0) width 195: "Should be bold per HTML5."
      RenderBlock {P} at (0,96) size 784x16
        RenderInline {STRONG} at (0,0) size 161x16
          RenderInline {STRONG} at (0,0) size 161x16
            RenderText {#text} at (0,0) size 161x16
              text run at (0,0) width 161: "Should be equally bold."
      RenderBlock {P} at (0,128) size 784x32
        RenderText {#text} at (0,0) size 742x32
          text run at (0,0) width 490: "The HTML5 spec says that b and strong should render as font-weight: bold, "
          text run at (489,0) width 253: "not font-weight: bolder. The text above"
          text run at (0,16) width 205: "should all render with the same "
          text run at (204,16) width 61: "boldness."
