layer at (0,0) size 800x600
  RenderView at (0,0) size 800x600
layer at (0,0) size 800x144
  RenderBlock {HTML} at (0,0) size 800x144
    RenderBody {BODY} at (8,16) size 784x112
      RenderBlock {P} at (0,0) size 784x16
        RenderText {#text} at (0,0) size 266x16
          text run at (0,0) width 266: "This line should not have red background"
      RenderBlock {P} at (0,32) size 784x16 [bgcolor=#00FF00]
        RenderText {#text} at (0,0) size 250x16
          text run at (0,0) width 250: "This line should have lime background"
      RenderBlock {P} at (0,64) size 784x16
        RenderText {#text} at (0,0) size 266x16
          text run at (0,0) width 266: "This line should not have red background"
      RenderBlock {P} at (0,96) size 784x16 [bgcolor=#00FF00]
        RenderText {#text} at (0,0) size 250x16
          text run at (0,0) width 250: "This line should have lime background"
