layer at (0,0) size 800x600
  RenderView at (0,0) size 800x600
layer at (0,0) size 800x600
  RenderBlock {HTML} at (0,0) size 800x600
    RenderBody {BODY} at (8,8) size 784x576
      RenderBlock {P} at (0,0) size 784x16
        RenderText {#text} at (0,0) size 417x16
          text run at (0,0) width 417: "This tests the listing tag. It's an obsolete synonym for the pre tag."
      RenderBlock {DIV} at (0,32) size 784x16
        RenderText {#text} at (0,0) size 173x16
          text run at (0,0) width 173: "Text just before the listing."
      RenderBlock {LISTING} at (0,61) size 784x39
        RenderText {#text} at (0,0) size 773x39
          text run at (0,0) width 266: "This text is inside a listing tag."
          text run at (265,0) width 1: " "
          text run at (0,13) width 749: "It acts exactly like the pre tag, so the text should be monospaced and not have any line breaks."
          text run at (748,13) width 1: " "
          text run at (0,26) width 773: "Also, it eats the very first newline inside the listing, so there should not be a blank line above."
          text run at (772,26) width 1: " "
      RenderBlock {P} at (0,116) size 784x16
        RenderText {#text} at (0,0) size 601x16
          text run at (0,0) width 601: "The listing tag has a width in it. To test the JavaScript binding, this page gets the width, here: "
        RenderInline {A} at (0,0) size 25x16
          RenderText {#text} at (600,0) size 25x16
            text run at (600,0) width 25: "100"
