layer at (0,0) size 800x600
  RenderView at (0,0) size 800x600
layer at (0,0) size 800x600
  RenderBlock {HTML} at (0,0) size 800x600
    RenderBody {BODY} at (8,8) size 784x576
      RenderBlock {P} at (0,0) size 100x128
        RenderText {#text} at (0,0) size 100x128
          text run at (0,0) width 100: "This paragraph"
          text run at (0,16) width 54: "contains"
          text run at (0,32) width 100: "justified text."
          text run at (0,48) width 100: "Within the"
          text run at (0,64) width 74: "constrained"
          text run at (0,80) width 100: "width, this text"
          text run at (0,96) width 100: "should be"
          text run at (0,112) width 57: "justified."
      RenderBlock {P} at (0,144) size 100x128
        RenderText {#text} at (0,0) size 100x128
          text run at (0,0) width 100: "This paragraph"
          text run at (0,16) width 100: "also contains"
          text run at (0,32) width 100: "justified text."
          text run at (0,48) width 100: "Within the"
          text run at (0,64) width 74: "constrained"
          text run at (0,80) width 100: "width, this text"
          text run at (0,96) width 100: "should be"
          text run at (0,112) width 57: "justified."
