layer at (0,0) size 800x600
  RenderView at (0,0) size 800x600
layer at (0,0) size 800x600
  RenderBlock {HTML} at (0,0) size 800x600
    RenderBody {BODY} at (8,8) size 784x584 [bgcolor=#FFFFFF]
      RenderBlock {H2} at (0,0) size 784x24
        RenderText {#text} at (0,0) size 359x24
          text run at (0,0) width 359: "Safari Whitespace/Non-ASCII Bug"
      RenderBlock {P} at (0,43.91) size 784x32
        RenderText {#text} at (0,0) size 781x32
          text run at (0,0) width 654: "Apart from whitespace (tab and linefeed characters), the two lists below (in red) use identical HTML. "
          text run at (653,0) width 128: "Both lists should be"
          text run at (0,16) width 595: "rendered on a single line. In Safari, however, the first list shows each item on a separate line."
      RenderBlock {P} at (0,91.91) size 784x32
        RenderText {#text} at (0,0) size 764x32
          text run at (0,0) width 764: "This bug only seems to occur if the bullet character is non-ASCII (has a Unicode value higher than 127). Non-breaking"
          text run at (0,16) width 286: "spaces (&#160;), however, are an exception."
      RenderBlock (anonymous) at (0,139.91) size 784x64
        RenderBR {BR} at (0,0) size 0x16
        RenderInline {FONT} at (0,0) size 338x48 [color=#CC0000]
          RenderText {#text} at (0,16) size 338x16
            text run at (0,16) width 70: "\x{BB} England "
            text run at (69,16) width 62: "\x{BB} Ireland "
            text run at (130,16) width 73: "\x{BB} Scotland "
            text run at (202,16) width 77: "\x{BB} Germany "
            text run at (278,16) width 60: "\x{BB} France "
          RenderBR {BR} at (337,28) size 1x0
          RenderBR {BR} at (0,32) size 0x16
          RenderText {#text} at (0,48) size 338x16
            text run at (0,48) width 70: "\x{BB} England "
            text run at (69,48) width 62: "\x{BB} Ireland "
            text run at (130,48) width 73: "\x{BB} Scotland "
            text run at (202,48) width 77: "\x{BB} Germany "
            text run at (278,48) width 60: "\x{BB} France "
        RenderText {#text} at (0,0) size 0x0
        RenderBR {BR} at (0,0) size 0x0
