layer at (0,0) size 800x600
  RenderView at (0,0) size 800x600
layer at (0,0) size 800x251
  RenderBlock {HTML} at (0,0) size 800x250.88
    RenderBody {BODY} at (8,21.44) size 784x213.44
      RenderBlock {H1} at (0,0) size 784x32
        RenderText {#text} at (0,0) size 529x32
          text run at (0,0) width 529: "Letter spacing lost for emphasized text"
      RenderBlock {P} at (0,53.44) size 784x32
        RenderText {#text} at (0,0) size 289x16
          text run at (0,0) width 289: "This example demonstrates that text inside a "
        RenderInline {CODE} at (0,0) size 9x13
          RenderText {#text} at (288,2) size 9x13
            text run at (288,2) width 9: "b"
        RenderText {#text} at (296,0) size 9x16
          text run at (296,0) width 9: ", "
        RenderInline {CODE} at (0,0) size 8x13
          RenderText {#text} at (304,2) size 8x13
            text run at (304,2) width 8: "i"
        RenderText {#text} at (311,0) size 9x16
          text run at (311,0) width 9: ", "
        RenderInline {CODE} at (0,0) size 48x13
          RenderText {#text} at (319,2) size 48x13
            text run at (319,2) width 48: "strong"
        RenderText {#text} at (366,0) size 23x16
          text run at (366,0) width 23: " or "
        RenderInline {CODE} at (0,0) size 16x13
          RenderText {#text} at (388,2) size 16x13
            text run at (388,2) width 16: "em"
        RenderText {#text} at (403,0) size 115x16
          text run at (403,0) width 115: " element loses its "
        RenderInline {CODE} at (0,0) size 110x13
          RenderText {#text} at (517,2) size 110x13
            text run at (517,2) width 110: "letter-spacing"
        RenderText {#text} at (626,0) size 745x32
          text run at (626,0) width 119: " CSS attribute that"
          text run at (0,16) width 348: "should be inherited. This was discovered in Safari 1.0."
      RenderBlock {DIV} at (0,101.44) size 784x112
        RenderBlock {P} at (0,0) size 784x16
          RenderText {#text} at (0,0) size 134x16
            text run at (0,0) width 134: "Text inside "
          RenderInline {B} at (0,0) size 50x16
            RenderText {#text} at (133,0) size 50x16
              text run at (133,0) width 50: "bold"
          RenderText {#text} at (182,0) size 103x16
            text run at (182,0) width 103: " element."
        RenderBlock {P} at (0,32) size 784x16
          RenderText {#text} at (0,0) size 134x16
            text run at (0,0) width 134: "Text inside "
          RenderInline {STRONG} at (0,0) size 73x16
            RenderText {#text} at (133,0) size 73x16
              text run at (133,0) width 73: "strong"
          RenderText {#text} at (205,0) size 103x16
            text run at (205,0) width 103: " element."
        RenderBlock {P} at (0,64) size 784x16
          RenderText {#text} at (0,0) size 134x16
            text run at (0,0) width 134: "Text inside "
          RenderInline {I} at (0,0) size 62x16
            RenderText {#text} at (133,0) size 62x16
              text run at (133,0) width 62: "italic"
          RenderText {#text} at (194,0) size 103x16
            text run at (194,0) width 103: " element."
        RenderBlock {P} at (0,96) size 784x16
          RenderText {#text} at (0,0) size 134x16
            text run at (0,0) width 134: "Text inside "
          RenderInline {EM} at (0,0) size 99x16
            RenderText {#text} at (133,0) size 99x16
              text run at (133,0) width 99: "emphasis"
          RenderText {#text} at (231,0) size 102x16
            text run at (231,0) width 102: " element."
