layer at (0,0) size 800x600
  RenderView at (0,0) size 800x600
layer at (0,0) size 800x600
  RenderBlock {HTML} at (0,0) size 800x600
    RenderBody {BODY} at (8,8) size 784x576
      RenderBlock {DIV} at (0,0) size 396x180 [border: (2px solid #FF0000)]
        RenderBlock {P} at (2,18) size 392x32
          RenderText {#text} at (0,0) size 364x32
            text run at (0,0) width 364: "I\x{2019}m told this is the longest word in the English language:"
            text run at (0,16) width 190: "anti\x{AD}dis\x{AD}est\x{AD}ab\x{AD}lish\x{AD}ment\x{AD}arian\x{AD}ism."
        RenderBlock {P} at (2,66) size 392x32
          RenderText {#text} at (0,0) size 364x32
            text run at (0,0) width 364: "I\x{2019}m told this is the longest word in the English language:"
            text run at (0,16) width 190: "anti\x{AD}dis\x{AD}est\x{AD}ab\x{AD}lish\x{AD}ment\x{AD}arian\x{AD}ism."
        RenderBlock {P} at (2,114) size 392x48
          RenderText {#text} at (0,0) size 364x32
            text run at (0,0) width 364: "I\x{2019}m told this is the longest word in the English language:"
            text run at (0,16) width 76: "anti\x{AD}dis\x{AD}est\x{AD}ab\x{AD}"
          RenderBR {BR} at (75,28) size 1x0
          RenderText {#text} at (0,32) size 115x16
            text run at (0,32) width 115: "lish\x{AD}ment\x{AD}arian\x{AD}ism."
      RenderBlock {P} at (0,196) size 784x0
      RenderBlock (floating) {DIV} at (0,196) size 561.25x132 [border: (2px solid #FF0000)]
        RenderBlock {P} at (2,18) size 557.25x16
          RenderText {#text} at (0,0) size 558x16
            text run at (0,0) width 558: "I\x{2019}m told this is the longest word in the English language: anti\x{AD}dis\x{AD}est\x{AD}ab\x{AD}lish\x{AD}ment\x{AD}arian\x{AD}ism."
        RenderBlock {P} at (2,50) size 557.25x16
          RenderText {#text} at (0,0) size 558x16
            text run at (0,0) width 558: "I\x{2019}m told this is the longest word in the English language: anti\x{AD}dis\x{AD}est\x{AD}ab\x{AD}lish\x{AD}ment\x{AD}arian\x{AD}ism."
        RenderBlock {P} at (2,82) size 557.25x32
          RenderText {#text} at (0,0) size 444x16
            text run at (0,0) width 444: "I\x{2019}m told this is the longest word in the English language: anti\x{AD}dis\x{AD}est\x{AD}ab\x{AD}"
          RenderBR {BR} at (443,12) size 1x0
          RenderText {#text} at (0,16) size 115x16
            text run at (0,16) width 115: "lish\x{AD}ment\x{AD}arian\x{AD}ism."
