layer at (0,0) size 800x600
  RenderView at (0,0) size 800x600
layer at (0,0) size 800x600
  RenderBlock {HTML} at (0,0) size 800x600
    RenderBody {BODY} at (8,8) size 784x576
      RenderBlock {P} at (0,0) size 784x32
        RenderText {#text} at (0,0) size 218x16
          text run at (0,0) width 218: "This tests for a regression against "
        RenderInline {I} at (0,0) size 774x32
          RenderInline {A} at (0,0) size 355x16 [color=#0000EE]
            RenderText {#text} at (217,0) size 355x16
              text run at (217,0) width 355: "http://bugzilla.opendarwin.org/show_bug.cgi?id=6418"
          RenderText {#text} at (571,0) size 774x32
            text run at (571,0) width 5: " "
            text run at (575,0) width 199: "Incorrect scrollbar when using"
            text run at (0,16) width 283: "overflow:auto and word-wrap:break-word; "
            text run at (282,16) width 89: "in some cases"
        RenderText {#text} at (370,16) size 5x16
          text run at (370,16) width 5: "."
      RenderBlock {HR} at (0,48) size 784x2 [border: (1px inset #EEEEEE)]
      RenderBlock {P} at (0,66) size 784x16
        RenderText {#text} at (0,0) size 267x16
          text run at (0,0) width 267: "The first line should break after \x{201C}Lorem\x{201D}."
      RenderBlock {DIV} at (0,98) size 85x34 [border: (1px solid #00FFFF)]
        RenderText {#text} at (1,1) size 43x32
          text run at (1,1) width 43: "Lorem"
          text run at (1,17) width 40: "ipsum"
        RenderInline {SPAN} at (0,0) size 38x16
          RenderText {#text} at (40,17) size 38x16
            text run at (40,17) width 38: " dolor"
        RenderText {#text} at (0,0) size 0x0
      RenderBlock {HR} at (0,140) size 784x2 [border: (1px inset #EEEEEE)]
      RenderBlock {P} at (0,158) size 784x16
        RenderText {#text} at (0,0) size 672x16
          text run at (0,0) width 489: "The first line should break after the letter u, so that the gray border does not "
          text run at (488,0) width 184: "extend beyond the cyan box."
      RenderBlock {DIV} at (0,190) size 87x34 [border: (1px solid #00FFFF)]
        RenderInline {SPAN} at (0,0) size 70x32 [border: none (30px solid #C0C0C0) none]
          RenderText {#text} at (1,1) size 70x32
            text run at (1,1) width 70: "Loremipsu"
            text run at (1,17) width 13: "m"
        RenderText {#text} at (0,0) size 0x0
      RenderBlock {HR} at (0,232) size 784x2 [border: (1px inset #EEEEEE)]
      RenderBlock {P} at (0,250) size 784x16
        RenderText {#text} at (0,0) size 622x16
          text run at (0,0) width 439: "The first line should break after the letter p, so that the text does not "
          text run at (438,0) width 184: "extend beyond the cyan box."
      RenderBlock {DIV} at (0,282) size 87x34 [border: (1px solid #00FFFF)]
        RenderInline {SPAN} at (0,0) size 78x32 [border: none (30px solid #C0C0C0)]
          RenderText {#text} at (31,1) size 78x32
            text run at (31,1) width 48: "Loremi"
            text run at (1,17) width 35: "psum"
        RenderText {#text} at (0,0) size 0x0
      RenderBlock {HR} at (0,324) size 784x2 [border: (1px inset #EEEEEE)]
      RenderBlock {P} at (0,342) size 784x16
        RenderText {#text} at (0,0) size 258x16
          text run at (0,0) width 258: "\x{201C}Dolor\x{201D} should not break into two lines."
layer at (8,382) size 45x20
  RenderBlock (positioned) {DIV} at (8,382) size 44.81x20
    RenderBlock {DIV} at (0,0) size 44.81x20 [border: (1px solid #00FFFF)]
      RenderText {#text} at (1,1) size 43x18
        text run at (1,1) width 43: "Dolor"
