layer at (0,0) size 800x600
  RenderView at (0,0) size 800x600
layer at (0,0) size 800x600
  RenderBlock {HTML} at (0,0) size 800x600
    RenderBody {BODY} at (8,8) size 784x576
      RenderBlock {P} at (0,0) size 784x32
        RenderText {#text} at (0,0) size 756x32
          text run at (0,0) width 139: "This test verifies that "
          text run at (138,0) width 618: "accessing a frame's document while it is still loading does not prevent the load, but can access at"
          text run at (0,16) width 226: "least a temporary empty document."
      RenderBlock (anonymous) at (0,48) size 784x112
        RenderBR {BR} at (300,40) size 0x0
        RenderBR {BR} at (300,80) size 0x0
        RenderText {#text} at (0,80) size 166x16
          text run at (0,80) width 166: "[object HTMLDocument]"
        RenderBR {BR} at (165,92) size 1x0
        RenderText {#text} at (0,96) size 166x16
          text run at (0,96) width 166: "[object HTMLDocument]"
      RenderBlock {P} at (0,176) size 784x16
        RenderText {#text} at (0,0) size 622x16
          text run at (0,0) width 622: "If this test passes, you should see SUCCESS twice, followed by [object HTMLDocument] twice."
layer at (8,56) size 300x40
  RenderPartObject {IFRAME} at (0,0) size 300x40
    layer at (0,0) size 300x40
      RenderView at (0,0) size 300x40
    layer at (0,0) size 300x40
      RenderBlock {HTML} at (0,0) size 300x40
        RenderBody {BODY} at (8,8) size 284x24
          RenderText {#text} at (0,0) size 70x16
            text run at (0,0) width 70: "SUCCESS"
layer at (8,96) size 300x40
  RenderPartObject {IFRAME} at (0,40) size 300x40
    layer at (0,0) size 300x40
      RenderView at (0,0) size 300x40
    layer at (0,0) size 300x40
      RenderBlock {HTML} at (0,0) size 300x40
        RenderBody {BODY} at (8,8) size 284x24
          RenderText {#text} at (0,0) size 70x16
            text run at (0,0) width 70: "SUCCESS"
