layer at (0,0) size 800x600
  RenderView at (0,0) size 800x600
layer at (0,0) size 800x484
  RenderBlock {HTML} at (0,0) size 800x484
    RenderBody {BODY} at (8,16) size 784x458
      RenderBlock {P} at (0,0) size 784x32
        RenderText {#text} at (0,0) size 755x32
          text run at (0,0) width 755: "Tests that masked elements do not render until their mask images are fully loaded. You should not see any blue boxes"
          text run at (0,16) width 44: "below."
layer at (18,64) size 200x200 transparent
  RenderBlock {DIV} at (10,48) size 200x200 [bgcolor=#0000FF]
layer at (18,274) size 200x200 transparent
  RenderBlock {DIV} at (10,258) size 200x200 [bgcolor=#0000FF]
