layer at (0,0) size 800x600
  RenderView at (0,0) size 800x600
layer at (0,0) size 800x426
  RenderBlock {HTML} at (0,0) size 800x426.44
    RenderBody {BODY} at (8,18.72) size 784x399.72
      RenderBlock {H3} at (0,0) size 784x23
        RenderText {#text} at (0,0) size 92x22
          text run at (0,0) width 92: "It passes if:"
      RenderBlock {UL} at (0,41.72) size 784x60
        RenderListItem {LI} at (40,0) size 744x20
          RenderListMarker at (-18,0) size 7x19: bullet
          RenderText {#text} at (0,0) size 378x19
            text run at (0,0) width 378: "the canvas content has rounded corners (top-left and top-right)"
        RenderListItem {LI} at (40,20) size 744x20
          RenderListMarker at (-18,0) size 7x19: bullet
          RenderText {#text} at (0,0) size 337x19
            text run at (0,0) width 337: "the 10px red border is visible around the canvas content"
        RenderListItem {LI} at (40,40) size 744x20
          RenderListMarker at (-18,0) size 7x19: bullet
          RenderText {#text} at (0,0) size 148x19
            text run at (0,0) width 148: "gray border is not visible"
      RenderBlock (anonymous) at (0,117.72) size 784x282
        RenderText {#text} at (0,0) size 0x0
        RenderText {#text} at (0,0) size 0x0
layer at (8,136) size 277x277
  RenderHTMLCanvas {CANVAS} at (0,0) size 277x277 [bgcolor=#808080] [border: (10px solid #FF0000)]
