layer at (0,0) size 800x600
  RenderView at (0,0) size 800x600
layer at (0,0) size 800x80
  RenderBlock {HTML} at (0,0) size 800x80
    RenderBody {BODY} at (8,8) size 784x56
      RenderBlock (anonymous) at (0,0) size 784x20
        RenderInline {BDO} at (0,0) size 75x19
          RenderText {#text} at (0,0) size 75x19
            text run at (0,0) width 75 RTL override: "m\x{300}uspimeroL"
        RenderText {#text} at (0,0) size 0x0
      RenderBlock {P} at (0,36) size 784x20
        RenderText {#text} at (0,0) size 382x19
          text run at (0,0) width 382: "Tests that rtl selections are repainted correctly for complex text."
selection start: position 2 of child 0 {#text} of child 3 {BDO} of body
selection end:   position 6 of child 0 {#text} of child 3 {BDO} of body
