layer at (0,0) size 800x600
  RenderView at (0,0) size 800x600
layer at (0,0) size 800x259
  RenderBlock {HTML} at (0,0) size 800x259
    RenderBody {BODY} at (8,48) size 784x163
      RenderBlock {P} at (0,0) size 784x57
        RenderText {#text} at (0,1) size 428x55
          text run at (0,1) width 428: "Text, normal weight."
      RenderBlock {P} at (0,105) size 784x58
        RenderText {#text} at (0,1) size 452x56
          text run at (0,1) width 452: "Bolder than normal."
