layer at (0,0) size 800x610
  RenderView at (0,0) size 800x600
layer at (0,0) size 800x610
  RenderBlock {HTML} at (0,0) size 800x610
    RenderBody {BODY} at (8,8) size 784x594
      RenderBlock {DIV} at (0,0) size 784x29
        RenderText {#text} at (0,1) size 144x27
          text run at (0,1) width 144: "\x{653B}\x{6BBB}\x{2307}\x{30FC}\x{FF1C}\x{FF1D}4"
      RenderBlock {DIV} at (0,29) size 115x195
        RenderBlock {DIV} at (0,10) size 29x175
          RenderText {#text} at (1,0) size 27x160
            text run at (1,0) width 160: "\x{653B}\x{6BBB}\x{2307}\x{30FC}\x{FF1C}\x{FF1D}4"
        RenderBlock {DIV} at (29,10) size 28x175 [color=#0000FF]
          RenderText {#text} at (0,0) size 27x175
            text run at (0,0) width 175: "\x{653B}\x{6BBB}\x{2307}\x{30FC}\x{FF1C}\x{FF1D}4"
        RenderBlock {DIV} at (57,10) size 29x175 [color=#008080]
          RenderText {#text} at (1,0) size 27x144
            text run at (1,0) width 144: "\x{653B}\x{6BBB}\x{2307}\x{30FC}\x{FF1C}\x{FF1D}4"
        RenderBlock {DIV} at (86,10) size 29x175 [color=#A52A2A]
          RenderText {#text} at (1,0) size 27x144
            text run at (1,0) width 144: "\x{653B}\x{6BBB}\x{2307}\x{30FC}\x{FF1C}\x{FF1D}4"
      RenderBlock {DIV} at (0,224) size 115x195
        RenderBlock {DIV} at (0,10) size 29x175
          RenderText {#text} at (1,0) size 27x160
            text run at (1,0) width 160: "\x{653B}\x{6BBB}\x{2307}\x{30FC}\x{FF1C}\x{FF1D}4"
        RenderBlock {DIV} at (29,10) size 28x175 [color=#0000FF]
          RenderText {#text} at (0,0) size 27x175
            text run at (0,0) width 175: "\x{653B}\x{6BBB}\x{2307}\x{30FC}\x{FF1C}\x{FF1D}4"
        RenderBlock {DIV} at (57,10) size 29x175 [color=#008080]
          RenderText {#text} at (1,0) size 27x144
            text run at (1,0) width 144: "\x{653B}\x{6BBB}\x{2307}\x{30FC}\x{FF1C}\x{FF1D}4"
        RenderBlock {DIV} at (86,10) size 29x175 [color=#A52A2A]
          RenderText {#text} at (1,0) size 27x144
            text run at (1,0) width 144: "\x{653B}\x{6BBB}\x{2307}\x{30FC}\x{FF1C}\x{FF1D}4"
      RenderBlock {DIV} at (0,419) size 115x175
        RenderBlock {DIV} at (0,0) size 29x175
          RenderText {#text} at (1,0) size 27x160
            text run at (1,0) width 160: "\x{653B}\x{6BBB}\x{2307}\x{30FC}\x{FF1C}\x{FF1D}4"
        RenderBlock {DIV} at (29,0) size 28x175 [color=#0000FF]
          RenderText {#text} at (0,0) size 27x175
            text run at (0,0) width 175: "\x{653B}\x{6BBB}\x{2307}\x{30FC}\x{FF1C}\x{FF1D}4"
        RenderBlock {DIV} at (57,0) size 29x175 [color=#008080]
          RenderText {#text} at (1,0) size 27x144
            text run at (1,0) width 144: "\x{653B}\x{6BBB}\x{2307}\x{30FC}\x{FF1C}\x{FF1D}4"
        RenderBlock {DIV} at (86,0) size 29x175 [color=#A52A2A]
          RenderText {#text} at (1,0) size 27x160
            text run at (1,0) width 160: "\x{653B}\x{6BBB}\x{2307}\x{30FC}\x{FF1C}\x{FF1D}4"
