layer at (0,0) size 800x600
  RenderView at (0,0) size 800x600
layer at (0,0) size 800x600
  RenderBlock {HTML} at (0,0) size 800x600
    RenderBody {BODY} at (8,8) size 784x584
      RenderBlock {H3} at (0,0) size 784x19
        RenderText {#text} at (0,0) size 161x19
          text run at (0,0) width 161: "Default Appearance"
      RenderBlock (anonymous) at (0,37.72) size 784x39
        RenderText {#text} at (0,0) size 291x16
          text run at (0,0) width 291: "List color controls have different appearance."
        RenderBR {BR} at (290,12) size 1x0
        RenderBlock {INPUT} at (0,16) size 44x23 [bgcolor=#C0C0C0] [border: none (1px solid #A9A9A9) none (1px solid #A9A9A9)]
          RenderFlexibleBox {DIV} at (3,1) size 38x21
            RenderBlock {DIV} at (2,4) size 34x13 [bgcolor=#000000] [border: (1px solid #777777)]
        RenderBlock {INPUT} at (44,20) size 88x18 [bgcolor=#F8F8F8]
          RenderFlexibleBox {DIV} at (0,0) size 88x18
            RenderBlock {DIV} at (8,4) size 56x10 [bgcolor=#000000] [border: (1px solid #000000)]
        RenderText {#text} at (0,0) size 0x0
      RenderBlock {H3} at (0,95.44) size 784x19
        RenderText {#text} at (0,0) size 159x19
          text run at (0,0) width 159: "Different Font Sizes"
      RenderBlock (anonymous) at (0,133.16) size 784x39
        RenderText {#text} at (0,0) size 590x16
          text run at (0,0) width 590: "List color controls have different sizes depending on font sizes. Normal color controls don't."
        RenderBR {BR} at (589,12) size 1x0
        RenderBlock {INPUT} at (0,16) size 44x23 [bgcolor=#C0C0C0] [border: none (1px solid #A9A9A9) none (1px solid #A9A9A9)]
          RenderFlexibleBox {DIV} at (3,1) size 38x21
            RenderBlock {DIV} at (2,4) size 34x13 [bgcolor=#00FF00] [border: (1px solid #777777)]
        RenderText {#text} at (44,21) size 4x16
          text run at (44,21) width 4: " "
        RenderBlock {INPUT} at (48,16) size 44x23 [bgcolor=#C0C0C0] [border: none (1px solid #A9A9A9) none (1px solid #A9A9A9)]
          RenderFlexibleBox {DIV} at (3,1) size 38x21
            RenderBlock {DIV} at (2,4) size 34x13 [bgcolor=#00FF00] [border: (1px solid #777777)]
        RenderText {#text} at (92,21) size 4x16
          text run at (92,21) width 4: " "
        RenderBlock {INPUT} at (96,16) size 44x23 [bgcolor=#C0C0C0] [border: none (1px solid #A9A9A9) none (1px solid #A9A9A9)]
          RenderFlexibleBox {DIV} at (3,1) size 38x21
            RenderBlock {DIV} at (2,4) size 34x13 [bgcolor=#00FF00] [border: (1px solid #777777)]
        RenderText {#text} at (140,21) size 4x16
          text run at (140,21) width 4: " "
        RenderBlock {INPUT} at (144,17) size 88x21 [bgcolor=#F8F8F8]
          RenderFlexibleBox {DIV} at (0,0) size 88x21
            RenderBlock {DIV} at (8,4) size 56x13 [bgcolor=#00FF00] [border: (1px solid #000000)]
        RenderText {#text} at (232,21) size 4x16
          text run at (232,21) width 4: " "
        RenderBlock {INPUT} at (236,20) size 88x18 [bgcolor=#F8F8F8]
          RenderFlexibleBox {DIV} at (0,0) size 88x18
            RenderBlock {DIV} at (8,4) size 56x10 [bgcolor=#00FF00] [border: (1px solid #000000)]
        RenderText {#text} at (324,21) size 4x16
          text run at (324,21) width 4: " "
        RenderBlock {INPUT} at (328,23) size 88x15 [bgcolor=#F8F8F8]
          RenderFlexibleBox {DIV} at (0,0) size 88x15
            RenderBlock {DIV} at (8,4) size 56x7 [bgcolor=#00FF00] [border: (1px solid #000000)]
        RenderText {#text} at (0,0) size 0x0
      RenderBlock {H3} at (0,190.88) size 784x19
        RenderText {#text} at (0,0) size 122x19
          text run at (0,0) width 122: "Various Colors"
      RenderBlock (anonymous) at (0,228.59) size 784x23
        RenderBlock {INPUT} at (0,0) size 44x23 [bgcolor=#C0C0C0] [border: none (1px solid #A9A9A9) none (1px solid #A9A9A9)]
          RenderFlexibleBox {DIV} at (3,1) size 38x21
            RenderBlock {DIV} at (2,4) size 34x13 [bgcolor=#FF0000] [border: (1px solid #777777)]
        RenderText {#text} at (44,5) size 4x16
          text run at (44,5) width 4: " "
        RenderBlock {INPUT} at (48,0) size 44x23 [bgcolor=#C0C0C0] [border: none (1px solid #A9A9A9) none (1px solid #A9A9A9)]
          RenderFlexibleBox {DIV} at (3,1) size 38x21
            RenderBlock {DIV} at (2,4) size 34x13 [bgcolor=#00FF00] [border: (1px solid #777777)]
        RenderText {#text} at (92,5) size 4x16
          text run at (92,5) width 4: " "
        RenderBlock {INPUT} at (96,0) size 44x23 [bgcolor=#C0C0C0] [border: none (1px solid #A9A9A9) none (1px solid #A9A9A9)]
          RenderFlexibleBox {DIV} at (3,1) size 38x21
            RenderBlock {DIV} at (2,4) size 34x13 [bgcolor=#0000FF] [border: (1px solid #777777)]
        RenderText {#text} at (140,5) size 4x16
          text run at (140,5) width 4: " "
        RenderBlock {INPUT} at (144,0) size 44x23 [bgcolor=#C0C0C0] [border: none (1px solid #A9A9A9) none (1px solid #A9A9A9)]
          RenderFlexibleBox {DIV} at (3,1) size 38x21
            RenderBlock {DIV} at (2,4) size 34x13 [bgcolor=#EC008C] [border: (1px solid #777777)]
        RenderText {#text} at (188,5) size 4x16
          text run at (188,5) width 4: " "
        RenderBlock {INPUT} at (192,0) size 44x23 [bgcolor=#C0C0C0] [border: none (1px solid #A9A9A9) none (1px solid #A9A9A9)]
          RenderFlexibleBox {DIV} at (3,1) size 38x21
            RenderBlock {DIV} at (2,4) size 34x13 [bgcolor=#40E0D0] [border: (1px solid #777777)]
        RenderText {#text} at (236,5) size 4x16
          text run at (236,5) width 4: " "
        RenderBlock {INPUT} at (240,4) size 88x18 [bgcolor=#F8F8F8]
          RenderFlexibleBox {DIV} at (0,0) size 88x18
            RenderBlock {DIV} at (8,4) size 56x10 [bgcolor=#FF0000] [border: (1px solid #000000)]
        RenderText {#text} at (328,5) size 4x16
          text run at (328,5) width 4: " "
        RenderBlock {INPUT} at (332,4) size 88x18 [bgcolor=#F8F8F8]
          RenderFlexibleBox {DIV} at (0,0) size 88x18
            RenderBlock {DIV} at (8,4) size 56x10 [bgcolor=#00FF00] [border: (1px solid #000000)]
        RenderText {#text} at (420,5) size 4x16
          text run at (420,5) width 4: " "
        RenderBlock {INPUT} at (424,4) size 88x18 [bgcolor=#F8F8F8]
          RenderFlexibleBox {DIV} at (0,0) size 88x18
            RenderBlock {DIV} at (8,4) size 56x10 [bgcolor=#0000FF] [border: (1px solid #000000)]
        RenderText {#text} at (512,5) size 4x16
          text run at (512,5) width 4: " "
        RenderBlock {INPUT} at (516,4) size 88x18 [bgcolor=#F8F8F8]
          RenderFlexibleBox {DIV} at (0,0) size 88x18
            RenderBlock {DIV} at (8,4) size 56x10 [bgcolor=#EC008C] [border: (1px solid #000000)]
        RenderText {#text} at (604,5) size 4x16
          text run at (604,5) width 4: " "
        RenderBlock {INPUT} at (608,4) size 88x18 [bgcolor=#F8F8F8]
          RenderFlexibleBox {DIV} at (0,0) size 88x18
            RenderBlock {DIV} at (8,4) size 56x10 [bgcolor=#40E0D0] [border: (1px solid #000000)]
        RenderText {#text} at (0,0) size 0x0
      RenderBlock {H3} at (0,270.31) size 784x19
        RenderText {#text} at (0,0) size 116x19
          text run at (0,0) width 116: "Arbitrary Size"
      RenderBlock (anonymous) at (0,308.03) size 784x46
        RenderBlock {INPUT} at (0,10) size 100x30 [bgcolor=#C0C0C0] [border: none (1px solid #A9A9A9) none (1px solid #A9A9A9)]
          RenderFlexibleBox {DIV} at (3,1) size 94x28
            RenderBlock {DIV} at (2,4) size 90x20 [bgcolor=#FF0000] [border: (1px solid #777777)]
        RenderText {#text} at (100,22) size 4x16
          text run at (100,22) width 4: " "
        RenderBlock {INPUT} at (104,0) size 88x46 [bgcolor=#C0C0C0] [border: none (2px solid #A9A9A9) none (2px solid #A9A9A9)]
          RenderFlexibleBox {DIV} at (6,2) size 76x42
            RenderBlock {DIV} at (4,8) size 68x26 [bgcolor=#FF0000] [border: (2px solid #777777)]
        RenderText {#text} at (192,22) size 4x16
          text run at (192,22) width 4: " "
        RenderBlock {INPUT} at (196,0) size 176x46 [bgcolor=#F8F8F8] [border: (2px solid #A6A6A6)]
          RenderFlexibleBox {DIV} at (2,2) size 172x42
            RenderBlock {DIV} at (16,8) size 108x26 [bgcolor=#FF0000] [border: (2px solid #000000)]
        RenderText {#text} at (0,0) size 0x0
      RenderBlock {H3} at (0,372.75) size 784x19
        RenderText {#text} at (0,0) size 97x19
          text run at (0,0) width 97: "Other styles"
      RenderBlock (anonymous) at (0,410.47) size 784x24
        RenderBlock {INPUT} at (0,1) size 44x23 [bgcolor=#FFFF00] [border: (1px solid #A9A9A9)]
          RenderFlexibleBox {DIV} at (3,2) size 38x19
            RenderBlock {DIV} at (2,4) size 34x11 [bgcolor=#FF0000] [border: (1px solid #777777)]
        RenderText {#text} at (44,5) size 4x16
          text run at (44,5) width 4: " "
        RenderBlock {INPUT} at (48,0) size 88x23 [bgcolor=#FFFF00] [border: (1px solid #A6A6A6)]
          RenderFlexibleBox {DIV} at (1,1) size 86x21
            RenderBlock {DIV} at (8,4) size 54x13 [bgcolor=#FF0000] [border: (1px solid #000000)]
        RenderText {#text} at (136,5) size 4x16
          text run at (136,5) width 4: " "
        RenderBlock {INPUT} at (140,1) size 44x23 [bgcolor=#C0C0C0] [border: (1px solid #00FF00)]
          RenderFlexibleBox {DIV} at (3,2) size 38x19
            RenderBlock {DIV} at (2,4) size 34x11 [bgcolor=#FF0000] [border: (1px solid #777777)]
        RenderText {#text} at (184,5) size 4x16
          text run at (184,5) width 4: " "
        RenderBlock {INPUT} at (188,0) size 88x23 [bgcolor=#F8F8F8] [border: (1px solid #00FF00)]
          RenderFlexibleBox {DIV} at (1,1) size 86x21
            RenderBlock {DIV} at (8,4) size 54x13 [bgcolor=#FF0000] [border: (1px solid #000000)]
        RenderText {#text} at (0,0) size 0x0
