layer at (0,0) size 800x600
  RenderView at (0,0) size 800x600
layer at (0,0) size 800x70
  RenderBlock {HTML} at (0,0) size 800x70
    RenderBody {BODY} at (8,8) size 784x54
      RenderBlock {DIV} at (0,0) size 784x54
        RenderText {#text} at (0,0) size 755x53
          text run at (0,0) width 727: "This table shows unicode-bidi: isolate behavior (in red) with display: inline-block behavior overlapping in green. "
          text run at (726,0) width 29: "You"
          text run at (0,18) width 191: "should see no red in this test! "
          text run at (190,18) width 532: "Behavior between these two methods should be identical for non-wrapping strings,"
          text run at (0,36) width 468: "assuming unicode-bidi: isolate is implemented and functioning correctly."
layer at (8,62) size 25x400
  RenderBlock (positioned) {DIV} at (0,0) size 25.05x400 [color=#FF0000]
    RenderBlock {DIV} at (0,0) size 25.05x18
      RenderText {#text} at (0,0) size 7x17
        text run at (0,0) width 7: "\""
      RenderInline {SPAN} at (0,0) size 6x17
        RenderText {#text} at (6,0) size 6x17
          text run at (6,0) width 6: ")"
      RenderText {#text} at (11,0) size 7x17
        text run at (11,0) width 7: "("
    RenderBlock {DIV} at (0,18) size 25.05x18
      RenderText {#text} at (0,0) size 7x17
        text run at (0,0) width 7: "\""
      RenderInline {SPAN} at (0,0) size 6x17
        RenderText {#text} at (6,0) size 6x17
          text run at (6,0) width 6: ")"
      RenderText {#text} at (11,0) size 9x17
        text run at (11,0) width 9 RTL: "\x{5D1}"
    RenderBlock {DIV} at (0,36) size 25.05x18
      RenderText {#text} at (0,0) size 7x17
        text run at (0,0) width 7: "\""
      RenderInline {SPAN} at (0,0) size 6x17
        RenderText {#text} at (6,0) size 6x17
          text run at (6,0) width 6: ")"
      RenderText {#text} at (11,0) size 8x17
        text run at (11,0) width 8: "c"
    RenderBlock {DIV} at (0,54) size 25.05x18
      RenderText {#text} at (0,0) size 7x17
        text run at (0,0) width 7: "\""
      RenderInline {SPAN} at (0,0) size 6x17
        RenderText {#text} at (6,0) size 6x17
          text run at (6,0) width 6 RTL: "\x{5E0}"
      RenderText {#text} at (11,0) size 6x17
        text run at (11,0) width 6: "("
    RenderBlock {DIV} at (0,72) size 25.05x18
      RenderText {#text} at (0,0) size 7x17
        text run at (0,0) width 7: "\""
      RenderInline {SPAN} at (0,0) size 6x17
        RenderText {#text} at (6,0) size 6x17
          text run at (6,0) width 6 RTL: "\x{5E0}"
      RenderText {#text} at (11,0) size 8x17
        text run at (11,0) width 8 RTL: "\x{5D1}"
    RenderBlock {DIV} at (0,90) size 25.05x18
      RenderText {#text} at (0,0) size 7x17
        text run at (0,0) width 7: "\""
      RenderInline {SPAN} at (0,0) size 6x17
        RenderText {#text} at (6,0) size 6x17
          text run at (6,0) width 6 RTL: "\x{5E0}"
      RenderText {#text} at (11,0) size 8x17
        text run at (11,0) width 8: "c"
    RenderBlock {DIV} at (0,108) size 25.05x18
      RenderText {#text} at (0,0) size 7x17
        text run at (0,0) width 7: "\""
      RenderInline {SPAN} at (0,0) size 9x17
        RenderText {#text} at (6,0) size 9x17
          text run at (6,0) width 9: "b"
      RenderText {#text} at (14,0) size 6x17
        text run at (14,0) width 6: "("
    RenderBlock {DIV} at (0,126) size 25.05x18
      RenderText {#text} at (0,0) size 7x17
        text run at (0,0) width 7: "\""
      RenderInline {SPAN} at (0,0) size 9x17
        RenderText {#text} at (6,0) size 9x17
          text run at (6,0) width 9: "b"
      RenderText {#text} at (14,0) size 8x17
        text run at (14,0) width 8 RTL: "\x{5D1}"
    RenderBlock {DIV} at (0,144) size 25.05x18
      RenderText {#text} at (0,0) size 7x17
        text run at (0,0) width 7: "\""
      RenderInline {SPAN} at (0,0) size 9x17
        RenderText {#text} at (6,0) size 9x17
          text run at (6,0) width 9: "b"
      RenderText {#text} at (14,0) size 8x17
        text run at (14,0) width 8: "c"
    RenderBlock {DIV} at (0,162) size 25.05x18
      RenderText {#text} at (0,0) size 7x17
        text run at (0,0) width 7: "\""
      RenderInline {SPAN} at (0,0) size 6x17
        RenderText {#text} at (6,0) size 6x17
          text run at (6,0) width 6 RTL: ")"
      RenderText {#text} at (11,0) size 7x17
        text run at (11,0) width 7: "("
    RenderBlock {DIV} at (0,180) size 25.05x18
      RenderText {#text} at (0,0) size 7x17
        text run at (0,0) width 7: "\""
      RenderInline {SPAN} at (0,0) size 6x17
        RenderText {#text} at (6,0) size 6x17
          text run at (6,0) width 6 RTL: ")"
      RenderText {#text} at (11,0) size 9x17
        text run at (11,0) width 9 RTL: "\x{5D1}"
    RenderBlock {DIV} at (0,198) size 25.05x18
      RenderText {#text} at (0,0) size 7x17
        text run at (0,0) width 7: "\""
      RenderInline {SPAN} at (0,0) size 6x17
        RenderText {#text} at (6,0) size 6x17
          text run at (6,0) width 6 RTL: ")"
      RenderText {#text} at (11,0) size 8x17
        text run at (11,0) width 8: "c"
    RenderBlock {DIV} at (0,216) size 25.05x18
      RenderText {#text} at (0,0) size 7x17
        text run at (0,0) width 7: "\""
      RenderInline {SPAN} at (0,0) size 6x17
        RenderText {#text} at (6,0) size 6x17
          text run at (6,0) width 6 RTL: "\x{5E0}"
      RenderText {#text} at (11,0) size 6x17
        text run at (11,0) width 6: "("
    RenderBlock {DIV} at (0,234) size 25.05x18
      RenderText {#text} at (0,0) size 7x17
        text run at (0,0) width 7: "\""
      RenderInline {SPAN} at (0,0) size 6x17
        RenderText {#text} at (6,0) size 6x17
          text run at (6,0) width 6 RTL: "\x{5E0}"
      RenderText {#text} at (11,0) size 8x17
        text run at (11,0) width 8 RTL: "\x{5D1}"
    RenderBlock {DIV} at (0,252) size 25.05x18
      RenderText {#text} at (0,0) size 7x17
        text run at (0,0) width 7: "\""
      RenderInline {SPAN} at (0,0) size 6x17
        RenderText {#text} at (6,0) size 6x17
          text run at (6,0) width 6 RTL: "\x{5E0}"
      RenderText {#text} at (11,0) size 8x17
        text run at (11,0) width 8: "c"
    RenderBlock {DIV} at (0,270) size 25.05x18
      RenderText {#text} at (0,0) size 7x17
        text run at (0,0) width 7: "\""
      RenderInline {SPAN} at (0,0) size 9x17
        RenderText {#text} at (6,0) size 9x17
          text run at (6,0) width 9: "b"
      RenderText {#text} at (14,0) size 6x17
        text run at (14,0) width 6: "("
    RenderBlock {DIV} at (0,288) size 25.05x18
      RenderText {#text} at (0,0) size 7x17
        text run at (0,0) width 7: "\""
      RenderInline {SPAN} at (0,0) size 9x17
        RenderText {#text} at (6,0) size 9x17
          text run at (6,0) width 9: "b"
      RenderText {#text} at (14,0) size 8x17
        text run at (14,0) width 8 RTL: "\x{5D1}"
    RenderBlock {DIV} at (0,306) size 25.05x18
      RenderText {#text} at (0,0) size 7x17
        text run at (0,0) width 7: "\""
      RenderInline {SPAN} at (0,0) size 9x17
        RenderText {#text} at (6,0) size 9x17
          text run at (6,0) width 9: "b"
      RenderText {#text} at (14,0) size 8x17
        text run at (14,0) width 8: "c"
    RenderBlock {DIV} at (0,324) size 25.05x18
      RenderText {#text} at (0,0) size 10x17
        text run at (0,0) width 10 RTL: "\x{5E9}"
      RenderInline {SPAN} at (0,0) size 7x17
        RenderText {#text} at (9,0) size 7x17
          text run at (9,0) width 7: ")"
      RenderText {#text} at (15,0) size 6x17
        text run at (15,0) width 6: "("
    RenderBlock {DIV} at (0,342) size 25.05x18
      RenderText {#text} at (12,0) size 11x17
        text run at (12,0) width 11 RTL: "\x{5E9}"
      RenderInline {SPAN} at (0,0) size 6x17
        RenderText {#text} at (7,0) size 6x17
          text run at (7,0) width 6: ")"
      RenderText {#text} at (0,0) size 8x17
        text run at (0,0) width 8 RTL: "\x{5D1}"
    RenderBlock {DIV} at (0,360) size 25.05x18
      RenderText {#text} at (0,0) size 10x17
        text run at (0,0) width 10 RTL: "\x{5E9}"
      RenderInline {SPAN} at (0,0) size 7x17
        RenderText {#text} at (9,0) size 7x17
          text run at (9,0) width 7: ")"
      RenderText {#text} at (15,0) size 8x17
        text run at (15,0) width 8: "c"
    RenderBlock {DIV} at (0,378) size 25.05x18
      RenderText {#text} at (0,0) size 10x17
        text run at (0,0) width 10 RTL: "\x{5E9}"
      RenderInline {SPAN} at (0,0) size 6x17
        RenderText {#text} at (9,0) size 6x17
          text run at (9,0) width 6 RTL: "\x{5E0}"
      RenderText {#text} at (14,0) size 6x17
        text run at (14,0) width 6: "("
    RenderBlock {DIV} at (0,400) size 25.05x18
      RenderText {#text} at (12,0) size 10x17
        text run at (12,0) width 10 RTL: "\x{5E9}"
      RenderInline {SPAN} at (0,0) size 6x17
        RenderText {#text} at (7,0) size 6x17
          text run at (7,0) width 6 RTL: "\x{5E0}"
      RenderText {#text} at (0,0) size 8x17
        text run at (0,0) width 8 RTL: "\x{5D1}"
    RenderBlock {DIV} at (0,418) size 25.05x18
      RenderText {#text} at (0,0) size 10x17
        text run at (0,0) width 10 RTL: "\x{5E9}"
      RenderInline {SPAN} at (0,0) size 6x17
        RenderText {#text} at (9,0) size 6x17
          text run at (9,0) width 6 RTL: "\x{5E0}"
      RenderText {#text} at (14,0) size 8x17
        text run at (14,0) width 8: "c"
    RenderBlock {DIV} at (0,436) size 25.05x18
      RenderText {#text} at (0,0) size 10x17
        text run at (0,0) width 10 RTL: "\x{5E9}"
      RenderInline {SPAN} at (0,0) size 9x17
        RenderText {#text} at (9,0) size 9x17
          text run at (9,0) width 9: "b"
      RenderText {#text} at (17,0) size 7x17
        text run at (17,0) width 7: "("
    RenderBlock {DIV} at (0,454) size 25.05x18
      RenderText {#text} at (15,0) size 11x17
        text run at (15,0) width 11 RTL: "\x{5E9}"
      RenderInline {SPAN} at (0,0) size 9x17
        RenderText {#text} at (7,0) size 9x17
          text run at (7,0) width 9: "b"
      RenderText {#text} at (0,0) size 8x17
        text run at (0,0) width 8 RTL: "\x{5D1}"
    RenderBlock {DIV} at (0,472) size 25.05x18
      RenderText {#text} at (0,0) size 10x17
        text run at (0,0) width 10 RTL: "\x{5E9}"
      RenderInline {SPAN} at (0,0) size 9x17
        RenderText {#text} at (9,0) size 9x17
          text run at (9,0) width 9: "b"
      RenderText {#text} at (17,0) size 8x17
        text run at (17,0) width 8: "c"
    RenderBlock {DIV} at (0,490) size 25.05x18
      RenderText {#text} at (0,0) size 10x17
        text run at (0,0) width 10 RTL: "\x{5E9}"
      RenderInline {SPAN} at (0,0) size 7x17
        RenderText {#text} at (9,0) size 7x17
          text run at (9,0) width 7 RTL: ")"
      RenderText {#text} at (15,0) size 6x17
        text run at (15,0) width 6: "("
    RenderBlock {DIV} at (0,508) size 25.05x18
      RenderText {#text} at (12,0) size 11x17
        text run at (12,0) width 11 RTL: "\x{5E9}"
      RenderInline {SPAN} at (0,0) size 6x17
        RenderText {#text} at (7,0) size 6x17
          text run at (7,0) width 6 RTL: ")"
      RenderText {#text} at (0,0) size 8x17
        text run at (0,0) width 8 RTL: "\x{5D1}"
    RenderBlock {DIV} at (0,526) size 25.05x18
      RenderText {#text} at (0,0) size 10x17
        text run at (0,0) width 10 RTL: "\x{5E9}"
      RenderInline {SPAN} at (0,0) size 7x17
        RenderText {#text} at (9,0) size 7x17
          text run at (9,0) width 7 RTL: ")"
      RenderText {#text} at (15,0) size 8x17
        text run at (15,0) width 8: "c"
    RenderBlock {DIV} at (0,544) size 25.05x18
      RenderText {#text} at (0,0) size 10x17
        text run at (0,0) width 10 RTL: "\x{5E9}"
      RenderInline {SPAN} at (0,0) size 6x17
        RenderText {#text} at (9,0) size 6x17
          text run at (9,0) width 6 RTL: "\x{5E0}"
      RenderText {#text} at (14,0) size 6x17
        text run at (14,0) width 6: "("
    RenderBlock {DIV} at (0,562) size 25.05x18
      RenderText {#text} at (12,0) size 10x17
        text run at (12,0) width 10 RTL: "\x{5E9}"
      RenderInline {SPAN} at (0,0) size 6x17
        RenderText {#text} at (7,0) size 6x17
          text run at (7,0) width 6 RTL: "\x{5E0}"
      RenderText {#text} at (0,0) size 8x17
        text run at (0,0) width 8 RTL: "\x{5D1}"
    RenderBlock {DIV} at (0,580) size 25.05x18
      RenderText {#text} at (0,0) size 10x17
        text run at (0,0) width 10 RTL: "\x{5E9}"
      RenderInline {SPAN} at (0,0) size 6x17
        RenderText {#text} at (9,0) size 6x17
          text run at (9,0) width 6 RTL: "\x{5E0}"
      RenderText {#text} at (14,0) size 8x17
        text run at (14,0) width 8: "c"
    RenderBlock {DIV} at (0,598) size 25.05x18
      RenderText {#text} at (0,0) size 10x17
        text run at (0,0) width 10 RTL: "\x{5E9}"
      RenderInline {SPAN} at (0,0) size 9x17
        RenderText {#text} at (9,0) size 9x17
          text run at (9,0) width 9: "b"
      RenderText {#text} at (17,0) size 7x17
        text run at (17,0) width 7: "("
    RenderBlock {DIV} at (0,616) size 25.05x18
      RenderText {#text} at (15,0) size 11x17
        text run at (15,0) width 11 RTL: "\x{5E9}"
      RenderInline {SPAN} at (0,0) size 9x17
        RenderText {#text} at (7,0) size 9x17
          text run at (7,0) width 9: "b"
      RenderText {#text} at (0,0) size 8x17
        text run at (0,0) width 8 RTL: "\x{5D1}"
    RenderBlock {DIV} at (0,634) size 25.05x18
      RenderText {#text} at (0,0) size 10x17
        text run at (0,0) width 10 RTL: "\x{5E9}"
      RenderInline {SPAN} at (0,0) size 9x17
        RenderText {#text} at (9,0) size 9x17
          text run at (9,0) width 9: "b"
      RenderText {#text} at (17,0) size 8x17
        text run at (17,0) width 8: "c"
    RenderBlock {DIV} at (0,652) size 25.05x18
      RenderText {#text} at (0,0) size 8x17
        text run at (0,0) width 8: "a"
      RenderInline {SPAN} at (0,0) size 6x17
        RenderText {#text} at (7,0) size 6x17
          text run at (7,0) width 6: ")"
      RenderText {#text} at (12,0) size 6x17
        text run at (12,0) width 6: "("
    RenderBlock {DIV} at (0,670) size 25.05x18
      RenderText {#text} at (0,0) size 8x17
        text run at (0,0) width 8: "a"
      RenderInline {SPAN} at (0,0) size 6x17
        RenderText {#text} at (7,0) size 6x17
          text run at (7,0) width 6: ")"
      RenderText {#text} at (12,0) size 8x17
        text run at (12,0) width 8 RTL: "\x{5D1}"
    RenderBlock {DIV} at (0,688) size 25.05x18
      RenderText {#text} at (0,0) size 8x17
        text run at (0,0) width 8: "a"
      RenderInline {SPAN} at (0,0) size 6x17
        RenderText {#text} at (7,0) size 6x17
          text run at (7,0) width 6: ")"
      RenderText {#text} at (12,0) size 8x17
        text run at (12,0) width 8: "c"
    RenderBlock {DIV} at (0,706) size 25.05x18
      RenderText {#text} at (0,0) size 8x17
        text run at (0,0) width 8: "a"
      RenderInline {SPAN} at (0,0) size 5x17
        RenderText {#text} at (7,0) size 5x17
          text run at (7,0) width 5 RTL: "\x{5E0}"
      RenderText {#text} at (11,0) size 7x17
        text run at (11,0) width 7: "("
    RenderBlock {DIV} at (0,724) size 25.05x18
      RenderText {#text} at (0,0) size 8x17
        text run at (0,0) width 8: "a"
      RenderInline {SPAN} at (0,0) size 5x17
        RenderText {#text} at (7,0) size 5x17
          text run at (7,0) width 5 RTL: "\x{5E0}"
      RenderText {#text} at (11,0) size 9x17
        text run at (11,0) width 9 RTL: "\x{5D1}"
    RenderBlock {DIV} at (0,742) size 25.05x18
      RenderText {#text} at (0,0) size 8x17
        text run at (0,0) width 8: "a"
      RenderInline {SPAN} at (0,0) size 5x17
        RenderText {#text} at (7,0) size 5x17
          text run at (7,0) width 5 RTL: "\x{5E0}"
      RenderText {#text} at (11,0) size 9x17
        text run at (11,0) width 9: "c"
    RenderBlock {DIV} at (0,760) size 25.05x18
      RenderText {#text} at (0,0) size 8x17
        text run at (0,0) width 8: "a"
      RenderInline {SPAN} at (0,0) size 9x17
        RenderText {#text} at (7,0) size 9x17
          text run at (7,0) width 9: "b"
      RenderText {#text} at (15,0) size 6x17
        text run at (15,0) width 6: "("
    RenderBlock {DIV} at (0,778) size 25.05x18
      RenderText {#text} at (0,0) size 8x17
        text run at (0,0) width 8: "a"
      RenderInline {SPAN} at (0,0) size 9x17
        RenderText {#text} at (7,0) size 9x17
          text run at (7,0) width 9: "b"
      RenderText {#text} at (15,0) size 8x17
        text run at (15,0) width 8 RTL: "\x{5D1}"
    RenderBlock {DIV} at (0,800) size 25.05x18
      RenderText {#text} at (0,0) size 8x17
        text run at (0,0) width 8: "a"
      RenderInline {SPAN} at (0,0) size 9x17
        RenderText {#text} at (7,0) size 9x17
          text run at (7,0) width 9: "b"
      RenderText {#text} at (15,0) size 8x17
        text run at (15,0) width 8: "c"
    RenderBlock {DIV} at (0,818) size 25.05x18
      RenderText {#text} at (0,0) size 8x17
        text run at (0,0) width 8: "a"
      RenderInline {SPAN} at (0,0) size 6x17
        RenderText {#text} at (7,0) size 6x17
          text run at (7,0) width 6 RTL: ")"
      RenderText {#text} at (12,0) size 6x17
        text run at (12,0) width 6: "("
    RenderBlock {DIV} at (0,836) size 25.05x18
      RenderText {#text} at (0,0) size 8x17
        text run at (0,0) width 8: "a"
      RenderInline {SPAN} at (0,0) size 6x17
        RenderText {#text} at (7,0) size 6x17
          text run at (7,0) width 6 RTL: ")"
      RenderText {#text} at (12,0) size 8x17
        text run at (12,0) width 8 RTL: "\x{5D1}"
    RenderBlock {DIV} at (0,854) size 25.05x18
      RenderText {#text} at (0,0) size 8x17
        text run at (0,0) width 8: "a"
      RenderInline {SPAN} at (0,0) size 6x17
        RenderText {#text} at (7,0) size 6x17
          text run at (7,0) width 6 RTL: ")"
      RenderText {#text} at (12,0) size 8x17
        text run at (12,0) width 8: "c"
    RenderBlock {DIV} at (0,872) size 25.05x18
      RenderText {#text} at (0,0) size 8x17
        text run at (0,0) width 8: "a"
      RenderInline {SPAN} at (0,0) size 5x17
        RenderText {#text} at (7,0) size 5x17
          text run at (7,0) width 5 RTL: "\x{5E0}"
      RenderText {#text} at (11,0) size 7x17
        text run at (11,0) width 7: "("
    RenderBlock {DIV} at (0,890) size 25.05x18
      RenderText {#text} at (0,0) size 8x17
        text run at (0,0) width 8: "a"
      RenderInline {SPAN} at (0,0) size 5x17
        RenderText {#text} at (7,0) size 5x17
          text run at (7,0) width 5 RTL: "\x{5E0}"
      RenderText {#text} at (11,0) size 9x17
        text run at (11,0) width 9 RTL: "\x{5D1}"
    RenderBlock {DIV} at (0,908) size 25.05x18
      RenderText {#text} at (0,0) size 8x17
        text run at (0,0) width 8: "a"
      RenderInline {SPAN} at (0,0) size 5x17
        RenderText {#text} at (7,0) size 5x17
          text run at (7,0) width 5 RTL: "\x{5E0}"
      RenderText {#text} at (11,0) size 9x17
        text run at (11,0) width 9: "c"
    RenderBlock {DIV} at (0,926) size 25.05x18
      RenderText {#text} at (0,0) size 8x17
        text run at (0,0) width 8: "a"
      RenderInline {SPAN} at (0,0) size 9x17
        RenderText {#text} at (7,0) size 9x17
          text run at (7,0) width 9: "b"
      RenderText {#text} at (15,0) size 6x17
        text run at (15,0) width 6: "("
    RenderBlock {DIV} at (0,944) size 25.05x18
      RenderText {#text} at (0,0) size 8x17
        text run at (0,0) width 8: "a"
      RenderInline {SPAN} at (0,0) size 9x17
        RenderText {#text} at (7,0) size 9x17
          text run at (7,0) width 9: "b"
      RenderText {#text} at (15,0) size 8x17
        text run at (15,0) width 8 RTL: "\x{5D1}"
    RenderBlock {DIV} at (0,962) size 25.05x18
      RenderText {#text} at (0,0) size 8x17
        text run at (0,0) width 8: "a"
      RenderInline {SPAN} at (0,0) size 9x17
        RenderText {#text} at (7,0) size 9x17
          text run at (7,0) width 9: "b"
      RenderText {#text} at (15,0) size 8x17
        text run at (15,0) width 8: "c"
    RenderBlock {DIV} at (0,980) size 25.05x18
      RenderText {#text} at (18,0) size 8x17
        text run at (18,0) width 8 RTL: "\""
      RenderInline {SPAN} at (0,0) size 6x17
        RenderText {#text} at (13,0) size 6x17
          text run at (13,0) width 6: ")"
      RenderText {#text} at (7,0) size 7x17
        text run at (7,0) width 7 RTL: "("
    RenderBlock {DIV} at (0,998) size 25.05x18
      RenderText {#text} at (18,0) size 8x17
        text run at (18,0) width 8 RTL: "\""
      RenderInline {SPAN} at (0,0) size 6x17
        RenderText {#text} at (13,0) size 6x17
          text run at (13,0) width 6: ")"
      RenderText {#text} at (5,0) size 9x17
        text run at (5,0) width 9 RTL: "\x{5D1}"
    RenderBlock {DIV} at (0,1016) size 25.05x18
      RenderText {#text} at (18,0) size 8x17
        text run at (18,0) width 8 RTL: "\""
      RenderInline {SPAN} at (0,0) size 6x17
        RenderText {#text} at (13,0) size 6x17
          text run at (13,0) width 6: ")"
      RenderText {#text} at (6,0) size 8x17
        text run at (6,0) width 8: "c"
    RenderBlock {DIV} at (0,1034) size 25.05x18
      RenderText {#text} at (18,0) size 8x17
        text run at (18,0) width 8 RTL: "\""
      RenderInline {SPAN} at (0,0) size 6x17
        RenderText {#text} at (13,0) size 6x17
          text run at (13,0) width 6 RTL: "\x{5E0}"
      RenderText {#text} at (8,0) size 6x17
        text run at (8,0) width 6 RTL: "("
    RenderBlock {DIV} at (0,1052) size 25.05x18
      RenderText {#text} at (18,0) size 8x17
        text run at (18,0) width 8 RTL: "\""
      RenderInline {SPAN} at (0,0) size 6x17
        RenderText {#text} at (13,0) size 6x17
          text run at (13,0) width 6 RTL: "\x{5E0}"
      RenderText {#text} at (6,0) size 8x17
        text run at (6,0) width 8 RTL: "\x{5D1}"
    RenderBlock {DIV} at (0,1070) size 25.05x18
      RenderText {#text} at (18,0) size 8x17
        text run at (18,0) width 8 RTL: "\""
      RenderInline {SPAN} at (0,0) size 6x17
        RenderText {#text} at (13,0) size 6x17
          text run at (13,0) width 6 RTL: "\x{5E0}"
      RenderText {#text} at (6,0) size 8x17
        text run at (6,0) width 8: "c"
    RenderBlock {DIV} at (0,1088) size 25.05x18
      RenderText {#text} at (18,0) size 8x17
        text run at (18,0) width 8 RTL: "\""
      RenderInline {SPAN} at (0,0) size 9x17
        RenderText {#text} at (10,0) size 9x17
          text run at (10,0) width 9: "b"
      RenderText {#text} at (5,0) size 6x17
        text run at (5,0) width 6 RTL: "("
    RenderBlock {DIV} at (0,1106) size 25.05x18
      RenderText {#text} at (18,0) size 8x17
        text run at (18,0) width 8 RTL: "\""
      RenderInline {SPAN} at (0,0) size 9x17
        RenderText {#text} at (10,0) size 9x17
          text run at (10,0) width 9: "b"
      RenderText {#text} at (3,0) size 8x17
        text run at (3,0) width 8 RTL: "\x{5D1}"
    RenderBlock {DIV} at (0,1124) size 25.05x18
      RenderText {#text} at (18,0) size 8x17
        text run at (18,0) width 8 RTL: "\""
      RenderInline {SPAN} at (0,0) size 9x17
        RenderText {#text} at (10,0) size 9x17
          text run at (10,0) width 9: "b"
      RenderText {#text} at (3,0) size 8x17
        text run at (3,0) width 8: "c"
    RenderBlock {DIV} at (0,1142) size 25.05x18
      RenderText {#text} at (18,0) size 8x17
        text run at (18,0) width 8 RTL: "\""
      RenderInline {SPAN} at (0,0) size 6x17
        RenderText {#text} at (13,0) size 6x17
          text run at (13,0) width 6 RTL: ")"
      RenderText {#text} at (7,0) size 7x17
        text run at (7,0) width 7 RTL: "("
    RenderBlock {DIV} at (0,1160) size 25.05x18
      RenderText {#text} at (18,0) size 8x17
        text run at (18,0) width 8 RTL: "\""
      RenderInline {SPAN} at (0,0) size 6x17
        RenderText {#text} at (13,0) size 6x17
          text run at (13,0) width 6 RTL: ")"
      RenderText {#text} at (5,0) size 9x17
        text run at (5,0) width 9 RTL: "\x{5D1}"
    RenderBlock {DIV} at (0,1178) size 25.05x18
      RenderText {#text} at (18,0) size 8x17
        text run at (18,0) width 8 RTL: "\""
      RenderInline {SPAN} at (0,0) size 6x17
        RenderText {#text} at (13,0) size 6x17
          text run at (13,0) width 6 RTL: ")"
      RenderText {#text} at (6,0) size 8x17
        text run at (6,0) width 8: "c"
    RenderBlock {DIV} at (0,1200) size 25.05x18
      RenderText {#text} at (18,0) size 8x17
        text run at (18,0) width 8 RTL: "\""
      RenderInline {SPAN} at (0,0) size 6x17
        RenderText {#text} at (13,0) size 6x17
          text run at (13,0) width 6 RTL: "\x{5E0}"
      RenderText {#text} at (8,0) size 6x17
        text run at (8,0) width 6 RTL: "("
    RenderBlock {DIV} at (0,1218) size 25.05x18
      RenderText {#text} at (18,0) size 8x17
        text run at (18,0) width 8 RTL: "\""
      RenderInline {SPAN} at (0,0) size 6x17
        RenderText {#text} at (13,0) size 6x17
          text run at (13,0) width 6 RTL: "\x{5E0}"
      RenderText {#text} at (6,0) size 8x17
        text run at (6,0) width 8 RTL: "\x{5D1}"
    RenderBlock {DIV} at (0,1236) size 25.05x18
      RenderText {#text} at (18,0) size 8x17
        text run at (18,0) width 8 RTL: "\""
      RenderInline {SPAN} at (0,0) size 6x17
        RenderText {#text} at (13,0) size 6x17
          text run at (13,0) width 6 RTL: "\x{5E0}"
      RenderText {#text} at (6,0) size 8x17
        text run at (6,0) width 8: "c"
    RenderBlock {DIV} at (0,1254) size 25.05x18
      RenderText {#text} at (18,0) size 8x17
        text run at (18,0) width 8 RTL: "\""
      RenderInline {SPAN} at (0,0) size 9x17
        RenderText {#text} at (10,0) size 9x17
          text run at (10,0) width 9: "b"
      RenderText {#text} at (5,0) size 6x17
        text run at (5,0) width 6 RTL: "("
    RenderBlock {DIV} at (0,1272) size 25.05x18
      RenderText {#text} at (18,0) size 8x17
        text run at (18,0) width 8 RTL: "\""
      RenderInline {SPAN} at (0,0) size 9x17
        RenderText {#text} at (10,0) size 9x17
          text run at (10,0) width 9: "b"
      RenderText {#text} at (3,0) size 8x17
        text run at (3,0) width 8 RTL: "\x{5D1}"
    RenderBlock {DIV} at (0,1290) size 25.05x18
      RenderText {#text} at (18,0) size 8x17
        text run at (18,0) width 8 RTL: "\""
      RenderInline {SPAN} at (0,0) size 9x17
        RenderText {#text} at (10,0) size 9x17
          text run at (10,0) width 9: "b"
      RenderText {#text} at (3,0) size 8x17
        text run at (3,0) width 8: "c"
    RenderBlock {DIV} at (0,1308) size 25.05x18
      RenderText {#text} at (15,0) size 11x17
        text run at (15,0) width 11 RTL: "\x{5E9}"
      RenderInline {SPAN} at (0,0) size 7x17
        RenderText {#text} at (9,0) size 7x17
          text run at (9,0) width 7: ")"
      RenderText {#text} at (4,0) size 6x17
        text run at (4,0) width 6 RTL: "("
    RenderBlock {DIV} at (0,1326) size 25.05x18
      RenderText {#text} at (15,0) size 11x17
        text run at (15,0) width 11 RTL: "\x{5E9}"
      RenderInline {SPAN} at (0,0) size 7x17
        RenderText {#text} at (9,0) size 7x17
          text run at (9,0) width 7: ")"
      RenderText {#text} at (2,0) size 8x17
        text run at (2,0) width 8 RTL: "\x{5D1}"
    RenderBlock {DIV} at (0,1344) size 25.05x18
      RenderText {#text} at (15,0) size 11x17
        text run at (15,0) width 11 RTL: "\x{5E9}"
      RenderInline {SPAN} at (0,0) size 7x17
        RenderText {#text} at (9,0) size 7x17
          text run at (9,0) width 7: ")"
      RenderText {#text} at (2,0) size 8x17
        text run at (2,0) width 8: "c"
    RenderBlock {DIV} at (0,1362) size 25.05x18
      RenderText {#text} at (15,0) size 11x17
        text run at (15,0) width 11 RTL: "\x{5E9}"
      RenderInline {SPAN} at (0,0) size 6x17
        RenderText {#text} at (10,0) size 6x17
          text run at (10,0) width 6 RTL: "\x{5E0}"
      RenderText {#text} at (5,0) size 6x17
        text run at (5,0) width 6 RTL: "("
    RenderBlock {DIV} at (0,1380) size 25.05x18
      RenderText {#text} at (15,0) size 11x17
        text run at (15,0) width 11 RTL: "\x{5E9}"
      RenderInline {SPAN} at (0,0) size 6x17
        RenderText {#text} at (10,0) size 6x17
          text run at (10,0) width 6 RTL: "\x{5E0}"
      RenderText {#text} at (3,0) size 8x17
        text run at (3,0) width 8 RTL: "\x{5D1}"
    RenderBlock {DIV} at (0,1398) size 25.05x18
      RenderText {#text} at (15,0) size 11x17
        text run at (15,0) width 11 RTL: "\x{5E9}"
      RenderInline {SPAN} at (0,0) size 6x17
        RenderText {#text} at (10,0) size 6x17
          text run at (10,0) width 6 RTL: "\x{5E0}"
      RenderText {#text} at (3,0) size 8x17
        text run at (3,0) width 8: "c"
    RenderBlock {DIV} at (0,1416) size 25.05x18
      RenderText {#text} at (15,0) size 11x17
        text run at (15,0) width 11 RTL: "\x{5E9}"
      RenderInline {SPAN} at (0,0) size 9x17
        RenderText {#text} at (7,0) size 9x17
          text run at (7,0) width 9: "b"
      RenderText {#text} at (1,0) size 7x17
        text run at (1,0) width 7 RTL: "("
    RenderBlock {DIV} at (0,1434) size 25.05x18
      RenderText {#text} at (15,0) size 11x17
        text run at (15,0) width 11 RTL: "\x{5E9}"
      RenderInline {SPAN} at (0,0) size 9x17
        RenderText {#text} at (7,0) size 9x17
          text run at (7,0) width 9: "b"
      RenderText {#text} at (0,0) size 8x17
        text run at (0,0) width 8 RTL: "\x{5D1}"
    RenderBlock {DIV} at (0,1452) size 25.05x18
      RenderText {#text} at (15,0) size 11x17
        text run at (15,0) width 11 RTL: "\x{5E9}"
      RenderInline {SPAN} at (0,0) size 9x17
        RenderText {#text} at (7,0) size 9x17
          text run at (7,0) width 9: "b"
      RenderText {#text} at (0,0) size 8x17
        text run at (0,0) width 8: "c"
    RenderBlock {DIV} at (0,1470) size 25.05x18
      RenderText {#text} at (15,0) size 11x17
        text run at (15,0) width 11 RTL: "\x{5E9}"
      RenderInline {SPAN} at (0,0) size 7x17
        RenderText {#text} at (9,0) size 7x17
          text run at (9,0) width 7 RTL: ")"
      RenderText {#text} at (4,0) size 6x17
        text run at (4,0) width 6 RTL: "("
    RenderBlock {DIV} at (0,1488) size 25.05x18
      RenderText {#text} at (15,0) size 11x17
        text run at (15,0) width 11 RTL: "\x{5E9}"
      RenderInline {SPAN} at (0,0) size 7x17
        RenderText {#text} at (9,0) size 7x17
          text run at (9,0) width 7 RTL: ")"
      RenderText {#text} at (2,0) size 8x17
        text run at (2,0) width 8 RTL: "\x{5D1}"
    RenderBlock {DIV} at (0,1506) size 25.05x18
      RenderText {#text} at (15,0) size 11x17
        text run at (15,0) width 11 RTL: "\x{5E9}"
      RenderInline {SPAN} at (0,0) size 7x17
        RenderText {#text} at (9,0) size 7x17
          text run at (9,0) width 7 RTL: ")"
      RenderText {#text} at (2,0) size 8x17
        text run at (2,0) width 8: "c"
    RenderBlock {DIV} at (0,1524) size 25.05x18
      RenderText {#text} at (15,0) size 11x17
        text run at (15,0) width 11 RTL: "\x{5E9}"
      RenderInline {SPAN} at (0,0) size 6x17
        RenderText {#text} at (10,0) size 6x17
          text run at (10,0) width 6 RTL: "\x{5E0}"
      RenderText {#text} at (5,0) size 6x17
        text run at (5,0) width 6 RTL: "("
    RenderBlock {DIV} at (0,1542) size 25.05x18
      RenderText {#text} at (15,0) size 11x17
        text run at (15,0) width 11 RTL: "\x{5E9}"
      RenderInline {SPAN} at (0,0) size 6x17
        RenderText {#text} at (10,0) size 6x17
          text run at (10,0) width 6 RTL: "\x{5E0}"
      RenderText {#text} at (3,0) size 8x17
        text run at (3,0) width 8 RTL: "\x{5D1}"
    RenderBlock {DIV} at (0,1560) size 25.05x18
      RenderText {#text} at (15,0) size 11x17
        text run at (15,0) width 11 RTL: "\x{5E9}"
      RenderInline {SPAN} at (0,0) size 6x17
        RenderText {#text} at (10,0) size 6x17
          text run at (10,0) width 6 RTL: "\x{5E0}"
      RenderText {#text} at (3,0) size 8x17
        text run at (3,0) width 8: "c"
    RenderBlock {DIV} at (0,1578) size 25.05x18
      RenderText {#text} at (15,0) size 11x17
        text run at (15,0) width 11 RTL: "\x{5E9}"
      RenderInline {SPAN} at (0,0) size 9x17
        RenderText {#text} at (7,0) size 9x17
          text run at (7,0) width 9: "b"
      RenderText {#text} at (1,0) size 7x17
        text run at (1,0) width 7 RTL: "("
    RenderBlock {DIV} at (0,1600) size 25.05x18
      RenderText {#text} at (15,0) size 11x17
        text run at (15,0) width 11 RTL: "\x{5E9}"
      RenderInline {SPAN} at (0,0) size 9x17
        RenderText {#text} at (7,0) size 9x17
          text run at (7,0) width 9: "b"
      RenderText {#text} at (0,0) size 8x17
        text run at (0,0) width 8 RTL: "\x{5D1}"
    RenderBlock {DIV} at (0,1618) size 25.05x18
      RenderText {#text} at (15,0) size 11x17
        text run at (15,0) width 11 RTL: "\x{5E9}"
      RenderInline {SPAN} at (0,0) size 9x17
        RenderText {#text} at (7,0) size 9x17
          text run at (7,0) width 9: "b"
      RenderText {#text} at (0,0) size 8x17
        text run at (0,0) width 8: "c"
    RenderBlock {DIV} at (0,1636) size 25.05x18
      RenderText {#text} at (17,0) size 9x17
        text run at (17,0) width 9: "a"
      RenderInline {SPAN} at (0,0) size 6x17
        RenderText {#text} at (12,0) size 6x17
          text run at (12,0) width 6: ")"
      RenderText {#text} at (7,0) size 6x17
        text run at (7,0) width 6 RTL: "("
    RenderBlock {DIV} at (0,1654) size 25.05x18
      RenderText {#text} at (17,0) size 9x17
        text run at (17,0) width 9: "a"
      RenderInline {SPAN} at (0,0) size 6x17
        RenderText {#text} at (12,0) size 6x17
          text run at (12,0) width 6: ")"
      RenderText {#text} at (5,0) size 8x17
        text run at (5,0) width 8 RTL: "\x{5D1}"
    RenderBlock {DIV} at (0,1672) size 25.05x18
      RenderText {#text} at (5,0) size 8x17
        text run at (5,0) width 8: "a"
      RenderInline {SPAN} at (0,0) size 6x17
        RenderText {#text} at (12,0) size 6x17
          text run at (12,0) width 6: ")"
      RenderText {#text} at (17,0) size 9x17
        text run at (17,0) width 9: "c"
    RenderBlock {DIV} at (0,1690) size 25.05x18
      RenderText {#text} at (17,0) size 9x17
        text run at (17,0) width 9: "a"
      RenderInline {SPAN} at (0,0) size 5x17
        RenderText {#text} at (13,0) size 5x17
          text run at (13,0) width 5 RTL: "\x{5E0}"
      RenderText {#text} at (7,0) size 7x17
        text run at (7,0) width 7 RTL: "("
    RenderBlock {DIV} at (0,1708) size 25.05x18
      RenderText {#text} at (17,0) size 9x17
        text run at (17,0) width 9: "a"
      RenderInline {SPAN} at (0,0) size 5x17
        RenderText {#text} at (13,0) size 5x17
          text run at (13,0) width 5 RTL: "\x{5E0}"
      RenderText {#text} at (5,0) size 9x17
        text run at (5,0) width 9 RTL: "\x{5D1}"
    RenderBlock {DIV} at (0,1726) size 25.05x18
      RenderText {#text} at (5,0) size 9x17
        text run at (5,0) width 9: "a"
      RenderInline {SPAN} at (0,0) size 5x17
        RenderText {#text} at (13,0) size 5x17
          text run at (13,0) width 5 RTL: "\x{5E0}"
      RenderText {#text} at (17,0) size 9x17
        text run at (17,0) width 9: "c"
    RenderBlock {DIV} at (0,1744) size 25.05x18
      RenderText {#text} at (17,0) size 9x17
        text run at (17,0) width 9: "a"
      RenderInline {SPAN} at (0,0) size 9x17
        RenderText {#text} at (9,0) size 9x17
          text run at (9,0) width 9: "b"
      RenderText {#text} at (4,0) size 6x17
        text run at (4,0) width 6 RTL: "("
    RenderBlock {DIV} at (0,1762) size 25.05x18
      RenderText {#text} at (17,0) size 9x17
        text run at (17,0) width 9: "a"
      RenderInline {SPAN} at (0,0) size 9x17
        RenderText {#text} at (9,0) size 9x17
          text run at (9,0) width 9: "b"
      RenderText {#text} at (2,0) size 8x17
        text run at (2,0) width 8 RTL: "\x{5D1}"
    RenderBlock {DIV} at (0,1780) size 25.05x18
      RenderText {#text} at (2,0) size 8x17
        text run at (2,0) width 8: "a"
      RenderInline {SPAN} at (0,0) size 9x17
        RenderText {#text} at (9,0) size 9x17
          text run at (9,0) width 9: "b"
      RenderText {#text} at (17,0) size 9x17
        text run at (17,0) width 9: "c"
    RenderBlock {DIV} at (0,1798) size 25.05x18
      RenderText {#text} at (17,0) size 9x17
        text run at (17,0) width 9: "a"
      RenderInline {SPAN} at (0,0) size 6x17
        RenderText {#text} at (12,0) size 6x17
          text run at (12,0) width 6 RTL: ")"
      RenderText {#text} at (7,0) size 6x17
        text run at (7,0) width 6 RTL: "("
    RenderBlock {DIV} at (0,1816) size 25.05x18
      RenderText {#text} at (17,0) size 9x17
        text run at (17,0) width 9: "a"
      RenderInline {SPAN} at (0,0) size 6x17
        RenderText {#text} at (12,0) size 6x17
          text run at (12,0) width 6 RTL: ")"
      RenderText {#text} at (5,0) size 8x17
        text run at (5,0) width 8 RTL: "\x{5D1}"
    RenderBlock {DIV} at (0,1834) size 25.05x18
      RenderText {#text} at (5,0) size 8x17
        text run at (5,0) width 8: "a"
      RenderInline {SPAN} at (0,0) size 6x17
        RenderText {#text} at (12,0) size 6x17
          text run at (12,0) width 6 RTL: ")"
      RenderText {#text} at (17,0) size 9x17
        text run at (17,0) width 9: "c"
    RenderBlock {DIV} at (0,1852) size 25.05x18
      RenderText {#text} at (17,0) size 9x17
        text run at (17,0) width 9: "a"
      RenderInline {SPAN} at (0,0) size 5x17
        RenderText {#text} at (13,0) size 5x17
          text run at (13,0) width 5 RTL: "\x{5E0}"
      RenderText {#text} at (7,0) size 7x17
        text run at (7,0) width 7 RTL: "("
    RenderBlock {DIV} at (0,1870) size 25.05x18
      RenderText {#text} at (17,0) size 9x17
        text run at (17,0) width 9: "a"
      RenderInline {SPAN} at (0,0) size 5x17
        RenderText {#text} at (13,0) size 5x17
          text run at (13,0) width 5 RTL: "\x{5E0}"
      RenderText {#text} at (5,0) size 9x17
        text run at (5,0) width 9 RTL: "\x{5D1}"
    RenderBlock {DIV} at (0,1888) size 25.05x18
      RenderText {#text} at (5,0) size 9x17
        text run at (5,0) width 9: "a"
      RenderInline {SPAN} at (0,0) size 5x17
        RenderText {#text} at (13,0) size 5x17
          text run at (13,0) width 5 RTL: "\x{5E0}"
      RenderText {#text} at (17,0) size 9x17
        text run at (17,0) width 9: "c"
    RenderBlock {DIV} at (0,1906) size 25.05x18
      RenderText {#text} at (17,0) size 9x17
        text run at (17,0) width 9: "a"
      RenderInline {SPAN} at (0,0) size 9x17
        RenderText {#text} at (9,0) size 9x17
          text run at (9,0) width 9: "b"
      RenderText {#text} at (4,0) size 6x17
        text run at (4,0) width 6 RTL: "("
    RenderBlock {DIV} at (0,1924) size 25.05x18
      RenderText {#text} at (17,0) size 9x17
        text run at (17,0) width 9: "a"
      RenderInline {SPAN} at (0,0) size 9x17
        RenderText {#text} at (9,0) size 9x17
          text run at (9,0) width 9: "b"
      RenderText {#text} at (2,0) size 8x17
        text run at (2,0) width 8 RTL: "\x{5D1}"
    RenderBlock {DIV} at (0,1942) size 25.05x18
      RenderText {#text} at (2,0) size 8x17
        text run at (2,0) width 8: "a"
      RenderInline {SPAN} at (0,0) size 9x17
        RenderText {#text} at (9,0) size 9x17
          text run at (9,0) width 9: "b"
      RenderText {#text} at (17,0) size 9x17
        text run at (17,0) width 9: "c"
layer at (8,62) size 25x400
  RenderBlock (positioned) {DIV} at (0,0) size 25.05x400 [color=#008000]
    RenderBlock {DIV} at (0,0) size 25.05x18
      RenderText {#text} at (0,0) size 7x17
        text run at (0,0) width 7: "\""
      RenderBlock {SPAN} at (6.53,0) size 5.33x18
        RenderText {#text} at (0,0) size 6x17
          text run at (0,0) width 6: ")"
      RenderText {#text} at (11,0) size 7x17
        text run at (11,0) width 7: "("
    RenderBlock {DIV} at (0,18) size 25.05x18
      RenderText {#text} at (0,0) size 7x17
        text run at (0,0) width 7: "\""
      RenderBlock {SPAN} at (6.53,0) size 5.33x18
        RenderText {#text} at (0,0) size 6x17
          text run at (0,0) width 6: ")"
      RenderText {#text} at (11,0) size 9x17
        text run at (11,0) width 9 RTL: "\x{5D1}"
    RenderBlock {DIV} at (0,36) size 25.05x18
      RenderText {#text} at (0,0) size 7x17
        text run at (0,0) width 7: "\""
      RenderBlock {SPAN} at (6.53,0) size 5.33x18
        RenderText {#text} at (0,0) size 6x17
          text run at (0,0) width 6: ")"
      RenderText {#text} at (11,0) size 8x17
        text run at (11,0) width 8: "c"
    RenderBlock {DIV} at (0,54) size 25.05x18
      RenderText {#text} at (0,0) size 7x17
        text run at (0,0) width 7: "\""
      RenderBlock {SPAN} at (6.53,0) size 4.88x18
        RenderText {#text} at (0,0) size 5x17
          text run at (0,0) width 5 RTL: "\x{5E0}"
      RenderText {#text} at (11,0) size 6x17
        text run at (11,0) width 6: "("
    RenderBlock {DIV} at (0,72) size 25.05x18
      RenderText {#text} at (0,0) size 7x17
        text run at (0,0) width 7: "\""
      RenderBlock {SPAN} at (6.53,0) size 4.88x18
        RenderText {#text} at (0,0) size 5x17
          text run at (0,0) width 5 RTL: "\x{5E0}"
      RenderText {#text} at (11,0) size 8x17
        text run at (11,0) width 8 RTL: "\x{5D1}"
    RenderBlock {DIV} at (0,90) size 25.05x18
      RenderText {#text} at (0,0) size 7x17
        text run at (0,0) width 7: "\""
      RenderBlock {SPAN} at (6.53,0) size 4.88x18
        RenderText {#text} at (0,0) size 5x17
          text run at (0,0) width 5 RTL: "\x{5E0}"
      RenderText {#text} at (11,0) size 8x17
        text run at (11,0) width 8: "c"
    RenderBlock {DIV} at (0,108) size 25.05x18
      RenderText {#text} at (0,0) size 7x17
        text run at (0,0) width 7: "\""
      RenderBlock {SPAN} at (6.53,0) size 8x18
        RenderText {#text} at (0,0) size 8x17
          text run at (0,0) width 8: "b"
      RenderText {#text} at (14,0) size 6x17
        text run at (14,0) width 6: "("
    RenderBlock {DIV} at (0,126) size 25.05x18
      RenderText {#text} at (0,0) size 7x17
        text run at (0,0) width 7: "\""
      RenderBlock {SPAN} at (6.53,0) size 8x18
        RenderText {#text} at (0,0) size 8x17
          text run at (0,0) width 8: "b"
      RenderText {#text} at (14,0) size 8x17
        text run at (14,0) width 8 RTL: "\x{5D1}"
    RenderBlock {DIV} at (0,144) size 25.05x18
      RenderText {#text} at (0,0) size 7x17
        text run at (0,0) width 7: "\""
      RenderBlock {SPAN} at (6.53,0) size 8x18
        RenderText {#text} at (0,0) size 8x17
          text run at (0,0) width 8: "b"
      RenderText {#text} at (14,0) size 8x17
        text run at (14,0) width 8: "c"
    RenderBlock {DIV} at (0,162) size 25.05x18
      RenderText {#text} at (0,0) size 7x17
        text run at (0,0) width 7: "\""
      RenderBlock {SPAN} at (6.53,0) size 5.33x18
        RenderText {#text} at (0,0) size 6x17
          text run at (0,0) width 6 RTL: ")"
      RenderText {#text} at (11,0) size 7x17
        text run at (11,0) width 7: "("
    RenderBlock {DIV} at (0,180) size 25.05x18
      RenderText {#text} at (0,0) size 7x17
        text run at (0,0) width 7: "\""
      RenderBlock {SPAN} at (6.53,0) size 5.33x18
        RenderText {#text} at (0,0) size 6x17
          text run at (0,0) width 6 RTL: ")"
      RenderText {#text} at (11,0) size 9x17
        text run at (11,0) width 9 RTL: "\x{5D1}"
    RenderBlock {DIV} at (0,198) size 25.05x18
      RenderText {#text} at (0,0) size 7x17
        text run at (0,0) width 7: "\""
      RenderBlock {SPAN} at (6.53,0) size 5.33x18
        RenderText {#text} at (0,0) size 6x17
          text run at (0,0) width 6 RTL: ")"
      RenderText {#text} at (11,0) size 8x17
        text run at (11,0) width 8: "c"
    RenderBlock {DIV} at (0,216) size 25.05x18
      RenderText {#text} at (0,0) size 7x17
        text run at (0,0) width 7: "\""
      RenderBlock {SPAN} at (6.53,0) size 4.88x18
        RenderText {#text} at (0,0) size 5x17
          text run at (0,0) width 5 RTL: "\x{5E0}"
      RenderText {#text} at (11,0) size 6x17
        text run at (11,0) width 6: "("
    RenderBlock {DIV} at (0,234) size 25.05x18
      RenderText {#text} at (0,0) size 7x17
        text run at (0,0) width 7: "\""
      RenderBlock {SPAN} at (6.53,0) size 4.88x18
        RenderText {#text} at (0,0) size 5x17
          text run at (0,0) width 5 RTL: "\x{5E0}"
      RenderText {#text} at (11,0) size 8x17
        text run at (11,0) width 8 RTL: "\x{5D1}"
    RenderBlock {DIV} at (0,252) size 25.05x18
      RenderText {#text} at (0,0) size 7x17
        text run at (0,0) width 7: "\""
      RenderBlock {SPAN} at (6.53,0) size 4.88x18
        RenderText {#text} at (0,0) size 5x17
          text run at (0,0) width 5 RTL: "\x{5E0}"
      RenderText {#text} at (11,0) size 8x17
        text run at (11,0) width 8: "c"
    RenderBlock {DIV} at (0,270) size 25.05x18
      RenderText {#text} at (0,0) size 7x17
        text run at (0,0) width 7: "\""
      RenderBlock {SPAN} at (6.53,0) size 8x18
        RenderText {#text} at (0,0) size 8x17
          text run at (0,0) width 8: "b"
      RenderText {#text} at (14,0) size 6x17
        text run at (14,0) width 6: "("
    RenderBlock {DIV} at (0,288) size 25.05x18
      RenderText {#text} at (0,0) size 7x17
        text run at (0,0) width 7: "\""
      RenderBlock {SPAN} at (6.53,0) size 8x18
        RenderText {#text} at (0,0) size 8x17
          text run at (0,0) width 8: "b"
      RenderText {#text} at (14,0) size 8x17
        text run at (14,0) width 8 RTL: "\x{5D1}"
    RenderBlock {DIV} at (0,306) size 25.05x18
      RenderText {#text} at (0,0) size 7x17
        text run at (0,0) width 7: "\""
      RenderBlock {SPAN} at (6.53,0) size 8x18
        RenderText {#text} at (0,0) size 8x17
          text run at (0,0) width 8: "b"
      RenderText {#text} at (14,0) size 8x17
        text run at (14,0) width 8: "c"
    RenderBlock {DIV} at (0,324) size 25.05x18
      RenderText {#text} at (0,0) size 10x17
        text run at (0,0) width 10 RTL: "\x{5E9}"
      RenderBlock {SPAN} at (9.77,0) size 5.33x18
        RenderText {#text} at (0,0) size 6x17
          text run at (0,0) width 6: ")"
      RenderText {#text} at (15,0) size 6x17
        text run at (15,0) width 6: "("
    RenderBlock {DIV} at (0,342) size 25.05x18
      RenderText {#text} at (12,0) size 11x17
        text run at (12,0) width 11 RTL: "\x{5E9}"
      RenderBlock {SPAN} at (7.28,0) size 5.33x18
        RenderText {#text} at (0,0) size 6x17
          text run at (0,0) width 6: ")"
      RenderText {#text} at (0,0) size 8x17
        text run at (0,0) width 8 RTL: "\x{5D1}"
    RenderBlock {DIV} at (0,360) size 25.05x18
      RenderText {#text} at (0,0) size 10x17
        text run at (0,0) width 10 RTL: "\x{5E9}"
      RenderBlock {SPAN} at (9.77,0) size 5.33x18
        RenderText {#text} at (0,0) size 6x17
          text run at (0,0) width 6: ")"
      RenderText {#text} at (15,0) size 8x17
        text run at (15,0) width 8: "c"
    RenderBlock {DIV} at (0,378) size 25.05x18
      RenderText {#text} at (0,0) size 10x17
        text run at (0,0) width 10 RTL: "\x{5E9}"
      RenderBlock {SPAN} at (9.77,0) size 4.88x18
        RenderText {#text} at (0,0) size 5x17
          text run at (0,0) width 5 RTL: "\x{5E0}"
      RenderText {#text} at (14,0) size 6x17
        text run at (14,0) width 6: "("
    RenderBlock {DIV} at (0,400) size 25.05x18
      RenderText {#text} at (12,0) size 10x17
        text run at (12,0) width 10 RTL: "\x{5E9}"
      RenderBlock {SPAN} at (7.28,0) size 4.88x18
        RenderText {#text} at (0,0) size 5x17
          text run at (0,0) width 5 RTL: "\x{5E0}"
      RenderText {#text} at (0,0) size 8x17
        text run at (0,0) width 8 RTL: "\x{5D1}"
    RenderBlock {DIV} at (0,418) size 25.05x18
      RenderText {#text} at (0,0) size 10x17
        text run at (0,0) width 10 RTL: "\x{5E9}"
      RenderBlock {SPAN} at (9.77,0) size 4.88x18
        RenderText {#text} at (0,0) size 5x17
          text run at (0,0) width 5 RTL: "\x{5E0}"
      RenderText {#text} at (14,0) size 8x17
        text run at (14,0) width 8: "c"
    RenderBlock {DIV} at (0,436) size 25.05x18
      RenderText {#text} at (0,0) size 10x17
        text run at (0,0) width 10 RTL: "\x{5E9}"
      RenderBlock {SPAN} at (9.77,0) size 8x18
        RenderText {#text} at (0,0) size 8x17
          text run at (0,0) width 8: "b"
      RenderText {#text} at (17,0) size 7x17
        text run at (17,0) width 7: "("
    RenderBlock {DIV} at (0,454) size 25.05x18
      RenderText {#text} at (15,0) size 11x17
        text run at (15,0) width 11 RTL: "\x{5E9}"
      RenderBlock {SPAN} at (7.28,0) size 8x18
        RenderText {#text} at (0,0) size 8x17
          text run at (0,0) width 8: "b"
      RenderText {#text} at (0,0) size 8x17
        text run at (0,0) width 8 RTL: "\x{5D1}"
    RenderBlock {DIV} at (0,472) size 25.05x18
      RenderText {#text} at (0,0) size 10x17
        text run at (0,0) width 10 RTL: "\x{5E9}"
      RenderBlock {SPAN} at (9.77,0) size 8x18
        RenderText {#text} at (0,0) size 8x17
          text run at (0,0) width 8: "b"
      RenderText {#text} at (17,0) size 8x17
        text run at (17,0) width 8: "c"
    RenderBlock {DIV} at (0,490) size 25.05x18
      RenderText {#text} at (0,0) size 10x17
        text run at (0,0) width 10 RTL: "\x{5E9}"
      RenderBlock {SPAN} at (9.77,0) size 5.33x18
        RenderText {#text} at (0,0) size 6x17
          text run at (0,0) width 6 RTL: ")"
      RenderText {#text} at (15,0) size 6x17
        text run at (15,0) width 6: "("
    RenderBlock {DIV} at (0,508) size 25.05x18
      RenderText {#text} at (12,0) size 11x17
        text run at (12,0) width 11 RTL: "\x{5E9}"
      RenderBlock {SPAN} at (7.28,0) size 5.33x18
        RenderText {#text} at (0,0) size 6x17
          text run at (0,0) width 6 RTL: ")"
      RenderText {#text} at (0,0) size 8x17
        text run at (0,0) width 8 RTL: "\x{5D1}"
    RenderBlock {DIV} at (0,526) size 25.05x18
      RenderText {#text} at (0,0) size 10x17
        text run at (0,0) width 10 RTL: "\x{5E9}"
      RenderBlock {SPAN} at (9.77,0) size 5.33x18
        RenderText {#text} at (0,0) size 6x17
          text run at (0,0) width 6 RTL: ")"
      RenderText {#text} at (15,0) size 8x17
        text run at (15,0) width 8: "c"
    RenderBlock {DIV} at (0,544) size 25.05x18
      RenderText {#text} at (0,0) size 10x17
        text run at (0,0) width 10 RTL: "\x{5E9}"
      RenderBlock {SPAN} at (9.77,0) size 4.88x18
        RenderText {#text} at (0,0) size 5x17
          text run at (0,0) width 5 RTL: "\x{5E0}"
      RenderText {#text} at (14,0) size 6x17
        text run at (14,0) width 6: "("
    RenderBlock {DIV} at (0,562) size 25.05x18
      RenderText {#text} at (12,0) size 10x17
        text run at (12,0) width 10 RTL: "\x{5E9}"
      RenderBlock {SPAN} at (7.28,0) size 4.88x18
        RenderText {#text} at (0,0) size 5x17
          text run at (0,0) width 5 RTL: "\x{5E0}"
      RenderText {#text} at (0,0) size 8x17
        text run at (0,0) width 8 RTL: "\x{5D1}"
    RenderBlock {DIV} at (0,580) size 25.05x18
      RenderText {#text} at (0,0) size 10x17
        text run at (0,0) width 10 RTL: "\x{5E9}"
      RenderBlock {SPAN} at (9.77,0) size 4.88x18
        RenderText {#text} at (0,0) size 5x17
          text run at (0,0) width 5 RTL: "\x{5E0}"
      RenderText {#text} at (14,0) size 8x17
        text run at (14,0) width 8: "c"
    RenderBlock {DIV} at (0,598) size 25.05x18
      RenderText {#text} at (0,0) size 10x17
        text run at (0,0) width 10 RTL: "\x{5E9}"
      RenderBlock {SPAN} at (9.77,0) size 8x18
        RenderText {#text} at (0,0) size 8x17
          text run at (0,0) width 8: "b"
      RenderText {#text} at (17,0) size 7x17
        text run at (17,0) width 7: "("
    RenderBlock {DIV} at (0,616) size 25.05x18
      RenderText {#text} at (15,0) size 11x17
        text run at (15,0) width 11 RTL: "\x{5E9}"
      RenderBlock {SPAN} at (7.28,0) size 8x18
        RenderText {#text} at (0,0) size 8x17
          text run at (0,0) width 8: "b"
      RenderText {#text} at (0,0) size 8x17
        text run at (0,0) width 8 RTL: "\x{5D1}"
    RenderBlock {DIV} at (0,634) size 25.05x18
      RenderText {#text} at (0,0) size 10x17
        text run at (0,0) width 10 RTL: "\x{5E9}"
      RenderBlock {SPAN} at (9.77,0) size 8x18
        RenderText {#text} at (0,0) size 8x17
          text run at (0,0) width 8: "b"
      RenderText {#text} at (17,0) size 8x17
        text run at (17,0) width 8: "c"
    RenderBlock {DIV} at (0,652) size 25.05x18
      RenderText {#text} at (0,0) size 8x17
        text run at (0,0) width 8: "a"
      RenderBlock {SPAN} at (7.09,0) size 5.33x18
        RenderText {#text} at (0,0) size 6x17
          text run at (0,0) width 6: ")"
      RenderText {#text} at (12,0) size 6x17
        text run at (12,0) width 6: "("
    RenderBlock {DIV} at (0,670) size 25.05x18
      RenderText {#text} at (0,0) size 8x17
        text run at (0,0) width 8: "a"
      RenderBlock {SPAN} at (7.09,0) size 5.33x18
        RenderText {#text} at (0,0) size 6x17
          text run at (0,0) width 6: ")"
      RenderText {#text} at (12,0) size 8x17
        text run at (12,0) width 8 RTL: "\x{5D1}"
    RenderBlock {DIV} at (0,688) size 25.05x18
      RenderText {#text} at (0,0) size 8x17
        text run at (0,0) width 8: "a"
      RenderBlock {SPAN} at (7.09,0) size 5.33x18
        RenderText {#text} at (0,0) size 6x17
          text run at (0,0) width 6: ")"
      RenderText {#text} at (12,0) size 8x17
        text run at (12,0) width 8: "c"
    RenderBlock {DIV} at (0,706) size 25.05x18
      RenderText {#text} at (0,0) size 8x17
        text run at (0,0) width 8: "a"
      RenderBlock {SPAN} at (7.09,0) size 4.88x18
        RenderText {#text} at (0,0) size 5x17
          text run at (0,0) width 5 RTL: "\x{5E0}"
      RenderText {#text} at (11,0) size 7x17
        text run at (11,0) width 7: "("
    RenderBlock {DIV} at (0,724) size 25.05x18
      RenderText {#text} at (0,0) size 8x17
        text run at (0,0) width 8: "a"
      RenderBlock {SPAN} at (7.09,0) size 4.88x18
        RenderText {#text} at (0,0) size 5x17
          text run at (0,0) width 5 RTL: "\x{5E0}"
      RenderText {#text} at (11,0) size 9x17
        text run at (11,0) width 9 RTL: "\x{5D1}"
    RenderBlock {DIV} at (0,742) size 25.05x18
      RenderText {#text} at (0,0) size 8x17
        text run at (0,0) width 8: "a"
      RenderBlock {SPAN} at (7.09,0) size 4.88x18
        RenderText {#text} at (0,0) size 5x17
          text run at (0,0) width 5 RTL: "\x{5E0}"
      RenderText {#text} at (11,0) size 9x17
        text run at (11,0) width 9: "c"
    RenderBlock {DIV} at (0,760) size 25.05x18
      RenderText {#text} at (0,0) size 8x17
        text run at (0,0) width 8: "a"
      RenderBlock {SPAN} at (7.09,0) size 8x18
        RenderText {#text} at (0,0) size 8x17
          text run at (0,0) width 8: "b"
      RenderText {#text} at (15,0) size 6x17
        text run at (15,0) width 6: "("
    RenderBlock {DIV} at (0,778) size 25.05x18
      RenderText {#text} at (0,0) size 8x17
        text run at (0,0) width 8: "a"
      RenderBlock {SPAN} at (7.09,0) size 8x18
        RenderText {#text} at (0,0) size 8x17
          text run at (0,0) width 8: "b"
      RenderText {#text} at (15,0) size 8x17
        text run at (15,0) width 8 RTL: "\x{5D1}"
    RenderBlock {DIV} at (0,800) size 25.05x18
      RenderText {#text} at (0,0) size 8x17
        text run at (0,0) width 8: "a"
      RenderBlock {SPAN} at (7.09,0) size 8x18
        RenderText {#text} at (0,0) size 8x17
          text run at (0,0) width 8: "b"
      RenderText {#text} at (15,0) size 8x17
        text run at (15,0) width 8: "c"
    RenderBlock {DIV} at (0,818) size 25.05x18
      RenderText {#text} at (0,0) size 8x17
        text run at (0,0) width 8: "a"
      RenderBlock {SPAN} at (7.09,0) size 5.33x18
        RenderText {#text} at (0,0) size 6x17
          text run at (0,0) width 6 RTL: ")"
      RenderText {#text} at (12,0) size 6x17
        text run at (12,0) width 6: "("
    RenderBlock {DIV} at (0,836) size 25.05x18
      RenderText {#text} at (0,0) size 8x17
        text run at (0,0) width 8: "a"
      RenderBlock {SPAN} at (7.09,0) size 5.33x18
        RenderText {#text} at (0,0) size 6x17
          text run at (0,0) width 6 RTL: ")"
      RenderText {#text} at (12,0) size 8x17
        text run at (12,0) width 8 RTL: "\x{5D1}"
    RenderBlock {DIV} at (0,854) size 25.05x18
      RenderText {#text} at (0,0) size 8x17
        text run at (0,0) width 8: "a"
      RenderBlock {SPAN} at (7.09,0) size 5.33x18
        RenderText {#text} at (0,0) size 6x17
          text run at (0,0) width 6 RTL: ")"
      RenderText {#text} at (12,0) size 8x17
        text run at (12,0) width 8: "c"
    RenderBlock {DIV} at (0,872) size 25.05x18
      RenderText {#text} at (0,0) size 8x17
        text run at (0,0) width 8: "a"
      RenderBlock {SPAN} at (7.09,0) size 4.88x18
        RenderText {#text} at (0,0) size 5x17
          text run at (0,0) width 5 RTL: "\x{5E0}"
      RenderText {#text} at (11,0) size 7x17
        text run at (11,0) width 7: "("
    RenderBlock {DIV} at (0,890) size 25.05x18
      RenderText {#text} at (0,0) size 8x17
        text run at (0,0) width 8: "a"
      RenderBlock {SPAN} at (7.09,0) size 4.88x18
        RenderText {#text} at (0,0) size 5x17
          text run at (0,0) width 5 RTL: "\x{5E0}"
      RenderText {#text} at (11,0) size 9x17
        text run at (11,0) width 9 RTL: "\x{5D1}"
    RenderBlock {DIV} at (0,908) size 25.05x18
      RenderText {#text} at (0,0) size 8x17
        text run at (0,0) width 8: "a"
      RenderBlock {SPAN} at (7.09,0) size 4.88x18
        RenderText {#text} at (0,0) size 5x17
          text run at (0,0) width 5 RTL: "\x{5E0}"
      RenderText {#text} at (11,0) size 9x17
        text run at (11,0) width 9: "c"
    RenderBlock {DIV} at (0,926) size 25.05x18
      RenderText {#text} at (0,0) size 8x17
        text run at (0,0) width 8: "a"
      RenderBlock {SPAN} at (7.09,0) size 8x18
        RenderText {#text} at (0,0) size 8x17
          text run at (0,0) width 8: "b"
      RenderText {#text} at (15,0) size 6x17
        text run at (15,0) width 6: "("
    RenderBlock {DIV} at (0,944) size 25.05x18
      RenderText {#text} at (0,0) size 8x17
        text run at (0,0) width 8: "a"
      RenderBlock {SPAN} at (7.09,0) size 8x18
        RenderText {#text} at (0,0) size 8x17
          text run at (0,0) width 8: "b"
      RenderText {#text} at (15,0) size 8x17
        text run at (15,0) width 8 RTL: "\x{5D1}"
    RenderBlock {DIV} at (0,962) size 25.05x18
      RenderText {#text} at (0,0) size 8x17
        text run at (0,0) width 8: "a"
      RenderBlock {SPAN} at (7.09,0) size 8x18
        RenderText {#text} at (0,0) size 8x17
          text run at (0,0) width 8: "b"
      RenderText {#text} at (15,0) size 8x17
        text run at (15,0) width 8: "c"
    RenderBlock {DIV} at (0,980) size 25.05x18
      RenderText {#text} at (18,0) size 8x17
        text run at (18,0) width 8 RTL: "\""
      RenderBlock {SPAN} at (13.19,0) size 5.33x18
        RenderText {#text} at (0,0) size 6x17
          text run at (0,0) width 6: ")"
      RenderText {#text} at (7,0) size 7x17
        text run at (7,0) width 7 RTL: "("
    RenderBlock {DIV} at (0,998) size 25.05x18
      RenderText {#text} at (18,0) size 8x17
        text run at (18,0) width 8 RTL: "\""
      RenderBlock {SPAN} at (13.19,0) size 5.33x18
        RenderText {#text} at (0,0) size 6x17
          text run at (0,0) width 6: ")"
      RenderText {#text} at (5,0) size 9x17
        text run at (5,0) width 9 RTL: "\x{5D1}"
    RenderBlock {DIV} at (0,1016) size 25.05x18
      RenderText {#text} at (18,0) size 8x17
        text run at (18,0) width 8 RTL: "\""
      RenderBlock {SPAN} at (13.19,0) size 5.33x18
        RenderText {#text} at (0,0) size 6x17
          text run at (0,0) width 6: ")"
      RenderText {#text} at (6,0) size 8x17
        text run at (6,0) width 8: "c"
    RenderBlock {DIV} at (0,1034) size 25.05x18
      RenderText {#text} at (18,0) size 8x17
        text run at (18,0) width 8 RTL: "\""
      RenderBlock {SPAN} at (13.64,0) size 4.88x18
        RenderText {#text} at (0,0) size 5x17
          text run at (0,0) width 5 RTL: "\x{5E0}"
      RenderText {#text} at (8,0) size 6x17
        text run at (8,0) width 6 RTL: "("
    RenderBlock {DIV} at (0,1052) size 25.05x18
      RenderText {#text} at (18,0) size 8x17
        text run at (18,0) width 8 RTL: "\""
      RenderBlock {SPAN} at (13.64,0) size 4.88x18
        RenderText {#text} at (0,0) size 5x17
          text run at (0,0) width 5 RTL: "\x{5E0}"
      RenderText {#text} at (6,0) size 8x17
        text run at (6,0) width 8 RTL: "\x{5D1}"
    RenderBlock {DIV} at (0,1070) size 25.05x18
      RenderText {#text} at (18,0) size 8x17
        text run at (18,0) width 8 RTL: "\""
      RenderBlock {SPAN} at (13.64,0) size 4.88x18
        RenderText {#text} at (0,0) size 5x17
          text run at (0,0) width 5 RTL: "\x{5E0}"
      RenderText {#text} at (6,0) size 8x17
        text run at (6,0) width 8: "c"
    RenderBlock {DIV} at (0,1088) size 25.05x18
      RenderText {#text} at (18,0) size 8x17
        text run at (18,0) width 8 RTL: "\""
      RenderBlock {SPAN} at (10.52,0) size 8x18
        RenderText {#text} at (0,0) size 8x17
          text run at (0,0) width 8: "b"
      RenderText {#text} at (5,0) size 6x17
        text run at (5,0) width 6 RTL: "("
    RenderBlock {DIV} at (0,1106) size 25.05x18
      RenderText {#text} at (18,0) size 8x17
        text run at (18,0) width 8 RTL: "\""
      RenderBlock {SPAN} at (10.52,0) size 8x18
        RenderText {#text} at (0,0) size 8x17
          text run at (0,0) width 8: "b"
      RenderText {#text} at (3,0) size 8x17
        text run at (3,0) width 8 RTL: "\x{5D1}"
    RenderBlock {DIV} at (0,1124) size 25.05x18
      RenderText {#text} at (18,0) size 8x17
        text run at (18,0) width 8 RTL: "\""
      RenderBlock {SPAN} at (10.52,0) size 8x18
        RenderText {#text} at (0,0) size 8x17
          text run at (0,0) width 8: "b"
      RenderText {#text} at (3,0) size 8x17
        text run at (3,0) width 8: "c"
    RenderBlock {DIV} at (0,1142) size 25.05x18
      RenderText {#text} at (18,0) size 8x17
        text run at (18,0) width 8 RTL: "\""
      RenderBlock {SPAN} at (13.19,0) size 5.33x18
        RenderText {#text} at (0,0) size 6x17
          text run at (0,0) width 6 RTL: ")"
      RenderText {#text} at (7,0) size 7x17
        text run at (7,0) width 7 RTL: "("
    RenderBlock {DIV} at (0,1160) size 25.05x18
      RenderText {#text} at (18,0) size 8x17
        text run at (18,0) width 8 RTL: "\""
      RenderBlock {SPAN} at (13.19,0) size 5.33x18
        RenderText {#text} at (0,0) size 6x17
          text run at (0,0) width 6 RTL: ")"
      RenderText {#text} at (5,0) size 9x17
        text run at (5,0) width 9 RTL: "\x{5D1}"
    RenderBlock {DIV} at (0,1178) size 25.05x18
      RenderText {#text} at (18,0) size 8x17
        text run at (18,0) width 8 RTL: "\""
      RenderBlock {SPAN} at (13.19,0) size 5.33x18
        RenderText {#text} at (0,0) size 6x17
          text run at (0,0) width 6 RTL: ")"
      RenderText {#text} at (6,0) size 8x17
        text run at (6,0) width 8: "c"
    RenderBlock {DIV} at (0,1200) size 25.05x18
      RenderText {#text} at (18,0) size 8x17
        text run at (18,0) width 8 RTL: "\""
      RenderBlock {SPAN} at (13.64,0) size 4.88x18
        RenderText {#text} at (0,0) size 5x17
          text run at (0,0) width 5 RTL: "\x{5E0}"
      RenderText {#text} at (8,0) size 6x17
        text run at (8,0) width 6 RTL: "("
    RenderBlock {DIV} at (0,1218) size 25.05x18
      RenderText {#text} at (18,0) size 8x17
        text run at (18,0) width 8 RTL: "\""
      RenderBlock {SPAN} at (13.64,0) size 4.88x18
        RenderText {#text} at (0,0) size 5x17
          text run at (0,0) width 5 RTL: "\x{5E0}"
      RenderText {#text} at (6,0) size 8x17
        text run at (6,0) width 8 RTL: "\x{5D1}"
    RenderBlock {DIV} at (0,1236) size 25.05x18
      RenderText {#text} at (18,0) size 8x17
        text run at (18,0) width 8 RTL: "\""
      RenderBlock {SPAN} at (13.64,0) size 4.88x18
        RenderText {#text} at (0,0) size 5x17
          text run at (0,0) width 5 RTL: "\x{5E0}"
      RenderText {#text} at (6,0) size 8x17
        text run at (6,0) width 8: "c"
    RenderBlock {DIV} at (0,1254) size 25.05x18
      RenderText {#text} at (18,0) size 8x17
        text run at (18,0) width 8 RTL: "\""
      RenderBlock {SPAN} at (10.52,0) size 8x18
        RenderText {#text} at (0,0) size 8x17
          text run at (0,0) width 8: "b"
      RenderText {#text} at (5,0) size 6x17
        text run at (5,0) width 6 RTL: "("
    RenderBlock {DIV} at (0,1272) size 25.05x18
      RenderText {#text} at (18,0) size 8x17
        text run at (18,0) width 8 RTL: "\""
      RenderBlock {SPAN} at (10.52,0) size 8x18
        RenderText {#text} at (0,0) size 8x17
          text run at (0,0) width 8: "b"
      RenderText {#text} at (3,0) size 8x17
        text run at (3,0) width 8 RTL: "\x{5D1}"
    RenderBlock {DIV} at (0,1290) size 25.05x18
      RenderText {#text} at (18,0) size 8x17
        text run at (18,0) width 8 RTL: "\""
      RenderBlock {SPAN} at (10.52,0) size 8x18
        RenderText {#text} at (0,0) size 8x17
          text run at (0,0) width 8: "b"
      RenderText {#text} at (3,0) size 8x17
        text run at (3,0) width 8: "c"
    RenderBlock {DIV} at (0,1308) size 25.05x18
      RenderText {#text} at (15,0) size 11x17
        text run at (15,0) width 11 RTL: "\x{5E9}"
      RenderBlock {SPAN} at (9.95,0) size 5.33x18
        RenderText {#text} at (0,0) size 6x17
          text run at (0,0) width 6: ")"
      RenderText {#text} at (4,0) size 6x17
        text run at (4,0) width 6 RTL: "("
    RenderBlock {DIV} at (0,1326) size 25.05x18
      RenderText {#text} at (15,0) size 11x17
        text run at (15,0) width 11 RTL: "\x{5E9}"
      RenderBlock {SPAN} at (9.95,0) size 5.33x18
        RenderText {#text} at (0,0) size 6x17
          text run at (0,0) width 6: ")"
      RenderText {#text} at (2,0) size 8x17
        text run at (2,0) width 8 RTL: "\x{5D1}"
    RenderBlock {DIV} at (0,1344) size 25.05x18
      RenderText {#text} at (15,0) size 11x17
        text run at (15,0) width 11 RTL: "\x{5E9}"
      RenderBlock {SPAN} at (9.95,0) size 5.33x18
        RenderText {#text} at (0,0) size 6x17
          text run at (0,0) width 6: ")"
      RenderText {#text} at (2,0) size 8x17
        text run at (2,0) width 8: "c"
    RenderBlock {DIV} at (0,1362) size 25.05x18
      RenderText {#text} at (15,0) size 11x17
        text run at (15,0) width 11 RTL: "\x{5E9}"
      RenderBlock {SPAN} at (10.41,0) size 4.88x18
        RenderText {#text} at (0,0) size 5x17
          text run at (0,0) width 5 RTL: "\x{5E0}"
      RenderText {#text} at (5,0) size 6x17
        text run at (5,0) width 6 RTL: "("
    RenderBlock {DIV} at (0,1380) size 25.05x18
      RenderText {#text} at (15,0) size 11x17
        text run at (15,0) width 11 RTL: "\x{5E9}"
      RenderBlock {SPAN} at (10.41,0) size 4.88x18
        RenderText {#text} at (0,0) size 5x17
          text run at (0,0) width 5 RTL: "\x{5E0}"
      RenderText {#text} at (3,0) size 8x17
        text run at (3,0) width 8 RTL: "\x{5D1}"
    RenderBlock {DIV} at (0,1398) size 25.05x18
      RenderText {#text} at (15,0) size 11x17
        text run at (15,0) width 11 RTL: "\x{5E9}"
      RenderBlock {SPAN} at (10.41,0) size 4.88x18
        RenderText {#text} at (0,0) size 5x17
          text run at (0,0) width 5 RTL: "\x{5E0}"
      RenderText {#text} at (3,0) size 8x17
        text run at (3,0) width 8: "c"
    RenderBlock {DIV} at (0,1416) size 25.05x18
      RenderText {#text} at (15,0) size 11x17
        text run at (15,0) width 11 RTL: "\x{5E9}"
      RenderBlock {SPAN} at (7.28,0) size 8x18
        RenderText {#text} at (0,0) size 8x17
          text run at (0,0) width 8: "b"
      RenderText {#text} at (1,0) size 7x17
        text run at (1,0) width 7 RTL: "("
    RenderBlock {DIV} at (0,1434) size 25.05x18
      RenderText {#text} at (15,0) size 11x17
        text run at (15,0) width 11 RTL: "\x{5E9}"
      RenderBlock {SPAN} at (7.28,0) size 8x18
        RenderText {#text} at (0,0) size 8x17
          text run at (0,0) width 8: "b"
      RenderText {#text} at (0,0) size 8x17
        text run at (0,0) width 8 RTL: "\x{5D1}"
    RenderBlock {DIV} at (0,1452) size 25.05x18
      RenderText {#text} at (15,0) size 11x17
        text run at (15,0) width 11 RTL: "\x{5E9}"
      RenderBlock {SPAN} at (7.28,0) size 8x18
        RenderText {#text} at (0,0) size 8x17
          text run at (0,0) width 8: "b"
      RenderText {#text} at (0,0) size 8x17
        text run at (0,0) width 8: "c"
    RenderBlock {DIV} at (0,1470) size 25.05x18
      RenderText {#text} at (15,0) size 11x17
        text run at (15,0) width 11 RTL: "\x{5E9}"
      RenderBlock {SPAN} at (9.95,0) size 5.33x18
        RenderText {#text} at (0,0) size 6x17
          text run at (0,0) width 6 RTL: ")"
      RenderText {#text} at (4,0) size 6x17
        text run at (4,0) width 6 RTL: "("
    RenderBlock {DIV} at (0,1488) size 25.05x18
      RenderText {#text} at (15,0) size 11x17
        text run at (15,0) width 11 RTL: "\x{5E9}"
      RenderBlock {SPAN} at (9.95,0) size 5.33x18
        RenderText {#text} at (0,0) size 6x17
          text run at (0,0) width 6 RTL: ")"
      RenderText {#text} at (2,0) size 8x17
        text run at (2,0) width 8 RTL: "\x{5D1}"
    RenderBlock {DIV} at (0,1506) size 25.05x18
      RenderText {#text} at (15,0) size 11x17
        text run at (15,0) width 11 RTL: "\x{5E9}"
      RenderBlock {SPAN} at (9.95,0) size 5.33x18
        RenderText {#text} at (0,0) size 6x17
          text run at (0,0) width 6 RTL: ")"
      RenderText {#text} at (2,0) size 8x17
        text run at (2,0) width 8: "c"
    RenderBlock {DIV} at (0,1524) size 25.05x18
      RenderText {#text} at (15,0) size 11x17
        text run at (15,0) width 11 RTL: "\x{5E9}"
      RenderBlock {SPAN} at (10.41,0) size 4.88x18
        RenderText {#text} at (0,0) size 5x17
          text run at (0,0) width 5 RTL: "\x{5E0}"
      RenderText {#text} at (5,0) size 6x17
        text run at (5,0) width 6 RTL: "("
    RenderBlock {DIV} at (0,1542) size 25.05x18
      RenderText {#text} at (15,0) size 11x17
        text run at (15,0) width 11 RTL: "\x{5E9}"
      RenderBlock {SPAN} at (10.41,0) size 4.88x18
        RenderText {#text} at (0,0) size 5x17
          text run at (0,0) width 5 RTL: "\x{5E0}"
      RenderText {#text} at (3,0) size 8x17
        text run at (3,0) width 8 RTL: "\x{5D1}"
    RenderBlock {DIV} at (0,1560) size 25.05x18
      RenderText {#text} at (15,0) size 11x17
        text run at (15,0) width 11 RTL: "\x{5E9}"
      RenderBlock {SPAN} at (10.41,0) size 4.88x18
        RenderText {#text} at (0,0) size 5x17
          text run at (0,0) width 5 RTL: "\x{5E0}"
      RenderText {#text} at (3,0) size 8x17
        text run at (3,0) width 8: "c"
    RenderBlock {DIV} at (0,1578) size 25.05x18
      RenderText {#text} at (15,0) size 11x17
        text run at (15,0) width 11 RTL: "\x{5E9}"
      RenderBlock {SPAN} at (7.28,0) size 8x18
        RenderText {#text} at (0,0) size 8x17
          text run at (0,0) width 8: "b"
      RenderText {#text} at (1,0) size 7x17
        text run at (1,0) width 7 RTL: "("
    RenderBlock {DIV} at (0,1600) size 25.05x18
      RenderText {#text} at (15,0) size 11x17
        text run at (15,0) width 11 RTL: "\x{5E9}"
      RenderBlock {SPAN} at (7.28,0) size 8x18
        RenderText {#text} at (0,0) size 8x17
          text run at (0,0) width 8: "b"
      RenderText {#text} at (0,0) size 8x17
        text run at (0,0) width 8 RTL: "\x{5D1}"
    RenderBlock {DIV} at (0,1618) size 25.05x18
      RenderText {#text} at (15,0) size 11x17
        text run at (15,0) width 11 RTL: "\x{5E9}"
      RenderBlock {SPAN} at (7.28,0) size 8x18
        RenderText {#text} at (0,0) size 8x17
          text run at (0,0) width 8: "b"
      RenderText {#text} at (0,0) size 8x17
        text run at (0,0) width 8: "c"
    RenderBlock {DIV} at (0,1636) size 25.05x18
      RenderText {#text} at (17,0) size 9x17
        text run at (17,0) width 9: "a"
      RenderBlock {SPAN} at (12.61,0) size 5.33x18
        RenderText {#text} at (0,0) size 6x17
          text run at (0,0) width 6: ")"
      RenderText {#text} at (7,0) size 6x17
        text run at (7,0) width 6 RTL: "("
    RenderBlock {DIV} at (0,1654) size 25.05x18
      RenderText {#text} at (17,0) size 9x17
        text run at (17,0) width 9: "a"
      RenderBlock {SPAN} at (12.61,0) size 5.33x18
        RenderText {#text} at (0,0) size 6x17
          text run at (0,0) width 6: ")"
      RenderText {#text} at (5,0) size 8x17
        text run at (5,0) width 8 RTL: "\x{5D1}"
    RenderBlock {DIV} at (0,1672) size 25.05x18
      RenderText {#text} at (5,0) size 8x17
        text run at (5,0) width 8: "a"
      RenderBlock {SPAN} at (12.61,0) size 5.33x18
        RenderText {#text} at (0,0) size 6x17
          text run at (0,0) width 6: ")"
      RenderText {#text} at (17,0) size 9x17
        text run at (17,0) width 9: "c"
    RenderBlock {DIV} at (0,1690) size 25.05x18
      RenderText {#text} at (17,0) size 9x17
        text run at (17,0) width 9: "a"
      RenderBlock {SPAN} at (13.06,0) size 4.88x18
        RenderText {#text} at (0,0) size 5x17
          text run at (0,0) width 5 RTL: "\x{5E0}"
      RenderText {#text} at (7,0) size 7x17
        text run at (7,0) width 7 RTL: "("
    RenderBlock {DIV} at (0,1708) size 25.05x18
      RenderText {#text} at (17,0) size 9x17
        text run at (17,0) width 9: "a"
      RenderBlock {SPAN} at (13.06,0) size 4.88x18
        RenderText {#text} at (0,0) size 5x17
          text run at (0,0) width 5 RTL: "\x{5E0}"
      RenderText {#text} at (5,0) size 9x17
        text run at (5,0) width 9 RTL: "\x{5D1}"
    RenderBlock {DIV} at (0,1726) size 25.05x18
      RenderText {#text} at (5,0) size 9x17
        text run at (5,0) width 9: "a"
      RenderBlock {SPAN} at (13.06,0) size 4.88x18
        RenderText {#text} at (0,0) size 5x17
          text run at (0,0) width 5 RTL: "\x{5E0}"
      RenderText {#text} at (17,0) size 9x17
        text run at (17,0) width 9: "c"
    RenderBlock {DIV} at (0,1744) size 25.05x18
      RenderText {#text} at (17,0) size 9x17
        text run at (17,0) width 9: "a"
      RenderBlock {SPAN} at (9.94,0) size 8x18
        RenderText {#text} at (0,0) size 8x17
          text run at (0,0) width 8: "b"
      RenderText {#text} at (4,0) size 6x17
        text run at (4,0) width 6 RTL: "("
    RenderBlock {DIV} at (0,1762) size 25.05x18
      RenderText {#text} at (17,0) size 9x17
        text run at (17,0) width 9: "a"
      RenderBlock {SPAN} at (9.94,0) size 8x18
        RenderText {#text} at (0,0) size 8x17
          text run at (0,0) width 8: "b"
      RenderText {#text} at (2,0) size 8x17
        text run at (2,0) width 8 RTL: "\x{5D1}"
    RenderBlock {DIV} at (0,1780) size 25.05x18
      RenderText {#text} at (2,0) size 8x17
        text run at (2,0) width 8: "a"
      RenderBlock {SPAN} at (9.94,0) size 8x18
        RenderText {#text} at (0,0) size 8x17
          text run at (0,0) width 8: "b"
      RenderText {#text} at (17,0) size 9x17
        text run at (17,0) width 9: "c"
    RenderBlock {DIV} at (0,1798) size 25.05x18
      RenderText {#text} at (17,0) size 9x17
        text run at (17,0) width 9: "a"
      RenderBlock {SPAN} at (12.61,0) size 5.33x18
        RenderText {#text} at (0,0) size 6x17
          text run at (0,0) width 6 RTL: ")"
      RenderText {#text} at (7,0) size 6x17
        text run at (7,0) width 6 RTL: "("
    RenderBlock {DIV} at (0,1816) size 25.05x18
      RenderText {#text} at (17,0) size 9x17
        text run at (17,0) width 9: "a"
      RenderBlock {SPAN} at (12.61,0) size 5.33x18
        RenderText {#text} at (0,0) size 6x17
          text run at (0,0) width 6 RTL: ")"
      RenderText {#text} at (5,0) size 8x17
        text run at (5,0) width 8 RTL: "\x{5D1}"
    RenderBlock {DIV} at (0,1834) size 25.05x18
      RenderText {#text} at (5,0) size 8x17
        text run at (5,0) width 8: "a"
      RenderBlock {SPAN} at (12.61,0) size 5.33x18
        RenderText {#text} at (0,0) size 6x17
          text run at (0,0) width 6 RTL: ")"
      RenderText {#text} at (17,0) size 9x17
        text run at (17,0) width 9: "c"
    RenderBlock {DIV} at (0,1852) size 25.05x18
      RenderText {#text} at (17,0) size 9x17
        text run at (17,0) width 9: "a"
      RenderBlock {SPAN} at (13.06,0) size 4.88x18
        RenderText {#text} at (0,0) size 5x17
          text run at (0,0) width 5 RTL: "\x{5E0}"
      RenderText {#text} at (7,0) size 7x17
        text run at (7,0) width 7 RTL: "("
    RenderBlock {DIV} at (0,1870) size 25.05x18
      RenderText {#text} at (17,0) size 9x17
        text run at (17,0) width 9: "a"
      RenderBlock {SPAN} at (13.06,0) size 4.88x18
        RenderText {#text} at (0,0) size 5x17
          text run at (0,0) width 5 RTL: "\x{5E0}"
      RenderText {#text} at (5,0) size 9x17
        text run at (5,0) width 9 RTL: "\x{5D1}"
    RenderBlock {DIV} at (0,1888) size 25.05x18
      RenderText {#text} at (5,0) size 9x17
        text run at (5,0) width 9: "a"
      RenderBlock {SPAN} at (13.06,0) size 4.88x18
        RenderText {#text} at (0,0) size 5x17
          text run at (0,0) width 5 RTL: "\x{5E0}"
      RenderText {#text} at (17,0) size 9x17
        text run at (17,0) width 9: "c"
    RenderBlock {DIV} at (0,1906) size 25.05x18
      RenderText {#text} at (17,0) size 9x17
        text run at (17,0) width 9: "a"
      RenderBlock {SPAN} at (9.94,0) size 8x18
        RenderText {#text} at (0,0) size 8x17
          text run at (0,0) width 8: "b"
      RenderText {#text} at (4,0) size 6x17
        text run at (4,0) width 6 RTL: "("
    RenderBlock {DIV} at (0,1924) size 25.05x18
      RenderText {#text} at (17,0) size 9x17
        text run at (17,0) width 9: "a"
      RenderBlock {SPAN} at (9.94,0) size 8x18
        RenderText {#text} at (0,0) size 8x17
          text run at (0,0) width 8: "b"
      RenderText {#text} at (2,0) size 8x17
        text run at (2,0) width 8 RTL: "\x{5D1}"
    RenderBlock {DIV} at (0,1942) size 25.05x18
      RenderText {#text} at (2,0) size 8x17
        text run at (2,0) width 8: "a"
      RenderBlock {SPAN} at (9.94,0) size 8x18
        RenderText {#text} at (0,0) size 8x17
          text run at (0,0) width 8: "b"
      RenderText {#text} at (17,0) size 9x17
        text run at (17,0) width 9: "c"
