layer at (0,0) size 800x600
  RenderView at (0,0) size 800x600
layer at (0,0) size 800x600
  RenderBlock {HTML} at (0,0) size 800x600
    RenderBody {BODY} at (8,8) size 784x584
      RenderBlock (floating) {DIV} at (0,0) size 134x104 [border: (2px solid #0000FF)]
      RenderBlock (floating) {DIV} at (134,0) size 134x104 [border: (2px solid #0000FF)]
      RenderBlock (floating) {DIV} at (268,0) size 134x104 [border: (2px solid #0000FF)]
      RenderBlock (floating) {DIV} at (402,0) size 134x104 [border: (2px solid #0000FF)]
      RenderBlock (floating) {DIV} at (536,0) size 134x104 [border: (2px solid #0000FF)]
      RenderBlock (floating) {DIV} at (0,104) size 134x104 [border: (2px solid #0000FF)]
      RenderBlock (floating) {DIV} at (134,104) size 134x104 [border: (2px solid #0000FF)]
      RenderBlock (floating) {DIV} at (268,104) size 134x104 [border: (2px solid #0000FF)]
      RenderBlock (floating) {DIV} at (402,104) size 134x104 [border: (2px solid #0000FF)]
      RenderBlock (floating) {DIV} at (536,104) size 134x104 [border: (2px solid #0000FF)]
      RenderBlock (floating) {DIV} at (0,208) size 134x104 [border: (2px solid #0000FF)]
      RenderBlock (floating) {DIV} at (134,208) size 134x104 [border: (2px solid #0000FF)]
      RenderBlock (floating) {DIV} at (268,208) size 134x104 [border: (2px solid #0000FF)]
      RenderBlock (floating) {DIV} at (402,208) size 134x104 [border: (2px solid #0000FF)]
      RenderBlock (floating) {DIV} at (536,208) size 134x104 [border: (2px solid #0000FF)]
      RenderBlock (floating) {DIV} at (0,312) size 134x104 [border: (2px solid #0000FF)]
      RenderBlock (floating) {DIV} at (134,312) size 134x104 [border: (2px solid #0000FF)]
      RenderBlock (floating) {DIV} at (268,312) size 134x104 [border: (2px solid #0000FF)]
      RenderBlock (floating) {DIV} at (402,312) size 134x104 [border: (2px solid #0000FF)]
      RenderBlock (floating) {DIV} at (536,312) size 134x104 [border: (2px solid #0000FF)]
      RenderBlock (floating) {DIV} at (0,416) size 134x104 [border: (2px solid #0000FF)]
      RenderBlock (floating) {DIV} at (134,416) size 134x104 [border: (2px solid #0000FF)]
      RenderBlock (floating) {DIV} at (268,416) size 134x104 [border: (2px solid #0000FF)]
layer at (10,10) size 130x40
  RenderBlock (relative positioned) {DIV} at (2,2) size 130x40
    RenderBlock (anonymous) at (0,0) size 130x16
      RenderText {#text} at (0,0) size 80x16
        text run at (0,0) width 80: "1 green box:"
    RenderBlock {DIV} at (0,16) size 130x24 [border: (2px solid #008000)]
      RenderBlock {DIV} at (2,2) size 126x20 [border: (2px solid #FF0000)]
        RenderText {#text} at (2,2) size 37x16
          text run at (2,2) width 37: "failed"
layer at (144,10) size 130x56
  RenderBlock (relative positioned) {DIV} at (2,2) size 130x56
    RenderBlock (anonymous) at (0,0) size 130x32
      RenderText {#text} at (0,0) size 108x32
        text run at (0,0) width 12: "2 "
        text run at (12,0) width 96: "green box with"
        text run at (0,16) width 58: "word ok:"
    RenderBlock {DIV} at (0,32) size 130x24 [border: (2px solid #FF0000)]
      RenderBlock {DIV} at (2,2) size 126x20 [border: (2px solid #008000)]
        RenderText {#text} at (2,2) size 16x16
          text run at (2,2) width 16: "ok"
layer at (278,10) size 130x32
  RenderBlock (relative positioned) {DIV} at (2,2) size 130x32
    RenderText {#text} at (0,0) size 108x32
      text run at (0,0) width 108: "3 green box with"
      text run at (0,16) width 58: "word ok:"
    RenderText {#text} at (0,0) size 0x0
hidden layer at (278,42) size 130x34
  RenderBlock (positioned) {DIV} at (0,32) size 130x34 [border: (2px solid #FF0000)]
    RenderBlock {DIV} at (2,2) size 126x20 [border: (2px solid #008000)]
      RenderText {#text} at (2,2) size 16x16
        text run at (2,2) width 16: "ok"
layer at (412,10) size 130x32
  RenderBlock (relative positioned) {DIV} at (2,2) size 130x32
    RenderText {#text} at (0,0) size 108x32
      text run at (0,0) width 108: "4 green box with"
      text run at (0,16) width 58: "word ok:"
    RenderText {#text} at (0,0) size 0x0
hidden layer at (412,42) size 130x34
  RenderBlock (positioned) {DIV} at (0,32) size 130x34 [border: (2px solid #FF0000)]
layer at (414,44) size 126x30
  RenderBlock (positioned) {DIV} at (2,2) size 126x30 [border: (2px solid #008000)]
    RenderText {#text} at (2,2) size 16x16
      text run at (2,2) width 16: "ok"
layer at (546,10) size 130x32
  RenderBlock (relative positioned) {DIV} at (2,2) size 130x32
    RenderText {#text} at (0,0) size 108x32
      text run at (0,0) width 108: "5 green box with"
      text run at (0,16) width 58: "word ok:"
    RenderText {#text} at (0,0) size 0x0
hidden layer at (546,42) size 130x34
  RenderBlock (positioned) {DIV} at (0,32) size 130x34 [border: (2px solid #FF0000)]
    RenderBlock {DIV} at (2,2) size 126x24 [border: (2px solid #FF0000)]
      RenderBlock {DIV} at (2,2) size 122x20 [border: (2px solid #008000)]
        RenderText {#text} at (2,2) size 16x16
          text run at (2,2) width 16: "ok"
layer at (10,114) size 130x32
  RenderBlock (relative positioned) {DIV} at (2,2) size 130x32
    RenderText {#text} at (0,0) size 108x32
      text run at (0,0) width 108: "6 green box with"
      text run at (0,16) width 58: "word ok:"
    RenderText {#text} at (0,0) size 0x0
hidden layer at (10,146) size 130x34
  RenderBlock (positioned) {DIV} at (0,32) size 130x34 [border: (2px solid #FF0000)]
hidden layer at (12,148) size 126x30
  RenderBlock (positioned) {DIV} at (2,2) size 126x30 [border: (2px solid #FF0000)]
    RenderBlock {DIV} at (2,2) size 122x20 [border: (2px solid #008000)]
      RenderText {#text} at (2,2) size 16x16
        text run at (2,2) width 16: "ok"
layer at (144,114) size 130x32
  RenderBlock (relative positioned) {DIV} at (2,2) size 130x32
    RenderText {#text} at (0,0) size 108x32
      text run at (0,0) width 108: "7 green box with"
      text run at (0,16) width 58: "word ok:"
    RenderText {#text} at (0,0) size 0x0
hidden layer at (144,146) size 130x34
  RenderBlock (positioned) {DIV} at (0,32) size 130x34 [border: (2px solid #FF0000)]
hidden layer at (146,148) size 126x30
  RenderBlock (positioned) {DIV} at (2,2) size 126x30 [border: (2px solid #FF0000)]
layer at (148,150) size 122x26
  RenderBlock (positioned) {DIV} at (2,2) size 122x26 [border: (2px solid #008000)]
    RenderText {#text} at (2,2) size 16x16
      text run at (2,2) width 16: "ok"
layer at (278,114) size 130x32
  RenderBlock (relative positioned) {DIV} at (2,2) size 130x32
    RenderText {#text} at (0,0) size 124x32
      text run at (0,0) width 124: "8 double green box"
      text run at (0,16) width 90: "with word ok:"
    RenderText {#text} at (0,0) size 0x0
layer at (278,146) size 130x34
  RenderBlock (positioned) {DIV} at (0,32) size 130x34 [border: (2px solid #008000)]
hidden layer at (280,148) size 126x30
  RenderBlock (positioned) {DIV} at (2,2) size 126x30 [border: (2px solid #FF0000)]
layer at (282,150) size 122x26
  RenderBlock (positioned) {DIV} at (2,2) size 122x26 [border: (2px solid #008000)]
    RenderText {#text} at (2,2) size 16x16
      text run at (2,2) width 16: "ok"
layer at (412,114) size 130x32
  RenderBlock (relative positioned) {DIV} at (2,2) size 130x32
    RenderText {#text} at (0,0) size 108x32
      text run at (0,0) width 108: "9 green box with"
      text run at (0,16) width 58: "word ok:"
    RenderText {#text} at (0,0) size 0x0
hidden layer at (412,146) size 130x34
  RenderBlock (positioned) {DIV} at (0,32) size 130x34 [border: (2px solid #FF0000)]
hidden layer at (414,148) size 126x30
  RenderBlock (positioned) {DIV} at (2,2) size 126x30 [border: (2px solid #FF0000)]
layer at (416,150) size 122x26
  RenderBlock (positioned) {DIV} at (2,2) size 122x26 [border: (2px solid #008000)]
    RenderText {#text} at (2,2) size 16x16
      text run at (2,2) width 16: "ok"
layer at (546,114) size 130x16
  RenderBlock (relative positioned) {DIV} at (2,2) size 130x16
    RenderText {#text} at (0,0) size 88x16
      text run at (0,0) width 88: "10 green box:"
    RenderText {#text} at (0,0) size 0x0
hidden layer at (546,130) size 130x34
  RenderBlock (positioned) {DIV} at (0,16) size 130x34 [border: (2px solid #FF0000)]
layer at (548,132) size 126x30
  RenderBlock (positioned) {DIV} at (2,2) size 126x30 [border: (2px solid #008000)]
hidden layer at (550,134) size 122x26
  RenderBlock (positioned) {DIV} at (2,2) size 122x26 [border: (2px solid #FF0000)]
    RenderText {#text} at (2,2) size 37x16
      text run at (2,2) width 37: "failed"
layer at (10,218) size 130x32
  RenderBlock (relative positioned) {DIV} at (2,2) size 130x32
    RenderText {#text} at (0,0) size 116x32
      text run at (0,0) width 116: "11 green box with"
      text run at (0,16) width 58: "word ok:"
    RenderText {#text} at (0,0) size 0x0
hidden layer at (10,250) size 130x34
  RenderBlock (positioned) {DIV} at (0,32) size 130x34 [border: (2px solid #FF0000)]
    RenderBlock {DIV} at (2,2) size 126x24 [border: (2px solid #FF0000)]
      RenderBlock {DIV} at (2,2) size 122x20 [border: (2px solid #008000)]
        RenderText {#text} at (2,2) size 16x16
          text run at (2,2) width 16: "ok"
layer at (144,218) size 130x32
  RenderBlock (relative positioned) {DIV} at (2,2) size 130x32
    RenderText {#text} at (0,0) size 116x32
      text run at (0,0) width 116: "12 green box with"
      text run at (0,16) width 58: "word ok:"
    RenderText {#text} at (0,0) size 0x0
hidden layer at (144,250) size 130x34
  RenderBlock (positioned) {DIV} at (0,32) size 130x34 [border: (2px solid #FF0000)]
    RenderBlock {DIV} at (2,2) size 126x24 [border: (2px solid #FF0000)]
      RenderBlock {DIV} at (2,2) size 122x20 [border: (2px solid #008000)]
        RenderText {#text} at (2,2) size 16x16
          text run at (2,2) width 16: "ok"
layer at (278,218) size 130x16
  RenderBlock (relative positioned) {DIV} at (2,2) size 130x16
    RenderText {#text} at (0,0) size 88x16
      text run at (0,0) width 88: "13 green box:"
    RenderText {#text} at (0,0) size 0x0
hidden layer at (278,234) size 130x34
  RenderBlock (positioned) {DIV} at (0,16) size 130x34 [border: (2px solid #FF0000)]
    RenderBlock {DIV} at (2,2) size 126x24 [border: (2px solid #008000)]
      RenderBlock {DIV} at (2,2) size 122x20 [border: (2px solid #FF0000)]
        RenderText {#text} at (2,2) size 37x16
          text run at (2,2) width 37: "failed"
layer at (412,218) size 130x32
  RenderBlock (relative positioned) {DIV} at (2,2) size 130x32
    RenderText {#text} at (0,0) size 116x32
      text run at (0,0) width 116: "14 green box with"
      text run at (0,16) width 58: "word ok:"
    RenderText {#text} at (0,0) size 0x0
hidden layer at (412,250) size 130x30
  RenderBlock (positioned) {DIV} at (0,32) size 130x30
    RenderBlock {DIV} at (0,0) size 130x20 [border: (2px solid #008000)]
      RenderText {#text} at (2,2) size 16x16
        text run at (2,2) width 16: "ok"
layer at (546,218) size 130x32
  RenderBlock (relative positioned) {DIV} at (2,2) size 130x32
    RenderText {#text} at (0,0) size 116x32
      text run at (0,0) width 116: "15 green box with"
      text run at (0,16) width 58: "word ok:"
    RenderText {#text} at (0,0) size 0x0
hidden layer at (546,250) size 130x30
  RenderBlock (positioned) {DIV} at (0,32) size 130x30
layer at (546,250) size 130x30
  RenderBlock (positioned) {DIV} at (0,0) size 130x30 [border: (2px solid #008000)]
    RenderText {#text} at (2,2) size 16x16
      text run at (2,2) width 16: "ok"
layer at (10,322) size 130x32
  RenderBlock (relative positioned) {DIV} at (2,2) size 130x32
    RenderText {#text} at (0,0) size 116x32
      text run at (0,0) width 116: "16 green box with"
      text run at (0,16) width 58: "word ok:"
    RenderText {#text} at (0,0) size 0x0
hidden layer at (10,354) size 130x34
  RenderBlock (positioned) {DIV} at (0,32) size 130x34 [border: (2px solid #FF0000)]
    RenderBlock {DIV} at (2,2) size 126x44 [border: (2px solid #FF0000)]
      RenderBlock {DIV} at (2,2) size 122x20 [border: (2px solid #FF0000)]
        RenderText {#text} at (2,2) size 22x16
          text run at (2,2) width 22: "fail"
      RenderBlock {DIV} at (2,22) size 122x20 [border: (2px solid #008000)]
        RenderText {#text} at (2,2) size 16x16
          text run at (2,2) width 16: "ok"
layer at (144,322) size 130x32
  RenderBlock (relative positioned) {DIV} at (2,2) size 130x32
    RenderText {#text} at (0,0) size 116x32
      text run at (0,0) width 116: "17 green box with"
      text run at (0,16) width 58: "word ok:"
    RenderText {#text} at (0,0) size 0x0
hidden layer at (144,354) size 130x34
  RenderBlock (positioned) {DIV} at (0,32) size 130x34 [border: (2px solid #FF0000)]
    RenderBlock {DIV} at (2,2) size 126x44 [border: (2px solid #FF0000)]
      RenderBlock {DIV} at (2,2) size 122x20 [border: (2px solid #008000)]
        RenderText {#text} at (2,2) size 16x16
          text run at (2,2) width 16: "ok"
      RenderBlock {DIV} at (2,22) size 122x20 [border: (2px solid #FF0000)]
        RenderText {#text} at (2,2) size 22x16
          text run at (2,2) width 22: "fail"
layer at (278,322) size 130x32
  RenderBlock (relative positioned) {DIV} at (2,2) size 130x32
    RenderText {#text} at (0,0) size 116x32
      text run at (0,0) width 116: "18 green box with"
      text run at (0,16) width 58: "word ok:"
    RenderText {#text} at (0,0) size 0x0
hidden layer at (278,354) size 130x34
  RenderBlock (positioned) {DIV} at (0,32) size 130x34 [border: (2px solid #FF0000)]
    RenderBlock {DIV} at (2,2) size 126x44 [border: (2px solid #FF0000)]
      RenderBlock {DIV} at (2,2) size 122x20 [border: (2px solid #FF0000)]
        RenderText {#text} at (2,2) size 22x16
          text run at (2,2) width 22: "fail"
      RenderBlock {DIV} at (2,22) size 122x20 [border: (2px solid #008000)]
        RenderText {#text} at (2,2) size 16x16
          text run at (2,2) width 16: "ok"
layer at (412,322) size 130x32
  RenderBlock (relative positioned) {DIV} at (2,2) size 130x32
    RenderText {#text} at (0,0) size 116x32
      text run at (0,0) width 116: "19 green box with"
      text run at (0,16) width 58: "word ok:"
    RenderText {#text} at (0,0) size 0x0
hidden layer at (412,354) size 130x34
  RenderBlock (positioned) {DIV} at (0,32) size 130x34 [border: (2px solid #FF0000)]
    RenderBlock {DIV} at (2,2) size 126x24 [border: (2px solid #FF0000)]
      RenderBlock {DIV} at (2,2) size 122x20 [border: (2px solid #FF0000)]
        RenderText {#text} at (2,2) size 22x16
          text run at (2,2) width 22: "fail"
    RenderBlock {DIV} at (2,26) size 126x24 [border: (2px solid #FF0000)]
      RenderBlock {DIV} at (2,2) size 122x20 [border: (2px solid #008000)]
        RenderText {#text} at (2,2) size 16x16
          text run at (2,2) width 16: "ok"
layer at (546,322) size 130x16
  RenderBlock (relative positioned) {DIV} at (2,2) size 130x16
    RenderText {#text} at (0,0) size 88x16
      text run at (0,0) width 88: "20 green box:"
    RenderText {#text} at (0,0) size 0x0
hidden layer at (546,338) size 130x34
  RenderBlock (positioned) {DIV} at (0,16) size 130x34 [border: (2px solid #FF0000)]
    RenderBlock {DIV} at (2,2) size 126x44 [border: (2px solid #008000)]
      RenderBlock {DIV} at (2,2) size 122x20 [border: (2px solid #FF0000)]
        RenderText {#text} at (2,2) size 16x16
          text run at (2,2) width 16: "ok"
      RenderBlock {DIV} at (2,22) size 122x20 [border: (2px solid #008000)]
        RenderText {#text} at (2,2) size 16x16
          text run at (2,2) width 16: "ok"
layer at (10,426) size 130x32
  RenderBlock (relative positioned) {DIV} at (2,2) size 130x32
    RenderText {#text} at (0,0) size 125x32
      text run at (0,0) width 125: "21 two green boxes"
      text run at (0,16) width 90: "with word ok:"
    RenderText {#text} at (0,0) size 0x0
hidden layer at (10,458) size 130x34
  RenderBlock (positioned) {DIV} at (0,32) size 130x34 [border: (2px solid #FF0000)]
    RenderBlock {DIV} at (2,2) size 126x24 [border: (2px solid #FF0000)]
      RenderBlock {DIV} at (2,2) size 122x20 [border: (2px solid #008000)]
        RenderText {#text} at (2,2) size 16x16
          text run at (2,2) width 16: "ok"
    RenderBlock {DIV} at (2,26) size 126x24 [border: (2px solid #FF0000)]
      RenderBlock {DIV} at (2,2) size 122x20 [border: (2px solid #008000)]
        RenderText {#text} at (2,2) size 16x16
          text run at (2,2) width 16: "ok"
layer at (144,426) size 130x32
  RenderBlock (relative positioned) {DIV} at (2,2) size 130x32
    RenderText {#text} at (0,0) size 116x32
      text run at (0,0) width 116: "22 green box with"
      text run at (0,16) width 58: "word ok:"
    RenderText {#text} at (0,0) size 0x0
hidden layer at (144,458) size 130x34
  RenderBlock (positioned) {DIV} at (0,32) size 130x34 [border: (2px solid #FF0000)]
layer at (146,460) size 126x30
  RenderBlock (positioned) {DIV} at (2,2) size 126x30 [border: (2px solid #008000)]
    RenderText {#text} at (2,2) size 16x16
      text run at (2,2) width 16: "ok"
layer at (278,426) size 130x32
  RenderBlock (relative positioned) {DIV} at (2,2) size 130x32
    RenderText {#text} at (0,0) size 116x32
      text run at (0,0) width 116: "23 green box with"
      text run at (0,16) width 58: "word ok:"
    RenderText {#text} at (0,0) size 0x0
hidden layer at (278,458) size 130x34
  RenderBlock (positioned) zI: 1 {DIV} at (0,32) size 130x34 [border: (2px solid #FF0000)]
hidden layer at (280,460) size 126x30
  RenderBlock (positioned) {DIV} at (2,2) size 126x30 [border: (2px solid #FF0000)]
layer at (282,462) size 122x26
  RenderBlock (positioned) {DIV} at (2,2) size 122x26 [border: (2px solid #008000)]
    RenderText {#text} at (2,2) size 16x16
      text run at (2,2) width 16: "ok"
