layer at (0,0) size 800x600
  RenderView at (0,0) size 800x600
layer at (0,0) size 800x600
  RenderBlock {HTML} at (0,0) size 800x600
    RenderBody {BODY} at (8,8) size 784x584
      RenderBR {BR} at (0,0) size 0x16
      RenderBR {BR} at (0,16) size 0x16
      RenderBR {BR} at (0,32) size 0x16
      RenderBR {BR} at (0,48) size 0x16
      RenderText {#text} at (0,64) size 182x16
        text run at (0,64) width 182: "24 green box with word ok: "
      RenderText {#text} at (0,0) size 0x0
      RenderBR {BR} at (0,0) size 0x0
      RenderBR {BR} at (0,80) size 0x16
      RenderBR {BR} at (0,96) size 0x16
      RenderBR {BR} at (0,112) size 0x16
      RenderText {#text} at (0,128) size 182x16
        text run at (0,128) width 182: "25 green box with word ok: "
      RenderText {#text} at (0,0) size 0x0
      RenderBR {BR} at (0,0) size 0x0
      RenderBR {BR} at (0,144) size 0x16
      RenderBR {BR} at (0,160) size 0x16
      RenderBR {BR} at (0,176) size 0x16
      RenderText {#text} at (0,192) size 182x16
        text run at (0,192) width 182: "26 green box with word ok: "
      RenderText {#text} at (0,0) size 0x0
      RenderBR {BR} at (0,0) size 0x0
      RenderBR {BR} at (0,208) size 0x16
      RenderBR {BR} at (0,224) size 0x16
      RenderBR {BR} at (0,240) size 0x16
hidden layer at (0,88) size 800x34
  RenderBlock (positioned) {DIV} at (0,88) size 800x34 [border: (2px solid #FF0000)]
    RenderBlock {DIV} at (2,2) size 796x4 [border: (2px solid #FF0000)]
    RenderBlock {DIV} at (2,6) size 796x20 [border: (2px solid #008000)]
      RenderText {#text} at (2,2) size 16x16
        text run at (2,2) width 16: "ok"
hidden layer at (2,90) size 796x30
  RenderBlock (positioned) {DIV} at (2,2) size 796x30 [border: (2px solid #FF0000)]
    RenderInline {SPAN} at (0,0) size 28x16
      RenderText {#text} at (2,2) size 28x16
        text run at (2,2) width 28: "blah"
    RenderText {#text} at (0,0) size 0x0
hidden layer at (2,90) size 796x30
  RenderBlock (positioned) {DIV} at (2,2) size 796x30 [border: (2px solid #FF0000)]
hidden layer at (0,152) size 800x34
  RenderBlock (positioned) {DIV} at (0,152) size 800x34 [border: (2px solid #FF0000)]
    RenderBlock {DIV} at (2,2) size 796x4 [border: (2px solid #FF0000)]
    RenderBlock {DIV} at (2,6) size 796x4 [border: (2px solid #FF0000)]
    RenderBlock {DIV} at (2,10) size 796x20 [border: (2px solid #008000)]
      RenderText {#text} at (2,2) size 16x16
        text run at (2,2) width 16: "ok"
hidden layer at (2,154) size 796x30
  RenderBlock (positioned) {DIV} at (2,2) size 796x30 [border: (2px solid #FF0000)]
hidden layer at (2,154) size 796x30
  RenderBlock (positioned) {DIV} at (2,2) size 796x30 [border: (2px solid #FF0000)]
    RenderInline {SPAN} at (0,0) size 28x16
      RenderText {#text} at (2,2) size 28x16
        text run at (2,2) width 28: "blah"
    RenderText {#text} at (0,0) size 0x0
hidden layer at (0,216) size 800x34
  RenderBlock (positioned) {DIV} at (0,216) size 800x34 [border: (2px solid #FF0000)]
    RenderBlock {DIV} at (2,2) size 796x20 [border: (2px solid #FF0000)]
      RenderBlock {DIV} at (2,2) size 792x16
        RenderText {#text} at (0,0) size 28x16
          text run at (0,0) width 28: "blah"
    RenderBlock {DIV} at (2,22) size 796x4 [border: (2px solid #FF0000)]
    RenderBlock {DIV} at (2,26) size 796x20 [border: (2px solid #008000)]
      RenderText {#text} at (2,2) size 16x16
        text run at (2,2) width 16: "ok"
hidden layer at (2,218) size 796x30
  RenderBlock (positioned) {DIV} at (2,2) size 796x30 [border: (2px solid #FF0000)]
    RenderInline {SPAN} at (0,0) size 28x16
      RenderText {#text} at (2,2) size 28x16
        text run at (2,2) width 28: "blah"
    RenderText {#text} at (0,0) size 0x0
hidden layer at (2,218) size 796x30
  RenderBlock (positioned) {DIV} at (2,2) size 796x30 [border: (2px solid #FF0000)]
    RenderInline {SPAN} at (0,0) size 28x16
      RenderText {#text} at (2,2) size 28x16
        text run at (2,2) width 28: "blah"
    RenderText {#text} at (0,0) size 0x0
