layer at (0,0) size 800x600
  RenderView at (0,0) size 800x600
layer at (0,0) size 800x316
  RenderBlock {HTML} at (0,0) size 800x316
    RenderBody {BODY} at (8,16) size 784x292
      RenderBlock {P} at (0,0) size 784x16
        RenderText {#text} at (0,0) size 61x16
          text run at (0,0) width 61: "Tests for "
        RenderInline {A} at (0,0) size 311x16 [color=#0000EE]
          RenderText {#text} at (60,0) size 311x16
            text run at (60,0) width 311: "https://bugs.webkit.org/show_bug.cgi?id=24552"
      RenderBlock (anonymous) at (0,32) size 784x124
        RenderText {#text} at (120,108) size 4x16
          text run at (120,108) width 4: " "
        RenderInline {A} at (0,0) size 62x16 [color=#0000EE]
          RenderText {#text} at (124,108) size 62x16
            text run at (124,108) width 62: "Link here"
        RenderText {#text} at (0,0) size 0x0
      RenderBlock {DIV} at (0,276) size 784x16
        RenderText {#text} at (0,0) size 170x16
          text run at (0,0) width 170: "Found link node, so PASS"
layer at (18,58) size 100x100
  RenderBlock {DIV} at (10,10) size 100x100 [bgcolor=#808080]
