layer at (0,0) size 800x600
  RenderView at (0,0) size 800x600
layer at (0,0) size 800x600
  RenderBlock {HTML} at (0,0) size 800x600
    RenderBody {BODY} at (8,8) size 784x584
      RenderBlock {P} at (0,0) size 784x32
        RenderText {#text} at (0,0) size 55x16
          text run at (0,0) width 55: "Test for "
        RenderInline {I} at (0,0) size 775x32
          RenderInline {A} at (0,0) size 354x16 [color=#0000EE]
            RenderText {#text} at (54,0) size 354x16
              text run at (54,0) width 354: "http://bugzilla.opendarwin.org/show_bug.cgi?id=9193"
          RenderText {#text} at (407,0) size 775x32
            text run at (407,0) width 5: " "
            text run at (411,0) width 364: "REGRESSION: setting an opacity on an element with an"
            text run at (0,16) width 321: "outline causes the outline to disappear completely"
        RenderText {#text} at (320,16) size 5x16
          text run at (320,16) width 5: "."
      RenderBlock {HR} at (0,48) size 784x2 [border: (1px inset #EEEEEE)]
layer at (8,66) size 100x100 transparent
  RenderBlock {DIV} at (0,58) size 100x100 [bgcolor=#C0C0C0]
