layer at (0,0) size 800x600
  RenderView at (0,0) size 800x600
layer at (0,0) size 800x600
  RenderBlock {HTML} at (0,0) size 800x600
    RenderBody {BODY} at (8,8) size 784x584
      RenderBlock (anonymous) at (0,0) size 784x16
        RenderText {#text} at (0,0) size 149x16
          text run at (0,0) width 149: "Scrollbars should work"
layer at (8,24) size 100x100 clip at (8,24) size 85x85 scrollWidth 241 scrollHeight 160
  RenderBlock (relative positioned) {DIV} at (0,16) size 100x100
    RenderText {#text} at (0,0) size 242x16
      text run at (0,0) width 242: "aaaaaaaaaaaaaaaaaaaaaaaaaaaaaaaaaa"
    RenderBR {BR} at (0,0) size 0x0
    RenderText {#text} at (0,16) size 8x16
      text run at (0,16) width 8: "a"
    RenderBR {BR} at (7,28) size 1x0
    RenderText {#text} at (0,32) size 8x16
      text run at (0,32) width 8: "a"
    RenderBR {BR} at (7,44) size 1x0
    RenderText {#text} at (0,48) size 8x16
      text run at (0,48) width 8: "a"
    RenderBR {BR} at (7,60) size 1x0
    RenderText {#text} at (0,64) size 8x16
      text run at (0,64) width 8: "a"
    RenderBR {BR} at (7,76) size 1x0
    RenderText {#text} at (0,80) size 8x16
      text run at (0,80) width 8: "a"
    RenderBR {BR} at (7,92) size 1x0
    RenderText {#text} at (0,96) size 8x16
      text run at (0,96) width 8: "a"
    RenderBR {BR} at (7,108) size 1x0
    RenderText {#text} at (0,112) size 8x16
      text run at (0,112) width 8: "a"
    RenderBR {BR} at (7,124) size 1x0
    RenderText {#text} at (0,128) size 8x16
      text run at (0,128) width 8: "a"
    RenderBR {BR} at (7,140) size 1x0
    RenderText {#text} at (0,144) size 8x16
      text run at (0,144) width 8: "a"
    RenderBR {BR} at (7,156) size 1x0
