layer at (0,0) size 800x600
  RenderView at (0,0) size 800x600
layer at (0,0) size 800x600
  RenderBlock {HTML} at (0,0) size 800x600
    RenderBody {BODY} at (8,8) size 784x584
      RenderBlock (anonymous) at (0,0) size 784x16
        RenderText {#text} at (0,0) size 305x16
          text run at (0,0) width 305: "The square should be a uniform shade of green."
      RenderBlock (anonymous) at (0,66) size 784x0
      RenderBlock (anonymous) at (0,66) size 784x100
      RenderBlock (anonymous) at (0,166) size 784x0
        RenderText {#text} at (0,0) size 0x0
        RenderText {#text} at (0,0) size 0x0
        RenderText {#text} at (0,0) size 0x0
layer at (8,74) size 100x100
  RenderBlock {DIV} at (0,0) size 100x100
    RenderText {#text} at (0,0) size 0x0
layer at (8,24) size 100x50 transparent
  RenderBlock {DIV} at (0,16) size 100x50 [bgcolor=#008000]
layer at (8,74) size 100x50 transparent
  RenderBlock {SPAN} at (0,0) size 100x50 [bgcolor=#008000]
