layer at (0,0) size 800x600
  RenderView at (0,0) size 800x600
layer at (0,0) size 800x600
  RenderBlock {HTML} at (0,0) size 800x600
    RenderBody {BODY} at (8,8) size 784x584
      RenderBlock {P} at (0,0) size 784x32
        RenderText {#text} at (0,0) size 778x32
          text run at (0,0) width 307: "You should see a 100x100 green square below. "
          text run at (306,0) width 274: "If you see any red, then the test has failed. "
          text run at (579,0) width 199: "This test is ensuring that boxes"
          text run at (0,16) width 338: "can act as containing blocks for positioned elements."
layer at (8,56) size 100x100
  RenderDeprecatedFlexibleBox (relative positioned) {DIV} at (0,48) size 100x100 [bgcolor=#FF0000]
layer at (8,56) size 100x100
  RenderBlock (positioned) {DIV} at (0,0) size 100x100 [bgcolor=#008000]
