layer at (0,0) size 800x600
  RenderView at (0,0) size 800x600
layer at (0,0) size 800x296
  RenderBlock {HTML} at (0,0) size 800x296
    RenderBody {BODY} at (8,16) size 784x272
      RenderBlock {P} at (0,0) size 784x16
        RenderText {#text} at (0,0) size 167x16
          text run at (0,0) width 167: "Deeply nested reflections."
layer at (10,48) size 234x240
  RenderBlock {DIV} at (2,32) size 234x240 [border: (1px solid #000000)]
layer at (13,51) size 228x234
  RenderBlock {DIV} at (3,3) size 228x234 [border: (1px solid #FFA500)]
layer at (16,54) size 222x112
  RenderBlock {DIV} at (3,3) size 222x112 [border: (1px solid #0000FF)]
layer at (19,57) size 106x106
  RenderBlock {DIV} at (3,3) size 106x106 [border: (1px solid #FF0000)]
layer at (22,60) size 100x100
  RenderBlock {DIV} at (3,3) size 100x100 [bgcolor=#008000] [border: (1px solid #000000)]
    RenderText {#text} at (28,1) size 44x64
      text run at (28,1) width 44: "C"
