layer at (0,0) size 800x600
  RenderView at (0,0) size 800x600
layer at (0,0) size 800x272
  RenderBlock {HTML} at (0,0) size 800x272
    RenderBody {BODY} at (8,16) size 784x136
      RenderBlock {P} at (0,0) size 784x16
        RenderText {#text} at (0,0) size 279x16
          text run at (0,0) width 279: "Reflection should be masked with gradient."
layer at (28,52) size 100x100
  RenderBlock {DIV} at (20,36) size 100x100 [bgcolor=#008000]
