layer at (0,0) size 800x600
  RenderView at (0,0) size 800x600
layer at (0,0) size 800x344
  RenderBlock {HTML} at (0,0) size 800x344
    RenderBody {BODY} at (8,16) size 784x308
      RenderBlock {P} at (0,0) size 784x16
        RenderText {#text} at (0,0) size 293x16
          text run at (0,0) width 293: "The four green squares should all be lined up."
layer at (28,52) size 142x272
  RenderBlock {DIV} at (20,36) size 142x272 [border: (1px solid #000000)]
layer at (39,63) size 120x120
  RenderBlock {DIV} at (11,11) size 120x120 [bgcolor=#008000]
    RenderText {#text} at (43,0) size 34x67
      text run at (43,0) width 34: "1"
