layer at (0,0) size 800x600
  RenderView at (0,0) size 800x600
layer at (0,0) size 800x320
  RenderBlock {HTML} at (0,0) size 800x320
    RenderBody {BODY} at (8,16) size 784x284
      RenderBlock {P} at (0,0) size 784x32
        RenderText {#text} at (0,0) size 778x32
          text run at (0,0) width 778: "Test transform change on reflected elements, with compositing layers larger than render layers. Left and right side should"
          text run at (0,16) width 103: "be symmetrical."
layer at (28,68) size 122x232
  RenderBlock {DIV} at (20,52) size 122x232 [border: (1px solid #000000)]
layer at (39,79) size 100x100
  RenderBlock {DIV} at (11,11) size 100x100 [bgcolor=#008000]
    RenderText {#text} at (33,0) size 34x67
      text run at (33,0) width 34: "1"
