layer at (0,0) size 800x600
  RenderView at (0,0) size 800x600
layer at (0,0) size 800x172
  RenderBlock {HTML} at (0,0) size 800x172
    RenderBody {BODY} at (8,16) size 784x148
      RenderBlock {P} at (0,0) size 784x32
        RenderText {#text} at (0,0) size 764x32
          text run at (0,0) width 764: "Opacity should be applied after reflection, so you should see a green rectangle below. The overlap between the original"
          text run at (0,16) width 230: "and reflection should not be visible."
layer at (8,64) size 150x100 transparent
  RenderBlock (relative positioned) {DIV} at (0,48) size 150x100 [bgcolor=#008000]
