layer at (0,0) size 800x600
  RenderView at (0,0) size 800x600
layer at (0,0) size 800x208
  RenderBlock {HTML} at (0,0) size 800x208
    RenderBody {BODY} at (8,16) size 784x172
      RenderBlock {P} at (0,0) size 784x32
        RenderText {#text} at (0,0) size 723x32
          text run at (0,0) width 723: "You should see a black rectangle divided into two parts; the top part should be taller (reflection should be behind"
          text run at (0,16) width 60: "original)."
layer at (28,68) size 220x120
  RenderBlock {DIV} at (20,52) size 220x120 [bgcolor=#FFFFFF] [border: (10px solid #000000)]
    RenderText {#text} at (67,10) size 86x24
      text run at (67,10) width 86: "Contents"
