layer at (0,0) size 800x600
  RenderView at (0,0) size 800x600
layer at (0,0) size 800x320
  RenderBlock {HTML} at (0,0) size 800x320
    RenderBody {BODY} at (8,16) size 784x284
      RenderBlock {P} at (0,0) size 784x32
        RenderText {#text} at (0,0) size 737x32
          text run at (0,0) width 737: "Transform inside nested reflections should be applied correctly. You should see four rotated green boxes, as mirror"
          text run at (0,16) width 137: "images of each other."
layer at (28,68) size 122x232
  RenderBlock {DIV} at (20,52) size 122x232 [border: (1px solid #000000)]
layer at (39,79) size 102x102
  RenderBlock {DIV} at (11,11) size 102x102 [border: (1px solid #000000)]
layer at (50,90) size 80x80
  RenderBlock {DIV} at (11,11) size 80x80 [bgcolor=#008000]
