layer at (0,0) size 800x600
  RenderView at (0,0) size 800x600
layer at (0,0) size 800x600
  RenderBlock {HTML} at (0,0) size 800x600
    RenderBody {BODY} at (8,8) size 784x584
      RenderTable {TABLE} at (0,0) size 579x28
        RenderTableSection {TBODY} at (0,0) size 579x28
          RenderTableRow {TR} at (0,2) size 579x24
            RenderTableCell {TD} at (2,2) size 271x24 [r=0 c=0 rs=1 cs=1]
              RenderTable {TABLE} at (1,1) size 269x22
                RenderTableSection {TBODY} at (0,0) size 269x22
                  RenderTableRow {TR} at (0,2) size 269x18
                    RenderTableCell {TD} at (2,2) size 265x18 [r=0 c=0 rs=1 cs=1]
                      RenderText {#text} at (1,1) size 263x16
                        text run at (1,1) width 263: "Look at me contributing some minwidth."
            RenderTableCell {TD} at (275,13) size 302x2 [bgcolor=#FF0000] [r=0 c=1 rs=1 cs=1]
