layer at (0,0) size 800x600
  RenderView at (0,0) size 800x600
layer at (0,0) size 800x144
  RenderBlock {HTML} at (0,0) size 800x144
    RenderBody {BODY} at (8,8) size 784x120
      RenderBlock {DIV} at (0,0) size 784x120
        RenderBlock {DIV} at (0,0) size 784x2
        RenderBlock (floating) {DIV} at (0,2) size 60x45
          RenderImage {IMG} at (0,0) size 60x45
        RenderBlock {UL} at (15,47) size 769x73 [bgcolor=#FF0000]
          RenderListItem {LI} at (0,8) size 769x16
            RenderListMarker at (-16,0) size 6x16: bullet
            RenderText {#text} at (0,0) size 128x16
              text run at (0,0) width 128: "Classroom Training"
          RenderListItem {LI} at (0,40) size 769x16
            RenderListMarker at (-16,0) size 6x16: bullet
            RenderText {#text} at (0,0) size 80x16
              text run at (0,0) width 80: "Find a Class"
