layer at (0,0) size 1518x3160
  RenderView at (0,0) size 785x585
layer at (0,0) size 785x3160
  RenderBlock {HTML} at (0,0) size 785x3160
    RenderBody {BODY} at (8,8) size 769x3136
      RenderBlock (anonymous) at (0,0) size 769x32
        RenderText {#text} at (0,0) size 762x32
          text run at (0,0) width 762: "In all of the examples, you should be able to see blue and green rectangles that spill way out of their containing blocks."
          text run at (0,16) width 613: "They should be 100px tall and not overlap one another at all. They should be stacked vertically."
      RenderBlock {DIV} at (0,48) size 720x240 [border: (10px solid #000000)]
        RenderText {#text} at (10,10) size 313x16
          text run at (10,10) width 313: "You should see blue and green rectangles below."
        RenderBR {BR} at (322,22) size 1x0
        RenderBlock (floating) {DIV} at (10,26) size 1500x100 [bgcolor=#0000FF]
        RenderText {#text} at (0,0) size 0x0
        RenderBlock (floating) {DIV} at (10,126) size 1500x100 [bgcolor=#008000]
        RenderText {#text} at (0,0) size 0x0
      RenderBlock {DIV} at (0,304) size 720x240 [border: (10px solid #000000)]
        RenderText {#text} at (10,10) size 162x16
          text run at (10,10) width 162: "You should see blue and "
        RenderBlock (floating) {DIV} at (10,26) size 1500x100 [bgcolor=#0000FF]
        RenderText {#text} at (0,0) size 0x0
        RenderBlock (floating) {DIV} at (10,126) size 1500x100 [bgcolor=#008000]
        RenderText {#text} at (171,10) size 152x16
          text run at (171,10) width 152: "green rectangles below."
      RenderBlock {DIV} at (0,560) size 720x240 [border: (10px solid #000000)]
        RenderBlock (floating) {DIV} at (10,10) size 1500x100 [bgcolor=#0000FF]
        RenderBlock (floating) {DIV} at (10,110) size 1500x100 [bgcolor=#008000]
        RenderBR {BR} at (1510,10) size 0x16
        RenderText {#text} at (10,210) size 312x16
          text run at (10,210) width 312: "You should see blue and green rectangles above."
      RenderBlock {DIV} at (0,816) size 720x240 [border: (10px solid #000000)]
        RenderBlock (floating) {DIV} at (10,10) size 1500x100 [bgcolor=#0000FF]
        RenderBlock (floating) {DIV} at (10,110) size 1500x100 [bgcolor=#008000]
        RenderText {#text} at (10,210) size 312x16
          text run at (10,210) width 312: "You should see blue and green rectangles above."
      RenderBlock {DIV} at (0,1072) size 720x240 [border: (10px solid #000000)]
        RenderBlock (floating) {DIV} at (10,10) size 1500x100 [bgcolor=#0000FF]
        RenderText {#text} at (10,110) size 287x16
          text run at (10,110) width 287: "You should see blue above and green below."
        RenderBlock (floating) {DIV} at (10,126) size 1500x100 [bgcolor=#008000]
        RenderText {#text} at (0,0) size 0x0
      RenderBlock {DIV} at (0,1328) size 720x240 [border: (10px solid #000000)]
        RenderBlock (floating) {DIV} at (10,10) size 1500x100 [bgcolor=#0000FF]
        RenderText {#text} at (10,110) size 287x16
          text run at (10,110) width 287: "You should see blue above and green below."
        RenderBR {BR} at (296,122) size 1x0
        RenderBlock (floating) {DIV} at (10,126) size 1500x100 [bgcolor=#008000]
        RenderText {#text} at (0,0) size 0x0
      RenderBlock (anonymous) at (0,1584) size 769x16
        RenderText {#text} at (0,0) size 595x16
          text run at (0,0) width 595: "The next examples should have blue and green rectangles that snugly fit without spilling out."
      RenderBlock {DIV} at (0,1616) size 720x240 [border: (10px solid #000000)]
        RenderText {#text} at (10,10) size 313x16
          text run at (10,10) width 313: "You should see blue and green rectangles below."
        RenderBR {BR} at (322,22) size 1x0
        RenderBlock (floating) {DIV} at (10,26) size 698x100 [bgcolor=#0000FF]
        RenderText {#text} at (0,0) size 0x0
        RenderBlock (floating) {DIV} at (10,126) size 698x100 [bgcolor=#008000]
        RenderText {#text} at (0,0) size 0x0
      RenderBlock {DIV} at (0,1872) size 720x240 [border: (10px solid #000000)]
        RenderText {#text} at (10,10) size 313x16
          text run at (10,10) width 313: "You should see blue and green rectangles below."
        RenderBlock (floating) {DIV} at (10,26) size 698x100 [bgcolor=#0000FF]
        RenderText {#text} at (0,0) size 0x0
        RenderBlock (floating) {DIV} at (10,126) size 698x100 [bgcolor=#008000]
        RenderText {#text} at (0,0) size 0x0
      RenderBlock {DIV} at (0,2128) size 720x240 [border: (10px solid #000000)]
        RenderBlock (floating) {DIV} at (10,10) size 698x100 [bgcolor=#0000FF]
        RenderBlock (floating) {DIV} at (10,110) size 698x100 [bgcolor=#008000]
        RenderBR {BR} at (708,10) size 0x16
        RenderText {#text} at (10,210) size 312x16
          text run at (10,210) width 312: "You should see blue and green rectangles above."
      RenderBlock {DIV} at (0,2384) size 720x240 [border: (10px solid #000000)]
        RenderBlock (floating) {DIV} at (10,10) size 698x100 [bgcolor=#0000FF]
        RenderBlock (floating) {DIV} at (10,110) size 698x100 [bgcolor=#008000]
        RenderText {#text} at (10,210) size 312x16
          text run at (10,210) width 312: "You should see blue and green rectangles above."
      RenderBlock {DIV} at (0,2640) size 720x240 [border: (10px solid #000000)]
        RenderBlock (floating) {DIV} at (10,10) size 698x100 [bgcolor=#0000FF]
        RenderText {#text} at (10,110) size 287x16
          text run at (10,110) width 287: "You should see blue above and green below."
        RenderBlock (floating) {DIV} at (10,126) size 698x100 [bgcolor=#008000]
        RenderText {#text} at (0,0) size 0x0
      RenderBlock {DIV} at (0,2896) size 720x240 [border: (10px solid #000000)]
        RenderBlock (floating) {DIV} at (10,10) size 698x100 [bgcolor=#0000FF]
        RenderText {#text} at (10,110) size 287x16
          text run at (10,110) width 287: "You should see blue above and green below."
        RenderBR {BR} at (296,122) size 1x0
        RenderBlock (floating) {DIV} at (10,126) size 698x100 [bgcolor=#008000]
        RenderText {#text} at (0,0) size 0x0
