layer at (0,0) size 785x1432
  RenderView at (0,0) size 785x600
layer at (0,0) size 785x1432
  RenderBlock {HTML} at (0,0) size 785x1432
    RenderBody {BODY} at (8,8) size 769x1416
      RenderBlock {DIV} at (0,0) size 769x200
        RenderBlock (floating) {DIV} at (569,0) size 200x200 [bgcolor=#FF0000]
        RenderTable {TABLE} at (0,0) size 569x42 [border: (2px solid #008000)]
          RenderTableSection {TBODY} at (2,2) size 565x38
            RenderTableRow {TR} at (0,2) size 565x34
              RenderTableCell {TD} at (2,2) size 561x34 [r=0 c=0 rs=1 cs=1]
                RenderText {#text} at (40,1) size 520x32
                  text run at (40,1) width 520: "This is a table. It should sit on the same line as the float and wrap as needed to fit"
                  text run at (354,17) width 5 RTL: "."
                  text run at (358,17) width 202: "within the remaining line width"
      RenderBlock {DIV} at (0,200) size 769x200
        RenderBlock (floating) {DIV} at (569,0) size 200x200 [bgcolor=#FF0000]
      RenderBlock {DIV} at (0,408) size 769x200
        RenderBlock (floating) {DIV} at (569,0) size 200x200 [bgcolor=#FF0000]
        RenderBlock {HR} at (0,0) size 569x2 [border: (1px inset #EEEEEE)]
      RenderBlock {DIV} at (0,608) size 769x200
        RenderBlock (floating) {DIV} at (569,0) size 200x200 [bgcolor=#FF0000]
        RenderTable {TABLE} at (185,0) size 384x42 [border: (2px solid #008000)]
          RenderTableSection {TBODY} at (2,2) size 380x38
            RenderTableRow {TR} at (0,2) size 380x34
              RenderTableCell {TD} at (2,2) size 376x34 [r=0 c=0 rs=1 cs=1]
                RenderText {#text} at (19,1) size 371x32
                  text run at (19,1) width 356: "This is a table. It should sit on the same line as the float"
                  text run at (4,17) width 5 RTL: "."
                  text run at (8,17) width 367: "and wrap as needed to fit within the remaining line width"
      RenderBlock {DIV} at (0,808) size 769x200
        RenderBlock (floating) {DIV} at (569,0) size 200x200 [bgcolor=#FF0000]
      RenderBlock {DIV} at (0,1016) size 769x200
        RenderBlock (floating) {DIV} at (569,0) size 200x200 [bgcolor=#FF0000]
        RenderBlock {HR} at (182.50,0) size 386.50x2 [border: (1px inset #EEEEEE)]
      RenderBlock {DIV} at (0,1216) size 769x200
        RenderBlock (floating) {DIV} at (569,0) size 200x200 [bgcolor=#FF0000]
        RenderImage {IMG} at (184.50,0) size 384.50x50 [bgcolor=#008000]
layer at (8,208) size 569x51 clip at (25,210) size 550x32
  RenderBlock {DIV} at (0,0) size 569x51 [border: (2px solid #0000FF)]
    RenderText {#text} at (28,2) size 539x32
      text run at (28,2) width 539: "This is an overflow:scroll region. It should sit on the same line as the float and wrap"
      text run at (259,18) width 5 RTL: "."
      text run at (263,18) width 304: "as needed to fit within the remaining line width"
layer at (189,816) size 388x67 clip at (206,818) size 369x48
  RenderBlock {DIV} at (180.50,0) size 388.50x67 [border: (2px solid #0000FF)]
    RenderText {#text} at (50,2) size 369x48
      text run at (50,2) width 337: "This is an overflow:scroll region. It should sit on the"
      text run at (18,18) width 369: "same line as the float and wrap as needed to fit within the"
      text run at (249,34) width 5 RTL: "."
      text run at (253,34) width 134: "remaining line width"
