layer at (0,0) size 800x600
  RenderView at (0,0) size 800x600
layer at (0,0) size 800x160
  RenderBlock {HTML} at (0,0) size 800x160
    RenderBody {BODY} at (8,8) size 784x34
      RenderBlock (floating) {DIV} at (532,0) size 252x102 [border: (1px solid #FF0000)]
        RenderText {#text} at (1,1) size 85x16
          text run at (1,1) width 85: "TOP-RIGHT"
        RenderBR {BR} at (85,1) size 1x16
        RenderText {#text} at (1,17) size 69x16
          text run at (1,17) width 69: "float:right;"
        RenderBR {BR} at (69,17) size 1x16
        RenderText {#text} at (1,33) size 90x16
          text run at (1,33) width 90: "width: 250px;"
        RenderBR {BR} at (90,33) size 1x16
        RenderText {#text} at (1,49) size 89x16
          text run at (1,49) width 89: "height:100px;"
      RenderBlock {DIV} at (0,0) size 394x34 [border: (1px solid #FF0000)]
        RenderText {#text} at (1,1) size 31x16
          text run at (1,1) width 31: "TOP"
        RenderBR {BR} at (31,1) size 1x16
        RenderText {#text} at (1,17) size 75x16
          text run at (1,17) width 75: "width:50%;"
      RenderBlock (floating) {DIV} at (0,102) size 113.11x50 [border: (1px solid #FF0000)]
        RenderText {#text} at (1,1) size 112x16
          text run at (1,1) width 112: "BOTTOM-LEFT"
        RenderBR {BR} at (112,1) size 1x16
        RenderText {#text} at (1,17) size 64x16
          text run at (1,17) width 64: "float: left;"
        RenderBR {BR} at (64,17) size 1x16
        RenderText {#text} at (1,33) size 73x16
          text run at (1,33) width 73: "clear: both;"
