layer at (0,0) size 812x600
  RenderView at (0,0) size 800x600
layer at (0,0) size 800x128
  RenderBlock {HTML} at (0,0) size 800x128
    RenderBody {BODY} at (8,8) size 784x112
      RenderBlock (floating) {DIV} at (0,0) size 554x20 [border: (2px solid #FF0000)]
        RenderText {#text} at (2,2) size 509x16
          text run at (2,2) width 509: "(Parent DIV have no border set) There should be a green table below this block"
      RenderTable {TABLE} at (0,20) size 784x26 [border: (2px solid #008000)]
        RenderTableSection {TBODY} at (2,2) size 780x22
          RenderTableRow {TR} at (0,2) size 780x18
            RenderTableCell {TD} at (2,2) size 776x18 [r=0 c=0 rs=1 cs=1]
              RenderText {#text} at (1,1) size 23x16
                text run at (1,1) width 23: "test"
      RenderBlock (anonymous) at (0,46) size 784x16
        RenderBR {BR} at (0,0) size 0x16
      RenderBlock {DIV} at (0,62) size 804x50 [border: (2px solid #0000FF)]
        RenderBlock (floating) {DIV} at (2,2) size 554x20 [border: (2px solid #FF0000)]
          RenderText {#text} at (2,2) size 548x16
            text run at (2,2) width 250: "(Parent DIV have 2px blue border set) "
            text run at (251,2) width 299: "There should be a green table below this block"
        RenderTable {TABLE} at (2,22) size 800x26 [border: (2px solid #008000)]
          RenderTableSection {TBODY} at (2,2) size 796x22
            RenderTableRow {TR} at (0,2) size 796x18
              RenderTableCell {TD} at (2,2) size 792x18 [r=0 c=0 rs=1 cs=1]
                RenderText {#text} at (1,1) size 23x16
                  text run at (1,1) width 23: "test"
