layer at (0,0) size 800x600
  RenderView at (0,0) size 800x600
layer at (0,0) size 800x597
  RenderBlock {HTML} at (0,0) size 800x597.03
    RenderBody {BODY} at (8,21.44) size 784x556.88
      RenderBlock {H1} at (0,0) size 784x64
        RenderText {#text} at (0,0) size 542x32
          text run at (0,0) width 542: "Margins and block formating contexts ("
        RenderInline {A} at (0,0) size 749x64 [color=#0000EE]
          RenderText {#text} at (541,0) size 749x64
            text run at (541,0) width 208: "additional tests"
            text run at (0,32) width 255: "from Alan Gresley"
        RenderText {#text} at (254,32) size 11x32
          text run at (254,32) width 11: ")"
      RenderBlock {H3} at (0,85.44) size 784x57
        RenderText {#text} at (0,0) size 686x19
          text run at (0,0) width 686: "The orange stripe has 'overflow: auto', 'margin-left: 100px' and 'margin-right: 100px'"
        RenderBR {BR} at (685,0) size 1x19
        RenderText {#text} at (0,19) size 649x19
          text run at (0,19) width 649: "The lime stripes are floats with various width (topmost is 0, bottommost is 150px)"
        RenderBR {BR} at (648,19) size 1x19
        RenderText {#text} at (0,38) size 394x19
          text run at (0,38) width 394: "The wrapping container has a solid silver border."
      RenderBlock {DIV} at (16,161.16) size 650x26 [border: (5px solid #C0C0C0)]
        RenderBlock (floating) {DIV} at (5,5) size 0x16 [bgcolor=#00FF00]
          RenderText {#text} at (0,0) size 40x16
            text run at (0,0) width 40: "floatL"
      RenderBlock {DIV} at (16,203.16) size 650x26 [border: (5px solid #C0C0C0)]
        RenderBlock (floating) {DIV} at (5,5) size 50x16 [bgcolor=#00FF00]
          RenderText {#text} at (0,0) size 40x16
            text run at (0,0) width 40: "floatL"
      RenderBlock {DIV} at (16,245.16) size 650x26 [border: (5px solid #C0C0C0)]
        RenderBlock (floating) {DIV} at (5,5) size 100x16 [bgcolor=#00FF00]
          RenderText {#text} at (0,0) size 40x16
            text run at (0,0) width 40: "floatL"
      RenderBlock {DIV} at (16,287.16) size 650x26 [border: (5px solid #C0C0C0)]
        RenderBlock (floating) {DIV} at (5,5) size 150x16 [bgcolor=#00FF00]
          RenderText {#text} at (0,0) size 84x16
            text run at (0,0) width 84: "floatL 150px"
      RenderBlock {DIV} at (16,329.16) size 650x26 [border: (5px solid #C0C0C0)]
        RenderBlock (floating) {DIV} at (645,5) size 0x16 [bgcolor=#00FF00]
          RenderText {#text} at (0,0) size 40x16
            text run at (0,0) width 40: "floatR"
      RenderBlock {DIV} at (16,371.16) size 650x26 [border: (5px solid #C0C0C0)]
        RenderBlock (floating) {DIV} at (595,5) size 50x16 [bgcolor=#00FF00]
          RenderText {#text} at (0,0) size 40x16
            text run at (0,0) width 40: "floatR"
      RenderBlock {DIV} at (16,413.16) size 650x26 [border: (5px solid #C0C0C0)]
        RenderBlock (floating) {DIV} at (545,5) size 100x16 [bgcolor=#00FF00]
          RenderText {#text} at (0,0) size 40x16
            text run at (0,0) width 40: "floatR"
      RenderBlock {DIV} at (16,455.16) size 650x26 [border: (5px solid #C0C0C0)]
        RenderBlock (floating) {DIV} at (495,5) size 150x16 [bgcolor=#00FF00]
          RenderText {#text} at (0,0) size 84x16
            text run at (0,0) width 84: "floatR 150px"
      RenderBlock {H3} at (0,499.88) size 784x57
        RenderText {#text} at (0,0) size 661x19
          text run at (0,0) width 661: "The orange stripe has 'overflow: auto', 'margin-left: auto' and 'margin-right: auto'"
        RenderBR {BR} at (660,0) size 1x19
        RenderText {#text} at (0,19) size 649x19
          text run at (0,19) width 649: "The lime stripes are floats with various width (topmost is 0, bottommost is 150px)"
        RenderBR {BR} at (648,19) size 1x19
        RenderText {#text} at (0,38) size 394x19
          text run at (0,38) width 394: "The wrapping container has a solid silver border."
layer at (129,188) size 440x16
  RenderBlock {DIV} at (105,5) size 440x16 [bgcolor=#FFA500]
    RenderText {#text} at (0,0) size 175x16
      text run at (0,0) width 175: "<div> with 'overflow: auto'"
layer at (129,230) size 440x16
  RenderBlock {DIV} at (105,5) size 440x16 [bgcolor=#FFA500]
    RenderText {#text} at (0,0) size 175x16
      text run at (0,0) width 175: "<div> with 'overflow: auto'"
layer at (129,272) size 440x16
  RenderBlock {DIV} at (105,5) size 440x16 [bgcolor=#FFA500]
    RenderText {#text} at (0,0) size 175x16
      text run at (0,0) width 175: "<div> with 'overflow: auto'"
layer at (179,314) size 390x16
  RenderBlock {DIV} at (155,5) size 390x16 [bgcolor=#FFA500]
    RenderText {#text} at (0,0) size 175x16
      text run at (0,0) width 175: "<div> with 'overflow: auto'"
layer at (129,356) size 440x16
  RenderBlock {DIV} at (105,5) size 440x16 [bgcolor=#FFA500]
    RenderText {#text} at (0,0) size 175x16
      text run at (0,0) width 175: "<div> with 'overflow: auto'"
layer at (129,398) size 440x16
  RenderBlock {DIV} at (105,5) size 440x16 [bgcolor=#FFA500]
    RenderText {#text} at (0,0) size 175x16
      text run at (0,0) width 175: "<div> with 'overflow: auto'"
layer at (129,440) size 440x16
  RenderBlock {DIV} at (105,5) size 440x16 [bgcolor=#FFA500]
    RenderText {#text} at (0,0) size 175x16
      text run at (0,0) width 175: "<div> with 'overflow: auto'"
layer at (129,482) size 390x16
  RenderBlock {DIV} at (105,5) size 390x16 [bgcolor=#FFA500]
    RenderText {#text} at (0,0) size 175x16
      text run at (0,0) width 175: "<div> with 'overflow: auto'"
