layer at (0,0) size 800x600
  RenderView at (0,0) size 800x600
layer at (0,0) size 800x600
  RenderBlock {HTML} at (0,0) size 800x600
    RenderBody {BODY} at (8,8) size 784x584
      RenderBlock {DIV} at (0,0) size 784x32
        RenderText {#text} at (0,0) size 255x16
          text run at (0,0) width 255: "This test checks for regressions against "
        RenderInline {A} at (0,0) size 744x32 [color=#0000EE]
          RenderText {#text} at (254,0) size 744x32
            text run at (254,0) width 490: "Radar 4279765: REGRESSION: \"More...\" links on flickr groups pages have"
            text run at (0,16) width 160: "hover issues (flickr.com)"
        RenderText {#text} at (159,16) size 606x16
          text run at (159,16) width 606: ", or rather, a related painting issue. The word \"PASS\" should appear below in translucent blue."
layer at (8,40) size 784x125 transparent
  RenderBlock {DIV} at (0,32) size 784x125
    RenderBlock (floating) {DIV} at (0,0) size 104x125
      RenderImage {IMG} at (0,0) size 100x100
      RenderText {#text} at (100,88) size 4x16
        text run at (100,88) width 4: " "
      RenderBR {BR} at (0,0) size 0x0
      RenderBlock (floating) {H1} at (25.75,125.44) size 78.25x32
        RenderInline {A} at (0,0) size 79x32 [color=#0000EE]
          RenderText {#text} at (0,0) size 79x32
            text run at (0,0) width 79: "PASS"
      RenderText {#text} at (0,0) size 0x0
    RenderBR {BR} at (104,0) size 0x16
