layer at (0,0) size 785x2180
  RenderView at (0,0) size 785x600
layer at (0,0) size 785x2180
  RenderBlock {HTML} at (0,0) size 785x2180
    RenderBody {BODY} at (8,8) size 769x2164
      RenderBlock (anonymous) at (0,0) size 769x32
        RenderText {#text} at (0,0) size 755x32
          text run at (0,0) width 548: "Test of objects that avoid floats to see what they do with percentage and auto widths. "
          text run at (547,0) width 208: "This test is designed to illustrate"
          text run at (0,16) width 483: "that we have removed the WinIE quirk and are behaving more like Firefox."
      RenderBlock {HR} at (0,40) size 769x2 [border: (1px inset #EEEEEE)]
      RenderBlock (anonymous) at (0,50) size 769x16
        RenderText {#text} at (0,0) size 518x16
          text run at (0,0) width 518: "The inline-level button should be below the select and fill the width of the block."
      RenderBlock {P} at (0,82) size 220x72 [border: (10px solid #FF0000)]
        RenderText {#text} at (10,10) size 60x16
          text run at (10,10) width 60: "Line One"
        RenderBR {BR} at (69,22) size 1x0
        RenderMenuList {SELECT} at (10,26) size 100x18 [bgcolor=#F8F8F8]
          RenderBlock (anonymous) at (0,0) size 100x18
            RenderText at (8,2) size 22x13
              text run at (8,2) width 22: "One"
        RenderText {#text} at (0,0) size 0x0
        RenderButton {INPUT} at (10,44) size 200x18 [bgcolor=#C0C0C0]
          RenderBlock (anonymous) at (8,2.50) size 184x13
            RenderText {#text} at (86,0) size 12x13
              text run at (86,0) width 12: "Hi"
        RenderText {#text} at (0,0) size 0x0
      RenderBlock (anonymous) at (0,170) size 769x16
        RenderText {#text} at (0,0) size 482x16
          text run at (0,0) width 482: "The floating button with a percentage width should be even with the select."
      RenderBlock {P} at (0,202) size 220x54 [border: (10px solid #FF0000)]
        RenderText {#text} at (10,10) size 60x16
          text run at (10,10) width 60: "Line One"
        RenderBR {BR} at (69,22) size 1x0
        RenderMenuList {SELECT} at (10,26) size 100x18 [bgcolor=#F8F8F8]
          RenderBlock (anonymous) at (0,0) size 100x18
            RenderText at (8,2) size 22x13
              text run at (8,2) width 22: "One"
        RenderText {#text} at (0,0) size 0x0
        RenderButton {INPUT} at (110,26) size 100x18 [bgcolor=#C0C0C0]
          RenderBlock (anonymous) at (8,2.50) size 84x13
            RenderText {#text} at (36,0) size 12x13
              text run at (36,0) width 12: "Hi"
        RenderText {#text} at (0,0) size 0x0
        RenderBR {BR} at (210,26) size 0x16
      RenderBlock (anonymous) at (0,272) size 769x16
        RenderText {#text} at (0,0) size 470x16
          text run at (0,0) width 470: "The block-level button with an auto width should be even with the select."
      RenderBlock {P} at (0,304) size 220x70 [border: (10px solid #FF0000)]
        RenderBlock (anonymous) at (10,10) size 200x16
          RenderText {#text} at (0,0) size 60x16
            text run at (0,0) width 60: "Line One"
          RenderBR {BR} at (59,12) size 1x0
          RenderMenuList {SELECT} at (0,16) size 100x18 [bgcolor=#F8F8F8]
            RenderBlock (anonymous) at (0,0) size 100x18
              RenderText at (8,2) size 22x13
                text run at (8,2) width 22: "One"
          RenderText {#text} at (0,0) size 0x0
        RenderButton {INPUT} at (110,26) size 27.27x18 [bgcolor=#C0C0C0]
          RenderBlock (anonymous) at (8,2.50) size 11.27x13
            RenderText {#text} at (0,0) size 12x13
              text run at (0,0) width 12: "Hi"
        RenderBlock (anonymous) at (10,44) size 200x16
          RenderBR {BR} at (0,0) size 0x16
      RenderBlock (anonymous) at (0,390) size 769x16
        RenderText {#text} at (0,0) size 504x16
          text run at (0,0) width 504: "The block-level button with a percentage width should be even with the select."
      RenderBlock {P} at (0,422) size 220x70 [border: (10px solid #FF0000)]
        RenderBlock (anonymous) at (10,10) size 200x16
          RenderText {#text} at (0,0) size 60x16
            text run at (0,0) width 60: "Line One"
          RenderBR {BR} at (59,12) size 1x0
          RenderMenuList {SELECT} at (0,16) size 100x18 [bgcolor=#F8F8F8]
            RenderBlock (anonymous) at (0,0) size 100x18
              RenderText at (8,2) size 22x13
                text run at (8,2) width 22: "One"
          RenderText {#text} at (0,0) size 0x0
        RenderButton {INPUT} at (110,26) size 100x18 [bgcolor=#C0C0C0]
          RenderBlock (anonymous) at (8,2.50) size 84x13
            RenderText {#text} at (36,0) size 12x13
              text run at (36,0) width 12: "Hi"
        RenderBlock (anonymous) at (10,44) size 200x16
          RenderBR {BR} at (0,0) size 0x16
      RenderBlock (anonymous) at (0,508) size 769x16
        RenderText {#text} at (0,0) size 472x16
          text run at (0,0) width 472: "The floating table with a percentage width should be even with the select."
      RenderBlock {P} at (0,540) size 220x64 [border: (10px solid #FF0000)]
        RenderText {#text} at (10,10) size 60x16
          text run at (10,10) width 60: "Line One"
        RenderBR {BR} at (69,22) size 1x0
        RenderMenuList {SELECT} at (10,26) size 100x18 [bgcolor=#F8F8F8]
          RenderBlock (anonymous) at (0,0) size 100x18
            RenderText at (8,2) size 22x13
              text run at (8,2) width 22: "One"
        RenderText {#text} at (0,0) size 0x0
        RenderTable {TABLE} at (110,26) size 100x28 [border: (2px outset #808080)]
          RenderTableSection {TBODY} at (2,2) size 96x24
            RenderTableRow {TR} at (0,2) size 96x20
              RenderTableCell {TD} at (2,2) size 92x20 [border: (1px inset #808080)] [r=0 c=0 rs=1 cs=1]
                RenderText {#text} at (2,2) size 37x16
                  text run at (2,2) width 37: "Table"
        RenderText {#text} at (0,0) size 0x0
        RenderBR {BR} at (210,26) size 0x16
      RenderBlock (anonymous) at (0,620) size 769x32
        RenderText {#text} at (0,0) size 769x32
          text run at (0,0) width 769: "The floating table with an auto width should be even with the select and shrinks to use the available line width. THIS IS"
          text run at (0,16) width 161: "CURRENTLY BUGGY."
      RenderBlock {P} at (0,668) size 220x114 [border: (10px solid #FF0000)]
        RenderText {#text} at (10,10) size 60x16
          text run at (10,10) width 60: "Line One"
        RenderBR {BR} at (69,22) size 1x0
        RenderMenuList {SELECT} at (10,26) size 100x18 [bgcolor=#F8F8F8]
          RenderBlock (anonymous) at (0,0) size 100x18
            RenderText at (8,2) size 22x13
              text run at (8,2) width 22: "One"
        RenderText {#text} at (0,0) size 0x0
        RenderTable {TABLE} at (10,44) size 200x60 [border: (2px outset #808080)]
          RenderTableSection {TBODY} at (2,2) size 196x56
            RenderTableRow {TR} at (0,2) size 196x52
              RenderTableCell {TD} at (2,2) size 192x52 [border: (1px inset #808080)] [r=0 c=0 rs=1 cs=1]
                RenderText {#text} at (2,2) size 165x48
                  text run at (2,2) width 164: "Floating table that should"
                  text run at (2,18) width 165: "shrink so it can be next to"
                  text run at (2,34) width 93: "previous float."
        RenderText {#text} at (0,0) size 0x0
        RenderBR {BR} at (110,26) size 0x16
      RenderBlock (anonymous) at (0,798) size 769x16
        RenderText {#text} at (0,0) size 746x16
          text run at (0,0) width 589: "The block-level table below has a percentage width and should still be even with the select. "
          text run at (588,0) width 158: "It spills out of the block."
      RenderBlock {P} at (0,830) size 220x130 [border: (10px solid #FF0000)]
        RenderBlock (anonymous) at (10,10) size 200x16
          RenderText {#text} at (0,0) size 60x16
            text run at (0,0) width 60: "Line One"
          RenderBR {BR} at (59,12) size 1x0
          RenderMenuList {SELECT} at (0,16) size 100x18 [bgcolor=#F8F8F8]
            RenderBlock (anonymous) at (0,0) size 100x18
              RenderText at (8,2) size 22x13
                text run at (8,2) width 22: "One"
          RenderText {#text} at (0,0) size 0x0
        RenderTable {TABLE} at (10,44) size 200x60 [border: (2px outset #808080)]
          RenderTableSection {TBODY} at (2,2) size 196x56
            RenderTableRow {TR} at (0,2) size 196x52
              RenderTableCell {TD} at (2,2) size 192x52 [border: (1px inset #808080)] [r=0 c=0 rs=1 cs=1]
                RenderText {#text} at (2,2) size 165x48
                  text run at (2,2) width 164: "Floating table that should"
                  text run at (2,18) width 165: "shrink so it can be next to"
                  text run at (2,34) width 93: "previous float."
        RenderBlock (anonymous) at (10,104) size 200x16
          RenderBR {BR} at (0,0) size 0x16
      RenderBlock (anonymous) at (0,976) size 769x16
        RenderText {#text} at (0,0) size 759x16
          text run at (0,0) width 555: "The block-level table below has an auto width and should still be even with the select. "
          text run at (554,0) width 205: "It shrinks to fit inside the block."
      RenderBlock {P} at (0,1008) size 220x176 [border: (10px solid #FF0000)]
        RenderBlock (anonymous) at (10,10) size 200x16
          RenderText {#text} at (0,0) size 60x16
            text run at (0,0) width 60: "Line One"
          RenderBR {BR} at (59,12) size 1x0
          RenderMenuList {SELECT} at (0,16) size 100x18 [bgcolor=#F8F8F8]
            RenderBlock (anonymous) at (0,0) size 100x18
              RenderText at (8,2) size 22x13
                text run at (8,2) width 22: "One"
          RenderText {#text} at (0,0) size 0x0
        RenderTable {TABLE} at (110,26) size 100x124 [border: (2px outset #808080)]
          RenderTableSection {TBODY} at (2,2) size 96x120
            RenderTableRow {TR} at (0,2) size 96x116
              RenderTableCell {TD} at (2,2) size 92x116 [border: (1px inset #808080)] [r=0 c=0 rs=1 cs=1]
                RenderText {#text} at (2,2) size 87x112
                  text run at (2,2) width 54: "Floating"
                  text run at (2,18) width 60: "table that"
                  text run at (2,34) width 87: "should shrink"
                  text run at (2,50) width 73: "so it can be"
                  text run at (2,66) width 44: "next to"
                  text run at (2,82) width 56: "previous"
                  text run at (2,98) width 34: "float."
        RenderBlock (anonymous) at (10,150) size 200x16
          RenderBR {BR} at (0,0) size 0x16
      RenderBlock (anonymous) at (0,1200) size 769x16
        RenderText {#text} at (0,0) size 548x16
          text run at (0,0) width 548: "The floating overflow section with a percentage width should be even with the select."
      RenderBlock {DIV} at (0,1216) size 220x132 [border: (10px solid #FF0000)]
        RenderText {#text} at (10,10) size 60x16
          text run at (10,10) width 60: "Line One"
        RenderBR {BR} at (69,22) size 1x0
        RenderMenuList {SELECT} at (10,26) size 100x18 [bgcolor=#F8F8F8]
          RenderBlock (anonymous) at (0,0) size 100x18
            RenderText at (8,2) size 22x13
              text run at (8,2) width 22: "One"
        RenderText {#text} at (0,0) size 0x0
        RenderText {#text} at (0,0) size 0x0
        RenderBR {BR} at (210,26) size 0x16
      RenderBlock (anonymous) at (0,1348) size 769x32
        RenderText {#text} at (0,0) size 743x32
          text run at (0,0) width 743: "The floating overflow section with an auto width should be even with the select and shrinks to use the available line"
          text run at (0,16) width 264: "width. THIS IS CURRENTLY BUGGY."
      RenderBlock {DIV} at (0,1380) size 220x102 [border: (10px solid #FF0000)]
        RenderText {#text} at (10,10) size 60x16
          text run at (10,10) width 60: "Line One"
        RenderBR {BR} at (69,22) size 1x0
        RenderMenuList {SELECT} at (10,26) size 100x18 [bgcolor=#F8F8F8]
          RenderBlock (anonymous) at (0,0) size 100x18
            RenderText at (8,2) size 22x13
              text run at (8,2) width 22: "One"
        RenderText {#text} at (0,0) size 0x0
        RenderText {#text} at (0,0) size 0x0
        RenderBR {BR} at (110,26) size 0x16
      RenderBlock (anonymous) at (0,1482) size 769x16
        RenderText {#text} at (0,0) size 661x16
          text run at (0,0) width 661: "The block-level overflow section below has a percentage width and should still be even with the select."
      RenderBlock {DIV} at (0,1498) size 220x148 [border: (10px solid #FF0000)]
        RenderBlock (anonymous) at (10,10) size 200x16
          RenderText {#text} at (0,0) size 60x16
            text run at (0,0) width 60: "Line One"
          RenderBR {BR} at (59,12) size 1x0
          RenderMenuList {SELECT} at (0,16) size 100x18 [bgcolor=#F8F8F8]
            RenderBlock (anonymous) at (0,0) size 100x18
              RenderText at (8,2) size 22x13
                text run at (8,2) width 22: "One"
          RenderText {#text} at (0,0) size 0x0
        RenderBlock (anonymous) at (10,122) size 200x16
          RenderBR {BR} at (0,0) size 0x16
      RenderBlock (anonymous) at (0,1646) size 769x32
        RenderText {#text} at (0,0) size 768x32
          text run at (0,0) width 631: "The block-level overflow section below has an auto width and should still be even with the select. "
          text run at (630,0) width 138: "It shrinks to fit inside"
          text run at (0,16) width 64: "the block."
      RenderBlock {DIV} at (0,1678) size 220x148 [border: (10px solid #FF0000)]
        RenderBlock (anonymous) at (10,10) size 200x16
          RenderText {#text} at (0,0) size 60x16
            text run at (0,0) width 60: "Line One"
          RenderBR {BR} at (59,12) size 1x0
          RenderMenuList {SELECT} at (0,16) size 100x18 [bgcolor=#F8F8F8]
            RenderBlock (anonymous) at (0,0) size 100x18
              RenderText at (8,2) size 22x13
                text run at (8,2) width 22: "One"
          RenderText {#text} at (0,0) size 0x0
        RenderBlock (anonymous) at (10,122) size 200x16
          RenderBR {BR} at (0,0) size 0x16
      RenderBlock (anonymous) at (0,1826) size 769x16
        RenderText {#text} at (0,0) size 454x16
          text run at (0,0) width 454: "The floating hr with a percentage width should be even with the select."
      RenderBlock {DIV} at (0,1842) size 220x54 [border: (10px solid #FF0000)]
        RenderText {#text} at (10,10) size 60x16
          text run at (10,10) width 60: "Line One"
        RenderBR {BR} at (69,22) size 1x0
        RenderMenuList {SELECT} at (10,26) size 100x18 [bgcolor=#F8F8F8]
          RenderBlock (anonymous) at (0,0) size 100x18
            RenderText at (8,2) size 22x13
              text run at (8,2) width 22: "One"
        RenderText {#text} at (0,0) size 0x0
        RenderBlock (floating) {HR} at (112,28) size 82x2 [border: (1px inset #EEEEEE)]
        RenderText {#text} at (0,0) size 0x0
        RenderBR {BR} at (196,26) size 0x16
      RenderBlock (anonymous) at (0,1896) size 769x32
        RenderText {#text} at (0,0) size 768x32
          text run at (0,0) width 768: "The floating hr below should still be even with the select and shrinks to use its intrinsic width (which is basically like 1-"
          text run at (0,16) width 34: "2px)."
      RenderBlock {DIV} at (0,1928) size 220x54 [border: (10px solid #FF0000)]
        RenderText {#text} at (10,10) size 60x16
          text run at (10,10) width 60: "Line One"
        RenderBR {BR} at (69,22) size 1x0
        RenderMenuList {SELECT} at (10,26) size 100x18 [bgcolor=#F8F8F8]
          RenderBlock (anonymous) at (0,0) size 100x18
            RenderText at (8,2) size 22x13
              text run at (8,2) width 22: "One"
        RenderText {#text} at (0,0) size 0x0
        RenderBlock (floating) {HR} at (112,28) size 2x2 [border: (1px inset #EEEEEE)]
        RenderText {#text} at (0,0) size 0x0
        RenderBR {BR} at (116,26) size 0x16
      RenderBlock (anonymous) at (0,1982) size 769x16
        RenderText {#text} at (0,0) size 567x16
          text run at (0,0) width 567: "The block-level hr below has a percentage width and should still be even with the select."
      RenderBlock {DIV} at (0,1998) size 220x80 [border: (10px solid #FF0000)]
        RenderBlock (anonymous) at (10,10) size 200x16
          RenderText {#text} at (0,0) size 60x16
            text run at (0,0) width 60: "Line One"
          RenderBR {BR} at (59,12) size 1x0
          RenderMenuList {SELECT} at (0,16) size 100x18 [bgcolor=#F8F8F8]
            RenderBlock (anonymous) at (0,0) size 100x18
              RenderText at (8,2) size 22x13
                text run at (8,2) width 22: "One"
          RenderText {#text} at (0,0) size 0x0
        RenderBlock {HR} at (10,44) size 202x2 [border: (1px inset #EEEEEE)]
        RenderBlock (anonymous) at (10,54) size 200x16
          RenderBR {BR} at (0,0) size 0x16
      RenderBlock (anonymous) at (0,2078) size 769x16
        RenderText {#text} at (0,0) size 636x16
          text run at (0,0) width 538: "The block-level hr below has an auto width and should still be even with the select. "
          text run at (537,0) width 99: "It shrinks to fit."
      RenderBlock {DIV} at (0,2094) size 220x70 [border: (10px solid #FF0000)]
        RenderBlock (anonymous) at (10,10) size 200x16
          RenderText {#text} at (0,0) size 60x16
            text run at (0,0) width 60: "Line One"
          RenderBR {BR} at (59,12) size 1x0
          RenderMenuList {SELECT} at (0,16) size 100x18 [bgcolor=#F8F8F8]
            RenderBlock (anonymous) at (0,0) size 100x18
              RenderText at (8,2) size 22x13
                text run at (8,2) width 22: "One"
          RenderText {#text} at (0,0) size 0x0
        RenderBlock {HR} at (110,34) size 100x2 [border: (1px inset #EEEEEE)]
        RenderBlock (anonymous) at (10,44) size 200x16
          RenderBR {BR} at (0,0) size 0x16
layer at (118,1250) size 100x96
  RenderBlock (floating) {DIV} at (110,26) size 100x96
    RenderText {#text} at (0,0) size 100x96
      text run at (0,0) width 63: "This is an"
      text run at (0,16) width 58: "overflow"
      text run at (0,32) width 78: "section with"
      text run at (0,48) width 92: "enough text to"
      text run at (0,64) width 100: "have to wrap to"
      text run at (0,80) width 92: "multiple lines."
layer at (18,1432) size 200x48
  RenderBlock (floating) {DIV} at (10,44) size 200x48
    RenderText {#text} at (0,0) size 175x48
      text run at (0,0) width 174: "This is an overflow section"
      text run at (0,16) width 175: "with enough text to have to"
      text run at (0,32) width 144: "wrap to multiple lines."
layer at (118,1532) size 100x96
  RenderBlock {DIV} at (110,26) size 100x96
    RenderText {#text} at (0,0) size 100x96
      text run at (0,0) width 63: "This is an"
      text run at (0,16) width 58: "overflow"
      text run at (0,32) width 78: "section with"
      text run at (0,48) width 92: "enough text to"
      text run at (0,64) width 100: "have to wrap to"
      text run at (0,80) width 92: "multiple lines."
layer at (118,1712) size 100x96
  RenderBlock {DIV} at (110,26) size 100x96
    RenderText {#text} at (0,0) size 100x96
      text run at (0,0) width 63: "This is an"
      text run at (0,16) width 58: "overflow"
      text run at (0,32) width 78: "section with"
      text run at (0,48) width 92: "enough text to"
      text run at (0,64) width 100: "have to wrap to"
      text run at (0,80) width 92: "multiple lines."
