layer at (0,0) size 800x600
  RenderView at (0,0) size 800x600
layer at (0,0) size 800x144
  RenderBlock {HTML} at (0,0) size 800x144
    RenderBody {BODY} at (8,16) size 784x112
      RenderBlock (floating) {DIV} at (554.23,0) size 229.77x56 [bgcolor=#CC6666]
        RenderText {#text} at (20,20) size 190x16
          text run at (20,20) width 190: "DIV NUMBER 1: float:right;"
      RenderBlock (floating) {DIV} at (480.05,56) size 303.95x56 [bgcolor=#99CC66]
        RenderText {#text} at (20,20) size 264x16
          text run at (20,20) width 264: "DIV NUMBER 2: clear:right; float:right;"
      RenderBlock (floating) {DIV} at (0,56) size 220.88x56 [bgcolor=#6699FF]
        RenderText {#text} at (20,20) size 181x16
          text run at (20,20) width 181: "DIV NUMBER 3: float:left;"
      RenderBlock {P} at (0,0) size 784x112
        RenderText {#text} at (0,0) size 554x96
          text run at (0,0) width 543: "The first element is floated to the right. The second element clears the right float and"
          text run at (0,16) width 554: "also floats right. The third element is floated to the left, but is forced below the bottom"
          text run at (0,32) width 553: "of the first element. Yet, somehow this paragraph comes at the end of the markup, and"
          text run at (220,48) width 244: "manages to rise to the top of the page."
          text run at (220,64) width 226: "This behavior is present in Firefox,"
          text run at (220,80) width 118: "Safari and Opera. "
        RenderInline {A} at (0,0) size 255x32 [color=#0000EE]
          RenderInline {STRONG} at (0,0) size 255x32
            RenderText {#text} at (337,80) size 255x32
              text run at (337,80) width 138: "Click here for a real"
              text run at (220,96) width 182: "world example of this bug."
