layer at (0,0) size 800x600
  RenderView at (0,0) size 800x600
layer at (0,0) size 800x600
  RenderBlock {HTML} at (0,0) size 800x600
    RenderBody {BODY} at (8,8) size 784x576
      RenderBlock {P} at (0,0) size 784x32
        RenderText {#text} at (0,0) size 144x16
          text run at (0,0) width 144: "This is a pixel test for "
        RenderInline {I} at (0,0) size 774x32
          RenderInline {A} at (0,0) size 354x16 [color=#0000EE]
            RenderText {#text} at (143,0) size 354x16
              text run at (143,0) width 354: "http://bugzilla.opendarwin.org/show_bug.cgi?id=4334"
          RenderText {#text} at (496,0) size 774x32
            text run at (496,0) width 5: " "
            text run at (500,0) width 274: "REGRESSION: Flickering when css-hover"
            text run at (0,16) width 278: "should change opacity on floating elements"
        RenderText {#text} at (277,16) size 5x16
          text run at (277,16) width 5: "."
      RenderBlock {P} at (0,48) size 784x16
        RenderText {#text} at (0,0) size 499x16
          text run at (0,0) width 499: "There should be a solid green square below mixed in with a paragraph of text."
      RenderBlock {HR} at (0,80) size 784x2 [border: (1px inset #EEEEEE)]
      RenderBlock {DIV} at (0,100.72) size 784x117.72
        RenderBlock {DIV} at (0,0) size 784x117.72
          RenderBlock (floating) {DIV} at (3,3) size 75x75 [bgcolor=#008000]
          RenderBlock {H3} at (0,0) size 784x19
            RenderText {#text} at (81,0) size 160x19
              text run at (81,0) width 160: "Stanley Park Forest"
          RenderBlock {P} at (0,37.72) size 784x80
            RenderText {#text} at (81,0) size 772x80
              text run at (81,0) width 689: "The forest is primarily second and third growth. The area was saved from development because of its status"
              text run at (81,16) width 677: "as a federal military reserve; it occupied a strategic location for defending the former provincial capital of"
              text run at (81,32) width 689: "New Westminster in the case of an American naval invasion. Nevertheless, the federal government allowed"
              text run at (0,48) width 772: "logging operations there in the mid-nineteenth century. Large swathes of the park were also deforested by natural causes"
              text run at (0,64) width 239: "on two occasions in the 20th century."
