layer at (0,0) size 800x600
  RenderView at (0,0) size 800x600
layer at (0,0) size 800x600
  RenderBlock {HTML} at (0,0) size 800x600
    RenderBody {BODY} at (8,8) size 784x584
layer at (8,8) size 18x0
  RenderBlock (relative positioned) {DIV} at (0,0) size 18x0
    RenderBlock (floating) {DIV} at (8,0) size 10x100 [bgcolor=#C0C0C0]
layer at (8,8) size 61x66
  RenderBlock (positioned) {DIV} at (8,8) size 61.45x66
    RenderBlock {DIV} at (0,0) size 61.45x16
      RenderBlock (floating) {DIV} at (56.45,0) size 5x50 [bgcolor=#FFA500]
      RenderBlock {DIV} at (0,0) size 61.45x16 [bgcolor=#0000FF]
        RenderText {#text} at (0,0) size 57x16
          text run at (0,0) width 57: "A B C D"
        RenderBlock (floating) {DIV} at (51.45,16) size 5x50 [bgcolor=#008000]
