layer at (0,0) size 800x600
  RenderView at (0,0) size 800x600
layer at (0,0) size 800x600
  RenderBlock {HTML} at (0,0) size 800x600
    RenderBody {BODY} at (8,8) size 784x584
      RenderBlock {P} at (0,0) size 784x32
        RenderText {#text} at (0,0) size 177x16
          text run at (0,0) width 177: "This is a regression test for "
        RenderInline {I} at (0,0) size 758x32
          RenderInline {A} at (0,0) size 355x16 [color=#0000EE]
            RenderText {#text} at (176,0) size 355x16
              text run at (176,0) width 355: "http://bugzilla.opendarwin.org/show_bug.cgi?id=7395"
          RenderText {#text} at (530,0) size 758x32
            text run at (530,0) width 5: " "
            text run at (534,0) width 224: "Table not properly re-flowed when"
            text run at (0,16) width 206: "floated div removed from layout"
        RenderText {#text} at (205,16) size 5x16
          text run at (205,16) width 5: "."
      RenderBlock {P} at (0,48) size 784x16
        RenderText {#text} at (0,0) size 267x16
          text run at (0,0) width 267: "The two boxes below should be identical."
      RenderBlock {HR} at (0,80) size 784x2 [border: (1px inset #EEEEEE)]
      RenderBlock {DIV} at (0,90) size 200x54 [bgcolor=#C0C0C0]
        RenderTable {TABLE} at (0,0) size 200x54
          RenderTableSection {TBODY} at (0,0) size 200x54
            RenderTableRow {TR} at (0,2) size 200x50
              RenderTableCell {TD} at (2,2) size 196x50 [r=0 c=0 rs=1 cs=1]
                RenderText {#text} at (1,1) size 182x48
                  text run at (1,1) width 182: "Lorem ipsum dolor sit amet,"
                  text run at (1,17) width 179: "consectetuer adipiscing elit."
                  text run at (1,33) width 81: "Nunc neque."
      RenderBlock (anonymous) at (0,144) size 784x16
        RenderBR {BR} at (0,0) size 0x16
      RenderBlock {DIV} at (0,160) size 200x54 [bgcolor=#C0C0C0]
        RenderTable {TABLE} at (0,0) size 200x54
          RenderTableSection {TBODY} at (0,0) size 200x54
            RenderTableRow {TR} at (0,2) size 200x50
              RenderTableCell {TD} at (2,2) size 196x50 [r=0 c=0 rs=1 cs=1]
                RenderText {#text} at (1,1) size 182x48
                  text run at (1,1) width 182: "Lorem ipsum dolor sit amet,"
                  text run at (1,17) width 179: "consectetuer adipiscing elit."
                  text run at (1,33) width 81: "Nunc neque."
