layer at (0,0) size 800x600
  RenderView at (0,0) size 800x600
layer at (0,0) size 800x600
  RenderBlock {HTML} at (0,0) size 800x600
    RenderBody {BODY} at (8,8) size 784x584
      RenderBlock (floating) {P} at (242.34,16) size 541.66x16
        RenderText {#text} at (0,0) size 542x16
          text run at (0,0) width 542: "The 'hr' below should span the width of the page, not just to the left edge of this text."
      RenderBlock {HR} at (0,48) size 784x2 [border: (1px inset #EEEEEE)]
      RenderBlock (floating) {P} at (230.34,74) size 553.66x16
        RenderText {#text} at (0,0) size 554x16
          text run at (0,0) width 554: "The table below should span the width of the page, not just to the left edge of this text."
      RenderTable {TABLE} at (0,106) size 784x60 [border: (10px outset #808080)]
        RenderTableSection {TBODY} at (10,10) size 764x40
          RenderTableRow {TR} at (0,2) size 764x36
            RenderTableCell {TD} at (2,2) size 760x36 [border: (1px inset #808080)] [r=0 c=0 rs=1 cs=1]
              RenderText {#text} at (2,2) size 737x32
                text run at (2,2) width 375: "This is a table that should fill the entire width of the page. "
                text run at (376,2) width 363: "It should clear the float and then take up the width of the"
                text run at (2,18) width 208: "page. If it doesn't then it's a bug."
      RenderBlock (floating) {P} at (350.33,182) size 433.67x16
        RenderText {#text} at (0,0) size 434x16
          text run at (0,0) width 434: "The overflow auto section below should span the width of the page."
layer at (8,222) size 784x32
  RenderBlock {DIV} at (0,214) size 784x32
    RenderText {#text} at (0,0) size 779x32
      text run at (0,0) width 364: "This is a div that should fill the entire width of the page. "
      text run at (363,0) width 416: "It should clear the float and then take up the width of the page. If"
      text run at (0,16) width 155: "it doesn't then it's a bug."
