layer at (0,0) size 800x600
  RenderView at (0,0) size 800x600
layer at (0,0) size 800x317
  RenderBlock {HTML} at (0,0) size 800x316.88
    RenderBody {BODY} at (8,21.44) size 784x287.44
      RenderBlock {H1} at (0,0) size 784x32
        RenderText {#text} at (0,0) size 224x32
          text run at (0,0) width 224: "No size specified"
      RenderBlock (anonymous) at (0,53.44) size 784x234
        RenderImage {IMG} at (0,0) size 230x230 [border: (2px dashed #800000)]
        RenderText {#text} at (230,218) size 4x16
          text run at (230,218) width 4: " "
        RenderText {#text} at (0,0) size 0x0
layer at (242,77) size 228x228
  RenderEmbeddedObject {OBJECT} at (234,2) size 228x228 [border: (1px dashed #008000)]
    layer at (0,0) size 220x220
      RenderView at (0,0) size 220x220
    layer at (0,0) size 220x220
      RenderSVGRoot {svg} at (0,0) size 220x220
        RenderSVGEllipse {circle} at (0,0) size 220x220 [stroke={[type=SOLID] [color=#000000]}] [fill={[type=SOLID] [color=#D9BB7A] [fill rule=EVEN-ODD]}] [cx=110.00] [cy=110.00] [r=110.00]
