layer at (0,0) size 785x2579
  RenderView at (0,0) size 785x600
layer at (0,0) size 785x2579
  RenderBlock {HTML} at (0,0) size 785x2579
    RenderBody {BODY} at (8,8) size 769x2563 [bgcolor=#CCCCCC]
      RenderBlock {P} at (0,0) size 769x16
        RenderText {#text} at (0,0) size 363x16
          text run at (0,0) width 363: "The style declarations which apply to the text below are:"
      RenderBlock {PRE} at (0,32) size 769x182
        RenderText {#text} at (0,0) size 391x182
          text run at (0,0) width 336: ".one {line-height: 0.5in; font-size: 12px;}"
          text run at (335,0) width 1: " "
          text run at (0,13) width 320: ".two {line-height: 2cm; font-size: 12px;}"
          text run at (319,13) width 1: " "
          text run at (0,26) width 344: ".three {line-height: 20mm; font-size: 12px;}"
          text run at (343,26) width 1: " "
          text run at (0,39) width 336: ".four {line-height: 24pt; font-size: 12px;}"
          text run at (335,39) width 1: " "
          text run at (0,52) width 328: ".five {line-height: 2pc; font-size: 12px;}"
          text run at (327,52) width 1: " "
          text run at (0,65) width 320: ".six {line-height: 2em; font-size: 12px;}"
          text run at (319,65) width 1: " "
          text run at (0,78) width 336: ".seven {line-height: 3ex; font-size: 12px;}"
          text run at (335,78) width 1: " "
          text run at (0,91) width 344: ".eight {line-height: 200%; font-size: 12px;}"
          text run at (343,91) width 1: " "
          text run at (0,104) width 313: ".nine {line-height: 2; font-size: 12px;}"
          text run at (312,104) width 1: " "
          text run at (0,117) width 328: ".ten {line-height: 50px; font-size: 12px;}"
          text run at (327,117) width 1: " "
          text run at (0,130) width 352: ".eleven {line-height: -1em; font-size: 12px;}"
          text run at (351,130) width 1: " "
          text run at (0,143) width 391: "TABLE .ten {line-height: normal; font-size: 12px;}"
          text run at (390,143) width 1: " "
          text run at (0,156) width 242: "DIV {background-color: silver;}"
          text run at (241,156) width 1: " "
          text run at (0,169) width 297: "SPAN.color {background-color: silver;}"
          text run at (296,169) width 1: " "
      RenderBlock {HR} at (0,227) size 769x2 [border: (1px inset #EEEEEE)]
      RenderBlock {P} at (0,241) size 769x48
        RenderText {#text} at (0,18) size 519x12
          text run at (0,18) width 519: "This sentence should have a line-height of half an inch, which should cause extra spacing between the lines."
      RenderBlock {P} at (0,301) size 769x75
        RenderText {#text} at (0,31) size 538x12
          text run at (0,31) width 538: "This sentence should have a line-height of two centimeters, which should cause extra spacing between the lines."
      RenderBlock {P} at (0,388) size 769x75
        RenderText {#text} at (0,31) size 552x12
          text run at (0,31) width 552: "This sentence should have a line-height of twenty millimeters, which should cause extra spacing between the lines."
      RenderBlock {P} at (0,475) size 769x32
        RenderText {#text} at (0,10) size 551x12
          text run at (0,10) width 551: "This sentence should have a line-height of twenty-four points, which should cause extra spacing between the lines."
      RenderBlock {P} at (0,519) size 769x32
        RenderText {#text} at (0,10) size 508x12
          text run at (0,10) width 508: "This sentence should have a line-height of two picas, which should cause extra spacing between the lines."
      RenderBlock {P} at (0,563) size 769x24
        RenderText {#text} at (0,6) size 498x12
          text run at (0,6) width 498: "This sentence should have a line-height of two em, which should cause extra spacing between the lines."
      RenderBlock {P} at (0,599) size 769x16
        RenderText {#text} at (0,2) size 500x12
          text run at (0,2) width 500: "This sentence should have a line-height of three ex, which should cause extra spacing between the lines."
      RenderBlock {P} at (0,627) size 769x24
        RenderText {#text} at (0,6) size 550x12
          text run at (0,6) width 550: "This sentence should have a line-height of twice the font size, which should cause extra spacing between the lines."
      RenderBlock {DIV} at (0,663) size 769x168 [bgcolor=#C0C0C0]
        RenderBlock (anonymous) at (0,0) size 769x24
          RenderText {#text} at (0,6) size 604x12
            text run at (0,6) width 604: "This first part of the DIV should have a line-height of twice the font size, which should cause extra spacing between the lines."
        RenderBlock {P} at (0,48) size 769x72
          RenderText {#text} at (0,0) size 754x72
            text run at (0,0) width 742: "This sentence should have a line-height of twice the DIV's font size, or 28px;"
            text run at (0,24) width 754: "this should not cause extra spacing between the lines, since the line-height and"
            text run at (0,48) width 360: "font-size should have the same value."
        RenderBlock (anonymous) at (0,144) size 769x24
          RenderText {#text} at (0,6) size 618x12
            text run at (0,6) width 618: "This second part of the DIV should have a line-height of twice the font size, which should cause extra spacing between the lines."
      RenderBlock {P} at (0,843) size 769x24
        RenderText {#text} at (0,6) size 550x12
          text run at (0,6) width 550: "This sentence should have a line-height of twice the font size, which should cause extra spacing between the lines."
      RenderBlock {DIV} at (0,879) size 769x240 [bgcolor=#C0C0C0]
        RenderBlock (anonymous) at (0,0) size 769x24
          RenderText {#text} at (0,6) size 604x12
            text run at (0,6) width 604: "This first part of the DIV should have a line-height of twice the font size, which should cause extra spacing between the lines."
        RenderBlock {P} at (0,48) size 769x144
          RenderText {#text} at (0,12) size 742x120
            text run at (0,12) width 742: "This sentence should have a line-height of twice the font size, which is 200%"
            text run at (0,60) width 734: "normal thanks to an inline style; this should cause extra spacing between the"
            text run at (0,108) width 647: "lines, as the font-size will be 28px and the line-height will be 56px."
        RenderBlock (anonymous) at (0,216) size 769x24
          RenderText {#text} at (0,6) size 618x12
            text run at (0,6) width 618: "This second part of the DIV should have a line-height of twice the font size, which should cause extra spacing between the lines."
      RenderBlock {P} at (0,1131) size 769x100
        RenderText {#text} at (0,19) size 761x62
          text run at (0,19) width 605: "This paragraph should have a line-height of 50 pixels in the first section, which should cause extra spacing between the lines. "
          text run at (604,19) width 157: "In the second section (within the"
          text run at (0,69) width 186: "table) its line-height should be normal."
      RenderBlock {P} at (0,1243) size 769x12
        RenderText {#text} at (0,0) size 517x12
          text run at (0,0) width 517: "This sentence should have a normal line-height, because negative values are not permitted for this property."
      RenderBlock {P} at (0,1267) size 769x150
        RenderInline {SPAN} at (0,0) size 760x87 [bgcolor=#C0C0C0]
          RenderText {#text} at (0,31) size 760x87
            text run at (0,31) width 760: "This sentence should have a line-height of two centimeters, which should cause extra spacing between the lines. The text has a background color of silver, but"
            text run at (0,106) width 694: "no padding or border. The background color has been set on an inline element and should therefore only cover the text, not the interline spacing."
        RenderText {#text} at (0,0) size 0x0
      RenderTable {TABLE} at (0,1429) size 769x1134 [border: (1px outset #808080)]
        RenderTableSection {TBODY} at (1,1) size 767x1132
          RenderTableRow {TR} at (0,0) size 767x24
            RenderTableCell {TD} at (0,0) size 767x24 [bgcolor=#C0C0C0] [border: (1px inset #808080)] [r=0 c=0 rs=1 cs=2]
              RenderInline {STRONG} at (0,0) size 163x16
                RenderText {#text} at (4,4) size 163x16
                  text run at (4,4) width 163: "TABLE Testing Section"
          RenderTableRow {TR} at (0,24) size 767x1108
            RenderTableCell {TD} at (0,566) size 12x24 [bgcolor=#C0C0C0] [border: (1px inset #808080)] [r=1 c=0 rs=1 cs=1]
              RenderText {#text} at (4,4) size 4x16
                text run at (4,4) width 4: " "
            RenderTableCell {TD} at (12,24) size 755x1108 [border: (1px inset #808080)] [r=1 c=1 rs=1 cs=1]
              RenderBlock {P} at (4,4) size 747x48
                RenderText {#text} at (0,18) size 519x12
                  text run at (0,18) width 519: "This sentence should have a line-height of half an inch, which should cause extra spacing between the lines."
              RenderBlock {P} at (4,64) size 747x75
                RenderText {#text} at (0,31) size 538x12
                  text run at (0,31) width 538: "This sentence should have a line-height of two centimeters, which should cause extra spacing between the lines."
              RenderBlock {P} at (4,151) size 747x75
                RenderText {#text} at (0,31) size 552x12
                  text run at (0,31) width 552: "This sentence should have a line-height of twenty millimeters, which should cause extra spacing between the lines."
              RenderBlock {P} at (4,238) size 747x32
                RenderText {#text} at (0,10) size 551x12
                  text run at (0,10) width 551: "This sentence should have a line-height of twenty-four points, which should cause extra spacing between the lines."
              RenderBlock {P} at (4,282) size 747x32
                RenderText {#text} at (0,10) size 508x12
                  text run at (0,10) width 508: "This sentence should have a line-height of two picas, which should cause extra spacing between the lines."
              RenderBlock {P} at (4,326) size 747x24
                RenderText {#text} at (0,6) size 498x12
                  text run at (0,6) width 498: "This sentence should have a line-height of two em, which should cause extra spacing between the lines."
              RenderBlock {P} at (4,362) size 747x16
                RenderText {#text} at (0,2) size 500x12
                  text run at (0,2) width 500: "This sentence should have a line-height of three ex, which should cause extra spacing between the lines."
              RenderBlock {P} at (4,390) size 747x24
                RenderText {#text} at (0,6) size 550x12
                  text run at (0,6) width 550: "This sentence should have a line-height of twice the font size, which should cause extra spacing between the lines."
              RenderBlock {DIV} at (4,426) size 747x168 [bgcolor=#C0C0C0]
                RenderBlock (anonymous) at (0,0) size 747x24
                  RenderText {#text} at (0,6) size 604x12
                    text run at (0,6) width 604: "This first part of the DIV should have a line-height of twice the font size, which should cause extra spacing between the lines."
                RenderBlock {P} at (0,48) size 747x72
                  RenderText {#text} at (0,0) size 742x72
                    text run at (0,0) width 742: "This sentence should have a line-height of twice the DIV's font size, or 28px;"
                    text run at (0,24) width 714: "this should not cause extra spacing between the lines, since the line-height"
                    text run at (0,48) width 401: "and font-size should have the same value."
                RenderBlock (anonymous) at (0,144) size 747x24
                  RenderText {#text} at (0,6) size 618x12
                    text run at (0,6) width 618: "This second part of the DIV should have a line-height of twice the font size, which should cause extra spacing between the lines."
              RenderBlock {P} at (4,606) size 747x24
                RenderText {#text} at (0,6) size 550x12
                  text run at (0,6) width 550: "This sentence should have a line-height of twice the font size, which should cause extra spacing between the lines."
              RenderBlock {DIV} at (4,642) size 747x240 [bgcolor=#C0C0C0]
                RenderBlock (anonymous) at (0,0) size 747x24
                  RenderText {#text} at (0,6) size 604x12
                    text run at (0,6) width 604: "This first part of the DIV should have a line-height of twice the font size, which should cause extra spacing between the lines."
                RenderBlock {P} at (0,48) size 747x144
                  RenderText {#text} at (0,12) size 742x120
                    text run at (0,12) width 742: "This sentence should have a line-height of twice the font size, which is 200%"
                    text run at (0,60) width 734: "normal thanks to an inline style; this should cause extra spacing between the"
                    text run at (0,108) width 647: "lines, as the font-size will be 28px and the line-height will be 56px."
                RenderBlock (anonymous) at (0,216) size 747x24
                  RenderText {#text} at (0,6) size 618x12
                    text run at (0,6) width 618: "This second part of the DIV should have a line-height of twice the font size, which should cause extra spacing between the lines."
              RenderBlock {P} at (4,894) size 747x24
                RenderText {#text} at (0,0) size 743x24
                  text run at (0,0) width 605: "This paragraph should have a line-height of 50 pixels in the first section, which should cause extra spacing between the lines. "
                  text run at (604,0) width 139: "In the second section (within"
                  text run at (0,12) width 204: "the table) its line-height should be normal."
              RenderBlock {P} at (4,930) size 747x12
                RenderText {#text} at (0,0) size 517x12
                  text run at (0,0) width 517: "This sentence should have a normal line-height, because negative values are not permitted for this property."
              RenderBlock {P} at (4,954) size 747x150
                RenderInline {SPAN} at (0,0) size 741x87 [bgcolor=#C0C0C0]
                  RenderText {#text} at (0,31) size 741x87
                    text run at (0,31) width 741: "This sentence should have a line-height of two centimeters, which should cause extra spacing between the lines. The text has a background color of silver,"
                    text run at (0,106) width 712: "but no padding or border. The background color has been set on an inline element and should therefore only cover the text, not the interline spacing."
                RenderText {#text} at (0,0) size 0x0
