layer at (0,0) size 800x600
  RenderView at (0,0) size 800x600
layer at (0,0) size 800x600
  RenderBlock {HTML} at (0,0) size 800x600
    RenderBody {BODY} at (8,8) size 784x584 [bgcolor=#CCCCCC]
      RenderBlock {P} at (0,0) size 784x16
        RenderText {#text} at (0,0) size 363x16
          text run at (0,0) width 363: "The style declarations which apply to the text below are:"
      RenderBlock {PRE} at (0,32) size 784x65
        RenderText {#text} at (0,0) size 219x65
          text run at (0,0) width 188: ".one {text-align: left;}"
          text run at (187,0) width 1: " "
          text run at (0,13) width 196: ".two {text-align: right;}"
          text run at (195,13) width 1: " "
          text run at (0,26) width 219: ".three {text-align: center;}"
          text run at (218,26) width 1: " "
          text run at (0,39) width 219: ".four {text-align: justify;}"
          text run at (218,39) width 1: " "
          text run at (0,52) width 0: " "
      RenderBlock {HR} at (0,110) size 784x2 [border: (1px inset #EEEEEE)]
      RenderBlock {P} at (0,128) size 784x16
        RenderText {#text} at (0,0) size 241x16
          text run at (0,0) width 241: "This sentence should be left-justified."
      RenderBlock {P} at (0,160) size 784x16
        RenderText {#text} at (534,0) size 250x16
          text run at (534,0) width 250: "This sentence should be right-justified."
      RenderBlock {P} at (0,192) size 784x16
        RenderText {#text} at (284,0) size 216x16
          text run at (284,0) width 216: "This sentence should be centered."
      RenderBlock {P} at (0,224) size 784x48
        RenderText {#text} at (0,0) size 784x48
          text run at (0,0) width 784: "This sentence should be fully justified, which means that the right and left margins of this paragraph should line up, no"
          text run at (0,16) width 784: "matter how long the paragraph becomes; the exception, of course, is the last line, which should be left-justified in Western"
          text run at (0,32) width 68: "languages."
      RenderTable {TABLE} at (0,288) size 784x178 [border: (1px outset #808080)]
        RenderTableSection {TBODY} at (1,1) size 782x176
          RenderTableRow {TR} at (0,0) size 782x24
            RenderTableCell {TD} at (0,0) size 782x24 [bgcolor=#C0C0C0] [border: (1px inset #808080)] [r=0 c=0 rs=1 cs=2]
              RenderInline {STRONG} at (0,0) size 163x16
                RenderText {#text} at (4,4) size 163x16
                  text run at (4,4) width 163: "TABLE Testing Section"
          RenderTableRow {TR} at (0,24) size 782x152
            RenderTableCell {TD} at (0,88) size 12x24 [bgcolor=#C0C0C0] [border: (1px inset #808080)] [r=1 c=0 rs=1 cs=1]
              RenderText {#text} at (4,4) size 4x16
                text run at (4,4) width 4: " "
            RenderTableCell {TD} at (12,24) size 770x152 [border: (1px inset #808080)] [r=1 c=1 rs=1 cs=1]
              RenderBlock {P} at (4,4) size 762x16
                RenderText {#text} at (0,0) size 241x16
                  text run at (0,0) width 241: "This sentence should be left-justified."
              RenderBlock {P} at (4,36) size 762x16
                RenderText {#text} at (512,0) size 250x16
                  text run at (512,0) width 250: "This sentence should be right-justified."
              RenderBlock {P} at (4,68) size 762x16
                RenderText {#text} at (273,0) size 216x16
                  text run at (273,0) width 216: "This sentence should be centered."
              RenderBlock {P} at (4,100) size 762x48
                RenderText {#text} at (0,0) size 762x48
                  text run at (0,0) width 762: "This sentence should be fully justified, which means that the right and left margins of this paragraph should line up, no"
                  text run at (0,16) width 762: "matter how long the paragraph becomes; the exception, of course, is the last line, which should be left-justified in"
                  text run at (0,32) width 126: "Western languages."
