layer at (0,0) size 785x1071
  RenderView at (0,0) size 785x600
layer at (0,0) size 785x1071
  RenderBlock {HTML} at (0,0) size 785x1071
    RenderBody {BODY} at (8,8) size 769x1055 [bgcolor=#CCCCCC]
      RenderBlock {P} at (0,0) size 769x16
        RenderText {#text} at (0,0) size 363x16
          text run at (0,0) width 363: "The style declarations which apply to the text below are:"
      RenderBlock {PRE} at (0,32) size 769x104
        RenderText {#text} at (0,0) size 453x104
          text run at (0,0) width 266: ".one {text-decoration: underline;}"
          text run at (265,0) width 1: " "
          text run at (0,13) width 258: ".two {text-decoration: overline;}"
          text run at (257,13) width 1: " "
          text run at (0,26) width 305: ".three {text-decoration: line-through;}"
          text run at (304,26) width 1: " "
          text run at (0,39) width 242: ".four {text-decoration: blink;}"
          text run at (241,39) width 1: " "
          text run at (0,52) width 242: "B.five {text-decoration: none;}"
          text run at (241,52) width 1: " "
          text run at (0,65) width 336: ".six {text-decoration: underline overline;}"
          text run at (335,65) width 1: " "
          text run at (0,78) width 453: ".seven {text-decoration: underline overline line-through;}"
          text run at (452,78) width 1: " "
          text run at (0,91) width 0: " "
      RenderBlock {HR} at (0,149) size 769x2 [border: (1px inset #EEEEEE)]
      RenderBlock {P} at (0,167) size 769x16
        RenderText {#text} at (0,0) size 230x16
          text run at (0,0) width 230: "This sentence should be underlined."
      RenderBlock {P} at (0,199) size 769x16
        RenderText {#text} at (0,0) size 222x16
          text run at (0,0) width 222: "This sentence should be overlined."
      RenderBlock {P} at (0,231) size 769x16
        RenderText {#text} at (0,0) size 344x16
          text run at (0,0) width 344: "This sentence should have stricken text (linethrough)."
      RenderBlock {P} at (0,263) size 769x16
        RenderText {#text} at (0,0) size 603x16
          text run at (0,0) width 215: "This element should be blinking. "
          text run at (214,0) width 389: "(It is not required, however, that UAs support this behavior.)"
      RenderBlock {P} at (0,295) size 769x32
        RenderText {#text} at (0,0) size 520x16
          text run at (0,0) width 298: "The text in this element should be underlined. "
          text run at (297,0) width 223: "The boldfaced text in this element "
        RenderInline {B} at (0,0) size 176x16
          RenderText {#text} at (519,0) size 176x16
            text run at (519,0) width 176: "should also be underlined"
        RenderText {#text} at (694,0) size 746x32
          text run at (694,0) width 9: ". "
          text run at (702,0) width 44: "This is"
          text run at (0,16) width 731: "because the parent's underline will 'span' the boldfaced text, even if the inline element has no underline of its own."
      RenderBlock {P} at (0,343) size 769x16
        RenderText {#text} at (0,0) size 322x16
          text run at (0,0) width 322: "This sentence should be underlined and overlined."
      RenderBlock {P} at (0,375) size 769x16
        RenderText {#text} at (0,0) size 384x16
          text run at (0,0) width 384: "This sentence should be underlined, overlined, and stricken."
      RenderBlock {P} at (0,407) size 769x0
      RenderBlock {P} at (0,407) size 769x32
        RenderText {#text} at (0,0) size 741x32
          text run at (0,0) width 741: "There should be nothing visible between this sentence and the one above (there is an empty paragraph element with"
          text run at (0,16) width 99: "class of seven)."
      RenderBlock {P} at (0,455) size 769x51
        RenderText {#text} at (0,0) size 648x16
          text run at (0,0) width 648: "Text decorations only apply to the text of an element, so the image at the end of this sentence should "
        RenderInline {EM} at (0,0) size 21x16
          RenderText {#text} at (647,0) size 21x16
            text run at (647,0) width 21: "not"
        RenderText {#text} at (667,0) size 93x16
          text run at (667,0) width 93: " be overlined: "
        RenderImage {IMG} at (0,16) size 15x15
        RenderText {#text} at (15,19) size 767x32
          text run at (15,19) width 8: ". "
          text run at (23,19) width 744: "The underline of the parent element should hold true beneath the image, however, since text-decoration 'spans' child"
          text run at (0,35) width 61: "elements."
      RenderBlock {P} at (0,522) size 769x16 [color=#008000]
        RenderText {#text} at (0,0) size 107x16
          text run at (0,0) width 107: "The underlining "
        RenderInline {SPAN} at (0,0) size 100x16 [color=#0000FF]
          RenderText {#text} at (106,0) size 100x16
            text run at (106,0) width 100: "in this sentence"
        RenderText {#text} at (205,0) size 238x16
          text run at (205,0) width 238: " should be green, no matter what the "
        RenderInline {SPAN} at (0,0) size 112x16 [color=#000000]
          RenderText {#text} at (442,0) size 112x16
            text run at (442,0) width 112: "text color may be"
        RenderText {#text} at (553,0) size 5x16
          text run at (553,0) width 5: "."
      RenderBlock {P} at (0,554) size 769x32
        RenderText {#text} at (0,0) size 113x16
          text run at (0,0) width 113: "The colors of the "
        RenderInline {SPAN} at (0,0) size 75x16 [color=#800080]
          RenderText {#text} at (112,0) size 75x16
            text run at (112,0) width 75: "underlining"
        RenderText {#text} at (186,0) size 22x16
          text run at (186,0) width 22: " in "
        RenderInline {SPAN} at (0,0) size 83x16 [color=#0000FF]
          RenderText {#text} at (207,0) size 83x16
            text run at (207,0) width 83: "this sentence"
        RenderText {#text} at (289,0) size 71x16
          text run at (289,0) width 71: " should be "
        RenderInline {SPAN} at (0,0) size 215x16 [color=#808080]
          RenderText {#text} at (359,0) size 215x16
            text run at (359,0) width 215: "the same as that of the parent text"
        RenderText {#text} at (573,0) size 756x32
          text run at (573,0) width 183: " (that is, the first word in the"
          text run at (0,16) width 216: "sentence, which should be black)."
      RenderTable {TABLE} at (0,602) size 769x453 [border: (1px outset #808080)]
        RenderTableSection {TBODY} at (1,1) size 767x451
          RenderTableRow {TR} at (0,0) size 767x24
            RenderTableCell {TD} at (0,0) size 767x24 [bgcolor=#C0C0C0] [border: (1px inset #808080)] [r=0 c=0 rs=1 cs=2]
              RenderInline {STRONG} at (0,0) size 163x16
                RenderText {#text} at (4,4) size 163x16
                  text run at (4,4) width 163: "TABLE Testing Section"
          RenderTableRow {TR} at (0,24) size 767x427
            RenderTableCell {TD} at (0,225) size 12x24 [bgcolor=#C0C0C0] [border: (1px inset #808080)] [r=1 c=0 rs=1 cs=1]
              RenderText {#text} at (4,4) size 4x16
                text run at (4,4) width 4: " "
            RenderTableCell {TD} at (12,24) size 755x427 [border: (1px inset #808080)] [r=1 c=1 rs=1 cs=1]
              RenderBlock {P} at (4,4) size 747x16
                RenderText {#text} at (0,0) size 230x16
                  text run at (0,0) width 230: "This sentence should be underlined."
              RenderBlock {P} at (4,36) size 747x16
                RenderText {#text} at (0,0) size 222x16
                  text run at (0,0) width 222: "This sentence should be overlined."
              RenderBlock {P} at (4,68) size 747x16
                RenderText {#text} at (0,0) size 344x16
                  text run at (0,0) width 344: "This sentence should have stricken text (linethrough)."
              RenderBlock {P} at (4,100) size 747x16
                RenderText {#text} at (0,0) size 603x16
                  text run at (0,0) width 215: "This element should be blinking. "
                  text run at (214,0) width 389: "(It is not required, however, that UAs support this behavior.)"
              RenderBlock {P} at (4,132) size 747x32
                RenderText {#text} at (0,0) size 520x16
                  text run at (0,0) width 298: "The text in this element should be underlined. "
                  text run at (297,0) width 223: "The boldfaced text in this element "
                RenderInline {B} at (0,0) size 176x16
                  RenderText {#text} at (519,0) size 176x16
                    text run at (519,0) width 176: "should also be underlined"
                RenderText {#text} at (694,0) size 746x32
                  text run at (694,0) width 9: ". "
                  text run at (702,0) width 44: "This is"
                  text run at (0,16) width 731: "because the parent's underline will 'span' the boldfaced text, even if the inline element has no underline of its own."
              RenderBlock {P} at (4,180) size 747x16
                RenderText {#text} at (0,0) size 322x16
                  text run at (0,0) width 322: "This sentence should be underlined and overlined."
              RenderBlock {P} at (4,212) size 747x16
                RenderText {#text} at (0,0) size 384x16
                  text run at (0,0) width 384: "This sentence should be underlined, overlined, and stricken."
              RenderBlock {P} at (4,244) size 747x0
              RenderBlock {P} at (4,244) size 747x32
                RenderText {#text} at (0,0) size 741x32
                  text run at (0,0) width 741: "There should be nothing visible between this sentence and the one above (there is an empty paragraph element with"
                  text run at (0,16) width 99: "class of seven)."
              RenderBlock {P} at (4,292) size 747x51
                RenderText {#text} at (0,0) size 648x16
                  text run at (0,0) width 648: "Text decorations only apply to the text of an element, so the image at the end of this sentence should "
                RenderInline {EM} at (0,0) size 21x16
                  RenderText {#text} at (647,0) size 21x16
                    text run at (647,0) width 21: "not"
                RenderText {#text} at (667,0) size 687x35
                  text run at (667,0) width 20: " be"
                  text run at (0,19) width 69: "overlined: "
                RenderImage {IMG} at (68.86,16) size 15x15
                RenderText {#text} at (83,19) size 687x32
                  text run at (83,19) width 9: ". "
                  text run at (91,19) width 596: "The underline of the parent element should hold true beneath the image, however, since text-"
                  text run at (0,35) width 214: "decoration 'spans' child elements."
              RenderBlock {P} at (4,359) size 747x16 [color=#008000]
                RenderText {#text} at (0,0) size 107x16
                  text run at (0,0) width 107: "The underlining "
                RenderInline {SPAN} at (0,0) size 100x16 [color=#0000FF]
                  RenderText {#text} at (106,0) size 100x16
                    text run at (106,0) width 100: "in this sentence"
                RenderText {#text} at (205,0) size 238x16
                  text run at (205,0) width 238: " should be green, no matter what the "
                RenderInline {SPAN} at (0,0) size 112x16 [color=#000000]
                  RenderText {#text} at (442,0) size 112x16
                    text run at (442,0) width 112: "text color may be"
                RenderText {#text} at (553,0) size 5x16
                  text run at (553,0) width 5: "."
              RenderBlock {P} at (4,391) size 747x32
                RenderText {#text} at (0,0) size 113x16
                  text run at (0,0) width 113: "The colors of the "
                RenderInline {SPAN} at (0,0) size 75x16 [color=#800080]
                  RenderText {#text} at (112,0) size 75x16
                    text run at (112,0) width 75: "underlining"
                RenderText {#text} at (186,0) size 22x16
                  text run at (186,0) width 22: " in "
                RenderInline {SPAN} at (0,0) size 83x16 [color=#0000FF]
                  RenderText {#text} at (207,0) size 83x16
                    text run at (207,0) width 83: "this sentence"
                RenderText {#text} at (289,0) size 71x16
                  text run at (289,0) width 71: " should be "
                RenderInline {SPAN} at (0,0) size 215x16 [color=#808080]
                  RenderText {#text} at (359,0) size 215x16
                    text run at (359,0) width 215: "the same as that of the parent text"
                RenderText {#text} at (573,0) size 733x32
                  text run at (573,0) width 160: " (that is, the first word in"
                  text run at (0,16) width 240: "the sentence, which should be black)."
