layer at (0,0) size 785x674
  RenderView at (0,0) size 785x600
layer at (0,0) size 785x674
  RenderBlock {HTML} at (0,0) size 785x674
    RenderBody {BODY} at (8,8) size 769x658 [bgcolor=#CCCCCC]
      RenderBlock {P} at (0,0) size 769x16
        RenderText {#text} at (0,0) size 363x16
          text run at (0,0) width 363: "The style declarations which apply to the text below are:"
      RenderBlock {PRE} at (0,32) size 769x65
        RenderText {#text} at (0,0) size 266x65
          text run at (0,0) width 219: ".ttn {text-transform: none;}"
          text run at (218,0) width 1: " "
          text run at (0,13) width 266: ".cap {text-transform: capitalize;}"
          text run at (265,13) width 1: " "
          text run at (0,26) width 258: ".upp {text-transform: uppercase;}"
          text run at (257,26) width 1: " "
          text run at (0,39) width 258: ".low {text-transform: lowercase;}"
          text run at (257,39) width 1: " "
          text run at (0,52) width 0: " "
      RenderBlock {HR} at (0,110) size 769x2 [border: (1px inset #EEEEEE)]
      RenderBlock {P} at (0,128) size 769x32
        RenderText {#text} at (0,0) size 733x32
          text run at (0,0) width 733: "This page tests the 'text-transform' property of CSS1. This paragraph has no text transformation and should appear"
          text run at (0,16) width 50: "normal."
      RenderBlock {P} at (0,176) size 769x48
        RenderText {#text} at (0,0) size 760x48
          text run at (0,0) width 760: "This Paragraph Is Capitalized And The First Letter In Each Word Should Therefore Appear In Uppercase. Words That"
          text run at (0,16) width 727: "Are In Uppercase In The Source (E.G. USA) Should Remain So. There Should Be A Capital Letter After A Non-"
          text run at (0,32) width 544: "Breaking Space (&Nbsp;). Both Those Characters Appear In The Previous Sentence."
      RenderBlock {P} at (0,240) size 769x32
        RenderText {#text} at (0,0) size 746x32
          text run at (0,0) width 746: "Words with inline elements inside them should only capitalize the first letter of the word. Therefore, the last word in"
          text run at (0,16) width 336: "this sentence should have one, and only one, capital "
        RenderInline {SPAN} at (0,0) size 39x16
          RenderText {#text} at (335,16) size 18x16
            text run at (335,16) width 18: "Le"
          RenderInline {SPAN} at (0,0) size 10x16
            RenderText {#text} at (352,16) size 10x16
              text run at (352,16) width 10: "tt"
          RenderText {#text} at (361,16) size 13x16
            text run at (361,16) width 13: "er"
        RenderText {#text} at (373,16) size 5x16
          text run at (373,16) width 5: "."
      RenderBlock {P} at (0,288) size 769x48
        RenderText {#text} at (0,0) size 705x32
          text run at (0,0) width 705: "THIS PARAGRAPH IS UPPERCASED AND SMALL CHARACTERS IN THE SOURCE (E.G. A AND \x{C5})"
          text run at (0,16) width 351: "SHOULD THEREFORE APPEAR IN UPPERCASE. "
          text run at (350,16) width 279: "IN THE LAST SENTENCE, HOWEVER, "
        RenderInline {SPAN} at (0,0) size 753x32
          RenderText {#text} at (628,16) size 753x32
            text run at (628,16) width 125: "the last eight words"
            text run at (0,32) width 155: "should not be uppercase"
        RenderText {#text} at (154,32) size 5x16
          text run at (154,32) width 5: "."
      RenderBlock {P} at (0,352) size 769x16
        RenderText {#text} at (0,0) size 741x16
          text run at (0,0) width 741: "this paragraph is lowercased and capital characters in the source (e.g. a and \x{E5}) should therefore appear in lowercase."
      RenderTable {TABLE} at (0,384) size 769x274 [border: (1px outset #808080)]
        RenderTableSection {TBODY} at (1,1) size 767x272
          RenderTableRow {TR} at (0,0) size 767x24
            RenderTableCell {TD} at (0,0) size 767x24 [bgcolor=#C0C0C0] [border: (1px inset #808080)] [r=0 c=0 rs=1 cs=2]
              RenderInline {STRONG} at (0,0) size 163x16
                RenderText {#text} at (4,4) size 163x16
                  text run at (4,4) width 163: "TABLE Testing Section"
          RenderTableRow {TR} at (0,24) size 767x248
            RenderTableCell {TD} at (0,136) size 12x24 [bgcolor=#C0C0C0] [border: (1px inset #808080)] [r=1 c=0 rs=1 cs=1]
              RenderText {#text} at (4,4) size 4x16
                text run at (4,4) width 4: " "
            RenderTableCell {TD} at (12,24) size 755x248 [border: (1px inset #808080)] [r=1 c=1 rs=1 cs=1]
              RenderBlock {P} at (4,4) size 747x32
                RenderText {#text} at (0,0) size 733x32
                  text run at (0,0) width 733: "This page tests the 'text-transform' property of CSS1. This paragraph has no text transformation and should appear"
                  text run at (0,16) width 50: "normal."
              RenderBlock {P} at (4,52) size 747x48
                RenderText {#text} at (0,0) size 727x48
                  text run at (0,0) width 727: "This Paragraph Is Capitalized And The First Letter In Each Word Should Therefore Appear In Uppercase. Words"
                  text run at (0,16) width 723: "That Are In Uppercase In The Source (E.G. USA) Should Remain So. There Should Be A Capital Letter After A"
                  text run at (0,32) width 577: "Non-Breaking Space (&Nbsp;). Both Those Characters Appear In The Previous Sentence."
              RenderBlock {P} at (4,116) size 747x32
                RenderText {#text} at (0,0) size 746x32
                  text run at (0,0) width 746: "Words with inline elements inside them should only capitalize the first letter of the word. Therefore, the last word in"
                  text run at (0,16) width 336: "this sentence should have one, and only one, capital "
                RenderInline {SPAN} at (0,0) size 39x16
                  RenderText {#text} at (335,16) size 18x16
                    text run at (335,16) width 18: "Le"
                  RenderInline {SPAN} at (0,0) size 10x16
                    RenderText {#text} at (352,16) size 10x16
                      text run at (352,16) width 10: "tt"
                  RenderText {#text} at (361,16) size 13x16
                    text run at (361,16) width 13: "er"
                RenderText {#text} at (373,16) size 5x16
                  text run at (373,16) width 5: "."
              RenderBlock {P} at (4,164) size 747x48
                RenderText {#text} at (0,0) size 705x32
                  text run at (0,0) width 705: "THIS PARAGRAPH IS UPPERCASED AND SMALL CHARACTERS IN THE SOURCE (E.G. A AND \x{C5})"
                  text run at (0,16) width 351: "SHOULD THEREFORE APPEAR IN UPPERCASE. "
                  text run at (350,16) width 279: "IN THE LAST SENTENCE, HOWEVER, "
                RenderInline {SPAN} at (0,0) size 710x32
                  RenderText {#text} at (628,16) size 710x32
                    text run at (628,16) width 82: "the last eight"
                    text run at (0,32) width 198: "words should not be uppercase"
                RenderText {#text} at (197,32) size 5x16
                  text run at (197,32) width 5: "."
              RenderBlock {P} at (4,228) size 747x16
                RenderText {#text} at (0,0) size 741x16
                  text run at (0,0) width 741: "this paragraph is lowercased and capital characters in the source (e.g. a and \x{E5}) should therefore appear in lowercase."
