layer at (0,0) size 785x1152
  RenderView at (0,0) size 785x600
layer at (0,0) size 785x1152
  RenderBlock {HTML} at (0,0) size 785x1152
    RenderBody {BODY} at (8,8) size 769x1136 [bgcolor=#CCCCCC]
      RenderBlock {P} at (0,0) size 769x16
        RenderText {#text} at (0,0) size 363x16
          text run at (0,0) width 363: "The style declarations which apply to the text below are:"
      RenderBlock {PRE} at (0,32) size 769x143
        RenderText {#text} at (0,0) size 375x143
          text run at (0,0) width 344: ".one {text-indent: 0.5in; background: aqua;}"
          text run at (343,0) width 1: " "
          text run at (0,13) width 328: ".two {text-indent: 2cm; background: aqua;}"
          text run at (327,13) width 1: " "
          text run at (0,26) width 352: ".three {text-indent: 20mm; background: aqua;}"
          text run at (351,26) width 1: " "
          text run at (0,39) width 344: ".four {text-indent: 24pt; background: aqua;}"
          text run at (343,39) width 1: " "
          text run at (0,52) width 336: ".five {text-indent: 2pc; background: aqua;}"
          text run at (335,52) width 1: " "
          text run at (0,65) width 328: ".six {text-indent: 2em; background: aqua;}"
          text run at (327,65) width 1: " "
          text run at (0,78) width 344: ".seven {text-indent: 2ex; background: aqua;}"
          text run at (343,78) width 1: " "
          text run at (0,91) width 344: ".eight {text-indent: 50%; background: aqua;}"
          text run at (343,91) width 1: " "
          text run at (0,104) width 344: ".nine {text-indent: 25px; background: aqua;}"
          text run at (343,104) width 1: " "
          text run at (0,117) width 375: "blockquote {text-indent: 50%; background: aqua;}"
          text run at (374,117) width 1: " "
          text run at (0,130) width 0: " "
      RenderBlock {HR} at (0,188) size 769x2 [border: (1px inset #EEEEEE)]
      RenderBlock {P} at (0,206) size 769x16 [bgcolor=#00FFFF]
        RenderText {#text} at (48,0) size 395x16
          text run at (48,0) width 395: "The first line of this sentence should be indented half an inch."
      RenderBlock {P} at (0,238) size 769x16 [bgcolor=#00FFFF]
        RenderText {#text} at (75,0) size 422x16
          text run at (75,0) width 422: "The first line of this sentence should be indented two centimeters."
      RenderBlock {P} at (0,270) size 769x16 [bgcolor=#00FFFF]
        RenderText {#text} at (75,0) size 441x16
          text run at (75,0) width 441: "The first line of this sentence should be indented twenty millimeters."
      RenderBlock {P} at (0,302) size 769x16 [bgcolor=#00FFFF]
        RenderText {#text} at (32,0) size 438x16
          text run at (32,0) width 438: "The first line of this sentence should be indented twenty-four points."
      RenderBlock {P} at (0,334) size 769x16 [bgcolor=#00FFFF]
        RenderText {#text} at (32,0) size 380x16
          text run at (32,0) width 380: "The first line of this sentence should be indented two picas."
      RenderBlock {P} at (0,366) size 769x16 [bgcolor=#00FFFF]
        RenderText {#text} at (32,0) size 367x16
          text run at (32,0) width 367: "The first line of this sentence should be indented two em."
      RenderBlock {P} at (0,398) size 769x16 [bgcolor=#00FFFF]
        RenderText {#text} at (14,0) size 363x16
          text run at (14,0) width 363: "The first line of this sentence should be indented two ex."
      RenderBlock {P} at (0,430) size 769x32 [bgcolor=#00FFFF]
        RenderText {#text} at (384,0) size 752x32
          text run at (384,0) width 368: "The first line of this sentence should be indented halfway"
          text run at (0,16) width 568: "across the page, but the rest of it should be flush with the normal left margin of the page."
      RenderBlock {P} at (0,478) size 769x32 [bgcolor=#00FFFF]
        RenderText {#text} at (25,0) size 740x32
          text run at (25,0) width 715: "The first line of this sentence should be indented 25 pixels, but the rest of it should be flush with the normal left"
          text run at (0,16) width 125: "margin of the page."
      RenderBlock {P} at (0,526) size 769x48 [bgcolor=#00FFFF]
        RenderText {#text} at (48,0) size 426x16
          text run at (48,0) width 426: "Only the first line of this sentence should be indented half an inch,"
        RenderBR {BR} at (473,12) size 1x0
        RenderText {#text} at (0,16) size 266x16
          text run at (0,16) width 266: "no matter where the lines might start, and"
        RenderBR {BR} at (265,28) size 1x0
        RenderInline {EM} at (0,0) size 202x16
          RenderText {#text} at (0,32) size 202x16
            text run at (0,32) width 202: "regardless of any other markup"
        RenderText {#text} at (201,32) size 149x16
          text run at (201,32) width 149: " which may be present."
      RenderBlock {BLOCKQUOTE} at (40,590) size 689x48 [bgcolor=#00FFFF]
        RenderText {#text} at (384,0) size 651x48
          text run at (384,0) width 229: "In the first half of the test page, this"
          text run at (0,16) width 651: "BLOCKQUOTE element should have a text indent equal to 50% of the BODY element's width, since"
          text run at (0,32) width 515: "BLOCKQUOTE is a child of BODY; in the second half, it is a child of TABLE."
      RenderTable {TABLE} at (0,654) size 769x482 [border: (1px outset #808080)]
        RenderTableSection {TBODY} at (1,1) size 767x480
          RenderTableRow {TR} at (0,0) size 767x24
            RenderTableCell {TD} at (0,0) size 767x24 [bgcolor=#C0C0C0] [border: (1px inset #808080)] [r=0 c=0 rs=1 cs=2]
              RenderInline {STRONG} at (0,0) size 163x16
                RenderText {#text} at (4,4) size 163x16
                  text run at (4,4) width 163: "TABLE Testing Section"
          RenderTableRow {TR} at (0,24) size 767x456
            RenderTableCell {TD} at (0,240) size 12x24 [bgcolor=#C0C0C0] [border: (1px inset #808080)] [r=1 c=0 rs=1 cs=1]
              RenderText {#text} at (4,4) size 4x16
                text run at (4,4) width 4: " "
            RenderTableCell {TD} at (12,24) size 755x456 [border: (1px inset #808080)] [r=1 c=1 rs=1 cs=1]
              RenderBlock {P} at (4,4) size 747x16 [bgcolor=#00FFFF]
                RenderText {#text} at (48,0) size 395x16
                  text run at (48,0) width 395: "The first line of this sentence should be indented half an inch."
              RenderBlock {P} at (4,36) size 747x16 [bgcolor=#00FFFF]
                RenderText {#text} at (75,0) size 422x16
                  text run at (75,0) width 422: "The first line of this sentence should be indented two centimeters."
              RenderBlock {P} at (4,68) size 747x16 [bgcolor=#00FFFF]
                RenderText {#text} at (75,0) size 441x16
                  text run at (75,0) width 441: "The first line of this sentence should be indented twenty millimeters."
              RenderBlock {P} at (4,100) size 747x16 [bgcolor=#00FFFF]
                RenderText {#text} at (32,0) size 438x16
                  text run at (32,0) width 438: "The first line of this sentence should be indented twenty-four points."
              RenderBlock {P} at (4,132) size 747x16 [bgcolor=#00FFFF]
                RenderText {#text} at (32,0) size 380x16
                  text run at (32,0) width 380: "The first line of this sentence should be indented two picas."
              RenderBlock {P} at (4,164) size 747x16 [bgcolor=#00FFFF]
                RenderText {#text} at (32,0) size 367x16
                  text run at (32,0) width 367: "The first line of this sentence should be indented two em."
              RenderBlock {P} at (4,196) size 747x16 [bgcolor=#00FFFF]
                RenderText {#text} at (14,0) size 363x16
                  text run at (14,0) width 363: "The first line of this sentence should be indented two ex."
              RenderBlock {P} at (4,228) size 747x32 [bgcolor=#00FFFF]
                RenderText {#text} at (373,0) size 741x32
                  text run at (373,0) width 368: "The first line of this sentence should be indented halfway"
                  text run at (0,16) width 568: "across the page, but the rest of it should be flush with the normal left margin of the page."
              RenderBlock {P} at (4,276) size 747x32 [bgcolor=#00FFFF]
                RenderText {#text} at (25,0) size 740x32
                  text run at (25,0) width 715: "The first line of this sentence should be indented 25 pixels, but the rest of it should be flush with the normal left"
                  text run at (0,16) width 125: "margin of the page."
              RenderBlock {P} at (4,324) size 747x48 [bgcolor=#00FFFF]
                RenderText {#text} at (48,0) size 426x16
                  text run at (48,0) width 426: "Only the first line of this sentence should be indented half an inch,"
                RenderBR {BR} at (473,12) size 1x0
                RenderText {#text} at (0,16) size 266x16
                  text run at (0,16) width 266: "no matter where the lines might start, and"
                RenderBR {BR} at (265,28) size 1x0
                RenderInline {EM} at (0,0) size 202x16
                  RenderText {#text} at (0,32) size 202x16
                    text run at (0,32) width 202: "regardless of any other markup"
                RenderText {#text} at (201,32) size 149x16
                  text run at (201,32) width 149: " which may be present."
              RenderBlock {BLOCKQUOTE} at (44,388) size 667x48 [bgcolor=#00FFFF]
                RenderText {#text} at (373,0) size 651x48
                  text run at (373,0) width 229: "In the first half of the test page, this"
                  text run at (0,16) width 651: "BLOCKQUOTE element should have a text indent equal to 50% of the BODY element's width, since"
                  text run at (0,32) width 515: "BLOCKQUOTE is a child of BODY; in the second half, it is a child of TABLE."
