layer at (0,0) size 800x600
  RenderView at (0,0) size 800x600
layer at (0,0) size 800x241
  RenderBlock {html} at (0,0) size 800x240.88
    RenderBlock {parsererror} at (16,16) size 768x176.88 [bgcolor=#FFDDDD] [border: (2px solid #CC7777)]
      RenderBlock {h3} at (18,20.72) size 732x19
        RenderText {#text} at (0,0) size 318x19
          text run at (0,0) width 318: "This page contains the following errors:"
      RenderBlock {div} at (18,58.44) size 732x12
        RenderText {#text} at (0,0) size 505x12
          text run at (0,0) width 505: "error on line 1 at column 76: Extra content at the end of the document"
          text run at (504,0) width 1: " "
      RenderBlock {h3} at (18,89.16) size 732x19
        RenderText {#text} at (0,0) size 421x19
          text run at (0,0) width 421: "Below is a rendering of the page up to the first error."
      RenderBlock {p} at (18,126.88) size 732x32
        RenderText {#text} at (0,0) size 722x32
          text run at (0,0) width 722: "This document was created as the result of an XSL transformation. The line and column numbers given are from"
          text run at (0,16) width 145: "the transformed result."
    RenderBody {body} at (8,208.88) size 784x16
      RenderBlock {p} at (0,0) size 784x16
        RenderText {#text} at (0,0) size 232x16
          text run at (0,0) width 232: "You should see error text above this"
