layer at (0,0) size 785x1496
  RenderView at (0,0) size 785x600
layer at (0,0) size 785x1496
  RenderBlock {HTML} at (0,0) size 785x1496.19
    RenderBody {BODY} at (8,17.41) size 769x1470.78 [color=#00FF00] [bgcolor=#333333]
      RenderBlock {H1} at (0,0) size 769x30
        RenderText {#text} at (0,0) size 515x30
          text run at (0,0) width 515: "CSS2 Table Backgrounds Test Suite"
      RenderBlock {H2} at (0,47.41) size 769x22
        RenderText {#text} at (0,0) size 363x22
          text run at (0,0) width 363: "Part D: Background with Borders"
      RenderBlock {H3} at (0,85.58) size 769x17
        RenderText {#text} at (0,0) size 252x17
          text run at (0,0) width 252: "Background on 'table-column'"
      RenderBlock {P} at (0,117.78) size 769x16
        RenderText {#text} at (0,0) size 200x16
          text run at (0,0) width 200: "Three columns are styled."
      RenderBlock {P} at (0,146.78) size 769x112
        RenderText {#text} at (0,0) size 768x112
          text run at (0,0) width 760: "In the first column, there should be three vertical stripes along the padding edge of the first"
          text run at (0,16) width 744: "cell, continuing down through the column. (In cell E, the aqua stripe will be obscured by the"
          text run at (0,32) width 760: "thicker right border.) The stripes will cut across cell E as well, but will be further obscured"
          text run at (0,48) width 768: "by its thick border. In the border-collapsed table, the same will happen to the vertical stripes"
          text run at (0,64) width 760: "in cell A due to cell B's thick border. The stripes should continue in the last cell, turning a"
          text run at (0,80) width 752: "right angle to the left into three aqua stripes along the bottom border edge of the last cell."
          text run at (0,96) width 624: "The last cell (M) should not have three vertical stripes along its right edge."
      RenderBlock {P} at (0,271.78) size 769x48
        RenderText {#text} at (0,0) size 768x48
          text run at (0,0) width 768: "In the second column, three vertical strips should run along the right of the first three cells,"
          text run at (0,16) width 760: "aligning along cell F's right padding edge. (The stripes will be partially obscured by cell B's"
          text run at (0,32) width 112: "thick border.)"
      RenderBlock {P} at (0,332.78) size 769x48
        RenderText {#text} at (0,0) size 736x48
          text run at (0,0) width 736: "In the third column, there should be three vertical stripes should run across the top of the"
          text run at (0,16) width 712: "first cell and down the left of the column, aligning along cell K's left padding edge. In"
          text run at (0,32) width 632: "border-collapse mode, they will be partially obscured by cell B's thick border."
      RenderBlock {DL} at (0,393.78) size 769x96
        RenderBlock {DT} at (0,0) size 769x16
          RenderText {#text} at (0,0) size 32x16
            text run at (0,0) width 32: "next"
        RenderBlock {DD} at (40,16) size 729x16
          RenderInline {A} at (0,0) size 408x16 [color=#FFFF00]
            RenderText {#text} at (0,0) size 408x16
              text run at (0,0) width 408: "Background with Borders: Background on 'table-cell'"
          RenderText {#text} at (0,0) size 0x0
        RenderBlock {DT} at (0,32) size 769x16
          RenderText {#text} at (0,0) size 64x16
            text run at (0,0) width 64: "previous"
        RenderBlock {DD} at (40,48) size 729x16
          RenderInline {A} at (0,0) size 400x16 [color=#FFFF00]
            RenderText {#text} at (0,0) size 400x16
              text run at (0,0) width 400: "Background with Borders: Background on 'table-row'"
          RenderText {#text} at (0,0) size 0x0
        RenderBlock {DT} at (0,64) size 769x16
          RenderText {#text} at (0,0) size 64x16
            text run at (0,0) width 64: "contents"
        RenderBlock {DD} at (40,80) size 729x16
          RenderInline {A} at (0,0) size 136x16 [color=#FFFF00]
            RenderText {#text} at (0,0) size 136x16
              text run at (0,0) width 136: "Table of Contents"
          RenderText {#text} at (0,0) size 0x0
      RenderTable {TABLE} at (0,502.78) size 630x475 [color=#FFFFFF] [border: (3px dotted #FFFFFF)]
        RenderBlock {CAPTION} at (0,0) size 630x27
          RenderText {#text} at (148,0) size 334x27
            text run at (148,0) width 334: "With 'border-collapse: separate'"
        RenderTableCol {COLGROUP} at (0,0) size 0x0
          RenderTableCol {COL} at (0,0) size 0x0 [bgcolor=#000000] [border: (5px dashed #FFFFFF)]
          RenderTableCol {COL} at (0,0) size 0x0 [bgcolor=#000000] [border: (9px dashed #FFFFFF)]
          RenderTableCol {COL} at (0,0) size 0x0 [bgcolor=#000000] [border: (5px dashed #FFFFFF)]
        RenderTableCol {COLGROUP} at (0,0) size 0x0
          RenderTableCol {COL} at (0,0) size 0x0
        RenderTableSection {THEAD} at (3,30) size 624x114
          RenderTableRow {TR} at (0,7) size 624x100
            RenderTableCell {TH} at (7,40) size 138x34 [border: (5px dashed #FFFFFF)] [r=0 c=0 rs=1 cs=1]
              RenderText {#text} at (46,6) size 46x21
                text run at (46,6) width 46: "TH A"
            RenderTableCell {TH} at (152,32) size 220x50 [border: (13px dotted #FFFFFF)] [r=0 c=1 rs=1 cs=1]
              RenderText {#text} at (87,14) size 46x21
                text run at (87,14) width 46: "TH B"
            RenderTableCell {TH} at (379,44) size 118x26 [border: (1px dotted #FFFFFF)] [r=0 c=2 rs=1 cs=1]
              RenderText {#text} at (36,2) size 46x21
                text run at (36,2) width 46: "TH C"
            RenderTableCell {TH} at (504,44) size 113x26 [border: (1px dotted #FFFFFF)] [r=0 c=3 rs=1 cs=1]
              RenderText {#text} at (34,2) size 45x21
                text run at (34,2) width 45: "TH D"
        RenderTableSection {TFOOT} at (3,350) size 624x122
          RenderTableRow {TR} at (0,0) size 624x115
            RenderTableCell {TD} at (7,38) size 365x39 [border: (5px dashed #FFFFFF)] [r=0 c=0 rs=1 cs=2]
              RenderText {#text} at (6,6) size 54x27
                text run at (6,6) width 54: "TD M"
            RenderTableCell {TD} at (379,42) size 118x31 [border: (1px dotted #FFFFFF)] [r=0 c=2 rs=1 cs=1]
              RenderText {#text} at (2,2) size 52x27
                text run at (2,2) width 52: "TD O"
            RenderTableCell {TD} at (504,42) size 113x31 [border: (1px dotted #FFFFFF)] [r=0 c=3 rs=1 cs=1]
              RenderText {#text} at (2,2) size 50x27
                text run at (2,2) width 50: "TD P"
        RenderTableSection {TBODY} at (3,144) size 624x206
          RenderTableRow {TR} at (0,0) size 624x108
            RenderTableCell {TD} at (7,72) size 138x55 [border: (13px dotted #FFFFFF)] [r=0 c=0 rs=2 cs=1]
              RenderText {#text} at (14,14) size 50x27
                text run at (14,14) width 50: "TD E"
            RenderTableCell {TD} at (152,30) size 220x47 [border: (9px dashed #FFFFFF)] [r=0 c=1 rs=1 cs=1]
              RenderText {#text} at (10,10) size 49x27
                text run at (10,10) width 49: "TD F"
            RenderTableCell {TD} at (379,34) size 118x39 [border: (5px dashed #FFFFFF)] [r=0 c=2 rs=1 cs=1]
              RenderText {#text} at (6,6) size 52x27
                text run at (6,6) width 52: "TD G"
            RenderTableCell {TD} at (504,38) size 113x31 [border: (1px dotted #FFFFFF)] [r=0 c=3 rs=1 cs=1]
              RenderText {#text} at (2,2) size 52x27
                text run at (2,2) width 52: "TD H"
          RenderTableRow {TR} at (0,115) size 624x84
            RenderTableCell {TD} at (152,141) size 220x31 [border: (1px dotted #FFFFFF)] [r=1 c=1 rs=1 cs=1]
              RenderText {#text} at (2,2) size 49x27
                text run at (2,2) width 49: "TD J"
            RenderTableCell {TD} at (379,141) size 118x31 [border: (1px dotted #FFFFFF)] [r=1 c=2 rs=1 cs=1]
              RenderText {#text} at (2,2) size 52x27
                text run at (2,2) width 52: "TD K"
            RenderTableCell {TD} at (504,141) size 113x31 [border: (1px dotted #FFFFFF)] [r=1 c=3 rs=1 cs=1]
              RenderText {#text} at (2,2) size 49x27
                text run at (2,2) width 49: "TD L"
      RenderTable {TABLE} at (0,977.78) size 588x441 [color=#FFFFFF] [border: (6px dotted #FFFFFF)]
        RenderBlock {CAPTION} at (0,0) size 588x27
          RenderText {#text} at (129,0) size 330x27
            text run at (129,0) width 330: "With 'border-collapse: collapse'"
        RenderTableCol {COLGROUP} at (0,0) size 0x0
          RenderTableCol {COL} at (0,0) size 0x0 [bgcolor=#000000] [border: (5px dashed #FFFFFF)]
          RenderTableCol {COL} at (0,0) size 0x0 [bgcolor=#000000] [border: (9px dashed #FFFFFF)]
          RenderTableCol {COL} at (0,0) size 0x0 [bgcolor=#000000] [border: (5px dashed #FFFFFF)]
        RenderTableCol {COLGROUP} at (0,0) size 0x0
          RenderTableCol {COL} at (0,0) size 0x0
        RenderTableSection {THEAD} at (2,33) size 584x100
          RenderTableRow {TR} at (0,0) size 584x100
            RenderTableCell {TH} at (0,33) size 137x33 [border: (3px dashed #FFFFFF)] [r=0 c=0 rs=1 cs=1]
              RenderText {#text} at (44,4) size 46x21
                text run at (44,4) width 46: "TH A"
            RenderTableCell {TH} at (137,31) size 207x37 [border: (7px dotted #FFFFFF)] [r=0 c=1 rs=1 cs=1]
              RenderText {#text} at (81,8) size 46x21
                text run at (81,8) width 46: "TH B"
            RenderTableCell {TH} at (344,35) size 125x29 [border: (3px dotted #FFFFFF)] [r=0 c=2 rs=1 cs=1]
              RenderText {#text} at (42,4) size 46x21
                text run at (42,4) width 46: "TH C"
            RenderTableCell {TH} at (469,37) size 115x26 [border: (2px dotted #FFFFFF)] [r=0 c=3 rs=1 cs=1]
              RenderText {#text} at (36,3) size 45x21
                text run at (36,3) width 45: "TH D"
        RenderTableSection {TFOOT} at (2,323) size 584x115
          RenderTableRow {TR} at (0,0) size 584x115
            RenderTableCell {TD} at (0,38) size 344x38 [border: (7px dashed #FFFFFF)] [r=0 c=0 rs=1 cs=2]
              RenderText {#text} at (4,8) size 54x27
                text run at (4,8) width 54: "TD M"
            RenderTableCell {TD} at (344,41) size 125x32 [border: (1px dotted #FFFFFF)] [r=0 c=2 rs=1 cs=1]
              RenderText {#text} at (6,2) size 52x27
                text run at (6,2) width 52: "TD O"
            RenderTableCell {TD} at (469,42) size 115x31 [border: (1px dotted #FFFFFF)] [r=0 c=3 rs=1 cs=1]
              RenderText {#text} at (4,2) size 50x27
                text run at (4,2) width 50: "TD P"
        RenderTableSection {TBODY} at (2,133) size 584x190
          RenderTableRow {TR} at (0,0) size 584x107
            RenderTableCell {TD} at (0,74) size 137x42 [border: (7px dotted #FFFFFF)] [r=0 c=0 rs=2 cs=1]
              RenderText {#text} at (8,8) size 50x27
                text run at (8,8) width 50: "TD E"
            RenderTableCell {TD} at (137,33) size 207x40 [border: (7px dashed #FFFFFF)] [r=0 c=1 rs=1 cs=1]
              RenderText {#text} at (8,8) size 49x27
                text run at (8,8) width 49: "TD F"
            RenderTableCell {TD} at (344,36) size 125x34 [border: (3px dashed #FFFFFF)] [r=0 c=2 rs=1 cs=1]
              RenderText {#text} at (6,4) size 52x27
                text run at (6,4) width 52: "TD G"
            RenderTableCell {TD} at (469,38) size 115x30 [border: (1px dotted #FFFFFF)] [r=0 c=3 rs=1 cs=1]
              RenderText {#text} at (4,2) size 52x27
                text run at (4,2) width 52: "TD H"
          RenderTableRow {TR} at (0,107) size 584x83
            RenderTableCell {TD} at (137,130) size 207x36 [border: (5px dotted #FFFFFF)] [r=1 c=1 rs=1 cs=1]
              RenderText {#text} at (8,6) size 49x27
                text run at (8,6) width 49: "TD J"
            RenderTableCell {TD} at (344,132) size 125x32 [border: (3px dotted #FFFFFF)] [r=1 c=2 rs=1 cs=1]
              RenderText {#text} at (6,4) size 52x27
                text run at (6,4) width 52: "TD K"
            RenderTableCell {TD} at (469,133) size 115x30 [border: (1px dotted #FFFFFF)] [r=1 c=3 rs=1 cs=1]
              RenderText {#text} at (4,2) size 49x27
                text run at (4,2) width 49: "TD L"
      RenderBlock {DIV} at (0,1418.78) size 769x35
        RenderInline {A} at (0,0) size 88x16 [color=#FFFF00]
          RenderImage {IMG} at (0,0) size 88x31
        RenderText {#text} at (0,0) size 0x0
      RenderBlock {ADDRESS} at (0,1453.78) size 769x17
        RenderText {#text} at (0,0) size 704x17
          text run at (0,0) width 704: "CSS2 Table Backgrounds Test Suite designed and written by fantasai <fantasai@escape.com>"
