layer at (0,0) size 785x1210
  RenderView at (0,0) size 785x600
layer at (0,0) size 785x1210
  RenderBlock {HTML} at (0,0) size 785x1209.78
    RenderBody {BODY} at (8,8) size 769x1193.78 [color=#00FF00] [bgcolor=#333333]
      RenderBlock {H1} at (0,0) size 769x30
        RenderText {#text} at (0,0) size 515x30
          text run at (0,0) width 515: "CSS2 Table Backgrounds Test Suite"
      RenderBlock {H2} at (0,47.41) size 769x22
        RenderText {#text} at (0,0) size 363x22
          text run at (0,0) width 363: "Part D: Background with Borders"
      RenderBlock {H3} at (0,85.58) size 769x17
        RenderText {#text} at (0,0) size 189x17
          text run at (0,0) width 189: "Background on 'table'"
      RenderBlock {P} at (0,117.78) size 769x16
        RenderText {#text} at (0,0) size 656x16
          text run at (0,0) width 656: "There should be three aqua stripes just inside the bottom and right table borders."
      RenderBlock {DL} at (0,146.78) size 769x96
        RenderBlock {DT} at (0,0) size 769x16
          RenderText {#text} at (0,0) size 32x16
            text run at (0,0) width 32: "next"
        RenderBlock {DD} at (40,16) size 729x16
          RenderInline {A} at (0,0) size 448x16 [color=#FFFF00]
            RenderText {#text} at (0,0) size 448x16
              text run at (0,0) width 448: "Background with Borders: Background on 'table-row-group'"
          RenderText {#text} at (0,0) size 0x0
        RenderBlock {DT} at (0,32) size 769x16
          RenderText {#text} at (0,0) size 64x16
            text run at (0,0) width 64: "previous"
        RenderBlock {DD} at (40,48) size 729x16
          RenderInline {A} at (0,0) size 408x16 [color=#FFFF00]
            RenderText {#text} at (0,0) size 408x16
              text run at (0,0) width 408: "Background with Borders: Background on 'table-cell'"
          RenderText {#text} at (0,0) size 0x0
        RenderBlock {DT} at (0,64) size 769x16
          RenderText {#text} at (0,0) size 64x16
            text run at (0,0) width 64: "contents"
        RenderBlock {DD} at (40,80) size 729x16
          RenderInline {A} at (0,0) size 136x16 [color=#FFFF00]
            RenderText {#text} at (0,0) size 136x16
              text run at (0,0) width 136: "Table of Contents"
          RenderText {#text} at (0,0) size 0x0
      RenderTable {TABLE} at (0,255.78) size 626x463 [color=#FFFFFF] [bgcolor=#000000] [border: (5px dotted #FFFFFF)]
        RenderBlock {CAPTION} at (0,0) size 626x27
          RenderText {#text} at (146,0) size 334x27
            text run at (146,0) width 334: "With 'border-collapse: separate'"
        RenderTableCol {COLGROUP} at (0,0) size 0x0
          RenderTableCol {COL} at (0,0) size 0x0
          RenderTableCol {COL} at (0,0) size 0x0
          RenderTableCol {COL} at (0,0) size 0x0
        RenderTableCol {COLGROUP} at (0,0) size 0x0
          RenderTableCol {COL} at (0,0) size 0x0
        RenderTableSection {THEAD} at (5,32) size 616x110
          RenderTableRow {TR} at (0,7) size 616x96
            RenderTableCell {TH} at (7,42) size 130x26 [border: (1px dotted #FFFFFF)] [r=0 c=0 rs=1 cs=1]
              RenderText {#text} at (42,2) size 46x21
                text run at (42,2) width 46: "TH A"
            RenderTableCell {TH} at (144,30) size 220x50 [border: (13px dotted #FFFFFF)] [r=0 c=1 rs=1 cs=1]
              RenderText {#text} at (87,14) size 46x21
                text run at (87,14) width 46: "TH B"
            RenderTableCell {TH} at (371,42) size 118x26 [border: (1px dotted #FFFFFF)] [r=0 c=2 rs=1 cs=1]
              RenderText {#text} at (36,2) size 46x21
                text run at (36,2) width 46: "TH C"
            RenderTableCell {TH} at (496,42) size 113x26 [border: (1px dotted #FFFFFF)] [r=0 c=3 rs=1 cs=1]
              RenderText {#text} at (34,2) size 45x21
                text run at (34,2) width 45: "TH D"
        RenderTableSection {TBODY} at (5,142) size 616x198
          RenderTableRow {TR} at (0,0) size 616x104
            RenderTableCell {TD} at (7,68) size 130x55 [border: (13px dotted #FFFFFF)] [r=0 c=0 rs=2 cs=1]
              RenderText {#text} at (14,14) size 50x27
                text run at (14,14) width 50: "TD E"
            RenderTableCell {TD} at (144,36) size 220x31 [border: (1px dotted #FFFFFF)] [r=0 c=1 rs=1 cs=1]
              RenderText {#text} at (2,2) size 49x27
                text run at (2,2) width 49: "TD F"
            RenderTableCell {TD} at (371,36) size 118x31 [border: (1px dotted #FFFFFF)] [r=0 c=2 rs=1 cs=1]
              RenderText {#text} at (2,2) size 52x27
                text run at (2,2) width 52: "TD G"
            RenderTableCell {TD} at (496,36) size 113x31 [border: (1px dotted #FFFFFF)] [r=0 c=3 rs=1 cs=1]
              RenderText {#text} at (2,2) size 52x27
                text run at (2,2) width 52: "TD H"
          RenderTableRow {TR} at (0,111) size 616x80
            RenderTableCell {TD} at (144,135) size 220x31 [border: (1px dotted #FFFFFF)] [r=1 c=1 rs=1 cs=1]
              RenderText {#text} at (2,2) size 49x27
                text run at (2,2) width 49: "TD J"
            RenderTableCell {TD} at (371,135) size 118x31 [border: (1px dotted #FFFFFF)] [r=1 c=2 rs=1 cs=1]
              RenderText {#text} at (2,2) size 52x27
                text run at (2,2) width 52: "TD K"
            RenderTableCell {TD} at (496,135) size 113x31 [border: (1px dotted #FFFFFF)] [r=1 c=3 rs=1 cs=1]
              RenderText {#text} at (2,2) size 49x27
                text run at (2,2) width 49: "TD L"
        RenderTableSection {TFOOT} at (5,340) size 616x118
          RenderTableRow {TR} at (0,0) size 616x111
            RenderTableCell {TD} at (7,40) size 357x31 [border: (1px dotted #FFFFFF)] [r=0 c=0 rs=1 cs=2]
              RenderText {#text} at (2,2) size 54x27
                text run at (2,2) width 54: "TD M"
            RenderTableCell {TD} at (371,40) size 118x31 [border: (1px dotted #FFFFFF)] [r=0 c=2 rs=1 cs=1]
              RenderText {#text} at (2,2) size 52x27
                text run at (2,2) width 52: "TD O"
            RenderTableCell {TD} at (496,40) size 113x31 [border: (1px dotted #FFFFFF)] [r=0 c=3 rs=1 cs=1]
              RenderText {#text} at (2,2) size 50x27
                text run at (2,2) width 50: "TD P"
      RenderTable {TABLE} at (0,718.78) size 586x427 [color=#FFFFFF] [bgcolor=#000000] [border: (6px dotted #FFFFFF)]
        RenderBlock {CAPTION} at (0,0) size 586x27
          RenderText {#text} at (128,0) size 330x27
            text run at (128,0) width 330: "With 'border-collapse: collapse'"
        RenderTableCol {COLGROUP} at (0,0) size 0x0
          RenderTableCol {COL} at (0,0) size 0x0
          RenderTableCol {COL} at (0,0) size 0x0
          RenderTableCol {COL} at (0,0) size 0x0
        RenderTableCol {COLGROUP} at (0,0) size 0x0
          RenderTableCol {COL} at (0,0) size 0x0
        RenderTableSection {THEAD} at (2,33) size 581x96
          RenderTableRow {TR} at (0,0) size 581x96
            RenderTableCell {TH} at (0,31) size 137x33 [border: (3px dotted #FFFFFF)] [r=0 c=0 rs=1 cs=1]
              RenderText {#text} at (44,4) size 46x21
                text run at (44,4) width 46: "TH A"
            RenderTableCell {TH} at (137,29) size 207x37 [border: (7px dotted #FFFFFF)] [r=0 c=1 rs=1 cs=1]
              RenderText {#text} at (81,8) size 46x21
                text run at (81,8) width 46: "TH B"
            RenderTableCell {TH} at (344,34) size 123x27 [border: (3px dotted #FFFFFF)] [r=0 c=2 rs=1 cs=1]
              RenderText {#text} at (42,4) size 46x21
                text run at (42,4) width 46: "TH C"
            RenderTableCell {TH} at (467,34) size 114x27 [border: (3px dotted #FFFFFF)] [r=0 c=3 rs=1 cs=1]
              RenderText {#text} at (34,4) size 45x21
                text run at (34,4) width 45: "TH D"
        RenderTableSection {TFOOT} at (2,313) size 581x111
          RenderTableRow {TR} at (0,0) size 581x111
            RenderTableCell {TD} at (0,36) size 344x38 [border: (7px dotted #FFFFFF)] [r=0 c=0 rs=1 cs=2]
              RenderText {#text} at (4,8) size 54x27
                text run at (4,8) width 54: "TD M"
            RenderTableCell {TD} at (344,39) size 123x32 [border: (1px dotted #FFFFFF)] [r=0 c=2 rs=1 cs=1]
              RenderText {#text} at (2,2) size 52x27
                text run at (2,2) width 52: "TD O"
            RenderTableCell {TD} at (467,39) size 114x32 [border: (1px dotted #FFFFFF)] [r=0 c=3 rs=1 cs=1]
              RenderText {#text} at (2,2) size 50x27
                text run at (2,2) width 50: "TD P"
        RenderTableSection {TBODY} at (2,129) size 581x184
          RenderTableRow {TR} at (0,0) size 581x104
            RenderTableCell {TD} at (0,71) size 137x42 [border: (7px dotted #FFFFFF)] [r=0 c=0 rs=2 cs=1]
              RenderText {#text} at (8,8) size 50x27
                text run at (8,8) width 50: "TD E"
            RenderTableCell {TD} at (137,34) size 207x36 [border: (7px dotted #FFFFFF)] [r=0 c=1 rs=1 cs=1]
              RenderText {#text} at (8,8) size 49x27
                text run at (8,8) width 49: "TD F"
            RenderTableCell {TD} at (344,37) size 123x30 [border: (1px dotted #FFFFFF)] [r=0 c=2 rs=1 cs=1]
              RenderText {#text} at (2,2) size 52x27
                text run at (2,2) width 52: "TD G"
            RenderTableCell {TD} at (467,37) size 114x30 [border: (1px dotted #FFFFFF)] [r=0 c=3 rs=1 cs=1]
              RenderText {#text} at (2,2) size 52x27
                text run at (2,2) width 52: "TD H"
          RenderTableRow {TR} at (0,104) size 581x80
            RenderTableCell {TD} at (137,129) size 207x30 [border: (1px dotted #FFFFFF)] [r=1 c=1 rs=1 cs=1]
              RenderText {#text} at (8,2) size 49x27
                text run at (8,2) width 49: "TD J"
            RenderTableCell {TD} at (344,129) size 123x30 [border: (1px dotted #FFFFFF)] [r=1 c=2 rs=1 cs=1]
              RenderText {#text} at (2,2) size 52x27
                text run at (2,2) width 52: "TD K"
            RenderTableCell {TD} at (467,129) size 114x30 [border: (1px dotted #FFFFFF)] [r=1 c=3 rs=1 cs=1]
              RenderText {#text} at (2,2) size 49x27
                text run at (2,2) width 49: "TD L"
      RenderBlock {DIV} at (0,1145.78) size 769x31
        RenderInline {A} at (0,0) size 88x16 [color=#FFFF00]
          RenderImage {IMG} at (0,0) size 88x31
        RenderText {#text} at (0,0) size 0x0
      RenderBlock {ADDRESS} at (0,1176.78) size 769x17
        RenderText {#text} at (0,0) size 704x17
          text run at (0,0) width 704: "CSS2 Table Backgrounds Test Suite designed and written by fantasai <fantasai@escape.com>"
