layer at (0,0) size 800x600
  RenderView at (0,0) size 800x600
layer at (0,0) size 800x368
  RenderBlock {HTML} at (0,0) size 800x368
    RenderBody {BODY} at (8,8) size 784x352
      RenderTable {TABLE} at (0,0) size 200x352 [border: (1px outset #808080)]
        RenderBlock {CAPTION} at (0,0) size 200x206 [border: (3px solid #FFA500)]
          RenderText {#text} at (88,3) size 24x17
            text run at (88,3) width 24: "cap"
        RenderTableSection {TBODY} at (1,207) size 198x144
          RenderTableRow {TR} at (0,30) size 198x84
            RenderTableCell {TD} at (30,30) size 138x84 [border: (1px inset #808080)] [r=0 c=0 rs=1 cs=1]
              RenderBlock {DIV} at (16,16) size 52x52 [border: (1px solid #008000)]
                RenderBlock {DIV} at (1,1) size 402x302 [border: (1px solid #FF0000)]
                  RenderText {#text} at (1,1) size 8x17
                    text run at (1,1) width 8: "d"
