layer at (0,0) size 785x623
  RenderView at (0,0) size 785x600
layer at (0,0) size 785x623
  RenderBlock {HTML} at (0,0) size 785x623
    RenderBody {BODY} at (8,8) size 769x607 [bgcolor=#CCCCCC]
      RenderBlock {P} at (0,0) size 769x16
        RenderText {#text} at (0,0) size 363x16
          text run at (0,0) width 363: "The style declarations which apply to the text below are:"
      RenderBlock {PRE} at (0,32) size 769x78
        RenderText {#text} at (0,0) size 196x78
          text run at (0,0) width 133: "A {color: green;}"
          text run at (132,0) width 1: " "
          text run at (0,13) width 180: "A:link {color: purple;}"
          text run at (179,13) width 1: " "
          text run at (0,26) width 188: "A:visited {color: lime;}"
          text run at (187,26) width 1: " "
          text run at (0,39) width 196: "A:active {color: maroon;}"
          text run at (195,39) width 1: " "
          text run at (0,52) width 172: "#one {color: #006600;}"
          text run at (171,52) width 1: " "
          text run at (0,65) width 0: " "
      RenderBlock {HR} at (0,123) size 769x2 [border: (1px inset #EEEEEE)]
      RenderBlock {P} at (0,141) size 769x16
        RenderText {#text} at (0,0) size 508x16
          text run at (0,0) width 508: "The following anchors should appear as described; none of them should be red."
      RenderBlock {UL} at (0,173) size 769x128
        RenderListItem {LI} at (40,0) size 729x96
          RenderBlock (anonymous) at (0,0) size 729x16
            RenderListMarker at (-16,0) size 6x16: bullet
            RenderText {#text} at (0,0) size 583x16
              text run at (0,0) width 583: "Purple unvisited, lime (light green) visited, maroon (dark red) while active (being clicked):"
          RenderBlock {UL} at (0,16) size 729x80
            RenderListItem {LI} at (40,0) size 689x16
              RenderListMarker at (-16,0) size 6x16: white bullet
              RenderInline {A} at (0,0) size 112x16 [color=#800080]
                RenderText {#text} at (0,0) size 112x16
                  text run at (0,0) width 112: "W3C Web server"
              RenderText {#text} at (0,0) size 0x0
            RenderListItem {LI} at (40,16) size 689x16
              RenderListMarker at (-16,0) size 6x16: white bullet
              RenderInline {A} at (0,0) size 113x16 [color=#800080]
                RenderText {#text} at (0,0) size 113x16
                  text run at (0,0) width 113: "NIST Web server"
              RenderText {#text} at (0,0) size 0x0
            RenderListItem {LI} at (40,32) size 689x16
              RenderListMarker at (-16,0) size 6x16: white bullet
              RenderInline {A} at (0,0) size 126x16 [color=#800080]
                RenderText {#text} at (0,0) size 126x16
                  text run at (0,0) width 126: "CWRU Web server"
              RenderText {#text} at (0,0) size 0x0
            RenderListItem {LI} at (40,48) size 689x16
              RenderListMarker at (-16,0) size 6x16: white bullet
              RenderInline {A} at (0,0) size 48x16 [color=#800080]
                RenderText {#text} at (0,0) size 48x16
                  text run at (0,0) width 48: "Yahoo!"
              RenderText {#text} at (0,0) size 0x0
            RenderListItem {LI} at (40,64) size 689x16
              RenderListMarker at (-16,0) size 6x16: white bullet
              RenderInline {A} at (0,0) size 58x16 [color=#800080]
                RenderText {#text} at (0,0) size 58x16
                  text run at (0,0) width 58: "Erewhon"
              RenderText {#text} at (57,0) size 225x16
                text run at (57,0) width 225: " (don't click on it, it goes nowhere)"
        RenderListItem {LI} at (40,96) size 729x32
          RenderBlock (anonymous) at (0,0) size 729x16
            RenderListMarker at (-16,0) size 6x16: bullet
            RenderText {#text} at (0,0) size 208x16
              text run at (0,0) width 208: "Dark green in any circumstance:"
          RenderBlock {UL} at (0,16) size 729x16
            RenderListItem {LI} at (40,0) size 689x16
              RenderListMarker at (-16,0) size 6x16: white bullet
              RenderInline {A} at (0,0) size 126x16 [color=#006600]
                RenderText {#text} at (0,0) size 126x16
                  text run at (0,0) width 126: "CWRU Web server"
              RenderText {#text} at (0,0) size 0x0
      RenderBlock {P} at (0,317) size 769x32
        RenderText {#text} at (0,0) size 120x16
          text run at (0,0) width 120: "The quoted word \""
        RenderInline {A} at (0,0) size 45x16 [color=#008000]
          RenderText {#text} at (119,0) size 45x16
            text run at (119,0) width 45: "anchor"
        RenderText {#text} at (163,0) size 741x32
          text run at (163,0) width 382: "\" should be green, NOT purple, since it's part of an anchor. "
          text run at (544,0) width 197: "It's a named anchor, and styles"
          text run at (0,16) width 356: "declared for the A tag are applied to them under CSS1. "
          text run at (355,16) width 330: "It also should NOT turn orange when clicked upon."
      RenderTable {TABLE} at (0,365) size 769x242 [border: (1px outset #808080)]
        RenderTableSection {TBODY} at (1,1) size 767x240
          RenderTableRow {TR} at (0,0) size 767x24
            RenderTableCell {TD} at (0,0) size 767x24 [bgcolor=#C0C0C0] [border: (1px inset #808080)] [r=0 c=0 rs=1 cs=2]
              RenderInline {STRONG} at (0,0) size 163x16
                RenderText {#text} at (4,4) size 163x16
                  text run at (4,4) width 163: "TABLE Testing Section"
          RenderTableRow {TR} at (0,24) size 767x216
            RenderTableCell {TD} at (0,120) size 12x24 [bgcolor=#C0C0C0] [border: (1px inset #808080)] [r=1 c=0 rs=1 cs=1]
              RenderText {#text} at (4,4) size 4x16
                text run at (4,4) width 4: " "
            RenderTableCell {TD} at (12,24) size 755x216 [border: (1px inset #808080)] [r=1 c=1 rs=1 cs=1]
              RenderBlock {P} at (4,4) size 747x16
                RenderText {#text} at (0,0) size 508x16
                  text run at (0,0) width 508: "The following anchors should appear as described; none of them should be red."
              RenderBlock {UL} at (4,36) size 747x128
                RenderListItem {LI} at (40,0) size 707x96
                  RenderBlock (anonymous) at (0,0) size 707x16
                    RenderListMarker at (-16,0) size 6x16: bullet
                    RenderText {#text} at (0,0) size 583x16
                      text run at (0,0) width 583: "Purple unvisited, lime (light green) visited, maroon (dark red) while active (being clicked):"
                  RenderBlock {UL} at (0,16) size 707x80
                    RenderListItem {LI} at (40,0) size 667x16
                      RenderListMarker at (-16,0) size 6x16: white bullet
                      RenderInline {A} at (0,0) size 112x16 [color=#800080]
                        RenderText {#text} at (0,0) size 112x16
                          text run at (0,0) width 112: "W3C Web server"
                      RenderText {#text} at (0,0) size 0x0
                    RenderListItem {LI} at (40,16) size 667x16
                      RenderListMarker at (-16,0) size 6x16: white bullet
                      RenderInline {A} at (0,0) size 113x16 [color=#800080]
                        RenderText {#text} at (0,0) size 113x16
                          text run at (0,0) width 113: "NIST Web server"
                      RenderText {#text} at (0,0) size 0x0
                    RenderListItem {LI} at (40,32) size 667x16
                      RenderListMarker at (-16,0) size 6x16: white bullet
                      RenderInline {A} at (0,0) size 126x16 [color=#800080]
                        RenderText {#text} at (0,0) size 126x16
                          text run at (0,0) width 126: "CWRU Web server"
                      RenderText {#text} at (0,0) size 0x0
                    RenderListItem {LI} at (40,48) size 667x16
                      RenderListMarker at (-16,0) size 6x16: white bullet
                      RenderInline {A} at (0,0) size 48x16 [color=#800080]
                        RenderText {#text} at (0,0) size 48x16
                          text run at (0,0) width 48: "Yahoo!"
                      RenderText {#text} at (0,0) size 0x0
                    RenderListItem {LI} at (40,64) size 667x16
                      RenderListMarker at (-16,0) size 6x16: white bullet
                      RenderInline {A} at (0,0) size 58x16 [color=#800080]
                        RenderText {#text} at (0,0) size 58x16
                          text run at (0,0) width 58: "Erewhon"
                      RenderText {#text} at (57,0) size 225x16
                        text run at (57,0) width 225: " (don't click on it, it goes nowhere)"
                RenderListItem {LI} at (40,96) size 707x32
                  RenderBlock (anonymous) at (0,0) size 707x16
                    RenderListMarker at (-16,0) size 6x16: bullet
                    RenderText {#text} at (0,0) size 208x16
                      text run at (0,0) width 208: "Dark green in any circumstance:"
                  RenderBlock {UL} at (0,16) size 707x16
                    RenderListItem {LI} at (40,0) size 667x16
                      RenderListMarker at (-16,0) size 6x16: white bullet
                      RenderInline {A} at (0,0) size 126x16 [color=#006600]
                        RenderText {#text} at (0,0) size 126x16
                          text run at (0,0) width 126: "CWRU Web server"
                      RenderText {#text} at (0,0) size 0x0
              RenderBlock {P} at (4,180) size 747x32
                RenderText {#text} at (0,0) size 120x16
                  text run at (0,0) width 120: "The quoted word \""
                RenderInline {A} at (0,0) size 45x16 [color=#008000]
                  RenderText {#text} at (119,0) size 45x16
                    text run at (119,0) width 45: "anchor"
                RenderText {#text} at (163,0) size 741x32
                  text run at (163,0) width 382: "\" should be green, NOT purple, since it's part of an anchor. "
                  text run at (544,0) width 197: "It's a named anchor, and styles"
                  text run at (0,16) width 356: "declared for the A tag are applied to them under CSS1. "
                  text run at (355,16) width 330: "It also should NOT turn orange when clicked upon."
