layer at (0,0) size 785x645
  RenderView at (0,0) size 785x600
layer at (0,0) size 785x645
  RenderBlock {HTML} at (0,0) size 785x645
    RenderBody {BODY} at (8,8) size 769x629 [bgcolor=#CCCCCC]
      RenderBlock {P} at (0,0) size 769x16
        RenderInline (generated) at (0,0) size 10x16 [color=#800000]
          RenderTextFragment {#text} at (0,0) size 10x16
            text run at (0,0) width 10: "T"
        RenderTextFragment {#text} at (9,0) size 354x16
          text run at (9,0) width 354: "he style declarations which apply to the text below are:"
      RenderBlock {PRE} at (0,32) size 769x52
        RenderText {#text} at (0,0) size 305x52
          text run at (0,0) width 242: "P:first-letter {color: maroon;}"
          text run at (241,0) width 1: " "
          text run at (0,13) width 281: ".two:first-letter {font-size: 200%;}"
          text run at (280,13) width 1: " "
          text run at (0,26) width 305: "P.three:first-letter {font-size: 350%;}"
          text run at (304,26) width 1: " "
          text run at (0,39) width 0: " "
      RenderBlock {HR} at (0,97) size 769x2 [border: (1px inset #EEEEEE)]
      RenderBlock {P} at (0,115) size 769x48
        RenderInline (generated) at (0,0) size 10x16 [color=#800000]
          RenderTextFragment {#text} at (0,0) size 10x16
            text run at (0,0) width 10: "T"
        RenderTextFragment {#text} at (9,0) size 766x48
          text run at (9,0) width 445: "he first letter of this paragraph, and only that one, should be maroon. "
          text run at (453,0) width 305: "If this precise combination does not occur, then"
          text run at (0,16) width 216: "the user agent has failed this test. "
          text run at (215,16) width 551: "Remember that in order to ensure a complete test, the paragraph must be displayed on"
          text run at (0,32) width 124: "more than one line."
      RenderBlock {P} at (0,179) size 769x64
        RenderInline (generated) at (0,0) size 20x32 [color=#800000]
          RenderTextFragment {#text} at (0,0) size 20x32
            text run at (0,0) width 20: "T"
        RenderTextFragment {#text} at (19,12) size 752x52
          text run at (19,12) width 626: "he first letter of this paragraph, and only that one, should be a larger font size, as well as maroon. "
          text run at (644,12) width 88: "If this precise"
          text run at (0,32) width 433: "combination does not occur, then the user agent has failed this test. "
          text run at (432,32) width 320: "Remember that in order to ensure a complete test,"
          text run at (0,48) width 355: "the paragraph must be displayed on more than one line."
      RenderBlock {P} at (0,259) size 769x88
        RenderInline (generated) at (0,0) size 76x56 [color=#800000]
          RenderTextFragment {#text} at (0,0) size 76x56
            text run at (0,0) width 76: "\"W"
        RenderTextFragment {#text} at (75,30) size 754x58
          text run at (75,30) width 325: "e should check for quotation support,\" it was said. "
          text run at (399,30) width 339: "The first two characters in this paragraph-- a double-"
          text run at (0,56) width 628: "quote mark and a capital 'W'-- should be 350% bigger than the rest of the paragraph, and maroon. "
          text run at (627,56) width 127: "Note that this is not"
          text run at (0,72) width 289: "required under CSS1, but it is recommended."
      RenderTable {TABLE} at (0,363) size 769x266 [border: (1px outset #808080)]
        RenderTableSection {TBODY} at (1,1) size 767x264
          RenderTableRow {TR} at (0,0) size 767x24
            RenderTableCell {TD} at (0,0) size 767x24 [bgcolor=#C0C0C0] [border: (1px inset #808080)] [r=0 c=0 rs=1 cs=2]
              RenderInline {STRONG} at (0,0) size 163x16
                RenderText {#text} at (4,4) size 163x16
                  text run at (4,4) width 163: "TABLE Testing Section"
          RenderTableRow {TR} at (0,24) size 767x240
            RenderTableCell {TD} at (0,132) size 12x24 [bgcolor=#C0C0C0] [border: (1px inset #808080)] [r=1 c=0 rs=1 cs=1]
              RenderText {#text} at (4,4) size 4x16
                text run at (4,4) width 4: " "
            RenderTableCell {TD} at (12,24) size 755x240 [border: (1px inset #808080)] [r=1 c=1 rs=1 cs=1]
              RenderBlock {P} at (4,4) size 747x48
                RenderInline (generated) at (0,0) size 10x16 [color=#800000]
                  RenderTextFragment {#text} at (0,0) size 10x16
                    text run at (0,0) width 10: "T"
                RenderTextFragment {#text} at (9,0) size 726x48
                  text run at (9,0) width 445: "he first letter of this paragraph, and only that one, should be maroon. "
                  text run at (453,0) width 273: "If this precise combination does not occur,"
                  text run at (0,16) width 248: "then the user agent has failed this test. "
                  text run at (247,16) width 465: "Remember that in order to ensure a complete test, the paragraph must be"
                  text run at (0,32) width 209: "displayed on more than one line."
              RenderBlock {P} at (4,68) size 747x64
                RenderInline (generated) at (0,0) size 20x32 [color=#800000]
                  RenderTextFragment {#text} at (0,0) size 20x32
                    text run at (0,0) width 20: "T"
                RenderTextFragment {#text} at (19,12) size 732x52
                  text run at (19,12) width 626: "he first letter of this paragraph, and only that one, should be a larger font size, as well as maroon. "
                  text run at (644,12) width 88: "If this precise"
                  text run at (0,32) width 433: "combination does not occur, then the user agent has failed this test. "
                  text run at (432,32) width 290: "Remember that in order to ensure a complete"
                  text run at (0,48) width 385: "test, the paragraph must be displayed on more than one line."
              RenderBlock {P} at (4,148) size 747x88
                RenderInline (generated) at (0,0) size 76x56 [color=#800000]
                  RenderTextFragment {#text} at (0,0) size 76x56
                    text run at (0,0) width 76: "\"W"
                RenderTextFragment {#text} at (75,30) size 738x58
                  text run at (75,30) width 325: "e should check for quotation support,\" it was said. "
                  text run at (399,30) width 339: "The first two characters in this paragraph-- a double-"
                  text run at (0,56) width 628: "quote mark and a capital 'W'-- should be 350% bigger than the rest of the paragraph, and maroon. "
                  text run at (627,56) width 102: "Note that this is"
                  text run at (0,72) width 314: "not required under CSS1, but it is recommended."
