layer at (0,0) size 800x600
  RenderView at (0,0) size 800x600
layer at (0,0) size 800x600
  RenderBlock {HTML} at (0,0) size 800x600
    RenderBody {BODY} at (8,8) size 784x584 [bgcolor=#CCCCCC]
      RenderBlock {P} at (0,0) size 784x16
        RenderText {#text} at (0,0) size 363x16
          text run at (0,0) width 363: "The style declarations which apply to the text below are:"
      RenderBlock {PRE} at (0,32) size 784x52
        RenderText {#text} at (0,0) size 352x52
          text run at (0,0) width 219: "P:first-line {color: green;}"
          text run at (218,0) width 1: " "
          text run at (0,13) width 266: ".two:first-line {font-size: 200%;}"
          text run at (265,13) width 1: " "
          text run at (0,26) width 352: ".three:first-line {font-variant: small-caps;}"
          text run at (351,26) width 1: " "
          text run at (0,39) width 0: " "
      RenderBlock {HR} at (0,97) size 784x2 [border: (1px inset #EEEEEE)]
      RenderBlock {P} at (0,115) size 784x48
        RenderText {#text} at (0,0) size 779x48
          text run at (0,0) width 431: "The first line of this paragraph, and only that one, should be green. "
          text run at (430,0) width 329: "If this precise combination does not occur, then the"
          text run at (0,16) width 193: "user agent has failed this test. "
          text run at (192,16) width 587: "Remember that in order to ensure a complete test, the paragraph must be displayed on more"
          text run at (0,32) width 87: "than one line."
      RenderBlock {P} at (0,179) size 784x64
        RenderText {#text} at (0,0) size 767x64
          text run at (0,0) width 767: "The first line of this paragraph, and only that one, should be"
          text run at (0,32) width 221: "a larger font size as well as green. "
          text run at (220,32) width 521: "If this precise combination does not occur, then the user agent has failed this test."
          text run at (0,48) width 678: "Remember that in order to ensure a complete test, the paragraph must be displayed on more than one line."
      RenderBlock {P} at (0,259) size 784x64
        RenderText {#text} at (0,0) size 781x48
          text run at (0,0) width 603: "The first line of this paragraph, and only that one, should be displayed in small-caps style. "
          text run at (602,0) width 179: "Thus, if the first line is not"
          text run at (0,16) width 781: "in small-caps style, OR if the entire paragraph turns out in small-caps, then the user agent has failed this test (although the"
          text run at (0,32) width 146: "problem might be that "
        RenderInline {CODE} at (0,0) size 79x13
          RenderText {#text} at (145,34) size 79x13
            text run at (145,34) width 79: "small-caps"
        RenderText {#text} at (223,32) size 743x32
          text run at (223,32) width 230: " is not supported by your browser). "
          text run at (452,32) width 291: "This is extra text included for the purposes of"
          text run at (0,48) width 402: "making the paragraph long enough to have more than one line."
      RenderTable {TABLE} at (0,339) size 784x242 [border: (1px outset #808080)]
        RenderTableSection {TBODY} at (1,1) size 782x240
          RenderTableRow {TR} at (0,0) size 782x24
            RenderTableCell {TD} at (0,0) size 782x24 [bgcolor=#C0C0C0] [border: (1px inset #808080)] [r=0 c=0 rs=1 cs=2]
              RenderInline {STRONG} at (0,0) size 163x16
                RenderText {#text} at (4,4) size 163x16
                  text run at (4,4) width 163: "TABLE Testing Section"
          RenderTableRow {TR} at (0,24) size 782x216
            RenderTableCell {TD} at (0,120) size 12x24 [bgcolor=#C0C0C0] [border: (1px inset #808080)] [r=1 c=0 rs=1 cs=1]
              RenderText {#text} at (4,4) size 4x16
                text run at (4,4) width 4: " "
            RenderTableCell {TD} at (12,24) size 770x216 [border: (1px inset #808080)] [r=1 c=1 rs=1 cs=1]
              RenderBlock {P} at (4,4) size 762x48
                RenderText {#text} at (0,0) size 759x48
                  text run at (0,0) width 431: "The first line of this paragraph, and only that one, should be green. "
                  text run at (430,0) width 329: "If this precise combination does not occur, then the"
                  text run at (0,16) width 193: "user agent has failed this test. "
                  text run at (192,16) width 550: "Remember that in order to ensure a complete test, the paragraph must be displayed on"
                  text run at (0,32) width 124: "more than one line."
              RenderBlock {P} at (4,68) size 762x64
                RenderText {#text} at (0,0) size 760x64
                  text run at (0,0) width 729: "The first line of this paragraph, and only that one, should"
                  text run at (0,32) width 240: "be a larger font size as well as green. "
                  text run at (239,32) width 521: "If this precise combination does not occur, then the user agent has failed this test."
                  text run at (0,48) width 678: "Remember that in order to ensure a complete test, the paragraph must be displayed on more than one line."
              RenderBlock {P} at (4,148) size 762x64
                RenderText {#text} at (0,0) size 755x48
                  text run at (0,0) width 603: "The first line of this paragraph, and only that one, should be displayed in small-caps style. "
                  text run at (602,0) width 153: "Thus, if the first line is"
                  text run at (0,16) width 717: "not in small-caps style, OR if the entire paragraph turns out in small-caps, then the user agent has failed this test"
                  text run at (0,32) width 235: "(although the problem might be that "
                RenderInline {CODE} at (0,0) size 79x13
                  RenderText {#text} at (234,34) size 79x13
                    text run at (234,34) width 79: "small-caps"
                RenderText {#text} at (312,32) size 754x32
                  text run at (312,32) width 230: " is not supported by your browser). "
                  text run at (541,32) width 213: "This is extra text included for the"
                  text run at (0,48) width 480: "purposes of making the paragraph long enough to have more than one line."
