layer at (0,0) size 785x924
  RenderView at (0,0) size 785x600
layer at (0,0) size 785x924
  RenderBlock {HTML} at (0,0) size 785x924
    RenderBody {BODY} at (8,8) size 769x908 [bgcolor=#CCCCCC]
      RenderBlock {P} at (0,0) size 769x16
        RenderInline (generated) at (0,0) size 10x16 [color=#800000]
          RenderTextFragment {#text} at (0,0) size 10x16
            text run at (0,0) width 10: "T"
        RenderTextFragment {#text} at (9,0) size 354x16
          text run at (9,0) width 354: "he style declarations which apply to the text below are:"
      RenderBlock {PRE} at (0,32) size 769x91
        RenderText {#text} at (0,0) size 359x91
          text run at (0,0) width 219: "P:first-line {color: green;}"
          text run at (218,0) width 1: " "
          text run at (0,13) width 242: "P:first-letter {color: maroon;}"
          text run at (241,13) width 1: " "
          text run at (0,26) width 266: ".two:first-line {font-size: 200%;}"
          text run at (265,26) width 1: " "
          text run at (0,39) width 281: ".two:first-letter {font-size: 350%;}"
          text run at (280,39) width 1: " "
          text run at (0,52) width 305: "P.three:first-letter {font-size: 350%;}"
          text run at (304,52) width 1: " "
          text run at (0,65) width 359: "P.three:first-line {font-variant: small-caps;}"
          text run at (358,65) width 1: " "
          text run at (0,78) width 0: " "
      RenderBlock {HR} at (0,136) size 769x2 [border: (1px inset #EEEEEE)]
      RenderBlock {P} at (0,154) size 769x48
        RenderInline (generated) at (0,0) size 10x16 [color=#800000]
          RenderTextFragment {#text} at (0,0) size 10x16
            text run at (0,0) width 10: "T"
        RenderTextFragment {#text} at (9,0) size 744x48
          text run at (9,0) width 735: "he first letter of this paragraph, and only that one, should be maroon (dark red), while the entire first line should be"
          text run at (0,16) width 44: "green. "
          text run at (43,16) width 525: "If this precise combination does not occur, then the user agent has failed this test. "
          text run at (567,16) width 170: "Remember that in order to"
          text run at (0,32) width 505: "ensure a complete test, the paragraph must be displayed on more than one line."
      RenderBlock {P} at (0,218) size 769x160
        RenderInline (generated) at (0,0) size 69x112 [color=#800000]
          RenderTextFragment {#text} at (0,0) size 69x112
            text run at (0,0) width 69: "T"
        RenderTextFragment {#text} at (68,60) size 766x100
          text run at (68,60) width 634: "he first letter of this paragraph, and only that one,"
          text run at (0,112) width 754: "should be 350% bigger than the rest of the first line of this paragraph and maroon (dark red), while the entire first line"
          text run at (0,128) width 304: "should be 200% bigger than normal and green. "
          text run at (303,128) width 463: "If this precise combination does not occur, then the user agent has failed"
          text run at (0,144) width 58: "this test. "
          text run at (57,144) width 678: "Remember that in order to ensure a complete test, the paragraph must be displayed on more than one line."
      RenderBlock {P} at (0,394) size 769x104
        RenderInline (generated) at (0,0) size 76x56 [color=#800000]
          RenderTextFragment {#text} at (0,0) size 76x56
            text run at (0,0) width 76: "\"W"
        RenderTextFragment {#text} at (75,30) size 766x74
          text run at (75,30) width 335: "e should check for quotation support,\" it was said. "
          text run at (409,30) width 357: "The first two characters in this paragraph-- a double-"
          text run at (0,56) width 696: "quote mark and a capital 'W'-- should be 350% bigger than the rest of the paragraph, and maroon (dark red). "
          text run at (695,56) width 60: "Note that"
          text run at (0,72) width 708: "the inclusion of both the quotation mark and the 'W' in the first-letter style is not required under CSS1, but it is"
          text run at (0,88) width 99: "recommended. "
          text run at (98,88) width 463: "In addition, the entire first line should be in a small-caps font and green."
      RenderTable {TABLE} at (0,514) size 769x394 [border: (1px outset #808080)]
        RenderTableSection {TBODY} at (1,1) size 767x392
          RenderTableRow {TR} at (0,0) size 767x24
            RenderTableCell {TD} at (0,0) size 767x24 [bgcolor=#C0C0C0] [border: (1px inset #808080)] [r=0 c=0 rs=1 cs=2]
              RenderInline {STRONG} at (0,0) size 163x16
                RenderText {#text} at (4,4) size 163x16
                  text run at (4,4) width 163: "TABLE Testing Section"
          RenderTableRow {TR} at (0,24) size 767x368
            RenderTableCell {TD} at (0,196) size 12x24 [bgcolor=#C0C0C0] [border: (1px inset #808080)] [r=1 c=0 rs=1 cs=1]
              RenderText {#text} at (4,4) size 4x16
                text run at (4,4) width 4: " "
            RenderTableCell {TD} at (12,24) size 755x368 [border: (1px inset #808080)] [r=1 c=1 rs=1 cs=1]
              RenderBlock {P} at (4,4) size 747x48
                RenderInline (generated) at (0,0) size 10x16 [color=#800000]
                  RenderTextFragment {#text} at (0,0) size 10x16
                    text run at (0,0) width 10: "T"
                RenderTextFragment {#text} at (9,0) size 744x48
                  text run at (9,0) width 735: "he first letter of this paragraph, and only that one, should be maroon (dark red), while the entire first line should be"
                  text run at (0,16) width 44: "green. "
                  text run at (43,16) width 525: "If this precise combination does not occur, then the user agent has failed this test. "
                  text run at (567,16) width 170: "Remember that in order to"
                  text run at (0,32) width 505: "ensure a complete test, the paragraph must be displayed on more than one line."
              RenderBlock {P} at (4,68) size 747x176
                RenderInline (generated) at (0,0) size 69x112 [color=#800000]
                  RenderTextFragment {#text} at (0,0) size 69x112
                    text run at (0,0) width 69: "T"
                RenderTextFragment {#text} at (68,60) size 742x116
                  text run at (68,60) width 634: "he first letter of this paragraph, and only that one,"
                  text run at (0,112) width 726: "should be 350% bigger than the rest of the first line of this paragraph and maroon (dark red), while the entire first"
                  text run at (0,128) width 332: "line should be 200% bigger than normal and green. "
                  text run at (331,128) width 398: "If this precise combination does not occur, then the user agent"
                  text run at (0,144) width 124: "has failed this test. "
                  text run at (123,144) width 619: "Remember that in order to ensure a complete test, the paragraph must be displayed on more than"
                  text run at (0,160) width 56: "one line."
              RenderBlock {P} at (4,260) size 747x104
                RenderInline (generated) at (0,0) size 76x56 [color=#800000]
                  RenderTextFragment {#text} at (0,0) size 76x56
                    text run at (0,0) width 76: "\"W"
                RenderTextFragment {#text} at (75,30) size 744x74
                  text run at (75,30) width 335: "e should check for quotation support,\" it was said. "
                  text run at (409,30) width 303: "The first two characters in this paragraph-- a"
                  text run at (0,56) width 741: "double-quote mark and a capital 'W'-- should be 350% bigger than the rest of the paragraph, and maroon (dark red)."
                  text run at (0,72) width 744: "Note that the inclusion of both the quotation mark and the 'W' in the first-letter style is not required under CSS1, but"
                  text run at (0,88) width 127: "it is recommended. "
                  text run at (126,88) width 462: "In addition, the entire first line should be in a small-caps font and green."
