layer at (0,0) size 800x600
  RenderView at (0,0) size 800x600
layer at (0,0) size 800x600
  RenderBlock {HTML} at (0,0) size 800x600
    RenderBody {BODY} at (8,8) size 784x576
      RenderBlock {UL} at (0,0) size 784x32
        RenderListItem {LI} at (40,0) size 744x32
          RenderListMarker at (-1,0) size 6x16: bullet
          RenderText {#text} at (12,0) size 272x16
            text run at (12,0) width 272: "This list item should have an inside bullet."
          RenderBR {BR} at (283,12) size 1x0
          RenderText {#text} at (0,16) size 252x16
            text run at (0,16) width 252: "This line should begin under the bullet."
