layer at (0,0) size 800x600
  RenderView at (0,0) size 800x600
layer at (0,0) size 800x259
  RenderBlock {HTML} at (0,0) size 800x258.88
    RenderBody {BODY} at (8,21.44) size 784x221.44
      RenderBlock {H1} at (0,0) size 784x32
        RenderText {#text} at (0,0) size 421x32
          text run at (0,0) width 421: "Shorthand border properties 2"
      RenderBlock {P} at (0,53.44) size 784x16
        RenderText {#text} at (0,0) size 511x16
          text run at (0,0) width 412: "This test was written to test a point I mentioned to Tantek \x{C7}elik "
          text run at (411,0) width 100: "on 2000-07-13."
      RenderBlock {P} at (0,85.44) size 784x22 [color=#008000] [border: (3px solid #008000)]
        RenderText {#text} at (3,3) size 278x16
          text run at (3,3) width 278: "This paragraph should have a green border."
      RenderBlock {P} at (0,123.44) size 784x22 [color=#008000] [border: (3px solid #008000)]
        RenderText {#text} at (3,3) size 278x16
          text run at (3,3) width 278: "This paragraph should have a green border."
      RenderBlock {P} at (0,161.44) size 784x22 [color=#008000] [border: (3px solid #008000)]
        RenderText {#text} at (3,3) size 278x16
          text run at (3,3) width 278: "This paragraph should have a green border."
      RenderBlock {P} at (0,199.44) size 784x22 [color=#008000] [border: (3px solid #008000)]
        RenderText {#text} at (3,3) size 278x16
          text run at (3,3) width 278: "This paragraph should have a green border."
