layer at (0,0) size 800x697
  RenderView at (0,0) size 800x600
layer at (0,0) size 800x697
  RenderBlock {HTML} at (0,0) size 800x696.88
    RenderBody {BODY} at (8,21.44) size 784x659.44
      RenderBlock {H1} at (0,0) size 784x32
        RenderText {#text} at (0,0) size 377x32
          text run at (0,0) width 377: "Shorthand border property"
      RenderBlock {P} at (0,53.44) size 784x22 [color=#008000] [bgcolor=#FFFFFF] [border: (3px solid #008000)]
        RenderText {#text} at (3,3) size 370x16
          text run at (3,3) width 370: "This paragraph should have a medium solid green border."
      RenderBlock {P} at (0,91.44) size 784x22 [color=#008000] [bgcolor=#FFFFFF] [border: (3px solid #008000)]
        RenderText {#text} at (3,3) size 370x16
          text run at (3,3) width 370: "This paragraph should have a medium solid green border."
      RenderBlock {P} at (0,129.44) size 784x16 [bgcolor=#FFFFFF]
        RenderText {#text} at (0,0) size 263x16
          text run at (0,0) width 263: "This paragraph should not have a border."
      RenderBlock {P} at (0,161.44) size 784x22 [bgcolor=#FFFFFF] [border: (3px solid #000000)]
        RenderText {#text} at (3,3) size 284x16
          text run at (3,3) width 284: "This paragraph should have a medium solid "
        RenderInline {EM} at (0,0) size 36x16
          RenderText {#text} at (286,3) size 36x16
            text run at (286,3) width 36: "black"
        RenderText {#text} at (321,3) size 51x16
          text run at (321,3) width 51: " border."
      RenderBlock {P} at (0,199.44) size 784x16 [bgcolor=#FFFFFF]
        RenderText {#text} at (0,0) size 263x16
          text run at (0,0) width 263: "This paragraph should not have a border."
      RenderBlock {P} at (0,231.44) size 784x16 [bgcolor=#FFFFFF]
        RenderText {#text} at (0,0) size 263x16
          text run at (0,0) width 263: "This paragraph should not have a border."
      RenderBlock {P} at (0,263.44) size 784x22 [bgcolor=#FFFFFF] [border: (3px solid #000000)]
        RenderText {#text} at (3,3) size 284x16
          text run at (3,3) width 284: "This paragraph should have a medium solid "
        RenderInline {EM} at (0,0) size 36x16
          RenderText {#text} at (286,3) size 36x16
            text run at (286,3) width 36: "black"
        RenderText {#text} at (321,3) size 51x16
          text run at (321,3) width 51: " border."
      RenderBlock {P} at (0,301.44) size 784x22 [bgcolor=#FFFFFF] [border: (3px solid #000000)]
        RenderText {#text} at (3,3) size 284x16
          text run at (3,3) width 284: "This paragraph should have a medium solid "
        RenderInline {EM} at (0,0) size 36x16
          RenderText {#text} at (286,3) size 36x16
            text run at (286,3) width 36: "black"
        RenderText {#text} at (321,3) size 51x16
          text run at (321,3) width 51: " border."
      RenderBlock {P} at (0,339.44) size 784x22 [bgcolor=#FFFFFF] [border: (3px solid #008000)]
        RenderText {#text} at (3,3) size 370x16
          text run at (3,3) width 370: "This paragraph should have a medium solid green border."
      RenderBlock {P} at (0,377.44) size 784x22 [bgcolor=#FFFFFF] [border: (3px solid #008000)]
        RenderText {#text} at (3,3) size 370x16
          text run at (3,3) width 370: "This paragraph should have a medium solid green border."
      RenderBlock {P} at (0,415.44) size 784x16 [bgcolor=#FFFFFF]
        RenderText {#text} at (0,0) size 263x16
          text run at (0,0) width 263: "This paragraph should not have a border."
      RenderBlock {P} at (0,447.44) size 784x22 [bgcolor=#FFFFFF] [border: (3px solid #008000)]
        RenderText {#text} at (3,3) size 370x16
          text run at (3,3) width 370: "This paragraph should have a medium solid green border."
      RenderBlock {P} at (0,485.44) size 784x22 [bgcolor=#FFFFFF] [border: (3px solid #008000)]
        RenderText {#text} at (3,3) size 370x16
          text run at (3,3) width 370: "This paragraph should have a medium solid green border."
      RenderBlock {P} at (0,523.44) size 784x22 [bgcolor=#FFFFFF] [border: (3px solid #008000)]
        RenderText {#text} at (3,3) size 370x16
          text run at (3,3) width 370: "This paragraph should have a medium solid green border."
      RenderBlock {P} at (0,561.44) size 784x22 [bgcolor=#FFFFFF] [border: (3px solid #008000)]
        RenderText {#text} at (3,3) size 370x16
          text run at (3,3) width 370: "This paragraph should have a medium solid green border."
      RenderBlock {P} at (0,599.44) size 784x22 [bgcolor=#FFFFFF] [border: (3px solid #008000)]
        RenderText {#text} at (3,3) size 370x16
          text run at (3,3) width 370: "This paragraph should have a medium solid green border."
      RenderBlock {P} at (0,637.44) size 784x22 [bgcolor=#FFFFFF] [border: (3px solid #008000)]
        RenderText {#text} at (3,3) size 370x16
          text run at (3,3) width 370: "This paragraph should have a medium solid green border."
