layer at (0,0) size 800x600
  RenderView at (0,0) size 800x600
layer at (0,0) size 800x32
  RenderBlock {book} at (0,0) size 800x32
    RenderBlock {xhtml:div} at (0,0) size 800x16
      RenderText {#text} at (0,0) size 687x16
        text run at (0,0) width 687: "This test checks whether CSS21 attribute selectors are re-evaluated after attribute changes in xml elements."
    RenderBlock {test} at (0,16) size 800x16 [color=#008000]
      RenderInline {<pseudo:before>} at (0,0) size 60x16
        RenderTextFragment at (0,0) size 60x16
          text run at (0,0) width 60: "PASSED"
