layer at (0,0) size 800x600
  RenderView at (0,0) size 800x600
layer at (0,0) size 800x182
  RenderBlock {HTML} at (0,0) size 800x181.88
    RenderBody {BODY} at (8,21.44) size 784x144.44
      RenderBlock {H1} at (0,0) size 784x32
        RenderText {#text} at (0,0) size 571x32
          text run at (0,0) width 571: "The background image should not repeat."
      RenderBlock {DIV} at (0,53.44) size 784x91
        RenderBlock {UL} at (0,0) size 784x91
          RenderListItem {LI} at (40,0) size 744x91 [border: (1px solid #FF0000)]
            RenderBlock {SPAN} at (1,1) size 304x89 [border: (2px solid #008000)]
              RenderListMarker at (-17,2) size 6x16: bullet
              RenderText {#text} at (2,2) size 4x16
                text run at (2,2) width 4: " "
