layer at (0,0) size 800x600
  RenderView at (0,0) size 800x600
layer at (0,0) size 800x64
  RenderBlock {HTML} at (0,0) size 800x64
    RenderBody {BODY} at (8,8) size 784x48
      RenderBlock {DIV} at (0,0) size 784x16
        RenderText {#text} at (0,0) size 688x16
          text run at (0,0) width 688: "[^=] attribute selector looking for empty string in empty attribute (the text should not have red background)"
      RenderBlock {DIV} at (0,16) size 784x16
        RenderText {#text} at (0,0) size 688x16
          text run at (0,0) width 688: "[$=] attribute selector looking for empty string in empty attribute (the text should not have red background)"
      RenderBlock {DIV} at (0,32) size 784x16
        RenderText {#text} at (0,0) size 688x16
          text run at (0,0) width 688: "[*=] attribute selector looking for empty string in empty attribute (the text should not have red background)"
