layer at (0,0) size 785x1134
  RenderView at (0,0) size 785x600
layer at (0,0) size 785x1134
  RenderBlock {HTML} at (0,0) size 785x1134.47
    RenderBody {BODY} at (8,16) size 769x1110.47
      RenderBlock {P} at (0,0) size 769x16
        RenderText {#text} at (0,0) size 165x16
          text run at (0,0) width 165: "div, span, nested div/span"
      RenderBlock {P} at (0,32) size 769x16
        RenderText {#text} at (0,0) size 66x16
          text run at (0,0) width 66: "Single div"
      RenderBlock {DIV} at (1.47,64) size 766.06x18 [border: (1px solid #000000)]
        RenderText {#text} at (742,1) size 24x16
          text run at (742,1) width 24 RTL override: "abc"
      RenderBlock {P} at (0,98) size 769x16
        RenderText {#text} at (0,0) size 419x16
          text run at (0,0) width 419: "The following 2 lines should be identical, ignorning whitespaces:"
      RenderBlock {DIV} at (1.47,130) size 766.06x34 [border: (1px solid #000000)]
        RenderBlock (anonymous) at (1,1) size 764.06x16
          RenderText {#text} at (741,0) size 24x16
            text run at (741,0) width 24 RTL override: "abc"
        RenderBlock {DIV} at (1,17) size 764.06x16
          RenderText {#text} at (741,0) size 24x16
            text run at (741,0) width 24: "cba"
      RenderBlock {P} at (0,180) size 769x16
        RenderText {#text} at (0,0) size 426x16
          text run at (0,0) width 426: "The following 2 textes should be identical, ignorning whitespaces:"
      RenderBlock {DIV} at (1.47,212) size 766.06x18 [border: (1px solid #000000)]
        RenderText {#text} at (738,1) size 28x16
          text run at (738,1) width 28 RTL override: "abc "
        RenderInline {SPAN} at (0,0) size 23x16
          RenderText {#text} at (716,1) size 23x16
            text run at (716,1) width 23 RTL override: "abc"
      RenderBlock {P} at (0,246) size 769x16
        RenderText {#text} at (0,0) size 419x16
          text run at (0,0) width 419: "The following 2 lines should be identical, ignorning whitespaces:"
      RenderBlock {DIV} at (1.47,278) size 766.06x34 [border: (1px solid #000000)]
        RenderBlock {DIV} at (1,1) size 764.06x16
          RenderText {#text} at (741,0) size 24x16
            text run at (741,0) width 24: "cba"
        RenderBlock (anonymous) at (1,17) size 764.06x16
          RenderText {#text} at (741,0) size 24x16
            text run at (741,0) width 24 RTL override: "abc"
      RenderBlock {P} at (0,328) size 769x16
        RenderText {#text} at (0,0) size 426x16
          text run at (0,0) width 426: "The following 2 textes should be identical, ignorning whitespaces:"
      RenderBlock {DIV} at (1.47,360) size 766.06x18 [border: (1px solid #000000)]
        RenderInline {SPAN} at (0,0) size 28x16
          RenderText {#text} at (738,1) size 28x16
            text run at (738,1) width 28 RTL override: "abc "
        RenderText {#text} at (716,1) size 23x16
          text run at (716,1) width 23 RTL override: "abc"
      RenderBlock {P} at (0,394) size 769x16
        RenderText {#text} at (0,0) size 75x16
          text run at (0,0) width 75: "Single span"
      RenderBlock (anonymous) at (0,426) size 769x16
        RenderInline {SPAN} at (0,0) size 25x18 [border: (1px solid #000000)]
          RenderText {#text} at (2,0) size 23x16
            text run at (2,0) width 23 RTL override: "abc"
        RenderText {#text} at (0,0) size 0x0
      RenderBlock {P} at (0,458) size 769x16
        RenderText {#text} at (0,0) size 426x16
          text run at (0,0) width 426: "The following 2 textes should be identical, ignorning whitespaces:"
      RenderBlock (anonymous) at (0,490) size 769x16
        RenderInline {SPAN} at (0,0) size 51x18 [border: (1px solid #000000)]
          RenderText {#text} at (24,0) size 27x16
            text run at (24,0) width 27 RTL override: "abc "
          RenderInline {SPAN} at (0,0) size 23x16
            RenderText {#text} at (2,0) size 23x16
              text run at (2,0) width 23 RTL override: "abc"
        RenderText {#text} at (0,0) size 0x0
      RenderBlock {P} at (0,522) size 769x16
        RenderText {#text} at (0,0) size 426x16
          text run at (0,0) width 426: "The following 2 textes should be identical, ignorning whitespaces:"
      RenderBlock (anonymous) at (0,554) size 769x16
        RenderInline {SPAN} at (0,0) size 51x18 [border: (1px solid #000000)]
          RenderInline {SPAN} at (0,0) size 27x16
            RenderText {#text} at (24,0) size 27x16
              text run at (24,0) width 27 RTL override: "abc "
          RenderText {#text} at (2,0) size 23x16
            text run at (2,0) width 23 RTL override: "abc"
        RenderText {#text} at (0,0) size 0x0
      RenderBlock {P} at (0,586) size 769x16
        RenderText {#text} at (0,0) size 426x16
          text run at (0,0) width 426: "The following 2 textes should be identical, ignorning whitespaces:"
      RenderBlock (anonymous) at (0,618) size 769x16
        RenderInline {SPAN} at (0,0) size 24x18 [border: (1px solid #000000)]
          RenderText {#text} at (0,0) size 23x16
            text run at (0,0) width 23 RTL override: "abc"
      RenderBlock (anonymous) at (0,634) size 769x16
        RenderBlock {DIV} at (0,0) size 769x16
          RenderText {#text} at (746,0) size 23x16
            text run at (746,0) width 23: "cba"
      RenderBlock (anonymous) at (0,650) size 769x16
        RenderInline {SPAN} at (0,0) size 2x18 [border: (1px solid #000000)]
        RenderText {#text} at (0,0) size 0x0
      RenderBlock {P} at (0,682) size 769x16
        RenderText {#text} at (0,0) size 426x16
          text run at (0,0) width 426: "The following 2 textes should be identical, ignorning whitespaces:"
      RenderBlock (anonymous) at (0,714) size 769x16
        RenderInline {SPAN} at (0,0) size 1x18 [border: (1px solid #000000)]
      RenderBlock (anonymous) at (0,730) size 769x16
        RenderBlock {DIV} at (0,0) size 769x16
          RenderText {#text} at (746,0) size 23x16
            text run at (746,0) width 23: "cba"
      RenderBlock (anonymous) at (0,746) size 769x16
        RenderInline {SPAN} at (0,0) size 24x18 [border: (1px solid #000000)]
          RenderText {#text} at (2,0) size 23x16
            text run at (2,0) width 23 RTL override: "abc"
        RenderText {#text} at (0,0) size 0x0
      RenderBlock {P} at (0,778) size 769x16
        RenderText {#text} at (0,0) size 30x16
          text run at (0,0) width 30: "ruby"
      RenderBlock {DIV} at (0,810) size 769x27 [border: (1px solid #000000)]
        RenderRuby (inline) {RUBY} at (0,0) size 23x16
          RenderRubyRun (anonymous) at (166.61,10) size 22.20x16
            RenderRubyText {RT} at (0,-9) size 22.20x9
              RenderText {#text} at (5,0) size 12x9
                text run at (5,0) width 12: "def"
            RenderRubyBase (anonymous) at (0,0) size 22.20x16
              RenderText {#text} at (0,0) size 24x16
                text run at (0,0) width 23 RTL override: "abc"
        RenderText {#text} at (161,10) size 5x16
          text run at (161,10) width 5 RTL: " "
        RenderRuby (inline) {RUBY} at (0,0) size 23x16
          RenderRubyRun (anonymous) at (137.47,10) size 22.20x16
            RenderRubyText {RT} at (0,-9) size 22.20x9
              RenderText {#text} at (5,0) size 12x9
                text run at (5,0) width 12 RTL override: "def"
            RenderRubyBase (anonymous) at (0,0) size 22.20x16
              RenderText {#text} at (0,0) size 24x16
                text run at (0,0) width 23 RTL override: "abc"
        RenderText {#text} at (132,10) size 4x16
          text run at (132,10) width 4 RTL: " "
        RenderRuby (inline) {RUBY} at (0,0) size 23x16
          RenderRubyRun (anonymous) at (108.33,10) size 22.20x16
            RenderRubyBase (anonymous) at (0,0) size 22.20x16
              RenderText {#text} at (0,0) size 24x16
                text run at (0,0) width 23 RTL override: "abc"
        RenderText {#text} at (102,10) size 5x16
          text run at (102,10) width 5 RTL: " "
        RenderRuby (inline) {RUBY} at (0,0) size 13x16
          RenderRubyRun (anonymous) at (89.89,24) size 11.50x0
            RenderRubyText {RT} at (0,-9) size 11.50x9
              RenderText {#text} at (0,0) size 13x9
                text run at (0,0) width 12: "def"
        RenderText {#text} at (84,10) size 5x16
          text run at (84,10) width 5 RTL: " "
        RenderRuby (inline) {RUBY} at (0,0) size 23x16
          RenderRubyRun (anonymous) at (60.75,10) size 22.20x16
            RenderRubyBase (anonymous) at (0,0) size 22.20x16
              RenderInline {RB} at (0,0) size 24x16
                RenderText {#text} at (0,0) size 24x16
                  text run at (0,0) width 23 RTL override: "abc"
        RenderText {#text} at (55,10) size 5x16
          text run at (55,10) width 5 RTL: " "
        RenderRuby (inline) {RUBY} at (0,0) size 23x16
          RenderRubyRun (anonymous) at (31.61,10) size 22.20x16
            RenderRubyText {RT} at (0,-9) size 22.20x9
              RenderText {#text} at (5,0) size 12x9
                text run at (5,0) width 12: "def"
            RenderRubyBase (anonymous) at (0,0) size 22.20x16
              RenderInline {RB} at (0,0) size 24x16
                RenderText {#text} at (0,0) size 24x16
                  text run at (0,0) width 23 RTL override: "abc"
        RenderText {#text} at (26,10) size 5x16
          text run at (26,10) width 5 RTL: " "
        RenderRuby (inline) {RUBY} at (0,0) size 23x16
          RenderRubyRun (anonymous) at (2.47,10) size 22.20x16
            RenderRubyText {RT} at (0,-9) size 22.20x9
              RenderText {#text} at (5,0) size 12x9
                text run at (5,0) width 12: "def"
            RenderRubyBase (anonymous) at (0,0) size 22.20x16
              RenderInline {RB} at (0,0) size 24x16
                RenderText {#text} at (0,0) size 24x16
                  text run at (0,0) width 23 RTL override: "abc"
        RenderText {#text} at (0,0) size 0x0
      RenderBlock {P} at (0,853) size 769x16
        RenderText {#text} at (0,0) size 426x16
          text run at (0,0) width 426: "The following 2 tables should be identical, ignorning whitespaces:"
      RenderTable {TABLE} at (1.47,885) size 85x60 [border: (1px solid #808080)]
        RenderBlock {CAPTION} at (0,0) size 85x16
          RenderText {#text} at (0,0) size 86x16
            text run at (0,0) width 85: "NormalTable"
        RenderTableSection {TBODY} at (1,17) size 83x42
          RenderTableRow {TR} at (0,2) size 83x18
            RenderTableCell {TD} at (44,2) size 37x18 [r=0 c=0 rs=1 cs=1]
              RenderText {#text} at (13,1) size 23x16
                text run at (13,1) width 23: "abc"
            RenderTableCell {TD} at (2,2) size 40x18 [r=0 c=1 rs=1 cs=1]
              RenderText {#text} at (18,1) size 21x16
                text run at (18,1) width 21: "def"
          RenderTableRow {TR} at (0,22) size 83x18
            RenderTableCell {TD} at (44,22) size 37x18 [r=1 c=0 rs=1 cs=1]
              RenderText {#text} at (19,1) size 17x16
                text run at (19,1) width 17: "hij"
            RenderTableCell {TD} at (2,22) size 40x18 [r=1 c=1 rs=1 cs=1]
              RenderText {#text} at (15,1) size 24x16
                text run at (15,1) width 24: "opq"
      RenderTable {DIV} at (1.47,946.47) size 144x50 [border: (1px solid #000000)]
        RenderBlock {DIV} at (0,0) size 144x16
          RenderText {#text} at (0,0) size 145x16
            text run at (0,0) width 144: "AnonymousTableRow"
        RenderTableSection (anonymous) at (1,17) size 142x32
          RenderTableRow {DIV} at (0,0) size 142x16
            RenderTableCell {DIV} at (73,0) size 69x16 [r=0 c=0 rs=1 cs=1]
              RenderText {#text} at (46,0) size 23x16
                text run at (46,0) width 23: "abc"
            RenderTableCell {DIV} at (0,0) size 73x16 [r=0 c=1 rs=1 cs=1]
              RenderText {#text} at (52,0) size 21x16
                text run at (52,0) width 21: "def"
          RenderTableRow {DIV} at (0,16) size 142x16
            RenderTableCell {DIV} at (73,16) size 69x16 [r=1 c=0 rs=1 cs=1]
              RenderText {#text} at (52,0) size 17x16
                text run at (52,0) width 17: "hij"
            RenderTableCell {DIV} at (0,16) size 73x16 [r=1 c=1 rs=1 cs=1]
              RenderText {#text} at (49,0) size 24x16
                text run at (49,0) width 24: "opq"
      RenderBlock {P} at (0,1012.47) size 769x16
        RenderText {#text} at (0,0) size 514x16
          text run at (0,0) width 514: "Anonymous TABLE, TABLE_ROW, TABLE_ROW_GROUP, TABLE_CELL"
      RenderBlock {DIV} at (0,1044.47) size 769x66 [border: (1px solid #000000)]
        RenderTable at (1,1) size 24x64
          RenderTableSection (anonymous) at (0,16) size 24x32
            RenderTableRow {DIV} at (0,0) size 24x16
              RenderTableCell (anonymous) at (0,0) size 24x16 [r=0 c=0 rs=1 cs=1]
                RenderText {#text} at (1,0) size 23x16
                  text run at (1,0) width 23 RTL override: "abc"
            RenderTableRow (anonymous) at (0,16) size 24x16
              RenderTableCell {DIV} at (0,16) size 24x16 [r=1 c=0 rs=1 cs=1]
                RenderText {#text} at (3,0) size 21x16
                  text run at (3,0) width 21 RTL override: "def"
          RenderBlock {DIV} at (0,0) size 24x16
            RenderText {#text} at (7,0) size 17x16
              text run at (7,0) width 17 RTL override: "hij"
          RenderTableSection {DIV} at (0,48) size 24x16
            RenderTableRow (anonymous) at (0,0) size 24x16
              RenderTableCell (anonymous) at (0,0) size 24x16 [r=0 c=0 rs=1 cs=1]
                RenderText {#text} at (0,0) size 24x16
                  text run at (0,0) width 24 RTL override: "opq"
