layer at (0,0) size 800x600
  RenderView at (0,0) size 800x600
layer at (0,0) size 800x600
  RenderBlock {HTML} at (0,0) size 800x600
    RenderBody {BODY} at (8,8) size 784x584
      RenderBlock {P} at (0,0) size 784x16
        RenderText {#text} at (0,0) size 133x16
          text run at (0,0) width 133: "These should match:"
      RenderBlock (floating) {DIV} at (0,32) size 100x100 [bgcolor=#560063]
      RenderBlock (anonymous) at (0,32) size 784x104
        RenderImage {IMG} at (100,0) size 100x100
        RenderText {#text} at (200,88) size 4x16
          text run at (200,88) width 4: " "
        RenderBR {BR} at (0,0) size 0x0
      RenderBlock {P} at (0,152) size 784x16
        RenderText {#text} at (0,0) size 243x16
          text run at (0,0) width 243: "These should not match (at this time):"
      RenderBlock (floating) {DIV} at (0,184) size 100x100 [bgcolor=#560063]
      RenderBlock (anonymous) at (0,184) size 784x100
        RenderImage {IMG} at (100,0) size 100x100
        RenderText {#text} at (0,0) size 0x0
