layer at (0,0) size 800x600
  RenderView at (0,0) size 800x600
layer at (0,0) size 800x600
  RenderBlock {HTML} at (0,0) size 800x600
    RenderBody {BODY} at (8,8) size 784x584
      RenderBlock {P} at (0,0) size 784x32
        RenderText {#text} at (0,0) size 759x32
          text run at (0,0) width 759: "This is subtle, but the shadow should match the color of the top H and not the color of the bottom H. The top H and its"
          text run at (0,16) width 289: "shadow are both color-corrected from sRGB."
      RenderBlock (anonymous) at (0,48) size 784x200
        RenderInline {SPAN} at (0,0) size 78x100 [color=#560063]
          RenderText {#text} at (0,0) size 78x100
            text run at (0,0) width 78: "H"
        RenderText {#text} at (77,63) size 5x16
          text run at (77,63) width 5: " "
        RenderBR {BR} at (81,75) size 1x0
        RenderInline {SPAN} at (0,0) size 78x100 [color=#560063]
          RenderText {#text} at (0,100) size 78x100
            text run at (0,100) width 78: "H"
        RenderText {#text} at (0,0) size 0x0
