layer at (0,0) size 800x600
  RenderView at (0,0) size 800x600
layer at (0,0) size 800x600
  RenderBlock {HTML} at (0,0) size 800x600
    RenderBody {BODY} at (8,8) size 784x584
      RenderBlock {P} at (0,0) size 784x16
        RenderText {#text} at (0,0) size 632x16
          text run at (0,0) width 632: "The distinction below is subtle, but the middle \"H\" is color-corrected, and the first and last are not."
      RenderBlock (anonymous) at (0,32) size 784x151
        RenderInline {SPAN} at (0,0) size 117x151 [color=#008000]
          RenderText {#text} at (0,0) size 117x151
            text run at (0,0) width 117: "H"
        RenderText {#text} at (116,101) size 5x16
          text run at (116,101) width 5: " "
        RenderInline {SPAN} at (0,0) size 118x151 [color=#008000]
          RenderText {#text} at (120,0) size 118x151
            text run at (120,0) width 118: "H"
        RenderText {#text} at (237,101) size 5x16
          text run at (237,101) width 5: " "
        RenderInline {SPAN} at (0,0) size 118x151 [color=#008000]
          RenderText {#text} at (241,0) size 118x151
            text run at (241,0) width 118: "H"
        RenderText {#text} at (0,0) size 0x0
