layer at (0,0) size 800x600
  RenderView at (0,0) size 800x600
layer at (0,0) size 800x216
  RenderBlock {HTML} at (0,0) size 800x216
    RenderBody {BODY} at (8,8) size 784x192
      RenderBlock {DIV} at (0,0) size 784x96
        RenderBlock {DIV} at (0,0) size 784x16
          RenderInline {<pseudo:before>} at (0,0) size 39x16
            RenderTextFragment at (0,0) size 39x16
              text run at (0,0) width 39: "PASS"
        RenderBlock {DIV} at (0,16) size 784x16
          RenderInline {<pseudo:before>} at (0,0) size 39x16
            RenderTextFragment at (0,0) size 39x16
              text run at (0,0) width 39: "PASS"
        RenderBlock {DIV} at (0,32) size 784x16
          RenderInline {<pseudo:before>} at (0,0) size 39x16
            RenderTextFragment at (0,0) size 39x16
              text run at (0,0) width 39: "PASS"
        RenderBlock {DIV} at (0,48) size 784x16
          RenderInline {<pseudo:before>} at (0,0) size 39x16
            RenderTextFragment at (0,0) size 39x16
              text run at (0,0) width 39: "PASS"
        RenderBlock {DIV} at (0,64) size 784x16
          RenderInline {<pseudo:before>} at (0,0) size 39x16
            RenderTextFragment at (0,0) size 39x16
              text run at (0,0) width 39: "PASS"
        RenderBlock {DIV} at (0,80) size 784x16
          RenderInline {<pseudo:before>} at (0,0) size 39x16
            RenderTextFragment at (0,0) size 39x16
              text run at (0,0) width 39: "PASS"
      RenderBlock {DIV} at (0,112) size 784x80
        RenderBlock {P} at (0,0) size 784x16
          RenderInline {A} at (0,0) size 683x16 [color=#0000EE]
            RenderText {#text} at (0,0) size 683x16
              text run at (0,0) width 683: "Bug 23741: StyleRareNonInheritedData::operator==() should not compare ContentData objects by pointer"
        RenderBlock {OL} at (0,32) size 784x48
          RenderListItem {LI} at (40,0) size 744x16
            RenderListMarker at (-20,0) size 16x16: "1"
            RenderText {#text} at (0,0) size 350x16
              text run at (0,0) width 350: "All lines above should be \"PASS\" on initial page load."
          RenderListItem {LI} at (40,16) size 744x16
            RenderListMarker at (-20,0) size 16x16: "2"
            RenderText {#text} at (0,0) size 142x16
              text run at (0,0) width 142: "Reload the page once."
          RenderListItem {LI} at (40,32) size 744x16
            RenderListMarker at (-20,0) size 16x16: "3"
            RenderText {#text} at (0,0) size 250x16
              text run at (0,0) width 250: "All lines above should still be \"PASS\"."
