layer at (0,0) size 800x600
  RenderView at (0,0) size 800x600
layer at (0,0) size 800x112
  RenderBlock {html} at (0,0) size 800x112
    RenderBody {body} at (8,16) size 784x80
      RenderBlock {p} at (0,0) size 784x16
        RenderText {#text} at (0,0) size 775x16
          text run at (0,0) width 775: "Below both lines should be centered. The first is static, the second is dynamically generated using javascript. Bug 14506."
      RenderBlock {p} at (0,32) size 784x16
        RenderText {#text} at (330,0) size 124x16
          text run at (330,0) width 124: "Should be centered"
      RenderBlock {p} at (0,64) size 784x16
        RenderText {#text} at (330,0) size 124x16
          text run at (330,0) width 124: "Should be centered"
