layer at (0,0) size 800x600
  RenderView at (0,0) size 800x600
layer at (0,0) size 800x0
  RenderBlock {HTML} at (0,0) size 800x0
layer at (158,8) size 634x466
  RenderBody {BODY} at (158,8) size 634x466.33
    RenderBlock {H3} at (0,18.72) size 634x38
      RenderText {#text} at (0,0) size 202x19
        text run at (0,0) width 202: "Test for chromium bug : "
      RenderInline {A} at (0,0) size 47x19 [color=#0000EE]
        RenderText {#text} at (201,0) size 47x19
          text run at (201,0) width 47: "31286"
      RenderText {#text} at (247,0) size 627x38
        text run at (247,0) width 380: ". css rendering bug : fixed-position-element and"
        text run at (0,19) width 42: "'left'."
    RenderBlock {H4} at (0,77.98) size 634x32
      RenderText {#text} at (0,0) size 623x32
        text run at (0,0) width 623: "If fixed position inline element does not have left and/or right position then it should render"
        text run at (0,16) width 106: "as normal flow."
    RenderBlock {H5} at (0,132.16) size 634x312
      RenderBlock (anonymous) at (0,0) size 634x13
        RenderText {#text} at (0,0) size 340x13
          text run at (0,0) width 340: "Case 1 : fixed text box should be just after relative text box. "
        RenderBR {BR} at (339,0) size 1x13
      RenderBlock (anonymous) at (0,26) size 634x13
        RenderText {#text} at (0,0) size 349x13
          text run at (0,0) width 349: "Case 2 : fixed text box should be just before relative text box. "
        RenderBR {BR} at (348,0) size 1x13
      RenderBlock (anonymous) at (0,52) size 634x13
        RenderText {#text} at (0,0) size 340x13
          text run at (0,0) width 340: "Case 3 : fixed text box should be just after relative text box. "
        RenderBR {BR} at (339,0) size 1x13
      RenderBlock (anonymous) at (0,78) size 634x13
        RenderText {#text} at (0,0) size 349x13
          text run at (0,0) width 349: "Case 4 : fixed text box should be just before relative text box. "
        RenderBR {BR} at (348,0) size 1x13
      RenderBlock (anonymous) at (0,104) size 634x13
        RenderText {#text} at (0,0) size 346x13
          text run at (0,0) width 346: "Case 5 : fixed text box should be just after relative2 text box. "
        RenderBR {BR} at (345,0) size 1x13
      RenderBlock (anonymous) at (0,130) size 634x13
        RenderText {#text} at (0,0) size 625x13
          text run at (0,0) width 625: "Case 6 : fixed text box should be after relative text box in some distance and before relative2 in some distance. "
        RenderBR {BR} at (624,0) size 1x13
      RenderBlock (anonymous) at (0,156) size 634x13
        RenderText {#text} at (0,0) size 346x13
          text run at (0,0) width 346: "Case 7 : fixed text box should be just after relative2 text box. "
        RenderBR {BR} at (345,0) size 1x13
      RenderBlock (anonymous) at (0,182) size 634x13
        RenderText {#text} at (0,0) size 427x13
          text run at (0,0) width 427: "Case 8 : fixed text box should be before relative2 text box in some distance. "
        RenderBR {BR} at (426,0) size 1x13
      RenderBlock (anonymous) at (0,208) size 634x13
        RenderText {#text} at (0,0) size 346x13
          text run at (0,0) width 346: "Case 9 : fixed text box should be just after relative2 text box. "
        RenderBR {BR} at (345,0) size 1x13
      RenderBlock (anonymous) at (0,234) size 634x13
        RenderText {#text} at (0,0) size 631x13
          text run at (0,0) width 631: "Case 10 : fixed text box should be after relative text box in some distance and before relative2 in some distance. "
        RenderBR {BR} at (630,0) size 1x13
      RenderBlock (anonymous) at (0,260) size 634x13
        RenderText {#text} at (0,0) size 353x13
          text run at (0,0) width 353: "Case 11 : fixed text box should be just after relative2 text box. "
        RenderBR {BR} at (352,0) size 1x13
      RenderBlock (anonymous) at (0,286) size 634x13
        RenderText {#text} at (0,0) size 434x13
          text run at (0,0) width 434: "Case 12 : fixed text box should be before relative2 text box in some distance. "
        RenderBR {BR} at (433,0) size 1x13
layer at (258,153) size 400x13
  RenderBlock (relative positioned) {DIV} at (0,13) size 400x13 [bgcolor=#008000]
    RenderText {#text} at (0,0) size 43x13
      text run at (0,0) width 43: "relative"
    RenderText {#text} at (0,0) size 0x0
layer at (301,153) size 28x13
  RenderBlock (positioned) {SPAN} at (300.77,153.16) size 28.05x13 [bgcolor=#FF0000]
    RenderText {#text} at (0,0) size 29x13
      text run at (0,0) width 29: "fixed"
layer at (258,179) size 400x13
  RenderBlock (relative positioned) {DIV} at (0,39) size 400x13 [bgcolor=#008000]
    RenderText {#text} at (357,0) size 43x13
      text run at (357,0) width 43: "relative"
    RenderText {#text} at (0,0) size 0x0
layer at (587,179) size 28x13
  RenderBlock (positioned) {SPAN} at (587.19,179.16) size 28.05x13 [bgcolor=#FF0000]
    RenderText {#text} at (0,0) size 29x13
      text run at (0,0) width 29: "fixed"
layer at (58,205) size 400x13
  RenderBlock (relative positioned) {DIV} at (0,65) size 400x13 [bgcolor=#008000]
    RenderText {#text} at (0,0) size 43x13
      text run at (0,0) width 43: "relative"
    RenderText {#text} at (0,0) size 0x0
layer at (101,205) size 28x13
  RenderBlock (positioned) {SPAN} at (100.77,205.16) size 28.05x13 [bgcolor=#FF0000]
    RenderText {#text} at (0,0) size 29x13
      text run at (0,0) width 29: "fixed"
layer at (58,231) size 400x13
  RenderBlock (relative positioned) {DIV} at (0,91) size 400x13 [bgcolor=#008000]
    RenderText {#text} at (357,0) size 43x13
      text run at (357,0) width 43: "relative"
    RenderText {#text} at (0,0) size 0x0
layer at (387,231) size 28x13
  RenderBlock (positioned) {SPAN} at (387.19,231.16) size 28.05x13 [bgcolor=#FF0000]
    RenderText {#text} at (0,0) size 29x13
      text run at (0,0) width 29: "fixed"
layer at (258,257) size 400x13
  RenderBlock (relative positioned) {DIV} at (0,117) size 400x13 [bgcolor=#808080]
    RenderText {#text} at (0,0) size 47x13
      text run at (0,0) width 47: "relative "
    RenderText {#text} at (0,0) size 0x0
layer at (358,257) size 50x13
  RenderInline (relative positioned) {SPAN} at (0,0) size 50x13 [bgcolor=#008000]
    RenderText {#text} at (46,0) size 50x13
      text run at (46,0) width 50: "relative2"
layer at (453,257) size 29x13
  RenderBlock (positioned) {SPAN} at (453.48,257.16) size 28.05x13 [bgcolor=#FF0000]
    RenderText {#text} at (0,0) size 29x13
      text run at (0,0) width 29: "fixed"
layer at (258,283) size 400x13
  RenderBlock (relative positioned) {DIV} at (0,143) size 400x13 [bgcolor=#808080]
    RenderText {#text} at (304,0) size 47x13
      text run at (304,0) width 47: "relative "
    RenderText {#text} at (0,0) size 0x0
layer at (358,283) size 96x13
  RenderInline (relative positioned) {SPAN} at (0,0) size 96x13 [bgcolor=#008000]
    RenderText {#text} at (350,0) size 50x13
      text run at (350,0) width 50: "relative2"
layer at (634,283) size 29x13
  RenderBlock (positioned) {SPAN} at (634.47,283.16) size 28.05x13 [bgcolor=#FF0000]
    RenderText {#text} at (0,0) size 29x13
      text run at (0,0) width 29: "fixed"
layer at (258,309) size 400x13
  RenderBlock (relative positioned) {DIV} at (0,169) size 400x13 [bgcolor=#808080]
    RenderText {#text} at (0,0) size 47x13
      text run at (0,0) width 47: "relative "
    RenderText {#text} at (0,0) size 0x0
layer at (158,309) size 50x13
  RenderInline (relative positioned) {SPAN} at (0,0) size 50x13 [bgcolor=#008000]
    RenderText {#text} at (46,0) size 50x13
      text run at (46,0) width 50: "relative2"
layer at (253,309) size 29x13
  RenderBlock (positioned) {SPAN} at (253.48,309.16) size 28.05x13 [bgcolor=#FF0000]
    RenderText {#text} at (0,0) size 29x13
      text run at (0,0) width 29: "fixed"
layer at (258,335) size 400x13
  RenderBlock (relative positioned) {DIV} at (0,195) size 400x13 [bgcolor=#808080]
    RenderText {#text} at (304,0) size 47x13
      text run at (304,0) width 47: "relative "
    RenderText {#text} at (0,0) size 0x0
layer at (158,335) size 96x13
  RenderInline (relative positioned) {SPAN} at (0,0) size 96x13 [bgcolor=#008000]
    RenderText {#text} at (350,0) size 50x13
      text run at (350,0) width 50: "relative2"
layer at (434,335) size 29x13
  RenderBlock (positioned) {SPAN} at (434.47,335.16) size 28.05x13 [bgcolor=#FF0000]
    RenderText {#text} at (0,0) size 29x13
      text run at (0,0) width 29: "fixed"
layer at (58,361) size 400x13
  RenderBlock (relative positioned) {DIV} at (0,221) size 400x13 [bgcolor=#808080]
    RenderText {#text} at (0,0) size 47x13
      text run at (0,0) width 47: "relative "
    RenderText {#text} at (0,0) size 0x0
layer at (158,361) size 50x13
  RenderInline (relative positioned) {SPAN} at (0,0) size 50x13 [bgcolor=#008000]
    RenderText {#text} at (46,0) size 50x13
      text run at (46,0) width 50: "relative2"
layer at (253,361) size 29x13
  RenderBlock (positioned) {SPAN} at (253.48,361.16) size 28.05x13 [bgcolor=#FF0000]
    RenderText {#text} at (0,0) size 29x13
      text run at (0,0) width 29: "fixed"
layer at (58,387) size 400x13
  RenderBlock (relative positioned) {DIV} at (0,247) size 400x13 [bgcolor=#808080]
    RenderText {#text} at (304,0) size 47x13
      text run at (304,0) width 47: "relative "
    RenderText {#text} at (0,0) size 0x0
layer at (158,387) size 96x13
  RenderInline (relative positioned) {SPAN} at (0,0) size 96x13 [bgcolor=#008000]
    RenderText {#text} at (350,0) size 50x13
      text run at (350,0) width 50: "relative2"
layer at (434,387) size 29x13
  RenderBlock (positioned) {SPAN} at (434.47,387.16) size 28.05x13 [bgcolor=#FF0000]
    RenderText {#text} at (0,0) size 29x13
      text run at (0,0) width 29: "fixed"
layer at (58,413) size 400x13
  RenderBlock (relative positioned) {DIV} at (0,273) size 400x13 [bgcolor=#808080]
    RenderText {#text} at (0,0) size 47x13
      text run at (0,0) width 47: "relative "
    RenderText {#text} at (0,0) size 0x0
layer at (-42,413) size 50x13 backgroundClip at (0,0) size 800x600 clip at (0,0) size 800x600 outlineClip at (0,0) size 800x600
  RenderInline (relative positioned) {SPAN} at (0,0) size 50x13 [bgcolor=#008000]
    RenderText {#text} at (46,0) size 50x13
      text run at (46,0) width 50: "relative2"
layer at (53,413) size 29x13
  RenderBlock (positioned) {SPAN} at (53.48,413.16) size 28.05x13 [bgcolor=#FF0000]
    RenderText {#text} at (0,0) size 29x13
      text run at (0,0) width 29: "fixed"
layer at (58,439) size 400x13
  RenderBlock (relative positioned) {DIV} at (0,299) size 400x13 [bgcolor=#808080]
    RenderText {#text} at (304,0) size 47x13
      text run at (304,0) width 47: "relative "
    RenderText {#text} at (0,0) size 0x0
layer at (-42,439) size 96x13 backgroundClip at (0,0) size 800x600 clip at (0,0) size 800x600 outlineClip at (0,0) size 800x600
  RenderInline (relative positioned) {SPAN} at (0,0) size 96x13 [bgcolor=#008000]
    RenderText {#text} at (350,0) size 50x13
      text run at (350,0) width 50: "relative2"
layer at (234,439) size 29x13
  RenderBlock (positioned) {SPAN} at (234.47,439.16) size 28.05x13 [bgcolor=#FF0000]
    RenderText {#text} at (0,0) size 29x13
      text run at (0,0) width 29: "fixed"
