layer at (0,0) size 800x600
  RenderView at (0,0) size 800x600
layer at (0,0) size 800x600
  RenderBlock {HTML} at (0,0) size 800x600
    RenderBody {BODY} at (8,8) size 784x584
      RenderBlock {DIV} at (0,0) size 784x16 [color=#008000] [bgcolor=#FFFF00]
        RenderText {#text} at (0,0) size 111x16
          text run at (0,0) width 111: "Green on Yellow"
      RenderBlock {DIV} at (0,16) size 784x16 [color=#0000FF] [bgcolor=#C0C0C0]
        RenderText {#text} at (0,0) size 93x16
          text run at (0,0) width 93: "Blue on Silver"
      RenderBlock {DIV} at (0,32) size 784x16 [color=#008000]
        RenderText {#text} at (0,0) size 40x16
          text run at (0,0) width 40: "Green"
      RenderBlock {DIV} at (0,48) size 784x16 [color=#0000FF]
        RenderText {#text} at (0,0) size 31x16
          text run at (0,0) width 31: "Blue"
      RenderBlock {DIV} at (0,64) size 784x16 [color=#008000]
        RenderText {#text} at (0,0) size 40x16
          text run at (0,0) width 40: "Green"
      RenderBlock {DIV} at (0,80) size 784x16 [color=#0000FF]
        RenderText {#text} at (0,0) size 31x16
          text run at (0,0) width 31: "Blue"
