layer at (0,0) size 800x600
  RenderView at (0,0) size 800x600
layer at (0,0) size 800x32
  RenderBlock {HTML} at (0,0) size 800x32
    RenderBody {BODY} at (8,8) size 784x16
      RenderText {#text} at (0,0) size 217x16
        text run at (0,0) width 217: "This page intentionally left blank."
      RenderInline {<pseudo:after>} at (0,0) size 0x0
        RenderTextFragment at (0,0) size 0x0
    RenderBlock (anonymous) at (0,32) size 800x0
      RenderInline {<pseudo:after>} at (0,0) size 0x0
        RenderTextFragment at (0,0) size 0x0
