layer at (0,0) size 800x600
  RenderView at (0,0) size 800x600
layer at (0,0) size 800x600
  RenderBlock {HTML} at (0,0) size 800x600
    RenderBody {BODY} at (8,8) size 784x584
      RenderBlock {P} at (0,0) size 784x32
        RenderText {#text} at (0,0) size 55x16
          text run at (0,0) width 55: "Test for "
        RenderInline {I} at (0,0) size 734x32
          RenderInline {A} at (0,0) size 354x16 [color=#0000EE]
            RenderText {#text} at (54,0) size 354x16
              text run at (54,0) width 354: "http://bugzilla.opendarwin.org/show_bug.cgi?id=9124"
          RenderText {#text} at (407,0) size 734x32
            text run at (407,0) width 5: " "
            text run at (411,0) width 323: "Drop shadow obscures \"add more stuff\" bubble at"
            text run at (0,16) width 54: "live.com"
        RenderText {#text} at (53,16) size 5x16
          text run at (53,16) width 5: "."
      RenderBlock {HR} at (0,48) size 784x2 [border: (1px inset #EEEEEE)]
layer at (8,66) size 100x100
  RenderBlock (positioned) {DIV} at (0,0) size 100x100 [bgcolor=#FF0000]
layer at (8,66) size 100x100
  RenderBlock (positioned) {DIV} at (0,0) size 100x100 [bgcolor=#008000]
