layer at (0,0) size 785x2816
  RenderView at (0,0) size 785x600
layer at (0,0) size 785x2816
  RenderBlock {HTML} at (0,0) size 785x2816
    RenderBody {BODY} at (8,16) size 769x2752 [bgcolor=#FFFFFF]
      RenderBlock {P} at (0,0) size 769x18
        RenderText {#text} at (0,0) size 168x17
          text run at (0,0) width 168: "This page is part of the "
        RenderInline {A} at (0,0) size 73x17 [color=#0000EE]
          RenderText {#text} at (167,0) size 73x17
            text run at (167,0) width 73: "CSS3.info"
        RenderText {#text} at (239,0) size 5x17
          text run at (239,0) width 5: " "
        RenderInline {A} at (0,0) size 133x17 [color=#0000EE]
          RenderText {#text} at (243,0) size 133x17
            text run at (243,0) width 133: "CSS selectors test"
        RenderText {#text} at (375,0) size 136x17
          text run at (375,0) width 136: ". See more info on "
        RenderInline {A} at (0,0) size 111x17 [color=#0000EE]
          RenderText {#text} at (510,0) size 111x17
            text run at (510,0) width 111: "CSS3 selectors"
        RenderText {#text} at (620,0) size 6x17
          text run at (620,0) width 6: "."
      RenderBlock {DIV} at (0,34) size 769x0 [bgcolor=#009900]
      RenderBlock {OL} at (0,34) size 769x2718
        RenderListItem {LI} at (40,0) size 615.19x207 [bgcolor=#AAAAAA]
          RenderBlock {DIV} at (16,16) size 583.19x24 [bgcolor=#990000]
            RenderBlock {DIV} at (0,0) size 583.19x24 [bgcolor=#009900]
          RenderBlock {PRE} at (16,53) size 583.19x70 [bgcolor=#FFFFFF]
            RenderListMarker at (-37.78,6.50) size 17.78x17: "1"
            RenderText {#text} at (6,10) size 274x54
              text run at (6,10) width 149: "div:first-of-type {"
              text run at (154,10) width 1: " "
              text run at (6,25) width 9: "}"
              text run at (14,25) width 1: " "
              text run at (6,38) width 1: " "
              text run at (6,51) width 274: "<div>Does this element match?</div>"
          RenderBlock {P} at (16,139) size 583.19x36
            RenderText {#text} at (0,0) size 555x35
              text run at (0,0) width 555: "The CSS selector should match the marked div element, because it is the only"
              text run at (0,18) width 139: "element of this type"
        RenderListItem {LI} at (40,255) size 615.19x220 [bgcolor=#AAAAAA]
          RenderBlock {DIV} at (16,16) size 583.19x24 [bgcolor=#990000]
            RenderBlock {DIV} at (0,0) size 583.19x24 [bgcolor=#009900]
            RenderBlock {DIV} at (0,24) size 583.19x0
          RenderBlock {PRE} at (16,53) size 583.19x83 [bgcolor=#FFFFFF]
            RenderListMarker at (-37.78,6.50) size 17.78x17: "2"
            RenderText {#text} at (6,10) size 274x67
              text run at (6,10) width 149: "div:first-of-type {"
              text run at (154,10) width 1: " "
              text run at (6,25) width 9: "}"
              text run at (14,25) width 1: " "
              text run at (6,38) width 1: " "
              text run at (6,51) width 274: "<div>Does this element match?</div>"
              text run at (279,51) width 1: " "
              text run at (6,64) width 87: "<div></div>"
          RenderBlock {P} at (16,152) size 583.19x36
            RenderText {#text} at (0,0) size 551x35
              text run at (0,0) width 551: "The CSS selector should match the marked div element, because it is the first"
              text run at (0,18) width 139: "element of this type"
        RenderListItem {LI} at (40,523) size 615.19x220 [bgcolor=#AAAAAA]
          RenderBlock {DIV} at (16,16) size 583.19x24 [bgcolor=#990000]
            RenderBlock {BLOCKQUOTE} at (0,0) size 583.19x0 [bgcolor=#009900]
            RenderBlock {DIV} at (0,0) size 583.19x24 [bgcolor=#009900]
          RenderBlock {PRE} at (16,53) size 583.19x83 [bgcolor=#FFFFFF]
            RenderListMarker at (-37.78,6.50) size 17.78x17: "3"
            RenderText {#text} at (6,10) size 274x67
              text run at (6,10) width 149: "div:first-of-type {"
              text run at (154,10) width 1: " "
              text run at (6,25) width 9: "}"
              text run at (14,25) width 1: " "
              text run at (6,38) width 1: " "
              text run at (6,51) width 196: "<blockquote></blockquote>"
              text run at (201,51) width 1: " "
              text run at (6,64) width 274: "<div>Does this element match?</div>"
          RenderBlock {P} at (16,152) size 583.19x36
            RenderText {#text} at (0,0) size 551x35
              text run at (0,0) width 551: "The CSS selector should match the marked div element, because it is the first"
              text run at (0,18) width 139: "element of this type"
        RenderListItem {LI} at (40,791) size 615.19x246 [bgcolor=#AAAAAA]
          RenderBlock {DIV} at (16,16) size 583.19x24 [bgcolor=#990000]
            RenderBlock {DIV} at (0,0) size 583.19x0 [bgcolor=#009900]
            RenderBlock {BLOCKQUOTE} at (0,0) size 583.19x24 [bgcolor=#009900]
              RenderBlock {DIV} at (0,0) size 583.19x24
          RenderBlock {PRE} at (16,53) size 583.19x109 [bgcolor=#FFFFFF]
            RenderListMarker at (-37.78,6.50) size 17.78x17: "4"
            RenderText {#text} at (6,10) size 297x93
              text run at (6,10) width 149: "div:first-of-type {"
              text run at (154,10) width 1: " "
              text run at (6,25) width 9: "}"
              text run at (14,25) width 1: " "
              text run at (6,38) width 1: " "
              text run at (6,51) width 87: "<div></div>"
              text run at (92,51) width 1: " "
              text run at (6,64) width 95: "<blockquote>"
              text run at (100,64) width 1: " "
              text run at (6,77) width 297: "   <div>Does this element match?</div>"
              text run at (302,77) width 1: " "
              text run at (6,90) width 102: "</blockquote>"
          RenderBlock {P} at (16,178) size 583.19x36
            RenderText {#text} at (0,0) size 551x35
              text run at (0,0) width 551: "The CSS selector should match the marked div element, because it is the first"
              text run at (0,18) width 233: "element of this type in this scope"
        RenderListItem {LI} at (40,1085) size 615.19x233 [bgcolor=#AAAAAA]
          RenderBlock {DIV} at (16,16) size 583.19x24 [bgcolor=#990000]
            RenderBlock {DIV} at (0,0) size 583.19x24 [bgcolor=#009900]
              RenderBlock {DIV} at (0,0) size 583.19x24
          RenderBlock {PRE} at (16,53) size 583.19x96 [bgcolor=#FFFFFF]
            RenderListMarker at (-37.78,6.50) size 17.78x17: "5"
            RenderText {#text} at (6,10) size 297x80
              text run at (6,10) width 149: "div:first-of-type {"
              text run at (154,10) width 1: " "
              text run at (6,25) width 9: "}"
              text run at (14,25) width 1: " "
              text run at (6,38) width 1: " "
              text run at (6,51) width 40: "<div>"
              text run at (45,51) width 1: " "
              text run at (6,64) width 297: "   <div>Does this element match?</div>"
              text run at (302,64) width 1: " "
              text run at (6,77) width 48: "</div>"
          RenderBlock {P} at (16,165) size 583.19x36
            RenderText {#text} at (0,0) size 551x35
              text run at (0,0) width 551: "The CSS selector should match the marked div element, because it is the first"
              text run at (0,18) width 284: "element of this type in the current scope"
        RenderListItem {LI} at (40,1366) size 615.19x246 [bgcolor=#AAAAAA]
          RenderBlock {DIV} at (16,16) size 583.19x24 [bgcolor=#990000]
            RenderBlock {BLOCKQUOTE} at (0,0) size 583.19x0 [bgcolor=#009900]
              RenderBlock {DIV} at (0,0) size 583.19x0
            RenderBlock {DIV} at (0,0) size 583.19x24 [bgcolor=#009900]
          RenderBlock {PRE} at (16,53) size 583.19x109 [bgcolor=#FFFFFF]
            RenderListMarker at (-37.78,6.50) size 17.78x17: "6"
            RenderText {#text} at (6,10) size 274x93
              text run at (6,10) width 149: "div:first-of-type {"
              text run at (154,10) width 1: " "
              text run at (6,25) width 9: "}"
              text run at (14,25) width 1: " "
              text run at (6,38) width 1: " "
              text run at (6,51) width 95: "<blockquote>"
              text run at (100,51) width 1: " "
              text run at (6,64) width 110: "   <div></div>"
              text run at (115,64) width 1: " "
              text run at (6,77) width 102: "</blockquote>"
              text run at (107,77) width 1: " "
              text run at (6,90) width 274: "<div>Does this element match?</div>"
          RenderBlock {P} at (16,178) size 583.19x36
            RenderText {#text} at (0,0) size 551x35
              text run at (0,0) width 551: "The CSS selector should match the marked div element, because it is the first"
              text run at (0,18) width 284: "element of this type in the current scope"
        RenderListItem {LI} at (40,1660) size 615.19x220 [bgcolor=#AAAAAA]
          RenderBlock {DIV} at (16,16) size 583.19x24 [bgcolor=#009900]
            RenderBlock {DIV} at (0,0) size 583.19x0 [bgcolor=#990000]
            RenderBlock {DIV} at (0,0) size 583.19x24
          RenderBlock {PRE} at (16,53) size 583.19x83 [bgcolor=#FFFFFF]
            RenderListMarker at (-37.78,6.50) size 17.78x17: "7"
            RenderText {#text} at (6,10) size 274x67
              text run at (6,10) width 149: "div:first-of-type {"
              text run at (154,10) width 1: " "
              text run at (6,25) width 9: "}"
              text run at (14,25) width 1: " "
              text run at (6,38) width 1: " "
              text run at (6,51) width 87: "<div></div>"
              text run at (92,51) width 1: " "
              text run at (6,64) width 274: "<div>Does this element match?</div>"
          RenderBlock {P} at (16,152) size 583.19x36
            RenderText {#text} at (0,0) size 547x35
              text run at (0,0) width 547: "The CSS selector should not match the marked div element, because it is the"
              text run at (0,18) width 195: "second element of this type"
        RenderListItem {LI} at (40,1928) size 615.19x220 [bgcolor=#AAAAAA]
          RenderBlock {DIV} at (16,16) size 583.19x24 [bgcolor=#009900]
            RenderBlock {DIV} at (0,0) size 583.19x0 [bgcolor=#990000]
            RenderBlock {DIV} at (0,0) size 583.19x24
          RenderBlock {PRE} at (16,53) size 583.19x83 [bgcolor=#FFFFFF]
            RenderListMarker at (-37.78,6.50) size 17.78x17: "8"
            RenderText {#text} at (6,10) size 274x67
              text run at (6,10) width 149: "div:first-of-type {"
              text run at (154,10) width 1: " "
              text run at (6,25) width 9: "}"
              text run at (14,25) width 1: " "
              text run at (6,38) width 1: " "
              text run at (6,51) width 87: "<DIV></DIV>"
              text run at (92,51) width 1: " "
              text run at (6,64) width 274: "<div>Does this element match?</div>"
          RenderBlock {P} at (16,152) size 583.19x36
            RenderText {#text} at (0,0) size 547x35
              text run at (0,0) width 547: "The CSS selector should not match the marked div element, because it is the"
              text run at (0,18) width 195: "second element of this type"
        RenderListItem {LI} at (40,2196) size 615.19x246 [bgcolor=#AAAAAA]
          RenderBlock {DIV} at (16,16) size 583.19x24 [bgcolor=#990000]
            RenderBlock {DIV} at (0,0) size 583.19x24 [bgcolor=#009900]
            RenderBlock {DIV} at (0,24) size 583.19x0
          RenderBlock {PRE} at (16,53) size 583.19x109 [bgcolor=#FFFFFF]
            RenderListMarker at (-37.78,6.50) size 17.78x17: "9"
            RenderText {#text} at (6,10) size 508x93
              text run at (6,10) width 149: "div:first-of-type {"
              text run at (154,10) width 1: " "
              text run at (6,25) width 9: "}"
              text run at (14,25) width 1: " "
              text run at (6,38) width 1: " "
              text run at (6,51) width 227: "<div id='insertBefore'></div>"
              text run at (232,51) width 1: " "
              text run at (6,64) width 1: " "
              text run at (6,77) width 383: "var ib = document.getElementById('insertBefore');"
              text run at (388,77) width 1: " "
              text run at (6,90) width 508: "ib.parentElement.insertBefore(document.createElement(\"div\"), ib);"
          RenderBlock {P} at (16,178) size 583.19x36
            RenderText {#text} at (0,0) size 571x35
              text run at (0,0) width 571: "The CSS selector should match the div element that is inserted by the Javascript"
              text run at (0,18) width 40: "code."
        RenderListItem {LI} at (40,2490) size 615.19x228 [bgcolor=#AAAAAA]
          RenderBlock {DIV} at (16,16) size 583.19x24 [bgcolor=#009900]
            RenderBlock {DIV} at (0,0) size 583.19x0 [bgcolor=#990000]
            RenderBlock {DIV} at (0,0) size 583.19x24
          RenderBlock {PRE} at (16,53) size 583.19x109 [bgcolor=#FFFFFF]
            RenderListMarker at (-46.69,6.50) size 26.69x17: "10"
            RenderText {#text} at (6,10) size 508x93
              text run at (6,10) width 149: "div:first-of-type {"
              text run at (154,10) width 1: " "
              text run at (6,25) width 9: "}"
              text run at (14,25) width 1: " "
              text run at (6,38) width 1: " "
              text run at (6,51) width 227: "<div id='insertBefore'></div>"
              text run at (232,51) width 1: " "
              text run at (6,64) width 1: " "
              text run at (6,77) width 383: "var ib = document.getElementById('insertBefore');"
              text run at (388,77) width 1: " "
              text run at (6,90) width 508: "ib.parentElement.insertBefore(document.createElement(\"div\"), ib);"
          RenderBlock {P} at (16,178) size 583.19x18
            RenderText {#text} at (0,0) size 536x17
              text run at (0,0) width 536: "The original div element should not be a match for the :first-of-type selector."
