layer at (0,0) size 800x600
  RenderView at (0,0) size 800x600
layer at (0,0) size 800x600
  RenderBlock {HTML} at (0,0) size 800x600
    RenderBody {BODY} at (8,8) size 784x576
      RenderBlock {P} at (0,0) size 784x32
        RenderText {#text} at (0,0) size 55x16
          text run at (0,0) width 55: "Test for "
        RenderInline {I} at (0,0) size 741x32
          RenderInline {A} at (0,0) size 354x16 [color=#0000EE]
            RenderText {#text} at (54,0) size 354x16
              text run at (54,0) width 354: "http://bugzilla.opendarwin.org/show_bug.cgi?id=3560"
          RenderText {#text} at (407,0) size 741x32
            text run at (407,0) width 334: " page with use of first-letter crashes reproducibly in"
            text run at (0,16) width 192: "RenderObject::renderArena()"
        RenderText {#text} at (191,16) size 5x16
          text run at (191,16) width 5: "."
      RenderBlock {P} at (0,48) size 784x16
        RenderText {#text} at (0,0) size 236x16
          text run at (0,0) width 236: "The next three lines should all read \x{201C}"
        RenderInline {SPAN} at (0,0) size 10x16 [color=#0000FF]
          RenderText {#text} at (235,0) size 10x16
            text run at (235,0) width 10: "P"
        RenderText {#text} at (244,0) size 212x16
          text run at (244,0) width 212: "ASS\x{201D}, with nothing before the P."
      RenderBlock {HR} at (0,80) size 784x2 [border: (1px inset #EEEEEE)]
      RenderBlock {P} at (0,98) size 784x16
        RenderInline (generated) at (0,0) size 9x16 [color=#0000FF]
          RenderTextFragment {#text} at (0,0) size 9x16
            text run at (0,0) width 9: "P"
        RenderTextFragment {#text} at (8,0) size 31x16
          text run at (8,0) width 31: "ASS"
      RenderBlock {P} at (0,130) size 784x16
        RenderInline (generated) at (0,0) size 9x16 [color=#0000FF]
          RenderTextFragment {#text} at (0,0) size 9x16
            text run at (0,0) width 9: "P"
        RenderTextFragment {#text} at (8,0) size 31x16
          text run at (8,0) width 31: "ASS"
      RenderBlock {P} at (0,162) size 784x16
        RenderInline (generated) at (0,0) size 9x16 [color=#0000FF]
          RenderTextFragment {#text} at (0,0) size 9x16
            text run at (0,0) width 9: "P"
        RenderTextFragment {#text} at (8,0) size 31x16
          text run at (8,0) width 31: "ASS"
