layer at (0,0) size 785x2178
  RenderView at (0,0) size 785x600
layer at (0,0) size 785x2178
  RenderBlock {HTML} at (0,0) size 785x2178
    RenderBody {BODY} at (8,16) size 769x2114 [bgcolor=#FFFFFF]
      RenderBlock {P} at (0,0) size 769x18
        RenderText {#text} at (0,0) size 168x17
          text run at (0,0) width 168: "This page is part of the "
        RenderInline {A} at (0,0) size 73x17 [color=#0000EE]
          RenderText {#text} at (167,0) size 73x17
            text run at (167,0) width 73: "CSS3.info"
        RenderText {#text} at (239,0) size 5x17
          text run at (239,0) width 5: " "
        RenderInline {A} at (0,0) size 133x17 [color=#0000EE]
          RenderText {#text} at (243,0) size 133x17
            text run at (243,0) width 133: "CSS selectors test"
        RenderText {#text} at (375,0) size 136x17
          text run at (375,0) width 136: ". See more info on "
        RenderInline {A} at (0,0) size 111x17 [color=#0000EE]
          RenderText {#text} at (510,0) size 111x17
            text run at (510,0) width 111: "CSS3 selectors"
        RenderText {#text} at (620,0) size 6x17
          text run at (620,0) width 6: "."
      RenderBlock {DIV} at (0,34) size 769x0 [bgcolor=#009900]
      RenderBlock {OL} at (0,34) size 769x2080
        RenderListItem {LI} at (40,0) size 615.19x233 [bgcolor=#AAAAAA]
          RenderBlock {DIV} at (16,16) size 583.19x24 [bgcolor=#990000]
            RenderBlock {DIV} at (0,0) size 583.19x24 [bgcolor=#009900]
          RenderBlock {PRE} at (16,53) size 583.19x96 [bgcolor=#FFFFFF]
            RenderListMarker at (-37.78,6.50) size 17.78x17: "1"
            RenderText {#text} at (6,10) size 141x80
              text run at (6,10) width 141: "div :first-child {"
              text run at (146,10) width 1: " "
              text run at (6,25) width 9: "}"
              text run at (14,25) width 1: " "
              text run at (6,38) width 1: " "
              text run at (6,51) width 40: "<div>"
              text run at (45,51) width 1: " "
              text run at (6,64) width 110: "   <div></div>"
              text run at (115,64) width 1: " "
              text run at (6,77) width 48: "</div>"
          RenderBlock {P} at (16,165) size 583.19x36
            RenderText {#text} at (0,0) size 574x35
              text run at (0,0) width 574: "The CSS selector should match the inner div element, because it is the only child"
              text run at (0,18) width 168: "of the outer div element"
        RenderListItem {LI} at (40,281) size 615.19x246 [bgcolor=#AAAAAA]
          RenderBlock {DIV} at (16,16) size 583.19x24 [bgcolor=#990000]
            RenderBlock {DIV} at (0,0) size 583.19x24 [bgcolor=#009900]
            RenderBlock {BLOCKQUOTE} at (0,24) size 583.19x0
          RenderBlock {PRE} at (16,53) size 583.19x109 [bgcolor=#FFFFFF]
            RenderListMarker at (-37.78,6.50) size 17.78x17: "2"
            RenderText {#text} at (6,10) size 219x93
              text run at (6,10) width 141: "div :first-child {"
              text run at (146,10) width 1: " "
              text run at (6,25) width 9: "}"
              text run at (14,25) width 1: " "
              text run at (6,38) width 1: " "
              text run at (6,51) width 48: "<div> "
              text run at (53,51) width 1: " "
              text run at (6,64) width 110: "   <div></div>"
              text run at (115,64) width 1: " "
              text run at (6,77) width 219: "   <blockquote></blockquote>"
              text run at (224,77) width 1: " "
              text run at (6,90) width 48: "</div>"
          RenderBlock {P} at (16,178) size 583.19x36
            RenderText {#text} at (0,0) size 571x35
              text run at (0,0) width 571: "The CSS selector should match the inner div element, because it is the first child"
              text run at (0,18) width 168: "of the outer div element"
        RenderListItem {LI} at (40,575) size 615.19x264 [bgcolor=#AAAAAA]
          RenderBlock {DIV} at (16,16) size 583.19x24 [bgcolor=#990000]
            RenderBlock {DIV} at (0,0) size 583.19x24 [bgcolor=#009900]
          RenderBlock {PRE} at (16,53) size 583.19x109 [bgcolor=#FFFFFF]
            RenderListMarker at (-37.78,6.50) size 17.78x17: "3"
            RenderText {#text} at (6,10) size 204x93
              text run at (6,10) width 141: "div :first-child {"
              text run at (146,10) width 1: " "
              text run at (6,25) width 9: "}"
              text run at (14,25) width 1: " "
              text run at (6,38) width 1: " "
              text run at (6,51) width 48: "<div> "
              text run at (53,51) width 1: " "
              text run at (6,64) width 204: "   <!-- Just a comment -->"
              text run at (209,64) width 1: " "
              text run at (6,77) width 110: "   <div></div>"
              text run at (115,77) width 1: " "
              text run at (6,90) width 48: "</div>"
          RenderBlock {P} at (16,178) size 583.19x54
            RenderText {#text} at (0,0) size 571x53
              text run at (0,0) width 571: "The CSS selector should match the inner div element, because it is the first child"
              text run at (0,18) width 172: "of the outer div element "
              text run at (171,18) width 363: "Comments are not elements, so they should not be"
              text run at (0,36) width 308: "considered when determining the first child."
        RenderListItem {LI} at (40,887) size 615.19x277 [bgcolor=#AAAAAA]
          RenderBlock {DIV} at (16,16) size 583.19x42 [bgcolor=#990000]
            RenderBlock (anonymous) at (0,0) size 583.19x18
              RenderListMarker at (-37.78,0) size 17.78x17: "4"
              RenderText {#text} at (0,0) size 5x17
                text run at (0,0) width 5: "."
            RenderBlock {DIV} at (0,18) size 583.19x24 [bgcolor=#009900]
          RenderBlock {PRE} at (16,71) size 583.19x104 [bgcolor=#FFFFFF]
            RenderText {#text} at (6,7) size 219x91
              text run at (6,7) width 141: "div :first-child {"
              text run at (146,7) width 1: " "
              text run at (6,20) width 9: "}"
              text run at (14,20) width 1: " "
              text run at (6,33) width 1: " "
              text run at (6,46) width 48: "<div> "
              text run at (53,46) width 1: " "
              text run at (6,59) width 219: "   How about regular text..."
              text run at (224,59) width 1: " "
              text run at (6,72) width 110: "   <div></div>"
              text run at (115,72) width 1: " "
              text run at (6,85) width 48: "</div>"
          RenderBlock {P} at (16,191) size 583.19x54
            RenderText {#text} at (0,0) size 571x53
              text run at (0,0) width 571: "The CSS selector should match the inner div element, because it is the first child"
              text run at (0,18) width 177: "of the outer div element. "
              text run at (176,18) width 352: "Regular text is not an element, so it should not be"
              text run at (0,36) width 308: "considered when determining the first child."
        RenderListItem {LI} at (40,1212) size 615.19x246 [bgcolor=#AAAAAA]
          RenderBlock {DIV} at (16,16) size 583.19x24 [bgcolor=#009900]
            RenderBlock {BLOCKQUOTE} at (0,0) size 583.19x0 [bgcolor=#990000]
            RenderBlock {DIV} at (0,0) size 583.19x24
          RenderBlock {PRE} at (16,53) size 583.19x109 [bgcolor=#FFFFFF]
            RenderListMarker at (-37.78,6.50) size 17.78x17: "5"
            RenderText {#text} at (6,10) size 219x93
              text run at (6,10) width 141: "div :first-child {"
              text run at (146,10) width 1: " "
              text run at (6,25) width 9: "}"
              text run at (14,25) width 1: " "
              text run at (6,38) width 1: " "
              text run at (6,51) width 48: "<div> "
              text run at (53,51) width 1: " "
              text run at (6,64) width 219: "   <blockquote></blockquote>"
              text run at (224,64) width 1: " "
              text run at (6,77) width 110: "   <div></div>"
              text run at (115,77) width 1: " "
              text run at (6,90) width 48: "</div>"
          RenderBlock {P} at (16,178) size 583.19x36
            RenderText {#text} at (0,0) size 530x35
              text run at (0,0) width 530: "The CSS selector should not match the inner div element, because it is the"
              text run at (0,18) width 261: "second child of the outer div element"
        RenderListItem {LI} at (40,1506) size 615.19x272 [bgcolor=#AAAAAA]
          RenderBlock {DIV} at (16,16) size 583.19x24 [bgcolor=#990000]
            RenderBlock {DIV} at (0,0) size 583.19x24 [bgcolor=#009900]
            RenderBlock {DIV} at (0,24) size 583.19x0
          RenderBlock {PRE} at (16,53) size 583.19x135 [bgcolor=#FFFFFF]
            RenderListMarker at (-37.78,6.50) size 17.78x17: "6"
            RenderText {#text} at (6,10) size 508x119
              text run at (6,10) width 141: "div :first-child {"
              text run at (146,10) width 1: " "
              text run at (6,25) width 9: "}"
              text run at (14,25) width 1: " "
              text run at (6,38) width 1: " "
              text run at (6,51) width 40: "<div>"
              text run at (45,51) width 1: " "
              text run at (6,64) width 251: "   <div id='insertBefore'></div>"
              text run at (256,64) width 1: " "
              text run at (6,77) width 48: "</div>"
              text run at (53,77) width 1: " "
              text run at (6,90) width 1: " "
              text run at (6,103) width 383: "var ib = document.getElementById('insertBefore');"
              text run at (388,103) width 1: " "
              text run at (6,116) width 508: "ib.parentElement.insertBefore(document.createElement(\"div\"), ib);"
          RenderBlock {P} at (16,204) size 583.19x36
            RenderText {#text} at (0,0) size 571x35
              text run at (0,0) width 571: "The CSS selector should match the div element that is inserted by the Javascript"
              text run at (0,18) width 40: "code."
        RenderListItem {LI} at (40,1826) size 615.19x254 [bgcolor=#AAAAAA]
          RenderBlock {DIV} at (16,16) size 583.19x24 [bgcolor=#009900]
            RenderBlock {DIV} at (0,0) size 583.19x0 [bgcolor=#990000]
            RenderBlock {DIV} at (0,0) size 583.19x24
          RenderBlock {PRE} at (16,53) size 583.19x135 [bgcolor=#FFFFFF]
            RenderListMarker at (-37.78,6.50) size 17.78x17: "7"
            RenderText {#text} at (6,10) size 508x119
              text run at (6,10) width 141: "div :first-child {"
              text run at (146,10) width 1: " "
              text run at (6,25) width 9: "}"
              text run at (14,25) width 1: " "
              text run at (6,38) width 1: " "
              text run at (6,51) width 40: "<div>"
              text run at (45,51) width 1: " "
              text run at (6,64) width 251: "   <div id='insertBefore'></div>"
              text run at (256,64) width 1: " "
              text run at (6,77) width 48: "</div>"
              text run at (53,77) width 1: " "
              text run at (6,90) width 1: " "
              text run at (6,103) width 383: "var ib = document.getElementById('insertBefore');"
              text run at (388,103) width 1: " "
              text run at (6,116) width 508: "ib.parentElement.insertBefore(document.createElement(\"div\"), ib);"
          RenderBlock {P} at (16,204) size 583.19x18
            RenderText {#text} at (0,0) size 520x17
              text run at (0,0) width 520: "The original div element should not be a match for the :first-child selector."
