layer at (0,0) size 800x600
  RenderView at (0,0) size 800x600
layer at (0,0) size 800x600
  RenderBlock {HTML} at (0,0) size 800x600
    RenderBody {BODY} at (8,8) size 784x576
      RenderBlock {P} at (0,0) size 784x32
        RenderText {#text} at (0,0) size 55x16
          text run at (0,0) width 55: "Test for "
        RenderInline {I} at (0,0) size 772x32
          RenderInline {A} at (0,0) size 306x16 [color=#0000EE]
            RenderText {#text} at (54,0) size 306x16
              text run at (54,0) width 306: "http://bugs.webkit.org/show_bug.cgi?id=17834"
          RenderText {#text} at (359,0) size 772x32
            text run at (359,0) width 5: " "
            text run at (363,0) width 409: "REGRESSION: floated first-letter does not work when included"
            text run at (0,16) width 49: "in table"
        RenderText {#text} at (48,16) size 5x16
          text run at (48,16) width 5: "."
      RenderBlock {P} at (0,48) size 784x16
        RenderText {#text} at (0,0) size 280x16
          text run at (0,0) width 280: "The following three lines should look like \x{201C}"
        RenderInline {SPAN} at (0,0) size 13x16 [color=#008000]
          RenderText {#text} at (279,0) size 13x16
            text run at (279,0) width 13: "A"
        RenderText {#text} at (291,0) size 27x16
          text run at (291,0) width 27: "-Z\x{201D}."
      RenderTable {TABLE} at (0,80) size 33x22
        RenderTableSection {TBODY} at (0,0) size 33x22
          RenderTableRow {TR} at (0,2) size 33x18
            RenderTableCell {TD} at (2,2) size 29x18 [r=0 c=0 rs=1 cs=1]
              RenderBlock {DIV} at (1,1) size 27x16
                RenderBlock {P} at (0,0) size 27x16
                  RenderBlock (floating) at (0,0) size 11.56x16 [color=#008000]
                    RenderTextFragment {#text} at (0,0) size 12x16
                      text run at (0,0) width 12: "A"
                  RenderTextFragment {#text} at (11,0) size 16x16
                    text run at (11,0) width 16: "-Z"
      RenderTable {TABLE} at (0,102) size 33x22
        RenderTableSection {TBODY} at (0,0) size 33x22
          RenderTableRow {TR} at (0,2) size 33x18
            RenderTableCell {TD} at (2,2) size 29x18 [r=0 c=0 rs=1 cs=1]
              RenderBlock {P} at (1,1) size 27x16
                RenderBlock (floating) at (0,0) size 11.56x16 [color=#008000]
                  RenderTextFragment {#text} at (0,0) size 12x16
                    text run at (0,0) width 12: "A"
                RenderTextFragment {#text} at (11,0) size 16x16
                  text run at (11,0) width 16: "-Z"
      RenderBlock {P} at (0,140) size 784x16
        RenderBlock (floating) at (0,0) size 11.56x16 [color=#008000]
          RenderTextFragment {#text} at (0,0) size 12x16
            text run at (0,0) width 12: "A"
        RenderTextFragment {#text} at (11,0) size 16x16
          text run at (11,0) width 16: "-Z"
