layer at (0,0) size 800x600
  RenderView at (0,0) size 800x600
layer at (0,0) size 800x600
  RenderBlock {HTML} at (0,0) size 800x600
    RenderBody {BODY} at (8,8) size 784x576
      RenderBlock {H2} at (0,0) size 784x24
        RenderText {#text} at (0,0) size 445x24
          text run at (0,0) width 445: "Test case for First-line text-decoration style"
      RenderBlock {P} at (0,43.91) size 784x16
        RenderText {#text} at (0,0) size 512x16
          text run at (0,0) width 512: "Text-decoration UNDERLINE : Only the first line must have an underline."
      RenderBlock {DIV} at (0,75.91) size 784x80 [color=#008000]
        RenderText {#text} at (0,12) size 626x24
          text run at (0,12) width 626: "Underline Underline Underline Underline"
        RenderBR {BR} at (625,30) size 1x0
        RenderText {#text} at (0,48) size 268x16
          text run at (0,48) width 268: "Underline Underline Underline Underline"
        RenderBR {BR} at (267,60) size 1x0
        RenderText {#text} at (0,64) size 268x16
          text run at (0,64) width 268: "Underline Underline Underline Underline"
      RenderBlock (anonymous) at (0,155.91) size 784x16
        RenderBR {BR} at (0,0) size 0x16
      RenderBlock {P} at (0,187.91) size 784x0
      RenderBlock {P} at (0,187.91) size 784x16
        RenderText {#text} at (0,0) size 491x16
          text run at (0,0) width 491: "Text-decoration OVERLINE : Only the first line must have an overline."
      RenderBlock {DIV} at (0,219.91) size 784x80 [color=#008000]
        RenderText {#text} at (0,12) size 553x24
          text run at (0,12) width 553: "Overline Overline Overline Overline"
        RenderBR {BR} at (552,30) size 1x0
        RenderText {#text} at (0,48) size 236x16
          text run at (0,48) width 236: "Overline Overline Overline Overline"
        RenderBR {BR} at (235,60) size 1x0
        RenderText {#text} at (0,64) size 236x16
          text run at (0,64) width 236: "Overline Overline Overline Overline"
      RenderBlock (anonymous) at (0,299.91) size 784x16
        RenderBR {BR} at (0,0) size 0x16
      RenderBlock {P} at (0,331.91) size 784x0
      RenderBlock {P} at (0,331.91) size 784x16
        RenderText {#text} at (0,0) size 567x16
          text run at (0,0) width 567: "Text-decoration LINE-THROUGH : Only the first line must have a line through it."
      RenderBlock {DIV} at (0,363.91) size 784x80 [color=#008000]
        RenderText {#text} at (0,12) size 721x24
          text run at (0,12) width 721: "Line-Through Line-Through Line-Through Line "
        RenderBR {BR} at (720,30) size 1x0
        RenderText {#text} at (0,48) size 371x16
          text run at (0,48) width 371: "Line-Through Line-Through Line-Through Line-Through"
        RenderBR {BR} at (371,60) size 0x0
        RenderText {#text} at (0,64) size 371x16
          text run at (0,64) width 371: "Line-Through Line-Through Line-Through Line-Through"
      RenderBlock (anonymous) at (0,443.91) size 784x16
        RenderBR {BR} at (0,0) size 0x16
      RenderBlock {P} at (0,475.91) size 784x0
