layer at (0,0) size 800x600
  RenderView at (0,0) size 800x600
layer at (0,0) size 800x600
  RenderBlock {HTML} at (0,0) size 800x600 [color=#FF0000]
    RenderBody {BODY} at (8,8) size 784x544
      RenderBlock {P} at (0,0) size 784x64
        RenderInline (generated) at (0,0) size 35x48 [color=#008000] [bgcolor=#FFC0CB]
          RenderTextFragment {#text} at (0,0) size 35x48
            text run at (0,0) width 35: "A"
        RenderTextFragment {#text} at (34,0) size 191x48
          text run at (34,0) width 191: "BCDEFG"
        RenderBR {BR} at (224,36) size 1x0
        RenderInline {SPAN} at (0,0) size 228x16 [color=#000000]
          RenderText {#text} at (0,48) size 228x16
            text run at (0,48) width 228: "Hover over \"A\". It must stay green."
        RenderText {#text} at (0,0) size 0x0
