layer at (0,0) size 800x600
  RenderView at (0,0) size 800x600
layer at (0,0) size 800x600
  RenderBlock {HTML} at (0,0) size 800x600
    RenderBody {BODY} at (8,8) size 784x584
      RenderBlock {P} at (0,0) size 784x16
        RenderText {#text} at (0,0) size 55x16
          text run at (0,0) width 55: "Test for "
        RenderInline {A} at (0,0) size 300x16 [color=#0000EE]
          RenderText {#text} at (54,0) size 300x16
            text run at (54,0) width 300: "http://bugs.webkit.org/show_bug.cgi?id=4104 "
        RenderText {#text} at (353,0) size 257x16
          text run at (353,0) width 257: "first-letter not updating style with hover"
      RenderBlock {P} at (0,32) size 784x16
        RenderText {#text} at (0,0) size 397x16
          text run at (0,0) width 397: "The next line of text should turn green when we hover over it."
      RenderBlock {DIV} at (0,64) size 784x32 [color=#008000]
        RenderInline (generated) at (0,0) size 10x16 [color=#0000FF]
          RenderTextFragment {#text} at (0,0) size 10x16
            text run at (0,0) width 10: "T"
        RenderTextFragment {#text} at (9,0) size 771x32
          text run at (9,0) width 762: "he first letter of this paragraph should be larger than the rest. If you hover over this paragraph, all of the text (including"
          text run at (0,16) width 541: "the first letter) should turn green. If the first letter remains black, then there is a bug!"
