layer at (0,0) size 800x600
  RenderView at (0,0) size 800x600
layer at (0,0) size 800x600
  RenderBlock {HTML} at (0,0) size 800x600
    RenderBody {BODY} at (8,8) size 784x576
      RenderBlock {P} at (0,0) size 784x32
        RenderText {#text} at (0,0) size 55x16
          text run at (0,0) width 55: "Test for "
        RenderInline {I} at (0,0) size 675x32
          RenderInline {A} at (0,0) size 306x16 [color=#0000EE]
            RenderText {#text} at (54,0) size 306x16
              text run at (54,0) width 306: "http://bugs.webkit.org/show_bug.cgi?id=14545"
          RenderText {#text} at (359,0) size 675x32
            text run at (359,0) width 5: " "
            text run at (363,0) width 312: "REGRESSION (r21854-r21869): Repro crash in"
            text run at (0,16) width 325: "RenderBlock::updateFirstLetter @ nola.com/rose/"
        RenderText {#text} at (324,16) size 5x16
          text run at (324,16) width 5: "."
      RenderBlock {P} at (0,48) size 784x16
        RenderText {#text} at (0,0) size 255x16
          text run at (0,0) width 255: "The following lines should be identical:"
      RenderBlock {DIV} at (0,80) size 784x16
        RenderInline (generated) at (0,0) size 10x16 [color=#008000]
          RenderTextFragment {#text} at (0,0) size 10x16
            text run at (0,0) width 10: "L"
        RenderTextFragment {#text} at (9,0) size 78x16
          text run at (9,0) width 78: "orem Ipsum"
      RenderBlock {P} at (0,112) size 784x16
        RenderInline {SPAN} at (0,0) size 10x16 [color=#008000]
          RenderText {#text} at (0,0) size 10x16
            text run at (0,0) width 10: "L"
        RenderText {#text} at (9,0) size 78x16
          text run at (9,0) width 78: "orem Ipsum"
