layer at (0,0) size 800x600
  RenderView at (0,0) size 800x600
layer at (0,0) size 800x600
  RenderBlock {HTML} at (0,0) size 800x600
    RenderBody {BODY} at (8,8) size 784x584
      RenderBlock (anonymous) at (0,0) size 784x0
        RenderText {#text} at (0,0) size 0x0
        RenderInline {SPAN} at (0,0) size 0x0
          RenderText {#text} at (0,0) size 0x0
      RenderBlock (anonymous) at (0,0) size 784x16
      RenderBlock (anonymous) at (0,16) size 784x0
        RenderInline {SPAN} at (0,0) size 0x0
        RenderText {#text} at (0,0) size 0x0
layer at (8,8) size 784x16
  RenderBlock {DIV} at (0,0) size 784x16
    RenderInline (generated) at (0,0) size 11x16 [color=#008000]
      RenderTextFragment {#text} at (0,0) size 11x16
        text run at (0,0) width 11: "B"
    RenderTextFragment {#text} at (0,0) size 0x0
    RenderInline {DFN} at (0,0) size 0x0
    RenderText {#text} at (0,0) size 0x0
