layer at (0,0) size 800x600
  RenderView at (0,0) size 800x600
layer at (0,0) size 800x600
  RenderBlock {HTML} at (0,0) size 800x600
    RenderBody {BODY} at (8,8) size 784x584
      RenderBlock {P} at (0,0) size 784x16
        RenderText {#text} at (0,0) size 437x16
          text run at (0,0) width 437: "All the X\x{2019}s below should be green. All other letters should be black."
      RenderBlock {DIV} at (0,32) size 784x16
        RenderInline (generated) at (0,0) size 12x16 [color=#008000]
          RenderTextFragment {#text} at (0,0) size 12x16
            text run at (0,0) width 12: "X"
        RenderTextFragment {#text} at (11,0) size 13x16
          text run at (11,0) width 13: "Y"
      RenderBlock {DIV} at (0,48) size 784x16
        RenderImage {IMG} at (0,12) size 0x0
        RenderText {#text} at (0,0) size 22x16
          text run at (0,0) width 22: "YZ"
      RenderBlock {DIV} at (0,64) size 784x16
        RenderImage {IMG} at (0,0) size 0x0
        RenderInline (generated) at (0,0) size 12x16 [color=#008000]
          RenderTextFragment {#text} at (0,0) size 12x16
            text run at (0,0) width 12: "X"
        RenderTextFragment {#text} at (11,0) size 13x16
          text run at (11,0) width 13: "Y"
      RenderBlock {DIV} at (0,80) size 784x16
        RenderInline (generated) at (0,0) size 12x16 [color=#008000]
          RenderTextFragment {#text} at (0,0) size 12x16
            text run at (0,0) width 12: "X"
        RenderTextFragment {#text} at (11,0) size 13x16
          text run at (11,0) width 13: "Y"
      RenderBlock {DIV} at (0,96) size 784x16
        RenderBlock {DIV} at (0,0) size 784x16
          RenderInline (generated) at (0,0) size 12x16 [color=#008000]
            RenderTextFragment {#text} at (0,0) size 12x16
              text run at (0,0) width 12: "X"
          RenderTextFragment {#text} at (11,0) size 13x16
            text run at (11,0) width 13: "Y"
      RenderBlock {DIV} at (0,112) size 784x16
        RenderBlock {DIV} at (0,0) size 784x16
          RenderImage {IMG} at (0,12) size 0x0
          RenderText {#text} at (0,0) size 4x16
            text run at (0,0) width 4: " "
          RenderText {#text} at (4,0) size 22x16
            text run at (4,0) width 22: "YZ"
layer at (100,88) size 27x16
  RenderBlock (positioned) {DIV} at (100,88) size 26.66x16
    RenderText {#text} at (0,0) size 27x16
      text run at (0,0) width 27: "VW"
layer at (100,104) size 27x16
  RenderBlock (positioned) {DIV} at (100,104) size 26.66x16
    RenderText {#text} at (0,0) size 27x16
      text run at (0,0) width 27: "VW"
layer at (100,136) size 27x16
  RenderBlock (positioned) {DIV} at (100,136) size 26.66x16
    RenderText {#text} at (0,0) size 27x16
      text run at (0,0) width 27: "VW"
