layer at (0,0) size 800x600
  RenderView at (0,0) size 800x600
layer at (0,0) size 800x600
  RenderBlock {HTML} at (0,0) size 800x600
    RenderBody {BODY} at (8,8) size 784x584
      RenderBlock {P} at (0,0) size 784x32
        RenderText {#text} at (0,0) size 55x16
          text run at (0,0) width 55: "Test for "
        RenderInline {I} at (0,0) size 780x32
          RenderInline {A} at (0,0) size 312x16 [color=#0000EE]
            RenderText {#text} at (54,0) size 312x16
              text run at (54,0) width 312: "https://bugs.webkit.org/show_bug.cgi?id=18818"
          RenderText {#text} at (365,0) size 780x32
            text run at (365,0) width 5: " "
            text run at (369,0) width 411: "REGRESSION (3.1.1-TOT): Character order (float:left ordered"
            text run at (0,16) width 127: "after the first letter)"
        RenderText {#text} at (126,16) size 5x16
          text run at (126,16) width 5: "."
      RenderBlock {P} at (0,48) size 784x16
        RenderText {#text} at (0,0) size 203x16
          text run at (0,0) width 203: "The next line should say \x{201C}123\x{201D}."
      RenderBlock {DIV} at (0,80) size 784x16
        RenderBlock (floating) {SPAN} at (0,0) size 8x16
          RenderText {#text} at (0,0) size 8x16
            text run at (0,0) width 8: "1"
        RenderBlock (floating) at (8,0) size 8x16
          RenderTextFragment {#text} at (0,0) size 8x16
            text run at (0,0) width 8: "2"
        RenderTextFragment {#text} at (16,0) size 8x16
          text run at (16,0) width 8: "3"
