layer at (0,0) size 800x600
  RenderView at (0,0) size 800x600
layer at (0,0) size 800x600
  RenderBlock {HTML} at (0,0) size 800x600
    RenderBody {BODY} at (8,8) size 784x584
      RenderBlock {DIV} at (0,0) size 160x160
        RenderText {#text} at (0,0) size 112x159
          text run at (0,0) width 124: "Assuming the port-"
          text run at (16,0) width 136: "specific theme draws"
          text run at (16,135) width 4: " "
          text run at (32,0) width 128: "focus rings, this test"
          text run at (32,127) width 4: " "
          text run at (48,0) width 113: "draws focus rings"
          text run at (48,112) width 4: " "
          text run at (64,0) width 100: "around editable"
          text run at (64,99) width 4: " "
          text run at (80,0) width 155: "multiline text in vertical"
          text run at (80,154) width 4: " "
          text run at (96,0) width 90: "writing mode."
caret: position 1 of child 0 {#text} of child 1 {DIV} of body
