layer at (0,0) size 800x600
  RenderView at (0,0) size 800x600
layer at (0,0) size 800x64
  RenderBlock {HTML} at (0,0) size 800x64
    RenderBody {BODY} at (8,8) size 784x48
      RenderBlock (anonymous) at (0,0) size 784x16
        RenderText {#text} at (0,0) size 703x16
          text run at (0,0) width 703: "Tests focus ring around an inline element containing block continuations. There should be a single focus ring."
      RenderBlock {DIV} at (0,16) size 200x32
        RenderBlock (anonymous) at (0,0) size 200x16
          RenderInline {SPAN} at (0,0) size 99x16
            RenderText {#text} at (0,0) size 99x16
              text run at (0,0) width 99: "INLINE TEXT"
        RenderBlock (anonymous) at (0,16) size 200x16
        RenderBlock (anonymous) at (0,32) size 200x0
          RenderInline {SPAN} at (0,0) size 0x0
          RenderText {#text} at (0,0) size 0x0
layer at (8,37) size 200x16
  RenderBlock (relative positioned) {DIV} at (0,0) size 200x16
    RenderText {#text} at (0,0) size 142x16
      text run at (0,0) width 142: "BLOCK CONTENTS"
