layer at (0,0) size 800x600
  RenderView at (0,0) size 800x600
layer at (0,0) size 800x600
  RenderBlock {HTML} at (0,0) size 800x600
    RenderBody {BODY} at (8,8) size 784x584
      RenderBlock {P} at (0,0) size 784x32
        RenderText {#text} at (0,0) size 55x16
          text run at (0,0) width 55: "Test for "
        RenderInline {I} at (0,0) size 761x32
          RenderInline {A} at (0,0) size 312x16 [color=#0000EE]
            RenderText {#text} at (54,0) size 312x16
              text run at (54,0) width 312: "https://bugs.webkit.org/show_bug.cgi?id=34147"
          RenderText {#text} at (365,0) size 761x32
            text run at (365,0) width 396: " If @font-face does not provide an explicit italic/bold variant,"
            text run at (0,16) width 96: "regular is used"
        RenderText {#text} at (96,16) size 4x16
          text run at (96,16) width 4: "."
      RenderBlock {P} at (0,48) size 784x32
        RenderText {#text} at (0,0) size 336x16
          text run at (0,0) width 336: "Checks if WebKit font matching algorithm matches "
        RenderInline {A} at (0,0) size 169x16 [color=#0000EE]
          RenderText {#text} at (335,0) size 169x16
            text run at (335,0) width 169: "the latest CSS3 Fonts WD"
        RenderText {#text} at (503,0) size 751x32
          text run at (503,0) width 248: ". If the test passes, all 14 glyphs below"
          text run at (0,16) width 157: "should be black squares:"
      RenderBlock (anonymous) at (0,96) size 784x17
        RenderInline {SPAN} at (0,0) size 16x16
          RenderText {#text} at (0,0) size 16x16
            text run at (0,0) width 16: "A"
        RenderText {#text} at (16,1) size 4x16
          text run at (16,1) width 4: " "
        RenderInline {SPAN} at (0,0) size 16x16
          RenderText {#text} at (20,0) size 16x16
            text run at (20,0) width 16: "A"
        RenderText {#text} at (36,1) size 4x16
          text run at (36,1) width 4: " "
        RenderInline {SPAN} at (0,0) size 16x16
          RenderText {#text} at (40,0) size 16x16
            text run at (40,0) width 16: "A"
        RenderText {#text} at (56,1) size 4x16
          text run at (56,1) width 4: " "
        RenderInline {SPAN} at (0,0) size 16x16
          RenderText {#text} at (60,0) size 16x16
            text run at (60,0) width 16: "A"
        RenderText {#text} at (76,1) size 4x16
          text run at (76,1) width 4: " "
        RenderInline {SPAN} at (0,0) size 16x16
          RenderText {#text} at (80,0) size 16x16
            text run at (80,0) width 16: "A"
        RenderText {#text} at (96,1) size 4x16
          text run at (96,1) width 4: " "
        RenderInline {SPAN} at (0,0) size 16x16
          RenderText {#text} at (100,0) size 16x16
            text run at (100,0) width 16: "A"
        RenderText {#text} at (116,1) size 4x16
          text run at (116,1) width 4: " "
        RenderText {#text} at (0,0) size 0x0
        RenderInline {SPAN} at (0,0) size 16x16
          RenderText {#text} at (120,0) size 16x16
            text run at (120,0) width 16: "A"
        RenderText {#text} at (136,1) size 4x16
          text run at (136,1) width 4: " "
        RenderInline {SPAN} at (0,0) size 16x16
          RenderText {#text} at (140,0) size 16x16
            text run at (140,0) width 16: "A"
        RenderText {#text} at (156,1) size 4x16
          text run at (156,1) width 4: " "
        RenderText {#text} at (0,0) size 0x0
        RenderInline {SPAN} at (0,0) size 16x16
          RenderText {#text} at (160,0) size 16x16
            text run at (160,0) width 16: "A"
        RenderText {#text} at (176,1) size 4x16
          text run at (176,1) width 4: " "
        RenderInline {SPAN} at (0,0) size 16x16
          RenderText {#text} at (180,0) size 16x16
            text run at (180,0) width 16: "A"
        RenderText {#text} at (196,1) size 4x16
          text run at (196,1) width 4: " "
        RenderText {#text} at (0,0) size 0x0
        RenderInline {SPAN} at (0,0) size 16x16
          RenderText {#text} at (200,0) size 16x16
            text run at (200,0) width 16: "A"
        RenderText {#text} at (216,1) size 4x16
          text run at (216,1) width 4: " "
        RenderInline {SPAN} at (0,0) size 16x16
          RenderText {#text} at (220,0) size 16x16
            text run at (220,0) width 16: "A"
        RenderText {#text} at (236,1) size 4x16
          text run at (236,1) width 4: " "
        RenderText {#text} at (0,0) size 0x0
        RenderInline {SPAN} at (0,0) size 16x16
          RenderText {#text} at (240,0) size 16x16
            text run at (240,0) width 16: "A"
        RenderText {#text} at (256,1) size 4x16
          text run at (256,1) width 4: " "
        RenderInline {SPAN} at (0,0) size 16x16
          RenderText {#text} at (260,0) size 16x16
            text run at (260,0) width 16: "A"
        RenderText {#text} at (0,0) size 0x0
        RenderText {#text} at (0,0) size 0x0
