layer at (0,0) size 800x600
  RenderView at (0,0) size 800x600
layer at (0,0) size 800x600
  RenderBlock {HTML} at (0,0) size 800x600
    RenderBody {BODY} at (8,8) size 784x584
      RenderInline {SPAN} at (0,0) size 298x20
        RenderText {#text} at (0,0) size 298x20
          text run at (0,0) width 298: "Hello. This is absolutely regular text."
      RenderText {#text} at (297,3) size 5x16
        text run at (297,3) width 5: " "
      RenderBR {BR} at (301,15) size 1x0
      RenderInline {SPAN} at (0,0) size 765x20
        RenderText {#text} at (0,20) size 765x20
          text run at (0,20) width 765: "Hello. This is text with -webkit-font-smoothing:auto. It should look like absolutely regular text."
      RenderText {#text} at (764,23) size 5x16
        text run at (764,23) width 5: " "
      RenderBR {BR} at (768,35) size 1x0
      RenderInline {SPAN} at (0,0) size 430x20
        RenderText {#text} at (0,40) size 430x20
          text run at (0,40) width 430: "Hello. This is text with -webkit-font-smoothing:none."
      RenderText {#text} at (429,43) size 5x16
        text run at (429,43) width 5: " "
      RenderBR {BR} at (433,55) size 1x0
      RenderInline {SPAN} at (0,0) size 477x20
        RenderText {#text} at (0,60) size 477x20
          text run at (0,60) width 477: "Hello. This is text with -webkit-font-smoothing:antialiased."
      RenderText {#text} at (476,63) size 5x16
        text run at (476,63) width 5: " "
      RenderBR {BR} at (480,75) size 1x0
      RenderInline {SPAN} at (0,0) size 702x40
        RenderText {#text} at (0,80) size 702x40
          text run at (0,80) width 702: "Hello. This is text with -webkit-font-smoothing:subpixel-antialiased. It should look like"
          text run at (0,100) width 184: "absolutely regular text."
      RenderText {#text} at (183,103) size 5x16
        text run at (183,103) width 5: " "
      RenderBR {BR} at (187,115) size 1x0
