layer at (0,0) size 800x600
  RenderView at (0,0) size 800x600
layer at (0,0) size 800x488
  RenderBlock {HTML} at (0,0) size 800x488
    RenderBody {BODY} at (8,16) size 784x464
      RenderBlock {P} at (0,0) size 784x16
        RenderText {#text} at (0,0) size 269x16
          text run at (0,0) width 269: "You should see the numbers 1 to 9 below."
      RenderBlock {DIV} at (0,32) size 784x48
        RenderText {#text} at (0,2) size 24x44
          text run at (0,2) width 24: "A"
      RenderBlock {DIV} at (0,80) size 784x48
        RenderText {#text} at (0,2) size 26x44
          text run at (0,2) width 26: "A"
      RenderBlock {DIV} at (0,128) size 784x48
        RenderText {#text} at (0,2) size 27x44
          text run at (0,2) width 27: "A"
      RenderBlock {DIV} at (0,176) size 784x48
        RenderText {#text} at (0,2) size 28x44
          text run at (0,2) width 28: "A"
      RenderBlock {DIV} at (0,224) size 784x48
        RenderText {#text} at (0,2) size 29x44
          text run at (0,2) width 29: "A"
      RenderBlock {DIV} at (0,272) size 784x48
        RenderText {#text} at (0,2) size 30x44
          text run at (0,2) width 30: "A"
      RenderBlock {DIV} at (0,320) size 784x48
        RenderText {#text} at (0,2) size 31x44
          text run at (0,2) width 31: "A"
      RenderBlock {DIV} at (0,368) size 784x48
        RenderText {#text} at (0,2) size 32x44
          text run at (0,2) width 32: "A"
      RenderBlock {DIV} at (0,416) size 784x48
        RenderText {#text} at (0,2) size 33x44
          text run at (0,2) width 33: "A"
