layer at (0,0) size 800x600
  RenderView at (0,0) size 800x600
layer at (0,0) size 800x600
  RenderBlock {HTML} at (0,0) size 800x600
    RenderBody {BODY} at (8,8) size 784x576
      RenderBlock {P} at (0,0) size 784x32
        RenderText {#text} at (0,0) size 55x16
          text run at (0,0) width 55: "Test for "
        RenderInline {I} at (0,0) size 761x32
          RenderInline {A} at (0,0) size 312x16 [color=#0000EE]
            RenderText {#text} at (54,0) size 312x16
              text run at (54,0) width 312: "https://bugs.webkit.org/show_bug.cgi?id=34147"
          RenderText {#text} at (365,0) size 761x32
            text run at (365,0) width 396: " If @font-face does not provide an explicit italic/bold variant,"
            text run at (0,16) width 96: "regular is used"
        RenderText {#text} at (96,16) size 4x16
          text run at (96,16) width 4: "."
      RenderBlock {P} at (0,48) size 784x16
        RenderText {#text} at (0,0) size 93x16
          text run at (0,0) width 93: "Ahem regular:"
      RenderBlock {P} at (0,80) size 784x16
        RenderText {#text} at (0,0) size 192x16
          text run at (0,0) width 192: "Ahem regular"
      RenderBlock {P} at (0,112) size 784x16
        RenderText {#text} at (0,0) size 138x16
          text run at (0,0) width 138: "Ahem synthetic bold:"
      RenderBlock (anonymous) at (0,144) size 784x0
        RenderInline {STRONG} at (0,0) size 0x0
      RenderBlock (anonymous) at (0,144) size 784x16
        RenderBlock {P} at (0,0) size 784x16
          RenderText {#text} at (0,0) size 304x16
            text run at (0,0) width 304: "Ahem synthetic bold"
      RenderBlock (anonymous) at (0,176) size 784x0
        RenderInline {STRONG} at (0,0) size 0x0
        RenderText {#text} at (0,0) size 0x0
      RenderBlock {P} at (0,176) size 784x16
        RenderText {#text} at (0,0) size 142x16
          text run at (0,0) width 142: "Ahem synthetic italic:"
      RenderBlock (anonymous) at (0,208) size 784x0
        RenderInline {I} at (0,0) size 0x0
      RenderBlock (anonymous) at (0,208) size 784x16
        RenderBlock {P} at (0,0) size 784x16
          RenderText {#text} at (0,0) size 336x16
            text run at (0,0) width 336: "Ahem synthetic italic"
      RenderBlock (anonymous) at (0,240) size 784x0
        RenderInline {I} at (0,0) size 0x0
        RenderText {#text} at (0,0) size 0x0
      RenderBlock {P} at (0,240) size 784x16
        RenderText {#text} at (0,0) size 174x16
          text run at (0,0) width 174: "Ahem synthetic bold italic:"
      RenderBlock (anonymous) at (0,272) size 784x0
        RenderInline {STRONG} at (0,0) size 0x0
          RenderInline {I} at (0,0) size 0x0
      RenderBlock (anonymous) at (0,272) size 784x16
        RenderBlock {P} at (0,0) size 784x16
          RenderText {#text} at (0,0) size 416x16
            text run at (0,0) width 416: "Ahem synthetic bold italic"
      RenderBlock (anonymous) at (0,304) size 784x0
        RenderInline {STRONG} at (0,0) size 0x0
          RenderInline {I} at (0,0) size 0x0
        RenderText {#text} at (0,0) size 0x0
        RenderText {#text} at (0,0) size 0x0
