layer at (0,0) size 800x600
  RenderView at (0,0) size 800x600
layer at (0,0) size 800x397
  RenderBlock {HTML} at (0,0) size 800x397
    RenderBody {BODY} at (8,16) size 784x182
      RenderBlock {P} at (0,0) size 784x16
        RenderText {#text} at (0,0) size 448x16
          text run at (0,0) width 448: "For each of pairs, the first one and the second one should be identical."
        RenderText {#text} at (0,0) size 0x0
      RenderTable {TABLE} at (0,32) size 150x349
        RenderTableSection {TBODY} at (0,0) size 150x349
          RenderTableRow {TR} at (0,2) size 150x72
            RenderTableCell {TD} at (2,2) size 72x71.81 [r=0 c=0 rs=1 cs=1]
              RenderBlock {SECTION} at (1,1) size 70x69.81
                RenderBlock {HR} at (0,0) size 70x2 [border: (1px inset #EEEEEE)]
                RenderBlock {H1} at (0,21.91) size 70x26 [border: (1px solid #00FF00)]
                  RenderText {#text} at (1,1) size 68x24
                    text run at (1,1) width 68: "MMM"
                RenderBlock {HR} at (0,67.81) size 70x2 [border: (1px inset #EEEEEE)]
            RenderTableCell {TD} at (76,2) size 72x71.81 [r=0 c=1 rs=1 cs=1]
              RenderBlock {HR} at (1,1) size 70x2 [border: (1px inset #EEEEEE)]
              RenderBlock {H2} at (1,22.91) size 70x26 [border: (1px solid #00FF00)]
                RenderText {#text} at (1,1) size 68x24
                  text run at (1,1) width 68: "MMM"
              RenderBlock {HR} at (1,68.81) size 70x2 [border: (1px inset #EEEEEE)]
          RenderTableRow {TR} at (0,76) size 150x64
            RenderTableCell {TD} at (2,76) size 72x64.44 [r=1 c=0 rs=1 cs=1]
              RenderBlock {ARTICLE} at (1,1) size 70x62.44
                RenderBlock {SECTION} at (0,0) size 70x62.44
                  RenderBlock {HR} at (0,0) size 70x2 [border: (1px inset #EEEEEE)]
                  RenderBlock {H1} at (0,20.72) size 70x21 [border: (1px solid #00FF00)]
                    RenderText {#text} at (1,1) size 53x19
                      text run at (1,1) width 53: "MMM"
                  RenderBlock {HR} at (0,60.44) size 70x2 [border: (1px inset #EEEEEE)]
            RenderTableCell {TD} at (76,76) size 72x64.44 [r=1 c=1 rs=1 cs=1]
              RenderBlock {HR} at (1,1) size 70x2 [border: (1px inset #EEEEEE)]
              RenderBlock {H3} at (1,21.72) size 70x21 [border: (1px solid #00FF00)]
                RenderText {#text} at (1,1) size 53x19
                  text run at (1,1) width 53: "MMM"
              RenderBlock {HR} at (1,61.44) size 70x2 [border: (1px inset #EEEEEE)]
          RenderTableRow {TR} at (0,142) size 150x67
            RenderTableCell {TD} at (2,142) size 72x66.53 [r=2 c=0 rs=1 cs=1]
              RenderBlock {NAV} at (1,1) size 70x64.53
                RenderBlock {ARTICLE} at (0,0) size 70x64.53
                  RenderBlock {SECTION} at (0,0) size 70x64.53
                    RenderBlock {HR} at (0,0) size 70x2 [border: (1px inset #EEEEEE)]
                    RenderBlock {H1} at (0,23.27) size 70x18 [border: (1px solid #00FF00)]
                      RenderText {#text} at (1,1) size 46x16
                        text run at (1,1) width 46: "MMM"
                    RenderBlock {HR} at (0,62.53) size 70x2 [border: (1px inset #EEEEEE)]
            RenderTableCell {TD} at (76,142) size 72x66.53 [r=2 c=1 rs=1 cs=1]
              RenderBlock {HR} at (1,1) size 70x2 [border: (1px inset #EEEEEE)]
              RenderBlock {H4} at (1,24.27) size 70x18 [border: (1px solid #00FF00)]
                RenderText {#text} at (1,1) size 46x16
                  text run at (1,1) width 46: "MMM"
              RenderBlock {HR} at (1,63.53) size 70x2 [border: (1px inset #EEEEEE)]
          RenderTableRow {TR} at (0,211) size 150x65
            RenderTableCell {TD} at (2,211) size 72x65.34 [r=3 c=0 rs=1 cs=1]
              RenderBlock {NAV} at (1,1) size 70x63.34
                RenderBlock {ASIDE} at (0,0) size 70x63.34
                  RenderBlock {ARTICLE} at (0,0) size 70x63.34
                    RenderBlock {SECTION} at (0,0) size 70x63.34
                      RenderBlock {HR} at (0,0) size 70x2 [border: (1px inset #EEEEEE)]
                      RenderBlock {H1} at (0,24.17) size 70x15 [border: (1px solid #00FF00)]
                        RenderText {#text} at (1,1) size 38x13
                          text run at (1,1) width 38: "MMM"
                      RenderBlock {HR} at (0,61.34) size 70x2 [border: (1px inset #EEEEEE)]
            RenderTableCell {TD} at (76,211) size 72x65.34 [r=3 c=1 rs=1 cs=1]
              RenderBlock {HR} at (1,1) size 70x2 [border: (1px inset #EEEEEE)]
              RenderBlock {H5} at (1,25.17) size 70x15 [border: (1px solid #00FF00)]
                RenderText {#text} at (1,1) size 38x13
                  text run at (1,1) width 38: "MMM"
              RenderBlock {HR} at (1,62.34) size 70x2 [border: (1px inset #EEEEEE)]
          RenderTableRow {TR} at (0,278) size 150x69
            RenderTableCell {TD} at (2,278) size 72x68.94 [r=4 c=0 rs=1 cs=1]
              RenderBlock {SECTION} at (1,1) size 70x66.94
                RenderBlock {DIV} at (0,0) size 70x66.94
                  RenderBlock {NAV} at (0,0) size 70x66.94
                    RenderBlock {ASIDE} at (0,0) size 70x66.94
                      RenderBlock {ARTICLE} at (0,0) size 70x66.94
                        RenderBlock {SECTION} at (0,0) size 70x66.94
                          RenderBlock {HR} at (0,0) size 70x2 [border: (1px inset #EEEEEE)]
                          RenderBlock {H1} at (0,26.97) size 70x13 [border: (1px solid #00FF00)]
                            RenderText {#text} at (1,1) size 31x11
                              text run at (1,1) width 31: "MMM"
                          RenderBlock {HR} at (0,64.94) size 70x2 [border: (1px inset #EEEEEE)]
                  RenderBlock {DIV} at (0,66.94) size 70x0
            RenderTableCell {TD} at (76,278) size 72x68.94 [r=4 c=1 rs=1 cs=1]
              RenderBlock {HR} at (1,1) size 70x2 [border: (1px inset #EEEEEE)]
              RenderBlock {H6} at (1,27.97) size 70x13 [border: (1px solid #00FF00)]
                RenderText {#text} at (1,1) size 31x11
                  text run at (1,1) width 31: "MMM"
              RenderBlock {HR} at (1,65.94) size 70x2 [border: (1px inset #EEEEEE)]
      RenderTable {TABLE} at (150,32) size 349x150
        RenderTableSection {TBODY} at (0,0) size 349x150
          RenderTableRow {TR} at (0,2) size 72x150
            RenderTableCell {TD} at (2,2) size 71.81x72 [r=0 c=0 rs=1 cs=1]
              RenderBlock {SECTION} at (1,1) size 69.81x70
                RenderBlock {HR} at (0,0) size 2x70 [border: (1px inset #EEEEEE)]
                RenderBlock {H1} at (21.91,0) size 26x70 [border: (1px solid #00FF00)]
                  RenderText {#text} at (1,1) size 24x68
                    text run at (1,1) width 68: "MMM"
                RenderBlock {HR} at (67.81,0) size 2x70 [border: (1px inset #EEEEEE)]
            RenderTableCell {TD} at (2,76) size 71.81x72 [r=0 c=1 rs=1 cs=1]
              RenderBlock {HR} at (1,1) size 2x70 [border: (1px inset #EEEEEE)]
              RenderBlock {H2} at (22.91,1) size 26x70 [border: (1px solid #00FF00)]
                RenderText {#text} at (1,1) size 24x68
                  text run at (1,1) width 68: "MMM"
              RenderBlock {HR} at (68.81,1) size 2x70 [border: (1px inset #EEEEEE)]
          RenderTableRow {TR} at (0,76) size 64x150
            RenderTableCell {TD} at (76,2) size 64.44x72 [r=1 c=0 rs=1 cs=1]
              RenderBlock {ARTICLE} at (1,1) size 62.44x70
                RenderBlock {SECTION} at (0,0) size 62.44x70
                  RenderBlock {HR} at (0,0) size 2x70 [border: (1px inset #EEEEEE)]
                  RenderBlock {H1} at (20.72,0) size 21x70 [border: (1px solid #00FF00)]
                    RenderText {#text} at (1,1) size 19x53
                      text run at (1,1) width 53: "MMM"
                  RenderBlock {HR} at (60.44,0) size 2x70 [border: (1px inset #EEEEEE)]
            RenderTableCell {TD} at (76,76) size 64.44x72 [r=1 c=1 rs=1 cs=1]
              RenderBlock {HR} at (1,1) size 2x70 [border: (1px inset #EEEEEE)]
              RenderBlock {H3} at (21.72,1) size 21x70 [border: (1px solid #00FF00)]
                RenderText {#text} at (1,1) size 19x53
                  text run at (1,1) width 53: "MMM"
              RenderBlock {HR} at (61.44,1) size 2x70 [border: (1px inset #EEEEEE)]
          RenderTableRow {TR} at (0,142) size 67x150
            RenderTableCell {TD} at (142,2) size 66.53x72 [r=2 c=0 rs=1 cs=1]
              RenderBlock {NAV} at (1,1) size 64.53x70
                RenderBlock {ARTICLE} at (0,0) size 64.53x70
                  RenderBlock {SECTION} at (0,0) size 64.53x70
                    RenderBlock {HR} at (0,0) size 2x70 [border: (1px inset #EEEEEE)]
                    RenderBlock {H1} at (23.27,0) size 18x70 [border: (1px solid #00FF00)]
                      RenderText {#text} at (1,1) size 16x46
                        text run at (1,1) width 46: "MMM"
                    RenderBlock {HR} at (62.53,0) size 2x70 [border: (1px inset #EEEEEE)]
            RenderTableCell {TD} at (142,76) size 66.53x72 [r=2 c=1 rs=1 cs=1]
              RenderBlock {HR} at (1,1) size 2x70 [border: (1px inset #EEEEEE)]
              RenderBlock {H4} at (24.27,1) size 18x70 [border: (1px solid #00FF00)]
                RenderText {#text} at (1,1) size 16x46
                  text run at (1,1) width 46: "MMM"
              RenderBlock {HR} at (63.53,1) size 2x70 [border: (1px inset #EEEEEE)]
          RenderTableRow {TR} at (0,211) size 65x150
            RenderTableCell {TD} at (211,2) size 65.34x72 [r=3 c=0 rs=1 cs=1]
              RenderBlock {NAV} at (1,1) size 63.34x70
                RenderBlock {ASIDE} at (0,0) size 63.34x70
                  RenderBlock {ARTICLE} at (0,0) size 63.34x70
                    RenderBlock {SECTION} at (0,0) size 63.34x70
                      RenderBlock {HR} at (0,0) size 2x70 [border: (1px inset #EEEEEE)]
                      RenderBlock {H1} at (24.17,0) size 15x70 [border: (1px solid #00FF00)]
                        RenderText {#text} at (1,1) size 13x38
                          text run at (1,1) width 38: "MMM"
                      RenderBlock {HR} at (61.34,0) size 2x70 [border: (1px inset #EEEEEE)]
            RenderTableCell {TD} at (211,76) size 65.34x72 [r=3 c=1 rs=1 cs=1]
              RenderBlock {HR} at (1,1) size 2x70 [border: (1px inset #EEEEEE)]
              RenderBlock {H5} at (25.17,1) size 15x70 [border: (1px solid #00FF00)]
                RenderText {#text} at (1,1) size 13x38
                  text run at (1,1) width 38: "MMM"
              RenderBlock {HR} at (62.34,1) size 2x70 [border: (1px inset #EEEEEE)]
          RenderTableRow {TR} at (0,278) size 69x150
            RenderTableCell {TD} at (278,2) size 68.94x72 [r=4 c=0 rs=1 cs=1]
              RenderBlock {SECTION} at (1,1) size 66.94x70
                RenderBlock {DIV} at (0,0) size 66.94x70
                  RenderBlock {NAV} at (0,0) size 66.94x70
                    RenderBlock {ASIDE} at (0,0) size 66.94x70
                      RenderBlock {ARTICLE} at (0,0) size 66.94x70
                        RenderBlock {SECTION} at (0,0) size 66.94x70
                          RenderBlock {HR} at (0,0) size 2x70 [border: (1px inset #EEEEEE)]
                          RenderBlock {H1} at (26.97,0) size 13x70 [border: (1px solid #00FF00)]
                            RenderText {#text} at (1,1) size 11x31
                              text run at (1,1) width 31: "MMM"
                          RenderBlock {HR} at (64.94,0) size 2x70 [border: (1px inset #EEEEEE)]
                  RenderBlock {DIV} at (66.94,0) size 0x70
            RenderTableCell {TD} at (278,76) size 68.94x72 [r=4 c=1 rs=1 cs=1]
              RenderBlock {HR} at (1,1) size 2x70 [border: (1px inset #EEEEEE)]
              RenderBlock {H6} at (27.97,1) size 13x70 [border: (1px solid #00FF00)]
                RenderText {#text} at (1,1) size 11x31
                  text run at (1,1) width 31: "MMM"
              RenderBlock {HR} at (65.94,1) size 2x70 [border: (1px inset #EEEEEE)]
