layer at (0,0) size 800x600
  RenderView at (0,0) size 800x600
layer at (0,0) size 800x600
  RenderBlock {HTML} at (0,0) size 800x600
    RenderBody {BODY} at (8,8) size 784x576
      RenderBlock {P} at (0,0) size 86x38 [border: (3px solid #0000FF)]
        RenderInline {SPAN} at (0,0) size 104x16
          RenderText {#text} at (3,3) size 104x16
            text run at (3,3) width 104: "AAAAAAAAA"
        RenderText {#text} at (106,3) size 128x32
          text run at (106,3) width 25: "AA"
          text run at (3,19) width 22: "BB"
      RenderBlock {P} at (0,54) size 86x22 [border: (3px solid #0000FF)]
        RenderInline {SPAN} at (0,0) size 104x16
          RenderText {#text} at (3,3) size 104x16
            text run at (3,3) width 104: "AAAAAAAAA"
        RenderText {#text} at (106,3) size 59x16
          text run at (106,3) width 59: "AAAAA"
      RenderBlock {P} at (0,92) size 86x38 [border: (3px solid #0000FF)]
        RenderInline {SPAN} at (0,0) size 47x16
          RenderText {#text} at (3,3) size 47x16
            text run at (3,3) width 47: "AAAA"
        RenderText {#text} at (0,0) size 0x0
        RenderInline {SPAN} at (0,0) size 43x16
          RenderText {#text} at (3,19) size 43x16
            text run at (3,19) width 43: "BBBB"
        RenderText {#text} at (45,19) size 55x16
          text run at (45,19) width 55: "BBBBB"
      RenderBlock {P} at (0,146) size 86x38 [border: (3px solid #0000FF)]
        RenderInline {SPAN} at (0,0) size 104x16
          RenderText {#text} at (3,3) size 104x16
            text run at (3,3) width 104: "AAAAAAAAA"
        RenderText {#text} at (106,3) size 128x32
          text run at (106,3) width 25: "AA"
          text run at (3,19) width 20: "ZZ"
        RenderInline {SPAN} at (0,0) size 89x16
          RenderText {#text} at (22,19) size 89x16
            text run at (22,19) width 89: "ZZZZZZZZZ"
      RenderBlock {P} at (0,200) size 86x22 [border: (3px solid #0000FF)]
        RenderInline {SPAN} at (0,0) size 104x16
          RenderText {#text} at (3,3) size 104x16
            text run at (3,3) width 104: "AAAAAAAAA"
        RenderText {#text} at (106,3) size 73x16
          text run at (106,3) width 73: "MMMMM"
        RenderInline {SPAN} at (0,0) size 89x16
          RenderText {#text} at (178,3) size 89x16
            text run at (178,3) width 89: "ZZZZZZZZZ"
      RenderBlock {P} at (0,238) size 86x38 [border: (3px solid #0000FF)]
        RenderText {#text} at (3,3) size 58x16
          text run at (3,3) width 58: "YYYYY"
        RenderInline {SPAN} at (0,0) size 47x16
          RenderText {#text} at (60,3) size 47x16
            text run at (60,3) width 47: "YYYY"
        RenderText {#text} at (0,0) size 0x0
        RenderInline {SPAN} at (0,0) size 40x16
          RenderText {#text} at (3,19) size 40x16
            text run at (3,19) width 40: "ZZZZ"
      RenderBlock {P} at (0,292) size 86x38 [border: (3px solid #0000FF)]
        RenderText {#text} at (3,3) size 24x32
          text run at (3,3) width 24: "YY"
          text run at (3,19) width 20: "ZZ"
        RenderInline {SPAN} at (0,0) size 89x16
          RenderText {#text} at (22,19) size 89x16
            text run at (22,19) width 89: "ZZZZZZZZZ"
      RenderBlock {P} at (0,346) size 86x22 [border: (3px solid #0000FF)]
        RenderText {#text} at (3,3) size 49x16
          text run at (3,3) width 49: "ZZZZZ"
        RenderInline {SPAN} at (0,0) size 89x16
          RenderText {#text} at (51,3) size 89x16
            text run at (51,3) width 89: "ZZZZZZZZZ"
