layer at (0,0) size 800x600
  RenderView at (0,0) size 800x600
layer at (0,0) size 800x600
  RenderBlock {HTML} at (0,0) size 800x600
    RenderBody {BODY} at (8,8) size 784x570.56
      RenderBlock {P} at (0,0) size 784x32
        RenderText {#text} at (0,0) size 767x32
          text run at (0,0) width 767: "This tests handling of duplicated properties in inline style declarations. Using !important should have an effect. See bug"
          text run at (0,16) width 44: "#4128."
      RenderBlock {H1} at (0,53.44) size 784x32 [color=#FF0000]
        RenderText {#text} at (0,0) size 254x32
          text run at (0,0) width 254: "This should be red"
      RenderBlock {H1} at (0,106.88) size 784x32 [color=#00FF00]
        RenderText {#text} at (0,0) size 284x32
          text run at (0,0) width 284: "This should be green"
      RenderBlock {H1} at (0,160.31) size 784x32 [color=#FF0000]
        RenderText {#text} at (0,0) size 254x32
          text run at (0,0) width 254: "This should be red"
      RenderBlock {H1} at (0,213.75) size 784x32 [color=#FF0000]
        RenderText {#text} at (0,0) size 254x32
          text run at (0,0) width 254: "This should be red"
