layer at (0,0) size 800x600
  RenderView at (0,0) size 800x600
layer at (0,0) size 800x600
  RenderBlock {HTML} at (0,0) size 800x600
    RenderBody {BODY} at (8,8) size 784x584
      RenderTextControl {INPUT} at (0,0) size 427x82 [bgcolor=#FFFFFF] [border: (2px inset #EEEEEE)]
        RenderFlexibleBox {DIV} at (3,3) size 421x47
          RenderBlock {DIV} at (0,23.50) size 6x0
          RenderBlock {DIV} at (6,0) size 400x47
      RenderBR {BR} at (427,42) size 0x0
      RenderTextControl {INPUT} at (0,82) size 427x82 [bgcolor=#FFFFFF] [border: (2px inset #EEEEEE)]
      RenderBR {BR} at (427,124) size 0x0
      RenderTextControl {INPUT} at (0,164) size 222x25 [bgcolor=#FFFFFF] [border: (2px inset #EEEEEE)]
        RenderFlexibleBox {DIV} at (6,1) size 210x23
          RenderBlock {DIV} at (0,11.50) size 6x0
          RenderBlock {DIV} at (6,0) size 189x23
layer at (17,11) size 400x47 scrollWidth 409
  RenderBlock {DIV} at (0,0) size 400x47
    RenderText {#text} at (0,0) size 408x47
      text run at (0,0) width 408: "value jgq not clipped"
layer at (11,93) size 421x47
  RenderBlock {DIV} at (3,3) size 421x47
    RenderText {#text} at (0,0) size 408x47
      text run at (0,0) width 408: "value jgq not clipped"
layer at (20,173) size 189x23
  RenderBlock {DIV} at (0,0) size 189x23
    RenderText {#text} at (0,0) size 127x23
      text run at (0,0) width 127: "Sample Input"
layer at (418,28) size 14x14 transparent
  RenderBlock {DIV} at (407,16.50) size 14x14
layer at (210,178) size 14x14 transparent
  RenderBlock {DIV} at (196,4.50) size 14x14
