layer at (0,0) size 800x600
  RenderView at (0,0) size 800x600
layer at (0,0) size 800x600
  RenderBlock {HTML} at (0,0) size 800x600
    RenderBody {BODY} at (8,8) size 784x584
      RenderBlock (anonymous) at (0,0) size 784x16
        RenderText {#text} at (0,0) size 445x16
          text run at (0,0) width 227: "There should be only green below. "
          text run at (226,0) width 219: "If you see RED the test has failed."
      RenderBlock {DIV} at (0,16) size 784x16 [bgcolor=#008000]
      RenderBlock {DIV} at (0,32) size 784x16 [bgcolor=#008000]
      RenderBlock {DIV} at (0,48) size 784x16 [bgcolor=#008000]
      RenderBlock {DIV} at (0,64) size 784x16 [bgcolor=#008000]
      RenderBlock {DIV} at (0,80) size 784x16 [bgcolor=#008000]
      RenderBlock {DIV} at (0,96) size 784x16 [bgcolor=#008000]
      RenderBlock {DIV} at (0,112) size 784x16 [bgcolor=#008000]
      RenderBlock {DIV} at (0,128) size 784x16 [bgcolor=#008000]
      RenderBlock {DIV} at (0,144) size 784x16 [bgcolor=#008000]
      RenderBlock {DIV} at (0,160) size 784x16 [bgcolor=#008000]
      RenderBlock {DIV} at (0,176) size 784x16 [bgcolor=#008000]
      RenderBlock {DIV} at (0,192) size 784x16 [bgcolor=#008000]
      RenderBlock {DIV} at (0,208) size 784x16 [bgcolor=#008000]
      RenderBlock {DIV} at (0,224) size 784x16 [bgcolor=#008000]
      RenderBlock {DIV} at (0,240) size 784x16 [bgcolor=#008000]
      RenderBlock {DIV} at (0,256) size 784x16 [bgcolor=#008000]
      RenderBlock {DIV} at (0,272) size 784x16 [bgcolor=#008000]
      RenderBlock {DIV} at (0,288) size 784x16 [bgcolor=#008000]
      RenderBlock {DIV} at (0,304) size 784x16 [bgcolor=#008000]
      RenderBlock {DIV} at (0,320) size 784x16 [bgcolor=#008000]
      RenderBlock {DIV} at (0,336) size 784x16 [bgcolor=#008000]
