layer at (0,0) size 800x600
  RenderView at (0,0) size 800x600
layer at (0,0) size 800x192
  RenderBlock {HTML} at (0,0) size 800x192
    RenderBody {BODY} at (8,16) size 784x168
      RenderBlock {P} at (0,0) size 784x32
        RenderText {#text} at (0,0) size 766x32
          text run at (0,0) width 766: "The following two phrases should appear identical. The second line of text should overlap both the first line and the red"
          text run at (0,16) width 46: "border."
      RenderBlock {DIV} at (0,48) size 424x52 [border: (2px solid #FF0000)]
        RenderBlock {DIV} at (12,12) size 400x38
          RenderText {#text} at (0,-17) size 398x72
            text run at (0,-17) width 398: "Lorem ipsum dolor"
            text run at (0,2) width 169: "sit amet"
      RenderBlock (anonymous) at (0,100) size 784x16
        RenderBR {BR} at (0,0) size 0x16
      RenderBlock {DIV} at (0,116) size 424x52 [border: (2px solid #FF0000)]
        RenderBlock {DIV} at (12,12) size 400x38
          RenderText {#text} at (0,-17) size 398x72
            text run at (0,-17) width 398: "Lorem ipsum dolor"
            text run at (0,2) width 169: "sit amet"
