layer at (0,0) size 800x600
  RenderView at (0,0) size 800x600
layer at (0,0) size 800x600
  RenderBlock {HTML} at (0,0) size 800x600
    RenderBody {BODY} at (8,8) size 784x584
      RenderText {#text} at (0,39) size 295x16
        text run at (0,39) width 295: "The following inputs should not be stretched. "
      RenderBlock {INPUT} at (297.08,3) size 12x50
      RenderText {#text} at (311,39) size 5x16
        text run at (311,39) width 5: " "
      RenderBlock {INPUT} at (318.89,3) size 12x50
      RenderText {#text} at (0,0) size 0x0
