layer at (0,0) size 800x600
  RenderView at (0,0) size 800x600
layer at (0,0) size 800x600
  RenderBlock {HTML} at (0,0) size 800x600
    RenderBody {BODY} at (8,8) size 784x576
      RenderBlock {P} at (0,0) size 784x0
        RenderInline {SPAN} at (0,0) size 0x0
        RenderText {#text} at (0,0) size 0x0
        RenderText {#text} at (0,0) size 0x0
      RenderBlock {P} at (0,0) size 784x112
        RenderInline {SPAN} at (0,0) size 0x16
          RenderBR {BR} at (0,0) size 0x16
        RenderText {#text} at (0,0) size 0x0
        RenderBR {BR} at (0,16) size 0x16
        RenderBR {BR} at (0,32) size 0x16
        RenderBR {BR} at (0,48) size 0x16
        RenderBR {BR} at (0,64) size 0x16
        RenderBR {BR} at (0,80) size 0x16
        RenderBR {BR} at (0,96) size 0x16
      RenderBlock {P} at (0,128) size 784x128
        RenderInline {SPAN} at (0,0) size 8x32
          RenderBR {BR} at (0,0) size 0x16
          RenderText {#text} at (0,16) size 8x16
            text run at (0,16) width 8: "x"
        RenderText {#text} at (8,16) size 4x16
          text run at (8,16) width 4: " "
        RenderBR {BR} at (12,28) size 0x0
        RenderBR {BR} at (0,32) size 0x16
        RenderBR {BR} at (0,48) size 0x16
        RenderBR {BR} at (0,64) size 0x16
        RenderBR {BR} at (0,80) size 0x16
        RenderBR {BR} at (0,96) size 0x16
        RenderBR {BR} at (0,112) size 0x16
      RenderBlock {P} at (0,272) size 784x32
        RenderInline {SPAN} at (0,0) size 8x32
          RenderText {#text} at (0,0) size 8x16
            text run at (0,0) width 8: "x"
          RenderBR {BR} at (8,12) size 0x0
          RenderBR {BR} at (0,16) size 0x16
        RenderText {#text} at (0,0) size 0x0
