layer at (0,0) size 800x600
  RenderView at (0,0) size 800x600
layer at (0,0) size 800x264
  RenderBlock {HTML} at (0,0) size 800x264
    RenderBody {BODY} at (8,16) size 784x240
      RenderBlock {P} at (0,0) size 784x32
        RenderText {#text} at (0,0) size 763x32
          text run at (0,0) width 763: "Test passes if each of the orange boxes is sandwiched between two blue boxes and all blue and orange boxes are below"
          text run at (0,16) width 124: "the big yellow box."
layer at (8,64) size 192x192
  RenderBlock (relative positioned) {DIV} at (0,48) size 192x192 [bgcolor=#FFFF00]
    RenderBlock (anonymous) at (0,0) size 192x16
    RenderBlock (anonymous) at (0,32) size 192x16
    RenderBlock (anonymous) at (0,64) size 192x16
    RenderBlock (anonymous) at (0,96) size 192x16
      RenderText {#text} at (0,0) size 0x0
layer at (8,256) size 68x16
  RenderInline (relative positioned) {DIV} at (0,0) size 68x16 [bgcolor=#0000FF]
    RenderText {#text} at (0,0) size 68x16
      text run at (0,0) width 68: "Filler Text"
layer at (8,272) size 192x16
  RenderBlock (anonymous) at (0,16) size 192x16
    RenderBlock {DIV} at (0,0) size 192x16 [bgcolor=#FFA500]
      RenderText {#text} at (0,0) size 68x16
        text run at (0,0) width 68: "Filler Text"
layer at (8,288) size 68x16
  RenderInline (relative positioned) {DIV} at (0,0) size 68x16 [bgcolor=#0000FF]
layer at (8,480) size 68x16
  RenderInline (relative positioned) {DIV} at (0,0) size 68x16
    RenderText {#text} at (0,0) size 68x16
      text run at (0,0) width 68: "Filler Text"
layer at (8,496) size 192x16
  RenderBlock (anonymous) at (0,48) size 192x16
    RenderBlock {DIV} at (0,0) size 192x16 [bgcolor=#FFA500]
      RenderText {#text} at (0,0) size 68x16
        text run at (0,0) width 68: "Filler Text"
layer at (8,320) size 68x16
  RenderInline (relative positioned) {DIV} at (0,0) size 68x16 [bgcolor=#0000FF]
    RenderText {#text} at (0,0) size 0x0
layer at (8,512) size 68x16
  RenderInline (relative positioned) {DIV} at (0,0) size 68x16
    RenderText {#text} at (0,0) size 68x16
      text run at (0,0) width 68: "Filler Text"
layer at (8,336) size 192x16
  RenderBlock (anonymous) at (0,80) size 192x16
    RenderBlock {DIV} at (0,0) size 192x16 [bgcolor=#FFA500]
      RenderText {#text} at (0,0) size 68x16
        text run at (0,0) width 68: "Filler Text"
layer at (8,352) size 68x16
  RenderInline (relative positioned) {DIV} at (0,0) size 68x16 [bgcolor=#0000FF]
    RenderText {#text} at (0,0) size 68x16
      text run at (0,0) width 68: "Filler Text"
