layer at (0,0) size 800x600
  RenderView at (0,0) size 800x600
layer at (0,0) size 800x264
  RenderBlock {HTML} at (0,0) size 800x264
    RenderBody {BODY} at (8,16) size 784x240
      RenderBlock {P} at (0,0) size 784x32
        RenderText {#text} at (0,0) size 770x32
          text run at (0,0) width 770: "Test passes if each of the orange boxes is sandwiched between two blue boxes and two groups of blue and orange boxes"
          text run at (0,16) width 190: "are inside the big yellow box "
          text run at (189,16) width 232: "and the remaining group is below it."
layer at (8,64) size 192x192
  RenderBlock (relative positioned) {DIV} at (0,48) size 192x192 [bgcolor=#FFFF00]
    RenderBlock (anonymous) at (0,0) size 192x16
      RenderInline {DIV} at (0,0) size 68x16 [bgcolor=#0000FF]
        RenderText {#text} at (0,0) size 68x16
          text run at (0,0) width 68: "Filler Text"
    RenderBlock (anonymous) at (0,16) size 192x16
      RenderBlock {DIV} at (0,0) size 192x16 [bgcolor=#FFA500]
        RenderText {#text} at (0,0) size 68x16
          text run at (0,0) width 68: "Filler Text"
    RenderBlock (anonymous) at (0,32) size 192x16
      RenderInline {DIV} at (0,0) size 68x16 [bgcolor=#0000FF]
    RenderBlock (anonymous) at (0,64) size 192x16
      RenderInline {DIV} at (0,0) size 68x16 [bgcolor=#0000FF]
        RenderText {#text} at (0,0) size 0x0
    RenderBlock (anonymous) at (0,80) size 192x16
      RenderBlock {DIV} at (0,0) size 192x16 [bgcolor=#FFA500]
        RenderText {#text} at (0,0) size 68x16
          text run at (0,0) width 68: "Filler Text"
    RenderBlock (anonymous) at (0,96) size 192x16
      RenderInline {DIV} at (0,0) size 68x16 [bgcolor=#0000FF]
        RenderText {#text} at (0,0) size 68x16
          text run at (0,0) width 68: "Filler Text"
      RenderText {#text} at (0,0) size 0x0
layer at (8,288) size 68x16
  RenderInline (relative positioned) {DIV} at (0,0) size 68x16
    RenderText {#text} at (0,0) size 68x16
      text run at (0,0) width 68: "Filler Text"
layer at (8,304) size 192x16
  RenderBlock (anonymous) at (0,48) size 192x16
    RenderBlock {DIV} at (0,0) size 192x16 [bgcolor=#FFA500]
      RenderText {#text} at (0,0) size 68x16
        text run at (0,0) width 68: "Filler Text"
layer at (8,320) size 68x16
  RenderInline (relative positioned) {DIV} at (0,0) size 68x16
    RenderText {#text} at (0,0) size 68x16
      text run at (0,0) width 68: "Filler Text"
