layer at (0,0) size 800x600
  RenderView at (0,0) size 800x600
layer at (0,0) size 800x88
  RenderBlock {HTML} at (0,0) size 800x88
    RenderBody {BODY} at (8,16) size 784x64
      RenderBlock {P} at (0,0) size 784x16
        RenderText {#text} at (0,0) size 572x16
          text run at (0,0) width 572: "Test passes if the blue box sits atop the orange box and both are in the center of the view."
      RenderBlock {DIV} at (0,32) size 192x32 [bgcolor=#FF0000]
        RenderBlock (anonymous) at (0,0) size 192x16
        RenderBlock (anonymous) at (0,32) size 192x0
          RenderText {#text} at (0,0) size 0x0
layer at (200,240) size 76x16
  RenderInline (relative positioned) {SPAN} at (0,0) size 76x16 [bgcolor=#0000FF]
    RenderText {#text} at (0,0) size 76x16
      text run at (0,0) width 76: "Filler Text1"
layer at (200,256) size 192x16
  RenderBlock (anonymous) at (0,16) size 192x16
    RenderBlock {DIV} at (0,0) size 192x16 [bgcolor=#FFA500]
      RenderText {#text} at (0,0) size 68x16
        text run at (0,0) width 68: "Filler Text"
