layer at (0,0) size 800x600
  RenderView at (0,0) size 800x600
layer at (0,0) size 800x600
  RenderBlock {HTML} at (0,0) size 800x600
    RenderBody {BODY} at (8,8) size 784x584
      RenderBlock {HR} at (0,0) size 784x2 [border: (1px inset #EEEEEE)]
      RenderBlock {P} at (0,18) size 784x16
        RenderText {#text} at (0,0) size 55x16
          text run at (0,0) width 55: "Test for "
        RenderInline {I} at (0,0) size 680x16
          RenderInline {A} at (0,0) size 354x16 [color=#0000EE]
            RenderText {#text} at (54,0) size 354x16
              text run at (54,0) width 354: "http://bugzilla.opendarwin.org/show_bug.cgi?id=9547"
          RenderText {#text} at (407,0) size 327x16
            text run at (407,0) width 5: " "
            text run at (411,0) width 323: "Resize corner does not track the mouse accurately"
        RenderText {#text} at (733,0) size 5x16
          text run at (733,0) width 5: "."
      RenderBlock {HR} at (0,50) size 784x2 [border: (1px inset #EEEEEE)]
      RenderBlock (anonymous) at (0,185) size 784x357
        RenderText {#text} at (169,109) size 4x16
          text run at (169,109) width 4: " "
        RenderBR {BR} at (0,0) size 0x0
        RenderText {#text} at (180,166) size 4x16
          text run at (180,166) width 4: " "
        RenderBR {BR} at (0,0) size 0x0
        RenderText {#text} at (0,0) size 0x0
layer at (8,68) size 173x125 clip at (10,70) size 169x121
  RenderBlock {DIV} at (0,60) size 173x125 [border: (2px solid #0000FF)]
layer at (8,193) size 169x121 clip at (10,195) size 165x117
  RenderTextControl {TEXTAREA} at (0,0) size 169x121 [bgcolor=#FFFFFF] [border: (2px solid #0000FF)]
    RenderBlock {DIV} at (4,4) size 161x13
layer at (8,318) size 180x53 clip at (9,319) size 178x51
  RenderTextControl {TEXTAREA} at (0,125) size 180x53 [bgcolor=#FFFFFF] [border: (1px solid #000000)]
    RenderBlock {DIV} at (3,3) size 174x13
layer at (8,375) size 323x175
  RenderPartObject {IFRAME} at (0,182) size 323x175 [border: (2px inset #EEEEEE)]
    layer at (0,0) size 319x171
      RenderView at (0,0) size 319x171
    layer at (0,0) size 319x171
      RenderBlock {HTML} at (0,0) size 319x171
        RenderBody {BODY} at (8,8) size 303x155
