layer at (0,0) size 800x600
  RenderView at (0,0) size 800x600
layer at (0,0) size 800x600
  RenderBlock {HTML} at (0,0) size 800x600
    RenderBody {BODY} at (8,8) size 784x576
      RenderBlock {P} at (0,0) size 784x32
        RenderText {#text} at (0,0) size 218x16
          text run at (0,0) width 218 LTR override: "This tests for a regression against "
        RenderInline {I} at (0,0) size 720x32
          RenderInline {A} at (0,0) size 350x16 [color=#0000EE]
            RenderText {#text} at (217,0) size 350x16
              text run at (217,0) width 350 LTR override: "http://bugzilla.opendarwin.org/show_bug.cgi?id=6334"
          RenderText {#text} at (566,0) size 720x32
            text run at (566,0) width 154 LTR override: " REGRESSION: <input"
            text run at (0,16) width 371 LTR override: "type=\"button\"> text is reversed on \"visual Hebrew\" pages"
        RenderText {#text} at (370,16) size 5x16
          text run at (370,16) width 5 LTR override: "."
      RenderBlock {HR} at (0,48) size 784x2 [border: (1px inset #EEEEEE)]
      RenderBlock {P} at (0,66) size 784x19
        RenderText {#text} at (0,3) size 310x16
          text run at (0,3) width 310 LTR override: "The text on both buttons should like this: \x{5E8}\x{5D5}\x{5EA}\x{5E4}\x{5DB}"
      RenderBlock (anonymous) at (0,101) size 784x36
        RenderButton {BUTTON} at (0,0) size 45.34x18 [bgcolor=#C0C0C0] [border: none (2px outset #C0C0C0) none (2px outset #C0C0C0)]
          RenderBlock (anonymous) at (8,2) size 29.34x13
            RenderText {#text} at (0,0) size 30x13
              text run at (0,0) width 30 LTR override: "\x{5E8}\x{5D5}\x{5EA}\x{5E4}\x{5DB}"
        RenderText {#text} at (45,1) size 5x16
          text run at (45,1) width 5 LTR override: " "
        RenderBR {BR} at (49,13) size 1x0
        RenderButton {INPUT} at (0,18) size 45.34x18 [bgcolor=#C0C0C0]
          RenderBlock (anonymous) at (8,2.50) size 29.34x13
            RenderText {#text} at (0,0) size 30x13
              text run at (0,0) width 30 RTL: "\x{5DB}\x{5E4}\x{5EA}\x{5D5}\x{5E8}"
        RenderText {#text} at (0,0) size 0x0
      RenderBlock {HR} at (0,145) size 784x2 [border: (1px inset #EEEEEE)]
      RenderBlock {P} at (0,163) size 784x16
        RenderText {#text} at (0,0) size 255x16
          text run at (0,0) width 255 LTR override: "The following lines should be identical:"
      RenderBlock {P} at (0,195) size 784x19
        RenderText {#text} at (0,3) size 81x16
          text run at (0,3) width 16: "21"
          text run at (16,3) width 65 RTL: "\x{5D4}\x{5DE}\x{5D0}\x{5D4} \x{5D4}-"
      RenderBlock {P} at (0,230) size 784x19
        RenderText {#text} at (0,3) size 81x16
          text run at (0,3) width 81 LTR override: "21-\x{5D4} \x{5D4}\x{5D0}\x{5DE}\x{5D4}"
