layer at (0,0) size 800x600
  RenderView at (0,0) size 800x600
layer at (0,0) size 800x600
  RenderBlock {HTML} at (0,0) size 800x600
    RenderBody {BODY} at (8,8) size 784x576
      RenderBlock {H1} at (0,0) size 784x32
        RenderText {#text} at (0,0) size 254x32
          text run at (0,0) width 254: "setAttribute() Test"
      RenderBlock {P} at (0,53.44) size 784x16 [color=#008000]
        RenderText {#text} at (0,0) size 481x16
          text run at (0,0) width 481: "This element's Class attribute is set using setAttribute(). It should be green."
      RenderBlock {P} at (0,85.44) size 784x16 [color=#008000]
        RenderText {#text} at (0,0) size 463x16
          text run at (0,0) width 463: "This element's ID attribute is set using setAttribute(). It should be green."
      RenderBlock {P} at (0,117.44) size 784x16 [color=#008000]
        RenderText {#text} at (0,0) size 477x16
          text run at (0,0) width 477: "This element's Title attribute is set using setAttribute(). It should be green."
      RenderBlock {P} at (0,149.44) size 784x16 [color=#008000]
        RenderText {#text} at (0,0) size 402x16
          text run at (0,0) width 402: "This element's Title attribute is hard-coded. It should be green."
      RenderBlock {P} at (0,181.44) size 784x16 [color=#008000]
        RenderText {#text} at (0,0) size 479x16
          text run at (0,0) width 479: "This element's Lang attribute is set using setAttribute(). It should be green."
