layer at (0,0) size 800x600
  RenderView at (0,0) size 800x600
layer at (0,0) size 800x376
  RenderBlock {HTML} at (0,0) size 800x376
    RenderBody {BODY} at (8,8) size 784x348
layer at (8,8) size 343x26 clip at (13,13) size 333x16 scrollWidth 763
  RenderBlock {DIV} at (0,0) size 343x26 [border: (5px solid #008000)]
    RenderText {#text} at (25,5) size 738x16
      text run at (25,5) width 738: "Lorem ipsum dolor sit amet, consectetur adipiscing elit. Vivamus vitae eros non libero faucibus sagittis sed ut eros."
layer at (8,54) size 343x26 clip at (13,59) size 333x16 scrollX 431.00 scrollWidth 764
  RenderBlock {DIV} at (0,46) size 343x26 [border: (5px solid #008000)]
    RenderText {#text} at (-406,5) size 739x16
      text run at (-406,5) width 738 RTL override: "Lorem ipsum dolor sit amet, consectetur adipiscing elit. Vivamus vitae eros non libero faucibus sagittis sed ut eros."
layer at (8,100) size 343x26 clip at (13,105) size 333x16 scrollWidth 764
  RenderBlock {DIV} at (0,92) size 343x26 [border: (5px solid #008000)]
    RenderText {#text} at (26,5) size 739x16
      text run at (26,5) width 739: "Lorem ipsum dolor sit amet, consectetur adipiscing elit. Vivamus vitae eros non libero faucibus sagittis sed ut eros."
layer at (8,146) size 343x26 clip at (13,151) size 333x16 scrollX 429.00 scrollWidth 763
  RenderBlock {DIV} at (0,138) size 343x26 [border: (5px solid #008000)]
    RenderText {#text} at (-404,5) size 738x16
      text run at (-404,5) width 737 RTL override: "Lorem ipsum dolor sit amet, consectetur adipiscing elit. Vivamus vitae eros non libero faucibus sagittis sed ut eros."
layer at (8,192) size 343x26 clip at (13,197) size 333x16 scrollWidth 764
  RenderBlock {DIV} at (0,184) size 343x26 [border: (5px solid #008000)]
    RenderText {#text} at (25,5) size 739x16
      text run at (25,5) width 739: "Lorem ipsum dolor sit amet, consectetur adipiscing elit. Vivamus vitae eros non libero faucibus sagittis sed ut eros."
layer at (8,238) size 343x26 clip at (13,243) size 333x16 scrollX 430.00 scrollWidth 764
  RenderBlock {DIV} at (0,230) size 343x26 [border: (5px solid #008000)]
    RenderText {#text} at (-405,5) size 739x16
      text run at (-405,5) width 738 RTL override: "Lorem ipsum dolor sit amet, consectetur adipiscing elit. Vivamus vitae eros non libero faucibus sagittis sed ut eros."
layer at (8,284) size 343x26 clip at (13,289) size 333x16 scrollWidth 763
  RenderBlock {DIV} at (0,276) size 343x26 [border: (5px solid #008000)]
    RenderText {#text} at (25,5) size 738x16
      text run at (25,5) width 738: "Lorem ipsum dolor sit amet, consectetur adipiscing elit. Vivamus vitae eros non libero faucibus sagittis sed ut eros."
layer at (8,330) size 343x26 clip at (13,335) size 333x16 scrollX 429.00 scrollWidth 763
  RenderBlock {DIV} at (0,322) size 343x26 [border: (5px solid #008000)]
    RenderText {#text} at (-404,5) size 738x16
      text run at (-404,5) width 737 RTL override: "Lorem ipsum dolor sit amet, consectetur adipiscing elit. Vivamus vitae eros non libero faucibus sagittis sed ut eros."
