layer at (0,0) size 785x828
  RenderView at (0,0) size 785x600
layer at (0,0) size 785x828
  RenderBlock {HTML} at (0,0) size 785x828.47
    RenderBody {BODY} at (8,8) size 769x800.47
      RenderBlock {P} at (0,0) size 769x16
        RenderText {#text} at (0,0) size 559x16
          text run at (0,0) width 559: "This test checks that text with text-overflow:ellipsis follows 'text-align: right' correctly."
      RenderBlock {P} at (0,32) size 769x16
        RenderText {#text} at (0,0) size 514x16
          text run at (0,0) width 514: "The text in all boxes should be right aligned, sticking to the right side of the box"
      RenderBlock {H3} at (0,66.72) size 769x19
        RenderText {#text} at (0,0) size 83x19
          text run at (0,0) width 83: "Single line"
      RenderBlock {H3} at (0,142.44) size 769x19
        RenderText {#text} at (0,0) size 79x19
          text run at (0,0) width 79: "Multi line"
      RenderBlock {H3} at (0,266.16) size 769x19
        RenderText {#text} at (0,0) size 227x19
          text run at (0,0) width 227: "Containing replaced content"
      RenderBlock {H3} at (0,354.88) size 769x19
        RenderText {#text} at (0,0) size 389x19
          text run at (0,0) width 389: "Containing replaced content blocking the ellipsis"
      RenderBlock {H3} at (0,443.59) size 769x19
        RenderText {#text} at (0,0) size 197x19
          text run at (0,0) width 197: "Right-To-Left single line"
      RenderBlock {H3} at (0,519.31) size 769x19
        RenderText {#text} at (0,0) size 196x19
          text run at (0,0) width 196: "Right-To-Left Multi line"
      RenderBlock {H3} at (0,643.03) size 769x19
        RenderText {#text} at (0,0) size 339x19
          text run at (0,0) width 339: "Right-To-Left containing replaced content"
      RenderBlock {H3} at (0,731.75) size 769x19
        RenderText {#text} at (0,0) size 500x19
          text run at (0,0) width 500: "Right-To-Left containing replaced content blocking the ellipsis"
layer at (8,112) size 310x18 clip at (9,113) size 308x16 scrollWidth 739
  RenderBlock {DIV} at (0,104.44) size 310x18 [border: (1px solid #000000)]
    RenderText {#text} at (2,1) size 739x16
      text run at (2,1) width 739: "Lorem ipsum dolor sit amet, consectetur adipiscing elit. Vivamus vitae eros non libero faucibus sagittis sed ut eros."
layer at (8,188) size 310x66 clip at (9,189) size 308x64 scrollWidth 739
  RenderBlock {DIV} at (0,180.16) size 310x66 [border: (1px solid #000000)]
    RenderText {#text} at (2,1) size 739x16
      text run at (2,1) width 739: "Lorem ipsum dolor sit amet, consectetur adipiscing elit. Vivamus vitae eros non libero faucibus sagittis sed ut eros."
    RenderBR {BR} at (0,0) size 0x0
    RenderText {#text} at (1,17) size 729x16
      text run at (1,17) width 729: "orem ipsum dolor sit amet, consectetur adipiscing elit. Vivamus vitae eros non libero faucibus sagittis sed ut eros."
    RenderBR {BR} at (0,0) size 0x0
    RenderText {#text} at (2,33) size 721x16
      text run at (2,33) width 721: "rem ipsum dolor sit amet, consectetur adipiscing elit. Vivamus vitae eros non libero faucibus sagittis sed ut eros."
    RenderBR {BR} at (0,0) size 0x0
    RenderText {#text} at (3,49) size 716x16
      text run at (3,49) width 716: "em ipsum dolor sit amet, consectetur adipiscing elit. Vivamus vitae eros non libero faucibus sagittis sed ut eros."
    RenderBR {BR} at (0,0) size 0x0
layer at (8,312) size 310x31 clip at (9,313) size 308x29 scrollWidth 767
  RenderBlock {DIV} at (0,303.88) size 310x31 [border: (1px solid #000000)]
    RenderText {#text} at (1,14) size 187x16
      text run at (1,14) width 187: "Lorem ipsum dolor sit amet, "
    RenderImage {IMG} at (187.14,1) size 25x25
    RenderText {#text} at (212,14) size 557x16
      text run at (212,14) width 557: " consectetur adipiscing elit. Vivamus vitae eros non libero faucibus sagittis sed ut eros."
layer at (8,401) size 310x31 clip at (9,402) size 308x29 scrollWidth 763
  RenderBlock {DIV} at (0,392.59) size 310x31 [border: (1px solid #000000)]
    RenderText {#text} at (1,14) size 278x16
      text run at (1,14) width 278: "Lorem ipsum dolor sit amet, consectetur ad"
    RenderImage {IMG} at (278.70,1) size 25x25
    RenderText {#text} at (303,14) size 461x16
      text run at (303,14) width 461: "ipiscing elit. Vivamus vitae eros non libero faucibus sagittis sed ut eros."
layer at (8,489) size 310x18 clip at (9,490) size 308x16 scrollX 429.00 scrollWidth 738
  RenderBlock {DIV} at (0,481.31) size 310x18 [border: (1px solid #000000)]
    RenderText {#text} at (-428,1) size 738x16
      text run at (-428,1) width 737 RTL override: "Lorem ipsum dolor sit amet, consectetur adipiscing elit. Vivamus vitae eros non libero faucibus sagittis sed ut eros."
layer at (8,565) size 310x66 clip at (9,566) size 308x64 scrollX 429.00 scrollWidth 738
  RenderBlock {DIV} at (0,557.03) size 310x66 [border: (1px solid #000000)]
    RenderText {#text} at (-428,1) size 738x16
      text run at (-428,1) width 737 RTL override: "Lorem ipsum dolor sit amet, consectetur adipiscing elit. Vivamus vitae eros non libero faucibus sagittis sed ut eros."
    RenderBR {BR} at (0,0) size 0x0
    RenderText {#text} at (-418,17) size 728x16
      text run at (-418,17) width 727 RTL override: "orem ipsum dolor sit amet, consectetur adipiscing elit. Vivamus vitae eros non libero faucibus sagittis sed ut eros."
    RenderBR {BR} at (0,0) size 0x0
    RenderText {#text} at (-410,33) size 720x16
      text run at (-410,33) width 719 RTL override: "rem ipsum dolor sit amet, consectetur adipiscing elit. Vivamus vitae eros non libero faucibus sagittis sed ut eros."
    RenderBR {BR} at (0,0) size 0x0
    RenderText {#text} at (-405,49) size 715x16
      text run at (-405,49) width 714 RTL override: "em ipsum dolor sit amet, consectetur adipiscing elit. Vivamus vitae eros non libero faucibus sagittis sed ut eros."
    RenderBR {BR} at (0,0) size 0x0
layer at (8,689) size 310x31 clip at (9,690) size 308x29 scrollX 458.00 scrollWidth 767
  RenderBlock {DIV} at (0,680.75) size 310x31 [border: (1px solid #000000)]
    RenderText {#text} at (123,14) size 186x16
      text run at (123,14) width 186 RTL override: "Lorem ipsum dolor sit amet, "
    RenderImage {IMG} at (98.25,1) size 25x25
    RenderText {#text} at (-457,14) size 557x16
      text run at (-457,14) width 556 RTL override: " consectetur adipiscing elit. Vivamus vitae eros non libero faucibus sagittis sed ut eros."
layer at (8,777) size 310x31 clip at (9,778) size 308x29 scrollX 454.00 scrollWidth 763
  RenderBlock {DIV} at (0,769.47) size 310x31 [border: (1px solid #000000)]
    RenderText {#text} at (31,14) size 278x16
      text run at (31,14) width 278 RTL override: "Lorem ipsum dolor sit amet, consectetur ad"
    RenderImage {IMG} at (6.30,1) size 25x25
    RenderText {#text} at (-453,14) size 461x16
      text run at (-453,14) width 460 RTL override: "ipiscing elit. Vivamus vitae eros non libero faucibus sagittis sed ut eros."
