layer at (0,0) size 800x600
  RenderView at (0,0) size 800x600
layer at (0,0) size 800x188
  RenderBlock {HTML} at (0,0) size 800x188
    RenderBody {BODY} at (8,8) size 784x172
      RenderBlock (anonymous) at (0,0) size 784x64
        RenderText {#text} at (0,0) size 580x16
          text run at (0,0) width 580: "Each consecutive pair of lines should look exactly the same apart from the trailing ellipsis."
        RenderBR {BR} at (579,0) size 1x16
        RenderText {#text} at (0,16) size 550x16
          text run at (0,16) width 550: "The ellipsis should appear on the left for the RTL case and on the right for LTR case. "
        RenderBR {BR} at (0,0) size 0x0
        RenderBR {BR} at (0,32) size 0x16
        RenderText {#text} at (0,48) size 63x16
          text run at (0,48) width 63: "RTL text:"
      RenderBlock (anonymous) at (0,102) size 784x32
        RenderBR {BR} at (0,0) size 0x16
        RenderText {#text} at (0,16) size 64x16
          text run at (0,16) width 64: "LTR Text"
layer at (8,72) size 207x19 scrollX 154.00 scrollWidth 362
  RenderBlock {DIV} at (0,64) size 207x19
    RenderText {#text} at (-154,3) size 362x16
      text run at (-154,3) width 0 RTL: "\x{202C}"
      text run at (-154,3) width 275 RTL: " \x{5D8}\x{5E7}\x{5E1}\x{5D8} \x{5E2}\x{5D1}\x{5E8}\x{5D9} \x{5DC}\x{5D3}\x{5D5}\x{5D2}\x{5DE}\x{5D0} \x{5D8}\x{5E7}\x{5E1}\x{5D8} \x{5E2}\x{5D1}\x{5E8}\x{5D9} \x{5DC}\x{5D3}\x{5D5}\x{5D2}\x{5DE}\x{5D0} "
      text run at (120,3) width 83: "English Text"
      text run at (203,3) width 4 RTL: "\x{202B} "
layer at (8,91) size 207x19 scrollX 154.00 scrollWidth 362
  RenderBlock {DIV} at (0,83) size 207x19
    RenderText {#text} at (-154,3) size 362x16
      text run at (-154,3) width 0 RTL: "\x{202C}"
      text run at (-154,3) width 275 RTL: " \x{5D8}\x{5E7}\x{5E1}\x{5D8} \x{5E2}\x{5D1}\x{5E8}\x{5D9} \x{5DC}\x{5D3}\x{5D5}\x{5D2}\x{5DE}\x{5D0} \x{5D8}\x{5E7}\x{5E1}\x{5D8} \x{5E2}\x{5D1}\x{5E8}\x{5D9} \x{5DC}\x{5D3}\x{5D5}\x{5D2}\x{5DE}\x{5D0} "
      text run at (120,3) width 83: "English Text"
      text run at (203,3) width 4 RTL: "\x{202B} "
layer at (8,142) size 207x19 scrollWidth 262
  RenderBlock {DIV} at (0,134) size 207x19
    RenderText {#text} at (0,3) size 263x16
      text run at (0,3) width 37 RTL: "\x{5DE}\x{5D9}\x{5DC}\x{5D4}"
      text run at (36,3) width 41: " word "
      text run at (76,3) width 42 RTL: "\x{5D0}\x{5D7}\x{5E8}\x{5EA}"
      text run at (117,3) width 57: " another "
      text run at (173,3) width 29 RTL: "\x{5D5}\x{5E2}\x{5D5}\x{5D3}"
      text run at (201,3) width 29: " yet "
      text run at (229,3) width 34 RTL: "\x{5D0}\x{5D7}\x{5EA}"
layer at (8,161) size 207x19 scrollWidth 262
  RenderBlock {DIV} at (0,153) size 207x19
    RenderText {#text} at (0,3) size 263x16
      text run at (0,3) width 37 RTL: "\x{5DE}\x{5D9}\x{5DC}\x{5D4}"
      text run at (36,3) width 41: " word "
      text run at (76,3) width 42 RTL: "\x{5D0}\x{5D7}\x{5E8}\x{5EA}"
      text run at (117,3) width 57: " another "
      text run at (173,3) width 29 RTL: "\x{5D5}\x{5E2}\x{5D5}\x{5D3}"
      text run at (201,3) width 29: " yet "
      text run at (229,3) width 34 RTL: "\x{5D0}\x{5D7}\x{5EA}"
