layer at (0,0) size 785x844
  RenderView at (0,0) size 785x600
layer at (0,0) size 785x844
  RenderBlock {HTML} at (0,0) size 785x844.47
    RenderBody {BODY} at (8,8) size 769x816.47
      RenderBlock {P} at (0,0) size 769x16
        RenderText {#text} at (0,0) size 569x16
          text run at (0,0) width 569: "This test checks that text with text-overflow:ellipsis follows 'text-align: justify' correctly."
      RenderBlock {P} at (0,32) size 769x32
        RenderText {#text} at (0,0) size 756x32
          text run at (0,0) width 756: "LTR text should be aligned with the left hand side of their box. RTL text should be aligned with the right hand side of"
          text run at (0,16) width 62: "their box."
      RenderBlock {H3} at (0,82.72) size 769x19
        RenderText {#text} at (0,0) size 83x19
          text run at (0,0) width 83: "Single line"
      RenderBlock {H3} at (0,158.44) size 769x19
        RenderText {#text} at (0,0) size 79x19
          text run at (0,0) width 79: "Multi line"
      RenderBlock {H3} at (0,282.16) size 769x19
        RenderText {#text} at (0,0) size 227x19
          text run at (0,0) width 227: "Containing replaced content"
      RenderBlock {H3} at (0,370.88) size 769x19
        RenderText {#text} at (0,0) size 389x19
          text run at (0,0) width 389: "Containing replaced content blocking the ellipsis"
      RenderBlock {H3} at (0,459.59) size 769x19
        RenderText {#text} at (0,0) size 197x19
          text run at (0,0) width 197: "Right-To-Left single line"
      RenderBlock {H3} at (0,535.31) size 769x19
        RenderText {#text} at (0,0) size 196x19
          text run at (0,0) width 196: "Right-To-Left Multi line"
      RenderBlock {H3} at (0,659.03) size 769x19
        RenderText {#text} at (0,0) size 339x19
          text run at (0,0) width 339: "Right-To-Left containing replaced content"
      RenderBlock {H3} at (0,747.75) size 769x19
        RenderText {#text} at (0,0) size 500x19
          text run at (0,0) width 500: "Right-To-Left containing replaced content blocking the ellipsis"
layer at (8,128) size 310x18 clip at (9,129) size 308x16 scrollWidth 738
  RenderBlock {DIV} at (0,120.44) size 310x18 [border: (1px solid #000000)]
    RenderText {#text} at (1,1) size 738x16
      text run at (1,1) width 738: "Lorem ipsum dolor sit amet, consectetur adipiscing elit. Vivamus vitae eros non libero faucibus sagittis sed ut eros."
layer at (8,204) size 310x66 clip at (9,205) size 308x64 scrollWidth 738
  RenderBlock {DIV} at (0,196.16) size 310x66 [border: (1px solid #000000)]
    RenderText {#text} at (1,1) size 738x16
      text run at (1,1) width 738: "Lorem ipsum dolor sit amet, consectetur adipiscing elit. Vivamus vitae eros non libero faucibus sagittis sed ut eros."
    RenderBR {BR} at (0,0) size 0x0
    RenderText {#text} at (1,17) size 728x16
      text run at (1,17) width 728: "orem ipsum dolor sit amet, consectetur adipiscing elit. Vivamus vitae eros non libero faucibus sagittis sed ut eros."
    RenderBR {BR} at (0,0) size 0x0
    RenderText {#text} at (1,33) size 720x16
      text run at (1,33) width 720: "rem ipsum dolor sit amet, consectetur adipiscing elit. Vivamus vitae eros non libero faucibus sagittis sed ut eros."
    RenderBR {BR} at (0,0) size 0x0
    RenderText {#text} at (1,49) size 715x16
      text run at (1,49) width 715: "em ipsum dolor sit amet, consectetur adipiscing elit. Vivamus vitae eros non libero faucibus sagittis sed ut eros."
    RenderBR {BR} at (0,0) size 0x0
layer at (8,328) size 310x31 clip at (9,329) size 308x29 scrollWidth 767
  RenderBlock {DIV} at (0,319.88) size 310x31 [border: (1px solid #000000)]
    RenderText {#text} at (1,14) size 186x16
      text run at (1,14) width 186: "Lorem ipsum dolor sit amet, "
    RenderImage {IMG} at (186.75,1) size 25x25
    RenderText {#text} at (211,14) size 557x16
      text run at (211,14) width 557: " consectetur adipiscing elit. Vivamus vitae eros non libero faucibus sagittis sed ut eros."
layer at (8,417) size 310x31 clip at (9,418) size 308x29 scrollWidth 763
  RenderBlock {DIV} at (0,408.59) size 310x31 [border: (1px solid #000000)]
    RenderText {#text} at (1,14) size 278x16
      text run at (1,14) width 278: "Lorem ipsum dolor sit amet, consectetur ad"
    RenderImage {IMG} at (278.70,1) size 25x25
    RenderText {#text} at (303,14) size 461x16
      text run at (303,14) width 461: "ipiscing elit. Vivamus vitae eros non libero faucibus sagittis sed ut eros."
layer at (8,505) size 310x18 clip at (9,506) size 308x16 scrollX 429.00 scrollWidth 738
  RenderBlock {DIV} at (0,497.31) size 310x18 [border: (1px solid #000000)]
    RenderText {#text} at (-428,1) size 738x16
      text run at (-428,1) width 737 RTL override: "Lorem ipsum dolor sit amet, consectetur adipiscing elit. Vivamus vitae eros non libero faucibus sagittis sed ut eros."
layer at (8,581) size 310x66 clip at (9,582) size 308x64
  RenderBlock {DIV} at (0,573.03) size 310x66 [border: (1px solid #000000)]
    RenderText {#text} at (1,1) size 738x16
      text run at (1,1) width 738 RTL override: "Lorem ipsum dolor sit amet, consectetur adipiscing elit. Vivamus vitae eros non libero faucibus sagittis sed ut eros."
    RenderBR {BR} at (0,0) size 0x0
    RenderText {#text} at (1,17) size 728x16
      text run at (1,17) width 728 RTL override: "orem ipsum dolor sit amet, consectetur adipiscing elit. Vivamus vitae eros non libero faucibus sagittis sed ut eros."
    RenderBR {BR} at (0,0) size 0x0
    RenderText {#text} at (1,33) size 720x16
      text run at (1,33) width 720 RTL override: "rem ipsum dolor sit amet, consectetur adipiscing elit. Vivamus vitae eros non libero faucibus sagittis sed ut eros."
    RenderBR {BR} at (0,0) size 0x0
    RenderText {#text} at (1,49) size 715x16
      text run at (1,49) width 715 RTL override: "em ipsum dolor sit amet, consectetur adipiscing elit. Vivamus vitae eros non libero faucibus sagittis sed ut eros."
    RenderBR {BR} at (0,0) size 0x0
layer at (8,705) size 310x31 clip at (9,706) size 308x29 scrollX 458.00 scrollWidth 767
  RenderBlock {DIV} at (0,696.75) size 310x31 [border: (1px solid #000000)]
    RenderText {#text} at (123,14) size 186x16
      text run at (123,14) width 186 RTL override: "Lorem ipsum dolor sit amet, "
    RenderImage {IMG} at (98.25,1) size 25x25
    RenderText {#text} at (-457,14) size 557x16
      text run at (-457,14) width 556 RTL override: " consectetur adipiscing elit. Vivamus vitae eros non libero faucibus sagittis sed ut eros."
layer at (8,793) size 310x31 clip at (9,794) size 308x29 scrollX 454.00 scrollWidth 763
  RenderBlock {DIV} at (0,785.47) size 310x31 [border: (1px solid #000000)]
    RenderText {#text} at (31,14) size 278x16
      text run at (31,14) width 278 RTL override: "Lorem ipsum dolor sit amet, consectetur ad"
    RenderImage {IMG} at (6.30,1) size 25x25
    RenderText {#text} at (-453,14) size 461x16
      text run at (-453,14) width 460 RTL override: "ipiscing elit. Vivamus vitae eros non libero faucibus sagittis sed ut eros."
