layer at (0,0) size 800x600
  RenderView at (0,0) size 800x600
layer at (0,0) size 800x600
  RenderBlock {HTML} at (0,0) size 800x600
    RenderBody {BODY} at (8,8) size 784x576
      RenderBlock {P} at (0,0) size 784x16
        RenderText {#text} at (0,0) size 54x16
          text run at (0,0) width 54: "Bullets: "
        RenderInline {SPAN} at (0,0) size 18x16
          RenderText {#text} at (53,0) size 18x16
            text run at (53,0) width 18: "\x{2022}\x{2022}\x{2022}"
        RenderText {#text} at (70,0) size 5x16
          text run at (70,0) width 5: "."
      RenderBlock {P} at (0,32) size 784x19
        RenderText {#text} at (0,3) size 60x16
          text run at (0,3) width 60: "Squares: "
        RenderInline {SPAN} at (0,0) size 27x16
          RenderText {#text} at (59,3) size 27x16
            text run at (59,3) width 27: "\x{25A0}\x{25A0}\x{25A0}"
        RenderText {#text} at (85,3) size 5x16
          text run at (85,3) width 5: "."
      RenderBlock {P} at (0,67) size 784x19
        RenderText {#text} at (0,3) size 54x16
          text run at (0,3) width 54: "Circles: "
        RenderInline {SPAN} at (0,0) size 29x16
          RenderText {#text} at (53,3) size 29x16
            text run at (53,3) width 29: "\x{25E6}\x{25E6}\x{25E6}"
        RenderText {#text} at (81,3) size 5x16
          text run at (81,3) width 5: "."
      RenderBlock {P} at (0,102) size 784x16
        RenderText {#text} at (0,0) size 85x16
          text run at (0,0) width 85: "Plain letters: "
        RenderInline {SPAN} at (0,0) size 25x16
          RenderText {#text} at (84,0) size 25x16
            text run at (84,0) width 25: "xxx"
        RenderText {#text} at (108,0) size 5x16
          text run at (108,0) width 5: "."
      RenderBlock {P} at (0,134) size 784x16
        RenderText {#text} at (0,0) size 113x16
          text run at (0,0) width 113: "Bullets (invalid): "
        RenderInline {SPAN} at (0,0) size 18x16
          RenderText {#text} at (112,0) size 18x16
            text run at (112,0) width 18: "\x{2022}\x{2022}\x{2022}"
        RenderText {#text} at (129,0) size 5x16
          text run at (129,0) width 5: "."
      RenderBlock {P} at (0,166) size 784x16
        RenderText {#text} at (0,0) size 124x16
          text run at (0,0) width 124: "Bullets (dynamic): "
        RenderInline {SPAN} at (0,0) size 18x16
          RenderText {#text} at (123,0) size 18x16
            text run at (123,0) width 18: "\x{2022}\x{2022}\x{2022}"
        RenderText {#text} at (140,0) size 5x16
          text run at (140,0) width 5: "."
