layer at (0,0) size 800x710
  RenderView at (0,0) size 800x600
layer at (0,0) size 800x710
  RenderBlock {HTML} at (0,0) size 800x710
    RenderBody {BODY} at (8,8) size 784x682
      RenderBlock (anonymous) at (0,0) size 784x80
        RenderText {#text} at (0,0) size 573x16
          text run at (0,0) width 573: "This tests checks that the text-overflow:ellipsis property is handled correctly for bidi text."
        RenderBR {BR} at (572,12) size 1x0
        RenderBR {BR} at (0,16) size 0x16
        RenderText {#text} at (0,32) size 760x16
          text run at (0,32) width 760: "Pass if the ellipsis do not overlap the text and the underlines for the links are placed under the text and not the ellipsis. "
        RenderBR {BR} at (759,44) size 1x0
        RenderBR {BR} at (0,48) size 0x16
        RenderText {#text} at (0,64) size 35x16
          text run at (0,64) width 35: "RTL:"
      RenderBlock (anonymous) at (0,122) size 784x16
        RenderText {#text} at (0,0) size 96x16
          text run at (0,0) width 96: "RTL Override:"
      RenderBlock (anonymous) at (0,180) size 784x16
        RenderText {#text} at (0,0) size 64x16
          text run at (0,0) width 64: "RTL link:"
      RenderBlock (anonymous) at (0,238) size 784x16
        RenderText {#text} at (0,0) size 137x16
          text run at (0,0) width 137: "RTL with ltr content:"
      RenderBlock (anonymous) at (0,296) size 784x16
        RenderText {#text} at (0,0) size 166x16
          text run at (0,0) width 166: "RTL link with ltr content:"
      RenderBlock (anonymous) at (0,354) size 784x16
        RenderText {#text} at (0,0) size 64x16
          text run at (0,0) width 64: "LTR link:"
      RenderBlock (anonymous) at (0,412) size 784x16
        RenderText {#text} at (0,0) size 35x16
          text run at (0,0) width 35: "LTR:"
      RenderBlock (anonymous) at (0,470) size 784x16
        RenderText {#text} at (0,0) size 137x16
          text run at (0,0) width 137: "LTR with rtl content:"
      RenderBlock (anonymous) at (0,528) size 784x16
        RenderText {#text} at (0,0) size 182x16
          text run at (0,0) width 182: "LTR with forced rtl content:"
      RenderBlock (anonymous) at (0,586) size 784x16
        RenderText {#text} at (0,0) size 166x16
          text run at (0,0) width 166: "LTR link with rtl content:"
      RenderBlock (anonymous) at (0,644) size 784x16
        RenderText {#text} at (0,0) size 211x16
          text run at (0,0) width 211: "LTR link with forced rtl content:"
layer at (8,88) size 182x22 clip at (9,89) size 180x20 scrollX 191.00 scrollWidth 371
  RenderBlock {DIV} at (0,80) size 182x22 [border: (1px solid #000000)]
    RenderText {#text} at (-190,4) size 372x16
      text run at (-190,4) width 371 RTL: "\x{5DB}\x{5E9}\x{5D4}\x{5D8}\x{5E7}\x{5E1}\x{5D8} \x{5E2}\x{5E8}\x{5D5}\x{5DA} \x{5DE}\x{5D3}\x{5D9} \x{5E0}\x{5E8}\x{5E6}\x{5D4} \x{5DC}\x{5D4}\x{5D5}\x{5E1}\x{5D9}\x{5E3} \x{5D0}\x{5DC}\x{5D9}\x{5E4}\x{5E1}\x{5D5}\x{5EA} \x{5D1}\x{5E1}\x{5D5}\x{5E3} \x{5E9}\x{5D5}\x{5E8}\x{5D4}"
layer at (8,146) size 182x22 clip at (9,147) size 180x20 scrollX 148.00 scrollWidth 328
  RenderBlock {DIV} at (0,138) size 182x22 [border: (1px solid #000000)]
    RenderText {#text} at (-147,1) size 329x16
      text run at (-147,1) width 328 RTL override: "Lorem ipsum dolor sit amet, consectetur adipiscing"
layer at (8,204) size 182x22 clip at (9,205) size 180x20 scrollX 148.00 scrollWidth 328
  RenderBlock {DIV} at (0,196) size 182x22 [border: (1px solid #000000)]
    RenderInline {A} at (0,0) size 329x16 [color=#0000EE]
      RenderText {#text} at (-147,1) size 329x16
        text run at (-147,1) width 328 RTL override: "Lorem ipsum dolor sit amet, consectetur adipiscing"
    RenderText {#text} at (0,0) size 0x0
layer at (8,262) size 182x22 clip at (9,263) size 180x20 scrollX 148.00 scrollWidth 328
  RenderBlock {DIV} at (0,254) size 182x22 [border: (1px solid #000000)]
    RenderText {#text} at (-147,1) size 329x16
      text run at (-147,1) width 328: "Lorem ipsum dolor sit amet, consectetur adipiscing"
layer at (8,320) size 182x22 clip at (9,321) size 180x20 scrollX 148.00 scrollWidth 328
  RenderBlock {DIV} at (0,312) size 182x22 [border: (1px solid #000000)]
    RenderInline {A} at (0,0) size 329x16 [color=#0000EE]
      RenderText {#text} at (-147,1) size 329x16
        text run at (-147,1) width 328: "Lorem ipsum dolor sit amet, consectetur adipiscing"
    RenderText {#text} at (0,0) size 0x0
layer at (8,378) size 182x22 clip at (9,379) size 180x20 scrollWidth 328
  RenderBlock {DIV} at (0,370) size 182x22 [border: (1px solid #000000)]
    RenderInline {A} at (0,0) size 329x16 [color=#0000EE]
      RenderText {#text} at (1,1) size 329x16
        text run at (1,1) width 329: "Lorem ipsum dolor sit amet, consectetur adipiscing"
    RenderText {#text} at (0,0) size 0x0
layer at (8,436) size 182x22 clip at (9,437) size 180x20 scrollWidth 328
  RenderBlock {DIV} at (0,428) size 182x22 [border: (1px solid #000000)]
    RenderText {#text} at (1,1) size 329x16
      text run at (1,1) width 329: "Lorem ipsum dolor sit amet, consectetur adipiscing"
layer at (8,494) size 182x22 clip at (9,495) size 180x20 scrollWidth 371
  RenderBlock {DIV} at (0,486) size 182x22 [border: (1px solid #000000)]
    RenderText {#text} at (1,4) size 372x16
      text run at (1,4) width 372 RTL: "\x{5DB}\x{5E9}\x{5D4}\x{5D8}\x{5E7}\x{5E1}\x{5D8} \x{5E2}\x{5E8}\x{5D5}\x{5DA} \x{5DE}\x{5D3}\x{5D9} \x{5E0}\x{5E8}\x{5E6}\x{5D4} \x{5DC}\x{5D4}\x{5D5}\x{5E1}\x{5D9}\x{5E3} \x{5D0}\x{5DC}\x{5D9}\x{5E4}\x{5E1}\x{5D5}\x{5EA} \x{5D1}\x{5E1}\x{5D5}\x{5E3} \x{5E9}\x{5D5}\x{5E8}\x{5D4}"
layer at (8,552) size 182x22 clip at (9,553) size 180x20 scrollWidth 328
  RenderBlock {DIV} at (0,544) size 182x22 [border: (1px solid #000000)]
    RenderInline {SPAN} at (0,0) size 329x16
      RenderText {#text} at (1,1) size 329x16
        text run at (1,1) width 329 RTL override: "Lorem ipsum dolor sit amet, consectetur adipiscing"
    RenderText {#text} at (0,0) size 0x0
layer at (8,610) size 182x22 clip at (9,611) size 180x20 scrollWidth 371
  RenderBlock {DIV} at (0,602) size 182x22 [border: (1px solid #000000)]
    RenderInline {A} at (0,0) size 372x16 [color=#0000EE]
      RenderText {#text} at (1,4) size 372x16
        text run at (1,4) width 372 RTL: "\x{5DB}\x{5E9}\x{5D4}\x{5D8}\x{5E7}\x{5E1}\x{5D8} \x{5E2}\x{5E8}\x{5D5}\x{5DA} \x{5DE}\x{5D3}\x{5D9} \x{5E0}\x{5E8}\x{5E6}\x{5D4} \x{5DC}\x{5D4}\x{5D5}\x{5E1}\x{5D9}\x{5E3} \x{5D0}\x{5DC}\x{5D9}\x{5E4}\x{5E1}\x{5D5}\x{5EA} \x{5D1}\x{5E1}\x{5D5}\x{5E3} \x{5E9}\x{5D5}\x{5E8}\x{5D4}"
    RenderText {#text} at (0,0) size 0x0
layer at (8,668) size 182x22 clip at (9,669) size 180x20 scrollWidth 328
  RenderBlock {DIV} at (0,660) size 182x22 [border: (1px solid #000000)]
    RenderInline {A} at (0,0) size 329x16 [color=#0000EE]
      RenderText {#text} at (0,0) size 0x0
      RenderInline {SPAN} at (0,0) size 329x16
        RenderText {#text} at (1,1) size 329x16
          text run at (1,1) width 329 RTL override: "Lorem ipsum dolor sit amet, consectetur adipiscing"
      RenderText {#text} at (0,0) size 0x0
    RenderText {#text} at (0,0) size 0x0
