layer at (0,0) size 800x600
  RenderView at (0,0) size 800x600
layer at (0,0) size 800x600
  RenderBlock {HTML} at (0,0) size 800x600
    RenderBody {BODY} at (8,8) size 784x576
      RenderBlock {DIV} at (0,0) size 784x16
        RenderInline {SPAN} at (0,0) size 252x16
          RenderText {#text} at (0,0) size 252x16
            text run at (0,0) width 252: "This should not turn red when hovered."
        RenderText {#text} at (0,0) size 0x0
      RenderBlock {HR} at (0,24) size 784x2 [border: (1px inset #EEEEEE)]
      RenderBlock {P} at (0,42) size 784x32
        RenderText {#text} at (0,0) size 55x16
          text run at (0,0) width 55: "Test for "
        RenderInline {I} at (0,0) size 556x16
          RenderInline {A} at (0,0) size 354x16 [color=#0000EE]
            RenderText {#text} at (54,0) size 354x16
              text run at (54,0) width 354: "http://bugzilla.opendarwin.org/show_bug.cgi?id=7218"
          RenderText {#text} at (407,0) size 203x16
            text run at (407,0) width 203: " Text underlined on mouse over"
        RenderText {#text} at (609,0) size 102x16
          text run at (609,0) width 102: ". This tests that "
        RenderInline {CODE} at (0,0) size 56x13
          RenderText {#text} at (710,2) size 56x13
            text run at (710,2) width 56: "*:hover"
        RenderText {#text} at (0,16) size 261x16
          text run at (0,16) width 261: "does not match anything in quirks mode."
caret: position 1 of child 0 {#text} of child 1 {SPAN} of child 1 {DIV} of body
