layer at (0,0) size 800x600
  RenderView at (0,0) size 800x600
layer at (0,0) size 800x600
  RenderBlock {HTML} at (0,0) size 800x600
    RenderBody {BODY} at (8,8) size 784x584
      RenderInline {B} at (0,0) size 96x16
        RenderText {#text} at (0,28) size 24x16
          text run at (0,28) width 24: "___"
        RenderInline {B} at (0,0) size 72x16
          RenderText {#text} at (24,68) size 24x16
            text run at (24,68) width 24: "___"
          RenderInline {B} at (0,0) size 48x16
            RenderText {#text} at (48,108) size 24x16
              text run at (48,108) width 24: "___"
            RenderInline {B} at (0,0) size 24x16
              RenderText {#text} at (72,148) size 24x16
                text run at (72,148) width 24: "___"
