layer at (0,0) size 800x600
  RenderView at (0,0) size 800x600
layer at (0,0) size 800x600
  RenderBlock {HTML} at (0,0) size 800x600
    RenderBody {BODY} at (8,8) size 784x584
      RenderBlock {DIV} at (0,0) size 10x43
        RenderText {#text} at (0,0) size 25x17
          text run at (0,0) width 25: "Foo"
        RenderImage {IMG} at (0,18) size 25x25
      RenderBlock {DIV} at (0,43) size 10x38
        RenderText {#text} at (0,0) size 25x17
          text run at (0,0) width 25: "Foo"
        RenderMenuList {SELECT} at (0,18) size 49x20 [bgcolor=#FFFFFF] [border: (1px solid #A9A9A9)]
          RenderBlock (anonymous) at (1,1) size 47x18
            RenderText at (4,1) size 24x16
              text run at (4,1) width 24: "One"
      RenderBlock {DIV} at (0,81) size 10x40
        RenderText {#text} at (0,0) size 25x17
          text run at (0,0) width 25: "Foo"
        RenderTextControl {INPUT} at (0,18) size 173x22 [bgcolor=#FFFFFF] [border: (2px inset #EEEEEE)]
      RenderBlock {DIV} at (0,121) size 10x43
        RenderImage {IMG} at (0,0) size 25x25
        RenderText {#text} at (0,25) size 25x17
          text run at (0,25) width 25: "Foo"
      RenderBlock {DIV} at (0,164) size 10x38
        RenderMenuList {SELECT} at (0,0) size 49x20 [bgcolor=#FFFFFF] [border: (1px solid #A9A9A9)]
          RenderBlock (anonymous) at (1,1) size 47x18
            RenderText at (4,1) size 24x16
              text run at (4,1) width 24: "One"
        RenderText {#text} at (0,20) size 25x17
          text run at (0,20) width 25: "Foo"
      RenderBlock {DIV} at (0,202) size 10x40
        RenderTextControl {INPUT} at (0,0) size 173x22 [bgcolor=#FFFFFF] [border: (2px inset #EEEEEE)]
        RenderText {#text} at (0,22) size 25x17
          text run at (0,22) width 25: "Foo"
layer at (10,110) size 169x16
  RenderBlock {DIV} at (2,3) size 169x16
layer at (10,213) size 169x16
  RenderBlock {DIV} at (2,3) size 169x16
