layer at (0,0) size 800x600
  RenderView at (0,0) size 800x600
layer at (0,0) size 800x600
  RenderBlock {HTML} at (0,0) size 800x600
    RenderBody {BODY} at (8,8) size 784x584
      RenderBlock (anonymous) at (0,0) size 784x18
        RenderText {#text} at (0,0) size 315x17
          text run at (0,0) width 315: "The following sets of buttons should not overlap."
      RenderTable {TABLE} at (0,18) size 784x26
        RenderTableSection {TBODY} at (0,0) size 784x26
          RenderTableRow {TR} at (0,1) size 784x24
            RenderTableCell {TD} at (1,1) size 71x24 [r=0 c=0 rs=1 cs=1]
              RenderButton {INPUT} at (1,1) size 69x22 [bgcolor=#C0C0C0] [border: (2px outset #C0C0C0)]
                RenderBlock (anonymous) at (8,3) size 53x16
                  RenderText {#text} at (0,0) size 53x16
                    text run at (0,0) width 53: "New Mail"
            RenderTableCell {TD} at (73,1) size 51x24 [r=0 c=1 rs=1 cs=1]
              RenderButton {INPUT} at (1,1) size 49x22 [bgcolor=#C0C0C0] [border: (2px outset #C0C0C0)]
                RenderBlock (anonymous) at (8,3) size 33x16
                  RenderText {#text} at (0,0) size 33x16
                    text run at (0,0) width 33: "Reply"
            RenderTableCell {TD} at (125,1) size 70x24 [r=0 c=2 rs=1 cs=1]
              RenderButton {INPUT} at (1,1) size 68x22 [bgcolor=#C0C0C0] [border: (2px outset #C0C0C0)]
                RenderBlock (anonymous) at (8,3) size 52x16
                  RenderText {#text} at (0,0) size 52x16
                    text run at (0,0) width 52: "Reply All"
            RenderTableCell {TD} at (196,3) size 587x20 [r=0 c=3 rs=1 cs=1]
              RenderText {#text} at (1,1) size 4x17
                text run at (1,1) width 4: " "
      RenderBlock (anonymous) at (0,44) size 784x36
        RenderBR {BR} at (0,0) size 0x17
        RenderBR {BR} at (0,18) size 0x17
      RenderTable {TABLE} at (0,80) size 784x26
        RenderTableSection {TBODY} at (0,0) size 784x26
          RenderTableRow {TR} at (0,1) size 784x24
            RenderTableCell {TD} at (1,1) size 71x24 [r=0 c=0 rs=1 cs=1]
              RenderButton {INPUT} at (1,1) size 69x22 [bgcolor=#C0C0C0] [border: (2px outset #C0C0C0)]
                RenderBlock (anonymous) at (8,3) size 53x16
                  RenderText {#text} at (0,0) size 53x16
                    text run at (0,0) width 53: "New Mail"
            RenderTableCell {TD} at (73,1) size 51x24 [r=0 c=1 rs=1 cs=1]
              RenderButton {INPUT} at (1,1) size 49x22 [bgcolor=#C0C0C0] [border: (2px outset #C0C0C0)]
                RenderBlock (anonymous) at (8,3) size 33x16
                  RenderText {#text} at (0,0) size 33x16
                    text run at (0,0) width 33: "Reply"
            RenderTableCell {TD} at (125,1) size 70x24 [r=0 c=2 rs=1 cs=1]
              RenderButton {INPUT} at (1,1) size 68x22 [bgcolor=#C0C0C0] [border: (2px outset #C0C0C0)]
                RenderBlock (anonymous) at (8,3) size 52x16
                  RenderText {#text} at (0,0) size 52x16
                    text run at (0,0) width 52: "Reply All"
            RenderTableCell {TD} at (196,3) size 587x20 [r=0 c=3 rs=1 cs=1]
              RenderText {#text} at (1,1) size 4x17
                text run at (1,1) width 4: " "
