layer at (0,0) size 800x600
  RenderView at (0,0) size 800x600
layer at (0,0) size 800x600
  RenderBlock {HTML} at (0,0) size 800x600
    RenderBody {BODY} at (8,8) size 784x584
      RenderBlock (anonymous) at (0,0) size 784x18
        RenderText {#text} at (0,0) size 229x17
          text run at (0,0) width 229: "These textfields should not overlap."
      RenderTable {TABLE} at (0,18) size 784x26
        RenderTableSection {TBODY} at (0,0) size 784x26
          RenderTableRow {TR} at (0,1) size 784x24
            RenderTableCell {TD} at (1,1) size 6x24 [r=0 c=0 rs=1 cs=1]
              RenderTextControl {INPUT} at (1,1) size 4x22 [bgcolor=#FFFFFF] [border: (2px inset #EEEEEE)]
            RenderTableCell {TD} at (8,1) size 6x24 [r=0 c=1 rs=1 cs=1]
              RenderTextControl {INPUT} at (1,1) size 4x22 [bgcolor=#FFFFFF] [border: (2px inset #EEEEEE)]
            RenderTableCell {TD} at (15,1) size 6x24 [r=0 c=2 rs=1 cs=1]
              RenderTextControl {INPUT} at (1,1) size 4x22 [bgcolor=#FFFFFF] [border: (2px inset #EEEEEE)]
            RenderTableCell {TD} at (22,3) size 761x20 [r=0 c=3 rs=1 cs=1]
              RenderText {#text} at (1,1) size 4x17
                text run at (1,1) width 4: " "
      RenderBlock (anonymous) at (0,44) size 784x36
        RenderBR {BR} at (0,0) size 0x17
        RenderBR {BR} at (0,18) size 0x17
      RenderTable {TABLE} at (0,80) size 784x26
        RenderTableSection {TBODY} at (0,0) size 784x26
          RenderTableRow {TR} at (0,1) size 784x24
            RenderTableCell {TD} at (1,1) size 6x24 [r=0 c=0 rs=1 cs=1]
              RenderTextControl {INPUT} at (1,1) size 4x22 [bgcolor=#FFFFFF] [border: (2px inset #EEEEEE)]
            RenderTableCell {TD} at (8,1) size 6x24 [r=0 c=1 rs=1 cs=1]
              RenderTextControl {INPUT} at (1,1) size 4x22 [bgcolor=#FFFFFF] [border: (2px inset #EEEEEE)]
            RenderTableCell {TD} at (15,1) size 6x24 [r=0 c=2 rs=1 cs=1]
              RenderTextControl {INPUT} at (1,1) size 4x22 [bgcolor=#FFFFFF] [border: (2px inset #EEEEEE)]
            RenderTableCell {TD} at (22,3) size 761x20 [r=0 c=3 rs=1 cs=1]
              RenderText {#text} at (1,1) size 4x17
                text run at (1,1) width 4: " "
