layer at (0,0) size 800x600
  RenderView at (0,0) size 800x600
layer at (0,0) size 800x256
  RenderBlock {html} at (0,0) size 800x255.88
    RenderBlock {parsererror} at (16,16) size 768x189.88 [bgcolor=#FFDDDD] [border: (2px solid #CC7777)]
      RenderBlock {h3} at (18,20.72) size 732x22
        RenderText {#text} at (0,0) size 318x21
          text run at (0,0) width 318: "This page contains the following errors:"
      RenderBlock {div} at (18,61.44) size 732x15
        RenderText {#text} at (0,0) size 490x15
          text run at (0,0) width 490: "error on line 1 at column 76: Extra content at the end of the document"
          text run at (490,0) width 0: " "
      RenderBlock {h3} at (18,95.16) size 732x22
        RenderText {#text} at (0,0) size 421x21
          text run at (0,0) width 421: "Below is a rendering of the page up to the first error."
      RenderBlock {p} at (18,135.88) size 732x36
        RenderText {#text} at (0,0) size 722x35
          text run at (0,0) width 722: "This document was created as the result of an XSL transformation. The line and column numbers given are from"
          text run at (0,18) width 145: "the transformed result."
    RenderBody {body} at (8,221.88) size 784x18
      RenderBlock {p} at (0,0) size 784x18
        RenderText {#text} at (0,0) size 232x17
          text run at (0,0) width 232: "You should see error text above this"
