layer at (0,0) size 785x904
  RenderView at (0,0) size 785x600
layer at (0,0) size 785x904
  RenderBlock {HTML} at (0,0) size 785x904.13
    RenderBody {BODY} at (8,8) size 769x888.13
      RenderBlock (anonymous) at (0,0) size 769x32
        RenderText {#text} at (0,0) size 763x32
          text run at (0,0) width 763: "All of the boxes below should be 20x20 and look identical. Note that the last inline-block box is positioned higher than"
          text run at (0,16) width 179: "the others. This is expected."
      RenderBlock {H1} at (0,53.44) size 769x32
        RenderText {#text} at (0,0) size 204x32
          text run at (0,0) width 204: "Normal Blocks"
      RenderBlock {DIV} at (5,106.88) size 20x20 [color=#FFFFFF] [bgcolor=#FFA500] [border: (2px solid #000000)]
      RenderBlock {DIV} at (5,136.88) size 20x20 [color=#FFFFFF] [bgcolor=#FFA500] [border: (2px solid #000000)]
      RenderBlock {DIV} at (5,166.88) size 20x20 [color=#FFFFFF] [bgcolor=#FFA500] [border: (2px solid #000000)]
      RenderBlock {DIV} at (5,196.88) size 20x20 [color=#FFFFFF] [bgcolor=#FFA500] [border: (2px solid #000000)]
        RenderBR {BR} at (6,6) size 0x16
        RenderBR {BR} at (6,22) size 0x16
        RenderBR {BR} at (6,38) size 0x16
      RenderBlock {H1} at (0,238.31) size 769x32
        RenderText {#text} at (0,0) size 179x32
          text run at (0,0) width 179: "Inline Blocks"
      RenderBlock (anonymous) at (0,291.75) size 769x60
        RenderBlock {DIV} at (5,30) size 20x20 [color=#FFFFFF] [bgcolor=#FFA500] [border: (2px solid #000000)]
        RenderBlock {DIV} at (35,30) size 20x20 [color=#FFFFFF] [bgcolor=#FFA500] [border: (2px solid #000000)]
        RenderBlock {DIV} at (65,30) size 20x20 [color=#FFFFFF] [bgcolor=#FFA500] [border: (2px solid #000000)]
        RenderBlock {DIV} at (95,10) size 20x20 [color=#FFFFFF] [bgcolor=#FFA500] [border: (2px solid #000000)]
          RenderBR {BR} at (6,6) size 0x16
          RenderBR {BR} at (6,22) size 0x16
          RenderBR {BR} at (6,38) size 0x16
        RenderText {#text} at (0,0) size 0x0
      RenderBlock {H1} at (0,373.19) size 769x32
        RenderText {#text} at (0,0) size 241x32
          text run at (0,0) width 241: "Positioned Blocks"
      RenderBlock (anonymous) at (0,426.63) size 769x16
        RenderBR {BR} at (0,0) size 0x16
      RenderBlock {H1} at (0,464.06) size 769x32
        RenderText {#text} at (0,0) size 209x32
          text run at (0,0) width 209: "Floating blocks"
      RenderBlock (floating) {DIV} at (5,527.50) size 20x20 [color=#FFFFFF] [bgcolor=#FFA500] [border: (2px solid #000000)]
      RenderBlock (floating) {DIV} at (35,527.50) size 20x20 [color=#FFFFFF] [bgcolor=#FFA500] [border: (2px solid #000000)]
      RenderBlock (floating) {DIV} at (65,527.50) size 20x20 [color=#FFFFFF] [bgcolor=#FFA500] [border: (2px solid #000000)]
      RenderBlock (floating) {DIV} at (95,527.50) size 20x20 [color=#FFFFFF] [bgcolor=#FFA500] [border: (2px solid #000000)]
        RenderBR {BR} at (6,6) size 0x16
        RenderBR {BR} at (6,22) size 0x16
        RenderBR {BR} at (6,38) size 0x16
      RenderBlock (anonymous) at (0,517.50) size 769x40
        RenderBR {BR} at (120,0) size 0x16
      RenderBlock {H1} at (0,578.94) size 769x32
        RenderText {#text} at (0,0) size 211x32
          text run at (0,0) width 211: "Normal Images"
      RenderBlock (anonymous) at (0,632.38) size 769x40
        RenderImage {IMG} at (5,10) size 20x20 [color=#FFFFFF] [bgcolor=#FFA500] [border: (2px solid #000000)]
        RenderImage {IMG} at (35,10) size 20x20 [color=#FFFFFF] [bgcolor=#FFA500] [border: (2px solid #000000)]
        RenderImage {IMG} at (65,10) size 20x20 [color=#FFFFFF] [bgcolor=#FFA500] [border: (2px solid #000000)]
        RenderImage {IMG} at (95,10) size 20x20 [color=#FFFFFF] [bgcolor=#FFA500] [border: (2px solid #000000)]
        RenderText {#text} at (0,0) size 0x0
      RenderBlock {H1} at (0,693.81) size 769x32
        RenderText {#text} at (0,0) size 248x32
          text run at (0,0) width 248: "Positioned Images"
      RenderBlock (anonymous) at (0,747.25) size 769x16
        RenderBR {BR} at (0,0) size 0x16
      RenderBlock {H1} at (0,784.69) size 769x32
        RenderText {#text} at (0,0) size 220x32
          text run at (0,0) width 220: "Floating Images"
      RenderImage {IMG} at (5,848.13) size 20x20 [color=#FFFFFF] [bgcolor=#FFA500] [border: (2px solid #000000)]
      RenderImage {IMG} at (35,848.13) size 20x20 [color=#FFFFFF] [bgcolor=#FFA500] [border: (2px solid #000000)]
      RenderImage {IMG} at (65,848.13) size 20x20 [color=#FFFFFF] [bgcolor=#FFA500] [border: (2px solid #000000)]
      RenderImage {IMG} at (95,848.13) size 20x20 [color=#FFFFFF] [bgcolor=#FFA500] [border: (2px solid #000000)]
      RenderBlock (anonymous) at (0,838.13) size 769x40
        RenderBR {BR} at (120,0) size 0x16
      RenderBlock {HR} at (0,886.13) size 769x2 [border: (1px inset #EEEEEE)]
layer at (13,445) size 20x20
  RenderBlock (positioned) {DIV} at (13,444.63) size 20x20 [color=#FFFFFF] [bgcolor=#FFA500] [border: (2px solid #000000)]
layer at (43,445) size 20x20
  RenderBlock (positioned) {DIV} at (43,444.63) size 20x20 [color=#FFFFFF] [bgcolor=#FFA500] [border: (2px solid #000000)]
layer at (73,445) size 20x20
  RenderBlock (positioned) {DIV} at (73,444.63) size 20x20 [color=#FFFFFF] [bgcolor=#FFA500] [border: (2px solid #000000)]
layer at (103,445) size 20x20
  RenderBlock (positioned) {DIV} at (103,444.63) size 20x20 [color=#FFFFFF] [bgcolor=#FFA500] [border: (2px solid #000000)]
    RenderBR {BR} at (6,6) size 0x16
    RenderBR {BR} at (6,22) size 0x16
    RenderBR {BR} at (6,38) size 0x16
layer at (13,765) size 20x20
  RenderImage {IMG} at (13,765.25) size 20x20 [color=#FFFFFF] [bgcolor=#FFA500] [border: (2px solid #000000)]
layer at (43,765) size 20x20
  RenderImage {IMG} at (43,765.25) size 20x20 [color=#FFFFFF] [bgcolor=#FFA500] [border: (2px solid #000000)]
layer at (73,765) size 20x20
  RenderImage {IMG} at (73,765.25) size 20x20 [color=#FFFFFF] [bgcolor=#FFA500] [border: (2px solid #000000)]
layer at (103,765) size 20x20
  RenderImage {IMG} at (103,765.25) size 20x20 [color=#FFFFFF] [bgcolor=#FFA500] [border: (2px solid #000000)]
