layer at (0,0) size 800x600
  RenderView at (0,0) size 800x600
layer at (0,0) size 800x76
  RenderBlock {HTML} at (0,0) size 800x76
    RenderBody {BODY} at (8,8) size 784x52
      RenderBlock (anonymous) at (0,0) size 784x18
        RenderInline {BDO} at (0,0) size 82x17
          RenderText {#text} at (0,0) size 82x17
            text run at (0,0) width 82 RTL override: "m\x{300}uspimeroL"
        RenderText {#text} at (0,0) size 0x0
      RenderBlock {P} at (0,34) size 784x18
        RenderText {#text} at (0,0) size 409x17
          text run at (0,0) width 409: "Tests that rtl selections are repainted correctly for complex text."
selection start: position 2 of child 0 {#text} of child 3 {BDO} of body
selection end:   position 6 of child 0 {#text} of child 3 {BDO} of body
