layer at (0,0) size 800x600
  RenderView at (0,0) size 800x600
layer at (0,0) size 800x600
  RenderBlock {HTML} at (0,0) size 800x600
    RenderBody {BODY} at (8,8) size 784x584
      RenderBlock {DIV} at (0,0) size 784x125
        RenderBlock {DIV} at (0,0) size 106x42 [border: (3px solid #000000)]
          RenderText {#text} at (3,3) size 80x17
            text run at (3,3) width 80: "a. b. "
          RenderInline {SPAN} at (0,0) size 5x17
            RenderText {#text} at (82,3) size 5x17
              text run at (82,3) width 5: "i"
          RenderText {#text} at (86,3) size 100x35
            text run at (86,3) width 17: "\x{306F}"
            text run at (3,21) width 56: "xxxxxxx"
        RenderBlock {DIV} at (0,50) size 106x42 [border: (3px solid #000000)]
          RenderText {#text} at (3,3) size 100x35
            text run at (3,3) width 100: "a. b. i\x{306F}"
            text run at (3,21) width 56: "xxxxxxx"
        RenderBlock {DIV} at (0,100) size 106x25 [border: (3px solid #000000)]
          RenderText {#text} at (3,4) size 216x17
            text run at (3,4) width 216: "xxxxxxxxxxxxxxxxxxxxx\x{FF08}\x{624B}\x{FF09}"
      RenderBlock {DIV} at (0,133) size 784x125
        RenderBlock {DIV} at (0,0) size 106x42 [border: (3px solid #000000)]
          RenderText {#text} at (3,3) size 80x17
            text run at (3,3) width 80: "a. b. "
          RenderInline {SPAN} at (0,0) size 5x17
            RenderText {#text} at (82,3) size 5x17
              text run at (82,3) width 5: "i"
          RenderText {#text} at (86,3) size 100x35
            text run at (86,3) width 17: "\x{306F}"
            text run at (3,21) width 56: "xxxxxxx"
        RenderBlock {DIV} at (0,50) size 106x42 [border: (3px solid #000000)]
          RenderText {#text} at (3,3) size 100x35
            text run at (3,3) width 100: "a. b. i\x{306F}"
            text run at (3,21) width 56: "xxxxxxx"
        RenderBlock {DIV} at (0,100) size 106x25 [border: (3px solid #000000)]
          RenderText {#text} at (3,4) size 216x17
            text run at (3,4) width 216: "xxxxxxxxxxxxxxxxxxxxx\x{FF08}\x{624B}\x{FF09}"
