layer at (0,0) size 800x600
  RenderView at (0,0) size 800x600
layer at (0,0) size 800x370
  RenderBlock {HTML} at (0,0) size 800x370
    RenderBody {BODY} at (8,10) size 784x350
      RenderBlock {DIV} at (300,0) size 184x50 [border: (1px solid #000000)]
        RenderText {#text} at (172,2) size 11x46
          text run at (172,2) width 11 RTL: "!"
        RenderInline {SPAN} at (0,0) size 47x46
          RenderText {#text} at (25,2) size 47x46
            text run at (25,2) width 47 RTL: " @"
        RenderText {#text} at (0,0) size 0x0
      RenderBlock {DIV} at (300,60) size 184x50 [border: (1px solid #000000)]
        RenderText {#text} at (172,2) size 11x46
          text run at (172,2) width 11 RTL: "!"
        RenderInline {SPAN} at (0,0) size 110x46
          RenderText {#text} at (162,2) size 10x46
            text run at (162,2) width 10 RTL: " "
        RenderText {#text} at (25,2) size 37x46
          text run at (25,2) width 37 RTL: "@"
      RenderBlock {DIV} at (300,120) size 184x50 [border: (1px solid #000000)]
        RenderInline {SPAN} at (0,0) size 121x46
          RenderText {#text} at (62,2) size 121x46
            text run at (62,2) width 121 RTL: "! "
        RenderText {#text} at (25,2) size 37x46
          text run at (25,2) width 37 RTL: "@"
      RenderBlock {DIV} at (300,180) size 184x50 [border: (1px solid #000000)]
        RenderText {#text} at (172,2) size 11x46
          text run at (172,2) width 11 RTL: "!"
        RenderInline {SPAN} at (0,0) size 110x46
          RenderText {#text} at (162,2) size 10x46
            text run at (162,2) width 10 RTL: " "
        RenderText {#text} at (15,2) size 47x46
          text run at (15,2) width 47 RTL: "@ \x{200F}"
      RenderBlock {DIV} at (300,240) size 184x50 [border: (1px solid #000000)]
        RenderText {#text} at (172,2) size 11x46
          text run at (172,2) width 11 RTL: "!"
        RenderInline {SPAN} at (0,0) size 110x46
          RenderText {#text} at (162,2) size 10x46
            text run at (162,2) width 10 RTL: " "
        RenderText {#text} at (25,2) size 37x46
          text run at (25,2) width 37 RTL: "@"
      RenderBlock {DIV} at (300,300) size 184x50 [border: (1px solid #000000)]
        RenderText {#text} at (25,2) size 37x46
          text run at (25,2) width 37: "@"
        RenderInline {SPAN} at (0,0) size 110x46
          RenderText {#text} at (162,2) size 10x46
            text run at (162,2) width 10: " "
        RenderText {#text} at (172,2) size 11x46
          text run at (172,2) width 11: "!"
