layer at (0,0) size 800x600
  RenderView at (0,0) size 800x600
layer at (309,0) size 491x600
  RenderBlock {HTML} at (0,0) size 491x600
    RenderBody {BODY} at (8,8) size 451x584
      RenderBlock {HR} at (0,0) size 2x584 [border: (1px inset #EEEEEE)]
      RenderBlock (anonymous) at (10,0) size 38x584
        RenderInline {SPAN} at (0,0) size 36x429
          RenderText {#text} at (1,0) size 36x429
            text run at (1,0) width 429: "OFF=\x{897F}\x{66A6}2010\x{5E74}1\x{6708}20\x{65E5}365\x{56DE}"
        RenderText {#text} at (0,0) size 0x0
      RenderBlock {HR} at (56,0) size 2x584 [border: (1px inset #EEEEEE)]
      RenderBlock (anonymous) at (66,0) size 38x584
        RenderInline {SPAN} at (0,0) size 36x432
          RenderInline {SPAN} at (0,0) size 36x46
            RenderCombineText {#text} at (1,0) size 36x46
              text run at (1,0) width 46: "ON"
          RenderText {#text} at (1,46) size 36x82
            text run at (1,46) width 82: "=\x{897F}\x{66A6}"
          RenderInline {SPAN} at (0,0) size 36x64
            RenderCombineText {#text} at (1,128) size 36x64
              text run at (1,128) width 64: "2010"
          RenderText {#text} at (1,192) size 36x32
            text run at (1,192) width 32: "\x{5E74}"
          RenderInline {SPAN} at (0,0) size 36x32
            RenderCombineText {#text} at (1,224) size 36x32
              text run at (1,224) width 32: "\x{FFFC}"
          RenderText {#text} at (1,256) size 36x32
            text run at (1,256) width 32: "\x{6708}"
          RenderInline {SPAN} at (0,0) size 36x32
            RenderCombineText {#text} at (1,288) size 36x32
              text run at (1,288) width 32: "\x{FFFC}"
          RenderText {#text} at (1,320) size 36x32
            text run at (1,320) width 32: "\x{65E5}"
          RenderInline {SPAN} at (0,0) size 36x48
            RenderCombineText {#text} at (1,352) size 36x48
              text run at (1,352) width 48: "365"
          RenderText {#text} at (1,400) size 36x32
            text run at (1,400) width 32: "\x{56DE}"
        RenderText {#text} at (0,0) size 0x0
      RenderBlock {HR} at (112,0) size 2x584 [border: (1px inset #EEEEEE)]
      RenderBlock (anonymous) at (122,0) size 38x584
        RenderInline {SPAN} at (0,0) size 36x462
          RenderInline {SPAN} at (0,0) size 36x76
            RenderCombineText {#text} at (1,0) size 36x76
              text run at (1,0) width 76: "Times"
          RenderText {#text} at (1,76) size 36x82
            text run at (1,76) width 82: "=\x{897F}\x{66A6}"
          RenderInline {SPAN} at (0,0) size 36x64
            RenderCombineText {#text} at (1,158) size 36x64
              text run at (1,158) width 64: "2010"
          RenderText {#text} at (1,222) size 36x32
            text run at (1,222) width 32: "\x{5E74}"
          RenderInline {SPAN} at (0,0) size 36x32
            RenderCombineText {#text} at (1,254) size 36x32
              text run at (1,254) width 32: "\x{FFFC}"
          RenderText {#text} at (1,286) size 36x32
            text run at (1,286) width 32: "\x{6708}"
          RenderInline {SPAN} at (0,0) size 36x32
            RenderCombineText {#text} at (1,318) size 36x32
              text run at (1,318) width 32: "\x{FFFC}"
          RenderText {#text} at (1,350) size 36x32
            text run at (1,350) width 32: "\x{65E5}"
          RenderInline {SPAN} at (0,0) size 36x48
            RenderCombineText {#text} at (1,382) size 36x48
              text run at (1,382) width 48: "365"
          RenderText {#text} at (1,430) size 36x32
            text run at (1,430) width 32: "\x{56DE}"
        RenderText {#text} at (0,0) size 0x0
      RenderBlock {HR} at (168,0) size 2x584 [border: (1px inset #EEEEEE)]
      RenderBlock (anonymous) at (178,0) size 75x584
        RenderInline {SPAN} at (0,0) size 36x222
          RenderText {#text} at (1,0) size 36x222
            text run at (1,0) width 222: "OFF=\x{5B57}\x{3042}\x{FF21}A%"
        RenderBR {BR} at (9,222) size 19x0
        RenderInline {SPAN} at (0,0) size 36x224
          RenderInline {SPAN} at (0,0) size 36x46
            RenderCombineText {#text} at (38,0) size 36x46
              text run at (38,0) width 46: "ON"
          RenderText {#text} at (38,46) size 36x18
            text run at (38,46) width 18: "="
          RenderInline {SPAN} at (0,0) size 36x32
            RenderCombineText {#text} at (38,64) size 36x32
              text run at (38,64) width 32: "\x{FFFC}"
          RenderInline {SPAN} at (0,0) size 36x32
            RenderCombineText {#text} at (38,96) size 36x32
              text run at (38,96) width 32: "\x{FFFC}"
          RenderInline {SPAN} at (0,0) size 36x32
            RenderCombineText {#text} at (38,128) size 36x32
              text run at (38,128) width 32: "\x{FFFC}"
          RenderInline {SPAN} at (0,0) size 36x32
            RenderCombineText {#text} at (38,160) size 36x32
              text run at (38,160) width 32: "\x{FFFC}"
          RenderInline {SPAN} at (0,0) size 36x32
            RenderCombineText {#text} at (38,192) size 36x32
              text run at (38,192) width 32: "\x{FFFC}"
          RenderText {#text} at (0,0) size 0x0
      RenderBlock (anonymous) at (269,0) size 182x584
        RenderBlock {HR} at (0,0) size 2x584 [border: (1px inset #EEEEEE)]
        RenderBlock {P} at (34,0) size 148x584
          RenderBlock (floating) {SPAN} at (0,314) size 30x270 [border: (1px solid #FF0000)]
            RenderText {#text} at (1,1) size 27x100
              text run at (1,1) width 100: "float:right:"
            RenderInline {SPAN} at (0,0) size 27x48
              RenderCombineText {#text} at (1,101) size 27x48
                text run at (1,101) width 48: "2010"
            RenderText {#text} at (1,149) size 27x24
              text run at (1,149) width 24: "\x{5E74}"
            RenderInline {SPAN} at (0,0) size 27x24
              RenderCombineText {#text} at (1,173) size 27x24
                text run at (1,173) width 24: "\x{FFFC}"
            RenderText {#text} at (1,197) size 27x24
              text run at (1,197) width 24: "\x{6708}"
            RenderInline {SPAN} at (0,0) size 27x24
              RenderCombineText {#text} at (1,221) size 27x24
                text run at (1,221) width 24: "\x{FFFC}"
            RenderText {#text} at (1,245) size 27x24
              text run at (1,245) width 24: "\x{65E5}"
          RenderInline {SPAN} at (0,0) size 130x582
            RenderText {#text} at (8,0) size 130x582
              text run at (8,0) width 303: "\x{305D}\x{306E}\x{5973}\x{304C}\x{306D}\x{304B}\x{3057}\x{3064}\x{3051}\x{306B}\x{6765}\x{3066}\x{304F}\x{308C}\x{308B}\x{307E}\x{3067}\x{3001}\x{308F}\x{305F}"
              text run at (45,0) width 582: "\x{3057}\x{306F}\x{3051}\x{3063}\x{3057}\x{3066}\x{306D}\x{3069}\x{3053}\x{306B}\x{306F}\x{306F}\x{3044}\x{3089}\x{306A}\x{304B}\x{3063}\x{305F}\x{3002}\x{51AC}\x{306E}\x{3042}\x{3089}\x{3057}\x{304C}\x{3060}\x{3093}\x{3054}\x{306E}\x{3088}\x{3046}\x{306A}\x{96EA}\x{3092}\x{3075}\x{304D}\x{3064}\x{3051}\x{3066}"
              text run at (82,0) width 568: "\x{7A93}\x{30AC}\x{30E9}\x{30B9}\x{3092}\x{767D}\x{304F}\x{3059}\x{308B}\x{3058}\x{3076}\x{3093}\x{306B}\x{306A}\x{308B}\x{3068}\x{3001}\x{3053}\x{306E}\x{5973}\x{306E}\x{4EBA}\x{306F}\x{4E21}\x{624B}\x{306E}\x{9593}\x{306B}\x{308F}\x{305F}\x{3057}\x{306E}\x{8DB3}\x{3092}\x{304A}\x{3055}\x{3048}"
              text run at (119,0) width 553: "\x{3066}\x{3001}\x{6B4C}\x{3092}\x{6B4C}\x{3044}\x{306A}\x{304C}\x{3089}\x{6696}\x{3081}\x{3066}\x{304F}\x{308C}\x{305F}\x{3002}\x{305D}\x{306E}\x{6B4C}\x{306E}\x{7BC0}\x{3082}\x{6587}\x{53E5}\x{3082}\x{3001}\x{3044}\x{307E}\x{306B}\x{5FD8}\x{308C}\x{305A}\x{306B}\x{3044}\x{308B}\x{3002}"
          RenderText {#text} at (0,0) size 0x0
      RenderBlock (anonymous) at (483,0) size 0x584
        RenderInline {SPAN} at (0,0) size 0x0
