layer at (0,0) size 800x600
  RenderView at (0,0) size 800x600
layer at (0,0) size 800x600
  RenderBlock {HTML} at (0,0) size 800x600
    RenderBody {BODY} at (8,8) size 784x584
      RenderBlock {P} at (0,0) size 784x16
        RenderText {#text} at (0,0) size 331x16
          text run at (0,0) width 331: "This is a repaint test of inline blocks with overflow."
      RenderBlock {HR} at (0,32) size 784x2 [border: (1px inset #EEEEEE)]
      RenderBlock (anonymous) at (0,42) size 784x20
        RenderInline {SPAN} at (0,0) size 200x16
          RenderText {#text} at (0,0) size 100x16
            text run at (0,0) width 100: "Here comes an "
          RenderBlock {SPAN} at (99.06,0) size 100x20 [bgcolor=#C0C0C0]
            RenderText {#text} at (0,0) size 95x32
              text run at (0,0) width 76: "inline block"
              text run at (0,16) width 95: "with overflow."
        RenderText {#text} at (0,0) size 0x0
