layer at (0,0) size 800x600
  RenderView at (0,0) size 800x600
layer at (0,0) size 800x600
  RenderBlock {HTML} at (0,0) size 800x600
    RenderBody {BODY} at (8,8) size 784x584
      RenderBlock {P} at (0,0) size 784x16
        RenderText {#text} at (0,0) size 213x16
          text run at (0,0) width 213: "This tests for regressions against "
        RenderInline {I} at (0,0) size 553x16
          RenderInline {A} at (0,0) size 355x16 [color=#0000EE]
            RenderText {#text} at (212,0) size 355x16
              text run at (212,0) width 355: "http://bugzilla.opendarwin.org/show_bug.cgi?id=7943"
          RenderText {#text} at (566,0) size 199x16
            text run at (566,0) width 199: " Layer outline does not repaint"
        RenderText {#text} at (764,0) size 5x16
          text run at (764,0) width 5: "."
      RenderBlock {HR} at (0,32) size 784x2 [border: (1px inset #EEEEEE)]
layer at (18,190) size 100x100 clip at (19,191) size 98x98
  RenderBlock {DIV} at (10,182) size 100x100 [bgcolor=#EEEEEE] [border: (1px solid #000000)]
layer at (8,50) size 784x130
  RenderBlock (relative positioned) {DIV} at (0,42) size 784x130
layer at (18,60) size 100x100
  RenderBlock (positioned) {DIV} at (10,10) size 100x100 [bgcolor=#EEEEEE] [border: (1px solid #000000)]
layer at (148,60) size 100x100 backgroundClip at (138,50) size 100x100 clip at (138,50) size 100x100 outlineClip at (138,50) size 100x100
  RenderBlock (positioned) {DIV} at (140,10) size 100x100 [bgcolor=#EEEEEE] [border: (1px solid #000000)]
layer at (278,60) size 100x100 backgroundClip at (268,50) size 5x5 clip at (268,50) size 5x5 outlineClip at (268,50) size 5x5
  RenderBlock (positioned) {DIV} at (270,10) size 100x100 [bgcolor=#EEEEEE] [border: (1px solid #000000)]
layer at (408,60) size 100x100
  RenderBlock (positioned) {DIV} at (400,10) size 100x100 [bgcolor=#EEEEEE] [border: (1px solid #000000)]
layer at (538,60) size 100x100 backgroundClip at (548,70) size 100x100 clip at (548,70) size 100x100 outlineClip at (548,70) size 100x100
  RenderBlock (positioned) {DIV} at (530,10) size 100x100 [bgcolor=#EEEEEE] [border: (1px solid #000000)]
layer at (668,60) size 100x100 backgroundClip at (773,165) size 5x5 clip at (773,165) size 5x5 outlineClip at (773,165) size 5x5
  RenderBlock (positioned) {DIV} at (660,10) size 100x100 [bgcolor=#EEEEEE] [border: (1px solid #000000)]
layer at (18,320) size 100x100
  RenderBlock (relative positioned) {DIV} at (0,292) size 100x100 [bgcolor=#EEEEEE] [border: (1px solid #000000)]
