layer at (0,0) size 800x600
  RenderView at (0,0) size 800x600
layer at (0,0) size 800x348
  RenderBlock {HTML} at (0,0) size 800x348
    RenderBody {BODY} at (8,16) size 784x324
      RenderBlock {P} at (0,0) size 784x32
        RenderText {#text} at (0,0) size 180x16
          text run at (0,0) width 180: "Test for regressions against "
        RenderInline {I} at (0,0) size 776x32
          RenderInline {A} at (0,0) size 354x16 [color=#0000EE]
            RenderText {#text} at (179,0) size 354x16
              text run at (179,0) width 354: "http://bugzilla.opendarwin.org/show_bug.cgi?id=3922"
          RenderText {#text} at (532,0) size 776x32
            text run at (532,0) width 244: " Variable word/letter spacing and full"
            text run at (0,16) width 330: "justification not supported for ATSUI-rendered text"
        RenderText {#text} at (329,16) size 5x16
          text run at (329,16) width 5: "."
      RenderBlock (anonymous) at (0,48) size 784x16
        RenderText {#text} at (0,0) size 517x16
          text run at (0,0) width 517: "Each green box should be identical to the blue box it follows, except for accents."
      RenderBlock {HR} at (0,72) size 784x2 [border: (1px inset #EEEEEE)]
      RenderTable {TABLE} at (0,82) size 620x242
        RenderTableSection {TBODY} at (0,0) size 620x242
          RenderTableRow {TR} at (0,2) size 620x18
            RenderTableCell {TD} at (2,2) size 204x18 [r=0 c=0 rs=1 cs=1]
              RenderText {#text} at (57,1) size 90x16
                text run at (57,1) width 90: "Word spacing"
            RenderTableCell {TD} at (208,2) size 204x18 [r=0 c=1 rs=1 cs=1]
              RenderText {#text} at (56,1) size 92x16
                text run at (56,1) width 92: "Letter spacing"
            RenderTableCell {TD} at (414,2) size 204x18 [r=0 c=2 rs=1 cs=1]
              RenderText {#text} at (62,1) size 80x16
                text run at (62,1) width 80: "Justification"
          RenderTableRow {TR} at (0,22) size 620x218
            RenderTableCell {TD} at (2,22) size 204x168 [r=1 c=0 rs=1 cs=1]
              RenderBlock {DIV} at (1,1) size 202x166
                RenderBlock {DIV} at (0,0) size 202x56 [border: (1px solid #0000FF)]
                  RenderText {#text} at (52,1) size 192x54
                    text run at (52,1) width 149 RTL: "\x{5D9}\x{5B0}\x{5D4}\x{5B4}\x{5D9}, \x{5D0}\x{5B8}\x{5D7}\x{5B4}\x{5D9}, \x{5DC}\x{5B0}\x{5DA}\x{5B8} \x{5E1}\x{5B5}\x{5E4}\x{5B6}\x{5E8}"
                    text run at (9,19) width 54 RTL: "\x{5E6}\x{5B0}\x{5DE}\x{5B4}\x{5D9}\x{5EA}\x{5D5}\x{5BC}\x{5EA}"
                    text run at (62,19) width 139 RTL: "\x{5E9}\x{5C1}\x{5B0}\x{5DC}\x{5B7}\x{5D7}\x{5B0}\x{5EA}\x{5BC}\x{5B4}\x{5D9}\x{5D5} \x{5D5}\x{5BC}\x{5DE}\x{5B4}\x{5DE}\x{5B0}\x{5DB}\x{5BC}\x{5B6}\x{5E8}\x{5B6}\x{5EA} "
                    text run at (114,37) width 87 RTL: "\x{5DC}\x{5B8}\x{5DA}\x{5B0} \x{5DE}\x{5B0}\x{5DB}\x{5B7}\x{5E8}\x{5B0}\x{5EA}\x{5BC}\x{5B4}\x{5D9}\x{5D5}."
                RenderBlock {DIV} at (0,61) size 202x50 [border: (1px solid #0000FF)]
                  RenderText {#text} at (1,1) size 173x48
                    text run at (1,1) width 173: "Lore\x{300}m ipsum dolor sit"
                    text run at (1,17) width 130: "ame\x{300}t, consectetuer"
                    text run at (1,33) width 105: "adipiscing e\x{300}lit."
                RenderBlock {DIV} at (0,116) size 202x50 [border: (1px solid #008000)]
                  RenderText {#text} at (1,1) size 173x48
                    text run at (1,1) width 173: "Lorem ipsum dolor sit"
                    text run at (1,17) width 130: "amet, consectetuer"
                    text run at (1,33) width 105: "adipiscing elit."
            RenderTableCell {TD} at (208,22) size 204x218 [r=1 c=1 rs=1 cs=1]
              RenderBlock {DIV} at (1,1) size 202x216
                RenderBlock {DIV} at (0,0) size 202x74 [border: (1px solid #0000FF)]
                  RenderText {#text} at (2,1) size 199x72
                    text run at (2,1) width 199 RTL: "\x{5D9}\x{5B0}\x{5D4}\x{5B4}\x{5D9}, \x{5D0}\x{5B8}\x{5D7}\x{5B4}\x{5D9}, \x{5DC}\x{5B0}\x{5DA}\x{5B8} \x{5E1}\x{5B5}\x{5E4}\x{5B6}\x{5E8}"
                    text run at (22,19) width 179 RTL: "\x{5E9}\x{5C1}\x{5B0}\x{5DC}\x{5B7}\x{5D7}\x{5B0}\x{5EA}\x{5BC}\x{5B4}\x{5D9}\x{5D5} \x{5D5}\x{5BC}\x{5DE}\x{5B4}\x{5DE}\x{5B0}\x{5DB}\x{5BC}\x{5B6}\x{5E8}\x{5B6}\x{5EA}"
                    text run at (81,37) width 120 RTL: "\x{5E6}\x{5B0}\x{5DE}\x{5B4}\x{5D9}\x{5EA}\x{5D5}\x{5BC}\x{5EA} \x{5DC}\x{5B8}\x{5DA}\x{5B0}"
                    text run at (111,55) width 90 RTL: "\x{5DE}\x{5B0}\x{5DB}\x{5B7}\x{5E8}\x{5B0}\x{5EA}\x{5BC}\x{5B4}\x{5D9}\x{5D5}."
                RenderBlock {DIV} at (0,79) size 202x66 [border: (1px solid #0000FF)]
                  RenderText {#text} at (1,1) size 175x64
                    text run at (1,1) width 141: "Lore\x{300}m ipsum"
                    text run at (1,17) width 167: "dolor sit ame\x{300}t,"
                    text run at (1,33) width 140: "consectetue\x{300}r"
                    text run at (1,49) width 175: "adipiscing e\x{300}lit."
                RenderBlock {DIV} at (0,150) size 202x66 [border: (1px solid #008000)]
                  RenderText {#text} at (1,1) size 175x64
                    text run at (1,1) width 141: "Lorem ipsum"
                    text run at (1,17) width 167: "dolor sit amet,"
                    text run at (1,33) width 140: "consectetuer"
                    text run at (1,49) width 175: "adipiscing elit."
            RenderTableCell {TD} at (414,22) size 204x118 [r=1 c=2 rs=1 cs=1]
              RenderBlock {DIV} at (1,1) size 202x116
                RenderBlock {DIV} at (0,0) size 202x38 [border: (1px solid #0000FF)]
                  RenderText {#text} at (1,1) size 200x36
                    text run at (1,1) width 200 RTL: "\x{5D9}\x{5B0}\x{5D4}\x{5B4}\x{5D9}, \x{5D0}\x{5B8}\x{5D7}\x{5B4}\x{5D9}, \x{5DC}\x{5B0}\x{5DA}\x{5B8} \x{5E1}\x{5B5}\x{5E4}\x{5B6}\x{5E8} \x{5E9}\x{5C1}\x{5B0}\x{5DC}\x{5B7}\x{5D7}\x{5B0}\x{5EA}\x{5BC}\x{5B4}\x{5D9}\x{5D5}"
                    text run at (1,19) width 138 RTL: "\x{5E6}\x{5B0}\x{5DE}\x{5B4}\x{5D9}\x{5EA}\x{5D5}\x{5BC}\x{5EA} \x{5DC}\x{5B8}\x{5DA}\x{5B0} \x{5DE}\x{5B0}\x{5DB}\x{5B7}\x{5E8}\x{5B0}\x{5EA}\x{5BC}\x{5B4}\x{5D9}\x{5D5}."
                    text run at (138,19) width 63 RTL: "\x{5D5}\x{5BC}\x{5DE}\x{5B4}\x{5DE}\x{5B0}\x{5DB}\x{5BC}\x{5B6}\x{5E8}\x{5B6}\x{5EA} "
                RenderBlock {DIV} at (0,43) size 202x34 [border: (1px solid #0000FF)]
                  RenderText {#text} at (1,1) size 200x32
                    text run at (1,1) width 200: "Lore\x{300}m ipsum dolor sit ame\x{300}t,"
                    text run at (1,17) width 179: "consectetue\x{300}r adipiscing e\x{300}lit."
                RenderBlock {DIV} at (0,82) size 202x34 [border: (1px solid #008000)]
                  RenderText {#text} at (1,1) size 200x32
                    text run at (1,1) width 200: "Lorem ipsum dolor sit amet,"
                    text run at (1,17) width 179: "consectetuer adipiscing elit."
