layer at (0,0) size 800x600
  RenderView at (0,0) size 800x600
layer at (0,0) size 800x386
  RenderBlock {HTML} at (0,0) size 800x386
    RenderBody {BODY} at (8,8) size 784x370
      RenderBlock {H1} at (0,0) size 784x20
        RenderText {#text} at (0,0) size 250x20
          text run at (0,0) width 250: "Tests support for font-weight"
      RenderBlock {P} at (0,22) size 784x15
        RenderText {#text} at (0,0) size 344x15
          text run at (0,0) width 344: "Tests that CSS font-weight with numeric values is supported."
      RenderBlock {SECTION} at (0,45) size 784x153
        RenderBlock {H2} at (0,0) size 784x16
          RenderText {#text} at (0,0) size 61x16
            text run at (0,0) width 61: "Segoe UI"
        RenderBlock {P} at (0,18) size 784x15
          RenderText {#text} at (0,0) size 339x15
            text run at (0,0) width 339: "font-weight: 100 - Fix problem quickly with galvanized jets."
        RenderBlock {P} at (0,33) size 784x15
          RenderText {#text} at (0,0) size 339x15
            text run at (0,0) width 339: "font-weight: 200 - Fix problem quickly with galvanized jets."
        RenderBlock {P} at (0,48) size 784x15
          RenderText {#text} at (0,0) size 339x15
            text run at (0,0) width 339: "font-weight: 300 - Fix problem quickly with galvanized jets."
        RenderBlock {P} at (0,63) size 784x15
          RenderText {#text} at (0,0) size 339x15
            text run at (0,0) width 339: "font-weight: 400 - Fix problem quickly with galvanized jets."
        RenderBlock {P} at (0,78) size 784x15
          RenderText {#text} at (0,0) size 339x15
            text run at (0,0) width 339: "font-weight: 500 - Fix problem quickly with galvanized jets."
        RenderBlock {P} at (0,93) size 784x15
          RenderText {#text} at (0,0) size 356x15
            text run at (0,0) width 356: "font-weight: 600 - Fix problem quickly with galvanized jets."
        RenderBlock {P} at (0,108) size 784x15
          RenderText {#text} at (0,0) size 356x15
            text run at (0,0) width 356: "font-weight: 700 - Fix problem quickly with galvanized jets."
        RenderBlock {P} at (0,123) size 784x15
          RenderText {#text} at (0,0) size 356x15
            text run at (0,0) width 356: "font-weight: 800 - Fix problem quickly with galvanized jets."
        RenderBlock {P} at (0,138) size 784x15
          RenderText {#text} at (0,0) size 356x15
            text run at (0,0) width 356: "font-weight: 900 - Fix problem quickly with galvanized jets."
      RenderBlock {SECTION} at (0,206) size 784x164
        RenderBlock {H2} at (0,0) size 784x18
          RenderText {#text} at (0,0) size 36x17
            text run at (0,0) width 36: "Arial"
        RenderBlock {P} at (0,20) size 784x16
          RenderText {#text} at (0,0) size 362x16
            text run at (0,0) width 362: "font-weight: 100 - Fix problem quickly with galvanized jets."
        RenderBlock {P} at (0,36) size 784x16
          RenderText {#text} at (0,0) size 362x16
            text run at (0,0) width 362: "font-weight: 200 - Fix problem quickly with galvanized jets."
        RenderBlock {P} at (0,52) size 784x16
          RenderText {#text} at (0,0) size 362x16
            text run at (0,0) width 362: "font-weight: 300 - Fix problem quickly with galvanized jets."
        RenderBlock {P} at (0,68) size 784x16
          RenderText {#text} at (0,0) size 362x16
            text run at (0,0) width 362: "font-weight: 400 - Fix problem quickly with galvanized jets."
        RenderBlock {P} at (0,84) size 784x16
          RenderText {#text} at (0,0) size 362x16
            text run at (0,0) width 362: "font-weight: 500 - Fix problem quickly with galvanized jets."
        RenderBlock {P} at (0,100) size 784x16
          RenderText {#text} at (0,0) size 391x16
            text run at (0,0) width 391: "font-weight: 600 - Fix problem quickly with galvanized jets."
        RenderBlock {P} at (0,116) size 784x16
          RenderText {#text} at (0,0) size 391x16
            text run at (0,0) width 391: "font-weight: 700 - Fix problem quickly with galvanized jets."
        RenderBlock {P} at (0,132) size 784x16
          RenderText {#text} at (0,0) size 391x16
            text run at (0,0) width 391: "font-weight: 800 - Fix problem quickly with galvanized jets."
        RenderBlock {P} at (0,148) size 784x16
          RenderText {#text} at (0,0) size 391x16
            text run at (0,0) width 391: "font-weight: 900 - Fix problem quickly with galvanized jets."
