layer at (0,0) size 800x600
  RenderView at (0,0) size 800x600
layer at (0,0) size 800x600
  RenderBlock {HTML} at (0,0) size 800x600
    RenderBody {BODY} at (8,8) size 784x576
      RenderBlock {P} at (0,0) size 784x32
        RenderText {#text} at (0,0) size 55x16
          text run at (0,0) width 55: "Test for "
        RenderInline {I} at (0,0) size 740x32
          RenderInline {A} at (0,0) size 306x16 [color=#0000EE]
            RenderText {#text} at (54,0) size 306x16
              text run at (54,0) width 306: "http://bugs.webkit.org/show_bug.cgi?id=13156"
          RenderText {#text} at (359,0) size 740x32
            text run at (359,0) width 5: " "
            text run at (363,0) width 377: "REGRESSION (r19621): Pasting breakable content where"
            text run at (0,16) width 504: "wrapped line is too long to fit in a textarea fails to draw a horizontal scrollbar"
        RenderText {#text} at (503,16) size 5x16
          text run at (503,16) width 5: "."
      RenderBlock {P} at (0,48) size 784x32
        RenderText {#text} at (0,0) size 726x32
          text run at (0,0) width 726: "This tests that a line break will occur in the middle of the first word on a line if it\x{2019}s too long to fit on the line. The"
          text run at (0,16) width 707: "behavior is tested after breakable characters (question mark and hyphen), after a space and after a soft hyphen."
      RenderBlock {P} at (0,96) size 784x16
        RenderText {#text} at (0,0) size 266x16
          text run at (0,0) width 266: "The following blocks should be identical."
      RenderBlock (floating) {DIV} at (4,132) size 300x144 [bgcolor=#FFFFE0]
        RenderText {#text} at (0,0) size 298x144
          text run at (0,0) width 191: "Curabiturpretium,quamquiss?"
          text run at (0,16) width 295: "empermalesuada,estliberofeugiatlibero,velfrin"
          text run at (0,32) width 147: "gillaorcinibhsedneque-"
          text run at (0,48) width 295: "Quisqueeunullanonnisimolestieaccumsan.Etia"
          text run at (0,64) width 209: "mtellusurna,laoreetac,laoreetnon"
          text run at (0,80) width 298: "suscipitsed,sapien.Phasellusvehicula,sematpos"
          text run at (0,96) width 236: "uerevehicula,auguenibhmolestienisl\x{AD}" + hyphen string "-"
          text run at (0,112) width 297: "necullamcorperlacusantevulputatepede.Nascet"
          text run at (0,128) width 100: "urridiculusmus."
      RenderBlock (floating) {DIV} at (312,132) size 300x208 [bgcolor=#FFFFE0]
        RenderText {#text} at (0,0) size 191x16
          text run at (0,0) width 191: "Curabiturpretium,quamquiss?"
        RenderBR {BR} at (190,12) size 1x0
        RenderText {#text} at (0,16) size 295x32
          text run at (0,16) width 295: "empermalesuada,estliberofeugiatlibero,velfrin"
          text run at (0,32) width 13: "gi"
        RenderBR {BR} at (12,44) size 1x0
        RenderText {#text} at (0,48) size 135x16
          text run at (0,48) width 135: "llaorcinibhsedneque-"
        RenderBR {BR} at (134,60) size 1x0
        RenderText {#text} at (0,64) size 295x32
          text run at (0,64) width 295: "Quisqueeunullanonnisimolestieaccumsan.Etia"
          text run at (0,80) width 13: "m"
        RenderBR {BR} at (12,92) size 1x0
        RenderText {#text} at (0,96) size 197x16
          text run at (0,96) width 197: "tellusurna,laoreetac,laoreetnon"
        RenderBR {BR} at (196,108) size 1x0
        RenderText {#text} at (0,112) size 298x32
          text run at (0,112) width 298: "suscipitsed,sapien.Phasellusvehicula,sematpos"
          text run at (0,128) width 8: "u"
        RenderBR {BR} at (8,140) size 0x0
        RenderText {#text} at (0,144) size 228x16
          text run at (0,144) width 228: "erevehicula,auguenibhmolestienisl-"
        RenderBR {BR} at (227,156) size 1x0
        RenderText {#text} at (0,160) size 297x32
          text run at (0,160) width 297: "necullamcorperlacusantevulputatepede.Nascet"
          text run at (0,176) width 8: "u"
        RenderBR {BR} at (8,188) size 0x0
        RenderText {#text} at (0,192) size 92x16
          text run at (0,192) width 92: "rridiculusmus."
