layer at (0,0) size 800x600
  RenderView at (0,0) size 800x600
layer at (0,0) size 800x600
  RenderBlock {HTML} at (0,0) size 800x600
    RenderBody {BODY} at (8,8) size 784x584
      RenderBlock {P} at (0,0) size 784x16
        RenderText {#text} at (0,0) size 55x16
          text run at (0,0) width 55: "Test for "
        RenderInline {I} at (0,0) size 715x16
          RenderInline {A} at (0,0) size 306x16 [color=#0000EE]
            RenderText {#text} at (54,0) size 306x16
              text run at (54,0) width 306: "http://bugs.webkit.org/show_bug.cgi?id=14758"
          RenderText {#text} at (359,0) size 410x16
            text run at (359,0) width 5: " "
            text run at (363,0) width 406: "REGRESSION: Repeated text after line break on facebook.com"
        RenderText {#text} at (768,0) size 5x16
          text run at (768,0) width 5: "."
      RenderBlock {P} at (0,32) size 784x16
        RenderText {#text} at (0,0) size 237x16
          text run at (0,0) width 237: "These two boxes should be identical:"
      RenderBlock {DIV} at (0,64) size 76x54 [border: (3px solid #000000)]
        RenderBlock (anonymous) at (3,3) size 70x32
          RenderText {#text} at (0,0) size 43x16
            text run at (0,0) width 43: "Lorem"
          RenderInline {SPAN} at (0,0) size 40x16
            RenderText {#text} at (0,16) size 40x16
              text run at (0,16) width 40: "ipsum"
          RenderText {#text} at (0,0) size 0x0
        RenderBlock {DIV} at (3,35) size 70x16
          RenderText {#text} at (0,0) size 34x16
            text run at (0,0) width 34: "dolor"
      RenderBlock (anonymous) at (0,118) size 784x16
        RenderBR {BR} at (0,0) size 0x16
      RenderBlock {DIV} at (0,134) size 76x54 [border: (3px solid #000000)]
        RenderBlock (anonymous) at (3,3) size 70x32
          RenderText {#text} at (0,0) size 43x32
            text run at (0,0) width 43: "Lorem"
            text run at (0,16) width 40: "ipsum"
        RenderBlock {DIV} at (3,35) size 70x16
          RenderText {#text} at (0,0) size 34x16
            text run at (0,0) width 34: "dolor"
