layer at (0,0) size 800x600
  RenderView at (0,0) size 800x600
layer at (0,0) size 800x600
  RenderBlock {HTML} at (0,0) size 800x600
    RenderBody {BODY} at (8,8) size 784x584
      RenderBlock {P} at (0,0) size 784x16
        RenderText {#text} at (0,0) size 257x16
          text run at (0,0) width 257: "These two glyphs should look the same:"
      RenderBlock {DIV} at (0,32) size 784x72
        RenderText {#text} at (0,12) size 48x48
          text run at (0,12) width 48: "\x{D842}\x{DF9F}"
      RenderBlock {DIV} at (0,104) size 72x48
        RenderText {#text} at (12,0) size 48x48
          text run at (12,0) width 48: "\x{D842}\x{DF9F}"
