layer at (0,0) size 800x730
  RenderView at (0,0) size 800x600
layer at (0,0) size 800x730
  RenderBlock {HTML} at (0,0) size 800x730
    RenderBody {BODY} at (8,8) size 784x712
      RenderBlock {P} at (0,0) size 784x16
        RenderText {#text} at (0,0) size 175x16
          text run at (0,0) width 175: "Two words with no spaces."
      RenderBlock {DIV} at (0,32) size 302x18 [border: (1px solid #0000FF)]
        RenderText {#text} at (1,1) size 484x16
          text run at (1,1) width 484: "aaaaaaaaaaaaaaaaaaaaaaaaaaaaaaaabbbbbbbbbbbbbbbbbbbbbbbbbbbbbbbb"
      RenderTable {TABLE} at (0,60) size 784x18
        RenderTableSection {TBODY} at (0,0) size 784x18
          RenderTableRow {TR} at (0,0) size 784x18
            RenderTableCell {TD} at (0,0) size 486x18 [border: (1px solid #008000)] [r=0 c=0 rs=1 cs=1]
              RenderText {#text} at (1,1) size 484x16
                text run at (1,1) width 484: "aaaaaaaaaaaaaaaaaaaaaaaaaaaaaaaabbbbbbbbbbbbbbbbbbbbbbbbbbbbbbbb"
            RenderTableCell {TD} at (486,9) size 298x0 [r=0 c=1 rs=1 cs=1]
      RenderBlock {P} at (0,94) size 784x16
        RenderText {#text} at (0,0) size 189x16
          text run at (0,0) width 189: "Using <wbr> to break words."
      RenderBlock {DIV} at (0,126) size 302x34 [border: (1px solid #0000FF)]
        RenderText {#text} at (1,1) size 228x16
          text run at (1,1) width 228: "aaaaaaaaaaaaaaaaaaaaaaaaaaaaaaaa"
        RenderWordBreak {WBR} at (0,0) size 0x0
        RenderText {#text} at (1,17) size 256x16
          text run at (1,17) width 256: "bbbbbbbbbbbbbbbbbbbbbbbbbbbbbbbb"
      RenderTable {TABLE} at (0,170) size 784x34
        RenderTableSection {TBODY} at (0,0) size 784x34
          RenderTableRow {TR} at (0,0) size 784x34
            RenderTableCell {TD} at (0,0) size 258x34 [border: (1px solid #008000)] [r=0 c=0 rs=1 cs=1]
              RenderText {#text} at (1,1) size 228x16
                text run at (1,1) width 228: "aaaaaaaaaaaaaaaaaaaaaaaaaaaaaaaa"
              RenderWordBreak {WBR} at (0,0) size 0x0
              RenderText {#text} at (1,17) size 256x16
                text run at (1,17) width 256: "bbbbbbbbbbbbbbbbbbbbbbbbbbbbbbbb"
            RenderTableCell {TD} at (258,17) size 526x0 [r=0 c=1 rs=1 cs=1]
      RenderBlock {P} at (0,220) size 784x16
        RenderText {#text} at (0,0) size 285x16
          text run at (0,0) width 285: "Using <wbr> within <nobr> to break words."
      RenderBlock {DIV} at (0,252) size 302x34 [border: (1px solid #0000FF)]
        RenderInline {NOBR} at (0,0) size 256x32
          RenderText {#text} at (1,1) size 228x16
            text run at (1,1) width 228: "aaaaaaaaaaaaaaaaaaaaaaaaaaaaaaaa"
          RenderWordBreak {WBR} at (0,0) size 0x0
          RenderText {#text} at (1,17) size 256x16
            text run at (1,17) width 256: "bbbbbbbbbbbbbbbbbbbbbbbbbbbbbbbb"
      RenderTable {TABLE} at (0,296) size 784x34
        RenderTableSection {TBODY} at (0,0) size 784x34
          RenderTableRow {TR} at (0,0) size 784x34
            RenderTableCell {TD} at (0,0) size 258x34 [border: (1px solid #008000)] [r=0 c=0 rs=1 cs=1]
              RenderInline {NOBR} at (0,0) size 256x32
                RenderText {#text} at (1,1) size 228x16
                  text run at (1,1) width 228: "aaaaaaaaaaaaaaaaaaaaaaaaaaaaaaaa"
                RenderWordBreak {WBR} at (0,0) size 0x0
                RenderText {#text} at (1,17) size 256x16
                  text run at (1,17) width 256: "bbbbbbbbbbbbbbbbbbbbbbbbbbbbbbbb"
            RenderTableCell {TD} at (258,17) size 526x0 [r=0 c=1 rs=1 cs=1]
      RenderBlock {P} at (0,346) size 784x16
        RenderText {#text} at (0,0) size 225x16
          text run at (0,0) width 225: "Using <wbr> to break three words."
      RenderBlock {DIV} at (0,378) size 302x50 [border: (1px solid #0000FF)]
        RenderText {#text} at (1,1) size 171x16
          text run at (1,1) width 171: "aaaaaaaaaaaaaaaaaaaaaaaa"
        RenderWordBreak {WBR} at (0,0) size 0x0
        RenderText {#text} at (1,17) size 192x16
          text run at (1,17) width 192: "bbbbbbbbbbbbbbbbbbbbbbbb"
        RenderWordBreak {WBR} at (0,0) size 0x0
        RenderText {#text} at (1,33) size 171x16
          text run at (1,33) width 171: "cccccccccccccccccccccccc"
      RenderTable {TABLE} at (0,438) size 784x50
        RenderTableSection {TBODY} at (0,0) size 784x50
          RenderTableRow {TR} at (0,0) size 784x50
            RenderTableCell {TD} at (0,0) size 194x50 [border: (1px solid #008000)] [r=0 c=0 rs=1 cs=1]
              RenderText {#text} at (1,1) size 171x16
                text run at (1,1) width 171: "aaaaaaaaaaaaaaaaaaaaaaaa"
              RenderWordBreak {WBR} at (0,0) size 0x0
              RenderText {#text} at (1,17) size 192x16
                text run at (1,17) width 192: "bbbbbbbbbbbbbbbbbbbbbbbb"
              RenderWordBreak {WBR} at (0,0) size 0x0
              RenderText {#text} at (1,33) size 171x16
                text run at (1,33) width 171: "cccccccccccccccccccccccc"
            RenderTableCell {TD} at (194,25) size 590x0 [r=0 c=1 rs=1 cs=1]
      RenderBlock {P} at (0,504) size 784x16
        RenderText {#text} at (0,0) size 321x16
          text run at (0,0) width 321: "Using <wbr> within <nobr> to break three words."
      RenderBlock {DIV} at (0,536) size 302x50 [border: (1px solid #0000FF)]
        RenderInline {NOBR} at (0,0) size 192x48
          RenderText {#text} at (1,1) size 171x16
            text run at (1,1) width 171: "aaaaaaaaaaaaaaaaaaaaaaaa"
          RenderWordBreak {WBR} at (0,0) size 0x0
          RenderText {#text} at (1,17) size 192x16
            text run at (1,17) width 192: "bbbbbbbbbbbbbbbbbbbbbbbb"
          RenderWordBreak {WBR} at (0,0) size 0x0
          RenderText {#text} at (1,33) size 171x16
            text run at (1,33) width 171: "cccccccccccccccccccccccc"
      RenderTable {TABLE} at (0,596) size 784x50
        RenderTableSection {TBODY} at (0,0) size 784x50
          RenderTableRow {TR} at (0,0) size 784x50
            RenderTableCell {TD} at (0,0) size 194x50 [border: (1px solid #008000)] [r=0 c=0 rs=1 cs=1]
              RenderInline {NOBR} at (0,0) size 192x48
                RenderText {#text} at (1,1) size 171x16
                  text run at (1,1) width 171: "aaaaaaaaaaaaaaaaaaaaaaaa"
                RenderWordBreak {WBR} at (0,0) size 0x0
                RenderText {#text} at (1,17) size 192x16
                  text run at (1,17) width 192: "bbbbbbbbbbbbbbbbbbbbbbbb"
                RenderWordBreak {WBR} at (0,0) size 0x0
                RenderText {#text} at (1,33) size 171x16
                  text run at (1,33) width 171: "cccccccccccccccccccccccc"
            RenderTableCell {TD} at (194,25) size 590x0 [r=0 c=1 rs=1 cs=1]
      RenderBlock {P} at (0,662) size 784x16
        RenderText {#text} at (0,0) size 444x16
          text run at (0,0) width 444: "Spaces both before and after <wbr> to check for collapsing behavior."
      RenderBlock {DIV} at (0,694) size 302x18 [border: (1px solid #0000FF)]
        RenderText {#text} at (1,1) size 26x16
          text run at (1,1) width 26: "aaa "
        RenderWordBreak {WBR} at (0,0) size 0x0
        RenderText {#text} at (26,1) size 25x16
          text run at (26,1) width 25: "bbb"
