layer at (0,0) size 800x600
  RenderView at (0,0) size 800x600
layer at (0,0) size 800x600
  RenderBlock {HTML} at (0,0) size 800x600
    RenderBody {BODY} at (8,8) size 784x576
      RenderBlock {P} at (0,0) size 784x32
        RenderText {#text} at (0,0) size 55x16
          text run at (0,0) width 55: "Test for "
        RenderInline {I} at (0,0) size 761x32
          RenderInline {A} at (0,0) size 306x16 [color=#0000EE]
            RenderText {#text} at (54,0) size 306x16
              text run at (54,0) width 306: "http://bugs.webkit.org/show_bug.cgi?id=15367"
          RenderText {#text} at (359,0) size 761x32
            text run at (359,0) width 5: " "
            text run at (363,0) width 398: "Assertion failure inspecting a document including soft hyphen"
            text run at (0,16) width 76: "code (0xad)"
        RenderText {#text} at (75,16) size 5x16
          text run at (75,16) width 5: "."
      RenderBlock {P} at (0,48) size 784x16
        RenderText {#text} at (0,0) size 499x16
          text run at (0,0) width 499: "The following text should not wrap and the border should fit tightly around it."
layer at (8,88) size 117x22
  RenderBlock (positioned) {DIV} at (8,88) size 116.66x22 [border: (3px solid #000000)]
    RenderText {#text} at (3,3) size 111x16
      text run at (3,3) width 111: "Two soft\x{AD}hyp\x{AD}hens"
