layer at (0,0) size 800x600
  RenderView at (0,0) size 800x600
layer at (0,0) size 800x66
  RenderBlock {HTML} at (0,0) size 800x66
    RenderBody {BODY} at (8,8) size 784x50
      RenderBlock {DIV} at (0,0) size 784x32
        RenderText {#text} at (0,0) size 762x32
          text run at (0,0) width 762: "When the caret reaches the edge of the input box or content editable div, on the next input if must jump to the center of"
          text run at (0,16) width 73: "the control."
layer at (8,40) size 82x18 clip at (9,41) size 80x16 scrollX 41.00 scrollWidth 337
  RenderBlock {DIV} at (0,32) size 82x18 [border: (1px solid #000000)]
    RenderText {#text} at (1,1) size 336x16
      text run at (1,1) width 336: "012345678901012345678901234567890123456789"
hidden layer at (8,40) size 8x16
  RenderBlock (positioned) {SPAN} at (8,40) size 8x16
    RenderText {#text} at (0,0) size 8x16
      text run at (0,0) width 8: "0"
caret: position 12 of child 0 {#text} of child 5 {DIV} of body
