layer at (0,0) size 800x600
  RenderView at (0,0) size 800x600
layer at (0,0) size 800x194
  RenderBlock {HTML} at (0,0) size 800x194
    RenderBody {BODY} at (8,8) size 784x178
      RenderBlock {DIV} at (0,0) size 784x16
        RenderText {#text} at (0,0) size 610x16
          text run at (0,0) width 610: "When the caret is scrolled out, on starting typing it must be brought to the center of the control."
layer at (8,24) size 784x162 clip at (9,25) size 767x145 scrollY 224.00 scrollHeight 496
  RenderBlock {DIV} at (0,16) size 784x162 [border: (1px solid #000000)]
    RenderText {#text} at (1,1) size 16x16
      text run at (1,1) width 16: "00"
    RenderBR {BR} at (17,1) size 0x16
    RenderText {#text} at (1,17) size 16x16
      text run at (1,17) width 16: "01"
    RenderBR {BR} at (17,17) size 0x16
    RenderText {#text} at (1,33) size 16x16
      text run at (1,33) width 16: "02"
    RenderBR {BR} at (17,33) size 0x16
    RenderText {#text} at (1,49) size 16x16
      text run at (1,49) width 16: "03"
    RenderBR {BR} at (17,49) size 0x16
    RenderText {#text} at (1,65) size 16x16
      text run at (1,65) width 16: "04"
    RenderBR {BR} at (17,65) size 0x16
    RenderText {#text} at (1,81) size 16x16
      text run at (1,81) width 16: "05"
    RenderBR {BR} at (17,81) size 0x16
    RenderText {#text} at (1,97) size 16x16
      text run at (1,97) width 16: "06"
    RenderBR {BR} at (17,97) size 0x16
    RenderText {#text} at (1,113) size 16x16
      text run at (1,113) width 16: "07"
    RenderBR {BR} at (17,113) size 0x16
    RenderText {#text} at (1,129) size 16x16
      text run at (1,129) width 16: "08"
    RenderBR {BR} at (17,129) size 0x16
    RenderText {#text} at (1,145) size 16x16
      text run at (1,145) width 16: "09"
    RenderBR {BR} at (17,145) size 0x16
    RenderText {#text} at (1,161) size 16x16
      text run at (1,161) width 16: "10"
    RenderBR {BR} at (17,161) size 0x16
    RenderText {#text} at (1,177) size 16x16
      text run at (1,177) width 16: "11"
    RenderBR {BR} at (17,177) size 0x16
    RenderText {#text} at (1,193) size 16x16
      text run at (1,193) width 16: "12"
    RenderBR {BR} at (17,193) size 0x16
    RenderText {#text} at (1,209) size 16x16
      text run at (1,209) width 16: "13"
    RenderBR {BR} at (17,209) size 0x16
    RenderText {#text} at (1,225) size 16x16
      text run at (1,225) width 16: "14"
    RenderBR {BR} at (17,225) size 0x16
    RenderText {#text} at (1,241) size 16x16
      text run at (1,241) width 16: "15"
    RenderBR {BR} at (17,241) size 0x16
    RenderText {#text} at (1,257) size 16x16
      text run at (1,257) width 16: "16"
    RenderBR {BR} at (17,257) size 0x16
    RenderText {#text} at (1,273) size 16x16
      text run at (1,273) width 16: "17"
    RenderBR {BR} at (17,273) size 0x16
    RenderText {#text} at (1,289) size 26x16
      text run at (1,289) width 26: ">18"
    RenderBR {BR} at (26,289) size 1x16
    RenderText {#text} at (1,305) size 16x16
      text run at (1,305) width 16: "19"
    RenderBR {BR} at (17,305) size 0x16
    RenderText {#text} at (1,321) size 16x16
      text run at (1,321) width 16: "20"
    RenderBR {BR} at (17,321) size 0x16
    RenderText {#text} at (1,337) size 16x16
      text run at (1,337) width 16: "21"
    RenderBR {BR} at (17,337) size 0x16
    RenderText {#text} at (1,353) size 16x16
      text run at (1,353) width 16: "22"
    RenderBR {BR} at (17,353) size 0x16
    RenderText {#text} at (1,369) size 16x16
      text run at (1,369) width 16: "23"
    RenderBR {BR} at (17,369) size 0x16
    RenderText {#text} at (1,385) size 16x16
      text run at (1,385) width 16: "24"
    RenderBR {BR} at (17,385) size 0x16
    RenderText {#text} at (1,401) size 16x16
      text run at (1,401) width 16: "25"
    RenderBR {BR} at (17,401) size 0x16
    RenderText {#text} at (1,417) size 16x16
      text run at (1,417) width 16: "26"
    RenderBR {BR} at (17,417) size 0x16
    RenderText {#text} at (1,433) size 16x16
      text run at (1,433) width 16: "27"
    RenderBR {BR} at (17,433) size 0x16
    RenderText {#text} at (1,449) size 16x16
      text run at (1,449) width 16: "28"
    RenderBR {BR} at (17,449) size 0x16
    RenderText {#text} at (1,465) size 16x16
      text run at (1,465) width 16: "29"
    RenderBR {BR} at (17,465) size 0x16
    RenderText {#text} at (1,481) size 16x16
      text run at (1,481) width 16: "30"
    RenderBR {BR} at (17,481) size 0x16
hidden layer at (8,24) size 8x16
  RenderBlock (positioned) {SPAN} at (8,24) size 8x16
    RenderText {#text} at (0,0) size 8x16
      text run at (0,0) width 8: "0"
caret: position 1 of child 36 {#text} of child 5 {DIV} of body
