layer at (0,0) size 785x3432
  RenderView at (0,0) size 785x600
layer at (0,0) size 785x3432
  RenderBlock {HTML} at (0,0) size 785x3431.88
    RenderBody {BODY} at (8,16) size 769x3399.88
layer at (8,16) size 760x401
  RenderBlock {DIV} at (0,0) size 760x400.81 [border: (5px solid #800000)]
    RenderBlock (anonymous multi-column span) at (5,5) size 750x66.81
      RenderBlock {H2} at (0,19.91) size 750x27 [bgcolor=#EEEEEE]
        RenderText {#text} at (0,0) size 666x26
          text run at (0,0) width 666: "This is a spanning element at the beginning of the columns block."
layer at (13,88) size 750x324
  RenderBlock (anonymous multi-column) at (5,71.81) size 750x324
    RenderText {#text} at (0,0) size 367x629
      text run at (0,0) width 364: "Lorem ipsum dolor sit amet, consectetuer adipiscing elit."
      text run at (0,18) width 362: "Nulla varius enim ac mi. Curabitur sollicitudin felis quis"
      text run at (0,36) width 332: "lectus. Quisque adipiscing rhoncus sem. Proin nulla"
      text run at (0,54) width 367: "purus, vulputate vel, varius ut, euismod et, nisi. Sed vitae"
      text run at (0,72) width 354: "felis vel orci sagittis aliquam. Cras convallis adipiscing"
      text run at (0,90) width 347: "sem. Nam nonummy enim. Nullam bibendum lobortis"
      text run at (0,108) width 353: "neque. Vestibulum velit orci, tempus euismod, pretium"
      text run at (0,126) width 353: "quis, interdum vitae, nulla. Phasellus eget ante et tortor"
      text run at (0,144) width 351: "condimentum vestibulum. Suspendisse hendrerit quam"
      text run at (0,162) width 333: "nec felis. Sed varius turpis vitae pede. Lorem ipsum"
      text run at (0,180) width 279: "dolor sit amet, consectetuer adipiscing elit. "
      text run at (278,180) width 86: "Lorem ipsum"
      text run at (0,198) width 357: "dolor sit amet, consectetuer adipiscing elit. Nulla varius"
      text run at (0,216) width 324: "enim ac mi. Curabitur sollicitudin felis quis lectus."
      text run at (0,234) width 330: "Quisque adipiscing rhoncus sem. Proin nulla purus,"
      text run at (0,252) width 355: "vulputate vel, varius ut, euismod et, nisi. Sed vitae felis"
      text run at (0,270) width 356: "vel orci sagittis aliquam. Cras convallis adipiscing sem."
      text run at (0,288) width 360: "Nam nonummy enim. Nullam bibendum lobortis neque."
      text run at (0,306) width 341: "Vestibulum velit orci, tempus euismod, pretium quis,"
      text run at (0,324) width 318: "interdum vitae, nulla. Phasellus eget ante et tortor"
      text run at (0,342) width 351: "condimentum vestibulum. Suspendisse hendrerit quam"
      text run at (0,360) width 333: "nec felis. Sed varius turpis vitae pede. Lorem ipsum"
      text run at (0,378) width 279: "dolor sit amet, consectetuer adipiscing elit. "
      text run at (278,378) width 86: "Lorem ipsum"
      text run at (0,396) width 357: "dolor sit amet, consectetuer adipiscing elit. Nulla varius"
      text run at (0,414) width 324: "enim ac mi. Curabitur sollicitudin felis quis lectus."
      text run at (0,432) width 330: "Quisque adipiscing rhoncus sem. Proin nulla purus,"
      text run at (0,450) width 355: "vulputate vel, varius ut, euismod et, nisi. Sed vitae felis"
      text run at (0,468) width 356: "vel orci sagittis aliquam. Cras convallis adipiscing sem."
      text run at (0,486) width 360: "Nam nonummy enim. Nullam bibendum lobortis neque."
      text run at (0,504) width 341: "Vestibulum velit orci, tempus euismod, pretium quis,"
      text run at (0,522) width 318: "interdum vitae, nulla. Phasellus eget ante et tortor"
      text run at (0,540) width 351: "condimentum vestibulum. Suspendisse hendrerit quam"
      text run at (0,558) width 333: "nec felis. Sed varius turpis vitae pede. Lorem ipsum"
      text run at (0,576) width 279: "dolor sit amet, consectetuer adipiscing elit. "
      text run at (278,576) width 86: "Lorem ipsum"
      text run at (0,594) width 357: "dolor sit amet, consectetuer adipiscing elit. Nulla varius"
      text run at (0,612) width 76: "enim ac mi."
layer at (8,433) size 760x401
  RenderBlock {DIV} at (0,416.81) size 760x400.81 [border: (5px solid #800000)]
    RenderBlock (anonymous multi-column span) at (5,329) size 750x66.81
      RenderBlock {H2} at (0,19.91) size 750x27 [bgcolor=#EEEEEE]
        RenderText {#text} at (0,0) size 602x26
          text run at (0,0) width 602: "This is a spanning element at the end of the columns block."
layer at (13,438) size 750x324
  RenderBlock (anonymous multi-column) at (5,5) size 750x324
    RenderText {#text} at (0,0) size 367x629
      text run at (0,0) width 364: "Lorem ipsum dolor sit amet, consectetuer adipiscing elit."
      text run at (0,18) width 362: "Nulla varius enim ac mi. Curabitur sollicitudin felis quis"
      text run at (0,36) width 332: "lectus. Quisque adipiscing rhoncus sem. Proin nulla"
      text run at (0,54) width 367: "purus, vulputate vel, varius ut, euismod et, nisi. Sed vitae"
      text run at (0,72) width 354: "felis vel orci sagittis aliquam. Cras convallis adipiscing"
      text run at (0,90) width 347: "sem. Nam nonummy enim. Nullam bibendum lobortis"
      text run at (0,108) width 353: "neque. Vestibulum velit orci, tempus euismod, pretium"
      text run at (0,126) width 353: "quis, interdum vitae, nulla. Phasellus eget ante et tortor"
      text run at (0,144) width 351: "condimentum vestibulum. Suspendisse hendrerit quam"
      text run at (0,162) width 333: "nec felis. Sed varius turpis vitae pede. Lorem ipsum"
      text run at (0,180) width 279: "dolor sit amet, consectetuer adipiscing elit. "
      text run at (278,180) width 86: "Lorem ipsum"
      text run at (0,198) width 357: "dolor sit amet, consectetuer adipiscing elit. Nulla varius"
      text run at (0,216) width 324: "enim ac mi. Curabitur sollicitudin felis quis lectus."
      text run at (0,234) width 330: "Quisque adipiscing rhoncus sem. Proin nulla purus,"
      text run at (0,252) width 355: "vulputate vel, varius ut, euismod et, nisi. Sed vitae felis"
      text run at (0,270) width 356: "vel orci sagittis aliquam. Cras convallis adipiscing sem."
      text run at (0,288) width 360: "Nam nonummy enim. Nullam bibendum lobortis neque."
      text run at (0,306) width 341: "Vestibulum velit orci, tempus euismod, pretium quis,"
      text run at (0,324) width 318: "interdum vitae, nulla. Phasellus eget ante et tortor"
      text run at (0,342) width 351: "condimentum vestibulum. Suspendisse hendrerit quam"
      text run at (0,360) width 333: "nec felis. Sed varius turpis vitae pede. Lorem ipsum"
      text run at (0,378) width 279: "dolor sit amet, consectetuer adipiscing elit. "
      text run at (278,378) width 86: "Lorem ipsum"
      text run at (0,396) width 357: "dolor sit amet, consectetuer adipiscing elit. Nulla varius"
      text run at (0,414) width 324: "enim ac mi. Curabitur sollicitudin felis quis lectus."
      text run at (0,432) width 330: "Quisque adipiscing rhoncus sem. Proin nulla purus,"
      text run at (0,450) width 355: "vulputate vel, varius ut, euismod et, nisi. Sed vitae felis"
      text run at (0,468) width 356: "vel orci sagittis aliquam. Cras convallis adipiscing sem."
      text run at (0,486) width 360: "Nam nonummy enim. Nullam bibendum lobortis neque."
      text run at (0,504) width 341: "Vestibulum velit orci, tempus euismod, pretium quis,"
      text run at (0,522) width 318: "interdum vitae, nulla. Phasellus eget ante et tortor"
      text run at (0,540) width 351: "condimentum vestibulum. Suspendisse hendrerit quam"
      text run at (0,558) width 333: "nec felis. Sed varius turpis vitae pede. Lorem ipsum"
      text run at (0,576) width 279: "dolor sit amet, consectetuer adipiscing elit. "
      text run at (278,576) width 86: "Lorem ipsum"
      text run at (0,594) width 357: "dolor sit amet, consectetuer adipiscing elit. Nulla varius"
      text run at (0,612) width 76: "enim ac mi."
layer at (8,850) size 760x400
  RenderBlock {DIV} at (0,833.63) size 760x400.81 [border: (5px solid #800000)]
    RenderBlock (anonymous multi-column span) at (5,131) size 750x66.81
      RenderBlock {H2} at (0,19.91) size 750x27 [bgcolor=#EEEEEE]
        RenderText {#text} at (0,0) size 635x26
          text run at (0,0) width 635: "This is a spanning element in the middle of the columns block."
layer at (13,855) size 750x126
  RenderBlock (anonymous multi-column) at (5,5) size 750x126
    RenderText {#text} at (0,0) size 367x233
      text run at (0,0) width 364: "Lorem ipsum dolor sit amet, consectetuer adipiscing elit."
      text run at (0,18) width 362: "Nulla varius enim ac mi. Curabitur sollicitudin felis quis"
      text run at (0,36) width 332: "lectus. Quisque adipiscing rhoncus sem. Proin nulla"
      text run at (0,54) width 367: "purus, vulputate vel, varius ut, euismod et, nisi. Sed vitae"
      text run at (0,72) width 354: "felis vel orci sagittis aliquam. Cras convallis adipiscing"
      text run at (0,90) width 347: "sem. Nam nonummy enim. Nullam bibendum lobortis"
      text run at (0,108) width 353: "neque. Vestibulum velit orci, tempus euismod, pretium"
      text run at (0,126) width 353: "quis, interdum vitae, nulla. Phasellus eget ante et tortor"
      text run at (0,144) width 351: "condimentum vestibulum. Suspendisse hendrerit quam"
      text run at (0,162) width 333: "nec felis. Sed varius turpis vitae pede. Lorem ipsum"
      text run at (0,180) width 279: "dolor sit amet, consectetuer adipiscing elit. "
      text run at (278,180) width 86: "Lorem ipsum"
      text run at (0,198) width 357: "dolor sit amet, consectetuer adipiscing elit. Nulla varius"
      text run at (0,216) width 76: "enim ac mi."
layer at (13,1047) size 750x198
  RenderBlock (anonymous multi-column) at (5,197.81) size 750x198
    RenderText {#text} at (0,0) size 367x395
      text run at (0,0) width 364: "Lorem ipsum dolor sit amet, consectetuer adipiscing elit."
      text run at (0,18) width 362: "Nulla varius enim ac mi. Curabitur sollicitudin felis quis"
      text run at (0,36) width 332: "lectus. Quisque adipiscing rhoncus sem. Proin nulla"
      text run at (0,54) width 367: "purus, vulputate vel, varius ut, euismod et, nisi. Sed vitae"
      text run at (0,72) width 354: "felis vel orci sagittis aliquam. Cras convallis adipiscing"
      text run at (0,90) width 347: "sem. Nam nonummy enim. Nullam bibendum lobortis"
      text run at (0,108) width 353: "neque. Vestibulum velit orci, tempus euismod, pretium"
      text run at (0,126) width 353: "quis, interdum vitae, nulla. Phasellus eget ante et tortor"
      text run at (0,144) width 351: "condimentum vestibulum. Suspendisse hendrerit quam"
      text run at (0,162) width 333: "nec felis. Sed varius turpis vitae pede. Lorem ipsum"
      text run at (0,180) width 279: "dolor sit amet, consectetuer adipiscing elit. "
      text run at (278,180) width 86: "Lorem ipsum"
      text run at (0,198) width 357: "dolor sit amet, consectetuer adipiscing elit. Nulla varius"
      text run at (0,216) width 324: "enim ac mi. Curabitur sollicitudin felis quis lectus."
      text run at (0,234) width 330: "Quisque adipiscing rhoncus sem. Proin nulla purus,"
      text run at (0,252) width 355: "vulputate vel, varius ut, euismod et, nisi. Sed vitae felis"
      text run at (0,270) width 356: "vel orci sagittis aliquam. Cras convallis adipiscing sem."
      text run at (0,288) width 360: "Nam nonummy enim. Nullam bibendum lobortis neque."
      text run at (0,306) width 341: "Vestibulum velit orci, tempus euismod, pretium quis,"
      text run at (0,324) width 318: "interdum vitae, nulla. Phasellus eget ante et tortor"
      text run at (0,342) width 351: "condimentum vestibulum. Suspendisse hendrerit quam"
      text run at (0,360) width 333: "nec felis. Sed varius turpis vitae pede. Lorem ipsum"
      text run at (0,378) width 275: "dolor sit amet, consectetuer adipiscing elit."
layer at (8,1266) size 760x366
  RenderBlock {DIV} at (0,1250.44) size 760x366 [border: (5px solid #800000)]
    RenderText {#text} at (5,5) size 367x240
      text run at (5,5) width 364: "Lorem ipsum dolor sit amet, consectetuer adipiscing elit."
      text run at (5,23) width 362: "Nulla varius enim ac mi. Curabitur sollicitudin felis quis"
      text run at (5,41) width 332: "lectus. Quisque adipiscing rhoncus sem. Proin nulla"
      text run at (5,59) width 367: "purus, vulputate vel, varius ut, euismod et, nisi. Sed vitae"
      text run at (5,77) width 354: "felis vel orci sagittis aliquam. Cras convallis adipiscing"
      text run at (5,95) width 347: "sem. Nam nonummy enim. Nullam bibendum lobortis"
      text run at (5,113) width 353: "neque. Vestibulum velit orci, tempus euismod, pretium"
      text run at (5,131) width 353: "quis, interdum vitae, nulla. Phasellus eget ante et tortor"
      text run at (5,149) width 351: "condimentum vestibulum. Suspendisse hendrerit quam"
      text run at (5,167) width 333: "nec felis. Sed varius turpis vitae pede. Lorem ipsum"
      text run at (5,185) width 279: "dolor sit amet, consectetuer adipiscing elit. "
      text run at (283,185) width 86: "Lorem ipsum"
      text run at (5,203) width 357: "dolor sit amet, consectetuer adipiscing elit. Nulla varius"
      text run at (5,228) width 80: "enim ac mi. "
    RenderInline {H2} at (0,0) size 358x80 [bgcolor=#EEEEEE]
      RenderText {#text} at (84,221) size 358x80
        text run at (84,221) width 271: "This is a spanning element"
        text run at (5,248) width 358: "with an original display of inline in"
        text run at (5,275) width 333: "the middle of the columns block."
    RenderText {#text} at (5,302) size 367x400
      text run at (5,302) width 364: "Lorem ipsum dolor sit amet, consectetuer adipiscing elit."
      text run at (5,320) width 362: "Nulla varius enim ac mi. Curabitur sollicitudin felis quis"
      text run at (5,338) width 332: "lectus. Quisque adipiscing rhoncus sem. Proin nulla"
      text run at (5,361) width 367: "purus, vulputate vel, varius ut, euismod et, nisi. Sed vitae"
      text run at (5,379) width 354: "felis vel orci sagittis aliquam. Cras convallis adipiscing"
      text run at (5,397) width 347: "sem. Nam nonummy enim. Nullam bibendum lobortis"
      text run at (5,415) width 353: "neque. Vestibulum velit orci, tempus euismod, pretium"
      text run at (5,433) width 353: "quis, interdum vitae, nulla. Phasellus eget ante et tortor"
      text run at (5,451) width 351: "condimentum vestibulum. Suspendisse hendrerit quam"
      text run at (5,469) width 333: "nec felis. Sed varius turpis vitae pede. Lorem ipsum"
      text run at (5,487) width 279: "dolor sit amet, consectetuer adipiscing elit. "
      text run at (283,487) width 86: "Lorem ipsum"
      text run at (5,505) width 357: "dolor sit amet, consectetuer adipiscing elit. Nulla varius"
      text run at (5,523) width 324: "enim ac mi. Curabitur sollicitudin felis quis lectus."
      text run at (5,541) width 330: "Quisque adipiscing rhoncus sem. Proin nulla purus,"
      text run at (5,559) width 355: "vulputate vel, varius ut, euismod et, nisi. Sed vitae felis"
      text run at (5,577) width 356: "vel orci sagittis aliquam. Cras convallis adipiscing sem."
      text run at (5,595) width 360: "Nam nonummy enim. Nullam bibendum lobortis neque."
      text run at (5,613) width 341: "Vestibulum velit orci, tempus euismod, pretium quis,"
      text run at (5,631) width 318: "interdum vitae, nulla. Phasellus eget ante et tortor"
      text run at (5,649) width 351: "condimentum vestibulum. Suspendisse hendrerit quam"
      text run at (5,667) width 333: "nec felis. Sed varius turpis vitae pede. Lorem ipsum"
      text run at (5,685) width 275: "dolor sit amet, consectetuer adipiscing elit."
layer at (8,1648) size 760x386
  RenderBlock {DIV} at (0,1632.44) size 760x386 [border: (5px solid #800000)]
    RenderText {#text} at (5,5) size 367x233
      text run at (5,5) width 364: "Lorem ipsum dolor sit amet, consectetuer adipiscing elit."
      text run at (5,23) width 362: "Nulla varius enim ac mi. Curabitur sollicitudin felis quis"
      text run at (5,41) width 332: "lectus. Quisque adipiscing rhoncus sem. Proin nulla"
      text run at (5,59) width 367: "purus, vulputate vel, varius ut, euismod et, nisi. Sed vitae"
      text run at (5,77) width 354: "felis vel orci sagittis aliquam. Cras convallis adipiscing"
      text run at (5,95) width 347: "sem. Nam nonummy enim. Nullam bibendum lobortis"
      text run at (5,113) width 353: "neque. Vestibulum velit orci, tempus euismod, pretium"
      text run at (5,131) width 353: "quis, interdum vitae, nulla. Phasellus eget ante et tortor"
      text run at (5,149) width 351: "condimentum vestibulum. Suspendisse hendrerit quam"
      text run at (5,167) width 333: "nec felis. Sed varius turpis vitae pede. Lorem ipsum"
      text run at (5,185) width 279: "dolor sit amet, consectetuer adipiscing elit. "
      text run at (283,185) width 86: "Lorem ipsum"
      text run at (5,203) width 357: "dolor sit amet, consectetuer adipiscing elit. Nulla varius"
      text run at (5,221) width 80: "enim ac mi. "
    RenderBlock (floating) {H2} at (5,258.91) size 367x81 [bgcolor=#EEEEEE]
      RenderText {#text} at (0,0) size 340x80
        text run at (0,0) width 323: "This element specifies a column"
        text run at (0,27) width 340: "span, but it is also floating, so the"
        text run at (0,54) width 327: "column-span should be ignored."
    RenderText {#text} at (84,221) size 367x519
      text run at (84,221) width 266: "Lorem ipsum dolor sit amet, consectetuer"
      text run at (5,360) width 322: "adipiscing elit. Nulla varius enim ac mi. Curabitur"
      text run at (5,381) width 362: "sollicitudin felis quis lectus. Quisque adipiscing rhoncus"
      text run at (5,399) width 361: "sem. Proin nulla purus, vulputate vel, varius ut, euismod"
      text run at (5,417) width 336: "et, nisi. Sed vitae felis vel orci sagittis aliquam. Cras"
      text run at (5,435) width 358: "convallis adipiscing sem. Nam nonummy enim. Nullam"
      text run at (5,453) width 358: "bibendum lobortis neque. Vestibulum velit orci, tempus"
      text run at (5,471) width 352: "euismod, pretium quis, interdum vitae, nulla. Phasellus"
      text run at (5,489) width 366: "eget ante et tortor condimentum vestibulum. Suspendisse"
      text run at (5,507) width 344: "hendrerit quam nec felis. Sed varius turpis vitae pede."
      text run at (5,525) width 364: "Lorem ipsum dolor sit amet, consectetuer adipiscing elit."
      text run at (5,543) width 364: "Lorem ipsum dolor sit amet, consectetuer adipiscing elit."
      text run at (5,561) width 362: "Nulla varius enim ac mi. Curabitur sollicitudin felis quis"
      text run at (5,579) width 332: "lectus. Quisque adipiscing rhoncus sem. Proin nulla"
      text run at (5,597) width 367: "purus, vulputate vel, varius ut, euismod et, nisi. Sed vitae"
      text run at (5,615) width 354: "felis vel orci sagittis aliquam. Cras convallis adipiscing"
      text run at (5,633) width 347: "sem. Nam nonummy enim. Nullam bibendum lobortis"
      text run at (5,651) width 353: "neque. Vestibulum velit orci, tempus euismod, pretium"
      text run at (5,669) width 353: "quis, interdum vitae, nulla. Phasellus eget ante et tortor"
      text run at (5,687) width 351: "condimentum vestibulum. Suspendisse hendrerit quam"
      text run at (5,705) width 333: "nec felis. Sed varius turpis vitae pede. Lorem ipsum"
      text run at (5,723) width 275: "dolor sit amet, consectetuer adipiscing elit."
layer at (8,2050) size 760x442
  RenderBlock {DIV} at (0,2034.44) size 760x441.81 [border: (5px solid #800000)]
    RenderBlock (anonymous multi-column span) at (5,5) size 750x93.81
      RenderBlock {H2} at (0,19.91) size 750x54 [bgcolor=#EEEEEE]
        RenderText {#text} at (0,0) size 711x53
          text run at (0,0) width 711: "This is a spanning element at the beginning of the columns block with"
          text run at (0,27) width 146: "block siblings."
layer at (13,2149) size 750x338
  RenderBlock (anonymous multi-column) at (5,98.81) size 750x338
    RenderBlock {P} at (0,16) size 367x198
      RenderText {#text} at (0,0) size 367x197
        text run at (0,0) width 364: "Lorem ipsum dolor sit amet, consectetuer adipiscing elit."
        text run at (0,18) width 362: "Nulla varius enim ac mi. Curabitur sollicitudin felis quis"
        text run at (0,36) width 332: "lectus. Quisque adipiscing rhoncus sem. Proin nulla"
        text run at (0,54) width 367: "purus, vulputate vel, varius ut, euismod et, nisi. Sed vitae"
        text run at (0,72) width 354: "felis vel orci sagittis aliquam. Cras convallis adipiscing"
        text run at (0,90) width 347: "sem. Nam nonummy enim. Nullam bibendum lobortis"
        text run at (0,108) width 353: "neque. Vestibulum velit orci, tempus euismod, pretium"
        text run at (0,126) width 353: "quis, interdum vitae, nulla. Phasellus eget ante et tortor"
        text run at (0,144) width 351: "condimentum vestibulum. Suspendisse hendrerit quam"
        text run at (0,162) width 333: "nec felis. Sed varius turpis vitae pede. Lorem ipsum"
        text run at (0,180) width 275: "dolor sit amet, consectetuer adipiscing elit."
    RenderBlock {P} at (0,230) size 367x198
      RenderText {#text} at (0,0) size 367x197
        text run at (0,0) width 364: "Lorem ipsum dolor sit amet, consectetuer adipiscing elit."
        text run at (0,18) width 362: "Nulla varius enim ac mi. Curabitur sollicitudin felis quis"
        text run at (0,36) width 332: "lectus. Quisque adipiscing rhoncus sem. Proin nulla"
        text run at (0,54) width 367: "purus, vulputate vel, varius ut, euismod et, nisi. Sed vitae"
        text run at (0,72) width 354: "felis vel orci sagittis aliquam. Cras convallis adipiscing"
        text run at (0,90) width 347: "sem. Nam nonummy enim. Nullam bibendum lobortis"
        text run at (0,108) width 353: "neque. Vestibulum velit orci, tempus euismod, pretium"
        text run at (0,126) width 353: "quis, interdum vitae, nulla. Phasellus eget ante et tortor"
        text run at (0,144) width 351: "condimentum vestibulum. Suspendisse hendrerit quam"
        text run at (0,162) width 333: "nec felis. Sed varius turpis vitae pede. Lorem ipsum"
        text run at (0,180) width 275: "dolor sit amet, consectetuer adipiscing elit."
    RenderBlock {P} at (0,444) size 367x198
      RenderText {#text} at (0,0) size 367x197
        text run at (0,0) width 364: "Lorem ipsum dolor sit amet, consectetuer adipiscing elit."
        text run at (0,18) width 362: "Nulla varius enim ac mi. Curabitur sollicitudin felis quis"
        text run at (0,36) width 332: "lectus. Quisque adipiscing rhoncus sem. Proin nulla"
        text run at (0,54) width 367: "purus, vulputate vel, varius ut, euismod et, nisi. Sed vitae"
        text run at (0,72) width 354: "felis vel orci sagittis aliquam. Cras convallis adipiscing"
        text run at (0,90) width 347: "sem. Nam nonummy enim. Nullam bibendum lobortis"
        text run at (0,108) width 353: "neque. Vestibulum velit orci, tempus euismod, pretium"
        text run at (0,126) width 353: "quis, interdum vitae, nulla. Phasellus eget ante et tortor"
        text run at (0,144) width 351: "condimentum vestibulum. Suspendisse hendrerit quam"
        text run at (0,162) width 333: "nec felis. Sed varius turpis vitae pede. Lorem ipsum"
        text run at (0,180) width 275: "dolor sit amet, consectetuer adipiscing elit."
layer at (8,2508) size 760x442
  RenderBlock {DIV} at (0,2492.25) size 760x441.81 [border: (5px solid #800000)]
    RenderBlock (anonymous multi-column span) at (5,343) size 750x93.81
      RenderBlock {H2} at (0,19.91) size 750x54 [bgcolor=#EEEEEE]
        RenderText {#text} at (0,0) size 709x53
          text run at (0,0) width 709: "This is a spanning element at the end of the columns block with block"
          text run at (0,27) width 84: "siblings."
layer at (13,2513) size 750x338
  RenderBlock (anonymous multi-column) at (5,5) size 750x338
    RenderBlock {P} at (0,16) size 367x198
      RenderText {#text} at (0,0) size 367x197
        text run at (0,0) width 364: "Lorem ipsum dolor sit amet, consectetuer adipiscing elit."
        text run at (0,18) width 362: "Nulla varius enim ac mi. Curabitur sollicitudin felis quis"
        text run at (0,36) width 332: "lectus. Quisque adipiscing rhoncus sem. Proin nulla"
        text run at (0,54) width 367: "purus, vulputate vel, varius ut, euismod et, nisi. Sed vitae"
        text run at (0,72) width 354: "felis vel orci sagittis aliquam. Cras convallis adipiscing"
        text run at (0,90) width 347: "sem. Nam nonummy enim. Nullam bibendum lobortis"
        text run at (0,108) width 353: "neque. Vestibulum velit orci, tempus euismod, pretium"
        text run at (0,126) width 353: "quis, interdum vitae, nulla. Phasellus eget ante et tortor"
        text run at (0,144) width 351: "condimentum vestibulum. Suspendisse hendrerit quam"
        text run at (0,162) width 333: "nec felis. Sed varius turpis vitae pede. Lorem ipsum"
        text run at (0,180) width 275: "dolor sit amet, consectetuer adipiscing elit."
    RenderBlock {P} at (0,230) size 367x198
      RenderText {#text} at (0,0) size 367x197
        text run at (0,0) width 364: "Lorem ipsum dolor sit amet, consectetuer adipiscing elit."
        text run at (0,18) width 362: "Nulla varius enim ac mi. Curabitur sollicitudin felis quis"
        text run at (0,36) width 332: "lectus. Quisque adipiscing rhoncus sem. Proin nulla"
        text run at (0,54) width 367: "purus, vulputate vel, varius ut, euismod et, nisi. Sed vitae"
        text run at (0,72) width 354: "felis vel orci sagittis aliquam. Cras convallis adipiscing"
        text run at (0,90) width 347: "sem. Nam nonummy enim. Nullam bibendum lobortis"
        text run at (0,108) width 353: "neque. Vestibulum velit orci, tempus euismod, pretium"
        text run at (0,126) width 353: "quis, interdum vitae, nulla. Phasellus eget ante et tortor"
        text run at (0,144) width 351: "condimentum vestibulum. Suspendisse hendrerit quam"
        text run at (0,162) width 333: "nec felis. Sed varius turpis vitae pede. Lorem ipsum"
        text run at (0,180) width 275: "dolor sit amet, consectetuer adipiscing elit."
    RenderBlock {P} at (0,444) size 367x198
      RenderText {#text} at (0,0) size 367x197
        text run at (0,0) width 364: "Lorem ipsum dolor sit amet, consectetuer adipiscing elit."
        text run at (0,18) width 362: "Nulla varius enim ac mi. Curabitur sollicitudin felis quis"
        text run at (0,36) width 332: "lectus. Quisque adipiscing rhoncus sem. Proin nulla"
        text run at (0,54) width 367: "purus, vulputate vel, varius ut, euismod et, nisi. Sed vitae"
        text run at (0,72) width 354: "felis vel orci sagittis aliquam. Cras convallis adipiscing"
        text run at (0,90) width 347: "sem. Nam nonummy enim. Nullam bibendum lobortis"
        text run at (0,108) width 353: "neque. Vestibulum velit orci, tempus euismod, pretium"
        text run at (0,126) width 353: "quis, interdum vitae, nulla. Phasellus eget ante et tortor"
        text run at (0,144) width 351: "condimentum vestibulum. Suspendisse hendrerit quam"
        text run at (0,162) width 333: "nec felis. Sed varius turpis vitae pede. Lorem ipsum"
        text run at (0,180) width 275: "dolor sit amet, consectetuer adipiscing elit."
layer at (8,2966) size 760x450
  RenderBlock {DIV} at (0,2950.06) size 760x449.81 [border: (5px solid #800000)]
    RenderBlock (anonymous multi-column span) at (5,227) size 750x93.81
      RenderBlock {H2} at (0,19.91) size 750x54 [bgcolor=#EEEEEE]
        RenderText {#text} at (0,0) size 743x53
          text run at (0,0) width 743: "This is a spanning element in the middle of the columns block with block"
          text run at (0,27) width 84: "siblings."
layer at (13,2971) size 750x222
  RenderBlock (anonymous multi-column) at (5,5) size 750x222
    RenderBlock {P} at (0,16) size 367x198
      RenderText {#text} at (0,0) size 367x197
        text run at (0,0) width 364: "Lorem ipsum dolor sit amet, consectetuer adipiscing elit."
        text run at (0,18) width 362: "Nulla varius enim ac mi. Curabitur sollicitudin felis quis"
        text run at (0,36) width 332: "lectus. Quisque adipiscing rhoncus sem. Proin nulla"
        text run at (0,54) width 367: "purus, vulputate vel, varius ut, euismod et, nisi. Sed vitae"
        text run at (0,72) width 354: "felis vel orci sagittis aliquam. Cras convallis adipiscing"
        text run at (0,90) width 347: "sem. Nam nonummy enim. Nullam bibendum lobortis"
        text run at (0,108) width 353: "neque. Vestibulum velit orci, tempus euismod, pretium"
        text run at (0,126) width 353: "quis, interdum vitae, nulla. Phasellus eget ante et tortor"
        text run at (0,144) width 351: "condimentum vestibulum. Suspendisse hendrerit quam"
        text run at (0,162) width 333: "nec felis. Sed varius turpis vitae pede. Lorem ipsum"
        text run at (0,180) width 275: "dolor sit amet, consectetuer adipiscing elit."
    RenderBlock {P} at (0,222) size 367x198
      RenderText {#text} at (0,0) size 367x197
        text run at (0,0) width 364: "Lorem ipsum dolor sit amet, consectetuer adipiscing elit."
        text run at (0,18) width 362: "Nulla varius enim ac mi. Curabitur sollicitudin felis quis"
        text run at (0,36) width 332: "lectus. Quisque adipiscing rhoncus sem. Proin nulla"
        text run at (0,54) width 367: "purus, vulputate vel, varius ut, euismod et, nisi. Sed vitae"
        text run at (0,72) width 354: "felis vel orci sagittis aliquam. Cras convallis adipiscing"
        text run at (0,90) width 347: "sem. Nam nonummy enim. Nullam bibendum lobortis"
        text run at (0,108) width 353: "neque. Vestibulum velit orci, tempus euismod, pretium"
        text run at (0,126) width 353: "quis, interdum vitae, nulla. Phasellus eget ante et tortor"
        text run at (0,144) width 351: "condimentum vestibulum. Suspendisse hendrerit quam"
        text run at (0,162) width 333: "nec felis. Sed varius turpis vitae pede. Lorem ipsum"
        text run at (0,180) width 275: "dolor sit amet, consectetuer adipiscing elit."
layer at (13,3287) size 750x124
  RenderBlock (anonymous multi-column) at (5,320.81) size 750x124
    RenderBlock {P} at (0,16) size 367x198
      RenderText {#text} at (0,0) size 367x197
        text run at (0,0) width 364: "Lorem ipsum dolor sit amet, consectetuer adipiscing elit."
        text run at (0,18) width 362: "Nulla varius enim ac mi. Curabitur sollicitudin felis quis"
        text run at (0,36) width 332: "lectus. Quisque adipiscing rhoncus sem. Proin nulla"
        text run at (0,54) width 367: "purus, vulputate vel, varius ut, euismod et, nisi. Sed vitae"
        text run at (0,72) width 354: "felis vel orci sagittis aliquam. Cras convallis adipiscing"
        text run at (0,90) width 347: "sem. Nam nonummy enim. Nullam bibendum lobortis"
        text run at (0,108) width 353: "neque. Vestibulum velit orci, tempus euismod, pretium"
        text run at (0,126) width 353: "quis, interdum vitae, nulla. Phasellus eget ante et tortor"
        text run at (0,144) width 351: "condimentum vestibulum. Suspendisse hendrerit quam"
        text run at (0,162) width 333: "nec felis. Sed varius turpis vitae pede. Lorem ipsum"
        text run at (0,180) width 275: "dolor sit amet, consectetuer adipiscing elit."
