EDITING DELEGATE: webViewDidChangeSelection:WebViewDidChangeSelectionNotification
EDITING DELEGATE: webViewDidChangeSelection:WebViewDidChangeSelectionNotification
EDITING DELEGATE: webViewDidChangeSelection:WebViewDidChangeSelectionNotification
EDITING DELEGATE: webViewDidChangeSelection:WebViewDidChangeSelectionNotification
EDITING DELEGATE: webViewDidChangeSelection:WebViewDidChangeSelectionNotification
EDITING DELEGATE: webViewDidChangeSelection:WebViewDidChangeSelectionNotification
EDITING DELEGATE: webViewDidChange:WebViewDidChangeNotification
layer at (0,0) size 800x600
  RenderView at (0,0) size 800x600
layer at (0,0) size 800x600
  RenderBlock {HTML} at (0,0) size 800x600
    RenderBody {BODY} at (8,8) size 784x584
      RenderBlock {DIV} at (0,0) size 784x112 [border: (2px solid #FF0000)]
        RenderBlock {DIV} at (14,14) size 756x84
          RenderBlock (anonymous) at (0,0) size 756x28
            RenderText {#text} at (0,0) size 83x27
              text run at (0,0) width 83: "OneTwo"
          RenderBlock {DIV} at (0,28) size 756x28
            RenderBlock {DIV} at (0,0) size 756x28
              RenderText {#text} at (0,0) size 56x27
                text run at (0,0) width 56: "Three"
          RenderBlock (anonymous) at (0,56) size 756x28
            RenderText {#text} at (0,0) size 45x27
              text run at (0,0) width 45: "Four"
caret: position 4 of child 0 {#text} of child 1 {DIV} of child 1 {DIV} of body
