layer at (0,0) size 800x628
  RenderView at (0,0) size 800x600
layer at (0,0) size 800x628
  RenderBlock {HTML} at (0,0) size 800x628
    RenderBody {BODY} at (0,0) size 800x376
      RenderBlock {DIV} at (0,0) size 800x376
        RenderText {#text} at (0,1) size 784x374
          text run at (0,1) width 643: "This test verifies that FastTextAutosizer"
          text run at (0,48) width 701: "considers a list item (LI) to be \"text\" for the"
          text run at (0,95) width 661: "purpose of determining the deepest block"
          text run at (0,142) width 784: "containing all text (DBCAT). If this were not the"
          text run at (0,189) width 721: "case, the cluster's DBCAT would be the DIV"
          text run at (0,236) width 719: "inside the LI, which hasn't entered layout yet"
          text run at (0,283) width 730: "when the list marker is autosized (causing the"
          text run at (0,330) width 304: "autosizer to crash)."
      RenderBlock (floating) {UL} at (0,392) size 800x220
        RenderListItem {LI} at (40,0) size 760x220
          RenderBlock {DIV} at (0,0) size 760x220
            RenderListMarker at (-30,1) size 13x42: bullet
            RenderText {#text} at (0,1) size 733x218
              text run at (0,1) width 725: "List item list item list item list item list item list"
              text run at (0,45) width 733: "item list item list item list item list item list item"
              text run at (0,89) width 712: "list item list item list item list item list item list"
              text run at (0,133) width 733: "item list item list item list item list item list item"
              text run at (0,177) width 124: "list item"
