layer at (0,0) size 800x600
  RenderView at (0,0) size 800x600
layer at (0,0) size 800x210
  RenderBlock {HTML} at (0,0) size 800x210
    RenderBody {BODY} at (8,16) size 784x186
      RenderBlock {P} at (0,0) size 784x16
        RenderText {#text} at (0,0) size 191x16
          text run at (0,0) width 191: "This circle is drawn via SVG."
      RenderBlock (anonymous) at (0,32) size 784x154
        RenderSVGRoot {svg} at (8,48) size 40x40
          RenderSVGEllipse {circle} at (8,48) size 40x40 [fill={[type=SOLID] [color=#008000]}] [cx=20.00] [cy=20.00] [r=20.00]
        RenderText {#text} at (0,0) size 0x0
