layer at (0,0) size 785x585
  RenderView at (0,0) size 785x585
layer at (0,0) size 785x178
  RenderBlock {HTML} at (0,0) size 785x178
    RenderBody {BODY} at (8,8) size 162x162 [color=#000080] [border: (1px solid #000080)]
      RenderBlock {P} at (1,17) size 160x64
        RenderText {#text} at (0,0) size 146x64
          text run at (0,0) width 104: "There should be"
          text run at (0,16) width 109: "scrollbars for the"
          text run at (0,32) width 146: "viewport -- not for this"
          text run at (0,48) width 28: "box."
      RenderBlock {P} at (1,97) size 160x16 [color=#808080]
        RenderText {#text} at (0,0) size 111x16
          text run at (0,0) width 111: "This is filler text."
      RenderBlock {P} at (1,129) size 160x16 [color=#808080]
        RenderText {#text} at (0,0) size 111x16
          text run at (0,0) width 111: "This is filler text."
      RenderBlock {P} at (1,161) size 160x16 [color=#808080]
        RenderText {#text} at (0,0) size 111x16
          text run at (0,0) width 111: "This is filler text."
      RenderBlock {P} at (1,193) size 160x16 [color=#808080]
        RenderText {#text} at (0,0) size 111x16
          text run at (0,0) width 111: "This is filler text."
