layer at (0,0) size 800x600
  RenderView at (0,0) size 800x600
layer at (0,0) size 800x162
  RenderBlock {html} at (0,0) size 800x162
layer at (0,0) size 162x162 clip at (1,1) size 145x145 scrollHeight 224
  RenderBlock {body} at (0,0) size 162x162 [color=#000080] [border: (1px solid #000080)]
    RenderBlock {p} at (1,17) size 145x64
      RenderText {#text} at (0,0) size 140x64
        text run at (0,0) width 104: "There should be"
        text run at (0,16) width 140: "scrollbars for this box"
        text run at (0,32) width 82: "-- not for the"
        text run at (0,48) width 61: "viewport."
    RenderBlock {p} at (1,97) size 145x16 [color=#808080]
      RenderText {#text} at (0,0) size 111x16
        text run at (0,0) width 111: "This is filler text."
    RenderBlock {p} at (1,129) size 145x16 [color=#808080]
      RenderText {#text} at (0,0) size 111x16
        text run at (0,0) width 111: "This is filler text."
    RenderBlock {p} at (1,161) size 145x16 [color=#808080]
      RenderText {#text} at (0,0) size 111x16
        text run at (0,0) width 111: "This is filler text."
    RenderBlock {p} at (1,193) size 145x16 [color=#808080]
      RenderText {#text} at (0,0) size 111x16
        text run at (0,0) width 111: "This is filler text."
