layer at (0,0) size 785x585
  RenderView at (0,0) size 785x585
layer at (0,0) size 785x340
  RenderBlock {html} at (0,0) size 785x340
    RenderBody {body} at (8,170) size 162x162 [color=#000080] [border: (1px solid #000080)]
      RenderBlock {p} at (1,17) size 160x112
        RenderText {#text} at (0,0) size 159x112
          text run at (0,0) width 104: "There should be"
          text run at (0,16) width 109: "scrollbars for the"
          text run at (0,32) width 146: "viewport -- not for this"
          text run at (0,48) width 159: "box. (Additionally, there"
          text run at (0,64) width 144: "should be a box above"
          text run at (0,80) width 92: "that does have"
          text run at (0,96) width 72: "scrollbars.)"
      RenderBlock {p} at (1,145) size 160x16 [color=#808080]
        RenderText {#text} at (0,0) size 111x16
          text run at (0,0) width 111: "This is filler text."
      RenderBlock {p} at (1,177) size 160x16 [color=#808080]
        RenderText {#text} at (0,0) size 111x16
          text run at (0,0) width 111: "This is filler text."
      RenderBlock {p} at (1,209) size 160x16 [color=#808080]
        RenderText {#text} at (0,0) size 111x16
          text run at (0,0) width 111: "This is filler text."
      RenderBlock {p} at (1,241) size 160x16 [color=#808080]
        RenderText {#text} at (0,0) size 111x16
          text run at (0,0) width 111: "This is filler text."
layer at (0,0) size 162x162 clip at (1,1) size 145x145
  RenderBlock {body} at (0,0) size 162x162 [color=#000080] [border: (1px solid #000080)]
