layer at (0,0) size 800x600
  RenderView at (0,0) size 800x600
layer at (0,0) size 800x218
  RenderBlock {html} at (0,0) size 800x218
    RenderBody {body} at (8,16) size 784x16 [color=#000080]
      RenderBlock {p} at (0,0) size 784x16
        RenderText {#text} at (0,0) size 437x16
          text run at (0,0) width 437: "There should be scrollbars for the box below -- not for the viewport."
layer at (8,48) size 162x162 clip at (9,49) size 145x145
  RenderBody {body} at (8,48) size 162x162 [color=#000080] [border: (1px solid #000080)]
