layer at (0,0) size 800x600
  RenderView at (0,0) size 800x600
layer at (0,0) size 800x240
  RenderBlock {HTML} at (0,0) size 800x240
    RenderBody {BODY} at (0,0) size 500x239
      RenderBlock {DIV} at (0,0) size 600x36
        RenderText {#text} at (0,0) size 227x15
          text run at (0,0) width 227: "Table autosizing tests - table-cell-inflation.html"
        RenderBR {BR} at (227,0) size 0x15
        RenderText {#text} at (0,16) size 361x15
          text run at (0,16) width 361: "This test passes if there are no numbers overflowing outside this green box."
      RenderTable {TABLE} at (1,37) size 722x202 [border: none]
        RenderTableSection {TBODY} at (0,0) size 721x201
          RenderTableRow {TR} at (0,0) size 721x201
            RenderTableCell {TD} at (0,0) size 721x201 [bgcolor=#F0FFF0] [border: (1px dotted #006400)] [r=0 c=0 rs=1 cs=1]
              RenderText {#text} at (2,2) size 443x21
                text run at (2,2) width 443: "The pi approximation below should not overrun this block."
              RenderBR {BR} at (444,2) size 1x21
              RenderText {#text} at (2,24) size 718x21
                text run at (2,24) width 718: "3.141592653589793238462643383279502884197169399375105820974944592307816406286"
              RenderBR {BR} at (719,24) size 1x21
              RenderText {#text} at (2,46) size 713x153
                text run at (2,46) width 713: "hello hello hello hello hello hello hello hello hello hello hello hello hello hello hello hello hello"
                text run at (2,68) width 713: "hello hello hello hello hello hello hello hello hello hello hello hello hello hello hello hello hello"
                text run at (2,90) width 713: "hello hello hello hello hello hello hello hello hello hello hello hello hello hello hello hello hello"
                text run at (2,112) width 713: "hello hello hello hello hello hello hello hello hello hello hello hello hello hello hello hello hello"
                text run at (2,134) width 713: "hello hello hello hello hello hello hello hello hello hello hello hello hello hello hello hello hello"
                text run at (2,156) width 713: "hello hello hello hello hello hello hello hello hello hello hello hello hello hello hello hello hello"
                text run at (2,178) width 249: "hello hello hello hello hello hello"
