ALERT: Test 26 passed, but took 62ms (less than 30fps)
Test 69 failed: timeout -- could be a networking issue
Test 70 failed: UTF-8 encoded XML document with invalid character did not have a well-formedness error
Test 74 failed: getSVGDocument failed for <iframe> referencing an svg document.
Test 80 failed: Script in XHTML didn't execute
Total elapsed time: 6.15s
layer at (0,0) size 800x600
  RenderView at (0,0) size 800x600
layer at (20,20) size 644x433
  RenderBlock {HTML} at (20,20) size 644x433 [bgcolor=#C0C0C0] [border: none (4px solid #808080) none]
    RenderBody {BODY} at (-4,-4) size 644x433 [bgcolor=#FFFFFF] [border: (1px solid #000000)]
      RenderBlock {H1} at (41,41) size 562x120 [color=#FF0000]
        RenderText {#text} at (0,2) size 270x115
          text run at (0,2) width 270: "Acid3"
      RenderBlock {DIV} at (41,121) size 562x312
        RenderBlock {P} at (7,80) size 54x42 [bgcolor=#FF0000] [border: (1px solid #000000)]
        RenderBlock {P} at (70,64) size 64x50 [bgcolor=#FFA500] [border: (1px solid #000000)]
        RenderBlock {P} at (144.98,48) size 74x58 [bgcolor=#FFFF00] [border: (1px solid #000000)]
        RenderBlock {P} at (230.98,32) size 86x66 [bgcolor=#00FF00] [border: (1px solid #000000)]
        RenderBlock {P} at (329.98,16) size 96x74 [bgcolor=#C0C0C0] [border: (1px solid #000000)]
        RenderBlock {P} at (440.98,0) size 106x82 [bgcolor=#800080] [border: (1px solid #000000)]
        RenderText {#text} at (0,0) size 0x0
      RenderBlock {P} at (41,214) size 568x120
        RenderInline {SPAN} at (0,0) size 112x115
          RenderText {#text} at (260,2) size 112x115
            text run at (260,2) width 112: "96"
        RenderInline {SPAN} at (0,0) size 28x115
          RenderText {#text} at (372,2) size 28x115
            text run at (372,2) width 28: "/"
        RenderInline {SPAN} at (0,0) size 168x115
          RenderText {#text} at (400,2) size 168x115
            text run at (400,2) width 168: "100"
      RenderBlock (anonymous) at (41,334) size 562x0
        RenderInline {MAP} at (0,0) size 0x0
          RenderPartObject {IFRAME} at (0,0) size 0x0
            layer at (0,0) size 1x1
              RenderView at (0,0) size 0x0
            layer at (0,0) size 0x1
              RenderBlock {HTML} at (0,0) size 0x1
                RenderBody {BODY} at (0,0) size 0x1
                  RenderImage {IMG} at (0,0) size 1x1
          RenderPartObject {IFRAME} at (0,0) size 0x0
            layer at (0,0) size 16x2309
              RenderView at (0,0) size 0x0
            layer at (0,0) size 0x2309
              RenderBlock {HTML} at (0,0) size 0x2309
                RenderBody {BODY} at (8,8) size 0x2288
                  RenderBlock {PRE} at (0,0) size 0x2288
                    RenderText {#text} at (0,0) size 8x2288
                      text run at (0,0) width 8: "<"
                      text run at (0,16) width 8: "!"
                      text run at (0,32) width 8: "D"
                      text run at (0,48) width 8: "O"
                      text run at (0,64) width 8: "C"
                      text run at (0,80) width 8: "T"
                      text run at (0,96) width 8: "Y"
                      text run at (0,112) width 8: "P"
                      text run at (0,128) width 8: "E"
                      text run at (0,144) width 0: " "
                      text run at (0,160) width 8: "h"
                      text run at (0,176) width 8: "t"
                      text run at (0,192) width 8: "m"
                      text run at (0,208) width 8: "l"
                      text run at (0,224) width 8: ">"
                      text run at (0,240) width 8: "<"
                      text run at (0,256) width 8: "h"
                      text run at (0,272) width 8: "t"
                      text run at (0,288) width 8: "m"
                      text run at (0,304) width 8: "l"
                      text run at (0,320) width 8: ">"
                      text run at (0,336) width 8: "<"
                      text run at (0,352) width 8: "h"
                      text run at (0,368) width 8: "e"
                      text run at (0,384) width 8: "a"
                      text run at (0,400) width 8: "d"
                      text run at (0,416) width 8: ">"
                      text run at (0,432) width 8: "<"
                      text run at (0,448) width 8: "t"
                      text run at (0,464) width 8: "i"
                      text run at (0,480) width 8: "t"
                      text run at (0,496) width 8: "l"
                      text run at (0,512) width 8: "e"
                      text run at (0,528) width 8: ">"
                      text run at (0,544) width 8: "F"
                      text run at (0,560) width 8: "A"
                      text run at (0,576) width 8: "I"
                      text run at (0,592) width 8: "L"
                      text run at (0,608) width 8: "<"
                      text run at (0,624) width 8: "/"
                      text run at (0,640) width 8: "t"
                      text run at (0,656) width 8: "i"
                      text run at (0,672) width 8: "t"
                      text run at (0,688) width 8: "l"
                      text run at (0,704) width 8: "e"
                      text run at (0,720) width 8: ">"
                      text run at (0,736) width 8: "<"
                      text run at (0,752) width 8: "/"
                      text run at (0,768) width 8: "h"
                      text run at (0,784) width 8: "e"
                      text run at (0,800) width 8: "a"
                      text run at (0,816) width 8: "d"
                      text run at (0,832) width 8: ">"
                      text run at (0,848) width 8: "<"
                      text run at (0,864) width 8: "b"
                      text run at (0,880) width 8: "o"
                      text run at (0,896) width 8: "d"
                      text run at (0,912) width 8: "y"
                      text run at (0,928) width 8: ">"
                      text run at (0,944) width 8: "<"
                      text run at (0,960) width 8: "p"
                      text run at (0,976) width 8: ">"
                      text run at (0,992) width 8: "F"
                      text run at (0,1008) width 8: "A"
                      text run at (0,1024) width 8: "I"
                      text run at (0,1040) width 8: "L"
                      text run at (0,1056) width 8: "<"
                      text run at (0,1072) width 8: "/"
                      text run at (0,1088) width 8: "p"
                      text run at (0,1104) width 8: ">"
                      text run at (0,1120) width 8: "<"
                      text run at (0,1136) width 8: "s"
                      text run at (0,1152) width 8: "c"
                      text run at (0,1168) width 8: "r"
                      text run at (0,1184) width 8: "i"
                      text run at (0,1200) width 8: "p"
                      text run at (0,1216) width 8: "t"
                      text run at (0,1232) width 8: ">"
                      text run at (0,1248) width 8: "p"
                      text run at (0,1264) width 8: "a"
                      text run at (0,1280) width 8: "r"
                      text run at (0,1296) width 8: "e"
                      text run at (0,1312) width 8: "n"
                      text run at (0,1328) width 8: "t"
                      text run at (0,1344) width 8: "."
                      text run at (0,1360) width 8: "n"
                      text run at (0,1376) width 8: "o"
                      text run at (0,1392) width 8: "t"
                      text run at (0,1408) width 8: "i"
                      text run at (0,1424) width 8: "f"
                      text run at (0,1440) width 8: "y"
                      text run at (0,1456) width 8: "("
                      text run at (0,1472) width 8: "\""
                      text run at (0,1488) width 8: "r"
                      text run at (0,1504) width 8: "e"
                      text run at (0,1520) width 8: "s"
                      text run at (0,1536) width 8: "o"
                      text run at (0,1552) width 8: "u"
                      text run at (0,1568) width 8: "r"
                      text run at (0,1584) width 8: "c"
                      text run at (0,1600) width 8: "e"
                      text run at (0,1616) width 8: "s"
                      text run at (0,1632) width 8: "/"
                      text run at (0,1648) width 8: "a"
                      text run at (0,1664) width 8: "c"
                      text run at (0,1680) width 8: "i"
                      text run at (0,1696) width 8: "d"
                      text run at (0,1712) width 8: "3"
                      text run at (0,1728) width 8: "/"
                      text run at (0,1744) width 8: "e"
                      text run at (0,1760) width 8: "m"
                      text run at (0,1776) width 8: "p"
                      text run at (0,1792) width 8: "t"
                      text run at (0,1808) width 8: "y"
                      text run at (0,1824) width 8: "."
                      text run at (0,1840) width 8: "t"
                      text run at (0,1856) width 8: "x"
                      text run at (0,1872) width 8: "t"
                      text run at (0,1888) width 8: "\""
                      text run at (0,1904) width 8: ")"
                      text run at (0,1920) width 8: "<"
                      text run at (0,1936) width 8: "/"
                      text run at (0,1952) width 8: "s"
                      text run at (0,1968) width 8: "c"
                      text run at (0,1984) width 8: "r"
                      text run at (0,2000) width 8: "i"
                      text run at (0,2016) width 8: "p"
                      text run at (0,2032) width 8: "t"
                      text run at (0,2048) width 8: ">"
                      text run at (0,2064) width 8: "<"
                      text run at (0,2080) width 8: "/"
                      text run at (0,2096) width 8: "b"
                      text run at (0,2112) width 8: "o"
                      text run at (0,2128) width 8: "d"
                      text run at (0,2144) width 8: "y"
                      text run at (0,2160) width 8: ">"
                      text run at (0,2176) width 8: "<"
                      text run at (0,2192) width 8: "/"
                      text run at (0,2208) width 8: "h"
                      text run at (0,2224) width 8: "t"
                      text run at (0,2240) width 8: "m"
                      text run at (0,2256) width 8: "l"
                      text run at (0,2272) width 8: ">"
          RenderPartObject {IFRAME} at (0,0) size 0x0
            layer at (0,0) size 0x0
              RenderView at (0,0) size 0x0
            layer at (0,0) size 0x8
              RenderBlock {HTML} at (0,0) size 0x8
                RenderBody {BODY} at (8,8) size 0x0
      RenderBlock (anonymous) at (41,334) size 562x0
        RenderBlock {FORM} at (0,0) size 562x0
        RenderTable {TABLE} at (0,0) size 1x0
          RenderTableSection {TBODY} at (0,0) size 1x0
            RenderTableRow {TR} at (0,0) size 1x0
              RenderTableCell {TD} at (0,0) size 1x0 [r=0 c=0 rs=1 cs=1]
                RenderBlock {P} at (0,0) size 1x0
      RenderBlock (anonymous) at (41,334) size 562x0
        RenderInline {MAP} at (0,0) size 0x0
        RenderText {#text} at (0,0) size 0x0
      RenderBlock {P} at (41,334) size 582x98 [color=#808080]
        RenderText {#text} at (0,0) size 114x18
          text run at (0,0) width 114: "To pass the test,"
        RenderBlock (floating) {SPAN} at (562,0) size 20x20 [bgcolor=#FFFFFF]
        RenderText {#text} at (114,0) size 550x56
          text run at (114,0) width 436: " a browser must use its default settings, the animation has to be"
          text run at (0,19) width 547: "smooth, the score has to end on 100/100, and the final page has to look exactly,"
          text run at (0,38) width 126: "pixel for pixel, like "
        RenderInline {A} at (0,0) size 164x18 [color=#0000FF]
          RenderText {#text} at (126,38) size 164x18
            text run at (126,38) width 164: "this reference rendering"
        RenderText {#text} at (290,38) size 4x18
          text run at (290,38) width 4: "."
layer at (131,84) size 150x150
  RenderImage {OBJECT} at (130.50,84.30) size 150x150
layer at (17,18) size 80x36
  RenderBlock (positioned) {A} at (17,18) size 80x36 [color=#FF0000]
    RenderText {#text} at (0,0) size 69x36
      text run at (0,0) width 67: "YOU SHOULD"
      text run at (0,12) width 69: "NOT SEE THIS"
      text run at (0,24) width 34: "AT ALL"
layer at (638,18) size 20x20
  RenderBlock (positioned) at (638,18) size 20x20 [color=#FFFFFF] [bgcolor=#FF00FF]
    RenderText at (0,0) size 20x20
      text run at (0,0) width 20: "X"
layer at (10,10) size 83x46
  RenderBlock (positioned) {DIV} at (10,10) size 83x46 [color=#00000000]
    RenderText {#text} at (0,0) size 83x45
      text run at (0,0) width 83: "FAIL"
