layer at (0,0) size 800x600
  RenderView at (0,0) size 800x600
layer at (0,0) size 800x447
  RenderBlock {HTML} at (0,0) size 800x447
    RenderBody {BODY} at (8,16) size 784x19
      RenderBlock {P} at (0,0) size 784x19
        RenderText {#text} at (0,3) size 523x16
          text run at (0,3) width 508: "The following two blocks should be identical, including overflow. (Force bidi: "
          text run at (507,3) width 11 RTL: "\x{5D0}"
          text run at (517,3) width 6: ")"
      RenderBlock {DIV} at (0,35) size 784x0
        RenderBlock (floating) {P} at (16,16) size 179.67x166 [bgcolor=#FFFFCC] [border: (3px solid #000000)]
          RenderInline {SPAN} at (0,0) size 151x36 [color=#000080] [border: (3px solid #000080) none (3px solid #000080)]
            RenderText {#text} at (30,27) size 132x16
              text run at (30,27) width 132: "aaa bbb ccc  ddd eee"
          RenderBR {BR} at (161,27) size 1x16
          RenderInline {SPAN} at (0,0) size 39x36 [color=#000080] [border: (3px solid #000080) none]
            RenderText {#text} at (11,75) size 20x16
              text run at (11,75) width 20: "fff "
          RenderText {#text} at (49,75) size 75x16
            text run at (49,75) width 75: "ggg hhh iii "
          RenderInline {SPAN} at (0,0) size 33x36 [color=#FFA500] [border: (3px solid #FFA500) none (3px solid #FFA500)]
            RenderText {#text} at (142,75) size 14x16
              text run at (142,75) width 14: "jjj"
          RenderBR {BR} at (155,75) size 1x16
          RenderInline {SPAN} at (0,0) size 158x36 [color=#FFA500] [border: (3px solid #FFA500) none]
            RenderText {#text} at (11,123) size 139x16
              text run at (11,123) width 139: "kkk lll mmm nnn ooo"
          RenderText {#text} at (0,0) size 0x0
        RenderBlock (floating) {P} at (16,214) size 183.67x166 [bgcolor=#FFFFCC] [border: (3px solid #000000)]
          RenderInline {SPAN} at (0,0) size 155x84 [color=#000080] [border: (3px solid #000080)]
            RenderText {#text} at (30,27) size 136x16
              text run at (30,27) width 26: "aaa "
              text run at (55,27) width 29: "bbb "
              text run at (83,27) width 26: "ccc "
              text run at (108,27) width 29 RTL override: "ddd "
              text run at (136,27) width 30 RTL override: "\x{202E} eee "
            RenderBR {BR} at (0,0) size 0x0
            RenderText {#text} at (11,75) size 20x16
              text run at (11,75) width 20: "fff "
          RenderText {#text} at (49,75) size 75x16
            text run at (49,75) width 29: "ggg "
            text run at (77,75) width 29: "hhh "
            text run at (105,75) width 19: "iii "
          RenderInline {SPAN} at (0,0) size 162x84 [color=#FFA500] [border: (3px solid #FFA500)]
            RenderText {#text} at (142,75) size 18x16
              text run at (142,75) width 18: "jjj "
            RenderBR {BR} at (0,0) size 0x0
            RenderText {#text} at (11,123) size 143x16
              text run at (11,123) width 28: "kkk "
              text run at (39,123) width 63: "lll \x{202C} mmm "
              text run at (101,123) width 29: "nnn "
              text run at (129,123) width 25: "ooo"
          RenderText {#text} at (0,0) size 0x0
