layer at (0,0) size 800x600
  RenderView at (0,0) size 800x600
layer at (0,0) size 800x288
  RenderBlock {HTML} at (0,0) size 800x288
    RenderBody {BODY} at (8,16) size 784x240
      RenderBlock {P} at (0,0) size 784x16
        RenderText {#text} at (0,0) size 522x16
          text run at (0,0) width 522: "The following two blocks should be identical, including overflow. (Force bidi: \x{D7}\x{90})"
      RenderBlock {DIV} at (32,48) size 720x80 [color=#FFFF00] [bgcolor=#000000]
        RenderTable at (24,24) size 261x32
          RenderTableSection (anonymous) at (0,0) size 261x32
            RenderTableRow {P} at (0,0) size 261x32
              RenderTableCell (anonymous) at (0,0) size 261x32 [r=0 c=0 rs=1 cs=1]
                RenderInline {SPAN} at (0,0) size 15x32
                  RenderText {#text} at (0,0) size 15x32
                    text run at (0,0) width 15: "a"
                RenderInline {SPAN} at (0,0) size 20x46 [color=#FF00FF] [border: (3px solid #FF00FF) none (3px solid #FF00FF)]
                  RenderText {#text} at (33,0) size 17x32
                    text run at (33,0) width 17: "b"
                RenderInline {SPAN} at (0,0) size 18x46 [color=#00FFFF] [border: (3px solid #00FFFF) none (3px solid #00FFFF)]
                  RenderText {#text} at (68,0) size 15x32
                    text run at (68,0) width 15: "c"
                RenderInline {SPAN} at (0,0) size 17x46 [color=#FF00FF] [border: (3px solid #FF00FF) none (3px solid #FF00FF) none]
                  RenderText {#text} at (82,0) size 17x32
                    text run at (82,0) width 17: "d"
                RenderInline {SPAN} at (0,0) size 15x46 [color=#00FFFF] [border: (3px solid #00FFFF) none (3px solid #00FFFF) none]
                  RenderText {#text} at (98,0) size 15x32
                    text run at (98,0) width 15: "e"
                RenderInline {SPAN} at (0,0) size 12x32
                  RenderText {#text} at (112,0) size 12x32
                    text run at (112,0) width 12: "f"
                RenderInline {SPAN} at (0,0) size 17x32
                  RenderText {#text} at (123,0) size 17x32
                    text run at (123,0) width 17: "g"
                RenderInline {SPAN} at (0,0) size 17x32
                  RenderText {#text} at (139,0) size 17x32
                    text run at (139,0) width 17: "h"
                RenderInline {SPAN} at (0,0) size 10x46 [color=#FF00FF] [border: (3px solid #FF00FF) none (3px solid #FF00FF) none]
                  RenderText {#text} at (155,0) size 10x32
                    text run at (155,0) width 10: "i"
                RenderInline {SPAN} at (0,0) size 13x46 [color=#00FFFF] [border: (3px solid #00FFFF) none]
                  RenderText {#text} at (164,0) size 10x32
                    text run at (164,0) width 10: "j"
                RenderInline {SPAN} at (0,0) size 20x46 [color=#FF00FF] [border: (3px solid #FF00FF) none]
                  RenderText {#text} at (192,0) size 17x32
                    text run at (192,0) width 17: "k"
                RenderInline {SPAN} at (0,0) size 9x32
                  RenderText {#text} at (227,0) size 9x32
                    text run at (227,0) width 9: "l"
                RenderInline {SPAN} at (0,0) size 26x32
                  RenderText {#text} at (235,0) size 26x32
                    text run at (235,0) width 26: "m"
      RenderBlock {DIV} at (32,160) size 720x80 [color=#FFFF00] [bgcolor=#000000]
        RenderTable at (24,24) size 261x32
          RenderTableSection (anonymous) at (0,0) size 261x32
            RenderTableRow {P} at (0,0) size 261x32
              RenderTableCell (anonymous) at (0,0) size 261x32 [r=0 c=0 rs=1 cs=1]
                RenderText {#text} at (0,0) size 236x32
                  text run at (0,0) width 15: "a"
                  text run at (49,0) width 1 LTR override: "\x{202D}"
                  text run at (227,0) width 9 RTL override: "\x{202E}l"
                RenderInline {SPAN} at (0,0) size 112x46 [color=#00FFFF] [border: (3px solid #00FFFF)]
                  RenderText {#text} at (68,0) size 106x32
                    text run at (68,0) width 15 LTR override: "c"
                    text run at (98,0) width 15 LTR override: "\x{202D}e"
                    text run at (155,0) width 1 RTL override: "\x{202E}"
                    text run at (164,0) width 10 RTL override: "\x{202E}j"
                RenderText {#text} at (112,0) size 44x32
                  text run at (112,0) width 12 RTL override: "\x{202C}f"
                  text run at (123,0) width 17 LTR override: "\x{202D}g"
                  text run at (139,0) width 17 RTL override: "h"
                RenderInline {SPAN} at (0,0) size 182x46 [color=#FF00FF] [border: (3px solid #FF00FF)]
                  RenderText {#text} at (33,0) size 176x32
                    text run at (33,0) width 17 RTL override: "\x{202C}b"
                    text run at (82,0) width 17 RTL override: "\x{202C}d"
                    text run at (155,0) width 10 LTR override: "\x{202C}i"
                    text run at (192,0) width 17 LTR override: "\x{202C}k"
                RenderText {#text} at (235,0) size 26x32
                  text run at (235,0) width 26: "\x{202C}m"
