layer at (0,0) size 800x600
  RenderView at (0,0) size 800x600
layer at (0,0) size 800x218
  RenderBlock {HTML} at (0,0) size 800x218
    RenderBody {BODY} at (8,16) size 784x194
      RenderBlock {P} at (0,0) size 784x16
        RenderText {#text} at (0,0) size 341x16
          text run at (0,0) width 341: "Tests border-radius and box-shadow on a split inline."
      RenderBlock {DIV} at (0,32) size 200x162
        RenderInline {SPAN} at (0,0) size 200x144 [border: (2px solid #008000)]
          RenderText {#text} at (2,11) size 198x140
            text run at (2,11) width 147: "I am a span"
            text run at (0,65) width 171: "which is split"
            text run at (0,119) width 198: "over three lines"
        RenderText {#text} at (0,0) size 0x0
