layer at (0,0) size 800x600
  RenderView at (0,0) size 800x600
layer at (0,0) size 800x443
  RenderBlock {HTML} at (0,0) size 800x443
    RenderBody {BODY} at (8,20) size 784x413
layer at (18,20) size 764x413
  RenderBlock {DIV} at (10,0) size 764x413
    RenderTable {TABLE} at (20,0) size 131x53 [border: none]
      RenderTableSection {TBODY} at (0,0) size 130x52
        RenderTableRow {TR} at (0,0) size 130x13
          RenderTableCell {TD} at (0,5) size 13x3 [border: (1px solid #000000)] [r=0 c=0 rs=1 cs=1]
          RenderTableCell {TD} at (13,5) size 13x3 [border: (1px solid #000000)] [r=0 c=1 rs=1 cs=1]
          RenderTableCell {TD} at (26,5) size 13x3 [border: (1px solid #000000)] [r=0 c=2 rs=1 cs=1]
          RenderTableCell {TD} at (39,5) size 13x3 [border: (1px solid #000000)] [r=0 c=3 rs=1 cs=1]
          RenderTableCell {TD} at (52,5) size 13x3 [border: (1px solid #000000)] [r=0 c=4 rs=1 cs=1]
          RenderTableCell {TD} at (65,5) size 13x3 [border: (1px solid #000000)] [r=0 c=5 rs=1 cs=1]
          RenderTableCell {TD} at (78,5) size 13x3 [border: (1px solid #000000)] [r=0 c=6 rs=1 cs=1]
          RenderTableCell {TD} at (91,5) size 13x3 [border: (1px solid #000000)] [r=0 c=7 rs=1 cs=1]
          RenderTableCell {TD} at (104,5) size 13x3 [border: (1px solid #000000)] [r=0 c=8 rs=1 cs=1]
          RenderTableCell {TD} at (117,5) size 13x3 [border: (1px solid #000000)] [r=0 c=9 rs=1 cs=1]
        RenderTableRow {TR} at (0,13) size 130x13
          RenderTableCell {TD} at (0,18) size 13x3 [border: (1px solid #000000)] [r=1 c=0 rs=1 cs=1]
          RenderTableCell {TD} at (13,18) size 13x3 [border: (1px solid #000000)] [r=1 c=1 rs=1 cs=1]
          RenderTableCell {TD} at (26,18) size 13x3 [border: (1px solid #000000)] [r=1 c=2 rs=1 cs=1]
          RenderTableCell {TD} at (39,18) size 13x3 [border: (1px solid #000000)] [r=1 c=3 rs=1 cs=1]
          RenderTableCell {TD} at (52,18) size 13x3 [border: (1px solid #000000)] [r=1 c=4 rs=1 cs=1]
          RenderTableCell {TD} at (65,18) size 13x3 [border: (1px solid #000000)] [r=1 c=5 rs=1 cs=1]
          RenderTableCell {TD} at (78,18) size 13x3 [border: (1px solid #000000)] [r=1 c=6 rs=1 cs=1]
          RenderTableCell {TD} at (91,18) size 13x3 [border: (1px solid #000000)] [r=1 c=7 rs=1 cs=1]
          RenderTableCell {TD} at (104,18) size 13x3 [border: (1px solid #000000)] [r=1 c=8 rs=1 cs=1]
          RenderTableCell {TD} at (117,18) size 13x3 [border: (1px solid #000000)] [r=1 c=9 rs=1 cs=1]
        RenderTableRow {TR} at (0,26) size 130x13
          RenderTableCell {TD} at (0,31) size 13x3 [border: (1px solid #000000)] [r=2 c=0 rs=1 cs=1]
          RenderTableCell {TD} at (13,31) size 13x3 [border: (1px solid #000000)] [r=2 c=1 rs=1 cs=1]
          RenderTableCell {TD} at (26,31) size 13x3 [border: (1px solid #000000)] [r=2 c=2 rs=1 cs=1]
          RenderTableCell {TD} at (39,31) size 13x3 [border: (1px solid #000000)] [r=2 c=3 rs=1 cs=1]
          RenderTableCell {TD} at (52,31) size 13x3 [border: (1px solid #000000)] [r=2 c=4 rs=1 cs=1]
          RenderTableCell {TD} at (65,31) size 13x3 [border: (1px solid #000000)] [r=2 c=5 rs=1 cs=1]
          RenderTableCell {TD} at (78,31) size 13x3 [border: (1px solid #000000)] [r=2 c=6 rs=1 cs=1]
          RenderTableCell {TD} at (91,31) size 13x3 [border: (1px solid #000000)] [r=2 c=7 rs=1 cs=1]
          RenderTableCell {TD} at (104,31) size 13x3 [border: (1px solid #000000)] [r=2 c=8 rs=1 cs=1]
          RenderTableCell {TD} at (117,31) size 13x3 [border: (1px solid #000000)] [r=2 c=9 rs=1 cs=1]
        RenderTableRow {TR} at (0,39) size 130x13
          RenderTableCell {TD} at (0,44) size 13x3 [border: (1px solid #000000)] [r=3 c=0 rs=1 cs=1]
          RenderTableCell {TD} at (13,44) size 13x3 [border: (1px solid #000000)] [r=3 c=1 rs=1 cs=1]
          RenderTableCell {TD} at (26,44) size 13x3 [border: (1px solid #000000)] [r=3 c=2 rs=1 cs=1]
          RenderTableCell {TD} at (39,44) size 13x3 [border: (1px solid #000000)] [r=3 c=3 rs=1 cs=1]
          RenderTableCell {TD} at (52,44) size 13x3 [border: (1px solid #000000)] [r=3 c=4 rs=1 cs=1]
          RenderTableCell {TD} at (65,44) size 13x3 [border: (1px solid #000000)] [r=3 c=5 rs=1 cs=1]
          RenderTableCell {TD} at (78,44) size 13x3 [border: (1px solid #000000)] [r=3 c=6 rs=1 cs=1]
          RenderTableCell {TD} at (91,44) size 13x3 [border: (1px solid #000000)] [r=3 c=7 rs=1 cs=1]
          RenderTableCell {TD} at (104,44) size 13x3 [border: (1px solid #000000)] [r=3 c=8 rs=1 cs=1]
          RenderTableCell {TD} at (117,44) size 13x3 [border: (1px solid #000000)] [r=3 c=9 rs=1 cs=1]
    RenderTable {TABLE} at (20,73) size 162x66
      RenderTableSection {TBODY} at (0,0) size 162x66
        RenderTableRow {TR} at (0,2) size 162x14
          RenderTableCell {TD} at (2,7) size 14x4 [border: (1px solid #000000)] [r=0 c=0 rs=1 cs=1]
          RenderTableCell {TD} at (18,7) size 14x4 [border: (1px solid #000000)] [r=0 c=1 rs=1 cs=1]
          RenderTableCell {TD} at (34,7) size 14x4 [border: (1px solid #000000)] [r=0 c=2 rs=1 cs=1]
          RenderTableCell {TD} at (50,7) size 14x4 [border: (1px solid #000000)] [r=0 c=3 rs=1 cs=1]
          RenderTableCell {TD} at (66,7) size 14x4 [border: (1px solid #000000)] [r=0 c=4 rs=1 cs=1]
          RenderTableCell {TD} at (82,7) size 14x4 [border: (1px solid #000000)] [r=0 c=5 rs=1 cs=1]
          RenderTableCell {TD} at (98,7) size 14x4 [border: (1px solid #000000)] [r=0 c=6 rs=1 cs=1]
          RenderTableCell {TD} at (114,7) size 14x4 [border: (1px solid #000000)] [r=0 c=7 rs=1 cs=1]
          RenderTableCell {TD} at (130,7) size 14x4 [border: (1px solid #000000)] [r=0 c=8 rs=1 cs=1]
          RenderTableCell {TD} at (146,7) size 14x4 [border: (1px solid #000000)] [r=0 c=9 rs=1 cs=1]
        RenderTableRow {TR} at (0,18) size 162x14
          RenderTableCell {TD} at (2,23) size 14x4 [border: (1px solid #000000)] [r=1 c=0 rs=1 cs=1]
          RenderTableCell {TD} at (18,23) size 14x4 [border: (1px solid #000000)] [r=1 c=1 rs=1 cs=1]
          RenderTableCell {TD} at (34,23) size 14x4 [border: (1px solid #000000)] [r=1 c=2 rs=1 cs=1]
          RenderTableCell {TD} at (50,23) size 14x4 [border: (1px solid #000000)] [r=1 c=3 rs=1 cs=1]
          RenderTableCell {TD} at (66,23) size 14x4 [border: (1px solid #000000)] [r=1 c=4 rs=1 cs=1]
          RenderTableCell {TD} at (82,23) size 14x4 [border: (1px solid #000000)] [r=1 c=5 rs=1 cs=1]
          RenderTableCell {TD} at (98,23) size 14x4 [border: (1px solid #000000)] [r=1 c=6 rs=1 cs=1]
          RenderTableCell {TD} at (114,23) size 14x4 [border: (1px solid #000000)] [r=1 c=7 rs=1 cs=1]
          RenderTableCell {TD} at (130,23) size 14x4 [border: (1px solid #000000)] [r=1 c=8 rs=1 cs=1]
          RenderTableCell {TD} at (146,23) size 14x4 [border: (1px solid #000000)] [r=1 c=9 rs=1 cs=1]
        RenderTableRow {TR} at (0,34) size 162x14
          RenderTableCell {TD} at (2,39) size 14x4 [border: (1px solid #000000)] [r=2 c=0 rs=1 cs=1]
          RenderTableCell {TD} at (18,39) size 14x4 [border: (1px solid #000000)] [r=2 c=1 rs=1 cs=1]
          RenderTableCell {TD} at (34,39) size 14x4 [border: (1px solid #000000)] [r=2 c=2 rs=1 cs=1]
          RenderTableCell {TD} at (50,39) size 14x4 [border: (1px solid #000000)] [r=2 c=3 rs=1 cs=1]
          RenderTableCell {TD} at (66,39) size 14x4 [border: (1px solid #000000)] [r=2 c=4 rs=1 cs=1]
          RenderTableCell {TD} at (82,39) size 14x4 [border: (1px solid #000000)] [r=2 c=5 rs=1 cs=1]
          RenderTableCell {TD} at (98,39) size 14x4 [border: (1px solid #000000)] [r=2 c=6 rs=1 cs=1]
          RenderTableCell {TD} at (114,39) size 14x4 [border: (1px solid #000000)] [r=2 c=7 rs=1 cs=1]
          RenderTableCell {TD} at (130,39) size 14x4 [border: (1px solid #000000)] [r=2 c=8 rs=1 cs=1]
          RenderTableCell {TD} at (146,39) size 14x4 [border: (1px solid #000000)] [r=2 c=9 rs=1 cs=1]
        RenderTableRow {TR} at (0,50) size 162x14
          RenderTableCell {TD} at (2,55) size 14x4 [border: (1px solid #000000)] [r=3 c=0 rs=1 cs=1]
          RenderTableCell {TD} at (18,55) size 14x4 [border: (1px solid #000000)] [r=3 c=1 rs=1 cs=1]
          RenderTableCell {TD} at (34,55) size 14x4 [border: (1px solid #000000)] [r=3 c=2 rs=1 cs=1]
          RenderTableCell {TD} at (50,55) size 14x4 [border: (1px solid #000000)] [r=3 c=3 rs=1 cs=1]
          RenderTableCell {TD} at (66,55) size 14x4 [border: (1px solid #000000)] [r=3 c=4 rs=1 cs=1]
          RenderTableCell {TD} at (82,55) size 14x4 [border: (1px solid #000000)] [r=3 c=5 rs=1 cs=1]
          RenderTableCell {TD} at (98,55) size 14x4 [border: (1px solid #000000)] [r=3 c=6 rs=1 cs=1]
          RenderTableCell {TD} at (114,55) size 14x4 [border: (1px solid #000000)] [r=3 c=7 rs=1 cs=1]
          RenderTableCell {TD} at (130,55) size 14x4 [border: (1px solid #000000)] [r=3 c=8 rs=1 cs=1]
          RenderTableCell {TD} at (146,55) size 14x4 [border: (1px solid #000000)] [r=3 c=9 rs=1 cs=1]
    RenderBlock {DIV} at (10,269) size 744x144
      RenderInline {SPAN} at (0,0) size 80x36
        RenderText {#text} at (6,0) size 74x16
          text run at (6,0) width 74: "I am a span"
        RenderBR {BR} at (79,0) size 1x16
        RenderText {#text} at (0,16) size 29x16
          text run at (0,16) width 29: "I am"
      RenderText {#text} at (34,16) size 5x16
        text run at (34,16) width 5: " "
      RenderInline {SPAN} at (0,0) size 76x36
        RenderText {#text} at (44,16) size 30x16
          text run at (44,16) width 30: "I am"
        RenderBR {BR} at (73,16) size 1x16
        RenderText {#text} at (0,32) size 74x16
          text run at (0,32) width 74: "a span I am"
      RenderText {#text} at (79,32) size 5x16
        text run at (79,32) width 5: " "
      RenderInline {SPAN} at (0,0) size 163x36
        RenderText {#text} at (89,32) size 74x16
          text run at (89,32) width 74: "I am a span"
        RenderBR {BR} at (162,32) size 1x16
        RenderText {#text} at (0,48) size 29x16
          text run at (0,48) width 29: "I am"
      RenderText {#text} at (34,48) size 5x16
        text run at (34,48) width 5: " "
      RenderInline {SPAN} at (0,0) size 76x36
        RenderText {#text} at (44,48) size 30x16
          text run at (44,48) width 30: "I am"
        RenderBR {BR} at (73,48) size 1x16
        RenderText {#text} at (0,64) size 74x16
          text run at (0,64) width 74: "a span I am"
      RenderText {#text} at (79,64) size 5x16
        text run at (79,64) width 5: " "
      RenderInline {SPAN} at (0,0) size 163x36
        RenderText {#text} at (89,64) size 74x16
          text run at (89,64) width 74: "I am a span"
        RenderBR {BR} at (162,64) size 1x16
        RenderText {#text} at (0,80) size 29x16
          text run at (0,80) width 29: "I am"
      RenderText {#text} at (34,80) size 5x16
        text run at (34,80) width 5: " "
      RenderInline {SPAN} at (0,0) size 76x36
        RenderText {#text} at (44,80) size 30x16
          text run at (44,80) width 30: "I am"
        RenderBR {BR} at (73,80) size 1x16
        RenderText {#text} at (0,96) size 74x16
          text run at (0,96) width 74: "a span I am"
      RenderText {#text} at (79,96) size 5x16
        text run at (79,96) width 5: " "
      RenderInline {SPAN} at (0,0) size 163x36
        RenderText {#text} at (89,96) size 74x16
          text run at (89,96) width 74: "I am a span"
        RenderBR {BR} at (162,96) size 1x16
        RenderText {#text} at (0,112) size 29x16
          text run at (0,112) width 29: "I am"
      RenderText {#text} at (34,112) size 5x16
        text run at (34,112) width 5: " "
      RenderInline {SPAN} at (0,0) size 76x36
        RenderText {#text} at (44,112) size 30x16
          text run at (44,112) width 30: "I am"
        RenderBR {BR} at (73,112) size 1x16
        RenderText {#text} at (0,128) size 74x16
          text run at (0,128) width 74: "a span I am"
      RenderText {#text} at (0,0) size 0x0
layer at (28,179) size 600x100
  RenderBlock {DIV} at (10,159) size 600x100
    RenderText {#text} at (0,0) size 8x996
      text run at (0,0) width 8: "_"
      text run at (0,16) width 8: "_"
      text run at (0,32) width 8: "_"
      text run at (0,48) width 8: "_"
      text run at (0,64) width 8: "_"
      text run at (0,80) width 8: "_"
      text run at (0,100) width 8: "_"
      text run at (0,116) width 8: "_"
      text run at (0,132) width 8: "_"
      text run at (0,148) width 8: "_"
      text run at (0,164) width 8: "_"
      text run at (0,180) width 8: "_"
      text run at (0,200) width 8: "_"
      text run at (0,216) width 8: "_"
      text run at (0,232) width 8: "_"
      text run at (0,248) width 8: "_"
      text run at (0,264) width 8: "_"
      text run at (0,280) width 8: "_"
      text run at (0,300) width 8: "_"
      text run at (0,316) width 8: "_"
      text run at (0,332) width 8: "_"
      text run at (0,348) width 8: "_"
      text run at (0,364) width 8: "_"
      text run at (0,380) width 8: "_"
      text run at (0,400) width 8: "_"
      text run at (0,416) width 8: "_"
      text run at (0,432) width 8: "_"
      text run at (0,448) width 8: "_"
      text run at (0,464) width 8: "_"
      text run at (0,480) width 8: "_"
      text run at (0,500) width 8: "_"
      text run at (0,516) width 8: "_"
      text run at (0,532) width 8: "_"
      text run at (0,548) width 8: "_"
      text run at (0,564) width 8: "_"
      text run at (0,580) width 8: "_"
      text run at (0,600) width 8: "_"
      text run at (0,616) width 8: "_"
      text run at (0,632) width 8: "_"
      text run at (0,648) width 8: "_"
      text run at (0,664) width 8: "_"
      text run at (0,680) width 8: "_"
      text run at (0,700) width 8: "_"
      text run at (0,716) width 8: "_"
      text run at (0,732) width 8: "_"
      text run at (0,748) width 8: "_"
      text run at (0,764) width 8: "_"
      text run at (0,780) width 8: "_"
      text run at (0,800) width 8: "_"
      text run at (0,816) width 8: "_"
      text run at (0,832) width 8: "_"
      text run at (0,848) width 8: "_"
      text run at (0,864) width 8: "_"
      text run at (0,880) width 8: "_"
      text run at (0,900) width 8: "_"
      text run at (0,916) width 8: "_"
      text run at (0,932) width 8: "_"
      text run at (0,948) width 8: "_"
      text run at (0,964) width 8: "_"
      text run at (0,980) width 8: "_"
