layer at (0,0) size 800x600
  RenderView at (0,0) size 800x600
layer at (0,0) size 800x136
  RenderBlock {HTML} at (0,0) size 800x136
    RenderBody {BODY} at (8,8) size 784x120
      RenderBlock {DIV} at (0,0) size 784x38 [color=#008000]
        RenderBlock {DIV} at (0,0) size 784x38 [color=#FF0000] [border: (3px solid #008000)]
          RenderBlock {DIV} at (3,3) size 778x32 [color=#008000]
            RenderText {#text} at (0,0) size 744x32
              text run at (0,0) width 415: "This should have a green border, because the computed value of "
              text run at (414,0) width 330: "'border-color' set to its initial value is the computed"
              text run at (0,16) width 39: "value "
              text run at (38,16) width 281: "of 'color', which is then inherited as a color."
      RenderBlock {DIV} at (0,54) size 784x22 [color=#008000]
        RenderBlock {DIV} at (0,0) size 784x22 [color=#FF0000] [border: (3px solid #008000)]
          RenderBlock {DIV} at (3,3) size 778x16 [color=#008000]
            RenderText {#text} at (0,0) size 57x16
              text run at (0,0) width 57: "This too."
      RenderBlock {DIV} at (0,92) size 784x28 [color=#008000] [border: (3px solid #008000)]
        RenderBlock {DIV} at (3,3) size 778x22 [color=#FF0000] [border: (3px solid #008000)]
          RenderBlock {DIV} at (3,3) size 772x16 [color=#008000]
            RenderText {#text} at (0,0) size 57x16
              text run at (0,0) width 57: "This too."
