layer at (0,0) size 800x724
  RenderView at (0,0) size 800x600
layer at (0,0) size 800x724
  RenderBlock {HTML} at (0,0) size 800x724
    RenderBody {BODY} at (8,8) size 784x708
      RenderBlock {DIV} at (10,10) size 330x330 [border: (105px none #000000) (150px none #000000) (105px none #000000)]
      RenderText {#text} at (350,338) size 4x16
        text run at (350,338) width 4: " "
      RenderBlock {DIV} at (364,10) size 330x330 [border: (105px none #000000) (150px none #000000) (105px none #000000)]
      RenderText {#text} at (704,338) size 4x16
        text run at (704,338) width 4: " "
      RenderBR {BR} at (0,0) size 0x0
      RenderBlock {DIV} at (10,364) size 330x330 [border: (105px none #000000) (150px none #000000) (105px none #000000)]
      RenderText {#text} at (350,692) size 4x16
        text run at (350,692) width 4: " "
      RenderBlock {DIV} at (364,364) size 330x330 [border: (105px none #000000) (150px none #000000) (105px none #000000)]
      RenderText {#text} at (0,0) size 0x0
