layer at (0,0) size 800x600
  RenderView at (0,0) size 800x600
layer at (0,0) size 800x600
  RenderBlock {HTML} at (0,0) size 800x600
    RenderBody {BODY} at (8,8) size 784x582
      RenderBlock {P} at (0,0) size 784x32
        RenderText {#text} at (0,0) size 86x16
          text run at (0,0) width 86: "Pixel test for "
        RenderInline {I} at (0,0) size 573x32
          RenderInline {A} at (0,0) size 307x16 [color=#0000EE]
            RenderText {#text} at (85,0) size 307x16
              text run at (85,0) width 307: "http://bugs.webkit.org/show_bug.cgi?id=12043"
          RenderText {#text} at (391,0) size 573x32
            text run at (391,0) width 5: " "
            text run at (395,0) width 178: "Another assertion failure in"
            text run at (0,16) width 249: "WebCore::RenderObject::drawBorder"
        RenderText {#text} at (248,16) size 5x16
          text run at (248,16) width 5: "."
      RenderBlock {P} at (0,48) size 784x16
        RenderText {#text} at (0,0) size 309x16
          text run at (0,0) width 309: "There should be three squres and a circle below."
      RenderBlock {DIV} at (0,80) size 56x56 [bgcolor=#C0C0C0] [border: (3px solid #000000)]
      RenderBlock {DIV} at (0,146) size 56x56 [bgcolor=#C0C0C0] [border: (3px solid #000000)]
      RenderBlock {DIV} at (0,212) size 56x56 [bgcolor=#C0C0C0] [border: (3px solid #000000)]
      RenderBlock {DIV} at (0,278) size 56x56 [bgcolor=#C0C0C0] [border: (3px solid #000000)]
