layer at (0,0) size 800x616
  RenderView at (0,0) size 800x600
layer at (0,0) size 800x616
  RenderBlock {HTML} at (0,0) size 800x616
    RenderBody {BODY} at (8,8) size 784x600
      RenderBlock {P} at (0,0) size 784x32
        RenderText {#text} at (0,0) size 751x32
          text run at (0,0) width 751: "The purpose of this test case is to illustrate the legacy behavior of -webkit-border-image. The specified border widths"
          text run at (0,16) width 716: "actually end up becoming the real border widths. The border-image property in the specification doesn't do this."
      RenderBlock (anonymous) at (0,48) size 784x552
        RenderBlock {DIV} at (10,10) size 252x252 [border: (42px none #000000) (60px none #000000) (42px none #000000)]
        RenderText {#text} at (272,260) size 4x16
          text run at (272,260) width 4: " "
        RenderBlock {DIV} at (286,10) size 252x252 [border: (42px none #000000) (60px none #000000) (42px none #000000)]
        RenderText {#text} at (548,260) size 4x16
          text run at (548,260) width 4: " "
        RenderBR {BR} at (0,0) size 0x0
        RenderBlock {DIV} at (10,286) size 252x252 [border: (42px none #000000) (60px none #000000) (42px none #000000)]
        RenderText {#text} at (272,536) size 4x16
          text run at (272,536) width 4: " "
        RenderBlock {DIV} at (286,286) size 252x252 [border: (42px none #000000) (60px none #000000) (42px none #000000)]
        RenderText {#text} at (0,0) size 0x0
