layer at (0,0) size 800x600
  RenderView at (0,0) size 800x600
layer at (0,0) size 800x373
  RenderBlock {HTML} at (0,0) size 800x373.44
    RenderBody {BODY} at (8,18.72) size 784x346.72
      RenderBlock {H3} at (0,0) size 784x19
        RenderText {#text} at (0,0) size 91x19
          text run at (0,0) width 91: "It passes if:"
      RenderBlock {UL} at (0,37.72) size 784x32
        RenderListItem {LI} at (40,0) size 744x16
          RenderListMarker at (-16,0) size 6x16: bullet
          RenderText {#text} at (0,0) size 425x16
            text run at (0,0) width 425: "the canvas content has rounded corners (top-left and bottom-right)"
        RenderListItem {LI} at (40,16) size 744x16
          RenderListMarker at (-16,0) size 6x16: bullet
          RenderText {#text} at (0,0) size 194x16
            text run at (0,0) width 194: "gray background is not visible"
      RenderBlock (anonymous) at (0,85.72) size 784x261
        RenderText {#text} at (0,0) size 0x0
        RenderText {#text} at (0,0) size 0x0
layer at (8,104) size 257x257
  RenderHTMLCanvas {CANVAS} at (0,0) size 257x257 [bgcolor=#808080]
