layer at (0,0) size 800x600
  RenderView at (0,0) size 800x600
layer at (0,0) size 800x600
  RenderBlock {HTML} at (0,0) size 800x600
    RenderBody {BODY} at (8,8) size 784x584
      RenderText {#text} at (0,0) size 0x0
layer at (8,8) size 116x373 transparent
  RenderInline {SPAN} at (0,0) size 116x373 [bgcolor=#808080]
    RenderText {#text} at (24,75) size 24x298
      text run at (24,75) width 298: "This content should be masked"
    RenderBR {BR} at (42,372) size 0x1
    RenderText {#text} at (96,0) size 24x162
      text run at (96,0) width 162: "with a soft glow."
