layer at (0,0) size 800x600
  RenderView at (0,0) size 800x600
layer at (0,0) size 800x600
  RenderBlock {HTML} at (0,0) size 800x600
    RenderBody {BODY} at (8,8) size 784x584
      RenderText {#text} at (0,0) size 0x0
layer at (8,8) size 373x116 transparent
  RenderInline {SPAN} at (0,0) size 373x116 [bgcolor=#808080]
    RenderText {#text} at (75,24) size 298x24
      text run at (75,24) width 298: "This content should be masked"
    RenderBR {BR} at (372,42) size 1x0
    RenderText {#text} at (0,96) size 162x24
      text run at (0,96) width 162: "with a soft glow."
