layer at (0,0) size 785x1616
  RenderView at (0,0) size 785x600
layer at (0,0) size 785x1616
  RenderBlock {HTML} at (0,0) size 785x1616
    RenderBody {BODY} at (8,8) size 769x1600
      RenderText {#text} at (0,0) size 0x0
layer at (8,8) size 611x1600 transparent
  RenderInline {SPAN} at (0,0) size 611x1600 [bgcolor=#800000]
    RenderText {#text} at (0,0) size 611x1600
      text run at (0,0) width 356: "This"
      text run at (0,200) width 589: "content"
      text run at (0,400) width 534: "should"
      text run at (0,600) width 189: "be"
      text run at (0,800) width 611: "masked"
      text run at (0,1000) width 495: "with a"
      text run at (0,1200) width 300: "soft"
      text run at (0,1400) width 450: "glow."
