layer at (0,0) size 785x672
  RenderView at (0,0) size 785x600
layer at (0,0) size 785x672
  RenderBlock {HTML} at (0,0) size 785x672.16
    RenderBody {BODY} at (8,16) size 769x648.16
      RenderBlock {P} at (0,0) size 769x32
        RenderText {#text} at (0,0) size 764x32
          text run at (0,0) width 764: "There should be a SPAN in the middle of all four paragraphs that has padding, a green border, and a margin on the left,"
          text run at (0,16) width 369: "and padding, an orange border, and a margin on the right."
      RenderBlock {H1} at (0,48) size 769x16
        RenderText {#text} at (0,0) size 91x16
          text run at (0,0) width 91: "Left-to-Right"
      RenderBlock {DIV} at (0,74.72) size 769x252 [border: (1px solid #000000)]
        RenderBlock {P} at (6,22) size 757x32
          RenderText {#text} at (0,8) size 128x16
            text run at (0,8) width 128: "Lorem ipsum dolor "
          RenderInline {SPAN} at (0,0) size 191x18 [border: (1px solid #0000FF) (10px solid #FFA500) (1px solid #0000FF) (10px solid #008000)]
            RenderText {#text} at (172,8) size 136x16
              text run at (172,8) width 136 RTL override: "sit amet, consectetur "
          RenderText {#text} at (352,8) size 342x16
            text run at (352,8) width 342: "adipisicing elit, sed do eiusmod tempor incididunt ut."
        RenderBlock {P} at (6,70) size 757x160
          RenderText {#text} at (0,8) size 751x48
            text run at (0,8) width 604: "Lorem ipsum dolor sit amet, consectetur adipisicing elit, sed do eiusmod tempor incididunt ut "
            text run at (603,8) width 148: "labore et dolore magna"
            text run at (0,40) width 441: "aliqua. Ut enim ad minim veniam, quis nostrud exercitation ullamco "
          RenderInline {SPAN} at (0,0) size 742x114 [border: (1px solid #0000FF) (10px solid #FFA500) (1px solid #0000FF) (10px solid #008000)]
            RenderText {#text} at (440,40) size 742x112
              text run at (440,40) width 242 RTL override: "laboris nisi ut aliquip ex ea commodo"
              text run at (0,72) width 367 RTL override: "voluptate velit esse cillum dolore eu fugiat nulla pariatur."
              text run at (366,72) width 332 RTL override: "consequat. Duis aute irure dolor in reprehenderit in "
              text run at (0,104) width 524 RTL override: "non proident, sunt in culpa qui officia deserunt mollit anim id est laborum. Lorem"
              text run at (523,104) width 219 RTL override: "Excepteur sint occaecat cupidatat "
              text run at (45,136) width 81 RTL override: "ipsum dolor "
          RenderText {#text} at (125,136) size 578x16
            text run at (125,136) width 578: "sit amet, consectetur adipisicing elit, sed do eiusmod tempor incididunt ut labore et dolore"
      RenderBlock {H1} at (0,337.44) size 769x16
        RenderText {#text} at (0,0) size 91x16
          text run at (0,0) width 91: "Right-to-Left"
      RenderBlock {DIV} at (0,364.16) size 769x284 [border: (1px solid #000000)]
        RenderBlock {P} at (6,22) size 757x32
          RenderText {#text} at (629,8) size 128x16
            text run at (629,8) width 128 RTL override: "Lorem ipsum dolor "
          RenderInline {SPAN} at (0,0) size 191x18 [border: (1px solid #0000FF) (10px solid #FFA500) (1px solid #0000FF) (10px solid #008000)]
            RenderText {#text} at (449,8) size 136x16
              text run at (449,8) width 136 RTL override: "sit amet, consectetur "
          RenderText {#text} at (63,8) size 342x16
            text run at (63,8) width 342 RTL override: "adipisicing elit, sed do eiusmod tempor incididunt ut."
        RenderBlock {P} at (6,70) size 757x192
          RenderText {#text} at (6,8) size 751x48
            text run at (6,8) width 148 RTL override: "labore et dolore magna"
            text run at (153,8) width 604 RTL override: "Lorem ipsum dolor sit amet, consectetur adipisicing elit, sed do eiusmod tempor incididunt ut "
            text run at (316,40) width 441 RTL override: "aliqua. Ut enim ad minim veniam, quis nostrud exercitation ullamco "
          RenderInline {SPAN} at (0,0) size 742x114 [border: (1px solid #0000FF) (10px solid #FFA500) (1px solid #0000FF) (10px solid #008000)]
            RenderText {#text} at (75,40) size 742x112
              text run at (75,40) width 242 RTL override: "laboris nisi ut aliquip ex ea commodo"
              text run at (59,72) width 367 RTL override: "voluptate velit esse cillum dolore eu fugiat nulla pariatur."
              text run at (426,72) width 331 RTL override: "consequat. Duis aute irure dolor in reprehenderit in "
              text run at (15,104) width 525 RTL override: "non proident, sunt in culpa qui officia deserunt mollit anim id est laborum. Lorem"
              text run at (539,104) width 218 RTL override: "Excepteur sint occaecat cupidatat "
              text run at (631,136) width 81 RTL override: "ipsum dolor "
          RenderText {#text} at (8,136) size 749x48
            text run at (8,136) width 43 RTL override: "magna"
            text run at (50,136) width 582 RTL override: "sit amet, consectetur adipisicing elit, sed do eiusmod tempor incididunt ut labore et dolore "
            text run at (176,168) width 581 RTL override: "aliqua. Ut enim ad minim veniam, quis nostrud exercitation ullamco laboris nisi ut aliquip."
