layer at (0,0) size 800x600
  RenderView at (0,0) size 800x600
layer at (0,0) size 800x402
  RenderBlock {HTML} at (0,0) size 800x402
    RenderBody {BODY} at (8,8) size 784x386
      RenderBlock (anonymous) at (0,0) size 784x92
        RenderTextControl {INPUT} at (4,4) size 175x22 [bgcolor=#FFFFFF] [border: (2px inset #EEEEEE)]
          RenderFlexibleBox {DIV} at (3,3) size 169x16
            RenderBlock {DIV} at (0,2.50) size 1x11
            RenderBlock {DIV} at (1,0) size 155x16
        RenderText {#text} at (183,6) size 4x17
          text run at (183,6) width 4: " "
        RenderTextControl {INPUT} at (191,4) size 175x22 [bgcolor=#FFFFFF] [border: (2px inset #EEEEEE)]
          RenderFlexibleBox {DIV} at (3,3) size 169x16
            RenderBlock {DIV} at (0,2.50) size 1x11
            RenderBlock {DIV} at (1,0) size 155x16
            RenderBlock {DIV} at (157,3.50) size 9x9
        RenderBR {BR} at (370,6) size 0x17
        RenderTextControl {INPUT} at (4,34) size 175x22 [bgcolor=#FFFFFF] [border: (2px inset #EEEEEE)]
          RenderFlexibleBox {DIV} at (3,3) size 169x16
            RenderBlock {DIV} at (0,2.50) size 1x11
            RenderBlock {DIV} at (1,0) size 155x16
        RenderText {#text} at (183,36) size 4x17
          text run at (183,36) width 4: " "
        RenderTextControl {INPUT} at (191,34) size 175x22 [color=#545454] [bgcolor=#EBEBE4] [border: (2px inset #EEEEEE)]
          RenderFlexibleBox {DIV} at (3,3) size 169x16
            RenderBlock {DIV} at (0,2.50) size 1x11
            RenderBlock {DIV} at (1,0) size 155x16
        RenderText {#text} at (370,36) size 4x17
          text run at (370,36) width 4: " "
        RenderBR {BR} at (374,36) size 0x17
        RenderTextControl {INPUT} at (4,64) size 177x24 [bgcolor=#FFFFFF] [border: (3px solid #00FF00)]
          RenderFlexibleBox {DIV} at (4,4) size 169x16
            RenderBlock {DIV} at (0,2.50) size 1x11
            RenderBlock {DIV} at (1,0) size 155x16
        RenderText {#text} at (185,67) size 4x17
          text run at (185,67) width 4: " "
        RenderTextControl {INPUT} at (193,65) size 175x22 [bgcolor=#FFFFFF] [border: (2px inset #EEEEEE)]
          RenderFlexibleBox {DIV} at (3,3) size 169x16
            RenderBlock {DIV} at (0,2.50) size 1x11
            RenderBlock {DIV} at (1,0) size 155x16
        RenderText {#text} at (372,67) size 4x17
          text run at (372,67) width 4: " "
        RenderBR {BR} at (376,67) size 0x17
      RenderBlock {DIV} at (0,92) size 163x45 [bgcolor=#888888]
        RenderTextControl {INPUT} at (11,9) size 133x22 [bgcolor=#00FF00] [border: (2px inset #EEEEEE)]
          RenderFlexibleBox {DIV} at (3,3) size 127x16
            RenderBlock {DIV} at (0,2.50) size 1x11
            RenderBlock {DIV} at (1,0) size 113x16
        RenderText {#text} at (0,0) size 0x0
      RenderBlock (anonymous) at (0,137) size 784x249
        RenderTextControl {INPUT} at (4,4) size 175x22 [border: (2px inset #EEEEEE)]
          RenderFlexibleBox {DIV} at (3,3) size 169x16
            RenderBlock {DIV} at (0,2.50) size 1x11
            RenderBlock {DIV} at (1,0) size 155x16
        RenderText {#text} at (183,6) size 4x17
          text run at (183,6) width 4: " "
        RenderBR {BR} at (187,6) size 0x17
        RenderTextControl {INPUT} at (4,34) size 175x22 [bgcolor=#FFFFFF] [border: (2px inset #EEEEEE)]
          RenderFlexibleBox {DIV} at (3,3) size 169x16
            RenderBlock {DIV} at (0,2.50) size 1x11
            RenderBlock {DIV} at (1,0) size 155x16
        RenderText {#text} at (183,36) size 4x17
          text run at (183,36) width 4: " "
        RenderBR {BR} at (187,36) size 0x17
        RenderTextControl {INPUT} at (4,72) size 201x24 [bgcolor=#FFFFFF] [border: (2px inset #EEEEEE)]
          RenderFlexibleBox {DIV} at (3,3) size 195x18
            RenderBlock {DIV} at (0,3.50) size 1x11
            RenderBlock {DIV} at (1,0) size 179x18
        RenderText {#text} at (209,75) size 4x17
          text run at (209,75) width 4: " "
        RenderTextControl {INPUT} at (217,68) size 249x29 [bgcolor=#FFFFFF] [border: (2px inset #EEEEEE)]
          RenderFlexibleBox {DIV} at (3,3) size 243x23
            RenderBlock {DIV} at (0,6) size 1x11
            RenderBlock {DIV} at (1,0) size 224x23
        RenderText {#text} at (470,75) size 4x17
          text run at (470,75) width 4: " "
        RenderTextControl {INPUT} at (478,64) size 298x34 [bgcolor=#FFFFFF] [border: (2px inset #EEEEEE)]
          RenderFlexibleBox {DIV} at (3,3) size 292x28
            RenderBlock {DIV} at (0,8.50) size 1x11
            RenderBlock {DIV} at (1,0) size 270x28
        RenderText {#text} at (780,75) size 4x17
          text run at (780,75) width 4: " "
        RenderBR {BR} at (784,75) size 0x17
        RenderTextControl {INPUT} at (6,118) size 252x32 [bgcolor=#FFFFFF] [border: (3px inset #EEEEEE)]
          RenderFlexibleBox {DIV} at (4.50,4.50) size 243x23
            RenderBlock {DIV} at (0,6) size 1x11
            RenderBlock {DIV} at (1,0) size 222x23
        RenderText {#text} at (264,126) size 4x17
          text run at (264,126) width 4: " "
        RenderTextControl {INPUT} at (276,110) size 330x43 [bgcolor=#FFFFFF] [border: (4px inset #EEEEEE)]
          RenderFlexibleBox {DIV} at (6,6) size 318x31
            RenderBlock {DIV} at (0,10) size 1x11
            RenderBlock {DIV} at (1,0) size 290x31
        RenderText {#text} at (614,126) size 4x17
          text run at (614,126) width 4: " "
        RenderBR {BR} at (618,126) size 0x17
        RenderTextControl {INPUT} at (6,177) size 252x32 [bgcolor=#FFFFFF] [border: (3px inset #EEEEEE)]
          RenderFlexibleBox {DIV} at (4.50,4.50) size 243x23
            RenderBlock {DIV} at (3,1.50) size 20x20
            RenderBlock {DIV} at (27.50,0) size 195.50x23
        RenderText {#text} at (264,185) size 4x17
          text run at (264,185) width 4: " "
        RenderTextControl {INPUT} at (276,169) size 330x43 [bgcolor=#FFFFFF] [border: (4px inset #EEEEEE)]
          RenderFlexibleBox {DIV} at (6,6) size 318x31
            RenderBlock {DIV} at (4,2) size 27x27
            RenderBlock {DIV} at (37,0) size 254x31
        RenderText {#text} at (614,185) size 4x17
          text run at (614,185) width 4: " "
        RenderBR {BR} at (618,185) size 0x17
        RenderTextControl {INPUT} at (4,224) size 159x21 [bgcolor=#FFFFFF] [border: (1px solid #BDC7D8)]
          RenderFlexibleBox {DIV} at (18,4) size 137x13
            RenderBlock {DIV} at (2,1) size 11x11
            RenderBlock {DIV} at (16,0) size 109x13
        RenderText {#text} at (0,0) size 0x0
        RenderText {#text} at (0,0) size 0x0
layer at (16,15) size 155x16
  RenderBlock {DIV} at (0,0) size 155x16
    RenderText {#text} at (0,0) size 17x16
      text run at (0,0) width 17: "foo"
layer at (203,15) size 155x16
  RenderBlock {DIV} at (0,0) size 155x16
    RenderText {#text} at (0,0) size 17x16
      text run at (0,0) width 17: "foo"
layer at (16,45) size 155x16
  RenderBlock {DIV} at (0,0) size 155x16
    RenderText {#text} at (0,0) size 17x16
      text run at (0,0) width 17: "foo"
layer at (203,45) size 155x16
  RenderBlock {DIV} at (0,0) size 155x16
    RenderText {#text} at (0,0) size 17x16
      text run at (0,0) width 17: "foo"
layer at (17,76) size 155x16
  RenderBlock {DIV} at (0,0) size 155x16
    RenderText {#text} at (0,0) size 17x16
      text run at (0,0) width 17: "foo"
layer at (205,76) size 155x16
  RenderBlock {DIV} at (0,0) size 155x16
    RenderText {#text} at (0,0) size 17x16
      text run at (0,0) width 17: "foo"
layer at (23,112) size 113x16
  RenderBlock {DIV} at (0,0) size 113x16
    RenderText {#text} at (0,0) size 64x16
      text run at (0,0) width 64: "default text"
layer at (16,152) size 155x16
  RenderBlock {DIV} at (0,0) size 155x16
    RenderText {#text} at (0,0) size 17x16
      text run at (0,0) width 17: "foo"
layer at (16,182) size 155x16
  RenderBlock {DIV} at (0,0) size 155x16
    RenderText {#text} at (0,0) size 17x16
      text run at (0,0) width 17: "foo"
layer at (16,220) size 179x18
  RenderBlock {DIV} at (0,0) size 179x18
    RenderText {#text} at (0,0) size 23x17
      text run at (0,0) width 23: "foo"
layer at (229,216) size 224x23
  RenderBlock {DIV} at (0,0) size 224x23
    RenderText {#text} at (0,0) size 28x22
      text run at (0,0) width 28: "foo"
layer at (490,212) size 270x28
  RenderBlock {DIV} at (0,0) size 270x28
    RenderText {#text} at (0,0) size 34x27
      text run at (0,0) width 34: "foo"
layer at (20,268) size 222x23
  RenderBlock {DIV} at (0,0) size 222x23
    RenderText {#text} at (0,0) size 28x22
      text run at (0,0) width 28: "foo"
layer at (291,261) size 290x31
  RenderBlock {DIV} at (0,0) size 290x31
    RenderText {#text} at (0,0) size 38x30
      text run at (0,0) width 38: "foo"
layer at (46,327) size 196x23
  RenderBlock {DIV} at (0,0) size 195.50x23
    RenderText {#text} at (0,0) size 28x22
      text run at (0,0) width 28: "foo"
layer at (327,320) size 254x31
  RenderBlock {DIV} at (0,0) size 254x31
    RenderText {#text} at (0,0) size 38x30
      text run at (0,0) width 38: "foo"
layer at (46,373) size 109x13
  RenderBlock {DIV} at (34,4) size 109x13 [color=#A9A9A9]
    RenderText {#text} at (0,0) size 86x13
      text run at (0,0) width 86: "Search for Events"
layer at (46,373) size 109x13
  RenderBlock {DIV} at (0,0) size 109x13
layer at (172,19) size 9x9 transparent
  RenderBlock {DIV} at (157,3.50) size 9x9
layer at (172,49) size 9x9 transparent
  RenderBlock {DIV} at (157,3.50) size 9x9
layer at (359,49) size 9x9 transparent
  RenderBlock {DIV} at (157,3.50) size 9x9
layer at (173,80) size 9x9 transparent
  RenderBlock {DIV} at (157,3.50) size 9x9
layer at (361,80) size 9x9 transparent
  RenderBlock {DIV} at (157,3.50) size 9x9
layer at (137,116) size 9x9 transparent
  RenderBlock {DIV} at (115,3.50) size 9x9
layer at (172,156) size 9x9 transparent
  RenderBlock {DIV} at (157,3.50) size 9x9
layer at (172,186) size 9x9 transparent
  RenderBlock {DIV} at (157,3.50) size 9x9
layer at (196,224) size 11x11 transparent
  RenderBlock {DIV} at (181,3.50) size 11x11
layer at (454,221) size 14x14 transparent
  RenderBlock {DIV} at (226,4.50) size 14x14
layer at (761,218) size 17x17 transparent
  RenderBlock {DIV} at (272,5.50) size 17x17
layer at (243,272) size 14x14 transparent
  RenderBlock {DIV} at (224.50,4.50) size 14x14
layer at (583,267) size 19x19 transparent
  RenderBlock {DIV} at (293,6) size 19x19
layer at (243,331) size 14x14 transparent
  RenderBlock {DIV} at (224.50,4.50) size 14x14
layer at (583,326) size 19x19 transparent
  RenderBlock {DIV} at (293,6) size 19x19
layer at (156,376) size 8x8 transparent
  RenderBlock {DIV} at (126,2.50) size 8x8
caret: position 0 of child 0 {#text} of child 0 {DIV} of child 1 {DIV} of child 0 {DIV} of {#document-fragment} of child 10 {INPUT} of body
