layer at (0,0) size 785x2469
  RenderView at (0,0) size 785x600
layer at (0,0) size 785x2230
  RenderBlock {HTML} at (0,0) size 785x2230
    RenderBody {BODY} at (8,8) size 769x2214 [bgcolor=#19BCD2]
      RenderTable {TABLE} at (0,0) size 769x199 [bgcolor=#FFA500] [border: (1px outset #808080)]
        RenderTableSection {TBODY} at (1,1) size 767x197
          RenderTableRow {TR} at (0,0) size 767x158
            RenderTableCell {TD} at (0,0) size 767x18 [border: (1px inset #808080)] [r=0 c=0 rs=1 cs=1]
              RenderText {#text} at (1,1) size 161x16
                text run at (1,1) width 161: "80% of table 200px table"
          RenderTableRow {TR} at (0,158) size 767x39
            RenderTableCell {TD} at (0,158) size 767x18 [border: (1px inset #808080)] [r=1 c=0 rs=1 cs=1]
              RenderText {#text} at (1,1) size 161x16
                text run at (1,1) width 161: "20% of table 200px table"
      RenderBlock (anonymous) at (0,199) size 769x16
        RenderBR {BR} at (0,0) size 0x16
      RenderTable {TABLE} at (0,215) size 769x38 [bgcolor=#FFA500] [border: (1px outset #808080)]
        RenderTableSection {TBODY} at (1,1) size 767x36
          RenderTableRow {TR} at (0,0) size 767x18
            RenderTableCell {TD} at (0,0) size 767x18 [border: (1px inset #808080)] [r=0 c=0 rs=1 cs=1]
              RenderText {#text} at (1,1) size 132x16
                text run at (1,1) width 132: "80% of 200px tbody"
          RenderTableRow {TR} at (0,18) size 767x18
            RenderTableCell {TD} at (0,18) size 767x18 [border: (1px inset #808080)] [r=1 c=0 rs=1 cs=1]
              RenderText {#text} at (1,1) size 132x16
                text run at (1,1) width 132: "20% of 200px tbody"
      RenderBlock (anonymous) at (0,253) size 769x16
        RenderBR {BR} at (0,0) size 0x16
      RenderTable {TABLE} at (0,269) size 769x38 [bgcolor=#FFA500] [border: (1px outset #808080)]
        RenderTableSection {TBODY} at (1,1) size 767x36
          RenderTableRow {TR} at (0,0) size 767x18
            RenderTableCell {TD} at (0,0) size 767x18 [border: (1px inset #808080)] [r=0 c=0 rs=1 cs=1]
              RenderText {#text} at (1,1) size 132x16
                text run at (1,1) width 132: "80% of 200px tbody"
          RenderTableRow {TR} at (0,18) size 767x18
            RenderTableCell {TD} at (0,18) size 767x18 [border: (1px inset #808080)] [r=1 c=0 rs=1 cs=1]
              RenderText {#text} at (1,1) size 132x16
                text run at (1,1) width 132: "20% of 200px tbody"
      RenderBlock (anonymous) at (0,307) size 769x16
        RenderBR {BR} at (0,0) size 0x16
      RenderTable {TABLE} at (0,323) size 769x199 [bgcolor=#FFA500] [border: (1px outset #808080)]
        RenderTableSection {TBODY} at (1,1) size 767x197
          RenderTableRow {TR} at (0,0) size 767x158
            RenderTableCell {TD} at (0,0) size 767x18 [border: (1px inset #808080)] [r=0 c=0 rs=1 cs=1]
              RenderText {#text} at (1,1) size 155x16
                text run at (1,1) width 155: "row 80% of 200px table"
          RenderTableRow {TR} at (0,158) size 767x39
            RenderTableCell {TD} at (0,158) size 767x18 [border: (1px inset #808080)] [r=1 c=0 rs=1 cs=1]
              RenderText {#text} at (1,1) size 155x16
                text run at (1,1) width 155: "row 20% of 200px table"
      RenderBlock (anonymous) at (0,522) size 769x16
        RenderBR {BR} at (0,0) size 0x16
      RenderTable {TABLE} at (0,538) size 769x38 [bgcolor=#FFA500] [border: (1px outset #808080)]
        RenderTableSection {TBODY} at (1,1) size 767x36
          RenderTableRow {TR} at (0,0) size 767x18
            RenderTableCell {TD} at (0,0) size 767x18 [border: (1px inset #808080)] [r=0 c=0 rs=1 cs=1]
              RenderText {#text} at (1,1) size 160x16
                text run at (1,1) width 160: "row 80% of 200px tbody"
          RenderTableRow {TR} at (0,18) size 767x18
            RenderTableCell {TD} at (0,18) size 767x18 [border: (1px inset #808080)] [r=1 c=0 rs=1 cs=1]
              RenderText {#text} at (1,1) size 160x16
                text run at (1,1) width 160: "row 20% of 200px tbody"
      RenderBlock (anonymous) at (0,576) size 769x16
        RenderBR {BR} at (0,0) size 0x16
      RenderTable {TABLE} at (0,592) size 769x380 [bgcolor=#FFA500] [border: (1px outset #808080)]
        RenderTableSection {TBODY} at (1,1) size 767x378
          RenderTableRow {TR} at (0,0) size 767x378
            RenderTableCell {TD} at (0,0) size 767x618 [border: (1px inset #808080)] [r=0 c=0 rs=1 cs=1]
              RenderTable {TABLE} at (1,1) size 765x376 [bgcolor=#FFFF00]
                RenderTableSection {TBODY} at (0,0) size 765x376
                  RenderTableRow {TR} at (0,0) size 765x376
                    RenderTableCell {TD} at (0,180) size 765x16 [r=0 c=0 rs=1 cs=1]
                      RenderText {#text} at (0,0) size 12x16
                        text run at (0,0) width 12: " x"
              RenderTable {TABLE} at (1,377) size 765x240
                RenderTableSection {TBODY} at (0,0) size 765x240
                  RenderTableRow {TR} at (0,0) size 765x240
                    RenderTableCell {TD} at (0,0) size 765x240 [bgcolor=#E0FFFF] [r=0 c=0 rs=1 cs=1]
                      RenderText {#text} at (0,0) size 113x16
                        text run at (0,0) width 82: "yuiyututuyu "
                        text run at (81,0) width 32: "fesfe"
                      RenderBR {BR} at (112,12) size 1x0
                      RenderText {#text} at (0,16) size 4x16
                        text run at (0,16) width 4: " "
                      RenderBR {BR} at (4,28) size 0x0
                      RenderText {#text} at (0,32) size 4x16
                        text run at (0,32) width 4: " "
                      RenderBR {BR} at (4,44) size 0x0
                      RenderText {#text} at (0,48) size 4x16
                        text run at (0,48) width 4: " "
                      RenderBR {BR} at (4,60) size 0x0
                      RenderText {#text} at (0,64) size 4x16
                        text run at (0,64) width 4: " "
                      RenderBR {BR} at (4,76) size 0x0
                      RenderText {#text} at (0,80) size 4x16
                        text run at (0,80) width 4: " "
                      RenderBR {BR} at (4,92) size 0x0
                      RenderText {#text} at (0,96) size 4x16
                        text run at (0,96) width 4: " "
                      RenderBR {BR} at (4,108) size 0x0
                      RenderText {#text} at (0,112) size 4x16
                        text run at (0,112) width 4: " "
                      RenderBR {BR} at (4,124) size 0x0
                      RenderText {#text} at (0,128) size 4x16
                        text run at (0,128) width 4: " "
                      RenderBR {BR} at (4,140) size 0x0
                      RenderText {#text} at (0,144) size 4x16
                        text run at (0,144) width 4: " "
                      RenderBR {BR} at (4,156) size 0x0
                      RenderText {#text} at (0,160) size 4x16
                        text run at (0,160) width 4: " "
                      RenderBR {BR} at (4,172) size 0x0
                      RenderText {#text} at (0,176) size 4x16
                        text run at (0,176) width 4: " "
                      RenderBR {BR} at (4,188) size 0x0
                      RenderText {#text} at (0,192) size 4x16
                        text run at (0,192) width 4: " "
                      RenderBR {BR} at (4,204) size 0x0
                      RenderText {#text} at (0,208) size 4x16
                        text run at (0,208) width 4: " "
                      RenderBR {BR} at (4,220) size 0x0
                      RenderText {#text} at (0,224) size 4x16
                        text run at (0,224) width 4: " "
      RenderBlock (anonymous) at (0,972) size 769x16
        RenderBR {BR} at (0,0) size 0x16
      RenderTable {TABLE} at (0,988) size 600x400 [border: (1px outset #808080)]
        RenderTableSection {TBODY} at (1,1) size 598x398
          RenderTableRow {TR} at (0,2) size 598x394
            RenderTableCell {TD} at (2,2) size 594x394 [border: (1px inset #808080)] [r=0 c=0 rs=1 cs=1]
              RenderTable {TABLE} at (2,2) size 590x390 [border: (1px outset #808080)]
                RenderTableSection {TBODY} at (1,1) size 588x388
                  RenderTableRow {TR} at (0,2) size 588x384
                    RenderTableCell {TD} at (2,2) size 584x384 [border: (1px inset #808080)] [r=0 c=0 rs=1 cs=1]
                      RenderTable {TABLE} at (2,2) size 580x380 [border: (1px outset #808080)]
                        RenderTableSection {TBODY} at (1,1) size 578x378
                          RenderTableRow {TR} at (0,2) size 578x374
                            RenderTableCell {TD} at (2,179) size 574x20 [border: (1px inset #808080)] [r=0 c=0 rs=1 cs=1]
                              RenderText {#text} at (2,2) size 22x16
                                text run at (2,2) width 22: "foo"
      RenderBlock (anonymous) at (0,1388) size 769x16
        RenderBR {BR} at (0,0) size 0x16
      RenderTable {TABLE} at (0,1404) size 64x20 [border: (1px outset #808080)]
        RenderTableSection {TBODY} at (1,1) size 62x18
          RenderTableRow {TR} at (0,0) size 62x9
            RenderTableCell {TD} at (0,0) size 62x18 [border: (1px inset #808080)] [r=0 c=0 rs=2 cs=1]
              RenderText {#text} at (1,1) size 60x16
                text run at (1,1) width 60: "blah blah"
          RenderTableRow {TR} at (0,9) size 62x9
      RenderBlock (anonymous) at (0,1424) size 769x16
        RenderBR {BR} at (0,0) size 0x16
      RenderTable {TABLE} at (0,1440) size 602x364 [border: (1px outset #808080)]
        RenderTableSection {TBODY} at (1,1) size 600x362
          RenderTableRow {TR} at (0,0) size 600x0
            RenderTableCell {TD} at (0,0) size 502x362 [bgcolor=#FFFFFF] [border: (1px inset #808080)] [r=0 c=0 rs=2 cs=2]
              RenderImage {IMG} at (1,1) size 132x360
          RenderTableRow {TR} at (0,0) size 600x362
            RenderTableCell {TD} at (502,172) size 98x18 [border: (1px inset #808080)] [r=1 c=2 rs=1 cs=6]
              RenderText {#text} at (73,1) size 24x16
                text run at (73,1) width 24: "xxx"
      RenderBlock (anonymous) at (0,1804) size 769x16
        RenderBR {BR} at (0,0) size 0x16
      RenderTable {TABLE} at (10.50,1820) size 748x394 [bgcolor=#808080]
        RenderTableSection {TBODY} at (0,0) size 748x394
          RenderTableRow {TR} at (0,4) size 748x386
            RenderTableCell {TD} at (4,4) size 740x386 [r=0 c=0 rs=1 cs=1]
              RenderTable {TABLE} at (3,3) size 734x380 [bgcolor=#FFA500] [border: (1px outset #808080)]
                RenderTableSection {TBODY} at (1,1) size 732x378
                  RenderTableRow {TR} at (0,0) size 732x378
                    RenderTableCell {TD} at (0,0) size 732x634 [border: (1px inset #808080)] [r=0 c=0 rs=1 cs=1]
                      RenderBlock (anonymous) at (1,1) size 730x16
                        RenderText {#text} at (0,0) size 8x16
                          text run at (0,0) width 8: "x"
                      RenderTable {TABLE} at (1,17) size 730x376 [bgcolor=#FFFF00]
                        RenderTableSection {TBODY} at (0,0) size 730x376
                          RenderTableRow {TR} at (0,0) size 730x376
                            RenderTableCell {TD} at (0,180) size 730x16 [r=0 c=0 rs=1 cs=1]
                              RenderText {#text} at (0,0) size 4x16
                                text run at (0,0) width 4: " "
                      RenderTable {TABLE} at (1,393) size 730x240
                        RenderTableSection {TBODY} at (0,0) size 730x240
                          RenderTableRow {TR} at (0,0) size 730x240
                            RenderTableCell {TD} at (0,0) size 730x240 [bgcolor=#E0FFFF] [r=0 c=0 rs=1 cs=1]
                              RenderText {#text} at (0,0) size 117x16
                                text run at (0,0) width 82: "yuiyututuyu "
                                text run at (81,0) width 36: "fesf e"
                              RenderBR {BR} at (116,12) size 1x0
                              RenderText {#text} at (0,16) size 4x16
                                text run at (0,16) width 4: " "
                              RenderBR {BR} at (4,28) size 0x0
                              RenderText {#text} at (0,32) size 4x16
                                text run at (0,32) width 4: " "
                              RenderBR {BR} at (4,44) size 0x0
                              RenderText {#text} at (0,48) size 4x16
                                text run at (0,48) width 4: " "
                              RenderBR {BR} at (4,60) size 0x0
                              RenderText {#text} at (0,64) size 4x16
                                text run at (0,64) width 4: " "
                              RenderBR {BR} at (4,76) size 0x0
                              RenderText {#text} at (0,80) size 4x16
                                text run at (0,80) width 4: " "
                              RenderBR {BR} at (4,92) size 0x0
                              RenderText {#text} at (0,96) size 4x16
                                text run at (0,96) width 4: " "
                              RenderBR {BR} at (4,108) size 0x0
                              RenderText {#text} at (0,112) size 4x16
                                text run at (0,112) width 4: " "
                              RenderBR {BR} at (4,124) size 0x0
                              RenderText {#text} at (0,128) size 4x16
                                text run at (0,128) width 4: " "
                              RenderBR {BR} at (4,140) size 0x0
                              RenderText {#text} at (0,144) size 4x16
                                text run at (0,144) width 4: " "
                              RenderBR {BR} at (4,156) size 0x0
                              RenderText {#text} at (0,160) size 4x16
                                text run at (0,160) width 4: " "
                              RenderBR {BR} at (4,172) size 0x0
                              RenderText {#text} at (0,176) size 4x16
                                text run at (0,176) width 4: " "
                              RenderBR {BR} at (4,188) size 0x0
                              RenderText {#text} at (0,192) size 4x16
                                text run at (0,192) width 4: " "
                              RenderBR {BR} at (4,204) size 0x0
                              RenderText {#text} at (0,208) size 4x16
                                text run at (0,208) width 4: " "
                              RenderBR {BR} at (4,220) size 0x0
                              RenderText {#text} at (0,224) size 4x16
                                text run at (0,224) width 4: " "
