layer at (0,0) size 785x1466
  RenderView at (0,0) size 785x600
layer at (0,0) size 785x1466
  RenderBlock {HTML} at (0,0) size 785x1466
    RenderBody {BODY} at (8,8) size 769x1450
      RenderTable {TABLE} at (0,0) size 769x272
        RenderTableSection {TBODY} at (0,0) size 769x272
          RenderTableRow {TR} at (0,0) size 769x272
            RenderTableCell {TD} at (0,0) size 47x272 [bgcolor=#0000FF] [r=0 c=0 rs=1 cs=1]
              RenderText {#text} at (0,0) size 47x272
                text run at (0,0) width 47: "XXXX"
                text run at (0,16) width 47: "XXXX"
                text run at (0,32) width 47: "XXXX"
                text run at (0,48) width 47: "XXXX"
                text run at (0,64) width 47: "XXXX"
                text run at (0,80) width 47: "XXXX"
                text run at (0,96) width 47: "XXXX"
                text run at (0,112) width 47: "XXXX"
                text run at (0,128) width 47: "XXXX"
                text run at (0,144) width 47: "XXXX"
                text run at (0,160) width 47: "XXXX"
                text run at (0,176) width 47: "XXXX"
                text run at (0,192) width 47: "XXXX"
                text run at (0,208) width 47: "XXXX"
                text run at (0,224) width 47: "XXXX"
                text run at (0,240) width 47: "XXXX"
                text run at (0,256) width 47: "XXXX"
            RenderTableCell {TD} at (47,136) size 722x0 [bgcolor=#008000] [r=0 c=1 rs=1 cs=1]
              RenderTable {TABLE} at (0,0) size 0x0 [bgcolor=#FFFF00]
      RenderBlock (anonymous) at (0,272) size 769x16
        RenderBR {BR} at (0,0) size 0x16
      RenderTable {TABLE} at (0,288) size 769x276 [border: (1px outset #808080)]
        RenderTableSection {TBODY} at (1,1) size 767x274
          RenderTableRow {TR} at (0,0) size 767x274
            RenderTableCell {TD} at (0,0) size 49x274 [bgcolor=#0000FF] [border: (1px inset #808080)] [r=0 c=0 rs=1 cs=1]
              RenderText {#text} at (1,1) size 47x272
                text run at (1,1) width 47: "XXXX"
                text run at (1,17) width 47: "XXXX"
                text run at (1,33) width 47: "XXXX"
                text run at (1,49) width 47: "XXXX"
                text run at (1,65) width 47: "XXXX"
                text run at (1,81) width 47: "XXXX"
                text run at (1,97) width 47: "XXXX"
                text run at (1,113) width 47: "XXXX"
                text run at (1,129) width 47: "XXXX"
                text run at (1,145) width 47: "XXXX"
                text run at (1,161) width 47: "XXXX"
                text run at (1,177) width 47: "XXXX"
                text run at (1,193) width 47: "XXXX"
                text run at (1,209) width 47: "XXXX"
                text run at (1,225) width 47: "XXXX"
                text run at (1,241) width 47: "XXXX"
                text run at (1,257) width 47: "XXXX"
            RenderTableCell {TD} at (49,136) size 718x2 [bgcolor=#008000] [border: (1px inset #808080)] [r=0 c=1 rs=1 cs=1]
              RenderTable {TABLE} at (1,1) size 0x0 [bgcolor=#FFFF00]
      RenderBlock (anonymous) at (0,564) size 769x16
        RenderBR {BR} at (0,0) size 0x16
      RenderTable {TABLE} at (0,580) size 769x278 [border: (1px outset #808080)]
        RenderTableSection {TBODY} at (1,1) size 767x276
          RenderTableRow {TR} at (0,0) size 767x276
            RenderTableCell {TD} at (0,0) size 51x276 [bgcolor=#0000FF] [border: (1px inset #808080)] [r=0 c=0 rs=1 cs=1]
              RenderText {#text} at (2,2) size 47x272
                text run at (2,2) width 47: "XXXX"
                text run at (2,18) width 47: "XXXX"
                text run at (2,34) width 47: "XXXX"
                text run at (2,50) width 47: "XXXX"
                text run at (2,66) width 47: "XXXX"
                text run at (2,82) width 47: "XXXX"
                text run at (2,98) width 47: "XXXX"
                text run at (2,114) width 47: "XXXX"
                text run at (2,130) width 47: "XXXX"
                text run at (2,146) width 47: "XXXX"
                text run at (2,162) width 47: "XXXX"
                text run at (2,178) width 47: "XXXX"
                text run at (2,194) width 47: "XXXX"
                text run at (2,210) width 47: "XXXX"
                text run at (2,226) width 47: "XXXX"
                text run at (2,242) width 47: "XXXX"
                text run at (2,258) width 47: "XXXX"
            RenderTableCell {TD} at (51,136) size 716x4 [bgcolor=#008000] [border: (1px inset #808080)] [r=0 c=1 rs=1 cs=1]
              RenderTable {TABLE} at (2,2) size 0x0 [bgcolor=#FFFF00]
      RenderBlock (anonymous) at (0,858) size 769x16
        RenderBR {BR} at (0,0) size 0x16
      RenderTable {TABLE} at (0,874) size 769x272
        RenderTableSection {TBODY} at (0,0) size 769x272
          RenderTableRow {TR} at (0,0) size 769x272
            RenderTableCell {TD} at (0,0) size 47x272 [bgcolor=#0000FF] [r=0 c=0 rs=1 cs=1]
              RenderText {#text} at (0,0) size 47x272
                text run at (0,0) width 47: "XXXX"
                text run at (0,16) width 47: "XXXX"
                text run at (0,32) width 47: "XXXX"
                text run at (0,48) width 47: "XXXX"
                text run at (0,64) width 47: "XXXX"
                text run at (0,80) width 47: "XXXX"
                text run at (0,96) width 47: "XXXX"
                text run at (0,112) width 47: "XXXX"
                text run at (0,128) width 47: "XXXX"
                text run at (0,144) width 47: "XXXX"
                text run at (0,160) width 47: "XXXX"
                text run at (0,176) width 47: "XXXX"
                text run at (0,192) width 47: "XXXX"
                text run at (0,208) width 47: "XXXX"
                text run at (0,224) width 47: "XXXX"
                text run at (0,240) width 47: "XXXX"
                text run at (0,256) width 47: "XXXX"
            RenderTableCell {TD} at (47,0) size 47x272 [bgcolor=#FFA500] [r=0 c=1 rs=1 cs=1]
              RenderText {#text} at (0,0) size 47x272
                text run at (0,0) width 47: "XXXX"
                text run at (0,16) width 47: "XXXX"
                text run at (0,32) width 47: "XXXX"
                text run at (0,48) width 47: "XXXX"
                text run at (0,64) width 47: "XXXX"
                text run at (0,80) width 47: "XXXX"
                text run at (0,96) width 47: "XXXX"
                text run at (0,112) width 47: "XXXX"
                text run at (0,128) width 47: "XXXX"
                text run at (0,144) width 47: "XXXX"
                text run at (0,160) width 47: "XXXX"
                text run at (0,176) width 47: "XXXX"
                text run at (0,192) width 47: "XXXX"
                text run at (0,208) width 47: "XXXX"
                text run at (0,224) width 47: "XXXX"
                text run at (0,240) width 47: "XXXX"
                text run at (0,256) width 47: "XXXX"
            RenderTableCell {TD} at (94,136) size 675x0 [bgcolor=#008000] [r=0 c=2 rs=1 cs=1]
              RenderTable {TABLE} at (0,0) size 0x0 [bgcolor=#FFFF00]
      RenderBlock (anonymous) at (0,1146) size 769x16
        RenderBR {BR} at (0,0) size 0x16
      RenderTable {TABLE} at (0,1162) size 769x272
        RenderTableSection {TBODY} at (0,0) size 769x272
          RenderTableRow {TR} at (0,0) size 769x272
            RenderTableCell {TD} at (0,0) size 47x272 [bgcolor=#0000FF] [r=0 c=0 rs=1 cs=1]
              RenderText {#text} at (0,0) size 47x272
                text run at (0,0) width 47: "XXXX"
                text run at (0,16) width 47: "XXXX"
                text run at (0,32) width 47: "XXXX"
                text run at (0,48) width 47: "XXXX"
                text run at (0,64) width 47: "XXXX"
                text run at (0,80) width 47: "XXXX"
                text run at (0,96) width 47: "XXXX"
                text run at (0,112) width 47: "XXXX"
                text run at (0,128) width 47: "XXXX"
                text run at (0,144) width 47: "XXXX"
                text run at (0,160) width 47: "XXXX"
                text run at (0,176) width 47: "XXXX"
                text run at (0,192) width 47: "XXXX"
                text run at (0,208) width 47: "XXXX"
                text run at (0,224) width 47: "XXXX"
                text run at (0,240) width 47: "XXXX"
                text run at (0,256) width 47: "XXXX"
            RenderTableCell {TD} at (47,128) size 722x16 [bgcolor=#008000] [r=0 c=1 rs=1 cs=1]
              RenderText {#text} at (0,0) size 8x16
                text run at (0,0) width 8: "x"
      RenderBlock (anonymous) at (0,1434) size 769x16
        RenderText {#text} at (0,0) size 20x16
          text run at (0,0) width 20: "-->"
