layer at (0,0) size 800x600
  RenderView at (0,0) size 800x600
layer at (0,0) size 800x600
  RenderBlock {HTML} at (0,0) size 800x600
    RenderBody {BODY} at (8,8) size 784x584 [bgcolor=#FFFFFF]
      RenderTable {TABLE} at (0,0) size 600x80
        RenderTableSection {TBODY} at (0,0) size 600x80
          RenderTableRow {TR} at (0,0) size 600x80
            RenderTableCell {TD} at (0,5) size 117x70 [r=0 c=0 rs=1 cs=1]
              RenderTable {TABLE} at (0,0) size 117x70 [border: (1px outset #808080)]
                RenderTableSection {TBODY} at (1,1) size 115x68
                  RenderTableRow {TR} at (0,0) size 115x50
                    RenderTableCell {TD} at (0,0) size 115x50 [border: (1px inset #808080)] [r=0 c=0 rs=1 cs=2]
                      RenderText {#text} at (1,1) size 113x48
                        text run at (1,1) width 42: "R1C1,"
                        text run at (1,17) width 90: "COLSPAN=2"
                        text run at (1,33) width 113: "WIDTH=\"100%\""
                  RenderTableRow {TR} at (0,50) size 115x18
                    RenderTableCell {TD} at (0,50) size 57x18 [border: (1px inset #808080)] [r=1 c=0 rs=1 cs=1]
                      RenderText {#text} at (1,1) size 38x16
                        text run at (1,1) width 38: "R2C1"
                    RenderTableCell {TD} at (57,50) size 58x18 [border: (1px inset #808080)] [r=1 c=1 rs=1 cs=1]
                      RenderText {#text} at (1,1) size 38x16
                        text run at (1,1) width 38: "R2C2"
            RenderTableCell {TD} at (117,0) size 483x80 [r=0 c=1 rs=1 cs=1]
              RenderText {#text} at (0,0) size 198x16
                text run at (0,0) width 198: "Quotes delayed by 20 minutes."
              RenderBR {BR} at (197,12) size 1x0
              RenderText {#text} at (0,16) size 473x64
                text run at (0,16) width 129: "To ensure that your "
                text run at (128,16) width 316: "portfolios and other personalized content can't be"
                text run at (0,32) width 51: "viewed "
                text run at (50,32) width 375: "by others using this computer, sign out of Netcenter when "
                text run at (424,32) width 49: "you are"
                text run at (0,48) width 335: "finished. When you want to view your personalized "
                text run at (334,48) width 139: "content again, all you"
                text run at (0,64) width 216: "have to do is sign in to Netcenter."
