layer at (0,0) size 800x600
  RenderView at (0,0) size 800x600
layer at (0,0) size 800x600
  RenderBlock {HTML} at (0,0) size 800x600
    RenderBody {BODY} at (8,8) size 784x584
      RenderTable {TABLE} at (0,0) size 784x576
        RenderTableSection {TBODY} at (0,0) size 784x576
          RenderTableRow {TR} at (0,0) size 784x288
            RenderTableCell {TD} at (0,0) size 238x288 [r=0 c=0 rs=1 cs=1]
              RenderTable {TABLE} at (0,0) size 238x288
                RenderTableSection {THEAD} at (0,0) size 238x16
                  RenderTableRow {TR} at (0,0) size 238x16
                    RenderTableCell {TH} at (0,0) size 238x16 [r=0 c=0 rs=1 cs=1]
                      RenderText {#text} at (81,0) size 76x16
                        text run at (81,0) width 76: "Header 1/1"
                RenderTableSection {TBODY} at (0,16) size 238x272
                  RenderTableRow {TR} at (0,0) size 238x272
                    RenderTableCell {TD} at (0,0) size 238x272 [r=0 c=0 rs=1 cs=1]
                      RenderText {#text} at (0,0) size 238x272
                        text run at (0,0) width 238: "1 2 3 - - - - - - - - - - - - - - - - - - - - - -"
                        text run at (0,16) width 230: "- - - - - - - - - - - - - - - - - - - - - - - - -"
                        text run at (0,32) width 230: "- - - - - - - - - - - - - - - - - - - - - - - - -"
                        text run at (0,48) width 230: "- - - - - - - - - - - - - - - - - - - - - - - - -"
                        text run at (0,64) width 230: "- - - - - - - - - - - - - - - - - - - - - - - - -"
                        text run at (0,80) width 230: "- - - - - - - - - - - - - - - - - - - - - - - - -"
                        text run at (0,96) width 230: "- - - - - - - - - - - - - - - - - - - - - - - - -"
                        text run at (0,112) width 230: "- - - - - - - - - - - - - - - - - - - - - - - - -"
                        text run at (0,128) width 94: "- - - - - - - - - - "
                        text run at (93,128) width 137: "- - - - - - - - - - - - - - -"
                        text run at (0,144) width 230: "- - - - - - - - - - - - - - - - - - - - - - - - -"
                        text run at (0,160) width 230: "- - - - - - - - - - - - - - - - - - - - - - - - -"
                        text run at (0,176) width 230: "- - - - - - - - - - - - - - - - - - - - - - - - -"
                        text run at (0,192) width 230: "- - - - - - - - - - - - - - - - - - - - - - - - -"
                        text run at (0,208) width 230: "- - - - - - - - - - - - - - - - - - - - - - - - -"
                        text run at (0,224) width 230: "- - - - - - - - - - - - - - - - - - - - - - - - -"
                        text run at (0,240) width 230: "- - - - - - - - - - - - - - - - - - - - - - - - -"
                        text run at (0,256) width 183: "- - - - - - - - - - - - - - - - - - - -"
            RenderTableCell {TD} at (238,0) size 306x288 [r=0 c=1 rs=1 cs=1]
              RenderTable {TABLE} at (0,0) size 306x288
                RenderTableSection {THEAD} at (0,0) size 306x16
                  RenderTableRow {TR} at (0,0) size 306x16
                    RenderTableCell {TH} at (0,0) size 306x16 [r=0 c=0 rs=1 cs=1]
                      RenderText {#text} at (115,0) size 76x16
                        text run at (115,0) width 76: "Header 2/1"
                RenderTableSection {TBODY} at (0,16) size 306x272
                  RenderTableRow {TR} at (0,0) size 306x272
                    RenderTableCell {TD} at (0,0) size 306x272 [r=0 c=0 rs=1 cs=1]
                      RenderText {#text} at (0,0) size 296x272
                        text run at (0,0) width 296: "1 2 3 # # # # # # # # # # # # # # # # # # # # # #"
                        text run at (0,16) width 296: "# # # # # # # # # # # # # # # # # # # # # # # # #"
                        text run at (0,32) width 296: "# # # # # # # # # # # # # # # # # # # # # # # # #"
                        text run at (0,48) width 296: "# # # # # # # # # # # # # # # # # # # # # # # # #"
                        text run at (0,64) width 296: "# # # # # # # # # # # # # # # # # # # # # # # # #"
                        text run at (0,80) width 296: "# # # # # # # # # # # # # # # # # # # # # # # # #"
                        text run at (0,96) width 296: "# # # # # # # # # # # # # # # # # # # # # # # # #"
                        text run at (0,112) width 296: "# # # # # # # # # # # # # # # # # # # # # # # # #"
                        text run at (0,128) width 120: "# # # # # # # # # # "
                        text run at (120,128) width 176: "# # # # # # # # # # # # # # #"
                        text run at (0,144) width 296: "# # # # # # # # # # # # # # # # # # # # # # # # #"
                        text run at (0,160) width 296: "# # # # # # # # # # # # # # # # # # # # # # # # #"
                        text run at (0,176) width 296: "# # # # # # # # # # # # # # # # # # # # # # # # #"
                        text run at (0,192) width 296: "# # # # # # # # # # # # # # # # # # # # # # # # #"
                        text run at (0,208) width 296: "# # # # # # # # # # # # # # # # # # # # # # # # #"
                        text run at (0,224) width 296: "# # # # # # # # # # # # # # # # # # # # # # # # #"
                        text run at (0,240) width 296: "# # # # # # # # # # # # # # # # # # # # # # # # #"
                        text run at (0,256) width 236: "# # # # # # # # # # # # # # # # # # # #"
            RenderTableCell {TD} at (544,0) size 240x288 [r=0 c=2 rs=1 cs=1]
              RenderTable {TABLE} at (0,0) size 240x288
                RenderTableSection {THEAD} at (0,0) size 240x16
                  RenderTableRow {TR} at (0,0) size 240x16
                    RenderTableCell {TH} at (0,0) size 240x16 [r=0 c=0 rs=1 cs=1]
                      RenderText {#text} at (82,0) size 76x16
                        text run at (82,0) width 76: "Header 3/1"
                RenderTableSection {TBODY} at (0,16) size 240x272
                  RenderTableRow {TR} at (0,0) size 240x272
                    RenderTableCell {TD} at (0,0) size 240x272 [r=0 c=0 rs=1 cs=1]
                      RenderText {#text} at (0,0) size 239x272
                        text run at (0,0) width 238: "1 2 3 ! ! ! ! ! ! ! ! ! ! ! ! ! ! ! ! ! ! ! ! ! !"
                        text run at (0,16) width 239: "! ! ! ! ! ! ! ! ! ! ! ! ! ! ! ! ! ! ! ! ! ! ! ! ! !"
                        text run at (0,32) width 239: "! ! ! ! ! ! ! ! ! ! ! ! ! ! ! ! ! ! ! ! ! ! ! ! ! !"
                        text run at (0,48) width 239: "! ! ! ! ! ! ! ! ! ! ! ! ! ! ! ! ! ! ! ! ! ! ! ! ! !"
                        text run at (0,64) width 239: "! ! ! ! ! ! ! ! ! ! ! ! ! ! ! ! ! ! ! ! ! ! ! ! ! !"
                        text run at (0,80) width 239: "! ! ! ! ! ! ! ! ! ! ! ! ! ! ! ! ! ! ! ! ! ! ! ! ! !"
                        text run at (0,96) width 239: "! ! ! ! ! ! ! ! ! ! ! ! ! ! ! ! ! ! ! ! ! ! ! ! ! !"
                        text run at (0,112) width 239: "! ! ! ! ! ! ! ! ! ! ! ! ! ! ! ! ! ! ! ! ! ! ! ! ! !"
                        text run at (0,128) width 28: "! ! ! "
                        text run at (27,128) width 212: "! ! ! ! ! ! ! ! ! ! ! ! ! ! ! ! ! ! ! ! ! ! !"
                        text run at (0,144) width 239: "! ! ! ! ! ! ! ! ! ! ! ! ! ! ! ! ! ! ! ! ! ! ! ! ! !"
                        text run at (0,160) width 239: "! ! ! ! ! ! ! ! ! ! ! ! ! ! ! ! ! ! ! ! ! ! ! ! ! !"
                        text run at (0,176) width 239: "! ! ! ! ! ! ! ! ! ! ! ! ! ! ! ! ! ! ! ! ! ! ! ! ! !"
                        text run at (0,192) width 239: "! ! ! ! ! ! ! ! ! ! ! ! ! ! ! ! ! ! ! ! ! ! ! ! ! !"
                        text run at (0,208) width 239: "! ! ! ! ! ! ! ! ! ! ! ! ! ! ! ! ! ! ! ! ! ! ! ! ! !"
                        text run at (0,224) width 239: "! ! ! ! ! ! ! ! ! ! ! ! ! ! ! ! ! ! ! ! ! ! ! ! ! !"
                        text run at (0,240) width 239: "! ! ! ! ! ! ! ! ! ! ! ! ! ! ! ! ! ! ! ! ! ! ! ! ! !"
                        text run at (0,256) width 43: "! ! ! ! !"
            RenderTableCell {TD} at (784,0) size 0x0 [r=0 c=3 rs=1 cs=1]
          RenderTableRow {TR} at (0,288) size 784x288
            RenderTableCell {TD} at (0,288) size 238x288 [r=1 c=0 rs=1 cs=1]
              RenderTable {TABLE} at (0,0) size 238x288
                RenderTableSection {THEAD} at (0,0) size 238x16
                  RenderTableRow {TR} at (0,0) size 238x16
                    RenderTableCell {TH} at (0,0) size 238x16 [r=0 c=0 rs=1 cs=1]
                      RenderText {#text} at (81,0) size 76x16
                        text run at (81,0) width 76: "Header 1/2"
                RenderTableSection {TBODY} at (0,16) size 238x272
                  RenderTableRow {TR} at (0,0) size 238x272
                    RenderTableCell {TD} at (0,0) size 238x272 [r=0 c=0 rs=1 cs=1]
                      RenderText {#text} at (0,0) size 238x272
                        text run at (0,0) width 238: "1 2 3 - - - - - - - - - - - - - - - - - - - - - -"
                        text run at (0,16) width 230: "- - - - - - - - - - - - - - - - - - - - - - - - -"
                        text run at (0,32) width 230: "- - - - - - - - - - - - - - - - - - - - - - - - -"
                        text run at (0,48) width 230: "- - - - - - - - - - - - - - - - - - - - - - - - -"
                        text run at (0,64) width 230: "- - - - - - - - - - - - - - - - - - - - - - - - -"
                        text run at (0,80) width 230: "- - - - - - - - - - - - - - - - - - - - - - - - -"
                        text run at (0,96) width 230: "- - - - - - - - - - - - - - - - - - - - - - - - -"
                        text run at (0,112) width 230: "- - - - - - - - - - - - - - - - - - - - - - - - -"
                        text run at (0,128) width 94: "- - - - - - - - - - "
                        text run at (93,128) width 137: "- - - - - - - - - - - - - - -"
                        text run at (0,144) width 230: "- - - - - - - - - - - - - - - - - - - - - - - - -"
                        text run at (0,160) width 230: "- - - - - - - - - - - - - - - - - - - - - - - - -"
                        text run at (0,176) width 230: "- - - - - - - - - - - - - - - - - - - - - - - - -"
                        text run at (0,192) width 230: "- - - - - - - - - - - - - - - - - - - - - - - - -"
                        text run at (0,208) width 230: "- - - - - - - - - - - - - - - - - - - - - - - - -"
                        text run at (0,224) width 230: "- - - - - - - - - - - - - - - - - - - - - - - - -"
                        text run at (0,240) width 230: "- - - - - - - - - - - - - - - - - - - - - - - - -"
                        text run at (0,256) width 183: "- - - - - - - - - - - - - - - - - - - -"
            RenderTableCell {TD} at (238,288) size 306x288 [r=1 c=1 rs=1 cs=1]
              RenderTable {TABLE} at (0,0) size 306x288
                RenderTableSection {THEAD} at (0,0) size 306x16
                  RenderTableRow {TR} at (0,0) size 306x16
                    RenderTableCell {TH} at (0,0) size 306x16 [r=0 c=0 rs=1 cs=1]
                      RenderText {#text} at (115,0) size 76x16
                        text run at (115,0) width 76: "Header 2/2"
                RenderTableSection {TBODY} at (0,16) size 306x272
                  RenderTableRow {TR} at (0,0) size 306x272
                    RenderTableCell {TD} at (0,0) size 306x272 [r=0 c=0 rs=1 cs=1]
                      RenderText {#text} at (0,0) size 296x272
                        text run at (0,0) width 296: "1 2 3 # # # # # # # # # # # # # # # # # # # # # #"
                        text run at (0,16) width 296: "# # # # # # # # # # # # # # # # # # # # # # # # #"
                        text run at (0,32) width 296: "# # # # # # # # # # # # # # # # # # # # # # # # #"
                        text run at (0,48) width 296: "# # # # # # # # # # # # # # # # # # # # # # # # #"
                        text run at (0,64) width 296: "# # # # # # # # # # # # # # # # # # # # # # # # #"
                        text run at (0,80) width 296: "# # # # # # # # # # # # # # # # # # # # # # # # #"
                        text run at (0,96) width 296: "# # # # # # # # # # # # # # # # # # # # # # # # #"
                        text run at (0,112) width 296: "# # # # # # # # # # # # # # # # # # # # # # # # #"
                        text run at (0,128) width 120: "# # # # # # # # # # "
                        text run at (120,128) width 176: "# # # # # # # # # # # # # # #"
                        text run at (0,144) width 296: "# # # # # # # # # # # # # # # # # # # # # # # # #"
                        text run at (0,160) width 296: "# # # # # # # # # # # # # # # # # # # # # # # # #"
                        text run at (0,176) width 296: "# # # # # # # # # # # # # # # # # # # # # # # # #"
                        text run at (0,192) width 296: "# # # # # # # # # # # # # # # # # # # # # # # # #"
                        text run at (0,208) width 296: "# # # # # # # # # # # # # # # # # # # # # # # # #"
                        text run at (0,224) width 296: "# # # # # # # # # # # # # # # # # # # # # # # # #"
                        text run at (0,240) width 296: "# # # # # # # # # # # # # # # # # # # # # # # # #"
                        text run at (0,256) width 236: "# # # # # # # # # # # # # # # # # # # #"
            RenderTableCell {TD} at (544,288) size 240x288 [r=1 c=2 rs=1 cs=1]
              RenderTable {TABLE} at (0,0) size 240x288
                RenderTableSection {THEAD} at (0,0) size 240x16
                  RenderTableRow {TR} at (0,0) size 240x16
                    RenderTableCell {TH} at (0,0) size 240x16 [r=0 c=0 rs=1 cs=1]
                      RenderText {#text} at (82,0) size 76x16
                        text run at (82,0) width 76: "Header 3/2"
                RenderTableSection {TBODY} at (0,16) size 240x272
                  RenderTableRow {TR} at (0,0) size 240x272
                    RenderTableCell {TD} at (0,0) size 240x272 [r=0 c=0 rs=1 cs=1]
                      RenderText {#text} at (0,0) size 239x272
                        text run at (0,0) width 238: "1 2 3 ! ! ! ! ! ! ! ! ! ! ! ! ! ! ! ! ! ! ! ! ! !"
                        text run at (0,16) width 239: "! ! ! ! ! ! ! ! ! ! ! ! ! ! ! ! ! ! ! ! ! ! ! ! ! !"
                        text run at (0,32) width 239: "! ! ! ! ! ! ! ! ! ! ! ! ! ! ! ! ! ! ! ! ! ! ! ! ! !"
                        text run at (0,48) width 239: "! ! ! ! ! ! ! ! ! ! ! ! ! ! ! ! ! ! ! ! ! ! ! ! ! !"
                        text run at (0,64) width 239: "! ! ! ! ! ! ! ! ! ! ! ! ! ! ! ! ! ! ! ! ! ! ! ! ! !"
                        text run at (0,80) width 239: "! ! ! ! ! ! ! ! ! ! ! ! ! ! ! ! ! ! ! ! ! ! ! ! ! !"
                        text run at (0,96) width 239: "! ! ! ! ! ! ! ! ! ! ! ! ! ! ! ! ! ! ! ! ! ! ! ! ! !"
                        text run at (0,112) width 239: "! ! ! ! ! ! ! ! ! ! ! ! ! ! ! ! ! ! ! ! ! ! ! ! ! !"
                        text run at (0,128) width 28: "! ! ! "
                        text run at (27,128) width 212: "! ! ! ! ! ! ! ! ! ! ! ! ! ! ! ! ! ! ! ! ! ! !"
                        text run at (0,144) width 239: "! ! ! ! ! ! ! ! ! ! ! ! ! ! ! ! ! ! ! ! ! ! ! ! ! !"
                        text run at (0,160) width 239: "! ! ! ! ! ! ! ! ! ! ! ! ! ! ! ! ! ! ! ! ! ! ! ! ! !"
                        text run at (0,176) width 239: "! ! ! ! ! ! ! ! ! ! ! ! ! ! ! ! ! ! ! ! ! ! ! ! ! !"
                        text run at (0,192) width 239: "! ! ! ! ! ! ! ! ! ! ! ! ! ! ! ! ! ! ! ! ! ! ! ! ! !"
                        text run at (0,208) width 239: "! ! ! ! ! ! ! ! ! ! ! ! ! ! ! ! ! ! ! ! ! ! ! ! ! !"
                        text run at (0,224) width 239: "! ! ! ! ! ! ! ! ! ! ! ! ! ! ! ! ! ! ! ! ! ! ! ! ! !"
                        text run at (0,240) width 239: "! ! ! ! ! ! ! ! ! ! ! ! ! ! ! ! ! ! ! ! ! ! ! ! ! !"
                        text run at (0,256) width 43: "! ! ! ! !"
