layer at (0,0) size 785x643
  RenderView at (0,0) size 785x600
layer at (0,0) size 785x643
  RenderBlock {HTML} at (0,0) size 785x642.88
    RenderBody {BODY} at (8,21.44) size 769x613.44
      RenderBlock {H1} at (0,0) size 769x32
        RenderText {#text} at (0,0) size 432x32
          text run at (0,0) width 432: "caption element: align attribute"
      RenderTable {TABLE} at (0,53.44) size 78x144 [border: (1px outset #808080)]
        RenderBlock {CAPTION} at (0,0) size 78x96
          RenderText {#text} at (4,0) size 70x96
            text run at (4,0) width 70: "The table's"
            text run at (13,16) width 52: "caption,"
            text run at (14,32) width 50: "with no"
            text run at (21,48) width 36: "align."
            text run at (7,64) width 64: "Default is"
            text run at (20,80) width 38: "\"top\"."
        RenderTableSection {TBODY} at (1,97) size 76x46
          RenderTableRow {TR} at (0,2) size 76x20
            RenderTableCell {TD} at (2,2) size 35x20 [border: (1px inset #808080)] [r=0 c=0 rs=1 cs=1]
              RenderText {#text} at (2,2) size 31x16
                text run at (2,2) width 31: "Data"
            RenderTableCell {TD} at (39,2) size 35x20 [border: (1px inset #808080)] [r=0 c=1 rs=1 cs=1]
              RenderText {#text} at (2,2) size 31x16
                text run at (2,2) width 31: "Data"
          RenderTableRow {TR} at (0,24) size 76x20
            RenderTableCell {TD} at (2,24) size 35x20 [border: (1px inset #808080)] [r=1 c=0 rs=1 cs=1]
              RenderText {#text} at (2,2) size 31x16
                text run at (2,2) width 31: "Data"
            RenderTableCell {TD} at (39,24) size 35x20 [border: (1px inset #808080)] [r=1 c=1 rs=1 cs=1]
              RenderText {#text} at (2,2) size 31x16
                text run at (2,2) width 31: "Data"
      RenderTable {TABLE} at (0,197.44) size 78x112 [border: (1px outset #808080)]
        RenderBlock {CAPTION} at (0,0) size 78x64
          RenderText {#text} at (4,0) size 79x64
            text run at (4,0) width 70: "The table's"
            text run at (13,16) width 52: "caption,"
            text run at (24,32) width 30: "with"
            text run at (0,48) width 79: "align=\"top\"."
        RenderTableSection {TBODY} at (1,65) size 76x46
          RenderTableRow {TR} at (0,2) size 76x20
            RenderTableCell {TD} at (2,2) size 35x20 [border: (1px inset #808080)] [r=0 c=0 rs=1 cs=1]
              RenderText {#text} at (2,2) size 31x16
                text run at (2,2) width 31: "Data"
            RenderTableCell {TD} at (39,2) size 35x20 [border: (1px inset #808080)] [r=0 c=1 rs=1 cs=1]
              RenderText {#text} at (2,2) size 31x16
                text run at (2,2) width 31: "Data"
          RenderTableRow {TR} at (0,24) size 76x20
            RenderTableCell {TD} at (2,24) size 35x20 [border: (1px inset #808080)] [r=1 c=0 rs=1 cs=1]
              RenderText {#text} at (2,2) size 31x16
                text run at (2,2) width 31: "Data"
            RenderTableCell {TD} at (39,24) size 35x20 [border: (1px inset #808080)] [r=1 c=1 rs=1 cs=1]
              RenderText {#text} at (2,2) size 31x16
                text run at (2,2) width 31: "Data"
      RenderTable {TABLE} at (0,309.44) size 103x96 [border: (1px outset #808080)]
        RenderBlock {CAPTION} at (0,48) size 103x48
          RenderText {#text} at (16,0) size 104x48
            text run at (16,0) width 71: "The table's"
            text run at (9,16) width 85: "caption, with"
            text run at (0,32) width 104: "align=\"bottom\"."
        RenderTableSection {TBODY} at (1,1) size 101x46
          RenderTableRow {TR} at (0,2) size 101x20
            RenderTableCell {TD} at (2,2) size 47x20 [border: (1px inset #808080)] [r=0 c=0 rs=1 cs=1]
              RenderText {#text} at (2,2) size 31x16
                text run at (2,2) width 31: "Data"
            RenderTableCell {TD} at (51,2) size 48x20 [border: (1px inset #808080)] [r=0 c=1 rs=1 cs=1]
              RenderText {#text} at (2,2) size 31x16
                text run at (2,2) width 31: "Data"
          RenderTableRow {TR} at (0,24) size 101x20
            RenderTableCell {TD} at (2,24) size 47x20 [border: (1px inset #808080)] [r=1 c=0 rs=1 cs=1]
              RenderText {#text} at (2,2) size 31x16
                text run at (2,2) width 31: "Data"
            RenderTableCell {TD} at (51,24) size 48x20 [border: (1px inset #808080)] [r=1 c=1 rs=1 cs=1]
              RenderText {#text} at (2,2) size 31x16
                text run at (2,2) width 31: "Data"
      RenderTable {TABLE} at (0,405.44) size 79x112 [border: (1px outset #808080)]
        RenderBlock {CAPTION} at (0,0) size 79x64
          RenderText {#text} at (4,0) size 80x64
            text run at (4,0) width 71: "The table's"
            text run at (13,16) width 53: "caption,"
            text run at (25,32) width 29: "with"
            text run at (0,48) width 80: "align=\"left\"."
        RenderTableSection {TBODY} at (1,65) size 77x46
          RenderTableRow {TR} at (0,2) size 77x20
            RenderTableCell {TD} at (2,2) size 35x20 [border: (1px inset #808080)] [r=0 c=0 rs=1 cs=1]
              RenderText {#text} at (2,2) size 31x16
                text run at (2,2) width 31: "Data"
            RenderTableCell {TD} at (39,2) size 36x20 [border: (1px inset #808080)] [r=0 c=1 rs=1 cs=1]
              RenderText {#text} at (2,2) size 31x16
                text run at (2,2) width 31: "Data"
          RenderTableRow {TR} at (0,24) size 77x20
            RenderTableCell {TD} at (2,24) size 35x20 [border: (1px inset #808080)] [r=1 c=0 rs=1 cs=1]
              RenderText {#text} at (2,2) size 31x16
                text run at (2,2) width 31: "Data"
            RenderTableCell {TD} at (39,24) size 36x20 [border: (1px inset #808080)] [r=1 c=1 rs=1 cs=1]
              RenderText {#text} at (2,2) size 31x16
                text run at (2,2) width 31: "Data"
      RenderTable {TABLE} at (0,517.44) size 88x96 [border: (1px outset #808080)]
        RenderBlock {CAPTION} at (0,0) size 88x48
          RenderText {#text} at (9,0) size 89x48
            text run at (9,0) width 70: "The table's"
            text run at (2,16) width 84: "caption, with"
            text run at (0,32) width 89: "align=\"right\"."
        RenderTableSection {TBODY} at (1,49) size 86x46
          RenderTableRow {TR} at (0,2) size 86x20
            RenderTableCell {TD} at (2,2) size 40x20 [border: (1px inset #808080)] [r=0 c=0 rs=1 cs=1]
              RenderText {#text} at (2,2) size 31x16
                text run at (2,2) width 31: "Data"
            RenderTableCell {TD} at (44,2) size 40x20 [border: (1px inset #808080)] [r=0 c=1 rs=1 cs=1]
              RenderText {#text} at (2,2) size 31x16
                text run at (2,2) width 31: "Data"
          RenderTableRow {TR} at (0,24) size 86x20
            RenderTableCell {TD} at (2,24) size 40x20 [border: (1px inset #808080)] [r=1 c=0 rs=1 cs=1]
              RenderText {#text} at (2,2) size 31x16
                text run at (2,2) width 31: "Data"
            RenderTableCell {TD} at (44,24) size 40x20 [border: (1px inset #808080)] [r=1 c=1 rs=1 cs=1]
              RenderText {#text} at (2,2) size 31x16
                text run at (2,2) width 31: "Data"
