layer at (0,0) size 800x600
  RenderView at (0,0) size 800x600
layer at (0,0) size 800x600
  RenderBlock {HTML} at (0,0) size 800x600
    RenderBody {BODY} at (8,8) size 784x584 [bgcolor=#C0C0C0]
      RenderTable {TABLE} at (0,0) size 784x124 [border: (3px outset #808080)]
        RenderTableSection {TBODY} at (3,3) size 778x118
          RenderTableRow {TR} at (0,2) size 778x114
            RenderTableCell {TD} at (2,2) size 774x114 [border: (1px inset #808080)] [r=0 c=0 rs=1 cs=1]
              RenderTable {TABLE} at (2,2) size 385x110 [border: (3px outset #808080)]
                RenderTableSection {TBODY} at (3,3) size 379x104
                  RenderTableRow {TR} at (0,2) size 379x100
                    RenderTableCell {TD} at (2,2) size 375x100 [border: (1px inset #808080)] [r=0 c=0 rs=1 cs=1]
                      RenderText {#text} at (2,2) size 344x96
                        text run at (2,2) width 344: "blah blah blah blah blah blah blah blah blah blah blah"
                        text run at (2,18) width 64: "blah blah "
                        text run at (65,18) width 281: "blah blah blah blah blah blah blah blah blah"
                        text run at (2,34) width 127: "blah blah blah blah "
                        text run at (128,34) width 218: "blah blah blah blah blah blah blah"
                        text run at (2,50) width 190: "blah blah blah blah blah blah "
                        text run at (191,50) width 155: "blah blah blah blah blah"
                        text run at (2,66) width 253: "blah blah blah blah blah blah blah blah "
                        text run at (254,66) width 92: "blah blah blah"
                        text run at (2,82) width 312: "blah blah blah blah blah blah blah blah blah blah"
      RenderBlock (anonymous) at (0,124) size 784x16
        RenderBR {BR} at (0,0) size 0x16
      RenderTable {TABLE} at (0,140) size 784x124 [border: (3px outset #808080)]
        RenderTableSection {TBODY} at (3,3) size 778x118
          RenderTableRow {TR} at (0,2) size 778x114
            RenderTableCell {TD} at (2,2) size 774x114 [border: (1px inset #808080)] [r=0 c=0 rs=1 cs=1]
              RenderText {#text} at (387,2) size 60x16
                text run at (387,2) width 60: "blah blah"
              RenderTable {TABLE} at (2,2) size 385x110 [border: (3px outset #808080)]
                RenderTableSection {TBODY} at (3,3) size 379x104
                  RenderTableRow {TR} at (0,2) size 379x100
                    RenderTableCell {TD} at (2,2) size 375x100 [border: (1px inset #808080)] [r=0 c=0 rs=1 cs=1]
                      RenderText {#text} at (2,2) size 344x96
                        text run at (2,2) width 344: "blah blah blah blah blah blah blah blah blah blah blah"
                        text run at (2,18) width 64: "blah blah "
                        text run at (65,18) width 281: "blah blah blah blah blah blah blah blah blah"
                        text run at (2,34) width 127: "blah blah blah blah "
                        text run at (128,34) width 218: "blah blah blah blah blah blah blah"
                        text run at (2,50) width 190: "blah blah blah blah blah blah "
                        text run at (191,50) width 155: "blah blah blah blah blah"
                        text run at (2,66) width 253: "blah blah blah blah blah blah blah blah "
                        text run at (254,66) width 92: "blah blah blah"
                        text run at (2,82) width 312: "blah blah blah blah blah blah blah blah blah blah"
              RenderText {#text} at (0,0) size 0x0
      RenderBlock (anonymous) at (0,264) size 784x16
        RenderBR {BR} at (0,0) size 0x16
      RenderTable {TABLE} at (0,280) size 784x156 [border: (3px outset #808080)]
        RenderTableSection {TBODY} at (3,3) size 778x150
          RenderTableRow {TR} at (0,2) size 778x146
            RenderTableCell {TD} at (2,2) size 774x146 [border: (1px inset #808080)] [r=0 c=0 rs=1 cs=1]
              RenderBlock (anonymous) at (2,2) size 770x16
                RenderText {#text} at (0,0) size 60x16
                  text run at (0,0) width 60: "blah blah"
              RenderBlock {P} at (2,34) size 770x0
                RenderTable {TABLE} at (0,0) size 385x110 [border: (3px outset #808080)]
                  RenderTableSection {TBODY} at (3,3) size 379x104
                    RenderTableRow {TR} at (0,2) size 379x100
                      RenderTableCell {TD} at (2,2) size 375x100 [border: (1px inset #808080)] [r=0 c=0 rs=1 cs=1]
                        RenderText {#text} at (2,2) size 344x96
                          text run at (2,2) width 344: "blah blah blah blah blah blah blah blah blah blah blah"
                          text run at (2,18) width 64: "blah blah "
                          text run at (65,18) width 281: "blah blah blah blah blah blah blah blah blah"
                          text run at (2,34) width 127: "blah blah blah blah "
                          text run at (128,34) width 218: "blah blah blah blah blah blah blah"
                          text run at (2,50) width 190: "blah blah blah blah blah blah "
                          text run at (191,50) width 155: "blah blah blah blah blah"
                          text run at (2,66) width 253: "blah blah blah blah blah blah blah blah "
                          text run at (254,66) width 92: "blah blah blah"
                          text run at (2,82) width 312: "blah blah blah blah blah blah blah blah blah blah"
