layer at (0,0) size 800x600
  RenderView at (0,0) size 800x600
layer at (0,0) size 800x600
  RenderBlock {HTML} at (0,0) size 800x600
    RenderBody {BODY} at (8,8) size 784x584
      RenderBlock {H2} at (0,0) size 784x24
        RenderText {#text} at (0,0) size 599x24
          text run at (0,0) width 599: "HTML 4.0 Table Column Proportional Width Constraints"
      RenderBlock {P} at (0,43.91) size 784x16
        RenderText {#text} at (0,0) size 682x16
          text run at (0,0) width 682: "The table below is 350 pixels wide. The columns are assigned proportional widths using COLs as follows:"
      RenderBlock (anonymous) at (0,75.91) size 784x52
        RenderInline {TT} at (0,0) size 110x52
          RenderText {#text} at (0,0) size 110x13
            text run at (0,0) width 110: "<col width=50>"
          RenderBR {BR} at (109,10) size 1x0
          RenderText {#text} at (0,13) size 110x13
            text run at (0,13) width 110: "<col width=2*>"
          RenderBR {BR} at (109,23) size 1x0
          RenderText {#text} at (0,26) size 110x13
            text run at (0,26) width 110: "<col width=1*>"
          RenderBR {BR} at (109,36) size 1x0
          RenderText {#text} at (0,39) size 110x13
            text run at (0,39) width 110: "<col width=3*>"
        RenderText {#text} at (0,0) size 0x0
      RenderBlock {P} at (0,143.91) size 784x64
        RenderText {#text} at (0,0) size 782x64
          text run at (0,0) width 778: "This means the first column should be 50 pixels wide. The remaining width should be divided among the three remaining"
          text run at (0,16) width 782: "columns according to the proportional width statements into six (2+1+3) parts. Since the Table is 350 pixels wide, and the"
          text run at (0,32) width 760: "remaining width is 300 pixels (350-50), the remaining columns should be 100 (2*50), 50 (1*50) and 150 (3*50) pixels"
          text run at (0,48) width 40: "wide, "
          text run at (39,48) width 82: "respectively."
      RenderTable {TABLE} at (0,223.91) size 350x48 [border: (1px outset #808080)]
        RenderTableCol {COLGROUP} at (0,0) size 0x0
          RenderTableCol {COL} at (0,0) size 0x0
          RenderTableCol {COL} at (0,0) size 0x0
          RenderTableCol {COL} at (0,0) size 0x0
          RenderTableCol {COL} at (0,0) size 0x0
        RenderTableSection {TBODY} at (1,1) size 348x46
          RenderTableRow {TR} at (0,2) size 348x20
            RenderTableCell {TH} at (2,2) size 50x20 [border: (1px inset #808080)] [r=0 c=0 rs=1 cs=1]
              RenderText {#text} at (10,2) size 30x16
                text run at (10,2) width 30: "One"
            RenderTableCell {TH} at (54,2) size 95x20 [border: (1px inset #808080)] [r=0 c=1 rs=1 cs=1]
              RenderText {#text} at (32,2) size 31x16
                text run at (32,2) width 31: "Two"
            RenderTableCell {TH} at (151,2) size 97x20 [border: (1px inset #808080)] [r=0 c=2 rs=1 cs=1]
              RenderText {#text} at (28,2) size 41x16
                text run at (28,2) width 41: "Three"
            RenderTableCell {TH} at (250,2) size 96x20 [border: (1px inset #808080)] [r=0 c=3 rs=1 cs=1]
              RenderText {#text} at (31,2) size 34x16
                text run at (31,2) width 34: "Four"
          RenderTableRow {TR} at (0,24) size 348x20
            RenderTableCell {TD} at (2,24) size 50x20 [border: (1px inset #808080)] [r=1 c=0 rs=1 cs=1]
              RenderText {#text} at (2,2) size 26x16
                text run at (2,2) width 26: "Red"
            RenderTableCell {TD} at (54,24) size 95x20 [border: (1px inset #808080)] [r=1 c=1 rs=1 cs=1]
              RenderText {#text} at (2,2) size 40x16
                text run at (2,2) width 40: "Green"
            RenderTableCell {TD} at (151,24) size 97x20 [border: (1px inset #808080)] [r=1 c=2 rs=1 cs=1]
              RenderText {#text} at (2,2) size 31x16
                text run at (2,2) width 31: "Blue"
            RenderTableCell {TD} at (250,24) size 96x20 [border: (1px inset #808080)] [r=1 c=3 rs=1 cs=1]
              RenderText {#text} at (2,2) size 40x16
                text run at (2,2) width 40: "Green"
