layer at (0,0) size 800x600
  RenderView at (0,0) size 800x600
layer at (0,0) size 800x600
  RenderBlock {HTML} at (0,0) size 800x600
    RenderBody {BODY} at (8,8) size 784x584 [bgcolor=#C0C0C0]
      RenderTable {TABLE} at (0,0) size 122x70 [border: (10px outset #808080)]
        RenderTableSection {TBODY} at (10,10) size 102x50
          RenderTableRow {TR} at (0,10) size 102x20
            RenderTableCell {TD} at (10,15) size 36x20 [border: (1px inset #808080)] [r=0 c=0 rs=2 cs=1]
              RenderText {#text} at (2,2) size 32x16
                text run at (2,2) width 32: "cell1"
            RenderTableCell {TD} at (56,10) size 36x20 [border: (1px inset #808080)] [r=0 c=1 rs=1 cs=1]
              RenderText {#text} at (2,2) size 32x16
                text run at (2,2) width 32: "cell2"
          RenderTableRow {TR} at (0,40) size 102x0
      RenderBlock {P} at (0,86) size 784x16
        RenderText {#text} at (0,0) size 302x16
          text run at (0,0) width 302: "See the behaviour when there is one more row:"
      RenderTable {TABLE} at (0,118) size 122x100 [border: (10px outset #808080)]
        RenderTableSection {TBODY} at (10,10) size 102x80
          RenderTableRow {TR} at (0,10) size 102x20
            RenderTableCell {TD} at (10,15) size 36x20 [border: (1px inset #808080)] [r=0 c=0 rs=2 cs=1]
              RenderText {#text} at (2,2) size 32x16
                text run at (2,2) width 32: "cell1"
            RenderTableCell {TD} at (56,10) size 36x20 [border: (1px inset #808080)] [r=0 c=1 rs=1 cs=1]
              RenderText {#text} at (2,2) size 32x16
                text run at (2,2) width 32: "cell2"
          RenderTableRow {TR} at (0,40) size 102x0
          RenderTableRow {TR} at (0,50) size 102x20
            RenderTableCell {TD} at (10,50) size 36x20 [border: (1px inset #808080)] [r=2 c=0 rs=1 cs=1]
              RenderText {#text} at (2,2) size 32x16
                text run at (2,2) width 32: "cell3"
            RenderTableCell {TD} at (56,50) size 36x20 [border: (1px inset #808080)] [r=2 c=1 rs=1 cs=1]
              RenderText {#text} at (2,2) size 32x16
                text run at (2,2) width 32: "cell4"
      RenderBlock {P} at (0,234) size 784x16
        RenderText {#text} at (0,0) size 356x16
          text run at (0,0) width 356: "Now move the rowspan to cell2 to have even more fun:"
      RenderTable {TABLE} at (0,266) size 122x100 [border: (10px outset #808080)]
        RenderTableSection {TBODY} at (10,10) size 102x80
          RenderTableRow {TR} at (0,10) size 102x20
            RenderTableCell {TD} at (10,10) size 36x20 [border: (1px inset #808080)] [r=0 c=0 rs=1 cs=1]
              RenderText {#text} at (2,2) size 32x16
                text run at (2,2) width 32: "cell1"
            RenderTableCell {TD} at (56,15) size 36x20 [border: (1px inset #808080)] [r=0 c=1 rs=2 cs=1]
              RenderText {#text} at (2,2) size 32x16
                text run at (2,2) width 32: "cell2"
          RenderTableRow {TR} at (0,40) size 102x0
          RenderTableRow {TR} at (0,50) size 102x20
            RenderTableCell {TD} at (10,50) size 36x20 [border: (1px inset #808080)] [r=2 c=0 rs=1 cs=1]
              RenderText {#text} at (2,2) size 32x16
                text run at (2,2) width 32: "cell3"
            RenderTableCell {TD} at (56,50) size 36x20 [border: (1px inset #808080)] [r=2 c=1 rs=1 cs=1]
              RenderText {#text} at (2,2) size 32x16
                text run at (2,2) width 32: "cell4"
