layer at (0,0) size 785x830
  RenderView at (0,0) size 785x600
layer at (0,0) size 785x830
  RenderBlock {HTML} at (0,0) size 785x830.38
    RenderBody {BODY} at (8,8) size 769x806.38 [bgcolor=#FFFFFF]
      RenderBlock {H1} at (0,0) size 769x32
        RenderText {#text} at (0,0) size 360x32
          text run at (0,0) width 360: "Tests de conformit\x{E9} CSS 2"
      RenderBlock {H3} at (0,53.44) size 769x19
        RenderText {#text} at (0,0) size 150x19
          text run at (0,0) width 150: "Tableaux, test 13.8"
      RenderBlock {H6} at (0,97.41) size 769x11
        RenderText {#text} at (0,0) size 114x11
          text run at (0,0) width 114: "\x{A9} \x{C9}ditions Eyrolles 1998"
      RenderTable {TABLE} at (193,133.38) size 576x44
        RenderTableSection {TBODY} at (0,0) size 576x44
          RenderTableRow {TR} at (0,2) size 576x20
            RenderTableCell {TD} at (2,2) size 572x20 [r=0 c=0 rs=1 cs=3]
              RenderBlock {HR} at (1,9) size 572x2 [bgcolor=#808080] [border: (1px solid #808080)]
          RenderTableRow {TR} at (0,24) size 576x18
            RenderTableCell {TD} at (2,24) size 142x18 [r=1 c=0 rs=1 cs=1]
              RenderInline {A} at (0,0) size 89x16 [color=#0000EE]
                RenderText {#text} at (1,1) size 89x16
                  text run at (1,1) width 89: "test pr\x{E9}c\x{E9}dent"
            RenderTableCell {TD} at (146,24) size 284x18 [r=1 c=1 rs=1 cs=1]
              RenderInline {B} at (0,0) size 132x16
                RenderText {#text} at (76,1) size 132x16
                  text run at (76,1) width 132: "Cadres de tableaux"
            RenderTableCell {TD} at (432,24) size 142x18 [r=1 c=2 rs=1 cs=1]
              RenderInline {A} at (0,0) size 73x16 [color=#0000EE]
                RenderText {#text} at (68,1) size 73x16
                  text run at (68,1) width 73: "test suivant"
      RenderBlock {P} at (0,133.38) size 769x16
        RenderText {#text} at (0,0) size 4x16
          text run at (0,0) width 4: " "
      RenderBlock {P} at (0,165.38) size 769x16
        RenderText {#text} at (0,0) size 4x16
          text run at (0,0) width 4: " "
      RenderBlock {P} at (0,197.38) size 769x16
        RenderText {#text} at (0,0) size 385x16
          text run at (0,0) width 385: "Ce test v\x{E9}rifie que les cadres s'appliquent bien aux tableaux."
      RenderBlock {PRE} at (0,229.38) size 769x156
        RenderText {#text} at (0,0) size 562x156
          text run at (0,0) width 461: ".firsttable { border-width : 10pt ; border-color : yellow ;"
          text run at (460,0) width 1: " "
          text run at (0,13) width 305: "                border-style : double }"
          text run at (304,13) width 1: " "
          text run at (0,26) width 406: ".t1 { border-color : black ; border-style : double ;"
          text run at (405,26) width 1: " "
          text run at (0,39) width 281: "                border-width : 5pt }"
          text run at (280,39) width 1: " "
          text run at (0,52) width 383: ".t2 { border-color : red ; border-style : solid ;"
          text run at (382,52) width 1: " "
          text run at (0,65) width 289: "                border-width : 5pt  }"
          text run at (288,65) width 1: " "
          text run at (0,78) width 398: ".t3 { border-color : lime ; border-style : groove ;"
          text run at (397,78) width 1: " "
          text run at (0,91) width 289: "                border-width : 5pt  }"
          text run at (288,91) width 1: " "
          text run at (0,104) width 562: ".t4 { border-color : blue ; border-style : inset ; border-width : 5pt  }"
          text run at (561,104) width 1: " "
          text run at (0,117) width 469: ".secondtable { border-width : 10pt ; border-color : yellow ;"
          text run at (468,117) width 1: " "
          text run at (0,130) width 305: "                border-style : double ;"
          text run at (304,130) width 1: " "
          text run at (0,143) width 344: "                border-collapse : collapse }"
      RenderTable {TABLE} at (96.50,398.38) size 576x124 [border: (13px double #FFFF00)]
        RenderTableSection {TBODY} at (13,13) size 550x98
          RenderTableRow {TR} at (0,2) size 550x30
            RenderTableCell {TD} at (2,2) size 180x30 [border: (6px double #000000)] [r=0 c=0 rs=1 cs=1]
              RenderText {#text} at (7,7) size 8x16
                text run at (7,7) width 8: "1"
            RenderTableCell {TD} at (184,2) size 181x30 [border: (6px solid #FF0000)] [r=0 c=1 rs=1 cs=1]
              RenderText {#text} at (7,7) size 8x16
                text run at (7,7) width 8: "2"
            RenderTableCell {TD} at (367,2) size 181x30 [border: (6px groove #00FF00)] [r=0 c=2 rs=1 cs=1]
              RenderText {#text} at (7,7) size 8x16
                text run at (7,7) width 8: "3"
          RenderTableRow {TR} at (0,34) size 550x30
            RenderTableCell {TD} at (2,34) size 180x30 [border: (6px inset #0000FF)] [r=1 c=0 rs=1 cs=1]
              RenderText {#text} at (7,7) size 8x16
                text run at (7,7) width 8: "4"
            RenderTableCell {TD} at (184,34) size 181x30 [border: (6px double #000000)] [r=1 c=1 rs=1 cs=1]
              RenderText {#text} at (7,7) size 8x16
                text run at (7,7) width 8: "5"
            RenderTableCell {TD} at (367,34) size 181x30 [border: (6px solid #FF0000)] [r=1 c=2 rs=1 cs=1]
              RenderText {#text} at (7,7) size 8x16
                text run at (7,7) width 8: "6"
          RenderTableRow {TR} at (0,66) size 550x30
            RenderTableCell {TD} at (2,66) size 180x30 [border: (6px groove #00FF00)] [r=2 c=0 rs=1 cs=1]
              RenderText {#text} at (7,7) size 8x16
                text run at (7,7) width 8: "7"
            RenderTableCell {TD} at (184,66) size 181x30 [border: (6px inset #0000FF)] [r=2 c=1 rs=1 cs=1]
              RenderText {#text} at (7,7) size 8x16
                text run at (7,7) width 8: "8"
            RenderTableCell {TD} at (367,66) size 181x30 [border: (6px double #000000)] [r=2 c=2 rs=1 cs=1]
              RenderText {#text} at (7,7) size 8x16
                text run at (7,7) width 8: "9"
      RenderBlock (anonymous) at (0,522.38) size 769x16
        RenderBR {BR} at (0,0) size 0x16
      RenderTable {TABLE} at (96.50,538.38) size 576x92 [border: (6px double #FFFF00)]
        RenderTableSection {TBODY} at (6,6) size 563x79
          RenderTableRow {TR} at (0,0) size 563x28
            RenderTableCell {TD} at (0,0) size 204x28 [border: (7px double #000000)] [r=0 c=0 rs=1 cs=1]
              RenderText {#text} at (8,8) size 8x16
                text run at (8,8) width 8: "1"
            RenderTableCell {TD} at (204,0) size 164x28 [border: (7px solid #FF0000)] [r=0 c=1 rs=1 cs=1]
              RenderText {#text} at (4,8) size 8x16
                text run at (4,8) width 8: "2"
            RenderTableCell {TD} at (368,0) size 195x28 [border: (7px groove #00FF00)] [r=0 c=2 rs=1 cs=1]
              RenderText {#text} at (4,8) size 8x16
                text run at (4,8) width 8: "3"
          RenderTableRow {TR} at (0,28) size 563x24
            RenderTableCell {TD} at (0,28) size 204x24 [border: (3px inset #0000FF)] [r=1 c=0 rs=1 cs=1]
              RenderText {#text} at (8,4) size 8x16
                text run at (8,4) width 8: "4"
            RenderTableCell {TD} at (204,28) size 164x24 [border: (3px double #000000)] [r=1 c=1 rs=1 cs=1]
              RenderText {#text} at (4,4) size 8x16
                text run at (4,4) width 8: "5"
            RenderTableCell {TD} at (368,28) size 195x24 [border: (3px solid #FF0000)] [r=1 c=2 rs=1 cs=1]
              RenderText {#text} at (4,4) size 8x16
                text run at (4,4) width 8: "6"
          RenderTableRow {TR} at (0,52) size 563x27
            RenderTableCell {TD} at (0,52) size 204x27 [border: (3px groove #00FF00)] [r=2 c=0 rs=1 cs=1]
              RenderText {#text} at (8,4) size 8x16
                text run at (8,4) width 8: "7"
            RenderTableCell {TD} at (204,52) size 164x27 [border: (3px inset #0000FF)] [r=2 c=1 rs=1 cs=1]
              RenderText {#text} at (4,4) size 8x16
                text run at (4,4) width 8: "8"
            RenderTableCell {TD} at (368,52) size 195x27 [border: (3px double #000000)] [r=2 c=2 rs=1 cs=1]
              RenderText {#text} at (4,4) size 8x16
                text run at (4,4) width 8: "9"
      RenderBlock {P} at (0,646.38) size 769x32
        RenderText {#text} at (0,0) size 757x32
          text run at (0,0) width 311: "Si toutes les conditions exprim\x{E9}es par les r\x{E8}gles "
          text run at (310,0) width 447: "CSS ci-dessus se retrouvent dans le formatage des tableaux ci-dessus,"
          text run at (0,16) width 60: "la valeur "
          text run at (59,16) width 165: "de ce test est 2 et 0 sinon."
      RenderTable {TABLE} at (193,694.38) size 576x44
        RenderTableSection {TBODY} at (0,0) size 576x44
          RenderTableRow {TR} at (0,2) size 576x20
            RenderTableCell {TD} at (2,2) size 572x20 [r=0 c=0 rs=1 cs=3]
              RenderBlock {HR} at (1,9) size 572x2 [bgcolor=#808080] [border: (1px solid #808080)]
          RenderTableRow {TR} at (0,24) size 576x18
            RenderTableCell {TD} at (2,24) size 142x18 [r=1 c=0 rs=1 cs=1]
              RenderText {#text} at (1,1) size 89x16
                text run at (1,1) width 89: "test pr\x{E9}c\x{E9}dent"
            RenderTableCell {TD} at (146,24) size 284x18 [r=1 c=1 rs=1 cs=1]
              RenderInline {B} at (0,0) size 132x16
                RenderText {#text} at (76,1) size 132x16
                  text run at (76,1) width 132: "Cadres de tableaux"
            RenderTableCell {TD} at (432,24) size 142x18 [r=1 c=2 rs=1 cs=1]
              RenderInline {A} at (0,0) size 73x16 [color=#0000EE]
                RenderText {#text} at (68,1) size 73x16
                  text run at (68,1) width 73: "test suivant"
      RenderBlock {P} at (0,694.38) size 769x16
        RenderText {#text} at (0,0) size 4x16
          text run at (0,0) width 4: " "
      RenderBlock {P} at (0,726.38) size 769x16
        RenderText {#text} at (0,0) size 4x16
          text run at (0,0) width 4: " "
      RenderBlock {P} at (0,758.38) size 769x16
        RenderText {#text} at (0,0) size 4x16
          text run at (0,0) width 4: " "
      RenderBlock {P} at (0,790.38) size 769x16
        RenderText {#text} at (0,0) size 166x16
          text run at (0,0) width 166: "Auteur : Daniel Glazman."
