layer at (0,0) size 785x794
  RenderView at (0,0) size 785x600
layer at (0,0) size 785x794
  RenderBlock {HTML} at (0,0) size 785x793.75
    RenderBody {BODY} at (8,8) size 769x777.75
      RenderBlock {HR} at (0,0) size 769x2 [border: (1px inset #EEEEEE)]
      RenderBlock {H3} at (0,20.72) size 769x19
        RenderText {#text} at (0,0) size 60x19
          text run at (0,0) width 60: "Table 1"
      RenderBlock {PRE} at (0,58.44) size 769x52
        RenderText {#text} at (0,0) size 219x52
          text run at (0,0) width 219: "<TABLE width=\"500\" border=1>"
          text run at (218,0) width 1: " "
          text run at (0,13) width 79: "<COLGROUP>"
          text run at (78,13) width 1: " "
          text run at (0,26) width 79: "<COLGROUP>"
          text run at (78,26) width 1: " "
          text run at (0,39) width 164: "<COLGROUP width=\"0*\">"
          text run at (163,39) width 1: " "
      RenderTable {TABLE} at (0,123.44) size 500x70 [border: (1px outset #808080)]
        RenderTableCol {COLGROUP} at (0,0) size 0x0
        RenderTableCol {COLGROUP} at (0,0) size 0x0
        RenderTableCol {COLGROUP} at (0,0) size 0x0
        RenderTableSection {TBODY} at (1,1) size 498x68
          RenderTableRow {TR} at (0,2) size 498x20
            RenderTableCell {TD} at (2,2) size 164x20 [border: (1px inset #808080)] [r=0 c=0 rs=1 cs=1]
              RenderText {#text} at (2,2) size 43x16
                text run at (2,2) width 43: "Cell A"
            RenderTableCell {TD} at (168,2) size 164x20 [border: (1px inset #808080)] [r=0 c=1 rs=1 cs=1]
              RenderText {#text} at (2,2) size 42x16
                text run at (2,2) width 42: "Cell B"
            RenderTableCell {TD} at (334,2) size 162x20 [border: (1px inset #808080)] [r=0 c=2 rs=1 cs=1]
              RenderText {#text} at (2,2) size 42x16
                text run at (2,2) width 42: "Cell C"
          RenderTableRow {TR} at (0,24) size 498x20
            RenderTableCell {TD} at (2,24) size 164x20 [border: (1px inset #808080)] [r=1 c=0 rs=1 cs=1]
              RenderText {#text} at (2,2) size 43x16
                text run at (2,2) width 43: "Cell D"
            RenderTableCell {TD} at (168,24) size 164x20 [border: (1px inset #808080)] [r=1 c=1 rs=1 cs=1]
              RenderText {#text} at (2,2) size 41x16
                text run at (2,2) width 41: "Cell E"
            RenderTableCell {TD} at (334,24) size 162x20 [border: (1px inset #808080)] [r=1 c=2 rs=1 cs=1]
              RenderText {#text} at (2,2) size 40x16
                text run at (2,2) width 40: "Cell F"
          RenderTableRow {TR} at (0,46) size 498x20
            RenderTableCell {TD} at (2,46) size 164x20 [border: (1px inset #808080)] [r=2 c=0 rs=1 cs=1]
              RenderText {#text} at (2,2) size 43x16
                text run at (2,2) width 43: "Cell G"
            RenderTableCell {TD} at (168,46) size 164x20 [border: (1px inset #808080)] [r=2 c=1 rs=1 cs=1]
              RenderText {#text} at (2,2) size 43x16
                text run at (2,2) width 43: "Cell H"
            RenderTableCell {TD} at (334,46) size 162x20 [border: (1px inset #808080)] [r=2 c=2 rs=1 cs=1]
              RenderText {#text} at (2,2) size 36x16
                text run at (2,2) width 36: "Cell I"
      RenderBlock {HR} at (0,201.44) size 769x2 [border: (1px inset #EEEEEE)]
      RenderBlock {H3} at (0,222.16) size 769x19
        RenderText {#text} at (0,0) size 74x19
          text run at (0,0) width 74: "Table 2.1"
      RenderBlock {PRE} at (0,259.88) size 769x52
        RenderText {#text} at (0,0) size 219x52
          text run at (0,0) width 219: "<TABLE width=\"500\" border=1>"
          text run at (218,0) width 1: " "
          text run at (0,13) width 164: "<COLGROUP width=\"1*\">"
          text run at (163,13) width 1: " "
          text run at (0,26) width 164: "<COLGROUP width=\"1*\">"
          text run at (163,26) width 1: " "
          text run at (0,39) width 164: "<COLGROUP width=\"0*\">"
          text run at (163,39) width 1: " "
      RenderTable {TABLE} at (0,324.88) size 500x70 [border: (1px outset #808080)]
        RenderTableCol {COLGROUP} at (0,0) size 0x0
        RenderTableCol {COLGROUP} at (0,0) size 0x0
        RenderTableCol {COLGROUP} at (0,0) size 0x0
        RenderTableSection {TBODY} at (1,1) size 498x68
          RenderTableRow {TR} at (0,2) size 498x20
            RenderTableCell {TD} at (2,2) size 155x20 [border: (1px inset #808080)] [r=0 c=0 rs=1 cs=1]
              RenderText {#text} at (2,2) size 43x16
                text run at (2,2) width 43: "Cell A"
            RenderTableCell {TD} at (159,2) size 182x20 [border: (1px inset #808080)] [r=0 c=1 rs=1 cs=1]
              RenderText {#text} at (2,2) size 50x16
                text run at (2,2) width 50: "Cell_ B"
            RenderTableCell {TD} at (343,2) size 153x20 [border: (1px inset #808080)] [r=0 c=2 rs=1 cs=1]
              RenderText {#text} at (2,2) size 42x16
                text run at (2,2) width 42: "Cell C"
          RenderTableRow {TR} at (0,24) size 498x20
            RenderTableCell {TD} at (2,24) size 155x20 [border: (1px inset #808080)] [r=1 c=0 rs=1 cs=1]
              RenderText {#text} at (2,2) size 43x16
                text run at (2,2) width 43: "Cell D"
            RenderTableCell {TD} at (159,24) size 182x20 [border: (1px inset #808080)] [r=1 c=1 rs=1 cs=1]
              RenderText {#text} at (2,2) size 49x16
                text run at (2,2) width 49: "Cell_ E"
            RenderTableCell {TD} at (343,24) size 153x20 [border: (1px inset #808080)] [r=1 c=2 rs=1 cs=1]
              RenderText {#text} at (2,2) size 40x16
                text run at (2,2) width 40: "Cell F"
          RenderTableRow {TR} at (0,46) size 498x20
            RenderTableCell {TD} at (2,46) size 155x20 [border: (1px inset #808080)] [r=2 c=0 rs=1 cs=1]
              RenderText {#text} at (2,2) size 43x16
                text run at (2,2) width 43: "Cell G"
            RenderTableCell {TD} at (159,46) size 182x20 [border: (1px inset #808080)] [r=2 c=1 rs=1 cs=1]
              RenderText {#text} at (2,2) size 51x16
                text run at (2,2) width 51: "Cell_ H"
            RenderTableCell {TD} at (343,46) size 153x20 [border: (1px inset #808080)] [r=2 c=2 rs=1 cs=1]
              RenderText {#text} at (2,2) size 36x16
                text run at (2,2) width 36: "Cell I"
      RenderBlock {H3} at (0,413.59) size 769x19
        RenderText {#text} at (0,0) size 74x19
          text run at (0,0) width 74: "Table 2.2"
      RenderBlock {PRE} at (0,451.31) size 769x52
        RenderText {#text} at (0,0) size 219x52
          text run at (0,0) width 219: "<TABLE width=\"500\" border=1>"
          text run at (218,0) width 1: " "
          text run at (0,13) width 164: "<COLGROUP width=\"1*\">"
          text run at (163,13) width 1: " "
          text run at (0,26) width 164: "<COLGROUP width=\"2*\">"
          text run at (163,26) width 1: " "
          text run at (0,39) width 164: "<COLGROUP width=\"0*\">"
          text run at (163,39) width 1: " "
      RenderTable {TABLE} at (0,516.31) size 500x70 [border: (1px outset #808080)]
        RenderTableCol {COLGROUP} at (0,0) size 0x0
        RenderTableCol {COLGROUP} at (0,0) size 0x0
        RenderTableCol {COLGROUP} at (0,0) size 0x0
        RenderTableSection {TBODY} at (1,1) size 498x68
          RenderTableRow {TR} at (0,2) size 498x20
            RenderTableCell {TD} at (2,2) size 164x20 [border: (1px inset #808080)] [r=0 c=0 rs=1 cs=1]
              RenderText {#text} at (2,2) size 43x16
                text run at (2,2) width 43: "Cell A"
            RenderTableCell {TD} at (168,2) size 164x20 [border: (1px inset #808080)] [r=0 c=1 rs=1 cs=1]
              RenderText {#text} at (2,2) size 42x16
                text run at (2,2) width 42: "Cell B"
            RenderTableCell {TD} at (334,2) size 162x20 [border: (1px inset #808080)] [r=0 c=2 rs=1 cs=1]
              RenderText {#text} at (2,2) size 42x16
                text run at (2,2) width 42: "Cell C"
          RenderTableRow {TR} at (0,24) size 498x20
            RenderTableCell {TD} at (2,24) size 164x20 [border: (1px inset #808080)] [r=1 c=0 rs=1 cs=1]
              RenderText {#text} at (2,2) size 43x16
                text run at (2,2) width 43: "Cell D"
            RenderTableCell {TD} at (168,24) size 164x20 [border: (1px inset #808080)] [r=1 c=1 rs=1 cs=1]
              RenderText {#text} at (2,2) size 41x16
                text run at (2,2) width 41: "Cell E"
            RenderTableCell {TD} at (334,24) size 162x20 [border: (1px inset #808080)] [r=1 c=2 rs=1 cs=1]
              RenderText {#text} at (2,2) size 40x16
                text run at (2,2) width 40: "Cell F"
          RenderTableRow {TR} at (0,46) size 498x20
            RenderTableCell {TD} at (2,46) size 164x20 [border: (1px inset #808080)] [r=2 c=0 rs=1 cs=1]
              RenderText {#text} at (2,2) size 43x16
                text run at (2,2) width 43: "Cell G"
            RenderTableCell {TD} at (168,46) size 164x20 [border: (1px inset #808080)] [r=2 c=1 rs=1 cs=1]
              RenderText {#text} at (2,2) size 43x16
                text run at (2,2) width 43: "Cell H"
            RenderTableCell {TD} at (334,46) size 162x20 [border: (1px inset #808080)] [r=2 c=2 rs=1 cs=1]
              RenderText {#text} at (2,2) size 36x16
                text run at (2,2) width 36: "Cell I"
      RenderBlock {H3} at (0,605.03) size 769x19
        RenderText {#text} at (0,0) size 74x19
          text run at (0,0) width 74: "Table 3.1"
      RenderBlock {PRE} at (0,642.75) size 769x52
        RenderText {#text} at (0,0) size 219x52
          text run at (0,0) width 219: "<TABLE width=\"500\" border=1>"
          text run at (218,0) width 1: " "
          text run at (0,13) width 164: "<COLGROUP width=\"1*\">"
          text run at (163,13) width 1: " "
          text run at (0,26) width 172: "<COLGROUP width=\"100\">"
          text run at (171,26) width 1: " "
          text run at (0,39) width 164: "<COLGROUP width=\"0*\">"
          text run at (163,39) width 1: " "
      RenderTable {TABLE} at (0,707.75) size 500x70 [border: (1px outset #808080)]
        RenderTableCol {COLGROUP} at (0,0) size 0x0
        RenderTableCol {COLGROUP} at (0,0) size 0x0
        RenderTableCol {COLGROUP} at (0,0) size 0x0
        RenderTableSection {TBODY} at (1,1) size 498x68
          RenderTableRow {TR} at (0,2) size 498x20
            RenderTableCell {TD} at (2,2) size 197x20 [border: (1px inset #808080)] [r=0 c=0 rs=1 cs=1]
              RenderText {#text} at (2,2) size 43x16
                text run at (2,2) width 43: "Cell A"
            RenderTableCell {TD} at (201,2) size 100x20 [border: (1px inset #808080)] [r=0 c=1 rs=1 cs=1]
              RenderText {#text} at (2,2) size 42x16
                text run at (2,2) width 42: "Cell B"
            RenderTableCell {TD} at (303,2) size 193x20 [border: (1px inset #808080)] [r=0 c=2 rs=1 cs=1]
              RenderText {#text} at (2,2) size 42x16
                text run at (2,2) width 42: "Cell C"
          RenderTableRow {TR} at (0,24) size 498x20
            RenderTableCell {TD} at (2,24) size 197x20 [border: (1px inset #808080)] [r=1 c=0 rs=1 cs=1]
              RenderText {#text} at (2,2) size 43x16
                text run at (2,2) width 43: "Cell D"
            RenderTableCell {TD} at (201,24) size 100x20 [border: (1px inset #808080)] [r=1 c=1 rs=1 cs=1]
              RenderText {#text} at (2,2) size 41x16
                text run at (2,2) width 41: "Cell E"
            RenderTableCell {TD} at (303,24) size 193x20 [border: (1px inset #808080)] [r=1 c=2 rs=1 cs=1]
              RenderText {#text} at (2,2) size 40x16
                text run at (2,2) width 40: "Cell F"
          RenderTableRow {TR} at (0,46) size 498x20
            RenderTableCell {TD} at (2,46) size 197x20 [border: (1px inset #808080)] [r=2 c=0 rs=1 cs=1]
              RenderText {#text} at (2,2) size 43x16
                text run at (2,2) width 43: "Cell G"
            RenderTableCell {TD} at (201,46) size 100x20 [border: (1px inset #808080)] [r=2 c=1 rs=1 cs=1]
              RenderText {#text} at (2,2) size 43x16
                text run at (2,2) width 43: "Cell H"
            RenderTableCell {TD} at (303,46) size 193x20 [border: (1px inset #808080)] [r=2 c=2 rs=1 cs=1]
              RenderText {#text} at (2,2) size 36x16
                text run at (2,2) width 36: "Cell I"
