layer at (0,0) size 785x1336
  RenderView at (0,0) size 785x600
layer at (8,8) size 769x1320
  RenderBlock {HTML} at (8,8) size 769x1320 [bgcolor=#008000] [border: (16px solid #00FF00)]
    RenderTable at (16,16) size 737x1288
      RenderTableSection (anonymous) at (0,0) size 737x1288
        RenderTableRow (anonymous) at (0,0) size 737x1288
          RenderTableCell {HEAD} at (0,0) size 239x454 [color=#FFFFFF] [bgcolor=#FF0000] [border: (5px solid #FFFFFF)] [r=0 c=0 rs=1 cs=1]
            RenderBlock {META} at (21,37) size 197x2 [border: (1px dotted #FFFFFF)]
            RenderBlock {META} at (21,55) size 197x2 [border: (1px dotted #FFFFFF)]
            RenderBlock {META} at (21,73) size 197x2 [border: (1px dotted #FFFFFF)]
            RenderBlock {META} at (21,91) size 197x2 [border: (1px dotted #FFFFFF)]
            RenderBlock {TITLE} at (21,109) size 197x50 [border: (1px dotted #FFFFFF)]
              RenderText {#text} at (1,1) size 189x48
                text run at (1,1) width 189: "Evil Tests: Rendering BODY"
                text run at (1,17) width 163: "and HEAD as children of"
                text run at (1,33) width 67: "HTML - 2"
            RenderBlock {STYLE} at (21,175) size 197x242 [border: (1px dotted #FFFFFF)]
              RenderText {#text} at (1,1) size 195x240
                text run at (1,1) width 83: "/* Layout */ "
                text run at (83,1) width 112: "HTML { display:"
                text run at (1,17) width 194: "block; border: 1em lime solid;"
                text run at (1,33) width 98: "margin: 8px; } "
                text run at (98,33) width 50: "HEAD,"
                text run at (1,49) width 180: "BODY { display: table-cell;"
                text run at (1,65) width 126: "border: solid thick; "
                text run at (126,65) width 57: "padding:"
                text run at (1,81) width 138: "1em; margin: 1em; } "
                text run at (138,81) width 58: "HEAD >"
                text run at (1,97) width 153: "*, BODY > * { display:"
                text run at (1,113) width 168: "block; border: thin dotted;"
                text run at (1,129) width 114: "margin: 1em 0; } "
                text run at (114,129) width 13: "/*"
                text run at (1,145) width 92: "Formatting */ "
                text run at (92,145) width 99: "HTML { color:"
                text run at (1,161) width 179: "black; background: green; }"
                text run at (1,177) width 142: "HEAD { color: white;"
                text run at (1,193) width 125: "background: red; } "
                text run at (125,193) width 58: "BODY {"
                text run at (1,209) width 174: "color: yellow; background:"
                text run at (1,225) width 40: "teal; }"
          RenderTableCell {BODY} at (239,44) size 498x1244 [color=#FFFF00] [bgcolor=#008080] [border: (5px solid #FFFF00)] [r=0 c=1 rs=1 cs=1]
            RenderBlock {H1} at (21,53) size 456x66 [border: (1px dotted #FFFF00)]
              RenderText {#text} at (1,1) size 152x32
                text run at (1,1) width 152: "Rendering "
              RenderInline {CODE} at (0,0) size 63x26
                RenderText {#text} at (153,5) size 63x26
                  text run at (153,5) width 63: "BODY"
              RenderText {#text} at (215,1) size 69x32
                text run at (215,1) width 69: " and "
              RenderInline {CODE} at (0,0) size 63x26
                RenderText {#text} at (283,5) size 63x26
                  text run at (283,5) width 63: "HEAD"
              RenderText {#text} at (345,1) size 381x64
                text run at (345,1) width 37: " as"
                text run at (1,33) width 157: "children of "
              RenderInline {CODE} at (0,0) size 63x26
                RenderText {#text} at (157,37) size 63x26
                  text run at (157,37) width 63: "HTML"
              RenderText {#text} at (219,33) size 44x32
                text run at (219,33) width 44: " - 2"
            RenderBlock {P} at (21,151) size 456x34 [border: (1px dotted #FFFF00)]
              RenderText {#text} at (1,1) size 393x16
                text run at (1,1) width 393: "If you have any comments to make regarding this test, e-mail"
              RenderInline {A} at (0,0) size 186x16 [color=#0000EE]
                RenderText {#text} at (1,17) size 186x16
                  text run at (1,17) width 186: "py8ieh=eviltests@bath.ac.uk"
              RenderText {#text} at (186,17) size 5x16
                text run at (186,17) width 5: "."
            RenderBlock {DL} at (21,201) size 456x82 [border: (1px dotted #FFFF00)]
              RenderBlock {DT} at (1,1) size 454x16
                RenderText {#text} at (0,0) size 83x16
                  text run at (0,0) width 83: "Prerequisites"
              RenderBlock {DD} at (41,17) size 414x64
                RenderText {#text} at (0,0) size 392x48
                  text run at (0,0) width 392: "Browsers that are subjected to this test should support the the"
                  text run at (0,16) width 388: "background, padding, margin, border and color properties of"
                  text run at (0,32) width 160: "CSS, and in addition the "
                RenderInline {CODE} at (0,0) size 63x13
                  RenderText {#text} at (160,34) size 63x13
                    text run at (160,34) width 63: "overflow"
                RenderText {#text} at (222,32) size 401x32
                  text run at (222,32) width 179: " property and fixed position"
                  text run at (0,48) width 109: "stuff from CSS2."
            RenderBlock {H2} at (21,307) size 456x50 [border: (1px dotted #FFFF00)]
              RenderText {#text} at (1,1) size 440x48
                text run at (1,1) width 440: "1. Making the BODY and the HEAD into a"
                text run at (1,25) width 51: "table"
            RenderBlock {P} at (21,381) size 456x18 [border: (1px dotted #FFFF00)]
              RenderText {#text} at (1,1) size 264x16
                text run at (1,1) width 264: "This is really evil, but completely valid..."
            RenderBlock {P} at (21,415) size 456x98 [border: (1px dotted #FFFF00)]
              RenderText {#text} at (1,1) size 452x96
                text run at (1,1) width 450: "This document should have two cells, side by side: one on the left, the"
                text run at (1,17) width 452: "other on the right. The one on the left should be red with white writing"
                text run at (1,33) width 445: "and a thick white border. It should contain four dotted lines separated"
                text run at (1,49) width 419: "by a blank line, followed by a dotted bordered box containing the"
                text run at (1,65) width 403: "document title, and another dotted bordered box containing the"
                text run at (1,81) width 191: "stylesheet, also shown below:"
            RenderBlock {PRE} at (21,529) size 456x15 [border: (1px dotted #FFFF00)]
              RenderText {#text} at (1,1) size 40x13
                text run at (1,1) width 40: "  ..."
                text run at (40,1) width 1: " "
            RenderBlock {P} at (21,560) size 456x34 [border: (1px dotted #FFFF00)]
              RenderText {#text} at (1,1) size 419x32
                text run at (1,1) width 419: "The dotted borders and lines and the text in the left cell should be"
                text run at (1,17) width 40: "white."
            RenderBlock {P} at (21,610) size 456x34 [border: (1px dotted #FFFF00)]
              RenderText {#text} at (1,1) size 447x32
                text run at (1,1) width 447: "The right cell should be teal, with yellow text. This paragraph you are"
                text run at (1,17) width 255: "reading now should be in this right cell."
            RenderBlock {P} at (21,660) size 456x18 [border: (1px dotted #FFFF00)]
              RenderText {#text} at (1,1) size 454x16
                text run at (1,1) width 454: "The width of the two cells is left up to the user agent to decide, I think."
            RenderBlock {P} at (21,694) size 456x66 [border: (1px dotted #FFFF00)]
              RenderText {#text} at (1,1) size 443x64
                text run at (1,1) width 443: "The right cell should look similar to the left cell in formatting -- each"
                text run at (1,17) width 443: "box of text should have a yellow dotted border, and there should be a"
                text run at (1,33) width 420: "blank line between each such box. No box should be nested -- the"
                text run at (1,49) width 356: "dotted boxes should always be distinct from each other."
            RenderBlock {P} at (21,776) size 456x34 [border: (1px dotted #FFFF00)]
              RenderText {#text} at (1,1) size 417x32
                text run at (1,1) width 417: "The cells should be the same height, and they should have grown"
                text run at (1,17) width 229: "vertically to accommodate this text."
            RenderBlock {P} at (21,826) size 456x50 [border: (1px dotted #FFFF00)]
              RenderText {#text} at (1,1) size 437x48
                text run at (1,1) width 436: "Around the whole setup should be two borders, dark green and light"
                text run at (1,17) width 437: "green. The cells should be separated from each other and from these"
                text run at (1,33) width 230: "outer borders by 1em of dark green."
            RenderBlock {P} at (21,892) size 456x34 [border: (1px dotted #FFFF00)]
              RenderText {#text} at (1,1) size 446x32
                text run at (1,1) width 446: "There should also be some alternate stylesheets set up to allow you to"
                text run at (1,17) width 389: "display the <META> content. This may help with diagnosis."
            RenderBlock {H2} at (21,950) size 456x26 [border: (1px dotted #FFFF00)]
              RenderText {#text} at (1,1) size 156x24
                text run at (1,1) width 156: "Submit Results"
            RenderBlock {FORM} at (21,1000) size 456x87 [border: (1px dotted #FFFF00)]
              RenderBlock {P} at (1,17) size 454x53
                RenderText {#text} at (0,0) size 263x16
                  text run at (0,0) width 263: "How does your browser fare on this test?"
                RenderMenuList {SELECT} at (0,16) size 454x18 [color=#000000] [bgcolor=#F8F8F8]
                  RenderBlock (anonymous) at (0,0) size 454x18
                    RenderText at (8,2) size 215x13
                      text run at (8,2) width 215: "Document renders exactly as described."
                RenderText {#text} at (0,0) size 0x0
                RenderInline {LABEL} at (0,0) size 195x16
                  RenderText {#text} at (0,36) size 72x16
                    text run at (0,36) width 72: "Comment: "
                  RenderTextControl {INPUT} at (71.55,34) size 123x19 [color=#000000] [bgcolor=#FFFFFF] [border: (2px inset #EEEEEE)]
                RenderText {#text} at (194,36) size 5x16
                  text run at (194,36) width 5: " "
                RenderButton {INPUT} at (198.55,35) size 53.25x18 [color=#000000] [bgcolor=#C0C0C0]
                  RenderBlock (anonymous) at (8,2.50) size 37.25x13
                    RenderText {#text} at (0,0) size 38x13
                      text run at (0,0) width 38: "Submit"
                RenderText {#text} at (0,0) size 0x0
            RenderBlock {HR} at (21,1103) size 456x2 [border: (1px dotted #FFFF00)]
            RenderBlock {P} at (21,1121) size 456x18 [border: (1px dotted #FFFF00)]
              RenderInline {A} at (0,0) size 164x16 [color=#0000EE]
                RenderText {#text} at (1,1) size 164x16
                  text run at (1,1) width 164: "Up to the Evil Tests Page"
              RenderText {#text} at (164,1) size 5x16
                text run at (164,1) width 5: "."
            RenderBlock {P} at (21,1155) size 456x18 [border: (1px dotted #FFFF00)]
              RenderText {#text} at (1,1) size 177x16
                text run at (1,1) width 177: "This page is maintained by "
              RenderInline {A} at (0,0) size 79x16 [color=#0000EE]
                RenderText {#text} at (177,1) size 79x16
                  text run at (177,1) width 79: "Ian Hickson"
              RenderText {#text} at (255,1) size 10x16
                text run at (255,1) width 10: " ("
              RenderInline {A} at (0,0) size 125x16 [color=#0000EE]
                RenderText {#text} at (264,1) size 125x16
                  text run at (264,1) width 125: "py8ieh@bath.ac.uk"
              RenderText {#text} at (388,1) size 10x16
                text run at (388,1) width 10: ")."
            RenderBlock {P} at (21,1189) size 456x18 [border: (1px dotted #FFFF00)]
              RenderText {#text} at (1,1) size 172x16
                text run at (1,1) width 172: "Last updated in June 1999."
layer at (360,1122) size 117x13
  RenderBlock {DIV} at (3,3) size 117x13
