layer at (0,0) size 800x600
  RenderView at (0,0) size 800x600
layer at (0,0) size 800x600
  RenderBlock {HTML} at (0,0) size 800x600
    RenderBody {BODY} at (8,8) size 784x584 [bgcolor=#FFFFFF]
      RenderTable {TABLE} at (0,0) size 784x130 [border: (3px solid #008000)]
        RenderBlock {CAPTION} at (0,0) size 784x22 [border: (3px solid #FFA500)]
          RenderText {#text} at (354,3) size 76x16
            text run at (354,3) width 76: "caption text"
        RenderTableSection {TBODY} at (3,25) size 778x102
          RenderTableRow {TR} at (0,2) size 778x98
            RenderTableCell {TD} at (2,2) size 774x98 [r=0 c=0 rs=1 cs=1]
              RenderText {#text} at (1,1) size 752x96
                text run at (1,1) width 752: "table text which should wrap table text which should wrap table text which should wrap table text which should wrap"
                text run at (1,17) width 752: "table text which should wrap table text which should wrap table text which should wrap table text which should wrap"
                text run at (1,33) width 752: "table text which should wrap table text which should wrap table text which should wrap table text which should wrap"
                text run at (1,49) width 752: "table text which should wrap table text which should wrap table text which should wrap table text which should wrap"
                text run at (1,65) width 752: "table text which should wrap table text which should wrap table text which should wrap table text which should wrap"
                text run at (1,81) width 185: "table text which should wrap"
