layer at (0,0) size 800x600
  RenderView at (0,0) size 800x600
layer at (0,0) size 800x80
  RenderBlock {HTML} at (0,0) size 800x80
    RenderBody {BODY} at (8,8) size 784x64
      RenderTable {TABLE} at (0,0) size 784x64
        RenderTableCol {COLGROUP} at (0,0) size 0x0
          RenderTableCol {COL} at (0,0) size 0x0
          RenderTableCol {COL} at (0,0) size 0x0
          RenderTableCol {COL} at (0,0) size 0x0
          RenderTableCol {COL} at (0,0) size 0x0
          RenderTableCol {COL} at (0,0) size 0x0
        RenderTableSection {TBODY} at (0,0) size 784x64
          RenderTableRow {TR} at (0,0) size 784x64
            RenderTableCell {TD} at (0,32) size 26x0 [r=0 c=0 rs=1 cs=1]
            RenderTableCell {TD} at (26,0) size 758x64 [r=0 c=1 rs=1 cs=2]
              RenderBlock {P} at (0,16) size 758x32
                RenderText {#text} at (0,0) size 715x32
                  text run at (0,0) width 715: "Nach der Pruefung der Daten, (Normalerweise benoetigen wir f\x{FC}r die Pruefung nur wenige Minuten, aber wenn"
                  text run at (0,16) width 447: "einmal besonders viel los ist, kann es auch ein wenig laenger dauern.)"
