layer at (0,0) size 800x600
  RenderView at (0,0) size 800x600
layer at (0,0) size 800x88
  RenderBlock {HTML} at (0,0) size 800x88
    RenderBody {BODY} at (8,8) size 784x72
      RenderTable {TABLE} at (0,0) size 400x72 [border: (1px outset #808080)]
        RenderTableSection {TBODY} at (1,1) size 398x70
          RenderTableRow {TR} at (0,0) size 398x70
            RenderTableCell {TD} at (0,0) size 302x70 [border: (1px inset #808080)] [r=0 c=0 rs=1 cs=2]
              RenderTable {TABLE} at (1,1) size 300x68 [border: (1px outset #808080)]
                RenderTableSection {TBODY} at (1,1) size 298x66
                  RenderTableRow {TR} at (0,0) size 298x66
                    RenderTableCell {TD} at (0,0) size 298x66 [border: (1px inset #808080)] [r=0 c=0 rs=1 cs=1]
                      RenderText {#text} at (1,1) size 295x64
                        text run at (1,1) width 286: "Presidential candidates George W. Bush and"
                        text run at (1,17) width 251: "Al Gore are expected to show a kinder,"
                        text run at (1,33) width 295: "gentler side Wednesday in the second of three"
                        text run at (1,49) width 185: "nationally televised debates. "
                      RenderBR {BR} at (185,61) size 1x0
            RenderTableCell {TD} at (302,2) size 96x66 [border: (1px inset #808080)] [r=0 c=2 rs=1 cs=1]
              RenderBlock (anonymous) at (1,1) size 94x64
                RenderInline {FONT} at (0,0) size 84x64 [color=#CC3333]
                  RenderText {#text} at (0,0) size 84x64
                    text run at (0,0) width 72: "Avon.com:"
                    text run at (0,16) width 80: "Fall makeup"
                    text run at (0,32) width 84: "sale. Save up"
                    text run at (0,48) width 50: "to 47%."
              RenderBlock (anonymous) at (1,65) size 94x0 [color=#CC3333]
                RenderBlock {FORM} at (0,0) size 94x0
              RenderBlock (anonymous) at (1,65) size 94x0
                RenderInline {FONT} at (0,0) size 0x0 [color=#CC3333]
