layer at (0,0) size 800x600
  RenderView at (0,0) size 800x600
layer at (0,0) size 800x600
  RenderBlock {HTML} at (0,0) size 800x600
    RenderBody {BODY} at (8,8) size 784x584
      RenderTable {TABLE} at (0,0) size 259x238 [border: (1px outset #808080)]
        RenderTableSection {TBODY} at (1,1) size 257x236
          RenderTableRow {TR} at (0,2) size 257x20
            RenderTableCell {TD} at (2,10) size 41x4 [border: (1px inset #808080)] [r=0 c=0 rs=1 cs=1]
            RenderTableCell {TD} at (45,2) size 76x20 [border: (1px inset #808080)] [r=0 c=1 rs=1 cs=1]
              RenderText {#text} at (2,2) size 32x16
                text run at (2,2) width 32: "col 1"
            RenderTableCell {TD} at (123,2) size 54x20 [border: (1px inset #808080)] [r=0 c=2 rs=1 cs=1]
              RenderText {#text} at (2,2) size 32x16
                text run at (2,2) width 32: "col 2"
            RenderTableCell {TD} at (179,2) size 76x20 [border: (1px inset #808080)] [r=0 c=3 rs=1 cs=1]
              RenderText {#text} at (2,2) size 32x16
                text run at (2,2) width 32: "col 3"
          RenderTableRow {TR} at (0,24) size 257x78
            RenderTableCell {TD} at (2,53) size 41x20 [border: (1px inset #808080)] [r=1 c=0 rs=1 cs=1]
              RenderText {#text} at (2,2) size 37x16
                text run at (2,2) width 37: "row 1"
            RenderTableCell {TD} at (45,24) size 210x210 [border: (1px inset #808080)] [r=1 c=1 rs=3 cs=3]
              RenderBlock (floating) {DIV} at (2,2) size 206x206 [border: (3px solid #FF0000)]
                RenderText {#text} at (83,3) size 40x16
                  text run at (83,3) width 40: "tjosan"
          RenderTableRow {TR} at (0,104) size 257x50
            RenderTableCell {TD} at (2,119) size 41x20 [border: (1px inset #808080)] [r=2 c=0 rs=1 cs=1]
              RenderText {#text} at (2,2) size 37x16
                text run at (2,2) width 37: "row 2"
          RenderTableRow {TR} at (0,156) size 257x78
            RenderTableCell {TD} at (2,185) size 41x20 [border: (1px inset #808080)] [r=3 c=0 rs=1 cs=1]
              RenderText {#text} at (2,2) size 37x16
                text run at (2,2) width 37: "row 3"
      RenderBlock (anonymous) at (0,238) size 784x18
        RenderButton {INPUT} at (0,0) size 55.63x18 [bgcolor=#C0C0C0]
          RenderBlock (anonymous) at (8,2.50) size 39.63x13
            RenderText {#text} at (0,0) size 40x13
              text run at (0,0) width 40: "expand"
        RenderText {#text} at (55,1) size 5x16
          text run at (55,1) width 5: " "
        RenderButton {INPUT} at (59.63,0) size 42.84x18 [bgcolor=#C0C0C0]
          RenderBlock (anonymous) at (8,2.50) size 26.84x13
            RenderText {#text} at (0,0) size 27x13
              text run at (0,0) width 27: "sizes"
        RenderText {#text} at (0,0) size 0x0
