layer at (0,0) size 800x600
  RenderView at (0,0) size 800x600
layer at (0,0) size 800x600
  RenderBlock {HTML} at (0,0) size 800x600
    RenderBody {BODY} at (8,8) size 784x584
      RenderBlock {DIV} at (0,0) size 784x122
        RenderTable {TABLE} at (78.50,0) size 627x122 [bgcolor=#0000FF] [border: (1px outset #808080)]
          RenderTableSection {TBODY} at (1,1) size 625x120
            RenderTableRow {TR} at (0,2) size 625x116
              RenderTableCell {TD} at (2,2) size 621x116 [border: (1px inset #808080)] [r=0 c=0 rs=1 cs=1]
                RenderBlock (anonymous) at (2,2) size 617x16
                  RenderText {#text} at (0,0) size 41x16
                    text run at (0,0) width 41: "before"
                RenderTable {TABLE} at (2,18) size 617x80 [bgcolor=#FF0000] [border: (1px outset #808080)]
                  RenderTableSection {TBODY} at (1,1) size 615x78
                    RenderTableRow {TR} at (0,2) size 615x20
                      RenderTableCell {TD} at (2,2) size 385x20 [border: (1px inset #808080)] [r=0 c=0 rs=1 cs=1]
                        RenderText {#text} at (2,2) size 273x16
                          text run at (2,2) width 273: "This is some text. This is some text. Cell 1"
                      RenderTableCell {TD} at (389,2) size 224x20 [border: (1px inset #808080)] [r=0 c=1 rs=1 cs=1]
                        RenderText {#text} at (2,2) size 156x16
                          text run at (2,2) width 156: "This is some text. Cell 2"
                    RenderTableRow {TR} at (0,24) size 615x52
                      RenderTableCell {TD} at (2,24) size 611x52 [border: (1px inset #808080)] [r=1 c=0 rs=1 cs=2]
                        RenderText {#text} at (2,2) size 581x48
                          text run at (2,2) width 581: "This is some text. This is some text. This is some text. This is some text. This is some text."
                          text run at (2,18) width 581: "This is some text. This is some text. This is some text. This is some text. This is some text."
                          text run at (2,34) width 464: "This is some text. This is some text. This is some text. This is some text."
                RenderBlock (anonymous) at (2,98) size 617x16
                  RenderText {#text} at (0,0) size 30x16
                    text run at (0,0) width 30: "after"
