layer at (0,0) size 785x4615
  RenderView at (0,0) size 785x600
layer at (0,0) size 785x4615
  RenderBlock {HTML} at (0,0) size 785x4615
    RenderBody {BODY} at (8,8) size 769x4599
      RenderBlock {DIV} at (0,0) size 769x4583
        RenderBlock (anonymous) at (0,0) size 769x16
          RenderText {#text} at (0,0) size 4x16
            text run at (0,0) width 4: " "
        RenderTable {TABLE} at (67.19,16) size 473x4519
          RenderTableSection {TBODY} at (0,0) size 473x4519
            RenderTableRow {TR} at (0,0) size 473x21
              RenderTableCell {TD} at (0,0) size 473x21 [r=0 c=0 rs=1 cs=4]
                RenderBlock {P} at (7.19,0) size 459x0
                  RenderInline {B} at (0,0) size 0x0
                    RenderInline {SPAN} at (0,0) size 0x0
                      RenderInline {O:P} at (0,0) size 0x0
                RenderBlock {P} at (7.19,0) size 459x21
                  RenderInline {B} at (0,0) size 399x15
                    RenderInline {SPAN} at (0,0) size 399x15
                      RenderInline {FONT} at (0,0) size 399x20 [color=#008080]
                        RenderText {#text} at (30,0) size 399x20
                          text run at (30,0) width 188: "Radio Channel usage at "
                          text run at (217,0) width 212: "Bayside.    Rev date 6-25-01"
                RenderBlock {P} at (7.19,21) size 459x0
                  RenderInline {B} at (0,0) size 0x0
                    RenderInline {SPAN} at (0,0) size 0x0
                      RenderInline {O:P} at (0,0) size 0x0
            RenderTableRow {TR} at (0,21) size 473x34
              RenderTableCell {TD} at (0,21) size 98x30 [r=1 c=0 rs=1 cs=1]
                RenderInline {B} at (0,0) size 54x31
                  RenderInline {SPAN} at (0,0) size 54x30
                    RenderText {#text} at (22,0) size 54x30
                      text run at (22,0) width 54: "Channel"
                      text run at (24,15) width 50: "number"
                RenderText {#text} at (0,0) size 0x0
              RenderTableCell {TD} at (98,21) size 170x15 [r=1 c=1 rs=1 cs=1]
                RenderInline {B} at (0,0) size 92x16
                  RenderInline {SPAN} at (0,0) size 92x15
                    RenderText {#text} at (39,0) size 92x15
                      text run at (39,0) width 92: "Member name"
                RenderText {#text} at (0,0) size 0x0
              RenderTableCell {TD} at (268,21) size 99x34 [r=1 c=2 rs=1 cs=1]
                RenderBlock {P} at (7.19,0) size 85x17
                  RenderInline {B} at (0,0) size 45x15
                    RenderInline {SPAN} at (0,0) size 45x16
                      RenderText {#text} at (20,0) size 45x16
                        text run at (20,0) width 45: "Proper"
                      RenderInline {SPAN} at (0,0) size 1x16
                        RenderInline {O:P} at (0,0) size 1x16
                RenderBlock {P} at (7.19,17) size 85x17
                  RenderInline {B} at (0,0) size 37x15
                    RenderInline {SPAN} at (0,0) size 37x16
                      RenderText {#text} at (24,0) size 37x16
                        text run at (24,0) width 37: "Plane"
              RenderTableCell {TD} at (367,21) size 106x34 [r=1 c=3 rs=1 cs=1]
                RenderBlock {P} at (7.19,0) size 92x17
                  RenderInline {B} at (0,0) size 66x15
                    RenderInline {SPAN} at (0,0) size 66x16
                      RenderText {#text} at (13,0) size 66x16
                        text run at (13,0) width 66: "Helicopter"
                      RenderInline {SPAN} at (0,0) size 1x16
                        RenderInline {O:P} at (0,0) size 1x16
                RenderBlock {P} at (7.19,17) size 92x17
                  RenderInline {B} at (0,0) size 50x15
                    RenderInline {SPAN} at (0,0) size 50x16
                      RenderText {#text} at (21,0) size 50x16
                        text run at (21,0) width 50: "thingy.-"
            RenderTableRow {TR} at (0,55) size 473x32
              RenderTableCell {TD} at (0,55) size 98x16 [r=2 c=0 rs=1 cs=1]
                RenderBlock {P} at (7.19,0) size 84x16
                  RenderText {#text} at (35,0) size 14x15
                    text run at (35,0) width 14: "00"
                  RenderInline {SPAN} at (0,0) size 1x15
                    RenderInline {O:P} at (0,0) size 1x15
              RenderTableCell {TD} at (98,55) size 170x32 [r=2 c=1 rs=1 cs=1]
                RenderBlock {P} at (7.19,0) size 156x16
                  RenderText {#text} at (0,0) size 55x15
                    text run at (0,0) width 55: "Paul Scott"
                RenderBlock {P} at (7.19,16) size 156x16
                  RenderText {#text} at (0,0) size 92x15
                    text run at (0,0) width 92: "Donald Carvalho"
                  RenderInline {SPAN} at (0,0) size 1x15
                    RenderInline {O:P} at (0,0) size 1x15
              RenderTableCell {TD} at (268,55) size 99x16 [r=2 c=2 rs=1 cs=1]
                RenderBlock {P} at (7.19,0) size 85x16
                  RenderText {#text} at (34,0) size 17x15
                    text run at (34,0) width 17: "No"
                  RenderInline {SPAN} at (0,0) size 1x15
                    RenderInline {O:P} at (0,0) size 1x15
              RenderTableCell {TD} at (367,55) size 106x16 [r=2 c=3 rs=1 cs=1]
                RenderBlock {P} at (7.19,0) size 92x16
                  RenderText {#text} at (35,0) size 22x15
                    text run at (35,0) width 22: "Yes"
                  RenderInline {SPAN} at (0,0) size 1x15
                    RenderInline {O:P} at (0,0) size 1x15
            RenderTableRow {TR} at (0,87) size 473x16
              RenderTableCell {TD} at (0,87) size 98x16 [r=3 c=0 rs=1 cs=1]
                RenderBlock {P} at (7.19,0) size 84x16
                  RenderText {#text} at (35,0) size 14x15
                    text run at (35,0) width 14: "01"
                  RenderInline {SPAN} at (0,0) size 1x15
                    RenderInline {O:P} at (0,0) size 1x15
              RenderTableCell {TD} at (98,87) size 170x16 [r=3 c=1 rs=1 cs=1]
                RenderBlock {P} at (7.19,0) size 156x16
                  RenderText {#text} at (0,0) size 55x15
                    text run at (0,0) width 55: "Paul Scott"
                  RenderInline {SPAN} at (0,0) size 1x15
                    RenderInline {O:P} at (0,0) size 1x15
              RenderTableCell {TD} at (268,87) size 99x16 [r=3 c=2 rs=1 cs=1]
                RenderBlock {P} at (7.19,0) size 85x16
                  RenderText {#text} at (34,0) size 17x15
                    text run at (34,0) width 17: "No"
                  RenderInline {SPAN} at (0,0) size 1x15
                    RenderInline {O:P} at (0,0) size 1x15
              RenderTableCell {TD} at (367,87) size 106x16 [r=3 c=3 rs=1 cs=1]
                RenderBlock {P} at (7.19,0) size 92x16
                  RenderText {#text} at (35,0) size 22x15
                    text run at (35,0) width 22: "Yes"
                  RenderInline {SPAN} at (0,0) size 1x15
                    RenderInline {O:P} at (0,0) size 1x15
            RenderTableRow {TR} at (0,103) size 473x16
              RenderTableCell {TD} at (0,103) size 98x16 [r=4 c=0 rs=1 cs=1]
                RenderBlock {P} at (7.19,0) size 84x16
                  RenderInline {FONT} at (0,0) size 14x15
                    RenderText {#text} at (35,0) size 14x15
                      text run at (35,0) width 14: "02"
                  RenderText {#text} at (0,0) size 0x0
              RenderTableCell {TD} at (98,103) size 170x16 [r=4 c=1 rs=1 cs=1]
                RenderInline {FONT} at (0,0) size 54x15
                  RenderText {#text} at (7,0) size 54x15
                    text run at (7,0) width 54: "Don Coon"
                RenderText {#text} at (0,0) size 0x0
              RenderTableCell {TD} at (268,103) size 99x16 [r=4 c=2 rs=1 cs=1]
                RenderText {#text} at (7,0) size 4x16
                  text run at (7,0) width 4: " "
              RenderTableCell {TD} at (367,103) size 106x16 [r=4 c=3 rs=1 cs=1]
                RenderText {#text} at (7,0) size 4x16
                  text run at (7,0) width 4: " "
            RenderTableRow {TR} at (0,119) size 473x32
              RenderTableCell {TD} at (0,119) size 98x16 [r=5 c=0 rs=1 cs=1]
                RenderInline {FONT} at (0,0) size 14x15
                  RenderText {#text} at (42,0) size 14x15
                    text run at (42,0) width 14: "05"
                RenderText {#text} at (0,0) size 0x0
              RenderTableCell {TD} at (98,119) size 170x32 [r=5 c=1 rs=1 cs=1]
                RenderBlock {P} at (7.19,0) size 156x16
                  RenderInline {FONT} at (0,0) size 54x15
                    RenderText {#text} at (0,0) size 54x15
                      text run at (0,0) width 54: "Paul Scott"
                RenderBlock {P} at (7.19,16) size 156x16
                  RenderInline {FONT} at (0,0) size 49x15
                    RenderText {#text} at (0,0) size 49x15
                      text run at (0,0) width 49: "Bill Hunt"
                    RenderInline {SPAN} at (0,0) size 1x15
                      RenderInline {O:P} at (0,0) size 1x15
              RenderTableCell {TD} at (268,119) size 99x16 [r=5 c=2 rs=1 cs=1]
                RenderBlock {P} at (7.19,0) size 85x16
                  RenderInline {FONT} at (0,0) size 17x15
                    RenderText {#text} at (34,0) size 17x15
                      text run at (34,0) width 17: "No"
                    RenderInline {SPAN} at (0,0) size 1x15
                      RenderInline {O:P} at (0,0) size 1x15
              RenderTableCell {TD} at (367,119) size 106x16 [r=5 c=3 rs=1 cs=1]
                RenderBlock {P} at (7.19,0) size 92x16
                  RenderInline {FONT} at (0,0) size 22x15
                    RenderText {#text} at (35,0) size 22x15
                      text run at (35,0) width 22: "Yes"
                    RenderInline {SPAN} at (0,0) size 1x15
                      RenderInline {O:P} at (0,0) size 1x15
            RenderTableRow {TR} at (0,151) size 473x32
              RenderTableCell {TD} at (0,151) size 98x16 [r=6 c=0 rs=1 cs=1]
                RenderInline {FONT} at (0,0) size 14x15
                  RenderText {#text} at (42,0) size 14x15
                    text run at (42,0) width 14: "06"
                RenderText {#text} at (0,0) size 0x0
              RenderTableCell {TD} at (98,151) size 170x32 [r=6 c=1 rs=1 cs=1]
                RenderInline {FONT} at (0,0) size 135x31
                  RenderText {#text} at (7,0) size 135x31
                    text run at (7,0) width 135: "Gene Pheiffer                   "
                    text run at (7,16) width 80: "Alberto Lanzas"
                RenderText {#text} at (0,0) size 0x0
              RenderTableCell {TD} at (268,151) size 99x32 [r=6 c=2 rs=1 cs=1]
                RenderBlock {P} at (7.19,0) size 85x16
                  RenderText {#text} at (32,0) size 21x15
                    text run at (32,0) width 21: "Yes"
                RenderBlock {P} at (7.19,16) size 85x16
                  RenderText {#text} at (32,0) size 21x15
                    text run at (32,0) width 21: "Yes"
              RenderTableCell {TD} at (367,151) size 106x32 [r=6 c=3 rs=1 cs=1]
                RenderBlock (anonymous) at (7.19,0) size 92x16
                  RenderInline {SPAN} at (0,0) size 16x16
                    RenderInline {FONT} at (0,0) size 16x15
                      RenderText {#text} at (38,0) size 16x15
                        text run at (38,0) width 16: "No"
                  RenderText {#text} at (0,0) size 0x0
                RenderBlock {P} at (7.19,16) size 92x16
                  RenderText {#text} at (35,0) size 22x15
                    text run at (35,0) width 22: "Yes"
            RenderTableRow {TR} at (0,183) size 473x16
              RenderTableCell {TD} at (0,183) size 98x16 [r=7 c=0 rs=1 cs=1]
                RenderBlock {P} at (7.19,0) size 84x16
                  RenderInline {FONT} at (0,0) size 14x15
                    RenderText {#text} at (35,0) size 14x15
                      text run at (35,0) width 14: "07"
                  RenderText {#text} at (0,0) size 0x0
              RenderTableCell {TD} at (98,183) size 170x16 [r=7 c=1 rs=1 cs=1]
                RenderInline {FONT} at (0,0) size 49x15
                  RenderText {#text} at (7,0) size 49x15
                    text run at (7,0) width 49: "Phil Cole"
                RenderText {#text} at (0,0) size 0x0
              RenderTableCell {TD} at (268,183) size 99x16 [r=7 c=2 rs=1 cs=1]
                RenderBlock {P} at (7.19,0) size 85x16
                  RenderInline {FONT} at (0,0) size 21x15
                    RenderText {#text} at (32,0) size 21x15
                      text run at (32,0) width 21: "Yes"
                  RenderText {#text} at (0,0) size 0x0
              RenderTableCell {TD} at (367,183) size 106x16 [r=7 c=3 rs=1 cs=1]
                RenderBlock {P} at (7.19,0) size 92x16
                  RenderInline {FONT} at (0,0) size 22x15
                    RenderText {#text} at (35,0) size 22x15
                      text run at (35,0) width 22: "Yes"
                  RenderText {#text} at (0,0) size 0x0
            RenderTableRow {TR} at (0,199) size 473x32
              RenderTableCell {TD} at (0,199) size 98x16 [r=8 c=0 rs=1 cs=1]
                RenderBlock {P} at (7.19,0) size 84x16
                  RenderText {#text} at (35,0) size 14x15
                    text run at (35,0) width 14: "08"
                  RenderInline {SPAN} at (0,0) size 1x15
                    RenderInline {O:P} at (0,0) size 1x15
              RenderTableCell {TD} at (98,199) size 170x32 [r=8 c=1 rs=1 cs=1]
                RenderBlock {P} at (7.19,0) size 156x16
                  RenderText {#text} at (0,0) size 55x15
                    text run at (0,0) width 55: "Paul Scott"
                RenderBlock {P} at (7.19,16) size 156x16
                  RenderText {#text} at (0,0) size 75x15
                    text run at (0,0) width 75: "Gene Pheiffer"
                  RenderInline {SPAN} at (0,0) size 1x15
                    RenderInline {O:P} at (0,0) size 1x15
              RenderTableCell {TD} at (268,199) size 99x32 [r=8 c=2 rs=1 cs=1]
                RenderBlock {P} at (7.19,0) size 85x16
                  RenderText {#text} at (34,0) size 17x15
                    text run at (34,0) width 17: "No"
                RenderBlock {P} at (7.19,16) size 85x16
                  RenderText {#text} at (32,0) size 21x15
                    text run at (32,0) width 21: "Yes"
                  RenderInline {SPAN} at (0,0) size 1x15
                    RenderInline {O:P} at (0,0) size 1x15
              RenderTableCell {TD} at (367,199) size 106x32 [r=8 c=3 rs=1 cs=1]
                RenderBlock {P} at (7.19,0) size 92x16
                  RenderText {#text} at (35,0) size 22x15
                    text run at (35,0) width 22: "Yes"
                RenderBlock {P} at (7.19,16) size 92x16
                  RenderText {#text} at (37,0) size 18x15
                    text run at (37,0) width 18: "No"
                  RenderInline {SPAN} at (0,0) size 1x15
                    RenderInline {O:P} at (0,0) size 1x15
            RenderTableRow {TR} at (0,231) size 473x48
              RenderTableCell {TD} at (0,231) size 98x16 [r=9 c=0 rs=1 cs=1]
                RenderBlock {P} at (7.19,0) size 84x16
                  RenderText {#text} at (2,0) size 80x15
                    text run at (2,0) width 80: "Programmable"
                  RenderInline {SPAN} at (0,0) size 1x15
                    RenderInline {O:P} at (0,0) size 1x15
              RenderTableCell {TD} at (98,231) size 170x48 [r=9 c=1 rs=1 cs=1]
                RenderBlock {P} at (7.19,0) size 156x16
                  RenderText {#text} at (0,0) size 103x15
                    text run at (0,0) width 103: "Richard Pevehouse"
                  RenderInline {SPAN} at (0,0) size 1x15
                    RenderInline {O:P} at (0,0) size 1x15
                RenderBlock {P} at (7.19,16) size 156x16
                  RenderText {#text} at (0,0) size 62x15
                    text run at (0,0) width 62: "Gary Heath"
                RenderBlock {P} at (7.19,32) size 156x16
                  RenderText {#text} at (0,0) size 63x15
                    text run at (0,0) width 63: "Scott Hersh"
                  RenderInline {SPAN} at (0,0) size 1x15
                    RenderInline {O:P} at (0,0) size 1x15
              RenderTableCell {TD} at (268,231) size 99x32 [r=9 c=2 rs=1 cs=1]
                RenderBlock {P} at (7.19,0) size 85x16
                  RenderText {#text} at (32,0) size 21x15
                    text run at (32,0) width 21: "Yes"
                  RenderInline {SPAN} at (0,0) size 1x15
                    RenderInline {O:P} at (0,0) size 1x15
                RenderBlock {P} at (7.19,16) size 85x16
                  RenderText {#text} at (34,0) size 17x15
                    text run at (34,0) width 17: "No"
                  RenderInline {SPAN} at (0,0) size 1x15
                    RenderInline {O:P} at (0,0) size 1x15
              RenderTableCell {TD} at (367,231) size 106x32 [r=9 c=3 rs=1 cs=1]
                RenderBlock {P} at (7.19,0) size 92x16
                  RenderText {#text} at (37,0) size 18x15
                    text run at (37,0) width 18: "No"
                  RenderInline {SPAN} at (0,0) size 1x15
                    RenderInline {O:P} at (0,0) size 1x15
                RenderBlock {P} at (7.19,16) size 92x16
                  RenderText {#text} at (35,0) size 22x15
                    text run at (35,0) width 22: "Yes"
                  RenderInline {SPAN} at (0,0) size 1x15
                    RenderInline {O:P} at (0,0) size 1x15
            RenderTableRow {TR} at (0,279) size 473x112
              RenderTableCell {TD} at (0,279) size 98x16 [r=10 c=0 rs=1 cs=1]
                RenderBlock {P} at (7.19,0) size 84x16
                  RenderText {#text} at (35,0) size 14x15
                    text run at (35,0) width 14: "11"
                  RenderInline {SPAN} at (0,0) size 1x15
                    RenderInline {O:P} at (0,0) size 1x15
              RenderTableCell {TD} at (98,279) size 170x112 [r=10 c=1 rs=1 cs=1]
                RenderBlock {P} at (7.19,0) size 156x16
                  RenderText {#text} at (0,0) size 81x15
                    text run at (0,0) width 81: "George Cowan"
                  RenderInline {SPAN} at (0,0) size 1x15
                    RenderInline {O:P} at (0,0) size 1x15
                RenderBlock {P} at (7.19,16) size 156x16
                  RenderText {#text} at (0,0) size 75x15
                    text run at (0,0) width 75: "Rick Klement"
                  RenderInline {SPAN} at (0,0) size 1x15
                    RenderInline {O:P} at (0,0) size 1x15
                RenderBlock {P} at (7.19,32) size 156x16
                  RenderText {#text} at (0,0) size 78x15
                    text run at (0,0) width 78: "John Mathews"
                RenderBlock {P} at (7.19,48) size 156x16
                  RenderText {#text} at (0,0) size 55x15
                    text run at (0,0) width 55: "Ed Cypret"
                RenderBlock {P} at (7.19,64) size 156x16
                  RenderText {#text} at (0,0) size 83x15
                    text run at (0,0) width 83: "John Chamorro"
                RenderBlock {P} at (7.19,80) size 156x16
                  RenderText {#text} at (0,0) size 85x15
                    text run at (0,0) width 85: "John Yearwood"
                RenderBlock {P} at (7.19,96) size 156x16
                  RenderText {#text} at (0,0) size 85x15
                    text run at (0,0) width 85: "Jason Anderson"
                  RenderInline {SPAN} at (0,0) size 1x15
                    RenderInline {O:P} at (0,0) size 1x15
              RenderTableCell {TD} at (268,279) size 99x112 [r=10 c=2 rs=1 cs=1]
                RenderBlock {P} at (7.19,0) size 85x16
                  RenderText {#text} at (32,0) size 21x15
                    text run at (32,0) width 21: "Yes"
                  RenderInline {SPAN} at (0,0) size 1x15
                    RenderInline {O:P} at (0,0) size 1x15
                RenderBlock {P} at (7.19,16) size 85x16
                  RenderText {#text} at (32,0) size 21x15
                    text run at (32,0) width 21: "Yes"
                  RenderInline {SPAN} at (0,0) size 1x15
                    RenderInline {O:P} at (0,0) size 1x15
                RenderBlock {P} at (7.19,32) size 85x16
                  RenderText {#text} at (32,0) size 21x15
                    text run at (32,0) width 21: "Yes"
                RenderBlock {P} at (7.19,48) size 85x16
                  RenderText {#text} at (40,0) size 5x15
                    text run at (40,0) width 5: " "
                RenderBlock {P} at (7.19,64) size 85x16
                  RenderText {#text} at (40,0) size 5x15
                    text run at (40,0) width 5: " "
                RenderBlock {P} at (7.19,80) size 85x16
                  RenderText {#text} at (32,0) size 21x15
                    text run at (32,0) width 21: "Yes"
                RenderBlock {P} at (7.19,96) size 85x16
                  RenderText {#text} at (32,0) size 21x15
                    text run at (32,0) width 21: "Yes"
                  RenderInline {SPAN} at (0,0) size 1x15
                    RenderInline {O:P} at (0,0) size 1x15
              RenderTableCell {TD} at (367,279) size 106x112 [r=10 c=3 rs=1 cs=1]
                RenderBlock {P} at (7.19,0) size 92x16
                  RenderText {#text} at (37,0) size 18x15
                    text run at (37,0) width 18: "No"
                  RenderInline {SPAN} at (0,0) size 1x15
                    RenderInline {O:P} at (0,0) size 1x15
                RenderBlock {P} at (7.19,16) size 92x16
                  RenderText {#text} at (35,0) size 22x15
                    text run at (35,0) width 22: "Yes"
                  RenderInline {SPAN} at (0,0) size 1x15
                    RenderInline {O:P} at (0,0) size 1x15
                RenderBlock {P} at (7.19,32) size 92x16
                  RenderText {#text} at (37,0) size 18x15
                    text run at (37,0) width 18: "No"
                RenderBlock {P} at (7.19,48) size 92x16
                  RenderText {#text} at (44,0) size 4x15
                    text run at (44,0) width 4: " "
                RenderBlock {P} at (7.19,64) size 92x16
                  RenderText {#text} at (44,0) size 4x15
                    text run at (44,0) width 4: " "
                RenderBlock {P} at (7.19,80) size 92x16
                  RenderText {#text} at (37,0) size 18x15
                    text run at (37,0) width 18: "No"
                RenderBlock {P} at (7.19,96) size 92x16
                  RenderText {#text} at (37,0) size 18x15
                    text run at (37,0) width 18: "No"
                  RenderInline {SPAN} at (0,0) size 1x15
                    RenderInline {O:P} at (0,0) size 1x15
            RenderTableRow {TR} at (0,391) size 473x80
              RenderTableCell {TD} at (0,391) size 98x16 [r=11 c=0 rs=1 cs=1]
                RenderBlock {P} at (7.19,0) size 84x16
                  RenderText {#text} at (35,0) size 14x15
                    text run at (35,0) width 14: "12"
                  RenderInline {SPAN} at (0,0) size 1x15
                    RenderInline {O:P} at (0,0) size 1x15
              RenderTableCell {TD} at (98,391) size 170x80 [r=11 c=1 rs=1 cs=1]
                RenderBlock {P} at (7.19,0) size 156x16
                  RenderText {#text} at (0,0) size 75x15
                    text run at (0,0) width 75: "Rick Klement"
                RenderBlock {P} at (7.19,16) size 156x16
                  RenderText {#text} at (0,0) size 85x15
                    text run at (0,0) width 85: "George Coward"
                RenderBlock {P} at (7.19,32) size 156x16
                  RenderText {#text} at (0,0) size 86x15
                    text run at (0,0) width 86: "Gerald Cardinal"
                RenderBlock {P} at (7.19,48) size 156x16
                  RenderText {#text} at (0,0) size 73x15
                    text run at (0,0) width 73: "Brock Brown"
                RenderBlock {P} at (7.19,64) size 156x16
                  RenderText {#text} at (0,0) size 99x15
                    text run at (0,0) width 99: "Ellsworth Crowell"
              RenderTableCell {TD} at (268,391) size 99x80 [r=11 c=2 rs=1 cs=1]
                RenderBlock {P} at (7.19,0) size 85x16
                  RenderText {#text} at (32,0) size 21x15
                    text run at (32,0) width 21: "Yes"
                RenderBlock {P} at (7.19,16) size 85x16
                  RenderText {#text} at (32,0) size 21x15
                    text run at (32,0) width 21: "Yes"
                RenderBlock {P} at (7.19,32) size 85x16
                  RenderText {#text} at (40,0) size 5x15
                    text run at (40,0) width 5: " "
                RenderBlock {P} at (7.19,48) size 85x16
                  RenderText {#text} at (32,0) size 21x15
                    text run at (32,0) width 21: "Yes"
                RenderBlock {P} at (7.19,64) size 85x16
                  RenderText {#text} at (32,0) size 21x15
                    text run at (32,0) width 21: "Yes"
                  RenderInline {SPAN} at (0,0) size 1x15
                    RenderInline {O:P} at (0,0) size 1x15
              RenderTableCell {TD} at (367,391) size 106x80 [r=11 c=3 rs=1 cs=1]
                RenderBlock {P} at (7.19,0) size 92x16
                  RenderText {#text} at (35,0) size 22x15
                    text run at (35,0) width 22: "Yes"
                RenderBlock {P} at (7.19,16) size 92x16
                  RenderText {#text} at (37,0) size 18x15
                    text run at (37,0) width 18: "No"
                RenderBlock {P} at (7.19,32) size 92x16
                  RenderText {#text} at (44,0) size 4x15
                    text run at (44,0) width 4: " "
                RenderBlock {P} at (7.19,48) size 92x16
                  RenderText {#text} at (37,0) size 18x15
                    text run at (37,0) width 18: "No"
                RenderBlock {P} at (7.19,64) size 92x16
                  RenderText {#text} at (37,0) size 18x15
                    text run at (37,0) width 18: "No"
                  RenderInline {SPAN} at (0,0) size 1x15
                    RenderInline {O:P} at (0,0) size 1x15
            RenderTableRow {TR} at (0,471) size 473x64
              RenderTableCell {TD} at (0,471) size 98x16 [r=12 c=0 rs=1 cs=1]
                RenderBlock {P} at (7.19,0) size 84x16
                  RenderText {#text} at (35,0) size 14x15
                    text run at (35,0) width 14: "13"
                  RenderInline {SPAN} at (0,0) size 1x15
                    RenderInline {O:P} at (0,0) size 1x15
              RenderTableCell {TD} at (98,471) size 170x64 [r=12 c=1 rs=1 cs=1]
                RenderBlock {P} at (7.19,0) size 156x16
                  RenderText {#text} at (0,0) size 66x15
                    text run at (0,0) width 66: " Oliver Baer"
                RenderBlock {P} at (7.19,16) size 156x16
                  RenderText {#text} at (0,0) size 59x15
                    text run at (0,0) width 59: "Joe Araujo"
                RenderBlock {P} at (7.19,32) size 156x16
                  RenderText {#text} at (0,0) size 75x15
                    text run at (0,0) width 75: "Jim Mirowski"
                RenderBlock {P} at (7.19,48) size 156x16
                  RenderText {#text} at (0,0) size 63x15
                    text run at (0,0) width 63: "Scott Hersh"
                  RenderInline {SPAN} at (0,0) size 1x15
                    RenderInline {O:P} at (0,0) size 1x15
              RenderTableCell {TD} at (268,471) size 99x64 [r=12 c=2 rs=1 cs=1]
                RenderBlock {P} at (7.19,0) size 85x16
                  RenderText {#text} at (30,0) size 25x15
                    text run at (30,0) width 25: " Yes"
                RenderBlock {P} at (7.19,16) size 85x16
                  RenderText {#text} at (40,0) size 5x15
                    text run at (40,0) width 5: " "
                RenderBlock {P} at (7.19,32) size 85x16
                  RenderText {#text} at (40,0) size 5x15
                    text run at (40,0) width 5: " "
                RenderBlock {P} at (7.19,48) size 85x16
                  RenderText {#text} at (32,0) size 21x15
                    text run at (32,0) width 21: "Yes"
                  RenderInline {SPAN} at (0,0) size 1x15
                    RenderInline {O:P} at (0,0) size 1x15
              RenderTableCell {TD} at (367,471) size 106x64 [r=12 c=3 rs=1 cs=1]
                RenderBlock {P} at (7.19,0) size 92x16
                  RenderText {#text} at (36,0) size 20x15
                    text run at (36,0) width 20: " No"
                RenderBlock {P} at (7.19,16) size 92x16
                  RenderText {#text} at (44,0) size 4x15
                    text run at (44,0) width 4: " "
                RenderBlock {P} at (7.19,32) size 92x16
                  RenderText {#text} at (44,0) size 4x15
                    text run at (44,0) width 4: " "
                RenderBlock {P} at (7.19,48) size 92x16
                  RenderText {#text} at (37,0) size 18x15
                    text run at (37,0) width 18: "No"
                  RenderInline {SPAN} at (0,0) size 1x15
                    RenderInline {O:P} at (0,0) size 1x15
            RenderTableRow {TR} at (0,535) size 473x48
              RenderTableCell {TD} at (0,535) size 98x16 [r=13 c=0 rs=1 cs=1]
                RenderBlock {P} at (7.19,0) size 84x16
                  RenderText {#text} at (35,0) size 14x15
                    text run at (35,0) width 14: "14"
                  RenderInline {SPAN} at (0,0) size 1x15
                    RenderInline {O:P} at (0,0) size 1x15
              RenderTableCell {TD} at (98,535) size 170x48 [r=13 c=1 rs=1 cs=1]
                RenderBlock {P} at (7.19,0) size 156x16
                  RenderText {#text} at (0,0) size 62x15
                    text run at (0,0) width 62: " Joe Araujo"
                RenderBlock {P} at (7.19,16) size 156x16
                  RenderText {#text} at (0,0) size 71x15
                    text run at (0,0) width 71: "Steve Gilbert"
                RenderBlock {P} at (7.19,32) size 156x16
                  RenderText {#text} at (0,0) size 79x15
                    text run at (0,0) width 79: "Gary Williams"
                  RenderInline {SPAN} at (0,0) size 1x15
                    RenderInline {O:P} at (0,0) size 1x15
              RenderTableCell {TD} at (268,535) size 99x32 [r=13 c=2 rs=1 cs=1]
                RenderBlock {P} at (7.19,0) size 85x16
                  RenderText {#text} at (40,0) size 5x15
                    text run at (40,0) width 5: " "
                RenderBlock {P} at (7.19,16) size 85x16
                  RenderText {#text} at (32,0) size 21x15
                    text run at (32,0) width 21: "Yes"
                  RenderInline {SPAN} at (0,0) size 1x15
                    RenderInline {O:P} at (0,0) size 1x15
              RenderTableCell {TD} at (367,535) size 106x32 [r=13 c=3 rs=1 cs=1]
                RenderBlock {P} at (7.19,0) size 92x16
                  RenderText {#text} at (44,0) size 4x15
                    text run at (44,0) width 4: " "
                RenderBlock {P} at (7.19,16) size 92x16
                  RenderText {#text} at (37,0) size 18x15
                    text run at (37,0) width 18: "No"
                  RenderInline {SPAN} at (0,0) size 1x15
                    RenderInline {O:P} at (0,0) size 1x15
            RenderTableRow {TR} at (0,583) size 473x80
              RenderTableCell {TD} at (0,583) size 98x16 [r=14 c=0 rs=1 cs=1]
                RenderBlock {P} at (7.19,0) size 84x16
                  RenderText {#text} at (35,0) size 14x15
                    text run at (35,0) width 14: "15"
                  RenderInline {SPAN} at (0,0) size 1x15
                    RenderInline {O:P} at (0,0) size 1x15
              RenderTableCell {TD} at (98,583) size 170x80 [r=14 c=1 rs=1 cs=1]
                RenderBlock {P} at (7.19,0) size 156x16
                  RenderText {#text} at (0,0) size 66x15
                    text run at (0,0) width 66: " Oliver Baer"
                RenderBlock {P} at (7.19,16) size 156x16
                  RenderText {#text} at (0,0) size 53x15
                    text run at (0,0) width 53: "Joe Smith"
                RenderBlock {P} at (7.19,32) size 156x16
                  RenderText {#text} at (0,0) size 55x15
                    text run at (0,0) width 55: "John Paye"
                RenderBlock {P} at (7.19,48) size 156x16
                  RenderText {#text} at (0,0) size 85x15
                    text run at (0,0) width 85: "John Yearwood"
                RenderBlock {P} at (7.19,64) size 156x16
                  RenderText {#text} at (0,0) size 70x15
                    text run at (0,0) width 70: "Harald Close"
                  RenderInline {SPAN} at (0,0) size 1x15
                    RenderInline {O:P} at (0,0) size 1x15
              RenderTableCell {TD} at (268,583) size 99x80 [r=14 c=2 rs=1 cs=1]
                RenderBlock {P} at (7.19,0) size 85x16
                  RenderText {#text} at (30,0) size 25x15
                    text run at (30,0) width 25: " Yes"
                RenderBlock {P} at (7.19,16) size 85x16
                  RenderText {#text} at (40,0) size 5x15
                    text run at (40,0) width 5: " "
                RenderBlock {P} at (7.19,32) size 85x16
                  RenderText {#text} at (40,0) size 5x15
                    text run at (40,0) width 5: " "
                RenderBlock {P} at (7.19,48) size 85x16
                  RenderText {#text} at (32,0) size 21x15
                    text run at (32,0) width 21: "Yes"
                RenderBlock {P} at (7.19,64) size 85x16
                  RenderText {#text} at (32,0) size 21x15
                    text run at (32,0) width 21: "Yes"
                  RenderInline {SPAN} at (0,0) size 1x15
                    RenderInline {O:P} at (0,0) size 1x15
              RenderTableCell {TD} at (367,583) size 106x80 [r=14 c=3 rs=1 cs=1]
                RenderBlock {P} at (7.19,0) size 92x16
                  RenderText {#text} at (36,0) size 20x15
                    text run at (36,0) width 20: " No"
                RenderBlock {P} at (7.19,16) size 92x16
                  RenderText {#text} at (44,0) size 4x15
                    text run at (44,0) width 4: " "
                RenderBlock {P} at (7.19,32) size 92x16
                  RenderText {#text} at (44,0) size 4x15
                    text run at (44,0) width 4: " "
                RenderBlock {P} at (7.19,48) size 92x16
                  RenderText {#text} at (37,0) size 18x15
                    text run at (37,0) width 18: "No"
                RenderBlock {P} at (7.19,64) size 92x16
                  RenderText {#text} at (37,0) size 18x15
                    text run at (37,0) width 18: "No"
                  RenderInline {SPAN} at (0,0) size 1x15
                    RenderInline {O:P} at (0,0) size 1x15
            RenderTableRow {TR} at (0,663) size 473x32
              RenderTableCell {TD} at (0,663) size 98x16 [r=15 c=0 rs=1 cs=1]
                RenderBlock {P} at (7.19,0) size 84x16
                  RenderText {#text} at (35,0) size 14x15
                    text run at (35,0) width 14: "16"
                  RenderInline {SPAN} at (0,0) size 1x15
                    RenderInline {O:P} at (0,0) size 1x15
              RenderTableCell {TD} at (98,663) size 170x32 [r=15 c=1 rs=1 cs=1]
                RenderBlock {P} at (7.19,0) size 156x16
                  RenderText {#text} at (0,0) size 83x15
                    text run at (0,0) width 83: " James Haladus"
                RenderBlock {P} at (7.19,16) size 156x16
                  RenderText {#text} at (0,0) size 53x15
                    text run at (0,0) width 53: "Joe Smith"
                  RenderInline {SPAN} at (0,0) size 1x15
                    RenderInline {O:P} at (0,0) size 1x15
              RenderTableCell {TD} at (268,663) size 99x16 [r=15 c=2 rs=1 cs=1]
                RenderBlock {P} at (7.19,0) size 85x16
                  RenderText {#text} at (30,0) size 25x15
                    text run at (30,0) width 25: " Yes"
                  RenderInline {SPAN} at (0,0) size 1x15
                    RenderInline {O:P} at (0,0) size 1x15
              RenderTableCell {TD} at (367,663) size 106x16 [r=15 c=3 rs=1 cs=1]
                RenderBlock {P} at (7.19,0) size 92x16
                  RenderText {#text} at (36,0) size 20x15
                    text run at (36,0) width 20: " No"
                  RenderInline {SPAN} at (0,0) size 1x15
                    RenderInline {O:P} at (0,0) size 1x15
            RenderTableRow {TR} at (0,695) size 473x80
              RenderTableCell {TD} at (0,695) size 98x16 [r=16 c=0 rs=1 cs=1]
                RenderBlock {P} at (7.19,0) size 84x16
                  RenderText {#text} at (35,0) size 14x15
                    text run at (35,0) width 14: "17"
                  RenderInline {SPAN} at (0,0) size 1x15
                    RenderInline {O:P} at (0,0) size 1x15
              RenderTableCell {TD} at (98,695) size 170x80 [r=16 c=1 rs=1 cs=1]
                RenderBlock {P} at (7.19,0) size 156x16
                  RenderText {#text} at (0,0) size 61x15
                    text run at (0,0) width 61: "Doug Field"
                  RenderInline {SPAN} at (0,0) size 1x15
                    RenderInline {O:P} at (0,0) size 1x15
                RenderBlock {P} at (7.19,16) size 156x16
                  RenderText {#text} at (0,0) size 65x15
                    text run at (0,0) width 65: "Dave Neves"
                RenderBlock {P} at (7.19,32) size 156x16
                  RenderText {#text} at (0,0) size 63x15
                    text run at (0,0) width 63: "Oliver Baer"
                RenderBlock {P} at (7.19,48) size 156x16
                  RenderText {#text} at (0,0) size 57x15
                    text run at (0,0) width 57: "John Todd"
                RenderBlock {P} at (7.19,64) size 156x16
                  RenderText {#text} at (0,0) size 99x15
                    text run at (0,0) width 99: "Dave Christiansen"
                  RenderInline {SPAN} at (0,0) size 1x15
                    RenderInline {O:P} at (0,0) size 1x15
              RenderTableCell {TD} at (268,695) size 99x80 [r=16 c=2 rs=1 cs=1]
                RenderBlock {P} at (7.19,0) size 85x16
                  RenderText {#text} at (32,0) size 21x15
                    text run at (32,0) width 21: "Yes"
                  RenderInline {SPAN} at (0,0) size 1x15
                    RenderInline {O:P} at (0,0) size 1x15
                RenderBlock {P} at (7.19,16) size 85x16
                  RenderText {#text} at (32,0) size 21x15
                    text run at (32,0) width 21: "Yes"
                RenderBlock {P} at (7.19,32) size 85x16
                  RenderText {#text} at (32,0) size 21x15
                    text run at (32,0) width 21: "Yes"
                RenderBlock {P} at (7.19,48) size 85x16
                  RenderText {#text} at (40,0) size 5x15
                    text run at (40,0) width 5: " "
                RenderBlock {P} at (7.19,64) size 85x16
                  RenderText {#text} at (32,0) size 21x15
                    text run at (32,0) width 21: "Yes"
                  RenderInline {SPAN} at (0,0) size 1x15
                    RenderInline {O:P} at (0,0) size 1x15
              RenderTableCell {TD} at (367,695) size 106x80 [r=16 c=3 rs=1 cs=1]
                RenderBlock {P} at (7.19,0) size 92x16
                  RenderText {#text} at (37,0) size 18x15
                    text run at (37,0) width 18: "No"
                  RenderInline {SPAN} at (0,0) size 1x15
                    RenderInline {O:P} at (0,0) size 1x15
                RenderBlock {P} at (7.19,16) size 92x16
                  RenderText {#text} at (35,0) size 22x15
                    text run at (35,0) width 22: "Yes"
                RenderBlock {P} at (7.19,32) size 92x16
                  RenderText {#text} at (37,0) size 18x15
                    text run at (37,0) width 18: "No"
                RenderBlock {P} at (7.19,48) size 92x16
                  RenderText {#text} at (44,0) size 4x15
                    text run at (44,0) width 4: " "
                RenderBlock {P} at (7.19,64) size 92x16
                  RenderText {#text} at (37,0) size 18x15
                    text run at (37,0) width 18: "No"
                  RenderInline {SPAN} at (0,0) size 1x15
                    RenderInline {O:P} at (0,0) size 1x15
            RenderTableRow {TR} at (0,775) size 473x112
              RenderTableCell {TD} at (0,775) size 98x16 [r=17 c=0 rs=1 cs=1]
                RenderBlock {P} at (7.19,0) size 84x16
                  RenderText {#text} at (35,0) size 14x15
                    text run at (35,0) width 14: "18"
                  RenderInline {SPAN} at (0,0) size 1x15
                    RenderInline {O:P} at (0,0) size 1x15
              RenderTableCell {TD} at (98,775) size 170x112 [r=17 c=1 rs=1 cs=1]
                RenderBlock {P} at (7.19,0) size 156x16
                  RenderText {#text} at (0,0) size 79x15
                    text run at (0,0) width 79: "Robert Barnett"
                RenderBlock {P} at (7.19,16) size 156x16
                  RenderText {#text} at (0,0) size 73x15
                    text run at (0,0) width 73: "Jim Mahoney"
                RenderBlock {P} at (7.19,32) size 156x16
                  RenderText {#text} at (0,0) size 79x15
                    text run at (0,0) width 79: "Dave Marshall"
                RenderBlock {P} at (7.19,48) size 156x16
                  RenderText {#text} at (0,0) size 86x15
                    text run at (0,0) width 86: "Gerald Cardinal"
                RenderBlock {P} at (7.19,64) size 156x16
                  RenderText {#text} at (0,0) size 105x15
                    text run at (0,0) width 105: "Dan & Will Sievert"
                RenderBlock {P} at (7.19,80) size 156x16
                  RenderText {#text} at (0,0) size 99x15
                    text run at (0,0) width 99: "Ellsworth Crowell"
                RenderBlock {P} at (7.19,96) size 156x16
                  RenderText {#text} at (0,0) size 59x15
                    text run at (0,0) width 59: "Jim Colvin"
                  RenderInline {SPAN} at (0,0) size 1x15
                    RenderInline {O:P} at (0,0) size 1x15
              RenderTableCell {TD} at (268,775) size 99x96 [r=17 c=2 rs=1 cs=1]
                RenderBlock {P} at (7.19,0) size 85x16
                  RenderText {#text} at (32,0) size 21x15
                    text run at (32,0) width 21: "Yes"
                RenderBlock {P} at (7.19,16) size 85x16
                  RenderText {#text} at (32,0) size 21x15
                    text run at (32,0) width 21: "Yes"
                RenderBlock {P} at (7.19,32) size 85x16
                  RenderText {#text} at (32,0) size 21x15
                    text run at (32,0) width 21: "Yes"
                RenderBlock {P} at (7.19,48) size 85x16
                  RenderText {#text} at (40,0) size 5x15
                    text run at (40,0) width 5: " "
                RenderBlock {P} at (7.19,64) size 85x16
                  RenderText {#text} at (32,0) size 21x15
                    text run at (32,0) width 21: "Yes"
                RenderBlock {P} at (7.19,80) size 85x16
                  RenderText {#text} at (32,0) size 21x15
                    text run at (32,0) width 21: "Yes"
                  RenderInline {SPAN} at (0,0) size 1x15
                    RenderInline {O:P} at (0,0) size 1x15
              RenderTableCell {TD} at (367,775) size 106x96 [r=17 c=3 rs=1 cs=1]
                RenderBlock {P} at (7.19,0) size 92x16
                  RenderText {#text} at (37,0) size 18x15
                    text run at (37,0) width 18: "No"
                RenderBlock {P} at (7.19,16) size 92x16
                  RenderText {#text} at (35,0) size 22x15
                    text run at (35,0) width 22: "Yes"
                RenderBlock {P} at (7.19,32) size 92x16
                  RenderText {#text} at (37,0) size 18x15
                    text run at (37,0) width 18: "No"
                RenderBlock {P} at (7.19,48) size 92x16
                  RenderText {#text} at (44,0) size 4x15
                    text run at (44,0) width 4: " "
                RenderBlock {P} at (7.19,64) size 92x16
                  RenderText {#text} at (37,0) size 18x15
                    text run at (37,0) width 18: "No"
                RenderBlock {P} at (7.19,80) size 92x16
                  RenderText {#text} at (37,0) size 18x15
                    text run at (37,0) width 18: "No"
                  RenderInline {SPAN} at (0,0) size 1x15
                    RenderInline {O:P} at (0,0) size 1x15
            RenderTableRow {TR} at (0,887) size 473x64
              RenderTableCell {TD} at (0,887) size 98x16 [r=18 c=0 rs=1 cs=1]
                RenderBlock {P} at (7.19,0) size 84x16
                  RenderText {#text} at (35,0) size 14x15
                    text run at (35,0) width 14: "19"
                  RenderInline {SPAN} at (0,0) size 1x15
                    RenderInline {O:P} at (0,0) size 1x15
              RenderTableCell {TD} at (98,887) size 170x64 [r=18 c=1 rs=1 cs=1]
                RenderBlock {P} at (7.19,0) size 156x16
                  RenderInline {SPAN} at (0,0) size 67x15
                    RenderText {#text} at (0,0) size 67x15
                      text run at (0,0) width 41: "Noriya "
                      text run at (40,0) width 27: "Kato"
                RenderBlock {P} at (7.19,16) size 156x16
                  RenderText {#text} at (0,0) size 57x15
                    text run at (0,0) width 57: "John Todd"
                RenderBlock {P} at (7.19,32) size 156x16
                  RenderText {#text} at (0,0) size 73x15
                    text run at (0,0) width 73: "James Brown"
                RenderBlock {P} at (7.19,48) size 156x16
                  RenderText {#text} at (0,0) size 84x15
                    text run at (0,0) width 84: "Mike Anderson"
                  RenderInline {SPAN} at (0,0) size 1x15
                    RenderInline {O:P} at (0,0) size 1x15
              RenderTableCell {TD} at (268,887) size 99x64 [r=18 c=2 rs=1 cs=1]
                RenderBlock {P} at (7.19,0) size 85x16
                  RenderInline {SPAN} at (0,0) size 21x15
                    RenderText {#text} at (32,0) size 21x15
                      text run at (32,0) width 21: "Yes"
                RenderBlock {P} at (7.19,16) size 85x16
                  RenderText {#text} at (40,0) size 5x15
                    text run at (40,0) width 5: " "
                RenderBlock {P} at (7.19,32) size 85x16
                  RenderInline {SPAN} at (0,0) size 21x15
                    RenderText {#text} at (32,0) size 21x15
                      text run at (32,0) width 21: "Yes"
                RenderBlock {P} at (7.19,48) size 85x16
                  RenderInline {SPAN} at (0,0) size 21x15
                    RenderText {#text} at (32,0) size 21x15
                      text run at (32,0) width 21: "Yes"
                  RenderInline {SPAN} at (0,0) size 1x15
                    RenderInline {O:P} at (0,0) size 1x15
              RenderTableCell {TD} at (367,887) size 106x64 [r=18 c=3 rs=1 cs=1]
                RenderBlock {P} at (7.19,0) size 92x16
                  RenderInline {SPAN} at (0,0) size 18x15
                    RenderText {#text} at (37,0) size 18x15
                      text run at (37,0) width 18: "No"
                RenderBlock {P} at (7.19,16) size 92x16
                  RenderText {#text} at (44,0) size 4x15
                    text run at (44,0) width 4: " "
                RenderBlock {P} at (7.19,32) size 92x16
                  RenderInline {SPAN} at (0,0) size 18x15
                    RenderText {#text} at (37,0) size 18x15
                      text run at (37,0) width 18: "No"
                RenderBlock {P} at (7.19,48) size 92x16
                  RenderInline {SPAN} at (0,0) size 18x15
                    RenderText {#text} at (37,0) size 18x15
                      text run at (37,0) width 18: "No"
                  RenderInline {SPAN} at (0,0) size 1x15
                    RenderInline {O:P} at (0,0) size 1x15
            RenderTableRow {TR} at (0,951) size 473x48
              RenderTableCell {TD} at (0,951) size 98x16 [r=19 c=0 rs=1 cs=1]
                RenderBlock {P} at (7.19,0) size 84x16
                  RenderText {#text} at (35,0) size 14x15
                    text run at (35,0) width 14: "20"
                  RenderInline {SPAN} at (0,0) size 1x15
                    RenderInline {O:P} at (0,0) size 1x15
              RenderTableCell {TD} at (98,951) size 170x48 [r=19 c=1 rs=1 cs=1]
                RenderBlock {P} at (7.19,0) size 156x16
                  RenderText {#text} at (0,0) size 68x15
                    text run at (0,0) width 68: "Bill Johnson"
                RenderBlock {P} at (7.19,16) size 156x16
                  RenderText {#text} at (0,0) size 88x15
                    text run at (0,0) width 88: "Dominic Bayani"
                RenderBlock {P} at (7.19,32) size 156x16
                  RenderText {#text} at (0,0) size 70x15
                    text run at (0,0) width 70: "Rick Latham"
                  RenderInline {SPAN} at (0,0) size 1x15
                    RenderInline {O:P} at (0,0) size 1x15
              RenderTableCell {TD} at (268,951) size 99x48 [r=19 c=2 rs=1 cs=1]
                RenderBlock {P} at (7.19,0) size 85x16
                  RenderText {#text} at (32,0) size 21x15
                    text run at (32,0) width 21: "Yes"
                RenderBlock {P} at (7.19,16) size 85x16
                  RenderText {#text} at (40,0) size 5x15
                    text run at (40,0) width 5: " "
                RenderBlock {P} at (7.19,32) size 85x16
                  RenderText {#text} at (32,0) size 21x15
                    text run at (32,0) width 21: "Yes"
                  RenderInline {SPAN} at (0,0) size 1x15
                    RenderInline {O:P} at (0,0) size 1x15
              RenderTableCell {TD} at (367,951) size 106x48 [r=19 c=3 rs=1 cs=1]
                RenderBlock {P} at (7.19,0) size 92x16
                  RenderText {#text} at (37,0) size 18x15
                    text run at (37,0) width 18: "No"
                RenderBlock {P} at (7.19,16) size 92x16
                  RenderText {#text} at (44,0) size 4x15
                    text run at (44,0) width 4: " "
                RenderBlock {P} at (7.19,32) size 92x16
                  RenderText {#text} at (37,0) size 18x15
                    text run at (37,0) width 18: "No"
                  RenderInline {SPAN} at (0,0) size 1x15
                    RenderInline {O:P} at (0,0) size 1x15
            RenderTableRow {TR} at (0,999) size 473x16
              RenderTableCell {TD} at (0,999) size 98x16 [r=20 c=0 rs=1 cs=1]
                RenderBlock {P} at (7.19,0) size 84x16
                  RenderText {#text} at (35,0) size 14x15
                    text run at (35,0) width 14: "21"
                  RenderInline {SPAN} at (0,0) size 1x15
                    RenderInline {O:P} at (0,0) size 1x15
              RenderTableCell {TD} at (98,999) size 170x16 [r=20 c=1 rs=1 cs=1]
                RenderBlock {P} at (7.19,0) size 156x16
                  RenderText {#text} at (0,0) size 66x15
                    text run at (0,0) width 66: " Simon Tam"
                  RenderInline {SPAN} at (0,0) size 1x15
                    RenderInline {O:P} at (0,0) size 1x15
              RenderTableCell {TD} at (268,999) size 99x16 [r=20 c=2 rs=1 cs=1]
                RenderBlock {P} at (7.19,0) size 85x16
                  RenderText {#text} at (40,0) size 5x15
                    text run at (40,0) width 5: " "
                  RenderInline {SPAN} at (0,0) size 1x15
                    RenderInline {O:P} at (0,0) size 1x15
              RenderTableCell {TD} at (367,999) size 106x16 [r=20 c=3 rs=1 cs=1]
                RenderBlock {P} at (7.19,0) size 92x16
                  RenderText {#text} at (44,0) size 4x15
                    text run at (44,0) width 4: " "
                  RenderInline {SPAN} at (0,0) size 1x15
                    RenderInline {O:P} at (0,0) size 1x15
            RenderTableRow {TR} at (0,1015) size 473x80
              RenderTableCell {TD} at (0,1015) size 98x16 [r=21 c=0 rs=1 cs=1]
                RenderBlock {P} at (7.19,0) size 84x16
                  RenderText {#text} at (35,0) size 14x15
                    text run at (35,0) width 14: "22"
                  RenderInline {SPAN} at (0,0) size 1x15
                    RenderInline {O:P} at (0,0) size 1x15
              RenderTableCell {TD} at (98,1015) size 170x80 [r=21 c=1 rs=1 cs=1]
                RenderBlock {P} at (7.19,0) size 156x16
                  RenderText {#text} at (0,0) size 65x15
                    text run at (0,0) width 65: "Dave Neves"
                  RenderInline {SPAN} at (0,0) size 1x15
                    RenderInline {O:P} at (0,0) size 1x15
                RenderBlock {P} at (7.19,16) size 156x16
                  RenderText {#text} at (0,0) size 90x15
                    text run at (0,0) width 90: "Grant Sanderson"
                  RenderInline {SPAN} at (0,0) size 1x15
                    RenderInline {O:P} at (0,0) size 1x15
                RenderBlock {P} at (7.19,32) size 156x16
                  RenderText {#text} at (0,0) size 85x15
                    text run at (0,0) width 85: "Maurice Burton"
                RenderBlock {P} at (7.19,48) size 156x16
                  RenderText {#text} at (0,0) size 117x15
                    text run at (0,0) width 117: "Mike Gilmartin ?????"
                RenderBlock {P} at (7.19,64) size 156x16
                  RenderText {#text} at (0,0) size 67x15
                    text run at (0,0) width 67: "Chris Walsh"
                  RenderInline {SPAN} at (0,0) size 1x15
                    RenderInline {O:P} at (0,0) size 1x15
              RenderTableCell {TD} at (268,1015) size 99x80 [r=21 c=2 rs=1 cs=1]
                RenderBlock {P} at (7.19,0) size 85x16
                  RenderText {#text} at (32,0) size 21x15
                    text run at (32,0) width 21: "Yes"
                  RenderInline {SPAN} at (0,0) size 1x15
                    RenderInline {O:P} at (0,0) size 1x15
                RenderBlock {P} at (7.19,16) size 85x16
                  RenderText {#text} at (32,0) size 21x15
                    text run at (32,0) width 21: "Yes"
                  RenderInline {SPAN} at (0,0) size 1x15
                    RenderInline {O:P} at (0,0) size 1x15
                RenderBlock {P} at (7.19,32) size 85x16
                  RenderText {#text} at (32,0) size 21x15
                    text run at (32,0) width 21: "Yes"
                RenderBlock {P} at (7.19,48) size 85x16
                  RenderText {#text} at (32,0) size 21x15
                    text run at (32,0) width 21: "Yes"
                RenderBlock {P} at (7.19,64) size 85x16
                  RenderText {#text} at (32,0) size 21x15
                    text run at (32,0) width 21: "Yes"
                  RenderInline {SPAN} at (0,0) size 1x15
                    RenderInline {O:P} at (0,0) size 1x15
              RenderTableCell {TD} at (367,1015) size 106x80 [r=21 c=3 rs=1 cs=1]
                RenderBlock {P} at (7.19,0) size 92x16
                  RenderText {#text} at (35,0) size 22x15
                    text run at (35,0) width 22: "Yes"
                  RenderInline {SPAN} at (0,0) size 1x15
                    RenderInline {O:P} at (0,0) size 1x15
                RenderBlock {P} at (7.19,16) size 92x16
                  RenderText {#text} at (37,0) size 18x15
                    text run at (37,0) width 18: "No"
                  RenderInline {SPAN} at (0,0) size 1x15
                    RenderInline {O:P} at (0,0) size 1x15
                RenderBlock {P} at (7.19,32) size 92x16
                  RenderText {#text} at (37,0) size 18x15
                    text run at (37,0) width 18: "No"
                RenderBlock {P} at (7.19,48) size 92x16
                  RenderText {#text} at (35,0) size 22x15
                    text run at (35,0) width 22: "Yes"
                RenderBlock {P} at (7.19,64) size 92x16
                  RenderText {#text} at (37,0) size 18x15
                    text run at (37,0) width 18: "No"
                  RenderInline {SPAN} at (0,0) size 1x15
                    RenderInline {O:P} at (0,0) size 1x15
            RenderTableRow {TR} at (0,1095) size 473x80
              RenderTableCell {TD} at (0,1095) size 98x16 [r=22 c=0 rs=1 cs=1]
                RenderBlock {P} at (7.19,0) size 84x16
                  RenderText {#text} at (35,0) size 14x15
                    text run at (35,0) width 14: "23"
                  RenderInline {SPAN} at (0,0) size 1x15
                    RenderInline {O:P} at (0,0) size 1x15
              RenderTableCell {TD} at (98,1095) size 170x80 [r=22 c=1 rs=1 cs=1]
                RenderBlock {P} at (7.19,0) size 156x16
                  RenderText {#text} at (0,0) size 65x15
                    text run at (0,0) width 65: "Dave Neves"
                  RenderInline {SPAN} at (0,0) size 1x15
                    RenderInline {O:P} at (0,0) size 1x15
                RenderBlock {P} at (7.19,16) size 156x16
                  RenderText {#text} at (0,0) size 85x15
                    text run at (0,0) width 85: "Maurice Burton"
                RenderBlock {P} at (7.19,32) size 156x16
                  RenderText {#text} at (0,0) size 63x15
                    text run at (0,0) width 63: "Oliver Baer"
                RenderBlock {P} at (7.19,48) size 156x16
                  RenderText {#text} at (0,0) size 57x15
                    text run at (0,0) width 57: "John Todd"
                RenderBlock {P} at (7.19,64) size 156x16
                  RenderText {#text} at (0,0) size 66x15
                    text run at (0,0) width 66: "Rich Saunef"
                  RenderInline {SPAN} at (0,0) size 1x15
                    RenderInline {O:P} at (0,0) size 1x15
              RenderTableCell {TD} at (268,1095) size 99x80 [r=22 c=2 rs=1 cs=1]
                RenderBlock {P} at (7.19,0) size 85x16
                  RenderText {#text} at (32,0) size 21x15
                    text run at (32,0) width 21: "Yes"
                  RenderInline {SPAN} at (0,0) size 1x15
                    RenderInline {O:P} at (0,0) size 1x15
                RenderBlock {P} at (7.19,16) size 85x16
                  RenderText {#text} at (32,0) size 21x15
                    text run at (32,0) width 21: "Yes"
                RenderBlock {P} at (7.19,32) size 85x16
                  RenderText {#text} at (32,0) size 21x15
                    text run at (32,0) width 21: "Yes"
                RenderBlock {P} at (7.19,48) size 85x16
                  RenderText {#text} at (40,0) size 5x15
                    text run at (40,0) width 5: " "
                RenderBlock {P} at (7.19,64) size 85x16
                  RenderText {#text} at (32,0) size 21x15
                    text run at (32,0) width 21: "Yes"
                  RenderInline {SPAN} at (0,0) size 1x15
                    RenderInline {O:P} at (0,0) size 1x15
              RenderTableCell {TD} at (367,1095) size 106x80 [r=22 c=3 rs=1 cs=1]
                RenderBlock {P} at (7.19,0) size 92x16
                  RenderText {#text} at (35,0) size 22x15
                    text run at (35,0) width 22: "Yes"
                  RenderInline {SPAN} at (0,0) size 1x15
                    RenderInline {O:P} at (0,0) size 1x15
                RenderBlock {P} at (7.19,16) size 92x16
                  RenderText {#text} at (37,0) size 18x15
                    text run at (37,0) width 18: "No"
                RenderBlock {P} at (7.19,32) size 92x16
                  RenderText {#text} at (37,0) size 18x15
                    text run at (37,0) width 18: "No"
                RenderBlock {P} at (7.19,48) size 92x16
                  RenderText {#text} at (44,0) size 4x15
                    text run at (44,0) width 4: " "
                RenderBlock {P} at (7.19,64) size 92x16
                  RenderText {#text} at (37,0) size 18x15
                    text run at (37,0) width 18: "No"
                  RenderInline {SPAN} at (0,0) size 1x15
                    RenderInline {O:P} at (0,0) size 1x15
            RenderTableRow {TR} at (0,1175) size 473x80
              RenderTableCell {TD} at (0,1175) size 98x16 [r=23 c=0 rs=1 cs=1]
                RenderBlock {P} at (7.19,0) size 84x16
                  RenderText {#text} at (35,0) size 14x15
                    text run at (35,0) width 14: "24"
                  RenderInline {SPAN} at (0,0) size 1x15
                    RenderInline {O:P} at (0,0) size 1x15
              RenderTableCell {TD} at (98,1175) size 170x80 [r=23 c=1 rs=1 cs=1]
                RenderBlock {P} at (7.19,0) size 156x16
                  RenderText {#text} at (0,0) size 67x15
                    text run at (0,0) width 67: " Dan Sievert"
                RenderBlock {P} at (7.19,16) size 156x16
                  RenderText {#text} at (0,0) size 62x15
                    text run at (0,0) width 62: "Jerry Davis"
                RenderBlock {P} at (7.19,32) size 156x16
                  RenderText {#text} at (0,0) size 63x15
                    text run at (0,0) width 63: "Scott Hersh"
                RenderBlock {P} at (7.19,48) size 156x16
                  RenderText {#text} at (0,0) size 51x15
                    text run at (0,0) width 51: "Rick Bell"
                RenderBlock {P} at (7.19,64) size 156x16
                  RenderText {#text} at (0,0) size 57x15
                    text run at (0,0) width 57: "Eric Shum"
                  RenderInline {SPAN} at (0,0) size 1x15
                    RenderInline {O:P} at (0,0) size 1x15
              RenderTableCell {TD} at (268,1175) size 99x80 [r=23 c=2 rs=1 cs=1]
                RenderBlock {P} at (7.19,0) size 85x16
                  RenderText {#text} at (30,0) size 25x15
                    text run at (30,0) width 25: " Yes"
                RenderBlock {P} at (7.19,16) size 85x16
                  RenderText {#text} at (32,0) size 21x15
                    text run at (32,0) width 21: "Yes"
                RenderBlock {P} at (7.19,32) size 85x16
                  RenderText {#text} at (32,0) size 21x15
                    text run at (32,0) width 21: "Yes"
                RenderBlock {P} at (7.19,48) size 85x16
                  RenderText {#text} at (32,0) size 21x15
                    text run at (32,0) width 21: "Yes"
                RenderBlock {P} at (7.19,64) size 85x16
                  RenderText {#text} at (32,0) size 21x15
                    text run at (32,0) width 21: "Yes"
                  RenderInline {SPAN} at (0,0) size 1x15
                    RenderInline {O:P} at (0,0) size 1x15
              RenderTableCell {TD} at (367,1175) size 106x80 [r=23 c=3 rs=1 cs=1]
                RenderBlock {P} at (7.19,0) size 92x16
                  RenderText {#text} at (36,0) size 20x15
                    text run at (36,0) width 20: " No"
                RenderBlock {P} at (7.19,16) size 92x16
                  RenderText {#text} at (37,0) size 18x15
                    text run at (37,0) width 18: "No"
                RenderBlock {P} at (7.19,32) size 92x16
                  RenderText {#text} at (37,0) size 18x15
                    text run at (37,0) width 18: "No"
                RenderBlock {P} at (7.19,48) size 92x16
                  RenderText {#text} at (37,0) size 18x15
                    text run at (37,0) width 18: "No"
                RenderBlock {P} at (7.19,64) size 92x16
                  RenderText {#text} at (37,0) size 18x15
                    text run at (37,0) width 18: "No"
                  RenderInline {SPAN} at (0,0) size 1x15
                    RenderInline {O:P} at (0,0) size 1x15
            RenderTableRow {TR} at (0,1255) size 473x32
              RenderTableCell {TD} at (0,1255) size 98x16 [r=24 c=0 rs=1 cs=1]
                RenderBlock {P} at (7.19,0) size 84x16
                  RenderText {#text} at (35,0) size 14x15
                    text run at (35,0) width 14: "25"
                  RenderInline {SPAN} at (0,0) size 1x15
                    RenderInline {O:P} at (0,0) size 1x15
              RenderTableCell {TD} at (98,1255) size 170x32 [r=24 c=1 rs=1 cs=1]
                RenderBlock {P} at (7.19,0) size 156x16
                  RenderText {#text} at (0,0) size 71x15
                    text run at (0,0) width 71: "James Davey"
                RenderBlock {P} at (7.19,16) size 156x16
                  RenderText {#text} at (0,0) size 93x15
                    text run at (0,0) width 93: "Ruenjoe (Joe) Lu"
                  RenderInline {SPAN} at (0,0) size 1x15
                    RenderInline {O:P} at (0,0) size 1x15
              RenderTableCell {TD} at (268,1255) size 99x16 [r=24 c=2 rs=1 cs=1]
                RenderBlock {P} at (7.19,0) size 85x16
                  RenderText {#text} at (32,0) size 21x15
                    text run at (32,0) width 21: "Yes"
                  RenderInline {SPAN} at (0,0) size 1x15
                    RenderInline {O:P} at (0,0) size 1x15
              RenderTableCell {TD} at (367,1255) size 106x16 [r=24 c=3 rs=1 cs=1]
                RenderBlock {P} at (7.19,0) size 92x16
                  RenderText {#text} at (35,0) size 22x15
                    text run at (35,0) width 22: "Yes"
                  RenderInline {SPAN} at (0,0) size 1x15
                    RenderInline {O:P} at (0,0) size 1x15
            RenderTableRow {TR} at (0,1287) size 473x160
              RenderTableCell {TD} at (0,1287) size 98x16 [r=25 c=0 rs=1 cs=1]
                RenderBlock {P} at (7.19,0) size 84x16
                  RenderText {#text} at (35,0) size 14x15
                    text run at (35,0) width 14: "26"
                  RenderInline {SPAN} at (0,0) size 1x15
                    RenderInline {O:P} at (0,0) size 1x15
              RenderTableCell {TD} at (98,1287) size 170x160 [r=25 c=1 rs=1 cs=1]
                RenderBlock {P} at (7.19,0) size 156x16
                  RenderText {#text} at (0,0) size 88x15
                    text run at (0,0) width 88: "Alan Littlewood"
                  RenderInline {SPAN} at (0,0) size 1x15
                    RenderInline {O:P} at (0,0) size 1x15
                RenderBlock {P} at (7.19,16) size 156x16
                  RenderText {#text} at (0,0) size 73x15
                    text run at (0,0) width 73: "Darren Braun"
                  RenderInline {SPAN} at (0,0) size 1x15
                    RenderInline {O:P} at (0,0) size 1x15
                RenderBlock {P} at (7.19,32) size 156x16
                  RenderText {#text} at (0,0) size 63x15
                    text run at (0,0) width 63: "Simon Tam"
                RenderBlock {P} at (7.19,48) size 156x16
                  RenderText {#text} at (0,0) size 77x15
                    text run at (0,0) width 77: "Chuck Pringle"
                RenderBlock {P} at (7.19,64) size 156x16
                  RenderText {#text} at (0,0) size 90x15
                    text run at (0,0) width 90: "Gary Pendergras"
                RenderBlock {P} at (7.19,80) size 156x16
                  RenderText {#text} at (0,0) size 79x15
                    text run at (0,0) width 79: "Peter Mazanec"
                RenderBlock {P} at (7.19,96) size 156x16
                  RenderText {#text} at (0,0) size 83x15
                    text run at (0,0) width 83: "Harry Imamura"
                RenderBlock {P} at (7.19,112) size 156x16
                  RenderText {#text} at (0,0) size 59x15
                    text run at (0,0) width 59: "Joe Araujo"
                RenderBlock {P} at (7.19,128) size 156x16
                  RenderText {#text} at (0,0) size 79x15
                    text run at (0,0) width 79: "Gary Williams"
                RenderBlock {P} at (7.19,144) size 156x16
                  RenderText {#text} at (0,0) size 89x15
                    text run at (0,0) width 89: "Jack Goodfriend"
                  RenderInline {SPAN} at (0,0) size 1x15
                    RenderInline {O:P} at (0,0) size 1x15
              RenderTableCell {TD} at (268,1287) size 99x112 [r=25 c=2 rs=1 cs=1]
                RenderBlock {P} at (7.19,0) size 85x16
                  RenderText {#text} at (32,0) size 21x15
                    text run at (32,0) width 21: "Yes"
                  RenderInline {SPAN} at (0,0) size 1x15
                    RenderInline {O:P} at (0,0) size 1x15
                RenderBlock {P} at (7.19,16) size 85x16
                  RenderText {#text} at (32,0) size 21x15
                    text run at (32,0) width 21: "Yes"
                  RenderInline {SPAN} at (0,0) size 1x15
                    RenderInline {O:P} at (0,0) size 1x15
                RenderBlock {P} at (7.19,32) size 85x16
                  RenderText {#text} at (32,0) size 21x15
                    text run at (32,0) width 21: "Yes"
                RenderBlock {P} at (7.19,48) size 85x16
                  RenderText {#text} at (32,0) size 21x15
                    text run at (32,0) width 21: "Yes"
                RenderBlock {P} at (7.19,64) size 85x16
                  RenderText {#text} at (32,0) size 21x15
                    text run at (32,0) width 21: "Yes"
                RenderBlock {P} at (7.19,80) size 85x16
                  RenderText {#text} at (32,0) size 21x15
                    text run at (32,0) width 21: "Yes"
                RenderBlock {P} at (7.19,96) size 85x16
                  RenderText {#text} at (34,0) size 17x15
                    text run at (34,0) width 17: "No"
                  RenderInline {SPAN} at (0,0) size 1x15
                    RenderInline {O:P} at (0,0) size 1x15
              RenderTableCell {TD} at (367,1287) size 106x112 [r=25 c=3 rs=1 cs=1]
                RenderBlock {P} at (7.19,0) size 92x16
                  RenderText {#text} at (37,0) size 18x15
                    text run at (37,0) width 18: "No"
                  RenderInline {SPAN} at (0,0) size 1x15
                    RenderInline {O:P} at (0,0) size 1x15
                RenderBlock {P} at (7.19,16) size 92x16
                  RenderText {#text} at (37,0) size 18x15
                    text run at (37,0) width 18: "No"
                  RenderInline {SPAN} at (0,0) size 1x15
                    RenderInline {O:P} at (0,0) size 1x15
                RenderBlock {P} at (7.19,32) size 92x16
                  RenderText {#text} at (37,0) size 18x15
                    text run at (37,0) width 18: "No"
                RenderBlock {P} at (7.19,48) size 92x16
                  RenderText {#text} at (37,0) size 18x15
                    text run at (37,0) width 18: "No"
                RenderBlock {P} at (7.19,64) size 92x16
                  RenderText {#text} at (37,0) size 18x15
                    text run at (37,0) width 18: "No"
                RenderBlock {P} at (7.19,80) size 92x16
                  RenderText {#text} at (37,0) size 18x15
                    text run at (37,0) width 18: "No"
                RenderBlock {P} at (7.19,96) size 92x16
                  RenderText {#text} at (35,0) size 22x15
                    text run at (35,0) width 22: "Yes"
                  RenderInline {SPAN} at (0,0) size 1x15
                    RenderInline {O:P} at (0,0) size 1x15
            RenderTableRow {TR} at (0,1447) size 473x96
              RenderTableCell {TD} at (0,1447) size 98x16 [r=26 c=0 rs=1 cs=1]
                RenderBlock {P} at (7.19,0) size 84x16
                  RenderText {#text} at (35,0) size 14x15
                    text run at (35,0) width 14: "27"
                  RenderInline {SPAN} at (0,0) size 1x15
                    RenderInline {O:P} at (0,0) size 1x15
              RenderTableCell {TD} at (98,1447) size 170x96 [r=26 c=1 rs=1 cs=1]
                RenderBlock {P} at (7.19,0) size 156x16
                  RenderText {#text} at (0,0) size 73x15
                    text run at (0,0) width 73: "Darren Braun"
                  RenderInline {SPAN} at (0,0) size 1x15
                    RenderInline {O:P} at (0,0) size 1x15
                RenderBlock {P} at (7.19,16) size 156x16
                  RenderText {#text} at (0,0) size 94x15
                    text run at (0,0) width 94: "Ian + Brad Carter"
                  RenderInline {SPAN} at (0,0) size 1x15
                    RenderInline {O:P} at (0,0) size 1x15
                RenderBlock {P} at (7.19,32) size 156x16
                  RenderText {#text} at (0,0) size 73x15
                    text run at (0,0) width 73: "Pete Peterson"
                RenderBlock {P} at (7.19,48) size 156x16
                  RenderText {#text} at (0,0) size 83x15
                    text run at (0,0) width 83: "John Chamorro"
                RenderBlock {P} at (7.19,64) size 156x16
                  RenderText {#text} at (0,0) size 69x15
                    text run at (0,0) width 69: "Ali Erdengiz"
                RenderBlock {P} at (7.19,80) size 156x16
                  RenderText {#text} at (0,0) size 57x15
                    text run at (0,0) width 57: "Saibal Sen"
                  RenderInline {SPAN} at (0,0) size 1x15
                    RenderInline {O:P} at (0,0) size 1x15
              RenderTableCell {TD} at (268,1447) size 99x96 [r=26 c=2 rs=1 cs=1]
                RenderBlock {P} at (7.19,0) size 85x16
                  RenderText {#text} at (32,0) size 21x15
                    text run at (32,0) width 21: "Yes"
                  RenderInline {SPAN} at (0,0) size 1x15
                    RenderInline {O:P} at (0,0) size 1x15
                RenderBlock {P} at (7.19,16) size 85x16
                  RenderText {#text} at (32,0) size 21x15
                    text run at (32,0) width 21: "Yes"
                  RenderInline {SPAN} at (0,0) size 1x15
                    RenderInline {O:P} at (0,0) size 1x15
                RenderBlock {P} at (7.19,32) size 85x16
                  RenderText {#text} at (32,0) size 21x15
                    text run at (32,0) width 21: "Yes"
                RenderBlock {P} at (7.19,48) size 85x16
                  RenderText {#text} at (40,0) size 5x15
                    text run at (40,0) width 5: " "
                RenderBlock {P} at (7.19,64) size 85x16
                  RenderText {#text} at (40,0) size 5x15
                    text run at (40,0) width 5: " "
                RenderBlock {P} at (7.19,80) size 85x16
                  RenderText {#text} at (32,0) size 21x15
                    text run at (32,0) width 21: "Yes"
                  RenderInline {SPAN} at (0,0) size 1x15
                    RenderInline {O:P} at (0,0) size 1x15
              RenderTableCell {TD} at (367,1447) size 106x96 [r=26 c=3 rs=1 cs=1]
                RenderBlock {P} at (7.19,0) size 92x16
                  RenderText {#text} at (37,0) size 18x15
                    text run at (37,0) width 18: "No"
                  RenderInline {SPAN} at (0,0) size 1x15
                    RenderInline {O:P} at (0,0) size 1x15
                RenderBlock {P} at (7.19,16) size 92x16
                  RenderText {#text} at (37,0) size 18x15
                    text run at (37,0) width 18: "No"
                  RenderInline {SPAN} at (0,0) size 1x15
                    RenderInline {O:P} at (0,0) size 1x15
                RenderBlock {P} at (7.19,32) size 92x16
                  RenderText {#text} at (37,0) size 18x15
                    text run at (37,0) width 18: "No"
                RenderBlock {P} at (7.19,48) size 92x16
                  RenderText {#text} at (44,0) size 4x15
                    text run at (44,0) width 4: " "
                RenderBlock {P} at (7.19,64) size 92x16
                  RenderText {#text} at (44,0) size 4x15
                    text run at (44,0) width 4: " "
                RenderBlock {P} at (7.19,80) size 92x16
                  RenderText {#text} at (37,0) size 18x15
                    text run at (37,0) width 18: "No"
                  RenderInline {SPAN} at (0,0) size 1x15
                    RenderInline {O:P} at (0,0) size 1x15
            RenderTableRow {TR} at (0,1543) size 473x144
              RenderTableCell {TD} at (0,1543) size 98x16 [r=27 c=0 rs=1 cs=1]
                RenderBlock {P} at (7.19,0) size 84x16
                  RenderText {#text} at (35,0) size 14x15
                    text run at (35,0) width 14: "28"
                  RenderInline {SPAN} at (0,0) size 1x15
                    RenderInline {O:P} at (0,0) size 1x15
              RenderTableCell {TD} at (98,1543) size 170x144 [r=27 c=1 rs=1 cs=1]
                RenderBlock {P} at (7.19,0) size 156x16
                  RenderText {#text} at (0,0) size 94x15
                    text run at (0,0) width 94: "Zak + Mike West"
                  RenderInline {SPAN} at (0,0) size 1x15
                    RenderInline {O:P} at (0,0) size 1x15
                RenderBlock {P} at (7.19,16) size 156x16
                  RenderText {#text} at (0,0) size 65x15
                    text run at (0,0) width 65: "Dave Neves"
                  RenderInline {SPAN} at (0,0) size 1x15
                    RenderInline {O:P} at (0,0) size 1x15
                RenderBlock {P} at (7.19,32) size 156x16
                  RenderText {#text} at (0,0) size 79x15
                    text run at (0,0) width 79: "Richard Green"
                  RenderInline {SPAN} at (0,0) size 1x15
                    RenderInline {O:P} at (0,0) size 1x15
                RenderBlock {P} at (7.19,48) size 156x16
                  RenderText {#text} at (0,0) size 69x15
                    text run at (0,0) width 69: "Javier Flores"
                RenderBlock {P} at (7.19,64) size 156x16
                  RenderText {#text} at (0,0) size 86x15
                    text run at (0,0) width 86: "Gerald Cardinal"
                RenderBlock {P} at (7.19,80) size 156x16
                  RenderText {#text} at (0,0) size 64x15
                    text run at (0,0) width 64: "Dan Sievert"
                RenderBlock {P} at (7.19,96) size 156x16
                  RenderText {#text} at (0,0) size 69x15
                    text run at (0,0) width 69: "Ali Erdengiz"
                RenderBlock {P} at (7.19,112) size 156x16
                  RenderText {#text} at (0,0) size 64x15
                    text run at (0,0) width 64: "Paul Walter"
                RenderBlock {P} at (7.19,128) size 156x16
                  RenderText {#text} at (0,0) size 62x15
                    text run at (0,0) width 62: "Jerry Davis"
                  RenderInline {SPAN} at (0,0) size 1x15
                    RenderInline {O:P} at (0,0) size 1x15
              RenderTableCell {TD} at (268,1543) size 99x144 [r=27 c=2 rs=1 cs=1]
                RenderBlock {P} at (7.19,0) size 85x16
                  RenderText {#text} at (32,0) size 21x15
                    text run at (32,0) width 21: "Yes"
                  RenderInline {SPAN} at (0,0) size 1x15
                    RenderInline {O:P} at (0,0) size 1x15
                RenderBlock {P} at (7.19,16) size 85x16
                  RenderText {#text} at (32,0) size 21x15
                    text run at (32,0) width 21: "Yes"
                  RenderInline {SPAN} at (0,0) size 1x15
                    RenderInline {O:P} at (0,0) size 1x15
                RenderBlock {P} at (7.19,32) size 85x16
                  RenderText {#text} at (32,0) size 21x15
                    text run at (32,0) width 21: "Yes"
                  RenderInline {SPAN} at (0,0) size 1x15
                    RenderInline {O:P} at (0,0) size 1x15
                RenderBlock {P} at (7.19,48) size 85x16
                  RenderText {#text} at (32,0) size 21x15
                    text run at (32,0) width 21: "Yes"
                RenderBlock {P} at (7.19,64) size 85x16
                  RenderText {#text} at (40,0) size 5x15
                    text run at (40,0) width 5: " "
                RenderBlock {P} at (7.19,80) size 85x16
                  RenderText {#text} at (32,0) size 21x15
                    text run at (32,0) width 21: "Yes"
                RenderBlock {P} at (7.19,96) size 85x16
                  RenderText {#text} at (40,0) size 5x15
                    text run at (40,0) width 5: " "
                RenderBlock {P} at (7.19,112) size 85x16
                  RenderText {#text} at (40,0) size 5x15
                    text run at (40,0) width 5: " "
                RenderBlock {P} at (7.19,128) size 85x16
                  RenderText {#text} at (32,0) size 21x15
                    text run at (32,0) width 21: "Yes"
                  RenderInline {SPAN} at (0,0) size 1x15
                    RenderInline {O:P} at (0,0) size 1x15
              RenderTableCell {TD} at (367,1543) size 106x144 [r=27 c=3 rs=1 cs=1]
                RenderBlock {P} at (7.19,0) size 92x16
                  RenderText {#text} at (35,0) size 22x15
                    text run at (35,0) width 22: "Yes"
                  RenderInline {SPAN} at (0,0) size 1x15
                    RenderInline {O:P} at (0,0) size 1x15
                RenderBlock {P} at (7.19,16) size 92x16
                  RenderText {#text} at (35,0) size 22x15
                    text run at (35,0) width 22: "Yes"
                  RenderInline {SPAN} at (0,0) size 1x15
                    RenderInline {O:P} at (0,0) size 1x15
                RenderBlock {P} at (7.19,32) size 92x16
                  RenderText {#text} at (37,0) size 18x15
                    text run at (37,0) width 18: "No"
                  RenderInline {SPAN} at (0,0) size 1x15
                    RenderInline {O:P} at (0,0) size 1x15
                RenderBlock {P} at (7.19,48) size 92x16
                  RenderText {#text} at (37,0) size 18x15
                    text run at (37,0) width 18: "No"
                RenderBlock {P} at (7.19,64) size 92x16
                  RenderText {#text} at (44,0) size 4x15
                    text run at (44,0) width 4: " "
                RenderBlock {P} at (7.19,80) size 92x16
                  RenderText {#text} at (37,0) size 18x15
                    text run at (37,0) width 18: "No"
                RenderBlock {P} at (7.19,96) size 92x16
                  RenderText {#text} at (44,0) size 4x15
                    text run at (44,0) width 4: " "
                RenderBlock {P} at (7.19,112) size 92x16
                  RenderText {#text} at (44,0) size 4x15
                    text run at (44,0) width 4: " "
                RenderBlock {P} at (7.19,128) size 92x16
                  RenderText {#text} at (37,0) size 18x15
                    text run at (37,0) width 18: "No"
                  RenderInline {SPAN} at (0,0) size 1x15
                    RenderInline {O:P} at (0,0) size 1x15
            RenderTableRow {TR} at (0,1687) size 473x48
              RenderTableCell {TD} at (0,1687) size 98x16 [r=28 c=0 rs=1 cs=1]
                RenderBlock {P} at (7.19,0) size 84x16
                  RenderText {#text} at (35,0) size 14x15
                    text run at (35,0) width 14: "29"
                  RenderInline {SPAN} at (0,0) size 1x15
                    RenderInline {O:P} at (0,0) size 1x15
              RenderTableCell {TD} at (98,1687) size 170x48 [r=28 c=1 rs=1 cs=1]
                RenderBlock {P} at (7.19,0) size 156x16
                  RenderText {#text} at (0,0) size 69x15
                    text run at (0,0) width 69: "Javier Flores"
                  RenderInline {SPAN} at (0,0) size 1x15
                    RenderInline {O:P} at (0,0) size 1x15
                RenderBlock {P} at (7.19,16) size 156x16
                  RenderText {#text} at (0,0) size 68x15
                    text run at (0,0) width 68: "Bill Johnson"
                RenderBlock {P} at (7.19,32) size 156x16
                  RenderText {#text} at (0,0) size 57x15
                    text run at (0,0) width 57: "John Todd"
                  RenderInline {SPAN} at (0,0) size 1x15
                    RenderInline {O:P} at (0,0) size 1x15
              RenderTableCell {TD} at (268,1687) size 99x32 [r=28 c=2 rs=1 cs=1]
                RenderBlock {P} at (7.19,0) size 85x16
                  RenderText {#text} at (32,0) size 21x15
                    text run at (32,0) width 21: "Yes"
                  RenderInline {SPAN} at (0,0) size 1x15
                    RenderInline {O:P} at (0,0) size 1x15
                RenderBlock {P} at (7.19,16) size 85x16
                  RenderText {#text} at (32,0) size 21x15
                    text run at (32,0) width 21: "Yes"
                  RenderInline {SPAN} at (0,0) size 1x15
                    RenderInline {O:P} at (0,0) size 1x15
              RenderTableCell {TD} at (367,1687) size 106x32 [r=28 c=3 rs=1 cs=1]
                RenderBlock {P} at (7.19,0) size 92x16
                  RenderText {#text} at (37,0) size 18x15
                    text run at (37,0) width 18: "No"
                  RenderInline {SPAN} at (0,0) size 1x15
                    RenderInline {O:P} at (0,0) size 1x15
                RenderBlock {P} at (7.19,16) size 92x16
                  RenderText {#text} at (37,0) size 18x15
                    text run at (37,0) width 18: "No"
                  RenderInline {SPAN} at (0,0) size 1x15
                    RenderInline {O:P} at (0,0) size 1x15
            RenderTableRow {TR} at (0,1735) size 473x112
              RenderTableCell {TD} at (0,1735) size 98x16 [r=29 c=0 rs=1 cs=1]
                RenderBlock {P} at (7.19,0) size 84x16
                  RenderText {#text} at (35,0) size 14x15
                    text run at (35,0) width 14: "30"
                  RenderInline {SPAN} at (0,0) size 1x15
                    RenderInline {O:P} at (0,0) size 1x15
              RenderTableCell {TD} at (98,1735) size 170x112 [r=29 c=1 rs=1 cs=1]
                RenderBlock {P} at (7.19,0) size 156x16
                  RenderText {#text} at (0,0) size 88x15
                    text run at (0,0) width 88: "Alan Littlewood"
                  RenderInline {SPAN} at (0,0) size 1x15
                    RenderInline {O:P} at (0,0) size 1x15
                RenderBlock {P} at (7.19,16) size 156x16
                  RenderText {#text} at (0,0) size 85x15
                    text run at (0,0) width 85: "George Coward"
                  RenderInline {SPAN} at (0,0) size 1x15
                    RenderInline {O:P} at (0,0) size 1x15
                RenderBlock {P} at (7.19,32) size 156x16
                  RenderText {#text} at (0,0) size 85x15
                    text run at (0,0) width 85: "Maurice Burton"
                RenderBlock {P} at (7.19,48) size 156x16
                  RenderText {#text} at (0,0) size 64x15
                    text run at (0,0) width 64: "Dan Sievert"
                RenderBlock {P} at (7.19,64) size 156x16
                  RenderText {#text} at (0,0) size 113x15
                    text run at (0,0) width 113: "Michael DeGiovanni"
                RenderBlock {P} at (7.19,80) size 156x16
                  RenderText {#text} at (0,0) size 89x15
                    text run at (0,0) width 89: "Jack Goodfriend"
                RenderBlock {P} at (7.19,96) size 156x16
                  RenderText {#text} at (0,0) size 90x15
                    text run at (0,0) width 90: "Richard Sanchez"
                  RenderInline {SPAN} at (0,0) size 1x15
                    RenderInline {O:P} at (0,0) size 1x15
              RenderTableCell {TD} at (268,1735) size 99x112 [r=29 c=2 rs=1 cs=1]
                RenderBlock {P} at (7.19,0) size 85x16
                  RenderText {#text} at (32,0) size 21x15
                    text run at (32,0) width 21: "Yes"
                  RenderInline {SPAN} at (0,0) size 1x15
                    RenderInline {O:P} at (0,0) size 1x15
                RenderBlock {P} at (7.19,16) size 85x16
                  RenderText {#text} at (32,0) size 21x15
                    text run at (32,0) width 21: "Yes"
                  RenderInline {SPAN} at (0,0) size 1x15
                    RenderInline {O:P} at (0,0) size 1x15
                RenderBlock {P} at (7.19,32) size 85x16
                  RenderText {#text} at (32,0) size 21x15
                    text run at (32,0) width 21: "Yes"
                RenderBlock {P} at (7.19,48) size 85x16
                  RenderText {#text} at (32,0) size 21x15
                    text run at (32,0) width 21: "Yes"
                RenderBlock {P} at (7.19,64) size 85x16
                  RenderText {#text} at (40,0) size 5x15
                    text run at (40,0) width 5: " "
                RenderBlock {P} at (7.19,80) size 85x16
                  RenderText {#text} at (40,0) size 5x15
                    text run at (40,0) width 5: " "
                RenderBlock {P} at (7.19,96) size 85x16
                  RenderText {#text} at (34,0) size 17x15
                    text run at (34,0) width 17: "No"
                  RenderInline {SPAN} at (0,0) size 1x15
                    RenderInline {O:P} at (0,0) size 1x15
              RenderTableCell {TD} at (367,1735) size 106x112 [r=29 c=3 rs=1 cs=1]
                RenderBlock {P} at (7.19,0) size 92x16
                  RenderText {#text} at (37,0) size 18x15
                    text run at (37,0) width 18: "No"
                  RenderInline {SPAN} at (0,0) size 1x15
                    RenderInline {O:P} at (0,0) size 1x15
                RenderBlock {P} at (7.19,16) size 92x16
                  RenderText {#text} at (37,0) size 18x15
                    text run at (37,0) width 18: "No"
                  RenderInline {SPAN} at (0,0) size 1x15
                    RenderInline {O:P} at (0,0) size 1x15
                RenderBlock {P} at (7.19,32) size 92x16
                  RenderText {#text} at (37,0) size 18x15
                    text run at (37,0) width 18: "No"
                RenderBlock {P} at (7.19,48) size 92x16
                  RenderText {#text} at (37,0) size 18x15
                    text run at (37,0) width 18: "No"
                RenderBlock {P} at (7.19,64) size 92x16
                  RenderText {#text} at (44,0) size 4x15
                    text run at (44,0) width 4: " "
                RenderBlock {P} at (7.19,80) size 92x16
                  RenderText {#text} at (44,0) size 4x15
                    text run at (44,0) width 4: " "
                RenderBlock {P} at (7.19,96) size 92x16
                  RenderText {#text} at (35,0) size 22x15
                    text run at (35,0) width 22: "Yes"
                  RenderInline {SPAN} at (0,0) size 1x15
                    RenderInline {O:P} at (0,0) size 1x15
            RenderTableRow {TR} at (0,1847) size 473x48
              RenderTableCell {TD} at (0,1847) size 98x16 [r=30 c=0 rs=1 cs=1]
                RenderBlock {P} at (7.19,0) size 84x16
                  RenderText {#text} at (35,0) size 14x15
                    text run at (35,0) width 14: "31"
                  RenderInline {SPAN} at (0,0) size 1x15
                    RenderInline {O:P} at (0,0) size 1x15
              RenderTableCell {TD} at (98,1847) size 170x48 [r=30 c=1 rs=1 cs=1]
                RenderBlock {P} at (7.19,0) size 156x16
                  RenderText {#text} at (0,0) size 65x15
                    text run at (0,0) width 65: "Dave Neves"
                RenderBlock {P} at (7.19,16) size 156x16
                  RenderText {#text} at (0,0) size 80x15
                    text run at (0,0) width 80: "James Haladus"
                RenderBlock {P} at (7.19,32) size 156x16
                  RenderText {#text} at (0,0) size 64x15
                    text run at (0,0) width 64: "Randy Reid"
                  RenderInline {SPAN} at (0,0) size 1x15
                    RenderInline {O:P} at (0,0) size 1x15
              RenderTableCell {TD} at (268,1847) size 99x32 [r=30 c=2 rs=1 cs=1]
                RenderBlock {P} at (7.19,0) size 85x16
                  RenderText {#text} at (32,0) size 21x15
                    text run at (32,0) width 21: "Yes"
                RenderBlock {P} at (7.19,16) size 85x16
                  RenderText {#text} at (32,0) size 21x15
                    text run at (32,0) width 21: "Yes"
                  RenderInline {SPAN} at (0,0) size 1x15
                    RenderInline {O:P} at (0,0) size 1x15
              RenderTableCell {TD} at (367,1847) size 106x32 [r=30 c=3 rs=1 cs=1]
                RenderBlock {P} at (7.19,0) size 92x16
                  RenderText {#text} at (35,0) size 22x15
                    text run at (35,0) width 22: "Yes"
                RenderBlock {P} at (7.19,16) size 92x16
                  RenderText {#text} at (37,0) size 18x15
                    text run at (37,0) width 18: "No"
                  RenderInline {SPAN} at (0,0) size 1x15
                    RenderInline {O:P} at (0,0) size 1x15
            RenderTableRow {TR} at (0,1895) size 473x64
              RenderTableCell {TD} at (0,1895) size 98x16 [r=31 c=0 rs=1 cs=1]
                RenderBlock {P} at (7.19,0) size 84x16
                  RenderText {#text} at (35,0) size 14x15
                    text run at (35,0) width 14: "32"
                  RenderInline {SPAN} at (0,0) size 1x15
                    RenderInline {O:P} at (0,0) size 1x15
              RenderTableCell {TD} at (98,1895) size 170x64 [r=31 c=1 rs=1 cs=1]
                RenderBlock {P} at (7.19,0) size 156x16
                  RenderText {#text} at (0,0) size 66x15
                    text run at (0,0) width 66: " Oliver Baer"
                RenderBlock {P} at (7.19,16) size 156x16
                  RenderText {#text} at (0,0) size 68x15
                    text run at (0,0) width 68: "Dale Barnett"
                RenderBlock {P} at (7.19,32) size 156x16
                  RenderText {#text} at (0,0) size 57x15
                    text run at (0,0) width 57: "John Todd"
                RenderBlock {P} at (7.19,48) size 156x16
                  RenderText {#text} at (0,0) size 88x15
                    text run at (0,0) width 88: "Dominic Bayani"
                  RenderInline {SPAN} at (0,0) size 1x15
                    RenderInline {O:P} at (0,0) size 1x15
              RenderTableCell {TD} at (268,1895) size 99x32 [r=31 c=2 rs=1 cs=1]
                RenderBlock {P} at (7.19,0) size 85x16
                  RenderText {#text} at (30,0) size 25x15
                    text run at (30,0) width 25: " Yes"
                RenderBlock {P} at (7.19,16) size 85x16
                  RenderText {#text} at (32,0) size 21x15
                    text run at (32,0) width 21: "Yes"
                  RenderInline {SPAN} at (0,0) size 1x15
                    RenderInline {O:P} at (0,0) size 1x15
              RenderTableCell {TD} at (367,1895) size 106x32 [r=31 c=3 rs=1 cs=1]
                RenderBlock {P} at (7.19,0) size 92x16
                  RenderText {#text} at (36,0) size 20x15
                    text run at (36,0) width 20: " No"
                RenderBlock {P} at (7.19,16) size 92x16
                  RenderText {#text} at (37,0) size 18x15
                    text run at (37,0) width 18: "No"
                  RenderInline {SPAN} at (0,0) size 1x15
                    RenderInline {O:P} at (0,0) size 1x15
            RenderTableRow {TR} at (0,1959) size 473x144
              RenderTableCell {TD} at (0,1959) size 98x16 [r=32 c=0 rs=1 cs=1]
                RenderBlock {P} at (7.19,0) size 84x16
                  RenderText {#text} at (35,0) size 14x15
                    text run at (35,0) width 14: "33"
                  RenderInline {SPAN} at (0,0) size 1x15
                    RenderInline {O:P} at (0,0) size 1x15
              RenderTableCell {TD} at (98,1959) size 170x144 [r=32 c=1 rs=1 cs=1]
                RenderBlock {P} at (7.19,0) size 156x16
                  RenderText {#text} at (0,0) size 71x15
                    text run at (0,0) width 71: "Tom Wagner"
                  RenderInline {SPAN} at (0,0) size 1x15
                    RenderInline {O:P} at (0,0) size 1x15
                RenderBlock {P} at (7.19,16) size 156x16
                  RenderText {#text} at (0,0) size 76x15
                    text run at (0,0) width 76: "Gene Langley"
                RenderBlock {P} at (7.19,32) size 156x16
                  RenderText {#text} at (0,0) size 80x15
                    text run at (0,0) width 80: "James Haladus"
                RenderBlock {P} at (7.19,48) size 156x16
                  RenderText {#text} at (0,0) size 84x15
                    text run at (0,0) width 84: "Daniel Buckley"
                RenderBlock {P} at (7.19,64) size 156x16
                  RenderText {#text} at (0,0) size 69x15
                    text run at (0,0) width 69: "Chris Larsen"
                RenderBlock {P} at (7.19,80) size 156x16
                  RenderText {#text} at (0,0) size 72x15
                    text run at (0,0) width 72: "Mike Chansu"
                RenderBlock {P} at (7.19,96) size 156x16
                  RenderText {#text} at (0,0) size 73x15
                    text run at (0,0) width 73: "James Brown"
                RenderBlock {P} at (7.19,112) size 156x16
                  RenderText {#text} at (0,0) size 65x15
                    text run at (0,0) width 65: "Will Sievert"
                RenderBlock {P} at (7.19,128) size 156x16
                  RenderText {#text} at (0,0) size 69x15
                    text run at (0,0) width 69: "Terry Chong"
                  RenderInline {SPAN} at (0,0) size 1x15
                    RenderInline {O:P} at (0,0) size 1x15
              RenderTableCell {TD} at (268,1959) size 99x144 [r=32 c=2 rs=1 cs=1]
                RenderBlock {P} at (7.19,0) size 85x16
                  RenderText {#text} at (32,0) size 21x15
                    text run at (32,0) width 21: "Yes"
                  RenderInline {SPAN} at (0,0) size 1x15
                    RenderInline {O:P} at (0,0) size 1x15
                RenderBlock {P} at (7.19,16) size 85x16
                  RenderText {#text} at (32,0) size 21x15
                    text run at (32,0) width 21: "Yes"
                RenderBlock {P} at (7.19,32) size 85x16
                  RenderText {#text} at (32,0) size 21x15
                    text run at (32,0) width 21: "Yes"
                RenderBlock {P} at (7.19,48) size 85x16
                  RenderText {#text} at (32,0) size 21x15
                    text run at (32,0) width 21: "Yes"
                RenderBlock {P} at (7.19,64) size 85x16
                  RenderText {#text} at (40,0) size 5x15
                    text run at (40,0) width 5: " "
                RenderBlock {P} at (7.19,80) size 85x16
                  RenderText {#text} at (32,0) size 21x15
                    text run at (32,0) width 21: "Yes"
                RenderBlock {P} at (7.19,96) size 85x16
                  RenderText {#text} at (32,0) size 21x15
                    text run at (32,0) width 21: "Yes"
                RenderBlock {P} at (7.19,112) size 85x16
                  RenderText {#text} at (32,0) size 21x15
                    text run at (32,0) width 21: "Yes"
                RenderBlock {P} at (7.19,128) size 85x16
                  RenderText {#text} at (32,0) size 21x15
                    text run at (32,0) width 21: "Yes"
                  RenderInline {SPAN} at (0,0) size 1x15
                    RenderInline {O:P} at (0,0) size 1x15
              RenderTableCell {TD} at (367,1959) size 106x144 [r=32 c=3 rs=1 cs=1]
                RenderBlock {P} at (7.19,0) size 92x16
                  RenderText {#text} at (37,0) size 18x15
                    text run at (37,0) width 18: "No"
                  RenderInline {SPAN} at (0,0) size 1x15
                    RenderInline {O:P} at (0,0) size 1x15
                RenderBlock {P} at (7.19,16) size 92x16
                  RenderText {#text} at (6,0) size 80x15
                    text run at (6,0) width 80: "Gyro wannabe"
                RenderBlock {P} at (7.19,32) size 92x16
                  RenderText {#text} at (37,0) size 18x15
                    text run at (37,0) width 18: "No"
                RenderBlock {P} at (7.19,48) size 92x16
                  RenderText {#text} at (37,0) size 18x15
                    text run at (37,0) width 18: "No"
                RenderBlock {P} at (7.19,64) size 92x16
                  RenderText {#text} at (44,0) size 4x15
                    text run at (44,0) width 4: " "
                RenderBlock {P} at (7.19,80) size 92x16
                  RenderText {#text} at (37,0) size 18x15
                    text run at (37,0) width 18: "No"
                RenderBlock {P} at (7.19,96) size 92x16
                  RenderText {#text} at (37,0) size 18x15
                    text run at (37,0) width 18: "No"
                RenderBlock {P} at (7.19,112) size 92x16
                  RenderText {#text} at (37,0) size 18x15
                    text run at (37,0) width 18: "No"
                RenderBlock {P} at (7.19,128) size 92x16
                  RenderText {#text} at (37,0) size 18x15
                    text run at (37,0) width 18: "No"
                  RenderInline {SPAN} at (0,0) size 1x15
                    RenderInline {O:P} at (0,0) size 1x15
            RenderTableRow {TR} at (0,2103) size 473x128
              RenderTableCell {TD} at (0,2103) size 98x16 [r=33 c=0 rs=1 cs=1]
                RenderBlock {P} at (7.19,0) size 84x16
                  RenderText {#text} at (35,0) size 14x15
                    text run at (35,0) width 14: "34"
                  RenderInline {SPAN} at (0,0) size 1x15
                    RenderInline {O:P} at (0,0) size 1x15
              RenderTableCell {TD} at (98,2103) size 170x128 [r=33 c=1 rs=1 cs=1]
                RenderBlock {P} at (7.19,0) size 156x16
                  RenderText {#text} at (0,0) size 57x15
                    text run at (0,0) width 57: "Jay Ribera"
                RenderBlock {P} at (7.19,16) size 156x16
                  RenderText {#text} at (0,0) size 86x15
                    text run at (0,0) width 86: "Gerald Cardinal"
                RenderBlock {P} at (7.19,32) size 156x16
                  RenderText {#text} at (0,0) size 68x15
                    text run at (0,0) width 68: "Dale Barnett"
                RenderBlock {P} at (7.19,48) size 156x16
                  RenderText {#text} at (0,0) size 64x15
                    text run at (0,0) width 64: "Paul Walter"
                RenderBlock {P} at (7.19,64) size 156x16
                  RenderText {#text} at (0,0) size 88x15
                    text run at (0,0) width 88: "Dominic Bayani"
                RenderBlock {P} at (7.19,80) size 156x16
                  RenderText {#text} at (0,0) size 92x15
                    text run at (0,0) width 92: "Donald Carvalho"
                RenderBlock {P} at (7.19,96) size 156x16
                  RenderText {#text} at (0,0) size 73x15
                    text run at (0,0) width 73: "Jack Peterson"
                RenderBlock {P} at (7.19,112) size 156x16
                  RenderText {#text} at (0,0) size 63x15
                    text run at (0,0) width 63: "Scott Hersh"
                  RenderInline {SPAN} at (0,0) size 1x15
                    RenderInline {O:P} at (0,0) size 1x15
              RenderTableCell {TD} at (268,2103) size 99x128 [r=33 c=2 rs=1 cs=1]
                RenderBlock {P} at (7.19,0) size 85x16
                  RenderText {#text} at (32,0) size 21x15
                    text run at (32,0) width 21: "Yes"
                RenderBlock {P} at (7.19,16) size 85x16
                  RenderText {#text} at (40,0) size 5x15
                    text run at (40,0) width 5: " "
                RenderBlock {P} at (7.19,32) size 85x16
                  RenderText {#text} at (32,0) size 21x15
                    text run at (32,0) width 21: "Yes"
                RenderBlock {P} at (7.19,48) size 85x16
                  RenderText {#text} at (40,0) size 5x15
                    text run at (40,0) width 5: " "
                RenderBlock {P} at (7.19,64) size 85x16
                  RenderText {#text} at (40,0) size 5x15
                    text run at (40,0) width 5: " "
                RenderBlock {P} at (7.19,80) size 85x16
                  RenderText {#text} at (40,0) size 5x15
                    text run at (40,0) width 5: " "
                RenderBlock {P} at (7.19,96) size 85x16
                  RenderText {#text} at (40,0) size 5x15
                    text run at (40,0) width 5: " "
                RenderBlock {P} at (7.19,112) size 85x16
                  RenderText {#text} at (32,0) size 21x15
                    text run at (32,0) width 21: "Yes"
                  RenderInline {SPAN} at (0,0) size 1x15
                    RenderInline {O:P} at (0,0) size 1x15
              RenderTableCell {TD} at (367,2103) size 106x128 [r=33 c=3 rs=1 cs=1]
                RenderBlock {P} at (7.19,0) size 92x16
                  RenderText {#text} at (37,0) size 18x15
                    text run at (37,0) width 18: "No"
                RenderBlock {P} at (7.19,16) size 92x16
                  RenderText {#text} at (44,0) size 4x15
                    text run at (44,0) width 4: " "
                RenderBlock {P} at (7.19,32) size 92x16
                  RenderText {#text} at (37,0) size 18x15
                    text run at (37,0) width 18: "No"
                RenderBlock {P} at (7.19,48) size 92x16
                  RenderText {#text} at (44,0) size 4x15
                    text run at (44,0) width 4: " "
                RenderBlock {P} at (7.19,64) size 92x16
                  RenderText {#text} at (44,0) size 4x15
                    text run at (44,0) width 4: " "
                RenderBlock {P} at (7.19,80) size 92x16
                  RenderText {#text} at (44,0) size 4x15
                    text run at (44,0) width 4: " "
                RenderBlock {P} at (7.19,96) size 92x16
                  RenderText {#text} at (44,0) size 4x15
                    text run at (44,0) width 4: " "
                RenderBlock {P} at (7.19,112) size 92x16
                  RenderText {#text} at (37,0) size 18x15
                    text run at (37,0) width 18: "No"
                  RenderInline {SPAN} at (0,0) size 1x15
                    RenderInline {O:P} at (0,0) size 1x15
            RenderTableRow {TR} at (0,2231) size 473x80
              RenderTableCell {TD} at (0,2231) size 98x16 [r=34 c=0 rs=1 cs=1]
                RenderBlock {P} at (7.19,0) size 84x16
                  RenderText {#text} at (35,0) size 14x15
                    text run at (35,0) width 14: "35"
                  RenderInline {SPAN} at (0,0) size 1x15
                    RenderInline {O:P} at (0,0) size 1x15
              RenderTableCell {TD} at (98,2231) size 170x80 [r=34 c=1 rs=1 cs=1]
                RenderBlock {P} at (7.19,0) size 156x16
                  RenderText {#text} at (0,0) size 82x15
                    text run at (0,0) width 82: " Richard Green"
                RenderBlock {P} at (7.19,16) size 156x16
                  RenderText {#text} at (0,0) size 66x15
                    text run at (0,0) width 66: "David Allen"
                RenderBlock {P} at (7.19,32) size 156x16
                  RenderText {#text} at (0,0) size 59x15
                    text run at (0,0) width 59: "Jim Colvin"
                RenderBlock {P} at (7.19,48) size 156x16
                  RenderText {#text} at (0,0) size 70x15
                    text run at (0,0) width 70: "Harald Close"
                RenderBlock {P} at (7.19,64) size 156x16
                  RenderText {#text} at (0,0) size 63x15
                    text run at (0,0) width 63: "Oliver Baer"
                  RenderInline {SPAN} at (0,0) size 1x15
                    RenderInline {O:P} at (0,0) size 1x15
              RenderTableCell {TD} at (268,2231) size 99x80 [r=34 c=2 rs=1 cs=1]
                RenderBlock {P} at (7.19,0) size 85x16
                  RenderText {#text} at (40,0) size 5x15
                    text run at (40,0) width 5: " "
                RenderBlock {P} at (7.19,16) size 85x16
                  RenderText {#text} at (40,0) size 5x15
                    text run at (40,0) width 5: " "
                RenderBlock {P} at (7.19,32) size 85x16
                  RenderText {#text} at (40,0) size 5x15
                    text run at (40,0) width 5: " "
                RenderBlock {P} at (7.19,48) size 85x16
                  RenderText {#text} at (32,0) size 21x15
                    text run at (32,0) width 21: "Yes"
                RenderBlock {P} at (7.19,64) size 85x16
                  RenderText {#text} at (32,0) size 21x15
                    text run at (32,0) width 21: "Yes"
                  RenderInline {SPAN} at (0,0) size 1x15
                    RenderInline {O:P} at (0,0) size 1x15
              RenderTableCell {TD} at (367,2231) size 106x80 [r=34 c=3 rs=1 cs=1]
                RenderBlock {P} at (7.19,0) size 92x16
                  RenderText {#text} at (44,0) size 4x15
                    text run at (44,0) width 4: " "
                RenderBlock {P} at (7.19,16) size 92x16
                  RenderText {#text} at (44,0) size 4x15
                    text run at (44,0) width 4: " "
                RenderBlock {P} at (7.19,32) size 92x16
                  RenderText {#text} at (44,0) size 4x15
                    text run at (44,0) width 4: " "
                RenderBlock {P} at (7.19,48) size 92x16
                  RenderText {#text} at (35,0) size 22x15
                    text run at (35,0) width 22: "Yes"
                RenderBlock {P} at (7.19,64) size 92x16
                  RenderText {#text} at (37,0) size 18x15
                    text run at (37,0) width 18: "No"
                  RenderInline {SPAN} at (0,0) size 1x15
                    RenderInline {O:P} at (0,0) size 1x15
            RenderTableRow {TR} at (0,2311) size 473x80
              RenderTableCell {TD} at (0,2311) size 98x16 [r=35 c=0 rs=1 cs=1]
                RenderBlock {P} at (7.19,0) size 84x16
                  RenderText {#text} at (35,0) size 14x15
                    text run at (35,0) width 14: "36"
                  RenderInline {SPAN} at (0,0) size 1x15
                    RenderInline {O:P} at (0,0) size 1x15
              RenderTableCell {TD} at (98,2311) size 170x80 [r=35 c=1 rs=1 cs=1]
                RenderBlock {P} at (7.19,0) size 156x16
                  RenderText {#text} at (0,0) size 71x15
                    text run at (0,0) width 71: "Jason Beehm"
                RenderBlock {P} at (7.19,16) size 156x16
                  RenderText {#text} at (0,0) size 94x15
                    text run at (0,0) width 94: "Darrell Carpenter"
                RenderBlock {P} at (7.19,32) size 156x16
                  RenderText {#text} at (0,0) size 82x15
                    text run at (0,0) width 82: "Stefan Kiritzov"
                RenderBlock {P} at (7.19,48) size 156x16
                  RenderText {#text} at (0,0) size 68x15
                    text run at (0,0) width 68: "Dale Barnett"
                RenderBlock {P} at (7.19,64) size 156x16
                  RenderText {#text} at (0,0) size 64x15
                    text run at (0,0) width 64: "Dan Sievert"
                  RenderInline {SPAN} at (0,0) size 1x15
                    RenderInline {O:P} at (0,0) size 1x15
              RenderTableCell {TD} at (268,2311) size 99x80 [r=35 c=2 rs=1 cs=1]
                RenderBlock {P} at (7.19,0) size 85x16
                  RenderText {#text} at (32,0) size 21x15
                    text run at (32,0) width 21: "Yes"
                RenderBlock {P} at (7.19,16) size 85x16
                  RenderText {#text} at (32,0) size 21x15
                    text run at (32,0) width 21: "Yes"
                RenderBlock {P} at (7.19,32) size 85x16
                  RenderText {#text} at (32,0) size 21x15
                    text run at (32,0) width 21: "Yes"
                RenderBlock {P} at (7.19,48) size 85x16
                  RenderText {#text} at (32,0) size 21x15
                    text run at (32,0) width 21: "Yes"
                RenderBlock {P} at (7.19,64) size 85x16
                  RenderText {#text} at (32,0) size 21x15
                    text run at (32,0) width 21: "Yes"
                  RenderInline {SPAN} at (0,0) size 1x15
                    RenderInline {O:P} at (0,0) size 1x15
              RenderTableCell {TD} at (367,2311) size 106x80 [r=35 c=3 rs=1 cs=1]
                RenderBlock {P} at (7.19,0) size 92x16
                  RenderText {#text} at (37,0) size 18x15
                    text run at (37,0) width 18: "No"
                RenderBlock {P} at (7.19,16) size 92x16
                  RenderText {#text} at (37,0) size 18x15
                    text run at (37,0) width 18: "No"
                RenderBlock {P} at (7.19,32) size 92x16
                  RenderText {#text} at (35,0) size 22x15
                    text run at (35,0) width 22: "Yes"
                RenderBlock {P} at (7.19,48) size 92x16
                  RenderText {#text} at (37,0) size 18x15
                    text run at (37,0) width 18: "No"
                RenderBlock {P} at (7.19,64) size 92x16
                  RenderText {#text} at (37,0) size 18x15
                    text run at (37,0) width 18: "No"
                  RenderInline {SPAN} at (0,0) size 1x15
                    RenderInline {O:P} at (0,0) size 1x15
            RenderTableRow {TR} at (0,2391) size 473x64
              RenderTableCell {TD} at (0,2391) size 98x16 [r=36 c=0 rs=1 cs=1]
                RenderBlock {P} at (7.19,0) size 84x16
                  RenderText {#text} at (35,0) size 14x15
                    text run at (35,0) width 14: "37"
                  RenderInline {SPAN} at (0,0) size 1x15
                    RenderInline {O:P} at (0,0) size 1x15
              RenderTableCell {TD} at (98,2391) size 170x64 [r=36 c=1 rs=1 cs=1]
                RenderBlock {P} at (7.19,0) size 156x16
                  RenderText {#text} at (0,0) size 94x15
                    text run at (0,0) width 94: "Dominic Civiletti"
                RenderBlock {P} at (7.19,16) size 156x16
                  RenderText {#text} at (0,0) size 83x15
                    text run at (0,0) width 83: "John Chamorro"
                RenderBlock {P} at (7.19,32) size 156x16
                  RenderText {#text} at (0,0) size 75x15
                    text run at (0,0) width 75: "Jim Mirowski"
                RenderBlock {P} at (7.19,48) size 156x16
                  RenderText {#text} at (0,0) size 78x15
                    text run at (0,0) width 78: "Soohong  Kim"
                  RenderInline {SPAN} at (0,0) size 1x15
                    RenderInline {O:P} at (0,0) size 1x15
              RenderTableCell {TD} at (268,2391) size 99x64 [r=36 c=2 rs=1 cs=1]
                RenderBlock {P} at (7.19,0) size 85x16
                  RenderText {#text} at (32,0) size 21x15
                    text run at (32,0) width 21: "Yes"
                RenderBlock {P} at (7.19,16) size 85x16
                  RenderText {#text} at (40,0) size 5x15
                    text run at (40,0) width 5: " "
                RenderBlock {P} at (7.19,32) size 85x16
                  RenderText {#text} at (40,0) size 5x15
                    text run at (40,0) width 5: " "
                RenderBlock {P} at (7.19,48) size 85x16
                  RenderText {#text} at (32,0) size 21x15
                    text run at (32,0) width 21: "Yes"
                  RenderInline {SPAN} at (0,0) size 1x15
                    RenderInline {O:P} at (0,0) size 1x15
              RenderTableCell {TD} at (367,2391) size 106x64 [r=36 c=3 rs=1 cs=1]
                RenderBlock {P} at (7.19,0) size 92x16
                  RenderText {#text} at (37,0) size 18x15
                    text run at (37,0) width 18: "No"
                RenderBlock {P} at (7.19,16) size 92x16
                  RenderText {#text} at (44,0) size 4x15
                    text run at (44,0) width 4: " "
                RenderBlock {P} at (7.19,32) size 92x16
                  RenderText {#text} at (44,0) size 4x15
                    text run at (44,0) width 4: " "
                RenderBlock {P} at (7.19,48) size 92x16
                  RenderText {#text} at (37,0) size 18x15
                    text run at (37,0) width 18: "No"
                  RenderInline {SPAN} at (0,0) size 1x15
                    RenderInline {O:P} at (0,0) size 1x15
            RenderTableRow {TR} at (0,2455) size 473x96
              RenderTableCell {TD} at (0,2455) size 98x16 [r=37 c=0 rs=1 cs=1]
                RenderBlock {P} at (7.19,0) size 84x16
                  RenderText {#text} at (35,0) size 14x15
                    text run at (35,0) width 14: "38"
                  RenderInline {SPAN} at (0,0) size 1x15
                    RenderInline {O:P} at (0,0) size 1x15
              RenderTableCell {TD} at (98,2455) size 170x96 [r=37 c=1 rs=1 cs=1]
                RenderBlock {P} at (7.19,0) size 156x16
                  RenderText {#text} at (0,0) size 102x15
                    text run at (0,0) width 102: "Karl Allmendinger"
                  RenderInline {SPAN} at (0,0) size 1x15
                    RenderInline {O:P} at (0,0) size 1x15
                RenderBlock {P} at (7.19,16) size 156x16
                  RenderText {#text} at (0,0) size 65x15
                    text run at (0,0) width 65: "John Bernal"
                  RenderInline {SPAN} at (0,0) size 1x15
                    RenderInline {O:P} at (0,0) size 1x15
                RenderBlock {P} at (7.19,32) size 156x16
                  RenderText {#text} at (0,0) size 76x15
                    text run at (0,0) width 76: "Gene Langley"
                RenderBlock {P} at (7.19,48) size 156x16
                  RenderText {#text} at (0,0) size 77x15
                    text run at (0,0) width 77: "Chuck Pringle"
                RenderBlock {P} at (7.19,64) size 156x16
                  RenderText {#text} at (0,0) size 58x15
                    text run at (0,0) width 58: "Jimmy Lei"
                RenderBlock {P} at (7.19,80) size 156x16
                  RenderText {#text} at (0,0) size 93x15
                    text run at (0,0) width 93: "Ruenjoe (Joe) Lu"
                  RenderInline {SPAN} at (0,0) size 1x15
                    RenderInline {O:P} at (0,0) size 1x15
              RenderTableCell {TD} at (268,2455) size 99x64 [r=37 c=2 rs=1 cs=1]
                RenderBlock {P} at (7.19,0) size 85x16
                  RenderText {#text} at (32,0) size 21x15
                    text run at (32,0) width 21: "Yes"
                  RenderInline {SPAN} at (0,0) size 1x15
                    RenderInline {O:P} at (0,0) size 1x15
                RenderBlock {P} at (7.19,16) size 85x16
                  RenderText {#text} at (32,0) size 21x15
                    text run at (32,0) width 21: "Yes"
                  RenderInline {SPAN} at (0,0) size 1x15
                    RenderInline {O:P} at (0,0) size 1x15
                RenderBlock {P} at (7.19,32) size 85x16
                  RenderText {#text} at (32,0) size 21x15
                    text run at (32,0) width 21: "Yes"
                RenderBlock {P} at (7.19,48) size 85x16
                  RenderText {#text} at (32,0) size 21x15
                    text run at (32,0) width 21: "Yes"
                  RenderInline {SPAN} at (0,0) size 1x15
                    RenderInline {O:P} at (0,0) size 1x15
              RenderTableCell {TD} at (367,2455) size 106x64 [r=37 c=3 rs=1 cs=1]
                RenderBlock {P} at (7.19,0) size 92x16
                  RenderText {#text} at (37,0) size 18x15
                    text run at (37,0) width 18: "No"
                  RenderInline {SPAN} at (0,0) size 1x15
                    RenderInline {O:P} at (0,0) size 1x15
                RenderBlock {P} at (7.19,16) size 92x16
                  RenderText {#text} at (37,0) size 18x15
                    text run at (37,0) width 18: "No"
                  RenderInline {SPAN} at (0,0) size 1x15
                    RenderInline {O:P} at (0,0) size 1x15
                RenderBlock {P} at (7.19,32) size 92x16
                  RenderText {#text} at (6,0) size 80x15
                    text run at (6,0) width 80: "Gyro wannabe"
                RenderBlock {P} at (7.19,48) size 92x16
                  RenderText {#text} at (37,0) size 18x15
                    text run at (37,0) width 18: "No"
                  RenderInline {SPAN} at (0,0) size 1x15
                    RenderInline {O:P} at (0,0) size 1x15
            RenderTableRow {TR} at (0,2551) size 473x48
              RenderTableCell {TD} at (0,2551) size 98x16 [r=38 c=0 rs=1 cs=1]
                RenderBlock {P} at (7.19,0) size 84x16
                  RenderText {#text} at (35,0) size 14x15
                    text run at (35,0) width 14: "39"
                  RenderInline {SPAN} at (0,0) size 1x15
                    RenderInline {O:P} at (0,0) size 1x15
              RenderTableCell {TD} at (98,2551) size 170x48 [r=38 c=1 rs=1 cs=1]
                RenderBlock {P} at (7.19,0) size 156x16
                  RenderText {#text} at (0,0) size 71x15
                    text run at (0,0) width 71: "Tom Wagner"
                RenderBlock {P} at (7.19,16) size 156x16
                  RenderText {#text} at (0,0) size 63x15
                    text run at (0,0) width 63: "Oliver Baer"
                RenderBlock {P} at (7.19,32) size 156x16
                  RenderText {#text} at (0,0) size 65x15
                    text run at (0,0) width 65: "Will Sievert"
                  RenderInline {SPAN} at (0,0) size 1x15
                    RenderInline {O:P} at (0,0) size 1x15
              RenderTableCell {TD} at (268,2551) size 99x48 [r=38 c=2 rs=1 cs=1]
                RenderBlock {P} at (7.19,0) size 85x16
                  RenderText {#text} at (32,0) size 21x15
                    text run at (32,0) width 21: "Yes"
                RenderBlock {P} at (7.19,16) size 85x16
                  RenderText {#text} at (32,0) size 21x15
                    text run at (32,0) width 21: "Yes"
                RenderBlock {P} at (7.19,32) size 85x16
                  RenderText {#text} at (32,0) size 21x15
                    text run at (32,0) width 21: "Yes"
                  RenderInline {SPAN} at (0,0) size 1x15
                    RenderInline {O:P} at (0,0) size 1x15
              RenderTableCell {TD} at (367,2551) size 106x48 [r=38 c=3 rs=1 cs=1]
                RenderBlock {P} at (7.19,0) size 92x16
                  RenderText {#text} at (37,0) size 18x15
                    text run at (37,0) width 18: "No"
                RenderBlock {P} at (7.19,16) size 92x16
                  RenderText {#text} at (37,0) size 18x15
                    text run at (37,0) width 18: "No"
                RenderBlock {P} at (7.19,32) size 92x16
                  RenderText {#text} at (37,0) size 18x15
                    text run at (37,0) width 18: "No"
                  RenderInline {SPAN} at (0,0) size 1x15
                    RenderInline {O:P} at (0,0) size 1x15
            RenderTableRow {TR} at (0,2599) size 473x128
              RenderTableCell {TD} at (0,2599) size 98x16 [r=39 c=0 rs=1 cs=1]
                RenderBlock {P} at (7.19,0) size 84x16
                  RenderText {#text} at (35,0) size 14x15
                    text run at (35,0) width 14: "40"
                  RenderInline {SPAN} at (0,0) size 1x15
                    RenderInline {O:P} at (0,0) size 1x15
              RenderTableCell {TD} at (98,2599) size 170x128 [r=39 c=1 rs=1 cs=1]
                RenderBlock {P} at (7.19,0) size 156x16
                  RenderText {#text} at (0,0) size 82x15
                    text run at (0,0) width 82: "Alberto Lanzas"
                  RenderInline {SPAN} at (0,0) size 1x15
                    RenderInline {O:P} at (0,0) size 1x15
                RenderBlock {P} at (7.19,16) size 156x16
                  RenderText {#text} at (0,0) size 94x15
                    text run at (0,0) width 94: "Zak + Mike West"
                  RenderInline {SPAN} at (0,0) size 1x15
                    RenderInline {O:P} at (0,0) size 1x15
                RenderBlock {P} at (7.19,32) size 156x16
                  RenderText {#text} at (0,0) size 69x15
                    text run at (0,0) width 69: "Javier Flores"
                  RenderInline {SPAN} at (0,0) size 1x15
                    RenderInline {O:P} at (0,0) size 1x15
                RenderBlock {P} at (7.19,48) size 156x16
                  RenderText {#text} at (0,0) size 68x15
                    text run at (0,0) width 68: "Bill Johnson"
                  RenderInline {SPAN} at (0,0) size 1x15
                    RenderInline {O:P} at (0,0) size 1x15
                RenderBlock {P} at (7.19,64) size 156x16
                  RenderText {#text} at (0,0) size 76x15
                    text run at (0,0) width 76: "Gene Langley"
                RenderBlock {P} at (7.19,80) size 156x16
                  RenderText {#text} at (0,0) size 69x15
                    text run at (0,0) width 69: "Rich Burnett"
                RenderBlock {P} at (7.19,96) size 156x16
                  RenderText {#text} at (0,0) size 89x15
                    text run at (0,0) width 89: "Jack Goodfriend"
                RenderBlock {P} at (7.19,112) size 156x16
                  RenderText {#text} at (0,0) size 70x15
                    text run at (0,0) width 70: "Harald Close"
                  RenderInline {SPAN} at (0,0) size 1x15
                    RenderInline {O:P} at (0,0) size 1x15
              RenderTableCell {TD} at (268,2599) size 99x128 [r=39 c=2 rs=1 cs=1]
                RenderBlock {P} at (7.19,0) size 85x16
                  RenderText {#text} at (32,0) size 21x15
                    text run at (32,0) width 21: "Yes"
                  RenderInline {SPAN} at (0,0) size 1x15
                    RenderInline {O:P} at (0,0) size 1x15
                RenderBlock {P} at (7.19,16) size 85x16
                  RenderText {#text} at (32,0) size 21x15
                    text run at (32,0) width 21: "Yes"
                  RenderInline {SPAN} at (0,0) size 1x15
                    RenderInline {O:P} at (0,0) size 1x15
                RenderBlock {P} at (7.19,32) size 85x16
                  RenderText {#text} at (32,0) size 21x15
                    text run at (32,0) width 21: "Yes"
                  RenderInline {SPAN} at (0,0) size 1x15
                    RenderInline {O:P} at (0,0) size 1x15
                RenderBlock {P} at (7.19,48) size 85x16
                  RenderText {#text} at (32,0) size 21x15
                    text run at (32,0) width 21: "Yes"
                  RenderInline {SPAN} at (0,0) size 1x15
                    RenderInline {O:P} at (0,0) size 1x15
                RenderBlock {P} at (7.19,64) size 85x16
                  RenderText {#text} at (32,0) size 21x15
                    text run at (32,0) width 21: "Yes"
                RenderBlock {P} at (7.19,80) size 85x16
                  RenderText {#text} at (40,0) size 5x15
                    text run at (40,0) width 5: " "
                RenderBlock {P} at (7.19,96) size 85x16
                  RenderText {#text} at (40,0) size 5x15
                    text run at (40,0) width 5: " "
                RenderBlock {P} at (7.19,112) size 85x16
                  RenderText {#text} at (32,0) size 21x15
                    text run at (32,0) width 21: "Yes"
                  RenderInline {SPAN} at (0,0) size 1x15
                    RenderInline {O:P} at (0,0) size 1x15
              RenderTableCell {TD} at (367,2599) size 106x128 [r=39 c=3 rs=1 cs=1]
                RenderBlock {P} at (7.19,0) size 92x16
                  RenderText {#text} at (35,0) size 22x15
                    text run at (35,0) width 22: "Yes"
                  RenderInline {SPAN} at (0,0) size 1x15
                    RenderInline {O:P} at (0,0) size 1x15
                RenderBlock {P} at (7.19,16) size 92x16
                  RenderText {#text} at (35,0) size 22x15
                    text run at (35,0) width 22: "Yes"
                  RenderInline {SPAN} at (0,0) size 1x15
                    RenderInline {O:P} at (0,0) size 1x15
                RenderBlock {P} at (7.19,32) size 92x16
                  RenderText {#text} at (37,0) size 18x15
                    text run at (37,0) width 18: "No"
                  RenderInline {SPAN} at (0,0) size 1x15
                    RenderInline {O:P} at (0,0) size 1x15
                RenderBlock {P} at (7.19,48) size 92x16
                  RenderText {#text} at (37,0) size 18x15
                    text run at (37,0) width 18: "No"
                  RenderInline {SPAN} at (0,0) size 1x15
                    RenderInline {O:P} at (0,0) size 1x15
                RenderBlock {P} at (7.19,64) size 92x16
                  RenderText {#text} at (28,0) size 36x15
                    text run at (28,0) width 36: "Glider"
                RenderBlock {P} at (7.19,80) size 92x16
                  RenderText {#text} at (44,0) size 4x15
                    text run at (44,0) width 4: " "
                RenderBlock {P} at (7.19,96) size 92x16
                  RenderText {#text} at (44,0) size 4x15
                    text run at (44,0) width 4: " "
                RenderBlock {P} at (7.19,112) size 92x16
                  RenderText {#text} at (37,0) size 18x15
                    text run at (37,0) width 18: "No"
                  RenderInline {SPAN} at (0,0) size 1x15
                    RenderInline {O:P} at (0,0) size 1x15
            RenderTableRow {TR} at (0,2727) size 473x128
              RenderTableCell {TD} at (0,2727) size 98x16 [r=40 c=0 rs=1 cs=1]
                RenderBlock {P} at (7.19,0) size 84x16
                  RenderText {#text} at (35,0) size 14x15
                    text run at (35,0) width 14: "41"
                  RenderInline {SPAN} at (0,0) size 1x15
                    RenderInline {O:P} at (0,0) size 1x15
              RenderTableCell {TD} at (98,2727) size 170x128 [r=40 c=1 rs=1 cs=1]
                RenderBlock {P} at (7.19,0) size 156x16
                  RenderText {#text} at (0,0) size 94x15
                    text run at (0,0) width 94: "Dominic Civiletti"
                  RenderInline {SPAN} at (0,0) size 1x15
                    RenderInline {O:P} at (0,0) size 1x15
                RenderBlock {P} at (7.19,16) size 156x16
                  RenderText {#text} at (0,0) size 104x15
                    text run at (0,0) width 104: "Corbin Christensen"
                  RenderInline {SPAN} at (0,0) size 1x15
                    RenderInline {O:P} at (0,0) size 1x15
                RenderBlock {P} at (7.19,32) size 156x16
                  RenderText {#text} at (0,0) size 59x15
                    text run at (0,0) width 59: "Hal Hirsch"
                  RenderInline {SPAN} at (0,0) size 1x15
                    RenderInline {O:P} at (0,0) size 1x15
                RenderBlock {P} at (7.19,48) size 156x16
                  RenderText {#text} at (0,0) size 90x15
                    text run at (0,0) width 90: "Richard Sanchez"
                RenderBlock {P} at (7.19,64) size 156x16
                  RenderText {#text} at (0,0) size 65x15
                    text run at (0,0) width 65: "John Bernal"
                RenderBlock {P} at (7.19,80) size 156x16
                  RenderText {#text} at (0,0) size 69x15
                    text run at (0,0) width 69: "Rich Burnett"
                RenderBlock {P} at (7.19,96) size 156x16
                  RenderText {#text} at (0,0) size 73x15
                    text run at (0,0) width 73: "Brock Brown"
                RenderBlock {P} at (7.19,112) size 156x16
                  RenderText {#text} at (0,0) size 55x15
                    text run at (0,0) width 55: "John Paye"
                  RenderInline {SPAN} at (0,0) size 1x15
                    RenderInline {O:P} at (0,0) size 1x15
              RenderTableCell {TD} at (268,2727) size 99x112 [r=40 c=2 rs=1 cs=1]
                RenderBlock {P} at (7.19,0) size 85x16
                  RenderText {#text} at (32,0) size 21x15
                    text run at (32,0) width 21: "Yes"
                  RenderInline {SPAN} at (0,0) size 1x15
                    RenderInline {O:P} at (0,0) size 1x15
                RenderBlock {P} at (7.19,16) size 85x16
                  RenderText {#text} at (32,0) size 21x15
                    text run at (32,0) width 21: "Yes"
                  RenderInline {SPAN} at (0,0) size 1x15
                    RenderInline {O:P} at (0,0) size 1x15
                RenderBlock {P} at (7.19,32) size 85x16
                  RenderText {#text} at (32,0) size 21x15
                    text run at (32,0) width 21: "Yes"
                  RenderInline {SPAN} at (0,0) size 1x15
                    RenderInline {O:P} at (0,0) size 1x15
                RenderBlock {P} at (7.19,48) size 85x16
                  RenderText {#text} at (34,0) size 17x15
                    text run at (34,0) width 17: "No"
                RenderBlock {P} at (7.19,64) size 85x16
                  RenderText {#text} at (32,0) size 21x15
                    text run at (32,0) width 21: "Yes"
                RenderBlock {P} at (7.19,80) size 85x16
                  RenderText {#text} at (40,0) size 5x15
                    text run at (40,0) width 5: " "
                RenderBlock {P} at (7.19,96) size 85x16
                  RenderText {#text} at (32,0) size 21x15
                    text run at (32,0) width 21: "Yes"
                  RenderInline {SPAN} at (0,0) size 1x15
                    RenderInline {O:P} at (0,0) size 1x15
              RenderTableCell {TD} at (367,2727) size 106x112 [r=40 c=3 rs=1 cs=1]
                RenderBlock {P} at (7.19,0) size 92x16
                  RenderText {#text} at (37,0) size 18x15
                    text run at (37,0) width 18: "No"
                  RenderInline {SPAN} at (0,0) size 1x15
                    RenderInline {O:P} at (0,0) size 1x15
                RenderBlock {P} at (7.19,16) size 92x16
                  RenderText {#text} at (37,0) size 18x15
                    text run at (37,0) width 18: "No"
                  RenderInline {SPAN} at (0,0) size 1x15
                    RenderInline {O:P} at (0,0) size 1x15
                RenderBlock {P} at (7.19,32) size 92x16
                  RenderText {#text} at (37,0) size 18x15
                    text run at (37,0) width 18: "No"
                  RenderInline {SPAN} at (0,0) size 1x15
                    RenderInline {O:P} at (0,0) size 1x15
                RenderBlock {P} at (7.19,48) size 92x16
                  RenderText {#text} at (35,0) size 22x15
                    text run at (35,0) width 22: "Yes"
                RenderBlock {P} at (7.19,64) size 92x16
                  RenderText {#text} at (37,0) size 18x15
                    text run at (37,0) width 18: "No"
                RenderBlock {P} at (7.19,80) size 92x16
                  RenderText {#text} at (44,0) size 4x15
                    text run at (44,0) width 4: " "
                RenderBlock {P} at (7.19,96) size 92x16
                  RenderText {#text} at (37,0) size 18x15
                    text run at (37,0) width 18: "No"
                  RenderInline {SPAN} at (0,0) size 1x15
                    RenderInline {O:P} at (0,0) size 1x15
            RenderTableRow {TR} at (0,2855) size 473x128
              RenderTableCell {TD} at (0,2855) size 98x16 [r=41 c=0 rs=1 cs=1]
                RenderBlock {P} at (7.19,0) size 84x16
                  RenderText {#text} at (35,0) size 14x15
                    text run at (35,0) width 14: "42"
                  RenderInline {SPAN} at (0,0) size 1x15
                    RenderInline {O:P} at (0,0) size 1x15
              RenderTableCell {TD} at (98,2855) size 170x128 [r=41 c=1 rs=1 cs=1]
                RenderBlock {P} at (7.19,0) size 156x16
                  RenderText {#text} at (0,0) size 48x15
                    text run at (0,0) width 48: "Tony Yu"
                  RenderInline {SPAN} at (0,0) size 1x15
                    RenderInline {O:P} at (0,0) size 1x15
                RenderBlock {P} at (7.19,16) size 156x16
                  RenderText {#text} at (0,0) size 67x15
                    text run at (0,0) width 67: "Jason Miller"
                  RenderInline {SPAN} at (0,0) size 1x15
                    RenderInline {O:P} at (0,0) size 1x15
                RenderBlock {P} at (7.19,32) size 156x16
                  RenderText {#text} at (0,0) size 85x15
                    text run at (0,0) width 85: "Maurice Burton"
                RenderBlock {P} at (7.19,48) size 156x16
                  RenderText {#text} at (0,0) size 64x15
                    text run at (0,0) width 64: "Dan Sievert"
                RenderBlock {P} at (7.19,64) size 156x16
                  RenderText {#text} at (0,0) size 62x15
                    text run at (0,0) width 62: "Jerry Davis"
                RenderBlock {P} at (7.19,80) size 156x16
                  RenderText {#text} at (0,0) size 55x15
                    text run at (0,0) width 55: "John Paye"
                RenderBlock {P} at (7.19,96) size 156x16
                  RenderText {#text} at (0,0) size 72x15
                    text run at (0,0) width 72: "Gordon Frost"
                RenderBlock {P} at (7.19,112) size 156x16
                  RenderText {#text} at (0,0) size 67x15
                    text run at (0,0) width 67: "Chris Walsh"
                  RenderInline {SPAN} at (0,0) size 1x15
                    RenderInline {O:P} at (0,0) size 1x15
              RenderTableCell {TD} at (268,2855) size 99x80 [r=41 c=2 rs=1 cs=1]
                RenderBlock {P} at (7.19,0) size 85x16
                  RenderText {#text} at (32,0) size 21x15
                    text run at (32,0) width 21: "Yes"
                  RenderInline {SPAN} at (0,0) size 1x15
                    RenderInline {O:P} at (0,0) size 1x15
                RenderBlock {P} at (7.19,16) size 85x16
                  RenderText {#text} at (32,0) size 21x15
                    text run at (32,0) width 21: "Yes"
                  RenderInline {SPAN} at (0,0) size 1x15
                    RenderInline {O:P} at (0,0) size 1x15
                RenderBlock {P} at (7.19,32) size 85x16
                  RenderText {#text} at (32,0) size 21x15
                    text run at (32,0) width 21: "Yes"
                RenderBlock {P} at (7.19,48) size 85x16
                  RenderText {#text} at (32,0) size 21x15
                    text run at (32,0) width 21: "Yes"
                RenderBlock {P} at (7.19,64) size 85x16
                  RenderText {#text} at (32,0) size 21x15
                    text run at (32,0) width 21: "Yes"
                  RenderInline {SPAN} at (0,0) size 1x15
                    RenderInline {O:P} at (0,0) size 1x15
              RenderTableCell {TD} at (367,2855) size 106x80 [r=41 c=3 rs=1 cs=1]
                RenderBlock {P} at (7.19,0) size 92x16
                  RenderText {#text} at (37,0) size 18x15
                    text run at (37,0) width 18: "No"
                  RenderInline {SPAN} at (0,0) size 1x15
                    RenderInline {O:P} at (0,0) size 1x15
                RenderBlock {P} at (7.19,16) size 92x16
                  RenderText {#text} at (37,0) size 18x15
                    text run at (37,0) width 18: "No"
                  RenderInline {SPAN} at (0,0) size 1x15
                    RenderInline {O:P} at (0,0) size 1x15
                RenderBlock {P} at (7.19,32) size 92x16
                  RenderText {#text} at (37,0) size 18x15
                    text run at (37,0) width 18: "No"
                RenderBlock {P} at (7.19,48) size 92x16
                  RenderText {#text} at (37,0) size 18x15
                    text run at (37,0) width 18: "No"
                RenderBlock {P} at (7.19,64) size 92x16
                  RenderText {#text} at (37,0) size 18x15
                    text run at (37,0) width 18: "No"
                  RenderInline {SPAN} at (0,0) size 1x15
                    RenderInline {O:P} at (0,0) size 1x15
            RenderTableRow {TR} at (0,2983) size 473x112
              RenderTableCell {TD} at (0,2983) size 98x16 [r=42 c=0 rs=1 cs=1]
                RenderBlock {P} at (7.19,0) size 84x16
                  RenderText {#text} at (35,0) size 14x15
                    text run at (35,0) width 14: "43"
                  RenderInline {SPAN} at (0,0) size 1x15
                    RenderInline {O:P} at (0,0) size 1x15
              RenderTableCell {TD} at (98,2983) size 170x112 [r=42 c=1 rs=1 cs=1]
                RenderBlock {P} at (7.19,0) size 156x16
                  RenderText {#text} at (0,0) size 94x15
                    text run at (0,0) width 94: "Dominic Civiletti"
                  RenderInline {SPAN} at (0,0) size 1x15
                    RenderInline {O:P} at (0,0) size 1x15
                RenderBlock {P} at (7.19,16) size 156x16
                  RenderText {#text} at (0,0) size 67x15
                    text run at (0,0) width 67: "Ken Gullion"
                  RenderInline {SPAN} at (0,0) size 1x15
                    RenderInline {O:P} at (0,0) size 1x15
                RenderBlock {P} at (7.19,32) size 156x16
                  RenderText {#text} at (0,0) size 65x15
                    text run at (0,0) width 65: "Will Sievert"
                RenderBlock {P} at (7.19,48) size 156x16
                  RenderText {#text} at (0,0) size 73x15
                    text run at (0,0) width 73: "Jim Mahoney"
                RenderBlock {P} at (7.19,64) size 156x16
                  RenderText {#text} at (0,0) size 67x15
                    text run at (0,0) width 67: "Ken Manuel"
                RenderBlock {P} at (7.19,80) size 156x16
                  RenderText {#text} at (0,0) size 57x15
                    text run at (0,0) width 57: "John Todd"
                RenderBlock {P} at (7.19,96) size 156x16
                  RenderText {#text} at (0,0) size 89x15
                    text run at (0,0) width 89: "Rick Rasmussen"
                  RenderInline {SPAN} at (0,0) size 1x15
                    RenderInline {O:P} at (0,0) size 1x15
              RenderTableCell {TD} at (268,2983) size 99x80 [r=42 c=2 rs=1 cs=1]
                RenderBlock {P} at (7.19,0) size 85x16
                  RenderText {#text} at (32,0) size 21x15
                    text run at (32,0) width 21: "Yes"
                  RenderInline {SPAN} at (0,0) size 1x15
                    RenderInline {O:P} at (0,0) size 1x15
                RenderBlock {P} at (7.19,16) size 85x16
                  RenderText {#text} at (32,0) size 21x15
                    text run at (32,0) width 21: "Yes"
                  RenderInline {SPAN} at (0,0) size 1x15
                    RenderInline {O:P} at (0,0) size 1x15
                RenderBlock {P} at (7.19,32) size 85x16
                  RenderText {#text} at (32,0) size 21x15
                    text run at (32,0) width 21: "Yes"
                RenderBlock {P} at (7.19,48) size 85x16
                  RenderText {#text} at (32,0) size 21x15
                    text run at (32,0) width 21: "Yes"
                RenderBlock {P} at (7.19,64) size 85x16
                  RenderText {#text} at (32,0) size 21x15
                    text run at (32,0) width 21: "Yes"
                  RenderInline {SPAN} at (0,0) size 1x15
                    RenderInline {O:P} at (0,0) size 1x15
              RenderTableCell {TD} at (367,2983) size 106x80 [r=42 c=3 rs=1 cs=1]
                RenderBlock {P} at (7.19,0) size 92x16
                  RenderText {#text} at (37,0) size 18x15
                    text run at (37,0) width 18: "No"
                  RenderInline {SPAN} at (0,0) size 1x15
                    RenderInline {O:P} at (0,0) size 1x15
                RenderBlock {P} at (7.19,16) size 92x16
                  RenderText {#text} at (37,0) size 18x15
                    text run at (37,0) width 18: "No"
                  RenderInline {SPAN} at (0,0) size 1x15
                    RenderInline {O:P} at (0,0) size 1x15
                RenderBlock {P} at (7.19,32) size 92x16
                  RenderText {#text} at (21,0) size 50x15
                    text run at (21,0) width 50: "Someday"
                RenderBlock {P} at (7.19,48) size 92x16
                  RenderText {#text} at (35,0) size 22x15
                    text run at (35,0) width 22: "Yes"
                RenderBlock {P} at (7.19,64) size 92x16
                  RenderText {#text} at (37,0) size 18x15
                    text run at (37,0) width 18: "No"
                  RenderInline {SPAN} at (0,0) size 1x15
                    RenderInline {O:P} at (0,0) size 1x15
            RenderTableRow {TR} at (0,3095) size 473x64
              RenderTableCell {TD} at (0,3095) size 98x16 [r=43 c=0 rs=1 cs=1]
                RenderBlock {P} at (7.19,0) size 84x16
                  RenderText {#text} at (35,0) size 14x15
                    text run at (35,0) width 14: "44"
                  RenderInline {SPAN} at (0,0) size 1x15
                    RenderInline {O:P} at (0,0) size 1x15
              RenderTableCell {TD} at (98,3095) size 170x64 [r=43 c=1 rs=1 cs=1]
                RenderBlock {P} at (7.19,0) size 156x16
                  RenderText {#text} at (0,0) size 62x15
                    text run at (0,0) width 62: "Gary Heath"
                  RenderInline {SPAN} at (0,0) size 1x15
                    RenderInline {O:P} at (0,0) size 1x15
                RenderBlock {P} at (7.19,16) size 156x16
                  RenderText {#text} at (0,0) size 79x15
                    text run at (0,0) width 79: "Quinn Chuong"
                RenderBlock {P} at (7.19,32) size 156x16
                  RenderText {#text} at (0,0) size 64x15
                    text run at (0,0) width 64: "Dan Sievert"
                RenderBlock {P} at (7.19,48) size 156x16
                  RenderText {#text} at (0,0) size 86x15
                    text run at (0,0) width 86: "Alexander Wert"
                  RenderInline {SPAN} at (0,0) size 1x15
                    RenderInline {O:P} at (0,0) size 1x15
              RenderTableCell {TD} at (268,3095) size 99x64 [r=43 c=2 rs=1 cs=1]
                RenderBlock {P} at (7.19,0) size 85x16
                  RenderText {#text} at (34,0) size 17x15
                    text run at (34,0) width 17: "No"
                  RenderInline {SPAN} at (0,0) size 1x15
                    RenderInline {O:P} at (0,0) size 1x15
                RenderBlock {P} at (7.19,16) size 85x16
                  RenderText {#text} at (32,0) size 21x15
                    text run at (32,0) width 21: "Yes"
                RenderBlock {P} at (7.19,32) size 85x16
                  RenderText {#text} at (32,0) size 21x15
                    text run at (32,0) width 21: "Yes"
                RenderBlock {P} at (7.19,48) size 85x16
                  RenderText {#text} at (34,0) size 17x15
                    text run at (34,0) width 17: "No"
                  RenderInline {SPAN} at (0,0) size 1x15
                    RenderInline {O:P} at (0,0) size 1x15
              RenderTableCell {TD} at (367,3095) size 106x64 [r=43 c=3 rs=1 cs=1]
                RenderBlock {P} at (7.19,0) size 92x16
                  RenderText {#text} at (35,0) size 22x15
                    text run at (35,0) width 22: "Yes"
                  RenderInline {SPAN} at (0,0) size 1x15
                    RenderInline {O:P} at (0,0) size 1x15
                RenderBlock {P} at (7.19,16) size 92x16
                  RenderText {#text} at (35,0) size 22x15
                    text run at (35,0) width 22: "Yes"
                RenderBlock {P} at (7.19,32) size 92x16
                  RenderText {#text} at (37,0) size 18x15
                    text run at (37,0) width 18: "No"
                RenderBlock {P} at (7.19,48) size 92x16
                  RenderText {#text} at (35,0) size 22x15
                    text run at (35,0) width 22: "Yes"
                  RenderInline {SPAN} at (0,0) size 1x15
                    RenderInline {O:P} at (0,0) size 1x15
            RenderTableRow {TR} at (0,3159) size 473x48
              RenderTableCell {TD} at (0,3159) size 98x16 [r=44 c=0 rs=1 cs=1]
                RenderBlock {P} at (7.19,0) size 84x16
                  RenderText {#text} at (35,0) size 14x15
                    text run at (35,0) width 14: "45"
                  RenderInline {SPAN} at (0,0) size 1x15
                    RenderInline {O:P} at (0,0) size 1x15
              RenderTableCell {TD} at (98,3159) size 170x48 [r=44 c=1 rs=1 cs=1]
                RenderBlock {P} at (7.19,0) size 156x16
                  RenderText {#text} at (0,0) size 82x15
                    text run at (0,0) width 82: "James Holaduz"
                RenderBlock {P} at (7.19,16) size 156x16
                  RenderInline {FONT} at (0,0) size 54x15
                    RenderText {#text} at (0,0) size 54x15
                      text run at (0,0) width 54: "Don Coon"
                RenderBlock {P} at (7.19,32) size 156x16
                  RenderText {#text} at (0,0) size 85x15
                    text run at (0,0) width 85: "John Yearwood"
                  RenderInline {SPAN} at (0,0) size 1x15
                    RenderInline {O:P} at (0,0) size 1x15
              RenderTableCell {TD} at (268,3159) size 99x48 [r=44 c=2 rs=1 cs=1]
                RenderBlock {P} at (7.19,0) size 85x16
                  RenderText {#text} at (32,0) size 21x15
                    text run at (32,0) width 21: "Yes"
                RenderBlock {P} at (7.19,16) size 85x16
                  RenderText {#text} at (40,0) size 5x15
                    text run at (40,0) width 5: " "
                RenderBlock {P} at (7.19,32) size 85x16
                  RenderText {#text} at (32,0) size 21x15
                    text run at (32,0) width 21: "Yes"
                  RenderInline {SPAN} at (0,0) size 1x15
                    RenderInline {O:P} at (0,0) size 1x15
              RenderTableCell {TD} at (367,3159) size 106x48 [r=44 c=3 rs=1 cs=1]
                RenderBlock {P} at (7.19,0) size 92x16
                  RenderText {#text} at (37,0) size 18x15
                    text run at (37,0) width 18: "No"
                RenderBlock {P} at (7.19,16) size 92x16
                  RenderText {#text} at (44,0) size 4x15
                    text run at (44,0) width 4: " "
                RenderBlock {P} at (7.19,32) size 92x16
                  RenderText {#text} at (37,0) size 18x15
                    text run at (37,0) width 18: "No"
                  RenderInline {SPAN} at (0,0) size 1x15
                    RenderInline {O:P} at (0,0) size 1x15
            RenderTableRow {TR} at (0,3207) size 473x128
              RenderTableCell {TD} at (0,3207) size 98x16 [r=45 c=0 rs=1 cs=1]
                RenderBlock {P} at (7.19,0) size 84x16
                  RenderText {#text} at (35,0) size 14x15
                    text run at (35,0) width 14: "46"
                  RenderInline {SPAN} at (0,0) size 1x15
                    RenderInline {O:P} at (0,0) size 1x15
              RenderTableCell {TD} at (98,3207) size 170x128 [r=45 c=1 rs=1 cs=1]
                RenderBlock {P} at (7.19,0) size 156x16
                  RenderText {#text} at (0,0) size 52x15
                    text run at (0,0) width 52: "Zak West"
                  RenderInline {SPAN} at (0,0) size 1x15
                    RenderInline {O:P} at (0,0) size 1x15
                RenderBlock {P} at (7.19,16) size 156x16
                  RenderText {#text} at (0,0) size 102x15
                    text run at (0,0) width 102: "Karl Allmendinger"
                RenderBlock {P} at (7.19,32) size 156x16
                  RenderText {#text} at (0,0) size 83x15
                    text run at (0,0) width 83: "John Espectzde"
                RenderBlock {P} at (7.19,48) size 156x16
                  RenderText {#text} at (0,0) size 75x15
                    text run at (0,0) width 75: "Gene Pheiffer"
                RenderBlock {P} at (7.19,64) size 156x16
                  RenderText {#text} at (0,0) size 69x15
                    text run at (0,0) width 69: "Harold Todd"
                RenderBlock {P} at (7.19,80) size 156x16
                  RenderText {#text} at (0,0) size 86x15
                    text run at (0,0) width 86: "Gerald Cardinal"
                RenderBlock {P} at (7.19,96) size 156x16
                  RenderText {#text} at (0,0) size 69x15
                    text run at (0,0) width 69: "Ali Erdengiz"
                RenderBlock {P} at (7.19,112) size 156x16
                  RenderText {#text} at (0,0) size 85x15
                    text run at (0,0) width 85: "Jason Anderson"
                  RenderInline {SPAN} at (0,0) size 1x15
                    RenderInline {O:P} at (0,0) size 1x15
              RenderTableCell {TD} at (268,3207) size 99x128 [r=45 c=2 rs=1 cs=1]
                RenderBlock {P} at (7.19,0) size 85x16
                  RenderText {#text} at (32,0) size 21x15
                    text run at (32,0) width 21: "Yes"
                  RenderInline {SPAN} at (0,0) size 1x15
                    RenderInline {O:P} at (0,0) size 1x15
                RenderBlock {P} at (7.19,16) size 85x16
                  RenderText {#text} at (32,0) size 21x15
                    text run at (32,0) width 21: "Yes"
                RenderBlock {P} at (7.19,32) size 85x16
                  RenderText {#text} at (40,0) size 5x15
                    text run at (40,0) width 5: " "
                RenderBlock {P} at (7.19,48) size 85x16
                  RenderText {#text} at (32,0) size 21x15
                    text run at (32,0) width 21: "Yes"
                RenderBlock {P} at (7.19,64) size 85x16
                  RenderText {#text} at (40,0) size 5x15
                    text run at (40,0) width 5: " "
                RenderBlock {P} at (7.19,80) size 85x16
                  RenderText {#text} at (40,0) size 5x15
                    text run at (40,0) width 5: " "
                RenderBlock {P} at (7.19,96) size 85x16
                  RenderText {#text} at (40,0) size 5x15
                    text run at (40,0) width 5: " "
                RenderBlock {P} at (7.19,112) size 85x16
                  RenderText {#text} at (32,0) size 21x15
                    text run at (32,0) width 21: "Yes"
                  RenderInline {SPAN} at (0,0) size 1x15
                    RenderInline {O:P} at (0,0) size 1x15
              RenderTableCell {TD} at (367,3207) size 106x128 [r=45 c=3 rs=1 cs=1]
                RenderBlock {P} at (7.19,0) size 92x16
                  RenderText {#text} at (35,0) size 22x15
                    text run at (35,0) width 22: "Yes"
                  RenderInline {SPAN} at (0,0) size 1x15
                    RenderInline {O:P} at (0,0) size 1x15
                RenderBlock {P} at (7.19,16) size 92x16
                  RenderText {#text} at (37,0) size 18x15
                    text run at (37,0) width 18: "No"
                RenderBlock {P} at (7.19,32) size 92x16
                  RenderText {#text} at (44,0) size 4x15
                    text run at (44,0) width 4: " "
                RenderBlock {P} at (7.19,48) size 92x16
                  RenderText {#text} at (37,0) size 18x15
                    text run at (37,0) width 18: "No"
                RenderBlock {P} at (7.19,64) size 92x16
                  RenderText {#text} at (44,0) size 4x15
                    text run at (44,0) width 4: " "
                RenderBlock {P} at (7.19,80) size 92x16
                  RenderText {#text} at (44,0) size 4x15
                    text run at (44,0) width 4: " "
                RenderBlock {P} at (7.19,96) size 92x16
                  RenderText {#text} at (44,0) size 4x15
                    text run at (44,0) width 4: " "
                RenderBlock {P} at (7.19,112) size 92x16
                  RenderText {#text} at (37,0) size 18x15
                    text run at (37,0) width 18: "No"
                  RenderInline {SPAN} at (0,0) size 1x15
                    RenderInline {O:P} at (0,0) size 1x15
            RenderTableRow {TR} at (0,3335) size 473x176
              RenderTableCell {TD} at (0,3335) size 98x16 [r=46 c=0 rs=1 cs=1]
                RenderBlock {P} at (7.19,0) size 84x16
                  RenderText {#text} at (35,0) size 14x15
                    text run at (35,0) width 14: "47"
                  RenderInline {SPAN} at (0,0) size 1x15
                    RenderInline {O:P} at (0,0) size 1x15
              RenderTableCell {TD} at (98,3335) size 170x176 [r=46 c=1 rs=1 cs=1]
                RenderBlock {P} at (7.19,0) size 156x16
                  RenderText {#text} at (0,0) size 82x15
                    text run at (0,0) width 82: "James Holaduz"
                  RenderInline {SPAN} at (0,0) size 1x15
                    RenderInline {O:P} at (0,0) size 1x15
                RenderBlock {P} at (7.19,16) size 156x16
                  RenderText {#text} at (0,0) size 48x15
                    text run at (0,0) width 48: "Tony Yu"
                  RenderInline {SPAN} at (0,0) size 1x15
                    RenderInline {O:P} at (0,0) size 1x15
                RenderBlock {P} at (7.19,32) size 156x16
                  RenderText {#text} at (0,0) size 82x15
                    text run at (0,0) width 82: "Quang Nguyen"
                  RenderInline {SPAN} at (0,0) size 1x15
                    RenderInline {O:P} at (0,0) size 1x15
                RenderBlock {P} at (7.19,48) size 156x16
                  RenderText {#text} at (0,0) size 75x15
                    text run at (0,0) width 75: "Rick Klement"
                  RenderInline {SPAN} at (0,0) size 1x15
                    RenderInline {O:P} at (0,0) size 1x15
                RenderBlock {P} at (7.19,64) size 156x16
                  RenderText {#text} at (0,0) size 82x15
                    text run at (0,0) width 82: "Mark Glanville"
                  RenderInline {SPAN} at (0,0) size 1x15
                    RenderInline {O:P} at (0,0) size 1x15
                RenderBlock {P} at (7.19,80) size 156x16
                  RenderText {#text} at (0,0) size 87x15
                    text run at (0,0) width 87: "Michael Chansu"
                RenderBlock {P} at (7.19,96) size 156x16
                  RenderText {#text} at (0,0) size 69x15
                    text run at (0,0) width 69: "Harold Todd"
                RenderBlock {P} at (7.19,112) size 156x16
                  RenderInline {FONT} at (0,0) size 54x15
                    RenderText {#text} at (0,0) size 54x15
                      text run at (0,0) width 54: "Don Coon"
                RenderBlock {P} at (7.19,128) size 156x16
                  RenderText {#text} at (0,0) size 55x15
                    text run at (0,0) width 55: "John Paye"
                RenderBlock {P} at (7.19,144) size 156x16
                  RenderText {#text} at (0,0) size 66x15
                    text run at (0,0) width 66: "David Allen"
                RenderBlock {P} at (7.19,160) size 156x16
                  RenderText {#text} at (0,0) size 107x15
                    text run at (0,0) width 107: "Raymund Leonardo"
                  RenderInline {SPAN} at (0,0) size 1x15
                    RenderInline {O:P} at (0,0) size 1x15
              RenderTableCell {TD} at (268,3335) size 99x176 [r=46 c=2 rs=1 cs=1]
                RenderBlock {P} at (7.19,0) size 85x16
                  RenderText {#text} at (32,0) size 21x15
                    text run at (32,0) width 21: "Yes"
                  RenderInline {SPAN} at (0,0) size 1x15
                    RenderInline {O:P} at (0,0) size 1x15
                RenderBlock {P} at (7.19,16) size 85x16
                  RenderText {#text} at (32,0) size 21x15
                    text run at (32,0) width 21: "Yes"
                  RenderInline {SPAN} at (0,0) size 1x15
                    RenderInline {O:P} at (0,0) size 1x15
                RenderBlock {P} at (7.19,32) size 85x16
                  RenderText {#text} at (32,0) size 21x15
                    text run at (32,0) width 21: "Yes"
                  RenderInline {SPAN} at (0,0) size 1x15
                    RenderInline {O:P} at (0,0) size 1x15
                RenderBlock {P} at (7.19,48) size 85x16
                  RenderText {#text} at (32,0) size 21x15
                    text run at (32,0) width 21: "Yes"
                  RenderInline {SPAN} at (0,0) size 1x15
                    RenderInline {O:P} at (0,0) size 1x15
                RenderBlock {P} at (7.19,64) size 85x16
                  RenderText {#text} at (32,0) size 21x15
                    text run at (32,0) width 21: "Yes"
                  RenderInline {SPAN} at (0,0) size 1x15
                    RenderInline {O:P} at (0,0) size 1x15
                RenderBlock {P} at (7.19,80) size 85x16
                  RenderText {#text} at (32,0) size 21x15
                    text run at (32,0) width 21: "Yes"
                RenderBlock {P} at (7.19,96) size 85x16
                  RenderText {#text} at (40,0) size 5x15
                    text run at (40,0) width 5: " "
                RenderBlock {P} at (7.19,112) size 85x16
                  RenderText {#text} at (40,0) size 5x15
                    text run at (40,0) width 5: " "
                RenderBlock {P} at (7.19,128) size 85x16
                  RenderText {#text} at (40,0) size 5x15
                    text run at (40,0) width 5: " "
                RenderBlock {P} at (7.19,144) size 85x16
                  RenderText {#text} at (40,0) size 5x15
                    text run at (40,0) width 5: " "
                RenderBlock {P} at (7.19,160) size 85x16
                  RenderText {#text} at (34,0) size 17x15
                    text run at (34,0) width 17: "No"
                  RenderInline {SPAN} at (0,0) size 1x15
                    RenderInline {O:P} at (0,0) size 1x15
              RenderTableCell {TD} at (367,3335) size 106x176 [r=46 c=3 rs=1 cs=1]
                RenderBlock {P} at (7.19,0) size 92x16
                  RenderText {#text} at (37,0) size 18x15
                    text run at (37,0) width 18: "No"
                  RenderInline {SPAN} at (0,0) size 1x15
                    RenderInline {O:P} at (0,0) size 1x15
                RenderBlock {P} at (7.19,16) size 92x16
                  RenderText {#text} at (37,0) size 18x15
                    text run at (37,0) width 18: "No"
                  RenderInline {SPAN} at (0,0) size 1x15
                    RenderInline {O:P} at (0,0) size 1x15
                RenderBlock {P} at (7.19,32) size 92x16
                  RenderText {#text} at (37,0) size 18x15
                    text run at (37,0) width 18: "No"
                  RenderInline {SPAN} at (0,0) size 1x15
                    RenderInline {O:P} at (0,0) size 1x15
                RenderBlock {P} at (7.19,48) size 92x16
                  RenderText {#text} at (35,0) size 22x15
                    text run at (35,0) width 22: "Yes"
                  RenderInline {SPAN} at (0,0) size 1x15
                    RenderInline {O:P} at (0,0) size 1x15
                RenderBlock {P} at (7.19,64) size 92x16
                  RenderText {#text} at (37,0) size 18x15
                    text run at (37,0) width 18: "No"
                  RenderInline {SPAN} at (0,0) size 1x15
                    RenderInline {O:P} at (0,0) size 1x15
                RenderBlock {P} at (7.19,80) size 92x16
                  RenderText {#text} at (37,0) size 18x15
                    text run at (37,0) width 18: "No"
                RenderBlock {P} at (7.19,96) size 92x16
                  RenderText {#text} at (44,0) size 4x15
                    text run at (44,0) width 4: " "
                RenderBlock {P} at (7.19,112) size 92x16
                  RenderText {#text} at (44,0) size 4x15
                    text run at (44,0) width 4: " "
                RenderBlock {P} at (7.19,128) size 92x16
                  RenderText {#text} at (44,0) size 4x15
                    text run at (44,0) width 4: " "
                RenderBlock {P} at (7.19,144) size 92x16
                  RenderText {#text} at (44,0) size 4x15
                    text run at (44,0) width 4: " "
                RenderBlock {P} at (7.19,160) size 92x16
                  RenderText {#text} at (35,0) size 22x15
                    text run at (35,0) width 22: "Yes"
                  RenderInline {SPAN} at (0,0) size 1x15
                    RenderInline {O:P} at (0,0) size 1x15
            RenderTableRow {TR} at (0,3511) size 473x144
              RenderTableCell {TD} at (0,3511) size 98x16 [r=47 c=0 rs=1 cs=1]
                RenderBlock {P} at (7.19,0) size 84x16
                  RenderText {#text} at (35,0) size 14x15
                    text run at (35,0) width 14: "48"
                  RenderInline {SPAN} at (0,0) size 1x15
                    RenderInline {O:P} at (0,0) size 1x15
              RenderTableCell {TD} at (98,3511) size 170x144 [r=47 c=1 rs=1 cs=1]
                RenderBlock {P} at (7.19,0) size 156x16
                  RenderText {#text} at (0,0) size 82x15
                    text run at (0,0) width 82: "Mark Glanville"
                  RenderInline {SPAN} at (0,0) size 1x15
                    RenderInline {O:P} at (0,0) size 1x15
                RenderBlock {P} at (7.19,16) size 156x16
                  RenderText {#text} at (0,0) size 94x15
                    text run at (0,0) width 94: "Ian + Brad Carter"
                RenderBlock {P} at (7.19,32) size 156x16
                  RenderText {#text} at (0,0) size 82x15
                    text run at (0,0) width 82: "Stefan Kiritzov"
                RenderBlock {P} at (7.19,48) size 156x16
                  RenderText {#text} at (0,0) size 59x15
                    text run at (0,0) width 59: "Joe Araujo"
                RenderBlock {P} at (7.19,64) size 156x16
                  RenderText {#text} at (0,0) size 69x15
                    text run at (0,0) width 69: "Harold Todd"
                RenderBlock {P} at (7.19,80) size 156x16
                  RenderText {#text} at (0,0) size 71x15
                    text run at (0,0) width 71: "Steve Gilbert"
                RenderBlock {P} at (7.19,96) size 156x16
                  RenderText {#text} at (0,0) size 56x15
                    text run at (0,0) width 56: "Mark Diel"
                RenderBlock {P} at (7.19,112) size 156x16
                  RenderText {#text} at (0,0) size 89x15
                    text run at (0,0) width 89: "Jack Goodfriend"
                RenderBlock {P} at (7.19,128) size 156x16
                  RenderText {#text} at (0,0) size 93x15
                    text run at (0,0) width 93: "Ruenjoe (Joe) Lu"
                  RenderInline {SPAN} at (0,0) size 1x15
                    RenderInline {O:P} at (0,0) size 1x15
              RenderTableCell {TD} at (268,3511) size 99x96 [r=47 c=2 rs=1 cs=1]
                RenderBlock {P} at (7.19,0) size 85x16
                  RenderText {#text} at (32,0) size 21x15
                    text run at (32,0) width 21: "Yes"
                  RenderInline {SPAN} at (0,0) size 1x15
                    RenderInline {O:P} at (0,0) size 1x15
                RenderBlock {P} at (7.19,16) size 85x16
                  RenderText {#text} at (32,0) size 21x15
                    text run at (32,0) width 21: "Yes"
                RenderBlock {P} at (7.19,32) size 85x16
                  RenderText {#text} at (32,0) size 21x15
                    text run at (32,0) width 21: "Yes"
                RenderBlock {P} at (7.19,48) size 85x16
                  RenderText {#text} at (40,0) size 5x15
                    text run at (40,0) width 5: " "
                RenderBlock {P} at (7.19,64) size 85x16
                  RenderText {#text} at (40,0) size 5x15
                    text run at (40,0) width 5: " "
                RenderBlock {P} at (7.19,80) size 85x16
                  RenderText {#text} at (32,0) size 21x15
                    text run at (32,0) width 21: "Yes"
                  RenderInline {SPAN} at (0,0) size 1x15
                    RenderInline {O:P} at (0,0) size 1x15
              RenderTableCell {TD} at (367,3511) size 106x96 [r=47 c=3 rs=1 cs=1]
                RenderBlock {P} at (7.19,0) size 92x16
                  RenderText {#text} at (37,0) size 18x15
                    text run at (37,0) width 18: "No"
                  RenderInline {SPAN} at (0,0) size 1x15
                    RenderInline {O:P} at (0,0) size 1x15
                RenderBlock {P} at (7.19,16) size 92x16
                  RenderText {#text} at (37,0) size 18x15
                    text run at (37,0) width 18: "No"
                RenderBlock {P} at (7.19,32) size 92x16
                  RenderText {#text} at (35,0) size 22x15
                    text run at (35,0) width 22: "Yes"
                RenderBlock {P} at (7.19,48) size 92x16
                  RenderText {#text} at (44,0) size 4x15
                    text run at (44,0) width 4: " "
                RenderBlock {P} at (7.19,64) size 92x16
                  RenderText {#text} at (44,0) size 4x15
                    text run at (44,0) width 4: " "
                RenderBlock {P} at (7.19,80) size 92x16
                  RenderText {#text} at (37,0) size 18x15
                    text run at (37,0) width 18: "No"
                  RenderInline {SPAN} at (0,0) size 1x15
                    RenderInline {O:P} at (0,0) size 1x15
            RenderTableRow {TR} at (0,3655) size 473x64
              RenderTableCell {TD} at (0,3655) size 98x16 [r=48 c=0 rs=1 cs=1]
                RenderBlock {P} at (7.19,0) size 84x16
                  RenderText {#text} at (35,0) size 14x15
                    text run at (35,0) width 14: "49"
                  RenderInline {SPAN} at (0,0) size 1x15
                    RenderInline {O:P} at (0,0) size 1x15
              RenderTableCell {TD} at (98,3655) size 170x64 [r=48 c=1 rs=1 cs=1]
                RenderBlock {P} at (7.19,0) size 156x16
                  RenderText {#text} at (0,0) size 69x15
                    text run at (0,0) width 69: "Ali Erdengiz"
                RenderBlock {P} at (7.19,16) size 156x16
                  RenderText {#text} at (0,0) size 66x15
                    text run at (0,0) width 66: "David Allen"
                RenderBlock {P} at (7.19,32) size 156x16
                  RenderInline {SPAN} at (0,0) size 74x15
                    RenderInline {O:P} at (0,0) size 0x0
                    RenderText {#text} at (0,0) size 74x15
                      text run at (0,0) width 74: "Narayen Raju"
                RenderBlock {P} at (7.19,48) size 156x16
                  RenderInline {SPAN} at (0,0) size 85x15
                    RenderText {#text} at (0,0) size 85x15
                      text run at (0,0) width 33: "Jason "
                      text run at (32,0) width 53: "Anderson"
              RenderTableCell {TD} at (268,3655) size 99x64 [r=48 c=2 rs=1 cs=1]
                RenderBlock {P} at (7.19,0) size 85x16
                  RenderText {#text} at (40,0) size 5x15
                    text run at (40,0) width 5: " "
                RenderBlock {P} at (7.19,16) size 85x16
                  RenderText {#text} at (40,0) size 5x15
                    text run at (40,0) width 5: " "
                RenderBlock {P} at (7.19,32) size 85x16
                  RenderText {#text} at (40,0) size 5x15
                    text run at (40,0) width 5: " "
                RenderBlock {P} at (7.19,48) size 85x16
                  RenderText {#text} at (32,0) size 21x15
                    text run at (32,0) width 21: "Yes"
                  RenderInline {SPAN} at (0,0) size 1x15
                    RenderInline {O:P} at (0,0) size 1x15
              RenderTableCell {TD} at (367,3655) size 106x64 [r=48 c=3 rs=1 cs=1]
                RenderBlock {P} at (7.19,0) size 92x16
                  RenderText {#text} at (44,0) size 4x15
                    text run at (44,0) width 4: " "
                RenderBlock {P} at (7.19,16) size 92x16
                  RenderText {#text} at (44,0) size 4x15
                    text run at (44,0) width 4: " "
                RenderBlock {P} at (7.19,32) size 92x16
                  RenderText {#text} at (44,0) size 4x15
                    text run at (44,0) width 4: " "
                RenderBlock {P} at (7.19,48) size 92x16
                  RenderText {#text} at (37,0) size 18x15
                    text run at (37,0) width 18: "No"
                  RenderInline {SPAN} at (0,0) size 1x15
                    RenderInline {O:P} at (0,0) size 1x15
            RenderTableRow {TR} at (0,3719) size 473x144
              RenderTableCell {TD} at (0,3719) size 98x16 [r=49 c=0 rs=1 cs=1]
                RenderBlock {P} at (7.19,0) size 84x16
                  RenderText {#text} at (35,0) size 14x15
                    text run at (35,0) width 14: "50"
                  RenderInline {SPAN} at (0,0) size 1x15
                    RenderInline {O:P} at (0,0) size 1x15
              RenderTableCell {TD} at (98,3719) size 170x144 [r=49 c=1 rs=1 cs=1]
                RenderBlock {P} at (7.19,0) size 156x16
                  RenderText {#text} at (0,0) size 52x15
                    text run at (0,0) width 52: "Zak West"
                  RenderInline {SPAN} at (0,0) size 1x15
                    RenderInline {O:P} at (0,0) size 1x15
                RenderBlock {P} at (7.19,16) size 156x16
                  RenderText {#text} at (0,0) size 75x15
                    text run at (0,0) width 75: "Rick Klement"
                  RenderInline {SPAN} at (0,0) size 1x15
                    RenderInline {O:P} at (0,0) size 1x15
                RenderBlock {P} at (7.19,32) size 156x16
                  RenderText {#text} at (0,0) size 59x15
                    text run at (0,0) width 59: "Jim Bernal"
                RenderBlock {P} at (7.19,48) size 156x16
                  RenderText {#text} at (0,0) size 88x15
                    text run at (0,0) width 88: "Alan Littlewood"
                RenderBlock {P} at (7.19,64) size 156x16
                  RenderText {#text} at (0,0) size 62x15
                    text run at (0,0) width 62: "Jerry Davis"
                RenderBlock {P} at (7.19,80) size 156x16
                  RenderText {#text} at (0,0) size 85x15
                    text run at (0,0) width 85: "Lauren Bussard"
                RenderBlock {P} at (7.19,96) size 156x16
                  RenderText {#text} at (0,0) size 85x15
                    text run at (0,0) width 85: "John Yearwood"
                RenderBlock {P} at (7.19,112) size 156x16
                  RenderText {#text} at (0,0) size 74x15
                    text run at (0,0) width 74: "Narayan Raju"
                RenderBlock {P} at (7.19,128) size 156x16
                  RenderText {#text} at (0,0) size 67x15
                    text run at (0,0) width 67: "Ken Manuel"
                  RenderInline {SPAN} at (0,0) size 1x15
                    RenderInline {O:P} at (0,0) size 1x15
              RenderTableCell {TD} at (268,3719) size 99x112 [r=49 c=2 rs=1 cs=1]
                RenderBlock {P} at (7.19,0) size 85x16
                  RenderText {#text} at (32,0) size 21x15
                    text run at (32,0) width 21: "Yes"
                  RenderInline {SPAN} at (0,0) size 1x15
                    RenderInline {O:P} at (0,0) size 1x15
                RenderBlock {P} at (7.19,16) size 85x16
                  RenderText {#text} at (32,0) size 21x15
                    text run at (32,0) width 21: "Yes"
                  RenderInline {SPAN} at (0,0) size 1x15
                    RenderInline {O:P} at (0,0) size 1x15
                RenderBlock {P} at (7.19,32) size 85x16
                  RenderText {#text} at (32,0) size 21x15
                    text run at (32,0) width 21: "Yes"
                RenderBlock {P} at (7.19,48) size 85x16
                  RenderText {#text} at (32,0) size 21x15
                    text run at (32,0) width 21: "Yes"
                RenderBlock {P} at (7.19,64) size 85x16
                  RenderText {#text} at (32,0) size 21x15
                    text run at (32,0) width 21: "Yes"
                RenderBlock {P} at (7.19,80) size 85x16
                  RenderText {#text} at (40,0) size 5x15
                    text run at (40,0) width 5: " "
                RenderBlock {P} at (7.19,96) size 85x16
                  RenderText {#text} at (32,0) size 21x15
                    text run at (32,0) width 21: "Yes"
                  RenderInline {SPAN} at (0,0) size 1x15
                    RenderInline {O:P} at (0,0) size 1x15
              RenderTableCell {TD} at (367,3719) size 106x112 [r=49 c=3 rs=1 cs=1]
                RenderBlock {P} at (7.19,0) size 92x16
                  RenderText {#text} at (35,0) size 22x15
                    text run at (35,0) width 22: "Yes"
                  RenderInline {SPAN} at (0,0) size 1x15
                    RenderInline {O:P} at (0,0) size 1x15
                RenderBlock {P} at (7.19,16) size 92x16
                  RenderText {#text} at (35,0) size 22x15
                    text run at (35,0) width 22: "Yes"
                  RenderInline {SPAN} at (0,0) size 1x15
                    RenderInline {O:P} at (0,0) size 1x15
                RenderBlock {P} at (7.19,32) size 92x16
                  RenderText {#text} at (37,0) size 18x15
                    text run at (37,0) width 18: "No"
                RenderBlock {P} at (7.19,48) size 92x16
                  RenderText {#text} at (37,0) size 18x15
                    text run at (37,0) width 18: "No"
                RenderBlock {P} at (7.19,64) size 92x16
                  RenderText {#text} at (35,0) size 22x15
                    text run at (35,0) width 22: "Yes"
                RenderBlock {P} at (7.19,80) size 92x16
                  RenderText {#text} at (44,0) size 4x15
                    text run at (44,0) width 4: " "
                RenderBlock {P} at (7.19,96) size 92x16
                  RenderText {#text} at (37,0) size 18x15
                    text run at (37,0) width 18: "No"
                  RenderInline {SPAN} at (0,0) size 1x15
                    RenderInline {O:P} at (0,0) size 1x15
            RenderTableRow {TR} at (0,3863) size 473x48
              RenderTableCell {TD} at (0,3863) size 98x16 [r=50 c=0 rs=1 cs=1]
                RenderBlock {P} at (7.19,0) size 84x16
                  RenderText {#text} at (35,0) size 14x15
                    text run at (35,0) width 14: "51"
                  RenderInline {SPAN} at (0,0) size 1x15
                    RenderInline {O:P} at (0,0) size 1x15
              RenderTableCell {TD} at (98,3863) size 170x48 [r=50 c=1 rs=1 cs=1]
                RenderBlock {P} at (7.19,0) size 156x16
                  RenderText {#text} at (0,0) size 79x15
                    text run at (0,0) width 79: "Robert Barnett"
                RenderBlock {P} at (7.19,16) size 156x16
                  RenderText {#text} at (0,0) size 73x15
                    text run at (0,0) width 73: "Jim Mahoney"
                RenderBlock {P} at (7.19,32) size 156x16
                  RenderText {#text} at (0,0) size 85x15
                    text run at (0,0) width 85: "Jason Anderson"
                  RenderInline {SPAN} at (0,0) size 1x15
                    RenderInline {O:P} at (0,0) size 1x15
              RenderTableCell {TD} at (268,3863) size 99x48 [r=50 c=2 rs=1 cs=1]
                RenderBlock {P} at (7.19,0) size 85x16
                  RenderText {#text} at (32,0) size 21x15
                    text run at (32,0) width 21: "Yes"
                RenderBlock {P} at (7.19,16) size 85x16
                  RenderText {#text} at (32,0) size 21x15
                    text run at (32,0) width 21: "Yes"
                RenderBlock {P} at (7.19,32) size 85x16
                  RenderText {#text} at (32,0) size 21x15
                    text run at (32,0) width 21: "Yes"
                  RenderInline {SPAN} at (0,0) size 1x15
                    RenderInline {O:P} at (0,0) size 1x15
              RenderTableCell {TD} at (367,3863) size 106x48 [r=50 c=3 rs=1 cs=1]
                RenderBlock {P} at (7.19,0) size 92x16
                  RenderInline {SPAN} at (0,0) size 18x15
                    RenderText {#text} at (37,0) size 18x15
                      text run at (37,0) width 18: "No"
                    RenderInline {O:P} at (0,0) size 1x15
                RenderBlock {P} at (7.19,16) size 92x16
                  RenderInline {SPAN} at (0,0) size 22x15
                    RenderText {#text} at (35,0) size 22x15
                      text run at (35,0) width 22: "Yes"
                RenderBlock {P} at (7.19,32) size 92x16
                  RenderInline {SPAN} at (0,0) size 18x15
                    RenderText {#text} at (37,0) size 18x15
                      text run at (37,0) width 18: "No"
                  RenderInline {SPAN} at (0,0) size 1x15
                    RenderInline {O:P} at (0,0) size 1x15
            RenderTableRow {TR} at (0,3911) size 473x80
              RenderTableCell {TD} at (0,3911) size 98x16 [r=51 c=0 rs=1 cs=1]
                RenderBlock {P} at (7.19,0) size 84x16
                  RenderText {#text} at (35,0) size 14x15
                    text run at (35,0) width 14: "52"
                  RenderInline {SPAN} at (0,0) size 1x15
                    RenderInline {O:P} at (0,0) size 1x15
              RenderTableCell {TD} at (98,3911) size 170x80 [r=51 c=1 rs=1 cs=1]
                RenderBlock {P} at (7.19,0) size 156x16
                  RenderText {#text} at (0,0) size 59x15
                    text run at (0,0) width 59: "Mike West"
                  RenderInline {SPAN} at (0,0) size 1x15
                    RenderInline {O:P} at (0,0) size 1x15
                RenderBlock {P} at (7.19,16) size 156x16
                  RenderText {#text} at (0,0) size 82x15
                    text run at (0,0) width 82: "Robert Frogner"
                RenderBlock {P} at (7.19,32) size 156x16
                  RenderText {#text} at (0,0) size 90x15
                    text run at (0,0) width 90: "Chris McDowell"
                RenderBlock {P} at (7.19,48) size 156x16
                  RenderText {#text} at (0,0) size 55x15
                    text run at (0,0) width 55: "Ed Cypret"
                RenderBlock {P} at (7.19,64) size 156x16
                  RenderText {#text} at (0,0) size 68x15
                    text run at (0,0) width 68: "Dale Barnett"
                  RenderInline {SPAN} at (0,0) size 1x15
                    RenderInline {O:P} at (0,0) size 1x15
              RenderTableCell {TD} at (268,3911) size 99x80 [r=51 c=2 rs=1 cs=1]
                RenderBlock {P} at (7.19,0) size 85x16
                  RenderText {#text} at (32,0) size 21x15
                    text run at (32,0) width 21: "Yes"
                  RenderInline {SPAN} at (0,0) size 1x15
                    RenderInline {O:P} at (0,0) size 1x15
                RenderBlock {P} at (7.19,16) size 85x16
                  RenderText {#text} at (32,0) size 21x15
                    text run at (32,0) width 21: "Yes"
                RenderBlock {P} at (7.19,32) size 85x16
                  RenderText {#text} at (32,0) size 21x15
                    text run at (32,0) width 21: "Yes"
                RenderBlock {P} at (7.19,48) size 85x16
                  RenderText {#text} at (40,0) size 5x15
                    text run at (40,0) width 5: " "
                RenderBlock {P} at (7.19,64) size 85x16
                  RenderText {#text} at (32,0) size 21x15
                    text run at (32,0) width 21: "Yes"
                  RenderInline {SPAN} at (0,0) size 1x15
                    RenderInline {O:P} at (0,0) size 1x15
              RenderTableCell {TD} at (367,3911) size 106x80 [r=51 c=3 rs=1 cs=1]
                RenderBlock {P} at (7.19,0) size 92x16
                  RenderText {#text} at (35,0) size 22x15
                    text run at (35,0) width 22: "Yes"
                  RenderInline {SPAN} at (0,0) size 1x15
                    RenderInline {O:P} at (0,0) size 1x15
                RenderBlock {P} at (7.19,16) size 92x16
                  RenderText {#text} at (37,0) size 18x15
                    text run at (37,0) width 18: "No"
                RenderBlock {P} at (7.19,32) size 92x16
                  RenderText {#text} at (37,0) size 18x15
                    text run at (37,0) width 18: "No"
                RenderBlock {P} at (7.19,48) size 92x16
                  RenderText {#text} at (44,0) size 4x15
                    text run at (44,0) width 4: " "
                RenderBlock {P} at (7.19,64) size 92x16
                  RenderText {#text} at (37,0) size 18x15
                    text run at (37,0) width 18: "No"
                  RenderInline {SPAN} at (0,0) size 1x15
                    RenderInline {O:P} at (0,0) size 1x15
            RenderTableRow {TR} at (0,3991) size 473x80
              RenderTableCell {TD} at (0,3991) size 98x16 [r=52 c=0 rs=1 cs=1]
                RenderBlock {P} at (7.19,0) size 84x16
                  RenderText {#text} at (35,0) size 14x15
                    text run at (35,0) width 14: "53"
                  RenderInline {SPAN} at (0,0) size 1x15
                    RenderInline {O:P} at (0,0) size 1x15
              RenderTableCell {TD} at (98,3991) size 170x80 [r=52 c=1 rs=1 cs=1]
                RenderBlock {P} at (7.19,0) size 156x16
                  RenderText {#text} at (0,0) size 82x15
                    text run at (0,0) width 82: "Alberto Lanzas"
                  RenderInline {SPAN} at (0,0) size 1x15
                    RenderInline {O:P} at (0,0) size 1x15
                RenderBlock {P} at (7.19,16) size 156x16
                  RenderText {#text} at (0,0) size 68x15
                    text run at (0,0) width 68: "Bill Johnson"
                RenderBlock {P} at (7.19,32) size 156x16
                  RenderText {#text} at (0,0) size 44x15
                    text run at (0,0) width 44: "Al Wert"
                RenderBlock {P} at (7.19,48) size 156x16
                  RenderText {#text} at (0,0) size 68x15
                    text run at (0,0) width 68: "Dale Barnett"
                RenderBlock {P} at (7.19,64) size 156x16
                  RenderText {#text} at (0,0) size 102x15
                    text run at (0,0) width 102: "Ramin Khoshnevis"
                  RenderInline {SPAN} at (0,0) size 1x15
                    RenderInline {O:P} at (0,0) size 1x15
              RenderTableCell {TD} at (268,3991) size 99x80 [r=52 c=2 rs=1 cs=1]
                RenderBlock {P} at (7.19,0) size 85x16
                  RenderText {#text} at (32,0) size 21x15
                    text run at (32,0) width 21: "Yes"
                  RenderInline {SPAN} at (0,0) size 1x15
                    RenderInline {O:P} at (0,0) size 1x15
                RenderBlock {P} at (7.19,16) size 85x16
                  RenderText {#text} at (32,0) size 21x15
                    text run at (32,0) width 21: "Yes"
                RenderBlock {P} at (7.19,32) size 85x16
                  RenderText {#text} at (34,0) size 17x15
                    text run at (34,0) width 17: "No"
                RenderBlock {P} at (7.19,48) size 85x16
                  RenderText {#text} at (32,0) size 21x15
                    text run at (32,0) width 21: "Yes"
                RenderBlock {P} at (7.19,64) size 85x16
                  RenderText {#text} at (32,0) size 21x15
                    text run at (32,0) width 21: "Yes"
                  RenderInline {SPAN} at (0,0) size 1x15
                    RenderInline {O:P} at (0,0) size 1x15
              RenderTableCell {TD} at (367,3991) size 106x80 [r=52 c=3 rs=1 cs=1]
                RenderBlock {P} at (7.19,0) size 92x16
                  RenderText {#text} at (35,0) size 22x15
                    text run at (35,0) width 22: "Yes"
                  RenderInline {SPAN} at (0,0) size 1x15
                    RenderInline {O:P} at (0,0) size 1x15
                RenderBlock {P} at (7.19,16) size 92x16
                  RenderText {#text} at (37,0) size 18x15
                    text run at (37,0) width 18: "No"
                RenderBlock {P} at (7.19,32) size 92x16
                  RenderText {#text} at (35,0) size 22x15
                    text run at (35,0) width 22: "Yes"
                RenderBlock {P} at (7.19,48) size 92x16
                  RenderText {#text} at (37,0) size 18x15
                    text run at (37,0) width 18: "No"
                RenderBlock {P} at (7.19,64) size 92x16
                  RenderText {#text} at (37,0) size 18x15
                    text run at (37,0) width 18: "No"
                  RenderInline {SPAN} at (0,0) size 1x15
                    RenderInline {O:P} at (0,0) size 1x15
            RenderTableRow {TR} at (0,4071) size 473x112
              RenderTableCell {TD} at (0,4071) size 98x16 [r=53 c=0 rs=1 cs=1]
                RenderBlock {P} at (7.19,0) size 84x16
                  RenderText {#text} at (35,0) size 14x15
                    text run at (35,0) width 14: "54"
                  RenderInline {SPAN} at (0,0) size 1x15
                    RenderInline {O:P} at (0,0) size 1x15
              RenderTableCell {TD} at (98,4071) size 170x112 [r=53 c=1 rs=1 cs=1]
                RenderBlock {P} at (7.19,0) size 156x16
                  RenderText {#text} at (0,0) size 76x15
                    text run at (0,0) width 76: "Gene Langley"
                RenderBlock {P} at (7.19,16) size 156x16
                  RenderText {#text} at (0,0) size 68x15
                    text run at (0,0) width 68: "Bill Johnson"
                RenderBlock {P} at (7.19,32) size 156x16
                  RenderText {#text} at (0,0) size 56x15
                    text run at (0,0) width 56: "Mark Diel"
                RenderBlock {P} at (7.19,48) size 156x16
                  RenderText {#text} at (0,0) size 62x15
                    text run at (0,0) width 62: "Jerry Davis"
                RenderBlock {P} at (7.19,64) size 156x16
                  RenderText {#text} at (0,0) size 57x15
                    text run at (0,0) width 57: "Peter Starr"
                RenderBlock {P} at (7.19,80) size 156x16
                  RenderText {#text} at (0,0) size 85x15
                    text run at (0,0) width 85: "John Yearwood"
                RenderBlock {P} at (7.19,96) size 156x16
                  RenderText {#text} at (0,0) size 63x15
                    text run at (0,0) width 63: "Scott Hersh"
                  RenderInline {SPAN} at (0,0) size 1x15
                    RenderInline {O:P} at (0,0) size 1x15
              RenderTableCell {TD} at (268,4071) size 99x112 [r=53 c=2 rs=1 cs=1]
                RenderBlock {P} at (7.19,0) size 85x16
                  RenderText {#text} at (32,0) size 21x15
                    text run at (32,0) width 21: "Yes"
                RenderBlock {P} at (7.19,16) size 85x16
                  RenderText {#text} at (32,0) size 21x15
                    text run at (32,0) width 21: "Yes"
                RenderBlock {P} at (7.19,32) size 85x16
                  RenderText {#text} at (40,0) size 5x15
                    text run at (40,0) width 5: " "
                RenderBlock {P} at (7.19,48) size 85x16
                  RenderText {#text} at (32,0) size 21x15
                    text run at (32,0) width 21: "Yes"
                RenderBlock {P} at (7.19,64) size 85x16
                  RenderText {#text} at (40,0) size 5x15
                    text run at (40,0) width 5: " "
                RenderBlock {P} at (7.19,80) size 85x16
                  RenderText {#text} at (32,0) size 21x15
                    text run at (32,0) width 21: "Yes"
                RenderBlock {P} at (7.19,96) size 85x16
                  RenderText {#text} at (32,0) size 21x15
                    text run at (32,0) width 21: "Yes"
                  RenderInline {SPAN} at (0,0) size 1x15
                    RenderInline {O:P} at (0,0) size 1x15
              RenderTableCell {TD} at (367,4071) size 106x112 [r=53 c=3 rs=1 cs=1]
                RenderBlock {P} at (7.19,0) size 92x16
                  RenderText {#text} at (6,0) size 80x15
                    text run at (6,0) width 80: "Gyro wannabe"
                RenderBlock {P} at (7.19,16) size 92x16
                  RenderText {#text} at (37,0) size 18x15
                    text run at (37,0) width 18: "No"
                RenderBlock {P} at (7.19,32) size 92x16
                  RenderText {#text} at (44,0) size 4x15
                    text run at (44,0) width 4: " "
                RenderBlock {P} at (7.19,48) size 92x16
                  RenderText {#text} at (37,0) size 18x15
                    text run at (37,0) width 18: "No"
                RenderBlock {P} at (7.19,64) size 92x16
                  RenderText {#text} at (44,0) size 4x15
                    text run at (44,0) width 4: " "
                RenderBlock {P} at (7.19,80) size 92x16
                  RenderText {#text} at (37,0) size 18x15
                    text run at (37,0) width 18: "No"
                RenderBlock {P} at (7.19,96) size 92x16
                  RenderText {#text} at (37,0) size 18x15
                    text run at (37,0) width 18: "No"
                  RenderInline {SPAN} at (0,0) size 1x15
                    RenderInline {O:P} at (0,0) size 1x15
            RenderTableRow {TR} at (0,4183) size 473x48
              RenderTableCell {TD} at (0,4183) size 98x16 [r=54 c=0 rs=1 cs=1]
                RenderBlock {P} at (7.19,0) size 84x16
                  RenderText {#text} at (35,0) size 14x15
                    text run at (35,0) width 14: "55"
                  RenderInline {SPAN} at (0,0) size 1x15
                    RenderInline {O:P} at (0,0) size 1x15
              RenderTableCell {TD} at (98,4183) size 170x48 [r=54 c=1 rs=1 cs=1]
                RenderBlock {P} at (7.19,0) size 156x16
                  RenderText {#text} at (0,0) size 82x15
                    text run at (0,0) width 82: "Alberto Lanzas"
                  RenderInline {SPAN} at (0,0) size 1x15
                    RenderInline {O:P} at (0,0) size 1x15
                RenderBlock {P} at (7.19,16) size 156x16
                  RenderText {#text} at (0,0) size 59x15
                    text run at (0,0) width 59: "Bob Roger"
                RenderBlock {P} at (7.19,32) size 156x16
                  RenderText {#text} at (0,0) size 76x15
                    text run at (0,0) width 76: "Randy StClair"
                  RenderInline {SPAN} at (0,0) size 1x15
                    RenderInline {O:P} at (0,0) size 1x15
              RenderTableCell {TD} at (268,4183) size 99x48 [r=54 c=2 rs=1 cs=1]
                RenderBlock {P} at (7.19,0) size 85x16
                  RenderText {#text} at (32,0) size 21x15
                    text run at (32,0) width 21: "Yes"
                  RenderInline {SPAN} at (0,0) size 1x15
                    RenderInline {O:P} at (0,0) size 1x15
                RenderBlock {P} at (7.19,16) size 85x16
                  RenderText {#text} at (32,0) size 21x15
                    text run at (32,0) width 21: "Yes"
                RenderBlock {P} at (7.19,32) size 85x16
                  RenderText {#text} at (32,0) size 21x15
                    text run at (32,0) width 21: "Yes"
                  RenderInline {SPAN} at (0,0) size 1x15
                    RenderInline {O:P} at (0,0) size 1x15
              RenderTableCell {TD} at (367,4183) size 106x48 [r=54 c=3 rs=1 cs=1]
                RenderBlock {P} at (7.19,0) size 92x16
                  RenderText {#text} at (35,0) size 22x15
                    text run at (35,0) width 22: "Yes"
                  RenderInline {SPAN} at (0,0) size 1x15
                    RenderInline {O:P} at (0,0) size 1x15
                RenderBlock {P} at (7.19,16) size 92x16
                  RenderText {#text} at (37,0) size 18x15
                    text run at (37,0) width 18: "No"
                RenderBlock {P} at (7.19,32) size 92x16
                  RenderText {#text} at (37,0) size 18x15
                    text run at (37,0) width 18: "No"
                  RenderInline {SPAN} at (0,0) size 1x15
                    RenderInline {O:P} at (0,0) size 1x15
            RenderTableRow {TR} at (0,4231) size 473x80
              RenderTableCell {TD} at (0,4231) size 98x16 [r=55 c=0 rs=1 cs=1]
                RenderBlock {P} at (7.19,0) size 84x16
                  RenderText {#text} at (35,0) size 14x15
                    text run at (35,0) width 14: "56"
                  RenderInline {SPAN} at (0,0) size 1x15
                    RenderInline {O:P} at (0,0) size 1x15
              RenderTableCell {TD} at (98,4231) size 170x80 [r=55 c=1 rs=1 cs=1]
                RenderBlock {P} at (7.19,0) size 156x16
                  RenderText {#text} at (0,0) size 82x15
                    text run at (0,0) width 82: "Mark Glanville"
                RenderBlock {P} at (7.19,16) size 156x16
                  RenderText {#text} at (0,0) size 71x15
                    text run at (0,0) width 71: "Steve Gilbert"
                RenderBlock {P} at (7.19,32) size 156x16
                  RenderText {#text} at (0,0) size 62x15
                    text run at (0,0) width 62: "Jerry Davis"
                RenderBlock {P} at (7.19,48) size 156x16
                  RenderText {#text} at (0,0) size 66x15
                    text run at (0,0) width 66: "Rich Saunef"
                RenderBlock {P} at (7.19,64) size 156x16
                  RenderText {#text} at (0,0) size 70x15
                    text run at (0,0) width 70: "Harald Close"
                  RenderInline {SPAN} at (0,0) size 1x15
                    RenderInline {O:P} at (0,0) size 1x15
              RenderTableCell {TD} at (268,4231) size 99x80 [r=55 c=2 rs=1 cs=1]
                RenderBlock {P} at (7.19,0) size 85x16
                  RenderText {#text} at (32,0) size 21x15
                    text run at (32,0) width 21: "Yes"
                RenderBlock {P} at (7.19,16) size 85x16
                  RenderText {#text} at (32,0) size 21x15
                    text run at (32,0) width 21: "Yes"
                RenderBlock {P} at (7.19,32) size 85x16
                  RenderText {#text} at (32,0) size 21x15
                    text run at (32,0) width 21: "Yes"
                RenderBlock {P} at (7.19,48) size 85x16
                  RenderText {#text} at (32,0) size 21x15
                    text run at (32,0) width 21: "Yes"
                RenderBlock {P} at (7.19,64) size 85x16
                  RenderText {#text} at (32,0) size 21x15
                    text run at (32,0) width 21: "Yes"
                  RenderInline {SPAN} at (0,0) size 1x15
                    RenderInline {O:P} at (0,0) size 1x15
              RenderTableCell {TD} at (367,4231) size 106x80 [r=55 c=3 rs=1 cs=1]
                RenderBlock {P} at (7.19,0) size 92x16
                  RenderText {#text} at (37,0) size 18x15
                    text run at (37,0) width 18: "No"
                RenderBlock {P} at (7.19,16) size 92x16
                  RenderText {#text} at (37,0) size 18x15
                    text run at (37,0) width 18: "No"
                RenderBlock {P} at (7.19,32) size 92x16
                  RenderText {#text} at (37,0) size 18x15
                    text run at (37,0) width 18: "No"
                RenderBlock {P} at (7.19,48) size 92x16
                  RenderText {#text} at (37,0) size 18x15
                    text run at (37,0) width 18: "No"
                RenderBlock {P} at (7.19,64) size 92x16
                  RenderText {#text} at (37,0) size 18x15
                    text run at (37,0) width 18: "No"
                  RenderInline {SPAN} at (0,0) size 1x15
                    RenderInline {O:P} at (0,0) size 1x15
            RenderTableRow {TR} at (0,4311) size 473x48
              RenderTableCell {TD} at (0,4311) size 98x16 [r=56 c=0 rs=1 cs=1]
                RenderBlock {P} at (7.19,0) size 84x16
                  RenderText {#text} at (35,0) size 14x15
                    text run at (35,0) width 14: "57"
                  RenderInline {SPAN} at (0,0) size 1x15
                    RenderInline {O:P} at (0,0) size 1x15
              RenderTableCell {TD} at (98,4311) size 170x48 [r=56 c=1 rs=1 cs=1]
                RenderBlock {P} at (7.19,0) size 156x16
                  RenderText {#text} at (0,0) size 59x15
                    text run at (0,0) width 59: "Bob Roger"
                RenderBlock {P} at (7.19,16) size 156x16
                  RenderText {#text} at (0,0) size 69x15
                    text run at (0,0) width 69: "Rich Burnett"
                RenderBlock {P} at (7.19,32) size 156x16
                  RenderText {#text} at (0,0) size 66x15
                    text run at (0,0) width 66: "David Dunn"
                  RenderInline {SPAN} at (0,0) size 1x15
                    RenderInline {O:P} at (0,0) size 1x15
              RenderTableCell {TD} at (268,4311) size 99x16 [r=56 c=2 rs=1 cs=1]
                RenderBlock {P} at (7.19,0) size 85x16
                  RenderText {#text} at (32,0) size 21x15
                    text run at (32,0) width 21: "Yes"
                  RenderInline {SPAN} at (0,0) size 1x15
                    RenderInline {O:P} at (0,0) size 1x15
              RenderTableCell {TD} at (367,4311) size 106x16 [r=56 c=3 rs=1 cs=1]
                RenderBlock {P} at (7.19,0) size 92x16
                  RenderText {#text} at (37,0) size 18x15
                    text run at (37,0) width 18: "No"
                  RenderInline {SPAN} at (0,0) size 1x15
                    RenderInline {O:P} at (0,0) size 1x15
            RenderTableRow {TR} at (0,4359) size 473x64
              RenderTableCell {TD} at (0,4359) size 98x16 [r=57 c=0 rs=1 cs=1]
                RenderBlock {P} at (7.19,0) size 84x16
                  RenderText {#text} at (35,0) size 14x15
                    text run at (35,0) width 14: "58"
                  RenderInline {SPAN} at (0,0) size 1x15
                    RenderInline {O:P} at (0,0) size 1x15
              RenderTableCell {TD} at (98,4359) size 170x64 [r=57 c=1 rs=1 cs=1]
                RenderBlock {P} at (7.19,0) size 156x16
                  RenderText {#text} at (0,0) size 94x15
                    text run at (0,0) width 94: "Ian + Brad Carter"
                  RenderInline {SPAN} at (0,0) size 1x15
                    RenderInline {O:P} at (0,0) size 1x15
                RenderBlock {P} at (7.19,16) size 156x16
                  RenderText {#text} at (0,0) size 68x15
                    text run at (0,0) width 68: "Bill Johnson"
                RenderBlock {P} at (7.19,32) size 156x16
                  RenderText {#text} at (0,0) size 77x15
                    text run at (0,0) width 77: "Chuck Pringle"
                RenderBlock {P} at (7.19,48) size 156x16
                  RenderText {#text} at (0,0) size 66x15
                    text run at (0,0) width 66: "David Dunn"
                  RenderInline {SPAN} at (0,0) size 1x15
                    RenderInline {O:P} at (0,0) size 1x15
              RenderTableCell {TD} at (268,4359) size 99x48 [r=57 c=2 rs=1 cs=1]
                RenderBlock {P} at (7.19,0) size 85x16
                  RenderText {#text} at (32,0) size 21x15
                    text run at (32,0) width 21: "Yes"
                  RenderInline {SPAN} at (0,0) size 1x15
                    RenderInline {O:P} at (0,0) size 1x15
                RenderBlock {P} at (7.19,16) size 85x16
                  RenderText {#text} at (32,0) size 21x15
                    text run at (32,0) width 21: "Yes"
                RenderBlock {P} at (7.19,32) size 85x16
                  RenderText {#text} at (32,0) size 21x15
                    text run at (32,0) width 21: "Yes"
                  RenderInline {SPAN} at (0,0) size 1x15
                    RenderInline {O:P} at (0,0) size 1x15
              RenderTableCell {TD} at (367,4359) size 106x48 [r=57 c=3 rs=1 cs=1]
                RenderBlock {P} at (7.19,0) size 92x16
                  RenderText {#text} at (37,0) size 18x15
                    text run at (37,0) width 18: "No"
                  RenderInline {SPAN} at (0,0) size 1x15
                    RenderInline {O:P} at (0,0) size 1x15
                RenderBlock {P} at (7.19,16) size 92x16
                  RenderText {#text} at (37,0) size 18x15
                    text run at (37,0) width 18: "No"
                RenderBlock {P} at (7.19,32) size 92x16
                  RenderText {#text} at (37,0) size 18x15
                    text run at (37,0) width 18: "No"
                  RenderInline {SPAN} at (0,0) size 1x15
                    RenderInline {O:P} at (0,0) size 1x15
            RenderTableRow {TR} at (0,4423) size 473x32
              RenderTableCell {TD} at (0,4423) size 98x16 [r=58 c=0 rs=1 cs=1]
                RenderBlock {P} at (7.19,0) size 84x16
                  RenderText {#text} at (35,0) size 14x15
                    text run at (35,0) width 14: "59"
                  RenderInline {SPAN} at (0,0) size 1x15
                    RenderInline {O:P} at (0,0) size 1x15
              RenderTableCell {TD} at (98,4423) size 170x32 [r=58 c=1 rs=1 cs=1]
                RenderBlock {P} at (7.19,0) size 156x16
                  RenderText {#text} at (0,0) size 59x15
                    text run at (0,0) width 59: "Bob Roger"
                RenderBlock {P} at (7.19,16) size 156x16
                  RenderText {#text} at (0,0) size 69x15
                    text run at (0,0) width 69: "Rich Burnett"
                  RenderInline {SPAN} at (0,0) size 1x15
                    RenderInline {O:P} at (0,0) size 1x15
              RenderTableCell {TD} at (268,4423) size 99x16 [r=58 c=2 rs=1 cs=1]
                RenderBlock {P} at (7.19,0) size 85x16
                  RenderText {#text} at (32,0) size 21x15
                    text run at (32,0) width 21: "Yes"
                  RenderInline {SPAN} at (0,0) size 1x15
                    RenderInline {O:P} at (0,0) size 1x15
              RenderTableCell {TD} at (367,4423) size 106x16 [r=58 c=3 rs=1 cs=1]
                RenderBlock {P} at (7.19,0) size 92x16
                  RenderText {#text} at (37,0) size 18x15
                    text run at (37,0) width 18: "No"
                  RenderInline {SPAN} at (0,0) size 1x15
                    RenderInline {O:P} at (0,0) size 1x15
            RenderTableRow {TR} at (0,4455) size 473x64
              RenderTableCell {TD} at (0,4455) size 98x16 [r=59 c=0 rs=1 cs=1]
                RenderBlock {P} at (7.19,0) size 84x16
                  RenderText {#text} at (35,0) size 14x15
                    text run at (35,0) width 14: "60"
                  RenderInline {SPAN} at (0,0) size 1x15
                    RenderInline {O:P} at (0,0) size 1x15
              RenderTableCell {TD} at (98,4455) size 170x64 [r=59 c=1 rs=1 cs=1]
                RenderBlock {P} at (7.19,0) size 156x16
                  RenderText {#text} at (0,0) size 68x15
                    text run at (0,0) width 68: "Bill Johnson"
                RenderBlock {P} at (7.19,16) size 156x16
                  RenderText {#text} at (0,0) size 96x15
                    text run at (0,0) width 96: "Vladimir Dvorkin"
                RenderBlock {P} at (7.19,32) size 156x16
                  RenderText {#text} at (0,0) size 53x15
                    text run at (0,0) width 53: "Ken Price"
                RenderBlock {P} at (7.19,48) size 156x16
                  RenderText {#text} at (0,0) size 89x15
                    text run at (0,0) width 89: "Rick Rasmussen"
                  RenderInline {SPAN} at (0,0) size 1x15
                    RenderInline {O:P} at (0,0) size 1x15
              RenderTableCell {TD} at (268,4455) size 99x32 [r=59 c=2 rs=1 cs=1]
                RenderBlock {P} at (7.19,0) size 85x16
                  RenderText {#text} at (32,0) size 21x15
                    text run at (32,0) width 21: "Yes"
                RenderBlock {P} at (7.19,16) size 85x16
                  RenderText {#text} at (34,0) size 17x15
                    text run at (34,0) width 17: "No"
                  RenderInline {SPAN} at (0,0) size 1x15
                    RenderInline {O:P} at (0,0) size 1x15
              RenderTableCell {TD} at (367,4455) size 106x32 [r=59 c=3 rs=1 cs=1]
                RenderBlock {P} at (7.19,0) size 92x16
                  RenderText {#text} at (37,0) size 18x15
                    text run at (37,0) width 18: "No"
                RenderBlock {P} at (7.19,16) size 92x16
                  RenderText {#text} at (35,0) size 22x15
                    text run at (35,0) width 22: "Yes"
                  RenderInline {SPAN} at (0,0) size 1x15
                    RenderInline {O:P} at (0,0) size 1x15
        RenderBlock {P} at (0,4535) size 769x16
          RenderInline {SPAN} at (0,0) size 4x15
            RenderText {#text} at (0,0) size 4x15
              text run at (0,0) width 4: " "
        RenderBlock {P} at (0,4551) size 769x16
          RenderText {#text} at (0,0) size 4x15
            text run at (0,0) width 4: " "
        RenderBlock {P} at (0,4567) size 769x16
          RenderText {#text} at (0,0) size 4x15
            text run at (0,0) width 4: " "
      RenderBlock {P} at (0,4583) size 769x16
        RenderText {#text} at (382,0) size 5x15
          text run at (382,0) width 5: " "
