layer at (0,0) size 785x1679
  RenderView at (0,0) size 785x600
layer at (0,0) size 785x1679
  RenderBlock {HTML} at (0,0) size 785x1678.69 [border: (1px solid #000000)]
    RenderBody {BODY} at (9,9) size 767x1660.69 [bgcolor=#FFFFFF] [border: (1px solid #000000)]
      RenderBlock {H1} at (1,1) size 765x34 [border: (1px solid #000000)]
        RenderText {#text} at (1,1) size 288x32
          text run at (1,1) width 288: "Caption Margin Test"
      RenderBlock {DIV} at (1,56.44) size 102x18 [border: (1px solid #008000)]
        RenderText {#text} at (1,1) size 40x16
          text run at (1,1) width 40: "100px"
      RenderBlock {DIV} at (1,74.44) size 52x18 [border: (1px solid #FF0000)]
        RenderText {#text} at (1,1) size 32x16
          text run at (1,1) width 32: "50px"
      RenderBlock {H2} at (1,112.34) size 765x26 [border: (1px solid #000000)]
        RenderText {#text} at (1,1) size 80x24
          text run at (1,1) width 80: "Control"
      RenderTable {TABLE} at (1,158.25) size 176x44 [border: (1px solid #000000)]
        RenderBlock {CAPTION} at (0,0) size 176x18 [border: (1px solid #000000)]
          RenderText {#text} at (77,1) size 22x16
            text run at (77,1) width 22: "TA"
        RenderTableSection {TBODY} at (1,19) size 174x24 [border: (1px solid #000000)]
          RenderTableRow {TR} at (0,2) size 174x20 [border: (1px solid #000000)]
            RenderTableCell {TD} at (2,2) size 84x20 [border: (1px solid #000000)] [r=0 c=0 rs=1 cs=1]
              RenderText {#text} at (2,2) size 80x16
                text run at (2,2) width 80: "Table Cell 1"
            RenderTableCell {TD} at (88,2) size 84x20 [border: (1px solid #000000)] [r=0 c=1 rs=1 cs=1]
              RenderText {#text} at (2,2) size 80x16
                text run at (2,2) width 80: "Table Cell 2"
      RenderTable {TABLE} at (1,202.25) size 342x44 [border: (1px solid #000000)]
        RenderBlock {CAPTION} at (0,0) size 342x18 [border: (1px solid #000000)]
          RenderText {#text} at (160,1) size 22x16
            text run at (160,1) width 22: "TB"
        RenderTableSection {TBODY} at (1,19) size 340x24 [border: (1px solid #000000)]
          RenderTableRow {TR} at (0,2) size 340x20 [border: (1px solid #000000)]
            RenderTableCell {TD} at (2,2) size 167x20 [border: (1px solid #000000)] [r=0 c=0 rs=1 cs=1]
              RenderText {#text} at (2,2) size 163x16
                text run at (2,2) width 163: "Table Cell 1 Table Cell 1"
            RenderTableCell {TD} at (171,2) size 167x20 [border: (1px solid #000000)] [r=0 c=1 rs=1 cs=1]
              RenderText {#text} at (2,2) size 163x16
                text run at (2,2) width 163: "Table Cell 2 Table Cell 2"
      RenderBlock {H2} at (1,266.16) size 765x26 [border: (1px solid #000000)]
        RenderText {#text} at (1,1) size 288x24
          text run at (1,1) width 288: "Test 1 - \"margin-left: 50px\""
      RenderTable {TABLE} at (1,312.06) size 176x44 [border: (1px solid #000000)]
        RenderBlock {CAPTION} at (50,0) size 126x18 [border: (1px solid #000000)]
          RenderText {#text} at (52,1) size 22x16
            text run at (52,1) width 22: "TA"
        RenderTableSection {TBODY} at (1,19) size 174x24 [border: (1px solid #000000)]
          RenderTableRow {TR} at (0,2) size 174x20 [border: (1px solid #000000)]
            RenderTableCell {TD} at (2,2) size 84x20 [border: (1px solid #000000)] [r=0 c=0 rs=1 cs=1]
              RenderText {#text} at (2,2) size 80x16
                text run at (2,2) width 80: "Table Cell 1"
            RenderTableCell {TD} at (88,2) size 84x20 [border: (1px solid #000000)] [r=0 c=1 rs=1 cs=1]
              RenderText {#text} at (2,2) size 80x16
                text run at (2,2) width 80: "Table Cell 2"
      RenderTable {TABLE} at (1,356.06) size 342x44 [border: (1px solid #000000)]
        RenderBlock {CAPTION} at (50,0) size 292x18 [border: (1px solid #000000)]
          RenderText {#text} at (135,1) size 22x16
            text run at (135,1) width 22: "TB"
        RenderTableSection {TBODY} at (1,19) size 340x24 [border: (1px solid #000000)]
          RenderTableRow {TR} at (0,2) size 340x20 [border: (1px solid #000000)]
            RenderTableCell {TD} at (2,2) size 167x20 [border: (1px solid #000000)] [r=0 c=0 rs=1 cs=1]
              RenderText {#text} at (2,2) size 163x16
                text run at (2,2) width 163: "Table Cell 1 Table Cell 1"
            RenderTableCell {TD} at (171,2) size 167x20 [border: (1px solid #000000)] [r=0 c=1 rs=1 cs=1]
              RenderText {#text} at (2,2) size 163x16
                text run at (2,2) width 163: "Table Cell 2 Table Cell 2"
      RenderBlock {H2} at (1,419.97) size 765x26 [border: (1px solid #000000)]
        RenderText {#text} at (1,1) size 306x24
          text run at (1,1) width 306: "Test 2 - \"margin-right: 50px\""
      RenderTable {TABLE} at (1,465.88) size 176x44 [border: (1px solid #000000)]
        RenderBlock {CAPTION} at (0,0) size 126x18 [border: (1px solid #000000)]
          RenderText {#text} at (52,1) size 22x16
            text run at (52,1) width 22: "TA"
        RenderTableSection {TBODY} at (1,19) size 174x24 [border: (1px solid #000000)]
          RenderTableRow {TR} at (0,2) size 174x20 [border: (1px solid #000000)]
            RenderTableCell {TD} at (2,2) size 84x20 [border: (1px solid #000000)] [r=0 c=0 rs=1 cs=1]
              RenderText {#text} at (2,2) size 80x16
                text run at (2,2) width 80: "Table Cell 1"
            RenderTableCell {TD} at (88,2) size 84x20 [border: (1px solid #000000)] [r=0 c=1 rs=1 cs=1]
              RenderText {#text} at (2,2) size 80x16
                text run at (2,2) width 80: "Table Cell 2"
      RenderTable {TABLE} at (1,509.88) size 342x44 [border: (1px solid #000000)]
        RenderBlock {CAPTION} at (0,0) size 292x18 [border: (1px solid #000000)]
          RenderText {#text} at (135,1) size 22x16
            text run at (135,1) width 22: "TB"
        RenderTableSection {TBODY} at (1,19) size 340x24 [border: (1px solid #000000)]
          RenderTableRow {TR} at (0,2) size 340x20 [border: (1px solid #000000)]
            RenderTableCell {TD} at (2,2) size 167x20 [border: (1px solid #000000)] [r=0 c=0 rs=1 cs=1]
              RenderText {#text} at (2,2) size 163x16
                text run at (2,2) width 163: "Table Cell 1 Table Cell 1"
            RenderTableCell {TD} at (171,2) size 167x20 [border: (1px solid #000000)] [r=0 c=1 rs=1 cs=1]
              RenderText {#text} at (2,2) size 163x16
                text run at (2,2) width 163: "Table Cell 2 Table Cell 2"
      RenderBlock {H2} at (1,573.78) size 765x26 [border: (1px solid #000000)]
        RenderText {#text} at (1,1) size 247x24
          text run at (1,1) width 247: "Test 3 - \"margin: 50px\""
      RenderTable {TABLE} at (1,619.69) size 176x144 [border: (1px solid #000000)]
        RenderBlock {CAPTION} at (50,50) size 76x18 [border: (1px solid #000000)]
          RenderText {#text} at (27,1) size 22x16
            text run at (27,1) width 22: "TA"
        RenderTableSection {TBODY} at (1,119) size 174x24 [border: (1px solid #000000)]
          RenderTableRow {TR} at (0,2) size 174x20 [border: (1px solid #000000)]
            RenderTableCell {TD} at (2,2) size 84x20 [border: (1px solid #000000)] [r=0 c=0 rs=1 cs=1]
              RenderText {#text} at (2,2) size 80x16
                text run at (2,2) width 80: "Table Cell 1"
            RenderTableCell {TD} at (88,2) size 84x20 [border: (1px solid #000000)] [r=0 c=1 rs=1 cs=1]
              RenderText {#text} at (2,2) size 80x16
                text run at (2,2) width 80: "Table Cell 2"
      RenderTable {TABLE} at (1,763.69) size 342x144 [border: (1px solid #000000)]
        RenderBlock {CAPTION} at (50,50) size 242x18 [border: (1px solid #000000)]
          RenderText {#text} at (110,1) size 22x16
            text run at (110,1) width 22: "TB"
        RenderTableSection {TBODY} at (1,119) size 340x24 [border: (1px solid #000000)]
          RenderTableRow {TR} at (0,2) size 340x20 [border: (1px solid #000000)]
            RenderTableCell {TD} at (2,2) size 167x20 [border: (1px solid #000000)] [r=0 c=0 rs=1 cs=1]
              RenderText {#text} at (2,2) size 163x16
                text run at (2,2) width 163: "Table Cell 1 Table Cell 1"
            RenderTableCell {TD} at (171,2) size 167x20 [border: (1px solid #000000)] [r=0 c=1 rs=1 cs=1]
              RenderText {#text} at (2,2) size 163x16
                text run at (2,2) width 163: "Table Cell 2 Table Cell 2"
      RenderTable {TABLE} at (1,907.69) size 508x144 [border: (1px solid #000000)]
        RenderBlock {CAPTION} at (50,50) size 408x18 [border: (1px solid #000000)]
          RenderText {#text} at (193,1) size 22x16
            text run at (193,1) width 22: "TC"
        RenderTableSection {TBODY} at (1,119) size 506x24 [border: (1px solid #000000)]
          RenderTableRow {TR} at (0,2) size 506x20 [border: (1px solid #000000)]
            RenderTableCell {TD} at (2,2) size 250x20 [border: (1px solid #000000)] [r=0 c=0 rs=1 cs=1]
              RenderText {#text} at (2,2) size 246x16
                text run at (2,2) width 246: "Table Cell 1 Table Cell 1 Table Cell 1"
            RenderTableCell {TD} at (254,2) size 250x20 [border: (1px solid #000000)] [r=0 c=1 rs=1 cs=1]
              RenderText {#text} at (2,2) size 246x16
                text run at (2,2) width 246: "Table Cell 2 Table Cell 2 Table Cell 2"
      RenderBlock {H2} at (1,1071.59) size 765x26 [border: (1px solid #000000)]
        RenderText {#text} at (1,1) size 275x24
          text run at (1,1) width 275: "Test 4 - \"margin-left: 5%\""
      RenderTable {TABLE} at (1,1117.50) size 176x44 [border: (1px solid #000000)]
        RenderBlock {CAPTION} at (8.80,0) size 167.20x18 [border: (1px solid #000000)]
          RenderText {#text} at (72,1) size 23x16
            text run at (72,1) width 23: "TA"
        RenderTableSection {TBODY} at (1,19) size 174x24 [border: (1px solid #000000)]
          RenderTableRow {TR} at (0,2) size 174x20 [border: (1px solid #000000)]
            RenderTableCell {TD} at (2,2) size 84x20 [border: (1px solid #000000)] [r=0 c=0 rs=1 cs=1]
              RenderText {#text} at (2,2) size 80x16
                text run at (2,2) width 80: "Table Cell 1"
            RenderTableCell {TD} at (88,2) size 84x20 [border: (1px solid #000000)] [r=0 c=1 rs=1 cs=1]
              RenderText {#text} at (2,2) size 80x16
                text run at (2,2) width 80: "Table Cell 2"
      RenderTable {TABLE} at (1,1161.50) size 342x44 [border: (1px solid #000000)]
        RenderBlock {CAPTION} at (17.09,0) size 324.91x18 [border: (1px solid #000000)]
          RenderText {#text} at (152,1) size 21x16
            text run at (152,1) width 21: "TB"
        RenderTableSection {TBODY} at (1,19) size 340x24 [border: (1px solid #000000)]
          RenderTableRow {TR} at (0,2) size 340x20 [border: (1px solid #000000)]
            RenderTableCell {TD} at (2,2) size 167x20 [border: (1px solid #000000)] [r=0 c=0 rs=1 cs=1]
              RenderText {#text} at (2,2) size 163x16
                text run at (2,2) width 163: "Table Cell 1 Table Cell 1"
            RenderTableCell {TD} at (171,2) size 167x20 [border: (1px solid #000000)] [r=0 c=1 rs=1 cs=1]
              RenderText {#text} at (2,2) size 163x16
                text run at (2,2) width 163: "Table Cell 2 Table Cell 2"
      RenderBlock {H2} at (1,1225.41) size 765x26 [border: (1px solid #000000)]
        RenderText {#text} at (1,1) size 292x24
          text run at (1,1) width 292: "Test 5 - \"margin-right: 5%\""
      RenderTable {TABLE} at (1,1271.31) size 176x44 [border: (1px solid #000000)]
        RenderBlock {CAPTION} at (0,0) size 167.20x18 [border: (1px solid #000000)]
          RenderText {#text} at (72,1) size 23x16
            text run at (72,1) width 23: "TA"
        RenderTableSection {TBODY} at (1,19) size 174x24 [border: (1px solid #000000)]
          RenderTableRow {TR} at (0,2) size 174x20 [border: (1px solid #000000)]
            RenderTableCell {TD} at (2,2) size 84x20 [border: (1px solid #000000)] [r=0 c=0 rs=1 cs=1]
              RenderText {#text} at (2,2) size 80x16
                text run at (2,2) width 80: "Table Cell 1"
            RenderTableCell {TD} at (88,2) size 84x20 [border: (1px solid #000000)] [r=0 c=1 rs=1 cs=1]
              RenderText {#text} at (2,2) size 80x16
                text run at (2,2) width 80: "Table Cell 2"
      RenderTable {TABLE} at (1,1315.31) size 342x44 [border: (1px solid #000000)]
        RenderBlock {CAPTION} at (0,0) size 324.91x18 [border: (1px solid #000000)]
          RenderText {#text} at (152,1) size 21x16
            text run at (152,1) width 21: "TB"
        RenderTableSection {TBODY} at (1,19) size 340x24 [border: (1px solid #000000)]
          RenderTableRow {TR} at (0,2) size 340x20 [border: (1px solid #000000)]
            RenderTableCell {TD} at (2,2) size 167x20 [border: (1px solid #000000)] [r=0 c=0 rs=1 cs=1]
              RenderText {#text} at (2,2) size 163x16
                text run at (2,2) width 163: "Table Cell 1 Table Cell 1"
            RenderTableCell {TD} at (171,2) size 167x20 [border: (1px solid #000000)] [r=0 c=1 rs=1 cs=1]
              RenderText {#text} at (2,2) size 163x16
                text run at (2,2) width 163: "Table Cell 2 Table Cell 2"
      RenderBlock {H2} at (1,1379.22) size 765x26 [border: (1px solid #000000)]
        RenderText {#text} at (1,1) size 234x24
          text run at (1,1) width 234: "Test 6 - \"margin: 5%\""
      RenderTable {TABLE} at (1,1425.13) size 176x61.59 [border: (1px solid #000000)]
        RenderBlock {CAPTION} at (8.80,8.80) size 158.41x18 [border: (1px solid #000000)]
          RenderText {#text} at (68,1) size 22x16
            text run at (68,1) width 22: "TA"
        RenderTableSection {TBODY} at (1,36.59) size 174x24 [border: (1px solid #000000)]
          RenderTableRow {TR} at (0,2) size 174x20 [border: (1px solid #000000)]
            RenderTableCell {TD} at (2,2) size 84x20 [border: (1px solid #000000)] [r=0 c=0 rs=1 cs=1]
              RenderText {#text} at (2,2) size 80x16
                text run at (2,2) width 80: "Table Cell 1"
            RenderTableCell {TD} at (88,2) size 84x20 [border: (1px solid #000000)] [r=0 c=1 rs=1 cs=1]
              RenderText {#text} at (2,2) size 80x16
                text run at (2,2) width 80: "Table Cell 2"
      RenderTable {TABLE} at (1,1486.72) size 342x78.19 [border: (1px solid #000000)]
        RenderBlock {CAPTION} at (17.09,17.09) size 307.81x18 [border: (1px solid #000000)]
          RenderText {#text} at (143,1) size 22x16
            text run at (143,1) width 22: "TB"
        RenderTableSection {TBODY} at (1,53.19) size 340x24 [border: (1px solid #000000)]
          RenderTableRow {TR} at (0,2) size 340x20 [border: (1px solid #000000)]
            RenderTableCell {TD} at (2,2) size 167x20 [border: (1px solid #000000)] [r=0 c=0 rs=1 cs=1]
              RenderText {#text} at (2,2) size 163x16
                text run at (2,2) width 163: "Table Cell 1 Table Cell 1"
            RenderTableCell {TD} at (171,2) size 167x20 [border: (1px solid #000000)] [r=0 c=1 rs=1 cs=1]
              RenderText {#text} at (2,2) size 163x16
                text run at (2,2) width 163: "Table Cell 2 Table Cell 2"
      RenderTable {TABLE} at (1,1564.91) size 508x94.78 [border: (1px solid #000000)]
        RenderBlock {CAPTION} at (25.39,25.39) size 457.22x18 [border: (1px solid #000000)]
          RenderText {#text} at (218,1) size 21x16
            text run at (218,1) width 21: "TB"
        RenderTableSection {TBODY} at (1,69.78) size 506x24 [border: (1px solid #000000)]
          RenderTableRow {TR} at (0,2) size 506x20 [border: (1px solid #000000)]
            RenderTableCell {TD} at (2,2) size 250x20 [border: (1px solid #000000)] [r=0 c=0 rs=1 cs=1]
              RenderText {#text} at (2,2) size 246x16
                text run at (2,2) width 246: "Table Cell 1 Table Cell 1 Table Cell 1"
            RenderTableCell {TD} at (254,2) size 250x20 [border: (1px solid #000000)] [r=0 c=1 rs=1 cs=1]
              RenderText {#text} at (2,2) size 246x16
                text run at (2,2) width 246: "Table Cell 2 Table Cell 2 Table Cell 2"
