layer at (0,0) size 800x600
  RenderView at (0,0) size 800x600
layer at (0,0) size 800x70
  RenderBlock {HTML} at (0,0) size 800x70
    RenderBody {BODY} at (8,8) size 784x54
      RenderBlock (anonymous) at (0,0) size 784x16
        RenderText {#text} at (0,0) size 196x16
          text run at (0,0) width 196: "the text should be courier 24pt"
      RenderTable {TABLE} at (0,16) size 83x22
        RenderTableSection {TBODY} at (0,0) size 83x22
          RenderTableRow {TR} at (0,2) size 83x18
            RenderTableCell {TD} at (2,2) size 79x18 [r=0 c=0 rs=1 cs=1]
              RenderText {#text} at (1,1) size 77x16
                text run at (1,1) width 77: "inside a cell"
      RenderBlock {DIV} at (0,38) size 784x16
        RenderText {#text} at (0,0) size 74x16
          text run at (0,0) width 74: "inside a div"
