layer at (0,0) size 800x600
  RenderView at (0,0) size 800x600
layer at (0,0) size 800x600
  RenderBlock {HTML} at (0,0) size 800x600
    RenderBody {BODY} at (8,8) size 784x576
      RenderBlock {FORM} at (0,0) size 784x79
        RenderTable {TABLE} at (0,0) size 273x79 [border: (1px outset #808080)]
          RenderTableSection {TBODY} at (1,1) size 271x77
            RenderTableRow {TR} at (0,2) size 271x73
              RenderTableCell {TD} at (2,2) size 267x73 [border: (1px inset #808080)] [r=0 c=0 rs=1 cs=1]
                RenderTable {TABLE} at (2,2) size 263x69 [border: (2px outset #808080)]
                  RenderTableSection {TBODY} at (2,2) size 259x65
                    RenderTableRow {TR} at (0,2) size 259x36
                      RenderTableCell {TD} at (2,2) size 74x36 [border: (1px inset #808080)] [r=0 c=0 rs=1 cs=1]
                        RenderText {#text} at (2,2) size 57x32
                          text run at (2,2) width 55: "Member"
                          text run at (2,18) width 57: "Number:"
                      RenderTableCell {TD} at (78,8) size 173x23 [border: (1px inset #808080)] [r=0 c=1 rs=1 cs=1]
                        RenderTextControl {INPUT} at (2,2) size 123x19 [bgcolor=#FFFFFF] [border: (2px inset #EEEEEE)]
                        RenderText {#text} at (0,0) size 0x0
                    RenderTableRow {TR} at (0,40) size 259x23
                      RenderTableCell {TD} at (2,41) size 74x20 [border: (1px inset #808080)] [r=1 c=0 rs=1 cs=1]
                        RenderText {#text} at (2,2) size 31x16
                          text run at (2,2) width 31: "PIN:"
                      RenderTableCell {TD} at (78,40) size 173x23 [border: (1px inset #808080)] [r=1 c=1 rs=1 cs=1]
                        RenderTextControl {INPUT} at (2,2) size 123x19 [bgcolor=#FFFFFF] [border: (2px inset #EEEEEE)]
                        RenderText {#text} at (0,0) size 0x0
                      RenderTableCell {TD} at (253,49) size 4x4 [border: (1px inset #808080)] [r=1 c=2 rs=1 cs=1]
layer at (98,28) size 117x13
  RenderBlock {DIV} at (3,3) size 117x13
layer at (98,60) size 117x13
  RenderBlock {DIV} at (3,3) size 117x13
