layer at (0,0) size 800x600
  RenderView at (0,0) size 800x600
layer at (0,0) size 800x600
  RenderBlock {HTML} at (0,0) size 800x600
    RenderBody {BODY} at (8,8) size 784x584
      RenderText {#text} at (0,0) size 328x19
        text run at (0,0) width 328: "This tests that the new text fields use the correct width."
      RenderBR {BR} at (328,15) size 0x0
      RenderTextControl {INPUT} at (0,20) size 153x22 [bgcolor=#FFFFFF] [border: (2px inset #EEEEEE)]
      RenderBR {BR} at (153,36) size 0x0
      RenderTextControl {INPUT} at (0,42) size 200x22 [bgcolor=#FFFFFF] [border: (2px inset #EEEEEE)]
      RenderBR {BR} at (200,58) size 0x0
      RenderTextControl {INPUT} at (0,64) size 333x22 [bgcolor=#FFFFFF] [border: (2px inset #EEEEEE)]
      RenderBR {BR} at (333,80) size 0x0
      RenderTextControl {INPUT} at (0,86) size 200x22 [bgcolor=#FFFFFF] [border: (2px inset #EEEEEE)]
      RenderBR {BR} at (200,102) size 0x0
      RenderTextControl {INPUT} at (0,108) size 93x22 [bgcolor=#FFFFFF] [border: (2px inset #EEEEEE)]
      RenderBR {BR} at (93,124) size 0x0
layer at (10,31) size 149x16
  RenderBlock {DIV} at (2,3) size 149x16
layer at (10,53) size 196x16
  RenderBlock {DIV} at (2,3) size 196x16
    RenderText {#text} at (0,0) size 108x16
      text run at (0,0) width 108: "styled width 200px"
layer at (10,75) size 329x16
  RenderBlock {DIV} at (2,3) size 329x16
    RenderText {#text} at (0,0) size 42x16
      text run at (0,0) width 42: "size 50"
layer at (10,97) size 196x16
  RenderBlock {DIV} at (2,3) size 196x16
    RenderText {#text} at (0,0) size 171x16
      text run at (0,0) width 171: "styled width 200px & size=10"
layer at (10,119) size 89x16
  RenderBlock {DIV} at (2,3) size 89x16
    RenderText {#text} at (0,0) size 42x16
      text run at (0,0) width 42: "size 10"
