layer at (0,0) size 785x715
  RenderView at (0,0) size 785x600
layer at (0,0) size 785x715
  RenderBlock {HTML} at (0,0) size 785x715
    RenderBody {BODY} at (8,8) size 769x699 [bgcolor=#CCCCCC]
      RenderBlock {P} at (0,0) size 769x16
        RenderText {#text} at (0,0) size 363x16
          text run at (0,0) width 363: "The style declarations which apply to the text below are:"
      RenderBlock {PRE} at (0,32) size 769x78
        RenderText {#text} at (0,0) size 430x78
          text run at (0,0) width 422: ".zero {background-color: silver; border-top-width: 0;}"
          text run at (421,0) width 1: " "
          text run at (0,13) width 398: ".one {border-top-width: 25px; border-style: solid;}"
          text run at (397,13) width 1: " "
          text run at (0,26) width 406: ".two {border-top-width: thick; border-style: solid;}"
          text run at (405,26) width 1: " "
          text run at (0,39) width 430: ".three {border-top-width: medium; border-style: solid;}"
          text run at (429,39) width 1: " "
          text run at (0,52) width 406: ".four {border-top-width: thin; border-style: solid;}"
          text run at (405,52) width 1: " "
          text run at (0,65) width 242: ".five {border-top-width: 25px;}"
          text run at (241,65) width 1: " "
      RenderBlock {HR} at (0,123) size 769x2 [border: (1px inset #EEEEEE)]
      RenderBlock {P} at (0,141) size 769x16
        RenderText {#text} at (0,0) size 160x16
          text run at (0,0) width 160: "(These will only work if "
        RenderInline {CODE} at (0,0) size 95x13
          RenderText {#text} at (159,2) size 95x13
            text run at (159,2) width 95: "border-style"
        RenderText {#text} at (253,0) size 92x16
          text run at (253,0) width 92: " is supported.)"
      RenderBlock {P} at (0,173) size 769x16 [bgcolor=#C0C0C0]
        RenderText {#text} at (0,0) size 208x16
          text run at (0,0) width 208: "This element has a class of zero."
      RenderBlock {P} at (0,205) size 769x44 [border: (25px solid #000000) (3px solid #000000)]
        RenderText {#text} at (3,25) size 383x16
          text run at (3,25) width 383: "This paragraph should have a top border width of 25 pixels."
      RenderBlock {P} at (0,265) size 769x24 [border: (5px solid #000000) (3px solid #000000)]
        RenderText {#text} at (3,5) size 340x16
          text run at (3,5) width 340: "This paragraph should have a thick top border width."
      RenderBlock {P} at (0,305) size 769x22 [border: (3px solid #000000)]
        RenderText {#text} at (3,3) size 360x16
          text run at (3,3) width 360: "This paragraph should have a medium top border width."
      RenderBlock {P} at (0,343) size 769x20 [border: (1px solid #000000) (3px solid #000000)]
        RenderText {#text} at (3,1) size 332x16
          text run at (3,1) width 332: "This paragraph should have a thin top border width."
      RenderBlock {P} at (0,379) size 769x16
        RenderText {#text} at (0,0) size 534x16
          text run at (0,0) width 534: "This paragraph should have no border and no extra \"padding\" on its top side, as no "
        RenderInline {CODE} at (0,0) size 95x13
          RenderText {#text} at (533,2) size 95x13
            text run at (533,2) width 95: "border-style"
        RenderText {#text} at (627,0) size 55x16
          text run at (627,0) width 55: " was set."
      RenderTable {TABLE} at (0,411) size 704x288 [border: (1px outset #808080)]
        RenderTableSection {TBODY} at (1,1) size 702x286
          RenderTableRow {TR} at (0,0) size 702x24
            RenderTableCell {TD} at (0,0) size 702x24 [bgcolor=#C0C0C0] [border: (1px inset #808080)] [r=0 c=0 rs=1 cs=2]
              RenderInline {STRONG} at (0,0) size 163x16
                RenderText {#text} at (4,4) size 163x16
                  text run at (4,4) width 163: "TABLE Testing Section"
          RenderTableRow {TR} at (0,24) size 702x262
            RenderTableCell {TD} at (0,143) size 12x24 [bgcolor=#C0C0C0] [border: (1px inset #808080)] [r=1 c=0 rs=1 cs=1]
              RenderText {#text} at (4,4) size 4x16
                text run at (4,4) width 4: " "
            RenderTableCell {TD} at (12,24) size 690x262 [border: (1px inset #808080)] [r=1 c=1 rs=1 cs=1]
              RenderBlock {P} at (4,4) size 682x16
                RenderText {#text} at (0,0) size 160x16
                  text run at (0,0) width 160: "(These will only work if "
                RenderInline {CODE} at (0,0) size 95x13
                  RenderText {#text} at (159,2) size 95x13
                    text run at (159,2) width 95: "border-style"
                RenderText {#text} at (253,0) size 92x16
                  text run at (253,0) width 92: " is supported.)"
              RenderBlock {P} at (4,36) size 682x16 [bgcolor=#C0C0C0]
                RenderText {#text} at (0,0) size 208x16
                  text run at (0,0) width 208: "This element has a class of zero."
              RenderBlock {P} at (4,68) size 682x44 [border: (25px solid #000000) (3px solid #000000)]
                RenderText {#text} at (3,25) size 383x16
                  text run at (3,25) width 383: "This paragraph should have a top border width of 25 pixels."
              RenderBlock {P} at (4,128) size 682x24 [border: (5px solid #000000) (3px solid #000000)]
                RenderText {#text} at (3,5) size 340x16
                  text run at (3,5) width 340: "This paragraph should have a thick top border width."
              RenderBlock {P} at (4,168) size 682x22 [border: (3px solid #000000)]
                RenderText {#text} at (3,3) size 360x16
                  text run at (3,3) width 360: "This paragraph should have a medium top border width."
              RenderBlock {P} at (4,206) size 682x20 [border: (1px solid #000000) (3px solid #000000)]
                RenderText {#text} at (3,1) size 332x16
                  text run at (3,1) width 332: "This paragraph should have a thin top border width."
              RenderBlock {P} at (4,242) size 682x16
                RenderText {#text} at (0,0) size 534x16
                  text run at (0,0) width 534: "This paragraph should have no border and no extra \"padding\" on its top side, as no "
                RenderInline {CODE} at (0,0) size 95x13
                  RenderText {#text} at (533,2) size 95x13
                    text run at (533,2) width 95: "border-style"
                RenderText {#text} at (627,0) size 55x16
                  text run at (627,0) width 55: " was set."
