layer at (0,0) size 800x600
  RenderView at (0,0) size 800x600
layer at (0,0) size 800x600
  RenderBlock {HTML} at (0,0) size 800x600
    RenderBody {BODY} at (8,8) size 784x584 [bgcolor=#CCCCCC]
      RenderBlock {P} at (0,0) size 784x16
        RenderText {#text} at (0,0) size 363x16
          text run at (0,0) width 363: "The style declarations which apply to the text below are:"
      RenderBlock {PRE} at (0,32) size 784x39
        RenderText {#text} at (0,0) size 367x39
          text run at (0,0) width 367: ".one {border-width: 25px; border-style: solid;}"
          text run at (366,0) width 1: " "
          text run at (0,13) width 367: ".two {border-width: thin; border-style: solid;}"
          text run at (366,13) width 1: " "
          text run at (0,26) width 219: ".three {border-width: 25px;}"
          text run at (218,26) width 1: " "
      RenderBlock {HR} at (0,84) size 784x2 [border: (1px inset #EEEEEE)]
      RenderBlock {P} at (0,102) size 784x98 [border: (25px solid #000000)]
        RenderText {#text} at (25,25) size 176x16
          text run at (25,25) width 176: "This element has a class of "
        RenderInline {TT} at (0,0) size 25x13
          RenderText {#text} at (200,27) size 25x13
            text run at (200,27) width 25: "one"
        RenderText {#text} at (224,25) size 165x16
          text run at (224,25) width 9: ". "
          text run at (232,25) width 157: "However, it contains an "
        RenderInline {SPAN} at (0,0) size 174x18 [border: (1px solid #000000)]
          RenderText {#text} at (389,25) size 148x16
            text run at (389,25) width 148: "inline element of class "
          RenderInline {TT} at (0,0) size 25x13
            RenderText {#text} at (536,27) size 25x13
              text run at (536,27) width 25: "two"
        RenderText {#text} at (561,25) size 726x32
          text run at (561,25) width 190: ", which should result in a thin"
          text run at (25,41) width 382: "solid border on each side of each box in the inline element. "
          text run at (406,41) width 106: "There is also an "
        RenderInline {SPAN} at (0,0) size 188x16
          RenderText {#text} at (511,41) size 149x16
            text run at (511,41) width 149: "inline element of class "
          RenderInline {TT} at (0,0) size 40x13
            RenderText {#text} at (659,43) size 40x13
              text run at (659,43) width 40: "three"
        RenderText {#text} at (698,41) size 721x32
          text run at (698,41) width 48: ", which"
          text run at (25,57) width 393: "should have no border width because no border style was set."
      RenderTable {TABLE} at (0,216) size 784x132 [border: (1px outset #808080)]
        RenderTableSection {TBODY} at (1,1) size 782x130
          RenderTableRow {TR} at (0,0) size 782x24
            RenderTableCell {TD} at (0,0) size 782x24 [bgcolor=#C0C0C0] [border: (1px inset #808080)] [r=0 c=0 rs=1 cs=2]
              RenderInline {STRONG} at (0,0) size 163x16
                RenderText {#text} at (4,4) size 163x16
                  text run at (4,4) width 163: "TABLE Testing Section"
          RenderTableRow {TR} at (0,24) size 782x106
            RenderTableCell {TD} at (0,65) size 12x24 [bgcolor=#C0C0C0] [border: (1px inset #808080)] [r=1 c=0 rs=1 cs=1]
              RenderText {#text} at (4,4) size 4x16
                text run at (4,4) width 4: " "
            RenderTableCell {TD} at (12,24) size 770x106 [border: (1px inset #808080)] [r=1 c=1 rs=1 cs=1]
              RenderBlock {P} at (4,4) size 762x98 [border: (25px solid #000000)]
                RenderText {#text} at (25,25) size 176x16
                  text run at (25,25) width 176: "This element has a class of "
                RenderInline {TT} at (0,0) size 25x13
                  RenderText {#text} at (200,27) size 25x13
                    text run at (200,27) width 25: "one"
                RenderText {#text} at (224,25) size 165x16
                  text run at (224,25) width 9: ". "
                  text run at (232,25) width 157: "However, it contains an "
                RenderInline {SPAN} at (0,0) size 174x18 [border: (1px solid #000000)]
                  RenderText {#text} at (389,25) size 148x16
                    text run at (389,25) width 148: "inline element of class "
                  RenderInline {TT} at (0,0) size 25x13
                    RenderText {#text} at (536,27) size 25x13
                      text run at (536,27) width 25: "two"
                RenderText {#text} at (561,25) size 698x32
                  text run at (561,25) width 162: ", which should result in a"
                  text run at (25,41) width 411: "thin solid border on each side of each box in the inline element. "
                  text run at (435,41) width 106: "There is also an "
                RenderInline {SPAN} at (0,0) size 187x16
                  RenderText {#text} at (540,41) size 148x16
                    text run at (540,41) width 148: "inline element of class "
                  RenderInline {TT} at (0,0) size 40x13
                    RenderText {#text} at (687,43) size 40x13
                      text run at (687,43) width 40: "three"
                RenderText {#text} at (726,41) size 706x32
                  text run at (726,41) width 5: ","
                  text run at (25,57) width 436: "which should have no border width because no border style was set."
