layer at (0,0) size 800x600
  RenderView at (0,0) size 800x600
layer at (0,0) size 800x600
  RenderBlock {HTML} at (0,0) size 800x600
    RenderBody {BODY} at (8,8) size 784x584 [bgcolor=#CCCCCC]
      RenderBlock {P} at (0,0) size 784x16
        RenderText {#text} at (0,0) size 363x16
          text run at (0,0) width 363: "The style declarations which apply to the text below are:"
      RenderBlock {PRE} at (0,32) size 784x39
        RenderText {#text} at (0,0) size 554x39
          text run at (0,0) width 547: ".one {border-style: dashed; border-color: black; border-width: thick;}"
          text run at (546,0) width 1: " "
          text run at (0,13) width 531: ".two {border-style: groove; border-color: red; border-width: thick;}"
          text run at (530,13) width 1: " "
          text run at (0,26) width 554: ".three {border-style: none; border-color: purple; border-width: thick;}"
          text run at (553,26) width 1: " "
      RenderBlock {HR} at (0,84) size 784x2 [border: (1px inset #EEEEEE)]
      RenderBlock {P} at (0,102) size 784x48 [bgcolor=#C0C0C0]
        RenderText {#text} at (0,0) size 679x16
          text run at (0,0) width 679: "This is an unstyled element, save for the background color, and it contains inline elements with classes of "
        RenderInline {SPAN} at (0,0) size 70x26 [border: (5px dashed #000000)]
          RenderText {#text} at (683,0) size 60x16
            text run at (683,0) width 60: "class one"
        RenderText {#text} at (747,0) size 752x32
          text run at (747,0) width 5: ","
          text run at (0,16) width 313: "which will result in a dashed thick black border; "
        RenderInline {SPAN} at (0,0) size 70x26 [border: (5px groove #FF0000)]
          RenderText {#text} at (317,16) size 60x16
            text run at (317,16) width 60: "class two"
        RenderText {#text} at (381,16) size 376x16
          text run at (381,16) width 376: ", which should result in a grooved thick purple border, and"
        RenderInline {SPAN} at (0,0) size 68x16
          RenderText {#text} at (0,32) size 68x16
            text run at (0,32) width 68: "class three"
        RenderText {#text} at (67,32) size 701x16
          text run at (67,32) width 260: ", which should result in no border at all. "
          text run at (326,32) width 442: "The line-height of the parent element should not change, on any line."
      RenderTable {TABLE} at (0,166) size 784x98 [border: (1px outset #808080)]
        RenderTableSection {TBODY} at (1,1) size 782x96
          RenderTableRow {TR} at (0,0) size 782x24
            RenderTableCell {TD} at (0,0) size 782x24 [bgcolor=#C0C0C0] [border: (1px inset #808080)] [r=0 c=0 rs=1 cs=2]
              RenderInline {STRONG} at (0,0) size 163x16
                RenderText {#text} at (4,4) size 163x16
                  text run at (4,4) width 163: "TABLE Testing Section"
          RenderTableRow {TR} at (0,24) size 782x72
            RenderTableCell {TD} at (0,48) size 12x24 [bgcolor=#C0C0C0] [border: (1px inset #808080)] [r=1 c=0 rs=1 cs=1]
              RenderText {#text} at (4,4) size 4x16
                text run at (4,4) width 4: " "
            RenderTableCell {TD} at (12,24) size 770x72 [border: (1px inset #808080)] [r=1 c=1 rs=1 cs=1]
              RenderBlock {P} at (4,4) size 762x64 [bgcolor=#C0C0C0]
                RenderText {#text} at (0,0) size 679x16
                  text run at (0,0) width 679: "This is an unstyled element, save for the background color, and it contains inline elements with classes of "
                RenderInline {SPAN} at (0,0) size 70x26 [border: (5px dashed #000000)]
                  RenderText {#text} at (683,0) size 60x16
                    text run at (683,0) width 60: "class one"
                RenderText {#text} at (747,0) size 752x32
                  text run at (747,0) width 5: ","
                  text run at (0,16) width 313: "which will result in a dashed thick black border; "
                RenderInline {SPAN} at (0,0) size 70x26 [border: (5px groove #FF0000)]
                  RenderText {#text} at (317,16) size 60x16
                    text run at (317,16) width 60: "class two"
                RenderText {#text} at (381,16) size 376x16
                  text run at (381,16) width 376: ", which should result in a grooved thick purple border, and"
                RenderInline {SPAN} at (0,0) size 68x16
                  RenderText {#text} at (0,32) size 68x16
                    text run at (0,32) width 68: "class three"
                RenderText {#text} at (67,32) size 736x32
                  text run at (67,32) width 260: ", which should result in no border at all. "
                  text run at (326,32) width 410: "The line-height of the parent element should not change, on any"
                  text run at (0,48) width 28: "line."
