layer at (0,0) size 800x600
  RenderView at (0,0) size 800x600
layer at (0,0) size 800x600
  RenderBlock {HTML} at (0,0) size 800x600
    RenderBody {BODY} at (8,8) size 784x584 [bgcolor=#CCCCCC]
      RenderBlock {P} at (0,0) size 784x16
        RenderText {#text} at (0,0) size 363x16
          text run at (0,0) width 363: "The style declarations which apply to the text below are:"
      RenderBlock {PRE} at (0,32) size 784x39
        RenderText {#text} at (0,0) size 297x39
          text run at (0,0) width 297: ".one {border-top: purple double 10px;}"
          text run at (296,0) width 1: " "
          text run at (0,13) width 289: ".two {border-top: purple thin solid;}"
          text run at (288,13) width 1: " "
          text run at (0,26) width 0: " "
      RenderBlock {HR} at (0,84) size 784x2 [border: (1px inset #EEEEEE)]
      RenderBlock {P} at (0,102) size 784x48 [bgcolor=#C0C0C0]
        RenderText {#text} at (0,0) size 681x16
          text run at (0,0) width 681: "This is an unstyled element, save for the background color, and containing inline elements with classes of "
        RenderInline {SPAN} at (0,0) size 59x26 [border: (10px double #800080) none]
          RenderText {#text} at (680,0) size 59x16
            text run at (680,0) width 59: "class one"
        RenderText {#text} at (738,0) size 743x32
          text run at (738,0) width 5: ","
          text run at (0,16) width 387: "which should have a 10-pixel purple double top border; and "
        RenderInline {SPAN} at (0,0) size 60x17 [border: (1px solid #800080) none]
          RenderText {#text} at (386,16) size 60x16
            text run at (386,16) width 60: "class two"
        RenderText {#text} at (445,16) size 768x32
          text run at (445,16) width 323: ", which should have a thin solid purple top border."
          text run at (0,32) width 438: "The line-height of the parent element should not change on any line."
      RenderTable {TABLE} at (0,166) size 784x82 [border: (1px outset #808080)]
        RenderTableSection {TBODY} at (1,1) size 782x80
          RenderTableRow {TR} at (0,0) size 782x24
            RenderTableCell {TD} at (0,0) size 782x24 [bgcolor=#C0C0C0] [border: (1px inset #808080)] [r=0 c=0 rs=1 cs=2]
              RenderInline {STRONG} at (0,0) size 163x16
                RenderText {#text} at (4,4) size 163x16
                  text run at (4,4) width 163: "TABLE Testing Section"
          RenderTableRow {TR} at (0,24) size 782x56
            RenderTableCell {TD} at (0,40) size 12x24 [bgcolor=#C0C0C0] [border: (1px inset #808080)] [r=1 c=0 rs=1 cs=1]
              RenderText {#text} at (4,4) size 4x16
                text run at (4,4) width 4: " "
            RenderTableCell {TD} at (12,24) size 770x56 [border: (1px inset #808080)] [r=1 c=1 rs=1 cs=1]
              RenderBlock {P} at (4,4) size 762x48 [bgcolor=#C0C0C0]
                RenderText {#text} at (0,0) size 681x16
                  text run at (0,0) width 681: "This is an unstyled element, save for the background color, and containing inline elements with classes of "
                RenderInline {SPAN} at (0,0) size 59x26 [border: (10px double #800080) none]
                  RenderText {#text} at (680,0) size 59x16
                    text run at (680,0) width 59: "class one"
                RenderText {#text} at (738,0) size 743x32
                  text run at (738,0) width 5: ","
                  text run at (0,16) width 387: "which should have a 10-pixel purple double top border; and "
                RenderInline {SPAN} at (0,0) size 60x17 [border: (1px solid #800080) none]
                  RenderText {#text} at (386,16) size 60x16
                    text run at (386,16) width 60: "class two"
                RenderText {#text} at (445,16) size 719x32
                  text run at (445,16) width 274: ", which should have a thin solid purple top"
                  text run at (0,32) width 50: "border. "
                  text run at (49,32) width 438: "The line-height of the parent element should not change on any line."
