layer at (0,0) size 785x891
  RenderView at (0,0) size 785x600
layer at (0,0) size 785x891
  RenderBlock {HTML} at (0,0) size 785x891
    RenderBody {BODY} at (8,8) size 769x875 [bgcolor=#CCCCCC]
      RenderBlock {P} at (0,0) size 769x16
        RenderText {#text} at (0,0) size 363x16
          text run at (0,0) width 363: "The style declarations which apply to the text below are:"
      RenderBlock {PRE} at (0,32) size 769x52
        RenderText {#text} at (0,0) size 313x52
          text run at (0,0) width 297: ".one {border-top: purple double 10px;}"
          text run at (296,0) width 1: " "
          text run at (0,13) width 289: ".two {border-top: purple thin solid;}"
          text run at (288,13) width 1: " "
          text run at (0,26) width 313: ".three {border-top: black medium solid;}"
          text run at (312,26) width 1: " "
          text run at (0,39) width 258: "TD {border-top: green 2px solid;}"
          text run at (257,39) width 1: " "
      RenderBlock {HR} at (0,97) size 769x2 [border: (1px inset #EEEEEE)]
      RenderBlock {P} at (0,115) size 769x32
        RenderText {#text} at (0,0) size 723x32
          text run at (0,0) width 648: "Note that all table cells on this page should have a two-pixel solid green border along their top sides. "
          text run at (647,0) width 76: "This border"
          text run at (0,16) width 373: "applies only to the cells, not the rows which contain them."
      RenderBlock {P} at (0,163) size 769x26 [border: (10px double #800080) none]
        RenderText {#text} at (0,10) size 421x16
          text run at (0,10) width 421: "This paragraph should have a purple, double, 10-pixel top border."
      RenderBlock {P} at (0,205) size 769x17 [border: (1px solid #800080) none]
        RenderText {#text} at (0,1) size 337x16
          text run at (0,1) width 337: "This paragraph should have a thin purple top border."
      RenderTable {TABLE} at (0,238) size 769x102 [border: (1px outset #808080)]
        RenderTableSection {TBODY} at (1,1) size 767x100
          RenderTableRow {TR} at (0,5) size 767x37
            RenderTableCell {TD} at (5,5) size 757x37 [border: (2px solid #008000) (1px inset #808080)] [r=0 c=0 rs=1 cs=2]
              RenderText {#text} at (2,3) size 730x32
                text run at (2,3) width 439: "Every cell in this table should have a 2-pixel solid green top border. "
                text run at (440,3) width 292: "This is also true of the table-testing section in"
                text run at (2,19) width 203: "the second half of the test page."
          RenderTableRow {TR} at (0,47) size 767x48
            RenderTableCell {TD} at (5,60) size 190x21 [border: (2px solid #008000) (1px inset #808080)] [r=1 c=0 rs=1 cs=1]
              RenderText {#text} at (2,3) size 54x16
                text run at (2,3) width 54: "Cell one"
            RenderTableCell {TD} at (200,47) size 562x48 [border: (2px solid #008000) (1px inset #808080)] [r=1 c=1 rs=1 cs=1]
              RenderBlock (anonymous) at (2,3) size 558x16
                RenderText {#text} at (0,0) size 55x16
                  text run at (0,0) width 55: "Cell two"
              RenderTable {TABLE} at (2,19) size 166x27 [border: (1px outset #808080)]
                RenderTableSection {TBODY} at (1,1) size 164x25
                  RenderTableRow {TR} at (0,2) size 164x21
                    RenderTableCell {TD} at (2,2) size 160x21 [border: (2px solid #008000) (1px inset #808080)] [r=0 c=0 rs=1 cs=1]
                      RenderText {#text} at (2,3) size 156x16
                        text run at (2,3) width 156: "Nested single-cell table!"
      RenderBlock {UL} at (0,356) size 769x105
        RenderListItem {LI} at (40,0) size 729x67 [border: (3px solid #000000) none]
          RenderBlock (anonymous) at (0,3) size 729x16
            RenderListMarker at (-16,0) size 6x16: bullet
            RenderText {#text} at (0,0) size 123x16
              text run at (0,0) width 123: "This is a list item..."
          RenderBlock {UL} at (0,19) size 729x48
            RenderListItem {LI} at (40,0) size 689x16
              RenderListMarker at (-16,0) size 6x16: white bullet
              RenderText {#text} at (0,0) size 75x16
                text run at (0,0) width 75: "...and this..."
            RenderListItem {LI} at (40,16) size 689x16
              RenderListMarker at (-16,0) size 6x16: white bullet
              RenderText {#text} at (0,0) size 118x16
                text run at (0,0) width 118: "...is a second list..."
            RenderListItem {LI} at (40,32) size 689x16
              RenderListMarker at (-16,0) size 6x16: white bullet
              RenderText {#text} at (0,0) size 182x16
                text run at (0,0) width 182: "...nested within the list item."
        RenderListItem {LI} at (40,67) size 729x19 [border: (3px solid #000000) none]
          RenderListMarker at (-16,3) size 6x16: bullet
          RenderText {#text} at (0,3) size 163x16
            text run at (0,3) width 163: "This is a second list item."
        RenderListItem {LI} at (40,86) size 729x19 [border: (3px solid #000000) none]
          RenderListMarker at (-16,3) size 6x16: bullet
          RenderText {#text} at (0,3) size 493x16
            text run at (0,3) width 493: "Each list item in this list should have a medium-width black border at its top."
      RenderTable {TABLE} at (0,477) size 769x398 [border: (1px outset #808080)]
        RenderTableSection {TBODY} at (1,1) size 767x396
          RenderTableRow {TR} at (0,0) size 767x25
            RenderTableCell {TD} at (0,0) size 767x25 [bgcolor=#C0C0C0] [border: (2px solid #008000) (1px inset #808080)] [r=0 c=0 rs=1 cs=2]
              RenderInline {STRONG} at (0,0) size 163x16
                RenderText {#text} at (4,5) size 163x16
                  text run at (4,5) width 163: "TABLE Testing Section"
          RenderTableRow {TR} at (0,25) size 767x371
            RenderTableCell {TD} at (0,198) size 12x25 [bgcolor=#C0C0C0] [border: (2px solid #008000) (1px inset #808080)] [r=1 c=0 rs=1 cs=1]
              RenderText {#text} at (4,5) size 4x16
                text run at (4,5) width 4: " "
            RenderTableCell {TD} at (12,25) size 755x371 [border: (2px solid #008000) (1px inset #808080)] [r=1 c=1 rs=1 cs=1]
              RenderBlock {P} at (4,5) size 747x32
                RenderText {#text} at (0,0) size 723x32
                  text run at (0,0) width 648: "Note that all table cells on this page should have a two-pixel solid green border along their top sides. "
                  text run at (647,0) width 76: "This border"
                  text run at (0,16) width 373: "applies only to the cells, not the rows which contain them."
              RenderBlock {P} at (4,53) size 747x26 [border: (10px double #800080) none]
                RenderText {#text} at (0,10) size 421x16
                  text run at (0,10) width 421: "This paragraph should have a purple, double, 10-pixel top border."
              RenderBlock {P} at (4,95) size 747x17 [border: (1px solid #800080) none]
                RenderText {#text} at (0,1) size 337x16
                  text run at (0,1) width 337: "This paragraph should have a thin purple top border."
              RenderTable {TABLE} at (4,128) size 747x102 [border: (1px outset #808080)]
                RenderTableSection {TBODY} at (1,1) size 745x100
                  RenderTableRow {TR} at (0,5) size 745x37
                    RenderTableCell {TD} at (5,5) size 735x37 [border: (2px solid #008000) (1px inset #808080)] [r=0 c=0 rs=1 cs=2]
                      RenderText {#text} at (2,3) size 730x32
                        text run at (2,3) width 439: "Every cell in this table should have a 2-pixel solid green top border. "
                        text run at (440,3) width 292: "This is also true of the table-testing section in"
                        text run at (2,19) width 203: "the second half of the test page."
                  RenderTableRow {TR} at (0,47) size 745x48
                    RenderTableCell {TD} at (5,60) size 185x21 [border: (2px solid #008000) (1px inset #808080)] [r=1 c=0 rs=1 cs=1]
                      RenderText {#text} at (2,3) size 54x16
                        text run at (2,3) width 54: "Cell one"
                    RenderTableCell {TD} at (195,47) size 545x48 [border: (2px solid #008000) (1px inset #808080)] [r=1 c=1 rs=1 cs=1]
                      RenderBlock (anonymous) at (2,3) size 541x16
                        RenderText {#text} at (0,0) size 55x16
                          text run at (0,0) width 55: "Cell two"
                      RenderTable {TABLE} at (2,19) size 166x27 [border: (1px outset #808080)]
                        RenderTableSection {TBODY} at (1,1) size 164x25
                          RenderTableRow {TR} at (0,2) size 164x21
                            RenderTableCell {TD} at (2,2) size 160x21 [border: (2px solid #008000) (1px inset #808080)] [r=0 c=0 rs=1 cs=1]
                              RenderText {#text} at (2,3) size 156x16
                                text run at (2,3) width 156: "Nested single-cell table!"
              RenderBlock {UL} at (4,246) size 747x105
                RenderListItem {LI} at (40,0) size 707x67 [border: (3px solid #000000) none]
                  RenderBlock (anonymous) at (0,3) size 707x16
                    RenderListMarker at (-16,0) size 6x16: bullet
                    RenderText {#text} at (0,0) size 123x16
                      text run at (0,0) width 123: "This is a list item..."
                  RenderBlock {UL} at (0,19) size 707x48
                    RenderListItem {LI} at (40,0) size 667x16
                      RenderListMarker at (-16,0) size 6x16: white bullet
                      RenderText {#text} at (0,0) size 75x16
                        text run at (0,0) width 75: "...and this..."
                    RenderListItem {LI} at (40,16) size 667x16
                      RenderListMarker at (-16,0) size 6x16: white bullet
                      RenderText {#text} at (0,0) size 118x16
                        text run at (0,0) width 118: "...is a second list..."
                    RenderListItem {LI} at (40,32) size 667x16
                      RenderListMarker at (-16,0) size 6x16: white bullet
                      RenderText {#text} at (0,0) size 182x16
                        text run at (0,0) width 182: "...nested within the list item."
                RenderListItem {LI} at (40,67) size 707x19 [border: (3px solid #000000) none]
                  RenderListMarker at (-16,3) size 6x16: bullet
                  RenderText {#text} at (0,3) size 163x16
                    text run at (0,3) width 163: "This is a second list item."
                RenderListItem {LI} at (40,86) size 707x19 [border: (3px solid #000000) none]
                  RenderListMarker at (-16,3) size 6x16: bullet
                  RenderText {#text} at (0,3) size 493x16
                    text run at (0,3) width 493: "Each list item in this list should have a medium-width black border at its top."
