layer at (0,0) size 785x859
  RenderView at (0,0) size 785x600
layer at (0,0) size 785x859
  RenderBlock {HTML} at (0,0) size 785x859
    RenderBody {BODY} at (8,8) size 769x843 [bgcolor=#CCCCCC]
      RenderBlock {P} at (0,0) size 769x16
        RenderText {#text} at (0,0) size 363x16
          text run at (0,0) width 363: "The style declarations which apply to the text below are:"
      RenderBlock {PRE} at (0,32) size 769x78
        RenderText {#text} at (0,0) size 398x78
          text run at (0,0) width 391: ".zero {background-color: silver; border-width: 0;}"
          text run at (390,0) width 1: " "
          text run at (0,13) width 367: ".one {border-width: 50px; border-style: solid;}"
          text run at (366,13) width 1: " "
          text run at (0,26) width 375: ".two {border-width: thick; border-style: solid;}"
          text run at (374,26) width 1: " "
          text run at (0,39) width 398: ".three {border-width: medium; border-style: solid;}"
          text run at (397,39) width 1: " "
          text run at (0,52) width 375: ".four {border-width: thin; border-style: solid;}"
          text run at (374,52) width 1: " "
          text run at (0,65) width 211: ".five {border-width: 25px;}"
          text run at (210,65) width 1: " "
      RenderBlock {HR} at (0,123) size 769x2 [border: (1px inset #EEEEEE)]
      RenderBlock {P} at (0,141) size 769x16
        RenderText {#text} at (0,0) size 160x16
          text run at (0,0) width 160: "(These will only work if "
        RenderInline {CODE} at (0,0) size 95x13
          RenderText {#text} at (159,2) size 95x13
            text run at (159,2) width 95: "border-style"
        RenderText {#text} at (253,0) size 92x16
          text run at (253,0) width 92: " is supported.)"
      RenderBlock {P} at (0,173) size 769x16 [bgcolor=#C0C0C0]
        RenderText {#text} at (0,0) size 208x16
          text run at (0,0) width 208: "This element has a class of zero."
      RenderBlock {P} at (0,205) size 769x116 [border: (50px solid #000000)]
        RenderText {#text} at (50,50) size 402x16
          text run at (50,50) width 402: "This element should have an overall border width of 50 pixels."
      RenderBlock {P} at (0,337) size 769x26 [border: (5px solid #000000)]
        RenderText {#text} at (5,5) size 350x16
          text run at (5,5) width 350: "This element should have a thick overall border width."
      RenderBlock {P} at (0,379) size 769x22 [border: (3px solid #000000)]
        RenderText {#text} at (3,3) size 371x16
          text run at (3,3) width 371: "This element should have a medium overall border width."
      RenderBlock {P} at (0,417) size 769x18 [border: (1px solid #000000)]
        RenderText {#text} at (1,1) size 343x16
          text run at (1,1) width 343: "This element should have a thin overall border width."
      RenderBlock {P} at (0,451) size 769x16
        RenderText {#text} at (0,0) size 504x16
          text run at (0,0) width 504: "This element should have no border and no extra \"padding\" on any side, as no "
        RenderInline {CODE} at (0,0) size 95x13
          RenderText {#text} at (503,2) size 95x13
            text run at (503,2) width 95: "border-style"
        RenderText {#text} at (597,0) size 55x16
          text run at (597,0) width 55: " was set."
      RenderTable {TABLE} at (0,483) size 674x360 [border: (1px outset #808080)]
        RenderTableSection {TBODY} at (1,1) size 672x358
          RenderTableRow {TR} at (0,0) size 672x24
            RenderTableCell {TD} at (0,0) size 672x24 [bgcolor=#C0C0C0] [border: (1px inset #808080)] [r=0 c=0 rs=1 cs=2]
              RenderInline {STRONG} at (0,0) size 163x16
                RenderText {#text} at (4,4) size 163x16
                  text run at (4,4) width 163: "TABLE Testing Section"
          RenderTableRow {TR} at (0,24) size 672x334
            RenderTableCell {TD} at (0,179) size 12x24 [bgcolor=#C0C0C0] [border: (1px inset #808080)] [r=1 c=0 rs=1 cs=1]
              RenderText {#text} at (4,4) size 4x16
                text run at (4,4) width 4: " "
            RenderTableCell {TD} at (12,24) size 660x334 [border: (1px inset #808080)] [r=1 c=1 rs=1 cs=1]
              RenderBlock {P} at (4,4) size 652x16
                RenderText {#text} at (0,0) size 160x16
                  text run at (0,0) width 160: "(These will only work if "
                RenderInline {CODE} at (0,0) size 95x13
                  RenderText {#text} at (159,2) size 95x13
                    text run at (159,2) width 95: "border-style"
                RenderText {#text} at (253,0) size 92x16
                  text run at (253,0) width 92: " is supported.)"
              RenderBlock {P} at (4,36) size 652x16 [bgcolor=#C0C0C0]
                RenderText {#text} at (0,0) size 208x16
                  text run at (0,0) width 208: "This element has a class of zero."
              RenderBlock {P} at (4,68) size 652x116 [border: (50px solid #000000)]
                RenderText {#text} at (50,50) size 402x16
                  text run at (50,50) width 402: "This element should have an overall border width of 50 pixels."
              RenderBlock {P} at (4,200) size 652x26 [border: (5px solid #000000)]
                RenderText {#text} at (5,5) size 350x16
                  text run at (5,5) width 350: "This element should have a thick overall border width."
              RenderBlock {P} at (4,242) size 652x22 [border: (3px solid #000000)]
                RenderText {#text} at (3,3) size 371x16
                  text run at (3,3) width 371: "This element should have a medium overall border width."
              RenderBlock {P} at (4,280) size 652x18 [border: (1px solid #000000)]
                RenderText {#text} at (1,1) size 343x16
                  text run at (1,1) width 343: "This element should have a thin overall border width."
              RenderBlock {P} at (4,314) size 652x16
                RenderText {#text} at (0,0) size 504x16
                  text run at (0,0) width 504: "This element should have no border and no extra \"padding\" on any side, as no "
                RenderInline {CODE} at (0,0) size 95x13
                  RenderText {#text} at (503,2) size 95x13
                    text run at (503,2) width 95: "border-style"
                RenderText {#text} at (597,0) size 55x16
                  text run at (597,0) width 55: " was set."
