layer at (0,0) size 800x600
  RenderView at (0,0) size 800x600
layer at (0,0) size 800x600
  RenderBlock {HTML} at (0,0) size 800x600
    RenderBody {BODY} at (8,8) size 784x584 [bgcolor=#CCCCCC]
      RenderBlock {P} at (0,0) size 784x16
        RenderText {#text} at (0,0) size 363x16
          text run at (0,0) width 363: "The style declarations which apply to the text below are:"
      RenderBlock {PRE} at (0,32) size 784x39
        RenderText {#text} at (0,0) size 398x39
          text run at (0,0) width 398: ".one {border-top-width: 25px; border-style: solid;}"
          text run at (397,0) width 1: " "
          text run at (0,13) width 398: ".two {border-top-width: thin; border-style: solid;}"
          text run at (397,13) width 1: " "
          text run at (0,26) width 250: ".three {border-top-width: 25px;}"
          text run at (249,26) width 1: " "
      RenderBlock {HR} at (0,84) size 784x2 [border: (1px inset #EEEEEE)]
      RenderBlock {P} at (0,102) size 784x92 [border: (25px solid #000000) (3px solid #000000)]
        RenderText {#text} at (3,25) size 176x16
          text run at (3,25) width 176: "This element has a class of "
        RenderInline {TT} at (0,0) size 25x13
          RenderText {#text} at (178,27) size 25x13
            text run at (178,27) width 25: "one"
        RenderText {#text} at (202,25) size 165x16
          text run at (202,25) width 9: ". "
          text run at (210,25) width 157: "However, it contains an "
        RenderInline {SPAN} at (0,0) size 178x20 [border: (1px solid #000000) (3px solid #000000)]
          RenderText {#text} at (369,25) size 148x16
            text run at (369,25) width 148: "inline element of class "
          RenderInline {TT} at (0,0) size 25x13
            RenderText {#text} at (516,27) size 25x13
              text run at (516,27) width 25: "two"
        RenderText {#text} at (543,25) size 766x48
          text run at (543,25) width 226: ", which should result in a thin solid"
          text run at (3,41) width 706: "border on the top side of each box in the inline element (and the UA's default border on the other three sides). "
          text run at (708,41) width 53: "There is"
          text run at (3,57) width 49: "also an "
        RenderInline {SPAN} at (0,0) size 188x16
          RenderText {#text} at (51,57) size 149x16
            text run at (51,57) width 149: "inline element of class "
          RenderInline {TT} at (0,0) size 40x13
            RenderText {#text} at (199,59) size 40x13
              text run at (199,59) width 40: "three"
        RenderText {#text} at (238,57) size 759x32
          text run at (238,57) width 524: ", which should have no top border width or visible border because no border style"
          text run at (3,73) width 51: "was set."
      RenderTable {TABLE} at (0,210) size 784x126 [border: (1px outset #808080)]
        RenderTableSection {TBODY} at (1,1) size 782x124
          RenderTableRow {TR} at (0,0) size 782x24
            RenderTableCell {TD} at (0,0) size 782x24 [bgcolor=#C0C0C0] [border: (1px inset #808080)] [r=0 c=0 rs=1 cs=2]
              RenderInline {STRONG} at (0,0) size 163x16
                RenderText {#text} at (4,4) size 163x16
                  text run at (4,4) width 163: "TABLE Testing Section"
          RenderTableRow {TR} at (0,24) size 782x100
            RenderTableCell {TD} at (0,62) size 12x24 [bgcolor=#C0C0C0] [border: (1px inset #808080)] [r=1 c=0 rs=1 cs=1]
              RenderText {#text} at (4,4) size 4x16
                text run at (4,4) width 4: " "
            RenderTableCell {TD} at (12,24) size 770x100 [border: (1px inset #808080)] [r=1 c=1 rs=1 cs=1]
              RenderBlock {P} at (4,4) size 762x92 [border: (25px solid #000000) (3px solid #000000)]
                RenderText {#text} at (3,25) size 176x16
                  text run at (3,25) width 176: "This element has a class of "
                RenderInline {TT} at (0,0) size 25x13
                  RenderText {#text} at (178,27) size 25x13
                    text run at (178,27) width 25: "one"
                RenderText {#text} at (202,25) size 165x16
                  text run at (202,25) width 9: ". "
                  text run at (210,25) width 157: "However, it contains an "
                RenderInline {SPAN} at (0,0) size 178x20 [border: (1px solid #000000) (3px solid #000000)]
                  RenderText {#text} at (369,25) size 148x16
                    text run at (369,25) width 148: "inline element of class "
                  RenderInline {TT} at (0,0) size 25x13
                    RenderText {#text} at (516,27) size 25x13
                      text run at (516,27) width 25: "two"
                RenderText {#text} at (543,25) size 737x48
                  text run at (543,25) width 190: ", which should result in a thin"
                  text run at (3,41) width 737: "solid border on the top side of each box in the inline element (and the UA's default border on the other three sides)."
                  text run at (3,57) width 105: "There is also an "
                RenderInline {SPAN} at (0,0) size 188x16
                  RenderText {#text} at (107,57) size 149x16
                    text run at (107,57) width 149: "inline element of class "
                  RenderInline {TT} at (0,0) size 40x13
                    RenderText {#text} at (255,59) size 40x13
                      text run at (255,59) width 40: "three"
                RenderText {#text} at (294,57) size 735x32
                  text run at (294,57) width 444: ", which should have no top border width or visible border because no"
                  text run at (3,73) width 131: "border style was set."
