layer at (0,0) size 800x600
  RenderView at (0,0) size 800x600
layer at (0,0) size 800x600
  RenderBlock {HTML} at (0,0) size 800x600
    RenderBody {BODY} at (8,8) size 784x584 [bgcolor=#CCCCCC]
      RenderBlock {P} at (0,0) size 764x16
        RenderText {#text} at (0,0) size 363x16
          text run at (0,0) width 363: "The style declarations which apply to the text below are:"
      RenderBlock {PRE} at (0,32) size 784x52
        RenderText {#text} at (0,0) size 313x52
          text run at (0,0) width 180: "P {margin-right: 20px;}"
          text run at (179,0) width 1: " "
          text run at (0,13) width 313: ".one {border-right: purple double 10px;}"
          text run at (312,13) width 1: " "
          text run at (0,26) width 305: ".two {border-right: purple thin solid;}"
          text run at (304,26) width 1: " "
          text run at (0,39) width 0: " "
      RenderBlock {HR} at (0,97) size 784x2 [border: (1px inset #EEEEEE)]
      RenderBlock {P} at (0,115) size 764x48 [bgcolor=#C0C0C0]
        RenderText {#text} at (0,0) size 721x32
          text run at (0,0) width 721: "This paragraph has a background color of silver and a 20-pixel right margin, and it contains inline elements with"
          text run at (0,16) width 66: "classes of "
        RenderInline {SPAN} at (0,0) size 69x16 [border: none (10px double #800080) none]
          RenderText {#text} at (65,16) size 59x16
            text run at (65,16) width 59: "class one"
        RenderText {#text} at (133,16) size 406x16
          text run at (133,16) width 406: ", which should have a 10-pixel purple double right border; and "
        RenderInline {SPAN} at (0,0) size 61x16 [border: none (1px solid #800080) none]
          RenderText {#text} at (538,16) size 60x16
            text run at (538,16) width 60: "class two"
        RenderText {#text} at (598,16) size 738x32
          text run at (598,16) width 140: ", which should have a"
          text run at (0,32) width 193: "thin solid purple right border. "
          text run at (192,32) width 439: "The line-height of the parent element should not change on any line."
      RenderTable {TABLE} at (0,179) size 784x82 [border: (1px outset #808080)]
        RenderTableSection {TBODY} at (1,1) size 782x80
          RenderTableRow {TR} at (0,0) size 782x24
            RenderTableCell {TD} at (0,0) size 782x24 [bgcolor=#C0C0C0] [border: (1px inset #808080)] [r=0 c=0 rs=1 cs=2]
              RenderInline {STRONG} at (0,0) size 163x16
                RenderText {#text} at (4,4) size 163x16
                  text run at (4,4) width 163: "TABLE Testing Section"
          RenderTableRow {TR} at (0,24) size 782x56
            RenderTableCell {TD} at (0,40) size 12x24 [bgcolor=#C0C0C0] [border: (1px inset #808080)] [r=1 c=0 rs=1 cs=1]
              RenderText {#text} at (4,4) size 4x16
                text run at (4,4) width 4: " "
            RenderTableCell {TD} at (12,24) size 770x56 [border: (1px inset #808080)] [r=1 c=1 rs=1 cs=1]
              RenderBlock {P} at (4,4) size 742x48 [bgcolor=#C0C0C0]
                RenderText {#text} at (0,0) size 721x32
                  text run at (0,0) width 721: "This paragraph has a background color of silver and a 20-pixel right margin, and it contains inline elements with"
                  text run at (0,16) width 66: "classes of "
                RenderInline {SPAN} at (0,0) size 69x16 [border: none (10px double #800080) none]
                  RenderText {#text} at (65,16) size 59x16
                    text run at (65,16) width 59: "class one"
                RenderText {#text} at (133,16) size 406x16
                  text run at (133,16) width 406: ", which should have a 10-pixel purple double right border; and "
                RenderInline {SPAN} at (0,0) size 61x16 [border: none (1px solid #800080) none]
                  RenderText {#text} at (538,16) size 60x16
                    text run at (538,16) width 60: "class two"
                RenderText {#text} at (598,16) size 738x32
                  text run at (598,16) width 140: ", which should have a"
                  text run at (0,32) width 193: "thin solid purple right border. "
                  text run at (192,32) width 439: "The line-height of the parent element should not change on any line."
