layer at (0,0) size 785x829
  RenderView at (0,0) size 785x600
layer at (0,0) size 785x829
  RenderBlock {HTML} at (0,0) size 785x829
    RenderBody {BODY} at (8,8) size 769x813 [bgcolor=#CCCCCC]
      RenderBlock {P} at (0,0) size 769x16
        RenderText {#text} at (0,0) size 363x16
          text run at (0,0) width 363: "The style declarations which apply to the text below are:"
      RenderBlock {PRE} at (0,32) size 769x78
        RenderText {#text} at (0,0) size 453x78
          text run at (0,0) width 445: ".zero {background-color: silver; border-bottom-width: 0;}"
          text run at (444,0) width 1: " "
          text run at (0,13) width 422: ".one {border-bottom-width: 50px; border-style: solid;}"
          text run at (421,13) width 1: " "
          text run at (0,26) width 430: ".two {border-bottom-width: thick; border-style: solid;}"
          text run at (429,26) width 1: " "
          text run at (0,39) width 453: ".three {border-bottom-width: medium; border-style: solid;}"
          text run at (452,39) width 1: " "
          text run at (0,52) width 430: ".four {border-bottom-width: thin; border-style: solid;}"
          text run at (429,52) width 1: " "
          text run at (0,65) width 266: ".five {border-bottom-width: 25px;}"
          text run at (265,65) width 1: " "
      RenderBlock {HR} at (0,123) size 769x2 [border: (1px inset #EEEEEE)]
      RenderBlock {P} at (0,141) size 769x16
        RenderText {#text} at (0,0) size 160x16
          text run at (0,0) width 160: "(These will only work if "
        RenderInline {CODE} at (0,0) size 95x13
          RenderText {#text} at (159,2) size 95x13
            text run at (159,2) width 95: "border-style"
        RenderText {#text} at (253,0) size 92x16
          text run at (253,0) width 92: " is supported.)"
      RenderBlock {P} at (0,173) size 769x16 [bgcolor=#C0C0C0]
        RenderText {#text} at (0,0) size 208x16
          text run at (0,0) width 208: "This element has a class of zero."
      RenderBlock {P} at (0,205) size 769x69 [border: (3px solid #000000) (50px solid #000000) (3px solid #000000)]
        RenderText {#text} at (3,3) size 395x16
          text run at (3,3) width 395: "This element should have a bottom border width of 50 pixels."
      RenderBlock {P} at (0,290) size 769x24 [border: (3px solid #000000) (5px solid #000000) (3px solid #000000)]
        RenderText {#text} at (3,3) size 351x16
          text run at (3,3) width 351: "This element should have a thick bottom border width."
      RenderBlock {P} at (0,330) size 769x22 [border: (3px solid #000000)]
        RenderText {#text} at (3,3) size 372x16
          text run at (3,3) width 372: "This element should have a medium bottom border width."
      RenderBlock {P} at (0,368) size 769x20 [border: (3px solid #000000) (1px solid #000000) (3px solid #000000)]
        RenderText {#text} at (3,3) size 344x16
          text run at (3,3) width 344: "This element should have a thin bottom border width."
      RenderBlock {P} at (0,404) size 769x16
        RenderText {#text} at (0,0) size 545x16
          text run at (0,0) width 545: "This element should have no border and no extra \"padding\" on its bottom side, as no "
        RenderInline {CODE} at (0,0) size 95x13
          RenderText {#text} at (544,2) size 95x13
            text run at (544,2) width 95: "border-style"
        RenderText {#text} at (638,0) size 56x16
          text run at (638,0) width 56: " was set."
      RenderBlock {P} at (0,436) size 769x16 [bgcolor=#C0C0C0]
        RenderText {#text} at (0,0) size 208x16
          text run at (0,0) width 208: "This element has a class of zero."
      RenderTable {TABLE} at (0,468) size 716x345 [border: (1px outset #808080)]
        RenderTableSection {TBODY} at (1,1) size 714x343
          RenderTableRow {TR} at (0,0) size 714x24
            RenderTableCell {TD} at (0,0) size 714x24 [bgcolor=#C0C0C0] [border: (1px inset #808080)] [r=0 c=0 rs=1 cs=2]
              RenderInline {STRONG} at (0,0) size 163x16
                RenderText {#text} at (4,4) size 163x16
                  text run at (4,4) width 163: "TABLE Testing Section"
          RenderTableRow {TR} at (0,24) size 714x319
            RenderTableCell {TD} at (0,171) size 12x24 [bgcolor=#C0C0C0] [border: (1px inset #808080)] [r=1 c=0 rs=1 cs=1]
              RenderText {#text} at (4,4) size 4x16
                text run at (4,4) width 4: " "
            RenderTableCell {TD} at (12,24) size 702x319 [border: (1px inset #808080)] [r=1 c=1 rs=1 cs=1]
              RenderBlock {P} at (4,4) size 694x16
                RenderText {#text} at (0,0) size 160x16
                  text run at (0,0) width 160: "(These will only work if "
                RenderInline {CODE} at (0,0) size 95x13
                  RenderText {#text} at (159,2) size 95x13
                    text run at (159,2) width 95: "border-style"
                RenderText {#text} at (253,0) size 92x16
                  text run at (253,0) width 92: " is supported.)"
              RenderBlock {P} at (4,36) size 694x16 [bgcolor=#C0C0C0]
                RenderText {#text} at (0,0) size 208x16
                  text run at (0,0) width 208: "This element has a class of zero."
              RenderBlock {P} at (4,68) size 694x69 [border: (3px solid #000000) (50px solid #000000) (3px solid #000000)]
                RenderText {#text} at (3,3) size 395x16
                  text run at (3,3) width 395: "This element should have a bottom border width of 50 pixels."
              RenderBlock {P} at (4,153) size 694x24 [border: (3px solid #000000) (5px solid #000000) (3px solid #000000)]
                RenderText {#text} at (3,3) size 351x16
                  text run at (3,3) width 351: "This element should have a thick bottom border width."
              RenderBlock {P} at (4,193) size 694x22 [border: (3px solid #000000)]
                RenderText {#text} at (3,3) size 372x16
                  text run at (3,3) width 372: "This element should have a medium bottom border width."
              RenderBlock {P} at (4,231) size 694x20 [border: (3px solid #000000) (1px solid #000000) (3px solid #000000)]
                RenderText {#text} at (3,3) size 344x16
                  text run at (3,3) width 344: "This element should have a thin bottom border width."
              RenderBlock {P} at (4,267) size 694x16
                RenderText {#text} at (0,0) size 545x16
                  text run at (0,0) width 545: "This element should have no border and no extra \"padding\" on its bottom side, as no "
                RenderInline {CODE} at (0,0) size 95x13
                  RenderText {#text} at (544,2) size 95x13
                    text run at (544,2) width 95: "border-style"
                RenderText {#text} at (638,0) size 56x16
                  text run at (638,0) width 56: " was set."
              RenderBlock {P} at (4,299) size 694x16 [bgcolor=#C0C0C0]
                RenderText {#text} at (0,0) size 208x16
                  text run at (0,0) width 208: "This element has a class of zero."
