layer at (0,0) size 785x799
  RenderView at (0,0) size 785x600
layer at (0,0) size 785x799
  RenderBlock {HTML} at (0,0) size 785x799
    RenderBody {BODY} at (8,8) size 769x783 [bgcolor=#CCCCCC]
      RenderBlock {P} at (0,0) size 769x16
        RenderText {#text} at (0,0) size 363x16
          text run at (0,0) width 363: "The style declarations which apply to the text below are:"
      RenderBlock {PRE} at (0,32) size 769x78
        RenderText {#text} at (0,0) size 445x78
          text run at (0,0) width 437: ".zero {background-color: silver; border-right-width: 0;}"
          text run at (436,0) width 1: " "
          text run at (0,13) width 414: ".one {border-right-width: 25px; border-style: solid;}"
          text run at (413,13) width 1: " "
          text run at (0,26) width 422: ".two {border-right-width: thick; border-style: solid;}"
          text run at (421,26) width 1: " "
          text run at (0,39) width 445: ".three {border-right-width: medium; border-style: solid;}"
          text run at (444,39) width 1: " "
          text run at (0,52) width 422: ".four {border-right-width: thin; border-style: solid;}"
          text run at (421,52) width 1: " "
          text run at (0,65) width 266: ".five {border-right-width: 100px;}"
          text run at (265,65) width 1: " "
      RenderBlock {HR} at (0,123) size 769x2 [border: (1px inset #EEEEEE)]
      RenderBlock {P} at (0,141) size 769x16
        RenderText {#text} at (0,0) size 160x16
          text run at (0,0) width 160: "(These will only work if "
        RenderInline {CODE} at (0,0) size 95x13
          RenderText {#text} at (159,2) size 95x13
            text run at (159,2) width 95: "border-style"
        RenderText {#text} at (253,0) size 92x16
          text run at (253,0) width 92: " is supported.)"
      RenderBlock {P} at (0,173) size 769x16 [bgcolor=#C0C0C0]
        RenderText {#text} at (0,0) size 208x16
          text run at (0,0) width 208: "This element has a class of zero."
      RenderBlock {P} at (0,205) size 769x38 [border: (3px solid #000000) (25px solid #000000) (3px solid #000000)]
        RenderText {#text} at (3,3) size 737x32
          text run at (3,3) width 737: "This element should have a right border width of 25 pixels, which will be more obvious if the element is more than"
          text run at (3,19) width 88: "one line long."
      RenderBlock {P} at (0,259) size 769x38 [border: (3px solid #000000) (5px solid #000000) (3px solid #000000)]
        RenderText {#text} at (3,3) size 749x32
          text run at (3,3) width 749: "This element should have a thick right border width, which will be more obvious if the element is more than one line"
          text run at (3,19) width 33: "long."
      RenderBlock {P} at (0,313) size 769x38 [border: (3px solid #000000)]
        RenderText {#text} at (3,3) size 741x32
          text run at (3,3) width 741: "This element should have a medium right border width, which will be more obvious if the element is more than one"
          text run at (3,19) width 61: "line long."
      RenderBlock {P} at (0,367) size 769x38 [border: (3px solid #000000) (1px solid #000000) (3px solid #000000)]
        RenderText {#text} at (3,3) size 742x32
          text run at (3,3) width 742: "This element should have a thin right border width, which will be more obvious if the element is more than one line"
          text run at (3,19) width 33: "long."
      RenderBlock {P} at (0,421) size 769x16
        RenderText {#text} at (0,0) size 530x16
          text run at (0,0) width 530: "This element should have no border and no extra \"padding\" on its right side, as no "
        RenderInline {CODE} at (0,0) size 95x13
          RenderText {#text} at (529,2) size 95x13
            text run at (529,2) width 95: "border-style"
        RenderText {#text} at (623,0) size 56x16
          text run at (623,0) width 56: " was set."
      RenderTable {TABLE} at (0,453) size 769x330 [border: (1px outset #808080)]
        RenderTableSection {TBODY} at (1,1) size 767x328
          RenderTableRow {TR} at (0,0) size 767x24
            RenderTableCell {TD} at (0,0) size 767x24 [bgcolor=#C0C0C0] [border: (1px inset #808080)] [r=0 c=0 rs=1 cs=2]
              RenderInline {STRONG} at (0,0) size 163x16
                RenderText {#text} at (4,4) size 163x16
                  text run at (4,4) width 163: "TABLE Testing Section"
          RenderTableRow {TR} at (0,24) size 767x304
            RenderTableCell {TD} at (0,164) size 12x24 [bgcolor=#C0C0C0] [border: (1px inset #808080)] [r=1 c=0 rs=1 cs=1]
              RenderText {#text} at (4,4) size 4x16
                text run at (4,4) width 4: " "
            RenderTableCell {TD} at (12,24) size 755x304 [border: (1px inset #808080)] [r=1 c=1 rs=1 cs=1]
              RenderBlock {P} at (4,4) size 747x16
                RenderText {#text} at (0,0) size 160x16
                  text run at (0,0) width 160: "(These will only work if "
                RenderInline {CODE} at (0,0) size 95x13
                  RenderText {#text} at (159,2) size 95x13
                    text run at (159,2) width 95: "border-style"
                RenderText {#text} at (253,0) size 92x16
                  text run at (253,0) width 92: " is supported.)"
              RenderBlock {P} at (4,36) size 747x16 [bgcolor=#C0C0C0]
                RenderText {#text} at (0,0) size 208x16
                  text run at (0,0) width 208: "This element has a class of zero."
              RenderBlock {P} at (4,68) size 747x38 [border: (3px solid #000000) (25px solid #000000) (3px solid #000000)]
                RenderText {#text} at (3,3) size 706x32
                  text run at (3,3) width 706: "This element should have a right border width of 25 pixels, which will be more obvious if the element is more"
                  text run at (3,19) width 120: "than one line long."
              RenderBlock {P} at (4,122) size 747x38 [border: (3px solid #000000) (5px solid #000000) (3px solid #000000)]
                RenderText {#text} at (3,3) size 721x32
                  text run at (3,3) width 721: "This element should have a thick right border width, which will be more obvious if the element is more than one"
                  text run at (3,19) width 61: "line long."
              RenderBlock {P} at (4,176) size 747x38 [border: (3px solid #000000)]
                RenderText {#text} at (3,3) size 741x32
                  text run at (3,3) width 741: "This element should have a medium right border width, which will be more obvious if the element is more than one"
                  text run at (3,19) width 61: "line long."
              RenderBlock {P} at (4,230) size 747x38 [border: (3px solid #000000) (1px solid #000000) (3px solid #000000)]
                RenderText {#text} at (3,3) size 742x32
                  text run at (3,3) width 742: "This element should have a thin right border width, which will be more obvious if the element is more than one line"
                  text run at (3,19) width 33: "long."
              RenderBlock {P} at (4,284) size 747x16
                RenderText {#text} at (0,0) size 530x16
                  text run at (0,0) width 530: "This element should have no border and no extra \"padding\" on its right side, as no "
                RenderInline {CODE} at (0,0) size 95x13
                  RenderText {#text} at (529,2) size 95x13
                    text run at (529,2) width 95: "border-style"
                RenderText {#text} at (623,0) size 56x16
                  text run at (623,0) width 56: " was set."
