layer at (0,0) size 785x923
  RenderView at (0,0) size 785x600
layer at (0,0) size 785x923
  RenderBlock {HTML} at (0,0) size 785x923
    RenderBody {BODY} at (8,8) size 769x907 [bgcolor=#CCCCCC]
      RenderBlock {P} at (0,0) size 769x16
        RenderText {#text} at (0,0) size 363x16
          text run at (0,0) width 363: "The style declarations which apply to the text below are:"
      RenderBlock {PRE} at (0,32) size 769x52
        RenderText {#text} at (0,0) size 336x52
          text run at (0,0) width 320: ".one {border-bottom: purple double 10px;}"
          text run at (319,0) width 1: " "
          text run at (0,13) width 313: ".two {border-bottom: purple thin solid;}"
          text run at (312,13) width 1: " "
          text run at (0,26) width 336: ".three {border-bottom: black medium solid;}"
          text run at (335,26) width 1: " "
          text run at (0,39) width 281: "TD {border-bottom: green 2px solid;}"
          text run at (280,39) width 1: " "
      RenderBlock {HR} at (0,97) size 769x2 [border: (1px inset #EEEEEE)]
      RenderBlock {P} at (0,115) size 769x32
        RenderText {#text} at (0,0) size 747x32
          text run at (0,0) width 673: "Note that all table cells on this page should have a two-pixel solid green border along their bottom sides. "
          text run at (672,0) width 75: "This border"
          text run at (0,16) width 373: "applies only to the cells, not the rows which contain them."
      RenderBlock {P} at (0,163) size 769x26 [border: none (10px double #800080) none]
        RenderText {#text} at (0,0) size 446x16
          text run at (0,0) width 446: "This paragraph should have a purple, double, 10-pixel bottom border."
      RenderBlock {P} at (0,205) size 769x17 [border: none (1px solid #800080) none]
        RenderText {#text} at (0,0) size 362x16
          text run at (0,0) width 362: "This paragraph should have a thin purple bottom border."
      RenderTable {TABLE} at (0,238) size 769x102 [border: (1px outset #808080)]
        RenderTableSection {TBODY} at (1,1) size 767x100
          RenderTableRow {TR} at (0,5) size 767x37
            RenderTableCell {TD} at (5,5) size 757x37 [border: (1px inset #808080) (2px solid #008000) (1px inset #808080)] [r=0 c=0 rs=1 cs=2]
              RenderText {#text} at (2,2) size 739x32
                text run at (2,2) width 463: "Every cell in this table should have a 2-pixel solid green bottom border. "
                text run at (464,2) width 277: "This is also true of the table-testing section"
                text run at (2,18) width 219: "in the second half of the test page."
          RenderTableRow {TR} at (0,47) size 767x48
            RenderTableCell {TD} at (5,60) size 191x21 [border: (1px inset #808080) (2px solid #008000) (1px inset #808080)] [r=1 c=0 rs=1 cs=1]
              RenderText {#text} at (2,2) size 54x16
                text run at (2,2) width 54: "Cell one"
            RenderTableCell {TD} at (201,47) size 561x48 [border: (1px inset #808080) (2px solid #008000) (1px inset #808080)] [r=1 c=1 rs=1 cs=1]
              RenderBlock (anonymous) at (2,2) size 557x16
                RenderText {#text} at (0,0) size 55x16
                  text run at (0,0) width 55: "Cell two"
              RenderTable {TABLE} at (2,18) size 166x27 [border: (1px outset #808080)]
                RenderTableSection {TBODY} at (1,1) size 164x25
                  RenderTableRow {TR} at (0,2) size 164x21
                    RenderTableCell {TD} at (2,2) size 160x21 [border: (1px inset #808080) (2px solid #008000) (1px inset #808080)] [r=0 c=0 rs=1 cs=1]
                      RenderText {#text} at (2,2) size 156x16
                        text run at (2,2) width 156: "Nested single-cell table!"
      RenderBlock {UL} at (0,356) size 769x121
        RenderListItem {LI} at (40,0) size 729x67 [border: none (3px solid #000000) none]
          RenderBlock (anonymous) at (0,0) size 729x16
            RenderListMarker at (-16,0) size 6x16: bullet
            RenderText {#text} at (0,0) size 123x16
              text run at (0,0) width 123: "This is a list item..."
          RenderBlock {UL} at (0,16) size 729x48
            RenderListItem {LI} at (40,0) size 689x16
              RenderListMarker at (-16,0) size 6x16: white bullet
              RenderText {#text} at (0,0) size 75x16
                text run at (0,0) width 75: "...and this..."
            RenderListItem {LI} at (40,16) size 689x16
              RenderListMarker at (-16,0) size 6x16: white bullet
              RenderText {#text} at (0,0) size 118x16
                text run at (0,0) width 118: "...is a second list..."
            RenderListItem {LI} at (40,32) size 689x16
              RenderListMarker at (-16,0) size 6x16: white bullet
              RenderText {#text} at (0,0) size 182x16
                text run at (0,0) width 182: "...nested within the list item."
        RenderListItem {LI} at (40,67) size 729x19 [border: none (3px solid #000000) none]
          RenderListMarker at (-16,0) size 6x16: bullet
          RenderText {#text} at (0,0) size 163x16
            text run at (0,0) width 163: "This is a second list item."
        RenderListItem {LI} at (40,86) size 729x35 [border: none (3px solid #000000) none]
          RenderListMarker at (-16,0) size 6x16: bullet
          RenderText {#text} at (0,0) size 715x32
            text run at (0,0) width 715: "Each list item in this list should have a medium-width black border at its bottom, which for the first item means"
            text run at (0,16) width 135: "that it should appear "
          RenderInline {EM} at (0,0) size 51x16
            RenderText {#text} at (134,16) size 51x16
              text run at (134,16) width 51: "beneath"
          RenderText {#text} at (184,16) size 401x16
            text run at (184,16) width 401: " the nested list (below the line \"...nested within the list item.\")."
      RenderTable {TABLE} at (0,493) size 769x414 [border: (1px outset #808080)]
        RenderTableSection {TBODY} at (1,1) size 767x412
          RenderTableRow {TR} at (0,0) size 767x25
            RenderTableCell {TD} at (0,0) size 767x25 [bgcolor=#C0C0C0] [border: (1px inset #808080) (2px solid #008000) (1px inset #808080)] [r=0 c=0 rs=1 cs=2]
              RenderInline {STRONG} at (0,0) size 163x16
                RenderText {#text} at (4,4) size 163x16
                  text run at (4,4) width 163: "TABLE Testing Section"
          RenderTableRow {TR} at (0,25) size 767x387
            RenderTableCell {TD} at (0,206) size 12x25 [bgcolor=#C0C0C0] [border: (1px inset #808080) (2px solid #008000) (1px inset #808080)] [r=1 c=0 rs=1 cs=1]
              RenderText {#text} at (4,4) size 4x16
                text run at (4,4) width 4: " "
            RenderTableCell {TD} at (12,25) size 755x387 [border: (1px inset #808080) (2px solid #008000) (1px inset #808080)] [r=1 c=1 rs=1 cs=1]
              RenderBlock {P} at (4,4) size 747x32
                RenderText {#text} at (0,0) size 747x32
                  text run at (0,0) width 673: "Note that all table cells on this page should have a two-pixel solid green border along their bottom sides. "
                  text run at (672,0) width 75: "This border"
                  text run at (0,16) width 373: "applies only to the cells, not the rows which contain them."
              RenderBlock {P} at (4,52) size 747x26 [border: none (10px double #800080) none]
                RenderText {#text} at (0,0) size 446x16
                  text run at (0,0) width 446: "This paragraph should have a purple, double, 10-pixel bottom border."
              RenderBlock {P} at (4,94) size 747x17 [border: none (1px solid #800080) none]
                RenderText {#text} at (0,0) size 362x16
                  text run at (0,0) width 362: "This paragraph should have a thin purple bottom border."
              RenderTable {TABLE} at (4,127) size 747x102 [border: (1px outset #808080)]
                RenderTableSection {TBODY} at (1,1) size 745x100
                  RenderTableRow {TR} at (0,5) size 745x37
                    RenderTableCell {TD} at (5,5) size 735x37 [border: (1px inset #808080) (2px solid #008000) (1px inset #808080)] [r=0 c=0 rs=1 cs=2]
                      RenderText {#text} at (2,2) size 689x32
                        text run at (2,2) width 463: "Every cell in this table should have a 2-pixel solid green bottom border. "
                        text run at (464,2) width 227: "This is also true of the table-testing"
                        text run at (2,18) width 268: "section in the second half of the test page."
                  RenderTableRow {TR} at (0,47) size 745x48
                    RenderTableCell {TD} at (5,60) size 185x21 [border: (1px inset #808080) (2px solid #008000) (1px inset #808080)] [r=1 c=0 rs=1 cs=1]
                      RenderText {#text} at (2,2) size 54x16
                        text run at (2,2) width 54: "Cell one"
                    RenderTableCell {TD} at (195,47) size 545x48 [border: (1px inset #808080) (2px solid #008000) (1px inset #808080)] [r=1 c=1 rs=1 cs=1]
                      RenderBlock (anonymous) at (2,2) size 541x16
                        RenderText {#text} at (0,0) size 55x16
                          text run at (0,0) width 55: "Cell two"
                      RenderTable {TABLE} at (2,18) size 166x27 [border: (1px outset #808080)]
                        RenderTableSection {TBODY} at (1,1) size 164x25
                          RenderTableRow {TR} at (0,2) size 164x21
                            RenderTableCell {TD} at (2,2) size 160x21 [border: (1px inset #808080) (2px solid #008000) (1px inset #808080)] [r=0 c=0 rs=1 cs=1]
                              RenderText {#text} at (2,2) size 156x16
                                text run at (2,2) width 156: "Nested single-cell table!"
              RenderBlock {UL} at (4,245) size 747x121
                RenderListItem {LI} at (40,0) size 707x67 [border: none (3px solid #000000) none]
                  RenderBlock (anonymous) at (0,0) size 707x16
                    RenderListMarker at (-16,0) size 6x16: bullet
                    RenderText {#text} at (0,0) size 123x16
                      text run at (0,0) width 123: "This is a list item..."
                  RenderBlock {UL} at (0,16) size 707x48
                    RenderListItem {LI} at (40,0) size 667x16
                      RenderListMarker at (-16,0) size 6x16: white bullet
                      RenderText {#text} at (0,0) size 75x16
                        text run at (0,0) width 75: "...and this..."
                    RenderListItem {LI} at (40,16) size 667x16
                      RenderListMarker at (-16,0) size 6x16: white bullet
                      RenderText {#text} at (0,0) size 118x16
                        text run at (0,0) width 118: "...is a second list..."
                    RenderListItem {LI} at (40,32) size 667x16
                      RenderListMarker at (-16,0) size 6x16: white bullet
                      RenderText {#text} at (0,0) size 182x16
                        text run at (0,0) width 182: "...nested within the list item."
                RenderListItem {LI} at (40,67) size 707x19 [border: none (3px solid #000000) none]
                  RenderListMarker at (-16,0) size 6x16: bullet
                  RenderText {#text} at (0,0) size 163x16
                    text run at (0,0) width 163: "This is a second list item."
                RenderListItem {LI} at (40,86) size 707x35 [border: none (3px solid #000000) none]
                  RenderListMarker at (-16,0) size 6x16: bullet
                  RenderText {#text} at (0,0) size 670x32
                    text run at (0,0) width 670: "Each list item in this list should have a medium-width black border at its bottom, which for the first item"
                    text run at (0,16) width 180: "means that it should appear "
                  RenderInline {EM} at (0,0) size 51x16
                    RenderText {#text} at (179,16) size 51x16
                      text run at (179,16) width 51: "beneath"
                  RenderText {#text} at (229,16) size 401x16
                    text run at (229,16) width 401: " the nested list (below the line \"...nested within the list item.\")."
