layer at (0,0) size 800x600
  RenderView at (0,0) size 800x600
layer at (0,0) size 800x600
  RenderBlock {HTML} at (0,0) size 800x600
    RenderBody {BODY} at (8,8) size 784x584 [bgcolor=#CCCCCC]
      RenderBlock {P} at (0,0) size 784x16
        RenderText {#text} at (0,0) size 363x16
          text run at (0,0) width 363: "The style declarations which apply to the text below are:"
      RenderBlock {PRE} at (0,32) size 784x39
        RenderText {#text} at (0,0) size 250x39
          text run at (0,0) width 250: ".one {border: 10px teal outset;}"
          text run at (249,0) width 1: " "
          text run at (0,13) width 250: ".two {border: 10px olive inset;}"
          text run at (249,13) width 1: " "
          text run at (0,26) width 0: " "
      RenderBlock {HR} at (0,84) size 784x2 [border: (1px inset #EEEEEE)]
      RenderBlock {P} at (0,102) size 784x48 [bgcolor=#C0C0C0]
        RenderText {#text} at (0,0) size 692x16
          text run at (0,0) width 692: "This is an unstyled element, save for the background color, and containing inline elements with a classes of "
        RenderInline {SPAN} at (0,0) size 79x36 [border: (10px outset #008080)]
          RenderText {#text} at (701,0) size 59x16
            text run at (701,0) width 59: "class one"
        RenderText {#text} at (769,0) size 774x32
          text run at (769,0) width 5: ","
          text run at (0,16) width 361: "which should result in a 10-pixel outset teal border; and "
        RenderInline {SPAN} at (0,0) size 80x36 [border: (10px inset #808000)]
          RenderText {#text} at (370,16) size 60x16
            text run at (370,16) width 60: "class two"
        RenderText {#text} at (439,16) size 779x32
          text run at (439,16) width 340: ", which should result in a 10-pixel inset olive border."
          text run at (0,32) width 438: "The line-height of the parent element should not change on any line."
      RenderTable {TABLE} at (0,166) size 784x82 [border: (1px outset #808080)]
        RenderTableSection {TBODY} at (1,1) size 782x80
          RenderTableRow {TR} at (0,0) size 782x24
            RenderTableCell {TD} at (0,0) size 782x24 [bgcolor=#C0C0C0] [border: (1px inset #808080)] [r=0 c=0 rs=1 cs=2]
              RenderInline {STRONG} at (0,0) size 163x16
                RenderText {#text} at (4,4) size 163x16
                  text run at (4,4) width 163: "TABLE Testing Section"
          RenderTableRow {TR} at (0,24) size 782x56
            RenderTableCell {TD} at (0,40) size 12x24 [bgcolor=#C0C0C0] [border: (1px inset #808080)] [r=1 c=0 rs=1 cs=1]
              RenderText {#text} at (4,4) size 4x16
                text run at (4,4) width 4: " "
            RenderTableCell {TD} at (12,24) size 770x56 [border: (1px inset #808080)] [r=1 c=1 rs=1 cs=1]
              RenderBlock {P} at (4,4) size 762x48 [bgcolor=#C0C0C0]
                RenderText {#text} at (0,0) size 692x16
                  text run at (0,0) width 692: "This is an unstyled element, save for the background color, and containing inline elements with a classes of "
                RenderInline {SPAN} at (0,0) size 733x52 [border: (10px outset #008080)]
                  RenderText {#text} at (701,0) size 733x32
                    text run at (701,0) width 32: "class"
                    text run at (0,16) width 24: "one"
                RenderText {#text} at (33,16) size 369x16
                  text run at (33,16) width 369: ", which should result in a 10-pixel outset teal border; and "
                RenderInline {SPAN} at (0,0) size 81x36 [border: (10px inset #808000)]
                  RenderText {#text} at (411,16) size 61x16
                    text run at (411,16) width 61: "class two"
                RenderText {#text} at (481,16) size 734x32
                  text run at (481,16) width 253: ", which should result in a 10-pixel inset"
                  text run at (0,32) width 86: "olive border. "
                  text run at (85,32) width 438: "The line-height of the parent element should not change on any line."
