layer at (0,0) size 785x919
  RenderView at (0,0) size 785x600
layer at (0,0) size 785x919
  RenderBlock {HTML} at (0,0) size 785x919
    RenderBody {BODY} at (8,8) size 769x903 [bgcolor=#CCCCCC]
      RenderBlock {P} at (0,0) size 769x16
        RenderText {#text} at (0,0) size 363x16
          text run at (0,0) width 363: "The style declarations which apply to the text below are:"
      RenderBlock {PRE} at (0,32) size 769x52
        RenderText {#text} at (0,0) size 164x52
          text run at (0,0) width 149: ".one {clear: left;}"
          text run at (148,0) width 1: " "
          text run at (0,13) width 157: ".two {clear: right;}"
          text run at (156,13) width 1: " "
          text run at (0,26) width 164: ".three {clear: both;}"
          text run at (163,26) width 1: " "
          text run at (0,39) width 157: ".four {clear: none;}"
          text run at (156,39) width 1: " "
      RenderBlock {HR} at (0,97) size 769x2 [border: (1px inset #EEEEEE)]
      RenderImage {IMG} at (0,107) size 15x50
      RenderBlock {P} at (0,115) size 769x16
        RenderText {#text} at (18,0) size 607x16
          text run at (18,0) width 607: "This text should be flowing past a tall orange rectangle on the left side of the browser window."
      RenderBlock (anonymous) at (0,147) size 769x16
        RenderBR {BR} at (18,0) size 0x16
        RenderImage {IMG} at (0,16) size 15x50
      RenderBlock {P} at (0,213) size 769x16
        RenderText {#text} at (0,0) size 662x16
          text run at (0,0) width 662: "This paragraph should appear below the tall orange rectangle above and to the left, and not flow past it."
      RenderBlock (anonymous) at (0,245) size 769x16
        RenderBR {BR} at (0,0) size 0x16
        RenderImage {IMG} at (754,16) size 15x50
      RenderBlock {P} at (0,311) size 769x16
        RenderText {#text} at (0,0) size 671x16
          text run at (0,0) width 671: "This paragraph should appear below the tall orange rectangle above and to the right, and not flow past it."
      RenderBlock (anonymous) at (0,343) size 769x16
        RenderBR {BR} at (0,0) size 0x16
        RenderImage {IMG} at (0,16) size 15x50
        RenderImage {IMG} at (754,16) size 15x50
      RenderBlock {P} at (0,409) size 769x16
        RenderText {#text} at (0,0) size 612x16
          text run at (0,0) width 612: "This paragraph should appear below the two tall orange rectangles, and not flow between them."
      RenderImage {IMG} at (0,441) size 15x50
      RenderImage {IMG} at (754,441) size 15x50
      RenderBlock {P} at (0,441) size 769x16
        RenderText {#text} at (18,0) size 397x16
          text run at (18,0) width 397: "This paragraph should be between both tall orange rectangles."
      RenderBlock (anonymous) at (0,473) size 769x18
        RenderBR {BR} at (18,0) size 0x16
      RenderTable {TABLE} at (0,491) size 693x412 [border: (1px outset #808080)]
        RenderTableSection {TBODY} at (1,1) size 691x410
          RenderTableRow {TR} at (0,0) size 691x24
            RenderTableCell {TD} at (0,0) size 691x24 [bgcolor=#C0C0C0] [border: (1px inset #808080)] [r=0 c=0 rs=1 cs=2]
              RenderInline {STRONG} at (0,0) size 163x16
                RenderText {#text} at (4,4) size 163x16
                  text run at (4,4) width 163: "TABLE Testing Section"
          RenderTableRow {TR} at (0,24) size 691x386
            RenderTableCell {TD} at (0,205) size 12x24 [bgcolor=#C0C0C0] [border: (1px inset #808080)] [r=1 c=0 rs=1 cs=1]
              RenderText {#text} at (4,4) size 4x16
                text run at (4,4) width 4: " "
            RenderTableCell {TD} at (12,24) size 679x386 [border: (1px inset #808080)] [r=1 c=1 rs=1 cs=1]
              RenderImage {IMG} at (4,4) size 15x50
              RenderBlock {P} at (4,4) size 671x16
                RenderText {#text} at (18,0) size 607x16
                  text run at (18,0) width 607: "This text should be flowing past a tall orange rectangle on the left side of the browser window."
              RenderBlock (anonymous) at (4,36) size 671x18
                RenderBR {BR} at (18,0) size 0x16
                RenderImage {IMG} at (0,18) size 15x50
              RenderBlock {P} at (4,104) size 671x16
                RenderText {#text} at (0,0) size 662x16
                  text run at (0,0) width 662: "This paragraph should appear below the tall orange rectangle above and to the left, and not flow past it."
              RenderBlock (anonymous) at (4,136) size 671x16
                RenderBR {BR} at (0,0) size 0x16
                RenderImage {IMG} at (656,16) size 15x50
              RenderBlock {P} at (4,202) size 671x16
                RenderText {#text} at (0,0) size 671x16
                  text run at (0,0) width 671: "This paragraph should appear below the tall orange rectangle above and to the right, and not flow past it."
              RenderBlock (anonymous) at (4,234) size 671x16
                RenderBR {BR} at (0,0) size 0x16
                RenderImage {IMG} at (0,16) size 15x50
                RenderImage {IMG} at (656,16) size 15x50
              RenderBlock {P} at (4,300) size 671x16
                RenderText {#text} at (0,0) size 612x16
                  text run at (0,0) width 612: "This paragraph should appear below the two tall orange rectangles, and not flow between them."
              RenderImage {IMG} at (4,332) size 15x50
              RenderImage {IMG} at (660,332) size 15x50
              RenderBlock {P} at (4,332) size 671x16
                RenderText {#text} at (18,0) size 397x16
                  text run at (18,0) width 397: "This paragraph should be between both tall orange rectangles."
              RenderBlock (anonymous) at (4,364) size 671x18
                RenderBR {BR} at (18,0) size 0x16
