layer at (0,0) size 785x657
  RenderView at (0,0) size 785x600
layer at (0,0) size 785x657
  RenderBlock {HTML} at (0,0) size 785x657
    RenderBody {BODY} at (8,8) size 769x629 [bgcolor=#CCCCCC]
      RenderBlock {P} at (0,0) size 769x16
        RenderText {#text} at (0,0) size 363x16
          text run at (0,0) width 363: "The style declarations which apply to the text below are:"
      RenderBlock {PRE} at (0,29) size 769x169
        RenderText {#text} at (0,0) size 500x169
          text run at (0,0) width 383: "P { margin: 0; padding: 0; text-align:  justify;}"
          text run at (382,0) width 1: " "
          text run at (0,13) width 0: " "
          text run at (0,26) width 328: "DIV.yellow, DIV.blue, DIV.red, DIV.green {"
          text run at (327,26) width 1: " "
          text run at (0,39) width 328: " width: 60px; padding: 20px; margin: 10px;"
          text run at (327,39) width 1: " "
          text run at (0,52) width 461: " border: 20px solid black; float: left; text-align: center;"
          text run at (460,52) width 1: " "
          text run at (0,65) width 352: " font-family: \"Times New Roman\",Times,serif;}"
          text run at (351,65) width 1: " "
          text run at (0,78) width 500: "DIV.yellow {margin-left: 0px; background: yellow; color: black;}"
          text run at (499,78) width 1: " "
          text run at (0,91) width 328: "DIV.blue {background: blue; color: white;}"
          text run at (327,91) width 1: " "
          text run at (0,104) width 313: "DIV.red {background: red; color: black;}"
          text run at (312,104) width 1: " "
          text run at (0,117) width 344: "DIV.green {background: green; color: white;}"
          text run at (343,117) width 1: " "
          text run at (0,130) width 188: "DIV.below {clear: both;}"
          text run at (187,130) width 1: " "
          text run at (0,143) width 196: "TABLE {margin: 20px 0px;}"
          text run at (195,143) width 1: " "
          text run at (0,156) width 0: " "
      RenderBlock {HR} at (0,211) size 769x2 [border: (1px inset #EEEEEE)]
      RenderBlock {P} at (0,221) size 769x32
        RenderText {#text} at (0,0) size 769x32
          text run at (0,0) width 769: "The four floating DIV elements below should appear next to each other horizontally. The table at the bottom of this"
          text run at (0,16) width 447: "page indicates how the DIV elements should be laid out horizontally. "
          text run at (447,16) width 223: "They should align with each other."
      RenderBlock (floating) {DIV} at (0,263) size 140x98 [bgcolor=#FFFF00] [border: (20px solid #000000)]
        RenderBlock {P} at (40,40) size 60x18
          RenderText {#text} at (0,0) size 48x17
            text run at (0,0) width 48: "Yellow"
      RenderBlock (floating) {DIV} at (160,263) size 140x98 [color=#FFFFFF] [bgcolor=#0000FF] [border: (20px solid #000000)]
        RenderBlock {P} at (40,40) size 60x18
          RenderText {#text} at (0,0) size 31x17
            text run at (0,0) width 31: "Blue"
      RenderBlock (floating) {DIV} at (320,263) size 140x98 [bgcolor=#FF0000] [border: (20px solid #000000)]
        RenderBlock {P} at (40,40) size 60x18
          RenderText {#text} at (0,0) size 26x17
            text run at (0,0) width 26: "Red"
      RenderBlock (floating) {DIV} at (480,263) size 140x98 [color=#FFFFFF] [bgcolor=#008000] [border: (20px solid #000000)]
        RenderBlock {P} at (40,40) size 60x18
          RenderText {#text} at (0,0) size 40x17
            text run at (0,0) width 40: "Green"
      RenderBlock {DIV} at (0,371) size 769x17
        RenderTable {TABLE} at (0,0) size 620x17
          RenderTableSection {TBODY} at (0,0) size 620x17
            RenderTableRow {TR} at (0,0) size 620x17
              RenderTableCell {TD} at (0,8) size 20x1 [bgcolor=#000000] [r=0 c=0 rs=1 cs=1]
                RenderImage {IMG} at (0,0) size 20x1
              RenderTableCell {TD} at (20,8) size 100x1 [bgcolor=#FFFF00] [r=0 c=1 rs=1 cs=1]
                RenderImage {IMG} at (0,0) size 100x1
              RenderTableCell {TD} at (120,8) size 20x0 [bgcolor=#000000] [r=0 c=2 rs=1 cs=1]
              RenderTableCell {TD} at (140,8) size 20x1 [bgcolor=#FFFFFF] [r=0 c=3 rs=1 cs=1]
                RenderImage {IMG} at (0,0) size 20x1
              RenderTableCell {TD} at (160,8) size 20x1 [bgcolor=#000000] [r=0 c=4 rs=1 cs=1]
                RenderImage {IMG} at (0,0) size 20x1
              RenderTableCell {TD} at (180,8) size 100x1 [bgcolor=#0000FF] [r=0 c=5 rs=1 cs=1]
                RenderImage {IMG} at (0,0) size 100x1
              RenderTableCell {TD} at (280,8) size 20x1 [bgcolor=#000000] [r=0 c=6 rs=1 cs=1]
                RenderImage {IMG} at (0,0) size 20x1
              RenderTableCell {TD} at (300,8) size 20x1 [bgcolor=#FFFFFF] [r=0 c=7 rs=1 cs=1]
                RenderImage {IMG} at (0,0) size 20x1
              RenderTableCell {TD} at (320,8) size 20x1 [bgcolor=#000000] [r=0 c=8 rs=1 cs=1]
                RenderImage {IMG} at (0,0) size 20x1
              RenderTableCell {TD} at (340,8) size 100x1 [bgcolor=#FF0000] [r=0 c=9 rs=1 cs=1]
                RenderImage {IMG} at (0,0) size 100x1
              RenderTableCell {TD} at (440,0) size 20x17 [bgcolor=#000000] [r=0 c=10 rs=1 cs=1]
                RenderImage {IMG} at (0,0) size 20x1
                RenderText {#text} at (0,1) size 5x16
                  text run at (0,1) width 5: ";"
              RenderTableCell {TD} at (460,8) size 20x1 [bgcolor=#FFFFFF] [r=0 c=11 rs=1 cs=1]
                RenderImage {IMG} at (0,0) size 20x1
              RenderTableCell {TD} at (480,8) size 20x1 [bgcolor=#000000] [r=0 c=12 rs=1 cs=1]
                RenderImage {IMG} at (0,0) size 20x1
              RenderTableCell {TD} at (500,8) size 100x1 [bgcolor=#008000] [r=0 c=13 rs=1 cs=1]
                RenderImage {IMG} at (0,0) size 100x1
              RenderTableCell {TD} at (600,8) size 20x1 [bgcolor=#000000] [r=0 c=14 rs=1 cs=1]
                RenderImage {IMG} at (0,0) size 20x1
      RenderTable {TABLE} at (0,408) size 769x221 [border: (1px outset #808080)]
        RenderTableSection {TBODY} at (1,1) size 767x219
          RenderTableRow {TR} at (0,0) size 767x24
            RenderTableCell {TD} at (0,0) size 767x24 [bgcolor=#C0C0C0] [border: (1px inset #808080)] [r=0 c=0 rs=1 cs=2]
              RenderInline {STRONG} at (0,0) size 163x16
                RenderText {#text} at (4,4) size 163x16
                  text run at (4,4) width 163: "TABLE Testing Section"
          RenderTableRow {TR} at (0,24) size 767x195
            RenderTableCell {TD} at (0,109) size 12x24 [bgcolor=#C0C0C0] [border: (1px inset #808080)] [r=1 c=0 rs=1 cs=1]
              RenderText {#text} at (4,4) size 4x16
                text run at (4,4) width 4: " "
            RenderTableCell {TD} at (12,24) size 755x195 [border: (1px inset #808080)] [r=1 c=1 rs=1 cs=1]
              RenderBlock {P} at (4,4) size 747x32
                RenderText {#text} at (0,0) size 747x32
                  text run at (0,0) width 747: "The four floating DIV elements below should appear next to each other horizontally. The table at the bottom of this"
                  text run at (0,16) width 447: "page indicates how the DIV elements should be laid out horizontally. "
                  text run at (447,16) width 223: "They should align with each other."
              RenderBlock (floating) {DIV} at (4,46) size 140x98 [bgcolor=#FFFF00] [border: (20px solid #000000)]
                RenderBlock {P} at (40,40) size 60x18
                  RenderText {#text} at (0,0) size 48x17
                    text run at (0,0) width 48: "Yellow"
              RenderBlock (floating) {DIV} at (164,46) size 140x98 [color=#FFFFFF] [bgcolor=#0000FF] [border: (20px solid #000000)]
                RenderBlock {P} at (40,40) size 60x18
                  RenderText {#text} at (0,0) size 31x17
                    text run at (0,0) width 31: "Blue"
              RenderBlock (floating) {DIV} at (324,46) size 140x98 [bgcolor=#FF0000] [border: (20px solid #000000)]
                RenderBlock {P} at (40,40) size 60x18
                  RenderText {#text} at (0,0) size 26x17
                    text run at (0,0) width 26: "Red"
              RenderBlock (floating) {DIV} at (484,46) size 140x98 [color=#FFFFFF] [bgcolor=#008000] [border: (20px solid #000000)]
                RenderBlock {P} at (40,40) size 60x18
                  RenderText {#text} at (0,0) size 40x17
                    text run at (0,0) width 40: "Green"
              RenderBlock {DIV} at (4,154) size 747x17
                RenderTable {TABLE} at (0,0) size 620x17
                  RenderTableSection {TBODY} at (0,0) size 620x17
                    RenderTableRow {TR} at (0,0) size 620x17
                      RenderTableCell {TD} at (0,8) size 20x1 [bgcolor=#000000] [r=0 c=0 rs=1 cs=1]
                        RenderImage {IMG} at (0,0) size 20x1
                      RenderTableCell {TD} at (20,8) size 100x1 [bgcolor=#FFFF00] [r=0 c=1 rs=1 cs=1]
                        RenderImage {IMG} at (0,0) size 100x1
                      RenderTableCell {TD} at (120,8) size 20x0 [bgcolor=#000000] [r=0 c=2 rs=1 cs=1]
                      RenderTableCell {TD} at (140,8) size 20x1 [bgcolor=#FFFFFF] [r=0 c=3 rs=1 cs=1]
                        RenderImage {IMG} at (0,0) size 20x1
                      RenderTableCell {TD} at (160,8) size 20x1 [bgcolor=#000000] [r=0 c=4 rs=1 cs=1]
                        RenderImage {IMG} at (0,0) size 20x1
                      RenderTableCell {TD} at (180,8) size 100x1 [bgcolor=#0000FF] [r=0 c=5 rs=1 cs=1]
                        RenderImage {IMG} at (0,0) size 100x1
                      RenderTableCell {TD} at (280,8) size 20x1 [bgcolor=#000000] [r=0 c=6 rs=1 cs=1]
                        RenderImage {IMG} at (0,0) size 20x1
                      RenderTableCell {TD} at (300,8) size 20x1 [bgcolor=#FFFFFF] [r=0 c=7 rs=1 cs=1]
                        RenderImage {IMG} at (0,0) size 20x1
                      RenderTableCell {TD} at (320,8) size 20x1 [bgcolor=#000000] [r=0 c=8 rs=1 cs=1]
                        RenderImage {IMG} at (0,0) size 20x1
                      RenderTableCell {TD} at (340,8) size 100x1 [bgcolor=#FF0000] [r=0 c=9 rs=1 cs=1]
                        RenderImage {IMG} at (0,0) size 100x1
                      RenderTableCell {TD} at (440,0) size 20x17 [bgcolor=#000000] [r=0 c=10 rs=1 cs=1]
                        RenderImage {IMG} at (0,0) size 20x1
                        RenderText {#text} at (0,1) size 5x16
                          text run at (0,1) width 5: ";"
                      RenderTableCell {TD} at (460,8) size 20x1 [bgcolor=#FFFFFF] [r=0 c=11 rs=1 cs=1]
                        RenderImage {IMG} at (0,0) size 20x1
                      RenderTableCell {TD} at (480,8) size 20x1 [bgcolor=#000000] [r=0 c=12 rs=1 cs=1]
                        RenderImage {IMG} at (0,0) size 20x1
                      RenderTableCell {TD} at (500,8) size 100x1 [bgcolor=#008000] [r=0 c=13 rs=1 cs=1]
                        RenderImage {IMG} at (0,0) size 100x1
                      RenderTableCell {TD} at (600,8) size 20x1 [bgcolor=#000000] [r=0 c=14 rs=1 cs=1]
                        RenderImage {IMG} at (0,0) size 20x1
