layer at (0,0) size 785x2504
  RenderView at (0,0) size 785x600
layer at (0,0) size 785x2504
  RenderBlock {HTML} at (0,0) size 785x2504
    RenderBody {BODY} at (8,8) size 769x2488 [bgcolor=#CCCCCC]
      RenderBlock (floating) {P} at (0,0) size 384.50x32 [bgcolor=#FFFF00]
        RenderText {#text} at (0,0) size 385x32
          text run at (0,0) width 385: "This paragraph is of class \"one\". It has a width of 50% and"
          text run at (0,16) width 129: "is floated to the left."
      RenderBlock {P} at (0,0) size 769x80
        RenderText {#text} at (384,0) size 769x80
          text run at (384,0) width 385: "This paragraph should start on the right side of a yellow"
          text run at (384,16) width 385: "box which contains the previous paragraph. Since the text"
          text run at (0,32) width 769: "of this element is much longer than the text in the previous element, the text will wrap around the yellow box. There is"
          text run at (0,48) width 769: "no padding, border or margins on this and the previous element, so the text of the two elements should be very close to"
          text run at (0,64) width 71: "each other."
      RenderBlock (anonymous) at (0,80) size 769x16
        RenderBR {BR} at (0,0) size 0x16
      RenderBlock {HR} at (0,104) size 769x2 [border: (1px inset #EEEEEE)]
      RenderBlock (floating) {P} at (0,114) size 769x64 [bgcolor=#FFFF00]
        RenderText {#text} at (0,0) size 769x64
          text run at (0,0) width 769: "This paragraph is of class \"two\". Since the width has been set to 100%, it should automatically be as wide as its parent"
          text run at (0,16) width 769: "element allows it to be. Therefore, even though the element is floated, there is no room for other content on the sides"
          text run at (0,32) width 769: "and a orange square image should be seen AFTER the paragraph, not next to it. A yellow background has been added"
          text run at (0,48) width 265: "to this paragraph for diagnostic purposes."
      RenderBlock (anonymous) at (0,114) size 769x83
        RenderImage {IMG} at (0,64) size 15x15
        RenderText {#text} at (15,67) size 4x16
          text run at (15,67) width 4: " "
        RenderBR {BR} at (19,79) size 0x0
      RenderBlock {HR} at (0,205) size 769x2 [border: (1px inset #EEEEEE)]
      RenderBlock (floating) {P} at (0,215) size 384.50x96 [bgcolor=#FFFF00]
        RenderText {#text} at (0,0) size 385x96
          text run at (0,0) width 384: "This paragraph is floated to the left and the orange square"
          text run at (0,16) width 384: "image should appear to the right of the paragraph. This"
          text run at (0,32) width 385: "paragraph has a yellow background and no padding, margin"
          text run at (0,48) width 385: "or border. The right edge of this yellow box should be"
          text run at (0,64) width 385: "horizontally aligned with the left edge of the yellow box"
          text run at (0,80) width 81: "undernearth."
      RenderBlock (anonymous) at (0,215) size 769x96
        RenderImage {IMG} at (384.50,0) size 15x15
        RenderText {#text} at (399,3) size 5x16
          text run at (399,3) width 5: " "
        RenderBR {BR} at (403,15) size 1x0
      RenderBlock {HR} at (0,319) size 769x2 [border: (1px inset #EEEEEE)]
      RenderBlock (floating) {P} at (384.50,329) size 384.50x96 [bgcolor=#FFFF00]
        RenderText {#text} at (0,0) size 385x96
          text run at (0,0) width 384: "This paragraph is floated to the right (using a STYLE"
          text run at (0,16) width 384: "attribute) and the orange square image should appear to the"
          text run at (0,32) width 384: "left of the paragraph. This paragraph has a yellow"
          text run at (0,48) width 384: "background and no padding, margin or border. The left"
          text run at (0,64) width 385: "edge of this yellow box should be horizonally aligned with"
          text run at (0,80) width 251: "the right edge of the yellow box above."
      RenderBlock (anonymous) at (0,329) size 769x96
        RenderImage {IMG} at (0,0) size 15x15
        RenderText {#text} at (15,3) size 4x16
          text run at (15,3) width 4: " "
        RenderBR {BR} at (19,15) size 0x0
      RenderBlock {HR} at (0,433) size 769x2 [border: (1px inset #EEEEEE)]
      RenderBlock {P} at (0,443) size 769x48
        RenderBlock (floating) {SPAN} at (0,0) size 48x32 [bgcolor=#C0C0C0]
          RenderText {#text} at (0,0) size 22x32
            text run at (0,0) width 22: "T"
        RenderText {#text} at (48,0) size 769x48
          text run at (48,0) width 721: "he first letter (a \"T\") of this paragraph should float left and be twice the font-size of the rest of the paragraph, as"
          text run at (48,16) width 530: "well as bold, with a content width of 1.5em and a background-color of silver. "
          text run at (577,16) width 192: "The top of the big letter \"T\""
          text run at (0,32) width 736: "should be vertically aligned with the top of the first line of this paragraph. This is commonly known as \"drop-cap\"."
      RenderBlock (anonymous) at (0,491) size 769x16
        RenderBR {BR} at (0,0) size 0x16
      RenderBlock {HR} at (0,515) size 769x2 [border: (1px inset #EEEEEE)]
      RenderBlock (floating) {P} at (423,535) size 336x192 [bgcolor=#FFFF00] [border: (3px solid #FF0000)]
        RenderText {#text} at (8,8) size 320x176
          text run at (8,8) width 320: "This paragraph should be floated to the right, sort"
          text run at (8,24) width 320: "of like a 'sidebar' in a magazine article. Its width"
          text run at (8,40) width 320: "is 20em so the box should not be reformatted"
          text run at (8,56) width 320: "when the size of the viewport is changed (e.g."
          text run at (8,72) width 320: "when the window is resized). The background"
          text run at (8,88) width 320: "color of the element is yellow, and there should"
          text run at (8,104) width 320: "be a 3px solid red border outside a 5px wide"
          text run at (8,120) width 320: "padding. Also, the element has a 10px wide"
          text run at (8,136) width 320: "margin around it where the blue background of"
          text run at (8,152) width 320: "the paragraph in the normal flow should shine"
          text run at (8,168) width 54: "through."
      RenderBlock {P} at (0,525) size 769x192 [bgcolor=#66CCFF]
        RenderText {#text} at (0,0) size 413x192
          text run at (0,0) width 413: "This paragraph is not floating. If there is enough room, the"
          text run at (0,16) width 413: "textual content of the paragraph should appear on the left side of"
          text run at (0,32) width 230: "the yellow \"sidebar\" on the right. "
          text run at (229,32) width 184: "The content of this element"
          text run at (0,48) width 274: "should flow around the floated element. "
          text run at (273,48) width 140: "However, the floated"
          text run at (0,64) width 413: "element may or may not be obscured by the blue background of"
          text run at (0,80) width 413: "this element, as the specification does not say which is drawn"
          text run at (0,96) width 64: "\"on top.\" "
          text run at (63,96) width 350: "Even if the floated element is obscured, it still forces"
          text run at (0,112) width 322: "the content of this element to flow around it. "
          text run at (321,112) width 92: "If the floated"
          text run at (0,128) width 413: "element is not obscured, then the blue rectangle of this"
          text run at (0,144) width 413: "paragraph should extend 10px above and to the right of the"
          text run at (0,160) width 413: "sidebar's red border, due to the margin styles set for the floated"
          text run at (0,176) width 55: "element."
      RenderBlock (anonymous) at (0,717) size 769x20
        RenderBR {BR} at (0,0) size 0x16
      RenderBlock {HR} at (0,745) size 769x2 [border: (1px inset #EEEEEE)]
      RenderBlock {DIV} at (0,755) size 769x24 [bgcolor=#66CCFF] [border: (4px solid #FF0000)]
        RenderBlock (floating) {DIV} at (425,14) size 330x218 [bgcolor=#FFFF00]
          RenderBlock {P} at (5,5) size 320x208
            RenderText {#text} at (0,0) size 320x208
              text run at (0,0) width 320: "This paragraph is placed inside a DIV element"
              text run at (0,16) width 320: "which is floated to the right. The width of the"
              text run at (0,32) width 320: "DIV element is 20em. The background is yellow"
              text run at (0,48) width 320: "and there is a 5px padding, a 10px margin and no"
              text run at (0,64) width 320: "border. Since it is floated, the yellow box should"
              text run at (0,80) width 320: "be rendered on top of the background and borders"
              text run at (0,96) width 320: "of adjacent non-floated elements. To the left of"
              text run at (0,112) width 320: "this yellow box there should be a short paragraph"
              text run at (0,128) width 320: "with a blue background and a red border. The"
              text run at (0,144) width 320: "yellow box should be rendered on top of the"
              text run at (0,160) width 320: "bottom red border. I.e., the bottom red border will"
              text run at (0,176) width 320: "appear broken where it's overlaid by the yellow"
              text run at (0,192) width 63: "rectangle."
        RenderBlock {P} at (4,4) size 761x16
          RenderText {#text} at (0,0) size 274x16
            text run at (0,0) width 274: "See description in the box on the right side"
      RenderBlock (anonymous) at (0,779) size 769x218
        RenderBR {BR} at (0,0) size 0x16
      RenderBlock {HR} at (0,1005) size 769x2 [border: (1px inset #EEEEEE)]
      RenderBlock (floating) {DIV} at (0,1015) size 192.25x64 [bgcolor=#66CCFF]
        RenderBlock {P} at (0,0) size 192.25x64
          RenderText {#text} at (0,0) size 192x64
            text run at (0,0) width 192: "This paragraph is inside a"
            text run at (0,16) width 192: "DIV which is floated left. Its"
            text run at (0,32) width 192: "background is blue and the"
            text run at (0,48) width 89: "width is 25%."
      RenderBlock (floating) {DIV} at (576.75,1015) size 192.25x64 [bgcolor=#FFFF00]
        RenderBlock {P} at (0,0) size 192.25x64
          RenderText {#text} at (0,0) size 192x64
            text run at (0,0) width 192: "This paragraph is inside a"
            text run at (0,16) width 192: "DIV which is floated right."
            text run at (0,32) width 21: "Its "
            text run at (21,32) width 171: "background is yellow and"
            text run at (0,48) width 112: "the width is 25%."
      RenderBlock {P} at (0,1015) size 769x32
        RenderText {#text} at (192,0) size 384x32
          text run at (192,0) width 384: "This paragraph should appear between a blue box (on the"
          text run at (192,16) width 31: "left) "
          text run at (222,16) width 204: "and a yellow box (on the right)."
      RenderBlock (anonymous) at (0,1047) size 769x32
        RenderBR {BR} at (192,0) size 1x16
      RenderBlock {HR} at (0,1087) size 769x2 [border: (1px inset #EEEEEE)]
      RenderBlock (floating) {DIV} at (0,1097) size 576.75x112 [bgcolor=#66CCFF]
        RenderBlock (floating) {DIV} at (422.56,0) size 144.19x32 [bgcolor=#FFFF00]
          RenderBlock {P} at (0,0) size 144.19x32
            RenderText {#text} at (0,0) size 145x32
              text run at (0,0) width 145: "See description in the"
              text run at (0,16) width 127: "box on the left side."
        RenderBlock {P} at (0,0) size 576.75x112
          RenderText {#text} at (0,0) size 577x112
            text run at (0,0) width 423: "This paragraph is inside a DIV which is floated left. The"
            text run at (0,16) width 422: "background of the DIV element is blue and its width is 75%. This"
            text run at (0,32) width 406: "text should all be inside the blue rectangle. The blue DIV "
            text run at (405,32) width 171: "element has another DIV"
            text run at (0,48) width 224: "element as a child. It has a yellow "
            text run at (223,48) width 354: "background color and is floated to the right. Since it is"
            text run at (0,64) width 12: "a "
            text run at (11,64) width 411: "child of the blue DIV, the yellow DIV should appear inside the "
            text run at (421,64) width 156: "blue rectangle. Due to it"
            text run at (0,80) width 253: "being floated to the right and having "
            text run at (252,80) width 325: "a 10px right margin, the yellow rectange should"
            text run at (0,96) width 113: "have a 10px blue "
            text run at (112,96) width 144: "stripe on its right side."
      RenderBlock (anonymous) at (0,1097) size 769x112
        RenderBR {BR} at (576,0) size 1x16
      RenderBlock {HR} at (0,1217) size 769x2 [border: (1px inset #EEEEEE)]
      RenderTable {TABLE} at (0,1227) size 769x1261 [border: (1px outset #808080)]
        RenderTableSection {TBODY} at (1,1) size 767x1259
          RenderTableRow {TR} at (0,0) size 767x24
            RenderTableCell {TD} at (0,0) size 767x24 [bgcolor=#C0C0C0] [border: (1px inset #808080)] [r=0 c=0 rs=1 cs=2]
              RenderInline {STRONG} at (0,0) size 163x16
                RenderText {#text} at (4,4) size 163x16
                  text run at (4,4) width 163: "TABLE Testing Section"
          RenderTableRow {TR} at (0,24) size 767x1235
            RenderTableCell {TD} at (0,629) size 12x24 [bgcolor=#C0C0C0] [border: (1px inset #808080)] [r=1 c=0 rs=1 cs=1]
              RenderText {#text} at (4,4) size 4x16
                text run at (4,4) width 4: " "
            RenderTableCell {TD} at (12,24) size 755x1235 [border: (1px inset #808080)] [r=1 c=1 rs=1 cs=1]
              RenderBlock (floating) {P} at (4,4) size 373.50x32 [bgcolor=#FFFF00]
                RenderText {#text} at (0,0) size 373x32
                  text run at (0,0) width 373: "This paragraph is of class \"one\". It has a width of 50%"
                  text run at (0,16) width 156: "and is floated to the left."
              RenderBlock {P} at (4,4) size 747x80
                RenderText {#text} at (373,0) size 747x80
                  text run at (373,0) width 374: "This paragraph should start on the right side of a yellow"
                  text run at (373,16) width 374: "box which contains the previous paragraph. Since the text"
                  text run at (0,32) width 747: "of this element is much longer than the text in the previous element, the text will wrap around the yellow box. There"
                  text run at (0,48) width 747: "is no padding, border or margins on this and the previous element, so the text of the two elements should be very"
                  text run at (0,64) width 124: "close to each other."
              RenderBlock (anonymous) at (4,84) size 747x16
                RenderBR {BR} at (0,0) size 0x16
              RenderBlock {HR} at (4,108) size 747x2 [border: (1px inset #EEEEEE)]
              RenderBlock (floating) {P} at (4,118) size 747x64 [bgcolor=#FFFF00]
                RenderText {#text} at (0,0) size 747x64
                  text run at (0,0) width 747: "This paragraph is of class \"two\". Since the width has been set to 100%, it should automatically be as wide as its"
                  text run at (0,16) width 747: "parent element allows it to be. Therefore, even though the element is floated, there is no room for other content on"
                  text run at (0,32) width 747: "the sides and a orange square image should be seen AFTER the paragraph, not next to it. A yellow background has"
                  text run at (0,48) width 342: "been added to this paragraph for diagnostic purposes."
              RenderBlock (anonymous) at (4,118) size 747x83
                RenderImage {IMG} at (0,64) size 15x15
                RenderText {#text} at (15,67) size 4x16
                  text run at (15,67) width 4: " "
                RenderBR {BR} at (19,79) size 0x0
              RenderBlock {HR} at (4,209) size 747x2 [border: (1px inset #EEEEEE)]
              RenderBlock (floating) {P} at (4,219) size 373.50x96 [bgcolor=#FFFF00]
                RenderText {#text} at (0,0) size 374x96
                  text run at (0,0) width 373: "This paragraph is floated to the left and the orange square"
                  text run at (0,16) width 373: "image should appear to the right of the paragraph. This"
                  text run at (0,32) width 374: "paragraph has a yellow background and no padding,"
                  text run at (0,48) width 373: "margin or border. The right edge of this yellow box"
                  text run at (0,64) width 373: "should be horizontally aligned with the left edge of the"
                  text run at (0,80) width 156: "yellow box undernearth."
              RenderBlock (anonymous) at (4,219) size 747x96
                RenderImage {IMG} at (373.50,0) size 15x15
                RenderText {#text} at (388,3) size 5x16
                  text run at (388,3) width 5: " "
                RenderBR {BR} at (392,15) size 1x0
              RenderBlock {HR} at (4,323) size 747x2 [border: (1px inset #EEEEEE)]
              RenderBlock (floating) {P} at (377.50,333) size 373.50x96 [bgcolor=#FFFF00]
                RenderText {#text} at (0,0) size 374x96
                  text run at (0,0) width 373: "This paragraph is floated to the right (using a STYLE"
                  text run at (0,16) width 374: "attribute) and the orange square image should appear to"
                  text run at (0,32) width 374: "the left of the paragraph. This paragraph has a yellow"
                  text run at (0,48) width 373: "background and no padding, margin or border. The left"
                  text run at (0,64) width 373: "edge of this yellow box should be horizonally aligned"
                  text run at (0,80) width 284: "with the right edge of the yellow box above."
              RenderBlock (anonymous) at (4,333) size 747x96
                RenderImage {IMG} at (0,0) size 15x15
                RenderText {#text} at (15,3) size 4x16
                  text run at (15,3) width 4: " "
                RenderBR {BR} at (19,15) size 0x0
              RenderBlock {HR} at (4,437) size 747x2 [border: (1px inset #EEEEEE)]
              RenderBlock {P} at (4,447) size 747x48
                RenderBlock (floating) {SPAN} at (0,0) size 48x32 [bgcolor=#C0C0C0]
                  RenderText {#text} at (0,0) size 22x32
                    text run at (0,0) width 22: "T"
                RenderText {#text} at (48,0) size 747x48
                  text run at (48,0) width 699: "he first letter (a \"T\") of this paragraph should float left and be twice the font-size of the rest of the paragraph,"
                  text run at (48,16) width 519: "as well as bold, with a content width of 1.5em and a background-color of silver. "
                  text run at (566,16) width 181: "The top of the big letter \"T\""
                  text run at (0,32) width 736: "should be vertically aligned with the top of the first line of this paragraph. This is commonly known as \"drop-cap\"."
              RenderBlock (anonymous) at (4,495) size 747x16
                RenderBR {BR} at (0,0) size 0x16
              RenderBlock {HR} at (4,519) size 747x2 [border: (1px inset #EEEEEE)]
              RenderBlock (floating) {P} at (405,539) size 336x192 [bgcolor=#FFFF00] [border: (3px solid #FF0000)]
                RenderText {#text} at (8,8) size 320x176
                  text run at (8,8) width 320: "This paragraph should be floated to the right, sort"
                  text run at (8,24) width 320: "of like a 'sidebar' in a magazine article. Its width"
                  text run at (8,40) width 320: "is 20em so the box should not be reformatted"
                  text run at (8,56) width 320: "when the size of the viewport is changed (e.g."
                  text run at (8,72) width 320: "when the window is resized). The background"
                  text run at (8,88) width 320: "color of the element is yellow, and there should"
                  text run at (8,104) width 320: "be a 3px solid red border outside a 5px wide"
                  text run at (8,120) width 320: "padding. Also, the element has a 10px wide"
                  text run at (8,136) width 320: "margin around it where the blue background of"
                  text run at (8,152) width 320: "the paragraph in the normal flow should shine"
                  text run at (8,168) width 54: "through."
              RenderBlock {P} at (4,529) size 747x192 [bgcolor=#66CCFF]
                RenderText {#text} at (0,0) size 391x192
                  text run at (0,0) width 391: "This paragraph is not floating. If there is enough room, the"
                  text run at (0,16) width 391: "textual content of the paragraph should appear on the left"
                  text run at (0,32) width 269: "side of the yellow \"sidebar\" on the right. "
                  text run at (268,32) width 123: "The content of this"
                  text run at (0,48) width 328: "element should flow around the floated element. "
                  text run at (327,48) width 64: "However,"
                  text run at (0,64) width 391: "the floated element may or may not be obscured by the blue"
                  text run at (0,80) width 391: "background of this element, as the specification does not say"
                  text run at (0,96) width 183: "which is drawn \"on top.\" "
                  text run at (182,96) width 209: "Even if the floated element is"
                  text run at (0,112) width 391: "obscured, it still forces the content of this element to flow"
                  text run at (0,128) width 71: "around it. "
                  text run at (70,128) width 321: "If the floated element is not obscured, then the"
                  text run at (0,144) width 391: "blue rectangle of this paragraph should extend 10px above"
                  text run at (0,160) width 391: "and to the right of the sidebar's red border, due to the margin"
                  text run at (0,176) width 212: "styles set for the floated element."
              RenderBlock (anonymous) at (4,721) size 747x20
                RenderBR {BR} at (0,0) size 0x16
              RenderBlock {HR} at (4,749) size 747x2 [border: (1px inset #EEEEEE)]
              RenderBlock {DIV} at (4,759) size 747x24 [bgcolor=#66CCFF] [border: (4px solid #FF0000)]
                RenderBlock (floating) {DIV} at (403,14) size 330x218 [bgcolor=#FFFF00]
                  RenderBlock {P} at (5,5) size 320x208
                    RenderText {#text} at (0,0) size 320x208
                      text run at (0,0) width 320: "This paragraph is placed inside a DIV element"
                      text run at (0,16) width 320: "which is floated to the right. The width of the"
                      text run at (0,32) width 320: "DIV element is 20em. The background is yellow"
                      text run at (0,48) width 320: "and there is a 5px padding, a 10px margin and no"
                      text run at (0,64) width 320: "border. Since it is floated, the yellow box should"
                      text run at (0,80) width 320: "be rendered on top of the background and borders"
                      text run at (0,96) width 320: "of adjacent non-floated elements. To the left of"
                      text run at (0,112) width 320: "this yellow box there should be a short paragraph"
                      text run at (0,128) width 320: "with a blue background and a red border. The"
                      text run at (0,144) width 320: "yellow box should be rendered on top of the"
                      text run at (0,160) width 320: "bottom red border. I.e., the bottom red border will"
                      text run at (0,176) width 320: "appear broken where it's overlaid by the yellow"
                      text run at (0,192) width 63: "rectangle."
                RenderBlock {P} at (4,4) size 739x16
                  RenderText {#text} at (0,0) size 274x16
                    text run at (0,0) width 274: "See description in the box on the right side"
              RenderBlock (anonymous) at (4,783) size 747x218
                RenderBR {BR} at (0,0) size 0x16
              RenderBlock {HR} at (4,1009) size 747x2 [border: (1px inset #EEEEEE)]
              RenderBlock (floating) {DIV} at (4,1019) size 186.75x64 [bgcolor=#66CCFF]
                RenderBlock {P} at (0,0) size 186.75x64
                  RenderText {#text} at (0,0) size 187x64
                    text run at (0,0) width 187: "This paragraph is inside a"
                    text run at (0,16) width 186: "DIV which is floated left. Its"
                    text run at (0,32) width 187: "background is blue and the"
                    text run at (0,48) width 89: "width is 25%."
              RenderBlock (floating) {DIV} at (564.25,1019) size 186.75x64 [bgcolor=#FFFF00]
                RenderBlock {P} at (0,0) size 186.75x64
                  RenderText {#text} at (0,0) size 187x64
                    text run at (0,0) width 187: "This paragraph is inside a"
                    text run at (0,16) width 186: "DIV which is floated right."
                    text run at (0,32) width 20: "Its "
                    text run at (20,32) width 166: "background is yellow and"
                    text run at (0,48) width 112: "the width is 25%."
              RenderBlock {P} at (4,1019) size 747x32
                RenderText {#text} at (186,0) size 374x32
                  text run at (186,0) width 374: "This paragraph should appear between a blue box (on the"
                  text run at (186,16) width 32: "left) "
                  text run at (217,16) width 203: "and a yellow box (on the right)."
              RenderBlock (anonymous) at (4,1051) size 747x32
                RenderBR {BR} at (186,0) size 1x16
              RenderBlock {HR} at (4,1091) size 747x2 [border: (1px inset #EEEEEE)]
              RenderBlock (floating) {DIV} at (4,1101) size 560.25x112 [bgcolor=#66CCFF]
                RenderBlock (floating) {DIV} at (410.19,0) size 140.06x32 [bgcolor=#FFFF00]
                  RenderBlock {P} at (0,0) size 140.06x32
                    RenderText {#text} at (0,0) size 140x32
                      text run at (0,0) width 140: "See description in the"
                      text run at (0,16) width 127: "box on the left side."
                RenderBlock {P} at (0,0) size 560.25x112
                  RenderText {#text} at (0,0) size 561x112
                    text run at (0,0) width 410: "This paragraph is inside a DIV which is floated left. The"
                    text run at (0,16) width 410: "background of the DIV element is blue and its width is 75%."
                    text run at (0,32) width 35: "This "
                    text run at (34,32) width 394: "text should all be inside the blue rectangle. The blue DIV "
                    text run at (428,32) width 132: "element has another"
                    text run at (0,48) width 268: "DIV element as a child. It has a yellow "
                    text run at (267,48) width 294: "background color and is floated to the right."
                    text run at (0,64) width 90: "Since it is a "
                    text run at (89,64) width 444: "child of the blue DIV, the yellow DIV should appear inside the "
                    text run at (532,64) width 29: "blue"
                    text run at (0,80) width 395: "rectangle. Due to it being floated to the right and having "
                    text run at (394,80) width 166: "a 10px right margin, the"
                    text run at (0,96) width 266: "yellow rectange should have a 10px blue "
                    text run at (265,96) width 143: "stripe on its right side."
              RenderBlock (anonymous) at (4,1101) size 747x112
                RenderBR {BR} at (560,0) size 1x16
              RenderBlock {HR} at (4,1221) size 747x2 [border: (1px inset #EEEEEE)]
