layer at (0,0) size 785x948
  RenderView at (0,0) size 785x600
layer at (0,0) size 785x948
  RenderBlock {HTML} at (0,0) size 785x948
    RenderBody {BODY} at (8,8) size 769x932 [bgcolor=#CCCCCC]
      RenderBlock {P} at (0,0) size 769x16
        RenderText {#text} at (0,0) size 363x16
          text run at (0,0) width 363: "The style declarations which apply to the text below are:"
      RenderBlock {PRE} at (0,32) size 769x39
        RenderText {#text} at (0,0) size 164x39
          text run at (0,0) width 157: ".one {height: 50px;}"
          text run at (156,0) width 1: " "
          text run at (0,13) width 164: ".two {height: 100px;}"
          text run at (163,13) width 1: " "
          text run at (0,26) width 0: " "
      RenderBlock {HR} at (0,84) size 769x2 [border: (1px inset #EEEEEE)]
      RenderBlock (anonymous) at (0,94) size 769x50
        RenderImage {IMG} at (0,0) size 50x50
        RenderText {#text} at (0,0) size 0x0
      RenderBlock {P} at (0,160) size 769x16
        RenderText {#text} at (0,0) size 281x16
          text run at (0,0) width 281: "The square above should be fifty pixels tall."
      RenderBlock (anonymous) at (0,192) size 769x100
        RenderImage {IMG} at (0,0) size 100x100
        RenderText {#text} at (0,0) size 0x0
      RenderBlock {P} at (0,308) size 769x16
        RenderText {#text} at (0,0) size 340x16
          text run at (0,0) width 340: "The square above should be 100 pixels tall and wide."
      RenderBlock (anonymous) at (0,340) size 769x100
        RenderImage {IMG} at (0,0) size 30x100
        RenderText {#text} at (0,0) size 0x0
      RenderBlock {P} at (0,456) size 769x32
        RenderText {#text} at (0,0) size 765x32
          text run at (0,0) width 765: "The rectangular image above should be 100 pixels tall and 30 pixels wide (the original image is 50x15, and the size has"
          text run at (0,16) width 152: "been doubled using the "
        RenderInline {CODE} at (0,0) size 48x13
          RenderText {#text} at (151,18) size 48x13
            text run at (151,18) width 48: "height"
        RenderText {#text} at (198,16) size 69x16
          text run at (198,16) width 69: " property)."
      RenderTable {TABLE} at (0,504) size 769x428 [border: (1px outset #808080)]
        RenderTableSection {TBODY} at (1,1) size 767x426
          RenderTableRow {TR} at (0,0) size 767x24
            RenderTableCell {TD} at (0,0) size 767x24 [bgcolor=#C0C0C0] [border: (1px inset #808080)] [r=0 c=0 rs=1 cs=2]
              RenderInline {STRONG} at (0,0) size 163x16
                RenderText {#text} at (4,4) size 163x16
                  text run at (4,4) width 163: "TABLE Testing Section"
          RenderTableRow {TR} at (0,24) size 767x402
            RenderTableCell {TD} at (0,213) size 12x24 [bgcolor=#C0C0C0] [border: (1px inset #808080)] [r=1 c=0 rs=1 cs=1]
              RenderText {#text} at (4,4) size 4x16
                text run at (4,4) width 4: " "
            RenderTableCell {TD} at (12,24) size 755x402 [border: (1px inset #808080)] [r=1 c=1 rs=1 cs=1]
              RenderBlock (anonymous) at (4,4) size 747x50
                RenderImage {IMG} at (0,0) size 50x50
                RenderText {#text} at (0,0) size 0x0
              RenderBlock {P} at (4,70) size 747x16
                RenderText {#text} at (0,0) size 281x16
                  text run at (0,0) width 281: "The square above should be fifty pixels tall."
              RenderBlock (anonymous) at (4,102) size 747x100
                RenderImage {IMG} at (0,0) size 100x100
                RenderText {#text} at (0,0) size 0x0
              RenderBlock {P} at (4,218) size 747x16
                RenderText {#text} at (0,0) size 340x16
                  text run at (0,0) width 340: "The square above should be 100 pixels tall and wide."
              RenderBlock (anonymous) at (4,250) size 747x100
                RenderImage {IMG} at (0,0) size 30x100
                RenderText {#text} at (0,0) size 0x0
              RenderBlock {P} at (4,366) size 747x32
                RenderText {#text} at (0,0) size 739x32
                  text run at (0,0) width 739: "The rectangular image above should be 100 pixels tall and 30 pixels wide (the original image is 50x15, and the size"
                  text run at (0,16) width 178: "has been doubled using the "
                RenderInline {CODE} at (0,0) size 48x13
                  RenderText {#text} at (177,18) size 48x13
                    text run at (177,18) width 48: "height"
                RenderText {#text} at (224,16) size 68x16
                  text run at (224,16) width 68: " property)."
