layer at (0,0) size 785x927
  RenderView at (0,0) size 785x600
layer at (0,0) size 785x927
  RenderBlock {HTML} at (0,0) size 785x927
    RenderBody {BODY} at (8,8) size 769x911 [bgcolor=#CCCCCC]
      RenderBlock {P} at (0,0) size 769x16
        RenderText {#text} at (0,0) size 363x16
          text run at (0,0) width 363: "The style declarations which apply to the text below are:"
      RenderBlock {PRE} at (0,32) size 769x78
        RenderText {#text} at (0,0) size 398x78
          text run at (0,0) width 383: ".zero {background-color: silver; margin-left: 0;}"
          text run at (382,0) width 1: " "
          text run at (0,13) width 391: ".one {margin-left: 0.5in; background-color: aqua;}"
          text run at (390,13) width 1: " "
          text run at (0,26) width 383: ".two {margin-left: 25px; background-color: aqua;}"
          text run at (382,26) width 1: " "
          text run at (0,39) width 391: ".three {margin-left: 5em; background-color: aqua;}"
          text run at (390,39) width 1: " "
          text run at (0,52) width 383: ".four {margin-left: 25%; background-color: aqua;}"
          text run at (382,52) width 1: " "
          text run at (0,65) width 398: ".five {margin-left: -10px; background-color: aqua;}"
          text run at (397,65) width 1: " "
      RenderBlock {HR} at (0,123) size 769x2 [border: (1px inset #EEEEEE)]
      RenderBlock {P} at (0,141) size 769x16 [bgcolor=#C0C0C0]
        RenderText {#text} at (0,0) size 208x16
          text run at (0,0) width 208: "This element has a class of zero."
      RenderBlock {P} at (48,173) size 721x16 [bgcolor=#00FFFF]
        RenderText {#text} at (0,0) size 355x16
          text run at (0,0) width 355: "This sentence should have a left margin of half an inch."
      RenderBlock {P} at (25,205) size 744x16 [bgcolor=#00FFFF]
        RenderText {#text} at (0,0) size 338x16
          text run at (0,0) width 338: "This sentence should have a left margin of 25 pixels."
      RenderBlock {P} at (80,237) size 689x16 [bgcolor=#00FFFF]
        RenderText {#text} at (0,0) size 312x16
          text run at (0,0) width 312: "This sentence should have a left margin of 5 em."
      RenderBlock {P} at (192.25,269) size 576.75x32 [bgcolor=#00FFFF]
        RenderText {#text} at (0,0) size 558x32
          text run at (0,0) width 558: "This sentence should have a left margin of 25%, which is calculated with respect to the"
          text run at (0,16) width 180: "width of the parent element."
      RenderBlock {UL} at (25,317) size 744x80 [bgcolor=#808080]
        RenderListItem {LI} at (40,0) size 704x16
          RenderListMarker at (-16,0) size 6x16: bullet
          RenderText {#text} at (0,0) size 700x16
            text run at (0,0) width 700: "The left margin on this unordered list has been set to 25 pixels, and its background color has been set to gray."
        RenderListItem {LI} at (65,16) size 679x48 [bgcolor=#FFFFFF]
          RenderListMarker at (-16,0) size 6x16: bullet
          RenderText {#text} at (0,0) size 670x48
            text run at (0,0) width 670: "Another list item might not be such a bad idea, either, considering that such things do need to be double-"
            text run at (0,16) width 61: "checked. "
            text run at (60,16) width 576: "This list item has its left margin also set to 25 pixels, which should combine with the list's"
            text run at (0,32) width 538: "margin to make 50 pixels of margin, and its background color has been set to white."
        RenderListItem {LI} at (40,64) size 704x16
          RenderListMarker at (-16,0) size 6x16: bullet
          RenderText {#text} at (0,0) size 185x16
            text run at (0,0) width 185: "This is an unclassed list item"
      RenderBlock {P} at (0,413) size 769x16 [bgcolor=#C0C0C0]
        RenderText {#text} at (0,0) size 208x16
          text run at (0,0) width 208: "This element has a class of zero."
      RenderBlock {P} at (-10,445) size 779x48 [bgcolor=#00FFFF]
        RenderText {#text} at (0,0) size 774x48
          text run at (0,0) width 774: "This paragraph has a left margin of -10px, which should cause it to be wider than it might otherwise be, and it has a light"
          text run at (0,16) width 116: "blue background. "
          text run at (115,16) width 395: "In all other respects, however, the element should be normal. "
          text run at (509,16) width 261: "No styles have been applied to it besides"
          text run at (0,32) width 324: "the negative left margin and the background color."
      RenderTable {TABLE} at (0,509) size 769x402 [border: (1px outset #808080)]
        RenderTableSection {TBODY} at (1,1) size 767x400
          RenderTableRow {TR} at (0,0) size 767x24
            RenderTableCell {TD} at (0,0) size 767x24 [bgcolor=#C0C0C0] [border: (1px inset #808080)] [r=0 c=0 rs=1 cs=2]
              RenderInline {STRONG} at (0,0) size 163x16
                RenderText {#text} at (4,4) size 163x16
                  text run at (4,4) width 163: "TABLE Testing Section"
          RenderTableRow {TR} at (0,24) size 767x376
            RenderTableCell {TD} at (0,200) size 12x24 [bgcolor=#C0C0C0] [border: (1px inset #808080)] [r=1 c=0 rs=1 cs=1]
              RenderText {#text} at (4,4) size 4x16
                text run at (4,4) width 4: " "
            RenderTableCell {TD} at (12,24) size 755x376 [border: (1px inset #808080)] [r=1 c=1 rs=1 cs=1]
              RenderBlock {P} at (4,4) size 747x16 [bgcolor=#C0C0C0]
                RenderText {#text} at (0,0) size 208x16
                  text run at (0,0) width 208: "This element has a class of zero."
              RenderBlock {P} at (52,36) size 699x16 [bgcolor=#00FFFF]
                RenderText {#text} at (0,0) size 355x16
                  text run at (0,0) width 355: "This sentence should have a left margin of half an inch."
              RenderBlock {P} at (29,68) size 722x16 [bgcolor=#00FFFF]
                RenderText {#text} at (0,0) size 338x16
                  text run at (0,0) width 338: "This sentence should have a left margin of 25 pixels."
              RenderBlock {P} at (84,100) size 667x16 [bgcolor=#00FFFF]
                RenderText {#text} at (0,0) size 312x16
                  text run at (0,0) width 312: "This sentence should have a left margin of 5 em."
              RenderBlock {P} at (190.75,132) size 560.25x32 [bgcolor=#00FFFF]
                RenderText {#text} at (0,0) size 558x32
                  text run at (0,0) width 558: "This sentence should have a left margin of 25%, which is calculated with respect to the"
                  text run at (0,16) width 180: "width of the parent element."
              RenderBlock {UL} at (29,180) size 722x96 [bgcolor=#808080]
                RenderListItem {LI} at (40,0) size 682x32
                  RenderListMarker at (-16,0) size 6x16: bullet
                  RenderText {#text} at (0,0) size 664x32
                    text run at (0,0) width 664: "The left margin on this unordered list has been set to 25 pixels, and its background color has been set to"
                    text run at (0,16) width 33: "gray."
                RenderListItem {LI} at (65,32) size 657x48 [bgcolor=#FFFFFF]
                  RenderListMarker at (-16,0) size 6x16: bullet
                  RenderText {#text} at (0,0) size 652x48
                    text run at (0,0) width 617: "Another list item might not be such a bad idea, either, considering that such things do need to be"
                    text run at (0,16) width 110: "double-checked. "
                    text run at (109,16) width 543: "This list item has its left margin also set to 25 pixels, which should combine with the"
                    text run at (0,32) width 570: "list's margin to make 50 pixels of margin, and its background color has been set to white."
                RenderListItem {LI} at (40,80) size 682x16
                  RenderListMarker at (-16,0) size 6x16: bullet
                  RenderText {#text} at (0,0) size 185x16
                    text run at (0,0) width 185: "This is an unclassed list item"
              RenderBlock {P} at (4,292) size 747x16 [bgcolor=#C0C0C0]
                RenderText {#text} at (0,0) size 208x16
                  text run at (0,0) width 208: "This element has a class of zero."
              RenderBlock {P} at (-6,324) size 757x48 [bgcolor=#00FFFF]
                RenderText {#text} at (0,0) size 752x48
                  text run at (0,0) width 740: "This paragraph has a left margin of -10px, which should cause it to be wider than it might otherwise be, and it has a"
                  text run at (0,16) width 149: "light blue background. "
                  text run at (148,16) width 395: "In all other respects, however, the element should be normal. "
                  text run at (542,16) width 210: "No styles have been applied to it"
                  text run at (0,32) width 375: "besides the negative left margin and the background color."
