layer at (0,0) size 800x600
  RenderView at (0,0) size 800x600
layer at (0,0) size 800x600
  RenderBlock {HTML} at (0,0) size 800x600
    RenderBody {BODY} at (8,8) size 784x584 [bgcolor=#CCCCCC]
      RenderBlock {P} at (0,0) size 784x16
        RenderText {#text} at (0,0) size 363x16
          text run at (0,0) width 363: "The style declarations which apply to the text below are:"
      RenderBlock {PRE} at (0,32) size 784x26
        RenderText {#text} at (0,0) size 406x26
          text run at (0,0) width 398: ".one {margin-bottom: 25px; background-color: aqua;}"
          text run at (397,0) width 1: " "
          text run at (0,13) width 406: ".two {margin-bottom: -10px; background-color: aqua;}"
          text run at (405,13) width 1: " "
      RenderBlock {HR} at (0,71) size 784x2 [border: (1px inset #EEEEEE)]
      RenderBlock {P} at (0,89) size 784x48 [bgcolor=#808080]
        RenderText {#text} at (0,0) size 491x16
          text run at (0,0) width 401: "This element is unstyled save for a background color of gray.. "
          text run at (400,0) width 91: "It contains an "
        RenderInline {SPAN} at (0,0) size 777x32 [bgcolor=#00FFFF]
          RenderText {#text} at (490,0) size 149x16
            text run at (490,0) width 149: "inline element of class "
          RenderInline {TT} at (0,0) size 24x13
            RenderText {#text} at (638,2) size 24x13
              text run at (638,2) width 24: "one"
          RenderText {#text} at (661,0) size 777x32
            text run at (661,0) width 116: ", giving it an aqua"
            text run at (0,16) width 249: "background and a 25px bottom margin"
        RenderText {#text} at (248,16) size 776x32
          text run at (248,16) width 9: ". "
          text run at (256,16) width 520: "Margins on inline elements does not affect line-height calculations, so all lines in"
          text run at (0,32) width 297: "this element should have the same line-height."
      RenderBlock {P} at (0,153) size 784x48 [bgcolor=#808080]
        RenderText {#text} at (0,0) size 491x16
          text run at (0,0) width 401: "This element is unstyled save for a background color of gray.. "
          text run at (400,0) width 91: "It contains an "
        RenderInline {SPAN} at (0,0) size 777x32 [bgcolor=#00FFFF]
          RenderText {#text} at (490,0) size 149x16
            text run at (490,0) width 149: "inline element of class "
          RenderInline {TT} at (0,0) size 24x13
            RenderText {#text} at (638,2) size 24x13
              text run at (638,2) width 24: "two"
          RenderText {#text} at (661,0) size 777x32
            text run at (661,0) width 116: ", giving it an aqua"
            text run at (0,16) width 254: "background and a -10px bottom margin"
        RenderText {#text} at (253,16) size 782x32
          text run at (253,16) width 9: ". "
          text run at (261,16) width 521: "Margins on inline elements does not affect line-height calculations, so all lines in"
          text run at (0,32) width 297: "this element should have the same line-height."
      RenderTable {TABLE} at (0,217) size 784x146 [border: (1px outset #808080)]
        RenderTableSection {TBODY} at (1,1) size 782x144
          RenderTableRow {TR} at (0,0) size 782x24
            RenderTableCell {TD} at (0,0) size 782x24 [bgcolor=#C0C0C0] [border: (1px inset #808080)] [r=0 c=0 rs=1 cs=2]
              RenderInline {STRONG} at (0,0) size 163x16
                RenderText {#text} at (4,4) size 163x16
                  text run at (4,4) width 163: "TABLE Testing Section"
          RenderTableRow {TR} at (0,24) size 782x120
            RenderTableCell {TD} at (0,72) size 12x24 [bgcolor=#C0C0C0] [border: (1px inset #808080)] [r=1 c=0 rs=1 cs=1]
              RenderText {#text} at (4,4) size 4x16
                text run at (4,4) width 4: " "
            RenderTableCell {TD} at (12,24) size 770x120 [border: (1px inset #808080)] [r=1 c=1 rs=1 cs=1]
              RenderBlock {P} at (4,4) size 762x48 [bgcolor=#808080]
                RenderText {#text} at (0,0) size 491x16
                  text run at (0,0) width 401: "This element is unstyled save for a background color of gray.. "
                  text run at (400,0) width 91: "It contains an "
                RenderInline {SPAN} at (0,0) size 743x32 [bgcolor=#00FFFF]
                  RenderText {#text} at (490,0) size 149x16
                    text run at (490,0) width 149: "inline element of class "
                  RenderInline {TT} at (0,0) size 24x13
                    RenderText {#text} at (638,2) size 24x13
                      text run at (638,2) width 24: "one"
                  RenderText {#text} at (661,0) size 743x32
                    text run at (661,0) width 82: ", giving it an"
                    text run at (0,16) width 283: "aqua background and a 25px bottom margin"
                RenderText {#text} at (282,16) size 760x32
                  text run at (282,16) width 9: ". "
                  text run at (290,16) width 470: "Margins on inline elements does not affect line-height calculations, so all"
                  text run at (0,32) width 348: "lines in this element should have the same line-height."
              RenderBlock {P} at (4,68) size 762x48 [bgcolor=#808080]
                RenderText {#text} at (0,0) size 491x16
                  text run at (0,0) width 401: "This element is unstyled save for a background color of gray.. "
                  text run at (400,0) width 91: "It contains an "
                RenderInline {SPAN} at (0,0) size 743x32 [bgcolor=#00FFFF]
                  RenderText {#text} at (490,0) size 149x16
                    text run at (490,0) width 149: "inline element of class "
                  RenderInline {TT} at (0,0) size 24x13
                    RenderText {#text} at (638,2) size 24x13
                      text run at (638,2) width 24: "two"
                  RenderText {#text} at (661,0) size 743x32
                    text run at (661,0) width 82: ", giving it an"
                    text run at (0,16) width 288: "aqua background and a -10px bottom margin"
                RenderText {#text} at (287,16) size 745x32
                  text run at (287,16) width 9: ". "
                  text run at (295,16) width 450: "Margins on inline elements does not affect line-height calculations, so"
                  text run at (0,32) width 368: "all lines in this element should have the same line-height."
