layer at (0,0) size 800x600
  RenderView at (0,0) size 800x600
layer at (0,0) size 800x600
  RenderBlock {HTML} at (0,0) size 800x600
    RenderBody {BODY} at (8,8) size 784x584 [bgcolor=#CCCCCC]
      RenderBlock {P} at (0,0) size 784x16
        RenderText {#text} at (0,0) size 363x16
          text run at (0,0) width 363: "The style declarations which apply to the text below are:"
      RenderBlock {PRE} at (0,32) size 784x26
        RenderText {#text} at (0,0) size 539x26
          text run at (0,0) width 539: ".one {margin-right: 25px; text-align: right; background-color: aqua;}"
          text run at (538,0) width 1: " "
          text run at (0,13) width 398: ".two {margin-right: -10px; background-color: aqua;}"
          text run at (397,13) width 1: " "
      RenderBlock {HR} at (0,71) size 784x2 [border: (1px inset #EEEEEE)]
      RenderBlock {P} at (0,89) size 784x32 [bgcolor=#808080]
        RenderText {#text} at (0,0) size 553x16
          text run at (0,0) width 397: "This element is unstyled save for a background color of gray. "
          text run at (396,0) width 157: "However, it contains an "
        RenderInline {SPAN} at (0,0) size 172x16 [bgcolor=#00FFFF]
          RenderText {#text} at (552,0) size 148x16
            text run at (552,0) width 148: "inline element of class "
          RenderInline {TT} at (0,0) size 25x13
            RenderText {#text} at (699,2) size 25x13
              text run at (699,2) width 25: "one"
        RenderText {#text} at (748,0) size 753x32
          text run at (748,0) width 5: ","
          text run at (0,16) width 360: "which should result in 25-pixel right margin only in the "
        RenderInline {STRONG} at (0,0) size 25x16
          RenderText {#text} at (359,16) size 25x16
            text run at (359,16) width 25: "last"
        RenderText {#text} at (383,16) size 237x16
          text run at (383,16) width 237: " line in which the inline box appears."
      RenderBlock {P} at (0,137) size 784x32 [bgcolor=#808080]
        RenderText {#text} at (0,0) size 553x16
          text run at (0,0) width 397: "This element is unstyled save for a background color of gray. "
          text run at (396,0) width 157: "However, it contains an "
        RenderInline {SPAN} at (0,0) size 172x16 [bgcolor=#00FFFF]
          RenderText {#text} at (552,0) size 148x16
            text run at (552,0) width 148: "inline element of class "
          RenderInline {TT} at (0,0) size 25x13
            RenderText {#text} at (699,2) size 25x13
              text run at (699,2) width 25: "two"
        RenderText {#text} at (713,0) size 761x32
          text run at (713,0) width 48: ", which"
          text run at (0,16) width 300: "should result in -10px right margin only in the "
        RenderInline {STRONG} at (0,0) size 25x16
          RenderText {#text} at (299,16) size 25x16
            text run at (299,16) width 25: "last"
        RenderText {#text} at (323,16) size 238x16
          text run at (323,16) width 238: " line in which the inline box appears."
      RenderTable {TABLE} at (0,185) size 784x114 [border: (1px outset #808080)]
        RenderTableSection {TBODY} at (1,1) size 782x112
          RenderTableRow {TR} at (0,0) size 782x24
            RenderTableCell {TD} at (0,0) size 782x24 [bgcolor=#C0C0C0] [border: (1px inset #808080)] [r=0 c=0 rs=1 cs=2]
              RenderInline {STRONG} at (0,0) size 163x16
                RenderText {#text} at (4,4) size 163x16
                  text run at (4,4) width 163: "TABLE Testing Section"
          RenderTableRow {TR} at (0,24) size 782x88
            RenderTableCell {TD} at (0,56) size 12x24 [bgcolor=#C0C0C0] [border: (1px inset #808080)] [r=1 c=0 rs=1 cs=1]
              RenderText {#text} at (4,4) size 4x16
                text run at (4,4) width 4: " "
            RenderTableCell {TD} at (12,24) size 770x88 [border: (1px inset #808080)] [r=1 c=1 rs=1 cs=1]
              RenderBlock {P} at (4,4) size 762x32 [bgcolor=#808080]
                RenderText {#text} at (0,0) size 553x16
                  text run at (0,0) width 397: "This element is unstyled save for a background color of gray. "
                  text run at (396,0) width 157: "However, it contains an "
                RenderInline {SPAN} at (0,0) size 172x16 [bgcolor=#00FFFF]
                  RenderText {#text} at (552,0) size 148x16
                    text run at (552,0) width 148: "inline element of class "
                  RenderInline {TT} at (0,0) size 25x13
                    RenderText {#text} at (699,2) size 25x13
                      text run at (699,2) width 25: "one"
                RenderText {#text} at (748,0) size 753x32
                  text run at (748,0) width 5: ","
                  text run at (0,16) width 360: "which should result in 25-pixel right margin only in the "
                RenderInline {STRONG} at (0,0) size 25x16
                  RenderText {#text} at (359,16) size 25x16
                    text run at (359,16) width 25: "last"
                RenderText {#text} at (383,16) size 237x16
                  text run at (383,16) width 237: " line in which the inline box appears."
              RenderBlock {P} at (4,52) size 762x32 [bgcolor=#808080]
                RenderText {#text} at (0,0) size 553x16
                  text run at (0,0) width 397: "This element is unstyled save for a background color of gray. "
                  text run at (396,0) width 157: "However, it contains an "
                RenderInline {SPAN} at (0,0) size 172x16 [bgcolor=#00FFFF]
                  RenderText {#text} at (552,0) size 148x16
                    text run at (552,0) width 148: "inline element of class "
                  RenderInline {TT} at (0,0) size 25x13
                    RenderText {#text} at (699,2) size 25x13
                      text run at (699,2) width 25: "two"
                RenderText {#text} at (713,0) size 761x32
                  text run at (713,0) width 48: ", which"
                  text run at (0,16) width 300: "should result in -10px right margin only in the "
                RenderInline {STRONG} at (0,0) size 25x16
                  RenderText {#text} at (299,16) size 25x16
                    text run at (299,16) width 25: "last"
                RenderText {#text} at (323,16) size 238x16
                  text run at (323,16) width 238: " line in which the inline box appears."
