layer at (0,0) size 785x2154
  RenderView at (0,0) size 785x600
layer at (0,0) size 785x2154
  RenderBlock {HTML} at (0,0) size 785x2153.50
    RenderBody {BODY} at (8,8) size 769x2137.50 [bgcolor=#CCCCCC]
      RenderBlock {P} at (0,0) size 769x16
        RenderText {#text} at (0,0) size 363x16
          text run at (0,0) width 363: "The style declarations which apply to the text below are:"
      RenderBlock {PRE} at (0,32) size 769x78
        RenderText {#text} at (0,0) size 367x78
          text run at (0,0) width 352: ".zero {background-color: silver; padding: 0;}"
          text run at (351,0) width 1: " "
          text run at (0,13) width 359: ".one {padding: 0.5in; background-color: aqua;}"
          text run at (358,13) width 1: " "
          text run at (0,26) width 352: ".two {padding: 25px; background-color: aqua;}"
          text run at (351,26) width 1: " "
          text run at (0,39) width 359: ".three {padding: 5em; background-color: aqua;}"
          text run at (358,39) width 1: " "
          text run at (0,52) width 352: ".four {padding: 25%; background-color: aqua;}"
          text run at (351,52) width 1: " "
          text run at (0,65) width 367: ".five {padding: -20px; background-color: aqua;}"
          text run at (366,65) width 1: " "
      RenderBlock {HR} at (0,123) size 769x2 [border: (1px inset #EEEEEE)]
      RenderBlock {P} at (0,141) size 769x16 [bgcolor=#C0C0C0]
        RenderText {#text} at (0,0) size 208x16
          text run at (0,0) width 208: "This element has a class of zero."
      RenderBlock {P} at (0,173) size 769x128 [bgcolor=#00FFFF]
        RenderText {#text} at (48,48) size 644x32
          text run at (48,48) width 644: "This element should have an overall padding of half an inch, which will require extra text in order to"
          text run at (48,64) width 31: "test. "
          text run at (78,64) width 472: "Both the content background and the padding should be aqua (light blue)."
      RenderBlock {P} at (0,317) size 769x82 [bgcolor=#00FFFF]
        RenderText {#text} at (25,25) size 716x32
          text run at (25,25) width 661: "This element should have an overall padding of 25 pixels, which will require extra text in order to test. "
          text run at (685,25) width 56: "Both the"
          text run at (25,41) width 413: "content background and the padding should be aqua (light blue)."
      RenderBlock {P} at (0,415) size 769x192 [bgcolor=#00FFFF]
        RenderText {#text} at (80,80) size 600x32
          text run at (80,80) width 600: "This element should have an overall padding of 5 em, which will require extra text in order to"
          text run at (80,96) width 31: "test. "
          text run at (110,96) width 472: "Both the content background and the padding should be aqua (light blue)."
      RenderBlock {P} at (0,623) size 769x448.50 [bgcolor=#00FFFF]
        RenderText {#text} at (192,192) size 370x64
          text run at (192,192) width 342: "This element should have an overall padding of 25%,"
          text run at (192,208) width 370: "which is calculated with respect to the width of the parent"
          text run at (192,224) width 59: "element. "
          text run at (250,224) width 293: "Both the content background and the padding"
          text run at (192,240) width 176: "should be aqua (light blue)."
      RenderBlock {P} at (0,1087.50) size 769x32 [bgcolor=#00FFFF]
        RenderText {#text} at (0,0) size 763x32
          text run at (0,0) width 550: "This element should have no padding, since negative padding values are not allowed. "
          text run at (549,0) width 214: "Both the content background and"
          text run at (0,16) width 304: "the normal padding should be aqua (light blue)."
      RenderTable {TABLE} at (0,1135.50) size 769x1002 [border: (1px outset #808080)]
        RenderTableSection {TBODY} at (1,1) size 767x1000
          RenderTableRow {TR} at (0,0) size 767x24
            RenderTableCell {TD} at (0,0) size 767x24 [bgcolor=#C0C0C0] [border: (1px inset #808080)] [r=0 c=0 rs=1 cs=2]
              RenderInline {STRONG} at (0,0) size 163x16
                RenderText {#text} at (4,4) size 163x16
                  text run at (4,4) width 163: "TABLE Testing Section"
          RenderTableRow {TR} at (0,24) size 767x976
            RenderTableCell {TD} at (0,500) size 12x24 [bgcolor=#C0C0C0] [border: (1px inset #808080)] [r=1 c=0 rs=1 cs=1]
              RenderText {#text} at (4,4) size 4x16
                text run at (4,4) width 4: " "
            RenderTableCell {TD} at (12,24) size 755x975.50 [border: (1px inset #808080)] [r=1 c=1 rs=1 cs=1]
              RenderBlock {P} at (4,4) size 747x16 [bgcolor=#C0C0C0]
                RenderText {#text} at (0,0) size 208x16
                  text run at (0,0) width 208: "This element has a class of zero."
              RenderBlock {P} at (4,36) size 747x128 [bgcolor=#00FFFF]
                RenderText {#text} at (48,48) size 644x32
                  text run at (48,48) width 644: "This element should have an overall padding of half an inch, which will require extra text in order to"
                  text run at (48,64) width 31: "test. "
                  text run at (78,64) width 472: "Both the content background and the padding should be aqua (light blue)."
              RenderBlock {P} at (4,180) size 747x82 [bgcolor=#00FFFF]
                RenderText {#text} at (25,25) size 692x32
                  text run at (25,25) width 661: "This element should have an overall padding of 25 pixels, which will require extra text in order to test. "
                  text run at (685,25) width 32: "Both"
                  text run at (25,41) width 436: "the content background and the padding should be aqua (light blue)."
              RenderBlock {P} at (4,278) size 747x192 [bgcolor=#00FFFF]
                RenderText {#text} at (80,80) size 584x32
                  text run at (80,80) width 584: "This element should have an overall padding of 5 em, which will require extra text in order"
                  text run at (80,96) width 47: "to test. "
                  text run at (126,96) width 472: "Both the content background and the padding should be aqua (light blue)."
              RenderBlock {P} at (4,486) size 747x437.50 [bgcolor=#00FFFF]
                RenderText {#text} at (186,187) size 371x64
                  text run at (186,187) width 343: "This element should have an overall padding of 25%,"
                  text run at (186,203) width 371: "which is calculated with respect to the width of the parent"
                  text run at (186,219) width 60: "element. "
                  text run at (245,219) width 292: "Both the content background and the padding"
                  text run at (186,235) width 177: "should be aqua (light blue)."
              RenderBlock {P} at (4,939.50) size 747x32 [bgcolor=#00FFFF]
                RenderText {#text} at (0,0) size 735x32
                  text run at (0,0) width 550: "This element should have no padding, since negative padding values are not allowed. "
                  text run at (549,0) width 186: "Both the content background"
                  text run at (0,16) width 332: "and the normal padding should be aqua (light blue)."
