layer at (0,0) size 785x927
  RenderView at (0,0) size 785x600
layer at (0,0) size 785x927
  RenderBlock {HTML} at (0,0) size 785x927
    RenderBody {BODY} at (8,8) size 769x911 [bgcolor=#CCCCCC]
      RenderBlock {P} at (0,0) size 769x16
        RenderText {#text} at (0,0) size 363x16
          text run at (0,0) width 363: "The style declarations which apply to the text below are:"
      RenderBlock {PRE} at (0,32) size 769x78
        RenderText {#text} at (0,0) size 406x78
          text run at (0,0) width 391: ".zero {background-color: silver; padding-left: 0;}"
          text run at (390,0) width 1: " "
          text run at (0,13) width 398: ".one {padding-left: 0.5in; background-color: aqua;}"
          text run at (397,13) width 1: " "
          text run at (0,26) width 391: ".two {padding-left: 25px; background-color: aqua;}"
          text run at (390,26) width 1: " "
          text run at (0,39) width 398: ".three {padding-left: 5em; background-color: aqua;}"
          text run at (397,39) width 1: " "
          text run at (0,52) width 391: ".four {padding-left: 25%; background-color: aqua;}"
          text run at (390,52) width 1: " "
          text run at (0,65) width 406: ".five {padding-left: -20px; background-color: aqua;}"
          text run at (405,65) width 1: " "
      RenderBlock {HR} at (0,123) size 769x2 [border: (1px inset #EEEEEE)]
      RenderBlock {P} at (0,141) size 769x16 [bgcolor=#C0C0C0]
        RenderText {#text} at (0,0) size 208x16
          text run at (0,0) width 208: "This element has a class of zero."
      RenderBlock {P} at (0,173) size 769x32 [bgcolor=#00FFFF]
        RenderText {#text} at (48,0) size 702x32
          text run at (48,0) width 647: "This element should have a left padding of half an inch, which will require extra text in order to test. "
          text run at (694,0) width 56: "Both the"
          text run at (48,16) width 413: "content background and the padding should be aqua (light blue)."
      RenderBlock {P} at (0,221) size 769x32 [bgcolor=#00FFFF]
        RenderText {#text} at (25,0) size 736x32
          text run at (25,0) width 630: "This element should have a left padding of 25 pixels, which will require extra text in order to test. "
          text run at (654,0) width 107: "Both the content"
          text run at (25,16) width 362: "background and the padding should be aqua (light blue)."
      RenderBlock {P} at (0,269) size 769x32 [bgcolor=#00FFFF]
        RenderText {#text} at (80,0) size 654x32
          text run at (80,0) width 599: "This element should have a left padding of 5em, which will require extra text in order to test. "
          text run at (678,0) width 56: "Both the"
          text run at (80,16) width 413: "content background and the padding should be aqua (light blue)."
      RenderBlock {P} at (0,317) size 769x48 [bgcolor=#00FFFF]
        RenderText {#text} at (192,0) size 576x48
          text run at (192,0) width 560: "This element should have a left padding of 25%, which is calculated with respect to the"
          text run at (192,16) width 185: "width of the parent element. "
          text run at (376,16) width 392: "Both the content background and the padding should be aqua"
          text run at (192,32) width 76: "(light blue)."
      RenderBlock {UL} at (0,381) size 769x64 [bgcolor=#808080]
        RenderListItem {LI} at (25,0) size 744x16
          RenderListMarker at (-16,0) size 6x16: bullet
          RenderText {#text} at (0,0) size 732x16
            text run at (0,0) width 732: "The left padding on this unordered list has been set to 25 pixels, which will require some extra test in order to test."
        RenderListItem {LI} at (25,16) size 744x48 [bgcolor=#FFFFFF]
          RenderListMarker at (-16,0) size 6x16: bullet
          RenderText {#text} at (25,0) size 714x48
            text run at (25,0) width 670: "Another list item might not be such a bad idea, either, considering that such things do need to be double-"
            text run at (25,16) width 61: "checked. "
            text run at (85,16) width 654: "This list item has its left padding also set to 25 pixels, which should combine with the list's padding to"
            text run at (25,32) width 168: "make 50 pixels of margin."
      RenderBlock {P} at (0,461) size 769x32 [bgcolor=#00FFFF]
        RenderText {#text} at (0,0) size 761x32
          text run at (0,0) width 575: "This element should have no left padding, since negative padding values are not allowed. "
          text run at (574,0) width 187: "Both the content background"
          text run at (0,16) width 332: "and the normal padding should be aqua (light blue)."
      RenderTable {TABLE} at (0,509) size 769x402 [border: (1px outset #808080)]
        RenderTableSection {TBODY} at (1,1) size 767x400
          RenderTableRow {TR} at (0,0) size 767x24
            RenderTableCell {TD} at (0,0) size 767x24 [bgcolor=#C0C0C0] [border: (1px inset #808080)] [r=0 c=0 rs=1 cs=2]
              RenderInline {STRONG} at (0,0) size 163x16
                RenderText {#text} at (4,4) size 163x16
                  text run at (4,4) width 163: "TABLE Testing Section"
          RenderTableRow {TR} at (0,24) size 767x376
            RenderTableCell {TD} at (0,200) size 12x24 [bgcolor=#C0C0C0] [border: (1px inset #808080)] [r=1 c=0 rs=1 cs=1]
              RenderText {#text} at (4,4) size 4x16
                text run at (4,4) width 4: " "
            RenderTableCell {TD} at (12,24) size 755x376 [border: (1px inset #808080)] [r=1 c=1 rs=1 cs=1]
              RenderBlock {P} at (4,4) size 747x16 [bgcolor=#C0C0C0]
                RenderText {#text} at (0,0) size 208x16
                  text run at (0,0) width 208: "This element has a class of zero."
              RenderBlock {P} at (4,36) size 747x32 [bgcolor=#00FFFF]
                RenderText {#text} at (48,0) size 679x32
                  text run at (48,0) width 647: "This element should have a left padding of half an inch, which will require extra text in order to test. "
                  text run at (694,0) width 33: "Both"
                  text run at (48,16) width 436: "the content background and the padding should be aqua (light blue)."
              RenderBlock {P} at (4,84) size 747x32 [bgcolor=#00FFFF]
                RenderText {#text} at (25,0) size 685x32
                  text run at (25,0) width 630: "This element should have a left padding of 25 pixels, which will require extra text in order to test. "
                  text run at (654,0) width 56: "Both the"
                  text run at (25,16) width 413: "content background and the padding should be aqua (light blue)."
              RenderBlock {P} at (4,132) size 747x32 [bgcolor=#00FFFF]
                RenderText {#text} at (80,0) size 654x32
                  text run at (80,0) width 599: "This element should have a left padding of 5em, which will require extra text in order to test. "
                  text run at (678,0) width 56: "Both the"
                  text run at (80,16) width 413: "content background and the padding should be aqua (light blue)."
              RenderBlock {P} at (4,180) size 747x48 [bgcolor=#00FFFF]
                RenderText {#text} at (186,0) size 560x48
                  text run at (186,0) width 560: "This element should have a left padding of 25%, which is calculated with respect to the"
                  text run at (186,16) width 185: "width of the parent element. "
                  text run at (370,16) width 358: "Both the content background and the padding should be"
                  text run at (186,32) width 111: "aqua (light blue)."
              RenderBlock {UL} at (4,244) size 747x80 [bgcolor=#808080]
                RenderListItem {LI} at (25,0) size 722x32
                  RenderListMarker at (-16,0) size 6x16: bullet
                  RenderText {#text} at (0,0) size 702x32
                    text run at (0,0) width 702: "The left padding on this unordered list has been set to 25 pixels, which will require some extra test in order to"
                    text run at (0,16) width 27: "test."
                RenderListItem {LI} at (25,32) size 722x48 [bgcolor=#FFFFFF]
                  RenderListMarker at (-16,0) size 6x16: bullet
                  RenderText {#text} at (25,0) size 670x48
                    text run at (25,0) width 670: "Another list item might not be such a bad idea, either, considering that such things do need to be double-"
                    text run at (25,16) width 61: "checked. "
                    text run at (85,16) width 582: "This list item has its left padding also set to 25 pixels, which should combine with the list's"
                    text run at (25,32) width 240: "padding to make 50 pixels of margin."
              RenderBlock {P} at (4,340) size 747x32 [bgcolor=#00FFFF]
                RenderText {#text} at (0,0) size 681x32
                  text run at (0,0) width 575: "This element should have no left padding, since negative padding values are not allowed. "
                  text run at (574,0) width 107: "Both the content"
                  text run at (0,16) width 411: "background and the normal padding should be aqua (light blue)."
