layer at (0,0) size 785x1404
  RenderView at (0,0) size 785x600
layer at (0,0) size 785x1404
  RenderBlock {HTML} at (0,0) size 785x1404.25
    RenderBody {BODY} at (8,8) size 769x1388.25 [bgcolor=#CCCCCC]
      RenderBlock {P} at (0,0) size 769x16
        RenderText {#text} at (0,0) size 363x16
          text run at (0,0) width 363: "The style declarations which apply to the text below are:"
      RenderBlock {PRE} at (0,32) size 769x78
        RenderText {#text} at (0,0) size 398x78
          text run at (0,0) width 383: ".zero {background-color: silver; padding-top: 0;}"
          text run at (382,0) width 1: " "
          text run at (0,13) width 391: ".one {padding-top: 0.5in; background-color: aqua;}"
          text run at (390,13) width 1: " "
          text run at (0,26) width 383: ".two {padding-top: 25px; background-color: aqua;}"
          text run at (382,26) width 1: " "
          text run at (0,39) width 391: ".three {padding-top: 5em; background-color: aqua;}"
          text run at (390,39) width 1: " "
          text run at (0,52) width 383: ".four {padding-top: 25%; background-color: aqua;}"
          text run at (382,52) width 1: " "
          text run at (0,65) width 398: ".five {padding-top: -20px; background-color: aqua;}"
          text run at (397,65) width 1: " "
      RenderBlock {HR} at (0,123) size 769x2 [border: (1px inset #EEEEEE)]
      RenderBlock {P} at (0,141) size 769x16 [bgcolor=#C0C0C0]
        RenderText {#text} at (0,0) size 208x16
          text run at (0,0) width 208: "This element has a class of zero."
      RenderBlock {P} at (0,173) size 769x80 [bgcolor=#00FFFF]
        RenderText {#text} at (0,48) size 752x32
          text run at (0,48) width 647: "This element should have a top padding of half an inch, which will require extra text in order to test. "
          text run at (646,48) width 106: "Both the content"
          text run at (0,64) width 362: "background and the padding should be aqua (light blue)."
      RenderBlock {P} at (0,269) size 769x57 [bgcolor=#00FFFF]
        RenderText {#text} at (0,25) size 735x32
          text run at (0,25) width 629: "This element should have a top padding of 25 pixels, which will require extra text in order to test. "
          text run at (628,25) width 107: "Both the content"
          text run at (0,41) width 362: "background and the padding should be aqua (light blue)."
      RenderBlock {P} at (0,342) size 769x112 [bgcolor=#00FFFF]
        RenderText {#text} at (0,80) size 708x32
          text run at (0,80) width 603: "This element should have a top padding of 5 em, which will require extra text in order to test. "
          text run at (602,80) width 106: "Both the content"
          text run at (0,96) width 362: "background and the padding should be aqua (light blue)."
      RenderBlock {P} at (0,470) size 769x224.25 [bgcolor=#00FFFF]
        RenderText {#text} at (0,192) size 747x32
          text run at (0,192) width 743: "This element should have a top padding of 25%, which is calculated with respect to the width of the parent element."
          text run at (0,208) width 475: "Both the content background and the padding should be aqua (light blue). "
          text run at (475,208) width 272: "This will require extra text in order to test."
      RenderBlock {P} at (0,710.25) size 769x32 [bgcolor=#00FFFF]
        RenderText {#text} at (0,0) size 760x32
          text run at (0,0) width 575: "This element should have no top padding, since negative padding values are not allowed. "
          text run at (574,0) width 186: "Both the content background"
          text run at (0,16) width 332: "and the normal padding should be aqua (light blue)."
      RenderTable {TABLE} at (0,758.25) size 769x630 [border: (1px outset #808080)]
        RenderTableSection {TBODY} at (1,1) size 767x628
          RenderTableRow {TR} at (0,0) size 767x24
            RenderTableCell {TD} at (0,0) size 767x24 [bgcolor=#C0C0C0] [border: (1px inset #808080)] [r=0 c=0 rs=1 cs=2]
              RenderInline {STRONG} at (0,0) size 163x16
                RenderText {#text} at (4,4) size 163x16
                  text run at (4,4) width 163: "TABLE Testing Section"
          RenderTableRow {TR} at (0,24) size 767x604
            RenderTableCell {TD} at (0,314) size 12x24 [bgcolor=#C0C0C0] [border: (1px inset #808080)] [r=1 c=0 rs=1 cs=1]
              RenderText {#text} at (4,4) size 4x16
                text run at (4,4) width 4: " "
            RenderTableCell {TD} at (12,24) size 755x603.75 [border: (1px inset #808080)] [r=1 c=1 rs=1 cs=1]
              RenderBlock {P} at (4,4) size 747x16 [bgcolor=#C0C0C0]
                RenderText {#text} at (0,0) size 208x16
                  text run at (0,0) width 208: "This element has a class of zero."
              RenderBlock {P} at (4,36) size 747x80 [bgcolor=#00FFFF]
                RenderText {#text} at (0,48) size 701x32
                  text run at (0,48) width 647: "This element should have a top padding of half an inch, which will require extra text in order to test. "
                  text run at (646,48) width 55: "Both the"
                  text run at (0,64) width 413: "content background and the padding should be aqua (light blue)."
              RenderBlock {P} at (4,132) size 747x57 [bgcolor=#00FFFF]
                RenderText {#text} at (0,25) size 735x32
                  text run at (0,25) width 629: "This element should have a top padding of 25 pixels, which will require extra text in order to test. "
                  text run at (628,25) width 107: "Both the content"
                  text run at (0,41) width 362: "background and the padding should be aqua (light blue)."
              RenderBlock {P} at (4,205) size 747x112 [bgcolor=#00FFFF]
                RenderText {#text} at (0,80) size 708x32
                  text run at (0,80) width 603: "This element should have a top padding of 5 em, which will require extra text in order to test. "
                  text run at (602,80) width 106: "Both the content"
                  text run at (0,96) width 362: "background and the padding should be aqua (light blue)."
              RenderBlock {P} at (4,333) size 747x218.75 [bgcolor=#00FFFF]
                RenderText {#text} at (0,187) size 747x32
                  text run at (0,187) width 743: "This element should have a top padding of 25%, which is calculated with respect to the width of the parent element."
                  text run at (0,203) width 475: "Both the content background and the padding should be aqua (light blue). "
                  text run at (475,203) width 272: "This will require extra text in order to test."
              RenderBlock {P} at (4,567.75) size 747x32 [bgcolor=#00FFFF]
                RenderText {#text} at (0,0) size 680x32
                  text run at (0,0) width 575: "This element should have no top padding, since negative padding values are not allowed. "
                  text run at (574,0) width 106: "Both the content"
                  text run at (0,16) width 411: "background and the normal padding should be aqua (light blue)."
