layer at (0,0) size 800x600
  RenderView at (0,0) size 800x600
layer at (0,0) size 800x600
  RenderBlock {HTML} at (0,0) size 800x600
    RenderBody {BODY} at (8,8) size 784x584 [bgcolor=#CCCCCC]
      RenderBlock {P} at (0,0) size 784x16
        RenderText {#text} at (0,0) size 363x16
          text run at (0,0) width 363: "The style declarations which apply to the text below are:"
      RenderBlock {PRE} at (0,32) size 784x39
        RenderText {#text} at (0,0) size 398x39
          text run at (0,0) width 391: ".one {padding-left: 25px; background-color: aqua;}"
          text run at (390,0) width 1: " "
          text run at (0,13) width 398: ".two {padding-left: -10px; background-color: aqua;}"
          text run at (397,13) width 1: " "
          text run at (0,26) width 0: " "
      RenderBlock {HR} at (0,84) size 784x2 [border: (1px inset #EEEEEE)]
      RenderBlock {P} at (0,102) size 784x48 [bgcolor=#808080]
        RenderText {#text} at (0,0) size 553x16
          text run at (0,0) width 397: "This element is unstyled save for a background color of gray. "
          text run at (396,0) width 157: "However, it contains an "
        RenderInline {SPAN} at (0,0) size 197x16 [bgcolor=#00FFFF]
          RenderText {#text} at (577,0) size 148x16
            text run at (577,0) width 148: "inline element of class "
          RenderInline {TT} at (0,0) size 25x13
            RenderText {#text} at (724,2) size 25x13
              text run at (724,2) width 25: "one"
        RenderText {#text} at (0,16) size 582x16
          text run at (0,16) width 582: "which should result in 25-pixel left padding (which should also be a light blue) only in the "
        RenderInline {STRONG} at (0,0) size 30x16
          RenderText {#text} at (581,16) size 30x16
            text run at (581,16) width 30: "first"
        RenderText {#text} at (610,16) size 762x32
          text run at (610,16) width 152: " line in which the inline"
          text run at (0,32) width 81: "box appears."
      RenderBlock {P} at (0,166) size 784x48 [bgcolor=#808080]
        RenderText {#text} at (0,0) size 553x16
          text run at (0,0) width 397: "This element is unstyled save for a background color of gray. "
          text run at (396,0) width 157: "However, it contains an "
        RenderInline {SPAN} at (0,0) size 172x16 [bgcolor=#00FFFF]
          RenderText {#text} at (552,0) size 148x16
            text run at (552,0) width 148: "inline element of class "
          RenderInline {TT} at (0,0) size 25x13
            RenderText {#text} at (699,2) size 25x13
              text run at (699,2) width 25: "two"
        RenderText {#text} at (723,0) size 767x32
          text run at (723,0) width 44: " which"
          text run at (0,16) width 523: "should result in -10px left padding (which should also be a light blue) only in the "
        RenderInline {STRONG} at (0,0) size 30x16
          RenderText {#text} at (522,16) size 30x16
            text run at (522,16) width 30: "first"
        RenderText {#text} at (551,16) size 731x32
          text run at (551,16) width 180: " line in which the inline box"
          text run at (0,32) width 53: "appears."
      RenderTable {TABLE} at (0,230) size 784x146 [border: (1px outset #808080)]
        RenderTableSection {TBODY} at (1,1) size 782x144
          RenderTableRow {TR} at (0,0) size 782x24
            RenderTableCell {TD} at (0,0) size 782x24 [bgcolor=#C0C0C0] [border: (1px inset #808080)] [r=0 c=0 rs=1 cs=2]
              RenderInline {STRONG} at (0,0) size 163x16
                RenderText {#text} at (4,4) size 163x16
                  text run at (4,4) width 163: "TABLE Testing Section"
          RenderTableRow {TR} at (0,24) size 782x120
            RenderTableCell {TD} at (0,72) size 12x24 [bgcolor=#C0C0C0] [border: (1px inset #808080)] [r=1 c=0 rs=1 cs=1]
              RenderText {#text} at (4,4) size 4x16
                text run at (4,4) width 4: " "
            RenderTableCell {TD} at (12,24) size 770x120 [border: (1px inset #808080)] [r=1 c=1 rs=1 cs=1]
              RenderBlock {P} at (4,4) size 762x48 [bgcolor=#808080]
                RenderText {#text} at (0,0) size 553x16
                  text run at (0,0) width 397: "This element is unstyled save for a background color of gray. "
                  text run at (396,0) width 157: "However, it contains an "
                RenderInline {SPAN} at (0,0) size 197x16 [bgcolor=#00FFFF]
                  RenderText {#text} at (577,0) size 148x16
                    text run at (577,0) width 148: "inline element of class "
                  RenderInline {TT} at (0,0) size 25x13
                    RenderText {#text} at (724,2) size 25x13
                      text run at (724,2) width 25: "one"
                RenderText {#text} at (0,16) size 582x16
                  text run at (0,16) width 582: "which should result in 25-pixel left padding (which should also be a light blue) only in the "
                RenderInline {STRONG} at (0,0) size 30x16
                  RenderText {#text} at (581,16) size 30x16
                    text run at (581,16) width 30: "first"
                RenderText {#text} at (610,16) size 762x32
                  text run at (610,16) width 152: " line in which the inline"
                  text run at (0,32) width 81: "box appears."
              RenderBlock {P} at (4,68) size 762x48 [bgcolor=#808080]
                RenderText {#text} at (0,0) size 553x16
                  text run at (0,0) width 397: "This element is unstyled save for a background color of gray. "
                  text run at (396,0) width 157: "However, it contains an "
                RenderInline {SPAN} at (0,0) size 172x16 [bgcolor=#00FFFF]
                  RenderText {#text} at (552,0) size 148x16
                    text run at (552,0) width 148: "inline element of class "
                  RenderInline {TT} at (0,0) size 25x13
                    RenderText {#text} at (699,2) size 25x13
                      text run at (699,2) width 25: "two"
                RenderText {#text} at (0,16) size 566x16
                  text run at (0,16) width 566: "which should result in -10px left padding (which should also be a light blue) only in the "
                RenderInline {STRONG} at (0,0) size 30x16
                  RenderText {#text} at (565,16) size 30x16
                    text run at (565,16) width 30: "first"
                RenderText {#text} at (594,16) size 746x32
                  text run at (594,16) width 152: " line in which the inline"
                  text run at (0,32) width 81: "box appears."
