layer at (0,0) size 785x1484
  RenderView at (0,0) size 785x600
layer at (0,0) size 785x1484
  RenderBlock {HTML} at (0,0) size 785x1484.25
    RenderBody {BODY} at (8,8) size 769x1468.25 [bgcolor=#CCCCCC]
      RenderBlock {P} at (0,0) size 769x16
        RenderText {#text} at (0,0) size 363x16
          text run at (0,0) width 363: "The style declarations which apply to the text below are:"
      RenderBlock {PRE} at (0,32) size 769x78
        RenderText {#text} at (0,0) size 422x78
          text run at (0,0) width 406: ".zero {background-color: silver; padding-bottom: 0;}"
          text run at (405,0) width 1: " "
          text run at (0,13) width 414: ".one {padding-bottom: 0.5in; background-color: aqua;}"
          text run at (413,13) width 1: " "
          text run at (0,26) width 406: ".two {padding-bottom: 25px; background-color: aqua;}"
          text run at (405,26) width 1: " "
          text run at (0,39) width 414: ".three {padding-bottom: 5em; background-color: aqua;}"
          text run at (413,39) width 1: " "
          text run at (0,52) width 406: ".four {padding-bottom: 25%; background-color: aqua;}"
          text run at (405,52) width 1: " "
          text run at (0,65) width 422: ".five {padding-bottom: -20px; background-color: aqua;}"
          text run at (421,65) width 1: " "
      RenderBlock {HR} at (0,123) size 769x2 [border: (1px inset #EEEEEE)]
      RenderBlock {P} at (0,141) size 769x16 [bgcolor=#C0C0C0]
        RenderText {#text} at (0,0) size 208x16
          text run at (0,0) width 208: "This element has a class of zero."
      RenderBlock {P} at (0,173) size 769x80 [bgcolor=#00FFFF]
        RenderText {#text} at (0,0) size 726x32
          text run at (0,0) width 671: "This element should have a bottom padding of half an inch, which will require extra text in order to test. "
          text run at (670,0) width 56: "Both the"
          text run at (0,16) width 413: "content background and the padding should be aqua (light blue)."
      RenderBlock {P} at (0,269) size 769x57 [bgcolor=#00FFFF]
        RenderText {#text} at (0,0) size 760x32
          text run at (0,0) width 654: "This element should have a bottom padding of 25 pixels, which will require extra text in order to test. "
          text run at (653,0) width 107: "Both the content"
          text run at (0,16) width 362: "background and the padding should be aqua (light blue)."
      RenderBlock {P} at (0,342) size 769x112 [bgcolor=#00FFFF]
        RenderText {#text} at (0,0) size 733x32
          text run at (0,0) width 627: "This element should have a bottom padding of 5 em, which will require extra text in order to test. "
          text run at (626,0) width 107: "Both the content"
          text run at (0,16) width 362: "background and the padding should be aqua (light blue)."
      RenderBlock {P} at (0,470) size 769x224.25 [bgcolor=#00FFFF]
        RenderText {#text} at (0,0) size 767x32
          text run at (0,0) width 767: "This element should have a bottom padding of 25%, which is calculated with respect to the width of the parent element."
          text run at (0,16) width 276: "This will require extra text in order to test. "
          text run at (275,16) width 472: "Both the content background and the padding should be aqua (light blue)."
      RenderBlock {P} at (0,710.25) size 769x16 [bgcolor=#C0C0C0]
        RenderText {#text} at (0,0) size 208x16
          text run at (0,0) width 208: "This element has a class of zero."
      RenderBlock {P} at (0,742.25) size 769x32 [bgcolor=#00FFFF]
        RenderText {#text} at (0,0) size 705x32
          text run at (0,0) width 599: "This element should have no bottom padding, since negative padding values are not allowed. "
          text run at (598,0) width 107: "Both the content"
          text run at (0,16) width 411: "background and the normal padding should be aqua (light blue)."
      RenderTable {TABLE} at (0,790.25) size 769x678 [border: (1px outset #808080)]
        RenderTableSection {TBODY} at (1,1) size 767x676
          RenderTableRow {TR} at (0,0) size 767x24
            RenderTableCell {TD} at (0,0) size 767x24 [bgcolor=#C0C0C0] [border: (1px inset #808080)] [r=0 c=0 rs=1 cs=2]
              RenderInline {STRONG} at (0,0) size 163x16
                RenderText {#text} at (4,4) size 163x16
                  text run at (4,4) width 163: "TABLE Testing Section"
          RenderTableRow {TR} at (0,24) size 767x652
            RenderTableCell {TD} at (0,338) size 12x24 [bgcolor=#C0C0C0] [border: (1px inset #808080)] [r=1 c=0 rs=1 cs=1]
              RenderText {#text} at (4,4) size 4x16
                text run at (4,4) width 4: " "
            RenderTableCell {TD} at (12,24) size 755x651.75 [border: (1px inset #808080)] [r=1 c=1 rs=1 cs=1]
              RenderBlock {P} at (4,4) size 747x16 [bgcolor=#C0C0C0]
                RenderText {#text} at (0,0) size 208x16
                  text run at (0,0) width 208: "This element has a class of zero."
              RenderBlock {P} at (4,36) size 747x80 [bgcolor=#00FFFF]
                RenderText {#text} at (0,0) size 726x32
                  text run at (0,0) width 671: "This element should have a bottom padding of half an inch, which will require extra text in order to test. "
                  text run at (670,0) width 56: "Both the"
                  text run at (0,16) width 413: "content background and the padding should be aqua (light blue)."
              RenderBlock {P} at (4,132) size 747x57 [bgcolor=#00FFFF]
                RenderText {#text} at (0,0) size 709x32
                  text run at (0,0) width 654: "This element should have a bottom padding of 25 pixels, which will require extra text in order to test. "
                  text run at (653,0) width 56: "Both the"
                  text run at (0,16) width 413: "content background and the padding should be aqua (light blue)."
              RenderBlock {P} at (4,205) size 747x112 [bgcolor=#00FFFF]
                RenderText {#text} at (0,0) size 733x32
                  text run at (0,0) width 627: "This element should have a bottom padding of 5 em, which will require extra text in order to test. "
                  text run at (626,0) width 107: "Both the content"
                  text run at (0,16) width 362: "background and the padding should be aqua (light blue)."
              RenderBlock {P} at (4,333) size 747x234.75 [bgcolor=#00FFFF]
                RenderText {#text} at (0,0) size 726x48
                  text run at (0,0) width 709: "This element should have a bottom padding of 25%, which is calculated with respect to the width of the parent"
                  text run at (0,16) width 59: "element. "
                  text run at (58,16) width 277: "This will require extra text in order to test. "
                  text run at (334,16) width 392: "Both the content background and the padding should be aqua"
                  text run at (0,32) width 76: "(light blue)."
              RenderBlock {P} at (4,583.75) size 747x16 [bgcolor=#C0C0C0]
                RenderText {#text} at (0,0) size 208x16
                  text run at (0,0) width 208: "This element has a class of zero."
              RenderBlock {P} at (4,615.75) size 747x32 [bgcolor=#00FFFF]
                RenderText {#text} at (0,0) size 705x32
                  text run at (0,0) width 599: "This element should have no bottom padding, since negative padding values are not allowed. "
                  text run at (598,0) width 107: "Both the content"
                  text run at (0,16) width 411: "background and the normal padding should be aqua (light blue)."
