layer at (0,0) size 800x600
  RenderView at (0,0) size 800x600
layer at (0,0) size 800x600
  RenderBlock {HTML} at (0,0) size 800x600
    RenderBody {BODY} at (8,8) size 784x584 [bgcolor=#CCCCCC]
      RenderBlock {P} at (0,0) size 784x16
        RenderText {#text} at (0,0) size 363x16
          text run at (0,0) width 363: "The style declarations which apply to the text below are:"
      RenderBlock {PRE} at (0,32) size 784x39
        RenderText {#text} at (0,0) size 414x39
          text run at (0,0) width 406: ".one {padding-bottom: 25px; background-color: aqua;}"
          text run at (405,0) width 1: " "
          text run at (0,13) width 414: ".two {padding-bottom: -10px; background-color: aqua;}"
          text run at (413,13) width 1: " "
          text run at (0,26) width 0: " "
      RenderBlock {HR} at (0,84) size 784x2 [border: (1px inset #EEEEEE)]
      RenderBlock {P} at (0,102) size 784x64 [bgcolor=#808080]
        RenderText {#text} at (0,0) size 487x16
          text run at (0,0) width 397: "This element is unstyled save for a background color of gray. "
          text run at (396,0) width 91: "It contains an "
        RenderInline {SPAN} at (0,0) size 773x57 [bgcolor=#00FFFF]
          RenderText {#text} at (486,0) size 149x16
            text run at (486,0) width 149: "inline element of class "
          RenderInline {TT} at (0,0) size 24x13
            RenderText {#text} at (634,2) size 24x13
              text run at (634,2) width 24: "one"
          RenderText {#text} at (657,0) size 773x32
            text run at (657,0) width 116: ", giving it an aqua"
            text run at (0,16) width 255: "background and a 25px bottom padding"
        RenderText {#text} at (254,16) size 782x48
          text run at (254,16) width 9: ". "
          text run at (262,16) width 520: "Padding on inline elements does not affect line-height calculations, so all lines in"
          text run at (0,32) width 301: "this element should have the same line-height. "
          text run at (300,32) width 476: "There may be implementation-specific limits on how much of the padding"
          text run at (0,48) width 205: "the user agent is able to display."
      RenderBlock {P} at (0,182) size 784x48 [bgcolor=#808080]
        RenderText {#text} at (0,0) size 487x16
          text run at (0,0) width 397: "This element is unstyled save for a background color of gray. "
          text run at (396,0) width 91: "It contains an "
        RenderInline {SPAN} at (0,0) size 773x32 [bgcolor=#00FFFF]
          RenderText {#text} at (486,0) size 149x16
            text run at (486,0) width 149: "inline element of class "
          RenderInline {TT} at (0,0) size 24x13
            RenderText {#text} at (634,2) size 24x13
              text run at (634,2) width 24: "two"
          RenderText {#text} at (657,0) size 773x32
            text run at (657,0) width 116: ", giving it an aqua"
            text run at (0,16) width 530: "background and no bottom padding, since negative padding values are not allowed"
        RenderText {#text} at (529,16) size 770x32
          text run at (529,16) width 9: ". "
          text run at (537,16) width 233: "Padding on inline elements does not"
          text run at (0,32) width 584: "affect line-height calculations, so all lines in this element should have the same line-height."
      RenderTable {TABLE} at (0,246) size 784x162 [border: (1px outset #808080)]
        RenderTableSection {TBODY} at (1,1) size 782x160
          RenderTableRow {TR} at (0,0) size 782x24
            RenderTableCell {TD} at (0,0) size 782x24 [bgcolor=#C0C0C0] [border: (1px inset #808080)] [r=0 c=0 rs=1 cs=2]
              RenderInline {STRONG} at (0,0) size 163x16
                RenderText {#text} at (4,4) size 163x16
                  text run at (4,4) width 163: "TABLE Testing Section"
          RenderTableRow {TR} at (0,24) size 782x136
            RenderTableCell {TD} at (0,80) size 12x24 [bgcolor=#C0C0C0] [border: (1px inset #808080)] [r=1 c=0 rs=1 cs=1]
              RenderText {#text} at (4,4) size 4x16
                text run at (4,4) width 4: " "
            RenderTableCell {TD} at (12,24) size 770x136 [border: (1px inset #808080)] [r=1 c=1 rs=1 cs=1]
              RenderBlock {P} at (4,4) size 762x64 [bgcolor=#808080]
                RenderText {#text} at (0,0) size 487x16
                  text run at (0,0) width 397: "This element is unstyled save for a background color of gray. "
                  text run at (396,0) width 91: "It contains an "
                RenderInline {SPAN} at (0,0) size 739x57 [bgcolor=#00FFFF]
                  RenderText {#text} at (486,0) size 149x16
                    text run at (486,0) width 149: "inline element of class "
                  RenderInline {TT} at (0,0) size 24x13
                    RenderText {#text} at (634,2) size 24x13
                      text run at (634,2) width 24: "one"
                  RenderText {#text} at (657,0) size 739x32
                    text run at (657,0) width 82: ", giving it an"
                    text run at (0,16) width 289: "aqua background and a 25px bottom padding"
                RenderText {#text} at (288,16) size 751x48
                  text run at (288,16) width 9: ". "
                  text run at (296,16) width 449: "Padding on inline elements does not affect line-height calculations, so"
                  text run at (0,32) width 372: "all lines in this element should have the same line-height. "
                  text run at (371,32) width 380: "There may be implementation-specific limits on how much"
                  text run at (0,48) width 302: "of the padding the user agent is able to display."
              RenderBlock {P} at (4,84) size 762x48 [bgcolor=#808080]
                RenderText {#text} at (0,0) size 487x16
                  text run at (0,0) width 397: "This element is unstyled save for a background color of gray. "
                  text run at (396,0) width 91: "It contains an "
                RenderInline {SPAN} at (0,0) size 739x32 [bgcolor=#00FFFF]
                  RenderText {#text} at (486,0) size 149x16
                    text run at (486,0) width 149: "inline element of class "
                  RenderInline {TT} at (0,0) size 24x13
                    RenderText {#text} at (634,2) size 24x13
                      text run at (634,2) width 24: "two"
                  RenderText {#text} at (657,0) size 739x32
                    text run at (657,0) width 82: ", giving it an"
                    text run at (0,16) width 564: "aqua background and no bottom padding, since negative padding values are not allowed"
                RenderText {#text} at (563,16) size 746x32
                  text run at (563,16) width 9: ". "
                  text run at (571,16) width 175: "Padding on inline elements"
                  text run at (0,32) width 642: "does not affect line-height calculations, so all lines in this element should have the same line-height."
