layer at (0,0) size 785x1322
  RenderView at (0,0) size 785x600
layer at (0,0) size 785x1322
  RenderBlock {HTML} at (0,0) size 785x1322
    RenderBody {BODY} at (8,8) size 769x1306 [bgcolor=#CCCCCC]
      RenderBlock {P} at (0,0) size 769x16
        RenderText {#text} at (0,0) size 363x16
          text run at (0,0) width 363: "The style declarations which apply to the text below are:"
      RenderBlock {PRE} at (0,32) size 769x39
        RenderText {#text} at (0,0) size 149x39
          text run at (0,0) width 149: ".one {width: 50px;}"
          text run at (148,0) width 1: " "
          text run at (0,13) width 141: ".two {width: 50%;}"
          text run at (140,13) width 1: " "
          text run at (0,26) width 149: "TABLE {width: 50%;}"
          text run at (148,26) width 1: " "
      RenderBlock {HR} at (0,84) size 769x2 [border: (1px inset #EEEEEE)]
      RenderBlock (anonymous) at (0,94) size 769x50
        RenderImage {IMG} at (0,0) size 50x50
        RenderText {#text} at (0,0) size 0x0
      RenderBlock {P} at (0,160) size 769x16
        RenderText {#text} at (0,0) size 292x16
          text run at (0,0) width 292: "The square above should be fifty pixels wide."
      RenderBlock (anonymous) at (0,192) size 769x385
        RenderImage {IMG} at (0,0) size 384.50x385
        RenderText {#text} at (0,0) size 0x0
      RenderBlock {P} at (0,593) size 769x16
        RenderText {#text} at (0,0) size 683x16
          text run at (0,0) width 683: "The square above should be half as wide as the image's parent element (either the BODY or the table cell)."
      RenderBlock {P} at (0,625) size 384.50x96
        RenderText {#text} at (0,0) size 376x64
          text run at (0,0) width 336: "This paragraph should be half the width of its parent"
          text run at (0,16) width 376: "element (either the BODY or the table, which should itself"
          text run at (0,32) width 255: "be half as wide as the BODY element). "
          text run at (254,32) width 108: "This is extra text"
          text run at (0,48) width 329: "included to ensure that this will be a fair test of the "
        RenderInline {CODE} at (0,0) size 40x13
          RenderText {#text} at (328,50) size 40x13
            text run at (328,50) width 40: "width"
        RenderText {#text} at (0,64) size 379x32
          text run at (0,64) width 379: "property without the need for the user to resize the viewing"
          text run at (0,80) width 56: "window."
      RenderTable {TABLE} at (0,737) size 384x569 [border: (1px outset #808080)]
        RenderTableSection {TBODY} at (1,1) size 382x567
          RenderTableRow {TR} at (0,0) size 382x24
            RenderTableCell {TD} at (0,0) size 382x24 [bgcolor=#C0C0C0] [border: (1px inset #808080)] [r=0 c=0 rs=1 cs=2]
              RenderInline {STRONG} at (0,0) size 163x16
                RenderText {#text} at (4,4) size 163x16
                  text run at (4,4) width 163: "TABLE Testing Section"
          RenderTableRow {TR} at (0,24) size 382x543
            RenderTableCell {TD} at (0,283) size 12x24 [bgcolor=#C0C0C0] [border: (1px inset #808080)] [r=1 c=0 rs=1 cs=1]
              RenderText {#text} at (4,4) size 4x16
                text run at (4,4) width 4: " "
            RenderTableCell {TD} at (12,24) size 370x543 [border: (1px inset #808080)] [r=1 c=1 rs=1 cs=1]
              RenderBlock (anonymous) at (4,4) size 362x50
                RenderImage {IMG} at (0,0) size 50x50
                RenderText {#text} at (0,0) size 0x0
              RenderBlock {P} at (4,70) size 362x16
                RenderText {#text} at (0,0) size 292x16
                  text run at (0,0) width 292: "The square above should be fifty pixels wide."
              RenderBlock (anonymous) at (4,102) size 362x181
                RenderImage {IMG} at (0,0) size 181x181
                RenderText {#text} at (0,0) size 0x0
              RenderBlock {P} at (4,299) size 362x32
                RenderText {#text} at (0,0) size 353x32
                  text run at (0,0) width 353: "The square above should be half as wide as the image's"
                  text run at (0,16) width 326: "parent element (either the BODY or the table cell)."
              RenderBlock {P} at (4,347) size 181x192
                RenderText {#text} at (0,0) size 174x144
                  text run at (0,0) width 163: "This paragraph should be"
                  text run at (0,16) width 170: "half the width of its parent"
                  text run at (0,32) width 170: "element (either the BODY"
                  text run at (0,48) width 166: "or the table, which should"
                  text run at (0,64) width 174: "itself be half as wide as the"
                  text run at (0,80) width 114: "BODY element). "
                  text run at (113,80) width 44: "This is"
                  text run at (0,96) width 136: "extra text included to"
                  text run at (0,112) width 156: "ensure that this will be a"
                  text run at (0,128) width 94: "fair test of the "
                RenderInline {CODE} at (0,0) size 40x13
                  RenderText {#text} at (93,130) size 40x13
                    text run at (93,130) width 40: "width"
                RenderText {#text} at (0,144) size 165x48
                  text run at (0,144) width 165: "property without the need"
                  text run at (0,160) width 155: "for the user to resize the"
                  text run at (0,176) width 112: "viewing window."
