layer at (0,0) size 800x600
  RenderView at (0,0) size 800x600
layer at (0,0) size 800x567
  RenderBlock {HTML} at (0,0) size 800x567
    RenderBody {BODY} at (0,0) size 800x566
      RenderBlock {DIV} at (0,0) size 600x36
        RenderText {#text} at (0,0) size 291x15
          text run at (0,0) width 291: "Table autosizing tests - css-table-single-cell-lots-of-text.html"
        RenderBR {BR} at (291,0) size 0x15
        RenderText {#text} at (0,16) size 568x15
          text run at (0,16) width 568: "This test passes if there is a one cell with lots of text that's autosized, and five single-word cells that are not autosized."
      RenderTable {DIV} at (1,37) size 798x529
        RenderTableSection (anonymous) at (0,0) size 798x529
          RenderTableRow {DIV} at (0,0) size 798x37
            RenderTableCell {DIV} at (0,15) size 25x18 [bgcolor=#F0FFF0] [border: (1px dotted #006400)] [r=0 c=0 rs=1 cs=1]
              RenderText {#text} at (1,1) size 23x15
                text run at (1,1) width 23: "hello"
            RenderTableCell {DIV} at (25,0) size 748x37 [bgcolor=#F0FFF0] [border: (1px dotted #006400)] [r=0 c=1 rs=1 cs=1]
              RenderText {#text} at (1,1) size 57x34
                text run at (1,1) width 57: "hello"
            RenderTableCell {DIV} at (773,15) size 25x18 [bgcolor=#F0FFF0] [border: (1px dotted #006400)] [r=0 c=2 rs=1 cs=1]
              RenderText {#text} at (1,1) size 23x15
                text run at (1,1) width 23: "hello"
          RenderTableRow {DIV} at (0,37) size 798x492
            RenderTableCell {DIV} at (0,52) size 25x18 [bgcolor=#F0FFF0] [border: (1px dotted #006400)] [r=1 c=0 rs=1 cs=1]
              RenderText {#text} at (1,1) size 23x15
                text run at (1,1) width 23: "hello"
            RenderTableCell {DIV} at (25,37) size 748x492 [bgcolor=#F0FFF0] [border: (1px dotted #006400)] [r=1 c=1 rs=1 cs=1]
              RenderText {#text} at (1,1) size 707x489
                text run at (1,1) width 707: "hello hello hello hello hello hello hello hello hello hello hello"
                text run at (1,36) width 707: "hello hello hello hello hello hello hello hello hello hello hello"
                text run at (1,71) width 707: "hello hello hello hello hello hello hello hello hello hello hello"
                text run at (1,106) width 707: "hello hello hello hello hello hello hello hello hello hello hello"
                text run at (1,141) width 707: "hello hello hello hello hello hello hello hello hello hello hello"
                text run at (1,176) width 707: "hello hello hello hello hello hello hello hello hello hello hello"
                text run at (1,211) width 707: "hello hello hello hello hello hello hello hello hello hello hello"
                text run at (1,246) width 707: "hello hello hello hello hello hello hello hello hello hello hello"
                text run at (1,281) width 707: "hello hello hello hello hello hello hello hello hello hello hello"
                text run at (1,316) width 707: "hello hello hello hello hello hello hello hello hello hello hello"
                text run at (1,351) width 707: "hello hello hello hello hello hello hello hello hello hello hello"
                text run at (1,386) width 707: "hello hello hello hello hello hello hello hello hello hello hello"
                text run at (1,421) width 707: "hello hello hello hello hello hello hello hello hello hello hello"
                text run at (1,456) width 577: "hello hello hello hello hello hello hello hello hello"
            RenderTableCell {DIV} at (773,52) size 25x18 [bgcolor=#F0FFF0] [border: (1px dotted #006400)] [r=1 c=2 rs=1 cs=1]
              RenderText {#text} at (1,1) size 23x15
                text run at (1,1) width 23: "hello"
