layer at (0,0) size 785x682
  RenderView at (0,0) size 785x600
layer at (0,0) size 785x682
  RenderBlock {HTML} at (0,0) size 785x681.50
    RenderBody {BODY} at (8,21.44) size 769x644.06
      RenderBlock {H1} at (0,0) size 769x37
        RenderText {#text} at (0,0) size 317x36
          text run at (0,0) width 317: "Generic Table Tests - 1"
      RenderBlock {P} at (0,58.44) size 769x18
        RenderText {#text} at (0,0) size 397x17
          text run at (0,0) width 397: "If you have any comments to make regarding this test, e-mail "
        RenderInline {A} at (0,0) size 186x17 [color=#0000EE]
          RenderText {#text} at (396,0) size 186x17
            text run at (396,0) width 186: "py8ieh=eviltests@bath.ac.uk"
        RenderText {#text} at (581,0) size 5x17
          text run at (581,0) width 5: "."
      RenderBlock {DL} at (0,92.44) size 769x36
        RenderBlock {DT} at (0,0) size 769x18
          RenderText {#text} at (0,0) size 83x17
            text run at (0,0) width 83: "Prerequisites"
        RenderBlock {DD} at (40,18) size 729x18
          RenderText {#text} at (0,0) size 697x17
            text run at (0,0) width 697: "Browsers that are subjected to this test should support CSS1 and the CSS2 table model, and multiple classes."
      RenderBlock {P} at (0,144.44) size 769x98 [border: (5px double #FF0000)]
        RenderBlock (anonymous) at (13,13) size 743x18
          RenderText {#text} at (0,0) size 240x17
            text run at (0,0) width 240: "If this paragraph breaks the line here:"
        RenderTable {SPAN} at (13,31) size 60x18
          RenderTableSection (anonymous) at (0,0) size 60x18
            RenderTableRow (anonymous) at (0,0) size 60x18
              RenderTableCell (anonymous) at (0,0) size 60x18 [r=0 c=0 rs=1 cs=1]
                RenderText {#text} at (0,0) size 60x17
                  text run at (0,0) width 60: "and here:"
        RenderBlock (anonymous) at (13,49) size 743x36
          RenderText {#text} at (0,0) size 121x17
            text run at (0,0) width 121: "then your browser "
          RenderInline {EM} at (0,0) size 83x17
            RenderText {#text} at (120,0) size 83x17
              text run at (120,0) width 83: "does support"
          RenderText {#text} at (202,0) size 165x17
            text run at (202,0) width 165: " table values on 'display'. "
          RenderInline {STRONG} at (0,0) size 716x35
            RenderText {#text} at (366,0) size 716x35
              text run at (366,0) width 350: "If this paragraphs flows without any undue breaks,"
              text run at (0,18) width 459: "then you should mark your browser as not supporting table values!"
      RenderBlock {H2} at (0,262.34) size 769x27
        RenderText {#text} at (0,0) size 223x26
          text run at (0,0) width 223: "1. Table -> Table Cell"
      RenderBlock {P} at (0,309.25) size 769x36
        RenderText {#text} at (0,0) size 764x35
          text run at (0,0) width 764: "Below there should be a gray bar, spanning the width of the BODY, with the text \"Left\" to the left and the text \"Right\","
          text run at (0,18) width 223: "on the same line, flush to the right."
      RenderTable {DIV} at (0,361.25) size 769x18 [bgcolor=#C0C0C0]
        RenderTableSection (anonymous) at (0,0) size 769x18
          RenderTableRow (anonymous) at (0,0) size 769x18
            RenderTableCell {DIV} at (0,0) size 329x18 [r=0 c=0 rs=1 cs=1]
              RenderText {#text} at (0,0) size 27x17
                text run at (0,0) width 27: "Left"
            RenderTableCell {DIV} at (329,0) size 440x18 [r=0 c=1 rs=1 cs=1]
              RenderText {#text} at (404,0) size 36x17
                text run at (404,0) width 36: "Right"
      RenderBlock {H2} at (0,399.16) size 769x27
        RenderText {#text} at (0,0) size 156x26
          text run at (0,0) width 156: "Submit Results"
      RenderBlock {FORM} at (0,446.06) size 769x44
        RenderBlock {P} at (0,0) size 769x44
          RenderText {#text} at (0,2) size 267x17
            text run at (0,2) width 267: "How does your browser fare on this test? "
          RenderMenuList {SELECT} at (266.59,1) size 250x20 [bgcolor=#FFFFFF] [border: (1px solid #A9A9A9)]
            RenderBlock (anonymous) at (1,1) size 248x18
              RenderText at (4,1) size 152x16
                text run at (4,1) width 152: "The test renders correctly."
          RenderText {#text} at (516,2) size 5x17
            text run at (516,2) width 5: " "
          RenderInline {LABEL} at (0,0) size 246x17
            RenderText {#text} at (520,2) size 73x17
              text run at (520,2) width 73: "Comment: "
            RenderTextControl {INPUT} at (592.16,0) size 173x22 [bgcolor=#FFFFFF] [border: (2px inset #EEEEEE)]
          RenderText {#text} at (0,0) size 0x0
          RenderButton {INPUT} at (0,22) size 57x22 [bgcolor=#C0C0C0] [border: (2px outset #C0C0C0)]
            RenderBlock (anonymous) at (8,3) size 41x16
              RenderText {#text} at (0,0) size 41x16
                text run at (0,0) width 41: "Submit"
          RenderText {#text} at (0,0) size 0x0
      RenderBlock {HR} at (0,506.06) size 769x2 [border: (1px inset #EEEEEE)]
      RenderBlock {P} at (0,524.06) size 769x18
        RenderText {#text} at (0,0) size 64x17
          text run at (0,0) width 64: "Up to the "
        RenderInline {A} at (0,0) size 75x17 [color=#0000EE]
          RenderText {#text} at (63,0) size 75x17
            text run at (63,0) width 75: "Table Tests"
        RenderText {#text} at (137,0) size 5x17
          text run at (137,0) width 5: "."
      RenderBlock {P} at (0,558.06) size 769x18
        RenderText {#text} at (0,0) size 64x17
          text run at (0,0) width 64: "Up to the "
        RenderInline {A} at (0,0) size 101x17 [color=#0000EE]
          RenderText {#text} at (63,0) size 101x17
            text run at (63,0) width 101: "Evil Tests Page"
        RenderText {#text} at (163,0) size 5x17
          text run at (163,0) width 5: "."
      RenderBlock {P} at (0,592.06) size 769x18
        RenderText {#text} at (0,0) size 177x17
          text run at (0,0) width 177: "This page is maintained by "
        RenderInline {A} at (0,0) size 79x17 [color=#0000EE]
          RenderText {#text} at (176,0) size 79x17
            text run at (176,0) width 79: "Ian Hickson"
        RenderText {#text} at (254,0) size 10x17
          text run at (254,0) width 10: " ("
        RenderInline {A} at (0,0) size 125x17 [color=#0000EE]
          RenderText {#text} at (263,0) size 125x17
            text run at (263,0) width 125: "py8ieh@bath.ac.uk"
        RenderText {#text} at (387,0) size 10x17
          text run at (387,0) width 10: ")."
      RenderBlock {P} at (0,626.06) size 769x18
        RenderText {#text} at (0,0) size 185x17
          text run at (0,0) width 185: "Last updated in March 1999."
layer at (602,471) size 169x16
  RenderBlock {DIV} at (2,3) size 169x16
