layer at (0,0) size 800x600
  RenderView at (0,0) size 800x600
layer at (0,0) size 800x600
  RenderBlock {HTML} at (0,0) size 800x600
    RenderBody {BODY} at (8,8) size 784x584 [bgcolor=#FFFFFF]
      RenderBlock (anonymous) at (0,0) size 784x18
        RenderText {#text} at (0,0) size 731x17
          text run at (0,0) width 731: "The bug causes the nested table containing the textarea to be positioned away from the left edge of the outer table "
        RenderBR {BR} at (730,14) size 1x0
      RenderTable {TABLE} at (242,18) size 300x56 [border: (1px outset #808080)]
        RenderTableSection {TBODY} at (1,1) size 298x54
          RenderTableRow {TR} at (0,2) size 298x50
            RenderTableCell {TD} at (2,2) size 294x50 [border: (1px inset #808080)] [r=0 c=0 rs=1 cs=1]
              RenderTable {TABLE} at (2,2) size 69x46 [border: (1px outset #808080)]
                RenderTableSection {TBODY} at (1,1) size 67x44
                  RenderTableRow {TR} at (0,2) size 67x40
                    RenderTableCell {TD} at (2,2) size 63x40 [border: (1px inset #808080)] [r=0 c=0 rs=1 cs=1]
                      RenderText {#text} at (0,0) size 0x0
layer at (260,36) size 59x36 clip at (261,37) size 57x34
  RenderTextControl {TEXTAREA} at (2,2) size 59x36 [bgcolor=#FFFFFF] [border: (1px solid #A9A9A9)]
    RenderBlock {DIV} at (3,3) size 55x16
      RenderText {#text} at (0,0) size 24x16
        text run at (0,0) width 24: "bar"
