layer at (0,0) size 800x662
  RenderView at (0,0) size 800x600
layer at (0,0) size 800x662
  RenderBlock {HTML} at (0,0) size 800x662.06
    RenderBody {BODY} at (8,19.91) size 784x634.16 [bgcolor=#FFFFFF]
      RenderBlock {H2} at (0,0) size 784x27
        RenderText {#text} at (0,0) size 68x26
          text run at (0,0) width 68: "Test A"
      RenderBlock {DIV} at (0,46.91) size 784x64 [color=#008000]
        RenderTable {TABLE} at (0,0) size 284x64 [border: (10px solid #008000)]
          RenderTableSection {TBODY} at (10,10) size 264x44
            RenderTableRow {TR} at (0,2) size 264x40 [color=#0000FF]
              RenderTableCell {TD} at (2,2) size 55x40 [border: (10px solid #0000FF)] [r=0 c=0 rs=1 cs=1]
                RenderText {#text} at (11,11) size 33x17
                  text run at (11,11) width 33: "Field"
              RenderTableCell {TD} at (59,2) size 203x40 [border: (10px solid #0000FF)] [r=0 c=1 rs=1 cs=1]
                RenderText {#text} at (11,11) size 181x17
                  text run at (11,11) width 181: "Records for Cropping Years"
      RenderBlock {H2} at (0,130.81) size 784x27
        RenderText {#text} at (0,0) size 66x26
          text run at (0,0) width 66: "Test B"
      RenderTable {TABLE} at (0,177.72) size 284x64 [border: (10px solid #000000)]
        RenderTableSection {TBODY} at (10,10) size 264x44
          RenderTableRow {TR} at (0,2) size 264x40 [color=#0000FF]
            RenderTableCell {TD} at (2,2) size 55x40 [border: (10px solid #0000FF)] [r=0 c=0 rs=1 cs=1]
              RenderText {#text} at (11,11) size 33x17
                text run at (11,11) width 33: "Field"
            RenderTableCell {TD} at (59,2) size 203x40 [border: (10px solid #0000FF)] [r=0 c=1 rs=1 cs=1]
              RenderText {#text} at (11,11) size 181x17
                text run at (11,11) width 181: "Records for Cropping Years"
      RenderBlock {H2} at (0,261.63) size 784x27
        RenderText {#text} at (0,0) size 68x26
          text run at (0,0) width 68: "Test C"
      RenderTable {TABLE} at (0,308.53) size 284x64 [color=#0000FF] [border: (10px solid #0000FF)]
        RenderTableSection {TBODY} at (10,10) size 264x44
          RenderTableRow {TR} at (0,2) size 264x40
            RenderTableCell {TD} at (2,2) size 55x40 [border: (10px solid #0000FF)] [r=0 c=0 rs=1 cs=1]
              RenderText {#text} at (11,11) size 33x17
                text run at (11,11) width 33: "Field"
            RenderTableCell {TD} at (59,2) size 203x40 [border: (10px solid #0000FF)] [r=0 c=1 rs=1 cs=1]
              RenderText {#text} at (11,11) size 181x17
                text run at (11,11) width 181: "Records for Cropping Years"
      RenderBlock {H2} at (0,392.44) size 784x27
        RenderText {#text} at (0,0) size 68x26
          text run at (0,0) width 68: "Test D"
      RenderTable {TABLE} at (0,439.34) size 284x64 [color=#0000FF] [border: (10px solid #0000FF)]
        RenderTableSection {TBODY} at (10,10) size 264x44
          RenderTableRow {TR} at (0,2) size 264x40
            RenderTableCell {TD} at (2,2) size 55x40 [border: (10px solid #0000FF)] [r=0 c=0 rs=1 cs=1]
              RenderText {#text} at (11,11) size 33x17
                text run at (11,11) width 33: "Field"
            RenderTableCell {TD} at (59,2) size 203x40 [border: (10px solid #0000FF)] [r=0 c=1 rs=1 cs=1]
              RenderText {#text} at (11,11) size 181x17
                text run at (11,11) width 181: "Records for Cropping Years"
      RenderBlock {H2} at (0,523.25) size 784x27
        RenderText {#text} at (0,0) size 66x26
          text run at (0,0) width 66: "Test E"
      RenderTable {TABLE} at (0,570.16) size 284x64 [color=#0000FF] [border: (10px solid #0000FF)]
        RenderTableSection {TBODY} at (10,10) size 264x44
          RenderTableRow {TR} at (0,2) size 264x40
            RenderTableCell {TD} at (2,2) size 55x40 [border: (10px solid #0000FF)] [r=0 c=0 rs=1 cs=1]
              RenderText {#text} at (11,11) size 33x17
                text run at (11,11) width 33: "Field"
            RenderTableCell {TD} at (59,2) size 203x40 [border: (10px solid #0000FF)] [r=0 c=1 rs=1 cs=1]
              RenderText {#text} at (11,11) size 181x17
                text run at (11,11) width 181: "Records for Cropping Years"
