layer at (0,0) size 800x600
  RenderView at (0,0) size 800x600
layer at (0,0) size 800x600
  RenderBlock {HTML} at (0,0) size 800x600
    RenderBody {BODY} at (8,8) size 784x584
      RenderTable {TABLE} at (0,0) size 471x145 [border: (1px outset #808080)]
        RenderTableSection {TBODY} at (1,1) size 469x143
          RenderTableRow {TR} at (0,0) size 469x143
            RenderTableCell {TD} at (0,0) size 469x143 [border: (1px inset #808080)] [r=0 c=0 rs=1 cs=1]
              RenderTable {TABLE} at (1,1) size 467x141 [border: (1px outset #808080)]
                RenderTableSection {TBODY} at (1,1) size 465x139
                  RenderTableRow {TR} at (0,1) size 465x28
                    RenderTableCell {TD} at (1,1) size 140x28 [border: (1px inset #808080)] [r=0 c=0 rs=1 cs=1]
                      RenderText {#text} at (5,5) size 130x17
                        text run at (5,5) width 130: "General Preferences"
                    RenderTableCell {TD} at (142,1) size 147x28 [border: (1px inset #808080)] [r=0 c=1 rs=1 cs=1]
                      RenderInline {A} at (0,0) size 137x17 [color=#0000EE]
                        RenderText {#text} at (5,5) size 137x17
                          text run at (5,5) width 137: "Groups / Permissions"
                    RenderTableCell {TD} at (290,1) size 72x28 [border: (1px inset #808080)] [r=0 c=2 rs=1 cs=1]
                      RenderInline {A} at (0,0) size 62x17 [color=#0000EE]
                        RenderText {#text} at (5,5) size 62x17
                          text run at (5,5) width 62: "Password"
                    RenderTableCell {TD} at (363,1) size 49x28 [border: (1px inset #808080)] [r=0 c=3 rs=1 cs=1]
                      RenderInline {A} at (0,0) size 39x17 [color=#0000EE]
                        RenderText {#text} at (5,5) size 39x17
                          text run at (5,5) width 39: "Email"
                    RenderTableCell {TD} at (413,1) size 51x28 [border: (1px inset #808080)] [r=0 c=4 rs=1 cs=1]
                      RenderText {#text} at (5,5) size 41x17
                        text run at (5,5) width 41: "Views"
                  RenderTableRow {TR} at (0,30) size 465x108
                    RenderTableCell {TD} at (1,30) size 463x108 [border: (1px inset #808080)] [r=1 c=0 rs=1 cs=5]
                      RenderBlock (anonymous) at (5,5) size 453x18
                        RenderBR {BR} at (226,0) size 1x17
                      RenderTable {TABLE} at (72,23) size 319x80
                        RenderTableSection {TBODY} at (0,0) size 319x80
                          RenderTableRow {TR} at (0,2) size 319x76
                            RenderTableCell {TD} at (2,2) size 315x76 [r=0 c=0 rs=1 cs=1]
                              RenderBlock {FORM} at (1,1) size 313x58
                                RenderTable {TABLE} at (0,0) size 313x58 [border: (1px outset #808080)]
                                  RenderTableSection {TBODY} at (1,1) size 311x56
                                    RenderTableRow {TR} at (0,0) size 311x56
                                      RenderTableCell {TD} at (0,0) size 311x56 [border: (1px inset #808080)] [r=0 c=0 rs=1 cs=1]
                                        RenderBlock (anonymous) at (1,1) size 309x18
                                          RenderText {#text} at (100,0) size 109x17
                                            text run at (100,0) width 109: "User Preferences"
                                        RenderTable {TABLE} at (1,19) size 309x36 [border: (1px outset #808080)]
                                          RenderTableSection {TBODY} at (1,1) size 307x34
                                            RenderTableRow {TR} at (0,1) size 307x32
                                              RenderTableCell {TH} at (1,3) size 121x28 [border: (1px inset #808080)] [r=0 c=0 rs=1 cs=1]
                                                RenderInline {NOBR} at (0,0) size 111x17
                                                  RenderText {#text} at (5,5) size 111x17
                                                    text run at (5,5) width 111: "Email Address :"
                                              RenderTableCell {TD} at (123,1) size 183x32 [border: (1px inset #808080)] [r=0 c=1 rs=1 cs=1]
                                                RenderTextControl {INPUT} at (5,5) size 173x22 [bgcolor=#FFFFFF] [border: (2px inset #EEEEEE)]
                                                RenderText {#text} at (0,0) size 0x0
layer at (220,97) size 169x16 scrollWidth 210
  RenderBlock {DIV} at (2,3) size 169x16
    RenderText {#text} at (0,0) size 209x16
      text run at (0,0) width 209: "simon.king@pipinghotnetworks.com"
