layer at (0,0) size 800x600
  RenderView at (0,0) size 800x600
layer at (0,0) size 800x600
  RenderBlock {HTML} at (0,0) size 800x600
    RenderBody {BODY} at (8,8) size 784x584
      RenderTable {TABLE} at (0,0) size 389x34
        RenderTableSection {TBODY} at (0,0) size 389x34
          RenderTableRow {TR} at (0,2) size 389x30
            RenderTableCell {TD} at (2,2) size 385x30 [r=0 c=0 rs=1 cs=1]
              RenderTable {TABLE} at (1,1) size 383x28
                RenderTableSection {TBODY} at (0,0) size 383x28
                  RenderTableRow {TR} at (0,2) size 383x24
                    RenderTableCell {TH} at (2,4) size 62x20 [r=0 c=0 rs=1 cs=1]
                      RenderText {#text} at (1,1) size 60x17
                        text run at (1,1) width 60: "User ID:"
                    RenderTableCell {TD} at (66,2) size 315x24 [r=0 c=1 rs=1 cs=1]
                      RenderTextControl {INPUT} at (1,1) size 313x22 [bgcolor=#FFFFFF] [border: (2px inset #EEEEEE)]
                      RenderText {#text} at (0,0) size 0x0
layer at (80,17) size 309x16
  RenderBlock {DIV} at (2,3) size 309x16
