layer at (0,0) size 1011x600
  RenderView at (0,0) size 800x600
layer at (0,0) size 800x600
  RenderBlock {HTML} at (0,0) size 800x600
    RenderBody {BODY} at (8,8) size 784x584
      RenderTable {TABLE} at (0,0) size 1003x144 [border: (2px solid #0000FF)]
        RenderTableSection {TBODY} at (2,2) size 999x140
          RenderTableRow {TR} at (0,2) size 999x136
            RenderTableCell {TD} at (2,2) size 235x136 [border: (1px solid #C0C0C0)] [r=0 c=0 rs=1 cs=1]
              RenderTable {TABLE} at (2,2) size 231x132 [border: (2px solid #008000)]
                RenderTableSection {TBODY} at (2,2) size 227x128
                  RenderTableRow {TR} at (0,2) size 227x86
                    RenderTableCell {TD} at (2,2) size 223x86 [border: (1px solid #C0C0C0)] [r=0 c=0 rs=1 cs=1]
                      RenderTable {TABLE} at (2,2) size 185x34 [border: (2px solid #FF0000)]
                        RenderTableSection {TBODY} at (2,2) size 181x30
                          RenderTableRow {TR} at (0,2) size 181x26
                            RenderTableCell {TD} at (2,2) size 177x26 [border: (1px solid #C0C0C0)] [r=0 c=0 rs=1 cs=1]
                              RenderTextControl {INPUT} at (2,2) size 173x22 [bgcolor=#FFFFFF] [border: (2px inset #EEEEEE)]
                              RenderText {#text} at (0,0) size 0x0
                      RenderTable {TABLE} at (2,36) size 219x48 [border: (2px solid #FF0000)]
                        RenderTableSection {TBODY} at (2,2) size 215x44
                          RenderTableRow {TR} at (0,2) size 215x40
                            RenderTableCell {TD} at (2,2) size 211x40 [border: (1px solid #C0C0C0)] [r=0 c=0 rs=1 cs=1]
                              RenderText {#text} at (2,2) size 197x35
                                text run at (2,2) width 197: "THIS TABLE NEEDS TO BE"
                                text run at (2,20) width 42: "HERE"
                  RenderTableRow {TR} at (0,90) size 227x36
                    RenderTableCell {TD} at (2,90) size 223x36 [border: (1px solid #C0C0C0)] [r=1 c=0 rs=1 cs=1]
                      RenderTable {TABLE} at (2,2) size 219x32 [border: (2px solid #FF0000)]
                        RenderTableSection {TBODY} at (2,2) size 215x28
                          RenderTableRow {TR} at (0,2) size 215x24
                            RenderTableCell {TD} at (2,2) size 211x24 [border: (1px solid #C0C0C0)] [r=0 c=0 rs=1 cs=1]
                              RenderMenuList {SELECT} at (2,2) size 207x20 [bgcolor=#FFFFFF] [border: (1px solid #A9A9A9)]
                                RenderBlock (anonymous) at (1,1) size 205x18
                                  RenderText at (4,1) size 182x16
                                    text run at (4,1) width 182: "USE THIS JAVASCRIPT HERE"
                              RenderText {#text} at (0,0) size 0x0
            RenderTableCell {TD} at (239,2) size 758x40 [border: (1px solid #C0C0C0)] [r=0 c=1 rs=1 cs=1]
              RenderText {#text} at (2,2) size 754x35
                text run at (2,2) width 754: "KEEPoTHEoTEXToHEREoASoLONGoASoPOSSIBLEooKEEPoTHEoTEXToHEREoASoLONGoASoPOSSIBLE"
                text run at (2,20) width 608: "THIS SIMULATES THE PROBLEM ON THE WWW.MAPBLAST.COM/ \"CREATE MAP\""
layer at (28,29) size 169x16
  RenderBlock {DIV} at (2,3) size 169x16
    RenderText {#text} at (0,0) size 156x16
      text run at (0,0) width 156: "THIS NEEDS THIS VALUE"
