layer at (0,0) size 1033x600
  RenderView at (0,0) size 800x600
layer at (0,0) size 800x245
  RenderBlock {HTML} at (0,0) size 800x245
    RenderBody {BODY} at (8,8) size 784x229
      RenderBlock {DIV} at (0,0) size 784x22
        RenderBlock {P} at (5,0) size 774x22 [color=#FF000066]
          RenderText {#text} at (0,0) size 482x22
            text run at (0,0) width 482: "Check if the underline is thick enough for 20px"
      RenderBlock {DIV} at (0,27) size 784x46
        RenderBlock {P} at (5,0) size 774x46 [color=#FF000066]
          RenderText {#text} at (0,0) size 963x46
            text run at (0,0) width 963: "Check if the underline is thick enough for 40px"
      RenderBlock {P} at (5,78) size 774x22 [color=#FF000066]
        RenderText {#text} at (0,0) size 510x22
          text run at (0,0) width 510: "Check if the line-through is thick enough for 20px"
      RenderBlock {P} at (5,105) size 774x46 [color=#FF000066]
        RenderText {#text} at (0,0) size 1020x46
          text run at (0,0) width 1020: "Check if the line-through is thick enough for 40px"
      RenderBlock {P} at (5,156) size 774x22 [color=#FF000066]
        RenderText {#text} at (0,0) size 465x22
          text run at (0,0) width 465: "Check if the overline is thick enough for 20px"
      RenderBlock {P} at (5,183) size 774x46 [color=#FF000066]
        RenderText {#text} at (0,0) size 930x46
          text run at (0,0) width 930: "Check if the overline is thick enough for 40px"
