layer at (0,0) size 800x600
  RenderView at (0,0) size 800x600
layer at (0,0) size 800x600
  RenderBlock {HTML} at (0,0) size 800x600
    RenderBody {BODY} at (8,8) size 784x584
      RenderBlock {P} at (0,0) size 784x16
        RenderText {#text} at (456,0) size 328x16
          text run at (456,0) width 328: "This test tests bidi mirroring in Hebrew and Arabic"
      RenderBlock {P} at (0,32) size 784x16
        RenderText {#text} at (317,0) size 467x16
          text run at (317,0) width 467: "The parenthesis should be displayed as \"(...)...\" visually from left to right"
      RenderBlock {DIV} at (0,64) size 784x19
        RenderText {#text} at (750,3) size 34x16
          text run at (750,3) width 34 RTL: "\x{5E9}(\x{5E9})"
      RenderBlock {DIV} at (0,83) size 784x18
        RenderText {#text} at (762,2) size 22x16
          text run at (762,2) width 22 RTL: "\x{5C6}(\x{5C6})"
      RenderBlock {DIV} at (0,101) size 784x21
        RenderText {#text} at (758,3) size 26x16
          text run at (758,3) width 26 RTL: "\x{644}(\x{644})"
