layer at (0,0) size 800x600
  RenderView at (0,0) size 800x600
layer at (0,0) size 800x600
  RenderBlock {HTML} at (0,0) size 800x600
    RenderBody {BODY} at (8,8) size 784x576
      RenderBlock {P} at (0,0) size 784x32
        RenderText {#text} at (0,0) size 108x16
          text run at (0,0) width 108: "This is a test for "
        RenderInline {I} at (0,0) size 777x32
          RenderText {#text} at (107,0) size 777x32
            text run at (107,0) width 670: "http://bugzilla.opendarwin.org/show_bug.cgi?id=5980 Bidi properties of an inline container whose first"
            text run at (0,16) width 252: "child is an inline container are ignored"
        RenderText {#text} at (251,16) size 5x16
          text run at (251,16) width 5: "."
      RenderBlock {HR} at (0,48) size 784x2 [border: (1px inset #EEEEEE)]
      RenderBlock {P} at (0,66) size 784x16
        RenderText {#text} at (0,0) size 318x16
          text run at (0,0) width 318: "The following lines should read \x{201C}ABCDEFGHI\x{201D}:"
      RenderBlock {P} at (0,98) size 784x16
        RenderText {#text} at (0,0) size 33x16
          text run at (0,0) width 33: "ABC"
        RenderInline {SPAN} at (0,0) size 32x16
          RenderText {#text} at (32,0) size 32x16
            text run at (32,0) width 32 RTL override: "FED"
        RenderText {#text} at (63,0) size 29x16
          text run at (63,0) width 29: "GHI"
      RenderBlock {P} at (0,130) size 784x16
        RenderText {#text} at (0,0) size 33x16
          text run at (0,0) width 33: "ABC"
        RenderInline {SPAN} at (0,0) size 32x16
          RenderInline {SPAN} at (0,0) size 32x16
            RenderText {#text} at (32,0) size 32x16
              text run at (32,0) width 32 RTL override: "FED"
        RenderText {#text} at (63,0) size 29x16
          text run at (63,0) width 29: "GHI"
      RenderBlock {P} at (0,162) size 784x16
        RenderText {#text} at (0,0) size 33x16
          text run at (0,0) width 33: "ABC"
        RenderInline {SPAN} at (0,0) size 32x16
          RenderText {#text} at (54,0) size 10x16
            text run at (54,0) width 10 RTL override: "F"
          RenderInline {SPAN} at (0,0) size 23x16
            RenderText {#text} at (32,0) size 23x16
              text run at (32,0) width 23 RTL override: "ED"
        RenderText {#text} at (63,0) size 29x16
          text run at (63,0) width 29: "GHI"
      RenderBlock {P} at (0,194) size 784x16
        RenderText {#text} at (0,0) size 33x16
          text run at (0,0) width 33: "ABC"
        RenderInline {SPAN} at (0,0) size 32x16
          RenderText {#text} at (54,0) size 10x16
            text run at (54,0) width 10 RTL override: "F"
          RenderInline {SPAN} at (0,0) size 11x16
            RenderText {#text} at (44,0) size 11x16
              text run at (44,0) width 11 RTL override: "E"
          RenderText {#text} at (32,0) size 13x16
            text run at (32,0) width 13 RTL override: "D"
        RenderText {#text} at (63,0) size 29x16
          text run at (63,0) width 29: "GHI"
      RenderBlock {P} at (0,226) size 784x16
        RenderText {#text} at (0,0) size 33x16
          text run at (0,0) width 33: "ABC"
        RenderInline {SPAN} at (0,0) size 32x16
          RenderInline {SPAN} at (0,0) size 20x16
            RenderText {#text} at (44,0) size 20x16
              text run at (44,0) width 20 RTL override: "FE"
          RenderText {#text} at (32,0) size 13x16
            text run at (32,0) width 13 RTL override: "D"
        RenderText {#text} at (63,0) size 29x16
          text run at (63,0) width 29: "GHI"
      RenderBlock {P} at (0,258) size 784x16
        RenderInline {SPAN} at (0,0) size 92x16
          RenderText {#text} at (0,0) size 92x16
            text run at (0,0) width 92 RTL override: "IHGFEDCBA"
        RenderText {#text} at (0,0) size 0x0
      RenderBlock {P} at (0,290) size 784x16
        RenderInline {SPAN} at (0,0) size 92x16
          RenderText {#text} at (0,0) size 92x16
            text run at (0,0) width 92 RTL override: "IHGFEDCBA"
        RenderText {#text} at (0,0) size 0x0
      RenderBlock {HR} at (0,322) size 784x2 [border: (1px inset #EEEEEE)]
      RenderBlock (anonymous) at (0,332) size 784x16
        RenderText {#text} at (0,0) size 255x16
          text run at (0,0) width 255: "The following lines should be identical:"
      RenderBlock {P} at (0,364) size 784x19
        RenderText {#text} at (0,3) size 62x16
          text run at (0,3) width 25 RTL: "\x{5D3}\x{5D4}\x{5D5}"
          text run at (24,3) width 12: "(["
          text run at (35,3) width 27 RTL: "\x{202C}\x{5D0}\x{5D1}\x{5D2}"
          text run at (61,3) width 1: "\x{202A}"
      RenderBlock {P} at (0,399) size 784x19
        RenderText {#text} at (0,3) size 36x16
          text run at (0,3) width 25 RTL: "\x{5D3}\x{5D4}\x{5D5}"
          text run at (24,3) width 12: "(["
        RenderInline {SPAN} at (0,0) size 1x16
        RenderText {#text} at (35,3) size 27x16
          text run at (35,3) width 27 RTL: "\x{5D0}\x{5D1}\x{5D2}"
      RenderBlock {P} at (0,434) size 784x19
        RenderText {#text} at (0,3) size 36x16
          text run at (0,3) width 25 RTL: "\x{5D3}\x{5D4}\x{5D5}"
          text run at (24,3) width 12: "(["
        RenderInline {SPAN} at (0,0) size 1x16
          RenderInline {SPAN} at (0,0) size 1x16
        RenderText {#text} at (35,3) size 27x16
          text run at (35,3) width 27 RTL: "\x{5D0}\x{5D1}\x{5D2}"
      RenderBlock {P} at (0,469) size 784x19
        RenderText {#text} at (0,3) size 36x16
          text run at (0,3) width 25 RTL: "\x{5D3}\x{5D4}\x{5D5}"
          text run at (24,3) width 12: "(["
        RenderInline {SPAN} at (0,0) size 27x16
          RenderInline {SPAN} at (0,0) size 1x16
        RenderText {#text} at (35,3) size 27x16
          text run at (35,3) width 27 RTL: "\x{5D0}\x{5D1}\x{5D2}"
