layer at (0,0) size 800x600
  RenderView at (0,0) size 800x600
layer at (0,0) size 800x546
  RenderBlock {HTML} at (0,0) size 800x545.88
    RenderBody {BODY} at (8,21.44) size 784x508.44
      RenderBlock {H1} at (0,0) size 784x32
        RenderText {#text} at (0,0) size 424x32
          text run at (0,0) width 424: "Bidirectional Text Test 2 - CSS"
      RenderBlock {P} at (0,53.44) size 784x16
        RenderText {#text} at (0,0) size 134x16
          text run at (0,0) width 134: "This test is based on "
        RenderInline {A} at (0,0) size 119x16 [color=#0000EE]
          RenderText {#text} at (133,0) size 119x16
            text run at (133,0) width 119: "CSS2 section 9.10"
        RenderText {#text} at (251,0) size 32x16
          text run at (251,0) width 32: " and "
        RenderInline {A} at (0,0) size 64x16 [color=#0000EE]
          RenderText {#text} at (282,0) size 64x16
            text run at (282,0) width 64: "Chapter 3"
        RenderText {#text} at (345,0) size 46x16
          text run at (345,0) width 46: " of the "
        RenderInline {A} at (0,0) size 116x16 [color=#0000EE]
          RenderText {#text} at (390,0) size 116x16
            text run at (390,0) width 116: "Unicode Standard"
        RenderText {#text} at (505,0) size 5x16
          text run at (505,0) width 5: "."
      RenderBlock {P} at (0,85.44) size 784x32
        RenderText {#text} at (0,0) size 68x16
          text run at (0,0) width 68: "See also a "
        RenderInline {A} at (0,0) size 233x16 [color=#0000EE]
          RenderText {#text} at (67,0) size 233x16
            text run at (67,0) width 233: "test for the same concepts in HTML"
        RenderText {#text} at (299,0) size 43x16
          text run at (299,0) width 43: " and a "
        RenderInline {A} at (0,0) size 748x32 [color=#0000EE]
          RenderText {#text} at (341,0) size 748x32
            text run at (341,0) width 407: "test for the same concepts using Unicode directional formatting"
            text run at (0,16) width 37: "codes"
        RenderText {#text} at (36,16) size 5x16
          text run at (36,16) width 5: "."
      RenderBlock {P} at (0,133.44) size 784x16
        RenderText {#text} at (0,0) size 287x16
          text run at (0,0) width 287: "In each box, all the lines should be the same."
      RenderBlock (anonymous) at (0,165.44) size 784x237
        RenderBlock {DIV} at (3,16) size 99.56x152 [border: (1px solid #008000)]
          RenderBlock {P} at (4,4) size 91.56x16
            RenderText {#text} at (0,0) size 92x16
              text run at (0,0) width 92: "ABCDEFGHI"
          RenderBlock {P} at (4,20) size 91.56x16
            RenderText {#text} at (0,0) size 92x16
              text run at (0,0) width 92: "ABCDEFGHI"
          RenderBlock {P} at (4,36) size 91.56x16
            RenderText {#text} at (0,0) size 33x16
              text run at (0,0) width 33: "ABC"
            RenderInline {SPAN} at (0,0) size 32x16
              RenderText {#text} at (32,0) size 32x16
                text run at (32,0) width 32: "DEF"
            RenderText {#text} at (63,0) size 29x16
              text run at (63,0) width 29: "GHI"
          RenderBlock {P} at (4,52) size 91.56x16
            RenderText {#text} at (0,0) size 92x16
              text run at (0,0) width 92 RTL override: "IHGFEDCBA"
          RenderBlock {P} at (4,68) size 91.56x16
            RenderText {#text} at (63,0) size 29x16
              text run at (63,0) width 29 RTL override: "IHG"
            RenderInline {SPAN} at (0,0) size 32x16
              RenderText {#text} at (32,0) size 32x16
                text run at (32,0) width 32 RTL override: "FED"
            RenderText {#text} at (0,0) size 33x16
              text run at (0,0) width 33 RTL override: "CBA"
          RenderBlock {P} at (4,84) size 91.56x16
            RenderText {#text} at (63,0) size 29x16
              text run at (63,0) width 29 RTL override: "IHG"
            RenderInline {SPAN} at (0,0) size 32x16
              RenderText {#text} at (32,0) size 32x16
                text run at (32,0) width 32: "DEF"
            RenderText {#text} at (0,0) size 33x16
              text run at (0,0) width 33 RTL override: "CBA"
          RenderBlock {P} at (4,100) size 91.56x16
            RenderText {#text} at (63,0) size 29x16
              text run at (63,0) width 29 RTL override: "IHG"
            RenderInline {SPAN} at (0,0) size 32x16
              RenderText {#text} at (32,0) size 32x16
                text run at (32,0) width 32 RTL override: "FED"
            RenderText {#text} at (0,0) size 33x16
              text run at (0,0) width 33 RTL override: "CBA"
          RenderBlock {P} at (4,116) size 91.56x16
            RenderText {#text} at (63,0) size 29x16
              text run at (63,0) width 29 RTL override: "IHG"
            RenderInline {SPAN} at (0,0) size 32x16
              RenderText {#text} at (32,0) size 32x16
                text run at (32,0) width 32 RTL override: "FED"
            RenderText {#text} at (0,0) size 33x16
              text run at (0,0) width 33 RTL override: "CBA"
          RenderBlock {P} at (4,132) size 91.56x16
            RenderText {#text} at (63,0) size 29x16
              text run at (63,0) width 29 RTL override: "IHG"
            RenderInline {SPAN} at (0,0) size 32x16
              RenderText {#text} at (32,0) size 32x16
                text run at (32,0) width 32 LTR override: "DEF"
            RenderText {#text} at (0,0) size 33x16
              text run at (0,0) width 33 RTL override: "CBA"
        RenderText {#text} at (105,84) size 5x16
          text run at (105,84) width 5: " "
        RenderBlock {DIV} at (112.56,50) size 36x84 [border: (1px solid #008000)]
          RenderTable {TABLE} at (4,4) size 28x19
            RenderTableSection {TBODY} at (0,0) size 28x19
              RenderTableRow {TR} at (0,0) size 28x19
                RenderTableCell {TD} at (0,0) size 7x19 [r=0 c=0 rs=1 cs=1]
                  RenderText {#text} at (0,3) size 7x16
                    text run at (0,3) width 7 RTL: "\x{5D2}"
                RenderTableCell {TD} at (7,0) size 10x19 [r=0 c=1 rs=1 cs=1]
                  RenderText {#text} at (0,3) size 10x16
                    text run at (0,3) width 10 RTL: "\x{5D1}"
                RenderTableCell {TD} at (17,0) size 11x19 [r=0 c=2 rs=1 cs=1]
                  RenderText {#text} at (0,3) size 11x16
                    text run at (0,3) width 11 RTL: "\x{5D0}"
          RenderBlock {P} at (4,23) size 28x19
            RenderText {#text} at (0,3) size 27x16
              text run at (0,3) width 27 RTL: "\x{5D0}\x{5D1}\x{5D2}"
          RenderBlock {P} at (4,42) size 28x19
            RenderText {#text} at (0,3) size 27x16
              text run at (0,3) width 27 RTL: "\x{5D0}\x{5D1}\x{5D2}"
          RenderBlock {P} at (4,61) size 28x19
            RenderText {#text} at (0,3) size 27x16
              text run at (0,3) width 27 LTR override: "\x{5D2}\x{5D1}\x{5D0}"
        RenderText {#text} at (151,84) size 5x16
          text run at (151,84) width 5: " "
        RenderBlock {DIV} at (158.56,60) size 105x65 [border: (1px solid #008000)]
          RenderTable {TABLE} at (4,4) size 97x19
            RenderTableSection {TBODY} at (0,0) size 97x19
              RenderTableRow {TR} at (0,0) size 97x19
                RenderTableCell {TD} at (0,0) size 7x19 [r=0 c=0 rs=1 cs=1]
                  RenderText {#text} at (0,3) size 7x16
                    text run at (0,3) width 7 RTL: "\x{5D2}"
                RenderTableCell {TD} at (7,0) size 10x19 [r=0 c=1 rs=1 cs=1]
                  RenderText {#text} at (0,3) size 10x16
                    text run at (0,3) width 10 RTL: "\x{5D1}"
                RenderTableCell {TD} at (17,0) size 11x19 [r=0 c=2 rs=1 cs=1]
                  RenderText {#text} at (0,3) size 11x16
                    text run at (0,3) width 11 RTL: "\x{5D0}"
                RenderTableCell {TD} at (28,1) size 4x16 [r=0 c=3 rs=1 cs=1]
                  RenderText {#text} at (0,0) size 4x16
                    text run at (0,0) width 4: " "
                RenderTableCell {TD} at (32,1) size 12x16 [r=0 c=4 rs=1 cs=1]
                  RenderText {#text} at (0,0) size 12x16
                    text run at (0,0) width 12: "A"
                RenderTableCell {TD} at (44,1) size 11x16 [r=0 c=5 rs=1 cs=1]
                  RenderText {#text} at (0,0) size 11x16
                    text run at (0,0) width 11: "B"
                RenderTableCell {TD} at (55,1) size 11x16 [r=0 c=6 rs=1 cs=1]
                  RenderText {#text} at (0,0) size 11x16
                    text run at (0,0) width 11: "C"
                RenderTableCell {TD} at (66,1) size 4x16 [r=0 c=7 rs=1 cs=1]
                  RenderText {#text} at (0,0) size 4x16
                    text run at (0,0) width 4: " "
                RenderTableCell {TD} at (70,0) size 6x19 [r=0 c=8 rs=1 cs=1]
                  RenderText {#text} at (0,3) size 6x16
                    text run at (0,3) width 6 RTL: "\x{5D5}"
                RenderTableCell {TD} at (76,0) size 12x19 [r=0 c=9 rs=1 cs=1]
                  RenderText {#text} at (0,3) size 12x16
                    text run at (0,3) width 12 RTL: "\x{5D4}"
                RenderTableCell {TD} at (88,0) size 9x19 [r=0 c=10 rs=1 cs=1]
                  RenderText {#text} at (0,3) size 9x16
                    text run at (0,3) width 9 RTL: "\x{5D3}"
          RenderBlock {P} at (4,23) size 97x19
            RenderText {#text} at (0,3) size 92x16
              text run at (0,3) width 27 RTL: "\x{5D0}\x{5D1}\x{5D2}"
              text run at (26,3) width 42: " ABC "
              text run at (67,3) width 25 RTL: "\x{5D3}\x{5D4}\x{5D5}"
          RenderBlock {P} at (4,42) size 97x19
            RenderText {#text} at (0,3) size 92x16
              text run at (0,3) width 31 RTL: " \x{5D0}\x{5D1}\x{5D2}"
              text run at (30,3) width 34: "ABC"
              text run at (63,3) width 29 RTL: "\x{5D3}\x{5D4}\x{5D5} "
        RenderText {#text} at (266,84) size 5x16
          text run at (266,84) width 5: " "
        RenderBlock {DIV} at (273.56,3) size 173x179 [border: (1px solid #008000)]
          RenderTable {TABLE} at (4,4) size 165x19
            RenderTableSection {TBODY} at (0,0) size 165x19
              RenderTableRow {TR} at (0,0) size 165x19
                RenderTableCell {TD} at (0,0) size 7x19 [r=0 c=0 rs=1 cs=1]
                  RenderText {#text} at (0,3) size 7x16
                    text run at (0,3) width 7 RTL: "\x{5D2}"
                RenderTableCell {TD} at (7,0) size 10x19 [r=0 c=1 rs=1 cs=1]
                  RenderText {#text} at (0,3) size 10x16
                    text run at (0,3) width 10 RTL: "\x{5D1}"
                RenderTableCell {TD} at (17,0) size 11x19 [r=0 c=2 rs=1 cs=1]
                  RenderText {#text} at (0,3) size 11x16
                    text run at (0,3) width 11 RTL: "\x{5D0}"
                RenderTableCell {TD} at (28,1) size 4x16 [r=0 c=3 rs=1 cs=1]
                  RenderText {#text} at (0,0) size 4x16
                    text run at (0,0) width 4: " "
                RenderTableCell {TD} at (32,1) size 12x16 [r=0 c=4 rs=1 cs=1]
                  RenderText {#text} at (0,0) size 12x16
                    text run at (0,0) width 12: "A"
                RenderTableCell {TD} at (44,1) size 11x16 [r=0 c=5 rs=1 cs=1]
                  RenderText {#text} at (0,0) size 11x16
                    text run at (0,0) width 11: "B"
                RenderTableCell {TD} at (55,1) size 11x16 [r=0 c=6 rs=1 cs=1]
                  RenderText {#text} at (0,0) size 11x16
                    text run at (0,0) width 11: "C"
                RenderTableCell {TD} at (66,1) size 4x16 [r=0 c=7 rs=1 cs=1]
                  RenderText {#text} at (0,0) size 4x16
                    text run at (0,0) width 4: " "
                RenderTableCell {TD} at (70,0) size 6x19 [r=0 c=8 rs=1 cs=1]
                  RenderText {#text} at (0,3) size 6x16
                    text run at (0,3) width 6 RTL: "\x{5D5}"
                RenderTableCell {TD} at (76,0) size 12x19 [r=0 c=9 rs=1 cs=1]
                  RenderText {#text} at (0,3) size 12x16
                    text run at (0,3) width 12 RTL: "\x{5D4}"
                RenderTableCell {TD} at (88,0) size 9x19 [r=0 c=10 rs=1 cs=1]
                  RenderText {#text} at (0,3) size 9x16
                    text run at (0,3) width 9 RTL: "\x{5D3}"
                RenderTableCell {TD} at (97,1) size 4x16 [r=0 c=11 rs=1 cs=1]
                  RenderText {#text} at (0,0) size 4x16
                    text run at (0,0) width 4: " "
                RenderTableCell {TD} at (101,1) size 12x16 [r=0 c=12 rs=1 cs=1]
                  RenderText {#text} at (0,0) size 12x16
                    text run at (0,0) width 12: "D"
                RenderTableCell {TD} at (113,1) size 10x16 [r=0 c=13 rs=1 cs=1]
                  RenderText {#text} at (0,0) size 10x16
                    text run at (0,0) width 10: "E"
                RenderTableCell {TD} at (123,1) size 9x16 [r=0 c=14 rs=1 cs=1]
                  RenderText {#text} at (0,0) size 9x16
                    text run at (0,0) width 9: "F"
                RenderTableCell {TD} at (132,1) size 4x16 [r=0 c=15 rs=1 cs=1]
                  RenderText {#text} at (0,0) size 4x16
                    text run at (0,0) width 4: " "
                RenderTableCell {TD} at (136,0) size 11x19 [r=0 c=16 rs=1 cs=1]
                  RenderText {#text} at (0,3) size 11x16
                    text run at (0,3) width 11 RTL: "\x{5D8}"
                RenderTableCell {TD} at (147,0) size 12x19 [r=0 c=17 rs=1 cs=1]
                  RenderText {#text} at (0,3) size 12x16
                    text run at (0,3) width 12 RTL: "\x{5D7}"
                RenderTableCell {TD} at (159,0) size 6x19 [r=0 c=18 rs=1 cs=1]
                  RenderText {#text} at (0,3) size 6x16
                    text run at (0,3) width 6 RTL: "\x{5D6}"
          RenderBlock {P} at (4,23) size 165x19
            RenderText {#text} at (0,3) size 157x16
              text run at (0,3) width 27 RTL: "\x{5D0}\x{5D1}\x{5D2}"
              text run at (26,3) width 42: " ABC "
              text run at (67,3) width 25 RTL: "\x{5D3}\x{5D4}\x{5D5}"
              text run at (91,3) width 39: " DEF "
              text run at (129,3) width 28 RTL: "\x{5D6}\x{5D7}\x{5D8}"
          RenderBlock {P} at (4,42) size 165x19
            RenderText {#text} at (0,3) size 31x16
              text run at (0,3) width 27 RTL: "\x{5D0}\x{5D1}\x{5D2}"
              text run at (26,3) width 5: " "
            RenderInline {SPAN} at (0,0) size 62x16
              RenderText {#text} at (30,3) size 62x16
                text run at (30,3) width 38: "ABC "
                text run at (67,3) width 25 RTL: "\x{5D3}\x{5D4}\x{5D5}"
            RenderText {#text} at (91,3) size 66x16
              text run at (91,3) width 39: " DEF "
              text run at (129,3) width 28 RTL: "\x{5D6}\x{5D7}\x{5D8}"
          RenderBlock {P} at (4,61) size 165x19
            RenderText {#text} at (0,3) size 31x16
              text run at (0,3) width 27 RTL: "\x{5D0}\x{5D1}\x{5D2}"
              text run at (26,3) width 5: " "
            RenderInline {SPAN} at (0,0) size 96x16
              RenderText {#text} at (30,3) size 96x16
                text run at (30,3) width 38: "ABC "
                text run at (67,3) width 25 RTL: "\x{5D3}\x{5D4}\x{5D5}"
                text run at (91,3) width 35: " DEF"
            RenderText {#text} at (125,3) size 32x16
              text run at (125,3) width 5: " "
              text run at (129,3) width 28 RTL: "\x{5D6}\x{5D7}\x{5D8}"
          RenderBlock {P} at (4,80) size 165x19
            RenderText {#text} at (125,3) size 32x16
              text run at (125,3) width 32 RTL: "\x{5D6}\x{5D7}\x{5D8} "
            RenderInline {SPAN} at (0,0) size 96x16
              RenderText {#text} at (30,3) size 96x16
                text run at (30,3) width 34: "ABC"
                text run at (63,3) width 33 RTL: " \x{5D3}\x{5D4}\x{5D5} "
                text run at (95,3) width 31: "DEF"
            RenderText {#text} at (0,3) size 31x16
              text run at (0,3) width 31 RTL: " \x{5D0}\x{5D1}\x{5D2}"
          RenderBlock {P} at (4,99) size 165x19
            RenderText {#text} at (63,3) size 29x16
              text run at (63,3) width 29 RTL: "\x{5D3}\x{5D4}\x{5D5} "
            RenderInline {SPAN} at (0,0) size 64x16
              RenderText {#text} at (0,3) size 64x16
                text run at (0,3) width 31 RTL: " \x{5D0}\x{5D1}\x{5D2}"
                text run at (30,3) width 34: "ABC"
            RenderText {#text} at (91,3) size 66x16
              text run at (91,3) width 39: " DEF "
              text run at (129,3) width 28 RTL: "\x{5D6}\x{5D7}\x{5D8}"
          RenderBlock {P} at (4,118) size 165x19
            RenderText {#text} at (63,3) size 29x16
              text run at (63,3) width 29 RTL: "\x{5D3}\x{5D4}\x{5D5} "
            RenderInline {SPAN} at (0,0) size 64x16
              RenderText {#text} at (0,3) size 64x16
                text run at (0,3) width 64 RTL override: "CBA \x{5D0}\x{5D1}\x{5D2}"
            RenderText {#text} at (91,3) size 66x16
              text run at (91,3) width 39: " DEF "
              text run at (129,3) width 28 RTL: "\x{5D6}\x{5D7}\x{5D8}"
          RenderBlock {P} at (4,137) size 165x19
            RenderText {#text} at (0,3) size 31x16
              text run at (0,3) width 27 RTL: "\x{5D0}\x{5D1}\x{5D2}"
              text run at (26,3) width 5: " "
            RenderInline {SPAN} at (0,0) size 62x16
              RenderText {#text} at (30,3) size 62x16
                text run at (30,3) width 62 LTR override: "ABC \x{5D5}\x{5D4}\x{5D3}"
            RenderText {#text} at (91,3) size 66x16
              text run at (91,3) width 39: " DEF "
              text run at (129,3) width 28 RTL: "\x{5D6}\x{5D7}\x{5D8}"
          RenderBlock {P} at (4,156) size 165x19
            RenderText {#text} at (125,3) size 32x16
              text run at (125,3) width 32 RTL: "\x{5D6}\x{5D7}\x{5D8} "
            RenderInline {SPAN} at (0,0) size 62x16
              RenderText {#text} at (30,3) size 62x16
                text run at (30,3) width 62 LTR override: "ABC \x{5D5}\x{5D4}\x{5D3}"
            RenderText {#text} at (0,3) size 126x16
              text run at (0,3) width 31 RTL: " \x{5D0}\x{5D1}\x{5D2}"
              text run at (91,3) width 35: " DEF"
        RenderText {#text} at (449,84) size 5x16
          text run at (449,84) width 5: " "
        RenderBlock {DIV} at (456.56,69) size 207x46 [border: (1px solid #008000)]
          RenderTable {TABLE} at (4,4) size 199x19
            RenderTableSection {TBODY} at (0,0) size 199x19
              RenderTableRow {TR} at (0,0) size 199x19
                RenderTableCell {TD} at (0,0) size 7x19 [r=0 c=0 rs=1 cs=1]
                  RenderText {#text} at (0,3) size 7x16
                    text run at (0,3) width 7 RTL: "\x{5D2}"
                RenderTableCell {TD} at (7,0) size 10x19 [r=0 c=1 rs=1 cs=1]
                  RenderText {#text} at (0,3) size 10x16
                    text run at (0,3) width 10 RTL: "\x{5D1}"
                RenderTableCell {TD} at (17,0) size 11x19 [r=0 c=2 rs=1 cs=1]
                  RenderText {#text} at (0,3) size 11x16
                    text run at (0,3) width 11 RTL: "\x{5D0}"
                RenderTableCell {TD} at (28,1) size 4x16 [r=0 c=3 rs=1 cs=1]
                  RenderText {#text} at (0,0) size 4x16
                    text run at (0,0) width 4: " "
                RenderTableCell {TD} at (32,1) size 12x16 [r=0 c=4 rs=1 cs=1]
                  RenderText {#text} at (0,0) size 12x16
                    text run at (0,0) width 12: "A"
                RenderTableCell {TD} at (44,1) size 11x16 [r=0 c=5 rs=1 cs=1]
                  RenderText {#text} at (0,0) size 11x16
                    text run at (0,0) width 11: "B"
                RenderTableCell {TD} at (55,1) size 11x16 [r=0 c=6 rs=1 cs=1]
                  RenderText {#text} at (0,0) size 11x16
                    text run at (0,0) width 11: "C"
                RenderTableCell {TD} at (66,1) size 4x16 [r=0 c=7 rs=1 cs=1]
                  RenderText {#text} at (0,0) size 4x16
                    text run at (0,0) width 4: " "
                RenderTableCell {TD} at (70,0) size 6x19 [r=0 c=8 rs=1 cs=1]
                  RenderText {#text} at (0,3) size 6x16
                    text run at (0,3) width 6 RTL: "\x{5D5}"
                RenderTableCell {TD} at (76,0) size 12x19 [r=0 c=9 rs=1 cs=1]
                  RenderText {#text} at (0,3) size 12x16
                    text run at (0,3) width 12 RTL: "\x{5D4}"
                RenderTableCell {TD} at (88,0) size 9x19 [r=0 c=10 rs=1 cs=1]
                  RenderText {#text} at (0,3) size 9x16
                    text run at (0,3) width 9 RTL: "\x{5D3}"
                RenderTableCell {TD} at (97,1) size 4x16 [r=0 c=11 rs=1 cs=1]
                  RenderText {#text} at (0,0) size 4x16
                    text run at (0,0) width 4: " "
                RenderTableCell {TD} at (101,1) size 12x16 [r=0 c=12 rs=1 cs=1]
                  RenderText {#text} at (0,0) size 12x16
                    text run at (0,0) width 12: "D"
                RenderTableCell {TD} at (113,1) size 10x16 [r=0 c=13 rs=1 cs=1]
                  RenderText {#text} at (0,0) size 10x16
                    text run at (0,0) width 10: "E"
                RenderTableCell {TD} at (123,1) size 9x16 [r=0 c=14 rs=1 cs=1]
                  RenderText {#text} at (0,0) size 9x16
                    text run at (0,0) width 9: "F"
                RenderTableCell {TD} at (132,1) size 4x16 [r=0 c=15 rs=1 cs=1]
                  RenderText {#text} at (0,0) size 4x16
                    text run at (0,0) width 4: " "
                RenderTableCell {TD} at (136,1) size 12x16 [r=0 c=16 rs=1 cs=1]
                  RenderText {#text} at (0,0) size 12x16
                    text run at (0,0) width 12: "G"
                RenderTableCell {TD} at (148,1) size 12x16 [r=0 c=17 rs=1 cs=1]
                  RenderText {#text} at (0,0) size 12x16
                    text run at (0,0) width 12: "H"
                RenderTableCell {TD} at (160,1) size 6x16 [r=0 c=18 rs=1 cs=1]
                  RenderText {#text} at (0,0) size 6x16
                    text run at (0,0) width 6: "I"
                RenderTableCell {TD} at (166,1) size 4x16 [r=0 c=19 rs=1 cs=1]
                  RenderText {#text} at (0,0) size 4x16
                    text run at (0,0) width 4: " "
                RenderTableCell {TD} at (170,0) size 11x19 [r=0 c=20 rs=1 cs=1]
                  RenderText {#text} at (0,3) size 11x16
                    text run at (0,3) width 11 RTL: "\x{5D8}"
                RenderTableCell {TD} at (181,0) size 12x19 [r=0 c=21 rs=1 cs=1]
                  RenderText {#text} at (0,3) size 12x16
                    text run at (0,3) width 12 RTL: "\x{5D7}"
                RenderTableCell {TD} at (193,0) size 6x19 [r=0 c=22 rs=1 cs=1]
                  RenderText {#text} at (0,3) size 6x16
                    text run at (0,3) width 6 RTL: "\x{5D6}"
          RenderBlock {P} at (4,23) size 199x19
            RenderText {#text} at (0,3) size 190x16
              text run at (0,3) width 27 RTL: "\x{5D0}\x{5D1}\x{5D2}"
              text run at (26,3) width 42: " ABC "
              text run at (67,3) width 25 RTL: "\x{5D3}\x{5D4}\x{5D5}"
              text run at (91,3) width 72: " DEF GHI "
              text run at (162,3) width 28 RTL: "\x{5D6}\x{5D7}\x{5D8}"
        RenderText {#text} at (666,84) size 5x16
          text run at (666,84) width 5: " "
        RenderBR {BR} at (0,0) size 0x0
        RenderBlock {DIV} at (3,188) size 207x46 [border: (1px solid #008000)]
          RenderTable {TABLE} at (4,4) size 199x19
            RenderTableSection {TBODY} at (0,0) size 199x19
              RenderTableRow {TR} at (0,0) size 199x19
                RenderTableCell {TD} at (0,1) size 9x16 [r=0 c=0 rs=1 cs=1]
                  RenderText {#text} at (0,0) size 9x16
                    text run at (0,0) width 9: "F"
                RenderTableCell {TD} at (9,1) size 10x16 [r=0 c=1 rs=1 cs=1]
                  RenderText {#text} at (0,0) size 10x16
                    text run at (0,0) width 10: "E"
                RenderTableCell {TD} at (19,1) size 12x16 [r=0 c=2 rs=1 cs=1]
                  RenderText {#text} at (0,0) size 12x16
                    text run at (0,0) width 12: "D"
                RenderTableCell {TD} at (31,1) size 4x16 [r=0 c=3 rs=1 cs=1]
                  RenderText {#text} at (0,0) size 4x16
                    text run at (0,0) width 4: " "
                RenderTableCell {TD} at (35,0) size 6x19 [r=0 c=4 rs=1 cs=1]
                  RenderText {#text} at (0,3) size 6x16
                    text run at (0,3) width 6 RTL: "\x{5D5}"
                RenderTableCell {TD} at (41,0) size 12x19 [r=0 c=5 rs=1 cs=1]
                  RenderText {#text} at (0,3) size 12x16
                    text run at (0,3) width 12 RTL: "\x{5D4}"
                RenderTableCell {TD} at (53,0) size 9x19 [r=0 c=6 rs=1 cs=1]
                  RenderText {#text} at (0,3) size 9x16
                    text run at (0,3) width 9 RTL: "\x{5D3}"
                RenderTableCell {TD} at (62,1) size 4x16 [r=0 c=7 rs=1 cs=1]
                  RenderText {#text} at (0,0) size 4x16
                    text run at (0,0) width 4: " "
                RenderTableCell {TD} at (66,1) size 11x16 [r=0 c=8 rs=1 cs=1]
                  RenderText {#text} at (0,0) size 11x16
                    text run at (0,0) width 11: "C"
                RenderTableCell {TD} at (77,1) size 11x16 [r=0 c=9 rs=1 cs=1]
                  RenderText {#text} at (0,0) size 11x16
                    text run at (0,0) width 11: "B"
                RenderTableCell {TD} at (88,1) size 12x16 [r=0 c=10 rs=1 cs=1]
                  RenderText {#text} at (0,0) size 12x16
                    text run at (0,0) width 12: "A"
                RenderTableCell {TD} at (100,1) size 4x16 [r=0 c=11 rs=1 cs=1]
                  RenderText {#text} at (0,0) size 4x16
                    text run at (0,0) width 4: " "
                RenderTableCell {TD} at (104,0) size 7x19 [r=0 c=12 rs=1 cs=1]
                  RenderText {#text} at (0,3) size 7x16
                    text run at (0,3) width 7 RTL: "\x{5D2}"
                RenderTableCell {TD} at (111,0) size 10x19 [r=0 c=13 rs=1 cs=1]
                  RenderText {#text} at (0,3) size 10x16
                    text run at (0,3) width 10 RTL: "\x{5D1}"
                RenderTableCell {TD} at (121,0) size 11x19 [r=0 c=14 rs=1 cs=1]
                  RenderText {#text} at (0,3) size 11x16
                    text run at (0,3) width 11 RTL: "\x{5D0}"
                RenderTableCell {TD} at (132,1) size 4x16 [r=0 c=15 rs=1 cs=1]
                  RenderText {#text} at (0,0) size 4x16
                    text run at (0,0) width 4: " "
                RenderTableCell {TD} at (136,1) size 12x16 [r=0 c=16 rs=1 cs=1]
                  RenderText {#text} at (0,0) size 12x16
                    text run at (0,0) width 12: "G"
                RenderTableCell {TD} at (148,1) size 12x16 [r=0 c=17 rs=1 cs=1]
                  RenderText {#text} at (0,0) size 12x16
                    text run at (0,0) width 12: "H"
                RenderTableCell {TD} at (160,1) size 6x16 [r=0 c=18 rs=1 cs=1]
                  RenderText {#text} at (0,0) size 6x16
                    text run at (0,0) width 6: "I"
                RenderTableCell {TD} at (166,1) size 4x16 [r=0 c=19 rs=1 cs=1]
                  RenderText {#text} at (0,0) size 4x16
                    text run at (0,0) width 4: " "
                RenderTableCell {TD} at (170,0) size 11x19 [r=0 c=20 rs=1 cs=1]
                  RenderText {#text} at (0,3) size 11x16
                    text run at (0,3) width 11 RTL: "\x{5D8}"
                RenderTableCell {TD} at (181,0) size 12x19 [r=0 c=21 rs=1 cs=1]
                  RenderText {#text} at (0,3) size 12x16
                    text run at (0,3) width 12 RTL: "\x{5D7}"
                RenderTableCell {TD} at (193,0) size 6x19 [r=0 c=22 rs=1 cs=1]
                  RenderText {#text} at (0,3) size 6x16
                    text run at (0,3) width 6 RTL: "\x{5D6}"
          RenderBlock {P} at (4,23) size 199x19
            RenderText {#text} at (95,3) size 31x16
              text run at (95,3) width 31 RTL: "\x{5D0}\x{5D1}\x{5D2} "
            RenderInline {SPAN} at (0,0) size 96x16
              RenderText {#text} at (0,3) size 96x16
                text run at (0,3) width 96 RTL override: "ABC \x{5D3}\x{5D4}\x{5D5} DEF"
            RenderText {#text} at (125,3) size 65x16
              text run at (125,3) width 38: " GHI "
              text run at (162,3) width 28 RTL: "\x{5D6}\x{5D7}\x{5D8}"
        RenderText {#text} at (213,203) size 4x16
          text run at (213,203) width 4: " "
        RenderBlock {DIV} at (220,188) size 207x46 [border: (1px solid #008000)]
          RenderTable {TABLE} at (4,4) size 199x19
            RenderTableSection {TBODY} at (0,0) size 199x19
              RenderTableRow {TR} at (0,0) size 199x19
                RenderTableCell {TD} at (0,0) size 7x19 [r=0 c=0 rs=1 cs=1]
                  RenderText {#text} at (0,3) size 7x16
                    text run at (0,3) width 7 RTL: "\x{5D2}"
                RenderTableCell {TD} at (7,0) size 10x19 [r=0 c=1 rs=1 cs=1]
                  RenderText {#text} at (0,3) size 10x16
                    text run at (0,3) width 10 RTL: "\x{5D1}"
                RenderTableCell {TD} at (17,0) size 11x19 [r=0 c=2 rs=1 cs=1]
                  RenderText {#text} at (0,3) size 11x16
                    text run at (0,3) width 11 RTL: "\x{5D0}"
                RenderTableCell {TD} at (28,1) size 4x16 [r=0 c=3 rs=1 cs=1]
                  RenderText {#text} at (0,0) size 4x16
                    text run at (0,0) width 4: " "
                RenderTableCell {TD} at (32,1) size 12x16 [r=0 c=4 rs=1 cs=1]
                  RenderText {#text} at (0,0) size 12x16
                    text run at (0,0) width 12: "A"
                RenderTableCell {TD} at (44,1) size 11x16 [r=0 c=5 rs=1 cs=1]
                  RenderText {#text} at (0,0) size 11x16
                    text run at (0,0) width 11: "B"
                RenderTableCell {TD} at (55,1) size 11x16 [r=0 c=6 rs=1 cs=1]
                  RenderText {#text} at (0,0) size 11x16
                    text run at (0,0) width 11: "C"
                RenderTableCell {TD} at (66,1) size 4x16 [r=0 c=7 rs=1 cs=1]
                  RenderText {#text} at (0,0) size 4x16
                    text run at (0,0) width 4: " "
                RenderTableCell {TD} at (70,1) size 9x16 [r=0 c=8 rs=1 cs=1]
                  RenderText {#text} at (0,0) size 9x16
                    text run at (0,0) width 9: "F"
                RenderTableCell {TD} at (79,1) size 10x16 [r=0 c=9 rs=1 cs=1]
                  RenderText {#text} at (0,0) size 10x16
                    text run at (0,0) width 10: "E"
                RenderTableCell {TD} at (89,1) size 12x16 [r=0 c=10 rs=1 cs=1]
                  RenderText {#text} at (0,0) size 12x16
                    text run at (0,0) width 12: "D"
                RenderTableCell {TD} at (101,1) size 4x16 [r=0 c=11 rs=1 cs=1]
                  RenderText {#text} at (0,0) size 4x16
                    text run at (0,0) width 4: " "
                RenderTableCell {TD} at (105,0) size 6x19 [r=0 c=12 rs=1 cs=1]
                  RenderText {#text} at (0,3) size 6x16
                    text run at (0,3) width 6 RTL: "\x{5D5}"
                RenderTableCell {TD} at (111,0) size 12x19 [r=0 c=13 rs=1 cs=1]
                  RenderText {#text} at (0,3) size 12x16
                    text run at (0,3) width 12 RTL: "\x{5D4}"
                RenderTableCell {TD} at (123,0) size 9x19 [r=0 c=14 rs=1 cs=1]
                  RenderText {#text} at (0,3) size 9x16
                    text run at (0,3) width 9 RTL: "\x{5D3}"
                RenderTableCell {TD} at (132,1) size 4x16 [r=0 c=15 rs=1 cs=1]
                  RenderText {#text} at (0,0) size 4x16
                    text run at (0,0) width 4: " "
                RenderTableCell {TD} at (136,1) size 12x16 [r=0 c=16 rs=1 cs=1]
                  RenderText {#text} at (0,0) size 12x16
                    text run at (0,0) width 12: "G"
                RenderTableCell {TD} at (148,1) size 12x16 [r=0 c=17 rs=1 cs=1]
                  RenderText {#text} at (0,0) size 12x16
                    text run at (0,0) width 12: "H"
                RenderTableCell {TD} at (160,1) size 6x16 [r=0 c=18 rs=1 cs=1]
                  RenderText {#text} at (0,0) size 6x16
                    text run at (0,0) width 6: "I"
                RenderTableCell {TD} at (166,1) size 4x16 [r=0 c=19 rs=1 cs=1]
                  RenderText {#text} at (0,0) size 4x16
                    text run at (0,0) width 4: " "
                RenderTableCell {TD} at (170,0) size 11x19 [r=0 c=20 rs=1 cs=1]
                  RenderText {#text} at (0,3) size 11x16
                    text run at (0,3) width 11 RTL: "\x{5D8}"
                RenderTableCell {TD} at (181,0) size 12x19 [r=0 c=21 rs=1 cs=1]
                  RenderText {#text} at (0,3) size 12x16
                    text run at (0,3) width 12 RTL: "\x{5D7}"
                RenderTableCell {TD} at (193,0) size 6x19 [r=0 c=22 rs=1 cs=1]
                  RenderText {#text} at (0,3) size 6x16
                    text run at (0,3) width 6 RTL: "\x{5D6}"
          RenderBlock {P} at (4,23) size 199x19
            RenderText {#text} at (0,3) size 68x16
              text run at (0,3) width 27 RTL: "\x{5D0}\x{5D1}\x{5D2}"
              text run at (26,3) width 42: " ABC "
            RenderInline {SPAN} at (0,0) size 59x16
              RenderText {#text} at (67,3) size 59x16
                text run at (67,3) width 59 RTL override: "\x{5D3}\x{5D4}\x{5D5} DEF"
            RenderText {#text} at (125,3) size 65x16
              text run at (125,3) width 38: " GHI "
              text run at (162,3) width 28 RTL: "\x{5D6}\x{5D7}\x{5D8}"
        RenderText {#text} at (0,0) size 0x0
      RenderBlock {HR} at (0,410.44) size 784x2 [border: (1px inset #EEEEEE)]
      RenderBlock {P} at (0,428.44) size 784x16
        RenderText {#text} at (0,0) size 59x16
          text run at (0,0) width 59: "(Back to "
        RenderInline {A} at (0,0) size 162x16 [color=#0000EE]
          RenderText {#text} at (58,0) size 162x16
            text run at (58,0) width 162: "CSS Testing Information"
        RenderText {#text} at (219,0) size 9x16
          text run at (219,0) width 9: ", "
        RenderInline {A} at (0,0) size 83x16 [color=#0000EE]
          RenderText {#text} at (227,0) size 83x16
            text run at (227,0) width 83: "David Baron"
        RenderText {#text} at (309,0) size 7x16
          text run at (309,0) width 7: ")"
      RenderBlock {P} at (0,460.44) size 784x16
        RenderInline {A} at (0,0) size 32x16 [color=#0000EE]
          RenderText {#text} at (0,0) size 32x16
            text run at (0,0) width 32: "LDB"
        RenderText {#text} at (32,0) size 8x16
          text run at (32,0) width 8: ", "
        RenderInline {A} at (0,0) size 129x16 [color=#0000EE]
          RenderText {#text} at (40,0) size 129x16
            text run at (40,0) width 129: "dbaron@dbaron.org"
        RenderText {#text} at (168,0) size 84x16
          text run at (168,0) width 84: ", 2001-06-05"
      RenderBlock {P} at (0,492.44) size 784x16
        RenderText {#text} at (0,0) size 311x16
          text run at (0,0) width 311: "Modified and used with the author\x{2019}s permission."
