layer at (0,0) size 800x600
  RenderView at (0,0) size 800x600
layer at (0,0) size 800x114
  RenderBlock {HTML} at (0,0) size 800x114
    RenderBody {BODY} at (8,8) size 784x90
      RenderBlock (anonymous) at (0,0) size 784x16
        RenderText {#text} at (0,0) size 284x16
          text run at (0,0) width 284: "The following two lines should be the same:"
      RenderBlock {P} at (0,32) size 784x21
        RenderText {#text} at (0,3) size 74x16
          text run at (0,3) width 74 LTR override: "abc\x{5D2}\x{5D1}\x{5D0}\x{661}\x{662}\x{663}"
      RenderBlock {P} at (0,69) size 784x21
        RenderText {#text} at (0,3) size 74x16
          text run at (0,3) width 23: "abc"
          text run at (22,3) width 27 RTL: "\x{5D0}\x{5D1}\x{5D2}"
          text run at (48,3) width 26: "\x{661}\x{662}\x{663}"
