layer at (0,0) size 800x600
  RenderView at (0,0) size 800x600
layer at (0,0) size 800x112
  RenderBlock {HTML} at (0,0) size 800x112
    RenderBody {BODY} at (8,16) size 784x80
      RenderBlock {DIV} at (0,0) size 784x80
        RenderBlock {P} at (0,0) size 784x16
          RenderText {#text} at (0,0) size 307x16
            text run at (0,0) width 307: "This paragraph should have normal background"
        RenderBlock {ADDRESS} at (0,32) size 784x16 [bgcolor=#00FF00]
          RenderText {#text} at (0,0) size 305x16
            text run at (0,0) width 305: "But this address should have green background"
        RenderBlock {P} at (0,64) size 784x16
          RenderText {#text} at (0,0) size 307x16
            text run at (0,0) width 307: "This paragraph should have normal background"
