layer at (0,0) size 800x600
  RenderView at (0,0) size 800x600
layer at (0,0) size 800x600
  RenderBlock {HTML} at (0,0) size 800x600
    RenderBody {BODY} at (8,8) size 784x584
      RenderBlock {P} at (0,0) size 784x32
        RenderText {#text} at (0,0) size 759x32
          text run at (0,0) width 251: "Test for font-feature-settings property. "
          text run at (250,0) width 509: "The first word of the following three words should be displayed like \"WebKit\","
          text run at (0,16) width 312: "while others should be displayed as black boxes."
      RenderBlock {DIV} at (0,48) size 784x17
        RenderText {#text} at (0,0) size 31x16
          text run at (0,0) width 31: "WebKit"
      RenderBlock {DIV} at (0,65) size 784x17
        RenderText {#text} at (0,0) size 96x16
          text run at (0,0) width 96: "WebKit"
      RenderBlock {DIV} at (0,82) size 784x17
        RenderText {#text} at (0,0) size 96x16
          text run at (0,0) width 96: "WebKit"
