layer at (0,0) size 800x600
  RenderView at (0,0) size 800x600
layer at (0,0) size 800x64
  RenderBlock {HTML} at (0,0) size 800x64
    RenderBody {BODY} at (8,8) size 784x48
      RenderBlock {DIV} at (0,0) size 784x48
        RenderText {#text} at (0,0) size 755x48
          text run at (0,0) width 727: "This table shows unicode-bidi: isolate behavior (in red) with display: inline-block behavior overlapping in green. "
          text run at (726,0) width 29: "You"
          text run at (0,16) width 191: "should see no red in this test! "
          text run at (190,16) width 532: "Behavior between these two methods should be identical for non-wrapping strings,"
          text run at (0,32) width 468: "assuming unicode-bidi: isolate is implemented and functioning correctly."
layer at (8,56) size 28x400
  RenderBlock (positioned) {DIV} at (0,0) size 28.47x400 [color=#FF0000]
    RenderBlock {DIV} at (0,0) size 28.47x16
      RenderText {#text} at (0,0) size 7x16
        text run at (0,0) width 7: "\""
      RenderInline {SPAN} at (0,0) size 6x16
        RenderText {#text} at (6,0) size 6x16
          text run at (6,0) width 6: ")"
      RenderText {#text} at (11,0) size 7x16
        text run at (11,0) width 7: "("
    RenderBlock {DIV} at (0,16) size 28.47x19
      RenderText {#text} at (0,3) size 7x16
        text run at (0,3) width 7: "\""
      RenderInline {SPAN} at (0,0) size 6x16
        RenderText {#text} at (6,3) size 6x16
          text run at (6,3) width 6: ")"
      RenderText {#text} at (11,3) size 10x16
        text run at (11,3) width 10 RTL: "\x{5D1}"
    RenderBlock {DIV} at (0,35) size 28.47x16
      RenderText {#text} at (0,0) size 7x16
        text run at (0,0) width 7: "\""
      RenderInline {SPAN} at (0,0) size 6x16
        RenderText {#text} at (6,0) size 6x16
          text run at (6,0) width 6: ")"
      RenderText {#text} at (11,0) size 8x16
        text run at (11,0) width 8: "c"
    RenderBlock {DIV} at (0,51) size 28.47x19
      RenderText {#text} at (0,3) size 7x16
        text run at (0,3) width 7: "\""
      RenderInline {SPAN} at (0,0) size 8x16
        RenderText {#text} at (6,3) size 8x16
          text run at (6,3) width 8 RTL: "\x{5E0}"
      RenderText {#text} at (13,3) size 6x16
        text run at (13,3) width 6: "("
    RenderBlock {DIV} at (0,70) size 28.47x19
      RenderText {#text} at (0,3) size 7x16
        text run at (0,3) width 7: "\""
      RenderInline {SPAN} at (0,0) size 8x16
        RenderText {#text} at (6,3) size 8x16
          text run at (6,3) width 8 RTL: "\x{5E0}"
      RenderText {#text} at (13,3) size 10x16
        text run at (13,3) width 10 RTL: "\x{5D1}"
    RenderBlock {DIV} at (0,89) size 28.47x19
      RenderText {#text} at (0,3) size 7x16
        text run at (0,3) width 7: "\""
      RenderInline {SPAN} at (0,0) size 8x16
        RenderText {#text} at (6,3) size 8x16
          text run at (6,3) width 8 RTL: "\x{5E0}"
      RenderText {#text} at (13,3) size 8x16
        text run at (13,3) width 8: "c"
    RenderBlock {DIV} at (0,108) size 28.47x16
      RenderText {#text} at (0,0) size 7x16
        text run at (0,0) width 7: "\""
      RenderInline {SPAN} at (0,0) size 9x16
        RenderText {#text} at (6,0) size 9x16
          text run at (6,0) width 9: "b"
      RenderText {#text} at (14,0) size 6x16
        text run at (14,0) width 6: "("
    RenderBlock {DIV} at (0,124) size 28.47x19
      RenderText {#text} at (0,3) size 7x16
        text run at (0,3) width 7: "\""
      RenderInline {SPAN} at (0,0) size 9x16
        RenderText {#text} at (6,3) size 9x16
          text run at (6,3) width 9: "b"
      RenderText {#text} at (14,3) size 10x16
        text run at (14,3) width 10 RTL: "\x{5D1}"
    RenderBlock {DIV} at (0,143) size 28.47x16
      RenderText {#text} at (0,0) size 7x16
        text run at (0,0) width 7: "\""
      RenderInline {SPAN} at (0,0) size 9x16
        RenderText {#text} at (6,0) size 9x16
          text run at (6,0) width 9: "b"
      RenderText {#text} at (14,0) size 8x16
        text run at (14,0) width 8: "c"
    RenderBlock {DIV} at (0,159) size 28.47x16
      RenderText {#text} at (0,0) size 7x16
        text run at (0,0) width 7: "\""
      RenderInline {SPAN} at (0,0) size 6x16
        RenderText {#text} at (6,0) size 6x16
          text run at (6,0) width 6 RTL: ")"
      RenderText {#text} at (11,0) size 7x16
        text run at (11,0) width 7: "("
    RenderBlock {DIV} at (0,175) size 28.47x19
      RenderText {#text} at (0,3) size 7x16
        text run at (0,3) width 7: "\""
      RenderInline {SPAN} at (0,0) size 6x16
        RenderText {#text} at (6,3) size 6x16
          text run at (6,3) width 6 RTL: ")"
      RenderText {#text} at (11,3) size 10x16
        text run at (11,3) width 10 RTL: "\x{5D1}"
    RenderBlock {DIV} at (0,194) size 28.47x16
      RenderText {#text} at (0,0) size 7x16
        text run at (0,0) width 7: "\""
      RenderInline {SPAN} at (0,0) size 6x16
        RenderText {#text} at (6,0) size 6x16
          text run at (6,0) width 6 RTL: ")"
      RenderText {#text} at (11,0) size 8x16
        text run at (11,0) width 8: "c"
    RenderBlock {DIV} at (0,210) size 28.47x19
      RenderText {#text} at (0,3) size 7x16
        text run at (0,3) width 7: "\""
      RenderInline {SPAN} at (0,0) size 8x16
        RenderText {#text} at (6,3) size 8x16
          text run at (6,3) width 8 RTL: "\x{5E0}"
      RenderText {#text} at (13,3) size 6x16
        text run at (13,3) width 6: "("
    RenderBlock {DIV} at (0,229) size 28.47x19
      RenderText {#text} at (0,3) size 7x16
        text run at (0,3) width 7: "\""
      RenderInline {SPAN} at (0,0) size 8x16
        RenderText {#text} at (6,3) size 8x16
          text run at (6,3) width 8 RTL: "\x{5E0}"
      RenderText {#text} at (13,3) size 10x16
        text run at (13,3) width 10 RTL: "\x{5D1}"
    RenderBlock {DIV} at (0,248) size 28.47x19
      RenderText {#text} at (0,3) size 7x16
        text run at (0,3) width 7: "\""
      RenderInline {SPAN} at (0,0) size 8x16
        RenderText {#text} at (6,3) size 8x16
          text run at (6,3) width 8 RTL: "\x{5E0}"
      RenderText {#text} at (13,3) size 8x16
        text run at (13,3) width 8: "c"
    RenderBlock {DIV} at (0,267) size 28.47x16
      RenderText {#text} at (0,0) size 7x16
        text run at (0,0) width 7: "\""
      RenderInline {SPAN} at (0,0) size 9x16
        RenderText {#text} at (6,0) size 9x16
          text run at (6,0) width 9: "b"
      RenderText {#text} at (14,0) size 6x16
        text run at (14,0) width 6: "("
    RenderBlock {DIV} at (0,283) size 28.47x19
      RenderText {#text} at (0,3) size 7x16
        text run at (0,3) width 7: "\""
      RenderInline {SPAN} at (0,0) size 9x16
        RenderText {#text} at (6,3) size 9x16
          text run at (6,3) width 9: "b"
      RenderText {#text} at (14,3) size 10x16
        text run at (14,3) width 10 RTL: "\x{5D1}"
    RenderBlock {DIV} at (0,302) size 28.47x16
      RenderText {#text} at (0,0) size 7x16
        text run at (0,0) width 7: "\""
      RenderInline {SPAN} at (0,0) size 9x16
        RenderText {#text} at (6,0) size 9x16
          text run at (6,0) width 9: "b"
      RenderText {#text} at (14,0) size 8x16
        text run at (14,0) width 8: "c"
    RenderBlock {DIV} at (0,318) size 28.47x19
      RenderText {#text} at (0,3) size 12x16
        text run at (0,3) width 12 RTL: "\x{5E9}"
      RenderInline {SPAN} at (0,0) size 6x16
        RenderText {#text} at (11,3) size 6x16
          text run at (11,3) width 6: ")"
      RenderText {#text} at (16,3) size 7x16
        text run at (16,3) width 7: "("
    RenderBlock {DIV} at (0,337) size 28.47x19
      RenderText {#text} at (14,3) size 12x16
        text run at (14,3) width 12 RTL: "\x{5E9}"
      RenderInline {SPAN} at (0,0) size 6x16
        RenderText {#text} at (9,3) size 6x16
          text run at (9,3) width 6: ")"
      RenderText {#text} at (0,3) size 10x16
        text run at (0,3) width 10 RTL: "\x{5D1}"
    RenderBlock {DIV} at (0,356) size 28.47x19
      RenderText {#text} at (0,3) size 12x16
        text run at (0,3) width 12 RTL: "\x{5E9}"
      RenderInline {SPAN} at (0,0) size 6x16
        RenderText {#text} at (11,3) size 6x16
          text run at (11,3) width 6: ")"
      RenderText {#text} at (16,3) size 8x16
        text run at (16,3) width 8: "c"
    RenderBlock {DIV} at (0,375) size 28.47x19
      RenderText {#text} at (0,3) size 12x16
        text run at (0,3) width 12 RTL: "\x{5E9}"
      RenderInline {SPAN} at (0,0) size 8x16
        RenderText {#text} at (11,3) size 8x16
          text run at (11,3) width 8 RTL: "\x{5E0}"
      RenderText {#text} at (18,3) size 6x16
        text run at (18,3) width 6: "("
    RenderBlock {DIV} at (0,400) size 28.47x19
      RenderText {#text} at (15,3) size 13x16
        text run at (15,3) width 13 RTL: "\x{5E9}"
      RenderInline {SPAN} at (0,0) size 7x16
        RenderText {#text} at (9,3) size 7x16
          text run at (9,3) width 7 RTL: "\x{5E0}"
      RenderText {#text} at (0,3) size 10x16
        text run at (0,3) width 10 RTL: "\x{5D1}"
    RenderBlock {DIV} at (0,419) size 28.47x19
      RenderText {#text} at (0,3) size 12x16
        text run at (0,3) width 12 RTL: "\x{5E9}"
      RenderInline {SPAN} at (0,0) size 8x16
        RenderText {#text} at (11,3) size 8x16
          text run at (11,3) width 8 RTL: "\x{5E0}"
      RenderText {#text} at (18,3) size 8x16
        text run at (18,3) width 8: "c"
    RenderBlock {DIV} at (0,438) size 28.47x19
      RenderText {#text} at (0,3) size 12x16
        text run at (0,3) width 12 RTL: "\x{5E9}"
      RenderInline {SPAN} at (0,0) size 9x16
        RenderText {#text} at (11,3) size 9x16
          text run at (11,3) width 9: "b"
      RenderText {#text} at (19,3) size 6x16
        text run at (19,3) width 6: "("
    RenderBlock {DIV} at (0,457) size 28.47x19
      RenderText {#text} at (17,3) size 12x16
        text run at (17,3) width 12 RTL: "\x{5E9}"
      RenderInline {SPAN} at (0,0) size 9x16
        RenderText {#text} at (9,3) size 9x16
          text run at (9,3) width 9: "b"
      RenderText {#text} at (0,3) size 10x16
        text run at (0,3) width 10 RTL: "\x{5D1}"
    RenderBlock {DIV} at (0,476) size 28.47x19
      RenderText {#text} at (0,3) size 12x16
        text run at (0,3) width 12 RTL: "\x{5E9}"
      RenderInline {SPAN} at (0,0) size 9x16
        RenderText {#text} at (11,3) size 9x16
          text run at (11,3) width 9: "b"
      RenderText {#text} at (19,3) size 8x16
        text run at (19,3) width 8: "c"
    RenderBlock {DIV} at (0,495) size 28.47x19
      RenderText {#text} at (0,3) size 12x16
        text run at (0,3) width 12 RTL: "\x{5E9}"
      RenderInline {SPAN} at (0,0) size 6x16
        RenderText {#text} at (11,3) size 6x16
          text run at (11,3) width 6 RTL: ")"
      RenderText {#text} at (16,3) size 7x16
        text run at (16,3) width 7: "("
    RenderBlock {DIV} at (0,514) size 28.47x19
      RenderText {#text} at (14,3) size 12x16
        text run at (14,3) width 12 RTL: "\x{5E9}"
      RenderInline {SPAN} at (0,0) size 6x16
        RenderText {#text} at (9,3) size 6x16
          text run at (9,3) width 6 RTL: ")"
      RenderText {#text} at (0,3) size 10x16
        text run at (0,3) width 10 RTL: "\x{5D1}"
    RenderBlock {DIV} at (0,533) size 28.47x19
      RenderText {#text} at (0,3) size 12x16
        text run at (0,3) width 12 RTL: "\x{5E9}"
      RenderInline {SPAN} at (0,0) size 6x16
        RenderText {#text} at (11,3) size 6x16
          text run at (11,3) width 6 RTL: ")"
      RenderText {#text} at (16,3) size 8x16
        text run at (16,3) width 8: "c"
    RenderBlock {DIV} at (0,552) size 28.47x19
      RenderText {#text} at (0,3) size 12x16
        text run at (0,3) width 12 RTL: "\x{5E9}"
      RenderInline {SPAN} at (0,0) size 8x16
        RenderText {#text} at (11,3) size 8x16
          text run at (11,3) width 8 RTL: "\x{5E0}"
      RenderText {#text} at (18,3) size 6x16
        text run at (18,3) width 6: "("
    RenderBlock {DIV} at (0,571) size 28.47x19
      RenderText {#text} at (15,3) size 13x16
        text run at (15,3) width 13 RTL: "\x{5E9}"
      RenderInline {SPAN} at (0,0) size 7x16
        RenderText {#text} at (9,3) size 7x16
          text run at (9,3) width 7 RTL: "\x{5E0}"
      RenderText {#text} at (0,3) size 10x16
        text run at (0,3) width 10 RTL: "\x{5D1}"
    RenderBlock {DIV} at (0,590) size 28.47x19
      RenderText {#text} at (0,3) size 12x16
        text run at (0,3) width 12 RTL: "\x{5E9}"
      RenderInline {SPAN} at (0,0) size 8x16
        RenderText {#text} at (11,3) size 8x16
          text run at (11,3) width 8 RTL: "\x{5E0}"
      RenderText {#text} at (18,3) size 8x16
        text run at (18,3) width 8: "c"
    RenderBlock {DIV} at (0,609) size 28.47x19
      RenderText {#text} at (0,3) size 12x16
        text run at (0,3) width 12 RTL: "\x{5E9}"
      RenderInline {SPAN} at (0,0) size 9x16
        RenderText {#text} at (11,3) size 9x16
          text run at (11,3) width 9: "b"
      RenderText {#text} at (19,3) size 6x16
        text run at (19,3) width 6: "("
    RenderBlock {DIV} at (0,628) size 28.47x19
      RenderText {#text} at (17,3) size 12x16
        text run at (17,3) width 12 RTL: "\x{5E9}"
      RenderInline {SPAN} at (0,0) size 9x16
        RenderText {#text} at (9,3) size 9x16
          text run at (9,3) width 9: "b"
      RenderText {#text} at (0,3) size 10x16
        text run at (0,3) width 10 RTL: "\x{5D1}"
    RenderBlock {DIV} at (0,647) size 28.47x19
      RenderText {#text} at (0,3) size 12x16
        text run at (0,3) width 12 RTL: "\x{5E9}"
      RenderInline {SPAN} at (0,0) size 9x16
        RenderText {#text} at (11,3) size 9x16
          text run at (11,3) width 9: "b"
      RenderText {#text} at (19,3) size 8x16
        text run at (19,3) width 8: "c"
    RenderBlock {DIV} at (0,666) size 28.47x16
      RenderText {#text} at (0,0) size 8x16
        text run at (0,0) width 8: "a"
      RenderInline {SPAN} at (0,0) size 6x16
        RenderText {#text} at (7,0) size 6x16
          text run at (7,0) width 6: ")"
      RenderText {#text} at (12,0) size 6x16
        text run at (12,0) width 6: "("
    RenderBlock {DIV} at (0,682) size 28.47x19
      RenderText {#text} at (0,3) size 8x16
        text run at (0,3) width 8: "a"
      RenderInline {SPAN} at (0,0) size 6x16
        RenderText {#text} at (7,3) size 6x16
          text run at (7,3) width 6: ")"
      RenderText {#text} at (12,3) size 10x16
        text run at (12,3) width 10 RTL: "\x{5D1}"
    RenderBlock {DIV} at (0,701) size 28.47x16
      RenderText {#text} at (0,0) size 8x16
        text run at (0,0) width 8: "a"
      RenderInline {SPAN} at (0,0) size 6x16
        RenderText {#text} at (7,0) size 6x16
          text run at (7,0) width 6: ")"
      RenderText {#text} at (12,0) size 8x16
        text run at (12,0) width 8: "c"
    RenderBlock {DIV} at (0,717) size 28.47x19
      RenderText {#text} at (0,3) size 8x16
        text run at (0,3) width 8: "a"
      RenderInline {SPAN} at (0,0) size 7x16
        RenderText {#text} at (7,3) size 7x16
          text run at (7,3) width 7 RTL: "\x{5E0}"
      RenderText {#text} at (13,3) size 7x16
        text run at (13,3) width 7: "("
    RenderBlock {DIV} at (0,736) size 28.47x19
      RenderText {#text} at (0,3) size 8x16
        text run at (0,3) width 8: "a"
      RenderInline {SPAN} at (0,0) size 7x16
        RenderText {#text} at (7,3) size 7x16
          text run at (7,3) width 7 RTL: "\x{5E0}"
      RenderText {#text} at (13,3) size 10x16
        text run at (13,3) width 10 RTL: "\x{5D1}"
    RenderBlock {DIV} at (0,755) size 28.47x19
      RenderText {#text} at (0,3) size 8x16
        text run at (0,3) width 8: "a"
      RenderInline {SPAN} at (0,0) size 7x16
        RenderText {#text} at (7,3) size 7x16
          text run at (7,3) width 7 RTL: "\x{5E0}"
      RenderText {#text} at (13,3) size 8x16
        text run at (13,3) width 8: "c"
    RenderBlock {DIV} at (0,774) size 28.47x16
      RenderText {#text} at (0,0) size 8x16
        text run at (0,0) width 8: "a"
      RenderInline {SPAN} at (0,0) size 9x16
        RenderText {#text} at (7,0) size 9x16
          text run at (7,0) width 9: "b"
      RenderText {#text} at (15,0) size 6x16
        text run at (15,0) width 6: "("
    RenderBlock {DIV} at (0,800) size 28.47x19
      RenderText {#text} at (0,3) size 8x16
        text run at (0,3) width 8: "a"
      RenderInline {SPAN} at (0,0) size 9x16
        RenderText {#text} at (7,3) size 9x16
          text run at (7,3) width 9: "b"
      RenderText {#text} at (15,3) size 10x16
        text run at (15,3) width 10 RTL: "\x{5D1}"
    RenderBlock {DIV} at (0,819) size 28.47x16
      RenderText {#text} at (0,0) size 8x16
        text run at (0,0) width 8: "a"
      RenderInline {SPAN} at (0,0) size 9x16
        RenderText {#text} at (7,0) size 9x16
          text run at (7,0) width 9: "b"
      RenderText {#text} at (15,0) size 8x16
        text run at (15,0) width 8: "c"
    RenderBlock {DIV} at (0,835) size 28.47x16
      RenderText {#text} at (0,0) size 8x16
        text run at (0,0) width 8: "a"
      RenderInline {SPAN} at (0,0) size 6x16
        RenderText {#text} at (7,0) size 6x16
          text run at (7,0) width 6 RTL: ")"
      RenderText {#text} at (12,0) size 6x16
        text run at (12,0) width 6: "("
    RenderBlock {DIV} at (0,851) size 28.47x19
      RenderText {#text} at (0,3) size 8x16
        text run at (0,3) width 8: "a"
      RenderInline {SPAN} at (0,0) size 6x16
        RenderText {#text} at (7,3) size 6x16
          text run at (7,3) width 6 RTL: ")"
      RenderText {#text} at (12,3) size 10x16
        text run at (12,3) width 10 RTL: "\x{5D1}"
    RenderBlock {DIV} at (0,870) size 28.47x16
      RenderText {#text} at (0,0) size 8x16
        text run at (0,0) width 8: "a"
      RenderInline {SPAN} at (0,0) size 6x16
        RenderText {#text} at (7,0) size 6x16
          text run at (7,0) width 6 RTL: ")"
      RenderText {#text} at (12,0) size 8x16
        text run at (12,0) width 8: "c"
    RenderBlock {DIV} at (0,886) size 28.47x19
      RenderText {#text} at (0,3) size 8x16
        text run at (0,3) width 8: "a"
      RenderInline {SPAN} at (0,0) size 7x16
        RenderText {#text} at (7,3) size 7x16
          text run at (7,3) width 7 RTL: "\x{5E0}"
      RenderText {#text} at (13,3) size 7x16
        text run at (13,3) width 7: "("
    RenderBlock {DIV} at (0,905) size 28.47x19
      RenderText {#text} at (0,3) size 8x16
        text run at (0,3) width 8: "a"
      RenderInline {SPAN} at (0,0) size 7x16
        RenderText {#text} at (7,3) size 7x16
          text run at (7,3) width 7 RTL: "\x{5E0}"
      RenderText {#text} at (13,3) size 10x16
        text run at (13,3) width 10 RTL: "\x{5D1}"
    RenderBlock {DIV} at (0,924) size 28.47x19
      RenderText {#text} at (0,3) size 8x16
        text run at (0,3) width 8: "a"
      RenderInline {SPAN} at (0,0) size 7x16
        RenderText {#text} at (7,3) size 7x16
          text run at (7,3) width 7 RTL: "\x{5E0}"
      RenderText {#text} at (13,3) size 8x16
        text run at (13,3) width 8: "c"
    RenderBlock {DIV} at (0,943) size 28.47x16
      RenderText {#text} at (0,0) size 8x16
        text run at (0,0) width 8: "a"
      RenderInline {SPAN} at (0,0) size 9x16
        RenderText {#text} at (7,0) size 9x16
          text run at (7,0) width 9: "b"
      RenderText {#text} at (15,0) size 6x16
        text run at (15,0) width 6: "("
    RenderBlock {DIV} at (0,959) size 28.47x19
      RenderText {#text} at (0,3) size 8x16
        text run at (0,3) width 8: "a"
      RenderInline {SPAN} at (0,0) size 9x16
        RenderText {#text} at (7,3) size 9x16
          text run at (7,3) width 9: "b"
      RenderText {#text} at (15,3) size 10x16
        text run at (15,3) width 10 RTL: "\x{5D1}"
    RenderBlock {DIV} at (0,978) size 28.47x16
      RenderText {#text} at (0,0) size 8x16
        text run at (0,0) width 8: "a"
      RenderInline {SPAN} at (0,0) size 9x16
        RenderText {#text} at (7,0) size 9x16
          text run at (7,0) width 9: "b"
      RenderText {#text} at (15,0) size 8x16
        text run at (15,0) width 8: "c"
    RenderBlock {DIV} at (0,994) size 28.47x16
      RenderText {#text} at (21,0) size 8x16
        text run at (21,0) width 8 RTL: "\""
      RenderInline {SPAN} at (0,0) size 6x16
        RenderText {#text} at (16,0) size 6x16
          text run at (16,0) width 6: ")"
      RenderText {#text} at (11,0) size 6x16
        text run at (11,0) width 6 RTL: "("
    RenderBlock {DIV} at (0,1010) size 28.47x19
      RenderText {#text} at (21,3) size 8x16
        text run at (21,3) width 8 RTL: "\""
      RenderInline {SPAN} at (0,0) size 6x16
        RenderText {#text} at (16,3) size 6x16
          text run at (16,3) width 6: ")"
      RenderText {#text} at (7,3) size 10x16
        text run at (7,3) width 10 RTL: "\x{5D1}"
    RenderBlock {DIV} at (0,1029) size 28.47x16
      RenderText {#text} at (21,0) size 8x16
        text run at (21,0) width 8 RTL: "\""
      RenderInline {SPAN} at (0,0) size 6x16
        RenderText {#text} at (16,0) size 6x16
          text run at (16,0) width 6: ")"
      RenderText {#text} at (9,0) size 8x16
        text run at (9,0) width 8: "c"
    RenderBlock {DIV} at (0,1045) size 28.47x19
      RenderText {#text} at (21,3) size 8x16
        text run at (21,3) width 8 RTL: "\""
      RenderInline {SPAN} at (0,0) size 7x16
        RenderText {#text} at (15,3) size 7x16
          text run at (15,3) width 7 RTL: "\x{5E0}"
      RenderText {#text} at (10,3) size 6x16
        text run at (10,3) width 6 RTL: "("
    RenderBlock {DIV} at (0,1064) size 28.47x19
      RenderText {#text} at (21,3) size 8x16
        text run at (21,3) width 8 RTL: "\""
      RenderInline {SPAN} at (0,0) size 7x16
        RenderText {#text} at (15,3) size 7x16
          text run at (15,3) width 7 RTL: "\x{5E0}"
      RenderText {#text} at (6,3) size 10x16
        text run at (6,3) width 10 RTL: "\x{5D1}"
    RenderBlock {DIV} at (0,1083) size 28.47x19
      RenderText {#text} at (21,3) size 8x16
        text run at (21,3) width 8 RTL: "\""
      RenderInline {SPAN} at (0,0) size 7x16
        RenderText {#text} at (15,3) size 7x16
          text run at (15,3) width 7 RTL: "\x{5E0}"
      RenderText {#text} at (8,3) size 8x16
        text run at (8,3) width 8: "c"
    RenderBlock {DIV} at (0,1102) size 28.47x16
      RenderText {#text} at (21,0) size 8x16
        text run at (21,0) width 8 RTL: "\""
      RenderInline {SPAN} at (0,0) size 9x16
        RenderText {#text} at (13,0) size 9x16
          text run at (13,0) width 9: "b"
      RenderText {#text} at (8,0) size 6x16
        text run at (8,0) width 6 RTL: "("
    RenderBlock {DIV} at (0,1118) size 28.47x19
      RenderText {#text} at (21,3) size 8x16
        text run at (21,3) width 8 RTL: "\""
      RenderInline {SPAN} at (0,0) size 9x16
        RenderText {#text} at (13,3) size 9x16
          text run at (13,3) width 9: "b"
      RenderText {#text} at (4,3) size 10x16
        text run at (4,3) width 10 RTL: "\x{5D1}"
    RenderBlock {DIV} at (0,1137) size 28.47x16
      RenderText {#text} at (21,0) size 8x16
        text run at (21,0) width 8 RTL: "\""
      RenderInline {SPAN} at (0,0) size 9x16
        RenderText {#text} at (13,0) size 9x16
          text run at (13,0) width 9: "b"
      RenderText {#text} at (6,0) size 8x16
        text run at (6,0) width 8: "c"
    RenderBlock {DIV} at (0,1153) size 28.47x16
      RenderText {#text} at (21,0) size 8x16
        text run at (21,0) width 8 RTL: "\""
      RenderInline {SPAN} at (0,0) size 6x16
        RenderText {#text} at (16,0) size 6x16
          text run at (16,0) width 6 RTL: ")"
      RenderText {#text} at (11,0) size 6x16
        text run at (11,0) width 6 RTL: "("
    RenderBlock {DIV} at (0,1169) size 28.47x19
      RenderText {#text} at (21,3) size 8x16
        text run at (21,3) width 8 RTL: "\""
      RenderInline {SPAN} at (0,0) size 6x16
        RenderText {#text} at (16,3) size 6x16
          text run at (16,3) width 6 RTL: ")"
      RenderText {#text} at (7,3) size 10x16
        text run at (7,3) width 10 RTL: "\x{5D1}"
    RenderBlock {DIV} at (0,1200) size 28.47x16
      RenderText {#text} at (21,0) size 8x16
        text run at (21,0) width 8 RTL: "\""
      RenderInline {SPAN} at (0,0) size 6x16
        RenderText {#text} at (16,0) size 6x16
          text run at (16,0) width 6 RTL: ")"
      RenderText {#text} at (9,0) size 8x16
        text run at (9,0) width 8: "c"
    RenderBlock {DIV} at (0,1216) size 28.47x19
      RenderText {#text} at (21,3) size 8x16
        text run at (21,3) width 8 RTL: "\""
      RenderInline {SPAN} at (0,0) size 7x16
        RenderText {#text} at (15,3) size 7x16
          text run at (15,3) width 7 RTL: "\x{5E0}"
      RenderText {#text} at (10,3) size 6x16
        text run at (10,3) width 6 RTL: "("
    RenderBlock {DIV} at (0,1235) size 28.47x19
      RenderText {#text} at (21,3) size 8x16
        text run at (21,3) width 8 RTL: "\""
      RenderInline {SPAN} at (0,0) size 7x16
        RenderText {#text} at (15,3) size 7x16
          text run at (15,3) width 7 RTL: "\x{5E0}"
      RenderText {#text} at (6,3) size 10x16
        text run at (6,3) width 10 RTL: "\x{5D1}"
    RenderBlock {DIV} at (0,1254) size 28.47x19
      RenderText {#text} at (21,3) size 8x16
        text run at (21,3) width 8 RTL: "\""
      RenderInline {SPAN} at (0,0) size 7x16
        RenderText {#text} at (15,3) size 7x16
          text run at (15,3) width 7 RTL: "\x{5E0}"
      RenderText {#text} at (8,3) size 8x16
        text run at (8,3) width 8: "c"
    RenderBlock {DIV} at (0,1273) size 28.47x16
      RenderText {#text} at (21,0) size 8x16
        text run at (21,0) width 8 RTL: "\""
      RenderInline {SPAN} at (0,0) size 9x16
        RenderText {#text} at (13,0) size 9x16
          text run at (13,0) width 9: "b"
      RenderText {#text} at (8,0) size 6x16
        text run at (8,0) width 6 RTL: "("
    RenderBlock {DIV} at (0,1289) size 28.47x19
      RenderText {#text} at (21,3) size 8x16
        text run at (21,3) width 8 RTL: "\""
      RenderInline {SPAN} at (0,0) size 9x16
        RenderText {#text} at (13,3) size 9x16
          text run at (13,3) width 9: "b"
      RenderText {#text} at (4,3) size 10x16
        text run at (4,3) width 10 RTL: "\x{5D1}"
    RenderBlock {DIV} at (0,1308) size 28.47x16
      RenderText {#text} at (21,0) size 8x16
        text run at (21,0) width 8 RTL: "\""
      RenderInline {SPAN} at (0,0) size 9x16
        RenderText {#text} at (13,0) size 9x16
          text run at (13,0) width 9: "b"
      RenderText {#text} at (6,0) size 8x16
        text run at (6,0) width 8: "c"
    RenderBlock {DIV} at (0,1324) size 28.47x19
      RenderText {#text} at (17,3) size 12x16
        text run at (17,3) width 12 RTL: "\x{5E9}"
      RenderInline {SPAN} at (0,0) size 7x16
        RenderText {#text} at (11,3) size 7x16
          text run at (11,3) width 7: ")"
      RenderText {#text} at (6,3) size 6x16
        text run at (6,3) width 6 RTL: "("
    RenderBlock {DIV} at (0,1343) size 28.47x19
      RenderText {#text} at (17,3) size 12x16
        text run at (17,3) width 12 RTL: "\x{5E9}"
      RenderInline {SPAN} at (0,0) size 7x16
        RenderText {#text} at (11,3) size 7x16
          text run at (11,3) width 7: ")"
      RenderText {#text} at (2,3) size 10x16
        text run at (2,3) width 10 RTL: "\x{5D1}"
    RenderBlock {DIV} at (0,1362) size 28.47x19
      RenderText {#text} at (17,3) size 12x16
        text run at (17,3) width 12 RTL: "\x{5E9}"
      RenderInline {SPAN} at (0,0) size 7x16
        RenderText {#text} at (11,3) size 7x16
          text run at (11,3) width 7: ")"
      RenderText {#text} at (4,3) size 8x16
        text run at (4,3) width 8: "c"
    RenderBlock {DIV} at (0,1381) size 28.47x19
      RenderText {#text} at (17,3) size 12x16
        text run at (17,3) width 12 RTL: "\x{5E9}"
      RenderInline {SPAN} at (0,0) size 8x16
        RenderText {#text} at (10,3) size 8x16
          text run at (10,3) width 8 RTL: "\x{5E0}"
      RenderText {#text} at (5,3) size 6x16
        text run at (5,3) width 6 RTL: "("
    RenderBlock {DIV} at (0,1400) size 28.47x19
      RenderText {#text} at (17,3) size 12x16
        text run at (17,3) width 12 RTL: "\x{5E9}"
      RenderInline {SPAN} at (0,0) size 8x16
        RenderText {#text} at (10,3) size 8x16
          text run at (10,3) width 8 RTL: "\x{5E0}"
      RenderText {#text} at (1,3) size 10x16
        text run at (1,3) width 10 RTL: "\x{5D1}"
    RenderBlock {DIV} at (0,1419) size 28.47x19
      RenderText {#text} at (17,3) size 12x16
        text run at (17,3) width 12 RTL: "\x{5E9}"
      RenderInline {SPAN} at (0,0) size 8x16
        RenderText {#text} at (10,3) size 8x16
          text run at (10,3) width 8 RTL: "\x{5E0}"
      RenderText {#text} at (3,3) size 8x16
        text run at (3,3) width 8: "c"
    RenderBlock {DIV} at (0,1438) size 28.47x19
      RenderText {#text} at (17,3) size 12x16
        text run at (17,3) width 12 RTL: "\x{5E9}"
      RenderInline {SPAN} at (0,0) size 9x16
        RenderText {#text} at (9,3) size 9x16
          text run at (9,3) width 9: "b"
      RenderText {#text} at (3,3) size 7x16
        text run at (3,3) width 7 RTL: "("
    RenderBlock {DIV} at (0,1457) size 28.47x19
      RenderText {#text} at (17,3) size 12x16
        text run at (17,3) width 12 RTL: "\x{5E9}"
      RenderInline {SPAN} at (0,0) size 9x16
        RenderText {#text} at (9,3) size 9x16
          text run at (9,3) width 9: "b"
      RenderText {#text} at (0,3) size 10x16
        text run at (0,3) width 10 RTL: "\x{5D1}"
    RenderBlock {DIV} at (0,1476) size 28.47x19
      RenderText {#text} at (17,3) size 12x16
        text run at (17,3) width 12 RTL: "\x{5E9}"
      RenderInline {SPAN} at (0,0) size 9x16
        RenderText {#text} at (9,3) size 9x16
          text run at (9,3) width 9: "b"
      RenderText {#text} at (1,3) size 9x16
        text run at (1,3) width 9: "c"
    RenderBlock {DIV} at (0,1495) size 28.47x19
      RenderText {#text} at (17,3) size 12x16
        text run at (17,3) width 12 RTL: "\x{5E9}"
      RenderInline {SPAN} at (0,0) size 7x16
        RenderText {#text} at (11,3) size 7x16
          text run at (11,3) width 7 RTL: ")"
      RenderText {#text} at (6,3) size 6x16
        text run at (6,3) width 6 RTL: "("
    RenderBlock {DIV} at (0,1514) size 28.47x19
      RenderText {#text} at (17,3) size 12x16
        text run at (17,3) width 12 RTL: "\x{5E9}"
      RenderInline {SPAN} at (0,0) size 7x16
        RenderText {#text} at (11,3) size 7x16
          text run at (11,3) width 7 RTL: ")"
      RenderText {#text} at (2,3) size 10x16
        text run at (2,3) width 10 RTL: "\x{5D1}"
    RenderBlock {DIV} at (0,1533) size 28.47x19
      RenderText {#text} at (17,3) size 12x16
        text run at (17,3) width 12 RTL: "\x{5E9}"
      RenderInline {SPAN} at (0,0) size 7x16
        RenderText {#text} at (11,3) size 7x16
          text run at (11,3) width 7 RTL: ")"
      RenderText {#text} at (4,3) size 8x16
        text run at (4,3) width 8: "c"
    RenderBlock {DIV} at (0,1552) size 28.47x19
      RenderText {#text} at (17,3) size 12x16
        text run at (17,3) width 12 RTL: "\x{5E9}"
      RenderInline {SPAN} at (0,0) size 8x16
        RenderText {#text} at (10,3) size 8x16
          text run at (10,3) width 8 RTL: "\x{5E0}"
      RenderText {#text} at (5,3) size 6x16
        text run at (5,3) width 6 RTL: "("
    RenderBlock {DIV} at (0,1571) size 28.47x19
      RenderText {#text} at (17,3) size 12x16
        text run at (17,3) width 12 RTL: "\x{5E9}"
      RenderInline {SPAN} at (0,0) size 8x16
        RenderText {#text} at (10,3) size 8x16
          text run at (10,3) width 8 RTL: "\x{5E0}"
      RenderText {#text} at (1,3) size 10x16
        text run at (1,3) width 10 RTL: "\x{5D1}"
    RenderBlock {DIV} at (0,1600) size 28.47x19
      RenderText {#text} at (17,3) size 12x16
        text run at (17,3) width 12 RTL: "\x{5E9}"
      RenderInline {SPAN} at (0,0) size 8x16
        RenderText {#text} at (10,3) size 8x16
          text run at (10,3) width 8 RTL: "\x{5E0}"
      RenderText {#text} at (3,3) size 8x16
        text run at (3,3) width 8: "c"
    RenderBlock {DIV} at (0,1619) size 28.47x19
      RenderText {#text} at (17,3) size 12x16
        text run at (17,3) width 12 RTL: "\x{5E9}"
      RenderInline {SPAN} at (0,0) size 9x16
        RenderText {#text} at (9,3) size 9x16
          text run at (9,3) width 9: "b"
      RenderText {#text} at (3,3) size 7x16
        text run at (3,3) width 7 RTL: "("
    RenderBlock {DIV} at (0,1638) size 28.47x19
      RenderText {#text} at (17,3) size 12x16
        text run at (17,3) width 12 RTL: "\x{5E9}"
      RenderInline {SPAN} at (0,0) size 9x16
        RenderText {#text} at (9,3) size 9x16
          text run at (9,3) width 9: "b"
      RenderText {#text} at (0,3) size 10x16
        text run at (0,3) width 10 RTL: "\x{5D1}"
    RenderBlock {DIV} at (0,1657) size 28.47x19
      RenderText {#text} at (17,3) size 12x16
        text run at (17,3) width 12 RTL: "\x{5E9}"
      RenderInline {SPAN} at (0,0) size 9x16
        RenderText {#text} at (9,3) size 9x16
          text run at (9,3) width 9: "b"
      RenderText {#text} at (1,3) size 9x16
        text run at (1,3) width 9: "c"
    RenderBlock {DIV} at (0,1676) size 28.47x16
      RenderText {#text} at (21,0) size 8x16
        text run at (21,0) width 8: "a"
      RenderInline {SPAN} at (0,0) size 6x16
        RenderText {#text} at (16,0) size 6x16
          text run at (16,0) width 6: ")"
      RenderText {#text} at (10,0) size 7x16
        text run at (10,0) width 7 RTL: "("
    RenderBlock {DIV} at (0,1692) size 28.47x19
      RenderText {#text} at (21,3) size 8x16
        text run at (21,3) width 8: "a"
      RenderInline {SPAN} at (0,0) size 6x16
        RenderText {#text} at (16,3) size 6x16
          text run at (16,3) width 6: ")"
      RenderText {#text} at (7,3) size 10x16
        text run at (7,3) width 10 RTL: "\x{5D1}"
    RenderBlock {DIV} at (0,1711) size 28.47x16
      RenderText {#text} at (8,0) size 9x16
        text run at (8,0) width 9: "a"
      RenderInline {SPAN} at (0,0) size 6x16
        RenderText {#text} at (16,0) size 6x16
          text run at (16,0) width 6: ")"
      RenderText {#text} at (21,0) size 8x16
        text run at (21,0) width 8: "c"
    RenderBlock {DIV} at (0,1727) size 28.47x19
      RenderText {#text} at (21,3) size 8x16
        text run at (21,3) width 8: "a"
      RenderInline {SPAN} at (0,0) size 8x16
        RenderText {#text} at (14,3) size 8x16
          text run at (14,3) width 8 RTL: "\x{5E0}"
      RenderText {#text} at (9,3) size 6x16
        text run at (9,3) width 6 RTL: "("
    RenderBlock {DIV} at (0,1746) size 28.47x19
      RenderText {#text} at (21,3) size 8x16
        text run at (21,3) width 8: "a"
      RenderInline {SPAN} at (0,0) size 8x16
        RenderText {#text} at (14,3) size 8x16
          text run at (14,3) width 8 RTL: "\x{5E0}"
      RenderText {#text} at (5,3) size 10x16
        text run at (5,3) width 10 RTL: "\x{5D1}"
    RenderBlock {DIV} at (0,1765) size 28.47x19
      RenderText {#text} at (7,3) size 8x16
        text run at (7,3) width 8: "a"
      RenderInline {SPAN} at (0,0) size 8x16
        RenderText {#text} at (14,3) size 8x16
          text run at (14,3) width 8 RTL: "\x{5E0}"
      RenderText {#text} at (21,3) size 8x16
        text run at (21,3) width 8: "c"
    RenderBlock {DIV} at (0,1784) size 28.47x16
      RenderText {#text} at (21,0) size 8x16
        text run at (21,0) width 8: "a"
      RenderInline {SPAN} at (0,0) size 9x16
        RenderText {#text} at (13,0) size 9x16
          text run at (13,0) width 9: "b"
      RenderText {#text} at (8,0) size 6x16
        text run at (8,0) width 6 RTL: "("
    RenderBlock {DIV} at (0,1800) size 28.47x19
      RenderText {#text} at (21,3) size 8x16
        text run at (21,3) width 8: "a"
      RenderInline {SPAN} at (0,0) size 9x16
        RenderText {#text} at (13,3) size 9x16
          text run at (13,3) width 9: "b"
      RenderText {#text} at (4,3) size 10x16
        text run at (4,3) width 10 RTL: "\x{5D1}"
    RenderBlock {DIV} at (0,1819) size 28.47x16
      RenderText {#text} at (6,0) size 8x16
        text run at (6,0) width 8: "a"
      RenderInline {SPAN} at (0,0) size 9x16
        RenderText {#text} at (13,0) size 9x16
          text run at (13,0) width 9: "b"
      RenderText {#text} at (21,0) size 8x16
        text run at (21,0) width 8: "c"
    RenderBlock {DIV} at (0,1835) size 28.47x16
      RenderText {#text} at (21,0) size 8x16
        text run at (21,0) width 8: "a"
      RenderInline {SPAN} at (0,0) size 6x16
        RenderText {#text} at (16,0) size 6x16
          text run at (16,0) width 6 RTL: ")"
      RenderText {#text} at (10,0) size 7x16
        text run at (10,0) width 7 RTL: "("
    RenderBlock {DIV} at (0,1851) size 28.47x19
      RenderText {#text} at (21,3) size 8x16
        text run at (21,3) width 8: "a"
      RenderInline {SPAN} at (0,0) size 6x16
        RenderText {#text} at (16,3) size 6x16
          text run at (16,3) width 6 RTL: ")"
      RenderText {#text} at (7,3) size 10x16
        text run at (7,3) width 10 RTL: "\x{5D1}"
    RenderBlock {DIV} at (0,1870) size 28.47x16
      RenderText {#text} at (8,0) size 9x16
        text run at (8,0) width 9: "a"
      RenderInline {SPAN} at (0,0) size 6x16
        RenderText {#text} at (16,0) size 6x16
          text run at (16,0) width 6 RTL: ")"
      RenderText {#text} at (21,0) size 8x16
        text run at (21,0) width 8: "c"
    RenderBlock {DIV} at (0,1886) size 28.47x19
      RenderText {#text} at (21,3) size 8x16
        text run at (21,3) width 8: "a"
      RenderInline {SPAN} at (0,0) size 8x16
        RenderText {#text} at (14,3) size 8x16
          text run at (14,3) width 8 RTL: "\x{5E0}"
      RenderText {#text} at (9,3) size 6x16
        text run at (9,3) width 6 RTL: "("
    RenderBlock {DIV} at (0,1905) size 28.47x19
      RenderText {#text} at (21,3) size 8x16
        text run at (21,3) width 8: "a"
      RenderInline {SPAN} at (0,0) size 8x16
        RenderText {#text} at (14,3) size 8x16
          text run at (14,3) width 8 RTL: "\x{5E0}"
      RenderText {#text} at (5,3) size 10x16
        text run at (5,3) width 10 RTL: "\x{5D1}"
    RenderBlock {DIV} at (0,1924) size 28.47x19
      RenderText {#text} at (7,3) size 8x16
        text run at (7,3) width 8: "a"
      RenderInline {SPAN} at (0,0) size 8x16
        RenderText {#text} at (14,3) size 8x16
          text run at (14,3) width 8 RTL: "\x{5E0}"
      RenderText {#text} at (21,3) size 8x16
        text run at (21,3) width 8: "c"
    RenderBlock {DIV} at (0,1943) size 28.47x16
      RenderText {#text} at (21,0) size 8x16
        text run at (21,0) width 8: "a"
      RenderInline {SPAN} at (0,0) size 9x16
        RenderText {#text} at (13,0) size 9x16
          text run at (13,0) width 9: "b"
      RenderText {#text} at (8,0) size 6x16
        text run at (8,0) width 6 RTL: "("
    RenderBlock {DIV} at (0,1959) size 28.47x19
      RenderText {#text} at (21,3) size 8x16
        text run at (21,3) width 8: "a"
      RenderInline {SPAN} at (0,0) size 9x16
        RenderText {#text} at (13,3) size 9x16
          text run at (13,3) width 9: "b"
      RenderText {#text} at (4,3) size 10x16
        text run at (4,3) width 10 RTL: "\x{5D1}"
    RenderBlock {DIV} at (0,1978) size 28.47x16
      RenderText {#text} at (6,0) size 8x16
        text run at (6,0) width 8: "a"
      RenderInline {SPAN} at (0,0) size 9x16
        RenderText {#text} at (13,0) size 9x16
          text run at (13,0) width 9: "b"
      RenderText {#text} at (21,0) size 8x16
        text run at (21,0) width 8: "c"
layer at (8,56) size 28x400
  RenderBlock (positioned) {DIV} at (0,0) size 28.47x400 [color=#008000]
    RenderBlock {DIV} at (0,0) size 28.47x16
      RenderText {#text} at (0,0) size 7x16
        text run at (0,0) width 7: "\""
      RenderBlock {SPAN} at (6.53,0) size 5.33x16
        RenderText {#text} at (0,0) size 6x16
          text run at (0,0) width 6: ")"
      RenderText {#text} at (11,0) size 7x16
        text run at (11,0) width 7: "("
    RenderBlock {DIV} at (0,16) size 28.47x19
      RenderText {#text} at (0,3) size 7x16
        text run at (0,3) width 7: "\""
      RenderBlock {SPAN} at (6.53,3) size 5.33x16
        RenderText {#text} at (0,0) size 6x16
          text run at (0,0) width 6: ")"
      RenderText {#text} at (11,3) size 10x16
        text run at (11,3) width 10 RTL: "\x{5D1}"
    RenderBlock {DIV} at (0,35) size 28.47x16
      RenderText {#text} at (0,0) size 7x16
        text run at (0,0) width 7: "\""
      RenderBlock {SPAN} at (6.53,0) size 5.33x16
        RenderText {#text} at (0,0) size 6x16
          text run at (0,0) width 6: ")"
      RenderText {#text} at (11,0) size 8x16
        text run at (11,0) width 8: "c"
    RenderBlock {DIV} at (0,51) size 28.47x19
      RenderText {#text} at (0,3) size 7x16
        text run at (0,3) width 7: "\""
      RenderBlock {SPAN} at (6.53,0) size 6.61x19
        RenderText {#text} at (0,3) size 7x16
          text run at (0,3) width 7 RTL: "\x{5E0}"
      RenderText {#text} at (13,3) size 6x16
        text run at (13,3) width 6: "("
    RenderBlock {DIV} at (0,70) size 28.47x19
      RenderText {#text} at (0,3) size 7x16
        text run at (0,3) width 7: "\""
      RenderBlock {SPAN} at (6.53,0) size 6.61x19
        RenderText {#text} at (0,3) size 7x16
          text run at (0,3) width 7 RTL: "\x{5E0}"
      RenderText {#text} at (13,3) size 10x16
        text run at (13,3) width 10 RTL: "\x{5D1}"
    RenderBlock {DIV} at (0,89) size 28.47x19
      RenderText {#text} at (0,3) size 7x16
        text run at (0,3) width 7: "\""
      RenderBlock {SPAN} at (6.53,0) size 6.61x19
        RenderText {#text} at (0,3) size 7x16
          text run at (0,3) width 7 RTL: "\x{5E0}"
      RenderText {#text} at (13,3) size 8x16
        text run at (13,3) width 8: "c"
    RenderBlock {DIV} at (0,108) size 28.47x16
      RenderText {#text} at (0,0) size 7x16
        text run at (0,0) width 7: "\""
      RenderBlock {SPAN} at (6.53,0) size 8x16
        RenderText {#text} at (0,0) size 8x16
          text run at (0,0) width 8: "b"
      RenderText {#text} at (14,0) size 6x16
        text run at (14,0) width 6: "("
    RenderBlock {DIV} at (0,124) size 28.47x19
      RenderText {#text} at (0,3) size 7x16
        text run at (0,3) width 7: "\""
      RenderBlock {SPAN} at (6.53,3) size 8x16
        RenderText {#text} at (0,0) size 8x16
          text run at (0,0) width 8: "b"
      RenderText {#text} at (14,3) size 10x16
        text run at (14,3) width 10 RTL: "\x{5D1}"
    RenderBlock {DIV} at (0,143) size 28.47x16
      RenderText {#text} at (0,0) size 7x16
        text run at (0,0) width 7: "\""
      RenderBlock {SPAN} at (6.53,0) size 8x16
        RenderText {#text} at (0,0) size 8x16
          text run at (0,0) width 8: "b"
      RenderText {#text} at (14,0) size 8x16
        text run at (14,0) width 8: "c"
    RenderBlock {DIV} at (0,159) size 28.47x16
      RenderText {#text} at (0,0) size 7x16
        text run at (0,0) width 7: "\""
      RenderBlock {SPAN} at (6.53,0) size 5.33x16
        RenderText {#text} at (0,0) size 6x16
          text run at (0,0) width 6 RTL: ")"
      RenderText {#text} at (11,0) size 7x16
        text run at (11,0) width 7: "("
    RenderBlock {DIV} at (0,175) size 28.47x19
      RenderText {#text} at (0,3) size 7x16
        text run at (0,3) width 7: "\""
      RenderBlock {SPAN} at (6.53,3) size 5.33x16
        RenderText {#text} at (0,0) size 6x16
          text run at (0,0) width 6 RTL: ")"
      RenderText {#text} at (11,3) size 10x16
        text run at (11,3) width 10 RTL: "\x{5D1}"
    RenderBlock {DIV} at (0,194) size 28.47x16
      RenderText {#text} at (0,0) size 7x16
        text run at (0,0) width 7: "\""
      RenderBlock {SPAN} at (6.53,0) size 5.33x16
        RenderText {#text} at (0,0) size 6x16
          text run at (0,0) width 6 RTL: ")"
      RenderText {#text} at (11,0) size 8x16
        text run at (11,0) width 8: "c"
    RenderBlock {DIV} at (0,210) size 28.47x19
      RenderText {#text} at (0,3) size 7x16
        text run at (0,3) width 7: "\""
      RenderBlock {SPAN} at (6.53,0) size 6.61x19
        RenderText {#text} at (0,3) size 7x16
          text run at (0,3) width 7 RTL: "\x{5E0}"
      RenderText {#text} at (13,3) size 6x16
        text run at (13,3) width 6: "("
    RenderBlock {DIV} at (0,229) size 28.47x19
      RenderText {#text} at (0,3) size 7x16
        text run at (0,3) width 7: "\""
      RenderBlock {SPAN} at (6.53,0) size 6.61x19
        RenderText {#text} at (0,3) size 7x16
          text run at (0,3) width 7 RTL: "\x{5E0}"
      RenderText {#text} at (13,3) size 10x16
        text run at (13,3) width 10 RTL: "\x{5D1}"
    RenderBlock {DIV} at (0,248) size 28.47x19
      RenderText {#text} at (0,3) size 7x16
        text run at (0,3) width 7: "\""
      RenderBlock {SPAN} at (6.53,0) size 6.61x19
        RenderText {#text} at (0,3) size 7x16
          text run at (0,3) width 7 RTL: "\x{5E0}"
      RenderText {#text} at (13,3) size 8x16
        text run at (13,3) width 8: "c"
    RenderBlock {DIV} at (0,267) size 28.47x16
      RenderText {#text} at (0,0) size 7x16
        text run at (0,0) width 7: "\""
      RenderBlock {SPAN} at (6.53,0) size 8x16
        RenderText {#text} at (0,0) size 8x16
          text run at (0,0) width 8: "b"
      RenderText {#text} at (14,0) size 6x16
        text run at (14,0) width 6: "("
    RenderBlock {DIV} at (0,283) size 28.47x19
      RenderText {#text} at (0,3) size 7x16
        text run at (0,3) width 7: "\""
      RenderBlock {SPAN} at (6.53,3) size 8x16
        RenderText {#text} at (0,0) size 8x16
          text run at (0,0) width 8: "b"
      RenderText {#text} at (14,3) size 10x16
        text run at (14,3) width 10 RTL: "\x{5D1}"
    RenderBlock {DIV} at (0,302) size 28.47x16
      RenderText {#text} at (0,0) size 7x16
        text run at (0,0) width 7: "\""
      RenderBlock {SPAN} at (6.53,0) size 8x16
        RenderText {#text} at (0,0) size 8x16
          text run at (0,0) width 8: "b"
      RenderText {#text} at (14,0) size 8x16
        text run at (14,0) width 8: "c"
    RenderBlock {DIV} at (0,318) size 28.47x19
      RenderText {#text} at (0,3) size 12x16
        text run at (0,3) width 12 RTL: "\x{5E9}"
      RenderBlock {SPAN} at (11.45,3) size 5.33x16
        RenderText {#text} at (0,0) size 6x16
          text run at (0,0) width 6: ")"
      RenderText {#text} at (16,3) size 7x16
        text run at (16,3) width 7: "("
    RenderBlock {DIV} at (0,337) size 28.47x19
      RenderText {#text} at (14,3) size 12x16
        text run at (14,3) width 12 RTL: "\x{5E9}"
      RenderBlock {SPAN} at (9,3) size 5.33x16
        RenderText {#text} at (0,0) size 6x16
          text run at (0,0) width 6: ")"
      RenderText {#text} at (0,3) size 10x16
        text run at (0,3) width 10 RTL: "\x{5D1}"
    RenderBlock {DIV} at (0,356) size 28.47x19
      RenderText {#text} at (0,3) size 12x16
        text run at (0,3) width 12 RTL: "\x{5E9}"
      RenderBlock {SPAN} at (11.45,3) size 5.33x16
        RenderText {#text} at (0,0) size 6x16
          text run at (0,0) width 6: ")"
      RenderText {#text} at (16,3) size 8x16
        text run at (16,3) width 8: "c"
    RenderBlock {DIV} at (0,375) size 28.47x19
      RenderText {#text} at (0,3) size 12x16
        text run at (0,3) width 12 RTL: "\x{5E9}"
      RenderBlock {SPAN} at (11.45,0) size 6.61x19
        RenderText {#text} at (0,3) size 7x16
          text run at (0,3) width 7 RTL: "\x{5E0}"
      RenderText {#text} at (18,3) size 6x16
        text run at (18,3) width 6: "("
    RenderBlock {DIV} at (0,400) size 28.47x19
      RenderText {#text} at (15,3) size 13x16
        text run at (15,3) width 13 RTL: "\x{5E9}"
      RenderBlock {SPAN} at (9,0) size 6.61x19
        RenderText {#text} at (0,3) size 7x16
          text run at (0,3) width 7 RTL: "\x{5E0}"
      RenderText {#text} at (0,3) size 10x16
        text run at (0,3) width 10 RTL: "\x{5D1}"
    RenderBlock {DIV} at (0,419) size 28.47x19
      RenderText {#text} at (0,3) size 12x16
        text run at (0,3) width 12 RTL: "\x{5E9}"
      RenderBlock {SPAN} at (11.45,0) size 6.61x19
        RenderText {#text} at (0,3) size 7x16
          text run at (0,3) width 7 RTL: "\x{5E0}"
      RenderText {#text} at (18,3) size 8x16
        text run at (18,3) width 8: "c"
    RenderBlock {DIV} at (0,438) size 28.47x19
      RenderText {#text} at (0,3) size 12x16
        text run at (0,3) width 12 RTL: "\x{5E9}"
      RenderBlock {SPAN} at (11.45,3) size 8x16
        RenderText {#text} at (0,0) size 8x16
          text run at (0,0) width 8: "b"
      RenderText {#text} at (19,3) size 6x16
        text run at (19,3) width 6: "("
    RenderBlock {DIV} at (0,457) size 28.47x19
      RenderText {#text} at (17,3) size 12x16
        text run at (17,3) width 12 RTL: "\x{5E9}"
      RenderBlock {SPAN} at (9,3) size 8x16
        RenderText {#text} at (0,0) size 8x16
          text run at (0,0) width 8: "b"
      RenderText {#text} at (0,3) size 10x16
        text run at (0,3) width 10 RTL: "\x{5D1}"
    RenderBlock {DIV} at (0,476) size 28.47x19
      RenderText {#text} at (0,3) size 12x16
        text run at (0,3) width 12 RTL: "\x{5E9}"
      RenderBlock {SPAN} at (11.45,3) size 8x16
        RenderText {#text} at (0,0) size 8x16
          text run at (0,0) width 8: "b"
      RenderText {#text} at (19,3) size 8x16
        text run at (19,3) width 8: "c"
    RenderBlock {DIV} at (0,495) size 28.47x19
      RenderText {#text} at (0,3) size 12x16
        text run at (0,3) width 12 RTL: "\x{5E9}"
      RenderBlock {SPAN} at (11.45,3) size 5.33x16
        RenderText {#text} at (0,0) size 6x16
          text run at (0,0) width 6 RTL: ")"
      RenderText {#text} at (16,3) size 7x16
        text run at (16,3) width 7: "("
    RenderBlock {DIV} at (0,514) size 28.47x19
      RenderText {#text} at (14,3) size 12x16
        text run at (14,3) width 12 RTL: "\x{5E9}"
      RenderBlock {SPAN} at (9,3) size 5.33x16
        RenderText {#text} at (0,0) size 6x16
          text run at (0,0) width 6 RTL: ")"
      RenderText {#text} at (0,3) size 10x16
        text run at (0,3) width 10 RTL: "\x{5D1}"
    RenderBlock {DIV} at (0,533) size 28.47x19
      RenderText {#text} at (0,3) size 12x16
        text run at (0,3) width 12 RTL: "\x{5E9}"
      RenderBlock {SPAN} at (11.45,3) size 5.33x16
        RenderText {#text} at (0,0) size 6x16
          text run at (0,0) width 6 RTL: ")"
      RenderText {#text} at (16,3) size 8x16
        text run at (16,3) width 8: "c"
    RenderBlock {DIV} at (0,552) size 28.47x19
      RenderText {#text} at (0,3) size 12x16
        text run at (0,3) width 12 RTL: "\x{5E9}"
      RenderBlock {SPAN} at (11.45,0) size 6.61x19
        RenderText {#text} at (0,3) size 7x16
          text run at (0,3) width 7 RTL: "\x{5E0}"
      RenderText {#text} at (18,3) size 6x16
        text run at (18,3) width 6: "("
    RenderBlock {DIV} at (0,571) size 28.47x19
      RenderText {#text} at (15,3) size 13x16
        text run at (15,3) width 13 RTL: "\x{5E9}"
      RenderBlock {SPAN} at (9,0) size 6.61x19
        RenderText {#text} at (0,3) size 7x16
          text run at (0,3) width 7 RTL: "\x{5E0}"
      RenderText {#text} at (0,3) size 10x16
        text run at (0,3) width 10 RTL: "\x{5D1}"
    RenderBlock {DIV} at (0,590) size 28.47x19
      RenderText {#text} at (0,3) size 12x16
        text run at (0,3) width 12 RTL: "\x{5E9}"
      RenderBlock {SPAN} at (11.45,0) size 6.61x19
        RenderText {#text} at (0,3) size 7x16
          text run at (0,3) width 7 RTL: "\x{5E0}"
      RenderText {#text} at (18,3) size 8x16
        text run at (18,3) width 8: "c"
    RenderBlock {DIV} at (0,609) size 28.47x19
      RenderText {#text} at (0,3) size 12x16
        text run at (0,3) width 12 RTL: "\x{5E9}"
      RenderBlock {SPAN} at (11.45,3) size 8x16
        RenderText {#text} at (0,0) size 8x16
          text run at (0,0) width 8: "b"
      RenderText {#text} at (19,3) size 6x16
        text run at (19,3) width 6: "("
    RenderBlock {DIV} at (0,628) size 28.47x19
      RenderText {#text} at (17,3) size 12x16
        text run at (17,3) width 12 RTL: "\x{5E9}"
      RenderBlock {SPAN} at (9,3) size 8x16
        RenderText {#text} at (0,0) size 8x16
          text run at (0,0) width 8: "b"
      RenderText {#text} at (0,3) size 10x16
        text run at (0,3) width 10 RTL: "\x{5D1}"
    RenderBlock {DIV} at (0,647) size 28.47x19
      RenderText {#text} at (0,3) size 12x16
        text run at (0,3) width 12 RTL: "\x{5E9}"
      RenderBlock {SPAN} at (11.45,3) size 8x16
        RenderText {#text} at (0,0) size 8x16
          text run at (0,0) width 8: "b"
      RenderText {#text} at (19,3) size 8x16
        text run at (19,3) width 8: "c"
    RenderBlock {DIV} at (0,666) size 28.47x16
      RenderText {#text} at (0,0) size 8x16
        text run at (0,0) width 8: "a"
      RenderBlock {SPAN} at (7.09,0) size 5.33x16
        RenderText {#text} at (0,0) size 6x16
          text run at (0,0) width 6: ")"
      RenderText {#text} at (12,0) size 6x16
        text run at (12,0) width 6: "("
    RenderBlock {DIV} at (0,682) size 28.47x19
      RenderText {#text} at (0,3) size 8x16
        text run at (0,3) width 8: "a"
      RenderBlock {SPAN} at (7.09,3) size 5.33x16
        RenderText {#text} at (0,0) size 6x16
          text run at (0,0) width 6: ")"
      RenderText {#text} at (12,3) size 10x16
        text run at (12,3) width 10 RTL: "\x{5D1}"
    RenderBlock {DIV} at (0,701) size 28.47x16
      RenderText {#text} at (0,0) size 8x16
        text run at (0,0) width 8: "a"
      RenderBlock {SPAN} at (7.09,0) size 5.33x16
        RenderText {#text} at (0,0) size 6x16
          text run at (0,0) width 6: ")"
      RenderText {#text} at (12,0) size 8x16
        text run at (12,0) width 8: "c"
    RenderBlock {DIV} at (0,717) size 28.47x19
      RenderText {#text} at (0,3) size 8x16
        text run at (0,3) width 8: "a"
      RenderBlock {SPAN} at (7.09,0) size 6.61x19
        RenderText {#text} at (0,3) size 7x16
          text run at (0,3) width 7 RTL: "\x{5E0}"
      RenderText {#text} at (13,3) size 7x16
        text run at (13,3) width 7: "("
    RenderBlock {DIV} at (0,736) size 28.47x19
      RenderText {#text} at (0,3) size 8x16
        text run at (0,3) width 8: "a"
      RenderBlock {SPAN} at (7.09,0) size 6.61x19
        RenderText {#text} at (0,3) size 7x16
          text run at (0,3) width 7 RTL: "\x{5E0}"
      RenderText {#text} at (13,3) size 10x16
        text run at (13,3) width 10 RTL: "\x{5D1}"
    RenderBlock {DIV} at (0,755) size 28.47x19
      RenderText {#text} at (0,3) size 8x16
        text run at (0,3) width 8: "a"
      RenderBlock {SPAN} at (7.09,0) size 6.61x19
        RenderText {#text} at (0,3) size 7x16
          text run at (0,3) width 7 RTL: "\x{5E0}"
      RenderText {#text} at (13,3) size 8x16
        text run at (13,3) width 8: "c"
    RenderBlock {DIV} at (0,774) size 28.47x16
      RenderText {#text} at (0,0) size 8x16
        text run at (0,0) width 8: "a"
      RenderBlock {SPAN} at (7.09,0) size 8x16
        RenderText {#text} at (0,0) size 8x16
          text run at (0,0) width 8: "b"
      RenderText {#text} at (15,0) size 6x16
        text run at (15,0) width 6: "("
    RenderBlock {DIV} at (0,800) size 28.47x19
      RenderText {#text} at (0,3) size 8x16
        text run at (0,3) width 8: "a"
      RenderBlock {SPAN} at (7.09,3) size 8x16
        RenderText {#text} at (0,0) size 8x16
          text run at (0,0) width 8: "b"
      RenderText {#text} at (15,3) size 10x16
        text run at (15,3) width 10 RTL: "\x{5D1}"
    RenderBlock {DIV} at (0,819) size 28.47x16
      RenderText {#text} at (0,0) size 8x16
        text run at (0,0) width 8: "a"
      RenderBlock {SPAN} at (7.09,0) size 8x16
        RenderText {#text} at (0,0) size 8x16
          text run at (0,0) width 8: "b"
      RenderText {#text} at (15,0) size 8x16
        text run at (15,0) width 8: "c"
    RenderBlock {DIV} at (0,835) size 28.47x16
      RenderText {#text} at (0,0) size 8x16
        text run at (0,0) width 8: "a"
      RenderBlock {SPAN} at (7.09,0) size 5.33x16
        RenderText {#text} at (0,0) size 6x16
          text run at (0,0) width 6 RTL: ")"
      RenderText {#text} at (12,0) size 6x16
        text run at (12,0) width 6: "("
    RenderBlock {DIV} at (0,851) size 28.47x19
      RenderText {#text} at (0,3) size 8x16
        text run at (0,3) width 8: "a"
      RenderBlock {SPAN} at (7.09,3) size 5.33x16
        RenderText {#text} at (0,0) size 6x16
          text run at (0,0) width 6 RTL: ")"
      RenderText {#text} at (12,3) size 10x16
        text run at (12,3) width 10 RTL: "\x{5D1}"
    RenderBlock {DIV} at (0,870) size 28.47x16
      RenderText {#text} at (0,0) size 8x16
        text run at (0,0) width 8: "a"
      RenderBlock {SPAN} at (7.09,0) size 5.33x16
        RenderText {#text} at (0,0) size 6x16
          text run at (0,0) width 6 RTL: ")"
      RenderText {#text} at (12,0) size 8x16
        text run at (12,0) width 8: "c"
    RenderBlock {DIV} at (0,886) size 28.47x19
      RenderText {#text} at (0,3) size 8x16
        text run at (0,3) width 8: "a"
      RenderBlock {SPAN} at (7.09,0) size 6.61x19
        RenderText {#text} at (0,3) size 7x16
          text run at (0,3) width 7 RTL: "\x{5E0}"
      RenderText {#text} at (13,3) size 7x16
        text run at (13,3) width 7: "("
    RenderBlock {DIV} at (0,905) size 28.47x19
      RenderText {#text} at (0,3) size 8x16
        text run at (0,3) width 8: "a"
      RenderBlock {SPAN} at (7.09,0) size 6.61x19
        RenderText {#text} at (0,3) size 7x16
          text run at (0,3) width 7 RTL: "\x{5E0}"
      RenderText {#text} at (13,3) size 10x16
        text run at (13,3) width 10 RTL: "\x{5D1}"
    RenderBlock {DIV} at (0,924) size 28.47x19
      RenderText {#text} at (0,3) size 8x16
        text run at (0,3) width 8: "a"
      RenderBlock {SPAN} at (7.09,0) size 6.61x19
        RenderText {#text} at (0,3) size 7x16
          text run at (0,3) width 7 RTL: "\x{5E0}"
      RenderText {#text} at (13,3) size 8x16
        text run at (13,3) width 8: "c"
    RenderBlock {DIV} at (0,943) size 28.47x16
      RenderText {#text} at (0,0) size 8x16
        text run at (0,0) width 8: "a"
      RenderBlock {SPAN} at (7.09,0) size 8x16
        RenderText {#text} at (0,0) size 8x16
          text run at (0,0) width 8: "b"
      RenderText {#text} at (15,0) size 6x16
        text run at (15,0) width 6: "("
    RenderBlock {DIV} at (0,959) size 28.47x19
      RenderText {#text} at (0,3) size 8x16
        text run at (0,3) width 8: "a"
      RenderBlock {SPAN} at (7.09,3) size 8x16
        RenderText {#text} at (0,0) size 8x16
          text run at (0,0) width 8: "b"
      RenderText {#text} at (15,3) size 10x16
        text run at (15,3) width 10 RTL: "\x{5D1}"
    RenderBlock {DIV} at (0,978) size 28.47x16
      RenderText {#text} at (0,0) size 8x16
        text run at (0,0) width 8: "a"
      RenderBlock {SPAN} at (7.09,0) size 8x16
        RenderText {#text} at (0,0) size 8x16
          text run at (0,0) width 8: "b"
      RenderText {#text} at (15,0) size 8x16
        text run at (15,0) width 8: "c"
    RenderBlock {DIV} at (0,994) size 28.47x16
      RenderText {#text} at (21,0) size 8x16
        text run at (21,0) width 8 RTL: "\""
      RenderBlock {SPAN} at (16.61,0) size 5.33x16
        RenderText {#text} at (0,0) size 6x16
          text run at (0,0) width 6: ")"
      RenderText {#text} at (11,0) size 6x16
        text run at (11,0) width 6 RTL: "("
    RenderBlock {DIV} at (0,1010) size 28.47x19
      RenderText {#text} at (21,3) size 8x16
        text run at (21,3) width 8 RTL: "\""
      RenderBlock {SPAN} at (16.61,3) size 5.33x16
        RenderText {#text} at (0,0) size 6x16
          text run at (0,0) width 6: ")"
      RenderText {#text} at (7,3) size 10x16
        text run at (7,3) width 10 RTL: "\x{5D1}"
    RenderBlock {DIV} at (0,1029) size 28.47x16
      RenderText {#text} at (21,0) size 8x16
        text run at (21,0) width 8 RTL: "\""
      RenderBlock {SPAN} at (16.61,0) size 5.33x16
        RenderText {#text} at (0,0) size 6x16
          text run at (0,0) width 6: ")"
      RenderText {#text} at (9,0) size 8x16
        text run at (9,0) width 8: "c"
    RenderBlock {DIV} at (0,1045) size 28.47x19
      RenderText {#text} at (21,3) size 8x16
        text run at (21,3) width 8 RTL: "\""
      RenderBlock {SPAN} at (15.33,0) size 6.61x19
        RenderText {#text} at (0,3) size 7x16
          text run at (0,3) width 7 RTL: "\x{5E0}"
      RenderText {#text} at (10,3) size 6x16
        text run at (10,3) width 6 RTL: "("
    RenderBlock {DIV} at (0,1064) size 28.47x19
      RenderText {#text} at (21,3) size 8x16
        text run at (21,3) width 8 RTL: "\""
      RenderBlock {SPAN} at (15.33,0) size 6.61x19
        RenderText {#text} at (0,3) size 7x16
          text run at (0,3) width 7 RTL: "\x{5E0}"
      RenderText {#text} at (6,3) size 10x16
        text run at (6,3) width 10 RTL: "\x{5D1}"
    RenderBlock {DIV} at (0,1083) size 28.47x19
      RenderText {#text} at (21,3) size 8x16
        text run at (21,3) width 8 RTL: "\""
      RenderBlock {SPAN} at (15.33,0) size 6.61x19
        RenderText {#text} at (0,3) size 7x16
          text run at (0,3) width 7 RTL: "\x{5E0}"
      RenderText {#text} at (8,3) size 8x16
        text run at (8,3) width 8: "c"
    RenderBlock {DIV} at (0,1102) size 28.47x16
      RenderText {#text} at (21,0) size 8x16
        text run at (21,0) width 8 RTL: "\""
      RenderBlock {SPAN} at (13.94,0) size 8x16
        RenderText {#text} at (0,0) size 8x16
          text run at (0,0) width 8: "b"
      RenderText {#text} at (8,0) size 6x16
        text run at (8,0) width 6 RTL: "("
    RenderBlock {DIV} at (0,1118) size 28.47x19
      RenderText {#text} at (21,3) size 8x16
        text run at (21,3) width 8 RTL: "\""
      RenderBlock {SPAN} at (13.94,3) size 8x16
        RenderText {#text} at (0,0) size 8x16
          text run at (0,0) width 8: "b"
      RenderText {#text} at (4,3) size 10x16
        text run at (4,3) width 10 RTL: "\x{5D1}"
    RenderBlock {DIV} at (0,1137) size 28.47x16
      RenderText {#text} at (21,0) size 8x16
        text run at (21,0) width 8 RTL: "\""
      RenderBlock {SPAN} at (13.94,0) size 8x16
        RenderText {#text} at (0,0) size 8x16
          text run at (0,0) width 8: "b"
      RenderText {#text} at (6,0) size 8x16
        text run at (6,0) width 8: "c"
    RenderBlock {DIV} at (0,1153) size 28.47x16
      RenderText {#text} at (21,0) size 8x16
        text run at (21,0) width 8 RTL: "\""
      RenderBlock {SPAN} at (16.61,0) size 5.33x16
        RenderText {#text} at (0,0) size 6x16
          text run at (0,0) width 6 RTL: ")"
      RenderText {#text} at (11,0) size 6x16
        text run at (11,0) width 6 RTL: "("
    RenderBlock {DIV} at (0,1169) size 28.47x19
      RenderText {#text} at (21,3) size 8x16
        text run at (21,3) width 8 RTL: "\""
      RenderBlock {SPAN} at (16.61,3) size 5.33x16
        RenderText {#text} at (0,0) size 6x16
          text run at (0,0) width 6 RTL: ")"
      RenderText {#text} at (7,3) size 10x16
        text run at (7,3) width 10 RTL: "\x{5D1}"
    RenderBlock {DIV} at (0,1200) size 28.47x16
      RenderText {#text} at (21,0) size 8x16
        text run at (21,0) width 8 RTL: "\""
      RenderBlock {SPAN} at (16.61,0) size 5.33x16
        RenderText {#text} at (0,0) size 6x16
          text run at (0,0) width 6 RTL: ")"
      RenderText {#text} at (9,0) size 8x16
        text run at (9,0) width 8: "c"
    RenderBlock {DIV} at (0,1216) size 28.47x19
      RenderText {#text} at (21,3) size 8x16
        text run at (21,3) width 8 RTL: "\""
      RenderBlock {SPAN} at (15.33,0) size 6.61x19
        RenderText {#text} at (0,3) size 7x16
          text run at (0,3) width 7 RTL: "\x{5E0}"
      RenderText {#text} at (10,3) size 6x16
        text run at (10,3) width 6 RTL: "("
    RenderBlock {DIV} at (0,1235) size 28.47x19
      RenderText {#text} at (21,3) size 8x16
        text run at (21,3) width 8 RTL: "\""
      RenderBlock {SPAN} at (15.33,0) size 6.61x19
        RenderText {#text} at (0,3) size 7x16
          text run at (0,3) width 7 RTL: "\x{5E0}"
      RenderText {#text} at (6,3) size 10x16
        text run at (6,3) width 10 RTL: "\x{5D1}"
    RenderBlock {DIV} at (0,1254) size 28.47x19
      RenderText {#text} at (21,3) size 8x16
        text run at (21,3) width 8 RTL: "\""
      RenderBlock {SPAN} at (15.33,0) size 6.61x19
        RenderText {#text} at (0,3) size 7x16
          text run at (0,3) width 7 RTL: "\x{5E0}"
      RenderText {#text} at (8,3) size 8x16
        text run at (8,3) width 8: "c"
    RenderBlock {DIV} at (0,1273) size 28.47x16
      RenderText {#text} at (21,0) size 8x16
        text run at (21,0) width 8 RTL: "\""
      RenderBlock {SPAN} at (13.94,0) size 8x16
        RenderText {#text} at (0,0) size 8x16
          text run at (0,0) width 8: "b"
      RenderText {#text} at (8,0) size 6x16
        text run at (8,0) width 6 RTL: "("
    RenderBlock {DIV} at (0,1289) size 28.47x19
      RenderText {#text} at (21,3) size 8x16
        text run at (21,3) width 8 RTL: "\""
      RenderBlock {SPAN} at (13.94,3) size 8x16
        RenderText {#text} at (0,0) size 8x16
          text run at (0,0) width 8: "b"
      RenderText {#text} at (4,3) size 10x16
        text run at (4,3) width 10 RTL: "\x{5D1}"
    RenderBlock {DIV} at (0,1308) size 28.47x16
      RenderText {#text} at (21,0) size 8x16
        text run at (21,0) width 8 RTL: "\""
      RenderBlock {SPAN} at (13.94,0) size 8x16
        RenderText {#text} at (0,0) size 8x16
          text run at (0,0) width 8: "b"
      RenderText {#text} at (6,0) size 8x16
        text run at (6,0) width 8: "c"
    RenderBlock {DIV} at (0,1324) size 28.47x19
      RenderText {#text} at (17,3) size 12x16
        text run at (17,3) width 12 RTL: "\x{5E9}"
      RenderBlock {SPAN} at (11.67,3) size 5.33x16
        RenderText {#text} at (0,0) size 6x16
          text run at (0,0) width 6: ")"
      RenderText {#text} at (6,3) size 6x16
        text run at (6,3) width 6 RTL: "("
    RenderBlock {DIV} at (0,1343) size 28.47x19
      RenderText {#text} at (17,3) size 12x16
        text run at (17,3) width 12 RTL: "\x{5E9}"
      RenderBlock {SPAN} at (11.67,3) size 5.33x16
        RenderText {#text} at (0,0) size 6x16
          text run at (0,0) width 6: ")"
      RenderText {#text} at (2,3) size 10x16
        text run at (2,3) width 10 RTL: "\x{5D1}"
    RenderBlock {DIV} at (0,1362) size 28.47x19
      RenderText {#text} at (17,3) size 12x16
        text run at (17,3) width 12 RTL: "\x{5E9}"
      RenderBlock {SPAN} at (11.67,3) size 5.33x16
        RenderText {#text} at (0,0) size 6x16
          text run at (0,0) width 6: ")"
      RenderText {#text} at (4,3) size 8x16
        text run at (4,3) width 8: "c"
    RenderBlock {DIV} at (0,1381) size 28.47x19
      RenderText {#text} at (17,3) size 12x16
        text run at (17,3) width 12 RTL: "\x{5E9}"
      RenderBlock {SPAN} at (10.39,0) size 6.61x19
        RenderText {#text} at (0,3) size 7x16
          text run at (0,3) width 7 RTL: "\x{5E0}"
      RenderText {#text} at (5,3) size 6x16
        text run at (5,3) width 6 RTL: "("
    RenderBlock {DIV} at (0,1400) size 28.47x19
      RenderText {#text} at (17,3) size 12x16
        text run at (17,3) width 12 RTL: "\x{5E9}"
      RenderBlock {SPAN} at (10.39,0) size 6.61x19
        RenderText {#text} at (0,3) size 7x16
          text run at (0,3) width 7 RTL: "\x{5E0}"
      RenderText {#text} at (1,3) size 10x16
        text run at (1,3) width 10 RTL: "\x{5D1}"
    RenderBlock {DIV} at (0,1419) size 28.47x19
      RenderText {#text} at (17,3) size 12x16
        text run at (17,3) width 12 RTL: "\x{5E9}"
      RenderBlock {SPAN} at (10.39,0) size 6.61x19
        RenderText {#text} at (0,3) size 7x16
          text run at (0,3) width 7 RTL: "\x{5E0}"
      RenderText {#text} at (3,3) size 8x16
        text run at (3,3) width 8: "c"
    RenderBlock {DIV} at (0,1438) size 28.47x19
      RenderText {#text} at (17,3) size 12x16
        text run at (17,3) width 12 RTL: "\x{5E9}"
      RenderBlock {SPAN} at (9,3) size 8x16
        RenderText {#text} at (0,0) size 8x16
          text run at (0,0) width 8: "b"
      RenderText {#text} at (3,3) size 7x16
        text run at (3,3) width 7 RTL: "("
    RenderBlock {DIV} at (0,1457) size 28.47x19
      RenderText {#text} at (17,3) size 12x16
        text run at (17,3) width 12 RTL: "\x{5E9}"
      RenderBlock {SPAN} at (9,3) size 8x16
        RenderText {#text} at (0,0) size 8x16
          text run at (0,0) width 8: "b"
      RenderText {#text} at (0,3) size 10x16
        text run at (0,3) width 10 RTL: "\x{5D1}"
    RenderBlock {DIV} at (0,1476) size 28.47x19
      RenderText {#text} at (17,3) size 12x16
        text run at (17,3) width 12 RTL: "\x{5E9}"
      RenderBlock {SPAN} at (9,3) size 8x16
        RenderText {#text} at (0,0) size 8x16
          text run at (0,0) width 8: "b"
      RenderText {#text} at (1,3) size 9x16
        text run at (1,3) width 9: "c"
    RenderBlock {DIV} at (0,1495) size 28.47x19
      RenderText {#text} at (17,3) size 12x16
        text run at (17,3) width 12 RTL: "\x{5E9}"
      RenderBlock {SPAN} at (11.67,3) size 5.33x16
        RenderText {#text} at (0,0) size 6x16
          text run at (0,0) width 6 RTL: ")"
      RenderText {#text} at (6,3) size 6x16
        text run at (6,3) width 6 RTL: "("
    RenderBlock {DIV} at (0,1514) size 28.47x19
      RenderText {#text} at (17,3) size 12x16
        text run at (17,3) width 12 RTL: "\x{5E9}"
      RenderBlock {SPAN} at (11.67,3) size 5.33x16
        RenderText {#text} at (0,0) size 6x16
          text run at (0,0) width 6 RTL: ")"
      RenderText {#text} at (2,3) size 10x16
        text run at (2,3) width 10 RTL: "\x{5D1}"
    RenderBlock {DIV} at (0,1533) size 28.47x19
      RenderText {#text} at (17,3) size 12x16
        text run at (17,3) width 12 RTL: "\x{5E9}"
      RenderBlock {SPAN} at (11.67,3) size 5.33x16
        RenderText {#text} at (0,0) size 6x16
          text run at (0,0) width 6 RTL: ")"
      RenderText {#text} at (4,3) size 8x16
        text run at (4,3) width 8: "c"
    RenderBlock {DIV} at (0,1552) size 28.47x19
      RenderText {#text} at (17,3) size 12x16
        text run at (17,3) width 12 RTL: "\x{5E9}"
      RenderBlock {SPAN} at (10.39,0) size 6.61x19
        RenderText {#text} at (0,3) size 7x16
          text run at (0,3) width 7 RTL: "\x{5E0}"
      RenderText {#text} at (5,3) size 6x16
        text run at (5,3) width 6 RTL: "("
    RenderBlock {DIV} at (0,1571) size 28.47x19
      RenderText {#text} at (17,3) size 12x16
        text run at (17,3) width 12 RTL: "\x{5E9}"
      RenderBlock {SPAN} at (10.39,0) size 6.61x19
        RenderText {#text} at (0,3) size 7x16
          text run at (0,3) width 7 RTL: "\x{5E0}"
      RenderText {#text} at (1,3) size 10x16
        text run at (1,3) width 10 RTL: "\x{5D1}"
    RenderBlock {DIV} at (0,1600) size 28.47x19
      RenderText {#text} at (17,3) size 12x16
        text run at (17,3) width 12 RTL: "\x{5E9}"
      RenderBlock {SPAN} at (10.39,0) size 6.61x19
        RenderText {#text} at (0,3) size 7x16
          text run at (0,3) width 7 RTL: "\x{5E0}"
      RenderText {#text} at (3,3) size 8x16
        text run at (3,3) width 8: "c"
    RenderBlock {DIV} at (0,1619) size 28.47x19
      RenderText {#text} at (17,3) size 12x16
        text run at (17,3) width 12 RTL: "\x{5E9}"
      RenderBlock {SPAN} at (9,3) size 8x16
        RenderText {#text} at (0,0) size 8x16
          text run at (0,0) width 8: "b"
      RenderText {#text} at (3,3) size 7x16
        text run at (3,3) width 7 RTL: "("
    RenderBlock {DIV} at (0,1638) size 28.47x19
      RenderText {#text} at (17,3) size 12x16
        text run at (17,3) width 12 RTL: "\x{5E9}"
      RenderBlock {SPAN} at (9,3) size 8x16
        RenderText {#text} at (0,0) size 8x16
          text run at (0,0) width 8: "b"
      RenderText {#text} at (0,3) size 10x16
        text run at (0,3) width 10 RTL: "\x{5D1}"
    RenderBlock {DIV} at (0,1657) size 28.47x19
      RenderText {#text} at (17,3) size 12x16
        text run at (17,3) width 12 RTL: "\x{5E9}"
      RenderBlock {SPAN} at (9,3) size 8x16
        RenderText {#text} at (0,0) size 8x16
          text run at (0,0) width 8: "b"
      RenderText {#text} at (1,3) size 9x16
        text run at (1,3) width 9: "c"
    RenderBlock {DIV} at (0,1676) size 28.47x16
      RenderText {#text} at (21,0) size 8x16
        text run at (21,0) width 8: "a"
      RenderBlock {SPAN} at (16.03,0) size 5.33x16
        RenderText {#text} at (0,0) size 6x16
          text run at (0,0) width 6: ")"
      RenderText {#text} at (10,0) size 7x16
        text run at (10,0) width 7 RTL: "("
    RenderBlock {DIV} at (0,1692) size 28.47x19
      RenderText {#text} at (21,3) size 8x16
        text run at (21,3) width 8: "a"
      RenderBlock {SPAN} at (16.03,3) size 5.33x16
        RenderText {#text} at (0,0) size 6x16
          text run at (0,0) width 6: ")"
      RenderText {#text} at (7,3) size 10x16
        text run at (7,3) width 10 RTL: "\x{5D1}"
    RenderBlock {DIV} at (0,1711) size 28.47x16
      RenderText {#text} at (8,0) size 9x16
        text run at (8,0) width 9: "a"
      RenderBlock {SPAN} at (16.03,0) size 5.33x16
        RenderText {#text} at (0,0) size 6x16
          text run at (0,0) width 6: ")"
      RenderText {#text} at (21,0) size 8x16
        text run at (21,0) width 8: "c"
    RenderBlock {DIV} at (0,1727) size 28.47x19
      RenderText {#text} at (21,3) size 8x16
        text run at (21,3) width 8: "a"
      RenderBlock {SPAN} at (14.75,0) size 6.61x19
        RenderText {#text} at (0,3) size 7x16
          text run at (0,3) width 7 RTL: "\x{5E0}"
      RenderText {#text} at (9,3) size 6x16
        text run at (9,3) width 6 RTL: "("
    RenderBlock {DIV} at (0,1746) size 28.47x19
      RenderText {#text} at (21,3) size 8x16
        text run at (21,3) width 8: "a"
      RenderBlock {SPAN} at (14.75,0) size 6.61x19
        RenderText {#text} at (0,3) size 7x16
          text run at (0,3) width 7 RTL: "\x{5E0}"
      RenderText {#text} at (5,3) size 10x16
        text run at (5,3) width 10 RTL: "\x{5D1}"
    RenderBlock {DIV} at (0,1765) size 28.47x19
      RenderText {#text} at (7,3) size 8x16
        text run at (7,3) width 8: "a"
      RenderBlock {SPAN} at (14.75,0) size 6.61x19
        RenderText {#text} at (0,3) size 7x16
          text run at (0,3) width 7 RTL: "\x{5E0}"
      RenderText {#text} at (21,3) size 8x16
        text run at (21,3) width 8: "c"
    RenderBlock {DIV} at (0,1784) size 28.47x16
      RenderText {#text} at (21,0) size 8x16
        text run at (21,0) width 8: "a"
      RenderBlock {SPAN} at (13.36,0) size 8x16
        RenderText {#text} at (0,0) size 8x16
          text run at (0,0) width 8: "b"
      RenderText {#text} at (8,0) size 6x16
        text run at (8,0) width 6 RTL: "("
    RenderBlock {DIV} at (0,1800) size 28.47x19
      RenderText {#text} at (21,3) size 8x16
        text run at (21,3) width 8: "a"
      RenderBlock {SPAN} at (13.36,3) size 8x16
        RenderText {#text} at (0,0) size 8x16
          text run at (0,0) width 8: "b"
      RenderText {#text} at (4,3) size 10x16
        text run at (4,3) width 10 RTL: "\x{5D1}"
    RenderBlock {DIV} at (0,1819) size 28.47x16
      RenderText {#text} at (6,0) size 8x16
        text run at (6,0) width 8: "a"
      RenderBlock {SPAN} at (13.36,0) size 8x16
        RenderText {#text} at (0,0) size 8x16
          text run at (0,0) width 8: "b"
      RenderText {#text} at (21,0) size 8x16
        text run at (21,0) width 8: "c"
    RenderBlock {DIV} at (0,1835) size 28.47x16
      RenderText {#text} at (21,0) size 8x16
        text run at (21,0) width 8: "a"
      RenderBlock {SPAN} at (16.03,0) size 5.33x16
        RenderText {#text} at (0,0) size 6x16
          text run at (0,0) width 6 RTL: ")"
      RenderText {#text} at (10,0) size 7x16
        text run at (10,0) width 7 RTL: "("
    RenderBlock {DIV} at (0,1851) size 28.47x19
      RenderText {#text} at (21,3) size 8x16
        text run at (21,3) width 8: "a"
      RenderBlock {SPAN} at (16.03,3) size 5.33x16
        RenderText {#text} at (0,0) size 6x16
          text run at (0,0) width 6 RTL: ")"
      RenderText {#text} at (7,3) size 10x16
        text run at (7,3) width 10 RTL: "\x{5D1}"
    RenderBlock {DIV} at (0,1870) size 28.47x16
      RenderText {#text} at (8,0) size 9x16
        text run at (8,0) width 9: "a"
      RenderBlock {SPAN} at (16.03,0) size 5.33x16
        RenderText {#text} at (0,0) size 6x16
          text run at (0,0) width 6 RTL: ")"
      RenderText {#text} at (21,0) size 8x16
        text run at (21,0) width 8: "c"
    RenderBlock {DIV} at (0,1886) size 28.47x19
      RenderText {#text} at (21,3) size 8x16
        text run at (21,3) width 8: "a"
      RenderBlock {SPAN} at (14.75,0) size 6.61x19
        RenderText {#text} at (0,3) size 7x16
          text run at (0,3) width 7 RTL: "\x{5E0}"
      RenderText {#text} at (9,3) size 6x16
        text run at (9,3) width 6 RTL: "("
    RenderBlock {DIV} at (0,1905) size 28.47x19
      RenderText {#text} at (21,3) size 8x16
        text run at (21,3) width 8: "a"
      RenderBlock {SPAN} at (14.75,0) size 6.61x19
        RenderText {#text} at (0,3) size 7x16
          text run at (0,3) width 7 RTL: "\x{5E0}"
      RenderText {#text} at (5,3) size 10x16
        text run at (5,3) width 10 RTL: "\x{5D1}"
    RenderBlock {DIV} at (0,1924) size 28.47x19
      RenderText {#text} at (7,3) size 8x16
        text run at (7,3) width 8: "a"
      RenderBlock {SPAN} at (14.75,0) size 6.61x19
        RenderText {#text} at (0,3) size 7x16
          text run at (0,3) width 7 RTL: "\x{5E0}"
      RenderText {#text} at (21,3) size 8x16
        text run at (21,3) width 8: "c"
    RenderBlock {DIV} at (0,1943) size 28.47x16
      RenderText {#text} at (21,0) size 8x16
        text run at (21,0) width 8: "a"
      RenderBlock {SPAN} at (13.36,0) size 8x16
        RenderText {#text} at (0,0) size 8x16
          text run at (0,0) width 8: "b"
      RenderText {#text} at (8,0) size 6x16
        text run at (8,0) width 6 RTL: "("
    RenderBlock {DIV} at (0,1959) size 28.47x19
      RenderText {#text} at (21,3) size 8x16
        text run at (21,3) width 8: "a"
      RenderBlock {SPAN} at (13.36,3) size 8x16
        RenderText {#text} at (0,0) size 8x16
          text run at (0,0) width 8: "b"
      RenderText {#text} at (4,3) size 10x16
        text run at (4,3) width 10 RTL: "\x{5D1}"
    RenderBlock {DIV} at (0,1978) size 28.47x16
      RenderText {#text} at (6,0) size 8x16
        text run at (6,0) width 8: "a"
      RenderBlock {SPAN} at (13.36,0) size 8x16
        RenderText {#text} at (0,0) size 8x16
          text run at (0,0) width 8: "b"
      RenderText {#text} at (21,0) size 8x16
        text run at (21,0) width 8: "c"
