layer at (0,0) size 800x600
  RenderView at (0,0) size 800x600
layer at (0,0) size 800x88
  RenderBlock {HTML} at (0,0) size 800x88
    RenderBody {BODY} at (8,16) size 784x64
      RenderBlock {P} at (0,0) size 784x16
        RenderText {#text} at (0,0) size 298x16
          text run at (0,0) width 298: "The following two lines should look the same:"
      RenderBlock {DIV} at (0,32) size 784x16
        RenderInline {SPAN} at (0,0) size 6x16
          RenderInline {<pseudo:before>} at (0,0) size 6x16
            RenderCounter at (0,0) size 6x16
              text run at (0,0) width 6: "\x{2022}"
      RenderBlock {DIV} at (0,48) size 784x16
        RenderText {#text} at (0,0) size 6x16
          text run at (0,0) width 6: "\x{2022}"
