EDITING DELEGATE: webViewDidChangeSelection:WebViewDidChangeSelectionNotification
layer at (0,0) size 800x600
  RenderView at (0,0) size 800x600
layer at (0,0) size 800x600
  RenderBlock {HTML} at (0,0) size 800x600
    RenderBody {BODY} at (8,8) size 784x584
      RenderBlock {P} at (0,0) size 784x18
        RenderText {#text} at (0,0) size 597x17
          text run at (0,0) width 223: "This tests for a caret painting bug. "
          text run at (222,0) width 375: "You should not see a caret in the editable subframe below."
      RenderBlock (anonymous) at (0,34) size 784x154
        RenderText {#text} at (0,0) size 0x0
layer at (8,42) size 304x154
  RenderPartObject {IFRAME} at (0,0) size 304x154 [border: (2px inset #EEEEEE)]
    layer at (0,0) size 300x150
      RenderView at (0,0) size 300x150
    layer at (0,0) size 300x150
      RenderBlock {HTML} at (0,0) size 300x150
        RenderBody {BODY} at (8,8) size 284x134 [bgcolor=#FFFFE0]
