ALERT: 0.1724137931034483
layer at (0,0) size 800x600
  RenderView at (0,0) size 800x600
layer at (0,0) size 800x600
  RenderBlock {HTML} at (0,0) size 800x600
    RenderBody {BODY} at (8,8) size 784x576
      RenderBlock {P} at (0,0) size 784x18
        RenderText {#text} at (0,0) size 222x17
          text run at (0,0) width 222: "This tests for a drag select crasher."
      RenderBlock {DIV} at (0,34) size 784x22
        RenderInline {SPAN} at (0,0) size 66x17
          RenderText {#text} at (0,2) size 66x17
            text run at (0,2) width 66: "Start here."
        RenderText {#text} at (65,2) size 5x17
          text run at (65,2) width 5: " "
        RenderTextControl {INPUT} at (69.75,0) size 173x22 [bgcolor=#FFFFFF] [border: (2px inset #EEEEEE)]
      RenderBlock {UL} at (0,72) size 784x0
layer at (80,45) size 169x16
  RenderBlock {DIV} at (2,3) size 169x16
selection start: position 4 of child 0 {#text} of child 0 {SPAN} of child 2 {DIV} of body
selection end:   position 1 of child 1 {#text} of child 2 {DIV} of body
