layer at (0,0) size 800x600
  RenderView at (0,0) size 800x600
layer at (0,0) size 800x138
  RenderBlock {HTML} at (0,0) size 800x138
    RenderBody {BODY} at (8,16) size 784x114
      RenderBlock {P} at (0,0) size 784x18
        RenderText {#text} at (0,0) size 568x17
          text run at (0,0) width 568: "To PASS this test case the text of the button label should not be selected in the selection."
      RenderBlock {DIV} at (0,34) size 784x80
        RenderBlock (anonymous) at (0,0) size 784x40
          RenderText {#text} at (0,0) size 50x17
            text run at (0,0) width 50: "Buttons"
          RenderBR {BR} at (49,0) size 1x17
          RenderText {#text} at (0,20) size 61x17
            text run at (0,20) width 61: "with text "
          RenderButton {INPUT} at (60.44,18) size 62x22 [bgcolor=#C0C0C0] [border: (2px outset #C0C0C0)]
            RenderBlock (anonymous) at (8,3) size 46x16
              RenderText {#text} at (0,0) size 46x16
                text run at (0,0) width 46: "too little"
          RenderText {#text} at (122,20) size 59x17
            text run at (122,20) width 59: " too little"
        RenderBlock {DIV} at (0,40) size 784x22
          RenderText {#text} at (0,2) size 56x17
            text run at (0,2) width 56: "and text "
          RenderButton {INPUT} at (55.09,0) size 70x22 [bgcolor=#C0C0C0] [border: (2px outset #C0C0C0)]
            RenderBlock (anonymous) at (8,3) size 54x16
              RenderText {#text} at (0,0) size 54x16
                text run at (0,0) width 54: "too much"
          RenderText {#text} at (125,2) size 65x17
            text run at (125,2) width 65: " too much"
        RenderBlock (anonymous) at (0,62) size 784x18
          RenderText {#text} at (0,0) size 250x17
            text run at (0,0) width 250: "Should not be selected in the selection."
selection start: position 0 of child 0 {#text} of child 1 {P} of body
selection end:   position 41 of child 6 {#text} of child 3 {DIV} of body
