layer at (0,0) size 800x600
  RenderView at (0,0) size 800x600
layer at (0,0) size 800x190
  RenderBlock {HTML} at (0,0) size 800x189.84
    RenderBody {BODY} at (8,16) size 784x160.84
      RenderBlock {P} at (0,0) size 784x18
        RenderText {#text} at (0,0) size 399x17
          text run at (0,0) width 399: "This tests horizontal caret movement in vertical writing mode."
      RenderBlock {DIV} at (0,34) size 86x126.84
        RenderBlock {P} at (20,0) size 46x126.84
          RenderText {#text} at (0,18) size 23x109
            text run at (0,18) width 109 RTL: "\x{5D0}\x{5E0}\x{5D9} \x{5D7}\x{5EA}\x{5D5}\x{5DC}."
          RenderBR {BR} at (0,18) size 23x1
          RenderText {#text} at (23,6) size 23x121
            text run at (23,6) width 121 RTL: "\x{5D0}\x{5D9}\x{5DF} \x{5DC}\x{5D9} \x{5E9}\x{5DD}."
      RenderBlock {PRE} at (0,173.84) size 784x0
selection start: position 5 of child 0 {#text} of child 1 {P} of child 3 {DIV} of body
selection end:   position 5 of child 2 {#text} of child 1 {P} of child 3 {DIV} of body
