layer at (0,0) size 800x600
  RenderView at (0,0) size 800x600
layer at (0,0) size 800x600
  RenderBlock {HTML} at (0,0) size 800x600
    RenderBody {BODY} at (8,8) size 784x584
      RenderBlock (anonymous) at (0,0) size 784x18
        RenderInline {SPAN} at (0,0) size 379x17
          RenderText {#text} at (0,0) size 379x17
            text run at (0,0) width 379: "This test passes if the caret is at the start of the second line."
        RenderText {#text} at (0,0) size 0x0
      RenderBlock {DIV} at (0,18) size 352x102 [border: (1px solid #0000FF)]
        RenderText {#text} at (1,1) size 12x17
          text run at (1,1) width 12: "a "
        RenderInline {SPAN} at (0,0) size 348x35 [color=#0000FF]
          RenderText {#text} at (12,1) size 348x35
            text run at (12,1) width 337: "xxxxxxxxxxxxxxxxxxxxxxxxxxxxxxxxxxxxxxxxxx"
            text run at (1,19) width 8: "x"
caret: position 2 of child 0 {#text} of child 2 {DIV} of body
