layer at (0,0) size 785x1070
  RenderView at (0,0) size 785x600
layer at (0,0) size 785x1070
  RenderBlock {HTML} at (0,0) size 785x1069.69
    RenderBody {BODY} at (8,8) size 769x1053.69 [bgcolor=#FFFFFF]
      RenderBlock {H1} at (0,0) size 769x32
        RenderText {#text} at (0,0) size 350x32
          text run at (0,0) width 350: "Safari 1.0 PRE width bug"
      RenderBlock (anonymous) at (0,53.44) size 769x64
        RenderText {#text} at (0,0) size 103x16
          text run at (0,0) width 103: "As noted in my "
        RenderInline {A} at (0,0) size 29x16 [color=#0000EE]
          RenderText {#text} at (102,0) size 29x16
            text run at (102,0) width 29: "blog"
        RenderText {#text} at (130,0) size 765x64
          text run at (130,0) width 9: ", "
          text run at (138,0) width 442: "in certain cases Safari will miscalculate the width of a PRE element. "
          text run at (579,0) width 186: "I think I've found the trigger."
          text run at (0,16) width 286: "If a nested container element is preceded by "
          text run at (285,16) width 449: "uncontained text and a blank line, and there are \"too many\" characters"
          text run at (0,32) width 419: "contained in the nested element, the PRE width will be too wide. "
          text run at (418,32) width 343: "In the examples below, the nested element is a SPAN"
          text run at (0,48) width 96: "whose content "
          text run at (95,48) width 233: "is the days-of-week line, as follows:"
      RenderBlock {PRE} at (0,130.44) size 769x13
        RenderText {#text} at (0,0) size 367x13
          text run at (0,0) width 367: "    <SPAN CLASS=dow> D  M  T  W  J  F  S</SPAN>"
          text run at (366,0) width 1: " "
      RenderBlock {H2} at (0,163.34) size 769x24
        RenderText {#text} at (0,0) size 109x24
          text run at (0,0) width 109: "Example 1"
      RenderTable {TABLE} at (0,207.25) size 769x151
        RenderTableSection {TBODY} at (0,0) size 769x151
          RenderTableRow {TR} at (0,2) size 769x147
            RenderTableCell {TD} at (2,2) size 174x147 [r=0 c=0 rs=1 cs=1]
              RenderBlock {PRE} at (1,1) size 172x145 [bgcolor=#CCCC99] [border: (1px solid #000000)]
                RenderText {#text} at (7,8) size 95x26
                  text run at (7,8) width 95: "        2003"
                  text run at (101,8) width 1: " "
                  text run at (7,21) width 1: " "
                RenderInline {SPAN} at (0,0) size 157x17 [border: (1px solid #000000) none (2px solid #000000) none]
                  RenderText {#text} at (7,33) size 157x14
                    text run at (7,33) width 157: " D  M  T  W  J  F  S"
                RenderText {#text} at (163,33) size 157x105
                  text run at (163,33) width 1: " "
                  text run at (7,47) width 1: " "
                  text run at (7,60) width 118: "      September"
                  text run at (124,60) width 1: " "
                  text run at (7,73) width 157: "    1  2  3  4  5  6"
                  text run at (163,73) width 1: " "
                  text run at (7,86) width 157: " 7  8  9 10 11 12 13"
                  text run at (163,86) width 1: " "
                  text run at (7,99) width 157: "14 15 16 17 18 19 20"
                  text run at (163,99) width 1: " "
                  text run at (7,112) width 157: "21 22 23 24 25 26 27"
                  text run at (163,112) width 1: " "
                  text run at (7,125) width 63: "28 29 30"
            RenderTableCell {TD} at (178,2) size 589x18 [r=0 c=1 rs=1 cs=1]
              RenderText {#text} at (1,1) size 491x16
                text run at (1,1) width 346: "The blank line between '2003' and the nested element "
                text run at (346,1) width 146: "triggers the width bug."
      RenderBlock (anonymous) at (0,358.25) size 769x16
        RenderBR {BR} at (0,0) size 0x16
      RenderBlock {H2} at (0,394.16) size 769x24
        RenderText {#text} at (0,0) size 109x24
          text run at (0,0) width 109: "Example 2"
      RenderTable {TABLE} at (0,438.06) size 769x151
        RenderTableSection {TBODY} at (0,0) size 769x151
          RenderTableRow {TR} at (0,2) size 769x147
            RenderTableCell {TD} at (2,2) size 174x147 [r=0 c=0 rs=1 cs=1]
              RenderBlock {PRE} at (1,1) size 172x145 [bgcolor=#CCCC99] [border: (1px solid #000000)]
                RenderText {#text} at (7,8) size 95x26
                  text run at (7,8) width 95: "        2003"
                  text run at (101,8) width 1: " "
                  text run at (7,21) width 1: " "
                RenderInline {SPAN} at (0,0) size 95x17 [border: (1px solid #000000) none (2px solid #000000) none]
                  RenderText {#text} at (7,33) size 95x14
                    text run at (7,33) width 95: " D  M  TWJFS"
                RenderText {#text} at (101,33) size 157x105
                  text run at (101,33) width 1: " "
                  text run at (7,47) width 1: " "
                  text run at (7,60) width 118: "      September"
                  text run at (124,60) width 1: " "
                  text run at (7,73) width 157: "    1  2  3  4  5  6"
                  text run at (163,73) width 1: " "
                  text run at (7,86) width 157: " 7  8  9 10 11 12 13"
                  text run at (163,86) width 1: " "
                  text run at (7,99) width 157: "14 15 16 17 18 19 20"
                  text run at (163,99) width 1: " "
                  text run at (7,112) width 157: "21 22 23 24 25 26 27"
                  text run at (163,112) width 1: " "
                  text run at (7,125) width 63: "28 29 30"
            RenderTableCell {TD} at (178,2) size 589x66 [r=0 c=1 rs=1 cs=1]
              RenderBlock (anonymous) at (1,1) size 587x16
                RenderText {#text} at (0,0) size 491x16
                  text run at (0,0) width 346: "The blank line between '2003' and the nested element "
                  text run at (345,0) width 146: "triggers the width bug."
              RenderBlock {P} at (1,33) size 587x32
                RenderText {#text} at (0,0) size 578x32
                  text run at (0,0) width 357: "Here, the excess whitespace is reduced by reducing the "
                  text run at (356,0) width 222: "number of characters contained by"
                  text run at (0,16) width 124: "the nested element."
      RenderBlock (anonymous) at (0,589.06) size 769x16
        RenderBR {BR} at (0,0) size 0x16
      RenderBlock {H2} at (0,624.97) size 769x24
        RenderText {#text} at (0,0) size 109x24
          text run at (0,0) width 109: "Example 3"
      RenderTable {TABLE} at (0,668.88) size 769x138
        RenderTableSection {TBODY} at (0,0) size 769x138
          RenderTableRow {TR} at (0,2) size 769x134
            RenderTableCell {TD} at (2,2) size 174x134 [r=0 c=0 rs=1 cs=1]
              RenderBlock {PRE} at (1,1) size 172x132 [bgcolor=#CCCC99] [border: (1px solid #000000)]
                RenderText {#text} at (7,8) size 95x13
                  text run at (7,8) width 95: "        2003"
                  text run at (101,8) width 1: " "
                RenderInline {SPAN} at (0,0) size 157x17 [border: (1px solid #000000) none (2px solid #000000) none]
                  RenderText {#text} at (7,20) size 157x14
                    text run at (7,20) width 157: " D  M  T  W  J  F  S"
                RenderText {#text} at (163,20) size 157x105
                  text run at (163,20) width 1: " "
                  text run at (7,34) width 1: " "
                  text run at (7,47) width 118: "      September"
                  text run at (124,47) width 1: " "
                  text run at (7,60) width 157: "    1  2  3  4  5  6"
                  text run at (163,60) width 1: " "
                  text run at (7,73) width 157: " 7  8  9 10 11 12 13"
                  text run at (163,73) width 1: " "
                  text run at (7,86) width 157: "14 15 16 17 18 19 20"
                  text run at (163,86) width 1: " "
                  text run at (7,99) width 157: "21 22 23 24 25 26 27"
                  text run at (163,99) width 1: " "
                  text run at (7,112) width 63: "28 29 30"
            RenderTableCell {TD} at (178,2) size 589x34 [r=0 c=1 rs=1 cs=1]
              RenderText {#text} at (1,1) size 575x32
                text run at (1,1) width 346: "The blank line between '2003' and the nested element "
                text run at (346,1) width 230: "has been removed, so the bug is not"
                text run at (1,17) width 62: "triggered."
      RenderBlock (anonymous) at (0,806.88) size 769x16
        RenderBR {BR} at (0,0) size 0x16
      RenderBlock {H2} at (0,842.78) size 769x24
        RenderText {#text} at (0,0) size 109x24
          text run at (0,0) width 109: "Example 4"
      RenderTable {TABLE} at (0,886.69) size 769x151
        RenderTableSection {TBODY} at (0,0) size 769x151
          RenderTableRow {TR} at (0,2) size 769x147
            RenderTableCell {TD} at (2,2) size 174x147 [r=0 c=0 rs=1 cs=1]
              RenderBlock {PRE} at (1,1) size 172x145 [bgcolor=#CCCC99] [border: (1px solid #000000)]
                RenderInline {SPAN} at (0,0) size 95x13
                  RenderText {#text} at (7,8) size 95x13
                    text run at (7,8) width 95: "        2003"
                RenderText {#text} at (101,8) size 95x26
                  text run at (101,8) width 1: " "
                  text run at (7,21) width 1: " "
                RenderInline {SPAN} at (0,0) size 157x17 [border: (1px solid #000000) none (2px solid #000000) none]
                  RenderText {#text} at (7,33) size 157x14
                    text run at (7,33) width 157: " D  M  T  W  J  F  S"
                RenderText {#text} at (163,33) size 157x105
                  text run at (163,33) width 1: " "
                  text run at (7,47) width 1: " "
                  text run at (7,60) width 118: "      September"
                  text run at (124,60) width 1: " "
                  text run at (7,73) width 157: "    1  2  3  4  5  6"
                  text run at (163,73) width 1: " "
                  text run at (7,86) width 157: " 7  8  9 10 11 12 13"
                  text run at (163,86) width 1: " "
                  text run at (7,99) width 157: "14 15 16 17 18 19 20"
                  text run at (163,99) width 1: " "
                  text run at (7,112) width 157: "21 22 23 24 25 26 27"
                  text run at (163,112) width 1: " "
                  text run at (7,125) width 63: "28 29 30"
            RenderTableCell {TD} at (178,2) size 589x34 [r=0 c=1 rs=1 cs=1]
              RenderText {#text} at (1,1) size 586x32
                text run at (1,1) width 346: "The blank line between '2003' and the nested element "
                text run at (346,1) width 211: "no longer triggers the width bug,"
                text run at (1,17) width 289: "because now the '2003' is itself contained by "
                text run at (289,17) width 298: "a nested element (in this case, another SPAN)."
      RenderBlock (anonymous) at (0,1037.69) size 769x16
        RenderBR {BR} at (0,0) size 0x16
