layer at (0,0) size 800x600
  RenderView at (0,0) size 800x600
layer at (0,0) size 800x600
  RenderBlock {HTML} at (0,0) size 800x600
    RenderBody {BODY} at (8,8) size 784x584
      RenderBlock {DIV} at (0,0) size 154x116 [border: (2px solid #FF0000)]
        RenderText {#text} at (2,2) size 148x112
          text run at (2,2) width 148: "Even though this div is"
          text run at (2,18) width 148: " white-space pre, the te"
          text run at (2,34) width 145: "xt inside should still w"
          text run at (2,50) width 148: "rap to multiple lines be"
          text run at (2,66) width 143: "cause of the word-wra"
          text run at (2,82) width 144: "p:break-word CSS pro"
          text run at (2,98) width 37: "perty."
