EDITING DELEGATE: webViewDidChangeSelection:WebViewDidChangeSelectionNotification
EDITING DELEGATE: webViewDidChangeSelection:WebViewDidChangeSelectionNotification
EDITING DELEGATE: webViewDidChange:WebViewDidChangeNotification
EDITING DELEGATE: webViewDidChangeSelection:WebViewDidChangeSelectionNotification
EDITING DELEGATE: webViewDidChangeSelection:WebViewDidChangeSelectionNotification
EDITING DELEGATE: webViewDidChange:WebViewDidChangeNotification
layer at (0,0) size 800x600
  RenderView at (0,0) size 800x600
layer at (0,0) size 800x600
  RenderBlock {HTML} at (0,0) size 800x600
    RenderBody {BODY} at (8,8) size 784x584
      RenderBlock {P} at (0,0) size 784x20
        RenderText {#text} at (0,0) size 315x19
          text run at (0,0) width 315: "This tests text insertion before/after an input element."
      RenderBlock {DIV} at (0,36) size 784x22
        RenderText {#text} at (0,1) size 32x19
          text run at (0,1) width 32: "Hello"
        RenderTextControl {INPUT} at (32,0) size 153x22 [bgcolor=#FFFFFF] [border: (2px inset #EEEEEE)]
        RenderText {#text} at (185,1) size 39x19
          text run at (185,1) width 39: "World"
layer at (42,47) size 149x16
  RenderBlock {DIV} at (2,3) size 149x16
caret: position 5 of child 2 {#text} of child 2 {DIV} of body
