layer at (0,0) size 800x600
  RenderView at (0,0) size 800x600
layer at (0,0) size 800x600
  RenderBlock {HTML} at (0,0) size 800x600
    RenderBody {BODY} at (8,8) size 784x576
      RenderBlock {P} at (0,0) size 784x104
        RenderText {#text} at (0,88) size 99x16
          text run at (0,88) width 99: "Layout test for "
        RenderInline {A} at (0,0) size 41x16 [color=#0000EE]
          RenderText {#text} at (98,88) size 41x16
            text run at (98,88) width 41: "11760"
        RenderText {#text} at (138,88) size 205x16
          text run at (138,88) width 9: ". "
          text run at (146,88) width 197: "If it doesn't crash, we're good. "
        RenderImage {IMG} at (342.13,0) size 100x100
        RenderText {#text} at (0,0) size 0x0
