layer at (0,0) size 800x600
  RenderView at (0,0) size 800x600
layer at (0,0) size 800x600
  RenderBlock {HTML} at (0,0) size 800x600
    RenderBody {BODY} at (8,8) size 784x584
      RenderBlock {P} at (0,0) size 784x48
        RenderText {#text} at (0,0) size 780x48
          text run at (0,0) width 780: "Assuming the port-specific theme draws focus rings, this test can be used to ensure that a focus ring is drawn for an <area"
          text run at (0,16) width 767: "shape=\"polygon\"> that is overflowing the bounds for the img element. This test PASSED if a clipped star-shaped focus"
          text run at (0,32) width 374: "ring is drawn around the <area> in the imagemap (below)."
      RenderBlock (anonymous) at (0,64) size 784x128
        RenderInline {MAP} at (0,0) size 0x0
          RenderText {#text} at (0,0) size 0x0
          RenderInline {AREA} at (0,0) size 0x0
          RenderText {#text} at (0,0) size 0x0
        RenderText {#text} at (0,0) size 0x0
        RenderImage {IMG} at (0,0) size 128x128
        RenderText {#text} at (0,0) size 0x0
        RenderText {#text} at (0,0) size 0x0
