layer at (0,0) size 785x4600
  RenderView at (0,0) size 785x600
layer at (0,0) size 785x4600
  RenderBlock {HTML} at (0,0) size 785x4600
    RenderBody {BODY} at (8,8) size 769x4576
      RenderBlock (anonymous) at (0,0) size 769x16
        RenderText {#text} at (0,0) size 350x16
          text run at (0,0) width 350: "This tests font choices and metrics for the default font."
      RenderBlock {P} at (0,32) size 769x1504
        RenderText {#text} at (0,0) size 16x16
          text run at (0,0) width 16: "    "
        RenderBR {BR} at (16,12) size 0x0
        RenderText {#text} at (0,16) size 22x16
          text run at (0,16) width 22: "!!!!"
        RenderBR {BR} at (21,28) size 1x0
        RenderText {#text} at (0,32) size 27x16
          text run at (0,32) width 27: "\"\"\"\""
        RenderBR {BR} at (26,44) size 1x0
        RenderText {#text} at (0,48) size 32x16
          text run at (0,48) width 32: "####"
        RenderBR {BR} at (32,60) size 0x0
        RenderText {#text} at (0,64) size 32x16
          text run at (0,64) width 32: "$$$$"
        RenderBR {BR} at (32,76) size 0x0
        RenderText {#text} at (0,80) size 54x16
          text run at (0,80) width 54: "%%%%"
        RenderBR {BR} at (53,92) size 1x0
        RenderText {#text} at (0,96) size 50x16
          text run at (0,96) width 50: "&&&&"
        RenderBR {BR} at (49,108) size 1x0
        RenderText {#text} at (0,112) size 12x16
          text run at (0,112) width 12: "''''"
        RenderBR {BR} at (11,124) size 1x0
        RenderText {#text} at (0,128) size 22x16
          text run at (0,128) width 22: "(((("
        RenderBR {BR} at (21,140) size 1x0
        RenderText {#text} at (0,144) size 22x16
          text run at (0,144) width 22: "))))"
        RenderBR {BR} at (21,156) size 1x0
        RenderText {#text} at (0,160) size 32x16
          text run at (0,160) width 32: "****"
        RenderBR {BR} at (32,172) size 0x0
        RenderText {#text} at (0,176) size 37x16
          text run at (0,176) width 37: "++++"
        RenderBR {BR} at (36,188) size 1x0
        RenderText {#text} at (0,192) size 16x16
          text run at (0,192) width 16: ",,,,"
        RenderBR {BR} at (16,204) size 0x0
        RenderText {#text} at (0,208) size 22x16
          text run at (0,208) width 22: "----"
        RenderBR {BR} at (21,220) size 1x0
        RenderText {#text} at (0,224) size 16x16
          text run at (0,224) width 16: "...."
        RenderBR {BR} at (16,236) size 0x0
        RenderText {#text} at (0,240) size 18x16
          text run at (0,240) width 18: "////"
        RenderBR {BR} at (17,252) size 1x0
        RenderText {#text} at (0,256) size 32x16
          text run at (0,256) width 32: "0000"
        RenderBR {BR} at (32,268) size 0x0
        RenderText {#text} at (0,272) size 32x16
          text run at (0,272) width 32: "1111"
        RenderBR {BR} at (32,284) size 0x0
        RenderText {#text} at (0,288) size 32x16
          text run at (0,288) width 32: "2222"
        RenderBR {BR} at (32,300) size 0x0
        RenderText {#text} at (0,304) size 32x16
          text run at (0,304) width 32: "3333"
        RenderBR {BR} at (32,316) size 0x0
        RenderText {#text} at (0,320) size 32x16
          text run at (0,320) width 32: "4444"
        RenderBR {BR} at (32,332) size 0x0
        RenderText {#text} at (0,336) size 32x16
          text run at (0,336) width 32: "5555"
        RenderBR {BR} at (32,348) size 0x0
        RenderText {#text} at (0,352) size 32x16
          text run at (0,352) width 32: "6666"
        RenderBR {BR} at (32,364) size 0x0
        RenderText {#text} at (0,368) size 32x16
          text run at (0,368) width 32: "7777"
        RenderBR {BR} at (32,380) size 0x0
        RenderText {#text} at (0,384) size 32x16
          text run at (0,384) width 32: "8888"
        RenderBR {BR} at (32,396) size 0x0
        RenderText {#text} at (0,400) size 32x16
          text run at (0,400) width 32: "9999"
        RenderBR {BR} at (32,412) size 0x0
        RenderText {#text} at (0,416) size 18x16
          text run at (0,416) width 18: "::::"
        RenderBR {BR} at (17,428) size 1x0
        RenderText {#text} at (0,432) size 18x16
          text run at (0,432) width 18: ";;;;"
        RenderBR {BR} at (17,444) size 1x0
        RenderText {#text} at (0,448) size 37x16
          text run at (0,448) width 37: "<<<<"
        RenderBR {BR} at (36,460) size 1x0
        RenderText {#text} at (0,464) size 37x16
          text run at (0,464) width 37: "===="
        RenderBR {BR} at (36,476) size 1x0
        RenderText {#text} at (0,480) size 37x16
          text run at (0,480) width 37: ">>>>"
        RenderBR {BR} at (36,492) size 1x0
        RenderText {#text} at (0,496) size 29x16
          text run at (0,496) width 29: "????"
        RenderBR {BR} at (28,508) size 1x0
        RenderText {#text} at (0,512) size 59x16
          text run at (0,512) width 59: "@@@@"
        RenderBR {BR} at (58,524) size 1x0
        RenderText {#text} at (0,528) size 47x16
          text run at (0,528) width 47: "AAAA"
        RenderBR {BR} at (46,540) size 1x0
        RenderText {#text} at (0,544) size 43x16
          text run at (0,544) width 43: "BBBB"
        RenderBR {BR} at (42,556) size 1x0
        RenderText {#text} at (0,560) size 43x16
          text run at (0,560) width 43: "CCCC"
        RenderBR {BR} at (42,572) size 1x0
        RenderText {#text} at (0,576) size 47x16
          text run at (0,576) width 47: "DDDD"
        RenderBR {BR} at (46,588) size 1x0
        RenderText {#text} at (0,592) size 40x16
          text run at (0,592) width 40: "EEEE"
        RenderBR {BR} at (39,604) size 1x0
        RenderText {#text} at (0,608) size 36x16
          text run at (0,608) width 36: "FFFF"
        RenderBR {BR} at (35,620) size 1x0
        RenderText {#text} at (0,624) size 47x16
          text run at (0,624) width 47: "GGGG"
        RenderBR {BR} at (46,636) size 1x0
        RenderText {#text} at (0,640) size 47x16
          text run at (0,640) width 47: "HHHH"
        RenderBR {BR} at (46,652) size 1x0
        RenderText {#text} at (0,656) size 22x16
          text run at (0,656) width 22: "IIII"
        RenderBR {BR} at (21,668) size 1x0
        RenderText {#text} at (0,672) size 25x16
          text run at (0,672) width 25: "JJJJ"
        RenderBR {BR} at (24,684) size 1x0
        RenderText {#text} at (0,688) size 47x16
          text run at (0,688) width 47: "KKKK"
        RenderBR {BR} at (46,700) size 1x0
        RenderText {#text} at (0,704) size 40x16
          text run at (0,704) width 40: "LLLL"
        RenderBR {BR} at (39,716) size 1x0
        RenderText {#text} at (0,720) size 57x16
          text run at (0,720) width 57: "MMMM"
        RenderBR {BR} at (56,732) size 1x0
        RenderText {#text} at (0,736) size 47x16
          text run at (0,736) width 47: "NNNN"
        RenderBR {BR} at (46,748) size 1x0
        RenderText {#text} at (0,752) size 47x16
          text run at (0,752) width 47: "OOOO"
        RenderBR {BR} at (46,764) size 1x0
        RenderText {#text} at (0,768) size 36x16
          text run at (0,768) width 36: "PPPP"
        RenderBR {BR} at (35,780) size 1x0
        RenderText {#text} at (0,784) size 47x16
          text run at (0,784) width 47: "QQQQ"
        RenderBR {BR} at (46,796) size 1x0
        RenderText {#text} at (0,800) size 43x16
          text run at (0,800) width 43: "RRRR"
        RenderBR {BR} at (42,812) size 1x0
        RenderText {#text} at (0,816) size 36x16
          text run at (0,816) width 36: "SSSS"
        RenderBR {BR} at (35,828) size 1x0
        RenderText {#text} at (0,832) size 40x16
          text run at (0,832) width 40: "TTTT"
        RenderBR {BR} at (39,844) size 1x0
        RenderText {#text} at (0,848) size 47x16
          text run at (0,848) width 47: "UUUU"
        RenderBR {BR} at (46,860) size 1x0
        RenderText {#text} at (0,864) size 47x16
          text run at (0,864) width 47: "VVVV"
        RenderBR {BR} at (46,876) size 1x0
        RenderText {#text} at (0,880) size 61x16
          text run at (0,880) width 61: "WWWW"
        RenderBR {BR} at (60,892) size 1x0
        RenderText {#text} at (0,896) size 47x16
          text run at (0,896) width 47: "XXXX"
        RenderBR {BR} at (46,908) size 1x0
        RenderText {#text} at (0,912) size 47x16
          text run at (0,912) width 47: "YYYY"
        RenderBR {BR} at (46,924) size 1x0
        RenderText {#text} at (0,928) size 40x16
          text run at (0,928) width 40: "ZZZZ"
        RenderBR {BR} at (39,940) size 1x0
        RenderText {#text} at (0,944) size 22x16
          text run at (0,944) width 22: "[[[["
        RenderBR {BR} at (21,956) size 1x0
        RenderText {#text} at (0,960) size 18x16
          text run at (0,960) width 18: "\\\\\\\\"
        RenderBR {BR} at (17,972) size 1x0
        RenderText {#text} at (0,976) size 22x16
          text run at (0,976) width 22: "]]]]"
        RenderBR {BR} at (21,988) size 1x0
        RenderText {#text} at (0,992) size 31x16
          text run at (0,992) width 31: "^^^^"
        RenderBR {BR} at (30,1004) size 1x0
        RenderText {#text} at (0,1008) size 32x16
          text run at (0,1008) width 32: "____"
        RenderBR {BR} at (32,1020) size 0x0
        RenderText {#text} at (0,1024) size 22x16
          text run at (0,1024) width 22: "````"
        RenderBR {BR} at (21,1036) size 1x0
        RenderText {#text} at (0,1040) size 29x16
          text run at (0,1040) width 29: "aaaa"
        RenderBR {BR} at (28,1052) size 1x0
        RenderText {#text} at (0,1056) size 32x16
          text run at (0,1056) width 32: "bbbb"
        RenderBR {BR} at (32,1068) size 0x0
        RenderText {#text} at (0,1072) size 29x16
          text run at (0,1072) width 29: "cccc"
        RenderBR {BR} at (28,1084) size 1x0
        RenderText {#text} at (0,1088) size 32x16
          text run at (0,1088) width 32: "dddd"
        RenderBR {BR} at (32,1100) size 0x0
        RenderText {#text} at (0,1104) size 29x16
          text run at (0,1104) width 29: "eeee"
        RenderBR {BR} at (28,1116) size 1x0
        RenderText {#text} at (0,1120) size 22x16
          text run at (0,1120) width 22: "ffff"
        RenderBR {BR} at (21,1132) size 1x0
        RenderText {#text} at (0,1136) size 32x16
          text run at (0,1136) width 32: "gggg"
        RenderBR {BR} at (32,1148) size 0x0
        RenderText {#text} at (0,1152) size 32x16
          text run at (0,1152) width 32: "hhhh"
        RenderBR {BR} at (32,1164) size 0x0
        RenderText {#text} at (0,1168) size 18x16
          text run at (0,1168) width 18: "iiii"
        RenderBR {BR} at (17,1180) size 1x0
        RenderText {#text} at (0,1184) size 18x16
          text run at (0,1184) width 18: "jjjj"
        RenderBR {BR} at (17,1196) size 1x0
        RenderText {#text} at (0,1200) size 32x16
          text run at (0,1200) width 32: "kkkk"
        RenderBR {BR} at (32,1212) size 0x0
        RenderText {#text} at (0,1216) size 18x16
          text run at (0,1216) width 18: "llll"
        RenderBR {BR} at (17,1228) size 1x0
        RenderText {#text} at (0,1232) size 50x16
          text run at (0,1232) width 50: "mmmm"
        RenderBR {BR} at (49,1244) size 1x0
        RenderText {#text} at (0,1248) size 32x16
          text run at (0,1248) width 32: "nnnn"
        RenderBR {BR} at (32,1260) size 0x0
        RenderText {#text} at (0,1264) size 32x16
          text run at (0,1264) width 32: "oooo"
        RenderBR {BR} at (32,1276) size 0x0
        RenderText {#text} at (0,1280) size 32x16
          text run at (0,1280) width 32: "pppp"
        RenderBR {BR} at (32,1292) size 0x0
        RenderText {#text} at (0,1296) size 32x16
          text run at (0,1296) width 32: "qqqq"
        RenderBR {BR} at (32,1308) size 0x0
        RenderText {#text} at (0,1312) size 22x16
          text run at (0,1312) width 22: "rrrr"
        RenderBR {BR} at (21,1324) size 1x0
        RenderText {#text} at (0,1328) size 25x16
          text run at (0,1328) width 25: "ssss"
        RenderBR {BR} at (24,1340) size 1x0
        RenderText {#text} at (0,1344) size 18x16
          text run at (0,1344) width 18: "tttt"
        RenderBR {BR} at (17,1356) size 1x0
        RenderText {#text} at (0,1360) size 32x16
          text run at (0,1360) width 32: "uuuu"
        RenderBR {BR} at (32,1372) size 0x0
        RenderText {#text} at (0,1376) size 32x16
          text run at (0,1376) width 32: "vvvv"
        RenderBR {BR} at (32,1388) size 0x0
        RenderText {#text} at (0,1392) size 47x16
          text run at (0,1392) width 47: "wwww"
        RenderBR {BR} at (46,1404) size 1x0
        RenderText {#text} at (0,1408) size 32x16
          text run at (0,1408) width 32: "xxxx"
        RenderBR {BR} at (32,1420) size 0x0
        RenderText {#text} at (0,1424) size 32x16
          text run at (0,1424) width 32: "yyyy"
        RenderBR {BR} at (32,1436) size 0x0
        RenderText {#text} at (0,1440) size 29x16
          text run at (0,1440) width 29: "zzzz"
        RenderBR {BR} at (28,1452) size 1x0
        RenderText {#text} at (0,1456) size 31x16
          text run at (0,1456) width 31: "{{{{"
        RenderBR {BR} at (30,1468) size 1x0
        RenderText {#text} at (0,1472) size 13x16
          text run at (0,1472) width 13: "||||"
        RenderBR {BR} at (12,1484) size 1x0
        RenderText {#text} at (0,1488) size 31x16
          text run at (0,1488) width 31: "}}}}"
        RenderBR {BR} at (30,1500) size 1x0
      RenderBlock {P} at (0,1552) size 769x1504
        RenderInline {B} at (0,0) size 64x1504
          RenderText {#text} at (0,0) size 16x16
            text run at (0,0) width 16: "    "
          RenderBR {BR} at (16,12) size 0x0
          RenderText {#text} at (0,16) size 22x16
            text run at (0,16) width 22: "!!!!"
          RenderBR {BR} at (21,28) size 1x0
          RenderText {#text} at (0,32) size 36x16
            text run at (0,32) width 36: "\"\"\"\""
          RenderBR {BR} at (35,44) size 1x0
          RenderText {#text} at (0,48) size 32x16
            text run at (0,48) width 32: "####"
          RenderBR {BR} at (32,60) size 0x0
          RenderText {#text} at (0,64) size 32x16
            text run at (0,64) width 32: "$$$$"
          RenderBR {BR} at (32,76) size 0x0
          RenderText {#text} at (0,80) size 64x16
            text run at (0,80) width 64: "%%%%"
          RenderBR {BR} at (64,92) size 0x0
          RenderText {#text} at (0,96) size 54x16
            text run at (0,96) width 54: "&&&&"
          RenderBR {BR} at (53,108) size 1x0
          RenderText {#text} at (0,112) size 18x16
            text run at (0,112) width 18: "''''"
          RenderBR {BR} at (17,124) size 1x0
          RenderText {#text} at (0,128) size 22x16
            text run at (0,128) width 22: "(((("
          RenderBR {BR} at (21,140) size 1x0
          RenderText {#text} at (0,144) size 22x16
            text run at (0,144) width 22: "))))"
          RenderBR {BR} at (21,156) size 1x0
          RenderText {#text} at (0,160) size 32x16
            text run at (0,160) width 32: "****"
          RenderBR {BR} at (32,172) size 0x0
          RenderText {#text} at (0,176) size 37x16
            text run at (0,176) width 37: "++++"
          RenderBR {BR} at (36,188) size 1x0
          RenderText {#text} at (0,192) size 16x16
            text run at (0,192) width 16: ",,,,"
          RenderBR {BR} at (16,204) size 0x0
          RenderText {#text} at (0,208) size 22x16
            text run at (0,208) width 22: "----"
          RenderBR {BR} at (21,220) size 1x0
          RenderText {#text} at (0,224) size 16x16
            text run at (0,224) width 16: "...."
          RenderBR {BR} at (16,236) size 0x0
          RenderText {#text} at (0,240) size 18x16
            text run at (0,240) width 18: "////"
          RenderBR {BR} at (17,252) size 1x0
          RenderText {#text} at (0,256) size 32x16
            text run at (0,256) width 32: "0000"
          RenderBR {BR} at (32,268) size 0x0
          RenderText {#text} at (0,272) size 32x16
            text run at (0,272) width 32: "1111"
          RenderBR {BR} at (32,284) size 0x0
          RenderText {#text} at (0,288) size 32x16
            text run at (0,288) width 32: "2222"
          RenderBR {BR} at (32,300) size 0x0
          RenderText {#text} at (0,304) size 32x16
            text run at (0,304) width 32: "3333"
          RenderBR {BR} at (32,316) size 0x0
          RenderText {#text} at (0,320) size 32x16
            text run at (0,320) width 32: "4444"
          RenderBR {BR} at (32,332) size 0x0
          RenderText {#text} at (0,336) size 32x16
            text run at (0,336) width 32: "5555"
          RenderBR {BR} at (32,348) size 0x0
          RenderText {#text} at (0,352) size 32x16
            text run at (0,352) width 32: "6666"
          RenderBR {BR} at (32,364) size 0x0
          RenderText {#text} at (0,368) size 32x16
            text run at (0,368) width 32: "7777"
          RenderBR {BR} at (32,380) size 0x0
          RenderText {#text} at (0,384) size 32x16
            text run at (0,384) width 32: "8888"
          RenderBR {BR} at (32,396) size 0x0
          RenderText {#text} at (0,400) size 32x16
            text run at (0,400) width 32: "9999"
          RenderBR {BR} at (32,412) size 0x0
          RenderText {#text} at (0,416) size 22x16
            text run at (0,416) width 22: "::::"
          RenderBR {BR} at (21,428) size 1x0
          RenderText {#text} at (0,432) size 22x16
            text run at (0,432) width 22: ";;;;"
          RenderBR {BR} at (21,444) size 1x0
          RenderText {#text} at (0,448) size 37x16
            text run at (0,448) width 37: "<<<<"
          RenderBR {BR} at (36,460) size 1x0
          RenderText {#text} at (0,464) size 37x16
            text run at (0,464) width 37: "===="
          RenderBR {BR} at (36,476) size 1x0
          RenderText {#text} at (0,480) size 37x16
            text run at (0,480) width 37: ">>>>"
          RenderBR {BR} at (36,492) size 1x0
          RenderText {#text} at (0,496) size 32x16
            text run at (0,496) width 32: "????"
          RenderBR {BR} at (32,508) size 0x0
          RenderText {#text} at (0,512) size 60x16
            text run at (0,512) width 60: "@@@@"
          RenderBR {BR} at (59,524) size 1x0
          RenderText {#text} at (0,528) size 47x16
            text run at (0,528) width 47: "AAAA"
          RenderBR {BR} at (46,540) size 1x0
          RenderText {#text} at (0,544) size 43x16
            text run at (0,544) width 43: "BBBB"
          RenderBR {BR} at (42,556) size 1x0
          RenderText {#text} at (0,560) size 47x16
            text run at (0,560) width 47: "CCCC"
          RenderBR {BR} at (46,572) size 1x0
          RenderText {#text} at (0,576) size 47x16
            text run at (0,576) width 47: "DDDD"
          RenderBR {BR} at (46,588) size 1x0
          RenderText {#text} at (0,592) size 43x16
            text run at (0,592) width 43: "EEEE"
          RenderBR {BR} at (42,604) size 1x0
          RenderText {#text} at (0,608) size 40x16
            text run at (0,608) width 40: "FFFF"
          RenderBR {BR} at (39,620) size 1x0
          RenderText {#text} at (0,624) size 50x16
            text run at (0,624) width 50: "GGGG"
          RenderBR {BR} at (49,636) size 1x0
          RenderText {#text} at (0,640) size 50x16
            text run at (0,640) width 50: "HHHH"
          RenderBR {BR} at (49,652) size 1x0
          RenderText {#text} at (0,656) size 25x16
            text run at (0,656) width 25: "IIII"
          RenderBR {BR} at (24,668) size 1x0
          RenderText {#text} at (0,672) size 32x16
            text run at (0,672) width 32: "JJJJ"
          RenderBR {BR} at (32,684) size 0x0
          RenderText {#text} at (0,688) size 50x16
            text run at (0,688) width 50: "KKKK"
          RenderBR {BR} at (49,700) size 1x0
          RenderText {#text} at (0,704) size 43x16
            text run at (0,704) width 43: "LLLL"
          RenderBR {BR} at (42,716) size 1x0
          RenderText {#text} at (0,720) size 61x16
            text run at (0,720) width 61: "MMMM"
          RenderBR {BR} at (60,732) size 1x0
          RenderText {#text} at (0,736) size 47x16
            text run at (0,736) width 47: "NNNN"
          RenderBR {BR} at (46,748) size 1x0
          RenderText {#text} at (0,752) size 50x16
            text run at (0,752) width 50: "OOOO"
          RenderBR {BR} at (49,764) size 1x0
          RenderText {#text} at (0,768) size 40x16
            text run at (0,768) width 40: "PPPP"
          RenderBR {BR} at (39,780) size 1x0
          RenderText {#text} at (0,784) size 50x16
            text run at (0,784) width 50: "QQQQ"
          RenderBR {BR} at (49,796) size 1x0
          RenderText {#text} at (0,800) size 47x16
            text run at (0,800) width 47: "RRRR"
          RenderBR {BR} at (46,812) size 1x0
          RenderText {#text} at (0,816) size 36x16
            text run at (0,816) width 36: "SSSS"
          RenderBR {BR} at (35,828) size 1x0
          RenderText {#text} at (0,832) size 43x16
            text run at (0,832) width 43: "TTTT"
          RenderBR {BR} at (42,844) size 1x0
          RenderText {#text} at (0,848) size 47x16
            text run at (0,848) width 47: "UUUU"
          RenderBR {BR} at (46,860) size 1x0
          RenderText {#text} at (0,864) size 47x16
            text run at (0,864) width 47: "VVVV"
          RenderBR {BR} at (46,876) size 1x0
          RenderText {#text} at (0,880) size 64x16
            text run at (0,880) width 64: "WWWW"
          RenderBR {BR} at (64,892) size 0x0
          RenderText {#text} at (0,896) size 47x16
            text run at (0,896) width 47: "XXXX"
          RenderBR {BR} at (46,908) size 1x0
          RenderText {#text} at (0,912) size 47x16
            text run at (0,912) width 47: "YYYY"
          RenderBR {BR} at (46,924) size 1x0
          RenderText {#text} at (0,928) size 43x16
            text run at (0,928) width 43: "ZZZZ"
          RenderBR {BR} at (42,940) size 1x0
          RenderText {#text} at (0,944) size 22x16
            text run at (0,944) width 22: "[[[["
          RenderBR {BR} at (21,956) size 1x0
          RenderText {#text} at (0,960) size 18x16
            text run at (0,960) width 18: "\\\\\\\\"
          RenderBR {BR} at (17,972) size 1x0
          RenderText {#text} at (0,976) size 22x16
            text run at (0,976) width 22: "]]]]"
          RenderBR {BR} at (21,988) size 1x0
          RenderText {#text} at (0,992) size 38x16
            text run at (0,992) width 38: "^^^^"
          RenderBR {BR} at (37,1004) size 1x0
          RenderText {#text} at (0,1008) size 32x16
            text run at (0,1008) width 32: "____"
          RenderBR {BR} at (32,1020) size 0x0
          RenderText {#text} at (0,1024) size 22x16
            text run at (0,1024) width 22: "````"
          RenderBR {BR} at (21,1036) size 1x0
          RenderText {#text} at (0,1040) size 32x16
            text run at (0,1040) width 32: "aaaa"
          RenderBR {BR} at (32,1052) size 0x0
          RenderText {#text} at (0,1056) size 36x16
            text run at (0,1056) width 36: "bbbb"
          RenderBR {BR} at (35,1068) size 1x0
          RenderText {#text} at (0,1072) size 29x16
            text run at (0,1072) width 29: "cccc"
          RenderBR {BR} at (28,1084) size 1x0
          RenderText {#text} at (0,1088) size 36x16
            text run at (0,1088) width 36: "dddd"
          RenderBR {BR} at (35,1100) size 1x0
          RenderText {#text} at (0,1104) size 29x16
            text run at (0,1104) width 29: "eeee"
          RenderBR {BR} at (28,1116) size 1x0
          RenderText {#text} at (0,1120) size 22x16
            text run at (0,1120) width 22: "ffff"
          RenderBR {BR} at (21,1132) size 1x0
          RenderText {#text} at (0,1136) size 32x16
            text run at (0,1136) width 32: "gggg"
          RenderBR {BR} at (32,1148) size 0x0
          RenderText {#text} at (0,1152) size 36x16
            text run at (0,1152) width 36: "hhhh"
          RenderBR {BR} at (35,1164) size 1x0
          RenderText {#text} at (0,1168) size 18x16
            text run at (0,1168) width 18: "iiii"
          RenderBR {BR} at (17,1180) size 1x0
          RenderText {#text} at (0,1184) size 22x16
            text run at (0,1184) width 22: "jjjj"
          RenderBR {BR} at (21,1196) size 1x0
          RenderText {#text} at (0,1200) size 36x16
            text run at (0,1200) width 36: "kkkk"
          RenderBR {BR} at (35,1212) size 1x0
          RenderText {#text} at (0,1216) size 18x16
            text run at (0,1216) width 18: "llll"
          RenderBR {BR} at (17,1228) size 1x0
          RenderText {#text} at (0,1232) size 54x16
            text run at (0,1232) width 54: "mmmm"
          RenderBR {BR} at (53,1244) size 1x0
          RenderText {#text} at (0,1248) size 36x16
            text run at (0,1248) width 36: "nnnn"
          RenderBR {BR} at (35,1260) size 1x0
          RenderText {#text} at (0,1264) size 32x16
            text run at (0,1264) width 32: "oooo"
          RenderBR {BR} at (32,1276) size 0x0
          RenderText {#text} at (0,1280) size 36x16
            text run at (0,1280) width 36: "pppp"
          RenderBR {BR} at (35,1292) size 1x0
          RenderText {#text} at (0,1296) size 36x16
            text run at (0,1296) width 36: "qqqq"
          RenderBR {BR} at (35,1308) size 1x0
          RenderText {#text} at (0,1312) size 29x16
            text run at (0,1312) width 29: "rrrr"
          RenderBR {BR} at (28,1324) size 1x0
          RenderText {#text} at (0,1328) size 25x16
            text run at (0,1328) width 25: "ssss"
          RenderBR {BR} at (24,1340) size 1x0
          RenderText {#text} at (0,1344) size 22x16
            text run at (0,1344) width 22: "tttt"
          RenderBR {BR} at (21,1356) size 1x0
          RenderText {#text} at (0,1360) size 36x16
            text run at (0,1360) width 36: "uuuu"
          RenderBR {BR} at (35,1372) size 1x0
          RenderText {#text} at (0,1376) size 32x16
            text run at (0,1376) width 32: "vvvv"
          RenderBR {BR} at (32,1388) size 0x0
          RenderText {#text} at (0,1392) size 47x16
            text run at (0,1392) width 47: "wwww"
          RenderBR {BR} at (46,1404) size 1x0
          RenderText {#text} at (0,1408) size 32x16
            text run at (0,1408) width 32: "xxxx"
          RenderBR {BR} at (32,1420) size 0x0
          RenderText {#text} at (0,1424) size 32x16
            text run at (0,1424) width 32: "yyyy"
          RenderBR {BR} at (32,1436) size 0x0
          RenderText {#text} at (0,1440) size 29x16
            text run at (0,1440) width 29: "zzzz"
          RenderBR {BR} at (28,1452) size 1x0
          RenderText {#text} at (0,1456) size 26x16
            text run at (0,1456) width 26: "{{{{"
          RenderBR {BR} at (25,1468) size 1x0
          RenderText {#text} at (0,1472) size 15x16
            text run at (0,1472) width 15: "||||"
          RenderBR {BR} at (14,1484) size 1x0
          RenderText {#text} at (0,1488) size 26x16
            text run at (0,1488) width 26: "}}}}"
          RenderBR {BR} at (25,1500) size 1x0
        RenderText {#text} at (0,0) size 0x0
      RenderBlock {P} at (0,3072) size 769x1504
        RenderInline {I} at (0,0) size 59x1504
          RenderText {#text} at (0,0) size 16x16
            text run at (0,0) width 16: "    "
          RenderBR {BR} at (16,12) size 0x0
          RenderText {#text} at (0,16) size 22x16
            text run at (0,16) width 22: "!!!!"
          RenderBR {BR} at (21,28) size 1x0
          RenderText {#text} at (0,32) size 27x16
            text run at (0,32) width 27: "\"\"\"\""
          RenderBR {BR} at (26,44) size 1x0
          RenderText {#text} at (0,48) size 32x16
            text run at (0,48) width 32: "####"
          RenderBR {BR} at (32,60) size 0x0
          RenderText {#text} at (0,64) size 32x16
            text run at (0,64) width 32: "$$$$"
          RenderBR {BR} at (32,76) size 0x0
          RenderText {#text} at (0,80) size 54x16
            text run at (0,80) width 54: "%%%%"
          RenderBR {BR} at (53,92) size 1x0
          RenderText {#text} at (0,96) size 50x16
            text run at (0,96) width 50: "&&&&"
          RenderBR {BR} at (49,108) size 1x0
          RenderText {#text} at (0,112) size 14x16
            text run at (0,112) width 14: "''''"
          RenderBR {BR} at (13,124) size 1x0
          RenderText {#text} at (0,128) size 22x16
            text run at (0,128) width 22: "(((("
          RenderBR {BR} at (21,140) size 1x0
          RenderText {#text} at (0,144) size 22x16
            text run at (0,144) width 22: "))))"
          RenderBR {BR} at (21,156) size 1x0
          RenderText {#text} at (0,160) size 32x16
            text run at (0,160) width 32: "****"
          RenderBR {BR} at (32,172) size 0x0
          RenderText {#text} at (0,176) size 44x16
            text run at (0,176) width 44: "++++"
          RenderBR {BR} at (43,188) size 1x0
          RenderText {#text} at (0,192) size 16x16
            text run at (0,192) width 16: ",,,,"
          RenderBR {BR} at (16,204) size 0x0
          RenderText {#text} at (0,208) size 22x16
            text run at (0,208) width 22: "----"
          RenderBR {BR} at (21,220) size 1x0
          RenderText {#text} at (0,224) size 16x16
            text run at (0,224) width 16: "...."
          RenderBR {BR} at (16,236) size 0x0
          RenderText {#text} at (0,240) size 18x16
            text run at (0,240) width 18: "////"
          RenderBR {BR} at (17,252) size 1x0
          RenderText {#text} at (0,256) size 32x16
            text run at (0,256) width 32: "0000"
          RenderBR {BR} at (32,268) size 0x0
          RenderText {#text} at (0,272) size 32x16
            text run at (0,272) width 32: "1111"
          RenderBR {BR} at (32,284) size 0x0
          RenderText {#text} at (0,288) size 32x16
            text run at (0,288) width 32: "2222"
          RenderBR {BR} at (32,300) size 0x0
          RenderText {#text} at (0,304) size 32x16
            text run at (0,304) width 32: "3333"
          RenderBR {BR} at (32,316) size 0x0
          RenderText {#text} at (0,320) size 32x16
            text run at (0,320) width 32: "4444"
          RenderBR {BR} at (32,332) size 0x0
          RenderText {#text} at (0,336) size 32x16
            text run at (0,336) width 32: "5555"
          RenderBR {BR} at (32,348) size 0x0
          RenderText {#text} at (0,352) size 32x16
            text run at (0,352) width 32: "6666"
          RenderBR {BR} at (32,364) size 0x0
          RenderText {#text} at (0,368) size 32x16
            text run at (0,368) width 32: "7777"
          RenderBR {BR} at (32,380) size 0x0
          RenderText {#text} at (0,384) size 32x16
            text run at (0,384) width 32: "8888"
          RenderBR {BR} at (32,396) size 0x0
          RenderText {#text} at (0,400) size 32x16
            text run at (0,400) width 32: "9999"
          RenderBR {BR} at (32,412) size 0x0
          RenderText {#text} at (0,416) size 22x16
            text run at (0,416) width 22: "::::"
          RenderBR {BR} at (21,428) size 1x0
          RenderText {#text} at (0,432) size 22x16
            text run at (0,432) width 22: ";;;;"
          RenderBR {BR} at (21,444) size 1x0
          RenderText {#text} at (0,448) size 44x16
            text run at (0,448) width 44: "<<<<"
          RenderBR {BR} at (43,460) size 1x0
          RenderText {#text} at (0,464) size 44x16
            text run at (0,464) width 44: "===="
          RenderBR {BR} at (43,476) size 1x0
          RenderText {#text} at (0,480) size 44x16
            text run at (0,480) width 44: ">>>>"
          RenderBR {BR} at (43,492) size 1x0
          RenderText {#text} at (0,496) size 32x16
            text run at (0,496) width 32: "????"
          RenderBR {BR} at (32,508) size 0x0
          RenderText {#text} at (0,512) size 59x16
            text run at (0,512) width 59: "@@@@"
          RenderBR {BR} at (58,524) size 1x0
          RenderText {#text} at (0,528) size 40x16
            text run at (0,528) width 40: "AAAA"
          RenderBR {BR} at (39,540) size 1x0
          RenderText {#text} at (0,544) size 40x16
            text run at (0,544) width 40: "BBBB"
          RenderBR {BR} at (39,556) size 1x0
          RenderText {#text} at (0,560) size 43x16
            text run at (0,560) width 43: "CCCC"
          RenderBR {BR} at (42,572) size 1x0
          RenderText {#text} at (0,576) size 47x16
            text run at (0,576) width 47: "DDDD"
          RenderBR {BR} at (46,588) size 1x0
          RenderText {#text} at (0,592) size 40x16
            text run at (0,592) width 40: "EEEE"
          RenderBR {BR} at (39,604) size 1x0
          RenderText {#text} at (0,608) size 40x16
            text run at (0,608) width 40: "FFFF"
          RenderBR {BR} at (39,620) size 1x0
          RenderText {#text} at (0,624) size 47x16
            text run at (0,624) width 47: "GGGG"
          RenderBR {BR} at (46,636) size 1x0
          RenderText {#text} at (0,640) size 47x16
            text run at (0,640) width 47: "HHHH"
          RenderBR {BR} at (46,652) size 1x0
          RenderText {#text} at (0,656) size 22x16
            text run at (0,656) width 22: "IIII"
          RenderBR {BR} at (21,668) size 1x0
          RenderText {#text} at (0,672) size 29x16
            text run at (0,672) width 29: "JJJJ"
          RenderBR {BR} at (28,684) size 1x0
          RenderText {#text} at (0,688) size 43x16
            text run at (0,688) width 43: "KKKK"
          RenderBR {BR} at (42,700) size 1x0
          RenderText {#text} at (0,704) size 36x16
            text run at (0,704) width 36: "LLLL"
          RenderBR {BR} at (35,716) size 1x0
          RenderText {#text} at (0,720) size 54x16
            text run at (0,720) width 54: "MMMM"
          RenderBR {BR} at (53,732) size 1x0
          RenderText {#text} at (0,736) size 43x16
            text run at (0,736) width 43: "NNNN"
          RenderBR {BR} at (42,748) size 1x0
          RenderText {#text} at (0,752) size 47x16
            text run at (0,752) width 47: "OOOO"
          RenderBR {BR} at (46,764) size 1x0
          RenderText {#text} at (0,768) size 40x16
            text run at (0,768) width 40: "PPPP"
          RenderBR {BR} at (39,780) size 1x0
          RenderText {#text} at (0,784) size 47x16
            text run at (0,784) width 47: "QQQQ"
          RenderBR {BR} at (46,796) size 1x0
          RenderText {#text} at (0,800) size 40x16
            text run at (0,800) width 40: "RRRR"
          RenderBR {BR} at (39,812) size 1x0
          RenderText {#text} at (0,816) size 32x16
            text run at (0,816) width 32: "SSSS"
          RenderBR {BR} at (32,828) size 0x0
          RenderText {#text} at (0,832) size 36x16
            text run at (0,832) width 36: "TTTT"
          RenderBR {BR} at (35,844) size 1x0
          RenderText {#text} at (0,848) size 47x16
            text run at (0,848) width 47: "UUUU"
          RenderBR {BR} at (46,860) size 1x0
          RenderText {#text} at (0,864) size 40x16
            text run at (0,864) width 40: "VVVV"
          RenderBR {BR} at (39,876) size 1x0
          RenderText {#text} at (0,880) size 54x16
            text run at (0,880) width 54: "WWWW"
          RenderBR {BR} at (53,892) size 1x0
          RenderText {#text} at (0,896) size 40x16
            text run at (0,896) width 40: "XXXX"
          RenderBR {BR} at (39,908) size 1x0
          RenderText {#text} at (0,912) size 36x16
            text run at (0,912) width 36: "YYYY"
          RenderBR {BR} at (35,924) size 1x0
          RenderText {#text} at (0,928) size 36x16
            text run at (0,928) width 36: "ZZZZ"
          RenderBR {BR} at (35,940) size 1x0
          RenderText {#text} at (0,944) size 25x16
            text run at (0,944) width 25: "[[[["
          RenderBR {BR} at (24,956) size 1x0
          RenderText {#text} at (0,960) size 18x16
            text run at (0,960) width 18: "\\\\\\\\"
          RenderBR {BR} at (17,972) size 1x0
          RenderText {#text} at (0,976) size 25x16
            text run at (0,976) width 25: "]]]]"
          RenderBR {BR} at (24,988) size 1x0
          RenderText {#text} at (0,992) size 27x16
            text run at (0,992) width 27: "^^^^"
          RenderBR {BR} at (27,1004) size 0x0
          RenderText {#text} at (0,1008) size 32x16
            text run at (0,1008) width 32: "____"
          RenderBR {BR} at (32,1020) size 0x0
          RenderText {#text} at (0,1024) size 22x16
            text run at (0,1024) width 22: "````"
          RenderBR {BR} at (21,1036) size 1x0
          RenderText {#text} at (0,1040) size 32x16
            text run at (0,1040) width 32: "aaaa"
          RenderBR {BR} at (32,1052) size 0x0
          RenderText {#text} at (0,1056) size 32x16
            text run at (0,1056) width 32: "bbbb"
          RenderBR {BR} at (32,1068) size 0x0
          RenderText {#text} at (0,1072) size 29x16
            text run at (0,1072) width 29: "cccc"
          RenderBR {BR} at (28,1084) size 1x0
          RenderText {#text} at (0,1088) size 32x16
            text run at (0,1088) width 32: "dddd"
          RenderBR {BR} at (32,1100) size 0x0
          RenderText {#text} at (0,1104) size 29x16
            text run at (0,1104) width 29: "eeee"
          RenderBR {BR} at (28,1116) size 1x0
          RenderText {#text} at (0,1120) size 18x16
            text run at (0,1120) width 18: "ffff"
          RenderBR {BR} at (17,1132) size 1x0
          RenderText {#text} at (0,1136) size 32x16
            text run at (0,1136) width 32: "gggg"
          RenderBR {BR} at (32,1148) size 0x0
          RenderText {#text} at (0,1152) size 32x16
            text run at (0,1152) width 32: "hhhh"
          RenderBR {BR} at (32,1164) size 0x0
          RenderText {#text} at (0,1168) size 18x16
            text run at (0,1168) width 18: "iiii"
          RenderBR {BR} at (17,1180) size 1x0
          RenderText {#text} at (0,1184) size 18x16
            text run at (0,1184) width 18: "jjjj"
          RenderBR {BR} at (17,1196) size 1x0
          RenderText {#text} at (0,1200) size 29x16
            text run at (0,1200) width 29: "kkkk"
          RenderBR {BR} at (28,1212) size 1x0
          RenderText {#text} at (0,1216) size 18x16
            text run at (0,1216) width 18: "llll"
          RenderBR {BR} at (17,1228) size 1x0
          RenderText {#text} at (0,1232) size 47x16
            text run at (0,1232) width 47: "mmmm"
          RenderBR {BR} at (46,1244) size 1x0
          RenderText {#text} at (0,1248) size 32x16
            text run at (0,1248) width 32: "nnnn"
          RenderBR {BR} at (32,1260) size 0x0
          RenderText {#text} at (0,1264) size 32x16
            text run at (0,1264) width 32: "oooo"
          RenderBR {BR} at (32,1276) size 0x0
          RenderText {#text} at (0,1280) size 32x16
            text run at (0,1280) width 32: "pppp"
          RenderBR {BR} at (32,1292) size 0x0
          RenderText {#text} at (0,1296) size 32x16
            text run at (0,1296) width 32: "qqqq"
          RenderBR {BR} at (32,1308) size 0x0
          RenderText {#text} at (0,1312) size 25x16
            text run at (0,1312) width 25: "rrrr"
          RenderBR {BR} at (24,1324) size 1x0
          RenderText {#text} at (0,1328) size 25x16
            text run at (0,1328) width 25: "ssss"
          RenderBR {BR} at (24,1340) size 1x0
          RenderText {#text} at (0,1344) size 18x16
            text run at (0,1344) width 18: "tttt"
          RenderBR {BR} at (17,1356) size 1x0
          RenderText {#text} at (0,1360) size 32x16
            text run at (0,1360) width 32: "uuuu"
          RenderBR {BR} at (32,1372) size 0x0
          RenderText {#text} at (0,1376) size 29x16
            text run at (0,1376) width 29: "vvvv"
          RenderBR {BR} at (28,1388) size 1x0
          RenderText {#text} at (0,1392) size 43x16
            text run at (0,1392) width 43: "wwww"
          RenderBR {BR} at (42,1404) size 1x0
          RenderText {#text} at (0,1408) size 29x16
            text run at (0,1408) width 29: "xxxx"
          RenderBR {BR} at (28,1420) size 1x0
          RenderText {#text} at (0,1424) size 29x16
            text run at (0,1424) width 29: "yyyy"
          RenderBR {BR} at (28,1436) size 1x0
          RenderText {#text} at (0,1440) size 25x16
            text run at (0,1440) width 25: "zzzz"
          RenderBR {BR} at (24,1452) size 1x0
          RenderText {#text} at (0,1456) size 26x16
            text run at (0,1456) width 26: "{{{{"
          RenderBR {BR} at (25,1468) size 1x0
          RenderText {#text} at (0,1472) size 18x16
            text run at (0,1472) width 18: "||||"
          RenderBR {BR} at (17,1484) size 1x0
          RenderText {#text} at (0,1488) size 26x16
            text run at (0,1488) width 26: "}}}}"
          RenderBR {BR} at (25,1500) size 1x0
        RenderText {#text} at (0,0) size 0x0
