layer at (0,0) size 785x4169
  RenderView at (0,0) size 785x600
layer at (0,0) size 785x4169
  RenderBlock {HTML} at (0,0) size 785x4169
    RenderBody {BODY} at (8,8) size 769x4145
      RenderBlock (anonymous) at (0,0) size 769x16
        RenderText {#text} at (0,0) size 360x16
          text run at (0,0) width 360: "This tests font choices and metrics for monospace fonts."
      RenderBlock {P} at (0,32) size 769x210
        RenderInline {FONT} at (0,0) size 759x209
          RenderText {#text} at (0,0) size 58x20
            text run at (0,0) width 58: "Monaco"
          RenderBR {BR} at (57,16) size 1x0
          RenderText {#text} at (0,21) size 759x62
            text run at (0,21) width 759: "  ! \" # $ % & ' ( ) * + , - . / 0 1 2 3 4 5 6 7 8 9 : ; < = > ? @ A B C D E F G"
            text run at (0,42) width 759: "H I J K L M N O P Q R S T U V W X Y Z [ \\ ] ^ _ ` a b c d e f g h i j k l m n o"
            text run at (0,63) width 289: "p q r s t u v w x y z { | } > "
          RenderBR {BR} at (288,79) size 1x0
          RenderInline {B} at (0,0) size 759x62
            RenderText {#text} at (0,84) size 759x62
              text run at (0,84) width 759: "  ! \" # $ % & ' ( ) * + , - . / 0 1 2 3 4 5 6 7 8 9 : ; < = > ? @ A B C D E F G"
              text run at (0,105) width 759: "H I J K L M N O P Q R S T U V W X Y Z [ \\ ] ^ _ ` a b c d e f g h i j k l m n o"
              text run at (0,126) width 289: "p q r s t u v w x y z { | } > "
          RenderText {#text} at (0,0) size 0x0
          RenderBR {BR} at (0,0) size 0x0
          RenderInline {I} at (0,0) size 759x62
            RenderText {#text} at (0,147) size 759x62
              text run at (0,147) width 759: "  ! \" # $ % & ' ( ) * + , - . / 0 1 2 3 4 5 6 7 8 9 : ; < = > ? @ A B C D E F G"
              text run at (0,168) width 759: "H I J K L M N O P Q R S T U V W X Y Z [ \\ ] ^ _ ` a b c d e f g h i j k l m n o"
              text run at (0,189) width 279: "p q r s t u v w x y z { | } >"
          RenderText {#text} at (0,0) size 0x0
        RenderText {#text} at (0,0) size 0x0
      RenderBlock {P} at (0,258) size 769x160
        RenderInline {FONT} at (0,0) size 759x160
          RenderText {#text} at (0,0) size 68x16
            text run at (0,0) width 68: "Courier"
          RenderBR {BR} at (67,12) size 1x0
          RenderText {#text} at (0,16) size 759x48
            text run at (0,16) width 759: "  ! \" # $ % & ' ( ) * + , - . / 0 1 2 3 4 5 6 7 8 9 : ; < = > ? @ A B C D E F G"
            text run at (0,32) width 759: "H I J K L M N O P Q R S T U V W X Y Z [ \\ ] ^ _ ` a b c d e f g h i j k l m n o"
            text run at (0,48) width 289: "p q r s t u v w x y z { | } > "
          RenderBR {BR} at (288,60) size 1x0
          RenderInline {B} at (0,0) size 759x48
            RenderText {#text} at (0,64) size 759x48
              text run at (0,64) width 759: "  ! \" # $ % & ' ( ) * + , - . / 0 1 2 3 4 5 6 7 8 9 : ; < = > ? @ A B C D E F G"
              text run at (0,80) width 759: "H I J K L M N O P Q R S T U V W X Y Z [ \\ ] ^ _ ` a b c d e f g h i j k l m n o"
              text run at (0,96) width 289: "p q r s t u v w x y z { | } > "
          RenderText {#text} at (0,0) size 0x0
          RenderBR {BR} at (0,0) size 0x0
          RenderInline {I} at (0,0) size 759x48
            RenderText {#text} at (0,112) size 759x48
              text run at (0,112) width 759: "  ! \" # $ % & ' ( ) * + , - . / 0 1 2 3 4 5 6 7 8 9 : ; < = > ? @ A B C D E F G"
              text run at (0,128) width 759: "H I J K L M N O P Q R S T U V W X Y Z [ \\ ] ^ _ ` a b c d e f g h i j k l m n o"
              text run at (0,144) width 279: "p q r s t u v w x y z { | } >"
          RenderText {#text} at (0,0) size 0x0
        RenderText {#text} at (0,0) size 0x0
      RenderBlock {P} at (0,434) size 769x1235
        RenderInline {FONT} at (0,0) size 71x1235
          RenderText {#text} at (0,0) size 71x13
            text run at (0,0) width 71: "monospace"
          RenderBR {BR} at (70,10) size 1x0
          RenderText {#text} at (0,13) size 32x13
            text run at (0,13) width 32: "    "
          RenderBR {BR} at (31,23) size 1x0
          RenderText {#text} at (0,26) size 32x13
            text run at (0,26) width 32: "!!!!"
          RenderBR {BR} at (31,36) size 1x0
          RenderText {#text} at (0,39) size 32x13
            text run at (0,39) width 32: "\"\"\"\""
          RenderBR {BR} at (31,49) size 1x0
          RenderText {#text} at (0,52) size 32x13
            text run at (0,52) width 32: "####"
          RenderBR {BR} at (31,62) size 1x0
          RenderText {#text} at (0,65) size 32x13
            text run at (0,65) width 32: "$$$$"
          RenderBR {BR} at (31,75) size 1x0
          RenderText {#text} at (0,78) size 32x13
            text run at (0,78) width 32: "%%%%"
          RenderBR {BR} at (31,88) size 1x0
          RenderText {#text} at (0,91) size 32x13
            text run at (0,91) width 32: "&&&&"
          RenderBR {BR} at (31,101) size 1x0
          RenderText {#text} at (0,104) size 32x13
            text run at (0,104) width 32: "''''"
          RenderBR {BR} at (31,114) size 1x0
          RenderText {#text} at (0,117) size 32x13
            text run at (0,117) width 32: "(((("
          RenderBR {BR} at (31,127) size 1x0
          RenderText {#text} at (0,130) size 32x13
            text run at (0,130) width 32: "))))"
          RenderBR {BR} at (31,140) size 1x0
          RenderText {#text} at (0,143) size 32x13
            text run at (0,143) width 32: "****"
          RenderBR {BR} at (31,153) size 1x0
          RenderText {#text} at (0,156) size 32x13
            text run at (0,156) width 32: "++++"
          RenderBR {BR} at (31,166) size 1x0
          RenderText {#text} at (0,169) size 32x13
            text run at (0,169) width 32: ",,,,"
          RenderBR {BR} at (31,179) size 1x0
          RenderText {#text} at (0,182) size 32x13
            text run at (0,182) width 32: "----"
          RenderBR {BR} at (31,192) size 1x0
          RenderText {#text} at (0,195) size 32x13
            text run at (0,195) width 32: "...."
          RenderBR {BR} at (31,205) size 1x0
          RenderText {#text} at (0,208) size 32x13
            text run at (0,208) width 32: "////"
          RenderBR {BR} at (31,218) size 1x0
          RenderText {#text} at (0,221) size 32x13
            text run at (0,221) width 32: "0000"
          RenderBR {BR} at (31,231) size 1x0
          RenderText {#text} at (0,234) size 32x13
            text run at (0,234) width 32: "1111"
          RenderBR {BR} at (31,244) size 1x0
          RenderText {#text} at (0,247) size 32x13
            text run at (0,247) width 32: "2222"
          RenderBR {BR} at (31,257) size 1x0
          RenderText {#text} at (0,260) size 32x13
            text run at (0,260) width 32: "3333"
          RenderBR {BR} at (31,270) size 1x0
          RenderText {#text} at (0,273) size 32x13
            text run at (0,273) width 32: "4444"
          RenderBR {BR} at (31,283) size 1x0
          RenderText {#text} at (0,286) size 32x13
            text run at (0,286) width 32: "5555"
          RenderBR {BR} at (31,296) size 1x0
          RenderText {#text} at (0,299) size 32x13
            text run at (0,299) width 32: "6666"
          RenderBR {BR} at (31,309) size 1x0
          RenderText {#text} at (0,312) size 32x13
            text run at (0,312) width 32: "7777"
          RenderBR {BR} at (31,322) size 1x0
          RenderText {#text} at (0,325) size 32x13
            text run at (0,325) width 32: "8888"
          RenderBR {BR} at (31,335) size 1x0
          RenderText {#text} at (0,338) size 32x13
            text run at (0,338) width 32: "9999"
          RenderBR {BR} at (31,348) size 1x0
          RenderText {#text} at (0,351) size 32x13
            text run at (0,351) width 32: "::::"
          RenderBR {BR} at (31,361) size 1x0
          RenderText {#text} at (0,364) size 32x13
            text run at (0,364) width 32: ";;;;"
          RenderBR {BR} at (31,374) size 1x0
          RenderText {#text} at (0,377) size 32x13
            text run at (0,377) width 32: "<<<<"
          RenderBR {BR} at (31,387) size 1x0
          RenderText {#text} at (0,390) size 32x13
            text run at (0,390) width 32: "===="
          RenderBR {BR} at (31,400) size 1x0
          RenderText {#text} at (0,403) size 32x13
            text run at (0,403) width 32: ">>>>"
          RenderBR {BR} at (31,413) size 1x0
          RenderText {#text} at (0,416) size 32x13
            text run at (0,416) width 32: "????"
          RenderBR {BR} at (31,426) size 1x0
          RenderText {#text} at (0,429) size 32x13
            text run at (0,429) width 32: "@@@@"
          RenderBR {BR} at (31,439) size 1x0
          RenderText {#text} at (0,442) size 32x13
            text run at (0,442) width 32: "AAAA"
          RenderBR {BR} at (31,452) size 1x0
          RenderText {#text} at (0,455) size 32x13
            text run at (0,455) width 32: "BBBB"
          RenderBR {BR} at (31,465) size 1x0
          RenderText {#text} at (0,468) size 32x13
            text run at (0,468) width 32: "CCCC"
          RenderBR {BR} at (31,478) size 1x0
          RenderText {#text} at (0,481) size 32x13
            text run at (0,481) width 32: "DDDD"
          RenderBR {BR} at (31,491) size 1x0
          RenderText {#text} at (0,494) size 32x13
            text run at (0,494) width 32: "EEEE"
          RenderBR {BR} at (31,504) size 1x0
          RenderText {#text} at (0,507) size 32x13
            text run at (0,507) width 32: "FFFF"
          RenderBR {BR} at (31,517) size 1x0
          RenderText {#text} at (0,520) size 32x13
            text run at (0,520) width 32: "GGGG"
          RenderBR {BR} at (31,530) size 1x0
          RenderText {#text} at (0,533) size 32x13
            text run at (0,533) width 32: "HHHH"
          RenderBR {BR} at (31,543) size 1x0
          RenderText {#text} at (0,546) size 32x13
            text run at (0,546) width 32: "IIII"
          RenderBR {BR} at (31,556) size 1x0
          RenderText {#text} at (0,559) size 32x13
            text run at (0,559) width 32: "JJJJ"
          RenderBR {BR} at (31,569) size 1x0
          RenderText {#text} at (0,572) size 32x13
            text run at (0,572) width 32: "KKKK"
          RenderBR {BR} at (31,582) size 1x0
          RenderText {#text} at (0,585) size 32x13
            text run at (0,585) width 32: "LLLL"
          RenderBR {BR} at (31,595) size 1x0
          RenderText {#text} at (0,598) size 32x13
            text run at (0,598) width 32: "MMMM"
          RenderBR {BR} at (31,608) size 1x0
          RenderText {#text} at (0,611) size 32x13
            text run at (0,611) width 32: "NNNN"
          RenderBR {BR} at (31,621) size 1x0
          RenderText {#text} at (0,624) size 32x13
            text run at (0,624) width 32: "OOOO"
          RenderBR {BR} at (31,634) size 1x0
          RenderText {#text} at (0,637) size 32x13
            text run at (0,637) width 32: "PPPP"
          RenderBR {BR} at (31,647) size 1x0
          RenderText {#text} at (0,650) size 32x13
            text run at (0,650) width 32: "QQQQ"
          RenderBR {BR} at (31,660) size 1x0
          RenderText {#text} at (0,663) size 32x13
            text run at (0,663) width 32: "RRRR"
          RenderBR {BR} at (31,673) size 1x0
          RenderText {#text} at (0,676) size 32x13
            text run at (0,676) width 32: "SSSS"
          RenderBR {BR} at (31,686) size 1x0
          RenderText {#text} at (0,689) size 32x13
            text run at (0,689) width 32: "TTTT"
          RenderBR {BR} at (31,699) size 1x0
          RenderText {#text} at (0,702) size 32x13
            text run at (0,702) width 32: "UUUU"
          RenderBR {BR} at (31,712) size 1x0
          RenderText {#text} at (0,715) size 32x13
            text run at (0,715) width 32: "VVVV"
          RenderBR {BR} at (31,725) size 1x0
          RenderText {#text} at (0,728) size 32x13
            text run at (0,728) width 32: "WWWW"
          RenderBR {BR} at (31,738) size 1x0
          RenderText {#text} at (0,741) size 32x13
            text run at (0,741) width 32: "XXXX"
          RenderBR {BR} at (31,751) size 1x0
          RenderText {#text} at (0,754) size 32x13
            text run at (0,754) width 32: "YYYY"
          RenderBR {BR} at (31,764) size 1x0
          RenderText {#text} at (0,767) size 32x13
            text run at (0,767) width 32: "ZZZZ"
          RenderBR {BR} at (31,777) size 1x0
          RenderText {#text} at (0,780) size 32x13
            text run at (0,780) width 32: "[[[["
          RenderBR {BR} at (31,790) size 1x0
          RenderText {#text} at (0,793) size 32x13
            text run at (0,793) width 32: "\\\\\\\\"
          RenderBR {BR} at (31,803) size 1x0
          RenderText {#text} at (0,806) size 32x13
            text run at (0,806) width 32: "]]]]"
          RenderBR {BR} at (31,816) size 1x0
          RenderText {#text} at (0,819) size 32x13
            text run at (0,819) width 32: "^^^^"
          RenderBR {BR} at (31,829) size 1x0
          RenderText {#text} at (0,832) size 32x13
            text run at (0,832) width 32: "____"
          RenderBR {BR} at (31,842) size 1x0
          RenderText {#text} at (0,845) size 32x13
            text run at (0,845) width 32: "````"
          RenderBR {BR} at (31,855) size 1x0
          RenderText {#text} at (0,858) size 32x13
            text run at (0,858) width 32: "aaaa"
          RenderBR {BR} at (31,868) size 1x0
          RenderText {#text} at (0,871) size 32x13
            text run at (0,871) width 32: "bbbb"
          RenderBR {BR} at (31,881) size 1x0
          RenderText {#text} at (0,884) size 32x13
            text run at (0,884) width 32: "cccc"
          RenderBR {BR} at (31,894) size 1x0
          RenderText {#text} at (0,897) size 32x13
            text run at (0,897) width 32: "dddd"
          RenderBR {BR} at (31,907) size 1x0
          RenderText {#text} at (0,910) size 32x13
            text run at (0,910) width 32: "eeee"
          RenderBR {BR} at (31,920) size 1x0
          RenderText {#text} at (0,923) size 32x13
            text run at (0,923) width 32: "ffff"
          RenderBR {BR} at (31,933) size 1x0
          RenderText {#text} at (0,936) size 32x13
            text run at (0,936) width 32: "gggg"
          RenderBR {BR} at (31,946) size 1x0
          RenderText {#text} at (0,949) size 32x13
            text run at (0,949) width 32: "hhhh"
          RenderBR {BR} at (31,959) size 1x0
          RenderText {#text} at (0,962) size 32x13
            text run at (0,962) width 32: "iiii"
          RenderBR {BR} at (31,972) size 1x0
          RenderText {#text} at (0,975) size 32x13
            text run at (0,975) width 32: "jjjj"
          RenderBR {BR} at (31,985) size 1x0
          RenderText {#text} at (0,988) size 32x13
            text run at (0,988) width 32: "kkkk"
          RenderBR {BR} at (31,998) size 1x0
          RenderText {#text} at (0,1001) size 32x13
            text run at (0,1001) width 32: "llll"
          RenderBR {BR} at (31,1011) size 1x0
          RenderText {#text} at (0,1014) size 32x13
            text run at (0,1014) width 32: "mmmm"
          RenderBR {BR} at (31,1024) size 1x0
          RenderText {#text} at (0,1027) size 32x13
            text run at (0,1027) width 32: "nnnn"
          RenderBR {BR} at (31,1037) size 1x0
          RenderText {#text} at (0,1040) size 32x13
            text run at (0,1040) width 32: "oooo"
          RenderBR {BR} at (31,1050) size 1x0
          RenderText {#text} at (0,1053) size 32x13
            text run at (0,1053) width 32: "pppp"
          RenderBR {BR} at (31,1063) size 1x0
          RenderText {#text} at (0,1066) size 32x13
            text run at (0,1066) width 32: "qqqq"
          RenderBR {BR} at (31,1076) size 1x0
          RenderText {#text} at (0,1079) size 32x13
            text run at (0,1079) width 32: "rrrr"
          RenderBR {BR} at (31,1089) size 1x0
          RenderText {#text} at (0,1092) size 32x13
            text run at (0,1092) width 32: "ssss"
          RenderBR {BR} at (31,1102) size 1x0
          RenderText {#text} at (0,1105) size 32x13
            text run at (0,1105) width 32: "tttt"
          RenderBR {BR} at (31,1115) size 1x0
          RenderText {#text} at (0,1118) size 32x13
            text run at (0,1118) width 32: "uuuu"
          RenderBR {BR} at (31,1128) size 1x0
          RenderText {#text} at (0,1131) size 32x13
            text run at (0,1131) width 32: "vvvv"
          RenderBR {BR} at (31,1141) size 1x0
          RenderText {#text} at (0,1144) size 32x13
            text run at (0,1144) width 32: "wwww"
          RenderBR {BR} at (31,1154) size 1x0
          RenderText {#text} at (0,1157) size 32x13
            text run at (0,1157) width 32: "xxxx"
          RenderBR {BR} at (31,1167) size 1x0
          RenderText {#text} at (0,1170) size 32x13
            text run at (0,1170) width 32: "yyyy"
          RenderBR {BR} at (31,1180) size 1x0
          RenderText {#text} at (0,1183) size 32x13
            text run at (0,1183) width 32: "zzzz"
          RenderBR {BR} at (31,1193) size 1x0
          RenderText {#text} at (0,1196) size 32x13
            text run at (0,1196) width 32: "{{{{"
          RenderBR {BR} at (31,1206) size 1x0
          RenderText {#text} at (0,1209) size 32x13
            text run at (0,1209) width 32: "||||"
          RenderBR {BR} at (31,1219) size 1x0
          RenderText {#text} at (0,1222) size 32x13
            text run at (0,1222) width 32: "}}}}"
          RenderBR {BR} at (31,1232) size 1x0
      RenderBlock {P} at (0,1685) size 769x1222
        RenderInline {FONT} at (0,0) size 32x1222
          RenderText {#text} at (0,0) size 0x0
          RenderInline {B} at (0,0) size 32x1222
            RenderText {#text} at (0,0) size 32x13
              text run at (0,0) width 32: "    "
            RenderBR {BR} at (31,10) size 1x0
            RenderText {#text} at (0,13) size 32x13
              text run at (0,13) width 32: "!!!!"
            RenderBR {BR} at (31,23) size 1x0
            RenderText {#text} at (0,26) size 32x13
              text run at (0,26) width 32: "\"\"\"\""
            RenderBR {BR} at (31,36) size 1x0
            RenderText {#text} at (0,39) size 32x13
              text run at (0,39) width 32: "####"
            RenderBR {BR} at (31,49) size 1x0
            RenderText {#text} at (0,52) size 32x13
              text run at (0,52) width 32: "$$$$"
            RenderBR {BR} at (31,62) size 1x0
            RenderText {#text} at (0,65) size 32x13
              text run at (0,65) width 32: "%%%%"
            RenderBR {BR} at (31,75) size 1x0
            RenderText {#text} at (0,78) size 32x13
              text run at (0,78) width 32: "&&&&"
            RenderBR {BR} at (31,88) size 1x0
            RenderText {#text} at (0,91) size 32x13
              text run at (0,91) width 32: "''''"
            RenderBR {BR} at (31,101) size 1x0
            RenderText {#text} at (0,104) size 32x13
              text run at (0,104) width 32: "(((("
            RenderBR {BR} at (31,114) size 1x0
            RenderText {#text} at (0,117) size 32x13
              text run at (0,117) width 32: "))))"
            RenderBR {BR} at (31,127) size 1x0
            RenderText {#text} at (0,130) size 32x13
              text run at (0,130) width 32: "****"
            RenderBR {BR} at (31,140) size 1x0
            RenderText {#text} at (0,143) size 32x13
              text run at (0,143) width 32: "++++"
            RenderBR {BR} at (31,153) size 1x0
            RenderText {#text} at (0,156) size 32x13
              text run at (0,156) width 32: ",,,,"
            RenderBR {BR} at (31,166) size 1x0
            RenderText {#text} at (0,169) size 32x13
              text run at (0,169) width 32: "----"
            RenderBR {BR} at (31,179) size 1x0
            RenderText {#text} at (0,182) size 32x13
              text run at (0,182) width 32: "...."
            RenderBR {BR} at (31,192) size 1x0
            RenderText {#text} at (0,195) size 32x13
              text run at (0,195) width 32: "////"
            RenderBR {BR} at (31,205) size 1x0
            RenderText {#text} at (0,208) size 32x13
              text run at (0,208) width 32: "0000"
            RenderBR {BR} at (31,218) size 1x0
            RenderText {#text} at (0,221) size 32x13
              text run at (0,221) width 32: "1111"
            RenderBR {BR} at (31,231) size 1x0
            RenderText {#text} at (0,234) size 32x13
              text run at (0,234) width 32: "2222"
            RenderBR {BR} at (31,244) size 1x0
            RenderText {#text} at (0,247) size 32x13
              text run at (0,247) width 32: "3333"
            RenderBR {BR} at (31,257) size 1x0
            RenderText {#text} at (0,260) size 32x13
              text run at (0,260) width 32: "4444"
            RenderBR {BR} at (31,270) size 1x0
            RenderText {#text} at (0,273) size 32x13
              text run at (0,273) width 32: "5555"
            RenderBR {BR} at (31,283) size 1x0
            RenderText {#text} at (0,286) size 32x13
              text run at (0,286) width 32: "6666"
            RenderBR {BR} at (31,296) size 1x0
            RenderText {#text} at (0,299) size 32x13
              text run at (0,299) width 32: "7777"
            RenderBR {BR} at (31,309) size 1x0
            RenderText {#text} at (0,312) size 32x13
              text run at (0,312) width 32: "8888"
            RenderBR {BR} at (31,322) size 1x0
            RenderText {#text} at (0,325) size 32x13
              text run at (0,325) width 32: "9999"
            RenderBR {BR} at (31,335) size 1x0
            RenderText {#text} at (0,338) size 32x13
              text run at (0,338) width 32: "::::"
            RenderBR {BR} at (31,348) size 1x0
            RenderText {#text} at (0,351) size 32x13
              text run at (0,351) width 32: ";;;;"
            RenderBR {BR} at (31,361) size 1x0
            RenderText {#text} at (0,364) size 32x13
              text run at (0,364) width 32: "<<<<"
            RenderBR {BR} at (31,374) size 1x0
            RenderText {#text} at (0,377) size 32x13
              text run at (0,377) width 32: "===="
            RenderBR {BR} at (31,387) size 1x0
            RenderText {#text} at (0,390) size 32x13
              text run at (0,390) width 32: ">>>>"
            RenderBR {BR} at (31,400) size 1x0
            RenderText {#text} at (0,403) size 32x13
              text run at (0,403) width 32: "????"
            RenderBR {BR} at (31,413) size 1x0
            RenderText {#text} at (0,416) size 32x13
              text run at (0,416) width 32: "@@@@"
            RenderBR {BR} at (31,426) size 1x0
            RenderText {#text} at (0,429) size 32x13
              text run at (0,429) width 32: "AAAA"
            RenderBR {BR} at (31,439) size 1x0
            RenderText {#text} at (0,442) size 32x13
              text run at (0,442) width 32: "BBBB"
            RenderBR {BR} at (31,452) size 1x0
            RenderText {#text} at (0,455) size 32x13
              text run at (0,455) width 32: "CCCC"
            RenderBR {BR} at (31,465) size 1x0
            RenderText {#text} at (0,468) size 32x13
              text run at (0,468) width 32: "DDDD"
            RenderBR {BR} at (31,478) size 1x0
            RenderText {#text} at (0,481) size 32x13
              text run at (0,481) width 32: "EEEE"
            RenderBR {BR} at (31,491) size 1x0
            RenderText {#text} at (0,494) size 32x13
              text run at (0,494) width 32: "FFFF"
            RenderBR {BR} at (31,504) size 1x0
            RenderText {#text} at (0,507) size 32x13
              text run at (0,507) width 32: "GGGG"
            RenderBR {BR} at (31,517) size 1x0
            RenderText {#text} at (0,520) size 32x13
              text run at (0,520) width 32: "HHHH"
            RenderBR {BR} at (31,530) size 1x0
            RenderText {#text} at (0,533) size 32x13
              text run at (0,533) width 32: "IIII"
            RenderBR {BR} at (31,543) size 1x0
            RenderText {#text} at (0,546) size 32x13
              text run at (0,546) width 32: "JJJJ"
            RenderBR {BR} at (31,556) size 1x0
            RenderText {#text} at (0,559) size 32x13
              text run at (0,559) width 32: "KKKK"
            RenderBR {BR} at (31,569) size 1x0
            RenderText {#text} at (0,572) size 32x13
              text run at (0,572) width 32: "LLLL"
            RenderBR {BR} at (31,582) size 1x0
            RenderText {#text} at (0,585) size 32x13
              text run at (0,585) width 32: "MMMM"
            RenderBR {BR} at (31,595) size 1x0
            RenderText {#text} at (0,598) size 32x13
              text run at (0,598) width 32: "NNNN"
            RenderBR {BR} at (31,608) size 1x0
            RenderText {#text} at (0,611) size 32x13
              text run at (0,611) width 32: "OOOO"
            RenderBR {BR} at (31,621) size 1x0
            RenderText {#text} at (0,624) size 32x13
              text run at (0,624) width 32: "PPPP"
            RenderBR {BR} at (31,634) size 1x0
            RenderText {#text} at (0,637) size 32x13
              text run at (0,637) width 32: "QQQQ"
            RenderBR {BR} at (31,647) size 1x0
            RenderText {#text} at (0,650) size 32x13
              text run at (0,650) width 32: "RRRR"
            RenderBR {BR} at (31,660) size 1x0
            RenderText {#text} at (0,663) size 32x13
              text run at (0,663) width 32: "SSSS"
            RenderBR {BR} at (31,673) size 1x0
            RenderText {#text} at (0,676) size 32x13
              text run at (0,676) width 32: "TTTT"
            RenderBR {BR} at (31,686) size 1x0
            RenderText {#text} at (0,689) size 32x13
              text run at (0,689) width 32: "UUUU"
            RenderBR {BR} at (31,699) size 1x0
            RenderText {#text} at (0,702) size 32x13
              text run at (0,702) width 32: "VVVV"
            RenderBR {BR} at (31,712) size 1x0
            RenderText {#text} at (0,715) size 32x13
              text run at (0,715) width 32: "WWWW"
            RenderBR {BR} at (31,725) size 1x0
            RenderText {#text} at (0,728) size 32x13
              text run at (0,728) width 32: "XXXX"
            RenderBR {BR} at (31,738) size 1x0
            RenderText {#text} at (0,741) size 32x13
              text run at (0,741) width 32: "YYYY"
            RenderBR {BR} at (31,751) size 1x0
            RenderText {#text} at (0,754) size 32x13
              text run at (0,754) width 32: "ZZZZ"
            RenderBR {BR} at (31,764) size 1x0
            RenderText {#text} at (0,767) size 32x13
              text run at (0,767) width 32: "[[[["
            RenderBR {BR} at (31,777) size 1x0
            RenderText {#text} at (0,780) size 32x13
              text run at (0,780) width 32: "\\\\\\\\"
            RenderBR {BR} at (31,790) size 1x0
            RenderText {#text} at (0,793) size 32x13
              text run at (0,793) width 32: "]]]]"
            RenderBR {BR} at (31,803) size 1x0
            RenderText {#text} at (0,806) size 32x13
              text run at (0,806) width 32: "^^^^"
            RenderBR {BR} at (31,816) size 1x0
            RenderText {#text} at (0,819) size 32x13
              text run at (0,819) width 32: "____"
            RenderBR {BR} at (31,829) size 1x0
            RenderText {#text} at (0,832) size 32x13
              text run at (0,832) width 32: "````"
            RenderBR {BR} at (31,842) size 1x0
            RenderText {#text} at (0,845) size 32x13
              text run at (0,845) width 32: "aaaa"
            RenderBR {BR} at (31,855) size 1x0
            RenderText {#text} at (0,858) size 32x13
              text run at (0,858) width 32: "bbbb"
            RenderBR {BR} at (31,868) size 1x0
            RenderText {#text} at (0,871) size 32x13
              text run at (0,871) width 32: "cccc"
            RenderBR {BR} at (31,881) size 1x0
            RenderText {#text} at (0,884) size 32x13
              text run at (0,884) width 32: "dddd"
            RenderBR {BR} at (31,894) size 1x0
            RenderText {#text} at (0,897) size 32x13
              text run at (0,897) width 32: "eeee"
            RenderBR {BR} at (31,907) size 1x0
            RenderText {#text} at (0,910) size 32x13
              text run at (0,910) width 32: "ffff"
            RenderBR {BR} at (31,920) size 1x0
            RenderText {#text} at (0,923) size 32x13
              text run at (0,923) width 32: "gggg"
            RenderBR {BR} at (31,933) size 1x0
            RenderText {#text} at (0,936) size 32x13
              text run at (0,936) width 32: "hhhh"
            RenderBR {BR} at (31,946) size 1x0
            RenderText {#text} at (0,949) size 32x13
              text run at (0,949) width 32: "iiii"
            RenderBR {BR} at (31,959) size 1x0
            RenderText {#text} at (0,962) size 32x13
              text run at (0,962) width 32: "jjjj"
            RenderBR {BR} at (31,972) size 1x0
            RenderText {#text} at (0,975) size 32x13
              text run at (0,975) width 32: "kkkk"
            RenderBR {BR} at (31,985) size 1x0
            RenderText {#text} at (0,988) size 32x13
              text run at (0,988) width 32: "llll"
            RenderBR {BR} at (31,998) size 1x0
            RenderText {#text} at (0,1001) size 32x13
              text run at (0,1001) width 32: "mmmm"
            RenderBR {BR} at (31,1011) size 1x0
            RenderText {#text} at (0,1014) size 32x13
              text run at (0,1014) width 32: "nnnn"
            RenderBR {BR} at (31,1024) size 1x0
            RenderText {#text} at (0,1027) size 32x13
              text run at (0,1027) width 32: "oooo"
            RenderBR {BR} at (31,1037) size 1x0
            RenderText {#text} at (0,1040) size 32x13
              text run at (0,1040) width 32: "pppp"
            RenderBR {BR} at (31,1050) size 1x0
            RenderText {#text} at (0,1053) size 32x13
              text run at (0,1053) width 32: "qqqq"
            RenderBR {BR} at (31,1063) size 1x0
            RenderText {#text} at (0,1066) size 32x13
              text run at (0,1066) width 32: "rrrr"
            RenderBR {BR} at (31,1076) size 1x0
            RenderText {#text} at (0,1079) size 32x13
              text run at (0,1079) width 32: "ssss"
            RenderBR {BR} at (31,1089) size 1x0
            RenderText {#text} at (0,1092) size 32x13
              text run at (0,1092) width 32: "tttt"
            RenderBR {BR} at (31,1102) size 1x0
            RenderText {#text} at (0,1105) size 32x13
              text run at (0,1105) width 32: "uuuu"
            RenderBR {BR} at (31,1115) size 1x0
            RenderText {#text} at (0,1118) size 32x13
              text run at (0,1118) width 32: "vvvv"
            RenderBR {BR} at (31,1128) size 1x0
            RenderText {#text} at (0,1131) size 32x13
              text run at (0,1131) width 32: "wwww"
            RenderBR {BR} at (31,1141) size 1x0
            RenderText {#text} at (0,1144) size 32x13
              text run at (0,1144) width 32: "xxxx"
            RenderBR {BR} at (31,1154) size 1x0
            RenderText {#text} at (0,1157) size 32x13
              text run at (0,1157) width 32: "yyyy"
            RenderBR {BR} at (31,1167) size 1x0
            RenderText {#text} at (0,1170) size 32x13
              text run at (0,1170) width 32: "zzzz"
            RenderBR {BR} at (31,1180) size 1x0
            RenderText {#text} at (0,1183) size 32x13
              text run at (0,1183) width 32: "{{{{"
            RenderBR {BR} at (31,1193) size 1x0
            RenderText {#text} at (0,1196) size 32x13
              text run at (0,1196) width 32: "||||"
            RenderBR {BR} at (31,1206) size 1x0
            RenderText {#text} at (0,1209) size 32x13
              text run at (0,1209) width 32: "}}}}"
            RenderBR {BR} at (31,1219) size 1x0
          RenderText {#text} at (0,0) size 0x0
      RenderBlock {P} at (0,2923) size 769x1222
        RenderInline {FONT} at (0,0) size 32x1222
          RenderText {#text} at (0,0) size 0x0
          RenderInline {I} at (0,0) size 32x1222
            RenderText {#text} at (0,0) size 32x13
              text run at (0,0) width 32: "    "
            RenderBR {BR} at (31,10) size 1x0
            RenderText {#text} at (0,13) size 32x13
              text run at (0,13) width 32: "!!!!"
            RenderBR {BR} at (31,23) size 1x0
            RenderText {#text} at (0,26) size 32x13
              text run at (0,26) width 32: "\"\"\"\""
            RenderBR {BR} at (31,36) size 1x0
            RenderText {#text} at (0,39) size 32x13
              text run at (0,39) width 32: "####"
            RenderBR {BR} at (31,49) size 1x0
            RenderText {#text} at (0,52) size 32x13
              text run at (0,52) width 32: "$$$$"
            RenderBR {BR} at (31,62) size 1x0
            RenderText {#text} at (0,65) size 32x13
              text run at (0,65) width 32: "%%%%"
            RenderBR {BR} at (31,75) size 1x0
            RenderText {#text} at (0,78) size 32x13
              text run at (0,78) width 32: "&&&&"
            RenderBR {BR} at (31,88) size 1x0
            RenderText {#text} at (0,91) size 32x13
              text run at (0,91) width 32: "''''"
            RenderBR {BR} at (31,101) size 1x0
            RenderText {#text} at (0,104) size 32x13
              text run at (0,104) width 32: "(((("
            RenderBR {BR} at (31,114) size 1x0
            RenderText {#text} at (0,117) size 32x13
              text run at (0,117) width 32: "))))"
            RenderBR {BR} at (31,127) size 1x0
            RenderText {#text} at (0,130) size 32x13
              text run at (0,130) width 32: "****"
            RenderBR {BR} at (31,140) size 1x0
            RenderText {#text} at (0,143) size 32x13
              text run at (0,143) width 32: "++++"
            RenderBR {BR} at (31,153) size 1x0
            RenderText {#text} at (0,156) size 32x13
              text run at (0,156) width 32: ",,,,"
            RenderBR {BR} at (31,166) size 1x0
            RenderText {#text} at (0,169) size 32x13
              text run at (0,169) width 32: "----"
            RenderBR {BR} at (31,179) size 1x0
            RenderText {#text} at (0,182) size 32x13
              text run at (0,182) width 32: "...."
            RenderBR {BR} at (31,192) size 1x0
            RenderText {#text} at (0,195) size 32x13
              text run at (0,195) width 32: "////"
            RenderBR {BR} at (31,205) size 1x0
            RenderText {#text} at (0,208) size 32x13
              text run at (0,208) width 32: "0000"
            RenderBR {BR} at (31,218) size 1x0
            RenderText {#text} at (0,221) size 32x13
              text run at (0,221) width 32: "1111"
            RenderBR {BR} at (31,231) size 1x0
            RenderText {#text} at (0,234) size 32x13
              text run at (0,234) width 32: "2222"
            RenderBR {BR} at (31,244) size 1x0
            RenderText {#text} at (0,247) size 32x13
              text run at (0,247) width 32: "3333"
            RenderBR {BR} at (31,257) size 1x0
            RenderText {#text} at (0,260) size 32x13
              text run at (0,260) width 32: "4444"
            RenderBR {BR} at (31,270) size 1x0
            RenderText {#text} at (0,273) size 32x13
              text run at (0,273) width 32: "5555"
            RenderBR {BR} at (31,283) size 1x0
            RenderText {#text} at (0,286) size 32x13
              text run at (0,286) width 32: "6666"
            RenderBR {BR} at (31,296) size 1x0
            RenderText {#text} at (0,299) size 32x13
              text run at (0,299) width 32: "7777"
            RenderBR {BR} at (31,309) size 1x0
            RenderText {#text} at (0,312) size 32x13
              text run at (0,312) width 32: "8888"
            RenderBR {BR} at (31,322) size 1x0
            RenderText {#text} at (0,325) size 32x13
              text run at (0,325) width 32: "9999"
            RenderBR {BR} at (31,335) size 1x0
            RenderText {#text} at (0,338) size 32x13
              text run at (0,338) width 32: "::::"
            RenderBR {BR} at (31,348) size 1x0
            RenderText {#text} at (0,351) size 32x13
              text run at (0,351) width 32: ";;;;"
            RenderBR {BR} at (31,361) size 1x0
            RenderText {#text} at (0,364) size 32x13
              text run at (0,364) width 32: "<<<<"
            RenderBR {BR} at (31,374) size 1x0
            RenderText {#text} at (0,377) size 32x13
              text run at (0,377) width 32: "===="
            RenderBR {BR} at (31,387) size 1x0
            RenderText {#text} at (0,390) size 32x13
              text run at (0,390) width 32: ">>>>"
            RenderBR {BR} at (31,400) size 1x0
            RenderText {#text} at (0,403) size 32x13
              text run at (0,403) width 32: "????"
            RenderBR {BR} at (31,413) size 1x0
            RenderText {#text} at (0,416) size 32x13
              text run at (0,416) width 32: "@@@@"
            RenderBR {BR} at (31,426) size 1x0
            RenderText {#text} at (0,429) size 32x13
              text run at (0,429) width 32: "AAAA"
            RenderBR {BR} at (31,439) size 1x0
            RenderText {#text} at (0,442) size 32x13
              text run at (0,442) width 32: "BBBB"
            RenderBR {BR} at (31,452) size 1x0
            RenderText {#text} at (0,455) size 32x13
              text run at (0,455) width 32: "CCCC"
            RenderBR {BR} at (31,465) size 1x0
            RenderText {#text} at (0,468) size 32x13
              text run at (0,468) width 32: "DDDD"
            RenderBR {BR} at (31,478) size 1x0
            RenderText {#text} at (0,481) size 32x13
              text run at (0,481) width 32: "EEEE"
            RenderBR {BR} at (31,491) size 1x0
            RenderText {#text} at (0,494) size 32x13
              text run at (0,494) width 32: "FFFF"
            RenderBR {BR} at (31,504) size 1x0
            RenderText {#text} at (0,507) size 32x13
              text run at (0,507) width 32: "GGGG"
            RenderBR {BR} at (31,517) size 1x0
            RenderText {#text} at (0,520) size 32x13
              text run at (0,520) width 32: "HHHH"
            RenderBR {BR} at (31,530) size 1x0
            RenderText {#text} at (0,533) size 32x13
              text run at (0,533) width 32: "IIII"
            RenderBR {BR} at (31,543) size 1x0
            RenderText {#text} at (0,546) size 32x13
              text run at (0,546) width 32: "JJJJ"
            RenderBR {BR} at (31,556) size 1x0
            RenderText {#text} at (0,559) size 32x13
              text run at (0,559) width 32: "KKKK"
            RenderBR {BR} at (31,569) size 1x0
            RenderText {#text} at (0,572) size 32x13
              text run at (0,572) width 32: "LLLL"
            RenderBR {BR} at (31,582) size 1x0
            RenderText {#text} at (0,585) size 32x13
              text run at (0,585) width 32: "MMMM"
            RenderBR {BR} at (31,595) size 1x0
            RenderText {#text} at (0,598) size 32x13
              text run at (0,598) width 32: "NNNN"
            RenderBR {BR} at (31,608) size 1x0
            RenderText {#text} at (0,611) size 32x13
              text run at (0,611) width 32: "OOOO"
            RenderBR {BR} at (31,621) size 1x0
            RenderText {#text} at (0,624) size 32x13
              text run at (0,624) width 32: "PPPP"
            RenderBR {BR} at (31,634) size 1x0
            RenderText {#text} at (0,637) size 32x13
              text run at (0,637) width 32: "QQQQ"
            RenderBR {BR} at (31,647) size 1x0
            RenderText {#text} at (0,650) size 32x13
              text run at (0,650) width 32: "RRRR"
            RenderBR {BR} at (31,660) size 1x0
            RenderText {#text} at (0,663) size 32x13
              text run at (0,663) width 32: "SSSS"
            RenderBR {BR} at (31,673) size 1x0
            RenderText {#text} at (0,676) size 32x13
              text run at (0,676) width 32: "TTTT"
            RenderBR {BR} at (31,686) size 1x0
            RenderText {#text} at (0,689) size 32x13
              text run at (0,689) width 32: "UUUU"
            RenderBR {BR} at (31,699) size 1x0
            RenderText {#text} at (0,702) size 32x13
              text run at (0,702) width 32: "VVVV"
            RenderBR {BR} at (31,712) size 1x0
            RenderText {#text} at (0,715) size 32x13
              text run at (0,715) width 32: "WWWW"
            RenderBR {BR} at (31,725) size 1x0
            RenderText {#text} at (0,728) size 32x13
              text run at (0,728) width 32: "XXXX"
            RenderBR {BR} at (31,738) size 1x0
            RenderText {#text} at (0,741) size 32x13
              text run at (0,741) width 32: "YYYY"
            RenderBR {BR} at (31,751) size 1x0
            RenderText {#text} at (0,754) size 32x13
              text run at (0,754) width 32: "ZZZZ"
            RenderBR {BR} at (31,764) size 1x0
            RenderText {#text} at (0,767) size 32x13
              text run at (0,767) width 32: "[[[["
            RenderBR {BR} at (31,777) size 1x0
            RenderText {#text} at (0,780) size 32x13
              text run at (0,780) width 32: "\\\\\\\\"
            RenderBR {BR} at (31,790) size 1x0
            RenderText {#text} at (0,793) size 32x13
              text run at (0,793) width 32: "]]]]"
            RenderBR {BR} at (31,803) size 1x0
            RenderText {#text} at (0,806) size 32x13
              text run at (0,806) width 32: "^^^^"
            RenderBR {BR} at (31,816) size 1x0
            RenderText {#text} at (0,819) size 32x13
              text run at (0,819) width 32: "____"
            RenderBR {BR} at (31,829) size 1x0
            RenderText {#text} at (0,832) size 32x13
              text run at (0,832) width 32: "````"
            RenderBR {BR} at (31,842) size 1x0
            RenderText {#text} at (0,845) size 32x13
              text run at (0,845) width 32: "aaaa"
            RenderBR {BR} at (31,855) size 1x0
            RenderText {#text} at (0,858) size 32x13
              text run at (0,858) width 32: "bbbb"
            RenderBR {BR} at (31,868) size 1x0
            RenderText {#text} at (0,871) size 32x13
              text run at (0,871) width 32: "cccc"
            RenderBR {BR} at (31,881) size 1x0
            RenderText {#text} at (0,884) size 32x13
              text run at (0,884) width 32: "dddd"
            RenderBR {BR} at (31,894) size 1x0
            RenderText {#text} at (0,897) size 32x13
              text run at (0,897) width 32: "eeee"
            RenderBR {BR} at (31,907) size 1x0
            RenderText {#text} at (0,910) size 32x13
              text run at (0,910) width 32: "ffff"
            RenderBR {BR} at (31,920) size 1x0
            RenderText {#text} at (0,923) size 32x13
              text run at (0,923) width 32: "gggg"
            RenderBR {BR} at (31,933) size 1x0
            RenderText {#text} at (0,936) size 32x13
              text run at (0,936) width 32: "hhhh"
            RenderBR {BR} at (31,946) size 1x0
            RenderText {#text} at (0,949) size 32x13
              text run at (0,949) width 32: "iiii"
            RenderBR {BR} at (31,959) size 1x0
            RenderText {#text} at (0,962) size 32x13
              text run at (0,962) width 32: "jjjj"
            RenderBR {BR} at (31,972) size 1x0
            RenderText {#text} at (0,975) size 32x13
              text run at (0,975) width 32: "kkkk"
            RenderBR {BR} at (31,985) size 1x0
            RenderText {#text} at (0,988) size 32x13
              text run at (0,988) width 32: "llll"
            RenderBR {BR} at (31,998) size 1x0
            RenderText {#text} at (0,1001) size 32x13
              text run at (0,1001) width 32: "mmmm"
            RenderBR {BR} at (31,1011) size 1x0
            RenderText {#text} at (0,1014) size 32x13
              text run at (0,1014) width 32: "nnnn"
            RenderBR {BR} at (31,1024) size 1x0
            RenderText {#text} at (0,1027) size 32x13
              text run at (0,1027) width 32: "oooo"
            RenderBR {BR} at (31,1037) size 1x0
            RenderText {#text} at (0,1040) size 32x13
              text run at (0,1040) width 32: "pppp"
            RenderBR {BR} at (31,1050) size 1x0
            RenderText {#text} at (0,1053) size 32x13
              text run at (0,1053) width 32: "qqqq"
            RenderBR {BR} at (31,1063) size 1x0
            RenderText {#text} at (0,1066) size 32x13
              text run at (0,1066) width 32: "rrrr"
            RenderBR {BR} at (31,1076) size 1x0
            RenderText {#text} at (0,1079) size 32x13
              text run at (0,1079) width 32: "ssss"
            RenderBR {BR} at (31,1089) size 1x0
            RenderText {#text} at (0,1092) size 32x13
              text run at (0,1092) width 32: "tttt"
            RenderBR {BR} at (31,1102) size 1x0
            RenderText {#text} at (0,1105) size 32x13
              text run at (0,1105) width 32: "uuuu"
            RenderBR {BR} at (31,1115) size 1x0
            RenderText {#text} at (0,1118) size 32x13
              text run at (0,1118) width 32: "vvvv"
            RenderBR {BR} at (31,1128) size 1x0
            RenderText {#text} at (0,1131) size 32x13
              text run at (0,1131) width 32: "wwww"
            RenderBR {BR} at (31,1141) size 1x0
            RenderText {#text} at (0,1144) size 32x13
              text run at (0,1144) width 32: "xxxx"
            RenderBR {BR} at (31,1154) size 1x0
            RenderText {#text} at (0,1157) size 32x13
              text run at (0,1157) width 32: "yyyy"
            RenderBR {BR} at (31,1167) size 1x0
            RenderText {#text} at (0,1170) size 32x13
              text run at (0,1170) width 32: "zzzz"
            RenderBR {BR} at (31,1180) size 1x0
            RenderText {#text} at (0,1183) size 32x13
              text run at (0,1183) width 32: "{{{{"
            RenderBR {BR} at (31,1193) size 1x0
            RenderText {#text} at (0,1196) size 32x13
              text run at (0,1196) width 32: "||||"
            RenderBR {BR} at (31,1206) size 1x0
            RenderText {#text} at (0,1209) size 32x13
              text run at (0,1209) width 32: "}}}}"
            RenderBR {BR} at (31,1219) size 1x0
          RenderText {#text} at (0,0) size 0x0
        RenderText {#text} at (0,0) size 0x0
