layer at (0,0) size 785x5028
  RenderView at (0,0) size 785x600
layer at (0,0) size 785x5028
  RenderBlock {HTML} at (0,0) size 785x5028
    RenderBody {BODY} at (8,8) size 769x5004
      RenderBlock (anonymous) at (0,0) size 769x16
        RenderText {#text} at (0,0) size 349x16
          text run at (0,0) width 349: "This tests font choices and metrics for sans-serif fonts."
      RenderBlock {P} at (0,32) size 769x112
        RenderInline {FONT} at (0,0) size 767x112
          RenderText {#text} at (0,0) size 66x16
            text run at (0,0) width 66: "Helvetica"
          RenderBR {BR} at (65,12) size 1x0
          RenderText {#text} at (0,16) size 767x32
            text run at (0,16) width 767: "  ! \" # $ % & ' ( ) * + , - . / 0 1 2 3 4 5 6 7 8 9 : ; < = > ? @ A B C D E F G H I J K L M N O P Q R S T U V W X"
            text run at (0,32) width 453: "Y Z [ \\ ] ^ _ ` a b c d e f g h i j k l m n o p q r s t u v w x y z { | } > "
          RenderBR {BR} at (452,44) size 1x0
          RenderInline {B} at (0,0) size 763x32
            RenderText {#text} at (0,48) size 763x32
              text run at (0,48) width 763: "  ! \" # $ % & ' ( ) * + , - . / 0 1 2 3 4 5 6 7 8 9 : ; < = > ? @ A B C D E F G H I J K L M N O P Q R S T U V W"
              text run at (0,64) width 494: "X Y Z [ \\ ] ^ _ ` a b c d e f g h i j k l m n o p q r s t u v w x y z { | } > "
          RenderText {#text} at (0,0) size 0x0
          RenderBR {BR} at (0,0) size 0x0
          RenderInline {I} at (0,0) size 767x32
            RenderText {#text} at (0,80) size 767x32
              text run at (0,80) width 767: "  ! \" # $ % & ' ( ) * + , - . / 0 1 2 3 4 5 6 7 8 9 : ; < = > ? @ A B C D E F G H I J K L M N O P Q R S T U V W X"
              text run at (0,96) width 448: "Y Z [ \\ ] ^ _ ` a b c d e f g h i j k l m n o p q r s t u v w x y z { | } >"
          RenderText {#text} at (0,0) size 0x0
        RenderText {#text} at (0,0) size 0x0
      RenderBlock {P} at (0,160) size 769x126
        RenderInline {FONT} at (0,0) size 760x126
          RenderText {#text} at (0,0) size 112x18
            text run at (0,0) width 112: "Lucida Grande"
          RenderBR {BR} at (111,15) size 1x0
          RenderText {#text} at (0,18) size 755x36
            text run at (0,18) width 755: "  ! \" # $ % & ' ( ) * + , - . / 0 1 2 3 4 5 6 7 8 9 : ; < = > ? @ A B C D E F G H I J K L M N O P Q R S T"
            text run at (0,36) width 583: "U V W X Y Z [ \\ ] ^ _ ` a b c d e f g h i j k l m n o p q r s t u v w x y z { | } > "
          RenderBR {BR} at (582,51) size 1x0
          RenderInline {B} at (0,0) size 760x36
            RenderText {#text} at (0,54) size 760x36
              text run at (0,54) width 760: "  ! \" # $ % & ' ( ) * + , - . / 0 1 2 3 4 5 6 7 8 9 : ; < = > ? @ A B C D E F G H I J K L M N O P Q R"
              text run at (0,72) width 647: "S T U V W X Y Z [ \\ ] ^ _ ` a b c d e f g h i j k l m n o p q r s t u v w x y z { | } > "
          RenderText {#text} at (0,0) size 0x0
          RenderBR {BR} at (0,0) size 0x0
          RenderInline {I} at (0,0) size 755x36
            RenderText {#text} at (0,90) size 755x36
              text run at (0,90) width 755: "  ! \" # $ % & ' ( ) * + , - . / 0 1 2 3 4 5 6 7 8 9 : ; < = > ? @ A B C D E F G H I J K L M N O P Q R S T"
              text run at (0,108) width 578: "U V W X Y Z [ \\ ] ^ _ ` a b c d e f g h i j k l m n o p q r s t u v w x y z { | } >"
          RenderText {#text} at (0,0) size 0x0
        RenderText {#text} at (0,0) size 0x0
      RenderBlock {P} at (0,302) size 769x126
        RenderInline {FONT} at (0,0) size 767x125
          RenderText {#text} at (0,0) size 33x17
            text run at (0,0) width 33: "Arial"
          RenderBR {BR} at (32,14) size 1x0
          RenderText {#text} at (0,18) size 767x35
            text run at (0,18) width 767: "  ! \" # $ % & ' ( ) * + , - . / 0 1 2 3 4 5 6 7 8 9 : ; < = > ? @ A B C D E F G H I J K L M N O P Q R S T U V W X"
            text run at (0,36) width 453: "Y Z [ \\ ] ^ _ ` a b c d e f g h i j k l m n o p q r s t u v w x y z { | } > "
          RenderBR {BR} at (452,50) size 1x0
          RenderInline {B} at (0,0) size 763x35
            RenderText {#text} at (0,54) size 763x35
              text run at (0,54) width 763: "  ! \" # $ % & ' ( ) * + , - . / 0 1 2 3 4 5 6 7 8 9 : ; < = > ? @ A B C D E F G H I J K L M N O P Q R S T U V W"
              text run at (0,72) width 494: "X Y Z [ \\ ] ^ _ ` a b c d e f g h i j k l m n o p q r s t u v w x y z { | } > "
          RenderText {#text} at (0,0) size 0x0
          RenderBR {BR} at (0,0) size 0x0
          RenderInline {I} at (0,0) size 767x35
            RenderText {#text} at (0,90) size 767x35
              text run at (0,90) width 767: "  ! \" # $ % & ' ( ) * + , - . / 0 1 2 3 4 5 6 7 8 9 : ; < = > ? @ A B C D E F G H I J K L M N O P Q R S T U V W X"
              text run at (0,108) width 448: "Y Z [ \\ ] ^ _ ` a b c d e f g h i j k l m n o p q r s t u v w x y z { | } >"
          RenderText {#text} at (0,0) size 0x0
          RenderInline {FONT} at (0,0) size 0x0
            RenderText {#text} at (0,0) size 0x0
      RenderBlock {P} at (0,444) size 769x1520
        RenderInline {FONT} at (0,0) size 70x1521
          RenderInline {FONT} at (0,0) size 70x1521
            RenderText {#text} at (0,0) size 0x0
            RenderInline {FONT} at (0,0) size 70x1520
              RenderText {#text} at (0,0) size 70x16
                text run at (0,0) width 70: "sans-serif"
              RenderBR {BR} at (69,12) size 1x0
              RenderText {#text} at (0,16) size 18x16
                text run at (0,16) width 18: "    "
              RenderBR {BR} at (17,28) size 1x0
              RenderText {#text} at (0,32) size 18x16
                text run at (0,32) width 18: "!!!!"
              RenderBR {BR} at (17,44) size 1x0
              RenderText {#text} at (0,48) size 23x16
                text run at (0,48) width 23: "\"\"\"\""
              RenderBR {BR} at (22,60) size 1x0
              RenderText {#text} at (0,64) size 36x16
                text run at (0,64) width 36: "####"
              RenderBR {BR} at (35,76) size 1x0
              RenderText {#text} at (0,80) size 36x16
                text run at (0,80) width 36: "$$$$"
              RenderBR {BR} at (35,92) size 1x0
              RenderText {#text} at (0,96) size 57x16
                text run at (0,96) width 57: "%%%%"
              RenderBR {BR} at (56,108) size 1x0
              RenderText {#text} at (0,112) size 43x16
                text run at (0,112) width 43: "&&&&"
              RenderBR {BR} at (42,124) size 1x0
              RenderText {#text} at (0,128) size 13x16
                text run at (0,128) width 13: "''''"
              RenderBR {BR} at (12,140) size 1x0
              RenderText {#text} at (0,144) size 22x16
                text run at (0,144) width 22: "(((("
              RenderBR {BR} at (21,156) size 1x0
              RenderText {#text} at (0,160) size 22x16
                text run at (0,160) width 22: "))))"
              RenderBR {BR} at (21,172) size 1x0
              RenderText {#text} at (0,176) size 25x16
                text run at (0,176) width 25: "****"
              RenderBR {BR} at (24,188) size 1x0
              RenderText {#text} at (0,192) size 38x16
                text run at (0,192) width 38: "++++"
              RenderBR {BR} at (37,204) size 1x0
              RenderText {#text} at (0,208) size 18x16
                text run at (0,208) width 18: ",,,,"
              RenderBR {BR} at (17,220) size 1x0
              RenderText {#text} at (0,224) size 22x16
                text run at (0,224) width 22: "----"
              RenderBR {BR} at (21,236) size 1x0
              RenderText {#text} at (0,240) size 18x16
                text run at (0,240) width 18: "...."
              RenderBR {BR} at (17,252) size 1x0
              RenderText {#text} at (0,256) size 18x16
                text run at (0,256) width 18: "////"
              RenderBR {BR} at (17,268) size 1x0
              RenderText {#text} at (0,272) size 36x16
                text run at (0,272) width 36: "0000"
              RenderBR {BR} at (35,284) size 1x0
              RenderText {#text} at (0,288) size 36x16
                text run at (0,288) width 36: "1111"
              RenderBR {BR} at (35,300) size 1x0
              RenderText {#text} at (0,304) size 36x16
                text run at (0,304) width 36: "2222"
              RenderBR {BR} at (35,316) size 1x0
              RenderText {#text} at (0,320) size 36x16
                text run at (0,320) width 36: "3333"
              RenderBR {BR} at (35,332) size 1x0
              RenderText {#text} at (0,336) size 36x16
                text run at (0,336) width 36: "4444"
              RenderBR {BR} at (35,348) size 1x0
              RenderText {#text} at (0,352) size 36x16
                text run at (0,352) width 36: "5555"
              RenderBR {BR} at (35,364) size 1x0
              RenderText {#text} at (0,368) size 36x16
                text run at (0,368) width 36: "6666"
              RenderBR {BR} at (35,380) size 1x0
              RenderText {#text} at (0,384) size 36x16
                text run at (0,384) width 36: "7777"
              RenderBR {BR} at (35,396) size 1x0
              RenderText {#text} at (0,400) size 36x16
                text run at (0,400) width 36: "8888"
              RenderBR {BR} at (35,412) size 1x0
              RenderText {#text} at (0,416) size 36x16
                text run at (0,416) width 36: "9999"
              RenderBR {BR} at (35,428) size 1x0
              RenderText {#text} at (0,432) size 18x16
                text run at (0,432) width 18: "::::"
              RenderBR {BR} at (17,444) size 1x0
              RenderText {#text} at (0,448) size 18x16
                text run at (0,448) width 18: ";;;;"
              RenderBR {BR} at (17,460) size 1x0
              RenderText {#text} at (0,464) size 38x16
                text run at (0,464) width 38: "<<<<"
              RenderBR {BR} at (37,476) size 1x0
              RenderText {#text} at (0,480) size 38x16
                text run at (0,480) width 38: "===="
              RenderBR {BR} at (37,492) size 1x0
              RenderText {#text} at (0,496) size 38x16
                text run at (0,496) width 38: ">>>>"
              RenderBR {BR} at (37,508) size 1x0
              RenderText {#text} at (0,512) size 36x16
                text run at (0,512) width 36: "????"
              RenderBR {BR} at (35,524) size 1x0
              RenderText {#text} at (0,528) size 65x16
                text run at (0,528) width 65: "@@@@"
              RenderBR {BR} at (64,540) size 1x0
              RenderText {#text} at (0,544) size 43x16
                text run at (0,544) width 43: "AAAA"
              RenderBR {BR} at (42,556) size 1x0
              RenderText {#text} at (0,560) size 43x16
                text run at (0,560) width 43: "BBBB"
              RenderBR {BR} at (42,572) size 1x0
              RenderText {#text} at (0,576) size 47x16
                text run at (0,576) width 47: "CCCC"
              RenderBR {BR} at (46,588) size 1x0
              RenderText {#text} at (0,592) size 47x16
                text run at (0,592) width 47: "DDDD"
              RenderBR {BR} at (46,604) size 1x0
              RenderText {#text} at (0,608) size 43x16
                text run at (0,608) width 43: "EEEE"
              RenderBR {BR} at (42,620) size 1x0
              RenderText {#text} at (0,624) size 40x16
                text run at (0,624) width 40: "FFFF"
              RenderBR {BR} at (39,636) size 1x0
              RenderText {#text} at (0,640) size 50x16
                text run at (0,640) width 50: "GGGG"
              RenderBR {BR} at (49,652) size 1x0
              RenderText {#text} at (0,656) size 47x16
                text run at (0,656) width 47: "HHHH"
              RenderBR {BR} at (46,668) size 1x0
              RenderText {#text} at (0,672) size 18x16
                text run at (0,672) width 18: "IIII"
              RenderBR {BR} at (17,684) size 1x0
              RenderText {#text} at (0,688) size 32x16
                text run at (0,688) width 32: "JJJJ"
              RenderBR {BR} at (32,700) size 0x0
              RenderText {#text} at (0,704) size 43x16
                text run at (0,704) width 43: "KKKK"
              RenderBR {BR} at (42,716) size 1x0
              RenderText {#text} at (0,720) size 36x16
                text run at (0,720) width 36: "LLLL"
              RenderBR {BR} at (35,732) size 1x0
              RenderText {#text} at (0,736) size 54x16
                text run at (0,736) width 54: "MMMM"
              RenderBR {BR} at (53,748) size 1x0
              RenderText {#text} at (0,752) size 47x16
                text run at (0,752) width 47: "NNNN"
              RenderBR {BR} at (46,764) size 1x0
              RenderText {#text} at (0,768) size 50x16
                text run at (0,768) width 50: "OOOO"
              RenderBR {BR} at (49,780) size 1x0
              RenderText {#text} at (0,784) size 43x16
                text run at (0,784) width 43: "PPPP"
              RenderBR {BR} at (42,796) size 1x0
              RenderText {#text} at (0,800) size 50x16
                text run at (0,800) width 50: "QQQQ"
              RenderBR {BR} at (49,812) size 1x0
              RenderText {#text} at (0,816) size 47x16
                text run at (0,816) width 47: "RRRR"
              RenderBR {BR} at (46,828) size 1x0
              RenderText {#text} at (0,832) size 43x16
                text run at (0,832) width 43: "SSSS"
              RenderBR {BR} at (42,844) size 1x0
              RenderText {#text} at (0,848) size 40x16
                text run at (0,848) width 40: "TTTT"
              RenderBR {BR} at (39,860) size 1x0
              RenderText {#text} at (0,864) size 47x16
                text run at (0,864) width 47: "UUUU"
              RenderBR {BR} at (46,876) size 1x0
              RenderText {#text} at (0,880) size 43x16
                text run at (0,880) width 43: "VVVV"
              RenderBR {BR} at (42,892) size 1x0
              RenderText {#text} at (0,896) size 61x16
                text run at (0,896) width 61: "WWWW"
              RenderBR {BR} at (60,908) size 1x0
              RenderText {#text} at (0,912) size 43x16
                text run at (0,912) width 43: "XXXX"
              RenderBR {BR} at (42,924) size 1x0
              RenderText {#text} at (0,928) size 43x16
                text run at (0,928) width 43: "YYYY"
              RenderBR {BR} at (42,940) size 1x0
              RenderText {#text} at (0,944) size 40x16
                text run at (0,944) width 40: "ZZZZ"
              RenderBR {BR} at (39,956) size 1x0
              RenderText {#text} at (0,960) size 18x16
                text run at (0,960) width 18: "[[[["
              RenderBR {BR} at (17,972) size 1x0
              RenderText {#text} at (0,976) size 18x16
                text run at (0,976) width 18: "\\\\\\\\"
              RenderBR {BR} at (17,988) size 1x0
              RenderText {#text} at (0,992) size 18x16
                text run at (0,992) width 18: "]]]]"
              RenderBR {BR} at (17,1004) size 1x0
              RenderText {#text} at (0,1008) size 31x16
                text run at (0,1008) width 31: "^^^^"
              RenderBR {BR} at (30,1020) size 1x0
              RenderText {#text} at (0,1024) size 36x16
                text run at (0,1024) width 36: "____"
              RenderBR {BR} at (35,1036) size 1x0
              RenderText {#text} at (0,1040) size 22x16
                text run at (0,1040) width 22: "````"
              RenderBR {BR} at (21,1052) size 1x0
              RenderText {#text} at (0,1056) size 36x16
                text run at (0,1056) width 36: "aaaa"
              RenderBR {BR} at (35,1068) size 1x0
              RenderText {#text} at (0,1072) size 36x16
                text run at (0,1072) width 36: "bbbb"
              RenderBR {BR} at (35,1084) size 1x0
              RenderText {#text} at (0,1088) size 32x16
                text run at (0,1088) width 32: "cccc"
              RenderBR {BR} at (32,1100) size 0x0
              RenderText {#text} at (0,1104) size 36x16
                text run at (0,1104) width 36: "dddd"
              RenderBR {BR} at (35,1116) size 1x0
              RenderText {#text} at (0,1120) size 36x16
                text run at (0,1120) width 36: "eeee"
              RenderBR {BR} at (35,1132) size 1x0
              RenderText {#text} at (0,1136) size 18x16
                text run at (0,1136) width 18: "ffff"
              RenderBR {BR} at (17,1148) size 1x0
              RenderText {#text} at (0,1152) size 36x16
                text run at (0,1152) width 36: "gggg"
              RenderBR {BR} at (35,1164) size 1x0
              RenderText {#text} at (0,1168) size 36x16
                text run at (0,1168) width 36: "hhhh"
              RenderBR {BR} at (35,1180) size 1x0
              RenderText {#text} at (0,1184) size 15x16
                text run at (0,1184) width 15: "iiii"
              RenderBR {BR} at (14,1196) size 1x0
              RenderText {#text} at (0,1200) size 15x16
                text run at (0,1200) width 15: "jjjj"
              RenderBR {BR} at (14,1212) size 1x0
              RenderText {#text} at (0,1216) size 32x16
                text run at (0,1216) width 32: "kkkk"
              RenderBR {BR} at (32,1228) size 0x0
              RenderText {#text} at (0,1232) size 15x16
                text run at (0,1232) width 15: "llll"
              RenderBR {BR} at (14,1244) size 1x0
              RenderText {#text} at (0,1248) size 54x16
                text run at (0,1248) width 54: "mmmm"
              RenderBR {BR} at (53,1260) size 1x0
              RenderText {#text} at (0,1264) size 36x16
                text run at (0,1264) width 36: "nnnn"
              RenderBR {BR} at (35,1276) size 1x0
              RenderText {#text} at (0,1280) size 36x16
                text run at (0,1280) width 36: "oooo"
              RenderBR {BR} at (35,1292) size 1x0
              RenderText {#text} at (0,1296) size 36x16
                text run at (0,1296) width 36: "pppp"
              RenderBR {BR} at (35,1308) size 1x0
              RenderText {#text} at (0,1312) size 36x16
                text run at (0,1312) width 36: "qqqq"
              RenderBR {BR} at (35,1324) size 1x0
              RenderText {#text} at (0,1328) size 22x16
                text run at (0,1328) width 22: "rrrr"
              RenderBR {BR} at (21,1340) size 1x0
              RenderText {#text} at (0,1344) size 32x16
                text run at (0,1344) width 32: "ssss"
              RenderBR {BR} at (32,1356) size 0x0
              RenderText {#text} at (0,1360) size 18x16
                text run at (0,1360) width 18: "tttt"
              RenderBR {BR} at (17,1372) size 1x0
              RenderText {#text} at (0,1376) size 36x16
                text run at (0,1376) width 36: "uuuu"
              RenderBR {BR} at (35,1388) size 1x0
              RenderText {#text} at (0,1392) size 32x16
                text run at (0,1392) width 32: "vvvv"
              RenderBR {BR} at (32,1404) size 0x0
              RenderText {#text} at (0,1408) size 47x16
                text run at (0,1408) width 47: "wwww"
              RenderBR {BR} at (46,1420) size 1x0
              RenderText {#text} at (0,1424) size 32x16
                text run at (0,1424) width 32: "xxxx"
              RenderBR {BR} at (32,1436) size 0x0
              RenderText {#text} at (0,1440) size 32x16
                text run at (0,1440) width 32: "yyyy"
              RenderBR {BR} at (32,1452) size 0x0
              RenderText {#text} at (0,1456) size 32x16
                text run at (0,1456) width 32: "zzzz"
              RenderBR {BR} at (32,1468) size 0x0
              RenderText {#text} at (0,1472) size 22x16
                text run at (0,1472) width 22: "{{{{"
              RenderBR {BR} at (21,1484) size 1x0
              RenderText {#text} at (0,1488) size 17x16
                text run at (0,1488) width 17: "||||"
              RenderBR {BR} at (16,1500) size 1x0
              RenderText {#text} at (0,1504) size 22x16
                text run at (0,1504) width 22: "}}}}"
              RenderBR {BR} at (21,1516) size 1x0
      RenderBlock {P} at (0,1980) size 769x1504
        RenderInline {FONT} at (0,0) size 63x1505
          RenderInline {FONT} at (0,0) size 63x1505
            RenderInline {FONT} at (0,0) size 63x1504
              RenderText {#text} at (0,0) size 0x0
              RenderInline {B} at (0,0) size 63x1504
                RenderText {#text} at (0,0) size 18x16
                  text run at (0,0) width 18: "    "
                RenderBR {BR} at (17,12) size 1x0
                RenderText {#text} at (0,16) size 22x16
                  text run at (0,16) width 22: "!!!!"
                RenderBR {BR} at (21,28) size 1x0
                RenderText {#text} at (0,32) size 31x16
                  text run at (0,32) width 31: "\"\"\"\""
                RenderBR {BR} at (30,44) size 1x0
                RenderText {#text} at (0,48) size 36x16
                  text run at (0,48) width 36: "####"
                RenderBR {BR} at (35,60) size 1x0
                RenderText {#text} at (0,64) size 36x16
                  text run at (0,64) width 36: "$$$$"
                RenderBR {BR} at (35,76) size 1x0
                RenderText {#text} at (0,80) size 57x16
                  text run at (0,80) width 57: "%%%%"
                RenderBR {BR} at (56,92) size 1x0
                RenderText {#text} at (0,96) size 47x16
                  text run at (0,96) width 47: "&&&&"
                RenderBR {BR} at (46,108) size 1x0
                RenderText {#text} at (0,112) size 16x16
                  text run at (0,112) width 16: "''''"
                RenderBR {BR} at (15,124) size 1x0
                RenderText {#text} at (0,128) size 22x16
                  text run at (0,128) width 22: "(((("
                RenderBR {BR} at (21,140) size 1x0
                RenderText {#text} at (0,144) size 22x16
                  text run at (0,144) width 22: "))))"
                RenderBR {BR} at (21,156) size 1x0
                RenderText {#text} at (0,160) size 25x16
                  text run at (0,160) width 25: "****"
                RenderBR {BR} at (24,172) size 1x0
                RenderText {#text} at (0,176) size 38x16
                  text run at (0,176) width 38: "++++"
                RenderBR {BR} at (37,188) size 1x0
                RenderText {#text} at (0,192) size 18x16
                  text run at (0,192) width 18: ",,,,"
                RenderBR {BR} at (17,204) size 1x0
                RenderText {#text} at (0,208) size 22x16
                  text run at (0,208) width 22: "----"
                RenderBR {BR} at (21,220) size 1x0
                RenderText {#text} at (0,224) size 18x16
                  text run at (0,224) width 18: "...."
                RenderBR {BR} at (17,236) size 1x0
                RenderText {#text} at (0,240) size 18x16
                  text run at (0,240) width 18: "////"
                RenderBR {BR} at (17,252) size 1x0
                RenderText {#text} at (0,256) size 36x16
                  text run at (0,256) width 36: "0000"
                RenderBR {BR} at (35,268) size 1x0
                RenderText {#text} at (0,272) size 36x16
                  text run at (0,272) width 36: "1111"
                RenderBR {BR} at (35,284) size 1x0
                RenderText {#text} at (0,288) size 36x16
                  text run at (0,288) width 36: "2222"
                RenderBR {BR} at (35,300) size 1x0
                RenderText {#text} at (0,304) size 36x16
                  text run at (0,304) width 36: "3333"
                RenderBR {BR} at (35,316) size 1x0
                RenderText {#text} at (0,320) size 36x16
                  text run at (0,320) width 36: "4444"
                RenderBR {BR} at (35,332) size 1x0
                RenderText {#text} at (0,336) size 36x16
                  text run at (0,336) width 36: "5555"
                RenderBR {BR} at (35,348) size 1x0
                RenderText {#text} at (0,352) size 36x16
                  text run at (0,352) width 36: "6666"
                RenderBR {BR} at (35,364) size 1x0
                RenderText {#text} at (0,368) size 36x16
                  text run at (0,368) width 36: "7777"
                RenderBR {BR} at (35,380) size 1x0
                RenderText {#text} at (0,384) size 36x16
                  text run at (0,384) width 36: "8888"
                RenderBR {BR} at (35,396) size 1x0
                RenderText {#text} at (0,400) size 36x16
                  text run at (0,400) width 36: "9999"
                RenderBR {BR} at (35,412) size 1x0
                RenderText {#text} at (0,416) size 22x16
                  text run at (0,416) width 22: "::::"
                RenderBR {BR} at (21,428) size 1x0
                RenderText {#text} at (0,432) size 22x16
                  text run at (0,432) width 22: ";;;;"
                RenderBR {BR} at (21,444) size 1x0
                RenderText {#text} at (0,448) size 38x16
                  text run at (0,448) width 38: "<<<<"
                RenderBR {BR} at (37,460) size 1x0
                RenderText {#text} at (0,464) size 38x16
                  text run at (0,464) width 38: "===="
                RenderBR {BR} at (37,476) size 1x0
                RenderText {#text} at (0,480) size 38x16
                  text run at (0,480) width 38: ">>>>"
                RenderBR {BR} at (37,492) size 1x0
                RenderText {#text} at (0,496) size 40x16
                  text run at (0,496) width 40: "????"
                RenderBR {BR} at (39,508) size 1x0
                RenderText {#text} at (0,512) size 63x16
                  text run at (0,512) width 63: "@@@@"
                RenderBR {BR} at (62,524) size 1x0
                RenderText {#text} at (0,528) size 47x16
                  text run at (0,528) width 47: "AAAA"
                RenderBR {BR} at (46,540) size 1x0
                RenderText {#text} at (0,544) size 47x16
                  text run at (0,544) width 47: "BBBB"
                RenderBR {BR} at (46,556) size 1x0
                RenderText {#text} at (0,560) size 47x16
                  text run at (0,560) width 47: "CCCC"
                RenderBR {BR} at (46,572) size 1x0
                RenderText {#text} at (0,576) size 47x16
                  text run at (0,576) width 47: "DDDD"
                RenderBR {BR} at (46,588) size 1x0
                RenderText {#text} at (0,592) size 43x16
                  text run at (0,592) width 43: "EEEE"
                RenderBR {BR} at (42,604) size 1x0
                RenderText {#text} at (0,608) size 40x16
                  text run at (0,608) width 40: "FFFF"
                RenderBR {BR} at (39,620) size 1x0
                RenderText {#text} at (0,624) size 50x16
                  text run at (0,624) width 50: "GGGG"
                RenderBR {BR} at (49,636) size 1x0
                RenderText {#text} at (0,640) size 47x16
                  text run at (0,640) width 47: "HHHH"
                RenderBR {BR} at (46,652) size 1x0
                RenderText {#text} at (0,656) size 18x16
                  text run at (0,656) width 18: "IIII"
                RenderBR {BR} at (17,668) size 1x0
                RenderText {#text} at (0,672) size 36x16
                  text run at (0,672) width 36: "JJJJ"
                RenderBR {BR} at (35,684) size 1x0
                RenderText {#text} at (0,688) size 47x16
                  text run at (0,688) width 47: "KKKK"
                RenderBR {BR} at (46,700) size 1x0
                RenderText {#text} at (0,704) size 40x16
                  text run at (0,704) width 40: "LLLL"
                RenderBR {BR} at (39,716) size 1x0
                RenderText {#text} at (0,720) size 54x16
                  text run at (0,720) width 54: "MMMM"
                RenderBR {BR} at (53,732) size 1x0
                RenderText {#text} at (0,736) size 47x16
                  text run at (0,736) width 47: "NNNN"
                RenderBR {BR} at (46,748) size 1x0
                RenderText {#text} at (0,752) size 50x16
                  text run at (0,752) width 50: "OOOO"
                RenderBR {BR} at (49,764) size 1x0
                RenderText {#text} at (0,768) size 43x16
                  text run at (0,768) width 43: "PPPP"
                RenderBR {BR} at (42,780) size 1x0
                RenderText {#text} at (0,784) size 50x16
                  text run at (0,784) width 50: "QQQQ"
                RenderBR {BR} at (49,796) size 1x0
                RenderText {#text} at (0,800) size 47x16
                  text run at (0,800) width 47: "RRRR"
                RenderBR {BR} at (46,812) size 1x0
                RenderText {#text} at (0,816) size 43x16
                  text run at (0,816) width 43: "SSSS"
                RenderBR {BR} at (42,828) size 1x0
                RenderText {#text} at (0,832) size 40x16
                  text run at (0,832) width 40: "TTTT"
                RenderBR {BR} at (39,844) size 1x0
                RenderText {#text} at (0,848) size 47x16
                  text run at (0,848) width 47: "UUUU"
                RenderBR {BR} at (46,860) size 1x0
                RenderText {#text} at (0,864) size 43x16
                  text run at (0,864) width 43: "VVVV"
                RenderBR {BR} at (42,876) size 1x0
                RenderText {#text} at (0,880) size 61x16
                  text run at (0,880) width 61: "WWWW"
                RenderBR {BR} at (60,892) size 1x0
                RenderText {#text} at (0,896) size 43x16
                  text run at (0,896) width 43: "XXXX"
                RenderBR {BR} at (42,908) size 1x0
                RenderText {#text} at (0,912) size 43x16
                  text run at (0,912) width 43: "YYYY"
                RenderBR {BR} at (42,924) size 1x0
                RenderText {#text} at (0,928) size 40x16
                  text run at (0,928) width 40: "ZZZZ"
                RenderBR {BR} at (39,940) size 1x0
                RenderText {#text} at (0,944) size 22x16
                  text run at (0,944) width 22: "[[[["
                RenderBR {BR} at (21,956) size 1x0
                RenderText {#text} at (0,960) size 18x16
                  text run at (0,960) width 18: "\\\\\\\\"
                RenderBR {BR} at (17,972) size 1x0
                RenderText {#text} at (0,976) size 22x16
                  text run at (0,976) width 22: "]]]]"
                RenderBR {BR} at (21,988) size 1x0
                RenderText {#text} at (0,992) size 38x16
                  text run at (0,992) width 38: "^^^^"
                RenderBR {BR} at (37,1004) size 1x0
                RenderText {#text} at (0,1008) size 36x16
                  text run at (0,1008) width 36: "____"
                RenderBR {BR} at (35,1020) size 1x0
                RenderText {#text} at (0,1024) size 22x16
                  text run at (0,1024) width 22: "````"
                RenderBR {BR} at (21,1036) size 1x0
                RenderText {#text} at (0,1040) size 36x16
                  text run at (0,1040) width 36: "aaaa"
                RenderBR {BR} at (35,1052) size 1x0
                RenderText {#text} at (0,1056) size 40x16
                  text run at (0,1056) width 40: "bbbb"
                RenderBR {BR} at (39,1068) size 1x0
                RenderText {#text} at (0,1072) size 36x16
                  text run at (0,1072) width 36: "cccc"
                RenderBR {BR} at (35,1084) size 1x0
                RenderText {#text} at (0,1088) size 40x16
                  text run at (0,1088) width 40: "dddd"
                RenderBR {BR} at (39,1100) size 1x0
                RenderText {#text} at (0,1104) size 36x16
                  text run at (0,1104) width 36: "eeee"
                RenderBR {BR} at (35,1116) size 1x0
                RenderText {#text} at (0,1120) size 22x16
                  text run at (0,1120) width 22: "ffff"
                RenderBR {BR} at (21,1132) size 1x0
                RenderText {#text} at (0,1136) size 40x16
                  text run at (0,1136) width 40: "gggg"
                RenderBR {BR} at (39,1148) size 1x0
                RenderText {#text} at (0,1152) size 40x16
                  text run at (0,1152) width 40: "hhhh"
                RenderBR {BR} at (39,1164) size 1x0
                RenderText {#text} at (0,1168) size 18x16
                  text run at (0,1168) width 18: "iiii"
                RenderBR {BR} at (17,1180) size 1x0
                RenderText {#text} at (0,1184) size 18x16
                  text run at (0,1184) width 18: "jjjj"
                RenderBR {BR} at (17,1196) size 1x0
                RenderText {#text} at (0,1200) size 36x16
                  text run at (0,1200) width 36: "kkkk"
                RenderBR {BR} at (35,1212) size 1x0
                RenderText {#text} at (0,1216) size 18x16
                  text run at (0,1216) width 18: "llll"
                RenderBR {BR} at (17,1228) size 1x0
                RenderText {#text} at (0,1232) size 57x16
                  text run at (0,1232) width 57: "mmmm"
                RenderBR {BR} at (56,1244) size 1x0
                RenderText {#text} at (0,1248) size 40x16
                  text run at (0,1248) width 40: "nnnn"
                RenderBR {BR} at (39,1260) size 1x0
                RenderText {#text} at (0,1264) size 40x16
                  text run at (0,1264) width 40: "oooo"
                RenderBR {BR} at (39,1276) size 1x0
                RenderText {#text} at (0,1280) size 40x16
                  text run at (0,1280) width 40: "pppp"
                RenderBR {BR} at (39,1292) size 1x0
                RenderText {#text} at (0,1296) size 40x16
                  text run at (0,1296) width 40: "qqqq"
                RenderBR {BR} at (39,1308) size 1x0
                RenderText {#text} at (0,1312) size 25x16
                  text run at (0,1312) width 25: "rrrr"
                RenderBR {BR} at (24,1324) size 1x0
                RenderText {#text} at (0,1328) size 36x16
                  text run at (0,1328) width 36: "ssss"
                RenderBR {BR} at (35,1340) size 1x0
                RenderText {#text} at (0,1344) size 22x16
                  text run at (0,1344) width 22: "tttt"
                RenderBR {BR} at (21,1356) size 1x0
                RenderText {#text} at (0,1360) size 40x16
                  text run at (0,1360) width 40: "uuuu"
                RenderBR {BR} at (39,1372) size 1x0
                RenderText {#text} at (0,1376) size 36x16
                  text run at (0,1376) width 36: "vvvv"
                RenderBR {BR} at (35,1388) size 1x0
                RenderText {#text} at (0,1392) size 50x16
                  text run at (0,1392) width 50: "wwww"
                RenderBR {BR} at (49,1404) size 1x0
                RenderText {#text} at (0,1408) size 36x16
                  text run at (0,1408) width 36: "xxxx"
                RenderBR {BR} at (35,1420) size 1x0
                RenderText {#text} at (0,1424) size 36x16
                  text run at (0,1424) width 36: "yyyy"
                RenderBR {BR} at (35,1436) size 1x0
                RenderText {#text} at (0,1440) size 32x16
                  text run at (0,1440) width 32: "zzzz"
                RenderBR {BR} at (32,1452) size 0x0
                RenderText {#text} at (0,1456) size 25x16
                  text run at (0,1456) width 25: "{{{{"
                RenderBR {BR} at (24,1468) size 1x0
                RenderText {#text} at (0,1472) size 18x16
                  text run at (0,1472) width 18: "||||"
                RenderBR {BR} at (17,1484) size 1x0
                RenderText {#text} at (0,1488) size 25x16
                  text run at (0,1488) width 25: "}}}}"
                RenderBR {BR} at (24,1500) size 1x0
              RenderText {#text} at (0,0) size 0x0
      RenderBlock {P} at (0,3500) size 769x1504
        RenderInline {FONT} at (0,0) size 65x1505
          RenderInline {FONT} at (0,0) size 65x1505
            RenderInline {FONT} at (0,0) size 65x1504
              RenderText {#text} at (0,0) size 0x0
              RenderInline {I} at (0,0) size 65x1504
                RenderText {#text} at (0,0) size 18x16
                  text run at (0,0) width 18: "    "
                RenderBR {BR} at (17,12) size 1x0
                RenderText {#text} at (0,16) size 18x16
                  text run at (0,16) width 18: "!!!!"
                RenderBR {BR} at (17,28) size 1x0
                RenderText {#text} at (0,32) size 23x16
                  text run at (0,32) width 23: "\"\"\"\""
                RenderBR {BR} at (22,44) size 1x0
                RenderText {#text} at (0,48) size 36x16
                  text run at (0,48) width 36: "####"
                RenderBR {BR} at (35,60) size 1x0
                RenderText {#text} at (0,64) size 36x16
                  text run at (0,64) width 36: "$$$$"
                RenderBR {BR} at (35,76) size 1x0
                RenderText {#text} at (0,80) size 57x16
                  text run at (0,80) width 57: "%%%%"
                RenderBR {BR} at (56,92) size 1x0
                RenderText {#text} at (0,96) size 43x16
                  text run at (0,96) width 43: "&&&&"
                RenderBR {BR} at (42,108) size 1x0
                RenderText {#text} at (0,112) size 13x16
                  text run at (0,112) width 13: "''''"
                RenderBR {BR} at (12,124) size 1x0
                RenderText {#text} at (0,128) size 22x16
                  text run at (0,128) width 22: "(((("
                RenderBR {BR} at (21,140) size 1x0
                RenderText {#text} at (0,144) size 22x16
                  text run at (0,144) width 22: "))))"
                RenderBR {BR} at (21,156) size 1x0
                RenderText {#text} at (0,160) size 25x16
                  text run at (0,160) width 25: "****"
                RenderBR {BR} at (24,172) size 1x0
                RenderText {#text} at (0,176) size 38x16
                  text run at (0,176) width 38: "++++"
                RenderBR {BR} at (37,188) size 1x0
                RenderText {#text} at (0,192) size 18x16
                  text run at (0,192) width 18: ",,,,"
                RenderBR {BR} at (17,204) size 1x0
                RenderText {#text} at (0,208) size 22x16
                  text run at (0,208) width 22: "----"
                RenderBR {BR} at (21,220) size 1x0
                RenderText {#text} at (0,224) size 18x16
                  text run at (0,224) width 18: "...."
                RenderBR {BR} at (17,236) size 1x0
                RenderText {#text} at (0,240) size 18x16
                  text run at (0,240) width 18: "////"
                RenderBR {BR} at (17,252) size 1x0
                RenderText {#text} at (0,256) size 36x16
                  text run at (0,256) width 36: "0000"
                RenderBR {BR} at (35,268) size 1x0
                RenderText {#text} at (0,272) size 36x16
                  text run at (0,272) width 36: "1111"
                RenderBR {BR} at (35,284) size 1x0
                RenderText {#text} at (0,288) size 36x16
                  text run at (0,288) width 36: "2222"
                RenderBR {BR} at (35,300) size 1x0
                RenderText {#text} at (0,304) size 36x16
                  text run at (0,304) width 36: "3333"
                RenderBR {BR} at (35,316) size 1x0
                RenderText {#text} at (0,320) size 36x16
                  text run at (0,320) width 36: "4444"
                RenderBR {BR} at (35,332) size 1x0
                RenderText {#text} at (0,336) size 36x16
                  text run at (0,336) width 36: "5555"
                RenderBR {BR} at (35,348) size 1x0
                RenderText {#text} at (0,352) size 36x16
                  text run at (0,352) width 36: "6666"
                RenderBR {BR} at (35,364) size 1x0
                RenderText {#text} at (0,368) size 36x16
                  text run at (0,368) width 36: "7777"
                RenderBR {BR} at (35,380) size 1x0
                RenderText {#text} at (0,384) size 36x16
                  text run at (0,384) width 36: "8888"
                RenderBR {BR} at (35,396) size 1x0
                RenderText {#text} at (0,400) size 36x16
                  text run at (0,400) width 36: "9999"
                RenderBR {BR} at (35,412) size 1x0
                RenderText {#text} at (0,416) size 18x16
                  text run at (0,416) width 18: "::::"
                RenderBR {BR} at (17,428) size 1x0
                RenderText {#text} at (0,432) size 18x16
                  text run at (0,432) width 18: ";;;;"
                RenderBR {BR} at (17,444) size 1x0
                RenderText {#text} at (0,448) size 38x16
                  text run at (0,448) width 38: "<<<<"
                RenderBR {BR} at (37,460) size 1x0
                RenderText {#text} at (0,464) size 38x16
                  text run at (0,464) width 38: "===="
                RenderBR {BR} at (37,476) size 1x0
                RenderText {#text} at (0,480) size 38x16
                  text run at (0,480) width 38: ">>>>"
                RenderBR {BR} at (37,492) size 1x0
                RenderText {#text} at (0,496) size 36x16
                  text run at (0,496) width 36: "????"
                RenderBR {BR} at (35,508) size 1x0
                RenderText {#text} at (0,512) size 65x16
                  text run at (0,512) width 65: "@@@@"
                RenderBR {BR} at (64,524) size 1x0
                RenderText {#text} at (0,528) size 43x16
                  text run at (0,528) width 43: "AAAA"
                RenderBR {BR} at (42,540) size 1x0
                RenderText {#text} at (0,544) size 43x16
                  text run at (0,544) width 43: "BBBB"
                RenderBR {BR} at (42,556) size 1x0
                RenderText {#text} at (0,560) size 47x16
                  text run at (0,560) width 47: "CCCC"
                RenderBR {BR} at (46,572) size 1x0
                RenderText {#text} at (0,576) size 47x16
                  text run at (0,576) width 47: "DDDD"
                RenderBR {BR} at (46,588) size 1x0
                RenderText {#text} at (0,592) size 43x16
                  text run at (0,592) width 43: "EEEE"
                RenderBR {BR} at (42,604) size 1x0
                RenderText {#text} at (0,608) size 40x16
                  text run at (0,608) width 40: "FFFF"
                RenderBR {BR} at (39,620) size 1x0
                RenderText {#text} at (0,624) size 50x16
                  text run at (0,624) width 50: "GGGG"
                RenderBR {BR} at (49,636) size 1x0
                RenderText {#text} at (0,640) size 47x16
                  text run at (0,640) width 47: "HHHH"
                RenderBR {BR} at (46,652) size 1x0
                RenderText {#text} at (0,656) size 18x16
                  text run at (0,656) width 18: "IIII"
                RenderBR {BR} at (17,668) size 1x0
                RenderText {#text} at (0,672) size 32x16
                  text run at (0,672) width 32: "JJJJ"
                RenderBR {BR} at (32,684) size 0x0
                RenderText {#text} at (0,688) size 43x16
                  text run at (0,688) width 43: "KKKK"
                RenderBR {BR} at (42,700) size 1x0
                RenderText {#text} at (0,704) size 36x16
                  text run at (0,704) width 36: "LLLL"
                RenderBR {BR} at (35,716) size 1x0
                RenderText {#text} at (0,720) size 54x16
                  text run at (0,720) width 54: "MMMM"
                RenderBR {BR} at (53,732) size 1x0
                RenderText {#text} at (0,736) size 47x16
                  text run at (0,736) width 47: "NNNN"
                RenderBR {BR} at (46,748) size 1x0
                RenderText {#text} at (0,752) size 50x16
                  text run at (0,752) width 50: "OOOO"
                RenderBR {BR} at (49,764) size 1x0
                RenderText {#text} at (0,768) size 43x16
                  text run at (0,768) width 43: "PPPP"
                RenderBR {BR} at (42,780) size 1x0
                RenderText {#text} at (0,784) size 50x16
                  text run at (0,784) width 50: "QQQQ"
                RenderBR {BR} at (49,796) size 1x0
                RenderText {#text} at (0,800) size 47x16
                  text run at (0,800) width 47: "RRRR"
                RenderBR {BR} at (46,812) size 1x0
                RenderText {#text} at (0,816) size 43x16
                  text run at (0,816) width 43: "SSSS"
                RenderBR {BR} at (42,828) size 1x0
                RenderText {#text} at (0,832) size 40x16
                  text run at (0,832) width 40: "TTTT"
                RenderBR {BR} at (39,844) size 1x0
                RenderText {#text} at (0,848) size 47x16
                  text run at (0,848) width 47: "UUUU"
                RenderBR {BR} at (46,860) size 1x0
                RenderText {#text} at (0,864) size 43x16
                  text run at (0,864) width 43: "VVVV"
                RenderBR {BR} at (42,876) size 1x0
                RenderText {#text} at (0,880) size 61x16
                  text run at (0,880) width 61: "WWWW"
                RenderBR {BR} at (60,892) size 1x0
                RenderText {#text} at (0,896) size 43x16
                  text run at (0,896) width 43: "XXXX"
                RenderBR {BR} at (42,908) size 1x0
                RenderText {#text} at (0,912) size 43x16
                  text run at (0,912) width 43: "YYYY"
                RenderBR {BR} at (42,924) size 1x0
                RenderText {#text} at (0,928) size 40x16
                  text run at (0,928) width 40: "ZZZZ"
                RenderBR {BR} at (39,940) size 1x0
                RenderText {#text} at (0,944) size 18x16
                  text run at (0,944) width 18: "[[[["
                RenderBR {BR} at (17,956) size 1x0
                RenderText {#text} at (0,960) size 18x16
                  text run at (0,960) width 18: "\\\\\\\\"
                RenderBR {BR} at (17,972) size 1x0
                RenderText {#text} at (0,976) size 18x16
                  text run at (0,976) width 18: "]]]]"
                RenderBR {BR} at (17,988) size 1x0
                RenderText {#text} at (0,992) size 31x16
                  text run at (0,992) width 31: "^^^^"
                RenderBR {BR} at (30,1004) size 1x0
                RenderText {#text} at (0,1008) size 36x16
                  text run at (0,1008) width 36: "____"
                RenderBR {BR} at (35,1020) size 1x0
                RenderText {#text} at (0,1024) size 22x16
                  text run at (0,1024) width 22: "````"
                RenderBR {BR} at (21,1036) size 1x0
                RenderText {#text} at (0,1040) size 36x16
                  text run at (0,1040) width 36: "aaaa"
                RenderBR {BR} at (35,1052) size 1x0
                RenderText {#text} at (0,1056) size 36x16
                  text run at (0,1056) width 36: "bbbb"
                RenderBR {BR} at (35,1068) size 1x0
                RenderText {#text} at (0,1072) size 32x16
                  text run at (0,1072) width 32: "cccc"
                RenderBR {BR} at (32,1084) size 0x0
                RenderText {#text} at (0,1088) size 36x16
                  text run at (0,1088) width 36: "dddd"
                RenderBR {BR} at (35,1100) size 1x0
                RenderText {#text} at (0,1104) size 36x16
                  text run at (0,1104) width 36: "eeee"
                RenderBR {BR} at (35,1116) size 1x0
                RenderText {#text} at (0,1120) size 18x16
                  text run at (0,1120) width 18: "ffff"
                RenderBR {BR} at (17,1132) size 1x0
                RenderText {#text} at (0,1136) size 36x16
                  text run at (0,1136) width 36: "gggg"
                RenderBR {BR} at (35,1148) size 1x0
                RenderText {#text} at (0,1152) size 36x16
                  text run at (0,1152) width 36: "hhhh"
                RenderBR {BR} at (35,1164) size 1x0
                RenderText {#text} at (0,1168) size 15x16
                  text run at (0,1168) width 15: "iiii"
                RenderBR {BR} at (14,1180) size 1x0
                RenderText {#text} at (0,1184) size 15x16
                  text run at (0,1184) width 15: "jjjj"
                RenderBR {BR} at (14,1196) size 1x0
                RenderText {#text} at (0,1200) size 32x16
                  text run at (0,1200) width 32: "kkkk"
                RenderBR {BR} at (32,1212) size 0x0
                RenderText {#text} at (0,1216) size 15x16
                  text run at (0,1216) width 15: "llll"
                RenderBR {BR} at (14,1228) size 1x0
                RenderText {#text} at (0,1232) size 54x16
                  text run at (0,1232) width 54: "mmmm"
                RenderBR {BR} at (53,1244) size 1x0
                RenderText {#text} at (0,1248) size 36x16
                  text run at (0,1248) width 36: "nnnn"
                RenderBR {BR} at (35,1260) size 1x0
                RenderText {#text} at (0,1264) size 36x16
                  text run at (0,1264) width 36: "oooo"
                RenderBR {BR} at (35,1276) size 1x0
                RenderText {#text} at (0,1280) size 36x16
                  text run at (0,1280) width 36: "pppp"
                RenderBR {BR} at (35,1292) size 1x0
                RenderText {#text} at (0,1296) size 36x16
                  text run at (0,1296) width 36: "qqqq"
                RenderBR {BR} at (35,1308) size 1x0
                RenderText {#text} at (0,1312) size 22x16
                  text run at (0,1312) width 22: "rrrr"
                RenderBR {BR} at (21,1324) size 1x0
                RenderText {#text} at (0,1328) size 32x16
                  text run at (0,1328) width 32: "ssss"
                RenderBR {BR} at (32,1340) size 0x0
                RenderText {#text} at (0,1344) size 18x16
                  text run at (0,1344) width 18: "tttt"
                RenderBR {BR} at (17,1356) size 1x0
                RenderText {#text} at (0,1360) size 36x16
                  text run at (0,1360) width 36: "uuuu"
                RenderBR {BR} at (35,1372) size 1x0
                RenderText {#text} at (0,1376) size 32x16
                  text run at (0,1376) width 32: "vvvv"
                RenderBR {BR} at (32,1388) size 0x0
                RenderText {#text} at (0,1392) size 47x16
                  text run at (0,1392) width 47: "wwww"
                RenderBR {BR} at (46,1404) size 1x0
                RenderText {#text} at (0,1408) size 32x16
                  text run at (0,1408) width 32: "xxxx"
                RenderBR {BR} at (32,1420) size 0x0
                RenderText {#text} at (0,1424) size 32x16
                  text run at (0,1424) width 32: "yyyy"
                RenderBR {BR} at (32,1436) size 0x0
                RenderText {#text} at (0,1440) size 32x16
                  text run at (0,1440) width 32: "zzzz"
                RenderBR {BR} at (32,1452) size 0x0
                RenderText {#text} at (0,1456) size 22x16
                  text run at (0,1456) width 22: "{{{{"
                RenderBR {BR} at (21,1468) size 1x0
                RenderText {#text} at (0,1472) size 17x16
                  text run at (0,1472) width 17: "||||"
                RenderBR {BR} at (16,1484) size 1x0
                RenderText {#text} at (0,1488) size 22x16
                  text run at (0,1488) width 22: "}}}}"
                RenderBR {BR} at (21,1500) size 1x0
              RenderText {#text} at (0,0) size 0x0
            RenderText {#text} at (0,0) size 0x0
