layer at (0,0) size 800x1646
  RenderView at (0,0) size 800x600
layer at (0,0) size 800x1646
  RenderBlock {HTML} at (0,0) size 800x1646.19
    RenderBody {BODY} at (8,17.41) size 784x1620.78 [color=#00FF00] [bgcolor=#333333]
      RenderBlock {H1} at (0,0) size 784x26
        RenderText {#text} at (0,0) size 515x26
          text run at (0,0) width 515: "CSS2 Table Backgrounds Test Suite"
      RenderBlock {H2} at (0,43.41) size 784x20
        RenderText {#text} at (0,0) size 293x20
          text run at (0,0) width 293: "Part C: Background Layers"
      RenderBlock {H3} at (0,79.58) size 784x15
        RenderText {#text} at (0,0) size 156x15
          text run at (0,0) width 156: "empty-cells: show"
      RenderBlock {P} at (0,109.78) size 784x13
        RenderText {#text} at (0,0) size 328x13
          text run at (0,0) width 328: "Both tables should have a blue background."
      RenderBlock {P} at (0,135.78) size 784x13
        RenderText {#text} at (0,0) size 484x13
          text run at (0,0) width 484: "In table cell C (third cell in the first row), which is empty:"
      RenderBlock {UL} at (0,161.78) size 784x104
        RenderListItem {LI} at (40,0) size 744x26
          RenderListMarker at (-14,0) size 5x13: bullet
          RenderText {#text} at (0,0) size 742x26
            text run at (0,0) width 742: "Four sets of horizontal double violet stripes surrounded by aqua should run just inside the top"
            text run at (0,13) width 94: "border edge."
        RenderListItem {LI} at (40,26) size 744x26
          RenderListMarker at (-14,0) size 5x13: bullet
          RenderText {#text} at (0,0) size 742x26
            text run at (0,0) width 742: "One set of aqua-backed double violet stripes should run just inside the left, right, and bottom"
            text run at (0,13) width 102: "border edges."
        RenderListItem {LI} at (40,52) size 744x26
          RenderListMarker at (-14,0) size 5x13: bullet
          RenderText {#text} at (0,0) size 726x26
            text run at (0,0) width 726: "The third set along the top should turn down at the right edge and go under the fourth set to"
            text run at (0,13) width 188: "form the right-edge set."
        RenderListItem {LI} at (40,78) size 744x13
          RenderListMarker at (-14,0) size 5x13: bullet
          RenderText {#text} at (0,0) size 547x13
            text run at (0,0) width 547: "The fourth set should turn down at the left edge to form the left set."
        RenderListItem {LI} at (40,91) size 744x13
          RenderListMarker at (-14,0) size 5x13: bullet
          RenderText {#text} at (0,0) size 406x13
            text run at (0,0) width 406: "The bottom stripe should be straight and cut across "
          RenderInline {EM} at (0,0) size 32x13
            RenderText {#text} at (405,0) size 32x13
              text run at (405,0) width 32: "over"
          RenderText {#text} at (436,0) size 118x13
            text run at (436,0) width 118: " the side sets."
      RenderBlock {P} at (0,278.78) size 784x13
        RenderText {#text} at (0,0) size 367x13
          text run at (0,0) width 367: "In table cell A, (first cell in the first row):"
      RenderBlock {UL} at (0,304.78) size 784x65
        RenderListItem {LI} at (40,0) size 744x26
          RenderListMarker at (-14,0) size 5x13: bullet
          RenderText {#text} at (0,0) size 695x26
            text run at (0,0) width 695: "Three sets of horizontal aqua-backed double violet stripes should run just inside the top"
            text run at (0,13) width 94: "border edge."
        RenderListItem {LI} at (40,26) size 744x13
          RenderListMarker at (-14,0) size 5x13: bullet
          RenderText {#text} at (0,0) size 250x13
            text run at (0,0) width 250: "The first set should run across."
        RenderListItem {LI} at (40,39) size 744x26
          RenderListMarker at (-14,0) size 5x13: bullet
          RenderText {#text} at (0,0) size 734x26
            text run at (0,0) width 734: "The second set should turn down at the left edge, going over the third set to form another set"
            text run at (0,13) width 336: "that runs just inside the left border edge."
      RenderBlock {P} at (0,382.78) size 784x13
        RenderText {#text} at (0,0) size 359x13
          text run at (0,0) width 359: "In table cell D, (last cell in the first row):"
      RenderBlock {UL} at (0,408.78) size 784x52
        RenderListItem {LI} at (40,0) size 744x26
          RenderListMarker at (-14,0) size 5x13: bullet
          RenderText {#text} at (0,0) size 726x26
            text run at (0,0) width 726: "Two sets of horizontal aqua-backed double violet strips should run just inside the top border"
            text run at (0,13) width 40: "edge."
        RenderListItem {LI} at (40,26) size 744x26
          RenderListMarker at (-14,0) size 5x13: bullet
          RenderText {#text} at (0,0) size 734x26
            text run at (0,0) width 734: "The first set should turn down at the right edge, going under the second horizontal set to run"
            text run at (0,13) width 352: "vertically just inside the right border edge."
      RenderBlock {P} at (0,473.78) size 784x13
        RenderText {#text} at (0,0) size 375x13
          text run at (0,0) width 375: "In table cell G, (third cell in the second row):"
      RenderBlock {UL} at (0,499.78) size 784x78
        RenderListItem {LI} at (40,0) size 744x26
          RenderListMarker at (-14,0) size 5x13: bullet
          RenderText {#text} at (0,0) size 734x26
            text run at (0,0) width 734: "Two sets of horizontal aqua-backed double violet stripes should run just inside the top border"
            text run at (0,13) width 40: "edge."
        RenderListItem {LI} at (40,26) size 744x26
          RenderListMarker at (-14,0) size 5x13: bullet
          RenderText {#text} at (0,0) size 718x26
            text run at (0,0) width 718: "A set of vertical stripes should run down just inside the left border edge, going under both"
            text run at (0,13) width 149: "horizontal stripes."
        RenderListItem {LI} at (40,52) size 744x26
          RenderListMarker at (-14,0) size 5x13: bullet
          RenderText {#text} at (0,0) size 726x26
            text run at (0,0) width 726: "Another set of vertical stripes should run down just inside the right border edge, also going"
            text run at (0,13) width 235: "under both horizontal stripes."
      RenderBlock {DL} at (0,590.78) size 784x78
        RenderBlock {DT} at (0,0) size 784x13
          RenderText {#text} at (0,0) size 32x13
            text run at (0,0) width 32: "next"
        RenderBlock {DD} at (40,13) size 744x13
          RenderInline {A} at (0,0) size 281x13 [color=#FFFF00]
            RenderText {#text} at (0,0) size 281x13
              text run at (0,0) width 281: "Background Layers: empty-cells: show"
          RenderText {#text} at (0,0) size 0x0
        RenderBlock {DT} at (0,26) size 784x13
          RenderText {#text} at (0,0) size 63x13
            text run at (0,0) width 63: "previous"
        RenderBlock {DD} at (40,39) size 744x13
          RenderInline {A} at (0,0) size 367x13 [color=#FFFF00]
            RenderText {#text} at (0,0) size 367x13
              text run at (0,0) width 367: "Background Position: Background on 'table-cell'"
          RenderText {#text} at (0,0) size 0x0
        RenderBlock {DT} at (0,52) size 784x13
          RenderText {#text} at (0,0) size 63x13
            text run at (0,0) width 63: "contents"
        RenderBlock {DD} at (40,65) size 744x13
          RenderInline {A} at (0,0) size 133x13 [color=#FFFF00]
            RenderText {#text} at (0,0) size 133x13
              text run at (0,0) width 133: "Table of Contents"
          RenderText {#text} at (0,0) size 0x0
      RenderTable {TABLE} at (0,681.78) size 618x463 [color=#FFFFFF] [bgcolor=#0000FF] [border: (1px dotted #FFFFFF)]
        RenderBlock {CAPTION} at (0,0) size 618x19
          RenderText {#text} at (163,0) size 292x19
            text run at (163,0) width 292: "With 'border-collapse: separate'"
        RenderTableCol {COLGROUP} at (0,0) size 0x0
          RenderTableCol {COL} at (0,0) size 0x0
          RenderTableCol {COL} at (0,0) size 0x0
          RenderTableCol {COL} at (0,0) size 0x0
        RenderTableCol {COLGROUP} at (0,0) size 0x0
          RenderTableCol {COL} at (0,0) size 0x0
        RenderTableSection {THEAD} at (1,20) size 616x114
          RenderTableRow {TR} at (0,7) size 616x100
            RenderTableCell {TH} at (7,45) size 130x23 [border: (1px dotted #FFFFFF)] [r=0 c=0 rs=1 cs=1]
              RenderText {#text} at (42,2) size 46x19
                text run at (42,2) width 46: "TH A"
            RenderTableCell {TH} at (144,33) size 220x47 [border: (13px dotted #FFFFFF)] [r=0 c=1 rs=1 cs=1]
              RenderText {#text} at (87,14) size 46x19
                text run at (87,14) width 46: "TH B"
            RenderTableCell {TH} at (371,55) size 118x4 [border: (1px dotted #FFFFFF)] [r=0 c=2 rs=1 cs=1]
            RenderTableCell {TH} at (496,45) size 113x23 [border: (1px dotted #FFFFFF)] [r=0 c=3 rs=1 cs=1]
              RenderText {#text} at (34,2) size 45x19
                text run at (34,2) width 45: "TH D"
        RenderTableSection {TFOOT} at (1,340) size 616x122
          RenderTableRow {TR} at (0,0) size 616x115
            RenderTableCell {TD} at (7,46) size 357x23 [border: (1px dotted #FFFFFF)] [r=0 c=0 rs=1 cs=2]
              RenderText {#text} at (2,2) size 47x19
                text run at (2,2) width 47: "TD M"
            RenderTableCell {TD} at (371,46) size 118x23 [border: (1px dotted #FFFFFF)] [r=0 c=2 rs=1 cs=1]
              RenderText {#text} at (2,2) size 46x19
                text run at (2,2) width 46: "TD O"
            RenderTableCell {TD} at (496,46) size 113x23 [border: (1px dotted #FFFFFF)] [r=0 c=3 rs=1 cs=1]
              RenderText {#text} at (2,2) size 44x19
                text run at (2,2) width 44: "TD P"
        RenderTableSection {TBODY} at (1,134) size 616x206
          RenderTableRow {TR} at (0,0) size 616x108
            RenderTableCell {TD} at (7,76) size 130x47 [border: (13px dotted #FFFFFF)] [r=0 c=0 rs=2 cs=1]
              RenderText {#text} at (14,14) size 44x19
                text run at (14,14) width 44: "TD E"
            RenderTableCell {TD} at (144,42) size 220x23 [border: (1px dotted #FFFFFF)] [r=0 c=1 rs=1 cs=1]
              RenderText {#text} at (2,2) size 43x19
                text run at (2,2) width 43: "TD F"
            RenderTableCell {TD} at (371,42) size 118x23 [border: (1px dotted #FFFFFF)] [r=0 c=2 rs=1 cs=1]
              RenderText {#text} at (2,2) size 46x19
                text run at (2,2) width 46: "TD G"
            RenderTableCell {TD} at (496,42) size 113x23 [border: (1px dotted #FFFFFF)] [r=0 c=3 rs=1 cs=1]
              RenderText {#text} at (2,2) size 45x19
                text run at (2,2) width 45: "TD H"
          RenderTableRow {TR} at (0,115) size 616x84
            RenderTableCell {TD} at (144,145) size 220x23 [border: (1px dotted #FFFFFF)] [r=1 c=1 rs=1 cs=1]
              RenderText {#text} at (2,2) size 42x19
                text run at (2,2) width 42: "TD J"
            RenderTableCell {TD} at (371,145) size 118x23 [border: (1px dotted #FFFFFF)] [r=1 c=2 rs=1 cs=1]
              RenderText {#text} at (2,2) size 45x19
                text run at (2,2) width 45: "TD K"
            RenderTableCell {TD} at (496,145) size 113x23 [border: (1px dotted #FFFFFF)] [r=1 c=3 rs=1 cs=1]
              RenderText {#text} at (2,2) size 43x19
                text run at (2,2) width 43: "TD L"
      RenderTable {TABLE} at (0,1144.78) size 578x429 [color=#FFFFFF] [bgcolor=#0000FF] [border: (6px dotted #FFFFFF)]
        RenderBlock {CAPTION} at (0,0) size 578x19
          RenderText {#text} at (144,0) size 290x19
            text run at (144,0) width 290: "With 'border-collapse: collapse'"
        RenderTableCol {COLGROUP} at (0,0) size 0x0
          RenderTableCol {COL} at (0,0) size 0x0
          RenderTableCol {COL} at (0,0) size 0x0
          RenderTableCol {COL} at (0,0) size 0x0
        RenderTableCol {COLGROUP} at (0,0) size 0x0
          RenderTableCol {COL} at (0,0) size 0x0
        RenderTableSection {THEAD} at (0,25) size 577x99
          RenderTableRow {TR} at (0,0) size 577x99
            RenderTableCell {TH} at (0,35) size 135x28 [border: (1px dotted #FFFFFF)] [r=0 c=0 rs=1 cs=1]
              RenderText {#text} at (42,2) size 46x19
                text run at (42,2) width 46: "TH A"
            RenderTableCell {TH} at (135,32) size 207x34 [border: (7px dotted #FFFFFF)] [r=0 c=1 rs=1 cs=1]
              RenderText {#text} at (81,8) size 46x19
                text run at (81,8) width 46: "TH B"
            RenderTableCell {TH} at (342,48) size 123x3 [border: (1px dotted #FFFFFF)] [r=0 c=2 rs=1 cs=1]
            RenderTableCell {TH} at (465,38) size 112x22 [border: (1px dotted #FFFFFF)] [r=0 c=3 rs=1 cs=1]
              RenderText {#text} at (34,2) size 45x19
                text run at (34,2) width 45: "TH D"
        RenderTableSection {TFOOT} at (0,314) size 577x114
          RenderTableRow {TR} at (0,0) size 577x114
            RenderTableCell {TD} at (0,43) size 342x28 [border: (7px dotted #FFFFFF)] [r=0 c=0 rs=1 cs=2]
              RenderText {#text} at (2,8) size 47x19
                text run at (2,8) width 47: "TD M"
            RenderTableCell {TD} at (342,46) size 123x22 [border: (1px dotted #FFFFFF)] [r=0 c=2 rs=1 cs=1]
              RenderText {#text} at (2,2) size 46x19
                text run at (2,2) width 46: "TD O"
            RenderTableCell {TD} at (465,46) size 112x22 [border: (1px dotted #FFFFFF)] [r=0 c=3 rs=1 cs=1]
              RenderText {#text} at (2,2) size 44x19
                text run at (2,2) width 44: "TD P"
        RenderTableSection {TBODY} at (0,124) size 577x190
          RenderTableRow {TR} at (0,0) size 577x107
            RenderTableCell {TD} at (0,78) size 135x34 [border: (7px dotted #FFFFFF)] [r=0 c=0 rs=2 cs=1]
              RenderText {#text} at (8,8) size 44x19
                text run at (8,8) width 44: "TD E"
            RenderTableCell {TD} at (135,39) size 207x28 [border: (7px dotted #FFFFFF)] [r=0 c=1 rs=1 cs=1]
              RenderText {#text} at (8,8) size 43x19
                text run at (8,8) width 43: "TD F"
            RenderTableCell {TD} at (342,42) size 123x22 [border: (1px dotted #FFFFFF)] [r=0 c=2 rs=1 cs=1]
              RenderText {#text} at (2,2) size 46x19
                text run at (2,2) width 46: "TD G"
            RenderTableCell {TD} at (465,42) size 112x22 [border: (1px dotted #FFFFFF)] [r=0 c=3 rs=1 cs=1]
              RenderText {#text} at (2,2) size 45x19
                text run at (2,2) width 45: "TD H"
          RenderTableRow {TR} at (0,107) size 577x83
            RenderTableCell {TD} at (135,137) size 207x22 [border: (1px dotted #FFFFFF)] [r=1 c=1 rs=1 cs=1]
              RenderText {#text} at (8,2) size 42x19
                text run at (8,2) width 42: "TD J"
            RenderTableCell {TD} at (342,137) size 123x22 [border: (1px dotted #FFFFFF)] [r=1 c=2 rs=1 cs=1]
              RenderText {#text} at (2,2) size 45x19
                text run at (2,2) width 45: "TD K"
            RenderTableCell {TD} at (465,137) size 112x22 [border: (1px dotted #FFFFFF)] [r=1 c=3 rs=1 cs=1]
              RenderText {#text} at (2,2) size 43x19
                text run at (2,2) width 43: "TD L"
      RenderBlock {DIV} at (0,1573.78) size 784x34
        RenderInline {A} at (0,0) size 88x13 [color=#FFFF00]
          RenderImage {IMG} at (0,0) size 88x31
        RenderText {#text} at (0,0) size 0x0
      RenderBlock {ADDRESS} at (0,1607.78) size 784x13
        RenderText {#text} at (0,0) size 687x13
          text run at (0,0) width 687: "CSS2 Table Backgrounds Test Suite designed and written by fantasai <fantasai@escape.com>"
