layer at (0,0) size 1506x1573
  RenderView at (0,0) size 800x600
layer at (0,0) size 800x1573
  RenderBlock {HTML} at (0,0) size 800x1573.19
    RenderBody {BODY} at (8,17.41) size 784x1542.78 [color=#00FF00] [bgcolor=#333333]
      RenderBlock {H1} at (0,0) size 784x26
        RenderText {#text} at (0,0) size 515x26
          text run at (0,0) width 515: "CSS2 Table Backgrounds Test Suite"
      RenderBlock {H2} at (0,43.41) size 784x20
        RenderText {#text} at (0,0) size 246x20
          text run at (0,0) width 246: "Part E: Special Tests"
      RenderBlock {H3} at (0,79.58) size 784x15
        RenderText {#text} at (0,0) size 156x15
          text run at (0,0) width 156: "Fixed Backgrounds"
      RenderBlock {UL} at (0,109.78) size 784x52
        RenderListItem {LI} at (40,0) size 744x39
          RenderListMarker at (-14,0) size 5x13: bullet
          RenderText {#text} at (0,0) size 742x39
            text run at (0,0) width 742: "If you scroll the table over the top left corner of the viewport, the first, second, and fourth"
            text run at (0,13) width 718: "rows as well as cell L should reveal a purple and aqua band forming a 90-degree angle in the"
            text run at (0,26) width 125: "top left corner."
        RenderListItem {LI} at (40,39) size 744x13
          RenderListMarker at (-14,0) size 5x13: bullet
          RenderText {#text} at (0,0) size 648x13
            text run at (0,0) width 648: "Cells A and P should have a rainbow background that seems attached to the viewport."
      RenderBlock {DL} at (0,174.78) size 784x52
        RenderBlock {DT} at (0,0) size 784x13
          RenderText {#text} at (0,0) size 63x13
            text run at (0,0) width 63: "previous"
        RenderBlock {DD} at (40,13) size 744x13
          RenderInline {A} at (0,0) size 172x13 [color=#FFFF00]
            RenderText {#text} at (0,0) size 172x13
              text run at (0,0) width 172: "Special Tests: opacity"
          RenderText {#text} at (0,0) size 0x0
        RenderBlock {DT} at (0,26) size 784x13
          RenderText {#text} at (0,0) size 63x13
            text run at (0,0) width 63: "contents"
        RenderBlock {DD} at (40,39) size 744x13
          RenderInline {A} at (0,0) size 133x13 [color=#FFFF00]
            RenderText {#text} at (0,0) size 133x13
              text run at (0,0) width 133: "Table of Contents"
          RenderText {#text} at (0,0) size 0x0
      RenderTable {TABLE} at (0,239.78) size 618x463 [color=#000000] [bgcolor=#FFFFFF] [border: (1px dotted #000000)]
        RenderBlock {CAPTION} at (0,0) size 618x19 [color=#FFFFFF]
          RenderText {#text} at (163,0) size 292x19
            text run at (163,0) width 292: "With 'border-collapse: separate'"
        RenderTableCol {COLGROUP} at (0,0) size 0x0
          RenderTableCol {COL} at (0,0) size 0x0
          RenderTableCol {COL} at (0,0) size 0x0
          RenderTableCol {COL} at (0,0) size 0x0
        RenderTableCol {COLGROUP} at (0,0) size 0x0
          RenderTableCol {COL} at (0,0) size 0x0
        RenderTableSection {THEAD} at (1,20) size 616x114
          RenderTableRow {TR} at (0,7) size 616x100
            RenderTableCell {TH} at (7,45) size 130x23 [border: (1px dotted #000000)] [r=0 c=0 rs=1 cs=1]
              RenderText {#text} at (42,2) size 46x19
                text run at (42,2) width 46: "TH A"
            RenderTableCell {TH} at (144,33) size 220x47 [border: (13px dotted #000000)] [r=0 c=1 rs=1 cs=1]
              RenderText {#text} at (87,14) size 46x19
                text run at (87,14) width 46: "TH B"
            RenderTableCell {TH} at (371,55) size 118x4 [border: (1px dotted #000000)] [r=0 c=2 rs=1 cs=1]
            RenderTableCell {TH} at (496,45) size 113x23 [border: (1px dotted #000000)] [r=0 c=3 rs=1 cs=1]
              RenderText {#text} at (34,2) size 45x19
                text run at (34,2) width 45: "TH D"
        RenderTableSection {TFOOT} at (1,340) size 616x122
          RenderTableRow {TR} at (0,0) size 616x115
            RenderTableCell {TD} at (7,46) size 357x23 [border: (1px dotted #000000)] [r=0 c=0 rs=1 cs=2]
              RenderText {#text} at (2,2) size 47x19
                text run at (2,2) width 47: "TD M"
            RenderTableCell {TD} at (371,46) size 118x23 [border: (1px dotted #000000)] [r=0 c=2 rs=1 cs=1]
              RenderText {#text} at (2,2) size 46x19
                text run at (2,2) width 46: "TD O"
            RenderTableCell {TD} at (496,46) size 113x23 [border: (1px dotted #000000)] [r=0 c=3 rs=1 cs=1]
              RenderText {#text} at (2,2) size 44x19
                text run at (2,2) width 44: "TD P"
        RenderTableSection {TBODY} at (1,134) size 616x206
          RenderTableRow {TR} at (0,0) size 616x108
            RenderTableCell {TD} at (7,76) size 130x47 [border: (13px dotted #000000)] [r=0 c=0 rs=2 cs=1]
              RenderText {#text} at (14,14) size 44x19
                text run at (14,14) width 44: "TD E"
            RenderTableCell {TD} at (144,42) size 220x23 [border: (1px dotted #000000)] [r=0 c=1 rs=1 cs=1]
              RenderText {#text} at (2,2) size 43x19
                text run at (2,2) width 43: "TD F"
            RenderTableCell {TD} at (371,42) size 118x23 [border: (1px dotted #000000)] [r=0 c=2 rs=1 cs=1]
              RenderText {#text} at (2,2) size 46x19
                text run at (2,2) width 46: "TD G"
            RenderTableCell {TD} at (496,42) size 113x23 [border: (1px dotted #000000)] [r=0 c=3 rs=1 cs=1]
              RenderText {#text} at (2,2) size 45x19
                text run at (2,2) width 45: "TD H"
          RenderTableRow {TR} at (0,115) size 616x84
            RenderTableCell {TD} at (144,145) size 220x23 [border: (1px dotted #000000)] [r=1 c=1 rs=1 cs=1]
              RenderText {#text} at (2,2) size 42x19
                text run at (2,2) width 42: "TD J"
            RenderTableCell {TD} at (371,145) size 118x23 [border: (1px dotted #000000)] [r=1 c=2 rs=1 cs=1]
              RenderText {#text} at (2,2) size 45x19
                text run at (2,2) width 45: "TD K"
            RenderTableCell {TD} at (496,145) size 113x23 [border: (1px dotted #000000)] [r=1 c=3 rs=1 cs=1]
              RenderText {#text} at (2,2) size 43x19
                text run at (2,2) width 43: "TD L"
      RenderTable {TABLE} at (0,702.78) size 578x429 [color=#000000] [bgcolor=#FFFFFF] [border: (6px dotted #000000)]
        RenderBlock {CAPTION} at (0,0) size 578x19 [color=#FFFFFF]
          RenderText {#text} at (144,0) size 290x19
            text run at (144,0) width 290: "With 'border-collapse: collapse'"
        RenderTableCol {COLGROUP} at (0,0) size 0x0
          RenderTableCol {COL} at (0,0) size 0x0
          RenderTableCol {COL} at (0,0) size 0x0
          RenderTableCol {COL} at (0,0) size 0x0
        RenderTableCol {COLGROUP} at (0,0) size 0x0
          RenderTableCol {COL} at (0,0) size 0x0
        RenderTableSection {THEAD} at (0,25) size 577x99
          RenderTableRow {TR} at (0,0) size 577x99
            RenderTableCell {TH} at (0,35) size 135x28 [border: (1px dotted #000000)] [r=0 c=0 rs=1 cs=1]
              RenderText {#text} at (42,2) size 46x19
                text run at (42,2) width 46: "TH A"
            RenderTableCell {TH} at (135,32) size 207x34 [border: (7px dotted #000000)] [r=0 c=1 rs=1 cs=1]
              RenderText {#text} at (81,8) size 46x19
                text run at (81,8) width 46: "TH B"
            RenderTableCell {TH} at (342,48) size 123x3 [border: (1px dotted #000000)] [r=0 c=2 rs=1 cs=1]
            RenderTableCell {TH} at (465,38) size 112x22 [border: (1px dotted #000000)] [r=0 c=3 rs=1 cs=1]
              RenderText {#text} at (34,2) size 45x19
                text run at (34,2) width 45: "TH D"
        RenderTableSection {TFOOT} at (0,314) size 577x114
          RenderTableRow {TR} at (0,0) size 577x114
            RenderTableCell {TD} at (0,43) size 342x28 [border: (7px dotted #000000)] [r=0 c=0 rs=1 cs=2]
              RenderText {#text} at (2,8) size 47x19
                text run at (2,8) width 47: "TD M"
            RenderTableCell {TD} at (342,46) size 123x22 [border: (1px dotted #000000)] [r=0 c=2 rs=1 cs=1]
              RenderText {#text} at (2,2) size 46x19
                text run at (2,2) width 46: "TD O"
            RenderTableCell {TD} at (465,46) size 112x22 [border: (1px dotted #000000)] [r=0 c=3 rs=1 cs=1]
              RenderText {#text} at (2,2) size 44x19
                text run at (2,2) width 44: "TD P"
        RenderTableSection {TBODY} at (0,124) size 577x190
          RenderTableRow {TR} at (0,0) size 577x107
            RenderTableCell {TD} at (0,78) size 135x34 [border: (7px dotted #000000)] [r=0 c=0 rs=2 cs=1]
              RenderText {#text} at (8,8) size 44x19
                text run at (8,8) width 44: "TD E"
            RenderTableCell {TD} at (135,39) size 207x28 [border: (7px dotted #000000)] [r=0 c=1 rs=1 cs=1]
              RenderText {#text} at (8,8) size 43x19
                text run at (8,8) width 43: "TD F"
            RenderTableCell {TD} at (342,42) size 123x22 [border: (1px dotted #000000)] [r=0 c=2 rs=1 cs=1]
              RenderText {#text} at (2,2) size 46x19
                text run at (2,2) width 46: "TD G"
            RenderTableCell {TD} at (465,42) size 112x22 [border: (1px dotted #000000)] [r=0 c=3 rs=1 cs=1]
              RenderText {#text} at (2,2) size 45x19
                text run at (2,2) width 45: "TD H"
          RenderTableRow {TR} at (0,107) size 577x83
            RenderTableCell {TD} at (135,137) size 207x22 [border: (1px dotted #000000)] [r=1 c=1 rs=1 cs=1]
              RenderText {#text} at (8,2) size 42x19
                text run at (8,2) width 42: "TD J"
            RenderTableCell {TD} at (342,137) size 123x22 [border: (1px dotted #000000)] [r=1 c=2 rs=1 cs=1]
              RenderText {#text} at (2,2) size 45x19
                text run at (2,2) width 45: "TD K"
            RenderTableCell {TD} at (465,137) size 112x22 [border: (1px dotted #000000)] [r=1 c=3 rs=1 cs=1]
              RenderText {#text} at (2,2) size 43x19
                text run at (2,2) width 43: "TD L"
      RenderBlock {DIV} at (0,1131.78) size 784x34
        RenderInline {A} at (0,0) size 88x13 [color=#FFFF00]
          RenderImage {IMG} at (0,0) size 88x31
        RenderText {#text} at (0,0) size 0x0
      RenderBlock {ADDRESS} at (0,1165.78) size 784x13
        RenderText {#text} at (0,0) size 687x13
          text run at (0,0) width 687: "CSS2 Table Backgrounds Test Suite designed and written by fantasai <fantasai@escape.com>"
      RenderBlock {PRE} at (0,1191.78) size 784x351
        RenderText {#text} at (0,0) size 1498x351
          text run at (0,0) width 1498: "................................................................................................................................................................................................"
          text run at (1497,0) width 1: " "
          text run at (0,13) width 8: "."
          text run at (7,13) width 1: " "
          text run at (0,26) width 8: "."
          text run at (7,26) width 1: " "
          text run at (0,39) width 8: "."
          text run at (7,39) width 1: " "
          text run at (0,52) width 8: "."
          text run at (7,52) width 1: " "
          text run at (0,65) width 8: "."
          text run at (7,65) width 1: " "
          text run at (0,78) width 8: "."
          text run at (7,78) width 1: " "
          text run at (0,91) width 8: "."
          text run at (7,91) width 1: " "
          text run at (0,104) width 8: "."
          text run at (7,104) width 1: " "
          text run at (0,117) width 8: "."
          text run at (7,117) width 1: " "
          text run at (0,130) width 8: "."
          text run at (7,130) width 1: " "
          text run at (0,143) width 8: "."
          text run at (7,143) width 1: " "
          text run at (0,156) width 8: "."
          text run at (7,156) width 1: " "
          text run at (0,169) width 8: "."
          text run at (7,169) width 1: " "
          text run at (0,182) width 8: "."
          text run at (7,182) width 1: " "
          text run at (0,195) width 8: "."
          text run at (7,195) width 1: " "
          text run at (0,208) width 8: "."
          text run at (7,208) width 1: " "
          text run at (0,221) width 8: "."
          text run at (7,221) width 1: " "
          text run at (0,234) width 8: "."
          text run at (7,234) width 1: " "
          text run at (0,247) width 8: "."
          text run at (7,247) width 1: " "
          text run at (0,260) width 8: "."
          text run at (7,260) width 1: " "
          text run at (0,273) width 8: "."
          text run at (7,273) width 1: " "
          text run at (0,286) width 8: "."
          text run at (7,286) width 1: " "
          text run at (0,299) width 8: "."
          text run at (7,299) width 1: " "
          text run at (0,312) width 8: "."
          text run at (7,312) width 1: " "
          text run at (0,325) width 8: "."
          text run at (7,325) width 1: " "
          text run at (0,338) width 8: "."
          text run at (7,338) width 1: " "
