layer at (0,0) size 785x1205
  RenderView at (0,0) size 785x600
layer at (0,0) size 785x1205
  RenderBlock {HTML} at (0,0) size 785x1205.19
    RenderBody {BODY} at (8,17.41) size 769x1179.78 [color=#00FF00] [bgcolor=#333333]
      RenderBlock {H1} at (0,0) size 769x26
        RenderText {#text} at (0,0) size 515x26
          text run at (0,0) width 515: "CSS2 Table Backgrounds Test Suite"
      RenderBlock {H2} at (0,43.41) size 769x20
        RenderText {#text} at (0,0) size 363x20
          text run at (0,0) width 363: "Part D: Background with Borders"
      RenderBlock {H3} at (0,79.58) size 769x15
        RenderText {#text} at (0,0) size 192x15
          text run at (0,0) width 192: "Background on 'table'"
      RenderBlock {P} at (0,109.78) size 769x13
        RenderText {#text} at (0,0) size 640x13
          text run at (0,0) width 640: "There should be three aqua stripes just inside the bottom and right table borders."
      RenderBlock {DL} at (0,135.78) size 769x78
        RenderBlock {DT} at (0,0) size 769x13
          RenderText {#text} at (0,0) size 32x13
            text run at (0,0) width 32: "next"
        RenderBlock {DD} at (40,13) size 729x13
          RenderInline {A} at (0,0) size 437x13 [color=#FFFF00]
            RenderText {#text} at (0,0) size 437x13
              text run at (0,0) width 437: "Background with Borders: Background on 'table-row-group'"
          RenderText {#text} at (0,0) size 0x0
        RenderBlock {DT} at (0,26) size 769x13
          RenderText {#text} at (0,0) size 63x13
            text run at (0,0) width 63: "previous"
        RenderBlock {DD} at (40,39) size 729x13
          RenderInline {A} at (0,0) size 398x13 [color=#FFFF00]
            RenderText {#text} at (0,0) size 398x13
              text run at (0,0) width 398: "Background with Borders: Background on 'table-cell'"
          RenderText {#text} at (0,0) size 0x0
        RenderBlock {DT} at (0,52) size 769x13
          RenderText {#text} at (0,0) size 63x13
            text run at (0,0) width 63: "contents"
        RenderBlock {DD} at (40,65) size 729x13
          RenderInline {A} at (0,0) size 133x13 [color=#FFFF00]
            RenderText {#text} at (0,0) size 133x13
              text run at (0,0) width 133: "Table of Contents"
          RenderText {#text} at (0,0) size 0x0
      RenderTable {TABLE} at (0,226.78) size 626x471 [color=#FFFFFF] [bgcolor=#000000] [border: (5px dotted #FFFFFF)]
        RenderBlock {CAPTION} at (0,0) size 626x19
          RenderText {#text} at (167,0) size 292x19
            text run at (167,0) width 292: "With 'border-collapse: separate'"
        RenderTableCol {COLGROUP} at (0,0) size 0x0
          RenderTableCol {COL} at (0,0) size 0x0
          RenderTableCol {COL} at (0,0) size 0x0
          RenderTableCol {COL} at (0,0) size 0x0
        RenderTableCol {COLGROUP} at (0,0) size 0x0
          RenderTableCol {COL} at (0,0) size 0x0
        RenderTableSection {THEAD} at (5,24) size 616x114
          RenderTableRow {TR} at (0,7) size 616x100
            RenderTableCell {TH} at (7,45) size 130x23 [border: (1px dotted #FFFFFF)] [r=0 c=0 rs=1 cs=1]
              RenderText {#text} at (42,2) size 46x19
                text run at (42,2) width 46: "TH A"
            RenderTableCell {TH} at (144,33) size 220x47 [border: (13px dotted #FFFFFF)] [r=0 c=1 rs=1 cs=1]
              RenderText {#text} at (87,14) size 46x19
                text run at (87,14) width 46: "TH B"
            RenderTableCell {TH} at (371,45) size 118x23 [border: (1px dotted #FFFFFF)] [r=0 c=2 rs=1 cs=1]
              RenderText {#text} at (36,2) size 46x19
                text run at (36,2) width 46: "TH C"
            RenderTableCell {TH} at (496,45) size 113x23 [border: (1px dotted #FFFFFF)] [r=0 c=3 rs=1 cs=1]
              RenderText {#text} at (34,2) size 45x19
                text run at (34,2) width 45: "TH D"
        RenderTableSection {TBODY} at (5,138) size 616x206
          RenderTableRow {TR} at (0,0) size 616x108
            RenderTableCell {TD} at (7,76) size 130x47 [border: (13px dotted #FFFFFF)] [r=0 c=0 rs=2 cs=1]
              RenderText {#text} at (14,14) size 44x19
                text run at (14,14) width 44: "TD E"
            RenderTableCell {TD} at (144,42) size 220x23 [border: (1px dotted #FFFFFF)] [r=0 c=1 rs=1 cs=1]
              RenderText {#text} at (2,2) size 43x19
                text run at (2,2) width 43: "TD F"
            RenderTableCell {TD} at (371,42) size 118x23 [border: (1px dotted #FFFFFF)] [r=0 c=2 rs=1 cs=1]
              RenderText {#text} at (2,2) size 46x19
                text run at (2,2) width 46: "TD G"
            RenderTableCell {TD} at (496,42) size 113x23 [border: (1px dotted #FFFFFF)] [r=0 c=3 rs=1 cs=1]
              RenderText {#text} at (2,2) size 45x19
                text run at (2,2) width 45: "TD H"
          RenderTableRow {TR} at (0,115) size 616x84
            RenderTableCell {TD} at (144,145) size 220x23 [border: (1px dotted #FFFFFF)] [r=1 c=1 rs=1 cs=1]
              RenderText {#text} at (2,2) size 42x19
                text run at (2,2) width 42: "TD J"
            RenderTableCell {TD} at (371,145) size 118x23 [border: (1px dotted #FFFFFF)] [r=1 c=2 rs=1 cs=1]
              RenderText {#text} at (2,2) size 45x19
                text run at (2,2) width 45: "TD K"
            RenderTableCell {TD} at (496,145) size 113x23 [border: (1px dotted #FFFFFF)] [r=1 c=3 rs=1 cs=1]
              RenderText {#text} at (2,2) size 43x19
                text run at (2,2) width 43: "TD L"
        RenderTableSection {TFOOT} at (5,344) size 616x122
          RenderTableRow {TR} at (0,0) size 616x115
            RenderTableCell {TD} at (7,46) size 357x23 [border: (1px dotted #FFFFFF)] [r=0 c=0 rs=1 cs=2]
              RenderText {#text} at (2,2) size 47x19
                text run at (2,2) width 47: "TD M"
            RenderTableCell {TD} at (371,46) size 118x23 [border: (1px dotted #FFFFFF)] [r=0 c=2 rs=1 cs=1]
              RenderText {#text} at (2,2) size 46x19
                text run at (2,2) width 46: "TD O"
            RenderTableCell {TD} at (496,46) size 113x23 [border: (1px dotted #FFFFFF)] [r=0 c=3 rs=1 cs=1]
              RenderText {#text} at (2,2) size 44x19
                text run at (2,2) width 44: "TD P"
      RenderTable {TABLE} at (0,697.78) size 586x435 [color=#FFFFFF] [bgcolor=#000000] [border: (6px dotted #FFFFFF)]
        RenderBlock {CAPTION} at (0,0) size 586x19
          RenderText {#text} at (148,0) size 290x19
            text run at (148,0) width 290: "With 'border-collapse: collapse'"
        RenderTableCol {COLGROUP} at (0,0) size 0x0
          RenderTableCol {COL} at (0,0) size 0x0
          RenderTableCol {COL} at (0,0) size 0x0
          RenderTableCol {COL} at (0,0) size 0x0
        RenderTableCol {COLGROUP} at (0,0) size 0x0
          RenderTableCol {COL} at (0,0) size 0x0
        RenderTableSection {THEAD} at (2,25) size 581x101
          RenderTableRow {TR} at (0,0) size 581x101
            RenderTableCell {TH} at (0,35) size 137x30 [border: (3px dotted #FFFFFF)] [r=0 c=0 rs=1 cs=1]
              RenderText {#text} at (44,4) size 46x19
                text run at (44,4) width 46: "TH A"
            RenderTableCell {TH} at (137,33) size 207x34 [border: (7px dotted #FFFFFF)] [r=0 c=1 rs=1 cs=1]
              RenderText {#text} at (81,8) size 46x19
                text run at (81,8) width 46: "TH B"
            RenderTableCell {TH} at (344,38) size 123x24 [border: (3px dotted #FFFFFF)] [r=0 c=2 rs=1 cs=1]
              RenderText {#text} at (42,4) size 46x19
                text run at (42,4) width 46: "TH C"
            RenderTableCell {TH} at (467,38) size 114x24 [border: (3px dotted #FFFFFF)] [r=0 c=3 rs=1 cs=1]
              RenderText {#text} at (34,4) size 45x19
                text run at (34,4) width 45: "TH D"
        RenderTableSection {TFOOT} at (2,316) size 581x116
          RenderTableRow {TR} at (0,0) size 581x116
            RenderTableCell {TD} at (0,43) size 344x30 [border: (7px dotted #FFFFFF)] [r=0 c=0 rs=1 cs=2]
              RenderText {#text} at (4,8) size 47x19
                text run at (4,8) width 47: "TD M"
            RenderTableCell {TD} at (344,46) size 123x24 [border: (1px dotted #FFFFFF)] [r=0 c=2 rs=1 cs=1]
              RenderText {#text} at (2,2) size 46x19
                text run at (2,2) width 46: "TD O"
            RenderTableCell {TD} at (467,46) size 114x24 [border: (1px dotted #FFFFFF)] [r=0 c=3 rs=1 cs=1]
              RenderText {#text} at (2,2) size 44x19
                text run at (2,2) width 44: "TD P"
        RenderTableSection {TBODY} at (2,126) size 581x190
          RenderTableRow {TR} at (0,0) size 581x107
            RenderTableCell {TD} at (0,78) size 137x34 [border: (7px dotted #FFFFFF)] [r=0 c=0 rs=2 cs=1]
              RenderText {#text} at (8,8) size 44x19
                text run at (8,8) width 44: "TD E"
            RenderTableCell {TD} at (137,39) size 207x28 [border: (7px dotted #FFFFFF)] [r=0 c=1 rs=1 cs=1]
              RenderText {#text} at (8,8) size 43x19
                text run at (8,8) width 43: "TD F"
            RenderTableCell {TD} at (344,42) size 123x22 [border: (1px dotted #FFFFFF)] [r=0 c=2 rs=1 cs=1]
              RenderText {#text} at (2,2) size 46x19
                text run at (2,2) width 46: "TD G"
            RenderTableCell {TD} at (467,42) size 114x22 [border: (1px dotted #FFFFFF)] [r=0 c=3 rs=1 cs=1]
              RenderText {#text} at (2,2) size 45x19
                text run at (2,2) width 45: "TD H"
          RenderTableRow {TR} at (0,107) size 581x83
            RenderTableCell {TD} at (137,137) size 207x22 [border: (1px dotted #FFFFFF)] [r=1 c=1 rs=1 cs=1]
              RenderText {#text} at (8,2) size 42x19
                text run at (8,2) width 42: "TD J"
            RenderTableCell {TD} at (344,137) size 123x22 [border: (1px dotted #FFFFFF)] [r=1 c=2 rs=1 cs=1]
              RenderText {#text} at (2,2) size 45x19
                text run at (2,2) width 45: "TD K"
            RenderTableCell {TD} at (467,137) size 114x22 [border: (1px dotted #FFFFFF)] [r=1 c=3 rs=1 cs=1]
              RenderText {#text} at (2,2) size 43x19
                text run at (2,2) width 43: "TD L"
      RenderBlock {DIV} at (0,1132.78) size 769x34
        RenderInline {A} at (0,0) size 88x13 [color=#FFFF00]
          RenderImage {IMG} at (0,0) size 88x31
        RenderText {#text} at (0,0) size 0x0
      RenderBlock {ADDRESS} at (0,1166.78) size 769x13
        RenderText {#text} at (0,0) size 687x13
          text run at (0,0) width 687: "CSS2 Table Backgrounds Test Suite designed and written by fantasai <fantasai@escape.com>"
