layer at (0,0) size 785x1407
  RenderView at (0,0) size 785x600
layer at (0,0) size 785x1407
  RenderBlock {HTML} at (0,0) size 785x1407.19
    RenderBody {BODY} at (8,17.41) size 769x1381.78 [color=#00FF00] [bgcolor=#333333]
      RenderBlock {H1} at (0,0) size 769x26
        RenderText {#text} at (0,0) size 515x26
          text run at (0,0) width 515: "CSS2 Table Backgrounds Test Suite"
      RenderBlock {H2} at (0,43.41) size 769x20
        RenderText {#text} at (0,0) size 363x20
          text run at (0,0) width 363: "Part D: Background with Borders"
      RenderBlock {H3} at (0,79.58) size 769x15
        RenderText {#text} at (0,0) size 256x15
          text run at (0,0) width 256: "Background on 'table-column'"
      RenderBlock {P} at (0,109.78) size 769x13
        RenderText {#text} at (0,0) size 196x13
          text run at (0,0) width 196: "Three columns are styled."
      RenderBlock {P} at (0,135.78) size 769x91
        RenderText {#text} at (0,0) size 765x91
          text run at (0,0) width 742: "In the first column, there should be three vertical stripes along the padding edge of the first"
          text run at (0,13) width 726: "cell, continuing down through the column. (In cell E, the aqua stripe will be obscured by the"
          text run at (0,26) width 765: "thicker right border.) The stripes will cut across cell E as well, but will be further obscured by"
          text run at (0,39) width 749: "its thick border. In the border-collapsed table, the same will happen to the vertical stripes in"
          text run at (0,52) width 765: "cell A due to cell B's thick border. The stripes should continue in the last cell, turning a right"
          text run at (0,65) width 757: "angle to the left into three aqua stripes along the bottom border edge of the last cell. The last"
          text run at (0,78) width 539: "cell (M) should not have three vertical stripes along its right edge."
      RenderBlock {P} at (0,239.78) size 769x39
        RenderText {#text} at (0,0) size 749x39
          text run at (0,0) width 749: "In the second column, three vertical strips should run along the right of the first three cells,"
          text run at (0,13) width 742: "aligning along cell F's right padding edge. (The stripes will be partially obscured by cell B's"
          text run at (0,26) width 110: "thick border.)"
      RenderBlock {P} at (0,291.78) size 769x39
        RenderText {#text} at (0,0) size 765x39
          text run at (0,0) width 765: "In the third column, there should be three vertical stripes should run across the top of the first"
          text run at (0,13) width 710: "cell and down the left of the column, aligning along cell K's left padding edge. In border-"
          text run at (0,26) width 562: "collapse mode, they will be partially obscured by cell B's thick border."
      RenderBlock {DL} at (0,343.78) size 769x78
        RenderBlock {DT} at (0,0) size 769x13
          RenderText {#text} at (0,0) size 32x13
            text run at (0,0) width 32: "next"
        RenderBlock {DD} at (40,13) size 729x13
          RenderInline {A} at (0,0) size 398x13 [color=#FFFF00]
            RenderText {#text} at (0,0) size 398x13
              text run at (0,0) width 398: "Background with Borders: Background on 'table-cell'"
          RenderText {#text} at (0,0) size 0x0
        RenderBlock {DT} at (0,26) size 769x13
          RenderText {#text} at (0,0) size 63x13
            text run at (0,0) width 63: "previous"
        RenderBlock {DD} at (40,39) size 729x13
          RenderInline {A} at (0,0) size 391x13 [color=#FFFF00]
            RenderText {#text} at (0,0) size 391x13
              text run at (0,0) width 391: "Background with Borders: Background on 'table-row'"
          RenderText {#text} at (0,0) size 0x0
        RenderBlock {DT} at (0,52) size 769x13
          RenderText {#text} at (0,0) size 63x13
            text run at (0,0) width 63: "contents"
        RenderBlock {DD} at (40,65) size 729x13
          RenderInline {A} at (0,0) size 133x13 [color=#FFFF00]
            RenderText {#text} at (0,0) size 133x13
              text run at (0,0) width 133: "Table of Contents"
          RenderText {#text} at (0,0) size 0x0
      RenderTable {TABLE} at (0,434.78) size 630x467 [color=#FFFFFF] [border: (3px dotted #FFFFFF)]
        RenderBlock {CAPTION} at (0,0) size 630x19
          RenderText {#text} at (169,0) size 292x19
            text run at (169,0) width 292: "With 'border-collapse: separate'"
        RenderTableCol {COLGROUP} at (0,0) size 0x0
          RenderTableCol {COL} at (0,0) size 0x0 [bgcolor=#000000] [border: (5px dashed #FFFFFF)]
          RenderTableCol {COL} at (0,0) size 0x0 [bgcolor=#000000] [border: (9px dashed #FFFFFF)]
          RenderTableCol {COL} at (0,0) size 0x0 [bgcolor=#000000] [border: (5px dashed #FFFFFF)]
        RenderTableCol {COLGROUP} at (0,0) size 0x0
          RenderTableCol {COL} at (0,0) size 0x0
        RenderTableSection {THEAD} at (3,22) size 624x114
          RenderTableRow {TR} at (0,7) size 624x100
            RenderTableCell {TH} at (7,41) size 138x31 [border: (5px dashed #FFFFFF)] [r=0 c=0 rs=1 cs=1]
              RenderText {#text} at (46,6) size 46x19
                text run at (46,6) width 46: "TH A"
            RenderTableCell {TH} at (152,33) size 220x47 [border: (13px dotted #FFFFFF)] [r=0 c=1 rs=1 cs=1]
              RenderText {#text} at (87,14) size 46x19
                text run at (87,14) width 46: "TH B"
            RenderTableCell {TH} at (379,45) size 118x23 [border: (1px dotted #FFFFFF)] [r=0 c=2 rs=1 cs=1]
              RenderText {#text} at (36,2) size 46x19
                text run at (36,2) width 46: "TH C"
            RenderTableCell {TH} at (504,45) size 113x23 [border: (1px dotted #FFFFFF)] [r=0 c=3 rs=1 cs=1]
              RenderText {#text} at (34,2) size 45x19
                text run at (34,2) width 45: "TH D"
        RenderTableSection {TFOOT} at (3,342) size 624x122
          RenderTableRow {TR} at (0,0) size 624x115
            RenderTableCell {TD} at (7,42) size 365x31 [border: (5px dashed #FFFFFF)] [r=0 c=0 rs=1 cs=2]
              RenderText {#text} at (6,6) size 47x19
                text run at (6,6) width 47: "TD M"
            RenderTableCell {TD} at (379,46) size 118x23 [border: (1px dotted #FFFFFF)] [r=0 c=2 rs=1 cs=1]
              RenderText {#text} at (2,2) size 46x19
                text run at (2,2) width 46: "TD O"
            RenderTableCell {TD} at (504,46) size 113x23 [border: (1px dotted #FFFFFF)] [r=0 c=3 rs=1 cs=1]
              RenderText {#text} at (2,2) size 44x19
                text run at (2,2) width 44: "TD P"
        RenderTableSection {TBODY} at (3,136) size 624x206
          RenderTableRow {TR} at (0,0) size 624x108
            RenderTableCell {TD} at (7,76) size 138x47 [border: (13px dotted #FFFFFF)] [r=0 c=0 rs=2 cs=1]
              RenderText {#text} at (14,14) size 44x19
                text run at (14,14) width 44: "TD E"
            RenderTableCell {TD} at (152,34) size 220x39 [border: (9px dashed #FFFFFF)] [r=0 c=1 rs=1 cs=1]
              RenderText {#text} at (10,10) size 43x19
                text run at (10,10) width 43: "TD F"
            RenderTableCell {TD} at (379,38) size 118x31 [border: (5px dashed #FFFFFF)] [r=0 c=2 rs=1 cs=1]
              RenderText {#text} at (6,6) size 46x19
                text run at (6,6) width 46: "TD G"
            RenderTableCell {TD} at (504,42) size 113x23 [border: (1px dotted #FFFFFF)] [r=0 c=3 rs=1 cs=1]
              RenderText {#text} at (2,2) size 45x19
                text run at (2,2) width 45: "TD H"
          RenderTableRow {TR} at (0,115) size 624x84
            RenderTableCell {TD} at (152,145) size 220x23 [border: (1px dotted #FFFFFF)] [r=1 c=1 rs=1 cs=1]
              RenderText {#text} at (2,2) size 42x19
                text run at (2,2) width 42: "TD J"
            RenderTableCell {TD} at (379,145) size 118x23 [border: (1px dotted #FFFFFF)] [r=1 c=2 rs=1 cs=1]
              RenderText {#text} at (2,2) size 45x19
                text run at (2,2) width 45: "TD K"
            RenderTableCell {TD} at (504,145) size 113x23 [border: (1px dotted #FFFFFF)] [r=1 c=3 rs=1 cs=1]
              RenderText {#text} at (2,2) size 43x19
                text run at (2,2) width 43: "TD L"
      RenderTable {TABLE} at (0,901.78) size 588x433 [color=#FFFFFF] [border: (6px dotted #FFFFFF)]
        RenderBlock {CAPTION} at (0,0) size 588x19
          RenderText {#text} at (149,0) size 290x19
            text run at (149,0) width 290: "With 'border-collapse: collapse'"
        RenderTableCol {COLGROUP} at (0,0) size 0x0
          RenderTableCol {COL} at (0,0) size 0x0 [bgcolor=#000000] [border: (5px dashed #FFFFFF)]
          RenderTableCol {COL} at (0,0) size 0x0 [bgcolor=#000000] [border: (9px dashed #FFFFFF)]
          RenderTableCol {COL} at (0,0) size 0x0 [bgcolor=#000000] [border: (5px dashed #FFFFFF)]
        RenderTableCol {COLGROUP} at (0,0) size 0x0
          RenderTableCol {COL} at (0,0) size 0x0
        RenderTableSection {THEAD} at (2,25) size 584x100
          RenderTableRow {TR} at (0,0) size 584x100
            RenderTableCell {TH} at (0,35) size 137x30 [border: (3px dashed #FFFFFF)] [r=0 c=0 rs=1 cs=1]
              RenderText {#text} at (44,4) size 46x19
                text run at (44,4) width 46: "TH A"
            RenderTableCell {TH} at (137,33) size 207x34 [border: (7px dotted #FFFFFF)] [r=0 c=1 rs=1 cs=1]
              RenderText {#text} at (81,8) size 46x19
                text run at (81,8) width 46: "TH B"
            RenderTableCell {TH} at (344,37) size 125x26 [border: (3px dotted #FFFFFF)] [r=0 c=2 rs=1 cs=1]
              RenderText {#text} at (42,4) size 46x19
                text run at (42,4) width 46: "TH C"
            RenderTableCell {TH} at (469,38) size 115x23 [border: (2px dotted #FFFFFF)] [r=0 c=3 rs=1 cs=1]
              RenderText {#text} at (36,3) size 45x19
                text run at (36,3) width 45: "TH D"
        RenderTableSection {TFOOT} at (2,315) size 584x115
          RenderTableRow {TR} at (0,0) size 584x115
            RenderTableCell {TD} at (0,42) size 344x30 [border: (7px dashed #FFFFFF)] [r=0 c=0 rs=1 cs=2]
              RenderText {#text} at (4,8) size 47x19
                text run at (4,8) width 47: "TD M"
            RenderTableCell {TD} at (344,45) size 125x24 [border: (1px dotted #FFFFFF)] [r=0 c=2 rs=1 cs=1]
              RenderText {#text} at (6,2) size 46x19
                text run at (6,2) width 46: "TD O"
            RenderTableCell {TD} at (469,46) size 115x23 [border: (1px dotted #FFFFFF)] [r=0 c=3 rs=1 cs=1]
              RenderText {#text} at (4,2) size 44x19
                text run at (4,2) width 44: "TD P"
        RenderTableSection {TBODY} at (2,125) size 584x190
          RenderTableRow {TR} at (0,0) size 584x107
            RenderTableCell {TD} at (0,78) size 137x34 [border: (7px dotted #FFFFFF)] [r=0 c=0 rs=2 cs=1]
              RenderText {#text} at (8,8) size 44x19
                text run at (8,8) width 44: "TD E"
            RenderTableCell {TD} at (137,37) size 207x32 [border: (7px dashed #FFFFFF)] [r=0 c=1 rs=1 cs=1]
              RenderText {#text} at (8,8) size 43x19
                text run at (8,8) width 43: "TD F"
            RenderTableCell {TD} at (344,40) size 125x26 [border: (3px dashed #FFFFFF)] [r=0 c=2 rs=1 cs=1]
              RenderText {#text} at (6,4) size 46x19
                text run at (6,4) width 46: "TD G"
            RenderTableCell {TD} at (469,42) size 115x22 [border: (1px dotted #FFFFFF)] [r=0 c=3 rs=1 cs=1]
              RenderText {#text} at (4,2) size 45x19
                text run at (4,2) width 45: "TD H"
          RenderTableRow {TR} at (0,107) size 584x83
            RenderTableCell {TD} at (137,134) size 207x28 [border: (5px dotted #FFFFFF)] [r=1 c=1 rs=1 cs=1]
              RenderText {#text} at (8,6) size 42x19
                text run at (8,6) width 42: "TD J"
            RenderTableCell {TD} at (344,136) size 125x24 [border: (3px dotted #FFFFFF)] [r=1 c=2 rs=1 cs=1]
              RenderText {#text} at (6,4) size 45x19
                text run at (6,4) width 45: "TD K"
            RenderTableCell {TD} at (469,137) size 115x22 [border: (1px dotted #FFFFFF)] [r=1 c=3 rs=1 cs=1]
              RenderText {#text} at (4,2) size 43x19
                text run at (4,2) width 43: "TD L"
      RenderBlock {DIV} at (0,1334.78) size 769x34
        RenderInline {A} at (0,0) size 88x13 [color=#FFFF00]
          RenderImage {IMG} at (0,0) size 88x31
        RenderText {#text} at (0,0) size 0x0
      RenderBlock {ADDRESS} at (0,1368.78) size 769x13
        RenderText {#text} at (0,0) size 687x13
          text run at (0,0) width 687: "CSS2 Table Backgrounds Test Suite designed and written by fantasai <fantasai@escape.com>"
