layer at (0,0) size 785x1264
  RenderView at (0,0) size 785x600
layer at (0,0) size 785x1264
  RenderBlock {HTML} at (0,0) size 785x1264.19
    RenderBody {BODY} at (8,17.41) size 769x1238.78 [color=#00FF00] [bgcolor=#333333]
      RenderBlock {H1} at (0,0) size 769x26
        RenderText {#text} at (0,0) size 515x26
          text run at (0,0) width 515: "CSS2 Table Backgrounds Test Suite"
      RenderBlock {H2} at (0,43.41) size 769x20
        RenderText {#text} at (0,0) size 363x20
          text run at (0,0) width 363: "Part D: Background with Borders"
      RenderBlock {H3} at (0,79.58) size 769x15
        RenderText {#text} at (0,0) size 311x15
          text run at (0,0) width 311: "Background on 'table-column-group'"
      RenderBlock {P} at (0,109.78) size 769x39
        RenderText {#text} at (0,0) size 757x39
          text run at (0,0) width 757: "Three aqua stripes should run along the bottom of the last cell in the first three columns and up"
          text run at (0,13) width 757: "along the right edge of the cells in the third column. The stripes should align to be just inside"
          text run at (0,26) width 266: "the padding edge in cells M and G."
      RenderBlock {P} at (0,161.78) size 769x26
        RenderText {#text} at (0,0) size 757x26
          text run at (0,0) width 757: "Three aqua stripes should also run just inside the top padding edge of the first cell in the last"
          text run at (0,13) width 508: "column and down the left border edge of each cell in that column."
      RenderBlock {DL} at (0,200.78) size 769x78
        RenderBlock {DT} at (0,0) size 769x13
          RenderText {#text} at (0,0) size 32x13
            text run at (0,0) width 32: "next"
        RenderBlock {DD} at (40,13) size 729x13
          RenderInline {A} at (0,0) size 391x13 [color=#FFFF00]
            RenderText {#text} at (0,0) size 391x13
              text run at (0,0) width 391: "Background with Borders: Background on 'table-row'"
          RenderText {#text} at (0,0) size 0x0
        RenderBlock {DT} at (0,26) size 769x13
          RenderText {#text} at (0,0) size 63x13
            text run at (0,0) width 63: "previous"
        RenderBlock {DD} at (40,39) size 729x13
          RenderInline {A} at (0,0) size 437x13 [color=#FFFF00]
            RenderText {#text} at (0,0) size 437x13
              text run at (0,0) width 437: "Background with Borders: Background on 'table-row-group'"
          RenderText {#text} at (0,0) size 0x0
        RenderBlock {DT} at (0,52) size 769x13
          RenderText {#text} at (0,0) size 63x13
            text run at (0,0) width 63: "contents"
        RenderBlock {DD} at (40,65) size 729x13
          RenderInline {A} at (0,0) size 133x13 [color=#FFFF00]
            RenderText {#text} at (0,0) size 133x13
              text run at (0,0) width 133: "Table of Contents"
          RenderText {#text} at (0,0) size 0x0
      RenderTable {TABLE} at (0,291.78) size 622x467 [color=#FFFFFF] [border: (3px dotted #FFFFFF)]
        RenderBlock {CAPTION} at (0,0) size 622x19
          RenderText {#text} at (165,0) size 292x19
            text run at (165,0) width 292: "With 'border-collapse: separate'"
        RenderTableCol {COLGROUP} at (0,0) size 0x0 [bgcolor=#000000] [border: (5px dashed #FFFFFF)]
          RenderTableCol {COL} at (0,0) size 0x0
          RenderTableCol {COL} at (0,0) size 0x0
          RenderTableCol {COL} at (0,0) size 0x0 [border: (9px dashed #FFFFFF)]
        RenderTableCol {COLGROUP} at (0,0) size 0x0 [bgcolor=#000000]
          RenderTableCol {COL} at (0,0) size 0x0
        RenderTableSection {THEAD} at (3,22) size 616x114
          RenderTableRow {TR} at (0,7) size 616x100
            RenderTableCell {TH} at (7,45) size 130x23 [border: (1px dotted #FFFFFF)] [r=0 c=0 rs=1 cs=1]
              RenderText {#text} at (42,2) size 46x19
                text run at (42,2) width 46: "TH A"
            RenderTableCell {TH} at (144,33) size 220x47 [border: (13px dotted #FFFFFF)] [r=0 c=1 rs=1 cs=1]
              RenderText {#text} at (87,14) size 46x19
                text run at (87,14) width 46: "TH B"
            RenderTableCell {TH} at (371,45) size 118x23 [border: (1px dotted #FFFFFF)] [r=0 c=2 rs=1 cs=1]
              RenderText {#text} at (36,2) size 46x19
                text run at (36,2) width 46: "TH C"
            RenderTableCell {TH} at (496,45) size 113x23 [border: (1px dotted #FFFFFF)] [r=0 c=3 rs=1 cs=1]
              RenderText {#text} at (34,2) size 45x19
                text run at (34,2) width 45: "TH D"
        RenderTableSection {TFOOT} at (3,342) size 616x122
          RenderTableRow {TR} at (0,0) size 616x115
            RenderTableCell {TD} at (7,42) size 357x31 [border: (5px dashed #FFFFFF)] [r=0 c=0 rs=1 cs=2]
              RenderText {#text} at (6,6) size 47x19
                text run at (6,6) width 47: "TD M"
            RenderTableCell {TD} at (371,46) size 118x23 [border: (1px dotted #FFFFFF)] [r=0 c=2 rs=1 cs=1]
              RenderText {#text} at (2,2) size 46x19
                text run at (2,2) width 46: "TD O"
            RenderTableCell {TD} at (496,46) size 113x23 [border: (1px dotted #FFFFFF)] [r=0 c=3 rs=1 cs=1]
              RenderText {#text} at (2,2) size 44x19
                text run at (2,2) width 44: "TD P"
        RenderTableSection {TBODY} at (3,136) size 616x206
          RenderTableRow {TR} at (0,0) size 616x108
            RenderTableCell {TD} at (7,76) size 130x47 [border: (13px dotted #FFFFFF)] [r=0 c=0 rs=2 cs=1]
              RenderText {#text} at (14,14) size 44x19
                text run at (14,14) width 44: "TD E"
            RenderTableCell {TD} at (144,42) size 220x23 [border: (1px dotted #FFFFFF)] [r=0 c=1 rs=1 cs=1]
              RenderText {#text} at (2,2) size 43x19
                text run at (2,2) width 43: "TD F"
            RenderTableCell {TD} at (371,38) size 118x31 [border: (5px dashed #FFFFFF)] [r=0 c=2 rs=1 cs=1]
              RenderText {#text} at (6,6) size 46x19
                text run at (6,6) width 46: "TD G"
            RenderTableCell {TD} at (496,42) size 113x23 [border: (1px dotted #FFFFFF)] [r=0 c=3 rs=1 cs=1]
              RenderText {#text} at (2,2) size 45x19
                text run at (2,2) width 45: "TD H"
          RenderTableRow {TR} at (0,115) size 616x84
            RenderTableCell {TD} at (144,145) size 220x23 [border: (1px dotted #FFFFFF)] [r=1 c=1 rs=1 cs=1]
              RenderText {#text} at (2,2) size 42x19
                text run at (2,2) width 42: "TD J"
            RenderTableCell {TD} at (371,145) size 118x23 [border: (1px dotted #FFFFFF)] [r=1 c=2 rs=1 cs=1]
              RenderText {#text} at (2,2) size 45x19
                text run at (2,2) width 45: "TD K"
            RenderTableCell {TD} at (496,145) size 113x23 [border: (1px dotted #FFFFFF)] [r=1 c=3 rs=1 cs=1]
              RenderText {#text} at (2,2) size 43x19
                text run at (2,2) width 43: "TD L"
      RenderTable {TABLE} at (0,758.78) size 591x433 [color=#FFFFFF] [border: (6px dotted #FFFFFF)]
        RenderBlock {CAPTION} at (0,0) size 591x19
          RenderText {#text} at (151,0) size 289x19
            text run at (151,0) width 289: "With 'border-collapse: collapse'"
        RenderTableCol {COLGROUP} at (0,0) size 0x0 [bgcolor=#000000] [border: (5px dashed #FFFFFF)]
          RenderTableCol {COL} at (0,0) size 0x0
          RenderTableCol {COL} at (0,0) size 0x0
          RenderTableCol {COL} at (0,0) size 0x0 [border: (9px dashed #FFFFFF)]
        RenderTableCol {COLGROUP} at (0,0) size 0x0 [bgcolor=#000000]
          RenderTableCol {COL} at (0,0) size 0x0
        RenderTableSection {THEAD} at (1,25) size 588x100
          RenderTableRow {TR} at (0,0) size 588x100
            RenderTableCell {TH} at (0,35) size 137x30 [border: (3px dotted #FFFFFF)] [r=0 c=0 rs=1 cs=1]
              RenderText {#text} at (44,4) size 46x19
                text run at (44,4) width 46: "TH A"
            RenderTableCell {TH} at (137,33) size 207x34 [border: (7px dotted #FFFFFF)] [r=0 c=1 rs=1 cs=1]
              RenderText {#text} at (81,8) size 46x19
                text run at (81,8) width 46: "TH B"
            RenderTableCell {TH} at (344,36) size 127x28 [border: (5px dotted #FFFFFF)] [r=0 c=2 rs=1 cs=1]
              RenderText {#text} at (42,6) size 46x19
                text run at (42,6) width 46: "TH C"
            RenderTableCell {TH} at (471,38) size 117x23 [border: (2px dotted #FFFFFF)] [r=0 c=3 rs=1 cs=1]
              RenderText {#text} at (38,3) size 45x19
                text run at (38,3) width 45: "TH D"
        RenderTableSection {TFOOT} at (1,315) size 588x115
          RenderTableRow {TR} at (0,0) size 588x115
            RenderTableCell {TD} at (0,42) size 471x30 [border: (7px dashed #FFFFFF)] [r=0 c=0 rs=1 cs=3]
              RenderText {#text} at (4,8) size 47x19
                text run at (4,8) width 47: "TD M"
            RenderTableCell {TD} at (471,46) size 117x23 [border: (1px dotted #FFFFFF)] [r=0 c=3 rs=1 cs=1]
              RenderText {#text} at (6,2) size 44x19
                text run at (6,2) width 44: "TD P"
        RenderTableSection {TBODY} at (1,125) size 588x190
          RenderTableRow {TR} at (0,0) size 588x107
            RenderTableCell {TD} at (0,78) size 137x34 [border: (7px dotted #FFFFFF)] [r=0 c=0 rs=2 cs=1]
              RenderText {#text} at (8,8) size 44x19
                text run at (8,8) width 44: "TD E"
            RenderTableCell {TD} at (137,39) size 207x28 [border: (7px dotted #FFFFFF)] [r=0 c=1 rs=1 cs=1]
              RenderText {#text} at (8,8) size 43x19
                text run at (8,8) width 43: "TD F"
            RenderTableCell {TD} at (344,40) size 127x26 [border: (3px dashed #FFFFFF)] [r=0 c=2 rs=1 cs=1]
              RenderText {#text} at (6,4) size 46x19
                text run at (6,4) width 46: "TD G"
            RenderTableCell {TD} at (471,42) size 117x22 [border: (1px dotted #FFFFFF)] [r=0 c=3 rs=1 cs=1]
              RenderText {#text} at (6,2) size 45x19
                text run at (6,2) width 45: "TD H"
          RenderTableRow {TR} at (0,107) size 588x83
            RenderTableCell {TD} at (137,136) size 207x24 [border: (1px dotted #FFFFFF)] [r=1 c=1 rs=1 cs=1]
              RenderText {#text} at (8,2) size 42x19
                text run at (8,2) width 42: "TD J"
            RenderTableCell {TD} at (344,135) size 127x26 [border: (3px dotted #FFFFFF)] [r=1 c=2 rs=1 cs=1]
              RenderText {#text} at (6,4) size 45x19
                text run at (6,4) width 45: "TD K"
            RenderTableCell {TD} at (471,137) size 117x22 [border: (1px dotted #FFFFFF)] [r=1 c=3 rs=1 cs=1]
              RenderText {#text} at (6,2) size 43x19
                text run at (6,2) width 43: "TD L"
      RenderBlock {DIV} at (0,1191.78) size 769x34
        RenderInline {A} at (0,0) size 88x13 [color=#FFFF00]
          RenderImage {IMG} at (0,0) size 88x31
        RenderText {#text} at (0,0) size 0x0
      RenderBlock {ADDRESS} at (0,1225.78) size 769x13
        RenderText {#text} at (0,0) size 687x13
          text run at (0,0) width 687: "CSS2 Table Backgrounds Test Suite designed and written by fantasai <fantasai@escape.com>"
