layer at (0,0) size 800x600
  RenderView at (0,0) size 800x600
layer at (0,0) size 800x600
  RenderBlock {HTML} at (0,0) size 800x600
    RenderBody {BODY} at (8,8) size 784x584
      RenderTable {TABLE} at (0,0) size 423x98 [border: (2px outset #808080)]
        RenderBlock {CAPTION} at (0,0) size 423x16
          RenderText {#text} at (13,0) size 397x16
            text run at (13,0) width 397: "Communicator 4.5 Installers for Mac and Windows Platforms"
        RenderTableSection {TBODY} at (2,18) size 418x77
          RenderTableRow {TR} at (0,0) size 418x21
            RenderTableCell {TH} at (0,8) size 123x5 [border: (3px none #808080) none none (3px solid #808080)] [r=0 c=0 rs=1 cs=1]
            RenderTableCell {TH} at (123,0) size 111x21 [border: (3px none #808080) none none (1px solid #808080)] [r=0 c=1 rs=1 cs=1]
              RenderText {#text} at (2,4) size 108x16
                text run at (2,4) width 108: "Macintosh PPC"
            RenderTableCell {TH} at (234,0) size 88x21 [border: (3px none #808080) none none (1px solid #808080)] [r=0 c=2 rs=1 cs=1]
              RenderText {#text} at (2,4) size 85x16
                text run at (2,4) width 85: "Windows 95"
            RenderTableCell {TH} at (322,0) size 96x21 [border: (3px none #808080) (2px solid #808080) none (1px solid #808080)] [r=0 c=3 rs=1 cs=1]
              RenderText {#text} at (2,4) size 91x16
                text run at (2,4) width 91: "Windows NT"
          RenderTableRow {TR} at (0,21) size 418x18
            RenderTableCell {TD} at (0,21) size 123x18 [border: none none none (3px solid #808080)] [r=1 c=0 rs=1 cs=1]
              RenderText {#text} at (4,1) size 76x16
                text run at (4,1) width 76: "Base Install"
            RenderTableCell {TD} at (123,21) size 111x18 [border: none none none (1px solid #808080)] [r=1 c=1 rs=1 cs=1]
              RenderText {#text} at (2,1) size 22x16
                text run at (2,1) width 22: "yes"
            RenderTableCell {TD} at (234,21) size 88x18 [border: none none none (1px solid #808080)] [r=1 c=2 rs=1 cs=1]
              RenderText {#text} at (2,1) size 22x16
                text run at (2,1) width 22: "yes"
            RenderTableCell {TD} at (322,21) size 96x18 [border: none (2px solid #808080) none (1px solid #808080)] [r=1 c=3 rs=1 cs=1]
              RenderText {#text} at (2,1) size 22x16
                text run at (2,1) width 22: "yes"
          RenderTableRow {TR} at (0,39) size 418x18
            RenderTableCell {TD} at (0,39) size 123x18 [border: none none none (3px solid #808080)] [r=2 c=0 rs=1 cs=1]
              RenderText {#text} at (4,1) size 107x16
                text run at (4,1) width 107: "Complete Install"
            RenderTableCell {TD} at (123,39) size 111x18 [border: none none none (1px solid #808080)] [r=2 c=1 rs=1 cs=1]
              RenderText {#text} at (2,1) size 22x16
                text run at (2,1) width 22: "yes"
            RenderTableCell {TD} at (234,39) size 88x18 [border: none none none (1px solid #808080)] [r=2 c=2 rs=1 cs=1]
              RenderText {#text} at (2,1) size 22x16
                text run at (2,1) width 22: "yes"
            RenderTableCell {TD} at (322,39) size 96x18 [border: none (2px solid #808080) none (1px solid #808080)] [r=2 c=3 rs=1 cs=1]
              RenderText {#text} at (2,1) size 22x16
                text run at (2,1) width 22: "yes"
          RenderTableRow {TR} at (0,57) size 418x20
            RenderTableCell {TD} at (0,57) size 123x20 [border: none none (2px none #808080) (3px solid #808080)] [r=3 c=0 rs=1 cs=1]
              RenderText {#text} at (4,1) size 118x16
                text run at (4,1) width 118: "Pro Edition Install"
            RenderTableCell {TD} at (123,57) size 111x20 [border: none none (2px none #808080) (1px solid #808080)] [r=3 c=1 rs=1 cs=1]
              RenderText {#text} at (2,1) size 22x16
                text run at (2,1) width 22: "yes"
            RenderTableCell {TD} at (234,57) size 88x20 [border: none none (2px none #808080) (1px solid #808080)] [r=3 c=2 rs=1 cs=1]
              RenderText {#text} at (2,1) size 22x16
                text run at (2,1) width 22: "yes"
            RenderTableCell {TD} at (322,57) size 96x20 [border: none (2px solid #808080) (2px none #808080) (1px solid #808080)] [r=3 c=3 rs=1 cs=1]
              RenderText {#text} at (2,1) size 22x16
                text run at (2,1) width 22: "yes"
