layer at (0,0) size 800x600
  RenderView at (0,0) size 800x600
layer at (0,0) size 800x600
  RenderBlock {HTML} at (0,0) size 800x600
    RenderBody {BODY} at (8,8) size 784x584
      RenderTable {TABLE} at (0,0) size 428x108 [border: (1px solid #808080) none (1px solid #808080) none]
        RenderBlock {CAPTION} at (0,0) size 428x16
          RenderText {#text} at (15,0) size 398x16
            text run at (15,0) width 398: "Communicator 4.5 Installers for Mac and Windows Platforms"
        RenderTableSection {TBODY} at (0,17) size 428x90
          RenderTableRow {TR} at (0,2) size 428x20
            RenderTableCell {TH} at (2,10) size 122x4 [border: (1px inset #808080)] [r=0 c=0 rs=1 cs=1]
            RenderTableCell {TH} at (126,2) size 112x20 [border: (1px inset #808080)] [r=0 c=1 rs=1 cs=1]
              RenderText {#text} at (2,2) size 108x16
                text run at (2,2) width 108: "Macintosh PPC"
            RenderTableCell {TH} at (240,2) size 89x20 [border: (1px inset #808080)] [r=0 c=2 rs=1 cs=1]
              RenderText {#text} at (2,2) size 85x16
                text run at (2,2) width 85: "Windows 95"
            RenderTableCell {TH} at (331,2) size 95x20 [border: (1px inset #808080)] [r=0 c=3 rs=1 cs=1]
              RenderText {#text} at (2,2) size 91x16
                text run at (2,2) width 91: "Windows NT"
          RenderTableRow {TR} at (0,24) size 428x20
            RenderTableCell {TD} at (2,24) size 122x20 [border: (1px inset #808080)] [r=1 c=0 rs=1 cs=1]
              RenderText {#text} at (2,2) size 76x16
                text run at (2,2) width 76: "Base Install"
            RenderTableCell {TD} at (126,24) size 112x20 [border: (1px inset #808080)] [r=1 c=1 rs=1 cs=1]
              RenderText {#text} at (2,2) size 22x16
                text run at (2,2) width 22: "yes"
            RenderTableCell {TD} at (240,24) size 89x20 [border: (1px inset #808080)] [r=1 c=2 rs=1 cs=1]
              RenderText {#text} at (2,2) size 22x16
                text run at (2,2) width 22: "yes"
            RenderTableCell {TD} at (331,24) size 95x20 [border: (1px inset #808080)] [r=1 c=3 rs=1 cs=1]
              RenderText {#text} at (2,2) size 22x16
                text run at (2,2) width 22: "yes"
          RenderTableRow {TR} at (0,46) size 428x20
            RenderTableCell {TD} at (2,46) size 122x20 [border: (1px inset #808080)] [r=2 c=0 rs=1 cs=1]
              RenderText {#text} at (2,2) size 107x16
                text run at (2,2) width 107: "Complete Install"
            RenderTableCell {TD} at (126,46) size 112x20 [border: (1px inset #808080)] [r=2 c=1 rs=1 cs=1]
              RenderText {#text} at (2,2) size 22x16
                text run at (2,2) width 22: "yes"
            RenderTableCell {TD} at (240,46) size 89x20 [border: (1px inset #808080)] [r=2 c=2 rs=1 cs=1]
              RenderText {#text} at (2,2) size 22x16
                text run at (2,2) width 22: "yes"
            RenderTableCell {TD} at (331,46) size 95x20 [border: (1px inset #808080)] [r=2 c=3 rs=1 cs=1]
              RenderText {#text} at (2,2) size 22x16
                text run at (2,2) width 22: "yes"
          RenderTableRow {TR} at (0,68) size 428x20
            RenderTableCell {TD} at (2,68) size 122x20 [border: (1px inset #808080)] [r=3 c=0 rs=1 cs=1]
              RenderText {#text} at (2,2) size 118x16
                text run at (2,2) width 118: "Pro Edition Install"
            RenderTableCell {TD} at (126,68) size 112x20 [border: (1px inset #808080)] [r=3 c=1 rs=1 cs=1]
              RenderText {#text} at (2,2) size 22x16
                text run at (2,2) width 22: "yes"
            RenderTableCell {TD} at (240,68) size 89x20 [border: (1px inset #808080)] [r=3 c=2 rs=1 cs=1]
              RenderText {#text} at (2,2) size 22x16
                text run at (2,2) width 22: "yes"
            RenderTableCell {TD} at (331,68) size 95x20 [border: (1px inset #808080)] [r=3 c=3 rs=1 cs=1]
              RenderText {#text} at (2,2) size 22x16
                text run at (2,2) width 22: "yes"
