layer at (0,0) size 785x722
  RenderView at (0,0) size 785x600
layer at (0,0) size 785x526
  RenderBlock {HTML} at (0,0) size 785x526
    RenderBody {BODY} at (8,8) size 769x510
      RenderTable {TABLE} at (0,0) size 230x510 [border: (1px outset #808080)]
        RenderBlock {CAPTION} at (0,0) size 230x206 [border: (3px solid #FFA500)]
          RenderText {#text} at (103,3) size 24x16
            text run at (103,3) width 24: "cap"
        RenderTableSection {TBODY} at (1,207) size 228x302
          RenderTableRow {TR} at (0,30) size 228x80
            RenderTableCell {TD} at (30,46) size 54x48 [border: (1px inset #808080)] [r=0 c=0 rs=1 cs=1]
              RenderText {#text} at (16,16) size 22x16
                text run at (16,16) width 22: "foo"
            RenderTableCell {TD} at (114,30) size 84x80 [border: (1px inset #808080)] [r=0 c=1 rs=1 cs=1]
              RenderText {#text} at (16,16) size 21x16
                text run at (16,16) width 21: "bar"
              RenderBR {BR} at (36,16) size 1x16
              RenderText {#text} at (16,32) size 23x16
                text run at (16,32) width 23: "baz"
              RenderBR {BR} at (38,32) size 1x16
              RenderText {#text} at (16,48) size 23x16
                text run at (16,48) width 23: "zap"
          RenderTableRow {TR} at (0,140) size 228x132
            RenderTableCell {TD} at (30,182) size 54x48 [border: (1px inset #808080)] [r=1 c=0 rs=1 cs=1]
              RenderText {#text} at (16,16) size 22x16
                text run at (16,16) width 22: "foo"
            RenderTableCell {TD} at (114,188) size 84x84 [border: (1px inset #808080)] [r=1 c=1 rs=1 cs=1]
              RenderBlock {DIV} at (16,16) size 52x52 [border: (1px solid #008000)]
                RenderBlock {DIV} at (1,1) size 402x302 [border: (1px solid #FF0000)]
                  RenderText {#text} at (1,1) size 8x16
                    text run at (1,1) width 8: "d"
