layer at (0,0) size 785x677
  RenderView at (0,0) size 785x600
layer at (0,0) size 785x466
  RenderBlock {HTML} at (0,0) size 785x466
    RenderBody {BODY} at (8,8) size 769x450
      RenderTable {TABLE} at (0,0) size 200x450 [border: (1px outset #808080)]
        RenderBlock {CAPTION} at (0,0) size 200x206 [border: (3px solid #FFA500)]
          RenderText {#text} at (77,3) size 46x32
            text run at (77,3) width 46: "cap"
        RenderTableSection {TBODY} at (1,207) size 198x110
          RenderTableRow {TR} at (0,30) size 198x50
            RenderTableCell {TD} at (30,46) size 54x18 [border: (1px inset #808080)] [r=0 c=0 rs=1 cs=1]
              RenderText {#text} at (1,1) size 22x16
                text run at (1,1) width 22: "foo"
            RenderTableCell {TD} at (114,30) size 54x50 [border: (1px inset #808080)] [r=0 c=1 rs=1 cs=1]
              RenderText {#text} at (1,1) size 21x16
                text run at (1,1) width 21: "bar"
              RenderBR {BR} at (21,1) size 1x16
              RenderText {#text} at (1,17) size 23x16
                text run at (1,17) width 23: "baz"
              RenderBR {BR} at (23,17) size 1x16
              RenderText {#text} at (1,33) size 23x16
                text run at (1,33) width 23: "zap"
        RenderTableSection {TBODY} at (1,317) size 198x132
          RenderTableRow {TR} at (0,0) size 198x102
            RenderTableCell {TD} at (30,2) size 54x98 [border: (1px inset #808080)] [r=0 c=0 rs=1 cs=1]
              RenderText {#text} at (1,1) size 45x96
                text run at (1,1) width 43: "foo"
                text run at (1,33) width 41: "bar"
                text run at (1,65) width 45: "baz"
            RenderTableCell {TD} at (114,48) size 54x54 [border: (1px inset #808080)] [r=0 c=1 rs=1 cs=1]
              RenderBlock {DIV} at (1,1) size 52x52 [border: (1px solid #008000)]
                RenderBlock {DIV} at (1,1) size 402x302 [border: (1px solid #FF0000)]
                  RenderText {#text} at (1,1) size 16x32
                    text run at (1,1) width 16: "d"
