layer at (0,0) size 785x668
  RenderView at (0,0) size 785x600
layer at (0,0) size 785x457
  RenderBlock {HTML} at (0,0) size 785x457
    RenderBody {BODY} at (8,8) size 769x441
      RenderTable {TABLE} at (0,0) size 200x441 [border: (1px outset #808080)]
        RenderBlock {CAPTION} at (0,0) size 200x206 [border: (3px solid #FFA500)]
          RenderText {#text} at (77,3) size 46x32
            text run at (77,3) width 46: "cap"
        RenderTableSection {TBODY} at (1,207) size 198x233
          RenderTableRow {TR} at (0,30) size 198x41
            RenderTableCell {TD} at (30,43) size 54x15 [border: (1px inset #808080)] [r=0 c=0 rs=1 cs=1]
              RenderText {#text} at (1,1) size 18x13
                text run at (1,1) width 18: "foo"
            RenderTableCell {TD} at (114,30) size 54x41 [border: (1px inset #808080)] [r=0 c=1 rs=1 cs=1]
              RenderText {#text} at (1,1) size 18x13
                text run at (1,1) width 18: "bar"
              RenderBR {BR} at (18,1) size 1x13
              RenderText {#text} at (1,14) size 19x13
                text run at (1,14) width 19: "baz"
              RenderBR {BR} at (19,14) size 1x13
              RenderText {#text} at (1,27) size 19x13
                text run at (1,27) width 19: "zap"
          RenderTableRow {TR} at (0,101) size 198x102
            RenderTableCell {TD} at (30,103) size 54x98 [border: (1px inset #808080)] [r=1 c=0 rs=1 cs=1]
              RenderText {#text} at (1,1) size 45x96
                text run at (1,1) width 43: "foo"
                text run at (1,33) width 41: "bar"
                text run at (1,65) width 45: "baz"
            RenderTableCell {TD} at (114,149) size 54x54 [border: (1px inset #808080)] [r=1 c=1 rs=1 cs=1]
              RenderBlock {DIV} at (1,1) size 52x52 [border: (1px solid #008000)]
                RenderBlock {DIV} at (1,1) size 402x302 [border: (1px solid #FF0000)]
                  RenderText {#text} at (1,1) size 16x32
                    text run at (1,1) width 16: "d"
