layer at (0,0) size 800x600
  RenderView at (0,0) size 800x600
layer at (0,0) size 800x120
  RenderBlock {html} at (0,0) size 800x120
    RenderBody {body} at (8,16) size 784x96
      RenderBlock {p} at (0,0) size 784x16
        RenderText {#text} at (0,0) size 293x16
          text run at (0,0) width 293: "The table caption should be aligned at the left"
      RenderTable {table} at (0,32) size 130x64 [border: (1px outset #808080)]
        RenderBlock {caption} at (0,0) size 130x16
          RenderText {#text} at (30,0) size 70x16
            text run at (30,0) width 70: "CAPTION"
        RenderTableSection (anonymous) at (1,17) size 128x46
          RenderTableRow {tr} at (0,2) size 128x20
            RenderTableCell {td} at (2,2) size 40x20 [border: (1px inset #808080)] [r=0 c=0 rs=1 cs=1]
              RenderText {#text} at (2,2) size 36x16
                text run at (2,2) width 36: "cell 1"
            RenderTableCell {td} at (44,2) size 40x20 [border: (1px inset #808080)] [r=0 c=1 rs=1 cs=1]
              RenderText {#text} at (2,2) size 36x16
                text run at (2,2) width 36: "cell 2"
            RenderTableCell {td} at (86,2) size 40x20 [border: (1px inset #808080)] [r=0 c=2 rs=1 cs=1]
              RenderText {#text} at (2,2) size 36x16
                text run at (2,2) width 36: "cell 3"
          RenderTableRow {tr} at (0,24) size 128x20
            RenderTableCell {td} at (2,24) size 40x20 [border: (1px inset #808080)] [r=1 c=0 rs=1 cs=1]
              RenderText {#text} at (2,2) size 36x16
                text run at (2,2) width 36: "cell 4"
            RenderTableCell {td} at (44,24) size 40x20 [border: (1px inset #808080)] [r=1 c=1 rs=1 cs=1]
              RenderText {#text} at (2,2) size 36x16
                text run at (2,2) width 36: "cell 5"
            RenderTableCell {td} at (86,24) size 40x20 [border: (1px inset #808080)] [r=1 c=2 rs=1 cs=1]
              RenderText {#text} at (2,2) size 36x16
                text run at (2,2) width 36: "cell 6"
