layer at (0,0) size 800x600
  RenderView at (0,0) size 800x600
layer at (0,0) size 800x133
  RenderBlock {html} at (0,0) size 800x133
    RenderBody {body} at (8,16) size 784x109
      RenderBlock {p} at (0,0) size 784x16
        RenderText {#text} at (0,0) size 459x16
          text run at (0,0) width 415: "There should be rules between all rows and columns in the table "
          text run at (414,0) width 45: "below."
      RenderTable {table} at (0,32) size 181x77 [border: none]
        RenderTableCol {colgroup} at (0,0) size 0x0
          RenderTableCol {col} at (0,0) size 0x0
        RenderTableCol {colgroup} at (0,0) size 0x0
          RenderTableCol {col} at (0,0) size 0x0
        RenderTableCol {colgroup} at (0,0) size 0x0
          RenderTableCol {col} at (0,0) size 0x0
        RenderTableSection {thead} at (0,0) size 180x19
          RenderTableRow {tr} at (0,0) size 180x19
            RenderTableCell {th} at (0,0) size 60x19 [border: (1px solid #808080)] [r=0 c=0 rs=1 cs=1]
              RenderText {#text} at (2,2) size 57x16
                text run at (2,2) width 57: "THEAD"
            RenderTableCell {th} at (60,0) size 60x19 [border: (1px solid #808080)] [r=0 c=1 rs=1 cs=1]
              RenderText {#text} at (2,2) size 57x16
                text run at (2,2) width 57: "THEAD"
            RenderTableCell {th} at (120,0) size 60x19 [border: (1px solid #808080)] [r=0 c=2 rs=1 cs=1]
              RenderText {#text} at (2,2) size 57x16
                text run at (2,2) width 57: "THEAD"
        RenderTableSection {tfoot} at (0,57) size 180x19
          RenderTableRow {tr} at (0,0) size 180x19
            RenderTableCell {td} at (0,0) size 60x19 [border: (1px solid #808080)] [r=0 c=0 rs=1 cs=1]
              RenderText {#text} at (2,2) size 52x16
                text run at (2,2) width 52: "TFOOT"
            RenderTableCell {td} at (60,0) size 60x19 [border: (1px solid #808080)] [r=0 c=1 rs=1 cs=1]
              RenderText {#text} at (2,2) size 52x16
                text run at (2,2) width 52: "TFOOT"
            RenderTableCell {td} at (120,0) size 60x19 [border: (1px solid #808080)] [r=0 c=2 rs=1 cs=1]
              RenderText {#text} at (2,2) size 52x16
                text run at (2,2) width 52: "TFOOT"
        RenderTableSection {tbody} at (0,19) size 180x38
          RenderTableRow {tr} at (0,0) size 180x19
            RenderTableCell {td} at (0,0) size 60x19 [border: (1px solid #808080)] [r=0 c=0 rs=1 cs=1]
              RenderText {#text} at (2,2) size 56x16
                text run at (2,2) width 56: "TBODY"
            RenderTableCell {td} at (60,0) size 60x19 [border: (1px solid #808080)] [r=0 c=1 rs=1 cs=1]
              RenderText {#text} at (2,2) size 56x16
                text run at (2,2) width 56: "TBODY"
            RenderTableCell {td} at (120,0) size 60x19 [border: (1px solid #808080)] [r=0 c=2 rs=1 cs=1]
              RenderText {#text} at (2,2) size 56x16
                text run at (2,2) width 56: "TBODY"
          RenderTableRow {tr} at (0,19) size 180x19
            RenderTableCell {td} at (0,19) size 60x19 [border: (1px solid #808080)] [r=1 c=0 rs=1 cs=1]
              RenderText {#text} at (2,2) size 56x16
                text run at (2,2) width 56: "TBODY"
            RenderTableCell {td} at (60,19) size 60x19 [border: (1px solid #808080)] [r=1 c=1 rs=1 cs=1]
              RenderText {#text} at (2,2) size 56x16
                text run at (2,2) width 56: "TBODY"
            RenderTableCell {td} at (120,19) size 60x19 [border: (1px solid #808080)] [r=1 c=2 rs=1 cs=1]
              RenderText {#text} at (2,2) size 56x16
                text run at (2,2) width 56: "TBODY"
