layer at (0,0) size 800x600
  RenderView at (0,0) size 800x600
layer at (0,0) size 800x600
  RenderBlock {HTML} at (0,0) size 800x600
    RenderBody {BODY} at (8,8) size 784x584
      RenderBlock {P} at (0,0) size 784x80
        RenderRuby (inline) {RUBY} at (0,0) size 124x53
          RenderRubyRun (anonymous) at (0,25) size 123.47x55
            RenderRubyText {RT} at (0,-25) size 123.47x27
              RenderText {#text} at (0,0) size 124x26
                text run at (0,0) width 124: "\x{304D}\x{3069}\x{3046}\x{305F}\x{3044}\x{304D}"
            RenderRubyBase (anonymous) at (0,0) size 123.47x55
              RenderText {#text} at (13,1) size 97x53
                text run at (13,1) width 97: "\x{653B}\x{6BBB}"
        RenderText {#text} at (0,0) size 0x0
      RenderBlock {P} at (0,96) size 784x80
        RenderRuby (inline) {RUBY} at (0,0) size 162x53
          RenderRubyRun (anonymous) at (0,25) size 161.63x55
            RenderRubyText {RT} at (0,-25) size 161.63x27
              RenderText {#text} at (0,0) size 162x26
                text run at (0,0) width 162: "\x{304D}\x{3069}\x{3046}\x{305F}\x{3044}\x{304D}\x{3069}\x{3046}"
            RenderRubyBase (anonymous) at (0,0) size 161.63x55
              RenderText {#text} at (8,1) size 145x53
                text run at (8,1) width 145: "\x{6A5F}\x{52D5}\x{968A}"
        RenderText {#text} at (0,0) size 0x0
      RenderBlock {DIV} at (0,192) size 210x292
        RenderBlock {P} at (16,0) size 81x292
          RenderRuby (inline) {RUBY} at (0,0) size 53x139
            RenderRubyRun (anonymous) at (25,0) size 56x138.28
              RenderRubyText {RT} at (-25,0) size 27x138.28
                RenderText {#text} at (0,0) size 26x139
                  text run at (0,0) width 139: "\x{304D}\x{3069}\x{3046}\x{305F}\x{3044}\x{304D}"
              RenderRubyBase (anonymous) at (0,0) size 56x138.28
                RenderText {#text} at (1,21) size 53x97
                  text run at (1,21) width 96: "\x{653B}\x{6BBB}"
          RenderText {#text} at (0,0) size 0x0
        RenderBlock {P} at (113,0) size 81x292
          RenderRuby (inline) {RUBY} at (0,0) size 53x186
            RenderRubyRun (anonymous) at (25,0) size 56x185.34
              RenderRubyText {RT} at (-25,0) size 27x185.34
                RenderText {#text} at (0,0) size 26x186
                  text run at (0,0) width 186: "\x{304D}\x{3069}\x{3046}\x{305F}\x{3044}\x{304D}\x{3069}\x{3046}"
              RenderRubyBase (anonymous) at (0,0) size 56x185.34
                RenderText {#text} at (1,20) size 53x145
                  text run at (1,20) width 144: "\x{6A5F}\x{52D5}\x{968A}"
          RenderText {#text} at (0,0) size 0x0
