layer at (0,0) size 800x600
  RenderView at (0,0) size 800x600
layer at (0,0) size 800x600
  RenderBlock {HTML} at (0,0) size 800x600
    RenderBody {BODY} at (8,8) size 784x576
      RenderBlock {P} at (0,0) size 784x18
        RenderText {#text} at (0,0) size 670x17
          text run at (0,0) width 670: "The following is a test for DOM manipulation within <ruby>: Inserting a new text before a <rt> element"
      RenderBlock {P} at (0,34) size 784x18
        RenderText {#text} at (0,0) size 448x17
          text run at (0,0) width 448: "Both lines should look identical (the first line is the one manipulated)."
      RenderBlock (anonymous) at (0,68) size 784x36
        RenderBR {BR} at (0,0) size 0x17
        RenderBR {BR} at (0,18) size 0x17
      RenderBlock {P} at (0,120) size 784x30
        RenderText {#text} at (0,12) size 159x17
          text run at (0,12) width 159: "<ruby> is defined in the "
        RenderRuby (inline) {RUBY} at (0,0) size 116x17
          RenderRubyRun (anonymous) at (154.02,12) size 41x18
            RenderRubyText {RT} at (0,-12) size 41x12
              RenderText {#text} at (0,0) size 41x12
                text run at (0,0) width 41: "Hyper-text"
            RenderRubyBase (anonymous) at (0,0) size 41x18
              RenderText {#text} at (10,0) size 22x17
                text run at (10,0) width 22: "HT"
          RenderRubyRun (anonymous) at (195.02,12) size 70x18
            RenderRubyText {RT} at (0,-12) size 70x12
              RenderText {#text} at (0,0) size 70x12
                text run at (0,0) width 70: "Markup Language"
            RenderRubyBase (anonymous) at (0,0) size 70x18
              RenderText {#text} at (23,0) size 24x17
                text run at (23,0) width 24: "ML"
          RenderRubyRun (anonymous) at (265.02,12) size 8x18
            RenderRubyBase (anonymous) at (0,0) size 8x18
              RenderText {#text} at (0,0) size 8x17
                text run at (0,0) width 8: "5"
        RenderText {#text} at (273,12) size 37x17
          text run at (273,12) width 37: " spec."
      RenderBlock {P} at (0,166) size 784x30
        RenderText {#text} at (0,12) size 159x17
          text run at (0,12) width 159: "<ruby> is defined in the "
        RenderRuby (inline) {RUBY} at (0,0) size 116x17
          RenderRubyRun (anonymous) at (154.02,12) size 41x18
            RenderRubyText {RT} at (0,-12) size 41x12
              RenderText {#text} at (0,0) size 41x12
                text run at (0,0) width 41: "Hyper-text"
            RenderRubyBase (anonymous) at (0,0) size 41x18
              RenderText {#text} at (10,0) size 22x17
                text run at (10,0) width 22: "HT"
          RenderRubyRun (anonymous) at (195.02,12) size 70x18
            RenderRubyText {RT} at (0,-12) size 70x12
              RenderText {#text} at (0,0) size 70x12
                text run at (0,0) width 70: "Markup Language"
            RenderRubyBase (anonymous) at (0,0) size 70x18
              RenderText {#text} at (23,0) size 24x17
                text run at (23,0) width 24: "ML"
          RenderRubyRun (anonymous) at (265.02,12) size 8x18
            RenderRubyBase (anonymous) at (0,0) size 8x18
              RenderText {#text} at (0,0) size 8x17
                text run at (0,0) width 8: "5"
        RenderText {#text} at (273,12) size 37x17
          text run at (273,12) width 37: " spec."
