layer at (0,0) size 800x600
  RenderView at (0,0) size 800x600
layer at (0,0) size 800x86
  RenderBlock {HTML} at (0,0) size 800x86
    RenderBody {BODY} at (16,16) size 768x54 [color=#0000FF]
      RenderRuby (inline) {RUBY} at (0,0) size 209x36
        RenderRubyRun (anonymous) at (0,17) size 186.67x37
          RenderRubyText {RT} at (0,-17) size 186.67x18
            RenderInline {<pseudo:before>} at (0,0) size 62x17
              RenderTextFragment at (0,0) size 62x17
                text run at (0,0) width 62: "BEFORE"
            RenderText {#text} at (61,0) size 76x17
              text run at (61,0) width 76: "CONTENT"
            RenderInline {<pseudo:after>} at (0,0) size 52x17
              RenderTextFragment at (136,0) size 52x17
                text run at (136,0) width 52: "AFTER"
          RenderRubyBase (anonymous) at (0,0) size 186.67x37
            RenderText {#text} at (81,0) size 24x36
              text run at (81,0) width 24: "A"
        RenderRubyRun (anonymous) at (186.67,17) size 21.34x37
          RenderRubyBase (anonymous) at (0,0) size 21.34x37
            RenderText {#text} at (0,0) size 22x36
              text run at (0,0) width 22: "B"
      RenderText {#text} at (0,0) size 0x0
      RenderText {#text} at (0,0) size 0x0
