layer at (0,0) size 800x600
  RenderView at (0,0) size 800x600
layer at (0,0) size 800x600
  RenderBlock {HTML} at (0,0) size 800x600
    RenderBody {BODY} at (8,8) size 784x584
      RenderText {#text} at (0,0) size 766x35
        text run at (0,0) width 766: "This is a initial test for simple ruby. There should be 2 ruby annotations on below line, one with a ruby text shorter than"
        text run at (0,18) width 60: "the base, "
        text run at (59,18) width 297: "and one with a ruby text longer than the base. "
      RenderBR {BR} at (355,32) size 1x0
      RenderBR {BR} at (0,36) size 0x17
      RenderText {#text} at (0,65) size 159x17
        text run at (0,65) width 159: "<ruby> is defined in the "
      RenderRuby (inline) {RUBY} at (0,0) size 186x17
        RenderRubyRun (anonymous) at (158.02,65) size 185.72x18
          RenderRubyText {RT} at (0,-12) size 185.72x12
            RenderText {#text} at (77,0) size 32x12
              text run at (77,0) width 32: "HTML5"
          RenderRubyBase (anonymous) at (0,0) size 185.72x18
            RenderText {#text} at (0,0) size 186x17
              text run at (0,0) width 186: "Hypertext Markup Language"
      RenderText {#text} at (343,65) size 32x17
        text run at (343,65) width 32: " and "
      RenderRuby (inline) {RUBY} at (0,0) size 82x17
        RenderRubyRun (anonymous) at (370.83,65) size 89x18
          RenderRubyText {RT} at (0,-12) size 89x12
            RenderText {#text} at (0,0) size 89x12
              text run at (0,0) width 89: "Cascading Style Sheets"
          RenderRubyBase (anonymous) at (0,0) size 89x18
            RenderText {#text} at (26,0) size 37x17
              text run at (26,0) width 37: "CSS3"
      RenderText {#text} at (455,65) size 44x17
        text run at (455,65) width 44: " specs."
