layer at (0,0) size 800x600
  RenderView at (0,0) size 800x600
layer at (0,0) size 800x600
  RenderBlock {HTML} at (0,0) size 800x600
    RenderBody {BODY} at (8,8) size 784x576
      RenderBlock {P} at (0,0) size 784x18
        RenderText {#text} at (0,0) size 463x17
          text run at (0,0) width 463: "The following is a test for having a <rt> immediately following another."
      RenderBlock (anonymous) at (0,34) size 784x36
        RenderBR {BR} at (0,0) size 0x17
        RenderBR {BR} at (0,18) size 0x17
      RenderBlock {P} at (0,86) size 784x30
        RenderText {#text} at (0,12) size 83x17
          text run at (0,12) width 83: "<ruby> uses "
        RenderRuby (inline) {RUBY} at (0,0) size 43x17
          RenderRubyRun (anonymous) at (82.92,12) size 27.83x18
            RenderRubyText {RT} at (0,-12) size 27.83x12
              RenderText {#text} at (4,0) size 19x12
                text run at (4,0) width 19: "ruby"
            RenderRubyBase (anonymous) at (0,0) size 27.83x18
              RenderText {#text} at (0,0) size 29x17
                text run at (0,0) width 29: "<rt>"
          RenderRubyRun (anonymous) at (110.75,28) size 14x0
            RenderRubyText {RT} at (0,-12) size 14x12
              RenderText {#text} at (0,0) size 14x12
                text run at (0,0) width 14: "text"
        RenderText {#text} at (124,12) size 168x17
          text run at (124,12) width 168: " to contain the annotation."
