layer at (0,0) size 800x600
  RenderView at (0,0) size 800x600
layer at (0,0) size 800x600
  RenderBlock {HTML} at (0,0) size 800x600
    RenderBody {BODY} at (8,8) size 784x576
      RenderBlock {P} at (0,0) size 784x18
        RenderText {#text} at (0,0) size 750x17
          text run at (0,0) width 750: "The following is a test for DOM manipulation within <ruby>: Inserting a new text before another text of a ruby base."
      RenderBlock {P} at (0,34) size 784x18
        RenderText {#text} at (0,0) size 448x17
          text run at (0,0) width 448: "Both lines should look identical (the first line is the one manipulated)."
      RenderBlock (anonymous) at (0,68) size 784x36
        RenderBR {BR} at (0,0) size 0x17
        RenderBR {BR} at (0,18) size 0x17
      RenderBlock {P} at (0,120) size 784x30
        RenderText {#text} at (0,12) size 159x17
          text run at (0,12) width 159: "<ruby> is defined in the "
        RenderRuby (inline) {RUBY} at (0,0) size 118x17
          RenderRubyRun (anonymous) at (154.02,12) size 113x18
            RenderRubyText {RT} at (0,-12) size 113x12
              RenderText {#text} at (0,0) size 113x12
                text run at (0,0) width 113: "Hyper-text Markup Language"
            RenderRubyBase (anonymous) at (0,0) size 113x18
              RenderText {#text} at (34,0) size 22x17
                text run at (34,0) width 22: "HT"
              RenderInline {SPAN} at (0,0) size 25x17
                RenderText {#text} at (55,0) size 25x17
                  text run at (55,0) width 25: "ML"
          RenderRubyRun (anonymous) at (267.02,12) size 8x18
            RenderRubyBase (anonymous) at (0,0) size 8x18
              RenderText {#text} at (0,0) size 8x17
                text run at (0,0) width 8: "5"
        RenderText {#text} at (275,12) size 37x17
          text run at (275,12) width 37: " spec."
      RenderBlock {P} at (0,166) size 784x30
        RenderText {#text} at (0,12) size 159x17
          text run at (0,12) width 159: "<ruby> is defined in the "
        RenderRuby (inline) {RUBY} at (0,0) size 118x17
          RenderRubyRun (anonymous) at (154.02,12) size 113x18
            RenderRubyText {RT} at (0,-12) size 113x12
              RenderText {#text} at (0,0) size 113x12
                text run at (0,0) width 113: "Hyper-text Markup Language"
            RenderRubyBase (anonymous) at (0,0) size 113x18
              RenderText {#text} at (34,0) size 22x17
                text run at (34,0) width 22: "HT"
              RenderInline {SPAN} at (0,0) size 25x17
                RenderText {#text} at (55,0) size 25x17
                  text run at (55,0) width 25: "ML"
          RenderRubyRun (anonymous) at (267.02,12) size 8x18
            RenderRubyBase (anonymous) at (0,0) size 8x18
              RenderText {#text} at (0,0) size 8x17
                text run at (0,0) width 8: "5"
        RenderText {#text} at (275,12) size 37x17
          text run at (275,12) width 37: " spec."
