layer at (0,0) size 800x600
  RenderView at (0,0) size 800x600
layer at (0,0) size 800x600
  RenderBlock {HTML} at (0,0) size 800x600
    RenderBody {BODY} at (8,8) size 784x576
      RenderBlock (anonymous) at (0,0) size 784x54
        RenderText {#text} at (0,0) size 777x35
          text run at (0,0) width 342: "This is a test for simple ruby that contains <rp> tags. "
          text run at (341,0) width 436: "Contents of the <rp> tags (opening and closing brackets) should not"
          text run at (0,18) width 204: "show when ruby is suppoorted. "
        RenderBR {BR} at (203,32) size 1x0
        RenderBR {BR} at (0,36) size 0x17
      RenderBlock {P} at (0,70) size 784x30
        RenderText {#text} at (0,12) size 164x17
          text run at (0,12) width 164: "Ruby is often used in the "
        RenderRuby (inline) {RUBY} at (0,0) size 120x17
          RenderRubyRun (anonymous) at (163.53,12) size 118.61x18
            RenderRubyText {RT} at (0,-12) size 118.61x12
              RenderText {#text} at (41,0) size 36x12
                text run at (41,0) width 36: "Nihongo"
            RenderRubyBase (anonymous) at (0,0) size 118.61x18
              RenderText {#text} at (0,0) size 119x17
                text run at (0,0) width 119: "Japanese language"
        RenderText {#text} at (282,12) size 5x17
          text run at (282,12) width 5: "."
