layer at (0,0) size 800x600
  RenderView at (0,0) size 800x600
layer at (0,0) size 800x600
  RenderBlock {HTML} at (0,0) size 800x600
    RenderBody {BODY} at (8,8) size 784x576
      RenderBlock {P} at (0,0) size 784x40 [border: (2px solid #0000FF)]
        RenderInline (generated) at (0,0) size 33x36 [color=#800000]
          RenderTextFragment {#text} at (2,2) size 33x36
            text run at (2,2) width 33: "M"
        RenderTextFragment {#text} at (34,17) size 184x16
          text run at (34,17) width 184: "aroon on the first letter only."
