layer at (0,0) size 800x736
  RenderView at (0,0) size 800x600
layer at (0,0) size 800x736
  RenderBlock {HTML} at (0,0) size 800x735.88
    RenderBody {BODY} at (8,21.44) size 784x698.44
      RenderBlock {H1} at (0,0) size 784x37
        RenderText {#text} at (0,0) size 377x36
          text run at (0,0) width 377: "Shorthand border property"
      RenderBlock {P} at (0,58.44) size 784x24 [color=#008000] [bgcolor=#FFFFFF] [border: (3px solid #008000)]
        RenderText {#text} at (3,3) size 370x17
          text run at (3,3) width 370: "This paragraph should have a medium solid green border."
      RenderBlock {P} at (0,98.44) size 784x24 [color=#008000] [bgcolor=#FFFFFF] [border: (3px solid #008000)]
        RenderText {#text} at (3,3) size 370x17
          text run at (3,3) width 370: "This paragraph should have a medium solid green border."
      RenderBlock {P} at (0,138.44) size 784x18 [bgcolor=#FFFFFF]
        RenderText {#text} at (0,0) size 263x17
          text run at (0,0) width 263: "This paragraph should not have a border."
      RenderBlock {P} at (0,172.44) size 784x24 [bgcolor=#FFFFFF] [border: (3px solid #000000)]
        RenderText {#text} at (3,3) size 284x17
          text run at (3,3) width 284: "This paragraph should have a medium solid "
        RenderInline {EM} at (0,0) size 36x17
          RenderText {#text} at (286,3) size 36x17
            text run at (286,3) width 36: "black"
        RenderText {#text} at (321,3) size 51x17
          text run at (321,3) width 51: " border."
      RenderBlock {P} at (0,212.44) size 784x18 [bgcolor=#FFFFFF]
        RenderText {#text} at (0,0) size 263x17
          text run at (0,0) width 263: "This paragraph should not have a border."
      RenderBlock {P} at (0,246.44) size 784x18 [bgcolor=#FFFFFF]
        RenderText {#text} at (0,0) size 263x17
          text run at (0,0) width 263: "This paragraph should not have a border."
      RenderBlock {P} at (0,280.44) size 784x24 [bgcolor=#FFFFFF] [border: (3px solid #000000)]
        RenderText {#text} at (3,3) size 284x17
          text run at (3,3) width 284: "This paragraph should have a medium solid "
        RenderInline {EM} at (0,0) size 36x17
          RenderText {#text} at (286,3) size 36x17
            text run at (286,3) width 36: "black"
        RenderText {#text} at (321,3) size 51x17
          text run at (321,3) width 51: " border."
      RenderBlock {P} at (0,320.44) size 784x24 [bgcolor=#FFFFFF] [border: (3px solid #000000)]
        RenderText {#text} at (3,3) size 284x17
          text run at (3,3) width 284: "This paragraph should have a medium solid "
        RenderInline {EM} at (0,0) size 36x17
          RenderText {#text} at (286,3) size 36x17
            text run at (286,3) width 36: "black"
        RenderText {#text} at (321,3) size 51x17
          text run at (321,3) width 51: " border."
      RenderBlock {P} at (0,360.44) size 784x24 [bgcolor=#FFFFFF] [border: (3px solid #008000)]
        RenderText {#text} at (3,3) size 370x17
          text run at (3,3) width 370: "This paragraph should have a medium solid green border."
      RenderBlock {P} at (0,400.44) size 784x24 [bgcolor=#FFFFFF] [border: (3px solid #008000)]
        RenderText {#text} at (3,3) size 370x17
          text run at (3,3) width 370: "This paragraph should have a medium solid green border."
      RenderBlock {P} at (0,440.44) size 784x18 [bgcolor=#FFFFFF]
        RenderText {#text} at (0,0) size 263x17
          text run at (0,0) width 263: "This paragraph should not have a border."
      RenderBlock {P} at (0,474.44) size 784x24 [bgcolor=#FFFFFF] [border: (3px solid #008000)]
        RenderText {#text} at (3,3) size 370x17
          text run at (3,3) width 370: "This paragraph should have a medium solid green border."
      RenderBlock {P} at (0,514.44) size 784x24 [bgcolor=#FFFFFF] [border: (3px solid #008000)]
        RenderText {#text} at (3,3) size 370x17
          text run at (3,3) width 370: "This paragraph should have a medium solid green border."
      RenderBlock {P} at (0,554.44) size 784x24 [bgcolor=#FFFFFF] [border: (3px solid #008000)]
        RenderText {#text} at (3,3) size 370x17
          text run at (3,3) width 370: "This paragraph should have a medium solid green border."
      RenderBlock {P} at (0,594.44) size 784x24 [bgcolor=#FFFFFF] [border: (3px solid #008000)]
        RenderText {#text} at (3,3) size 370x17
          text run at (3,3) width 370: "This paragraph should have a medium solid green border."
      RenderBlock {P} at (0,634.44) size 784x24 [bgcolor=#FFFFFF] [border: (3px solid #008000)]
        RenderText {#text} at (3,3) size 370x17
          text run at (3,3) width 370: "This paragraph should have a medium solid green border."
      RenderBlock {P} at (0,674.44) size 784x24 [bgcolor=#FFFFFF] [border: (3px solid #008000)]
        RenderText {#text} at (3,3) size 370x17
          text run at (3,3) width 370: "This paragraph should have a medium solid green border."
