layer at (0,0) size 800x600
  RenderView at (0,0) size 800x600
layer at (0,0) size 800x600
  RenderBlock {HTML} at (0,0) size 800x600
    RenderBody {BODY} at (8,8) size 784x576
      RenderBlock {H2} at (0,0) size 784x27
        RenderText {#text} at (0,0) size 445x26
          text run at (0,0) width 445: "Test case for First-line text-decoration style"
      RenderBlock {P} at (0,46.91) size 784x18
        RenderText {#text} at (0,0) size 512x17
          text run at (0,0) width 512: "Text-decoration UNDERLINE : Only the first line must have an underline."
      RenderBlock {DIV} at (0,80.91) size 784x84 [color=#008000]
        RenderText {#text} at (0,10) size 626x27
          text run at (0,10) width 626: "Underline Underline Underline Underline"
        RenderBR {BR} at (625,32) size 1x0
        RenderText {#text} at (0,48) size 268x17
          text run at (0,48) width 268: "Underline Underline Underline Underline"
        RenderBR {BR} at (267,62) size 1x0
        RenderText {#text} at (0,66) size 268x17
          text run at (0,66) width 268: "Underline Underline Underline Underline"
      RenderBlock (anonymous) at (0,164.91) size 784x18
        RenderBR {BR} at (0,0) size 0x17
      RenderBlock {P} at (0,198.91) size 784x0
      RenderBlock {P} at (0,198.91) size 784x18
        RenderText {#text} at (0,0) size 491x17
          text run at (0,0) width 491: "Text-decoration OVERLINE : Only the first line must have an overline."
      RenderBlock {DIV} at (0,232.91) size 784x84 [color=#008000]
        RenderText {#text} at (0,10) size 553x27
          text run at (0,10) width 553: "Overline Overline Overline Overline"
        RenderBR {BR} at (552,32) size 1x0
        RenderText {#text} at (0,48) size 236x17
          text run at (0,48) width 236: "Overline Overline Overline Overline"
        RenderBR {BR} at (235,62) size 1x0
        RenderText {#text} at (0,66) size 236x17
          text run at (0,66) width 236: "Overline Overline Overline Overline"
      RenderBlock (anonymous) at (0,316.91) size 784x18
        RenderBR {BR} at (0,0) size 0x17
      RenderBlock {P} at (0,350.91) size 784x0
      RenderBlock {P} at (0,350.91) size 784x18
        RenderText {#text} at (0,0) size 567x17
          text run at (0,0) width 567: "Text-decoration LINE-THROUGH : Only the first line must have a line through it."
      RenderBlock {DIV} at (0,384.91) size 784x84 [color=#008000]
        RenderText {#text} at (0,10) size 721x27
          text run at (0,10) width 721: "Line-Through Line-Through Line-Through Line "
        RenderBR {BR} at (720,32) size 1x0
        RenderText {#text} at (0,48) size 371x17
          text run at (0,48) width 371: "Line-Through Line-Through Line-Through Line-Through"
        RenderBR {BR} at (371,62) size 0x0
        RenderText {#text} at (0,66) size 371x17
          text run at (0,66) width 371: "Line-Through Line-Through Line-Through Line-Through"
      RenderBlock (anonymous) at (0,468.91) size 784x18
        RenderBR {BR} at (0,0) size 0x17
      RenderBlock {P} at (0,502.91) size 784x0
