layer at (0,0) size 785x2960
  RenderView at (0,0) size 785x600
layer at (0,0) size 785x2960
  RenderBlock {HTML} at (0,0) size 785x2960
    RenderBody {BODY} at (8,16) size 769x2896 [bgcolor=#FFFFFF]
      RenderBlock {P} at (0,0) size 769x18
        RenderText {#text} at (0,0) size 168x17
          text run at (0,0) width 168: "This page is part of the "
        RenderInline {A} at (0,0) size 73x17 [color=#0000EE]
          RenderText {#text} at (167,0) size 73x17
            text run at (167,0) width 73: "CSS3.info"
        RenderText {#text} at (239,0) size 5x17
          text run at (239,0) width 5: " "
        RenderInline {A} at (0,0) size 133x17 [color=#0000EE]
          RenderText {#text} at (243,0) size 133x17
            text run at (243,0) width 133: "CSS selectors test"
        RenderText {#text} at (375,0) size 136x17
          text run at (375,0) width 136: ". See more info on "
        RenderInline {A} at (0,0) size 111x17 [color=#0000EE]
          RenderText {#text} at (510,0) size 111x17
            text run at (510,0) width 111: "CSS3 selectors"
        RenderText {#text} at (620,0) size 6x17
          text run at (620,0) width 6: "."
      RenderBlock {DIV} at (0,34) size 769x0 [bgcolor=#009900]
      RenderBlock {OL} at (0,34) size 769x2862
        RenderListItem {LI} at (40,0) size 615.19x216 [bgcolor=#AAAAAA]
          RenderBlock {DIV} at (16,16) size 583.19x24 [bgcolor=#990000]
            RenderBlock {DIV} at (0,0) size 583.19x24 [bgcolor=#009900]
          RenderBlock {PRE} at (16,53) size 583.19x79 [bgcolor=#FFFFFF]
            RenderListMarker at (-37.78,6.50) size 17.78x17: "1"
            RenderText {#text} at (6,8) size 281x65
              text run at (6,8) width 153: "div:first-of-type {"
              text run at (158,8) width 1: " "
              text run at (6,25) width 9: "}"
              text run at (14,25) width 1: " "
              text run at (6,41) width 1: " "
              text run at (6,57) width 281: "<div>Does this element match?</div>"
          RenderBlock {P} at (16,148) size 583.19x36
            RenderText {#text} at (0,0) size 555x35
              text run at (0,0) width 555: "The CSS selector should match the marked div element, because it is the only"
              text run at (0,18) width 139: "element of this type"
        RenderListItem {LI} at (40,264) size 615.19x232 [bgcolor=#AAAAAA]
          RenderBlock {DIV} at (16,16) size 583.19x24 [bgcolor=#990000]
            RenderBlock {DIV} at (0,0) size 583.19x24 [bgcolor=#009900]
            RenderBlock {DIV} at (0,24) size 583.19x0
          RenderBlock {PRE} at (16,53) size 583.19x95 [bgcolor=#FFFFFF]
            RenderListMarker at (-37.78,6.50) size 17.78x17: "2"
            RenderText {#text} at (6,8) size 281x81
              text run at (6,8) width 153: "div:first-of-type {"
              text run at (158,8) width 1: " "
              text run at (6,25) width 9: "}"
              text run at (14,25) width 1: " "
              text run at (6,41) width 1: " "
              text run at (6,57) width 281: "<div>Does this element match?</div>"
              text run at (286,57) width 1: " "
              text run at (6,73) width 89: "<div></div>"
          RenderBlock {P} at (16,164) size 583.19x36
            RenderText {#text} at (0,0) size 551x35
              text run at (0,0) width 551: "The CSS selector should match the marked div element, because it is the first"
              text run at (0,18) width 139: "element of this type"
        RenderListItem {LI} at (40,544) size 615.19x232 [bgcolor=#AAAAAA]
          RenderBlock {DIV} at (16,16) size 583.19x24 [bgcolor=#990000]
            RenderBlock {BLOCKQUOTE} at (0,0) size 583.19x0 [bgcolor=#009900]
            RenderBlock {DIV} at (0,0) size 583.19x24 [bgcolor=#009900]
          RenderBlock {PRE} at (16,53) size 583.19x95 [bgcolor=#FFFFFF]
            RenderListMarker at (-37.78,6.50) size 17.78x17: "3"
            RenderText {#text} at (6,8) size 281x81
              text run at (6,8) width 153: "div:first-of-type {"
              text run at (158,8) width 1: " "
              text run at (6,25) width 9: "}"
              text run at (14,25) width 1: " "
              text run at (6,41) width 1: " "
              text run at (6,57) width 201: "<blockquote></blockquote>"
              text run at (206,57) width 1: " "
              text run at (6,73) width 281: "<div>Does this element match?</div>"
          RenderBlock {P} at (16,164) size 583.19x36
            RenderText {#text} at (0,0) size 551x35
              text run at (0,0) width 551: "The CSS selector should match the marked div element, because it is the first"
              text run at (0,18) width 139: "element of this type"
        RenderListItem {LI} at (40,824) size 615.19x264 [bgcolor=#AAAAAA]
          RenderBlock {DIV} at (16,16) size 583.19x24 [bgcolor=#990000]
            RenderBlock {DIV} at (0,0) size 583.19x0 [bgcolor=#009900]
            RenderBlock {BLOCKQUOTE} at (0,0) size 583.19x24 [bgcolor=#009900]
              RenderBlock {DIV} at (0,0) size 583.19x24
          RenderBlock {PRE} at (16,53) size 583.19x127 [bgcolor=#FFFFFF]
            RenderListMarker at (-37.78,6.50) size 17.78x17: "4"
            RenderText {#text} at (6,8) size 305x113
              text run at (6,8) width 153: "div:first-of-type {"
              text run at (158,8) width 1: " "
              text run at (6,25) width 9: "}"
              text run at (14,25) width 1: " "
              text run at (6,41) width 1: " "
              text run at (6,57) width 89: "<div></div>"
              text run at (94,57) width 1: " "
              text run at (6,73) width 97: "<blockquote>"
              text run at (102,73) width 1: " "
              text run at (6,89) width 305: "   <div>Does this element match?</div>"
              text run at (310,89) width 1: " "
              text run at (6,105) width 105: "</blockquote>"
          RenderBlock {P} at (16,196) size 583.19x36
            RenderText {#text} at (0,0) size 551x35
              text run at (0,0) width 551: "The CSS selector should match the marked div element, because it is the first"
              text run at (0,18) width 233: "element of this type in this scope"
        RenderListItem {LI} at (40,1136) size 615.19x248 [bgcolor=#AAAAAA]
          RenderBlock {DIV} at (16,16) size 583.19x24 [bgcolor=#990000]
            RenderBlock {DIV} at (0,0) size 583.19x24 [bgcolor=#009900]
              RenderBlock {DIV} at (0,0) size 583.19x24
          RenderBlock {PRE} at (16,53) size 583.19x111 [bgcolor=#FFFFFF]
            RenderListMarker at (-37.78,6.50) size 17.78x17: "5"
            RenderText {#text} at (6,8) size 305x97
              text run at (6,8) width 153: "div:first-of-type {"
              text run at (158,8) width 1: " "
              text run at (6,25) width 9: "}"
              text run at (14,25) width 1: " "
              text run at (6,41) width 1: " "
              text run at (6,57) width 41: "<div>"
              text run at (46,57) width 1: " "
              text run at (6,73) width 305: "   <div>Does this element match?</div>"
              text run at (310,73) width 1: " "
              text run at (6,89) width 49: "</div>"
          RenderBlock {P} at (16,180) size 583.19x36
            RenderText {#text} at (0,0) size 551x35
              text run at (0,0) width 551: "The CSS selector should match the marked div element, because it is the first"
              text run at (0,18) width 284: "element of this type in the current scope"
        RenderListItem {LI} at (40,1432) size 615.19x264 [bgcolor=#AAAAAA]
          RenderBlock {DIV} at (16,16) size 583.19x24 [bgcolor=#990000]
            RenderBlock {BLOCKQUOTE} at (0,0) size 583.19x0 [bgcolor=#009900]
              RenderBlock {DIV} at (0,0) size 583.19x0
            RenderBlock {DIV} at (0,0) size 583.19x24 [bgcolor=#009900]
          RenderBlock {PRE} at (16,53) size 583.19x127 [bgcolor=#FFFFFF]
            RenderListMarker at (-37.78,6.50) size 17.78x17: "6"
            RenderText {#text} at (6,8) size 281x113
              text run at (6,8) width 153: "div:first-of-type {"
              text run at (158,8) width 1: " "
              text run at (6,25) width 9: "}"
              text run at (14,25) width 1: " "
              text run at (6,41) width 1: " "
              text run at (6,57) width 97: "<blockquote>"
              text run at (102,57) width 1: " "
              text run at (6,73) width 113: "   <div></div>"
              text run at (118,73) width 1: " "
              text run at (6,89) width 105: "</blockquote>"
              text run at (110,89) width 1: " "
              text run at (6,105) width 281: "<div>Does this element match?</div>"
          RenderBlock {P} at (16,196) size 583.19x36
            RenderText {#text} at (0,0) size 551x35
              text run at (0,0) width 551: "The CSS selector should match the marked div element, because it is the first"
              text run at (0,18) width 284: "element of this type in the current scope"
        RenderListItem {LI} at (40,1744) size 615.19x232 [bgcolor=#AAAAAA]
          RenderBlock {DIV} at (16,16) size 583.19x24 [bgcolor=#009900]
            RenderBlock {DIV} at (0,0) size 583.19x0 [bgcolor=#990000]
            RenderBlock {DIV} at (0,0) size 583.19x24
          RenderBlock {PRE} at (16,53) size 583.19x95 [bgcolor=#FFFFFF]
            RenderListMarker at (-37.78,6.50) size 17.78x17: "7"
            RenderText {#text} at (6,8) size 281x81
              text run at (6,8) width 153: "div:first-of-type {"
              text run at (158,8) width 1: " "
              text run at (6,25) width 9: "}"
              text run at (14,25) width 1: " "
              text run at (6,41) width 1: " "
              text run at (6,57) width 89: "<div></div>"
              text run at (94,57) width 1: " "
              text run at (6,73) width 281: "<div>Does this element match?</div>"
          RenderBlock {P} at (16,164) size 583.19x36
            RenderText {#text} at (0,0) size 547x35
              text run at (0,0) width 547: "The CSS selector should not match the marked div element, because it is the"
              text run at (0,18) width 195: "second element of this type"
        RenderListItem {LI} at (40,2024) size 615.19x232 [bgcolor=#AAAAAA]
          RenderBlock {DIV} at (16,16) size 583.19x24 [bgcolor=#009900]
            RenderBlock {DIV} at (0,0) size 583.19x0 [bgcolor=#990000]
            RenderBlock {DIV} at (0,0) size 583.19x24
          RenderBlock {PRE} at (16,53) size 583.19x95 [bgcolor=#FFFFFF]
            RenderListMarker at (-37.78,6.50) size 17.78x17: "8"
            RenderText {#text} at (6,8) size 281x81
              text run at (6,8) width 153: "div:first-of-type {"
              text run at (158,8) width 1: " "
              text run at (6,25) width 9: "}"
              text run at (14,25) width 1: " "
              text run at (6,41) width 1: " "
              text run at (6,57) width 89: "<DIV></DIV>"
              text run at (94,57) width 1: " "
              text run at (6,73) width 281: "<div>Does this element match?</div>"
          RenderBlock {P} at (16,164) size 583.19x36
            RenderText {#text} at (0,0) size 547x35
              text run at (0,0) width 547: "The CSS selector should not match the marked div element, because it is the"
              text run at (0,18) width 195: "second element of this type"
        RenderListItem {LI} at (40,2304) size 615.19x264 [bgcolor=#AAAAAA]
          RenderBlock {DIV} at (16,16) size 583.19x24 [bgcolor=#990000]
            RenderBlock {DIV} at (0,0) size 583.19x24 [bgcolor=#009900]
            RenderBlock {DIV} at (0,24) size 583.19x0
          RenderBlock {PRE} at (16,53) size 583.19x127 [bgcolor=#FFFFFF]
            RenderListMarker at (-37.78,6.50) size 17.78x17: "9"
            RenderText {#text} at (6,8) size 521x113
              text run at (6,8) width 153: "div:first-of-type {"
              text run at (158,8) width 1: " "
              text run at (6,25) width 9: "}"
              text run at (14,25) width 1: " "
              text run at (6,41) width 1: " "
              text run at (6,57) width 233: "<div id='insertBefore'></div>"
              text run at (238,57) width 1: " "
              text run at (6,73) width 1: " "
              text run at (6,89) width 393: "var ib = document.getElementById('insertBefore');"
              text run at (398,89) width 1: " "
              text run at (6,105) width 521: "ib.parentElement.insertBefore(document.createElement(\"div\"), ib);"
          RenderBlock {P} at (16,196) size 583.19x36
            RenderText {#text} at (0,0) size 571x35
              text run at (0,0) width 571: "The CSS selector should match the div element that is inserted by the Javascript"
              text run at (0,18) width 40: "code."
        RenderListItem {LI} at (40,2616) size 615.19x246 [bgcolor=#AAAAAA]
          RenderBlock {DIV} at (16,16) size 583.19x24 [bgcolor=#009900]
            RenderBlock {DIV} at (0,0) size 583.19x0 [bgcolor=#990000]
            RenderBlock {DIV} at (0,0) size 583.19x24
          RenderBlock {PRE} at (16,53) size 583.19x127 [bgcolor=#FFFFFF]
            RenderListMarker at (-46.69,6.50) size 26.69x17: "10"
            RenderText {#text} at (6,8) size 521x113
              text run at (6,8) width 153: "div:first-of-type {"
              text run at (158,8) width 1: " "
              text run at (6,25) width 9: "}"
              text run at (14,25) width 1: " "
              text run at (6,41) width 1: " "
              text run at (6,57) width 233: "<div id='insertBefore'></div>"
              text run at (238,57) width 1: " "
              text run at (6,73) width 1: " "
              text run at (6,89) width 393: "var ib = document.getElementById('insertBefore');"
              text run at (398,89) width 1: " "
              text run at (6,105) width 521: "ib.parentElement.insertBefore(document.createElement(\"div\"), ib);"
          RenderBlock {P} at (16,196) size 583.19x18
            RenderText {#text} at (0,0) size 536x17
              text run at (0,0) width 536: "The original div element should not be a match for the :first-of-type selector."
