layer at (0,0) size 800x600
  RenderView at (0,0) size 800x600
layer at (0,0) size 800x600
  RenderBlock {HTML} at (0,0) size 800x600
    RenderBody {BODY} at (8,8) size 784x584
      RenderBlock {P} at (0,0) size 784x36
        RenderText {#text} at (0,0) size 752x35
          text run at (0,0) width 752: "The following two lines should look differently. The first line is synthetic bold of normal face, the second line is bold"
          text run at (0,18) width 31: "face."
      RenderBlock {DIV} at (0,52) size 784x23
        RenderInline {SPAN} at (0,0) size 366x22
          RenderText {#text} at (0,0) size 366x22
            text run at (0,0) width 366: "The quick brown fox jumps over the lazy dog"
      RenderBlock {DIV} at (0,75) size 784x23
        RenderInline {SPAN} at (0,0) size 387x22
          RenderText {#text} at (0,0) size 387x22
            text run at (0,0) width 387: "The quick brown fox jumps over the lazy dog"
      RenderBlock {P} at (0,114) size 784x36
        RenderText {#text} at (0,0) size 759x35
          text run at (0,0) width 759: "The following two lines should look differently. The first line is synthetic italic of normal face, the second line is italic"
          text run at (0,18) width 31: "face."
      RenderBlock {DIV} at (0,166) size 784x23
        RenderInline {SPAN} at (0,0) size 366x22
          RenderText {#text} at (0,0) size 366x22
            text run at (0,0) width 366: "The quick brown fox jumps over the lazy dog"
      RenderBlock {DIV} at (0,189) size 784x23
        RenderInline {SPAN} at (0,0) size 359x22
          RenderText {#text} at (0,0) size 359x22
            text run at (0,0) width 359: "The quick brown fox jumps over the lazy dog"
