layer at (0,0) size 785x2974
  RenderView at (0,0) size 785x600
layer at (0,0) size 785x2974
  RenderBlock {HTML} at (0,0) size 785x2973.75
    RenderBody {BODY} at (8,8) size 769x2945.75
      RenderBlock {H3} at (0,0) size 769x22
        RenderText {#text} at (0,0) size 83x21
          text run at (0,0) width 83: "Single line"
      RenderBlock {H3} at (0,370.72) size 769x22
        RenderText {#text} at (0,0) size 79x21
          text run at (0,0) width 79: "Multi line"
      RenderBlock {H3} at (0,741.44) size 769x22
        RenderText {#text} at (0,0) size 227x21
          text run at (0,0) width 227: "Containing replaced content"
      RenderBlock {H3} at (0,1112.16) size 769x22
        RenderText {#text} at (0,0) size 389x21
          text run at (0,0) width 389: "Containing replaced content blocking the ellipsis"
      RenderBlock {H3} at (0,1482.88) size 769x22
        RenderText {#text} at (0,0) size 197x21
          text run at (0,0) width 197: "Right-To-Left single line"
      RenderBlock {H3} at (0,1853.59) size 769x22
        RenderText {#text} at (0,0) size 196x21
          text run at (0,0) width 196: "Right-To-Left Multi line"
      RenderBlock {H3} at (0,2224.31) size 769x22
        RenderText {#text} at (0,0) size 339x21
          text run at (0,0) width 339: "Right-To-Left containing replaced content"
      RenderBlock {H3} at (0,2595.03) size 769x22
        RenderText {#text} at (0,0) size 500x21
          text run at (0,0) width 500: "Right-To-Left containing replaced content blocking the ellipsis"
layer at (8,49) size 20x310 clip at (9,50) size 18x308 scrollHeight 738
  RenderBlock {DIV} at (0,40.72) size 20x310 [border: (1px solid #000000)]
    RenderText {#text} at (1,1) size 17x739
      text run at (1,1) width 738: "Lorem ipsum dolor sit amet, consectetur adipiscing elit. Vivamus vitae eros non libero faucibus sagittis sed ut eros."
layer at (8,419) size 74x310 clip at (9,420) size 72x308 scrollHeight 738
  RenderBlock {DIV} at (0,411.44) size 74x310 [border: (1px solid #000000)]
    RenderText {#text} at (1,1) size 17x739
      text run at (1,1) width 738: "Lorem ipsum dolor sit amet, consectetur adipiscing elit. Vivamus vitae eros non libero faucibus sagittis sed ut eros."
    RenderBR {BR} at (0,0) size 0x0
    RenderText {#text} at (19,1) size 17x729
      text run at (19,1) width 728: "orem ipsum dolor sit amet, consectetur adipiscing elit. Vivamus vitae eros non libero faucibus sagittis sed ut eros."
    RenderBR {BR} at (0,0) size 0x0
    RenderText {#text} at (37,1) size 17x721
      text run at (37,1) width 720: "rem ipsum dolor sit amet, consectetur adipiscing elit. Vivamus vitae eros non libero faucibus sagittis sed ut eros."
    RenderBR {BR} at (0,0) size 0x0
    RenderText {#text} at (55,2) size 17x715
      text run at (55,2) width 715: "em ipsum dolor sit amet, consectetur adipiscing elit. Vivamus vitae eros non libero faucibus sagittis sed ut eros."
    RenderBR {BR} at (0,0) size 0x0
layer at (8,790) size 31x310 clip at (9,791) size 29x308 scrollHeight 766
  RenderBlock {DIV} at (0,782.16) size 31x310 [border: (1px solid #000000)]
    RenderText {#text} at (12,1) size 17x186
      text run at (12,1) width 186: "Lorem ipsum dolor sit amet, "
    RenderImage {IMG} at (1,186.94) size 25x25
    RenderText {#text} at (12,211) size 17x557
      text run at (12,211) width 556: " consectetur adipiscing elit. Vivamus vitae eros non libero faucibus sagittis sed ut eros."
layer at (8,1161) size 31x310 clip at (9,1162) size 29x308 scrollHeight 762
  RenderBlock {DIV} at (0,1152.88) size 31x310 [border: (1px solid #000000)]
    RenderText {#text} at (12,1) size 17x278
      text run at (12,1) width 278: "Lorem ipsum dolor sit amet, consectetur ad"
    RenderImage {IMG} at (1,278.70) size 25x25
    RenderText {#text} at (12,303) size 17x461
      text run at (12,303) width 460: "ipiscing elit. Vivamus vitae eros non libero faucibus sagittis sed ut eros."
layer at (8,1532) size 20x310 clip at (9,1533) size 18x308 scrollY 430.00 scrollHeight 738
  RenderBlock {DIV} at (0,1523.59) size 20x310 [border: (1px solid #000000)]
    RenderText {#text} at (1,-429) size 17x739
      text run at (1,-429) width 738 RTL override: "Lorem ipsum dolor sit amet, consectetur adipiscing elit. Vivamus vitae eros non libero faucibus sagittis sed ut eros."
layer at (8,1902) size 74x310 clip at (9,1903) size 72x308 scrollY 430.00 scrollHeight 738
  RenderBlock {DIV} at (0,1894.31) size 74x310 [border: (1px solid #000000)]
    RenderText {#text} at (1,-429) size 17x739
      text run at (1,-429) width 738 RTL override: "Lorem ipsum dolor sit amet, consectetur adipiscing elit. Vivamus vitae eros non libero faucibus sagittis sed ut eros."
    RenderBR {BR} at (0,0) size 0x0
    RenderText {#text} at (19,-419) size 17x729
      text run at (19,-419) width 728 RTL override: "orem ipsum dolor sit amet, consectetur adipiscing elit. Vivamus vitae eros non libero faucibus sagittis sed ut eros."
    RenderBR {BR} at (0,0) size 0x0
    RenderText {#text} at (37,-411) size 17x721
      text run at (37,-411) width 720 RTL override: "rem ipsum dolor sit amet, consectetur adipiscing elit. Vivamus vitae eros non libero faucibus sagittis sed ut eros."
    RenderBR {BR} at (0,0) size 0x0
    RenderText {#text} at (55,-406) size 17x715
      text run at (55,-406) width 715 RTL override: "em ipsum dolor sit amet, consectetur adipiscing elit. Vivamus vitae eros non libero faucibus sagittis sed ut eros."
    RenderBR {BR} at (0,0) size 0x0
layer at (8,2273) size 31x310 clip at (9,2274) size 29x308 scrollY 458.00 scrollHeight 766
  RenderBlock {DIV} at (0,2265.03) size 31x310 [border: (1px solid #000000)]
    RenderText {#text} at (12,123) size 17x186
      text run at (12,123) width 186 RTL override: "Lorem ipsum dolor sit amet, "
    RenderImage {IMG} at (1,98.25) size 25x25
    RenderText {#text} at (12,-457) size 17x557
      text run at (12,-457) width 556 RTL override: " consectetur adipiscing elit. Vivamus vitae eros non libero faucibus sagittis sed ut eros."
layer at (8,2644) size 31x310 clip at (9,2645) size 29x308 scrollY 454.00 scrollHeight 762
  RenderBlock {DIV} at (0,2635.75) size 31x310 [border: (1px solid #000000)]
    RenderText {#text} at (12,31) size 17x278
      text run at (12,31) width 278 RTL override: "Lorem ipsum dolor sit amet, consectetur ad"
    RenderImage {IMG} at (1,6.30) size 25x25
    RenderText {#text} at (12,-453) size 17x461
      text run at (12,-453) width 460 RTL override: "ipiscing elit. Vivamus vitae eros non libero faucibus sagittis sed ut eros."
