layer at (0,0) size 800x600
  RenderView at (0,0) size 800x600
layer at (0,0) size 800x600
  RenderBlock {HTML} at (0,0) size 800x600
    RenderFrameSet {FRAMESET} at (0,0) size 800x600
layer at (0,0) size 800x200
  RenderFrame {FRAME} at (0,0) size 800x200
    layer at (0,0) size 800x200
      RenderView at (0,0) size 800x200
    layer at (0,0) size 800x200
      RenderBlock {HTML} at (0,0) size 800x200
        RenderBody {BODY} at (8,8) size 784x176
          RenderBlock {P} at (0,0) size 784x32
            RenderText {#text} at (0,0) size 55x16
              text run at (0,0) width 55: "Test for "
            RenderInline {I} at (0,0) size 732x32
              RenderInline {A} at (0,0) size 312x16 [color=#0000EE]
                RenderText {#text} at (54,0) size 312x16
                  text run at (54,0) width 312: "https://bugs.webkit.org/show_bug.cgi?id=19348"
              RenderText {#text} at (365,0) size 732x32
                text run at (365,0) width 5: " "
                text run at (369,0) width 363: "REGRESSION (r34193): Setting the size of a frame with"
                text run at (0,16) width 68: "javascript "
                text run at (67,16) width 236: "document.body.row no longer works"
            RenderText {#text} at (302,16) size 5x16
              text run at (302,16) width 5: "."
          RenderBlock {P} at (0,48) size 784x16
            RenderText {#text} at (0,0) size 208x16
              text run at (0,0) width 208: "This frame should be 200px tall."
    layer at (0,100) size 100x100
      RenderBlock (positioned) {DIV} at (0,100) size 100x100 [bgcolor=#008000]
layer at (0,206) size 800x394
  RenderFrame {FRAME} at (0,206) size 800x394
    layer at (0,0) size 800x394
      RenderView at (0,0) size 800x394
    layer at (0,0) size 800x394
      RenderBlock {HTML} at (0,0) size 800x394
        RenderBody {BODY} at (8,8) size 784x378
