layer at (0,0) size 800x600
  RenderView at (0,0) size 800x600
layer at (0,0) size 800x600
  RenderBlock {HTML} at (0,0) size 800x600
    RenderFrameSet {FRAMESET} at (0,0) size 800x600
layer at (0,0) size 397x600
  RenderFrame {FRAME} at (0,0) size 397x600
    layer at (0,0) size 397x600
      RenderView at (0,0) size 397x600
    layer at (0,0) size 397x600
      RenderBlock {HTML} at (0,0) size 397x600
        RenderBody {BODY} at (8,8) size 381x576
          RenderBlock {P} at (0,0) size 381x32
            RenderText {#text} at (0,0) size 368x32
              text run at (0,0) width 368: "This tests that navigating to two pages in a subframe, and"
              text run at (0,16) width 284: "then going back does not cause an assertion."
          RenderBlock {P} at (0,48) size 381x16
            RenderText {#text} at (0,0) size 168x16
              text run at (0,0) width 168: "SUCCESS - Didn't assert!"
layer at (403,0) size 397x600
  RenderFrame {FRAME} at (403,0) size 397x600
    layer at (0,0) size 397x600
      RenderView at (0,0) size 397x600
    layer at (0,0) size 397x600
      RenderBlock {HTML} at (0,0) size 397x600
        RenderBody {BODY} at (8,8) size 381x584
          RenderText {#text} at (0,0) size 31x16
            text run at (0,0) width 31: "test1"
