layer at (0,0) size 800x600
  RenderView at (0,0) size 800x600
layer at (0,0) size 800x210
  RenderBlock {html} at (0,0) size 800x210.19
    RenderBody {body} at (8,8) size 784x194.19
      RenderBlock {div} at (0,0) size 784x16
        RenderText {#text} at (0,0) size 437x16
          text run at (0,0) width 437: "If no crash while painting, the test passed (requires pixel test mode)."
      RenderBlock (anonymous) at (0,16) size 784x0
        RenderText {#text} at (0,0) size 0x0
      RenderBlock {option} at (0,16) size 784x20.19
      RenderBlock (anonymous) at (0,36.19) size 784x158
layer at (8,44) size 304x154
  RenderPartObject {iframe} at (0,0) size 304x154 [border: (2px inset #EEEEEE)]
    layer at (0,0) size 300x150
      RenderView at (0,0) size 300x150
    layer at (0,0) size 300x150
      RenderBlock {HTML} at (0,0) size 300x150
        RenderBody {BODY} at (8,8) size 284x134
