layer at (0,0) size 800x600
  RenderView at (0,0) size 800x600
layer at (0,0) size 800x600
  RenderBlock {HTML} at (0,0) size 800x600
    RenderBody {BODY} at (8,8) size 784x584
      RenderText {#text} at (0,0) size 216x16
        text run at (0,0) width 216: "This iframe should have a border."
      RenderBR {BR} at (215,12) size 1x0
      RenderText {#text} at (304,158) size 4x16
        text run at (304,158) width 4: " "
      RenderBR {BR} at (0,0) size 0x0
      RenderText {#text} at (0,174) size 150x16
        text run at (0,174) width 150: "This iframe should not."
      RenderBR {BR} at (149,186) size 1x0
      RenderText {#text} at (300,328) size 4x16
        text run at (300,328) width 4: " "
      RenderBR {BR} at (304,340) size 0x0
      RenderText {#text} at (0,344) size 220x16
        text run at (0,344) width 220: "This iframe should have a border. "
      RenderBR {BR} at (219,356) size 1x0
      RenderText {#text} at (0,0) size 0x0
layer at (8,24) size 304x154
  RenderPartObject {IFRAME} at (0,16) size 304x154 [border: (2px inset #EEEEEE)]
    layer at (0,0) size 300x150
      RenderView at (0,0) size 300x150
    layer at (0,0) size 300x150
      RenderBlock {HTML} at (0,0) size 300x150
        RenderBody {BODY} at (8,8) size 284x134
layer at (8,198) size 300x150
  RenderPartObject {IFRAME} at (0,190) size 300x150
    layer at (0,0) size 300x150
      RenderView at (0,0) size 300x150
    layer at (0,0) size 300x150
      RenderBlock {HTML} at (0,0) size 300x150
        RenderBody {BODY} at (8,8) size 284x134
layer at (8,368) size 304x154
  RenderPartObject {IFRAME} at (0,360) size 304x154 [border: (2px inset #EEEEEE)]
    layer at (0,0) size 300x150
      RenderView at (0,0) size 300x150
    layer at (0,0) size 300x150
      RenderBlock {HTML} at (0,0) size 300x150
        RenderBody {BODY} at (8,8) size 284x134
