layer at (0,0) size 800x600
  RenderView at (0,0) size 800x600
layer at (0,0) size 800x536
  RenderBlock {HTML} at (0,0) size 800x536
    RenderBody {BODY} at (8,8) size 784x520
      RenderBlock {DIV} at (0,0) size 788x504 [bgcolor=#008000] [border: (2px solid #000000)]
      RenderBlock {DIV} at (0,504) size 784x16
        RenderText {#text} at (0,0) size 151x16
          text run at (0,0) width 151: "This test requires DRT."
