layer at (0,0) size 800x600
  RenderView at (0,0) size 800x600
layer at (0,0) size 800x54
  RenderBlock {HTML} at (0,0) size 800x54
    RenderBody {BODY} at (8,8) size 784x38
      RenderTextControl {INPUT} at (0,0) size 123x19 [bgcolor=#FFFFFF] [border: (2px inset #EEEEEE)]
        RenderFlexibleBox {DIV} at (3,3) size 117x13
          RenderBlock {DIV} at (0,0) size 89.28x13
          RenderDetailsMarker {DIV} at (89.28,1.02) size 14.72x10.97: down
          RenderBlock {DIV} at (104,-1) size 13x15
      RenderText {#text} at (123,2) size 4x16
        text run at (123,2) width 4: " "
      RenderTextControl {INPUT} at (127,0) size 123x19 [bgcolor=#FFFFFF] [border: (2px inset #EEEEEE)]
        RenderFlexibleBox {DIV} at (3,3) size 117x13
          RenderBlock {DIV} at (0,0) size 89.28x13
          RenderDetailsMarker {DIV} at (89.28,1.02) size 14.72x10.97: down
          RenderBlock {DIV} at (104,-1) size 13x15
      RenderText {#text} at (250,2) size 4x16
        text run at (250,2) width 4: " "
      RenderBR {BR} at (254,2) size 0x16
      RenderTextControl {INPUT} at (0,19) size 123x19 [color=#545454] [bgcolor=#FFFFFF] [border: (2px inset #EEEEEE)]
        RenderFlexibleBox {DIV} at (3,3) size 117x13
          RenderBlock {DIV} at (0,0) size 89.28x13
      RenderText {#text} at (123,21) size 4x16
        text run at (123,21) width 4: " "
      RenderTextControl {INPUT} at (127,19) size 123x19 [bgcolor=#FFFFFF] [border: (2px inset #EEEEEE)]
        RenderFlexibleBox {DIV} at (3,3) size 117x13
          RenderBlock {DIV} at (0,0) size 89.28x13
      RenderText {#text} at (0,0) size 0x0
      RenderText {#text} at (0,0) size 0x0
layer at (11,11) size 89x13
  RenderBlock {DIV} at (0,0) size 89.28x13
layer at (138,11) size 89x13
  RenderBlock {DIV} at (0,0) size 89.28x13
layer at (11,30) size 89x13
  RenderBlock {DIV} at (0,0) size 89.28x13
layer at (138,30) size 89x13
  RenderBlock {DIV} at (0,0) size 89.28x13
hidden layer at (100,31) size 15x11 transparent
  RenderDetailsMarker {DIV} at (89.28,1.02) size 14.72x10.97: down
layer at (115,29) size 13x15 transparent
  RenderBlock {DIV} at (104,-1) size 13x15
hidden layer at (227,31) size 15x11 transparent
  RenderDetailsMarker {DIV} at (89.28,1.02) size 14.72x10.97: down
layer at (242,29) size 13x15 transparent
  RenderBlock {DIV} at (104,-1) size 13x15
caret: position 0 of child 0 {DIV} of child 0 {DIV} of child 0 {DIV} of {#document-fragment} of child 3 {INPUT} of body
