layer at (0,0) size 800x600
  RenderView at (0,0) size 800x600
layer at (0,0) size 800x296
  RenderBlock {HTML} at (0,0) size 800x296
    RenderBody {BODY} at (8,16) size 784x264
      RenderBlock {P} at (0,0) size 784x19
        RenderTextControl {INPUT} at (661,0) size 123x19 [bgcolor=#FFFFFF] [border: (2px inset #EEEEEE)]
          RenderFlexibleBox {DIV} at (3,3) size 117x13
            RenderBlock {DIV} at (13,0) size 104x13
        RenderText {#text} at (0,0) size 0x0
      RenderBlock {P} at (0,35) size 784x19
        RenderTextControl {INPUT} at (661,0) size 123x19 [bgcolor=#FFFFFF] [border: (2px inset #EEEEEE)]
          RenderFlexibleBox {DIV} at (3,3) size 117x13
            RenderBlock {DIV} at (13,0) size 104x13
        RenderText {#text} at (0,0) size 0x0
      RenderBlock {P} at (0,70) size 784x19
        RenderTextControl {INPUT} at (0,0) size 123x19 [bgcolor=#FFFFFF] [border: (2px inset #EEEEEE)]
          RenderFlexibleBox {DIV} at (3,3) size 117x13
            RenderBlock {DIV} at (13,0) size 104x13
        RenderText {#text} at (0,0) size 0x0
      RenderBlock {P} at (0,105) size 784x19
        RenderTextControl {INPUT} at (0,0) size 123x19 [bgcolor=#FFFFFF] [border: (2px inset #EEEEEE)]
          RenderFlexibleBox {DIV} at (3,3) size 117x13
            RenderBlock {DIV} at (13,0) size 104x13
            RenderBlock {DIV} at (0,-1) size 13x15
        RenderText {#text} at (0,0) size 0x0
        RenderText {#text} at (0,0) size 0x0
      RenderBlock {P} at (0,140) size 784x19
        RenderTextControl {INPUT} at (0,0) size 123x19 [bgcolor=#FFFFFF] [border: (2px inset #EEEEEE)]
          RenderFlexibleBox {DIV} at (3,3) size 117x13
            RenderBlock {DIV} at (0,0) size 104x13
        RenderText {#text} at (0,0) size 0x0
      RenderBlock {P} at (0,175) size 784x19
        RenderTextControl {INPUT} at (0,0) size 123x19 [bgcolor=#FFFFFF] [border: (2px inset #EEEEEE)]
          RenderFlexibleBox {DIV} at (3,3) size 117x13
            RenderBlock {DIV} at (0,0) size 104x13
        RenderText {#text} at (0,0) size 0x0
        RenderText {#text} at (0,0) size 0x0
      RenderBlock {P} at (0,210) size 784x19
        RenderTextControl {INPUT} at (0,0) size 123x19 [bgcolor=#FFFFFF] [border: (2px inset #EEEEEE)]
          RenderFlexibleBox {DIV} at (3,3) size 117x13
            RenderBlock {DIV} at (13,0) size 104x13
        RenderText {#text} at (0,0) size 0x0
      RenderBlock {P} at (0,245) size 784x19
        RenderTextControl {INPUT} at (0,0) size 123x19 [bgcolor=#FFFFFF] [border: (2px inset #EEEEEE)]
          RenderFlexibleBox {DIV} at (3,3) size 117x13
            RenderBlock {DIV} at (13,0) size 104x13
        RenderText {#text} at (0,0) size 0x0
        RenderText {#text} at (0,0) size 0x0
layer at (685,19) size 104x13
  RenderBlock {DIV} at (0,0) size 104x13
    RenderText {#text} at (97,0) size 7x13
      text run at (97,0) width 7: "1"
layer at (685,54) size 104x13
  RenderBlock {DIV} at (0,0) size 104x13
    RenderText {#text} at (97,0) size 7x13
      text run at (97,0) width 7: "2"
layer at (24,89) size 104x13
  RenderBlock {DIV} at (0,0) size 104x13
    RenderText {#text} at (97,0) size 7x13
      text run at (97,0) width 7: "3"
layer at (24,124) size 104x13
  RenderBlock {DIV} at (0,0) size 104x13
    RenderText {#text} at (76,0) size 28x13
      text run at (76,0) width 28: "1234"
layer at (11,159) size 104x13
  RenderBlock {DIV} at (0,0) size 104x13
    RenderText {#text} at (0,0) size 7x13
      text run at (0,0) width 7: "5"
layer at (11,194) size 104x13
  RenderBlock {DIV} at (0,0) size 104x13
    RenderText {#text} at (0,0) size 7x13
      text run at (0,0) width 7: "6"
layer at (24,229) size 104x13
  RenderBlock {DIV} at (0,0) size 104x13
    RenderText {#text} at (97,0) size 7x13
      text run at (97,0) width 7: "7"
layer at (24,264) size 104x13
  RenderBlock {DIV} at (0,0) size 104x13
    RenderText {#text} at (97,0) size 7x13
      text run at (97,0) width 7: "8"
layer at (672,18) size 13x15 transparent
  RenderBlock {DIV} at (0,-1) size 13x15
layer at (672,53) size 13x15 transparent
  RenderBlock {DIV} at (0,-1) size 13x15
layer at (11,88) size 13x15 transparent
  RenderBlock {DIV} at (0,-1) size 13x15
layer at (115,158) size 13x15 transparent
  RenderBlock {DIV} at (104,-1) size 13x15
layer at (115,193) size 13x15 transparent
  RenderBlock {DIV} at (104,-1) size 13x15
layer at (11,228) size 13x15 transparent
  RenderBlock {DIV} at (0,-1) size 13x15
layer at (11,263) size 13x15 transparent
  RenderBlock {DIV} at (0,-1) size 13x15
caret: position 4 of child 0 {#text} of child 0 {DIV} of child 0 {DIV} of child 0 {DIV} of {#document-fragment} of child 0 {INPUT} of child 6 {P} of body
