layer at (0,0) size 800x600
  RenderView at (0,0) size 800x600
layer at (0,0) size 800x600
  RenderBlock {HTML} at (0,0) size 800x600
    RenderBody {BODY} at (8,8) size 784x584
      RenderBlock {P} at (0,0) size 784x32
        RenderText {#text} at (0,0) size 763x32
          text run at (0,0) width 763: "Test appearances of spin buttons. Disabled state and read-only state should have appearances different from the normal"
          text run at (0,16) width 34: "state."
      RenderBlock {DIV} at (0,48) size 784x29
        RenderInline {LABEL} at (0,0) size 303x16
          RenderTextControl {INPUT} at (0,0) size 216x29 [bgcolor=#FFFFFF] [border: (2px inset #EEEEEE)]
            RenderFlexibleBox {DIV} at (3,3) size 210x23
              RenderBlock {DIV} at (0,0) size 197x23
              RenderBlock {DIV} at (197,4) size 13x15
          RenderText {#text} at (216,10) size 87x16
            text run at (216,10) width 87: " Normal state"
      RenderBlock {DIV} at (0,77) size 784x29
        RenderInline {LABEL} at (0,0) size 311x16
          RenderTextControl {INPUT} at (0,0) size 216x29 [color=#545454] [bgcolor=#FFFFFF] [border: (2px inset #EEEEEE)]
            RenderFlexibleBox {DIV} at (3,3) size 210x23
              RenderBlock {DIV} at (0,0) size 197x23
          RenderText {#text} at (216,10) size 95x16
            text run at (216,10) width 95: " Disabled state"
      RenderBlock {DIV} at (0,106) size 784x29
        RenderInline {LABEL} at (0,0) size 320x16
          RenderTextControl {INPUT} at (0,0) size 216x29 [bgcolor=#FFFFFF] [border: (2px inset #EEEEEE)]
            RenderFlexibleBox {DIV} at (3,3) size 210x23
              RenderBlock {DIV} at (0,0) size 197x23
          RenderText {#text} at (216,10) size 104x16
            text run at (216,10) width 104: " Read-only state"
layer at (11,59) size 197x23
  RenderBlock {DIV} at (0,0) size 197x23
    RenderText {#text} at (0,0) size 13x23
      text run at (0,0) width 13: "0"
layer at (11,88) size 197x23
  RenderBlock {DIV} at (0,0) size 197x23
    RenderText {#text} at (0,0) size 13x23
      text run at (0,0) width 13: "0"
layer at (11,117) size 197x23
  RenderBlock {DIV} at (0,0) size 197x23
    RenderText {#text} at (0,0) size 13x23
      text run at (0,0) width 13: "0"
layer at (208,92) size 13x15 transparent
  RenderBlock {DIV} at (197,4) size 13x15
layer at (208,121) size 13x15 transparent
  RenderBlock {DIV} at (197,4) size 13x15
caret: position 0 of child 0 {#text} of child 0 {DIV} of child 0 {DIV} of child 0 {DIV} of {#document-fragment} of child 0 {INPUT} of child 0 {LABEL} of child 9 {DIV} of body
