layer at (0,0) size 800x600
  RenderView at (0,0) size 800x600
layer at (0,0) size 800x600
  RenderBlock {HTML} at (0,0) size 800x600
    RenderBody {BODY} at (8,16) size 784x565.28
      RenderBlock {DIV} at (0,0) size 784x18
        RenderText {#text} at (0,0) size 165x17
          text run at (0,0) width 165: "Outline ring painting test."
      RenderBlock {DIV} at (0,34) size 784x95.44
        RenderBlock (anonymous) at (0,0) size 784x18
        RenderBlock (anonymous) at (0,77.44) size 784x18
      RenderBlock {DIV} at (0,148.16) size 784x58.72
        RenderBlock (anonymous) at (0,0) size 784x0
        RenderBlock (anonymous) at (0,40.72) size 784x18
      RenderBlock {DIV} at (0,222.88) size 784x58.72
        RenderBlock (anonymous) at (0,0) size 784x18
        RenderBlock (anonymous) at (0,77.44) size 784x0
      RenderBlock {DIV} at (0,300.31) size 784x22
        RenderBlock (anonymous) at (0,0) size 784x0
        RenderBlock (anonymous) at (0,40.72) size 784x0
layer at (8,50) size 100x17
  RenderInline (relative positioned) {SPAN} at (0,0) size 100x17
    RenderText {#text} at (0,0) size 100x17
      text run at (0,0) width 100: "Content before."
layer at (8,87) size 784x22
  RenderBlock (anonymous) at (0,36.72) size 784x22
    RenderBlock {H3} at (0,0) size 784x22
      RenderText {#text} at (0,0) size 146x21
        text run at (0,0) width 146: "Bold with margin."
layer at (8,127) size 84x17
  RenderInline (relative positioned) {SPAN} at (0,0) size 84x17
    RenderText {#text} at (0,0) size 84x17
      text run at (0,0) width 84: "Content after"
layer at (8,164) size 784x22
  RenderBlock (anonymous) at (0,0) size 784x22
    RenderBlock {H3} at (0,0) size 784x22
      RenderText {#text} at (0,0) size 148x21
        text run at (0,0) width 148: "No content before."
layer at (8,205) size 88x17
  RenderInline (relative positioned) {SPAN} at (0,0) size 88x17
    RenderText {#text} at (0,0) size 88x17
      text run at (0,0) width 88: "Content after."
layer at (8,239) size 96x17
  RenderInline (relative positioned) {SPAN} at (0,0) size 96x17
    RenderText {#text} at (0,0) size 96x17
      text run at (0,0) width 96: "Content before"
layer at (8,276) size 784x22
  RenderBlock (anonymous) at (0,36.72) size 784x22
    RenderBlock {H3} at (0,0) size 784x22
      RenderText {#text} at (0,0) size 174x21
        text run at (0,0) width 174: "But No Content After"
layer at (8,316) size 784x22
  RenderBlock (anonymous) at (0,0) size 784x22
    RenderBlock {H3} at (0,0) size 784x22
      RenderText {#text} at (0,0) size 213x21
        text run at (0,0) width 213: "No content before or after."
