layer at (0,0) size 800x600
  RenderView at (0,0) size 800x600
layer at (0,0) size 800x600
  RenderBlock {HTML} at (0,0) size 800x600
    RenderBody {BODY} at (8,16) size 784x565.28
      RenderBlock {DIV} at (0,0) size 784x18
        RenderText {#text} at (0,0) size 165x17
          text run at (0,0) width 165: "Outline ring painting test."
      RenderBlock {DIV} at (0,34) size 784x95.44
        RenderBlock (anonymous) at (0,0) size 784x18
          RenderInline {SPAN} at (0,0) size 100x17
            RenderText {#text} at (0,0) size 100x17
              text run at (0,0) width 100: "Content before."
        RenderBlock (anonymous) at (0,36.72) size 784x22
          RenderBlock {H3} at (0,0) size 784x22
            RenderText {#text} at (0,0) size 146x21
              text run at (0,0) width 146: "Bold with margin."
        RenderBlock (anonymous) at (0,77.44) size 784x18
          RenderInline {SPAN} at (0,0) size 84x17
            RenderText {#text} at (0,0) size 84x17
              text run at (0,0) width 84: "Content after"
      RenderBlock {DIV} at (0,148.16) size 784x58.72
        RenderBlock (anonymous) at (0,0) size 784x0
          RenderInline {SPAN} at (0,0) size 0x0
        RenderBlock (anonymous) at (0,0) size 784x22
          RenderBlock {H3} at (0,0) size 784x22
            RenderText {#text} at (0,0) size 148x21
              text run at (0,0) width 148: "No content before."
        RenderBlock (anonymous) at (0,40.72) size 784x18
          RenderInline {SPAN} at (0,0) size 88x17
            RenderText {#text} at (0,0) size 88x17
              text run at (0,0) width 88: "Content after."
      RenderBlock {DIV} at (0,222.88) size 784x58.72
        RenderBlock (anonymous) at (0,0) size 784x18
          RenderInline {SPAN} at (0,0) size 96x17
            RenderText {#text} at (0,0) size 96x17
              text run at (0,0) width 96: "Content before"
        RenderBlock (anonymous) at (0,36.72) size 784x22
          RenderBlock {H3} at (0,0) size 784x22
            RenderText {#text} at (0,0) size 174x21
              text run at (0,0) width 174: "But No Content After"
        RenderBlock (anonymous) at (0,77.44) size 784x0
          RenderInline {SPAN} at (0,0) size 0x0
      RenderBlock {DIV} at (0,300.31) size 784x22
        RenderBlock (anonymous) at (0,0) size 784x0
          RenderInline {SPAN} at (0,0) size 0x0
        RenderBlock (anonymous) at (0,0) size 784x22
          RenderBlock {H3} at (0,0) size 784x22
            RenderText {#text} at (0,0) size 213x21
              text run at (0,0) width 213: "No content before or after."
        RenderBlock (anonymous) at (0,40.72) size 784x0
          RenderInline {SPAN} at (0,0) size 0x0
