layer at (0,0) size 800x600
  RenderView at (0,0) size 800x600
layer at (0,0) size 800x600
  RenderBlock {HTML} at (0,0) size 800x600
    RenderBody {BODY} at (8,8) size 784x576
      RenderBlock {P} at (0,0) size 784x48
        RenderInline {FONT} at (0,0) size 304x48
          RenderText {#text} at (0,0) size 304x48
            text run at (0,0) width 304: "First paragraph."
      RenderBlock (anonymous) at (0,64) size 784x0
        RenderInline {FONT} at (0,0) size 0x0
          RenderText {#text} at (0,0) size 0x0
      RenderBlock (anonymous) at (0,96) size 784x48
        RenderBlock {P} at (0,0) size 784x48
          RenderText {#text} at (0,0) size 358x48
            text run at (0,0) width 358: "Second paragraph."
      RenderBlock (anonymous) at (0,192) size 784x0
        RenderInline {FONT} at (0,0) size 0x0
        RenderText {#text} at (0,0) size 0x0
        RenderInline {B} at (0,0) size 0x0
      RenderBlock {P} at (0,192) size 784x16
        RenderInline {B} at (0,0) size 99x16
          RenderInline {I} at (0,0) size 99x16
            RenderText {#text} at (0,0) size 99x16
              text run at (0,0) width 99: "Bold and Italic"
        RenderInline {I} at (0,0) size 39x16
          RenderText {#text} at (98,0) size 39x16
            text run at (98,0) width 39: " Italic"
