layer at (0,0) size 800x600
  RenderView at (0,0) size 800x600
layer at (0,0) size 800x600
  RenderBlock {HTML} at (0,0) size 800x600
    RenderBody {BODY} at (8,8) size 784x584
      RenderBlock (anonymous) at (0,0) size 784x0
        RenderInline {LABEL} at (0,0) size 0x0
          RenderInline {A} at (0,0) size 0x0
      RenderBlock (anonymous) at (0,0) size 784x32
        RenderBlock {DIV} at (0,0) size 784x32
          RenderBlock (anonymous) at (0,0) size 784x16
            RenderInline {A} at (0,0) size 36x16
              RenderText {#text} at (0,0) size 36x16
                text run at (0,0) width 36: "Hello"
          RenderBlock (anonymous) at (0,16) size 784x16
            RenderBlock {DIV} at (0,0) size 784x16
              RenderText {#text} at (0,0) size 41x16
                text run at (0,0) width 41: "World"
          RenderBlock (anonymous) at (0,32) size 784x0
            RenderInline {A} at (0,0) size 0x0
            RenderText {#text} at (0,0) size 0x0
      RenderBlock (anonymous) at (0,32) size 784x0
        RenderInline {LABEL} at (0,0) size 0x0
