layer at (0,0) size 800x600
  RenderView at (0,0) size 800x600
layer at (0,0) size 800x600
  RenderBlock {HTML} at (0,0) size 800x600
    RenderBody {BODY} at (8,8) size 784x584
      RenderBlock (anonymous) at (0,0) size 784x16
        RenderText {#text} at (0,0) size 341x16
          text run at (0,0) width 341: "The style rule on this page should be totally ignored. "
        RenderInline {A} at (0,0) size 84x16
          RenderText {#text} at (340,0) size 84x16
            text run at (340,0) width 84: "here is a link"
        RenderText {#text} at (0,0) size 0x0
      RenderBlock {H1} at (0,37.44) size 784x32
        RenderText {#text} at (0,0) size 109x32
          text run at (0,0) width 109: "heading"
      RenderBlock (anonymous) at (0,90.88) size 784x80
        RenderInline {SPAN} at (0,0) size 32x16
          RenderText {#text} at (0,0) size 32x16
            text run at (0,0) width 32: "issue"
        RenderBR {BR} at (32,12) size 0x0
        RenderInline {SPAN} at (0,0) size 22x16
          RenderText {#text} at (0,16) size 22x16
            text run at (0,16) width 22: "fail"
        RenderBR {BR} at (21,28) size 1x0
        RenderInline {A} at (0,0) size 124x16
          RenderText {#text} at (0,32) size 124x16
            text run at (0,32) width 124: "here is another link"
        RenderBR {BR} at (123,44) size 1x0
        RenderInline {SPAN} at (0,0) size 20x16
          RenderText {#text} at (0,48) size 20x16
            text run at (0,48) width 20: "n/a"
        RenderBR {BR} at (19,60) size 1x0
        RenderInline {SPAN} at (0,0) size 28x16
          RenderText {#text} at (0,64) size 28x16
            text run at (0,64) width 28: "pass"
        RenderBR {BR} at (27,76) size 1x0
      RenderBlock {H1} at (0,192.31) size 784x32
        RenderText {#text} at (0,0) size 224x32
          text run at (0,0) width 224: "another heading"
      RenderBlock (anonymous) at (0,245.75) size 784x16
        RenderInline {SPAN} at (0,0) size 20x16
          RenderText {#text} at (0,0) size 20x16
            text run at (0,0) width 20: "n/a"
        RenderBR {BR} at (19,12) size 1x0
