layer at (0,0) size 800x600
  RenderView at (0,0) size 800x600
layer at (0,0) size 800x600
  RenderBlock {HTML} at (0,0) size 800x600
    RenderBody {BODY} at (8,8) size 784x579
      RenderBlock (anonymous) at (0,0) size 784x0
        RenderInline {B} at (0,0) size 0x0
          RenderInline {NOBR} at (0,0) size 0x0
      RenderBlock {DIV} at (0,0) size 784x58
        RenderBlock (anonymous) at (0,0) size 784x32
          RenderInline {B} at (0,0) size 772x32
            RenderInline {NOBR} at (0,0) size 223x16
              RenderText {#text} at (0,0) size 223x16
                text run at (0,0) width 223: "This text is in a div inside a nobr"
            RenderText {#text} at (222,0) size 772x32
              text run at (222,0) width 550: "More text that should not be in the nobr, i.e., the nobr should have closed the div"
              text run at (0,16) width 127: "inside it implicitly."
        RenderBlock {PRE} at (0,45) size 784x13
          RenderText {#text} at (0,0) size 266x13
            text run at (0,0) width 266: "A pre tag outside everything else."
