layer at (0,0) size 800x600
  RenderView at (0,0) size 800x600
layer at (0,0) size 800x32
  RenderBlock {html} at (0,0) size 800x32
    RenderBody {body} at (8,8) size 784x16
      RenderBlock (anonymous) at (0,0) size 784x16
        RenderText {#text} at (0,0) size 30x16
          text run at (0,0) width 30: "Text"
      RenderTable {table} at (0,16) size 0x0
      RenderTable at (0,16) size 0x0
        RenderTableCol {colgroup} at (0,0) size 0x0
