layer at (0,0) size 800x600
  RenderView at (0,0) size 800x600
layer at (0,0) size 800x600
  RenderBlock {HTML} at (0,0) size 800x600
    RenderBody {BODY} at (8,8) size 784x584
      RenderBlock {P} at (0,0) size 784x16
        RenderText {#text} at (0,0) size 272x16
          text run at (0,0) width 272: "All the text below should be part of a link."
      RenderBlock (anonymous) at (0,32) size 784x32
        RenderInline {NOBR} at (0,0) size 28x16
          RenderInline {A} at (0,0) size 28x16 [color=#0000EE]
            RenderText {#text} at (0,0) size 28x16
              text run at (0,0) width 28: "Test"
        RenderInline {A} at (0,0) size 64x16 [color=#0000EE]
          RenderText {#text} at (27,0) size 64x16
            text run at (27,0) width 64: " more test"
        RenderBR {BR} at (90,12) size 1x0
        RenderWordBreak {WBR} at (0,0) size 0x0
        RenderInline {A} at (0,0) size 91x16 [color=#0000EE]
          RenderText {#text} at (0,16) size 91x16
            text run at (0,16) width 91: "Test more test"
        RenderBR {BR} at (90,28) size 1x0
