layer at (0,0) size 800x600
  RenderView at (0,0) size 800x600
layer at (0,0) size 800x600
  RenderBlock {HTML} at (0,0) size 800x600
    RenderBody {BODY} at (8,8) size 784x576
      RenderBlock {DIV} at (0,0) size 784x16
        RenderText {#text} at (0,0) size 55x16
          text run at (0,0) width 55: "Test for "
        RenderInline {A} at (0,0) size 122x16 [color=#0000EE]
          RenderText {#text} at (54,0) size 122x16
            text run at (54,0) width 122: "Bugzilla Bug 7724"
        RenderText {#text} at (175,0) size 486x16
          text run at (175,0) width 486: " Minor refactoring to HTMLParser::handleError() to remove duplicate code"
      RenderBlock {DL} at (0,32) size 784x16
        RenderText {#text} at (0,0) size 23x16
          text run at (0,0) width 23: "dltr"
