layer at (0,0) size 800x600
  RenderView at (0,0) size 800x600
layer at (0,0) size 800x600
  RenderBlock {HTML} at (0,0) size 800x600
    RenderBody {BODY} at (8,8) size 784x573.28
      RenderBlock (anonymous) at (0,0) size 784x16
        RenderText {#text} at (0,0) size 574x16
          text run at (0,0) width 574: "In this sample, the H3s should be nested. This matches Firefox, IE, and the HTML5 spec."
      RenderBlock {H3} at (0,34.72) size 784x280.97 [border: (2px solid #FF0000)]
        RenderBlock (anonymous) at (4,4) size 776x19
          RenderInline {I} at (0,0) size 33x19
            RenderText {#text} at (0,0) size 33x19
              text run at (0,0) width 33: "One"
        RenderBlock (anonymous) at (4,44.89) size 776x210.19
          RenderBlock {H3} at (0,0) size 776x210.19 [border: (2px solid #FF0000)]
            RenderBlock (anonymous) at (4,4) size 768x21
              RenderInline {I} at (0,0) size 39x21
                RenderText {#text} at (0,0) size 39x21
                  text run at (0,0) width 39: "Two"
            RenderBlock (anonymous) at (4,50.63) size 768x129.94
              RenderBlock {H3} at (0,0) size 768x129.94 [border: (2px solid #FF0000)]
                RenderBlock (anonymous) at (4,4) size 760x25
                  RenderInline {I} at (0,0) size 63x25
                    RenderText {#text} at (0,0) size 63x25
                      text run at (0,0) width 63: "Three"
                RenderBlock (anonymous) at (4,58.97) size 760x37
                  RenderBlock {H3} at (0,0) size 760x37 [border: (2px solid #FF0000)]
                    RenderInline {I} at (0,0) size 64x29
                      RenderText {#text} at (4,4) size 64x29
                        text run at (4,4) width 64: "Four"
                RenderBlock (anonymous) at (4,125.94) size 760x0
                  RenderInline {I} at (0,0) size 0x0
            RenderBlock (anonymous) at (4,206.19) size 768x0
              RenderInline {I} at (0,0) size 0x0
        RenderBlock (anonymous) at (4,276.97) size 776x0
          RenderInline {I} at (0,0) size 0x0
