layer at (0,0) size 800x600
  RenderView at (0,0) size 800x600
layer at (0,0) size 800x500
  RenderBlock {HTML} at (0,0) size 800x500
    RenderBody {BODY} at (8,16) size 784x476
      RenderBlock {P} at (0,0) size 784x18
        RenderText {#text} at (0,0) size 747x17
          text run at (0,0) width 747: "Test that when we have images sprinkled within a span, borders, paddings and margins are still calculated correctly ."
      RenderBlock {DIV} at (0,34) size 212x221 [border: (1px solid #000000)]
        RenderBlock {P} at (6,22) size 200x129
          RenderText {#text} at (0,7) size 175x50
            text run at (0,7) width 152: "aaa bbb ccc ddd eee fff "
            text run at (151,7) width 24 RTL: "\x{5DC}\x{5DE}\x{5D4}"
            text run at (0,40) width 58 RTL: "\x{5E2}\x{5E9}\x{5D9}\x{5EA}\x{5D9} \x{5D6}\x{5D0}\x{5EA}"
            text run at (57,40) width 5: " "
            text run at (61,40) width 17: "gg"
          RenderInline {SPAN} at (0,0) size 190x51 [border: (1px solid #0000FF) (10px solid #FFA500) (1px solid #0000FF) (10px solid #008000)]
            RenderText {#text} at (122,40) size 46x17
              text run at (122,40) width 46: " dgnjk "
            RenderImage {IMG} at (167.28,32) size 22x22 [border: (1px solid #0000FF)]
            RenderText {#text} at (0,72) size 41x17
              text run at (0,72) width 41: "njkng "
          RenderText {#text} at (85,72) size 174x49
            text run at (85,72) width 85 RTL: "\x{5D6}\x{5D0}\x{5EA} \x{2013} \x{5D0}\x{5D9}\x{5E0}\x{5D9} \x{5D9}\x{5D5}\x{5D3}\x{5E2}"
            text run at (0,104) width 30 RTL: "\x{5D1}\x{5E2}\x{5E6}\x{5DE}"
            text run at (29,104) width 145: " qqq rrr sss ttt uuu vvv"
        RenderBlock {P} at (6,167) size 200x32
          RenderInline {SPAN} at (0,0) size 163x19 [border: (1px solid #0000FF) (10px solid #FFA500) (1px solid #0000FF) (10px solid #008000)]
            RenderText {#text} at (45,7) size 88x17
              text run at (45,7) width 88: "Some fill text"
            RenderImage {IMG} at (132.09,1) size 20x20
      RenderBlock {DIV} at (0,255) size 212x221 [border: (1px solid #000000)]
        RenderBlock {P} at (6,22) size 200x129
          RenderText {#text} at (25,7) size 190x50
            text run at (25,7) width 28 RTL: " \x{5DC}\x{5DE}\x{5D4}"
            text run at (52,7) width 148: "aaa bbb ccc ddd eee fff"
            text run at (10,40) width 17: "gg"
            text run at (138,40) width 62 RTL: "\x{5E2}\x{5E9}\x{5D9}\x{5EA}\x{5D9} \x{5D6}\x{5D0}\x{5EA} "
          RenderInline {SPAN} at (0,0) size 174x51 [border: (1px solid #0000FF) (10px solid #FFA500) (1px solid #0000FF) (10px solid #008000)]
            RenderText {#text} at (26,40) size 46x17
              text run at (26,40) width 46: " dgnjk "
            RenderImage {IMG} at (71.16,32) size 22x22 [border: (1px solid #0000FF)]
            RenderText {#text} at (159,72) size 41x17
              text run at (159,72) width 5 RTL: " "
              text run at (163,72) width 37: "njkng"
          RenderText {#text} at (30,72) size 174x49
            text run at (30,72) width 85 RTL: "\x{5D6}\x{5D0}\x{5EA} \x{2013} \x{5D0}\x{5D9}\x{5E0}\x{5D9} \x{5D9}\x{5D5}\x{5D3}\x{5E2}"
            text run at (26,104) width 141: "qqq rrr sss ttt uuu vvv"
            text run at (166,104) width 34 RTL: "\x{5D1}\x{5E2}\x{5E6}\x{5DE} "
        RenderBlock {P} at (6,167) size 200x32
          RenderInline {SPAN} at (0,0) size 163x19 [border: (1px solid #0000FF) (10px solid #FFA500) (1px solid #0000FF) (10px solid #008000)]
            RenderText {#text} at (67,7) size 88x17
              text run at (67,7) width 88: "Some fill text"
            RenderImage {IMG} at (47.89,1) size 20x20
