layer at (0,0) size 800x600
  RenderView at (0,0) size 800x600
layer at (0,0) size 800x212
  RenderBlock {HTML} at (0,0) size 800x212
    RenderBody {BODY} at (8,16) size 784x188
      RenderBlock {P} at (0,0) size 784x20 [color=#000080]
        RenderText {#text} at (0,0) size 307x19
          text run at (0,0) width 307: "There should be two unbroken vertical bars below."
      RenderBlock {P} at (0,36) size 784x40 [color=#000080]
        RenderText {#text} at (0,0) size 752x39
          text run at (0,0) width 387: "Hold up a credit card to your display. The distance between the "
          text run at (387,0) width 365: "two vertical bars should be exactly the length of a credit card"
          text run at (0,20) width 72: "(85.60mm)."
      RenderBlock {DIV} at (0,92) size 784x96 [border: none (3px solid #000000)]
        RenderBlock {DIV} at (326.52,0) size 457.48x16 [border: none (3px solid #000000)]
        RenderBlock {DIV} at (326.52,16) size 457.48x16 [border: none (3px solid #000000)]
        RenderBlock {DIV} at (326.52,32) size 457.48x16 [border: none (3px solid #000000)]
        RenderBlock {DIV} at (326.52,48) size 457.48x16 [border: none (3px solid #000000)]
        RenderBlock {DIV} at (326.52,64) size 457.48x16 [border: none (3px solid #000000)]
        RenderBlock {DIV} at (326.52,80) size 457.48x16 [border: none (3px solid #000000)]
