layer at (0,0) size 800x600
  RenderView at (0,0) size 800x600
layer at (0,0) size 800x80
  RenderBlock {HTML} at (0,0) size 800x80
    RenderBody {BODY} at (8,8) size 784x56
      RenderBlock {FORM} at (0,0) size 784x22
        RenderFileUploadControl {INPUT} at (0,0) size 238x22 "2 files"
          RenderButton {INPUT} at (0,0) size 92x22 [bgcolor=#C0C0C0] [border: (2px outset #C0C0C0)]
            RenderBlock (anonymous) at (8,3) size 76x16
              RenderText {#text} at (0,0) size 76x16
                text run at (0,0) width 76: "Choose Files"
        RenderText {#text} at (0,0) size 0x0
      RenderBlock {P} at (0,38) size 784x18
        RenderText {#text} at (0,0) size 451x17
          text run at (0,0) width 451: "The file upload control above should have text '2 files,' not a filename."
