layer at (0,0) size 785x2241
  RenderView at (0,0) size 785x600
layer at (0,0) size 785x2241
  RenderBlock {HTML} at (0,0) size 785x2241.44
    RenderBody {BODY} at (8,8) size 769x2217.44
      RenderBlock {H1} at (0,0) size 769x32
        RenderText {#text} at (0,0) size 432x32
          text run at (0,0) width 432: "Example 4: Some simple tables."
      RenderTable {TABLE} at (0,53.44) size 475x92 [border: (1px outset #808080)]
        RenderTableSection {TBODY} at (1,1) size 473x90
          RenderTableRow {TR} at (0,2) size 473x20
            RenderTableCell {TH} at (2,2) size 69x20 [border: (1px inset #808080)] [r=0 c=0 rs=1 cs=1]
              RenderText {#text} at (12,2) size 45x16
                text run at (12,2) width 45: "Color "
            RenderTableCell {TH} at (73,2) size 398x20 [border: (1px inset #808080)] [r=0 c=1 rs=1 cs=1]
              RenderText {#text} at (166,2) size 66x16
                text run at (166,2) width 66: "Meaning "
          RenderTableRow {TR} at (0,24) size 473x20
            RenderTableCell {TD} at (2,24) size 69x20 [bgcolor=#90EE90] [border: (1px inset #808080)] [r=1 c=0 rs=1 cs=1]
              RenderText {#text} at (2,2) size 65x16
                text run at (2,2) width 65: "lightgreen"
            RenderTableCell {TD} at (73,24) size 398x20 [border: (1px inset #808080)] [r=1 c=1 rs=1 cs=1]
              RenderText {#text} at (2,2) size 302x16
                text run at (2,2) width 302: "Light green is used on cells that have a colspan"
          RenderTableRow {TR} at (0,46) size 473x20
            RenderTableCell {TD} at (2,46) size 69x20 [bgcolor=#F0E68C] [border: (1px inset #808080)] [r=2 c=0 rs=1 cs=1]
              RenderText {#text} at (2,2) size 36x16
                text run at (2,2) width 36: "khaki"
            RenderTableCell {TD} at (73,46) size 398x20 [border: (1px inset #808080)] [r=2 c=1 rs=1 cs=1]
              RenderText {#text} at (2,2) size 272x16
                text run at (2,2) width 272: "Khaki is used on cells that have a rowspan"
          RenderTableRow {TR} at (0,68) size 473x20
            RenderTableCell {TD} at (2,68) size 69x20 [bgcolor=#D3D3D3] [border: (1px inset #808080)] [r=3 c=0 rs=1 cs=1]
              RenderText {#text} at (2,2) size 58x16
                text run at (2,2) width 58: "lightgrey"
            RenderTableCell {TD} at (73,68) size 398x20 [border: (1px inset #808080)] [r=3 c=1 rs=1 cs=1]
              RenderText {#text} at (2,2) size 304x16
                text run at (2,2) width 304: "Light grey is used on cells that have a rowspan "
              RenderInline {B} at (0,0) size 27x16
                RenderText {#text} at (305,2) size 27x16
                  text run at (305,2) width 27: "and"
              RenderText {#text} at (331,2) size 65x16
                text run at (331,2) width 65: " a colspan"
      RenderBlock (anonymous) at (0,145.44) size 769x32
        RenderBR {BR} at (0,0) size 0x16
        RenderText {#text} at (0,16) size 4x16
          text run at (0,16) width 4: " "
      RenderTable {TABLE} at (0,177.44) size 769x118 [border: (1px outset #808080)]
        RenderBlock {CAPTION} at (0,0) size 769x16
          RenderText {#text} at (125,0) size 519x16
            text run at (125,0) width 519: "Table 1 has this caption at the top.  It is defined to be 100% of it's parent's width."
        RenderTableSection {TBODY} at (1,17) size 767x100
          RenderTableRow {TR} at (0,2) size 767x36
            RenderTableCell {TD} at (2,10) size 397x20 [bgcolor=#90EE90] [border: (1px inset #808080)] [r=0 c=0 rs=1 cs=2]
              RenderText {#text} at (2,2) size 27x16
                text run at (2,2) width 27: "Cell"
            RenderTableCell {TD} at (401,2) size 364x36 [border: (1px inset #808080)] [r=0 c=2 rs=1 cs=1]
              RenderText {#text} at (2,2) size 340x32
                text run at (2,2) width 340: "Stuff to test out table cell layout. This should be long"
                text run at (2,18) width 52: "enough."
          RenderTableRow {TR} at (0,40) size 767x20
            RenderTableCell {TD} at (2,40) size 31x20 [border: (1px inset #808080)] [r=1 c=0 rs=1 cs=1]
              RenderText {#text} at (2,2) size 27x16
                text run at (2,2) width 27: "Cell"
            RenderTableCell {TD} at (35,40) size 730x20 [bgcolor=#90EE90] [border: (1px inset #808080)] [r=1 c=1 rs=1 cs=2]
              RenderText {#text} at (2,2) size 396x16
                text run at (2,2) width 396: "Stuff to test out table cell layout. This should be long enough."
          RenderTableRow {TR} at (0,62) size 767x36
            RenderTableCell {TD} at (2,70) size 31x20 [border: (1px inset #808080)] [r=2 c=0 rs=1 cs=1]
              RenderText {#text} at (2,2) size 27x16
                text run at (2,2) width 27: "Cell"
            RenderTableCell {TD} at (35,62) size 364x36 [border: (1px inset #808080)] [r=2 c=1 rs=1 cs=1]
              RenderText {#text} at (2,2) size 340x32
                text run at (2,2) width 340: "Stuff to test out table cell layout. This should be long"
                text run at (2,18) width 52: "enough."
            RenderTableCell {TD} at (401,70) size 364x20 [border: (1px inset #808080)] [r=2 c=2 rs=1 cs=1]
              RenderText {#text} at (2,2) size 27x16
                text run at (2,2) width 27: "Cell"
      RenderBlock (anonymous) at (0,295.44) size 769x32
        RenderBR {BR} at (0,0) size 0x16
        RenderText {#text} at (0,16) size 4x16
          text run at (0,16) width 4: " "
      RenderTable {TABLE} at (0,327.44) size 506x86 [border: (1px outset #808080)]
        RenderBlock {CAPTION} at (0,0) size 506x16
          RenderText {#text} at (89,0) size 328x16
            text run at (89,0) width 328: "Table 2 has auto-width (no width param specified.)"
        RenderTableSection {TBODY} at (1,17) size 504x68
          RenderTableRow {TR} at (0,2) size 504x20
            RenderTableCell {TD} at (2,2) size 31x20 [border: (1px inset #808080)] [r=0 c=0 rs=1 cs=1]
              RenderText {#text} at (2,2) size 27x16
                text run at (2,2) width 27: "Cell"
            RenderTableCell {TD} at (35,13) size 467x20 [bgcolor=#D3D3D3] [border: (1px inset #808080)] [r=0 c=1 rs=2 cs=2]
              RenderText {#text} at (2,2) size 396x16
                text run at (2,2) width 396: "Stuff to test out table cell layout. This should be long enough."
          RenderTableRow {TR} at (0,24) size 504x20
            RenderTableCell {TD} at (2,24) size 31x20 [border: (1px inset #808080)] [r=1 c=0 rs=1 cs=1]
              RenderText {#text} at (2,2) size 27x16
                text run at (2,2) width 27: "Cell"
          RenderTableRow {TR} at (0,46) size 504x20
            RenderTableCell {TD} at (2,46) size 31x20 [border: (1px inset #808080)] [r=2 c=0 rs=1 cs=1]
              RenderText {#text} at (2,2) size 27x16
                text run at (2,2) width 27: "Cell"
            RenderTableCell {TD} at (35,46) size 400x20 [border: (1px inset #808080)] [r=2 c=1 rs=1 cs=1]
              RenderText {#text} at (2,2) size 396x16
                text run at (2,2) width 396: "Stuff to test out table cell layout. This should be long enough."
            RenderTableCell {TD} at (437,46) size 65x20 [border: (1px inset #808080)] [r=2 c=2 rs=1 cs=1]
              RenderText {#text} at (2,2) size 61x16
                text run at (2,2) width 61: "more text"
      RenderBlock (anonymous) at (0,413.44) size 769x16
        RenderText {#text} at (0,0) size 4x16
          text run at (0,0) width 4: " "
      RenderTable {TABLE} at (0,429.44) size 506x86 [border: (1px outset #808080)]
        RenderBlock {CAPTION} at (0,0) size 506x16
          RenderText {#text} at (53,0) size 400x16
            text run at (53,0) width 400: "Table 3 is the same as Table 2, but with equal column widths. "
        RenderTableSection {TBODY} at (1,17) size 504x68
          RenderTableRow {TR} at (0,2) size 504x20
            RenderTableCell {TD} at (2,2) size 31x20 [border: (1px inset #808080)] [r=0 c=0 rs=1 cs=1]
              RenderText {#text} at (2,2) size 27x16
                text run at (2,2) width 27: "Cell"
            RenderTableCell {TD} at (35,13) size 467x20 [bgcolor=#D3D3D3] [border: (1px inset #808080)] [r=0 c=1 rs=2 cs=2]
              RenderText {#text} at (2,2) size 396x16
                text run at (2,2) width 396: "Stuff to test out table cell layout. This should be long enough."
          RenderTableRow {TR} at (0,24) size 504x20
            RenderTableCell {TD} at (2,24) size 31x20 [border: (1px inset #808080)] [r=1 c=0 rs=1 cs=1]
              RenderText {#text} at (2,2) size 27x16
                text run at (2,2) width 27: "Cell"
          RenderTableRow {TR} at (0,46) size 504x20
            RenderTableCell {TD} at (2,46) size 31x20 [border: (1px inset #808080)] [r=2 c=0 rs=1 cs=1]
              RenderText {#text} at (2,2) size 27x16
                text run at (2,2) width 27: "Cell"
            RenderTableCell {TD} at (35,46) size 400x20 [border: (1px inset #808080)] [r=2 c=1 rs=1 cs=1]
              RenderText {#text} at (2,2) size 396x16
                text run at (2,2) width 396: "Stuff to test out table cell layout. This should be long enough."
            RenderTableCell {TD} at (437,46) size 65x20 [border: (1px inset #808080)] [r=2 c=2 rs=1 cs=1]
              RenderText {#text} at (2,2) size 61x16
                text run at (2,2) width 61: "more text"
      RenderBlock (anonymous) at (0,515.44) size 769x32
        RenderBR {BR} at (0,0) size 0x16
        RenderText {#text} at (0,16) size 4x16
          text run at (0,16) width 4: " "
      RenderTable {TABLE} at (0,547.44) size 252x158 [border: (1px none #808080)]
        RenderBlock {CAPTION} at (0,110) size 252x48
          RenderText {#text} at (8,0) size 244x48
            text run at (8,0) width 236: "Table 4 has this bottom caption. The"
            text run at (4,16) width 244: "table has specified column widths and"
            text run at (65,32) width 122: "collapsing borders."
        RenderTableCol {COLGROUP} at (0,0) size 0x0
          RenderTableCol {COL} at (0,0) size 0x0 [border: none (2px dashed #0000FF) none (2px solid #000000)]
          RenderTableCol {COL} at (0,0) size 0x0 [border: none (1px solid #FF0000) none]
          RenderTableCol {COL} at (0,0) size 0x0 [border: none (2px solid #000000) none]
        RenderTableSection {THEAD} at (1,1) size 250x24 [border: none (6px solid #000000) none]
          RenderTableRow {TR} at (0,0) size 250x24 [border: (2px solid #000000)]
            RenderTableCell {TH} at (0,0) size 90x24 [border: (1px none #000000) none (3px none #000000)] [r=0 c=0 rs=1 cs=1]
              RenderText {#text} at (23,3) size 45x16
                text run at (23,3) width 45: "Player"
            RenderTableCell {TH} at (90,0) size 80x24 [border: (1px none #000000) none (3px none #000000)] [r=0 c=1 rs=1 cs=1]
              RenderText {#text} at (10,3) size 60x16
                text run at (10,3) width 60: "Ranking"
            RenderTableCell {TH} at (170,0) size 80x24 [border: (1px none #000000)] [r=0 c=2 rs=1 cs=1]
              RenderText {#text} at (14,3) size 51x16
                text run at (14,3) width 51: "Record"
        RenderTableSection {TBODY} at (1,25) size 250x84
          RenderTableRow {TR} at (0,0) size 250x24 [border: (2px solid #000000)]
            RenderTableCell {TD} at (0,0) size 90x24 [border: (3px none #000000)] [r=0 c=0 rs=1 cs=1]
              RenderText {#text} at (3,5) size 76x16
                text run at (3,5) width 76: "Steve Clark"
            RenderTableCell {TD} at (90,0) size 80x24 [border: (3px none #000000)] [r=0 c=1 rs=1 cs=1]
              RenderText {#text} at (36,5) size 9x16
                text run at (36,5) width 9: "1"
            RenderTableCell {TD} at (170,0) size 80x24 [border: (3px none #000000)] [r=0 c=2 rs=1 cs=1]
              RenderText {#text} at (25,5) size 30x16
                text run at (25,5) width 30: "77-0"
          RenderTableRow {TR} at (0,24) size 250x22 [border: (2px solid #000000)]
            RenderTableCell {TD} at (0,24) size 90x22 [border: (1px none #000000)] [r=1 c=0 rs=1 cs=1]
              RenderText {#text} at (3,3) size 75x16
                text run at (3,3) width 75: "Cliff Swain"
            RenderTableCell {TD} at (90,24) size 80x22 [border: (1px none #000000)] [r=1 c=1 rs=1 cs=1]
              RenderText {#text} at (36,3) size 9x16
                text run at (36,3) width 9: "2"
            RenderTableCell {TD} at (170,24) size 80x22 [border: (1px none #000000)] [r=1 c=2 rs=1 cs=1]
              RenderText {#text} at (21,3) size 38x16
                text run at (21,3) width 38: "67-10"
          RenderTableRow {TR} at (0,46) size 250x38 [border: (2px solid #000000)]
            RenderTableCell {TD} at (0,46) size 90x38 [border: (1px none #000000)] [r=2 c=0 rs=1 cs=1]
              RenderText {#text} at (3,3) size 43x32
                text run at (3,3) width 40: "Marty"
                text run at (3,19) width 43: "Hogan"
            RenderTableCell {TD} at (90,54) size 80x22 [border: (1px none #000000)] [r=2 c=1 rs=1 cs=1]
              RenderText {#text} at (36,3) size 9x16
                text run at (36,3) width 9: "3"
            RenderTableCell {TD} at (170,54) size 80x22 [border: (1px none #000000)] [r=2 c=2 rs=1 cs=1]
              RenderText {#text} at (21,3) size 38x16
                text run at (21,3) width 38: "57-15"
      RenderBlock (anonymous) at (0,705.44) size 769x16
        RenderBR {BR} at (0,0) size 0x16
      RenderTable {TABLE} at (0,721.44) size 198x384
        RenderBlock {CAPTION} at (0,352) size 198x16
          RenderText {#text} at (4,0) size 190x16
            text run at (4,0) width 190: "Table 5 has a scrolling tbody."
        RenderTableSection {THEAD} at (0,0) size 198x17
          RenderTableRow {TR} at (0,2) size 198x13
            RenderTableCell {TD} at (2,2) size 96x13 [r=0 c=0 rs=1 cs=2]
              RenderText {#text} at (1,1) size 46x11
                text run at (1,1) width 46: "HEADER"
        RenderTableSection {TBODY} at (0,17) size 198x320 [border: (1px solid #000000)]
          RenderTableRow {TR} at (0,0) size 198x18
            RenderTableCell {TD} at (2,0) size 47x18 [r=0 c=0 rs=1 cs=1]
              RenderText {#text} at (1,1) size 45x16
                text run at (1,1) width 45: "cell-00"
            RenderTableCell {TD} at (51,0) size 47x18 [r=0 c=1 rs=1 cs=1]
              RenderText {#text} at (1,1) size 45x16
                text run at (1,1) width 45: "cell-01"
            RenderTableCell {TD} at (100,0) size 47x18 [r=0 c=2 rs=1 cs=1]
              RenderText {#text} at (1,1) size 45x16
                text run at (1,1) width 45: "cell-02"
            RenderTableCell {TD} at (149,0) size 47x18 [r=0 c=3 rs=1 cs=1]
              RenderText {#text} at (1,1) size 45x16
                text run at (1,1) width 45: "cell-03"
          RenderTableRow {TR} at (0,20) size 198x18
            RenderTableCell {TD} at (2,20) size 47x18 [r=1 c=0 rs=1 cs=1]
              RenderText {#text} at (1,1) size 45x16
                text run at (1,1) width 45: "cell-10"
            RenderTableCell {TD} at (51,20) size 47x18 [r=1 c=1 rs=1 cs=1]
              RenderText {#text} at (1,1) size 45x16
                text run at (1,1) width 45: "cell-11"
            RenderTableCell {TD} at (100,20) size 47x18 [r=1 c=2 rs=1 cs=1]
              RenderText {#text} at (1,1) size 45x16
                text run at (1,1) width 45: "cell-12"
            RenderTableCell {TD} at (149,20) size 47x18 [r=1 c=3 rs=1 cs=1]
              RenderText {#text} at (1,1) size 45x16
                text run at (1,1) width 45: "cell-13"
          RenderTableRow {TR} at (0,40) size 198x18
            RenderTableCell {TD} at (2,40) size 47x18 [r=2 c=0 rs=1 cs=1]
              RenderText {#text} at (1,1) size 45x16
                text run at (1,1) width 45: "cell-20"
            RenderTableCell {TD} at (51,40) size 47x18 [r=2 c=1 rs=1 cs=1]
              RenderText {#text} at (1,1) size 45x16
                text run at (1,1) width 45: "cell-21"
            RenderTableCell {TD} at (100,40) size 47x18 [r=2 c=2 rs=1 cs=1]
              RenderText {#text} at (1,1) size 45x16
                text run at (1,1) width 45: "cell-22"
            RenderTableCell {TD} at (149,40) size 47x18 [r=2 c=3 rs=1 cs=1]
              RenderText {#text} at (1,1) size 45x16
                text run at (1,1) width 45: "cell-23"
          RenderTableRow {TR} at (0,60) size 198x18
            RenderTableCell {TD} at (2,60) size 47x18 [r=3 c=0 rs=1 cs=1]
              RenderText {#text} at (1,1) size 45x16
                text run at (1,1) width 45: "cell-30"
            RenderTableCell {TD} at (51,60) size 47x18 [r=3 c=1 rs=1 cs=1]
              RenderText {#text} at (1,1) size 45x16
                text run at (1,1) width 45: "cell-31"
            RenderTableCell {TD} at (100,60) size 47x18 [r=3 c=2 rs=1 cs=1]
              RenderText {#text} at (1,1) size 45x16
                text run at (1,1) width 45: "cell-32"
            RenderTableCell {TD} at (149,60) size 47x18 [r=3 c=3 rs=1 cs=1]
              RenderText {#text} at (1,1) size 45x16
                text run at (1,1) width 45: "cell-33"
          RenderTableRow {TR} at (0,80) size 198x18
            RenderTableCell {TD} at (2,80) size 47x18 [r=4 c=0 rs=1 cs=1]
              RenderText {#text} at (1,1) size 45x16
                text run at (1,1) width 45: "cell-40"
            RenderTableCell {TD} at (51,80) size 47x18 [r=4 c=1 rs=1 cs=1]
              RenderText {#text} at (1,1) size 45x16
                text run at (1,1) width 45: "cell-41"
            RenderTableCell {TD} at (100,80) size 47x18 [r=4 c=2 rs=1 cs=1]
              RenderText {#text} at (1,1) size 45x16
                text run at (1,1) width 45: "cell-42"
            RenderTableCell {TD} at (149,80) size 47x18 [r=4 c=3 rs=1 cs=1]
              RenderText {#text} at (1,1) size 45x16
                text run at (1,1) width 45: "cell-43"
          RenderTableRow {TR} at (0,100) size 198x18
            RenderTableCell {TD} at (2,100) size 47x18 [r=5 c=0 rs=1 cs=1]
              RenderText {#text} at (1,1) size 45x16
                text run at (1,1) width 45: "cell-50"
            RenderTableCell {TD} at (51,100) size 47x18 [r=5 c=1 rs=1 cs=1]
              RenderText {#text} at (1,1) size 45x16
                text run at (1,1) width 45: "cell-51"
            RenderTableCell {TD} at (100,100) size 47x18 [r=5 c=2 rs=1 cs=1]
              RenderText {#text} at (1,1) size 45x16
                text run at (1,1) width 45: "cell-52"
            RenderTableCell {TD} at (149,100) size 47x18 [r=5 c=3 rs=1 cs=1]
              RenderText {#text} at (1,1) size 45x16
                text run at (1,1) width 45: "cell-53"
          RenderTableRow {TR} at (0,120) size 198x18
            RenderTableCell {TD} at (2,120) size 47x18 [r=6 c=0 rs=1 cs=1]
              RenderText {#text} at (1,1) size 45x16
                text run at (1,1) width 45: "cell-60"
            RenderTableCell {TD} at (51,120) size 47x18 [r=6 c=1 rs=1 cs=1]
              RenderText {#text} at (1,1) size 45x16
                text run at (1,1) width 45: "cell-61"
            RenderTableCell {TD} at (100,120) size 47x18 [r=6 c=2 rs=1 cs=1]
              RenderText {#text} at (1,1) size 45x16
                text run at (1,1) width 45: "cell-62"
            RenderTableCell {TD} at (149,120) size 47x18 [r=6 c=3 rs=1 cs=1]
              RenderText {#text} at (1,1) size 45x16
                text run at (1,1) width 45: "cell-63"
          RenderTableRow {TR} at (0,140) size 198x18
            RenderTableCell {TD} at (2,140) size 47x18 [r=7 c=0 rs=1 cs=1]
              RenderText {#text} at (1,1) size 45x16
                text run at (1,1) width 45: "cell-70"
            RenderTableCell {TD} at (51,140) size 47x18 [r=7 c=1 rs=1 cs=1]
              RenderText {#text} at (1,1) size 45x16
                text run at (1,1) width 45: "cell-71"
            RenderTableCell {TD} at (100,140) size 47x18 [r=7 c=2 rs=1 cs=1]
              RenderText {#text} at (1,1) size 45x16
                text run at (1,1) width 45: "cell-72"
            RenderTableCell {TD} at (149,140) size 47x18 [r=7 c=3 rs=1 cs=1]
              RenderText {#text} at (1,1) size 45x16
                text run at (1,1) width 45: "cell-73"
          RenderTableRow {TR} at (0,160) size 198x18
            RenderTableCell {TD} at (2,160) size 47x18 [r=8 c=0 rs=1 cs=1]
              RenderText {#text} at (1,1) size 45x16
                text run at (1,1) width 45: "cell-80"
            RenderTableCell {TD} at (51,160) size 47x18 [r=8 c=1 rs=1 cs=1]
              RenderText {#text} at (1,1) size 45x16
                text run at (1,1) width 45: "cell-81"
            RenderTableCell {TD} at (100,160) size 47x18 [r=8 c=2 rs=1 cs=1]
              RenderText {#text} at (1,1) size 45x16
                text run at (1,1) width 45: "cell-82"
            RenderTableCell {TD} at (149,160) size 47x18 [r=8 c=3 rs=1 cs=1]
              RenderText {#text} at (1,1) size 45x16
                text run at (1,1) width 45: "cell-83"
          RenderTableRow {TR} at (0,180) size 198x18
            RenderTableCell {TD} at (2,180) size 47x18 [r=9 c=0 rs=1 cs=1]
              RenderText {#text} at (1,1) size 45x16
                text run at (1,1) width 45: "cell-90"
            RenderTableCell {TD} at (51,180) size 47x18 [r=9 c=1 rs=1 cs=1]
              RenderText {#text} at (1,1) size 45x16
                text run at (1,1) width 45: "cell-91"
            RenderTableCell {TD} at (100,180) size 47x18 [r=9 c=2 rs=1 cs=1]
              RenderText {#text} at (1,1) size 45x16
                text run at (1,1) width 45: "cell-92"
            RenderTableCell {TD} at (149,180) size 47x18 [r=9 c=3 rs=1 cs=1]
              RenderText {#text} at (1,1) size 45x16
                text run at (1,1) width 45: "cell-93"
          RenderTableRow {TR} at (0,200) size 198x18
            RenderTableCell {TD} at (2,200) size 47x18 [r=10 c=0 rs=1 cs=1]
              RenderText {#text} at (1,1) size 44x16
                text run at (1,1) width 44: "cell-a0"
            RenderTableCell {TD} at (51,200) size 47x18 [r=10 c=1 rs=1 cs=1]
              RenderText {#text} at (1,1) size 44x16
                text run at (1,1) width 44: "cell-a1"
            RenderTableCell {TD} at (100,200) size 47x18 [r=10 c=2 rs=1 cs=1]
              RenderText {#text} at (1,1) size 44x16
                text run at (1,1) width 44: "cell-a2"
            RenderTableCell {TD} at (149,200) size 47x18 [r=10 c=3 rs=1 cs=1]
              RenderText {#text} at (1,1) size 44x16
                text run at (1,1) width 44: "cell-a3"
          RenderTableRow {TR} at (0,220) size 198x18
            RenderTableCell {TD} at (2,220) size 47x18 [r=11 c=0 rs=1 cs=1]
              RenderText {#text} at (1,1) size 45x16
                text run at (1,1) width 45: "cell-b0"
            RenderTableCell {TD} at (51,220) size 47x18 [r=11 c=1 rs=1 cs=1]
              RenderText {#text} at (1,1) size 45x16
                text run at (1,1) width 45: "cell-b1"
            RenderTableCell {TD} at (100,220) size 47x18 [r=11 c=2 rs=1 cs=1]
              RenderText {#text} at (1,1) size 45x16
                text run at (1,1) width 45: "cell-b2"
            RenderTableCell {TD} at (149,220) size 47x18 [r=11 c=3 rs=1 cs=1]
              RenderText {#text} at (1,1) size 45x16
                text run at (1,1) width 45: "cell-b3"
          RenderTableRow {TR} at (0,240) size 198x18
            RenderTableCell {TD} at (2,240) size 47x18 [r=12 c=0 rs=1 cs=1]
              RenderText {#text} at (1,1) size 44x16
                text run at (1,1) width 44: "cell-c0"
            RenderTableCell {TD} at (51,240) size 47x18 [r=12 c=1 rs=1 cs=1]
              RenderText {#text} at (1,1) size 44x16
                text run at (1,1) width 44: "cell-c1"
            RenderTableCell {TD} at (100,240) size 47x18 [r=12 c=2 rs=1 cs=1]
              RenderText {#text} at (1,1) size 44x16
                text run at (1,1) width 44: "cell-c2"
            RenderTableCell {TD} at (149,240) size 47x18 [r=12 c=3 rs=1 cs=1]
              RenderText {#text} at (1,1) size 44x16
                text run at (1,1) width 44: "cell-c3"
          RenderTableRow {TR} at (0,260) size 198x18
            RenderTableCell {TD} at (2,260) size 47x18 [r=13 c=0 rs=1 cs=1]
              RenderText {#text} at (1,1) size 45x16
                text run at (1,1) width 45: "cell-d0"
            RenderTableCell {TD} at (51,260) size 47x18 [r=13 c=1 rs=1 cs=1]
              RenderText {#text} at (1,1) size 45x16
                text run at (1,1) width 45: "cell-d1"
            RenderTableCell {TD} at (100,260) size 47x18 [r=13 c=2 rs=1 cs=1]
              RenderText {#text} at (1,1) size 45x16
                text run at (1,1) width 45: "cell-d2"
            RenderTableCell {TD} at (149,260) size 47x18 [r=13 c=3 rs=1 cs=1]
              RenderText {#text} at (1,1) size 45x16
                text run at (1,1) width 45: "cell-d3"
          RenderTableRow {TR} at (0,280) size 198x18
            RenderTableCell {TD} at (2,280) size 47x18 [r=14 c=0 rs=1 cs=1]
              RenderText {#text} at (1,1) size 44x16
                text run at (1,1) width 44: "cell-e0"
            RenderTableCell {TD} at (51,280) size 47x18 [r=14 c=1 rs=1 cs=1]
              RenderText {#text} at (1,1) size 44x16
                text run at (1,1) width 44: "cell-e1"
            RenderTableCell {TD} at (100,280) size 47x18 [r=14 c=2 rs=1 cs=1]
              RenderText {#text} at (1,1) size 44x16
                text run at (1,1) width 44: "cell-e2"
            RenderTableCell {TD} at (149,280) size 47x18 [r=14 c=3 rs=1 cs=1]
              RenderText {#text} at (1,1) size 44x16
                text run at (1,1) width 44: "cell-e3"
          RenderTableRow {TR} at (0,300) size 198x18
            RenderTableCell {TD} at (2,300) size 47x18 [r=15 c=0 rs=1 cs=1]
              RenderText {#text} at (1,1) size 42x16
                text run at (1,1) width 42: "cell-f0"
            RenderTableCell {TD} at (51,300) size 47x18 [r=15 c=1 rs=1 cs=1]
              RenderText {#text} at (1,1) size 42x16
                text run at (1,1) width 42: "cell-f1"
            RenderTableCell {TD} at (100,300) size 47x18 [r=15 c=2 rs=1 cs=1]
              RenderText {#text} at (1,1) size 42x16
                text run at (1,1) width 42: "cell-f2"
            RenderTableCell {TD} at (149,300) size 47x18 [r=15 c=3 rs=1 cs=1]
              RenderText {#text} at (1,1) size 42x16
                text run at (1,1) width 42: "cell-f3"
        RenderTableSection {TFOOT} at (0,337) size 198x15
          RenderTableRow {TR} at (0,0) size 198x13
            RenderTableCell {TD} at (2,0) size 96x13 [r=0 c=0 rs=1 cs=2]
              RenderText {#text} at (1,1) size 46x11
                text run at (1,1) width 46: "FOOTER"
        RenderBlock {CAPTION} at (0,368) size 198x16
          RenderText {#text} at (4,0) size 190x16
            text run at (4,0) width 190: "Table 5 has a scrolling tbody."
      RenderBlock (anonymous) at (0,1105.44) size 769x32
        RenderBR {BR} at (0,0) size 0x16
        RenderText {#text} at (0,16) size 632x16
          text run at (0,16) width 632: "This is a table formed from a list with display of table-row and list items with display of table-cell."
      RenderTable at (0,1137.44) size 201x16
        RenderTableSection (anonymous) at (0,0) size 201x16
          RenderTableRow {UL} at (0,0) size 201x16 [bgcolor=#FFA500]
            RenderTableCell {LI} at (0,0) size 33x16 [r=0 c=0 rs=1 cs=1]
              RenderText {#text} at (0,0) size 33x16
                text run at (0,0) width 33: "ONE"
            RenderTableCell {LI} at (33,0) size 37x16 [r=0 c=1 rs=1 cs=1]
              RenderText {#text} at (0,0) size 37x16
                text run at (0,0) width 37: "TWO"
            RenderTableCell {LI} at (70,0) size 52x16 [r=0 c=2 rs=1 cs=1]
              RenderText {#text} at (0,0) size 52x16
                text run at (0,0) width 52: "THREE"
            RenderTableCell {LI} at (122,0) size 43x16 [r=0 c=3 rs=1 cs=1]
              RenderText {#text} at (0,0) size 43x16
                text run at (0,0) width 43: "FOUR"
            RenderTableCell {LI} at (165,0) size 36x16 [r=0 c=4 rs=1 cs=1]
              RenderText {#text} at (0,0) size 36x16
                text run at (0,0) width 36: "FIVE"
      RenderBlock (anonymous) at (0,1153.44) size 769x32
        RenderBR {BR} at (0,0) size 0x16
        RenderText {#text} at (0,16) size 679x16
          text run at (0,16) width 679: "This is a table formed from a list with display of table-row-group and list items with display of table-cell. "
        RenderBR {BR} at (0,0) size 0x0
      RenderTable at (0,1185.44) size 227x16
        RenderTableSection {UL} at (0,0) size 227x16
          RenderTableRow (anonymous) at (0,0) size 227x16
            RenderTableCell {LI} at (0,0) size 33x16 [bgcolor=#FFA500] [r=0 c=0 rs=1 cs=1]
              RenderText {#text} at (0,0) size 33x16
                text run at (0,0) width 33: "ONE"
            RenderTableCell {LI} at (33,0) size 37x16 [bgcolor=#FFA500] [r=0 c=1 rs=1 cs=1]
              RenderText {#text} at (0,0) size 37x16
                text run at (0,0) width 37: "TWO"
            RenderTableCell {LI} at (70,0) size 52x16 [bgcolor=#FFA500] [r=0 c=2 rs=1 cs=1]
              RenderText {#text} at (0,0) size 52x16
                text run at (0,0) width 52: "THREE"
            RenderTableCell {LI} at (122,0) size 43x16 [bgcolor=#FFA500] [r=0 c=3 rs=1 cs=1]
              RenderText {#text} at (0,0) size 43x16
                text run at (0,0) width 43: "FOUR"
            RenderTableCell {LI} at (165,0) size 36x16 [bgcolor=#FFA500] [r=0 c=4 rs=1 cs=1]
              RenderText {#text} at (0,0) size 36x16
                text run at (0,0) width 36: "FIVE"
            RenderTableCell {LI} at (201,0) size 26x16 [bgcolor=#FFA500] [r=0 c=5 rs=1 cs=1]
              RenderText {#text} at (0,0) size 26x16
                text run at (0,0) width 26: "SIX"
      RenderBlock (anonymous) at (0,1201.44) size 769x32
        RenderBR {BR} at (0,0) size 0x16
        RenderText {#text} at (0,16) size 418x16
          text run at (0,16) width 418: "This is like the previous table plus the list's overflow property set"
      RenderTable at (0,1233.44) size 227x16
        RenderTableSection {UL} at (0,0) size 227x16
          RenderTableRow (anonymous) at (0,0) size 227x16
            RenderTableCell {LI} at (0,0) size 33x16 [bgcolor=#FFA500] [r=0 c=0 rs=1 cs=1]
              RenderText {#text} at (0,0) size 33x16
                text run at (0,0) width 33: "ONE"
            RenderTableCell {LI} at (33,0) size 37x16 [bgcolor=#FFA500] [r=0 c=1 rs=1 cs=1]
              RenderText {#text} at (0,0) size 37x16
                text run at (0,0) width 37: "TWO"
            RenderTableCell {LI} at (70,0) size 52x16 [bgcolor=#FFA500] [r=0 c=2 rs=1 cs=1]
              RenderText {#text} at (0,0) size 52x16
                text run at (0,0) width 52: "THREE"
            RenderTableCell {LI} at (122,0) size 43x16 [bgcolor=#FFA500] [r=0 c=3 rs=1 cs=1]
              RenderText {#text} at (0,0) size 43x16
                text run at (0,0) width 43: "FOUR"
            RenderTableCell {LI} at (165,0) size 36x16 [bgcolor=#FFA500] [r=0 c=4 rs=1 cs=1]
              RenderText {#text} at (0,0) size 36x16
                text run at (0,0) width 36: "FIVE"
            RenderTableCell {LI} at (201,0) size 26x16 [bgcolor=#FFA500] [r=0 c=5 rs=1 cs=1]
              RenderText {#text} at (0,0) size 26x16
                text run at (0,0) width 26: "SIX"
      RenderBlock (anonymous) at (0,1249.44) size 769x16
        RenderBR {BR} at (0,0) size 0x16
      RenderBlock {P} at (0,1281.44) size 769x204
        RenderBlock (anonymous) at (0,0) size 769x16
          RenderText {#text} at (0,0) size 439x16
            text run at (0,0) width 439: "The following table will have its rows and columns in red collapsed "
          RenderBR {BR} at (0,0) size 0x0
        RenderTable {TABLE} at (0,16) size 139x86 [bgcolor=#FFA500] [border: (1px outset #808080)]
          RenderBlock {CAPTION} at (0,0) size 139x16
            RenderInline {B} at (0,0) size 45x16
              RenderText {#text} at (47,0) size 45x16
                text run at (47,0) width 45: "before"
          RenderTableCol {COLGROUP} at (0,0) size 0x0
            RenderTableCol {COL} at (0,0) size 0x0
            RenderTableCol {COL} at (0,0) size 0x0
            RenderTableCol {COL} at (0,0) size 0x0
          RenderTableSection {TBODY} at (1,17) size 137x68
            RenderTableRow {TR} at (0,2) size 137x20
              RenderTableCell {TD} at (2,2) size 31x20 [border: (1px inset #808080)] [r=0 c=0 rs=1 cs=1]
                RenderText {#text} at (2,2) size 27x16
                  text run at (2,2) width 27: "C11"
              RenderTableCell {TD} at (35,2) size 31x20 [bgcolor=#FF0000] [border: (1px inset #808080)] [r=0 c=1 rs=1 cs=1]
                RenderText {#text} at (2,2) size 27x16
                  text run at (2,2) width 27: "C12"
              RenderTableCell {TD} at (68,2) size 67x20 [border: (1px inset #808080)] [r=0 c=2 rs=1 cs=1]
                RenderText {#text} at (2,2) size 63x16
                  text run at (2,2) width 63: "C13 large"
            RenderTableRow {TR} at (0,24) size 137x20 [bgcolor=#FF0000]
              RenderTableCell {TD} at (2,24) size 31x20 [border: (1px inset #808080)] [r=1 c=0 rs=1 cs=1]
                RenderText {#text} at (2,2) size 27x16
                  text run at (2,2) width 27: "C21"
              RenderTableCell {TD} at (35,24) size 31x20 [border: (1px inset #808080)] [r=1 c=1 rs=1 cs=1]
                RenderText {#text} at (2,2) size 27x16
                  text run at (2,2) width 27: "C22"
              RenderTableCell {TD} at (68,24) size 67x20 [border: (1px inset #808080)] [r=1 c=2 rs=1 cs=1]
                RenderText {#text} at (2,2) size 27x16
                  text run at (2,2) width 27: "C23"
            RenderTableRow {TR} at (0,46) size 137x20
              RenderTableCell {TD} at (2,46) size 31x20 [border: (1px inset #808080)] [r=2 c=0 rs=1 cs=1]
                RenderText {#text} at (2,2) size 27x16
                  text run at (2,2) width 27: "C31"
              RenderTableCell {TD} at (35,46) size 31x20 [bgcolor=#FF0000] [border: (1px inset #808080)] [r=2 c=1 rs=1 cs=1]
                RenderText {#text} at (2,2) size 27x16
                  text run at (2,2) width 27: "C32"
              RenderTableCell {TD} at (68,46) size 67x20 [border: (1px inset #808080)] [r=2 c=2 rs=1 cs=1]
                RenderText {#text} at (2,2) size 27x16
                  text run at (2,2) width 27: "C33"
        RenderBlock (anonymous) at (0,102) size 769x16
          RenderBR {BR} at (0,0) size 0x16
        RenderTable {TABLE} at (0,118) size 139x86 [bgcolor=#FFA500] [border: (1px outset #808080)]
          RenderBlock {CAPTION} at (0,0) size 139x16
            RenderInline {B} at (0,0) size 33x16
              RenderText {#text} at (53,0) size 33x16
                text run at (53,0) width 33: "after"
          RenderTableCol {COLGROUP} at (0,0) size 0x0
            RenderTableCol {COL} at (0,0) size 0x0
            RenderTableCol {COL} at (0,0) size 0x0
            RenderTableCol {COL} at (0,0) size 0x0
          RenderTableSection {TBODY} at (1,17) size 137x68
            RenderTableRow {TR} at (0,2) size 137x20
              RenderTableCell {TD} at (2,2) size 31x20 [border: (1px inset #808080)] [r=0 c=0 rs=1 cs=1]
                RenderText {#text} at (2,2) size 27x16
                  text run at (2,2) width 27: "C11"
              RenderTableCell {TD} at (35,2) size 31x20 [border: (1px inset #808080)] [r=0 c=1 rs=1 cs=1]
                RenderText {#text} at (2,2) size 27x16
                  text run at (2,2) width 27: "C12"
              RenderTableCell {TD} at (68,2) size 67x20 [border: (1px inset #808080)] [r=0 c=2 rs=1 cs=1]
                RenderText {#text} at (2,2) size 63x16
                  text run at (2,2) width 63: "C13 large"
            RenderTableRow {TR} at (0,24) size 137x20
              RenderTableCell {TD} at (2,24) size 31x20 [border: (1px inset #808080)] [r=1 c=0 rs=1 cs=1]
                RenderText {#text} at (2,2) size 27x16
                  text run at (2,2) width 27: "C21"
              RenderTableCell {TD} at (35,24) size 31x20 [border: (1px inset #808080)] [r=1 c=1 rs=1 cs=1]
                RenderText {#text} at (2,2) size 27x16
                  text run at (2,2) width 27: "C22"
              RenderTableCell {TD} at (68,24) size 67x20 [border: (1px inset #808080)] [r=1 c=2 rs=1 cs=1]
                RenderText {#text} at (2,2) size 27x16
                  text run at (2,2) width 27: "C23"
            RenderTableRow {TR} at (0,46) size 137x20
              RenderTableCell {TD} at (2,46) size 31x20 [border: (1px inset #808080)] [r=2 c=0 rs=1 cs=1]
                RenderText {#text} at (2,2) size 27x16
                  text run at (2,2) width 27: "C31"
              RenderTableCell {TD} at (35,46) size 31x20 [border: (1px inset #808080)] [r=2 c=1 rs=1 cs=1]
                RenderText {#text} at (2,2) size 27x16
                  text run at (2,2) width 27: "C32"
              RenderTableCell {TD} at (68,46) size 67x20 [border: (1px inset #808080)] [r=2 c=2 rs=1 cs=1]
                RenderText {#text} at (2,2) size 27x16
                  text run at (2,2) width 27: "C33"
      RenderBlock {P} at (0,1501.44) size 769x212
        RenderBlock (anonymous) at (0,0) size 769x16
          RenderText {#text} at (0,0) size 762x16
            text run at (0,0) width 762: "The following table will have its 2nd row and 2nd col collapsed. A window resize may be necessary to see it properly. "
          RenderBR {BR} at (761,12) size 1x0
        RenderTable {TABLE} at (0,16) size 187x98 [bgcolor=#FFA500] [border: (1px outset #808080)]
          RenderBlock {CAPTION} at (0,0) size 187x16
            RenderInline {B} at (0,0) size 45x16
              RenderText {#text} at (71,0) size 45x16
                text run at (71,0) width 45: "before"
          RenderTableCol {COLGROUP} at (0,0) size 0x0
            RenderTableCol {COL} at (0,0) size 0x0
            RenderTableCol {COL} at (0,0) size 0x0
            RenderTableCol {COL} at (0,0) size 0x0
            RenderTableCol {COL} at (0,0) size 0x0
          RenderTableSection {TBODY} at (1,17) size 185x80
            RenderTableRow {TR} at (0,0) size 185x20
              RenderTableCell {TD} at (0,0) size 31x20 [border: (1px inset #808080)] [r=0 c=0 rs=1 cs=1]
                RenderText {#text} at (2,2) size 27x16
                  text run at (2,2) width 27: "C11"
              RenderTableCell {TD} at (31,0) size 61x20 [border: (1px inset #808080)] [r=0 c=1 rs=1 cs=1]
                RenderText {#text} at (2,2) size 27x16
                  text run at (2,2) width 27: "C12"
              RenderTableCell {TD} at (92,0) size 62x20 [border: (1px inset #808080)] [r=0 c=2 rs=1 cs=1]
                RenderText {#text} at (2,2) size 27x16
                  text run at (2,2) width 27: "C13"
              RenderTableCell {TD} at (154,0) size 31x20 [border: (1px inset #808080)] [r=0 c=3 rs=1 cs=1]
                RenderText {#text} at (2,2) size 27x16
                  text run at (2,2) width 27: "C14"
            RenderTableRow {TR} at (0,20) size 185x20
              RenderTableCell {TD} at (0,20) size 31x20 [border: (1px inset #808080)] [r=1 c=0 rs=1 cs=1]
                RenderText {#text} at (2,2) size 27x16
                  text run at (2,2) width 27: "C21"
              RenderTableCell {TD} at (31,30) size 123x20 [border: (1px inset #808080)] [r=1 c=1 rs=2 cs=2]
                RenderText {#text} at (2,2) size 119x16
                  text run at (2,2) width 119: "C12 C13 C22 C23"
              RenderTableCell {TD} at (154,20) size 31x20 [border: (1px inset #808080)] [r=1 c=3 rs=1 cs=1]
                RenderText {#text} at (2,2) size 27x16
                  text run at (2,2) width 27: "C14"
            RenderTableRow {TR} at (0,40) size 185x20
              RenderTableCell {TD} at (0,40) size 31x20 [border: (1px inset #808080)] [r=2 c=0 rs=1 cs=1]
                RenderText {#text} at (2,2) size 27x16
                  text run at (2,2) width 27: "C31"
              RenderTableCell {TD} at (154,40) size 31x20 [border: (1px inset #808080)] [r=2 c=3 rs=1 cs=1]
                RenderText {#text} at (2,2) size 27x16
                  text run at (2,2) width 27: "C34"
            RenderTableRow {TR} at (0,60) size 185x20
              RenderTableCell {TD} at (0,60) size 31x20 [border: (1px inset #808080)] [r=3 c=0 rs=1 cs=1]
                RenderText {#text} at (2,2) size 27x16
                  text run at (2,2) width 27: "C41"
              RenderTableCell {TD} at (31,60) size 61x20 [border: (1px inset #808080)] [r=3 c=1 rs=1 cs=1]
                RenderText {#text} at (2,2) size 27x16
                  text run at (2,2) width 27: "C42"
              RenderTableCell {TD} at (92,60) size 62x20 [border: (1px inset #808080)] [r=3 c=2 rs=1 cs=1]
                RenderText {#text} at (2,2) size 27x16
                  text run at (2,2) width 27: "C43"
              RenderTableCell {TD} at (154,60) size 31x20 [border: (1px inset #808080)] [r=3 c=3 rs=1 cs=1]
                RenderText {#text} at (2,2) size 27x16
                  text run at (2,2) width 27: "C44"
        RenderTable {TABLE} at (0,114) size 187x98 [bgcolor=#FFA500] [border: (1px outset #808080)]
          RenderBlock {CAPTION} at (0,0) size 187x16
            RenderInline {B} at (0,0) size 33x16
              RenderText {#text} at (77,0) size 33x16
                text run at (77,0) width 33: "after"
          RenderTableCol {COLGROUP} at (0,0) size 0x0
            RenderTableCol {COL} at (0,0) size 0x0
            RenderTableCol {COL} at (0,0) size 0x0
            RenderTableCol {COL} at (0,0) size 0x0
            RenderTableCol {COL} at (0,0) size 0x0
          RenderTableSection {TBODY} at (1,17) size 185x80
            RenderTableRow {TR} at (0,0) size 185x20
              RenderTableCell {TD} at (0,0) size 31x20 [border: (1px inset #808080)] [r=0 c=0 rs=1 cs=1]
                RenderText {#text} at (2,2) size 27x16
                  text run at (2,2) width 27: "C11"
              RenderTableCell {TD} at (31,0) size 61x20 [border: (1px inset #808080)] [r=0 c=1 rs=1 cs=1]
                RenderText {#text} at (2,2) size 27x16
                  text run at (2,2) width 27: "C12"
              RenderTableCell {TD} at (92,0) size 62x20 [border: (1px inset #808080)] [r=0 c=2 rs=1 cs=1]
                RenderText {#text} at (2,2) size 27x16
                  text run at (2,2) width 27: "C13"
              RenderTableCell {TD} at (154,0) size 31x20 [border: (1px inset #808080)] [r=0 c=3 rs=1 cs=1]
                RenderText {#text} at (2,2) size 27x16
                  text run at (2,2) width 27: "C14"
            RenderTableRow {TR} at (0,20) size 185x20
              RenderTableCell {TD} at (0,20) size 31x20 [border: (1px inset #808080)] [r=1 c=0 rs=1 cs=1]
                RenderText {#text} at (2,2) size 27x16
                  text run at (2,2) width 27: "C21"
              RenderTableCell {TD} at (31,30) size 123x20 [border: (1px inset #808080)] [r=1 c=1 rs=2 cs=2]
                RenderText {#text} at (2,2) size 119x16
                  text run at (2,2) width 119: "C12 C13 C22 C23"
              RenderTableCell {TD} at (154,20) size 31x20 [border: (1px inset #808080)] [r=1 c=3 rs=1 cs=1]
                RenderText {#text} at (2,2) size 27x16
                  text run at (2,2) width 27: "C14"
            RenderTableRow {TR} at (0,40) size 185x20
              RenderTableCell {TD} at (0,40) size 31x20 [border: (1px inset #808080)] [r=2 c=0 rs=1 cs=1]
                RenderText {#text} at (2,2) size 27x16
                  text run at (2,2) width 27: "C31"
              RenderTableCell {TD} at (154,40) size 31x20 [border: (1px inset #808080)] [r=2 c=3 rs=1 cs=1]
                RenderText {#text} at (2,2) size 27x16
                  text run at (2,2) width 27: "C34"
            RenderTableRow {TR} at (0,60) size 185x20
              RenderTableCell {TD} at (0,60) size 31x20 [border: (1px inset #808080)] [r=3 c=0 rs=1 cs=1]
                RenderText {#text} at (2,2) size 27x16
                  text run at (2,2) width 27: "C41"
              RenderTableCell {TD} at (31,60) size 61x20 [border: (1px inset #808080)] [r=3 c=1 rs=1 cs=1]
                RenderText {#text} at (2,2) size 27x16
                  text run at (2,2) width 27: "C42"
              RenderTableCell {TD} at (92,60) size 62x20 [border: (1px inset #808080)] [r=3 c=2 rs=1 cs=1]
                RenderText {#text} at (2,2) size 27x16
                  text run at (2,2) width 27: "C43"
              RenderTableCell {TD} at (154,60) size 31x20 [border: (1px inset #808080)] [r=3 c=3 rs=1 cs=1]
                RenderText {#text} at (2,2) size 27x16
                  text run at (2,2) width 27: "C44"
      RenderBlock {P} at (0,1729.44) size 769x244
        RenderBlock (anonymous) at (0,0) size 769x16
          RenderText {#text} at (0,0) size 467x16
            text run at (0,0) width 467: "The following table will have its 1st row group collapsed (rows 1 and 2) "
          RenderBR {BR} at (466,12) size 1x0
        RenderTable {TABLE} at (0,16) size 126x98 [bgcolor=#FFA500] [border: (1px outset #808080)]
          RenderBlock {CAPTION} at (0,0) size 126x16
            RenderInline {B} at (0,0) size 44x16
              RenderText {#text} at (41,0) size 44x16
                text run at (41,0) width 44: "before"
          RenderTableSection {TBODY} at (1,17) size 124x40 [bgcolor=#FF0000]
            RenderTableRow {TR} at (0,0) size 124x20
              RenderTableCell {TD} at (0,0) size 31x20 [border: (1px inset #808080)] [r=0 c=0 rs=1 cs=1]
                RenderText {#text} at (2,2) size 27x16
                  text run at (2,2) width 27: "C11"
              RenderTableCell {TD} at (31,0) size 31x20 [border: (1px inset #808080)] [r=0 c=1 rs=1 cs=1]
                RenderText {#text} at (2,2) size 27x16
                  text run at (2,2) width 27: "C12"
              RenderTableCell {TD} at (62,0) size 31x20 [border: (1px inset #808080)] [r=0 c=2 rs=1 cs=1]
                RenderText {#text} at (2,2) size 27x16
                  text run at (2,2) width 27: "C13"
              RenderTableCell {TD} at (93,0) size 31x20 [border: (1px inset #808080)] [r=0 c=3 rs=1 cs=1]
                RenderText {#text} at (2,2) size 27x16
                  text run at (2,2) width 27: "C14"
            RenderTableRow {TR} at (0,20) size 124x20
              RenderTableCell {TD} at (0,20) size 31x20 [border: (1px inset #808080)] [r=1 c=0 rs=1 cs=1]
                RenderText {#text} at (2,2) size 27x16
                  text run at (2,2) width 27: "C21"
              RenderTableCell {TD} at (31,20) size 31x20 [border: (1px inset #808080)] [r=1 c=1 rs=1 cs=1]
                RenderText {#text} at (2,2) size 27x16
                  text run at (2,2) width 27: "C22"
              RenderTableCell {TD} at (62,20) size 31x20 [border: (1px inset #808080)] [r=1 c=2 rs=1 cs=1]
                RenderText {#text} at (2,2) size 27x16
                  text run at (2,2) width 27: "C23"
              RenderTableCell {TD} at (93,20) size 31x20 [border: (1px inset #808080)] [r=1 c=3 rs=1 cs=1]
                RenderText {#text} at (2,2) size 27x16
                  text run at (2,2) width 27: "C24"
          RenderTableSection {TBODY} at (1,57) size 124x40
            RenderTableRow {TR} at (0,0) size 124x20
              RenderTableCell {TD} at (0,0) size 31x20 [border: (1px inset #808080)] [r=0 c=0 rs=1 cs=1]
                RenderText {#text} at (2,2) size 27x16
                  text run at (2,2) width 27: "C31"
              RenderTableCell {TD} at (31,0) size 31x20 [border: (1px inset #808080)] [r=0 c=1 rs=1 cs=1]
                RenderText {#text} at (2,2) size 27x16
                  text run at (2,2) width 27: "C32"
              RenderTableCell {TD} at (62,0) size 31x20 [border: (1px inset #808080)] [r=0 c=2 rs=1 cs=1]
                RenderText {#text} at (2,2) size 27x16
                  text run at (2,2) width 27: "C33"
              RenderTableCell {TD} at (93,0) size 31x20 [border: (1px inset #808080)] [r=0 c=3 rs=1 cs=1]
                RenderText {#text} at (2,2) size 27x16
                  text run at (2,2) width 27: "C34"
            RenderTableRow {TR} at (0,20) size 124x20
              RenderTableCell {TD} at (0,20) size 31x20 [border: (1px inset #808080)] [r=1 c=0 rs=1 cs=1]
                RenderText {#text} at (2,2) size 27x16
                  text run at (2,2) width 27: "C41"
              RenderTableCell {TD} at (31,20) size 31x20 [border: (1px inset #808080)] [r=1 c=1 rs=1 cs=1]
                RenderText {#text} at (2,2) size 27x16
                  text run at (2,2) width 27: "C42"
              RenderTableCell {TD} at (62,20) size 31x20 [border: (1px inset #808080)] [r=1 c=2 rs=1 cs=1]
                RenderText {#text} at (2,2) size 27x16
                  text run at (2,2) width 27: "C43"
              RenderTableCell {TD} at (93,20) size 31x20 [border: (1px inset #808080)] [r=1 c=3 rs=1 cs=1]
                RenderText {#text} at (2,2) size 27x16
                  text run at (2,2) width 27: "C44"
        RenderBlock (anonymous) at (0,114) size 769x16
          RenderBR {BR} at (0,0) size 0x16
        RenderTable {TABLE} at (0,130) size 126x98 [bgcolor=#FFA500] [border: (1px outset #808080)]
          RenderBlock {CAPTION} at (0,0) size 126x16
            RenderInline {B} at (0,0) size 34x16
              RenderText {#text} at (46,0) size 34x16
                text run at (46,0) width 34: "after"
          RenderTableSection {TBODY} at (1,17) size 124x40
            RenderTableRow {TR} at (0,0) size 124x20
              RenderTableCell {TD} at (0,0) size 31x20 [border: (1px inset #808080)] [r=0 c=0 rs=1 cs=1]
                RenderText {#text} at (2,2) size 27x16
                  text run at (2,2) width 27: "C11"
              RenderTableCell {TD} at (31,0) size 31x20 [border: (1px inset #808080)] [r=0 c=1 rs=1 cs=1]
                RenderText {#text} at (2,2) size 27x16
                  text run at (2,2) width 27: "C12"
              RenderTableCell {TD} at (62,0) size 31x20 [border: (1px inset #808080)] [r=0 c=2 rs=1 cs=1]
                RenderText {#text} at (2,2) size 27x16
                  text run at (2,2) width 27: "C13"
              RenderTableCell {TD} at (93,0) size 31x20 [border: (1px inset #808080)] [r=0 c=3 rs=1 cs=1]
                RenderText {#text} at (2,2) size 27x16
                  text run at (2,2) width 27: "C14"
            RenderTableRow {TR} at (0,20) size 124x20
              RenderTableCell {TD} at (0,20) size 31x20 [border: (1px inset #808080)] [r=1 c=0 rs=1 cs=1]
                RenderText {#text} at (2,2) size 27x16
                  text run at (2,2) width 27: "C21"
              RenderTableCell {TD} at (31,20) size 31x20 [border: (1px inset #808080)] [r=1 c=1 rs=1 cs=1]
                RenderText {#text} at (2,2) size 27x16
                  text run at (2,2) width 27: "C22"
              RenderTableCell {TD} at (62,20) size 31x20 [border: (1px inset #808080)] [r=1 c=2 rs=1 cs=1]
                RenderText {#text} at (2,2) size 27x16
                  text run at (2,2) width 27: "C23"
              RenderTableCell {TD} at (93,20) size 31x20 [border: (1px inset #808080)] [r=1 c=3 rs=1 cs=1]
                RenderText {#text} at (2,2) size 27x16
                  text run at (2,2) width 27: "C24"
          RenderTableSection {TBODY} at (1,57) size 124x40
            RenderTableRow {TR} at (0,0) size 124x20
              RenderTableCell {TD} at (0,0) size 31x20 [border: (1px inset #808080)] [r=0 c=0 rs=1 cs=1]
                RenderText {#text} at (2,2) size 27x16
                  text run at (2,2) width 27: "C31"
              RenderTableCell {TD} at (31,0) size 31x20 [border: (1px inset #808080)] [r=0 c=1 rs=1 cs=1]
                RenderText {#text} at (2,2) size 27x16
                  text run at (2,2) width 27: "C32"
              RenderTableCell {TD} at (62,0) size 31x20 [border: (1px inset #808080)] [r=0 c=2 rs=1 cs=1]
                RenderText {#text} at (2,2) size 27x16
                  text run at (2,2) width 27: "C33"
              RenderTableCell {TD} at (93,0) size 31x20 [border: (1px inset #808080)] [r=0 c=3 rs=1 cs=1]
                RenderText {#text} at (2,2) size 27x16
                  text run at (2,2) width 27: "C34"
            RenderTableRow {TR} at (0,20) size 124x20
              RenderTableCell {TD} at (0,20) size 31x20 [border: (1px inset #808080)] [r=1 c=0 rs=1 cs=1]
                RenderText {#text} at (2,2) size 27x16
                  text run at (2,2) width 27: "C41"
              RenderTableCell {TD} at (31,20) size 31x20 [border: (1px inset #808080)] [r=1 c=1 rs=1 cs=1]
                RenderText {#text} at (2,2) size 27x16
                  text run at (2,2) width 27: "C42"
              RenderTableCell {TD} at (62,20) size 31x20 [border: (1px inset #808080)] [r=1 c=2 rs=1 cs=1]
                RenderText {#text} at (2,2) size 27x16
                  text run at (2,2) width 27: "C43"
              RenderTableCell {TD} at (93,20) size 31x20 [border: (1px inset #808080)] [r=1 c=3 rs=1 cs=1]
                RenderText {#text} at (2,2) size 27x16
                  text run at (2,2) width 27: "C44"
        RenderBlock (anonymous) at (0,228) size 769x16
          RenderBR {BR} at (0,0) size 0x16
      RenderBlock {P} at (0,1989.44) size 769x228
        RenderBlock (anonymous) at (0,0) size 769x32
          RenderText {#text} at (0,0) size 747x32
            text run at (0,0) width 571: "The following table is similar to a previous table except that the direction is right-to-left. "
            text run at (570,0) width 177: "It will have its 2nd row and"
            text run at (0,16) width 466: "2nd col collapsed. A window resize may be necessary to see it properly. "
          RenderBR {BR} at (465,28) size 1x0
        RenderTable {TABLE} at (0,32) size 187x98 [bgcolor=#FFA500] [border: (1px outset #808080)]
          RenderBlock {CAPTION} at (0,0) size 187x16
            RenderInline {B} at (0,0) size 45x16
              RenderText {#text} at (71,0) size 45x16
                text run at (71,0) width 45: "before"
          RenderTableCol {COLGROUP} at (0,0) size 0x0
            RenderTableCol {COL} at (0,0) size 0x0
            RenderTableCol {COL} at (0,0) size 0x0
            RenderTableCol {COL} at (0,0) size 0x0
            RenderTableCol {COL} at (0,0) size 0x0
          RenderTableSection {TBODY} at (1,17) size 185x80
            RenderTableRow {TR} at (0,0) size 185x20
              RenderTableCell {TD} at (154,0) size 31x20 [border: (1px inset #808080)] [r=0 c=0 rs=1 cs=1]
                RenderText {#text} at (2,2) size 27x16
                  text run at (2,2) width 27: "C11"
              RenderTableCell {TD} at (93,0) size 61x20 [border: (1px inset #808080)] [r=0 c=1 rs=1 cs=1]
                RenderText {#text} at (32,2) size 27x16
                  text run at (32,2) width 27: "C12"
              RenderTableCell {TD} at (31,0) size 62x20 [border: (1px inset #808080)] [r=0 c=2 rs=1 cs=1]
                RenderText {#text} at (33,2) size 27x16
                  text run at (33,2) width 27: "C13"
              RenderTableCell {TD} at (0,0) size 31x20 [border: (1px inset #808080)] [r=0 c=3 rs=1 cs=1]
                RenderText {#text} at (2,2) size 27x16
                  text run at (2,2) width 27: "C14"
            RenderTableRow {TR} at (0,20) size 185x20
              RenderTableCell {TD} at (154,20) size 31x20 [border: (1px inset #808080)] [r=1 c=0 rs=1 cs=1]
                RenderText {#text} at (2,2) size 27x16
                  text run at (2,2) width 27: "C21"
              RenderTableCell {TD} at (31,30) size 123x20 [border: (1px inset #808080)] [r=1 c=1 rs=2 cs=2]
                RenderText {#text} at (2,2) size 119x16
                  text run at (2,2) width 119: "C12 C13 C22 C23"
              RenderTableCell {TD} at (0,20) size 31x20 [border: (1px inset #808080)] [r=1 c=3 rs=1 cs=1]
                RenderText {#text} at (2,2) size 27x16
                  text run at (2,2) width 27: "C14"
            RenderTableRow {TR} at (0,40) size 185x20
              RenderTableCell {TD} at (154,40) size 31x20 [border: (1px inset #808080)] [r=2 c=0 rs=1 cs=1]
                RenderText {#text} at (2,2) size 27x16
                  text run at (2,2) width 27: "C31"
              RenderTableCell {TD} at (0,40) size 31x20 [border: (1px inset #808080)] [r=2 c=3 rs=1 cs=1]
                RenderText {#text} at (2,2) size 27x16
                  text run at (2,2) width 27: "C34"
            RenderTableRow {TR} at (0,60) size 185x20
              RenderTableCell {TD} at (154,60) size 31x20 [border: (1px inset #808080)] [r=3 c=0 rs=1 cs=1]
                RenderText {#text} at (2,2) size 27x16
                  text run at (2,2) width 27: "C41"
              RenderTableCell {TD} at (93,60) size 61x20 [border: (1px inset #808080)] [r=3 c=1 rs=1 cs=1]
                RenderText {#text} at (32,2) size 27x16
                  text run at (32,2) width 27: "C42"
              RenderTableCell {TD} at (31,60) size 62x20 [border: (1px inset #808080)] [r=3 c=2 rs=1 cs=1]
                RenderText {#text} at (33,2) size 27x16
                  text run at (33,2) width 27: "C43"
              RenderTableCell {TD} at (0,60) size 31x20 [border: (1px inset #808080)] [r=3 c=3 rs=1 cs=1]
                RenderText {#text} at (2,2) size 27x16
                  text run at (2,2) width 27: "C44"
        RenderTable {TABLE} at (0,130) size 187x98 [bgcolor=#FFA500] [border: (1px outset #808080)]
          RenderBlock {CAPTION} at (0,0) size 187x16
            RenderInline {B} at (0,0) size 33x16
              RenderText {#text} at (77,0) size 33x16
                text run at (77,0) width 33: "after"
          RenderTableCol {COLGROUP} at (0,0) size 0x0
            RenderTableCol {COL} at (0,0) size 0x0
            RenderTableCol {COL} at (0,0) size 0x0
            RenderTableCol {COL} at (0,0) size 0x0
            RenderTableCol {COL} at (0,0) size 0x0
          RenderTableSection {TBODY} at (1,17) size 185x80
            RenderTableRow {TR} at (0,0) size 185x20
              RenderTableCell {TD} at (154,0) size 31x20 [border: (1px inset #808080)] [r=0 c=0 rs=1 cs=1]
                RenderText {#text} at (2,2) size 27x16
                  text run at (2,2) width 27: "C11"
              RenderTableCell {TD} at (93,0) size 61x20 [border: (1px inset #808080)] [r=0 c=1 rs=1 cs=1]
                RenderText {#text} at (32,2) size 27x16
                  text run at (32,2) width 27: "C12"
              RenderTableCell {TD} at (31,0) size 62x20 [border: (1px inset #808080)] [r=0 c=2 rs=1 cs=1]
                RenderText {#text} at (33,2) size 27x16
                  text run at (33,2) width 27: "C13"
              RenderTableCell {TD} at (0,0) size 31x20 [border: (1px inset #808080)] [r=0 c=3 rs=1 cs=1]
                RenderText {#text} at (2,2) size 27x16
                  text run at (2,2) width 27: "C14"
            RenderTableRow {TR} at (0,20) size 185x20
              RenderTableCell {TD} at (154,20) size 31x20 [border: (1px inset #808080)] [r=1 c=0 rs=1 cs=1]
                RenderText {#text} at (2,2) size 27x16
                  text run at (2,2) width 27: "C21"
              RenderTableCell {TD} at (31,30) size 123x20 [border: (1px inset #808080)] [r=1 c=1 rs=2 cs=2]
                RenderText {#text} at (2,2) size 119x16
                  text run at (2,2) width 119: "C12 C13 C22 C23"
              RenderTableCell {TD} at (0,20) size 31x20 [border: (1px inset #808080)] [r=1 c=3 rs=1 cs=1]
                RenderText {#text} at (2,2) size 27x16
                  text run at (2,2) width 27: "C14"
            RenderTableRow {TR} at (0,40) size 185x20
              RenderTableCell {TD} at (154,40) size 31x20 [border: (1px inset #808080)] [r=2 c=0 rs=1 cs=1]
                RenderText {#text} at (2,2) size 27x16
                  text run at (2,2) width 27: "C31"
              RenderTableCell {TD} at (0,40) size 31x20 [border: (1px inset #808080)] [r=2 c=3 rs=1 cs=1]
                RenderText {#text} at (2,2) size 27x16
                  text run at (2,2) width 27: "C34"
            RenderTableRow {TR} at (0,60) size 185x20
              RenderTableCell {TD} at (154,60) size 31x20 [border: (1px inset #808080)] [r=3 c=0 rs=1 cs=1]
                RenderText {#text} at (2,2) size 27x16
                  text run at (2,2) width 27: "C41"
              RenderTableCell {TD} at (93,60) size 61x20 [border: (1px inset #808080)] [r=3 c=1 rs=1 cs=1]
                RenderText {#text} at (32,2) size 27x16
                  text run at (32,2) width 27: "C42"
              RenderTableCell {TD} at (31,60) size 62x20 [border: (1px inset #808080)] [r=3 c=2 rs=1 cs=1]
                RenderText {#text} at (33,2) size 27x16
                  text run at (33,2) width 27: "C43"
              RenderTableCell {TD} at (0,60) size 31x20 [border: (1px inset #808080)] [r=3 c=3 rs=1 cs=1]
                RenderText {#text} at (2,2) size 27x16
                  text run at (2,2) width 27: "C44"
