EDITING DELEGATE: webViewDidChangeSelection:WebViewDidChangeSelectionNotification
EDITING DELEGATE: webViewDidChangeSelection:WebViewDidChangeSelectionNotification
EDITING DELEGATE: webViewDidChangeSelection:WebViewDidChangeSelectionNotification
EDITING DELEGATE: webViewDidChangeSelection:WebViewDidChangeSelectionNotification
EDITING DELEGATE: webViewDidChange:WebViewDidChangeNotification
layer at (0,0) size 800x600
  RenderView at (0,0) size 800x600
layer at (0,0) size 800x600
  RenderBlock {HTML} at (0,0) size 800x600
    RenderBody {BODY} at (8,8) size 784x584
      RenderBlock {P} at (0,0) size 784x32
        RenderText {#text} at (0,0) size 717x32
          text run at (0,0) width 717: "This tests for a bug in createMarkup (markup for ancestors of the start of the selection wasn't being added to the"
          text run at (0,16) width 83: "pasteboard). "
          text run at (82,16) width 344: "You should see the same thing in both regions below."
      RenderBlock {P} at (0,48) size 784x16
        RenderInline {B} at (0,0) size 445x16
          RenderText {#text} at (0,0) size 445x16
            text run at (0,0) width 445: "This demonstrates a bug: 'foo' is pulled out of its bordered block."
      RenderBlock {DIV} at (0,80) size 784x67
        RenderBlock {DIV} at (5,0) size 774x46 [border: (1px solid #FF0000)]
          RenderBlock (anonymous) at (1,1) size 772x16
            RenderText {#text} at (0,0) size 22x16
              text run at (0,0) width 22: "foo"
          RenderBlock {DIV} at (6,22) size 762x18 [border: (1px solid #0000FF)]
            RenderText {#text} at (1,1) size 21x16
              text run at (1,1) width 21: "bar"
        RenderBlock (anonymous) at (0,51) size 784x16
          RenderText {#text} at (0,0) size 23x16
            text run at (0,0) width 23: "baz"
      RenderBlock {DIV} at (0,152) size 784x67
        RenderBlock {DIV} at (5,0) size 774x46 [border: (1px solid #FF0000)]
          RenderBlock (anonymous) at (1,1) size 772x16
            RenderText {#text} at (0,0) size 22x16
              text run at (0,0) width 22: "foo"
          RenderBlock {DIV} at (6,22) size 762x18 [border: (1px solid #0000FF)]
            RenderText {#text} at (1,1) size 21x16
              text run at (1,1) width 21: "bar"
        RenderBlock (anonymous) at (0,51) size 784x16
          RenderText {#text} at (0,0) size 23x16
            text run at (0,0) width 23: "baz"
caret: position 3 of child 1 {#text} of child 6 {DIV} of body
