EDITING DELEGATE: webViewDidChangeSelection:WebViewDidChangeSelectionNotification
EDITING DELEGATE: webViewDidChangeSelection:WebViewDidChangeSelectionNotification
EDITING DELEGATE: webViewDidChangeSelection:WebViewDidChangeSelectionNotification
EDITING DELEGATE: webViewDidChange:WebViewDidChangeNotification
layer at (0,0) size 800x600
  RenderView at (0,0) size 800x600
layer at (0,0) size 800x600
  RenderBlock {HTML} at (0,0) size 800x600
    RenderBody {BODY} at (8,8) size 784x584
      RenderBlock {P} at (0,0) size 784x32
        RenderText {#text} at (0,0) size 783x32
          text run at (0,0) width 673: "This tests for a bug when creating markup for a selection that contained unrendered nodes with children. "
          text run at (672,0) width 111: "You should see a"
          text run at (0,16) width 253: "picture of abe followed by a select box."
      RenderBlock {DIV} at (0,48) size 784x108
        RenderImage {IMG} at (0,0) size 76x103
        RenderText {#text} at (76,91) size 4x16
          text run at (76,91) width 4: " "
        RenderMenuList {SELECT} at (80,90) size 52x18 [bgcolor=#F8F8F8]
          RenderBlock (anonymous) at (0,0) size 52x18
            RenderText at (8,2) size 7x13
              text run at (8,2) width 7: "1"
      RenderBlock (anonymous) at (0,156) size 784x108
        RenderImage {IMG} at (0,0) size 76x103
        RenderText {#text} at (76,91) size 4x16
          text run at (76,91) width 4: " "
        RenderMenuList {SELECT} at (80,90) size 52x18 [bgcolor=#F8F8F8]
          RenderBlock (anonymous) at (0,0) size 52x18
            RenderText at (8,2) size 7x13
              text run at (8,2) width 7: "1"
        RenderText {#text} at (0,0) size 0x0
        RenderText {#text} at (0,0) size 0x0
caret: position 1 of child 2 {SELECT} of child 2 {DIV} of body
