layer at (0,0) size 800x600
  RenderView at (0,0) size 800x600
layer at (0,0) size 800x600
  RenderBlock {HTML} at (0,0) size 800x600
    RenderBody {BODY} at (8,8) size 784x584
      RenderBlock {P} at (0,0) size 784x16
        RenderText {#text} at (0,0) size 556x16
          text run at (0,0) width 252: "This tests for an infinite loop on Paste. "
          text run at (251,0) width 305: "You should see 'Hello: ' and then an input field."
      RenderBlock {DIV} at (0,32) size 784x19
        RenderText {#text} at (0,2) size 36x16
          text run at (0,2) width 36: "Hello"
        RenderTextControl {INPUT} at (35.55,0) size 123x19 [bgcolor=#FFFFFF] [border: (2px inset #EEEEEE)]
        RenderText {#text} at (158,2) size 5x16
          text run at (158,2) width 5: ":"
layer at (47,43) size 117x13
  RenderBlock {DIV} at (3,3) size 117x13
caret: position 1 of child 1 {INPUT} of child 2 {DIV} of body
