layer at (0,0) size 800x600
  RenderView at (0,0) size 800x600
layer at (0,0) size 800x600
  RenderBlock {HTML} at (0,0) size 800x600
    RenderBody {BODY} at (8,8) size 784x584
      RenderBlock {P} at (0,0) size 784x32
        RenderText {#text} at (0,0) size 740x32
          text run at (0,0) width 420: "This tests smart paste of a fragment that ends in a select element. "
          text run at (419,0) width 321: "There should be spaces added before and after the"
          text run at (0,16) width 106: "inserted content."
      RenderBlock {DIV} at (0,48) size 784x18
        RenderMenuList {SELECT} at (0,0) size 38x18 [bgcolor=#F8F8F8]
          RenderBlock (anonymous) at (0,0) size 38x18
            RenderText at (8,2) size 7x13
              text run at (8,2) width 7: "1"
      RenderBlock {DIV} at (0,66) size 784x18
        RenderText {#text} at (0,1) size 30x16
          text run at (0,1) width 30: "xfoo"
        RenderMenuList {SELECT} at (29.33,0) size 38x18 [bgcolor=#F8F8F8]
          RenderBlock (anonymous) at (0,0) size 38x18
            RenderText at (8,2) size 7x13
              text run at (8,2) width 7: "1"
        RenderText {#text} at (67,1) size 9x16
          text run at (67,1) width 9: "x"
caret: position 3 of child 1 {SELECT} of child 4 {DIV} of body
