layer at (0,0) size 800x600
  RenderView at (0,0) size 800x600
layer at (0,0) size 800x600
  RenderBlock {HTML} at (0,0) size 800x600
    RenderBody {BODY} at (8,8) size 784x584
      RenderBlock {P} at (0,0) size 784x32
        RenderText {#text} at (0,0) size 777x32
          text run at (0,0) width 702: "This tests for a bug where content pasted at the end of a paragraph would be inserted into the next paragraph. "
          text run at (701,0) width 76: "You should"
          text run at (0,16) width 147: "see 'helloworld' below."
      RenderBlock {DIV} at (0,48) size 784x16
        RenderText {#text} at (0,0) size 70x16
          text run at (0,0) width 70: "helloworld"
caret: position 10 of child 0 {#text} of child 2 {DIV} of body
