layer at (0,0) size 800x600
  RenderView at (0,0) size 800x600
layer at (0,0) size 800x600
  RenderBlock {HTML} at (0,0) size 800x600
    RenderBody {BODY} at (8,8) size 784x584
      RenderBlock {P} at (0,0) size 784x16
        RenderText {#text} at (0,0) size 598x16
          text run at (0,0) width 598: "This tests for a bug where links that weren't fully selected would be copy/pasted as plain text."
      RenderBlock {DIV} at (0,32) size 784x16
        RenderText {#text} at (0,0) size 167x16
          text run at (0,0) width 167: "This should be plain text. "
        RenderInline {A} at (0,0) size 139x16 [color=#0000EE]
          RenderText {#text} at (166,0) size 139x16
            text run at (166,0) width 139: "This should be a link."
        RenderText {#text} at (304,0) size 167x16
          text run at (304,0) width 167: " This should be plain text."
      RenderBlock {DIV} at (0,48) size 784x16
        RenderInline {A} at (0,0) size 139x16 [color=#0000EE]
          RenderText {#text} at (0,0) size 139x16
            text run at (0,0) width 139: "This should be a link."
caret: position 22 of child 0 {#text} of child 0 {A} of child 4 {DIV} of body
