layer at (0,0) size 800x600
  RenderView at (0,0) size 800x600
layer at (0,0) size 800x600
  RenderBlock {HTML} at (0,0) size 800x600
    RenderBody {BODY} at (8,8) size 784x584
      RenderBlock {P} at (0,0) size 784x16
        RenderText {#text} at (0,0) size 527x16
          text run at (0,0) width 527: "This tests that inherited block properties do not propigate to the editing style span."
      RenderBlock {DIV} at (50,32) size 734x16
        RenderText {#text} at (266,0) size 152x16
          text run at (266,0) width 152: "Some text that is bold."
      RenderBlock {DIV} at (0,48) size 784x32
        RenderBlock (anonymous) at (0,0) size 784x16
          RenderText {#text} at (0,0) size 112x16
            text run at (0,0) width 112: "Some text that is "
          RenderInline {SPAN} at (0,0) size 35x16
            RenderText {#text} at (111,0) size 35x16
              text run at (111,0) width 35: "bold."
        RenderBlock {DIV} at (0,16) size 784x16
          RenderInline {SPAN} at (0,0) size 399x16
            RenderText {#text} at (0,0) size 399x16
              text run at (0,0) width 399: "This text should bold and left justified with \"Some text...\"."
caret: position 61 of child 0 {#text} of child 0 {SPAN} of child 2 {DIV} of child 4 {DIV} of body
