EDITING DELEGATE: webViewDidChangeSelection:WebViewDidChangeSelectionNotification
EDITING DELEGATE: webViewDidChangeSelection:WebViewDidChangeSelectionNotification
EDITING DELEGATE: webViewDidChange:WebViewDidChangeNotification
layer at (0,0) size 800x600
  RenderView at (0,0) size 800x600
layer at (0,0) size 800x600
  RenderBlock {HTML} at (0,0) size 800x600
    RenderBody {BODY} at (8,8) size 784x584
      RenderBlock {P} at (0,0) size 784x16
        RenderText {#text} at (0,0) size 431x16
          text run at (0,0) width 431: "This is a replica of the paste that caused the crash covered by 8145."
      RenderBlock {DIV} at (0,32) size 784x18 [border: (1px solid #000000)]
        RenderText {#text} at (1,1) size 72x16
          text run at (1,1) width 72: "foo bar baz"
caret: position 11 of child 0 {#text} of child 2 {DIV} of body
