EDITING DELEGATE: webViewDidChangeSelection:WebViewDidChangeSelectionNotification
EDITING DELEGATE: webViewDidChangeSelection:WebViewDidChangeSelectionNotification
EDITING DELEGATE: webViewDidChangeSelection:WebViewDidChangeSelectionNotification
EDITING DELEGATE: webViewDidChangeSelection:WebViewDidChangeSelectionNotification
EDITING DELEGATE: webViewDidChange:WebViewDidChangeNotification
layer at (0,0) size 800x600
  RenderView at (0,0) size 800x600
layer at (0,0) size 800x600
  RenderBlock {HTML} at (0,0) size 800x600
    RenderBody {BODY} at (8,8) size 784x584
      RenderBlock {P} at (0,0) size 784x48
        RenderText {#text} at (0,0) size 771x48
          text run at (0,0) width 305: "This tests a change made with the fix for 8145. "
          text run at (304,0) width 434: "The paragraph separator inserted to prevent nesting blocks from the"
          text run at (0,16) width 771: "fragment to paste inside the block where the paste occured was not being inserted when the fragment had an interchange"
          text run at (0,32) width 121: "newline at the end."
      RenderBlock {DIV} at (0,64) size 784x50 [border: (1px solid #000000)]
        RenderBlock {DIV} at (1,1) size 782x16
          RenderText {#text} at (0,0) size 26x16
            text run at (0,0) width 26: "fbar"
        RenderBlock (anonymous) at (1,17) size 782x16
          RenderText {#text} at (0,0) size 23x16
            text run at (0,0) width 23: "baz"
        RenderBlock {DIV} at (1,33) size 782x16
          RenderText {#text} at (0,0) size 16x16
            text run at (0,0) width 16: "oo"
caret: position 0 of child 0 {#text} of child 2 {DIV} of child 2 {DIV} of body
