EDITING DELEGATE: webViewDidChangeSelection:WebViewDidChangeSelectionNotification
EDITING DELEGATE: webViewDidChangeSelection:WebViewDidChangeSelectionNotification
EDITING DELEGATE: webViewDidChangeSelection:WebViewDidChangeSelectionNotification
layer at (0,0) size 800x600
  RenderView at (0,0) size 800x600
layer at (0,0) size 800x600
  RenderBlock {HTML} at (0,0) size 800x600
    RenderBody {BODY} at (8,8) size 784x584
      RenderBlock {DIV} at (0,0) size 784x188 [border: (2px solid #0000FF)]
        RenderBlock {DIV} at (14,14) size 756x48
          RenderText {#text} at (0,0) size 68x24
            text run at (0,0) width 68: "Tests: "
          RenderBR {BR} at (0,0) size 0x0
          RenderText {#text} at (0,24) size 344x24
            text run at (0,24) width 344: "Multiple ctrl-k presses then a ctrl-y."
        RenderBlock {DIV} at (14,78) size 756x96
          RenderBlock (anonymous) at (0,0) size 756x24
            RenderText {#text} at (0,0) size 190x24
              text run at (0,0) width 190: "Expected Results: "
            RenderBR {BR} at (189,18) size 1x0
          RenderBlock {DIV} at (0,24) size 756x72
            RenderBlock (anonymous) at (0,0) size 756x24
              RenderText {#text} at (0,0) size 131x24
                text run at (0,0) width 131: "one two three"
            RenderBlock {DIV} at (0,24) size 756x24
              RenderText {#text} at (0,0) size 118x24
                text run at (0,0) width 118: "four five six"
            RenderBlock {DIV} at (0,48) size 756x24
              RenderText {#text} at (0,0) size 156x24
                text run at (0,0) width 156: "seven eight nine"
      RenderBlock {DIV} at (0,212) size 784x76
        RenderBlock {DIV} at (0,0) size 784x76 [border: (2px solid #FF0000)]
          RenderBlock (anonymous) at (2,2) size 780x24
            RenderText {#text} at (0,0) size 131x24
              text run at (0,0) width 131: "one two three"
          RenderBlock {DIV} at (2,26) size 780x24
            RenderText {#text} at (0,0) size 118x24
              text run at (0,0) width 118: "four five six"
          RenderBlock {DIV} at (2,50) size 780x24
            RenderText {#text} at (0,0) size 156x24
              text run at (0,0) width 156: "seven eight nine"
caret: position 8 of child 0 {#text} of child 1 {DIV} of child 3 {DIV} of body
