layer at (0,0) size 800x600
  RenderView at (0,0) size 800x600
layer at (0,0) size 800x600
  RenderBlock {HTML} at (0,0) size 800x600
    RenderBody {BODY} at (8,8) size 784x576
      RenderBlock {DIV} at (0,0) size 784x16
        RenderText {#text} at (0,0) size 504x16
          text run at (0,0) width 504: "Checks that the text iterator is emitting a space before and after an inline table."
      RenderBlock {DIV} at (0,16) size 784x23
        RenderText {#text} at (0,7) size 32x16
          text run at (0,7) width 32: "hello"
        RenderTable {TABLE} at (31.98,0) size 14x22
          RenderTableSection {TBODY} at (0,0) size 14x22
            RenderTableRow {TR} at (0,2) size 14x18
              RenderTableCell {TD} at (2,2) size 10x18 [r=0 c=0 rs=1 cs=1]
                RenderText {#text} at (1,1) size 8x16
                  text run at (1,1) width 8: "1"
        RenderText {#text} at (45,7) size 39x16
          text run at (45,7) width 39: "world"
      RenderBlock {DIV} at (0,39) size 784x23
        RenderText {#text} at (0,7) size 26x16
          text run at (0,7) width 26: "foo "
        RenderTable {TABLE} at (25.33,0) size 14x22
          RenderTableSection {TBODY} at (0,0) size 14x22
            RenderTableRow {TR} at (0,2) size 14x18
              RenderTableCell {TD} at (2,2) size 10x18 [r=0 c=0 rs=1 cs=1]
                RenderText {#text} at (1,1) size 8x16
                  text run at (1,1) width 8: "2"
        RenderText {#text} at (39,7) size 25x16
          text run at (39,7) width 25: " bar"
      RenderBlock {UL} at (0,78) size 784x16
        RenderListItem {LI} at (40,0) size 744x16
          RenderBlock {PRE} at (0,0) size 744x16
            RenderListMarker at (-16,0) size 6x16: bullet
            RenderText {#text} at (0,2) size 63x13
              text run at (0,2) width 63: "Success!"
