EDITING DELEGATE: webViewDidChangeSelection:WebViewDidChangeSelectionNotification
EDITING DELEGATE: webViewDidChangeSelection:WebViewDidChangeSelectionNotification
EDITING DELEGATE: webViewDidChangeSelection:WebViewDidChangeSelectionNotification
EDITING DELEGATE: webViewDidChangeSelection:WebViewDidChangeSelectionNotification
EDITING DELEGATE: webViewDidChangeSelection:WebViewDidChangeSelectionNotification
EDITING DELEGATE: webViewDidChangeSelection:WebViewDidChangeSelectionNotification
EDITING DELEGATE: webViewDidChangeSelection:WebViewDidChangeSelectionNotification
EDITING DELEGATE: webViewDidChangeSelection:WebViewDidChangeSelectionNotification
EDITING DELEGATE: webViewDidChange:WebViewDidChangeNotification
layer at (0,0) size 800x600
  RenderView at (0,0) size 800x600
layer at (0,0) size 800x600
  RenderBlock {HTML} at (0,0) size 800x600
    RenderBody {BODY} at (8,8) size 784x584
      RenderBlock {P} at (0,0) size 784x48
        RenderText {#text} at (0,0) size 780x48
          text run at (0,0) width 780: "This is a test for the merge that paste does of the last paragraph of the incoming fragment with content after the end of the"
          text run at (0,16) width 179: "selection being pasted into. "
          text run at (178,16) width 597: "A fragment that ends in with paragraph surrounded by a blue border is pasted into a selection"
          text run at (0,32) width 325: "ending in a paragraph surrounded by a red border. "
          text run at (324,32) width 175: "The red border should win."
      RenderBlock {P} at (0,64) size 784x16
        RenderInline {B} at (0,0) size 590x16
          RenderText {#text} at (0,0) size 590x16
            text run at (0,0) width 590: "The second paragraph should be surrounded by a red border before and after the test."
      RenderBlock {DIV} at (0,96) size 784x34
        RenderBlock (anonymous) at (0,0) size 784x16
          RenderText {#text} at (0,0) size 98x16
            text run at (0,0) width 98: "First paragraph"
        RenderBlock {DIV} at (0,16) size 784x18 [border: (1px solid #FF0000)]
          RenderText {#text} at (1,1) size 304x16
            text run at (1,1) width 304: "This text should be surrounded by a red border."
caret: position 4 of child 0 {#text} of child 1 {DIV} of child 3 {DIV} of body
