EDITING DELEGATE: webViewDidChangeSelection:WebViewDidChangeSelectionNotification
EDITING DELEGATE: webViewDidChangeSelection:WebViewDidChangeSelectionNotification
EDITING DELEGATE: webViewDidChangeSelection:WebViewDidChangeSelectionNotification
EDITING DELEGATE: webViewDidChangeSelection:WebViewDidChangeSelectionNotification
EDITING DELEGATE: webViewDidChange:WebViewDidChangeNotification
EDITING DELEGATE: webViewDidChangeSelection:WebViewDidChangeSelectionNotification
EDITING DELEGATE: webViewDidChange:WebViewDidChangeNotification
layer at (0,0) size 800x600
  RenderView at (0,0) size 800x600
layer at (0,0) size 800x600
  RenderBlock {HTML} at (0,0) size 800x600
    RenderBody {BODY} at (8,8) size 784x584
      RenderBlock {DIV} at (0,0) size 784x212 [border: (2px solid #0000FF)]
        RenderBlock {DIV} at (14,14) size 756x72
          RenderText {#text} at (0,0) size 68x24
            text run at (0,0) width 68: "Tests: "
          RenderBR {BR} at (0,0) size 0x0
          RenderText {#text} at (0,24) size 750x48
            text run at (0,24) width 750: "Pasting and matching style when there is nothing typed, but the typing style is"
            text run at (0,48) width 432: "set to bold. This test was created after fixing "
          RenderInline {A} at (0,0) size 85x24 [color=#0000EE]
            RenderText {#text} at (431,48) size 85x24
              text run at (431,48) width 85: "3976872"
          RenderText {#text} at (515,48) size 7x24
            text run at (515,48) width 7: "."
        RenderBlock {DIV} at (14,102) size 756x96
          RenderText {#text} at (0,0) size 190x24
            text run at (0,0) width 190: "Expected Results: "
          RenderBR {BR} at (189,18) size 1x0
          RenderText {#text} at (0,24) size 752x48
            text run at (0,24) width 752: "The pasted word should match the current typing style. In this case, the typing"
            text run at (0,48) width 624: "style is set to bold. Should see this content in the red box below: "
          RenderBR {BR} at (623,66) size 1x0
          RenderInline {B} at (0,0) size 50x24
            RenderText {#text} at (0,72) size 50x24
              text run at (0,72) width 50: "hello"
          RenderText {#text} at (0,0) size 0x0
      RenderBlock {DIV} at (0,236) size 784x28
        RenderBlock {DIV} at (0,0) size 784x28 [border: (2px solid #FF0000)]
          RenderInline {B} at (0,0) size 50x24
            RenderText {#text} at (2,2) size 50x24
              text run at (2,2) width 50: "hello"
caret: position 5 of child 0 {#text} of child 0 {B} of child 1 {DIV} of child 3 {DIV} of body
