EDITING DELEGATE: webViewDidChangeSelection:WebViewDidChangeSelectionNotification
EDITING DELEGATE: webViewDidChangeSelection:WebViewDidChangeSelectionNotification
EDITING DELEGATE: webViewDidChangeSelection:WebViewDidChangeSelectionNotification
EDITING DELEGATE: webViewDidChangeSelection:WebViewDidChangeSelectionNotification
EDITING DELEGATE: webViewDidChangeSelection:WebViewDidChangeSelectionNotification
EDITING DELEGATE: webViewDidChangeSelection:WebViewDidChangeSelectionNotification
EDITING DELEGATE: webViewDidChangeSelection:WebViewDidChangeSelectionNotification
EDITING DELEGATE: webViewDidChange:WebViewDidChangeNotification
EDITING DELEGATE: webViewDidChangeSelection:WebViewDidChangeSelectionNotification
EDITING DELEGATE: webViewDidChangeSelection:WebViewDidChangeSelectionNotification
EDITING DELEGATE: webViewDidChange:WebViewDidChangeNotification
layer at (0,0) size 800x600
  RenderView at (0,0) size 800x600
layer at (0,0) size 800x600
  RenderBlock {HTML} at (0,0) size 800x600
    RenderBody {BODY} at (8,8) size 784x584
      RenderBlock (anonymous) at (0,0) size 784x32
        RenderText {#text} at (0,0) size 87x16
          text run at (0,0) width 87: "See this bug: "
        RenderInline {A} at (0,0) size 172x16 [color=#0000EE]
          RenderText {#text} at (86,0) size 172x16
            text run at (86,0) width 172: "<rdar://problem/3918712>"
        RenderText {#text} at (257,0) size 756x32
          text run at (257,0) width 495: " \"Paste as Quotation\" in Mail just pastes (<blockquote> tag seems to be lost)."
          text run at (751,0) width 5: " "
          text run at (0,16) width 590: "Should see two boxes with blockquoted \"foo\" text, followed by a box with an unquoted \"x\"."
      RenderBlock {DIV} at (0,32) size 784x24
      RenderBlock {DIV} at (0,56) size 784x100 [border: (2px solid #FF0000)]
        RenderBlock {DIV} at (14,38) size 756x24
          RenderBlock {BLOCKQUOTE} at (40,0) size 676x24
            RenderText {#text} at (0,0) size 32x24
              text run at (0,0) width 32: "foo"
      RenderBlock {DIV} at (0,156) size 784x100 [border: (2px solid #FF0000)]
        RenderBlock {BLOCKQUOTE} at (54,38) size 676x24
          RenderText {#text} at (0,0) size 32x24
            text run at (0,0) width 32: "foo"
      RenderBlock {DIV} at (0,256) size 784x52 [border: (2px solid #FF0000)]
        RenderText {#text} at (14,14) size 12x24
          text run at (14,14) width 12: "x"
caret: position 0 of child 0 {#text} of child 8 {DIV} of body
