layer at (0,0) size 800x600
  RenderView at (0,0) size 800x600
layer at (0,0) size 800x600
  RenderBlock {HTML} at (0,0) size 800x600
    RenderBody {BODY} at (8,8) size 784x584
      RenderBlock {P} at (0,0) size 784x16
        RenderText {#text} at (0,0) size 556x16
          text run at (0,0) width 556: "This test passes if nothing is double-quoted, and \"Two\" and \"Four\" aren't quoted at all."
      RenderBlock {DIV} at (0,32) size 784x80
        RenderBlock {BLOCKQUOTE} at (0,0) size 784x32 [color=#0000FF] [border: none (2px solid #0000FF)]
          RenderText {#text} at (22,0) size 34x16
            text run at (22,0) width 34: "Paste"
          RenderBR {BR} at (55,12) size 1x0
          RenderText {#text} at (22,16) size 58x16
            text run at (22,16) width 58: "HereOne"
        RenderBlock (anonymous) at (0,32) size 784x16
          RenderText {#text} at (0,0) size 30x16
            text run at (0,0) width 30: "Two"
        RenderBlock {BLOCKQUOTE} at (0,48) size 784x16 [color=#0000FF] [border: none (2px solid #0000FF)]
          RenderText {#text} at (22,0) size 38x16
            text run at (22,0) width 38: "Three"
        RenderBlock (anonymous) at (0,64) size 784x16
          RenderText {#text} at (0,0) size 31x16
            text run at (0,0) width 31: "Four"
caret: position 4 of child 3 {#text} of child 3 {DIV} of body
