EDITING DELEGATE: webViewDidChangeSelection:WebViewDidChangeSelectionNotification
EDITING DELEGATE: webViewDidChangeSelection:WebViewDidChangeSelectionNotification
EDITING DELEGATE: webViewDidChangeSelection:WebViewDidChangeSelectionNotification
EDITING DELEGATE: webViewDidChangeSelection:WebViewDidChangeSelectionNotification
EDITING DELEGATE: webViewDidChange:WebViewDidChangeNotification
EDITING DELEGATE: webViewDidChangeSelection:WebViewDidChangeSelectionNotification
EDITING DELEGATE: webViewDidChange:WebViewDidChangeNotification
EDITING DELEGATE: webViewDidChangeSelection:WebViewDidChangeSelectionNotification
EDITING DELEGATE: webViewDidChange:WebViewDidChangeNotification
layer at (0,0) size 800x600
  RenderView at (0,0) size 800x600
layer at (0,0) size 800x600
  RenderBlock {HTML} at (0,0) size 800x600
    RenderBody {BODY} at (8,8) size 784x584
      RenderBlock {DIV} at (0,0) size 784x188 [border: (2px solid #0000FF)]
        RenderBlock {DIV} at (14,14) size 756x48
          RenderText {#text} at (0,0) size 68x24
            text run at (0,0) width 68: "Tests: "
          RenderBR {BR} at (0,0) size 0x0
          RenderText {#text} at (0,24) size 264x24
            text run at (0,24) width 264: "Pasting and matching style."
        RenderBlock {DIV} at (14,78) size 756x96
          RenderText {#text} at (0,0) size 190x24
            text run at (0,0) width 190: "Expected Results: "
          RenderBR {BR} at (189,18) size 1x0
          RenderText {#text} at (0,24) size 740x48
            text run at (0,24) width 740: "The pasted letter should match the style of the preexisting bold letter. Should"
            text run at (0,48) width 364: "see this content in the red box below: "
          RenderBR {BR} at (363,66) size 1x0
          RenderInline {B} at (0,0) size 26x24
            RenderText {#text} at (0,72) size 26x24
              text run at (0,72) width 26: "ab"
          RenderText {#text} at (0,0) size 0x0
      RenderBlock {DIV} at (0,212) size 784x28
        RenderBlock {DIV} at (0,0) size 784x28 [border: (2px solid #FF0000)]
          RenderInline {B} at (0,0) size 26x24
            RenderText {#text} at (2,2) size 26x24
              text run at (2,2) width 26: "ab"
caret: position 2 of child 0 {#text} of child 0 {B} of child 1 {DIV} of child 3 {DIV} of body
