EDITING DELEGATE: webViewDidChangeSelection:WebViewDidChangeSelectionNotification
EDITING DELEGATE: webViewDidChangeSelection:WebViewDidChangeSelectionNotification
EDITING DELEGATE: webViewDidChangeSelection:WebViewDidChangeSelectionNotification
EDITING DELEGATE: webViewDidChangeSelection:WebViewDidChangeSelectionNotification
EDITING DELEGATE: webViewDidChangeSelection:WebViewDidChangeSelectionNotification
EDITING DELEGATE: webViewDidChangeSelection:WebViewDidChangeSelectionNotification
EDITING DELEGATE: webViewDidChangeSelection:WebViewDidChangeSelectionNotification
EDITING DELEGATE: webViewDidChangeSelection:WebViewDidChangeSelectionNotification
EDITING DELEGATE: webViewDidChangeSelection:WebViewDidChangeSelectionNotification
EDITING DELEGATE: webViewDidChangeSelection:WebViewDidChangeSelectionNotification
EDITING DELEGATE: webViewDidChangeSelection:WebViewDidChangeSelectionNotification
EDITING DELEGATE: webViewDidChange:WebViewDidChangeNotification
layer at (0,0) size 800x600
  RenderView at (0,0) size 800x600
layer at (0,0) size 800x600
  RenderBlock {HTML} at (0,0) size 800x600
    RenderBody {BODY} at (8,8) size 784x584
      RenderBlock {DIV} at (0,0) size 784x188 [border: (2px solid #0000FF)]
        RenderBlock {DIV} at (14,14) size 756x72
          RenderText {#text} at (0,0) size 68x24
            text run at (0,0) width 68: "Tests: "
          RenderBR {BR} at (0,0) size 0x0
          RenderText {#text} at (0,24) size 162x24
            text run at (0,24) width 162: "Fix for this bug: "
          RenderInline {A} at (0,0) size 257x24 [color=#0000EE]
            RenderText {#text} at (161,24) size 257x24
              text run at (161,24) width 257: "<rdar://problem/4045511>"
          RenderText {#text} at (417,24) size 699x48
            text run at (417,24) width 282: " Copying and pasting end-of-"
            text run at (0,48) width 528: "paragraph selection puts insertion point in wrong place"
        RenderBlock {DIV} at (14,102) size 756x72
          RenderText {#text} at (0,0) size 190x24
            text run at (0,0) width 190: "Expected Results: "
          RenderBR {BR} at (189,18) size 1x0
          RenderText {#text} at (0,24) size 752x48
            text run at (0,24) width 752: "Should see two lines of text below, self-documenting themselves as \"line one\""
            text run at (0,48) width 656: "and \"line two\". The insertion point must be at the start of \"line two\"."
      RenderBlock {DIV} at (0,212) size 784x52
        RenderBlock {DIV} at (0,0) size 784x52 [border: (2px solid #FF0000)]
          RenderBlock {DIV} at (2,2) size 780x48
            RenderBlock (anonymous) at (0,0) size 780x24
              RenderText {#text} at (0,0) size 77x24
                text run at (0,0) width 77: "line one"
            RenderBlock {DIV} at (0,24) size 780x24
              RenderText {#text} at (0,0) size 78x24
                text run at (0,0) width 78: "line two"
caret: position 0 of child 0 {#text} of child 1 {DIV} of child 1 {DIV} of child 1 {DIV} of child 3 {DIV} of body
