EDITING DELEGATE: webViewDidChangeSelection:WebViewDidChangeSelectionNotification
EDITING DELEGATE: webViewDidChangeSelection:WebViewDidChangeSelectionNotification
EDITING DELEGATE: webViewDidChangeSelection:WebViewDidChangeSelectionNotification
EDITING DELEGATE: webViewDidChangeSelection:WebViewDidChangeSelectionNotification
EDITING DELEGATE: webViewDidChangeSelection:WebViewDidChangeSelectionNotification
EDITING DELEGATE: webViewDidChangeSelection:WebViewDidChangeSelectionNotification
EDITING DELEGATE: webViewDidChangeSelection:WebViewDidChangeSelectionNotification
EDITING DELEGATE: webViewDidChangeSelection:WebViewDidChangeSelectionNotification
EDITING DELEGATE: webViewDidChangeSelection:WebViewDidChangeSelectionNotification
EDITING DELEGATE: webViewDidChangeSelection:WebViewDidChangeSelectionNotification
EDITING DELEGATE: webViewDidChangeSelection:WebViewDidChangeSelectionNotification
EDITING DELEGATE: webViewDidChangeSelection:WebViewDidChangeSelectionNotification
EDITING DELEGATE: webViewDidChangeSelection:WebViewDidChangeSelectionNotification
EDITING DELEGATE: webViewDidChangeSelection:WebViewDidChangeSelectionNotification
EDITING DELEGATE: webViewDidChange:WebViewDidChangeNotification
layer at (0,0) size 800x600
  RenderView at (0,0) size 800x600
layer at (0,0) size 800x600
  RenderBlock {HTML} at (0,0) size 800x600
    RenderBody {BODY} at (8,8) size 784x584
      RenderBlock {DIV} at (0,0) size 784x260 [border: (2px solid #0000FF)]
        RenderBlock {DIV} at (14,14) size 756x72
          RenderText {#text} at (0,0) size 68x24
            text run at (0,0) width 68: "Tests: "
          RenderBR {BR} at (0,0) size 0x0
          RenderText {#text} at (0,24) size 162x24
            text run at (0,24) width 162: "Fix for this bug: "
          RenderInline {A} at (0,0) size 551x24 [color=#0000EE]
            RenderText {#text} at (161,24) size 551x24
              text run at (161,24) width 551: "<http://bugzilla.opendarwin.org/show_bug.cgi?id=3429>"
          RenderText {#text} at (0,48) size 722x24
            text run at (0,48) width 722: "Text transformed with text-transform does not copy with transform applied"
        RenderBlock {DIV} at (14,102) size 756x144
          RenderBlock (anonymous) at (0,0) size 756x48
            RenderText {#text} at (0,0) size 190x24
              text run at (0,0) width 190: "Expected Results: "
            RenderBR {BR} at (189,18) size 1x0
            RenderText {#text} at (0,24) size 201x24
              text run at (0,24) width 201: "Should see the string"
          RenderBlock {PRE} at (0,72) size 756x24
            RenderText {#text} at (0,0) size 217x24
              text run at (0,0) width 217: "Foo Bar baz Bar"
          RenderBlock (anonymous) at (0,120) size 756x24
            RenderText {#text} at (0,0) size 154x24
              text run at (0,0) width 154: "(case sensitive)."
      RenderBlock {DIV} at (0,284) size 784x28 [border: (2px solid #FF0000)]
        RenderInline {SPAN} at (0,0) size 152x24
          RenderInline {SPAN} at (0,0) size 78x24
            RenderText {#text} at (2,2) size 78x24
              text run at (2,2) width 78: "Foo Bar"
          RenderText {#text} at (80,2) size 74x24
            text run at (80,2) width 74: " bazBar"
        RenderText {#text} at (0,0) size 0x0
caret: position 7 of child 1 {#text} of child 1 {SPAN} of child 3 {DIV} of body
