EDITING DELEGATE: webViewDidChangeSelection:WebViewDidChangeSelectionNotification
EDITING DELEGATE: webViewDidChangeSelection:WebViewDidChangeSelectionNotification
EDITING DELEGATE: webViewDidChangeSelection:WebViewDidChangeSelectionNotification
EDITING DELEGATE: webViewDidChange:WebViewDidChangeNotification
layer at (0,0) size 800x600
  RenderView at (0,0) size 800x600
layer at (0,0) size 800x600
  RenderBlock {HTML} at (0,0) size 800x600
    RenderBody {BODY} at (8,8) size 784x584
      RenderBlock {P} at (0,0) size 784x32
        RenderText {#text} at (0,0) size 777x32
          text run at (0,0) width 777: "This is a test to make sure that the final <br> in an incoming fragment is interpretted strictly in quirks mode (where brs at"
          text run at (0,16) width 212: "the end of blocks are collapsed). "
          text run at (211,16) width 521: "This test used to fail because of unrendered content to the left of the collapsed br."
      RenderBlock {DIV} at (0,48) size 784x32
        RenderBlock {DIV} at (0,0) size 784x16
          RenderText {#text} at (0,0) size 379x16
            text run at (0,0) width 379: "The test should add a single blank line after this paragraph."
          RenderInline {SPAN} at (0,0) size 1x16
          RenderBR {BR} at (378,12) size 1x0
        RenderBlock (anonymous) at (0,16) size 784x16
          RenderBR {BR} at (0,0) size 0x16
caret: position 0 of child 1 {BR} of child 2 {DIV} of body
