EDITING DELEGATE: webViewDidChangeSelection:WebViewDidChangeSelectionNotification
EDITING DELEGATE: webViewDidChangeSelection:WebViewDidChangeSelectionNotification
EDITING DELEGATE: webViewDidChangeSelection:WebViewDidChangeSelectionNotification
EDITING DELEGATE: webViewDidChangeSelection:WebViewDidChangeSelectionNotification
EDITING DELEGATE: webViewDidChange:WebViewDidChangeNotification
EDITING DELEGATE: webViewDidChangeSelection:WebViewDidChangeSelectionNotification
EDITING DELEGATE: webViewDidChange:WebViewDidChangeNotification
layer at (0,0) size 800x600
  RenderView at (0,0) size 800x600
layer at (0,0) size 800x600
  RenderBlock {HTML} at (0,0) size 800x600
    RenderBody {BODY} at (8,8) size 784x584
      RenderBlock {P} at (0,0) size 784x32
        RenderText {#text} at (0,0) size 763x32
          text run at (0,0) width 583: "This is a testcase for 8193, hitting an assert inside RemoveNodeCommand on Undo Paste. "
          text run at (582,0) width 181: "Both editable regions below"
          text run at (0,16) width 223: "should look the same after the test."
      RenderBlock {HR} at (0,48) size 784x2 [border: (1px inset #EEEEEE)]
      RenderBlock {DIV} at (0,58) size 784x34 [border: (1px solid #000000)]
        RenderBlock {DIV} at (1,1) size 782x16
          RenderText {#text} at (0,0) size 22x16
            text run at (0,0) width 22: "foo"
        RenderBlock {DIV} at (1,17) size 782x16
          RenderText {#text} at (0,0) size 21x16
            text run at (0,0) width 21: "bar"
      RenderBlock {DIV} at (0,92) size 784x18 [border: (1px solid #000000)]
        RenderBR {BR} at (1,1) size 0x16
caret: position 0 of child 0 {BR} of child 6 {DIV} of body
