EDITING DELEGATE: webViewDidChangeSelection:WebViewDidChangeSelectionNotification
EDITING DELEGATE: webViewDidChangeSelection:WebViewDidChangeSelectionNotification
EDITING DELEGATE: webViewDidChangeSelection:WebViewDidChangeSelectionNotification
EDITING DELEGATE: webViewDidChange:WebViewDidChangeNotification
layer at (0,0) size 800x600
  RenderView at (0,0) size 800x600
layer at (0,0) size 800x600
  RenderBlock {HTML} at (0,0) size 800x600
    RenderBody {BODY} at (8,8) size 784x584
      RenderBlock {P} at (0,0) size 784x32
        RenderText {#text} at (0,0) size 779x32
          text run at (0,0) width 779: "This is a test to make sure that an unrendered br at the end of the selection being pasted into doesn't become rendered as a"
          text run at (0,16) width 118: "result of the paste."
      RenderBlock {DIV} at (0,48) size 784x32
        RenderBlock (anonymous) at (0,0) size 784x16
          RenderText {#text} at (0,0) size 102x16
            text run at (0,0) width 102: "First paragraph."
        RenderBlock {DIV} at (0,16) size 784x16
          RenderText {#text} at (0,0) size 120x16
            text run at (0,0) width 120: "Second paragraph."
caret: position 17 of child 0 {#text} of child 1 {DIV} of child 2 {DIV} of body
