layer at (0,0) size 800x600
  RenderView at (0,0) size 800x600
layer at (0,0) size 800x600
  RenderBlock {HTML} at (0,0) size 800x600
    RenderBody {BODY} at (8,8) size 784x584 [bgcolor=#CCCCCC]
      RenderBlock {P} at (0,0) size 784x16
        RenderText {#text} at (0,0) size 363x16
          text run at (0,0) width 363: "The style declarations which apply to the text below are:"
      RenderBlock {PRE} at (0,32) size 784x52
        RenderText {#text} at (0,0) size 172x52
          text run at (0,0) width 157: ".one {color: green;}"
          text run at (156,0) width 1: " "
          text run at (0,13) width 125: ".1 {color: red;}"
          text run at (124,13) width 1: " "
          text run at (0,26) width 149: ".a1 {color: green;}"
          text run at (148,26) width 1: " "
          text run at (0,39) width 172: "P.two {color: purple;}"
          text run at (171,39) width 1: " "
      RenderBlock {HR} at (0,97) size 784x2 [border: (1px inset #EEEEEE)]
      RenderBlock {P} at (0,115) size 784x16 [color=#008000]
        RenderText {#text} at (0,0) size 197x16
          text run at (0,0) width 197: "This sentence should be green."
      RenderBlock {P} at (0,147) size 784x16
        RenderText {#text} at (0,0) size 570x16
          text run at (0,0) width 570: "This sentence should be black, not red-- class selectors cannot begin with digits in CSS1."
      RenderBlock {P} at (0,179) size 784x16 [color=#008000]
        RenderText {#text} at (0,0) size 197x16
          text run at (0,0) width 197: "This sentence should be green."
      RenderBlock {P} at (0,211) size 784x16 [color=#800080]
        RenderText {#text} at (0,0) size 203x16
          text run at (0,0) width 203: "This sentence should be purple."
      RenderBlock {PRE} at (0,243) size 784x13
        RenderText {#text} at (0,0) size 274x13
          text run at (0,0) width 274: "This sentence should NOT be purple."
          text run at (273,0) width 1: " "
      RenderBlock {UL} at (0,272) size 784x16
        RenderListItem {LI} at (40,0) size 744x16
          RenderListMarker at (-16,0) size 6x16: bullet
          RenderText {#text} at (0,0) size 240x16
            text run at (0,0) width 240: "This sentence should NOT be purple."
      RenderTable {TABLE} at (0,304) size 592x223 [border: (1px outset #808080)]
        RenderTableSection {TBODY} at (1,1) size 590x221
          RenderTableRow {TR} at (0,0) size 590x24
            RenderTableCell {TD} at (0,0) size 590x24 [bgcolor=#C0C0C0] [border: (1px inset #808080)] [r=0 c=0 rs=1 cs=2]
              RenderInline {STRONG} at (0,0) size 163x16
                RenderText {#text} at (4,4) size 163x16
                  text run at (4,4) width 163: "TABLE Testing Section"
          RenderTableRow {TR} at (0,24) size 590x197
            RenderTableCell {TD} at (0,110) size 12x24 [bgcolor=#C0C0C0] [border: (1px inset #808080)] [r=1 c=0 rs=1 cs=1]
              RenderText {#text} at (4,4) size 4x16
                text run at (4,4) width 4: " "
            RenderTableCell {TD} at (12,24) size 578x197 [border: (1px inset #808080)] [r=1 c=1 rs=1 cs=1]
              RenderBlock {P} at (4,4) size 570x16 [color=#008000]
                RenderText {#text} at (0,0) size 197x16
                  text run at (0,0) width 197: "This sentence should be green."
              RenderBlock {P} at (4,36) size 570x16
                RenderText {#text} at (0,0) size 570x16
                  text run at (0,0) width 570: "This sentence should be black, not red-- class selectors cannot begin with digits in CSS1."
              RenderBlock {P} at (4,68) size 570x16 [color=#008000]
                RenderText {#text} at (0,0) size 197x16
                  text run at (0,0) width 197: "This sentence should be green."
              RenderBlock {P} at (4,100) size 570x16 [color=#800080]
                RenderText {#text} at (0,0) size 203x16
                  text run at (0,0) width 203: "This sentence should be purple."
              RenderBlock {PRE} at (4,132) size 570x13
                RenderText {#text} at (0,0) size 274x13
                  text run at (0,0) width 274: "This sentence should NOT be purple."
                  text run at (273,0) width 1: " "
              RenderBlock {UL} at (4,161) size 570x16
                RenderListItem {LI} at (40,0) size 530x16
                  RenderListMarker at (-16,0) size 6x16: bullet
                  RenderText {#text} at (0,0) size 240x16
                    text run at (0,0) width 240: "This sentence should NOT be purple."
