layer at (0,0) size 785x804
  RenderView at (0,0) size 785x600
layer at (0,0) size 785x804
  RenderBlock {HTML} at (0,0) size 785x804
    RenderBody {BODY} at (8,8) size 769x788 [bgcolor=#CCCCCC]
      RenderBlock {P} at (0,0) size 769x16
        RenderText {#text} at (0,0) size 363x16
          text run at (0,0) width 363: "The style declarations which apply to the text below are:"
      RenderBlock {PRE} at (0,32) size 769x195
        RenderText {#text} at (0,0) size 328x195
          text run at (0,0) width 227: "/* This is a CSS1 comment. */"
          text run at (226,0) width 1: " "
          text run at (0,13) width 328: ".one {color: green;} /* Another comment */"
          text run at (327,13) width 1: " "
          text run at (0,26) width 281: "/* The following should not be used:"
          text run at (280,26) width 1: " "
          text run at (0,39) width 164: ".two {color: red;} */"
          text run at (163,39) width 1: " "
          text run at (0,52) width 313: ".three {color: green; /* color: red; */}"
          text run at (312,52) width 1: " "
          text run at (0,65) width 24: "/**"
          text run at (23,65) width 1: " "
          text run at (0,78) width 172: ".four {color: red;} */"
          text run at (171,78) width 1: " "
          text run at (0,91) width 164: ".five {color: green;}"
          text run at (163,91) width 1: " "
          text run at (0,104) width 32: "/**/"
          text run at (31,104) width 1: " "
          text run at (0,117) width 157: ".six {color: green;}"
          text run at (156,117) width 1: " "
          text run at (0,130) width 86: "/*********/"
          text run at (85,130) width 1: " "
          text run at (0,143) width 172: ".seven {color: green;}"
          text run at (171,143) width 1: " "
          text run at (0,156) width 125: "/* a comment **/"
          text run at (124,156) width 1: " "
          text run at (0,169) width 172: ".eight {color: green;}"
          text run at (171,169) width 1: " "
          text run at (0,182) width 0: " "
      RenderBlock {HR} at (0,240) size 769x2 [border: (1px inset #EEEEEE)]
      RenderBlock {P} at (0,258) size 769x16 [color=#008000]
        RenderText {#text} at (0,0) size 197x16
          text run at (0,0) width 197: "This sentence should be green."
      RenderBlock {P} at (0,290) size 769x16
        RenderText {#text} at (0,0) size 196x16
          text run at (0,0) width 196: "This sentence should be black."
      RenderBlock {P} at (0,322) size 769x16 [color=#008000]
        RenderText {#text} at (0,0) size 197x16
          text run at (0,0) width 197: "This sentence should be green."
      RenderBlock {P} at (0,354) size 769x16
        RenderText {#text} at (0,0) size 196x16
          text run at (0,0) width 196: "This sentence should be black."
      RenderBlock {P} at (0,386) size 769x16 [color=#008000]
        RenderText {#text} at (0,0) size 197x16
          text run at (0,0) width 197: "This sentence should be green."
      RenderBlock {P} at (0,418) size 769x16 [color=#008000]
        RenderText {#text} at (0,0) size 197x16
          text run at (0,0) width 197: "This sentence should be green."
      RenderBlock {P} at (0,450) size 769x16 [color=#008000]
        RenderText {#text} at (0,0) size 197x16
          text run at (0,0) width 197: "This sentence should be green."
      RenderBlock {P} at (0,482) size 769x16 [color=#008000]
        RenderText {#text} at (0,0) size 197x16
          text run at (0,0) width 197: "This sentence should be green."
      RenderTable {TABLE} at (0,514) size 219x274 [border: (1px outset #808080)]
        RenderTableSection {TBODY} at (1,1) size 217x272
          RenderTableRow {TR} at (0,0) size 217x24
            RenderTableCell {TD} at (0,0) size 217x24 [bgcolor=#C0C0C0] [border: (1px inset #808080)] [r=0 c=0 rs=1 cs=2]
              RenderInline {STRONG} at (0,0) size 163x16
                RenderText {#text} at (4,4) size 163x16
                  text run at (4,4) width 163: "TABLE Testing Section"
          RenderTableRow {TR} at (0,24) size 217x248
            RenderTableCell {TD} at (0,136) size 12x24 [bgcolor=#C0C0C0] [border: (1px inset #808080)] [r=1 c=0 rs=1 cs=1]
              RenderText {#text} at (4,4) size 4x16
                text run at (4,4) width 4: " "
            RenderTableCell {TD} at (12,24) size 205x248 [border: (1px inset #808080)] [r=1 c=1 rs=1 cs=1]
              RenderBlock {P} at (4,4) size 197x16 [color=#008000]
                RenderText {#text} at (0,0) size 197x16
                  text run at (0,0) width 197: "This sentence should be green."
              RenderBlock {P} at (4,36) size 197x16
                RenderText {#text} at (0,0) size 196x16
                  text run at (0,0) width 196: "This sentence should be black."
              RenderBlock {P} at (4,68) size 197x16 [color=#008000]
                RenderText {#text} at (0,0) size 197x16
                  text run at (0,0) width 197: "This sentence should be green."
              RenderBlock {P} at (4,100) size 197x16
                RenderText {#text} at (0,0) size 196x16
                  text run at (0,0) width 196: "This sentence should be black."
              RenderBlock {P} at (4,132) size 197x16 [color=#008000]
                RenderText {#text} at (0,0) size 197x16
                  text run at (0,0) width 197: "This sentence should be green."
              RenderBlock {P} at (4,164) size 197x16 [color=#008000]
                RenderText {#text} at (0,0) size 197x16
                  text run at (0,0) width 197: "This sentence should be green."
              RenderBlock {P} at (4,196) size 197x16 [color=#008000]
                RenderText {#text} at (0,0) size 197x16
                  text run at (0,0) width 197: "This sentence should be green."
              RenderBlock {P} at (4,228) size 197x16 [color=#008000]
                RenderText {#text} at (0,0) size 197x16
                  text run at (0,0) width 197: "This sentence should be green."
