layer at (0,0) size 800x600
  RenderView at (0,0) size 800x600
layer at (0,0) size 800x600
  RenderBlock {HTML} at (0,0) size 800x600
    RenderBody {BODY} at (8,8) size 784x584 [bgcolor=#CCCCCC]
      RenderBlock {P} at (0,0) size 784x16 [color=#000080]
        RenderText {#text} at (0,0) size 363x16
          text run at (0,0) width 363: "The style declarations which apply to the text below are:"
      RenderBlock {PRE} at (0,32) size 784x52
        RenderText {#text} at (0,0) size 461x52
          text run at (0,0) width 281: "P {color: navy; font-family: serif;}"
          text run at (280,0) width 1: " "
          text run at (0,13) width 461: "HTML BODY TABLE P {color: purple; font-family: sans-serif;}"
          text run at (460,13) width 1: " "
          text run at (0,26) width 219: "EM, UL LI LI {color: green;}"
          text run at (218,26) width 1: " "
          text run at (0,39) width 0: " "
      RenderBlock {HR} at (0,97) size 784x2 [border: (1px inset #EEEEEE)]
      RenderBlock {P} at (0,115) size 784x16 [color=#000080]
        RenderText {#text} at (0,0) size 640x16
          text run at (0,0) width 640: "This sentence should be navy serif in the first half of the page, but purple and sans-serif in the table."
      RenderBlock {P} at (0,147) size 784x16 [color=#000080]
        RenderText {#text} at (0,0) size 570x16
          text run at (0,0) width 570: "This sentence should be normal for its section, except for the last word, which should be "
        RenderInline {EM} at (0,0) size 38x16 [color=#008000]
          RenderText {#text} at (569,0) size 38x16
            text run at (569,0) width 38: "green"
        RenderText {#text} at (606,0) size 5x16
          text run at (606,0) width 5: "."
      RenderBlock {UL} at (0,179) size 784x32
        RenderListItem {LI} at (40,0) size 744x32
          RenderBlock (anonymous) at (0,0) size 744x16
            RenderListMarker at (-16,0) size 6x16: bullet
            RenderInline {EM} at (0,0) size 40x16 [color=#008000]
              RenderText {#text} at (0,0) size 40x16
                text run at (0,0) width 40: "Hello."
            RenderText {#text} at (39,0) size 407x16
              text run at (39,0) width 5: " "
              text run at (43,0) width 403: "The first \"hello\" should be green, but this part should be black."
          RenderBlock {UL} at (0,16) size 744x16
            RenderListItem {LI} at (40,0) size 704x16 [color=#008000]
              RenderListMarker at (-16,0) size 6x16: white bullet
              RenderText {#text} at (0,0) size 138x16
                text run at (0,0) width 138: "This should be green."
      RenderTable {TABLE} at (0,227) size 730x146 [border: (1px outset #808080)]
        RenderTableSection {TBODY} at (1,1) size 728x144
          RenderTableRow {TR} at (0,0) size 728x24
            RenderTableCell {TD} at (0,0) size 728x24 [bgcolor=#C0C0C0] [border: (1px inset #808080)] [r=0 c=0 rs=1 cs=2]
              RenderInline {STRONG} at (0,0) size 163x16
                RenderText {#text} at (4,4) size 163x16
                  text run at (4,4) width 163: "TABLE Testing Section"
          RenderTableRow {TR} at (0,24) size 728x120
            RenderTableCell {TD} at (0,72) size 12x24 [bgcolor=#C0C0C0] [border: (1px inset #808080)] [r=1 c=0 rs=1 cs=1]
              RenderText {#text} at (4,4) size 4x16
                text run at (4,4) width 4: " "
            RenderTableCell {TD} at (12,24) size 716x120 [border: (1px inset #808080)] [r=1 c=1 rs=1 cs=1]
              RenderBlock {P} at (4,4) size 708x16 [color=#800080]
                RenderText {#text} at (0,0) size 708x16
                  text run at (0,0) width 708: "This sentence should be navy serif in the first half of the page, but purple and sans-serif in the table."
              RenderBlock {P} at (4,36) size 708x16 [color=#800080]
                RenderText {#text} at (0,0) size 628x16
                  text run at (0,0) width 628: "This sentence should be normal for its section, except for the last word, which should be "
                RenderInline {EM} at (0,0) size 42x16 [color=#008000]
                  RenderText {#text} at (627,0) size 42x16
                    text run at (627,0) width 42: "green"
                RenderText {#text} at (668,0) size 6x16
                  text run at (668,0) width 6: "."
              RenderBlock {UL} at (4,68) size 708x32
                RenderListItem {LI} at (40,0) size 668x32
                  RenderBlock (anonymous) at (0,0) size 668x16
                    RenderListMarker at (-16,0) size 6x16: bullet
                    RenderInline {EM} at (0,0) size 40x16 [color=#008000]
                      RenderText {#text} at (0,0) size 40x16
                        text run at (0,0) width 40: "Hello."
                    RenderText {#text} at (39,0) size 407x16
                      text run at (39,0) width 5: " "
                      text run at (43,0) width 403: "The first \"hello\" should be green, but this part should be black."
                  RenderBlock {UL} at (0,16) size 668x16
                    RenderListItem {LI} at (40,0) size 628x16 [color=#008000]
                      RenderListMarker at (-16,0) size 6x16: white bullet
                      RenderText {#text} at (0,0) size 138x16
                        text run at (0,0) width 138: "This should be green."
