layer at (0,0) size 785x883
  RenderView at (0,0) size 785x600
layer at (0,0) size 785x883
  RenderBlock {HTML} at (0,0) size 785x883
    RenderBody {BODY} at (8,8) size 769x867 [bgcolor=#CCCCCC]
      RenderBlock {P} at (0,0) size 769x16
        RenderText {#text} at (0,0) size 363x16
          text run at (0,0) width 363: "The style declarations which apply to the text below are:"
      RenderBlock {PRE} at (0,32) size 769x130
        RenderText {#text} at (0,0) size 710x130
          text run at (0,0) width 609: "<LINK rel=\"stylesheet\" type=\"text/css\" href=\"linktest.css\" title=\"Default SS\">"
          text run at (608,0) width 1: " "
          text run at (0,13) width 710: "<LINK rel=\"alternate stylesheet\" type=\"text/css\" href=\"linktest2.css\" title=\"Alternate SS\">"
          text run at (709,13) width 1: " "
          text run at (0,26) width 203: "@import url(imptest1.css);"
          text run at (202,26) width 1: " "
          text run at (0,39) width 188: "@import \"imptest1a.css\";"
          text run at (187,39) width 1: " "
          text run at (0,52) width 125: "UL {color: red;}"
          text run at (124,52) width 1: " "
          text run at (0,65) width 172: ".four {color: purple;}"
          text run at (171,65) width 1: " "
          text run at (0,78) width 203: "@import url(imptest2.css);"
          text run at (202,78) width 1: " "
          text run at (0,91) width 32: "<!--"
          text run at (31,91) width 1: " "
          text run at (0,104) width 164: "P.six {color: green;}"
          text run at (163,104) width 1: " "
          text run at (0,117) width 24: "-->"
          text run at (23,117) width 1: " "
      RenderBlock {HR} at (0,175) size 769x2 [border: (1px inset #EEEEEE)]
      RenderBlock {P} at (0,193) size 769x16
        RenderText {#text} at (0,0) size 412x16
          text run at (0,0) width 412: "This sentence should be underlined due to the linked style sheet "
        RenderInline {CODE} at (0,0) size 95x13
          RenderText {#text} at (411,2) size 95x13
            text run at (411,2) width 95: "linktest.css"
        RenderText {#text} at (505,0) size 258x16
          text run at (505,0) width 258: ", the reference to which is shown above."
      RenderBlock {P} at (0,225) size 769x32
        RenderText {#text} at (0,0) size 449x16
          text run at (0,0) width 449: "This sentence should NOT be underlined due to the linked style sheet "
        RenderInline {CODE} at (0,0) size 103x13
          RenderText {#text} at (448,2) size 103x13
            text run at (448,2) width 103: "linktest2.css"
        RenderText {#text} at (550,0) size 9x16
          text run at (550,0) width 9: ", "
        RenderInline {STRONG} at (0,0) size 42x16
          RenderText {#text} at (558,0) size 42x16
            text run at (558,0) width 42: "unless"
        RenderText {#text} at (599,0) size 751x32
          text run at (599,0) width 152: " the external style sheet"
          text run at (0,16) width 330: "\"Alternate SS\" has been selected via the user agent."
      RenderBlock {UL} at (0,273) size 769x48 [color=#FF0000]
        RenderListItem {LI} at (40,0) size 729x16 [color=#008000]
          RenderListMarker at (-16,0) size 6x16: bullet
          RenderText {#text} at (0,0) size 398x16
            text run at (0,0) width 398: "This sentence should be green due to an imported style sheet ["
          RenderInline {CODE} at (0,0) size 204x13
            RenderText {#text} at (397,2) size 204x13
              text run at (397,2) width 204: "@import url(imptest1.css);"
          RenderText {#text} at (600,0) size 10x16
            text run at (600,0) width 10: "]."
        RenderListItem {LI} at (40,16) size 729x16 [color=#800080]
          RenderListMarker at (-16,0) size 6x16: bullet
          RenderText {#text} at (0,0) size 404x16
            text run at (0,0) width 404: "This sentence should be purple due to an imported style sheet ["
          RenderInline {CODE} at (0,0) size 180x13
            RenderText {#text} at (403,2) size 180x13
              text run at (403,2) width 180: "@import \"imptest1a.css\""
          RenderText {#text} at (582,0) size 10x16
            text run at (582,0) width 10: "]."
        RenderListItem {LI} at (40,32) size 729x16 [color=#008000]
          RenderListMarker at (-16,0) size 6x16: bullet
          RenderText {#text} at (0,0) size 400x16
            text run at (0,0) width 400: "This sentence should be green thanks to the STYLE attribute ["
          RenderInline {CODE} at (0,0) size 164x13
            RenderText {#text} at (399,2) size 164x13
              text run at (399,2) width 164: "STYLE=\"color: green;\""
          RenderText {#text} at (562,0) size 11x16
            text run at (562,0) width 11: "]."
      RenderBlock {P} at (0,337) size 769x16 [color=#800080]
        RenderText {#text} at (0,0) size 510x16
          text run at (0,0) width 510: "This sentence should be purple, and it doesn't have a terminating paragraph tag."
      RenderBlock {OL} at (0,369) size 769x48
        RenderListItem {LI} at (40,0) size 729x16
          RenderListMarker at (-20,0) size 16x16: "1"
          RenderText {#text} at (0,0) size 204x16
            text run at (0,0) width 204: "This list should NOT be purple."
        RenderListItem {LI} at (40,16) size 729x16
          RenderListMarker at (-20,0) size 16x16: "2"
          RenderText {#text} at (0,0) size 176x16
            text run at (0,0) width 176: "It should, instead, be black."
        RenderListItem {LI} at (40,32) size 729x16
          RenderListMarker at (-20,0) size 16x16: "3"
          RenderText {#text} at (0,0) size 512x16
            text run at (0,0) width 512: "If it IS purple, then the browser hasn't correctly parsed the preceding paragraph."
      RenderBlock {P} at (0,433) size 769x32
        RenderText {#text} at (0,0) size 715x16
          text run at (0,0) width 200: "This sentence should be black. "
          text run at (199,0) width 516: "If it is red, then the browser has inappropriately imported the styles from the file"
        RenderInline {TT} at (0,0) size 94x13
          RenderText {#text} at (0,18) size 94x13
            text run at (0,18) width 94: "imptest2.css"
        RenderText {#text} at (93,16) size 35x16
          text run at (93,16) width 35: " (see "
        RenderInline {A} at (0,0) size 70x16 [color=#0000FF]
          RenderText {#text} at (127,16) size 70x16
            text run at (127,16) width 70: "section 3.0"
        RenderText {#text} at (196,16) size 283x16
          text run at (196,16) width 283: " of the CSS1 specification for more details)."
      RenderBlock {P} at (0,481) size 769x16 [color=#008000]
        RenderText {#text} at (0,0) size 206x16
          text run at (0,0) width 206: "This paragraph should be green."
      RenderTable {TABLE} at (0,513) size 769x354 [border: (1px outset #808080)]
        RenderTableSection {TBODY} at (1,1) size 767x352
          RenderTableRow {TR} at (0,0) size 767x24
            RenderTableCell {TD} at (0,0) size 767x24 [bgcolor=#C0C0C0] [border: (1px inset #808080)] [r=0 c=0 rs=1 cs=2]
              RenderInline {STRONG} at (0,0) size 163x16
                RenderText {#text} at (4,4) size 163x16
                  text run at (4,4) width 163: "TABLE Testing Section"
          RenderTableRow {TR} at (0,24) size 767x328
            RenderTableCell {TD} at (0,176) size 12x24 [bgcolor=#C0C0C0] [border: (1px inset #808080)] [r=1 c=0 rs=1 cs=1]
              RenderText {#text} at (4,4) size 4x16
                text run at (4,4) width 4: " "
            RenderTableCell {TD} at (12,24) size 755x328 [border: (1px inset #808080)] [r=1 c=1 rs=1 cs=1]
              RenderBlock {P} at (4,4) size 747x32
                RenderText {#text} at (0,0) size 412x16
                  text run at (0,0) width 412: "This sentence should be underlined due to the linked style sheet "
                RenderInline {CODE} at (0,0) size 95x13
                  RenderText {#text} at (411,2) size 95x13
                    text run at (411,2) width 95: "linktest.css"
                RenderText {#text} at (505,0) size 717x32
                  text run at (505,0) width 212: ", the reference to which is shown"
                  text run at (0,16) width 43: "above."
              RenderBlock {P} at (4,52) size 747x32
                RenderText {#text} at (0,0) size 449x16
                  text run at (0,0) width 449: "This sentence should NOT be underlined due to the linked style sheet "
                RenderInline {CODE} at (0,0) size 103x13
                  RenderText {#text} at (448,2) size 103x13
                    text run at (448,2) width 103: "linktest2.css"
                RenderText {#text} at (550,0) size 9x16
                  text run at (550,0) width 9: ", "
                RenderInline {STRONG} at (0,0) size 42x16
                  RenderText {#text} at (558,0) size 42x16
                    text run at (558,0) width 42: "unless"
                RenderText {#text} at (599,0) size 714x32
                  text run at (599,0) width 115: " the external style"
                  text run at (0,16) width 367: "sheet \"Alternate SS\" has been selected via the user agent."
              RenderBlock {UL} at (4,100) size 747x48 [color=#FF0000]
                RenderListItem {LI} at (40,0) size 707x16 [color=#008000]
                  RenderListMarker at (-16,0) size 6x16: bullet
                  RenderText {#text} at (0,0) size 398x16
                    text run at (0,0) width 398: "This sentence should be green due to an imported style sheet ["
                  RenderInline {CODE} at (0,0) size 204x13
                    RenderText {#text} at (397,2) size 204x13
                      text run at (397,2) width 204: "@import url(imptest1.css);"
                  RenderText {#text} at (600,0) size 10x16
                    text run at (600,0) width 10: "]."
                RenderListItem {LI} at (40,16) size 707x16 [color=#800080]
                  RenderListMarker at (-16,0) size 6x16: bullet
                  RenderText {#text} at (0,0) size 404x16
                    text run at (0,0) width 404: "This sentence should be purple due to an imported style sheet ["
                  RenderInline {CODE} at (0,0) size 180x13
                    RenderText {#text} at (403,2) size 180x13
                      text run at (403,2) width 180: "@import \"imptest1a.css\""
                  RenderText {#text} at (582,0) size 10x16
                    text run at (582,0) width 10: "]."
                RenderListItem {LI} at (40,32) size 707x16 [color=#008000]
                  RenderListMarker at (-16,0) size 6x16: bullet
                  RenderText {#text} at (0,0) size 400x16
                    text run at (0,0) width 400: "This sentence should be green thanks to the STYLE attribute ["
                  RenderInline {CODE} at (0,0) size 164x13
                    RenderText {#text} at (399,2) size 164x13
                      text run at (399,2) width 164: "STYLE=\"color: green;\""
                  RenderText {#text} at (562,0) size 11x16
                    text run at (562,0) width 11: "]."
              RenderBlock {P} at (4,164) size 747x16 [color=#800080]
                RenderText {#text} at (0,0) size 510x16
                  text run at (0,0) width 510: "This sentence should be purple, and it doesn't have a terminating paragraph tag."
              RenderBlock {OL} at (4,196) size 747x48
                RenderListItem {LI} at (40,0) size 707x16
                  RenderListMarker at (-20,0) size 16x16: "1"
                  RenderText {#text} at (0,0) size 204x16
                    text run at (0,0) width 204: "This list should NOT be purple."
                RenderListItem {LI} at (40,16) size 707x16
                  RenderListMarker at (-20,0) size 16x16: "2"
                  RenderText {#text} at (0,0) size 176x16
                    text run at (0,0) width 176: "It should, instead, be black."
                RenderListItem {LI} at (40,32) size 707x16
                  RenderListMarker at (-20,0) size 16x16: "3"
                  RenderText {#text} at (0,0) size 512x16
                    text run at (0,0) width 512: "If it IS purple, then the browser hasn't correctly parsed the preceding paragraph."
              RenderBlock {P} at (4,260) size 747x32
                RenderText {#text} at (0,0) size 715x16
                  text run at (0,0) width 200: "This sentence should be black. "
                  text run at (199,0) width 516: "If it is red, then the browser has inappropriately imported the styles from the file"
                RenderInline {TT} at (0,0) size 94x13
                  RenderText {#text} at (0,18) size 94x13
                    text run at (0,18) width 94: "imptest2.css"
                RenderText {#text} at (93,16) size 35x16
                  text run at (93,16) width 35: " (see "
                RenderInline {A} at (0,0) size 70x16 [color=#0000FF]
                  RenderText {#text} at (127,16) size 70x16
                    text run at (127,16) width 70: "section 3.0"
                RenderText {#text} at (196,16) size 283x16
                  text run at (196,16) width 283: " of the CSS1 specification for more details)."
              RenderBlock {P} at (4,308) size 747x16 [color=#008000]
                RenderText {#text} at (0,0) size 206x16
                  text run at (0,0) width 206: "This paragraph should be green."
