layer at (0,0) size 800x600
  RenderView at (0,0) size 800x600
layer at (0,0) size 800x600
  RenderBlock {HTML} at (0,0) size 800x600
    RenderBody {BODY} at (8,8) size 784x584 [bgcolor=#CCCCCC]
      RenderBlock {P} at (0,0) size 784x16
        RenderText {#text} at (0,0) size 363x16
          text run at (0,0) width 363: "The style declarations which apply to the text below are:"
      RenderBlock {PRE} at (0,32) size 784x104
        RenderText {#text} at (0,0) size 266x104
          text run at (0,0) width 157: "#one {color: green;}"
          text run at (156,0) width 1: " "
          text run at (0,13) width 149: "#a1 {color: green;}"
          text run at (148,13) width 1: " "
          text run at (0,26) width 219: "P#two, P#two2 {color: blue;}"
          text run at (218,26) width 1: " "
          text run at (0,39) width 266: "P#three, P#three2 {color: purple;}"
          text run at (265,39) width 1: " "
          text run at (0,52) width 164: "#four {color: green;}"
          text run at (163,52) width 1: " "
          text run at (0,65) width 149: "#a2 {color: green;}"
          text run at (148,65) width 1: " "
          text run at (0,78) width 235: "P#five, P#five2 {color: blue;}"
          text run at (234,78) width 1: " "
          text run at (0,91) width 235: "P#six, P#six2 {color: purple;}"
      RenderBlock {HR} at (0,149) size 784x2 [border: (1px inset #EEEEEE)]
      RenderBlock {P} at (0,167) size 784x16 [color=#008000]
        RenderText {#text} at (0,0) size 197x16
          text run at (0,0) width 197: "This sentence should be green."
      RenderBlock {P} at (0,199) size 784x16 [color=#008000]
        RenderText {#text} at (0,0) size 197x16
          text run at (0,0) width 197: "This sentence should be green."
      RenderBlock {P} at (0,231) size 784x16 [color=#0000FF]
        RenderText {#text} at (0,0) size 204x16
          text run at (0,0) width 204: "This paragraph should be blue ["
        RenderInline {TT} at (0,0) size 63x13
          RenderText {#text} at (203,2) size 63x13
            text run at (203,2) width 63: "ID=\"two\""
        RenderText {#text} at (265,0) size 10x16
          text run at (265,0) width 10: "]."
      RenderBlock {PRE} at (0,263) size 784x13
        RenderText {#text} at (0,0) size 383x13
          text run at (0,0) width 383: "This sentence should NOT be blue [PRE ID=\"two2\"]."
          text run at (382,0) width 1: " "
      RenderBlock {PRE} at (0,289) size 784x13
        RenderText {#text} at (0,0) size 461x13
          text run at (0,0) width 461: "This sentence should be black, not purple [PRE ID=\"three\"]."
          text run at (460,0) width 1: " "
      RenderBlock {UL} at (0,318) size 784x16
        RenderListItem {LI} at (40,0) size 744x16
          RenderListMarker at (-16,0) size 6x16: bullet
          RenderText {#text} at (0,0) size 240x16
            text run at (0,0) width 240: "This sentence should NOT be purple."
      RenderTable {TABLE} at (0,350) size 413x217 [border: (1px outset #808080)]
        RenderTableSection {TBODY} at (1,1) size 411x215
          RenderTableRow {TR} at (0,0) size 411x24
            RenderTableCell {TD} at (0,0) size 411x24 [bgcolor=#C0C0C0] [border: (1px inset #808080)] [r=0 c=0 rs=1 cs=2]
              RenderInline {STRONG} at (0,0) size 163x16
                RenderText {#text} at (4,4) size 163x16
                  text run at (4,4) width 163: "TABLE Testing Section"
          RenderTableRow {TR} at (0,24) size 411x191
            RenderTableCell {TD} at (0,107) size 12x24 [bgcolor=#C0C0C0] [border: (1px inset #808080)] [r=1 c=0 rs=1 cs=1]
              RenderText {#text} at (4,4) size 4x16
                text run at (4,4) width 4: " "
            RenderTableCell {TD} at (12,24) size 399x191 [border: (1px inset #808080)] [r=1 c=1 rs=1 cs=1]
              RenderBlock {P} at (4,4) size 391x16 [color=#008000]
                RenderText {#text} at (0,0) size 197x16
                  text run at (0,0) width 197: "This sentence should be green."
              RenderBlock {P} at (4,36) size 391x16 [color=#008000]
                RenderText {#text} at (0,0) size 197x16
                  text run at (0,0) width 197: "This sentence should be green."
              RenderBlock {P} at (4,68) size 391x16 [color=#0000FF]
                RenderText {#text} at (0,0) size 204x16
                  text run at (0,0) width 204: "This paragraph should be blue ["
                RenderInline {TT} at (0,0) size 71x13
                  RenderText {#text} at (203,2) size 71x13
                    text run at (203,2) width 71: "ID=\"five\""
                RenderText {#text} at (273,0) size 10x16
                  text run at (273,0) width 10: "]."
              RenderBlock {PRE} at (4,100) size 391x13
                RenderText {#text} at (0,0) size 391x13
                  text run at (0,0) width 391: "This sentence should NOT be blue [PRE ID=\"five2\"]."
                  text run at (390,0) width 1: " "
              RenderBlock {PRE} at (4,126) size 391x13
                RenderText {#text} at (0,0) size 352x13
                  text run at (0,0) width 352: "This sentence should be black [PRE ID=\"six\"]."
                  text run at (351,0) width 1: " "
              RenderBlock {UL} at (4,155) size 391x16
                RenderListItem {LI} at (40,0) size 351x16
                  RenderListMarker at (-16,0) size 6x16: bullet
                  RenderText {#text} at (0,0) size 240x16
                    text run at (0,0) width 240: "This sentence should NOT be purple."
