layer at (0,0) size 800x600
  RenderView at (0,0) size 800x600
layer at (0,0) size 800x600
  RenderBlock {HTML} at (0,0) size 800x600
    RenderBody {BODY} at (8,8) size 784x584
      RenderBlock {P} at (0,0) size 784x16
        RenderText {#text} at (0,0) size 651x16
          text run at (0,0) width 651: "Test of createContextualFragment. If the test succeeds you will see the word \"success\" below in bold."
      RenderBlock {DIV} at (0,32) size 784x16
        RenderInline {B} at (0,0) size 73x16
          RenderText {#text} at (0,0) size 73x16
            text run at (0,0) width 73: "SUCCESS"
