layer at (0,0) size 800x600
  RenderView at (0,0) size 800x600
layer at (0,0) size 800x600
  RenderBlock {HTML} at (0,0) size 800x600
    RenderBody {BODY} at (8,8) size 784x576
      RenderBlock {P} at (0,0) size 784x16
        RenderText {#text} at (0,0) size 564x16
          text run at (0,0) width 564: "This tests for HIERARCHY_REQUEST_ERRs when calling Range::surroundContents."
      RenderBlock {DIV} at (0,32) size 784x20 [border: (1px solid #0000FF)]
        RenderBlock {DIV} at (1,1) size 782x18 [border: (1px solid #FF0000)]
          RenderText {#text} at (1,1) size 81x16
            text run at (1,1) width 81: "Hello world."
      RenderBlock {UL} at (0,68) size 784x0
