EDITING DELEGATE: webViewDidChangeSelection:WebViewDidChangeSelectionNotification
EDITING DELEGATE: webViewDidChangeSelection:WebViewDidChangeSelectionNotification
EDITING DELEGATE: webViewDidChange:WebViewDidChangeNotification
EDITING DELEGATE: webViewDidChangeSelection:WebViewDidChangeSelectionNotification
EDITING DELEGATE: webViewDidChange:WebViewDidChangeNotification
EDITING DELEGATE: webViewDidChangeSelection:WebViewDidChangeSelectionNotification
EDITING DELEGATE: webViewDidChange:WebViewDidChangeNotification
layer at (0,0) size 800x600
  RenderView at (0,0) size 800x600
layer at (0,0) size 800x600
  RenderBlock {HTML} at (0,0) size 800x600
    RenderBody {BODY} at (8,8) size 784x584
      RenderBlock {DIV} at (0,0) size 784x202 [border: (4px solid #0000FF)]
        RenderBlock {DIV} at (20,20) size 744x62
          RenderText {#text} at (0,0) size 68x24
            text run at (0,0) width 68: "Tests: "
          RenderBR {BR} at (0,0) size 0x0
          RenderText {#text} at (0,24) size 656x19
            text run at (0,24) width 656: "Our ability to \"edit around\" content the HTML editing code does not yet handle very well. "
          RenderBR {BR} at (655,38) size 1x0
          RenderInline {I} at (0,0) size 98x19
            RenderText {#text} at (0,43) size 98x19
              text run at (0,43) width 98: "For this test: "
          RenderText {#text} at (97,43) size 189x19
            text run at (97,43) width 189: "Test typing before a table."
        RenderBlock (anonymous) at (20,82) size 744x19
          RenderBR {BR} at (0,0) size 0x19
        RenderBlock {DIV} at (20,101) size 744x81
          RenderText {#text} at (0,0) size 190x24
            text run at (0,0) width 190: "Expected Results: "
          RenderBR {BR} at (189,18) size 1x0
          RenderText {#text} at (0,24) size 700x38
            text run at (0,24) width 700: "The content in the red box must exactly match the content in the green box (except for the border"
            text run at (0,43) width 52: "color). "
          RenderBR {BR} at (51,57) size 1x0
          RenderInline {I} at (0,0) size 98x19
            RenderText {#text} at (0,62) size 98x19
              text run at (0,62) width 98: "For this test: "
          RenderText {#text} at (97,62) size 444x19
            text run at (97,62) width 444: "Typed text should appear before (on the line above) the table."
      RenderBlock {DIV} at (0,212) size 784x98 [border: (2px solid #008000)]
        RenderBlock (anonymous) at (2,2) size 780x24
          RenderText {#text} at (0,0) size 36x24
            text run at (0,0) width 36: "xxx"
        RenderTable {TABLE} at (2,26) size 46x70 [border: (1px outset #808080)]
          RenderTableSection {TBODY} at (1,1) size 44x68
            RenderTableRow {TR} at (0,2) size 44x20
              RenderTableCell {TD} at (2,2) size 12x20 [border: (1px inset #808080)] [r=0 c=0 rs=1 cs=1]
                RenderText {#text} at (2,2) size 8x16
                  text run at (2,2) width 8: "1"
              RenderTableCell {TD} at (16,2) size 12x20 [border: (1px inset #808080)] [r=0 c=1 rs=1 cs=1]
                RenderText {#text} at (2,2) size 8x16
                  text run at (2,2) width 8: "2"
              RenderTableCell {TD} at (30,2) size 12x20 [border: (1px inset #808080)] [r=0 c=2 rs=1 cs=1]
                RenderText {#text} at (2,2) size 8x16
                  text run at (2,2) width 8: "3"
            RenderTableRow {TR} at (0,24) size 44x20
              RenderTableCell {TD} at (2,24) size 12x20 [border: (1px inset #808080)] [r=1 c=0 rs=1 cs=1]
                RenderText {#text} at (2,2) size 8x16
                  text run at (2,2) width 8: "4"
              RenderTableCell {TD} at (16,24) size 12x20 [border: (1px inset #808080)] [r=1 c=1 rs=1 cs=1]
                RenderText {#text} at (2,2) size 8x16
                  text run at (2,2) width 8: "5"
              RenderTableCell {TD} at (30,24) size 12x20 [border: (1px inset #808080)] [r=1 c=2 rs=1 cs=1]
                RenderText {#text} at (2,2) size 8x16
                  text run at (2,2) width 8: "6"
            RenderTableRow {TR} at (0,46) size 44x20
              RenderTableCell {TD} at (2,46) size 12x20 [border: (1px inset #808080)] [r=2 c=0 rs=1 cs=1]
                RenderText {#text} at (2,2) size 8x16
                  text run at (2,2) width 8: "7"
              RenderTableCell {TD} at (16,46) size 12x20 [border: (1px inset #808080)] [r=2 c=1 rs=1 cs=1]
                RenderText {#text} at (2,2) size 8x16
                  text run at (2,2) width 8: "8"
              RenderTableCell {TD} at (30,46) size 12x20 [border: (1px inset #808080)] [r=2 c=2 rs=1 cs=1]
                RenderText {#text} at (2,2) size 8x16
                  text run at (2,2) width 8: "9"
      RenderBlock {DIV} at (0,320) size 784x98
        RenderBlock {DIV} at (0,0) size 784x98 [border: (2px solid #FF0000)]
          RenderBlock (anonymous) at (2,2) size 780x24
            RenderText {#text} at (0,0) size 36x24
              text run at (0,0) width 36: "xxx"
          RenderTable {TABLE} at (2,26) size 46x70 [border: (1px outset #808080)]
            RenderTableSection {TBODY} at (1,1) size 44x68
              RenderTableRow {TR} at (0,2) size 44x20
                RenderTableCell {TD} at (2,2) size 12x20 [border: (1px inset #808080)] [r=0 c=0 rs=1 cs=1]
                  RenderText {#text} at (2,2) size 8x16
                    text run at (2,2) width 8: "1"
                RenderTableCell {TD} at (16,2) size 12x20 [border: (1px inset #808080)] [r=0 c=1 rs=1 cs=1]
                  RenderText {#text} at (2,2) size 8x16
                    text run at (2,2) width 8: "2"
                RenderTableCell {TD} at (30,2) size 12x20 [border: (1px inset #808080)] [r=0 c=2 rs=1 cs=1]
                  RenderText {#text} at (2,2) size 8x16
                    text run at (2,2) width 8: "3"
              RenderTableRow {TR} at (0,24) size 44x20
                RenderTableCell {TD} at (2,24) size 12x20 [border: (1px inset #808080)] [r=1 c=0 rs=1 cs=1]
                  RenderText {#text} at (2,2) size 8x16
                    text run at (2,2) width 8: "4"
                RenderTableCell {TD} at (16,24) size 12x20 [border: (1px inset #808080)] [r=1 c=1 rs=1 cs=1]
                  RenderText {#text} at (2,2) size 8x16
                    text run at (2,2) width 8: "5"
                RenderTableCell {TD} at (30,24) size 12x20 [border: (1px inset #808080)] [r=1 c=2 rs=1 cs=1]
                  RenderText {#text} at (2,2) size 8x16
                    text run at (2,2) width 8: "6"
              RenderTableRow {TR} at (0,46) size 44x20
                RenderTableCell {TD} at (2,46) size 12x20 [border: (1px inset #808080)] [r=2 c=0 rs=1 cs=1]
                  RenderText {#text} at (2,2) size 8x16
                    text run at (2,2) width 8: "7"
                RenderTableCell {TD} at (16,46) size 12x20 [border: (1px inset #808080)] [r=2 c=1 rs=1 cs=1]
                  RenderText {#text} at (2,2) size 8x16
                    text run at (2,2) width 8: "8"
                RenderTableCell {TD} at (30,46) size 12x20 [border: (1px inset #808080)] [r=2 c=2 rs=1 cs=1]
                  RenderText {#text} at (2,2) size 8x16
                    text run at (2,2) width 8: "9"
caret: position 3 of child 1 {#text} of child 1 {DIV} of child 5 {DIV} of body
