layer at (0,0) size 800x600
  RenderView at (0,0) size 800x600
layer at (0,0) size 800x600
  RenderBlock {HTML} at (0,0) size 800x600
    RenderBody {BODY} at (8,8) size 784x584
      RenderTable {TABLE} at (0,0) size 177x48
        RenderTableSection {TBODY} at (0,0) size 177x48
          RenderTableRow {TR} at (0,2) size 177x2
            RenderTableCell {TD} at (2,2) size 6x2 [r=0 c=0 rs=1 cs=1]
          RenderTableRow {TR} at (0,6) size 177x0
            RenderTableCell {TD} at (2,6) size 6x2 [r=1 c=0 rs=2 cs=1]
          RenderTableRow {TR} at (0,8) size 177x0
            RenderTableCell {TD} at (10,26) size 165x2 [r=2 c=1 rs=2 cs=1]
          RenderTableRow {TR} at (0,10) size 177x36
            RenderTableCell {TD} at (2,10) size 173x36 [r=3 c=0 rs=1 cs=2]
              RenderTable {TABLE} at (1,1) size 171x34 [border: (2px outset #808080)]
                RenderTableSection {TBODY} at (2,2) size 167x30
                  RenderTableRow {TR} at (0,2) size 167x26
                    RenderTableCell {TD} at (2,13) size 4x4 [border: (1px inset #808080)] [r=0 c=0 rs=1 cs=1]
                    RenderTableCell {TD} at (8,2) size 157x26 [border: (1px inset #808080)] [r=0 c=1 rs=1 cs=1]
                      RenderTextControl {INPUT} at (2,2) size 153x22 [bgcolor=#FFFFFF] [border: (2px inset #EEEEEE)]
                      RenderText {#text} at (0,0) size 0x0
layer at (25,28) size 149x16
  RenderBlock {DIV} at (2,3) size 149x16
    RenderText {#text} at (0,0) size 27x16
      text run at (0,0) width 27: "hello"
