layer at (0,0) size 785x650
  RenderView at (0,0) size 785x600
layer at (0,0) size 785x650
  RenderBlock {HTML} at (0,0) size 785x650
    RenderBody {BODY} at (8,8) size 769x616
      RenderBlock (anonymous) at (0,0) size 769x150
        RenderInline {SPAN} at (0,0) size 270x126 [border: (5px solid #000000)]
          RenderText {#text} at (5,17) size 57x16
            text run at (5,17) width 57: "This text"
          RenderBR {BR} at (61,29) size 1x0
          RenderText {#text} at (0,67) size 77x16
            text run at (0,67) width 77: "should have"
          RenderBR {BR} at (76,79) size 1x0
          RenderText {#text} at (0,117) size 265x16
            text run at (0,117) width 265: "a multi-line shadow with a border-radius."
        RenderText {#text} at (0,0) size 0x0
      RenderBlock {DIV} at (0,150) size 120x120 [border: (10px solid #000000)]
        RenderText {#text} at (10,10) size 88x48
          text run at (10,10) width 30: "50%"
          text run at (10,26) width 72: "transparent"
          text run at (10,42) width 88: "black shadow"
      RenderTable {TABLE} at (0,270) size 187x250
        RenderTableSection {TBODY} at (0,0) size 187x250
          RenderTableRow {TR} at (0,10) size 187x38
            RenderTableCell {TD} at (10,10) size 49x38 [border: (1px solid #000000)] [r=0 c=0 rs=1 cs=1]
              RenderText {#text} at (11,11) size 27x16
                text run at (11,11) width 27: "Cell"
            RenderTableCell {TD} at (69,10) size 49x38 [border: (1px solid #000000)] [r=0 c=1 rs=1 cs=1]
              RenderText {#text} at (11,11) size 27x16
                text run at (11,11) width 27: "Cell"
            RenderTableCell {TD} at (128,10) size 49x38 [border: (1px solid #000000)] [r=0 c=2 rs=1 cs=1]
              RenderText {#text} at (11,11) size 27x16
                text run at (11,11) width 27: "Cell"
          RenderTableRow {TR} at (0,58) size 187x38
            RenderTableCell {TD} at (10,58) size 49x38 [border: (1px solid #000000)] [r=1 c=0 rs=1 cs=1]
              RenderText {#text} at (11,11) size 27x16
                text run at (11,11) width 27: "Cell"
            RenderTableCell {TD} at (69,58) size 49x38 [border: (1px solid #000000)] [r=1 c=1 rs=1 cs=1]
              RenderText {#text} at (11,11) size 27x16
                text run at (11,11) width 27: "Cell"
            RenderTableCell {TD} at (128,58) size 49x38 [border: (1px solid #000000)] [r=1 c=2 rs=1 cs=1]
              RenderText {#text} at (11,11) size 27x16
                text run at (11,11) width 27: "Cell"
          RenderTableRow {TR} at (0,106) size 187x38
            RenderTableCell {TD} at (10,106) size 49x38 [border: (1px solid #000000)] [r=2 c=0 rs=1 cs=1]
              RenderText {#text} at (11,11) size 27x16
                text run at (11,11) width 27: "Cell"
            RenderTableCell {TD} at (69,106) size 49x38 [border: (1px solid #000000)] [r=2 c=1 rs=1 cs=1]
              RenderText {#text} at (11,11) size 27x16
                text run at (11,11) width 27: "Cell"
            RenderTableCell {TD} at (128,106) size 49x38 [border: (1px solid #000000)] [r=2 c=2 rs=1 cs=1]
              RenderText {#text} at (11,11) size 27x16
                text run at (11,11) width 27: "Cell"
          RenderTableRow {TR} at (0,154) size 187x38
            RenderTableCell {TD} at (10,154) size 49x38 [border: (1px solid #000000)] [r=3 c=0 rs=1 cs=1]
              RenderText {#text} at (11,11) size 27x16
                text run at (11,11) width 27: "Cell"
            RenderTableCell {TD} at (69,154) size 49x38 [border: (1px solid #000000)] [r=3 c=1 rs=1 cs=1]
              RenderText {#text} at (11,11) size 27x16
                text run at (11,11) width 27: "Cell"
            RenderTableCell {TD} at (128,154) size 49x38 [border: (1px solid #000000)] [r=3 c=2 rs=1 cs=1]
              RenderText {#text} at (11,11) size 27x16
                text run at (11,11) width 27: "Cell"
          RenderTableRow {TR} at (0,202) size 187x38
            RenderTableCell {TD} at (10,202) size 49x38 [border: (1px solid #000000)] [r=4 c=0 rs=1 cs=1]
              RenderText {#text} at (11,11) size 27x16
                text run at (11,11) width 27: "Cell"
            RenderTableCell {TD} at (69,202) size 49x38 [border: (1px solid #000000)] [r=4 c=1 rs=1 cs=1]
              RenderText {#text} at (11,11) size 27x16
                text run at (11,11) width 27: "Cell"
            RenderTableCell {TD} at (128,202) size 49x38 [border: (1px solid #000000)] [r=4 c=2 rs=1 cs=1]
              RenderText {#text} at (11,11) size 27x16
                text run at (11,11) width 27: "Cell"
      RenderBlock {P} at (0,536) size 769x32
        RenderText {#text} at (0,0) size 363x16
          text run at (0,0) width 363: "The first line of this div should have a box-shadow on it."
        RenderBR {BR} at (362,12) size 1x0
        RenderText {#text} at (0,16) size 180x16
          text run at (0,16) width 180: "This second line should not."
      RenderBlock {P} at (0,584) size 769x32
        RenderBlock (floating) at (0,0) size 39.33x58 [bgcolor=#EEEEEE] [border: (1px solid #000000)]
          RenderTextFragment {#text} at (5,5) size 30x48
            text run at (5,5) width 30: "T"
        RenderTextFragment {#text} at (43,0) size 499x16
          text run at (43,0) width 499: "he first letter of this paragraph should have a border and a nice shadow effect."
        RenderBR {BR} at (541,12) size 1x0
        RenderText {#text} at (43,16) size 167x16
          text run at (43,16) width 167: "It should look pretty cool."
