layer at (0,0) size 800x600
  RenderView at (0,0) size 800x600
layer at (386,0) size 414x600
  RenderBlock {HTML} at (0,0) size 414x600
    RenderBody {BODY} at (8,8) size 398x584
      RenderBlock {DIV} at (0,0) size 214x584 [border: (10px dotted #0000FF)]
        RenderTable {TABLE} at (10,10) size 194x322 [border: (5px solid #FF0000)]
          RenderTableSection {TBODY} at (5,5) size 164x312
            RenderTableRow {TR} at (0,0) size 38x312
              RenderTableCell {TD} at (0,0) size 38x312 [border: (5px solid #008000)] [r=0 c=0 rs=1 cs=1]
                RenderText {#text} at (6,6) size 16x36
                  text run at (6,6) width 36: "Hello"
            RenderTableRow {TR} at (0,38) size 58x312
              RenderTableCell {TD} at (38,0) size 58x312 [border: (15px solid #0000FF)] [r=1 c=0 rs=1 cs=1]
                RenderText {#text} at (16,16) size 16x59
                  text run at (16,16) width 59: "Goodbye"
            RenderTableRow {TR} at (0,96) size 68x312
              RenderTableCell {TD} at (96,0) size 68x312 [border: (25px solid #FF0000)] [r=2 c=0 rs=1 cs=1]
                RenderText {#text} at (26,26) size 16x59
                  text run at (26,26) width 59: "Goodbye"
      RenderBlock {DIV} at (374,0) size 24x584 [border: (1px solid #008000)]
        RenderTable {TABLE} at (1,1) size 22x34 [border: (1px none #808080)]
          RenderTableSection {TBODY} at (1,1) size 20x32
            RenderTableRow {TR} at (0,0) size 20x32
              RenderTableCell {TD} at (0,0) size 20x32 [border: (1px solid #000000)] [r=0 c=0 rs=1 cs=1]
                RenderText {#text} at (2,2) size 16x28
                  text run at (2,2) width 28: "Test"
