layer at (0,0) size 800x602
  RenderView at (0,0) size 800x600
layer at (0,0) size 800x602
  RenderBlock {HTML} at (0,0) size 800x602
    RenderBody {BODY} at (8,8) size 784x578
      RenderBlock {P} at (0,0) size 784x578
        RenderTable {TABLE} at (0,0) size 262x158 [border: (2px solid #FFFF00)]
          RenderTableCol {COLGROUP} at (0,0) size 0x0
            RenderTableCol {COL} at (0,0) size 0x0 [border: (3px solid #000000)]
            RenderTableCol {COL} at (0,0) size 0x0
            RenderTableCol {COL} at (0,0) size 0x0
          RenderTableSection {TBODY} at (2,2) size 257x153
            RenderTableRow {TR} at (0,0) size 53x153
              RenderTableCell {TD} at (0,1) size 53x50 [border: (3px solid #FF0000)] [r=0 c=0 rs=1 cs=1]
                RenderText {#text} at (19,18) size 16x8
                  text run at (19,18) width 8: "1"
              RenderTableCell {TD} at (0,52) size 53x50 [border: (2px solid #FF0000)] [r=0 c=1 rs=1 cs=1]
                RenderText {#text} at (18,18) size 16x8
                  text run at (18,18) width 8: "2"
              RenderTableCell {TD} at (0,102) size 53x51 [border: (1px solid #FF0000)] [r=0 c=2 rs=1 cs=1]
                RenderText {#text} at (18,17) size 16x8
                  text run at (18,17) width 8: "3"
            RenderTableRow {TR} at (0,53) size 53x153
              RenderTableCell {TD} at (53,2) size 53x48 [border: (3px solid #FF0000)] [r=1 c=0 rs=1 cs=1]
                RenderText {#text} at (18,17) size 16x8
                  text run at (18,17) width 8: "4"
              RenderTableCell {TD} at (53,52) size 53x50 [border: (3px dashed #0000FF)] [r=1 c=1 rs=1 cs=1]
                RenderText {#text} at (18,19) size 16x8
                  text run at (18,19) width 8: "5"
              RenderTableCell {TD} at (53,102) size 53x51 [border: (3px solid #008000)] [r=1 c=2 rs=1 cs=1]
                RenderText {#text} at (18,19) size 16x8
                  text run at (18,19) width 8: "6"
            RenderTableRow {TR} at (0,106) size 51x153
              RenderTableCell {TD} at (106,1) size 51x50 [border: (3px solid #FF0000)] [r=2 c=0 rs=1 cs=1]
                RenderText {#text} at (17,18) size 16x8
                  text run at (17,18) width 8: "7"
              RenderTableCell {TD} at (106,52) size 51x50 [border: (2px solid #FF0000)] [r=2 c=1 rs=1 cs=1]
                RenderText {#text} at (18,18) size 16x8
                  text run at (18,18) width 8: "8"
              RenderTableCell {TD} at (106,102) size 51x51 [border: (1px solid #FF0000)] [r=2 c=2 rs=1 cs=1]
                RenderText {#text} at (18,17) size 16x8
                  text run at (18,17) width 8: "9"
            RenderTableRow {TR} at (0,157) size 49x153
              RenderTableCell {TD} at (157,0) size 49x52 [border: (3px solid #FF0000)] [r=3 c=0 rs=1 cs=1]
                RenderText {#text} at (16,19) size 16x16
                  text run at (16,19) width 16: "10"
              RenderTableCell {TD} at (157,52) size 49x50 [border: (2px solid #FF0000)] [r=3 c=1 rs=1 cs=1]
                RenderText {#text} at (16,18) size 16x16
                  text run at (16,18) width 16: "11"
              RenderTableCell {TD} at (157,102) size 49x51 [border: (1px solid #FF0000)] [r=3 c=2 rs=1 cs=1]
                RenderText {#text} at (16,17) size 16x16
                  text run at (16,17) width 16: "12"
            RenderTableRow {TR} at (0,206) size 51x153
              RenderTableCell {TD} at (206,0) size 51x52 [border: (3px solid #FF0000)] [r=4 c=0 rs=1 cs=1]
                RenderText {#text} at (16,19) size 16x16
                  text run at (16,19) width 16: "13"
              RenderTableCell {TD} at (206,52) size 51x50 [border: (2px solid #FF0000)] [r=4 c=1 rs=1 cs=1]
                RenderText {#text} at (16,18) size 16x16
                  text run at (16,18) width 16: "14"
              RenderTableCell {TD} at (206,102) size 51x51 [border: (1px solid #FF0000)] [r=4 c=2 rs=1 cs=1]
                RenderText {#text} at (16,17) size 16x16
                  text run at (16,17) width 16: "15"
        RenderTable {TABLE} at (0,158) size 262x158 [border: (2px solid #FFFF00)]
          RenderTableCol {COLGROUP} at (0,0) size 0x0
            RenderTableCol {COL} at (0,0) size 0x0 [border: (3px solid #000000)]
            RenderTableCol {COL} at (0,0) size 0x0
            RenderTableCol {COL} at (0,0) size 0x0
          RenderTableSection {TBODY} at (2,2) size 257x153
            RenderTableRow {TR} at (0,0) size 53x153
              RenderTableCell {TD} at (0,1) size 53x50 [border: (3px solid #FF0000)] [r=0 c=0 rs=1 cs=1]
                RenderText {#text} at (20,18) size 16x8
                  text run at (20,18) width 8: "1"
              RenderTableCell {TD} at (0,52) size 53x50 [border: (2px solid #FF0000)] [r=0 c=1 rs=1 cs=1]
                RenderText {#text} at (19,18) size 16x8
                  text run at (19,18) width 8: "2"
              RenderTableCell {TD} at (0,102) size 53x51 [border: (1px solid #FF0000)] [r=0 c=2 rs=1 cs=1]
                RenderText {#text} at (19,17) size 16x8
                  text run at (19,17) width 8: "3"
            RenderTableRow {TR} at (0,53) size 53x153
              RenderTableCell {TD} at (53,2) size 53x48 [border: (3px solid #FF0000)] [r=1 c=0 rs=1 cs=1]
                RenderText {#text} at (19,17) size 16x8
                  text run at (19,17) width 8: "4"
              RenderTableCell {TD} at (53,52) size 53x50 [border: (3px dashed #0000FF)] [r=1 c=1 rs=1 cs=1]
                RenderText {#text} at (19,19) size 16x8
                  text run at (19,19) width 8: "5"
              RenderTableCell {TD} at (53,102) size 53x51 [border: (3px solid #008000)] [r=1 c=2 rs=1 cs=1]
                RenderText {#text} at (19,19) size 16x8
                  text run at (19,19) width 8: "6"
            RenderTableRow {TR} at (0,106) size 51x153
              RenderTableCell {TD} at (106,1) size 51x50 [border: (3px solid #FF0000)] [r=2 c=0 rs=1 cs=1]
                RenderText {#text} at (18,18) size 16x8
                  text run at (18,18) width 8: "7"
              RenderTableCell {TD} at (106,52) size 51x50 [border: (2px solid #FF0000)] [r=2 c=1 rs=1 cs=1]
                RenderText {#text} at (19,18) size 16x8
                  text run at (19,18) width 8: "8"
              RenderTableCell {TD} at (106,102) size 51x51 [border: (1px solid #FF0000)] [r=2 c=2 rs=1 cs=1]
                RenderText {#text} at (19,17) size 16x8
                  text run at (19,17) width 8: "9"
            RenderTableRow {TR} at (0,157) size 49x153
              RenderTableCell {TD} at (157,0) size 49x52 [border: (3px solid #FF0000)] [r=3 c=0 rs=1 cs=1]
                RenderText {#text} at (17,19) size 16x16
                  text run at (17,19) width 16: "10"
              RenderTableCell {TD} at (157,52) size 49x50 [border: (2px solid #FF0000)] [r=3 c=1 rs=1 cs=1]
                RenderText {#text} at (17,18) size 16x16
                  text run at (17,18) width 16: "11"
              RenderTableCell {TD} at (157,102) size 49x51 [border: (1px solid #FF0000)] [r=3 c=2 rs=1 cs=1]
                RenderText {#text} at (17,17) size 16x16
                  text run at (17,17) width 16: "12"
            RenderTableRow {TR} at (0,206) size 51x153
              RenderTableCell {TD} at (206,0) size 51x52 [border: (3px solid #FF0000)] [r=4 c=0 rs=1 cs=1]
                RenderText {#text} at (17,19) size 16x16
                  text run at (17,19) width 16: "13"
              RenderTableCell {TD} at (206,52) size 51x50 [border: (2px solid #FF0000)] [r=4 c=1 rs=1 cs=1]
                RenderText {#text} at (17,18) size 16x16
                  text run at (17,18) width 16: "14"
              RenderTableCell {TD} at (206,102) size 51x51 [border: (1px solid #FF0000)] [r=4 c=2 rs=1 cs=1]
                RenderText {#text} at (17,17) size 16x16
                  text run at (17,17) width 16: "15"
        RenderTable {TABLE} at (0,316) size 158x262 [border: (3px solid #FFFF00)]
          RenderTableCol {COLGROUP} at (0,0) size 0x0
            RenderTableCol {COL} at (0,0) size 0x0 [border: (3px solid #000000)]
            RenderTableCol {COL} at (0,0) size 0x0
            RenderTableCol {COL} at (0,0) size 0x0
          RenderTableSection {TBODY} at (2,2) size 153x257
            RenderTableRow {TR} at (0,0) size 153x53
              RenderTableCell {TD} at (0,1) size 52x51 [border: (1px solid #FF0000)] [r=0 c=0 rs=1 cs=1]
                RenderText {#text} at (19,18) size 8x16
                  text run at (19,18) width 8: "1"
              RenderTableCell {TD} at (52,0) size 50x53 [border: (3px solid #FF0000)] [r=0 c=1 rs=1 cs=1]
                RenderText {#text} at (18,18) size 8x16
                  text run at (18,18) width 8: "2"
              RenderTableCell {TD} at (102,0) size 51x53 [border: (3px solid #FF0000)] [r=0 c=2 rs=1 cs=1]
                RenderText {#text} at (17,18) size 8x16
                  text run at (17,18) width 8: "3"
            RenderTableRow {TR} at (0,53) size 153x53
              RenderTableCell {TD} at (0,55) size 52x49 [border: (1px solid #FF0000)] [r=1 c=0 rs=1 cs=1]
                RenderText {#text} at (19,16) size 8x16
                  text run at (19,16) width 8: "4"
              RenderTableCell {TD} at (52,53) size 50x53 [border: (3px dashed #0000FF)] [r=1 c=1 rs=1 cs=1]
                RenderText {#text} at (19,18) size 8x16
                  text run at (19,18) width 8: "5"
              RenderTableCell {TD} at (102,53) size 51x53 [border: (3px solid #008000)] [r=1 c=2 rs=1 cs=1]
                RenderText {#text} at (19,18) size 8x16
                  text run at (19,18) width 8: "6"
            RenderTableRow {TR} at (0,106) size 153x51
              RenderTableCell {TD} at (0,107) size 52x49 [border: (1px solid #FF0000)] [r=2 c=0 rs=1 cs=1]
                RenderText {#text} at (19,16) size 8x16
                  text run at (19,16) width 8: "7"
              RenderTableCell {TD} at (52,106) size 50x51 [border: (1px solid #FF0000)] [r=2 c=1 rs=1 cs=1]
                RenderText {#text} at (18,18) size 8x16
                  text run at (18,18) width 8: "8"
              RenderTableCell {TD} at (102,106) size 51x51 [border: (1px solid #FF0000)] [r=2 c=2 rs=1 cs=1]
                RenderText {#text} at (17,18) size 8x16
                  text run at (17,18) width 8: "9"
            RenderTableRow {TR} at (0,157) size 153x49
              RenderTableCell {TD} at (0,157) size 52x49 [border: (1px solid #FF0000)] [r=3 c=0 rs=1 cs=1]
                RenderText {#text} at (19,16) size 16x16
                  text run at (19,16) width 16: "10"
              RenderTableCell {TD} at (52,157) size 50x49 [border: (1px solid #FF0000)] [r=3 c=1 rs=1 cs=1]
                RenderText {#text} at (18,16) size 16x16
                  text run at (18,16) width 16: "11"
              RenderTableCell {TD} at (102,157) size 51x49 [border: (1px solid #FF0000)] [r=3 c=2 rs=1 cs=1]
                RenderText {#text} at (17,16) size 16x16
                  text run at (17,16) width 16: "12"
            RenderTableRow {TR} at (0,206) size 153x51
              RenderTableCell {TD} at (0,206) size 52x51 [border: (3px solid #FF0000)] [r=4 c=0 rs=1 cs=1]
                RenderText {#text} at (19,16) size 16x16
                  text run at (19,16) width 16: "13"
              RenderTableCell {TD} at (52,206) size 50x51 [border: (3px solid #FF0000)] [r=4 c=1 rs=1 cs=1]
                RenderText {#text} at (18,16) size 16x16
                  text run at (18,16) width 16: "14"
              RenderTableCell {TD} at (102,206) size 51x51 [border: (3px solid #FF0000)] [r=4 c=2 rs=1 cs=1]
                RenderText {#text} at (17,16) size 16x16
                  text run at (17,16) width 16: "15"
