layer at (0,0) size 785x1375
  RenderView at (0,0) size 785x600
layer at (0,0) size 785x1375
  RenderBlock {HTML} at (0,0) size 785x1374.88
    RenderBody {BODY} at (8,21.44) size 769x1337.44
      RenderBlock {H1} at (0,0) size 769x32
        RenderText {#text} at (0,0) size 292x32
          text run at (0,0) width 292: "Table Border Models"
      RenderBlock {P} at (0,53.44) size 769x16
        RenderText {#text} at (0,0) size 121x16
          text run at (0,0) width 121: "This tests tests the "
        RenderInline {A} at (0,0) size 212x16 [color=#0000EE]
          RenderText {#text} at (120,0) size 212x16
            text run at (120,0) width 212: "CSS2 spec rules on table borders"
        RenderText {#text} at (331,0) size 185x16
          text run at (331,0) width 9: ". "
          text run at (339,0) width 177: "The styles applied here are:"
      RenderBlock {PRE} at (0,85.44) size 769x156
        RenderText {#text} at (0,0) size 671x156
          text run at (0,0) width 398: "TABLE\x{9}{ margin: 1em; border: medium solid blue; }"
          text run at (397,0) width 1: " "
          text run at (0,13) width 398: "TD\x{9}{ border: thin solid green; padding: 5px; }"
          text run at (397,13) width 1: " "
          text run at (0,26) width 383: "TH { border: medium solid purple; padding: 5px; }"
          text run at (382,26) width 1: " "
          text run at (0,39) width 352: "TABLE.one, TABLE.two { border-spacing: 1em; }"
          text run at (351,39) width 1: " "
          text run at (0,52) width 313: "TABLE.one { border-collapse: collapse; }"
          text run at (312,52) width 1: " "
          text run at (0,65) width 313: "TABLE.two { border-collapse: separate; }"
          text run at (312,65) width 1: " "
          text run at (0,78) width 523: "TABLE.three { border-collapse: separate; border-spacing: 0 0.5em; }"
          text run at (522,78) width 1: " "
          text run at (0,91) width 515: "TABLE.four { border-collapse: separate; border-spacing: 0.5em 0; }"
          text run at (514,91) width 1: " "
          text run at (0,104) width 320: "TABLE.five { border-collapse: separate; }"
          text run at (319,104) width 1: " "
          text run at (0,117) width 453: "TABLE.five, TABLE.five TD, TABLE.five TH { border: none; }"
          text run at (452,117) width 1: " "
          text run at (0,130) width 671: "TABLE.five TR, TABLE.five COL, TABLE.five COLGROUP, TABLE.five TBODY, TABLE.five THEAD"
          text run at (670,130) width 1: " "
          text run at (0,143) width 289: "\x{9}{ border: medium solid red; }"
          text run at (288,143) width 1: " "
      RenderTable {TABLE} at (16,257.44) size 737x168 [border: (1px solid #0000FF)]
        RenderTableSection {TBODY} at (1,1) size 734x165
          RenderTableRow {TR} at (0,0) size 734x29
            RenderTableCell {TH} at (0,0) size 245x29 [border: (2px solid #800080)] [r=0 c=0 rs=1 cs=1]
              RenderText {#text} at (81,7) size 84x16
                text run at (81,7) width 84: "Header One"
            RenderTableCell {TH} at (245,0) size 232x29 [border: (2px solid #800080)] [r=0 c=1 rs=1 cs=1]
              RenderText {#text} at (74,7) size 85x16
                text run at (74,7) width 85: "Header Two"
            RenderTableCell {TH} at (477,0) size 257x29 [border: (2px solid #800080)] [r=0 c=2 rs=1 cs=1]
              RenderText {#text} at (81,7) size 96x16
                text run at (81,7) width 96: "Header Three"
          RenderTableRow {TR} at (0,29) size 734x60
            RenderTableCell {TD} at (0,37) size 245x44 [border: (2px solid #008000)] [r=1 c=0 rs=1 cs=1]
              RenderText {#text} at (7,7) size 184x32
                text run at (7,7) width 184: "This table uses the collapsed"
                text run at (7,23) width 96: "borders model."
            RenderTableCell {TD} at (245,37) size 232x44 [border: (2px solid #008000)] [r=1 c=1 rs=1 cs=1]
              RenderText {#text} at (6,7) size 208x32
                text run at (6,7) width 208: "This means that elements within"
                text run at (6,23) width 205: "the cell have no border-spacing."
            RenderTableCell {TD} at (477,29) size 257x60 [border: (2px solid #008000)] [r=1 c=2 rs=1 cs=1]
              RenderText {#text} at (6,7) size 243x48
                text run at (6,7) width 218: "Since it has collapsed borders, the"
                text run at (6,23) width 180: "borders on the header cells, "
                text run at (185,23) width 37: "on all"
                text run at (6,39) width 243: "sides, should be medium solid purple."
          RenderTableRow {TR} at (0,89) size 734x76
            RenderTableCell {TD} at (0,97) size 245x60 [border: (1px solid #008000)] [r=2 c=0 rs=1 cs=1]
              RenderText {#text} at (7,6) size 232x48
                text run at (7,6) width 230: "The border of the table itself should"
                text run at (7,22) width 192: "be medium solid blue, except "
                text run at (198,22) width 41: "where"
                text run at (7,38) width 207: "header cells override the border."
            RenderTableCell {TD} at (245,97) size 232x60 [border: (1px solid #008000)] [r=2 c=1 rs=1 cs=1]
              RenderText {#text} at (6,6) size 215x48
                text run at (6,6) width 215: "The borders that I haven't already"
                text run at (6,22) width 207: "mentioned (all the other internal"
                text run at (6,38) width 208: "ones) should be thin solid green."
            RenderTableCell {TD} at (477,89) size 257x76 [border: (1px solid #008000)] [r=2 c=2 rs=1 cs=1]
              RenderText {#text} at (6,6) size 237x48
                text run at (6,6) width 237: "This table should have a 1em margin"
                text run at (6,22) width 113: "around all edges. "
                text run at (118,22) width 83: "This margin "
                text run at (200,22) width 12: "is"
                text run at (6,38) width 124: "measured from the "
              RenderInline {EM} at (0,0) size 45x16
                RenderText {#text} at (129,38) size 45x16
                  text run at (129,38) width 45: "middle"
              RenderText {#text} at (173,38) size 204x32
                text run at (173,38) width 37: " of its"
                text run at (6,54) width 46: "border."
      RenderTable {TABLE} at (16,441.44) size 737x222 [border: (3px solid #0000FF)]
        RenderTableSection {TBODY} at (3,3) size 731x216
          RenderTableRow {TR} at (0,16) size 731x32
            RenderTableCell {TH} at (16,16) size 163x32 [border: (3px solid #800080)] [r=0 c=0 rs=1 cs=1]
              RenderText {#text} at (39,8) size 85x16
                text run at (39,8) width 85: "Header One"
            RenderTableCell {TH} at (195,16) size 192x32 [border: (3px solid #800080)] [r=0 c=1 rs=1 cs=1]
              RenderText {#text} at (53,8) size 86x16
                text run at (53,8) width 86: "Header Two"
            RenderTableCell {TH} at (403,16) size 312x32 [border: (3px solid #800080)] [r=0 c=2 rs=1 cs=1]
              RenderText {#text} at (108,8) size 96x16
                text run at (108,8) width 96: "Header Three"
          RenderTableRow {TR} at (0,64) size 731x60
            RenderTableCell {TD} at (16,64) size 163x60 [border: (1px solid #008000)] [r=1 c=0 rs=1 cs=1]
              RenderText {#text} at (6,6) size 119x48
                text run at (6,6) width 119: "This table uses the"
                text run at (6,22) width 113: "separated borders"
                text run at (6,38) width 44: "model."
            RenderTableCell {TD} at (195,64) size 192x60 [border: (1px solid #008000)] [r=1 c=1 rs=1 cs=1]
              RenderText {#text} at (6,6) size 177x48
                text run at (6,6) width 163: "This means that elements"
                text run at (6,22) width 177: "within the cell have border-"
                text run at (6,38) width 102: "spacing of 1em."
            RenderTableCell {TD} at (403,72) size 312x44 [border: (1px solid #008000)] [r=1 c=2 rs=1 cs=1]
              RenderText {#text} at (6,6) size 285x32
                text run at (6,6) width 209: "The borders on the header cells, "
                text run at (214,6) width 77: "on all sides,"
                text run at (6,22) width 203: "should be medium solid purple."
          RenderTableRow {TR} at (0,140) size 731x60
            RenderTableCell {TD} at (16,140) size 163x60 [border: (1px solid #008000)] [r=2 c=0 rs=1 cs=1]
              RenderText {#text} at (6,6) size 147x48
                text run at (6,6) width 147: "The border of the table"
                text run at (6,22) width 98: "itself should be"
                text run at (6,38) width 124: "medium solid blue."
            RenderTableCell {TD} at (195,148) size 192x44 [border: (1px solid #008000)] [r=2 c=1 rs=1 cs=1]
              RenderText {#text} at (6,6) size 170x32
                text run at (6,6) width 165: "The borders of other cells"
                text run at (6,22) width 170: "should be thin solid green."
            RenderTableCell {TD} at (403,140) size 312x60 [border: (1px solid #008000)] [r=2 c=2 rs=1 cs=1]
              RenderText {#text} at (6,6) size 285x32
                text run at (6,6) width 285: "This table should have a 1em margin around"
                text run at (6,22) width 65: "all edges. "
                text run at (70,22) width 83: "This margin "
                text run at (152,22) width 135: "is measured from the"
              RenderInline {EM} at (0,0) size 68x16
                RenderText {#text} at (6,38) size 68x16
                  text run at (6,38) width 68: "outer edge"
              RenderText {#text} at (73,38) size 88x16
                text run at (73,38) width 88: " of its border."
      RenderTable {TABLE} at (16,679.44) size 737x254 [border: (3px solid #0000FF)]
        RenderTableSection {TBODY} at (3,3) size 731x248
          RenderTableRow {TR} at (0,8) size 731x32
            RenderTableCell {TH} at (0,8) size 189x32 [border: (3px solid #800080)] [r=0 c=0 rs=1 cs=1]
              RenderText {#text} at (52,8) size 85x16
                text run at (52,8) width 85: "Header One"
            RenderTableCell {TH} at (189,8) size 267x32 [border: (3px solid #800080)] [r=0 c=1 rs=1 cs=1]
              RenderText {#text} at (91,8) size 85x16
                text run at (91,8) width 85: "Header Two"
            RenderTableCell {TH} at (456,8) size 275x32 [border: (3px solid #800080)] [r=0 c=2 rs=1 cs=1]
              RenderText {#text} at (89,8) size 97x16
                text run at (89,8) width 97: "Header Three"
          RenderTableRow {TR} at (0,48) size 731x92
            RenderTableCell {TD} at (0,72) size 189x44 [border: (1px solid #008000)] [r=1 c=0 rs=1 cs=1]
              RenderText {#text} at (6,6) size 161x32
                text run at (6,6) width 119: "This table uses the"
                text run at (6,22) width 161: "separated borders model."
            RenderTableCell {TD} at (189,48) size 267x92 [border: (1px solid #008000)] [r=1 c=1 rs=1 cs=1]
              RenderText {#text} at (6,6) size 239x80
                text run at (6,6) width 190: "Elements within the cell have"
                text run at (6,22) width 239: "horizontal border-spacing (i.e., width"
                text run at (6,38) width 18: "of "
                text run at (23,38) width 197: "vertical lines) of 0 and vertical"
                text run at (6,54) width 191: "border-spacing (i.e., height of"
                text run at (6,70) width 170: "horizontal lines) of 0.5em."
            RenderTableCell {TD} at (456,72) size 275x44 [border: (1px solid #008000)] [r=1 c=2 rs=1 cs=1]
              RenderText {#text} at (6,6) size 245x32
                text run at (6,6) width 209: "The borders on the header cells, "
                text run at (214,6) width 37: "on all"
                text run at (6,22) width 243: "sides, should be medium solid purple."
          RenderTableRow {TR} at (0,148) size 731x92
            RenderTableCell {TD} at (0,148) size 189x92 [border: (1px solid #008000)] [r=2 c=0 rs=1 cs=1]
              RenderText {#text} at (6,6) size 165x80
                text run at (6,6) width 147: "The border of the table"
                text run at (6,22) width 155: "itself should be medium"
                text run at (6,38) width 71: "solid blue. "
                text run at (76,38) width 95: "The borders of"
                text run at (6,54) width 161: "other cells should be thin"
                text run at (6,70) width 75: "solid green."
            RenderTableCell {TD} at (189,156) size 267x76 [border: (1px solid #008000)] [r=2 c=1 rs=1 cs=1]
              RenderText {#text} at (6,6) size 237x48
                text run at (6,6) width 237: "This table should have a 1em margin"
                text run at (6,22) width 113: "around all edges. "
                text run at (118,22) width 83: "This margin "
                text run at (200,22) width 12: "is"
                text run at (6,38) width 124: "measured from the "
              RenderInline {EM} at (0,0) size 69x16
                RenderText {#text} at (129,38) size 69x16
                  text run at (129,38) width 69: "outer edge"
              RenderText {#text} at (197,38) size 229x32
                text run at (197,38) width 38: " of its"
                text run at (6,54) width 46: "border."
            RenderTableCell {TD} at (456,148) size 275x92 [border: (1px solid #008000)] [r=2 c=2 rs=1 cs=1]
              RenderText {#text} at (6,6) size 258x80
                text run at (6,6) width 246: "The table should not be wider than the"
                text run at (6,22) width 180: "room available for it unless "
                text run at (185,22) width 79: "that space is"
                text run at (6,38) width 76: "very small. "
                text run at (81,38) width 173: "Because of its margins, the"
                text run at (6,54) width 82: "width of the "
                text run at (87,54) width 157: "table should be less than"
                text run at (6,70) width 42: "100%."
      RenderTable {TABLE} at (16,949.44) size 737x206 [border: (3px solid #0000FF)]
        RenderTableSection {TBODY} at (3,3) size 731x200
          RenderTableRow {TR} at (0,0) size 731x32
            RenderTableCell {TH} at (8,0) size 201x32 [border: (3px solid #800080)] [r=0 c=0 rs=1 cs=1]
              RenderText {#text} at (58,8) size 85x16
                text run at (58,8) width 85: "Header One"
            RenderTableCell {TH} at (217,0) size 204x32 [border: (3px solid #800080)] [r=0 c=1 rs=1 cs=1]
              RenderText {#text} at (59,8) size 86x16
                text run at (59,8) width 86: "Header Two"
            RenderTableCell {TH} at (429,0) size 294x32 [border: (3px solid #800080)] [r=0 c=2 rs=1 cs=1]
              RenderText {#text} at (99,8) size 96x16
                text run at (99,8) width 96: "Header Three"
          RenderTableRow {TR} at (0,32) size 731x76
            RenderTableCell {TD} at (8,48) size 201x44 [border: (1px solid #008000)] [r=1 c=0 rs=1 cs=1]
              RenderText {#text} at (6,6) size 184x32
                text run at (6,6) width 184: "This table uses the separated"
                text run at (6,22) width 96: "borders model."
            RenderTableCell {TD} at (217,32) size 204x76 [border: (1px solid #008000)] [r=1 c=1 rs=1 cs=1]
              RenderText {#text} at (6,6) size 190x64
                text run at (6,6) width 190: "Elements within the cell have"
                text run at (6,22) width 183: "horizontal border-spacing of"
                text run at (6,38) width 123: "0.5em and vertical "
                text run at (128,38) width 48: "border-"
                text run at (6,54) width 83: "spacing of 0."
            RenderTableCell {TD} at (429,48) size 294x44 [border: (1px solid #008000)] [r=1 c=2 rs=1 cs=1]
              RenderText {#text} at (6,6) size 245x32
                text run at (6,6) width 209: "The borders on the header cells, "
                text run at (214,6) width 37: "on all"
                text run at (6,22) width 243: "sides, should be medium solid purple."
          RenderTableRow {TR} at (0,108) size 731x92
            RenderTableCell {TD} at (8,116) size 201x76 [border: (1px solid #008000)] [r=2 c=0 rs=1 cs=1]
              RenderText {#text} at (6,6) size 189x64
                text run at (6,6) width 183: "The border of the table itself"
                text run at (6,22) width 189: "should be medium solid blue."
                text run at (6,38) width 165: "The borders of other cells"
                text run at (6,54) width 170: "should be thin solid green."
            RenderTableCell {TD} at (217,116) size 204x76 [border: (1px solid #008000)] [r=2 c=1 rs=1 cs=1]
              RenderText {#text} at (6,6) size 191x48
                text run at (6,6) width 188: "This table should have a 1em"
                text run at (6,22) width 163: "margin around all edges. "
                text run at (168,22) width 29: "This"
                text run at (6,38) width 50: "margin "
                text run at (55,38) width 135: "is measured from the"
              RenderInline {EM} at (0,0) size 68x16
                RenderText {#text} at (6,54) size 68x16
                  text run at (6,54) width 68: "outer edge"
              RenderText {#text} at (73,54) size 88x16
                text run at (73,54) width 88: " of its border."
            RenderTableCell {TD} at (429,108) size 294x92 [border: (1px solid #008000)] [r=2 c=2 rs=1 cs=1]
              RenderText {#text} at (6,6) size 258x80
                text run at (6,6) width 246: "The table should not be wider than the"
                text run at (6,22) width 180: "room available for it unless "
                text run at (185,22) width 79: "that space is"
                text run at (6,38) width 76: "very small. "
                text run at (81,38) width 173: "Because of its margins, the"
                text run at (6,54) width 82: "width of the "
                text run at (87,54) width 157: "table should be less than"
                text run at (6,70) width 42: "100%."
      RenderTable {TABLE} at (16,1171.44) size 737x166
        RenderBlock {CAPTION} at (0,0) size 737x16
          RenderText {#text} at (307,0) size 123x16
            text run at (307,0) width 123: "This is the caption."
        RenderTableCol {COLGROUP} at (0,0) size 0x0 [border: (3px solid #FF0000)]
          RenderTableCol {COL} at (0,0) size 0x0 [border: (3px solid #FF0000)]
        RenderTableCol {COLGROUP} at (0,0) size 0x0 [border: (3px solid #FF0000)]
          RenderTableCol {COL} at (0,0) size 0x0 [border: (3px solid #FF0000)]
          RenderTableCol {COL} at (0,0) size 0x0 [border: (3px solid #FF0000)]
        RenderTableSection {THEAD} at (0,16) size 737x30 [border: (3px solid #FF0000)]
          RenderTableRow {TR} at (0,2) size 737x26 [border: (3px solid #FF0000)]
            RenderTableCell {TH} at (2,2) size 120x26 [r=0 c=0 rs=1 cs=1]
              RenderText {#text} at (18,5) size 84x16
                text run at (18,5) width 84: "Header One"
            RenderTableCell {TH} at (124,2) size 320x26 [r=0 c=1 rs=1 cs=1]
              RenderText {#text} at (117,5) size 86x16
                text run at (117,5) width 86: "Header Two"
            RenderTableCell {TH} at (446,2) size 289x26 [r=0 c=2 rs=1 cs=1]
              RenderText {#text} at (96,5) size 97x16
                text run at (96,5) width 97: "Header Three"
        RenderTableSection {TBODY} at (0,46) size 737x120 [border: (3px solid #FF0000)]
          RenderTableRow {TR} at (0,0) size 737x58 [border: (3px solid #FF0000)]
            RenderTableCell {TD} at (2,0) size 120x58 [r=0 c=0 rs=1 cs=1]
              RenderText {#text} at (5,5) size 96x48
                text run at (5,5) width 96: "This table uses"
                text run at (5,21) width 84: "the separated"
                text run at (5,37) width 96: "borders model."
            RenderTableCell {TD} at (124,8) size 320x42 [r=0 c=1 rs=1 cs=1]
              RenderText {#text} at (5,5) size 284x32
                text run at (5,5) width 284: "This means that borders are allowed only on"
                text run at (5,21) width 149: "table elements or table "
                text run at (153,21) width 89: "cell elements."
            RenderTableCell {TD} at (446,0) size 289x58 [r=0 c=2 rs=1 cs=1]
              RenderText {#text} at (5,5) size 260x48
                text run at (5,5) width 245: "They are not allowed on elements that"
                text run at (5,21) width 102: "represent rows, "
                text run at (106,21) width 159: "row-groups, columns, or"
                text run at (5,37) width 101: "column-groups."
          RenderTableRow {TR} at (0,60) size 737x58 [border: (3px solid #FF0000)]
            RenderTableCell {TD} at (2,60) size 120x58 [r=1 c=0 rs=1 cs=1]
              RenderText {#text} at (5,5) size 104x48
                text run at (5,5) width 104: "There should be"
                text run at (5,21) width 104: "no borders at all"
                text run at (5,37) width 84: "on this table!"
            RenderTableCell {TD} at (124,60) size 320x58 [r=1 c=1 rs=1 cs=1]
              RenderText {#text} at (5,5) size 289x48
                text run at (5,5) width 271: "If there are any borders shown that are not"
                text run at (5,21) width 152: "medium solid red, then "
                text run at (156,21) width 93: "the problem is"
                text run at (5,37) width 289: "something other than what this test is testing."
            RenderTableCell {TD} at (446,60) size 289x58 [r=1 c=2 rs=1 cs=1]
              RenderText {#text} at (5,5) size 271x48
                text run at (5,5) width 237: "This table should have a 1em margin"
                text run at (5,21) width 113: "around all edges. "
                text run at (117,21) width 83: "This margin "
                text run at (199,21) width 77: "is measured"
                text run at (5,37) width 59: "from the "
              RenderInline {EM} at (0,0) size 69x16
                RenderText {#text} at (63,37) size 69x16
                  text run at (63,37) width 69: "outer edge"
              RenderText {#text} at (131,37) size 87x16
                text run at (131,37) width 87: " of its border."
