layer at (0,0) size 1408x868
  RenderView at (0,0) size 800x600
layer at (0,0) size 800x868
  RenderBlock {HTML} at (0,0) size 800x867.88
    RenderBody {BODY} at (8,21.44) size 784x838.44
      RenderBlock {H1} at (0,0) size 784x32
        RenderText {#text} at (0,0) size 292x32
          text run at (0,0) width 292: "Table Border Models"
      RenderBlock {P} at (0,53.44) size 784x16
        RenderText {#text} at (0,0) size 121x16
          text run at (0,0) width 121: "This tests tests the "
        RenderInline {A} at (0,0) size 212x16 [color=#0000EE]
          RenderText {#text} at (120,0) size 212x16
            text run at (120,0) width 212: "CSS2 spec rules on table borders"
        RenderText {#text} at (331,0) size 185x16
          text run at (331,0) width 9: ". "
          text run at (339,0) width 177: "The styles applied here are:"
      RenderBlock {PRE} at (0,85.44) size 784x156
        RenderText {#text} at (0,0) size 671x156
          text run at (0,0) width 398: "TABLE   { margin: 1em; border: medium solid blue; }"
          text run at (397,0) width 1: " "
          text run at (0,13) width 367: "TD  { border: thin solid green; padding: 5px; }"
          text run at (366,13) width 1: " "
          text run at (0,26) width 383: "TH { border: medium solid purple; padding: 5px; }"
          text run at (382,26) width 1: " "
          text run at (0,39) width 352: "TABLE.one, TABLE.two { border-spacing: 1em; }"
          text run at (351,39) width 1: " "
          text run at (0,52) width 313: "TABLE.one { border-collapse: collapse; }"
          text run at (312,52) width 1: " "
          text run at (0,65) width 313: "TABLE.two { border-collapse: separate; }"
          text run at (312,65) width 1: " "
          text run at (0,78) width 523: "TABLE.three { border-collapse: separate; border-spacing: 0 0.5em; }"
          text run at (522,78) width 1: " "
          text run at (0,91) width 515: "TABLE.four { border-collapse: separate; border-spacing: 0.5em 0; }"
          text run at (514,91) width 1: " "
          text run at (0,104) width 320: "TABLE.five { border-collapse: separate; }"
          text run at (319,104) width 1: " "
          text run at (0,117) width 453: "TABLE.five, TABLE.five TD, TABLE.five TH { border: none; }"
          text run at (452,117) width 1: " "
          text run at (0,130) width 671: "TABLE.five TR, TABLE.five COL, TABLE.five COLGROUP, TABLE.five TBODY, TABLE.five THEAD"
          text run at (670,130) width 1: " "
          text run at (0,143) width 258: "    { border: medium solid red; }"
          text run at (257,143) width 1: " "
      RenderBlock {DIV} at (0,254.44) size 1400x584
        RenderTable {TABLE} at (16,16) size 216x552 [border: (1px solid #0000FF)]
          RenderTableSection {TBODY} at (1,1) size 213x549
            RenderTableRow {TR} at (0,0) size 29x549
              RenderTableCell {TH} at (0,0) size 29x183 [border: (2px solid #800080)] [r=0 c=0 rs=1 cs=1]
                RenderText {#text} at (6,50) size 16x84
                  text run at (6,50) width 84: "Header One"
              RenderTableCell {TH} at (0,183) size 29x173 [border: (2px solid #800080)] [r=0 c=1 rs=1 cs=1]
                RenderText {#text} at (6,44) size 16x86
                  text run at (6,44) width 85: "Header Two"
              RenderTableCell {TH} at (0,356) size 29x193 [border: (2px solid #800080)] [r=0 c=2 rs=1 cs=1]
                RenderText {#text} at (6,49) size 16x96
                  text run at (6,49) width 96: "Header Three"
            RenderTableRow {TR} at (0,29) size 92x549
              RenderTableCell {TD} at (29,24) size 92x135 [border: (2px solid #008000)] [r=1 c=0 rs=1 cs=1]
                RenderText {#text} at (30,-17) size 32x161
                  text run at (30,-17) width 119: "This table uses the"
                  text run at (46,-17) width 161: "collapsed borders model."
              RenderTableCell {TD} at (29,199) size 92x141 [border: (1px solid #008000)] [r=1 c=1 rs=1 cs=1]
                RenderText {#text} at (22,-10) size 48x155
                  text run at (22,-10) width 102: "This means that"
                  text run at (38,-10) width 153: "elements within the cell"
                  text run at (54,-10) width 155: "have no border-spacing."
              RenderTableCell {TD} at (29,356) size 92x193 [border: (1px solid #008000)] [r=1 c=2 rs=1 cs=1]
                RenderText {#text} at (6,6) size 80x172
                  text run at (6,6) width 139: "Since it has collapsed"
                  text run at (22,6) width 172: "borders, the borders on the"
                  text run at (38,6) width 84: "header cells, "
                  text run at (38,89) width 76: "on all sides,"
                  text run at (54,6) width 154: "should be medium solid"
                  text run at (70,6) width 45: "purple."
            RenderTableRow {TR} at (0,121) size 92x549
              RenderTableCell {TD} at (121,0) size 92x183 [border: (2px solid #008000)] [r=2 c=0 rs=1 cs=1]
                RenderText {#text} at (5,7) size 80x157
                  text run at (5,7) width 147: "The border of the table"
                  text run at (21,7) width 155: "itself should be medium"
                  text run at (37,7) width 117: "solid blue, except "
                  text run at (37,123) width 40: "where"
                  text run at (53,7) width 157: "header cells override the"
                  text run at (69,7) width 46: "border."
              RenderTableCell {TD} at (121,183) size 92x173 [border: (1px solid #008000)] [r=2 c=1 rs=1 cs=1]
                RenderText {#text} at (5,6) size 80x154
                  text run at (5,6) width 115: "The borders that I"
                  text run at (21,6) width 97: "haven't already"
                  text run at (37,6) width 154: "mentioned (all the other"
                  text run at (53,6) width 53: "internal "
                  text run at (53,58) width 101: "ones) should be"
                  text run at (69,6) width 104: "thin solid green."
              RenderTableCell {TD} at (121,356) size 92x193 [border: (1px solid #008000)] [r=2 c=2 rs=1 cs=1]
                RenderText {#text} at (5,6) size 64x156
                  text run at (5,6) width 156: "This table should have a"
                  text run at (21,6) width 146: "1em margin around all"
                  text run at (37,6) width 45: "edges. "
                  text run at (37,50) width 82: "This margin "
                  text run at (37,132) width 11: "is"
                  text run at (53,6) width 124: "measured from the "
                RenderInline {EM} at (0,0) size 16x45
                  RenderText {#text} at (53,129) size 16x45
                    text run at (53,129) width 44: "middle"
                RenderText {#text} at (69,6) size 16x83
                  text run at (69,6) width 83: "of its border."
        RenderTable {TABLE} at (248,16) size 270x552 [border: (3px solid #0000FF)]
          RenderTableSection {TBODY} at (3,3) size 264x546
            RenderTableRow {TR} at (0,16) size 32x546
              RenderTableCell {TH} at (16,16) size 32x117 [border: (3px solid #800080)] [r=0 c=0 rs=1 cs=1]
                RenderText {#text} at (8,16) size 16x85
                  text run at (8,16) width 84: "Header One"
              RenderTableCell {TH} at (16,149) size 32x139 [border: (3px solid #800080)] [r=0 c=1 rs=1 cs=1]
                RenderText {#text} at (8,27) size 16x85
                  text run at (8,27) width 85: "Header Two"
              RenderTableCell {TH} at (16,304) size 32x226 [border: (3px solid #800080)] [r=0 c=2 rs=1 cs=1]
                RenderText {#text} at (8,65) size 16x96
                  text run at (8,65) width 96: "Header Three"
            RenderTableRow {TR} at (0,64) size 76x546
              RenderTableCell {TD} at (64,24) size 76x101 [border: (1px solid #008000)] [r=1 c=0 rs=1 cs=1]
                RenderText {#text} at (14,-2) size 48x96
                  text run at (14,-2) width 96: "This table uses"
                  text run at (30,-2) width 84: "the separated"
                  text run at (46,-2) width 96: "borders model."
              RenderTableCell {TD} at (64,149) size 76x139 [border: (1px solid #008000)] [r=1 c=1 rs=1 cs=1]
                RenderText {#text} at (6,6) size 64x126
                  text run at (6,6) width 102: "This means that"
                  text run at (22,6) width 126: "elements within the"
                  text run at (38,6) width 109: "cell have border-"
                  text run at (54,6) width 102: "spacing of 1em."
              RenderTableCell {TD} at (64,312) size 76x210 [border: (1px solid #008000)] [r=1 c=2 rs=1 cs=1]
                RenderText {#text} at (14,-2) size 48x205
                  text run at (14,-2) width 205: "The borders on the header cells,"
                  text run at (30,-2) width 199: "on all sides, should be medium"
                  text run at (46,-2) width 80: "solid purple."
            RenderTableRow {TR} at (0,156) size 92x546
              RenderTableCell {TD} at (156,16) size 92x117 [border: (1px solid #008000)] [r=2 c=0 rs=1 cs=1]
                RenderText {#text} at (6,6) size 80x91
                  text run at (6,6) width 88: "The border of"
                  text run at (22,6) width 91: "the table itself"
                  text run at (38,6) width 62: "should be"
                  text run at (54,6) width 88: "medium solid"
                  text run at (70,6) width 32: "blue."
              RenderTableCell {TD} at (156,165) size 92x107 [border: (1px solid #008000)] [r=2 c=1 rs=1 cs=1]
                RenderText {#text} at (22,-10) size 48x123
                  text run at (22,-10) width 95: "The borders of"
                  text run at (38,-10) width 113: "other cells should"
                  text run at (54,-10) width 123: "be thin solid green."
              RenderTableCell {TD} at (156,312) size 92x210 [border: (1px solid #008000)] [r=2 c=2 rs=1 cs=1]
                RenderText {#text} at (14,-2) size 48x191
                  text run at (14,-2) width 188: "This table should have a 1em"
                  text run at (30,-2) width 163: "margin around all edges. "
                  text run at (30,160) width 29: "This"
                  text run at (46,-2) width 50: "margin "
                  text run at (46,47) width 135: "is measured from the"
                RenderInline {EM} at (0,0) size 16x68
                  RenderText {#text} at (62,-2) size 16x68
                    text run at (62,-2) width 68: "outer edge"
                RenderText {#text} at (62,65) size 16x88
                  text run at (62,65) width 87: " of its border."
        RenderTable {TABLE} at (534,16) size 318x552 [border: (3px solid #0000FF)]
          RenderTableSection {TBODY} at (3,3) size 312x546
            RenderTableRow {TR} at (0,8) size 32x546
              RenderTableCell {TH} at (8,0) size 32x141 [border: (3px solid #800080)] [r=0 c=0 rs=1 cs=1]
                RenderText {#text} at (8,28) size 16x85
                  text run at (8,28) width 84: "Header One"
              RenderTableCell {TH} at (8,141) size 32x199 [border: (3px solid #800080)] [r=0 c=1 rs=1 cs=1]
                RenderText {#text} at (8,57) size 16x85
                  text run at (8,57) width 85: "Header Two"
              RenderTableCell {TH} at (8,340) size 32x206 [border: (3px solid #800080)] [r=0 c=2 rs=1 cs=1]
                RenderText {#text} at (8,55) size 16x96
                  text run at (8,55) width 96: "Header Three"
            RenderTableRow {TR} at (0,48) size 124x546
              RenderTableCell {TD} at (48,32) size 124x77 [border: (1px solid #008000)] [r=1 c=0 rs=1 cs=1]
                RenderText {#text} at (38,-26) size 48x119
                  text run at (38,-26) width 119: "This table uses the"
                  text run at (54,-26) width 113: "separated borders"
                  text run at (70,-26) width 44: "model."
              RenderTableCell {TD} at (48,141) size 124x199 [border: (1px solid #008000)] [r=1 c=1 rs=1 cs=1]
                RenderText {#text} at (6,6) size 112x184
                  text run at (6,6) width 156: "Elements within the cell"
                  text run at (22,6) width 151: "have horizontal border-"
                  text run at (38,6) width 140: "spacing (i.e., width of"
                  text run at (54,6) width 144: "vertical lines) of 0 and"
                  text run at (70,6) width 52: "vertical "
                  text run at (70,57) width 129: "border-spacing (i.e.,"
                  text run at (86,6) width 184: "height of horizontal lines) of"
                  text run at (102,6) width 44: "0.5em."
              RenderTableCell {TD} at (48,372) size 124x142 [border: (1px solid #008000)] [r=1 c=2 rs=1 cs=1]
                RenderText {#text} at (38,-26) size 48x180
                  text run at (38,-26) width 168: "The borders on the header"
                  text run at (54,-26) width 38: "cells, "
                  text run at (54,11) width 142: "on all sides, should be"
                  text run at (70,-26) width 137: "medium solid purple."
            RenderTableRow {TR} at (0,180) size 124x546
              RenderTableCell {TD} at (180,0) size 124x141 [border: (1px solid #008000)] [r=2 c=0 rs=1 cs=1]
                RenderText {#text} at (6,6) size 112x126
                  text run at (6,6) width 112: "The border of the"
                  text run at (22,6) width 114: "table itself should"
                  text run at (38,6) width 107: "be medium solid"
                  text run at (54,6) width 36: "blue. "
                  text run at (54,41) width 77: "The borders"
                  text run at (70,6) width 84: "of other cells"
                  text run at (86,6) width 126: "should be thin solid"
                  text run at (102,6) width 40: "green."
              RenderTableCell {TD} at (180,157) size 124x167 [border: (1px solid #008000)] [r=2 c=1 rs=1 cs=1]
                RenderText {#text} at (22,-10) size 64x156
                  text run at (22,-10) width 156: "This table should have a"
                  text run at (38,-10) width 146: "1em margin around all"
                  text run at (54,-10) width 45: "edges. "
                  text run at (54,34) width 82: "This margin "
                  text run at (54,116) width 11: "is"
                  text run at (70,-10) width 124: "measured from the "
                RenderInline {EM} at (0,0) size 32x158
                  RenderText {#text} at (70,113) size 32x158
                    text run at (70,113) width 34: "outer"
                    text run at (86,-10) width 31: "edge"
                RenderText {#text} at (86,20) size 16x87
                  text run at (86,20) width 87: " of its border."
              RenderTableCell {TD} at (180,348) size 124x190 [border: (1px solid #008000)] [r=2 c=2 rs=1 cs=1]
                RenderText {#text} at (14,-2) size 96x192
                  text run at (14,-2) width 191: "The table should not be wider"
                  text run at (30,-2) width 187: "than the room available for it"
                  text run at (46,-2) width 44: "unless "
                  text run at (46,42) width 111: "that space is very"
                  text run at (62,-2) width 43: "small. "
                  text run at (62,40) width 150: "Because of its margins,"
                  text run at (78,-2) width 105: "the width of the "
                  text run at (78,102) width 78: "table should"
                  text run at (94,-2) width 120: "be less than 100%."
        RenderTable {TABLE} at (868,16) size 254x552 [border: (3px solid #0000FF)]
          RenderTableSection {TBODY} at (3,3) size 248x546
            RenderTableRow {TR} at (0,0) size 32x546
              RenderTableCell {TH} at (0,8) size 32x148 [border: (3px solid #800080)] [r=0 c=0 rs=1 cs=1]
                RenderText {#text} at (8,32) size 16x84
                  text run at (8,32) width 84: "Header One"
              RenderTableCell {TH} at (0,164) size 32x150 [border: (3px solid #800080)] [r=0 c=1 rs=1 cs=1]
                RenderText {#text} at (8,32) size 16x86
                  text run at (8,32) width 85: "Header Two"
              RenderTableCell {TH} at (0,322) size 32x216 [border: (3px solid #800080)] [r=0 c=2 rs=1 cs=1]
                RenderText {#text} at (8,60) size 16x96
                  text run at (8,60) width 96: "Header Three"
            RenderTableRow {TR} at (0,32) size 92x546
              RenderTableCell {TD} at (32,24) size 92x116 [border: (1px solid #008000)] [r=1 c=0 rs=1 cs=1]
                RenderText {#text} at (22,-10) size 48x119
                  text run at (22,-10) width 119: "This table uses the"
                  text run at (38,-10) width 113: "separated borders"
                  text run at (54,-10) width 44: "model."
              RenderTableCell {TD} at (32,164) size 92x150 [border: (1px solid #008000)] [r=1 c=1 rs=1 cs=1]
                RenderText {#text} at (6,6) size 80x130
                  text run at (6,6) width 128: "Elements within the"
                  text run at (22,6) width 127: "cell have horizontal"
                  text run at (38,6) width 114: "border-spacing of"
                  text run at (54,6) width 119: "0.5em and vertical"
                  text run at (70,6) width 130: "border-spacing of 0."
              RenderTableCell {TD} at (32,338) size 92x184 [border: (1px solid #008000)] [r=1 c=2 rs=1 cs=1]
                RenderText {#text} at (22,-10) size 48x180
                  text run at (22,-10) width 168: "The borders on the header"
                  text run at (38,-10) width 38: "cells, "
                  text run at (38,27) width 142: "on all sides, should be"
                  text run at (54,-10) width 137: "medium solid purple."
            RenderTableRow {TR} at (0,124) size 124x546
              RenderTableCell {TD} at (124,16) size 124x132 [border: (1px solid #008000)] [r=2 c=0 rs=1 cs=1]
                RenderText {#text} at (14,-2) size 96x133
                  text run at (14,-2) width 112: "The border of the"
                  text run at (30,-2) width 133: "table itself should be"
                  text run at (46,-2) width 124: "medium solid blue."
                  text run at (62,-2) width 132: "The borders of other"
                  text run at (78,-2) width 124: "cells should be thin"
                  text run at (94,-2) width 75: "solid green."
              RenderTableCell {TD} at (124,164) size 124x150 [border: (1px solid #008000)] [r=2 c=1 rs=1 cs=1]
                RenderText {#text} at (6,6) size 80x123
                  text run at (6,6) width 111: "This table should"
                  text run at (22,6) width 123: "have a 1em margin"
                  text run at (38,6) width 109: "around all edges."
                  text run at (54,6) width 82: "This margin "
                  text run at (54,87) width 11: "is"
                  text run at (70,6) width 120: "measured from the"
                RenderInline {EM} at (0,0) size 16x68
                  RenderText {#text} at (86,6) size 16x68
                    text run at (86,6) width 68: "outer edge"
                RenderText {#text} at (86,73) size 32x105
                  text run at (86,73) width 37: " of its"
                  text run at (102,6) width 46: "border."
              RenderTableCell {TD} at (124,330) size 124x200 [border: (1px solid #008000)] [r=2 c=2 rs=1 cs=1]
                RenderText {#text} at (14,-2) size 96x198
                  text run at (14,-2) width 191: "The table should not be wider"
                  text run at (30,-2) width 187: "than the room available for it"
                  text run at (46,-2) width 44: "unless "
                  text run at (46,42) width 154: "that space is very small."
                  text run at (62,-2) width 173: "Because of its margins, the"
                  text run at (78,-2) width 82: "width of the "
                  text run at (78,79) width 97: "table should be"
                  text run at (94,-2) width 101: "less than 100%."
        RenderTable {TABLE} at (1138,16) size 246x552
          RenderBlock {CAPTION} at (0,0) size 16x552
            RenderText {#text} at (0,215) size 16x122
              text run at (0,215) width 122: "This is the caption."
          RenderTableCol {COLGROUP} at (0,0) size 0x0 [border: (3px solid #FF0000)]
            RenderTableCol {COL} at (0,0) size 0x0 [border: (3px solid #FF0000)]
          RenderTableCol {COLGROUP} at (0,0) size 0x0 [border: (3px solid #FF0000)]
            RenderTableCol {COL} at (0,0) size 0x0 [border: (3px solid #FF0000)]
            RenderTableCol {COL} at (0,0) size 0x0 [border: (3px solid #FF0000)]
          RenderTableSection {THEAD} at (16,0) size 46x552 [border: (3px solid #FF0000)]
            RenderTableRow {TR} at (0,2) size 42x552 [border: (3px solid #FF0000)]
              RenderTableCell {TH} at (2,2) size 42x89 [r=0 c=0 rs=1 cs=1]
                RenderText {#text} at (5,19) size 32x51
                  text run at (5,19) width 51: "Header"
                  text run at (21,30) width 29: "One"
              RenderTableCell {TH} at (2,101) size 42x223 [r=0 c=1 rs=1 cs=1]
                RenderText {#text} at (13,69) size 16x85
                  text run at (13,69) width 85: "Header Two"
              RenderTableCell {TH} at (2,342) size 42x200 [r=0 c=2 rs=1 cs=1]
                RenderText {#text} at (13,52) size 16x96
                  text run at (13,52) width 96: "Header Three"
          RenderTableSection {TBODY} at (62,0) size 184x552 [border: (3px solid #FF0000)]
            RenderTableRow {TR} at (0,0) size 90x552 [border: (3px solid #FF0000)]
              RenderTableCell {TD} at (0,2) size 90x89 [r=0 c=0 rs=1 cs=1]
                RenderText {#text} at (5,5) size 80x64
                  text run at (5,5) width 64: "This table"
                  text run at (21,5) width 52: "uses the"
                  text run at (37,5) width 61: "separated"
                  text run at (53,5) width 48: "borders"
                  text run at (69,5) width 44: "model."
              RenderTableCell {TD} at (0,109) size 90x207 [r=0 c=1 rs=1 cs=1]
                RenderText {#text} at (21,-11) size 48x217
                  text run at (21,-11) width 177: "This means that borders are"
                  text run at (37,-11) width 217: "allowed only on table elements or"
                  text run at (53,-11) width 36: "table "
                  text run at (53,24) width 88: "cell elements."
              RenderTableCell {TD} at (0,342) size 90x200 [r=0 c=2 rs=1 cs=1]
                RenderText {#text} at (13,-3) size 64x187
                  text run at (13,-3) width 156: "They are not allowed on"
                  text run at (29,-3) width 187: "elements that represent rows,"
                  text run at (45,-3) width 158: "row-groups, columns, or"
                  text run at (61,-3) width 101: "column-groups."
            RenderTableRow {TR} at (0,92) size 90x552 [border: (3px solid #FF0000)]
              RenderTableCell {TD} at (92,2) size 90x89 [r=1 c=0 rs=1 cs=1]
                RenderText {#text} at (5,5) size 80x79
                  text run at (5,5) width 38: "There"
                  text run at (21,5) width 62: "should be"
                  text run at (37,5) width 68: "no borders"
                  text run at (53,5) width 79: "at all on this"
                  text run at (69,5) width 37: "table!"
              RenderTableCell {TD} at (92,101) size 90x223 [r=1 c=1 rs=1 cs=1]
                RenderText {#text} at (13,-3) size 64x224
                  text run at (13,-3) width 224: "If there are any borders shown that"
                  text run at (29,-3) width 200: "are not medium solid red, then "
                  text run at (29,196) width 20: "the"
                  text run at (45,-3) width 208: "problem is something other than"
                  text run at (61,-3) width 150: "what this test is testing."
              RenderTableCell {TD} at (92,342) size 90x200 [r=1 c=2 rs=1 cs=1]
                RenderText {#text} at (13,-3) size 48x191
                  text run at (13,-3) width 188: "This table should have a 1em"
                  text run at (29,-3) width 163: "margin around all edges. "
                  text run at (29,159) width 29: "This"
                  text run at (45,-3) width 50: "margin "
                  text run at (45,46) width 135: "is measured from the"
                RenderInline {EM} at (0,0) size 16x68
                  RenderText {#text} at (61,-3) size 16x68
                    text run at (61,-3) width 68: "outer edge"
                RenderText {#text} at (61,64) size 16x88
                  text run at (61,64) width 87: " of its border."
