layer at (0,0) size 800x600
  RenderView at (0,0) size 800x600
layer at (0,0) size 800x600
  RenderBlock {HTML} at (0,0) size 800x600
    RenderBody {BODY} at (8,8) size 784x584
      RenderBlock {P} at (0,0) size 784x32
        RenderText {#text} at (0,0) size 218x16
          text run at (0,0) width 218: "This tests for a regression against "
        RenderInline {I} at (0,0) size 764x32
          RenderInline {A} at (0,0) size 355x16 [color=#0000EE]
            RenderText {#text} at (217,0) size 355x16
              text run at (217,0) width 355: "http://bugzilla.opendarwin.org/show_bug.cgi?id=6888"
          RenderText {#text} at (571,0) size 764x32
            text run at (571,0) width 193: " Collapsed borders appear on"
            text run at (0,16) width 319: "the wrong side or on the wrong cell in RTL tables"
        RenderText {#text} at (318,16) size 5x16
          text run at (318,16) width 5: "."
      RenderBlock {P} at (0,48) size 784x16
        RenderText {#text} at (0,0) size 374x16
          text run at (0,0) width 374: "The RTL table should be a mirror image of the LTR table."
      RenderBlock {HR} at (0,80) size 784x2 [border: (1px inset #EEEEEE)]
      RenderTable {TABLE} at (0,90) size 133x68
        RenderTableSection {TBODY} at (0,0) size 133x68
          RenderTableRow {TR} at (0,0) size 133x24
            RenderTableCell {TD} at (0,0) size 67x24 [border: none (1px solid #000000) none] [r=0 c=0 rs=1 cs=1]
              RenderText {#text} at (17,4) size 32x16
                text run at (17,4) width 32: "RTL"
            RenderTableCell {TD} at (67,0) size 66x24 [r=0 c=1 rs=1 cs=1]
              RenderText {#text} at (17,4) size 32x16
                text run at (17,4) width 32: "LTR"
          RenderTableRow {TR} at (0,24) size 133x44
            RenderTableCell {TD} at (0,24) size 67x44 [border: none (1px solid #000000) none] [r=1 c=0 rs=1 cs=1]
              RenderTable {TABLE} at (4,4) size 58x36 [border: none (1px solid #0000FF) none (1px solid #FF0000)]
                RenderTableCol {COLGROUP} at (0,0) size 0x0
                  RenderTableCol {COL} at (0,0) size 0x0
                  RenderTableCol {COL} at (0,0) size 0x0
                  RenderTableCol {COL} at (0,0) size 0x0 [bgcolor=#FFFF00] [border: none (2px dotted #008000) none (1px solid #000000)]
                  RenderTableCol {COL} at (0,0) size 0x0 [bgcolor=#C0C0C0]
                RenderTableSection {TBODY} at (1,0) size 56x36
                  RenderTableRow {TR} at (0,0) size 56x18
                    RenderTableCell {TD} at (44,0) size 12x18 [border: none] [r=0 c=0 rs=1 cs=1]
                      RenderText {#text} at (2,1) size 8x16
                        text run at (2,1) width 8 RTL: "  "
                    RenderTableCell {TD} at (33,0) size 11x18 [border: none] [r=0 c=1 rs=1 cs=1]
                      RenderText {#text} at (2,1) size 8x16
                        text run at (2,1) width 8 RTL: "  "
                    RenderTableCell {TD} at (11,0) size 22x18 [border: none] [r=0 c=2 rs=1 cs=2]
                      RenderText {#text} at (12,1) size 8x16
                        text run at (12,1) width 8 RTL: "  "
                    RenderTableCell {TD} at (0,0) size 11x18 [border: none] [r=0 c=4 rs=1 cs=1]
                      RenderText {#text} at (2,1) size 8x16
                        text run at (2,1) width 8 RTL: "  "
                  RenderTableRow {TR} at (0,18) size 56x18
                    RenderTableCell {TD} at (44,18) size 12x18 [border: none (2px solid #800000) none] [r=1 c=0 rs=1 cs=1]
                      RenderText {#text} at (1,1) size 8x16
                        text run at (1,1) width 8 RTL: "  "
                    RenderTableCell {TD} at (33,18) size 11x18 [border: none] [r=1 c=1 rs=1 cs=1]
                      RenderText {#text} at (2,1) size 8x16
                        text run at (2,1) width 8 RTL: "  "
                    RenderTableCell {TD} at (21,18) size 12x18 [border: none] [r=1 c=2 rs=1 cs=1]
                      RenderText {#text} at (2,1) size 8x16
                        text run at (2,1) width 8 RTL: "  "
                    RenderTableCell {TD} at (11,18) size 10x18 [r=1 c=3 rs=1 cs=1]
                      RenderText {#text} at (1,1) size 8x16
                        text run at (1,1) width 8 RTL: "  "
                    RenderTableCell {TD} at (0,18) size 11x18 [border: none] [r=1 c=4 rs=1 cs=1]
                      RenderText {#text} at (2,1) size 8x16
                        text run at (2,1) width 8 RTL: "  "
            RenderTableCell {TD} at (67,24) size 66x44 [r=1 c=1 rs=1 cs=1]
              RenderTable {TABLE} at (4,4) size 58x36 [border: none (1px solid #FF0000) none (1px solid #0000FF)]
                RenderTableCol {COLGROUP} at (0,0) size 0x0
                  RenderTableCol {COL} at (0,0) size 0x0
                  RenderTableCol {COL} at (0,0) size 0x0
                  RenderTableCol {COL} at (0,0) size 0x0 [bgcolor=#FFFF00] [border: none (1px solid #000000) none (2px dotted #008000)]
                  RenderTableCol {COL} at (0,0) size 0x0 [bgcolor=#C0C0C0]
                RenderTableSection {TBODY} at (1,0) size 56x36
                  RenderTableRow {TR} at (0,0) size 56x18
                    RenderTableCell {TD} at (0,0) size 12x18 [border: none] [r=0 c=0 rs=1 cs=1]
                      RenderText {#text} at (2,1) size 8x16
                        text run at (2,1) width 8: "  "
                    RenderTableCell {TD} at (12,0) size 11x18 [border: none] [r=0 c=1 rs=1 cs=1]
                      RenderText {#text} at (1,1) size 8x16
                        text run at (1,1) width 8: "  "
                    RenderTableCell {TD} at (23,0) size 22x18 [border: none] [r=0 c=2 rs=1 cs=2]
                      RenderText {#text} at (2,1) size 8x16
                        text run at (2,1) width 8: "  "
                    RenderTableCell {TD} at (45,0) size 11x18 [border: none] [r=0 c=4 rs=1 cs=1]
                      RenderText {#text} at (1,1) size 8x16
                        text run at (1,1) width 8: "  "
                  RenderTableRow {TR} at (0,18) size 56x18
                    RenderTableCell {TD} at (0,18) size 12x18 [border: none (2px solid #800000)] [r=1 c=0 rs=1 cs=1]
                      RenderText {#text} at (3,1) size 8x16
                        text run at (3,1) width 8: "  "
                    RenderTableCell {TD} at (12,18) size 11x18 [border: none] [r=1 c=1 rs=1 cs=1]
                      RenderText {#text} at (1,1) size 8x16
                        text run at (1,1) width 8: "  "
                    RenderTableCell {TD} at (23,18) size 11x18 [border: none] [r=1 c=2 rs=1 cs=1]
                      RenderText {#text} at (2,1) size 8x16
                        text run at (2,1) width 8: "  "
                    RenderTableCell {TD} at (34,18) size 11x18 [border: none] [r=1 c=3 rs=1 cs=1]
                      RenderText {#text} at (2,1) size 8x16
                        text run at (2,1) width 8: "  "
                    RenderTableCell {TD} at (45,18) size 11x18 [border: none] [r=1 c=4 rs=1 cs=1]
                      RenderText {#text} at (1,1) size 8x16
                        text run at (1,1) width 8: "  "
