layer at (0,0) size 800x600
  RenderView at (0,0) size 800x600
layer at (0,0) size 800x600
  RenderBlock {HTML} at (0,0) size 800x600
    RenderBody {BODY} at (8,8) size 784x584
      RenderBlock {P} at (0,0) size 784x32
        RenderText {#text} at (0,0) size 218x16
          text run at (0,0) width 218: "This tests for a regression against "
        RenderInline {I} at (0,0) size 764x32
          RenderInline {A} at (0,0) size 355x16 [color=#0000EE]
            RenderText {#text} at (217,0) size 355x16
              text run at (217,0) width 355: "http://bugzilla.opendarwin.org/show_bug.cgi?id=6888"
          RenderText {#text} at (571,0) size 764x32
            text run at (571,0) width 193: " Collapsed borders appear on"
            text run at (0,16) width 319: "the wrong side or on the wrong cell in RTL tables"
        RenderText {#text} at (318,16) size 5x16
          text run at (318,16) width 5: "."
      RenderBlock {P} at (0,48) size 784x16
        RenderText {#text} at (0,0) size 374x16
          text run at (0,0) width 374: "The RTL table should be a mirror image of the LTR table."
      RenderBlock {HR} at (0,80) size 784x2 [border: (1px inset #EEEEEE)]
      RenderTable {TABLE} at (0,90) size 68x139
        RenderTableSection {TBODY} at (0,0) size 68x139
          RenderTableRow {TR} at (0,0) size 24x139
            RenderTableCell {TD} at (0,0) size 24x70 [border: none (1px solid #000000) none] [r=0 c=0 rs=1 cs=1]
              RenderText {#text} at (4,19) size 16x31
                text run at (4,19) width 31: "RTL"
            RenderTableCell {TD} at (0,70) size 24x69 [r=0 c=1 rs=1 cs=1]
              RenderText {#text} at (4,19) size 16x31
                text run at (4,19) width 31: "LTR"
          RenderTableRow {TR} at (0,24) size 44x139
            RenderTableCell {TD} at (24,0) size 44x70 [border: none (1px solid #000000) none] [r=1 c=0 rs=1 cs=1]
              RenderTable {TABLE} at (4,4) size 36x61 [border: (1px solid #0000FF) none (1px solid #FF0000) none]
                RenderTableCol {COLGROUP} at (0,0) size 0x0
                  RenderTableCol {COL} at (0,0) size 0x0
                  RenderTableCol {COL} at (0,0) size 0x0
                  RenderTableCol {COL} at (0,0) size 0x0 [bgcolor=#FFFF00] [border: (2px dotted #008000) none (1px solid #000000) none]
                  RenderTableCol {COL} at (0,0) size 0x0 [bgcolor=#C0C0C0]
                RenderTableSection {TBODY} at (0,1) size 36x59
                  RenderTableRow {TR} at (0,0) size 18x59
                    RenderTableCell {TD} at (0,46) size 18x13 [border: none] [r=0 c=0 rs=1 cs=1]
                      RenderText {#text} at (1,3) size 16x8
                        text run at (1,3) width 8 RTL: "  "
                    RenderTableCell {TD} at (0,33) size 18x13 [border: (1px none #000000)] [r=0 c=1 rs=1 cs=1]
                      RenderText {#text} at (1,4) size 16x8
                        text run at (1,4) width 8 RTL: "  "
                    RenderTableCell {TD} at (0,11) size 18x22 [r=0 c=2 rs=1 cs=2]
                      RenderText {#text} at (1,13) size 16x8
                        text run at (1,13) width 8 RTL: "  "
                    RenderTableCell {TD} at (0,0) size 18x11 [border: (1px none #000000)] [r=0 c=4 rs=1 cs=1]
                      RenderText {#text} at (1,2) size 16x8
                        text run at (1,2) width 8 RTL: "  "
                  RenderTableRow {TR} at (0,18) size 18x59
                    RenderTableCell {TD} at (18,46) size 18x13 [border: (2px solid #800000) none] [r=1 c=0 rs=1 cs=1]
                      RenderText {#text} at (1,3) size 16x8
                        text run at (1,3) width 8 RTL: "  "
                    RenderTableCell {TD} at (18,33) size 18x13 [border: (1px none #000000)] [r=1 c=1 rs=1 cs=1]
                      RenderText {#text} at (1,2) size 16x8
                        text run at (1,2) width 8 RTL: "  "
                    RenderTableCell {TD} at (18,22) size 18x11 [border: (1px none #000000)] [r=1 c=2 rs=1 cs=1]
                      RenderText {#text} at (1,2) size 16x8
                        text run at (1,2) width 8 RTL: "  "
                    RenderTableCell {TD} at (18,11) size 18x11 [border: none] [r=1 c=3 rs=1 cs=1]
                      RenderText {#text} at (1,1) size 16x8
                        text run at (1,1) width 8 RTL: "  "
                    RenderTableCell {TD} at (18,0) size 18x11 [border: (1px none #000000)] [r=1 c=4 rs=1 cs=1]
                      RenderText {#text} at (1,2) size 16x8
                        text run at (1,2) width 8 RTL: "  "
            RenderTableCell {TD} at (24,70) size 44x69 [r=1 c=1 rs=1 cs=1]
              RenderTable {TABLE} at (4,4) size 36x61 [border: (1px solid #FF0000) none (1px solid #0000FF) none]
                RenderTableCol {COLGROUP} at (0,0) size 0x0
                  RenderTableCol {COL} at (0,0) size 0x0
                  RenderTableCol {COL} at (0,0) size 0x0
                  RenderTableCol {COL} at (0,0) size 0x0 [bgcolor=#FFFF00] [border: (1px solid #000000) none (2px dotted #008000) none]
                  RenderTableCol {COL} at (0,0) size 0x0 [bgcolor=#C0C0C0]
                RenderTableSection {TBODY} at (0,1) size 36x59
                  RenderTableRow {TR} at (0,0) size 18x59
                    RenderTableCell {TD} at (0,0) size 18x13 [border: (1px none #000000)] [r=0 c=0 rs=1 cs=1]
                      RenderText {#text} at (1,2) size 16x8
                        text run at (1,2) width 8: "  "
                    RenderTableCell {TD} at (0,13) size 18x12 [r=0 c=1 rs=1 cs=1]
                      RenderText {#text} at (1,1) size 16x8
                        text run at (1,1) width 8: "  "
                    RenderTableCell {TD} at (0,25) size 18x23 [border: (1px none #000000)] [r=0 c=2 rs=1 cs=2]
                      RenderText {#text} at (1,2) size 16x8
                        text run at (1,2) width 8: "  "
                    RenderTableCell {TD} at (0,48) size 18x11 [border: none] [r=0 c=4 rs=1 cs=1]
                      RenderText {#text} at (1,1) size 16x8
                        text run at (1,1) width 8: "  "
                  RenderTableRow {TR} at (0,18) size 18x59
                    RenderTableCell {TD} at (18,0) size 18x13 [border: (1px none #000000) (2px solid #800000) none] [r=1 c=0 rs=1 cs=1]
                      RenderText {#text} at (1,2) size 16x8
                        text run at (1,2) width 8: "  "
                    RenderTableCell {TD} at (18,13) size 18x12 [border: (2px none #000000)] [r=1 c=1 rs=1 cs=1]
                      RenderText {#text} at (1,3) size 16x8
                        text run at (1,3) width 8: "  "
                    RenderTableCell {TD} at (18,25) size 18x12 [border: (1px none #000000)] [r=1 c=2 rs=1 cs=1]
                      RenderText {#text} at (1,2) size 16x8
                        text run at (1,2) width 8: "  "
                    RenderTableCell {TD} at (18,37) size 18x11 [border: (1px none #000000)] [r=1 c=3 rs=1 cs=1]
                      RenderText {#text} at (1,2) size 16x8
                        text run at (1,2) width 8: "  "
                    RenderTableCell {TD} at (18,48) size 18x11 [border: none] [r=1 c=4 rs=1 cs=1]
                      RenderText {#text} at (1,1) size 16x8
                        text run at (1,1) width 8: "  "
