EDITING DELEGATE: webViewDidChangeSelection:WebViewDidChangeSelectionNotification
EDITING DELEGATE: webViewDidChangeSelection:WebViewDidChangeSelectionNotification
EDITING DELEGATE: webViewDidChangeSelection:WebViewDidChangeSelectionNotification
EDITING DELEGATE: webViewDidChangeSelection:WebViewDidChangeSelectionNotification
EDITING DELEGATE: webViewDidChange:WebViewDidChangeNotification
layer at (0,0) size 800x600
  RenderView at (0,0) size 800x600
layer at (0,0) size 800x600
  RenderBlock {HTML} at (0,0) size 800x600
    RenderBody {BODY} at (8,8) size 784x584
      RenderBlock {DIV} at (0,0) size 784x273 [border: (2px solid #FF0000)]
        RenderInline {SPAN} at (0,0) size 252x244
          RenderText {#text} at (14,14) size 11x26
            text run at (14,14) width 11: "a"
          RenderText {#text} at (24,14) size 47x26
            text run at (24,14) width 47: "new "
          RenderBR {BR} at (0,0) size 0x0
          RenderText {#text} at (14,123) size 66x26
            text run at (14,123) width 66: "nation "
          RenderInline {I} at (0,0) size 0x0
            RenderText {#text} at (0,0) size 0x0
          RenderText {#text} at (0,0) size 0x0
          RenderImage {IMG} at (79.98,41) size 76x103
          RenderText {#text} at (155,123) size 111x26
            text run at (155,123) width 111: " conceived "
          RenderBR {BR} at (265,144) size 1x0
          RenderText {#text} at (14,232) size 60x26
            text run at (14,232) width 60: "nation"
          RenderImage {IMG} at (73.98,150) size 76x103
        RenderText {#text} at (0,0) size 0x0
caret: position 1 of child 0 {#text} of child 1 {SPAN} of child 1 {DIV} of body
