EDITING DELEGATE: webViewDidChangeSelection:WebViewDidChangeSelectionNotification
EDITING DELEGATE: webViewDidChangeSelection:WebViewDidChangeSelectionNotification
EDITING DELEGATE: webViewDidChangeSelection:WebViewDidChangeSelectionNotification
EDITING DELEGATE: webViewDidChangeSelection:WebViewDidChangeSelectionNotification
EDITING DELEGATE: webViewDidChangeSelection:WebViewDidChangeSelectionNotification
EDITING DELEGATE: webViewDidChangeSelection:WebViewDidChangeSelectionNotification
EDITING DELEGATE: webViewDidChangeSelection:WebViewDidChangeSelectionNotification
EDITING DELEGATE: webViewDidChangeSelection:WebViewDidChangeSelectionNotification
EDITING DELEGATE: webViewDidChangeSelection:WebViewDidChangeSelectionNotification
EDITING DELEGATE: webViewDidChangeSelection:WebViewDidChangeSelectionNotification
EDITING DELEGATE: webViewDidChange:WebViewDidChangeNotification
layer at (0,0) size 800x600
  RenderView at (0,0) size 800x600
layer at (0,0) size 800x600
  RenderBlock {HTML} at (0,0) size 800x600
    RenderBody {BODY} at (8,8) size 784x584
      RenderBlock {DIV} at (0,0) size 784x136 [border: (2px solid #FF0000)]
        RenderBlock {DIV} at (14,14) size 756x108
          RenderBlock (anonymous) at (0,0) size 756x27
            RenderText {#text} at (0,0) size 40x26
              text run at (0,0) width 40: "One"
          RenderBlock {DIV} at (0,27) size 756x54
            RenderText {#text} at (0,0) size 100x26
              text run at (0,0) width 100: "TwoThree"
            RenderBR {BR} at (99,21) size 1x0
            RenderText {#text} at (0,27) size 46x26
              text run at (0,27) width 46: "Four"
          RenderBlock (anonymous) at (0,81) size 756x27
            RenderText {#text} at (0,0) size 43x26
              text run at (0,0) width 43: "Five"
caret: position 3 of child 0 {#text} of child 1 {DIV} of child 1 {DIV} of child 1 {DIV} of body
