layer at (0,0) size 800x600
  RenderView at (0,0) size 800x600
layer at (0,0) size 800x112
  RenderBlock {html} at (0,0) size 800x112
    RenderBody {body} at (8,16) size 784x80
      RenderBlock {p} at (0,0) size 784x16
        RenderInline {t} at (0,0) size 303x16 [bgcolor=#00FF00]
          RenderText {#text} at (0,0) size 303x16
            text run at (0,0) width 303: "This sentence should have a green background."
      RenderBlock {p} at (0,32) size 784x16
        RenderInline {t2} at (0,0) size 303x16 [bgcolor=#00FF00]
          RenderText {#text} at (0,0) size 303x16
            text run at (0,0) width 303: "This sentence should have a green background."
      RenderBlock {p} at (0,64) size 784x16
        RenderInline {t3} at (0,0) size 303x16 [bgcolor=#00FF00]
          RenderText {#text} at (0,0) size 303x16
            text run at (0,0) width 303: "This sentence should have a green background."
