layer at (0,0) size 800x628
  RenderView at (0,0) size 800x600
layer at (0,0) size 800x628
  RenderBlock {HTML} at (0,0) size 800x628
    RenderBody {BODY} at (8,16) size 784x596
      RenderBlock {P} at (0,0) size 784x48
        RenderText {#text} at (0,0) size 766x48
          text run at (0,0) width 471: "Following table should have 6px solid blue border around cell 3, red 5px "
          text run at (470,0) width 296: "solid border around the rest of table and green"
          text run at (0,16) width 206: "4px solid border between cell 1 "
          text run at (205,16) width 488: "and cell 2. The red border should override the green border around the cells "
          text run at (692,16) width 74: "because it's"
          text run at (0,32) width 421: "thicker and the blue border should override the red border for the "
          text run at (420,32) width 83: "same reason."
      RenderTable {TABLE} at (0,64) size 168x30 [border: (3px solid #FF0000)]
        RenderTableSection {TBODY} at (2,3) size 163x24
          RenderTableRow {TR} at (0,0) size 163x24
            RenderTableCell {TD} at (0,0) size 54x23 [border: (3px solid #008000)] [r=0 c=0 rs=1 cs=1]
              RenderText {#text} at (4,4) size 47x16
                text run at (4,4) width 47: "Cell #1"
            RenderTableCell {TD} at (54,0) size 54x23 [border: (3px solid #008000)] [r=0 c=1 rs=1 cs=1]
              RenderText {#text} at (3,4) size 47x16
                text run at (3,4) width 47: "Cell #2"
            RenderTableCell {TD} at (108,0) size 55x24 [border: (3px solid #0000FF)] [r=0 c=2 rs=1 cs=1]
              RenderText {#text} at (4,4) size 47x16
                text run at (4,4) width 47: "Cell #3"
      RenderBlock {P} at (0,110) size 784x16
        RenderText {#text} at (0,0) size 28x16
          text run at (0,0) width 28: "See "
        RenderInline {A} at (0,0) size 229x16 [color=#0000EE]
          RenderText {#text} at (27,0) size 229x16
            text run at (27,0) width 73: "17.6.2 The "
            text run at (99,0) width 157: "collapsing border model"
        RenderText {#text} at (255,0) size 127x16
          text run at (255,0) width 127: " for following tests:"
      RenderTable {TABLE} at (0,142) size 158x262 [border: (2px solid #FFFF00)]
        RenderTableCol {COLGROUP} at (0,0) size 0x0
          RenderTableCol {COL} at (0,0) size 0x0 [border: (3px solid #000000)]
          RenderTableCol {COL} at (0,0) size 0x0
          RenderTableCol {COL} at (0,0) size 0x0
        RenderTableSection {TBODY} at (2,2) size 153x257
          RenderTableRow {TR} at (0,0) size 153x53
            RenderTableCell {TD} at (0,1) size 52x51 [border: (3px solid #FF0000)] [r=0 c=0 rs=1 cs=1]
              RenderText {#text} at (19,19) size 8x16
                text run at (19,19) width 8: "1"
            RenderTableCell {TD} at (52,0) size 50x53 [border: (3px solid #FF0000)] [r=0 c=1 rs=1 cs=1]
              RenderText {#text} at (18,19) size 8x16
                text run at (18,19) width 8: "2"
            RenderTableCell {TD} at (102,0) size 51x53 [border: (3px solid #FF0000)] [r=0 c=2 rs=1 cs=1]
              RenderText {#text} at (17,19) size 8x16
                text run at (17,19) width 8: "3"
          RenderTableRow {TR} at (0,53) size 153x53
            RenderTableCell {TD} at (0,55) size 52x49 [border: (1px solid #FF0000)] [r=1 c=0 rs=1 cs=1]
              RenderText {#text} at (19,17) size 8x16
                text run at (19,17) width 8: "4"
            RenderTableCell {TD} at (52,53) size 50x53 [border: (3px dashed #0000FF)] [r=1 c=1 rs=1 cs=1]
              RenderText {#text} at (19,19) size 8x16
                text run at (19,19) width 8: "5"
            RenderTableCell {TD} at (102,53) size 51x53 [border: (3px solid #008000)] [r=1 c=2 rs=1 cs=1]
              RenderText {#text} at (19,19) size 8x16
                text run at (19,19) width 8: "6"
          RenderTableRow {TR} at (0,106) size 153x51
            RenderTableCell {TD} at (0,107) size 52x49 [border: (1px solid #FF0000)] [r=2 c=0 rs=1 cs=1]
              RenderText {#text} at (19,17) size 8x16
                text run at (19,17) width 8: "7"
            RenderTableCell {TD} at (52,106) size 50x51 [border: (3px solid #FF0000)] [r=2 c=1 rs=1 cs=1]
              RenderText {#text} at (18,19) size 8x16
                text run at (18,19) width 8: "8"
            RenderTableCell {TD} at (102,106) size 51x51 [border: (3px solid #FF0000)] [r=2 c=2 rs=1 cs=1]
              RenderText {#text} at (17,19) size 8x16
                text run at (17,19) width 8: "9"
          RenderTableRow {TR} at (0,157) size 153x49
            RenderTableCell {TD} at (0,157) size 52x49 [border: (1px solid #FF0000)] [r=3 c=0 rs=1 cs=1]
              RenderText {#text} at (19,17) size 16x16
                text run at (19,17) width 16: "10"
            RenderTableCell {TD} at (52,157) size 50x49 [border: (1px solid #FF0000)] [r=3 c=1 rs=1 cs=1]
              RenderText {#text} at (18,17) size 16x16
                text run at (18,17) width 16: "11"
            RenderTableCell {TD} at (102,157) size 51x49 [border: (1px solid #FF0000)] [r=3 c=2 rs=1 cs=1]
              RenderText {#text} at (17,17) size 16x16
                text run at (17,17) width 16: "12"
          RenderTableRow {TR} at (0,206) size 153x51
            RenderTableCell {TD} at (0,206) size 52x51 [border: (1px solid #FF0000)] [r=4 c=0 rs=1 cs=1]
              RenderText {#text} at (19,17) size 16x16
                text run at (19,17) width 16: "13"
            RenderTableCell {TD} at (52,206) size 50x51 [border: (1px solid #FF0000)] [r=4 c=1 rs=1 cs=1]
              RenderText {#text} at (18,17) size 16x16
                text run at (18,17) width 16: "14"
            RenderTableCell {TD} at (102,206) size 51x51 [border: (1px solid #FF0000)] [r=4 c=2 rs=1 cs=1]
              RenderText {#text} at (17,17) size 16x16
                text run at (17,17) width 16: "15"
      RenderBlock {P} at (0,420) size 784x52
        RenderText {#text} at (0,0) size 366x16
          text run at (0,0) width 366: "This is an example rendering for the previous table from "
        RenderInline {A} at (0,0) size 713x32 [color=#0000EE]
          RenderText {#text} at (365,0) size 713x32
            text run at (365,0) width 348: "http://www.w3.org/TR/REC-CSS2/images/tbl-border-"
            text run at (0,16) width 71: "conflict.gif"
        RenderText {#text} at (70,16) size 10x16
          text run at (70,16) width 10: ": "
        RenderBR {BR} at (0,0) size 0x0
        RenderImage {IMG} at (0,32) size 221x20
        RenderText {#text} at (0,0) size 0x0
      RenderBlock {P} at (0,488) size 784x32
        RenderText {#text} at (0,0) size 768x32
          text run at (0,0) width 500: "Following table should have 2px solid black line between rows. There should "
          text run at (499,0) width 269: "be a total of two lines. There will be three"
          text run at (0,16) width 218: "lines if user agent doesn't support "
        RenderInline {CODE} at (0,0) size 111x13
          RenderText {#text} at (217,18) size 111x13
            text run at (217,18) width 111: "tr:first-child"
        RenderText {#text} at (327,16) size 5x16
          text run at (327,16) width 5: "."
      RenderTable {TABLE} at (0,536) size 150x60 [border: (1px none #808080)]
        RenderTableSection {TBODY} at (0,1) size 150x59
          RenderTableRow {TR} at (0,0) size 150x20 [border: (2px solid #000000) none]
            RenderTableCell {TD} at (0,0) size 50x20 [border: (1px none #000000)] [r=0 c=0 rs=1 cs=1]
              RenderText {#text} at (21,2) size 8x16
                text run at (21,2) width 8: "a"
            RenderTableCell {TD} at (50,0) size 50x20 [border: (1px none #000000)] [r=0 c=1 rs=1 cs=1]
              RenderText {#text} at (20,2) size 10x16
                text run at (20,2) width 10: "b"
            RenderTableCell {TD} at (100,0) size 50x20 [border: (1px none #000000)] [r=0 c=2 rs=1 cs=1]
              RenderText {#text} at (21,2) size 8x16
                text run at (21,2) width 8: "c"
          RenderTableRow {TR} at (0,20) size 150x20 [border: (2px solid #000000) none]
            RenderTableCell {TD} at (0,20) size 50x20 [border: (1px none #000000)] [r=1 c=0 rs=1 cs=1]
              RenderText {#text} at (21,2) size 8x16
                text run at (21,2) width 8: "3"
            RenderTableCell {TD} at (50,20) size 50x20 [border: (1px none #000000)] [r=1 c=1 rs=1 cs=1]
              RenderText {#text} at (21,2) size 8x16
                text run at (21,2) width 8: "4"
            RenderTableCell {TD} at (100,20) size 50x20 [border: (1px none #000000)] [r=1 c=2 rs=1 cs=1]
              RenderText {#text} at (21,2) size 8x16
                text run at (21,2) width 8: "5"
          RenderTableRow {TR} at (0,40) size 150x19 [border: (2px solid #000000) none]
            RenderTableCell {TD} at (0,40) size 50x19 [border: (1px none #000000)] [r=2 c=0 rs=1 cs=1]
              RenderText {#text} at (21,2) size 8x16
                text run at (21,2) width 8: "5"
            RenderTableCell {TD} at (50,40) size 50x19 [border: (1px none #000000)] [r=2 c=1 rs=1 cs=1]
              RenderText {#text} at (17,2) size 16x16
                text run at (17,2) width 16: "12"
            RenderTableCell {TD} at (100,40) size 50x19 [border: (1px none #000000)] [r=2 c=2 rs=1 cs=1]
              RenderText {#text} at (17,2) size 16x16
                text run at (17,2) width 16: "13"
