layer at (0,0) size 800x600
  RenderView at (0,0) size 800x600
layer at (0,0) size 800x600
  RenderBlock {HTML} at (0,0) size 800x600
    RenderBody {BODY} at (8,8) size 784x584
      RenderBlock {P} at (0,0) size 784x18
        RenderText {#text} at (0,0) size 537x17
          text run at (0,0) width 537: "The two divs below should be on the same line, since they are display: inline-block."
      RenderBlock {CENTER} at (0,34) size 784x22
        RenderBlock {DIV} at (88,0) size 304x22 [border: (2px solid #0000FF)]
          RenderText {#text} at (102,2) size 100x17
            text run at (102,2) width 100: "This is div one."
        RenderBlock {DIV} at (392,0) size 304x22 [border: (2px solid #0000FF)]
          RenderText {#text} at (102,2) size 100x17
            text run at (102,2) width 100: "This is div two."
        RenderText {#text} at (0,0) size 0x0
      RenderBlock {P} at (0,72) size 784x18
        RenderText {#text} at (0,0) size 743x17
          text run at (0,0) width 743: "The two marquees below should be on separate lines, since marquees fill the width of a containing block by default."
      RenderBlock {P} at (0,106) size 784x36
        RenderText {#text} at (0,0) size 779x35
          text run at (0,0) width 779: "This test uses white characters to make the result image deterministic. (Otherwise, the result image changes depending on"
          text run at (0,18) width 652: "when the content_shell takes a snapshot.) In order to run this test manually, change the color to black."
      RenderBlock (anonymous) at (0,158) size 784x44
        RenderInline {SPAN} at (0,0) size 784x39
          RenderText {#text} at (0,0) size 0x0
          RenderText {#text} at (0,0) size 0x0
          RenderText {#text} at (0,0) size 0x0
        RenderText {#text} at (0,0) size 0x0
layer at (8,166) size 784x22 clip at (10,168) size 780x18
  RenderBlock {MARQUEE} at (0,0) size 784x22 [border: (2px solid #008000)]
    RenderBlock {DIV} at (2,2) size 780x18
      RenderInline {SPAN} at (0,0) size 99x17 [color=#FFFFFF]
        RenderText {#text} at (0,0) size 99x17
          text run at (0,0) width 99: "This is div one."
layer at (8,188) size 784x22 clip at (10,190) size 780x18
  RenderBlock {MARQUEE} at (0,22) size 784x22 [border: (2px solid #008000)]
    RenderBlock {DIV} at (2,2) size 780x18
      RenderInline {SPAN} at (0,0) size 100x17 [color=#FFFFFF]
        RenderText {#text} at (0,0) size 100x17
          text run at (0,0) width 100: "This is div two."
