layer at (0,0) size 785x2349
  RenderView at (0,0) size 785x600
layer at (0,0) size 785x2349
  RenderBlock {HTML} at (0,0) size 785x2349
    RenderBody {BODY} at (8,8) size 769x2333 [bgcolor=#CCCCCC]
      RenderBlock {P} at (0,0) size 769x18
        RenderText {#text} at (0,0) size 363x17
          text run at (0,0) width 363: "The style declarations which apply to the text below are:"
      RenderBlock {PRE} at (0,34) size 769x128
        RenderText {#text} at (0,0) size 504x128
          text run at (0,0) width 208: "IMG.one {display: inline;}"
          text run at (208,0) width 0: " "
          text run at (0,16) width 200: "IMG.two {display: block;}"
          text run at (200,16) width 0: " "
          text run at (0,32) width 208: "IMG.three {display: block;"
          text run at (208,32) width 0: " "
          text run at (0,48) width 504: "           margin-right: auto; margin-left: auto; width: auto;}"
          text run at (504,48) width 0: " "
          text run at (0,64) width 200: "IMG.four {display: block;"
          text run at (200,64) width 0: " "
          text run at (0,80) width 488: "          margin-right: auto; margin-left: auto; width: 50%;}"
          text run at (488,80) width 0: " "
          text run at (0,96) width 200: "IMG.five {display: block;"
          text run at (200,96) width 0: " "
          text run at (0,112) width 464: "          margin-right: 0; margin-left: auto; width: 50%;}"
          text run at (464,112) width 0: " "
      RenderBlock {HR} at (0,175) size 769x2 [border: (1px inset #EEEEEE)]
      RenderBlock {P} at (0,193) size 769x19
        RenderImage {IMG} at (0,0) size 15x15
        RenderText {#text} at (15,1) size 442x17
          text run at (15,1) width 442: "The image at the beginning of this sentence should be a 15px square."
      RenderImage {IMG} at (0,228) size 15x15
      RenderBlock {P} at (0,259) size 769x18
        RenderText {#text} at (0,0) size 498x17
          text run at (0,0) width 498: "The above image should be a 15px square with the same left edge as this text."
      RenderImage {IMG} at (377,293) size 15x15
      RenderBlock {P} at (0,324) size 769x18
        RenderText {#text} at (0,0) size 407x17
          text run at (0,0) width 407: "The above image should be a 15px square aligned at the center."
      RenderImage {IMG} at (192.25,358) size 384.50x385
      RenderBlock {P} at (0,759) size 769x36
        RenderText {#text} at (0,0) size 738x35
          text run at (0,0) width 738: "The above image should be a square resized so its width is 50% of the its parent element, and centered horizontally"
          text run at (0,18) width 172: "within the parent element: "
          text run at (171,18) width 404: "the document body in the first half, and the table in the second."
      RenderImage {IMG} at (384.50,811) size 384.50x385
      RenderBlock {P} at (0,1212) size 769x36
        RenderText {#text} at (0,0) size 750x35
          text run at (0,0) width 750: "The above image should be a square resized so its width is 50% of its parent element, and aligned at the right edge of"
          text run at (0,18) width 127: "the parent element: "
          text run at (126,18) width 405: "the document body in the first half, and the table in the second."
      RenderTable {TABLE} at (0,1264) size 769x1069 [border: (1px outset #808080)]
        RenderTableSection {TBODY} at (1,1) size 767x1067
          RenderTableRow {TR} at (0,0) size 767x26
            RenderTableCell {TD} at (0,0) size 767x26 [bgcolor=#C0C0C0] [border: (1px inset #808080)] [r=0 c=0 rs=1 cs=2]
              RenderInline {STRONG} at (0,0) size 163x17
                RenderText {#text} at (4,4) size 163x17
                  text run at (4,4) width 163: "TABLE Testing Section"
          RenderTableRow {TR} at (0,26) size 767x1041
            RenderTableCell {TD} at (0,533) size 12x26 [bgcolor=#C0C0C0] [border: (1px inset #808080)] [r=1 c=0 rs=1 cs=1]
              RenderText {#text} at (4,4) size 4x17
                text run at (4,4) width 4: " "
            RenderTableCell {TD} at (12,26) size 755x1041 [border: (1px inset #808080)] [r=1 c=1 rs=1 cs=1]
              RenderBlock {P} at (4,4) size 747x19
                RenderImage {IMG} at (0,0) size 15x15
                RenderText {#text} at (15,1) size 442x17
                  text run at (15,1) width 442: "The image at the beginning of this sentence should be a 15px square."
              RenderImage {IMG} at (4,39) size 15x15
              RenderBlock {P} at (4,70) size 747x18
                RenderText {#text} at (0,0) size 498x17
                  text run at (0,0) width 498: "The above image should be a 15px square with the same left edge as this text."
              RenderImage {IMG} at (370,104) size 15x15
              RenderBlock {P} at (4,135) size 747x18
                RenderText {#text} at (0,0) size 407x17
                  text run at (0,0) width 407: "The above image should be a 15px square aligned at the center."
              RenderImage {IMG} at (190.75,169) size 373.50x374
              RenderBlock {P} at (4,559) size 747x36
                RenderText {#text} at (0,0) size 738x35
                  text run at (0,0) width 738: "The above image should be a square resized so its width is 50% of the its parent element, and centered horizontally"
                  text run at (0,18) width 172: "within the parent element: "
                  text run at (171,18) width 404: "the document body in the first half, and the table in the second."
              RenderImage {IMG} at (377.50,611) size 373.50x374
              RenderBlock {P} at (4,1001) size 747x36
                RenderText {#text} at (0,0) size 733x35
                  text run at (0,0) width 733: "The above image should be a square resized so its width is 50% of its parent element, and aligned at the right edge"
                  text run at (0,18) width 144: "of the parent element: "
                  text run at (143,18) width 405: "the document body in the first half, and the table in the second."
