layer at (0,0) size 800x600
  RenderView at (0,0) size 800x600
layer at (0,0) size 800x532
  RenderBlock {HTML} at (0,0) size 800x532
    RenderBody {BODY} at (8,16) size 784x454
      RenderBlock {P} at (0,0) size 784x32
        RenderText {#text} at (0,0) size 157x16
          text run at (0,0) width 157: "Mask version of test for "
        RenderInline {I} at (0,0) size 767x32
          RenderInline {A} at (0,0) size 299x16 [color=#0000EE]
            RenderText {#text} at (156,0) size 299x16
              text run at (156,0) width 299: "http://bugs.webkit.org/show_bug.cgi?id=5399"
          RenderText {#text} at (454,0) size 767x32
            text run at (454,0) width 5: " "
            text run at (458,0) width 309: "no-repeat on negatively positioned fill images is"
            text run at (0,16) width 50: "ignored"
        RenderText {#text} at (49,16) size 5x16
          text run at (49,16) width 5: "."
      RenderBlock {P} at (0,48) size 784x16
        RenderText {#text} at (0,0) size 423x16
          text run at (0,0) width 423: "Element with mask image starting at (-13, -13) with no-repeat set:"
      RenderBlock {P} at (0,126) size 784x16
        RenderText {#text} at (0,0) size 415x16
          text run at (0,0) width 415: "Element with mask image starting at (-13, -13) with repeat-y set:"
      RenderBlock {P} at (0,204) size 784x16
        RenderText {#text} at (0,0) size 415x16
          text run at (0,0) width 415: "Element with mask image starting at (-13, -13) with repeat-x set:"
      RenderBlock {P} at (0,282) size 784x16
        RenderText {#text} at (0,0) size 412x16
          text run at (0,0) width 412: "Element with mask image starting at (13, 13) with no-repeat set:"
      RenderBlock {P} at (0,360) size 784x16
        RenderText {#text} at (0,0) size 404x16
          text run at (0,0) width 404: "Element with mask image starting at (13, 13) with repeat-y set:"
      RenderBlock {P} at (0,438) size 784x16
        RenderText {#text} at (0,0) size 404x16
          text run at (0,0) width 404: "Element with mask image starting at (13, 13) with repeat-x set:"
layer at (14,102) size 34x34 transparent
  RenderBlock (floating) {DIV} at (6,86) size 34x34 [bgcolor=#000000] [border: (1px dotted #008000)]
layer at (60,102) size 29x29 transparent
  RenderBlock (floating) {DIV} at (52,86) size 29x29 [bgcolor=#000000] [border: (1px dotted #008000)]
layer at (101,102) size 24x24 transparent
  RenderBlock (floating) {DIV} at (93,86) size 24x24 [bgcolor=#000000] [border: (1px dotted #008000)]
layer at (14,180) size 34x34 transparent
  RenderBlock (floating) {DIV} at (6,164) size 34x34 [bgcolor=#000000] [border: (1px dotted #008000)]
layer at (60,180) size 29x29 transparent
  RenderBlock (floating) {DIV} at (52,164) size 29x29 [bgcolor=#000000] [border: (1px dotted #008000)]
layer at (101,180) size 24x24 transparent
  RenderBlock (floating) {DIV} at (93,164) size 24x24 [bgcolor=#000000] [border: (1px dotted #008000)]
layer at (14,258) size 34x34 transparent
  RenderBlock (floating) {DIV} at (6,242) size 34x34 [bgcolor=#000000] [border: (1px dotted #008000)]
layer at (60,258) size 29x29 transparent
  RenderBlock (floating) {DIV} at (52,242) size 29x29 [bgcolor=#000000] [border: (1px dotted #008000)]
layer at (101,258) size 24x24 transparent
  RenderBlock (floating) {DIV} at (93,242) size 24x24 [bgcolor=#000000] [border: (1px dotted #008000)]
layer at (14,336) size 34x34 transparent
  RenderBlock (floating) {DIV} at (6,320) size 34x34 [bgcolor=#000000] [border: (1px dotted #008000)]
layer at (60,336) size 29x29 transparent
  RenderBlock (floating) {DIV} at (52,320) size 29x29 [bgcolor=#000000] [border: (1px dotted #008000)]
layer at (101,336) size 24x24 transparent
  RenderBlock (floating) {DIV} at (93,320) size 24x24 [bgcolor=#000000] [border: (1px dotted #008000)]
layer at (14,414) size 34x34 transparent
  RenderBlock (floating) {DIV} at (6,398) size 34x34 [bgcolor=#000000] [border: (1px dotted #008000)]
layer at (60,414) size 29x29 transparent
  RenderBlock (floating) {DIV} at (52,398) size 29x29 [bgcolor=#000000] [border: (1px dotted #008000)]
layer at (101,414) size 24x24 transparent
  RenderBlock (floating) {DIV} at (93,398) size 24x24 [bgcolor=#000000] [border: (1px dotted #008000)]
layer at (14,492) size 34x34 transparent
  RenderBlock (floating) {DIV} at (6,476) size 34x34 [bgcolor=#000000] [border: (1px dotted #008000)]
layer at (60,492) size 29x29 transparent
  RenderBlock (floating) {DIV} at (52,476) size 29x29 [bgcolor=#000000] [border: (1px dotted #008000)]
layer at (101,492) size 24x24 transparent
  RenderBlock (floating) {DIV} at (93,476) size 24x24 [bgcolor=#000000] [border: (1px dotted #008000)]
