layer at (0,0) size 800x600
  RenderView at (0,0) size 800x600
layer at (0,0) size 800x532
  RenderBlock {HTML} at (0,0) size 800x532
    RenderBody {BODY} at (8,16) size 784x454
      RenderBlock {P} at (0,0) size 784x32
        RenderText {#text} at (0,0) size 55x16
          text run at (0,0) width 55: "Test for "
        RenderInline {I} at (0,0) size 734x32
          RenderInline {A} at (0,0) size 298x16 [color=#0000EE]
            RenderText {#text} at (54,0) size 298x16
              text run at (54,0) width 298: "http://bugs.webkit.org/show_bug.cgi?id=5399"
          RenderText {#text} at (351,0) size 734x32
            text run at (351,0) width 5: " "
            text run at (355,0) width 379: "no-repeat on negatively positioned background images are"
            text run at (0,16) width 50: "ignored"
        RenderText {#text} at (49,16) size 5x16
          text run at (49,16) width 5: "."
      RenderBlock {P} at (0,48) size 784x16
        RenderText {#text} at (0,0) size 465x16
          text run at (0,0) width 465: "Element with background image starting at (-13, -13) with no-repeat set:"
      RenderBlock (floating) {DIV} at (6,86) size 34x34 [border: (1px dotted #008000)]
      RenderBlock (floating) {DIV} at (52,86) size 29x29 [border: (1px dotted #008000)]
      RenderBlock (floating) {DIV} at (93,86) size 24x24 [border: (1px dotted #008000)]
      RenderBlock {P} at (0,126) size 784x16
        RenderText {#text} at (0,0) size 457x16
          text run at (0,0) width 457: "Element with background image starting at (-13, -13) with repeat-y set:"
      RenderBlock (floating) {DIV} at (6,164) size 34x34 [border: (1px dotted #008000)]
      RenderBlock (floating) {DIV} at (52,164) size 29x29 [border: (1px dotted #008000)]
      RenderBlock (floating) {DIV} at (93,164) size 24x24 [border: (1px dotted #008000)]
      RenderBlock {P} at (0,204) size 784x16
        RenderText {#text} at (0,0) size 457x16
          text run at (0,0) width 457: "Element with background image starting at (-13, -13) with repeat-x set:"
      RenderBlock (floating) {DIV} at (6,242) size 34x34 [border: (1px dotted #008000)]
      RenderBlock (floating) {DIV} at (52,242) size 29x29 [border: (1px dotted #008000)]
      RenderBlock (floating) {DIV} at (93,242) size 24x24 [border: (1px dotted #008000)]
      RenderBlock {P} at (0,282) size 784x16
        RenderText {#text} at (0,0) size 454x16
          text run at (0,0) width 454: "Element with background image starting at (13, 13) with no-repeat set:"
      RenderBlock (floating) {DIV} at (6,320) size 34x34 [border: (1px dotted #008000)]
      RenderBlock (floating) {DIV} at (52,320) size 29x29 [border: (1px dotted #008000)]
      RenderBlock (floating) {DIV} at (93,320) size 24x24 [border: (1px dotted #008000)]
      RenderBlock {P} at (0,360) size 784x16
        RenderText {#text} at (0,0) size 446x16
          text run at (0,0) width 446: "Element with background image starting at (13, 13) with repeat-y set:"
      RenderBlock (floating) {DIV} at (6,398) size 34x34 [border: (1px dotted #008000)]
      RenderBlock (floating) {DIV} at (52,398) size 29x29 [border: (1px dotted #008000)]
      RenderBlock (floating) {DIV} at (93,398) size 24x24 [border: (1px dotted #008000)]
      RenderBlock {P} at (0,438) size 784x16
        RenderText {#text} at (0,0) size 446x16
          text run at (0,0) width 446: "Element with background image starting at (13, 13) with repeat-x set:"
      RenderBlock (floating) {DIV} at (6,476) size 34x34 [border: (1px dotted #008000)]
      RenderBlock (floating) {DIV} at (52,476) size 29x29 [border: (1px dotted #008000)]
      RenderBlock (floating) {DIV} at (93,476) size 24x24 [border: (1px dotted #008000)]
