layer at (0,0) size 800x600
  RenderView at (0,0) size 800x600
layer at (0,0) size 800x144
  RenderBlock {test} at (0,0) size 800x144
    RenderBlock {p} at (0,16) size 800x16
      RenderText {#text} at (0,0) size 225x16
        text run at (0,0) width 225: "This paragraph should be unstyled."
    RenderBlock {q} at (0,48) size 800x16 [bgcolor=#00FF00]
      RenderText {#text} at (0,0) size 308x16
        text run at (0,0) width 308: "This paragraph should have a green background"
    RenderBlock {s} at (0,80) size 800x16
      RenderText {#text} at (0,0) size 225x16
        text run at (0,0) width 225: "This paragraph should be unstyled."
    RenderBlock {r} at (0,112) size 800x16
      RenderText {#text} at (0,0) size 225x16
        text run at (0,0) width 225: "This paragraph should be unstyled."
