layer at (0,0) size 800x600
  RenderView at (0,0) size 800x600
layer at (0,0) size 800x134
  RenderBlock {test} at (0,0) size 800x134
    RenderBlock {div} at (0,16) size 800x48
      RenderBlock {p} at (0,0) size 800x16 [bgcolor=#00FF00]
        RenderText {#text} at (0,0) size 308x16
          text run at (0,0) width 308: "This paragraph should have a green background"
      RenderBlock {div} at (0,32) size 800x16
        RenderBlock {p} at (0,0) size 800x16 [bgcolor=#00FF00]
          RenderText {#text} at (0,0) size 308x16
            text run at (0,0) width 308: "This paragraph should have a green background"
    RenderTable {table} at (0,80) size 231x54
      RenderTableSection {tbody} at (0,0) size 231x54
        RenderTableRow {tr} at (0,2) size 231x50
          RenderTableCell {td} at (2,2) size 227x50 [r=0 c=0 rs=1 cs=1]
            RenderBlock {p} at (1,17) size 225x16
              RenderText {#text} at (0,0) size 225x16
                text run at (0,0) width 225: "This paragraph should be unstyled."
