layer at (0,0) size 800x600
  RenderView at (0,0) size 800x600
layer at (0,0) size 800x32
  RenderBlock {test} at (0,0) size 800x32
    RenderBlock {div} at (0,0) size 800x16
      RenderText {#text} at (0,0) size 157x16
        text run at (0,0) width 157: "This should be unstyled."
    RenderBlock {div} at (0,16) size 800x16 [bgcolor=#00FF00]
      RenderText {#text} at (0,0) size 244x16
        text run at (0,0) width 244: "This should have a green background."
