layer at (0,0) size 800x600
  RenderView at (0,0) size 800x600
layer at (0,0) size 800x48
  RenderBlock {test} at (0,0) size 800x48
    RenderBlock {div} at (0,16) size 800x16 [color=#008000]
      RenderBlock {p} at (0,0) size 800x16
        RenderText {#text} at (0,0) size 166x16
          text run at (0,0) width 166: "This line should be green."
