layer at (0,0) size 800x600
  RenderView at (0,0) size 800x600
layer at (0,0) size 800x118
  RenderBlock {test} at (0,0) size 800x118
    RenderBlock {div} at (0,0) size 800x70
      RenderTable {table} at (0,0) size 168x70 [border: (1px outset #808080)]
        RenderTableSection (anonymous) at (1,1) size 166x68
          RenderTableRow {tr} at (0,2) size 166x20
            RenderTableCell {td} at (2,2) size 24x20 [border: (1px solid #000000)] [r=0 c=0 rs=1 cs=1]
              RenderText {#text} at (2,2) size 20x16
                text run at (2,2) width 20: "1.1"
            RenderTableCell {td} at (28,2) size 67x20 [bgcolor=#00FF00] [border: (1px solid #000000)] [r=0 c=1 rs=1 cs=1]
              RenderText {#text} at (2,2) size 63x16
                text run at (2,2) width 63: "green cell"
            RenderTableCell {td} at (97,2) size 67x20 [bgcolor=#00FF00] [border: (1px solid #000000)] [r=0 c=2 rs=1 cs=1]
              RenderText {#text} at (2,2) size 63x16
                text run at (2,2) width 63: "green cell"
          RenderTableRow {tr} at (0,24) size 166x20
            RenderTableCell {td} at (2,24) size 24x20 [border: (1px solid #000000)] [r=1 c=0 rs=1 cs=1]
              RenderText {#text} at (2,2) size 20x16
                text run at (2,2) width 20: "2.1"
            RenderTableCell {td} at (28,24) size 67x20 [bgcolor=#00FF00] [border: (1px solid #000000)] [r=1 c=1 rs=1 cs=1]
              RenderText {#text} at (2,2) size 63x16
                text run at (2,2) width 63: "green cell"
            RenderTableCell {td} at (97,24) size 67x20 [bgcolor=#00FF00] [border: (1px solid #000000)] [r=1 c=2 rs=1 cs=1]
              RenderText {#text} at (2,2) size 63x16
                text run at (2,2) width 63: "green cell"
          RenderTableRow {tr} at (0,46) size 166x20
            RenderTableCell {td} at (2,46) size 24x20 [border: (1px solid #000000)] [r=2 c=0 rs=1 cs=1]
              RenderText {#text} at (2,2) size 20x16
                text run at (2,2) width 20: "3.1"
            RenderTableCell {td} at (28,46) size 67x20 [bgcolor=#00FF00] [border: (1px solid #000000)] [r=2 c=1 rs=1 cs=1]
              RenderText {#text} at (2,2) size 63x16
                text run at (2,2) width 63: "green cell"
            RenderTableCell {td} at (97,46) size 67x20 [bgcolor=#00FF00] [border: (1px solid #000000)] [r=2 c=2 rs=1 cs=1]
              RenderText {#text} at (2,2) size 63x16
                text run at (2,2) width 63: "green cell"
    RenderBlock {p} at (0,86) size 800x16
      RenderText {#text} at (0,0) size 101x16
        text run at (0,0) width 101: "This paragraph "
      RenderInline {span} at (0,0) size 63x16
        RenderText {#text} at (100,0) size 63x16
          text run at (100,0) width 63: "should be"
      RenderText {#text} at (162,0) size 63x16
        text run at (162,0) width 63: " unstyled."
