layer at (0,0) size 800x600
  RenderView at (0,0) size 800x600
layer at (0,0) size 800x128
  RenderBlock {test} at (0,0) size 800x128
    RenderBlock {div} at (0,0) size 800x112
      RenderBlock {address} at (0,0) size 800x16 [color=#008000]
        RenderText {#text} at (0,0) size 281x16
          text run at (0,0) width 281: "This address should be in green characters."
      RenderBlock {s} at (0,32) size 800x16 [color=#008000]
        RenderText {#text} at (0,0) size 291x16
          text run at (0,0) width 291: "This paragraph should be in green characters."
      RenderBlock {t} at (0,64) size 800x16 [color=#008000]
        RenderText {#text} at (0,0) size 291x16
          text run at (0,0) width 291: "This paragraph should be in green characters."
      RenderBlock {u} at (0,96) size 800x16 [color=#FF0000]
        RenderInline {v} at (0,0) size 291x16 [color=#008000]
          RenderText {#text} at (0,0) size 291x16
            text run at (0,0) width 291: "This paragraph should be in green characters."
        RenderText {#text} at (0,0) size 0x0
