layer at (0,0) size 800x600
  RenderView at (0,0) size 800x600
layer at (0,0) size 800x208
  RenderBlock {test} at (0,0) size 800x208
    RenderBlock {p} at (0,16) size 800x16 [color=#008000]
      RenderText {#text} at (0,0) size 166x16
        text run at (0,0) width 166: "This text should be green."
    RenderBlock {p} at (0,48) size 800x16 [color=#008000]
      RenderText {#text} at (0,0) size 166x16
        text run at (0,0) width 166: "This text should be green."
    RenderBlock {p} at (0,80) size 800x16 [color=#008000]
      RenderText {#text} at (0,0) size 166x16
        text run at (0,0) width 166: "This text should be green."
    RenderBlock {p} at (0,112) size 800x16 [color=#008000]
      RenderText {#text} at (0,0) size 166x16
        text run at (0,0) width 166: "This text should be green."
    RenderBlock {p} at (0,144) size 800x16 [color=#008000]
      RenderText {#text} at (0,0) size 166x16
        text run at (0,0) width 166: "This text should be green."
    RenderBlock {p} at (0,176) size 800x16 [color=#008000]
      RenderText {#text} at (0,0) size 166x16
        text run at (0,0) width 166: "This text should be green."
