layer at (0,0) size 800x600
  RenderView at (0,0) size 800x600
layer at (0,0) size 800x144
  RenderBlock {test} at (0,0) size 800x144
    RenderBlock {div} at (0,16) size 800x112
      RenderBlock {div} at (0,0) size 800x112 [color=#008000]
        RenderBlock {p} at (0,0) size 800x16
          RenderText {#text} at (0,0) size 166x16
            text run at (0,0) width 166: "This line should be green."
        RenderBlock {p} at (0,32) size 800x16
          RenderText {#text} at (0,0) size 166x16
            text run at (0,0) width 166: "This line should be green."
        RenderBlock {p} at (0,64) size 800x16
          RenderInline {SPAN} at (0,0) size 166x16
            RenderText {#text} at (0,0) size 166x16
              text run at (0,0) width 166: "This line should be green."
        RenderBlock {p} at (0,96) size 800x16 [color=#FF0000]
          RenderInline {SPAN} at (0,0) size 166x16 [color=#008000]
            RenderText {#text} at (0,0) size 166x16
              text run at (0,0) width 166: "This line should be green."
