layer at (0,0) size 800x600
  RenderView at (0,0) size 800x600
layer at (0,0) size 800x112
  RenderBlock {test} at (0,0) size 800x112
    RenderBlock {div} at (0,16) size 800x80
      RenderBlock {p} at (0,0) size 800x16 [color=#00FF00]
        RenderText {#text} at (0,0) size 291x16
          text run at (0,0) width 291: "This paragraph should be in green characters."
      RenderBlock {p} at (0,32) size 800x16 [color=#00FF00]
        RenderText {#text} at (0,0) size 291x16
          text run at (0,0) width 291: "This paragraph should be in green characters."
      RenderBlock {p} at (0,64) size 800x16 [color=#FF0000]
        RenderInline {span} at (0,0) size 291x16 [color=#00FF00]
          RenderText {#text} at (0,0) size 291x16
            text run at (0,0) width 291: "This paragraph should be in green characters."
        RenderText {#text} at (0,0) size 0x0
