layer at (0,0) size 800x600
  RenderView at (0,0) size 800x600
layer at (0,0) size 800x32
  RenderBlock {test} at (0,0) size 800x32
    RenderBlock {div} at (0,0) size 800x16
      RenderBlock {t} at (0,0) size 800x16 [color=#008000]
        RenderText {#text} at (0,0) size 291x16
          text run at (0,0) width 291: "This paragraph should be in green characters."
