layer at (0,0) size 800x600
  RenderView at (0,0) size 800x600
layer at (0,0) size 800x96
  RenderBlock {test} at (0,0) size 800x96
    RenderBlock {ul} at (0,16) size 800x32
      RenderListItem {li} at (40,0) size 760x16 [bgcolor=#00FF00]
        RenderListMarker at (-16,0) size 6x16: bullet
        RenderText {#text} at (0,0) size 311x16
          text run at (0,0) width 311: "The background of this list item should be green"
      RenderListItem {li} at (40,16) size 760x16 [bgcolor=#00FF00]
        RenderListMarker at (-16,0) size 6x16: bullet
        RenderText {#text} at (0,0) size 389x16
          text run at (0,0) width 389: "The background of this second list item should be also green"
    RenderBlock {p} at (0,64) size 800x16 [bgcolor=#00FF00]
      RenderText {#text} at (0,0) size 327x16
        text run at (0,0) width 327: "The background of this paragraph should be green."
