layer at (0,0) size 800x600
  RenderView at (0,0) size 800x600
layer at (0,0) size 800x176
  RenderBlock {test} at (0,0) size 800x176
    RenderBlock (anonymous) at (0,0) size 800x0
      RenderInline {test} at (0,0) size 0x0
        RenderText {#text} at (0,0) size 0x0
    RenderBlock (anonymous) at (0,0) size 800x176
      RenderBlock {line} at (0,0) size 800x16 [bgcolor=#00FF00]
        RenderText {#text} at (0,0) size 166x16
          text run at (0,0) width 166: "This line should be green."
      RenderBlock {line} at (0,16) size 800x16
        RenderText {#text} at (0,0) size 185x16
          text run at (0,0) width 185: "This line should be unstyled."
      RenderBlock {line} at (0,32) size 800x16
        RenderText {#text} at (0,0) size 185x16
          text run at (0,0) width 185: "This line should be unstyled."
      RenderBlock {line} at (0,48) size 800x16 [bgcolor=#00FF00]
        RenderText {#text} at (0,0) size 166x16
          text run at (0,0) width 166: "This line should be green."
      RenderBlock {line} at (0,64) size 800x16
        RenderText {#text} at (0,0) size 185x16
          text run at (0,0) width 185: "This line should be unstyled."
      RenderBlock {line} at (0,80) size 800x16 [bgcolor=#00FF00]
        RenderText {#text} at (0,0) size 166x16
          text run at (0,0) width 166: "This line should be green."
      RenderBlock {line} at (0,96) size 800x16 [bgcolor=#00FF00]
        RenderText {#text} at (0,0) size 166x16
          text run at (0,0) width 166: "This line should be green."
      RenderBlock {line} at (0,112) size 800x16
        RenderText {#text} at (0,0) size 185x16
          text run at (0,0) width 185: "This line should be unstyled."
      RenderBlock {line} at (0,128) size 800x16 [bgcolor=#00FF00]
        RenderText {#text} at (0,0) size 166x16
          text run at (0,0) width 166: "This line should be green."
      RenderBlock {line} at (0,144) size 800x16
        RenderText {#text} at (0,0) size 185x16
          text run at (0,0) width 185: "This line should be unstyled."
      RenderBlock {line} at (0,160) size 800x16 [bgcolor=#00FF00]
        RenderText {#text} at (0,0) size 166x16
          text run at (0,0) width 166: "This line should be green."
    RenderBlock (anonymous) at (0,176) size 800x0
      RenderInline {test} at (0,0) size 0x0
      RenderText {#text} at (0,0) size 0x0
