layer at (0,0) size 800x600
  RenderView at (0,0) size 800x600
layer at (0,0) size 800x176
  RenderBlock {test} at (0,0) size 800x176
    RenderBlock {p} at (0,16) size 800x16 [bgcolor=#00FF00]
      RenderText {#text} at (0,0) size 312x16
        text run at (0,0) width 312: "This paragraph should have a green background."
    RenderBlock {address} at (0,48) size 800x16
      RenderText {#text} at (0,0) size 209x16
        text run at (0,0) width 209: "This address should be unstyled."
    RenderBlock {address} at (0,80) size 800x16
      RenderText {#text} at (0,0) size 209x16
        text run at (0,0) width 209: "This address should be unstyled."
    RenderBlock {q} at (0,112) size 800x16 [bgcolor=#00FF00]
      RenderText {#text} at (0,0) size 312x16
        text run at (0,0) width 312: "This paragraph should have a green background."
    RenderBlock {r} at (0,144) size 800x16
      RenderText {#text} at (0,0) size 225x16
        text run at (0,0) width 225: "This paragraph should be unstyled."
