layer at (0,0) size 800x600
  RenderView at (0,0) size 800x600
layer at (0,0) size 800x80
  RenderBlock {test} at (0,0) size 800x80
    RenderBlock {p} at (0,16) size 800x16 [color=#00FF00]
      RenderText {#text} at (0,0) size 166x16
        text run at (0,0) width 166: "This text should be green."
    RenderBlock {p} at (0,48) size 800x16 [color=#00FF00]
      RenderText {#text} at (0,0) size 166x16
        text run at (0,0) width 166: "This text should be green."
