layer at (0,0) size 800x600
  RenderView at (0,0) size 800x600
layer at (0,0) size 800x73
  RenderBlock {test} at (0,0) size 800x73
    RenderBlock {p} at (0,16) size 800x41
      RenderButton {button} at (0,0) size 242.69x22 [bgcolor=#00FF00] [border: (2px outset #C0C0C0)]
        RenderBlock (anonymous) at (8,4) size 226.69x13
          RenderText {#text} at (0,0) size 227x13
            text run at (0,0) width 227: "A button (enabled) with green background"
      RenderText {#text} at (242,3) size 5x16
        text run at (242,3) width 5: " "
      RenderBR {br} at (0,0) size 0x0
      RenderTextControl {input} at (0,22) size 203x19 [bgcolor=#00FF00] [border: (2px inset #EEEEEE)]
      RenderText {#text} at (0,0) size 0x0
layer at (3,41) size 197x13 scrollWidth 238
  RenderBlock {div} at (3,3) size 197x13
    RenderText {#text} at (0,0) size 237x13
      text run at (0,0) width 237: "a text area (enabled) with green background"
