layer at (0,0) size 800x600
  RenderView at (0,0) size 800x600
layer at (0,0) size 800x64
  RenderBlock {test} at (0,0) size 800x64
    RenderBlock {p} at (0,16) size 800x16 [bgcolor=#00FF00]
      RenderText {#text} at (0,0) size 488x16
        text run at (0,0) width 409: "This paragraph should have green background because CLASS "
        text run at (408,0) width 80: "contains \"b\""
    RenderBlock {address} at (0,48) size 800x16 [bgcolor=#00FF00]
      RenderInline {span} at (0,0) size 159x16
        RenderText {#text} at (0,0) size 159x16
          text run at (0,0) width 159: "This address should also"
      RenderText {#text} at (158,0) size 5x16
        text run at (158,0) width 5: " "
      RenderInline {span} at (0,0) size 610x16
        RenderText {#text} at (162,0) size 610x16
          text run at (162,0) width 357: "have green background because the selector in the last "
          text run at (518,0) width 254: "rule does not apply to the inner SPANs."
      RenderText {#text} at (0,0) size 0x0
