layer at (0,0) size 800x600
  RenderView at (0,0) size 800x600
layer at (0,0) size 800x156
  RenderBlock {test} at (0,0) size 800x156
    RenderBlock {div} at (0,16) size 800x86
      RenderBlock {p} at (0,0) size 800x16
        RenderText {#text} at (0,0) size 221x16
          text run at (0,0) width 221: "This paragraph should be unstyled"
      RenderTable {table} at (0,32) size 227x54
        RenderTableSection {tbody} at (0,0) size 227x54
          RenderTableRow {tr} at (0,2) size 227x50
            RenderTableCell {td} at (2,2) size 223x50 [r=0 c=0 rs=1 cs=1]
              RenderBlock {p} at (1,17) size 221x16
                RenderText {#text} at (0,0) size 221x16
                  text run at (0,0) width 221: "This paragraph should be unstyled"
    RenderTable {table} at (0,102) size 314x54
      RenderTableSection {tbody} at (0,0) size 314x54
        RenderTableRow {tr} at (0,2) size 314x50
          RenderTableCell {td} at (2,2) size 310x50 [r=0 c=0 rs=1 cs=1]
            RenderBlock {p} at (1,17) size 308x16 [bgcolor=#00FF00]
              RenderText {#text} at (0,0) size 308x16
                text run at (0,0) width 308: "This paragraph should have a green background"
