CONSOLE ERROR: line 9: Uncaught TypeError: undefined is not a function
layer at (0,0) size 800x600
  RenderView at (0,0) size 800x600
layer at (0,0) size 800x176
  RenderBlock {test} at (0,0) size 800x176
    RenderBlock {p} at (0,16) size 800x16 [color=#000080]
      RenderText {#text} at (0,0) size 515x16
        text run at (0,0) width 515: "This test requires support for two or more of XHTML, xml:id, and DOM3 Core."
    RenderBlock {div} at (0,48) size 800x16 [color=#FF0000]
      RenderText {#text} at (0,0) size 166x16
        text run at (0,0) width 166: "This line should be green."
    RenderBlock {p} at (0,80) size 800x16 [color=#008000]
      RenderText {#text} at (0,0) size 166x16
        text run at (0,0) width 166: "This line should be green."
    RenderBlock {p} at (0,112) size 800x16 [color=#008000]
      RenderText {#text} at (0,0) size 166x16
        text run at (0,0) width 166: "This line should be green."
    RenderBlock {p} at (0,144) size 800x16 [color=#008000]
      RenderText {#text} at (0,0) size 166x16
        text run at (0,0) width 166: "This line should be green."
