layer at (0,0) size 800x600
  RenderView at (0,0) size 800x600
layer at (0,0) size 800x64
  RenderBlock {test} at (0,0) size 800x64
    RenderBlock {p} at (0,16) size 800x32 [color=#008000]
      RenderBR {br} at (0,0) size 0x16
      RenderText {#text} at (0,16) size 166x16
        text run at (0,16) width 166: "This line should be green."
