layer at (0,0) size 800x600
  RenderView at (0,0) size 800x600
layer at (0,0) size 800x112
  RenderBlock {test} at (0,0) size 800x112
    RenderBlock {ul} at (0,16) size 800x32
      RenderListItem {li} at (40,0) size 760x16 [bgcolor=#00FF00]
        RenderListMarker at (-16,0) size 6x16: bullet
        RenderText {#text} at (0,0) size 441x16
          text run at (0,0) width 344: "This list item should be green because its language is "
          text run at (343,0) width 98: "British English"
      RenderListItem {li} at (40,16) size 760x16 [bgcolor=#00FF00]
        RenderListMarker at (-16,0) size 6x16: bullet
        RenderText {#text} at (0,0) size 496x16
          text run at (0,0) width 330: "This list item should be green because its language "
          text run at (329,0) width 167: "is British English (Wales)"
    RenderBlock {ol} at (0,64) size 800x32
      RenderListItem {li} at (40,0) size 760x16
        RenderListMarker at (-20,0) size 16x16: "1"
        RenderText {#text} at (0,0) size 455x16
          text run at (0,0) width 367: "This list item should NOT be green because its language "
          text run at (366,0) width 89: "is US English"
      RenderListItem {li} at (40,16) size 760x16
        RenderListMarker at (-20,0) size 16x16: "2"
        RenderText {#text} at (0,0) size 426x16
          text run at (0,0) width 381: "This list item should NOT be green because its language is "
          text run at (380,0) width 46: "French"
