layer at (0,0) size 800x600
  RenderView at (0,0) size 800x600
layer at (0,0) size 800x600
  RenderBlock {HTML} at (0,0) size 800x600
    RenderBody {BODY} at (8,8) size 784x584
      RenderText {#text} at (0,0) size 247x16
        text run at (0,0) width 247: "The two blue boxes should be aligned."
      RenderBR {BR} at (246,12) size 1x0
      RenderText {#text} at (0,16) size 240x16
        text run at (0,16) width 240: "The two red boxes should be aligned."
      RenderBR {BR} at (239,28) size 1x0
      RenderText {#text} at (0,32) size 344x16
        text run at (0,32) width 344: "The text in the blue boxes should be on the same line."
      RenderBR {BR} at (343,44) size 1x0
      RenderText {#text} at (0,48) size 337x16
        text run at (0,48) width 337: "The text in the red boxes should be on the same line."
      RenderBR {BR} at (336,60) size 1x0
      RenderText {#text} at (0,64) size 647x16
        text run at (0,64) width 647: "The top of the first red box should line up with the bottom of the second last line of the last blue box."
      RenderBR {BR} at (646,76) size 1x0
      RenderBlock {P} at (0,80) size 68x68 [border: (2px solid #0000FF)]
        RenderText {#text} at (2,2) size 64x16
          text run at (2,2) width 64: "All on the"
        RenderBR {BR} at (65,14) size 1x0
        RenderText {#text} at (2,18) size 64x16
          text run at (2,18) width 64: "All on the"
        RenderBR {BR} at (65,30) size 1x0
        RenderText {#text} at (2,34) size 64x16
          text run at (2,34) width 64: "All on the"
        RenderBR {BR} at (65,46) size 1x0
        RenderText {#text} at (2,50) size 64x16
          text run at (2,50) width 64: "All on the"
      RenderText {#text} at (68,130) size 4x16
        text run at (68,130) width 4: " "
      RenderBlock {P} at (72,80) size 68.88x68 [border: (2px solid #0000FF)]
        RenderBlock {SPAN} at (2,2) size 64.88x64
          RenderText {#text} at (0,0) size 65x16
            text run at (0,0) width 65: "same line."
          RenderBR {BR} at (64,12) size 1x0
          RenderText {#text} at (0,16) size 65x16
            text run at (0,16) width 65: "same line."
          RenderBR {BR} at (64,28) size 1x0
          RenderText {#text} at (0,32) size 65x16
            text run at (0,32) width 65: "same line."
          RenderBR {BR} at (64,44) size 1x0
          RenderText {#text} at (0,48) size 65x16
            text run at (0,48) width 65: "same line."
      RenderText {#text} at (140,130) size 5x16
        text run at (140,130) width 5: " "
      RenderTable {TABLE} at (144.88,124) size 68x68 [border: (2px solid #FF0000)]
        RenderTableSection {TBODY} at (2,2) size 64x64
          RenderTableRow {TR} at (0,0) size 64x16
            RenderTableCell {TD} at (0,0) size 64x16 [r=0 c=0 rs=1 cs=1]
              RenderText {#text} at (0,0) size 64x16
                text run at (0,0) width 64: "All on the"
          RenderTableRow {TR} at (0,16) size 64x16
            RenderTableCell {TD} at (0,16) size 64x16 [r=1 c=0 rs=1 cs=1]
              RenderText {#text} at (0,0) size 64x16
                text run at (0,0) width 64: "All on the"
          RenderTableRow {TR} at (0,32) size 64x16
            RenderTableCell {TD} at (0,32) size 64x16 [r=2 c=0 rs=1 cs=1]
              RenderText {#text} at (0,0) size 64x16
                text run at (0,0) width 64: "All on the"
          RenderTableRow {TR} at (0,48) size 64x16
            RenderTableCell {TD} at (0,48) size 64x16 [r=3 c=0 rs=1 cs=1]
              RenderText {#text} at (0,0) size 64x16
                text run at (0,0) width 64: "All on the"
      RenderText {#text} at (212,130) size 5x16
        text run at (212,130) width 5: " "
      RenderTable {TABLE} at (216.88,124) size 73x68 [border: (2px solid #FF0000)]
        RenderTableSection {TBODY} at (2,2) size 69x64
          RenderTableRow {TR} at (0,0) size 69x16
            RenderTableCell {TD} at (0,0) size 69x16 [r=0 c=0 rs=1 cs=1]
              RenderText {#text} at (0,0) size 69x16
                text run at (0,0) width 69: "same line. "
          RenderTableRow {TR} at (0,16) size 69x16
            RenderTableCell {TD} at (0,16) size 69x16 [r=1 c=0 rs=1 cs=1]
              RenderText {#text} at (0,0) size 69x16
                text run at (0,0) width 69: "same line. "
          RenderTableRow {TR} at (0,32) size 69x16
            RenderTableCell {TD} at (0,32) size 69x16 [r=2 c=0 rs=1 cs=1]
              RenderText {#text} at (0,0) size 69x16
                text run at (0,0) width 69: "same line. "
          RenderTableRow {TR} at (0,48) size 69x16
            RenderTableCell {TD} at (0,48) size 69x16 [r=3 c=0 rs=1 cs=1]
              RenderText {#text} at (0,0) size 65x16
                text run at (0,0) width 65: "same line."
      RenderText {#text} at (0,0) size 0x0
