layer at (0,0) size 800x600
  RenderView at (0,0) size 800x600
layer at (0,0) size 800x600
  RenderBlock {HTML} at (0,0) size 800x600
    RenderBody {BODY} at (8,8) size 784x584
      RenderBlock {P} at (0,0) size 784x16
        RenderText {#text} at (0,0) size 537x16
          text run at (0,0) width 537: "The two divs below should be on the same line, since they are display: inline-block."
      RenderBlock {CENTER} at (0,32) size 784x20
        RenderBlock {DIV} at (88,0) size 304x20 [border: (2px solid #0000FF)]
          RenderText {#text} at (102,2) size 100x16
            text run at (102,2) width 100: "This is div one."
        RenderBlock {DIV} at (392,0) size 304x20 [border: (2px solid #0000FF)]
          RenderText {#text} at (102,2) size 100x16
            text run at (102,2) width 100: "This is div two."
        RenderText {#text} at (0,0) size 0x0
      RenderBlock {P} at (0,68) size 784x16
        RenderText {#text} at (0,0) size 743x16
          text run at (0,0) width 743: "The two marquees below should be on separate lines, since marquees fill the width of a containing block by default."
      RenderBlock {P} at (0,100) size 784x32
        RenderText {#text} at (0,0) size 779x32
          text run at (0,0) width 779: "This test uses white characters to make the result image deterministic. (Otherwise, the result image changes depending on"
          text run at (0,16) width 652: "when the content_shell takes a snapshot.) In order to run this test manually, change the color to black."
      RenderBlock (anonymous) at (0,148) size 784x40
        RenderInline {SPAN} at (0,0) size 784x36
          RenderText {#text} at (0,0) size 0x0
          RenderText {#text} at (0,0) size 0x0
          RenderText {#text} at (0,0) size 0x0
        RenderText {#text} at (0,0) size 0x0
layer at (8,156) size 784x20 clip at (10,158) size 780x16
  RenderBlock {MARQUEE} at (0,0) size 784x20 [border: (2px solid #008000)]
    RenderBlock {DIV} at (2,2) size 780x16
      RenderInline {SPAN} at (0,0) size 99x16 [color=#FFFFFF]
        RenderText {#text} at (0,0) size 99x16
          text run at (0,0) width 99: "This is div one."
layer at (8,176) size 784x20 clip at (10,178) size 780x16
  RenderBlock {MARQUEE} at (0,20) size 784x20 [border: (2px solid #008000)]
    RenderBlock {DIV} at (2,2) size 780x16
      RenderInline {SPAN} at (0,0) size 100x16 [color=#FFFFFF]
        RenderText {#text} at (0,0) size 100x16
          text run at (0,0) width 100: "This is div two."
