layer at (0,0) size 800x600
  RenderView at (0,0) size 800x600
layer at (0,0) size 800x600
  RenderBlock {HTML} at (0,0) size 800x600
    RenderBody {BODY} at (8,8) size 784x584
      RenderText {#text} at (0,0) size 771x32
        text run at (0,0) width 322: "This is a baseline alignment test for inline blocks. "
        text run at (321,0) width 450: "The last lines of the two red-bordered inline blocks should line up and"
        text run at (0,16) width 124: "be on the baseline. "
      RenderBR {BR} at (123,28) size 1x0
      RenderBlock {DIV} at (0,58) size 259.95x56 [border: (2px solid #FF0000)]
        RenderText {#text} at (12,12) size 83x16
          text run at (12,12) width 83: "This is block"
        RenderBR {BR} at (94,24) size 1x0
        RenderText {#text} at (12,28) size 236x16
          text run at (12,28) width 84: "number one. "
          text run at (95,28) width 153: "This line is the last one."
      RenderText {#text} at (259,86) size 5x16
        text run at (259,86) width 5: " "
      RenderBlock {DIV} at (263.95,32) size 195.98x122 [border: (2px solid #FF0000)]
        RenderBlock (anonymous) at (12,12) size 171.98x32
          RenderText {#text} at (0,0) size 44x16
            text run at (0,0) width 44: "This is"
          RenderBR {BR} at (43,12) size 1x0
          RenderText {#text} at (0,16) size 81x16
            text run at (0,16) width 81: "number two."
        RenderBlock {DIV} at (12,44) size 171.98x36
          RenderText {#text} at (10,10) size 152x16
            text run at (10,10) width 152: "This line is the last one."
      RenderText {#text} at (459,86) size 144x16
        text run at (459,86) width 144: " More text on the line."
      RenderBR {BR} at (602,98) size 1x0
      RenderText {#text} at (0,154) size 89x16
        text run at (0,154) width 89: "The next line."
