layer at (0,0) size 800x600
  RenderView at (0,0) size 800x600
layer at (0,0) size 800x600
  RenderBlock {HTML} at (0,0) size 800x600
    RenderBody {BODY} at (8,8) size 784x584
      RenderText {#text} at (104,392) size 4x16
        text run at (104,392) width 4: " "
      RenderText {#text} at (0,0) size 0x0
layer at (8,208) size 104x204 clip at (10,210) size 85x200 scrollHeight 416
  RenderBlock {DIV} at (0,200) size 104x204 [border: (2px solid #800080)]
    RenderText {#text} at (2,2) size 81x32
      text run at (2,2) width 81: "This is some"
      text run at (2,18) width 28: "text."
    RenderBR {BR} at (29,30) size 1x0
    RenderText {#text} at (2,34) size 81x32
      text run at (2,34) width 81: "This is some"
      text run at (2,50) width 28: "text."
    RenderBR {BR} at (29,62) size 1x0
    RenderText {#text} at (2,66) size 81x32
      text run at (2,66) width 81: "This is some"
      text run at (2,82) width 28: "text."
    RenderBR {BR} at (29,94) size 1x0
    RenderText {#text} at (2,98) size 81x32
      text run at (2,98) width 81: "This is some"
      text run at (2,114) width 28: "text."
    RenderBR {BR} at (29,126) size 1x0
    RenderText {#text} at (2,130) size 81x32
      text run at (2,130) width 81: "This is some"
      text run at (2,146) width 28: "text."
    RenderBR {BR} at (29,158) size 1x0
    RenderText {#text} at (2,162) size 81x32
      text run at (2,162) width 81: "This is some"
      text run at (2,178) width 28: "text."
    RenderBR {BR} at (29,190) size 1x0
    RenderText {#text} at (2,194) size 81x32
      text run at (2,194) width 81: "This is some"
      text run at (2,210) width 28: "text."
    RenderBR {BR} at (29,222) size 1x0
    RenderText {#text} at (2,226) size 81x32
      text run at (2,226) width 81: "This is some"
      text run at (2,242) width 28: "text."
    RenderBR {BR} at (29,254) size 1x0
    RenderText {#text} at (2,258) size 81x32
      text run at (2,258) width 81: "This is some"
      text run at (2,274) width 28: "text."
    RenderBR {BR} at (29,286) size 1x0
    RenderText {#text} at (2,290) size 81x32
      text run at (2,290) width 81: "This is some"
      text run at (2,306) width 28: "text."
    RenderBR {BR} at (29,318) size 1x0
    RenderText {#text} at (2,322) size 81x32
      text run at (2,322) width 81: "This is some"
      text run at (2,338) width 28: "text."
    RenderBR {BR} at (29,350) size 1x0
    RenderText {#text} at (2,354) size 81x32
      text run at (2,354) width 81: "This is some"
      text run at (2,370) width 28: "text."
    RenderBR {BR} at (29,382) size 1x0
    RenderText {#text} at (2,386) size 81x32
      text run at (2,386) width 81: "This is some"
      text run at (2,402) width 28: "text."
    RenderBR {BR} at (29,414) size 1x0
layer at (116,8) size 204x404 clip at (118,10) size 200x400
  RenderBlock {DIV} at (108,0) size 204x404 [border: (2px solid #000000)]
    RenderText {#text} at (2,2) size 113x16
      text run at (2,2) width 113: "This is some text."
    RenderBR {BR} at (114,14) size 1x0
    RenderText {#text} at (2,18) size 113x16
      text run at (2,18) width 113: "This is some text."
    RenderBR {BR} at (114,30) size 1x0
    RenderText {#text} at (2,34) size 113x16
      text run at (2,34) width 113: "This is some text."
    RenderBR {BR} at (114,46) size 1x0
    RenderText {#text} at (2,50) size 113x16
      text run at (2,50) width 113: "This is some text."
    RenderBR {BR} at (114,62) size 1x0
    RenderText {#text} at (2,66) size 113x16
      text run at (2,66) width 113: "This is some text."
    RenderBR {BR} at (114,78) size 1x0
    RenderText {#text} at (2,82) size 113x16
      text run at (2,82) width 113: "This is some text."
    RenderBR {BR} at (114,94) size 1x0
    RenderText {#text} at (2,98) size 113x16
      text run at (2,98) width 113: "This is some text."
    RenderBR {BR} at (114,110) size 1x0
    RenderText {#text} at (2,114) size 113x16
      text run at (2,114) width 113: "This is some text."
    RenderBR {BR} at (114,126) size 1x0
    RenderText {#text} at (2,130) size 113x16
      text run at (2,130) width 113: "This is some text."
    RenderBR {BR} at (114,142) size 1x0
    RenderText {#text} at (2,146) size 113x16
      text run at (2,146) width 113: "This is some text."
    RenderBR {BR} at (114,158) size 1x0
    RenderText {#text} at (2,162) size 113x16
      text run at (2,162) width 113: "This is some text."
    RenderBR {BR} at (114,174) size 1x0
    RenderText {#text} at (2,178) size 113x16
      text run at (2,178) width 113: "This is some text."
    RenderBR {BR} at (114,190) size 1x0
    RenderText {#text} at (2,194) size 113x16
      text run at (2,194) width 113: "This is some text."
    RenderBR {BR} at (114,206) size 1x0
