layer at (0,0) size 800x600
  RenderView at (0,0) size 800x600
layer at (0,0) size 800x470
  RenderBlock {HTML} at (0,0) size 800x470
    RenderBody {BODY} at (8,8) size 784x454
      RenderBlock {DIV} at (0,0) size 784x20
        RenderText {#text} at (0,0) size 58x19
          text run at (0,0) width 58: "Test Rect"
      RenderBlock (anonymous) at (0,20) size 784x207
        RenderText {#text} at (0,0) size 0x0
      RenderBlock {DIV} at (0,227) size 784x20
        RenderText {#text} at (0,0) size 67x19
          text run at (0,0) width 67: "Test Image"
      RenderBlock (anonymous) at (0,247) size 784x207
        RenderText {#text} at (0,0) size 0x0
        RenderText {#text} at (0,0) size 0x0
        RenderText {#text} at (0,0) size 0x0
layer at (8,28) size 202x202
  RenderHTMLCanvas {CANVAS} at (0,0) size 202x202 [border: (1px solid #999999)]
layer at (8,255) size 202x202
  RenderHTMLCanvas {CANVAS} at (0,0) size 202x202 [border: (1px solid #999999)]
