layer at (0,0) size 800x600
  RenderView at (0,0) size 800x600
layer at (0,0) size 800x153
  RenderBlock {HTML} at (0,0) size 800x153
    RenderBody {BODY} at (8,16) size 784x121
      RenderBlock {P} at (0,0) size 784x32
        RenderText {#text} at (0,0) size 774x32
          text run at (0,0) width 774: "This HTML tests if the 'while-space' property controls the behavors of line-break characters (U+000A and U+000D) in a"
          text run at (0,16) width 88: "complex text."
      RenderBlock {P} at (0,48) size 784x19
        RenderText {#text} at (0,3) size 514x16
          text run at (0,3) width 298: "If this test succeeds, you can see three words \""
          text run at (297,3) width 37 RTL: "\x{5E9}\x{5D5}\x{5BC}\x{5E8}\x{5D4}"
          text run at (333,3) width 181: "\", separated with line-break."
      RenderBlock {P} at (0,83) size 784x38
        RenderText {#text} at (0,3) size 73x35
          text run at (0,3) width 37 RTL: "\x{5E9}\x{5D5}\x{5BC}\x{5E8}\x{5D4}"
          text run at (36,3) width 1: " "
          text run at (0,22) width 73 RTL: "\x{5E9}\x{5D5}\x{5BC}\x{5E8}\x{5D4}\x{D}\x{5E9}\x{5D5}\x{5BC}\x{5E8}\x{5D4}"
