layer at (0,0) size 800x600
  RenderView at (0,0) size 800x600
layer at (0,0) size 800x338
  RenderBlock {HTML} at (0,0) size 800x338
    RenderBody {BODY} at (8,16) size 784x314
      RenderBlock {P} at (0,0) size 784x16
        RenderText {#text} at (0,0) size 317x16
          text run at (0,0) width 317: "All rows should be identical to the reference row."
      RenderTable {TABLE} at (0,32) size 583x113 [border: none]
        RenderTableSection {TBODY} at (0,0) size 582x112
          RenderTableRow {TR} at (0,0) size 582x28
            RenderTableCell {TD} at (0,1) size 98x25 [border: (1px solid #008000)] [r=0 c=0 rs=1 cs=1]
              RenderText {#text} at (29,5) size 65x16
                text run at (29,5) width 65: "Reference"
            RenderTableCell {TD} at (98,0) size 242x28 [border: (1px solid #008000)] [r=0 c=1 rs=1 cs=1]
              RenderText {#text} at (5,8) size 233x16
                text run at (5,8) width 43: "abcdef"
                text run at (47,8) width 27 RTL: "\x{5D0}\x{5D1}\x{5D2}"
                text run at (73,8) width 43: "ghijkl "
                text run at (115,8) width 51 RTL: "\x{5D6}\x{5D7}\x{5D8}\x{5D9}\x{5DB}\x{5DC}"
                text run at (165,8) width 23: "abc"
                text run at (187,8) width 51 RTL: "\x{5D0}\x{5D1}\x{5D2}\x{5D3}\x{5D4}\x{5D5}"
            RenderTableCell {TD} at (340,0) size 242x28 [border: (1px solid #008000)] [r=0 c=2 rs=1 cs=1]
              RenderText {#text} at (5,8) size 233x16
                text run at (5,8) width 50 RTL: "\x{5D6}\x{5D7}\x{5D8}\x{5D9}\x{5DB}\x{5DC}"
                text run at (54,8) width 24: "abc"
                text run at (77,8) width 51 RTL: "\x{5D0}\x{5D1}\x{5D2}\x{5D3}\x{5D4}\x{5D5}"
                text run at (127,8) width 5 RTL: " "
                text run at (131,8) width 44: "abcdef"
                text run at (174,8) width 27 RTL: "\x{5D0}\x{5D1}\x{5D2}"
                text run at (200,8) width 38: "ghijkl"
          RenderTableRow {TR} at (0,28) size 582x28
            RenderTableCell {TD} at (0,29) size 98x25 [border: (1px solid #008000)] [r=1 c=0 rs=1 cs=1]
              RenderText {#text} at (7,5) size 87x16
                text run at (7,5) width 87: "CSS, siblings"
            RenderTableCell {TD} at (98,28) size 242x28 [border: (1px solid #008000)] [r=1 c=1 rs=1 cs=1]
              RenderText {#text} at (5,8) size 23x16
                text run at (5,8) width 23: "abc"
              RenderInline {SPAN} at (0,0) size 68x16
                RenderText {#text} at (27,8) size 68x16
                  text run at (27,8) width 68 RTL override: "ihg\x{5D0}\x{5D1}\x{5D2}fed"
              RenderText {#text} at (94,8) size 144x16
                text run at (94,8) width 22: "jkl "
                text run at (211,8) width 27 RTL: "\x{5D0}\x{5D1}\x{5D2}"
              RenderInline {SPAN} at (0,0) size 75x16
                RenderText {#text} at (137,8) size 75x16
                  text run at (137,8) width 75 LTR override: "\x{5D8}\x{5D7}\x{5D6}abc\x{5D5}\x{5D4}\x{5D3}"
              RenderText {#text} at (115,8) size 23x16
                text run at (115,8) width 23 RTL: "\x{5D9}\x{5DB}\x{5DC}"
            RenderTableCell {TD} at (340,28) size 242x28 [border: (1px solid #008000)] [r=1 c=2 rs=1 cs=1]
              RenderText {#text} at (131,8) size 24x16
                text run at (131,8) width 24: "abc"
              RenderInline {SPAN} at (0,0) size 68x16
                RenderText {#text} at (154,8) size 68x16
                  text run at (154,8) width 68 RTL override: "ihg\x{5D0}\x{5D1}\x{5D2}fed"
              RenderText {#text} at (101,8) size 137x16
                text run at (101,8) width 31 RTL: " \x{5D0}\x{5D1}\x{5D2}"
                text run at (221,8) width 17: "jkl"
              RenderInline {SPAN} at (0,0) size 75x16
                RenderText {#text} at (27,8) size 75x16
                  text run at (27,8) width 75 LTR override: "\x{5D8}\x{5D7}\x{5D6}abc\x{5D5}\x{5D4}\x{5D3}"
              RenderText {#text} at (5,8) size 23x16
                text run at (5,8) width 23 RTL: "\x{5D9}\x{5DB}\x{5DC}"
          RenderTableRow {TR} at (0,56) size 582x28
            RenderTableCell {TD} at (0,57) size 98x25 [border: (1px solid #008000)] [r=2 c=0 rs=1 cs=1]
              RenderText {#text} at (5,5) size 89x16
                text run at (5,5) width 89: "CSS, children"
            RenderTableCell {TD} at (98,56) size 242x28 [border: (1px solid #008000)] [r=2 c=1 rs=1 cs=1]
              RenderInline {SPAN} at (0,0) size 107x16
                RenderText {#text} at (5,8) size 23x16
                  text run at (5,8) width 23: "abc"
                RenderInline {SPAN} at (0,0) size 68x16
                  RenderText {#text} at (27,8) size 68x16
                    text run at (27,8) width 68 RTL override: "ihg\x{5D0}\x{5D1}\x{5D2}fed"
                RenderText {#text} at (94,8) size 18x16
                  text run at (94,8) width 18: "jkl"
              RenderText {#text} at (111,8) size 5x16
                text run at (111,8) width 5: " "
              RenderInline {SPAN} at (0,0) size 123x16
                RenderText {#text} at (211,8) size 27x16
                  text run at (211,8) width 27 RTL: "\x{5D0}\x{5D1}\x{5D2}"
                RenderInline {SPAN} at (0,0) size 75x16
                  RenderText {#text} at (137,8) size 75x16
                    text run at (137,8) width 75 LTR override: "\x{5D8}\x{5D7}\x{5D6}abc\x{5D5}\x{5D4}\x{5D3}"
                RenderText {#text} at (115,8) size 23x16
                  text run at (115,8) width 23 RTL: "\x{5D9}\x{5DB}\x{5DC}"
            RenderTableCell {TD} at (340,56) size 242x28 [border: (1px solid #008000)] [r=2 c=2 rs=1 cs=1]
              RenderInline {SPAN} at (0,0) size 107x16
                RenderText {#text} at (131,8) size 24x16
                  text run at (131,8) width 24: "abc"
                RenderInline {SPAN} at (0,0) size 68x16
                  RenderText {#text} at (154,8) size 68x16
                    text run at (154,8) width 68 RTL override: "ihg\x{5D0}\x{5D1}\x{5D2}fed"
                RenderText {#text} at (221,8) size 17x16
                  text run at (221,8) width 17: "jkl"
              RenderText {#text} at (127,8) size 5x16
                text run at (127,8) width 5 RTL: " "
              RenderInline {SPAN} at (0,0) size 123x16
                RenderText {#text} at (101,8) size 27x16
                  text run at (101,8) width 27 RTL: "\x{5D0}\x{5D1}\x{5D2}"
                RenderInline {SPAN} at (0,0) size 75x16
                  RenderText {#text} at (27,8) size 75x16
                    text run at (27,8) width 75 LTR override: "\x{5D8}\x{5D7}\x{5D6}abc\x{5D5}\x{5D4}\x{5D3}"
                RenderText {#text} at (5,8) size 23x16
                  text run at (5,8) width 23 RTL: "\x{5D9}\x{5DB}\x{5DC}"
          RenderTableRow {TR} at (0,84) size 582x28
            RenderTableCell {TD} at (0,85) size 98x25 [border: (1px solid #008000)] [r=3 c=0 rs=1 cs=1]
              RenderText {#text} at (39,5) size 55x16
                text run at (39,5) width 55: "Unicode"
            RenderTableCell {TD} at (98,84) size 242x28 [border: (1px solid #008000)] [r=3 c=1 rs=1 cs=1]
              RenderText {#text} at (5,8) size 233x16
                text run at (5,8) width 23: "abc"
                text run at (27,8) width 68 RTL override: "\x{202E}ihg\x{5D0}\x{5D1}\x{5D2}fed"
                text run at (94,8) width 22: "\x{202C}jkl "
                text run at (115,8) width 23 RTL: "\x{202C}\x{5D9}\x{5DB}\x{5DC}"
                text run at (137,8) width 75 LTR override: "\x{202D}\x{5D8}\x{5D7}\x{5D6}abc\x{5D5}\x{5D4}\x{5D3}"
                text run at (211,8) width 27 RTL: "\x{5D0}\x{5D1}\x{5D2}"
            RenderTableCell {TD} at (340,84) size 242x28 [border: (1px solid #008000)] [r=3 c=2 rs=1 cs=1]
              RenderText {#text} at (5,8) size 233x16
                text run at (5,8) width 23 RTL: "\x{202C}\x{5D9}\x{5DB}\x{5DC}"
                text run at (27,8) width 75 LTR override: "\x{202D}\x{5D8}\x{5D7}\x{5D6}abc\x{5D5}\x{5D4}\x{5D3}"
                text run at (101,8) width 27 RTL: "\x{5D0}\x{5D1}\x{5D2}"
                text run at (127,8) width 5 RTL: " "
                text run at (131,8) width 24: "abc"
                text run at (154,8) width 68 RTL override: "\x{202E}ihg\x{5D0}\x{5D1}\x{5D2}fed"
                text run at (221,8) width 17: "\x{202C}jkl"
      RenderBlock {P} at (0,161) size 784x16
        RenderText {#text} at (0,0) size 394x16
          text run at (0,0) width 394: "The CSS column should be identical to the reference column."
      RenderTable {TABLE} at (0,193) size 265x121 [border: none]
        RenderTableSection {TBODY} at (0,0) size 264x120
          RenderTableRow {TR} at (0,0) size 264x25
            RenderTableCell {TD} at (0,0) size 132x25 [border: (1px solid #008000)] [r=0 c=0 rs=1 cs=1]
              RenderText {#text} at (34,5) size 65x16
                text run at (34,5) width 65: "Reference"
            RenderTableCell {TD} at (132,0) size 132x25 [border: (1px solid #008000)] [r=0 c=1 rs=1 cs=1]
              RenderText {#text} at (52,5) size 29x16
                text run at (52,5) width 29: "CSS"
          RenderTableRow {TR} at (0,25) size 264x95
            RenderTableCell {TD} at (0,25) size 132x95 [border: (1px solid #008000)] [r=1 c=0 rs=1 cs=1]
              RenderBlock {P} at (5,21) size 123x19
                RenderText {#text} at (8,3) size 107x16
                  text run at (8,3) width 44: "abcdef"
                  text run at (51,3) width 27 RTL: "\x{5D0}\x{5D1}\x{5D2}"
                  text run at (77,3) width 38: "ghijkl"
              RenderBlock {P} at (5,56) size 123x19
                RenderText {#text} at (0,3) size 123x16
                  text run at (0,3) width 51 RTL: "\x{5D6}\x{5D7}\x{5D8}\x{5D9}\x{5DB}\x{5DC}"
                  text run at (50,3) width 23: "abc"
                  text run at (72,3) width 51 RTL: "\x{5D0}\x{5D1}\x{5D2}\x{5D3}\x{5D4}\x{5D5}"
            RenderTableCell {TD} at (132,25) size 132x95 [border: (1px solid #008000)] [r=1 c=1 rs=1 cs=1]
              RenderBlock {P} at (5,21) size 123x19
                RenderText {#text} at (8,3) size 107x16
                  text run at (8,3) width 107 RTL override: "lkjihg\x{5D0}\x{5D1}\x{5D2}fedcba"
              RenderBlock {P} at (5,56) size 123x19
                RenderText {#text} at (0,3) size 123x16
                  text run at (0,3) width 123 LTR override: "\x{5DC}\x{5DB}\x{5D9}\x{5D8}\x{5D7}\x{5D6}abc\x{5D5}\x{5D4}\x{5D3}\x{5D2}\x{5D1}\x{5D0}"
