layer at (0,0) size 785x6312
  RenderView at (0,0) size 785x600
layer at (0,0) size 785x6312
  RenderBlock {HTML} at (0,0) size 785x6312
    RenderBody {BODY} at (8,8) size 769x6288
      RenderBlock {P} at (0,0) size 769x16
        RenderText {#text} at (0,0) size 308x16
          text run at (0,0) width 308: "Tests the resolved level of runs of neutral types."
      RenderBlock {DIV} at (0,32) size 769x3120
        RenderBlock {P} at (0,0) size 769x16
          RenderText {#text} at (0,0) size 44x16
            text run at (0,0) width 44: "ab(^cd"
        RenderBlock {P} at (0,32) size 769x19
          RenderText {#text} at (0,3) size 48x16
            text run at (0,3) width 20 RTL: "\x{5D0}\x{5D1}"
            text run at (19,3) width 29: "(^cd"
        RenderBlock {P} at (0,67) size 769x21
          RenderText {#text} at (0,3) size 43x16
            text run at (0,3) width 15 RTL: "\x{627}\x{628}"
            text run at (14,3) width 29: "(^cd"
        RenderBlock {P} at (0,104) size 769x16
          RenderText {#text} at (0,0) size 60x16
            text run at (0,0) width 60: "ab12(^cd"
        RenderBlock {P} at (0,136) size 769x19
          RenderText {#text} at (0,3) size 64x16
            text run at (0,3) width 16: "12"
            text run at (16,3) width 20 RTL: "\x{5D0}\x{5D1}"
            text run at (35,3) width 29: "(^cd"
        RenderBlock {P} at (0,171) size 769x21
          RenderText {#text} at (0,3) size 59x16
            text run at (0,3) width 16: "12"
            text run at (16,3) width 15 RTL: "\x{627}\x{628}"
            text run at (30,3) width 29: "(^cd"
        RenderBlock {P} at (0,208) size 769x21
          RenderText {#text} at (0,3) size 60x16
            text run at (0,3) width 16: "ab"
            text run at (15,3) width 17: "\x{661}\x{662}"
            text run at (31,3) width 29: "(^cd"
        RenderBlock {P} at (0,245) size 769x21
          RenderText {#text} at (0,3) size 65x16
            text run at (0,3) width 17: "\x{661}\x{662}"
            text run at (16,3) width 21 RTL: "\x{5D0}\x{5D1}"
            text run at (36,3) width 29: "(^cd"
        RenderBlock {P} at (0,282) size 769x21
          RenderText {#text} at (0,3) size 60x16
            text run at (0,3) width 17: "\x{661}\x{662}"
            text run at (16,3) width 16 RTL: "\x{627}\x{628}"
            text run at (31,3) width 29: "(^cd"
        RenderBlock {P} at (0,319) size 769x16
          RenderText {#text} at (0,0) size 36x16
            text run at (0,0) width 8: "\x{202A}?"
            text run at (7,0) width 29: "\x{202C}(^cd"
        RenderBlock {P} at (0,351) size 769x16
          RenderText {#text} at (0,0) size 36x16
            text run at (0,0) width 8 RTL: "\x{202B}?"
            text run at (7,0) width 29: "\x{202C}(^cd"
        RenderBlock {P} at (0,383) size 769x19
          RenderText {#text} at (0,3) size 43x16
            text run at (0,3) width 28: "ab(^"
            text run at (27,3) width 16 RTL: "\x{5D2}\x{5D3}"
        RenderBlock {P} at (0,418) size 769x19
          RenderText {#text} at (0,3) size 48x16
            text run at (0,3) width 48 RTL: "\x{5D0}\x{5D1}(^\x{5D2}\x{5D3}"
        RenderBlock {P} at (0,453) size 769x21
          RenderText {#text} at (0,3) size 43x16
            text run at (0,3) width 43 RTL: "\x{627}\x{628}(^\x{5D2}\x{5D3}"
        RenderBlock {P} at (0,490) size 769x19
          RenderText {#text} at (0,3) size 59x16
            text run at (0,3) width 44: "ab12(^"
            text run at (43,3) width 16 RTL: "\x{5D2}\x{5D3}"
        RenderBlock {P} at (0,525) size 769x19
          RenderText {#text} at (0,3) size 64x16
            text run at (0,3) width 28 RTL: "(^\x{5D2}\x{5D3}"
            text run at (27,3) width 17: "12"
            text run at (43,3) width 21 RTL: "\x{5D0}\x{5D1}"
        RenderBlock {P} at (0,560) size 769x21
          RenderText {#text} at (0,3) size 59x16
            text run at (0,3) width 28 RTL: "(^\x{5D2}\x{5D3}"
            text run at (27,3) width 17: "12"
            text run at (43,3) width 16 RTL: "\x{627}\x{628}"
        RenderBlock {P} at (0,597) size 769x21
          RenderText {#text} at (0,3) size 60x16
            text run at (0,3) width 16: "ab"
            text run at (15,3) width 28 RTL: "(^\x{5D2}\x{5D3}"
            text run at (42,3) width 18: "\x{661}\x{662}"
        RenderBlock {P} at (0,634) size 769x21
          RenderText {#text} at (0,3) size 64x16
            text run at (0,3) width 28 RTL: "(^\x{5D2}\x{5D3}"
            text run at (27,3) width 18: "\x{661}\x{662}"
            text run at (44,3) width 20 RTL: "\x{5D0}\x{5D1}"
        RenderBlock {P} at (0,671) size 769x21
          RenderText {#text} at (0,3) size 60x16
            text run at (0,3) width 28 RTL: "(^\x{5D2}\x{5D3}"
            text run at (27,3) width 18: "\x{661}\x{662}"
            text run at (44,3) width 16 RTL: "\x{627}\x{628}"
        RenderBlock {P} at (0,708) size 769x19
          RenderText {#text} at (0,3) size 35x16
            text run at (0,3) width 8: "\x{202A}?"
            text run at (7,3) width 13: "\x{202C}(^"
            text run at (19,3) width 16 RTL: "\x{5D2}\x{5D3}"
        RenderBlock {P} at (0,743) size 769x19
          RenderText {#text} at (0,3) size 35x16
            text run at (0,3) width 28 RTL: "\x{202C}(^\x{5D2}\x{5D3}"
            text run at (27,3) width 8 RTL: "\x{202B}?"
        RenderBlock {P} at (0,778) size 769x21
          RenderText {#text} at (0,3) size 45x16
            text run at (0,3) width 28: "ab(^"
            text run at (27,3) width 18 RTL: "\x{62C}\x{62F}"
        RenderBlock {P} at (0,815) size 769x21
          RenderText {#text} at (0,3) size 49x16
            text run at (0,3) width 49 RTL: "\x{5D0}\x{5D1}(^\x{62C}\x{62F}"
        RenderBlock {P} at (0,852) size 769x21
          RenderText {#text} at (0,3) size 45x16
            text run at (0,3) width 45 RTL: "\x{627}\x{628}(^\x{62C}\x{62F}"
        RenderBlock {P} at (0,889) size 769x21
          RenderText {#text} at (0,3) size 61x16
            text run at (0,3) width 44: "ab12(^"
            text run at (43,3) width 18 RTL: "\x{62C}\x{62F}"
        RenderBlock {P} at (0,926) size 769x21
          RenderText {#text} at (0,3) size 65x16
            text run at (0,3) width 30 RTL: "(^\x{62C}\x{62F}"
            text run at (29,3) width 17: "12"
            text run at (45,3) width 20 RTL: "\x{5D0}\x{5D1}"
        RenderBlock {P} at (0,963) size 769x21
          RenderText {#text} at (0,3) size 61x16
            text run at (0,3) width 30 RTL: "(^\x{62C}\x{62F}"
            text run at (29,3) width 17: "12"
            text run at (45,3) width 16 RTL: "\x{627}\x{628}"
        RenderBlock {P} at (0,1000) size 769x21
          RenderText {#text} at (0,3) size 62x16
            text run at (0,3) width 16: "ab"
            text run at (15,3) width 30 RTL: "(^\x{62C}\x{62F}"
            text run at (44,3) width 18: "\x{661}\x{662}"
        RenderBlock {P} at (0,1037) size 769x21
          RenderText {#text} at (0,3) size 66x16
            text run at (0,3) width 30 RTL: "(^\x{62C}\x{62F}"
            text run at (29,3) width 18: "\x{661}\x{662}"
            text run at (46,3) width 20 RTL: "\x{5D0}\x{5D1}"
        RenderBlock {P} at (0,1074) size 769x21
          RenderText {#text} at (0,3) size 61x16
            text run at (0,3) width 30 RTL: "(^\x{62C}\x{62F}"
            text run at (29,3) width 18: "\x{661}\x{662}"
            text run at (46,3) width 15 RTL: "\x{627}\x{628}"
        RenderBlock {P} at (0,1111) size 769x21
          RenderText {#text} at (0,3) size 37x16
            text run at (0,3) width 8: "\x{202A}?"
            text run at (7,3) width 13: "\x{202C}(^"
            text run at (19,3) width 18 RTL: "\x{62C}\x{62F}"
        RenderBlock {P} at (0,1148) size 769x21
          RenderText {#text} at (0,3) size 37x16
            text run at (0,3) width 30 RTL: "\x{202C}(^\x{62C}\x{62F}"
            text run at (29,3) width 8 RTL: "\x{202B}?"
        RenderBlock {P} at (0,1185) size 769x19
          RenderText {#text} at (0,3) size 63x16
            text run at (0,3) width 44: "ab(^34"
            text run at (43,3) width 13 RTL: "\x{5E9}"
            text run at (55,3) width 8: "z"
        RenderBlock {P} at (0,1220) size 769x19
          RenderText {#text} at (0,3) size 67x16
            text run at (0,3) width 12 RTL: "\x{5E9}"
            text run at (11,3) width 17: "34"
            text run at (27,3) width 33 RTL: "\x{5D0}\x{5D1}(^"
            text run at (59,3) width 8: "z"
        RenderBlock {P} at (0,1255) size 769x21
          RenderText {#text} at (0,3) size 63x16
            text run at (0,3) width 12 RTL: "\x{5E9}"
            text run at (11,3) width 17: "34"
            text run at (27,3) width 29 RTL: "\x{627}\x{628}(^"
            text run at (55,3) width 8: "z"
        RenderBlock {P} at (0,1292) size 769x19
          RenderText {#text} at (0,3) size 79x16
            text run at (0,3) width 60: "ab12(^34"
            text run at (59,3) width 13 RTL: "\x{5E9}"
            text run at (71,3) width 8: "z"
        RenderBlock {P} at (0,1327) size 769x19
          RenderText {#text} at (0,3) size 83x16
            text run at (0,3) width 12 RTL: "\x{5E9}"
            text run at (11,3) width 17: "34"
            text run at (27,3) width 14 RTL: "(^"
            text run at (40,3) width 17: "12"
            text run at (56,3) width 20 RTL: "\x{5D0}\x{5D1}"
            text run at (75,3) width 8: "z"
        RenderBlock {P} at (0,1362) size 769x21
          RenderText {#text} at (0,3) size 79x16
            text run at (0,3) width 12 RTL: "\x{5E9}"
            text run at (11,3) width 17: "34"
            text run at (27,3) width 14 RTL: "(^"
            text run at (40,3) width 17: "12"
            text run at (56,3) width 16 RTL: "\x{627}\x{628}"
            text run at (71,3) width 8: "z"
        RenderBlock {P} at (0,1399) size 769x21
          RenderText {#text} at (0,3) size 80x16
            text run at (0,3) width 16: "ab"
            text run at (15,3) width 17: "\x{661}\x{662}"
            text run at (31,3) width 30: "(^34"
            text run at (60,3) width 13 RTL: "\x{5E9}"
            text run at (72,3) width 8: "z"
        RenderBlock {P} at (0,1436) size 769x21
          RenderText {#text} at (0,3) size 84x16
            text run at (0,3) width 12 RTL: "\x{5E9}"
            text run at (11,3) width 17: "34"
            text run at (27,3) width 14 RTL: "(^"
            text run at (40,3) width 18: "\x{661}\x{662}"
            text run at (57,3) width 20 RTL: "\x{5D0}\x{5D1}"
            text run at (76,3) width 8: "z"
        RenderBlock {P} at (0,1473) size 769x21
          RenderText {#text} at (0,3) size 80x16
            text run at (0,3) width 12 RTL: "\x{5E9}"
            text run at (11,3) width 17: "34"
            text run at (27,3) width 14 RTL: "(^"
            text run at (40,3) width 18: "\x{661}\x{662}"
            text run at (57,3) width 16 RTL: "\x{627}\x{628}"
            text run at (72,3) width 8: "z"
        RenderBlock {P} at (0,1510) size 769x19
          RenderText {#text} at (0,3) size 55x16
            text run at (0,3) width 8: "\x{202A}?"
            text run at (7,3) width 29: "\x{202C}(^34"
            text run at (35,3) width 13 RTL: "\x{5E9}"
            text run at (47,3) width 8: "z"
        RenderBlock {P} at (0,1545) size 769x19
          RenderText {#text} at (0,3) size 55x16
            text run at (0,3) width 12 RTL: "\x{5E9}"
            text run at (11,3) width 17: "34"
            text run at (27,3) width 14 RTL: "\x{202C}(^"
            text run at (40,3) width 8 RTL: "\x{202B}?"
            text run at (47,3) width 8: "z"
        RenderBlock {P} at (0,1580) size 769x21
          RenderText {#text} at (0,3) size 64x16
            text run at (0,3) width 28: "ab(^"
            text run at (27,3) width 13 RTL: "\x{5E9}"
            text run at (39,3) width 18: "\x{663}\x{664}"
            text run at (56,3) width 8: "z"
        RenderBlock {P} at (0,1617) size 769x21
          RenderText {#text} at (0,3) size 68x16
            text run at (0,3) width 12 RTL: "\x{5E9}"
            text run at (11,3) width 18: "\x{663}\x{664}"
            text run at (28,3) width 33 RTL: "\x{5D0}\x{5D1}(^"
            text run at (60,3) width 8: "z"
        RenderBlock {P} at (0,1654) size 769x21
          RenderText {#text} at (0,3) size 64x16
            text run at (0,3) width 12 RTL: "\x{5E9}"
            text run at (11,3) width 18: "\x{663}\x{664}"
            text run at (28,3) width 29 RTL: "\x{627}\x{628}(^"
            text run at (56,3) width 8: "z"
        RenderBlock {P} at (0,1691) size 769x21
          RenderText {#text} at (0,3) size 80x16
            text run at (0,3) width 44: "ab12(^"
            text run at (43,3) width 13 RTL: "\x{5E9}"
            text run at (55,3) width 18: "\x{663}\x{664}"
            text run at (72,3) width 8: "z"
        RenderBlock {P} at (0,1728) size 769x21
          RenderText {#text} at (0,3) size 84x16
            text run at (0,3) width 12 RTL: "\x{5E9}"
            text run at (11,3) width 18: "\x{663}\x{664}"
            text run at (28,3) width 14 RTL: "(^"
            text run at (41,3) width 17: "12"
            text run at (57,3) width 20 RTL: "\x{5D0}\x{5D1}"
            text run at (76,3) width 8: "z"
        RenderBlock {P} at (0,1765) size 769x21
          RenderText {#text} at (0,3) size 80x16
            text run at (0,3) width 12 RTL: "\x{5E9}"
            text run at (11,3) width 18: "\x{663}\x{664}"
            text run at (28,3) width 14 RTL: "(^"
            text run at (41,3) width 17: "12"
            text run at (57,3) width 16 RTL: "\x{627}\x{628}"
            text run at (72,3) width 8: "z"
        RenderBlock {P} at (0,1802) size 769x21
          RenderText {#text} at (0,3) size 81x16
            text run at (0,3) width 16: "ab"
            text run at (15,3) width 12 RTL: "\x{5E9}"
            text run at (26,3) width 18: "\x{663}\x{664}"
            text run at (43,3) width 14 RTL: "(^"
            text run at (56,3) width 18: "\x{661}\x{662}"
            text run at (73,3) width 8: "z"
        RenderBlock {P} at (0,1839) size 769x21
          RenderText {#text} at (0,3) size 85x16
            text run at (0,3) width 12 RTL: "\x{5E9}"
            text run at (11,3) width 18: "\x{663}\x{664}"
            text run at (28,3) width 14 RTL: "(^"
            text run at (41,3) width 17: "\x{661}\x{662}"
            text run at (57,3) width 21 RTL: "\x{5D0}\x{5D1}"
            text run at (77,3) width 8: "z"
        RenderBlock {P} at (0,1876) size 769x21
          RenderText {#text} at (0,3) size 80x16
            text run at (0,3) width 12 RTL: "\x{5E9}"
            text run at (11,3) width 18: "\x{663}\x{664}"
            text run at (28,3) width 14 RTL: "(^"
            text run at (41,3) width 17: "\x{661}\x{662}"
            text run at (57,3) width 16 RTL: "\x{627}\x{628}"
            text run at (72,3) width 8: "z"
        RenderBlock {P} at (0,1913) size 769x21
          RenderText {#text} at (0,3) size 56x16
            text run at (0,3) width 8: "\x{202A}?"
            text run at (7,3) width 13: "\x{202C}(^"
            text run at (19,3) width 13 RTL: "\x{5E9}"
            text run at (31,3) width 18: "\x{663}\x{664}"
            text run at (48,3) width 8: "z"
        RenderBlock {P} at (0,1950) size 769x21
          RenderText {#text} at (0,3) size 56x16
            text run at (0,3) width 12 RTL: "\x{5E9}"
            text run at (11,3) width 18: "\x{663}\x{664}"
            text run at (28,3) width 14 RTL: "\x{202C}(^"
            text run at (41,3) width 8 RTL: "\x{202B}?"
            text run at (48,3) width 8: "z"
        RenderBlock {P} at (0,1987) size 769x16
          RenderText {#text} at (0,0) size 34x16
            text run at (0,0) width 28: "ab(^"
            text run at (27,0) width 7: "\x{202A}!"
            text run at (33,0) width 1: "\x{202C}"
        RenderBlock {P} at (0,2019) size 769x19
          RenderText {#text} at (0,3) size 38x16
            text run at (0,3) width 20 RTL: "\x{5D0}\x{5D1}"
            text run at (19,3) width 14: "(^"
            text run at (32,3) width 6: "\x{202A}!"
            text run at (37,3) width 1: "\x{202C}"
        RenderBlock {P} at (0,2054) size 769x21
          RenderText {#text} at (0,3) size 34x16
            text run at (0,3) width 15 RTL: "\x{627}\x{628}"
            text run at (14,3) width 14: "(^"
            text run at (27,3) width 7: "\x{202A}!"
            text run at (33,3) width 1: "\x{202C}"
        RenderBlock {P} at (0,2091) size 769x16
          RenderText {#text} at (0,0) size 50x16
            text run at (0,0) width 44: "ab12(^"
            text run at (43,0) width 7: "\x{202A}!"
            text run at (49,0) width 1: "\x{202C}"
        RenderBlock {P} at (0,2123) size 769x19
          RenderText {#text} at (0,3) size 54x16
            text run at (0,3) width 16: "12"
            text run at (16,3) width 20 RTL: "\x{5D0}\x{5D1}"
            text run at (35,3) width 14: "(^"
            text run at (48,3) width 6: "\x{202A}!"
            text run at (53,3) width 1: "\x{202C}"
        RenderBlock {P} at (0,2158) size 769x21
          RenderText {#text} at (0,3) size 50x16
            text run at (0,3) width 16: "12"
            text run at (16,3) width 15 RTL: "\x{627}\x{628}"
            text run at (30,3) width 14: "(^"
            text run at (43,3) width 7: "\x{202A}!"
            text run at (49,3) width 1: "\x{202C}"
        RenderBlock {P} at (0,2195) size 769x21
          RenderText {#text} at (0,3) size 51x16
            text run at (0,3) width 16: "ab"
            text run at (15,3) width 17: "\x{661}\x{662}"
            text run at (31,3) width 14: "(^"
            text run at (44,3) width 7: "\x{202A}!"
            text run at (50,3) width 1: "\x{202C}"
        RenderBlock {P} at (0,2232) size 769x21
          RenderText {#text} at (0,3) size 55x16
            text run at (0,3) width 17: "\x{661}\x{662}"
            text run at (16,3) width 21 RTL: "\x{5D0}\x{5D1}"
            text run at (36,3) width 13: "(^"
            text run at (48,3) width 7: "\x{202A}!"
            text run at (54,3) width 1: "\x{202C}"
        RenderBlock {P} at (0,2269) size 769x21
          RenderText {#text} at (0,3) size 50x16
            text run at (0,3) width 17: "\x{661}\x{662}"
            text run at (16,3) width 16 RTL: "\x{627}\x{628}"
            text run at (31,3) width 14: "(^"
            text run at (44,3) width 6: "\x{202A}!"
            text run at (49,3) width 1: "\x{202C}"
        RenderBlock {P} at (0,2306) size 769x16
          RenderText {#text} at (0,0) size 26x16
            text run at (0,0) width 8: "\x{202A}?"
            text run at (7,0) width 13: "\x{202C}(^"
            text run at (19,0) width 7: "\x{202A}!"
            text run at (25,0) width 1: "\x{202C}"
        RenderBlock {P} at (0,2338) size 769x16
          RenderText {#text} at (0,0) size 26x16
            text run at (0,0) width 8 RTL: "\x{202B}?"
            text run at (7,0) width 13: "\x{202C}(^"
            text run at (19,0) width 7: "\x{202A}!"
            text run at (25,0) width 1: "\x{202C}"
        RenderBlock {P} at (0,2370) size 769x16
          RenderText {#text} at (0,0) size 34x16
            text run at (0,0) width 28: "ab(^"
            text run at (27,0) width 7 RTL: "\x{202B}!"
            text run at (33,0) width 1: "\x{202C}"
        RenderBlock {P} at (0,2402) size 769x19
          RenderText {#text} at (0,3) size 38x16
            text run at (0,3) width 6 RTL: "\x{202B}!"
            text run at (5,3) width 33 RTL: "\x{5D0}\x{5D1}(^"
            text run at (37,3) width 1: "\x{202C}"
        RenderBlock {P} at (0,2437) size 769x21
          RenderText {#text} at (0,3) size 34x16
            text run at (0,3) width 6 RTL: "\x{202B}!"
            text run at (5,3) width 29 RTL: "\x{627}\x{628}(^"
            text run at (33,3) width 1: "\x{202C}"
        RenderBlock {P} at (0,2474) size 769x16
          RenderText {#text} at (0,0) size 50x16
            text run at (0,0) width 44: "ab12(^"
            text run at (43,0) width 7 RTL: "\x{202B}!"
            text run at (49,0) width 1: "\x{202C}"
        RenderBlock {P} at (0,2506) size 769x19
          RenderText {#text} at (0,3) size 54x16
            text run at (0,3) width 6 RTL: "\x{202B}!"
            text run at (5,3) width 14 RTL: "(^"
            text run at (18,3) width 17: "12"
            text run at (34,3) width 20 RTL: "\x{5D0}\x{5D1}"
            text run at (53,3) width 1: "\x{202C}"
        RenderBlock {P} at (0,2541) size 769x21
          RenderText {#text} at (0,3) size 50x16
            text run at (0,3) width 6 RTL: "\x{202B}!"
            text run at (5,3) width 14 RTL: "(^"
            text run at (18,3) width 17: "12"
            text run at (34,3) width 16 RTL: "\x{627}\x{628}"
            text run at (49,3) width 1: "\x{202C}"
        RenderBlock {P} at (0,2578) size 769x21
          RenderText {#text} at (0,3) size 51x16
            text run at (0,3) width 16: "ab"
            text run at (15,3) width 6 RTL: "\x{202B}!"
            text run at (20,3) width 14 RTL: "(^"
            text run at (33,3) width 18: "\x{661}\x{662}"
            text run at (50,3) width 1: "\x{202C}"
        RenderBlock {P} at (0,2615) size 769x21
          RenderText {#text} at (0,3) size 55x16
            text run at (0,3) width 6 RTL: "\x{202B}!"
            text run at (5,3) width 14 RTL: "(^"
            text run at (18,3) width 17: "\x{661}\x{662}"
            text run at (34,3) width 21 RTL: "\x{5D0}\x{5D1}"
            text run at (54,3) width 1: "\x{202C}"
        RenderBlock {P} at (0,2652) size 769x21
          RenderText {#text} at (0,3) size 50x16
            text run at (0,3) width 6 RTL: "\x{202B}!"
            text run at (5,3) width 14 RTL: "(^"
            text run at (18,3) width 17: "\x{661}\x{662}"
            text run at (34,3) width 16 RTL: "\x{627}\x{628}"
            text run at (49,3) width 1: "\x{202C}"
        RenderBlock {P} at (0,2689) size 769x16
          RenderText {#text} at (0,0) size 26x16
            text run at (0,0) width 8: "\x{202A}?"
            text run at (7,0) width 13: "\x{202C}(^"
            text run at (19,0) width 7 RTL: "\x{202B}!"
            text run at (25,0) width 1: "\x{202C}"
        RenderBlock {P} at (0,2721) size 769x16
          RenderText {#text} at (0,0) size 26x16
            text run at (0,0) width 6 RTL: "\x{202B}!"
            text run at (5,0) width 14 RTL: "\x{202C}(^"
            text run at (18,0) width 8 RTL: "\x{202B}?"
            text run at (25,0) width 1: "\x{202C}"
        RenderBlock {P} at (0,2753) size 769x16
          RenderText {#text} at (0,0) size 28x16
            text run at (0,0) width 28: "\x{202A}ab(^"
            text run at (27,0) width 1: "\x{202C}"
        RenderBlock {P} at (0,2785) size 769x19
          RenderText {#text} at (0,3) size 33x16
            text run at (0,3) width 20 RTL: "\x{202A}\x{5D0}\x{5D1}"
            text run at (19,3) width 14: "(^"
            text run at (32,3) width 1: "\x{202C}"
        RenderBlock {P} at (0,2820) size 769x21
          RenderText {#text} at (0,3) size 28x16
            text run at (0,3) width 15 RTL: "\x{202A}\x{627}\x{628}"
            text run at (14,3) width 14: "(^"
            text run at (27,3) width 1: "\x{202C}"
        RenderBlock {P} at (0,2857) size 769x16
          RenderText {#text} at (0,0) size 44x16
            text run at (0,0) width 44: "\x{202A}ab12(^"
            text run at (43,0) width 1: "\x{202C}"
        RenderBlock {P} at (0,2889) size 769x19
          RenderText {#text} at (0,3) size 49x16
            text run at (0,3) width 16: "12"
            text run at (16,3) width 20 RTL: "\x{202A}\x{5D0}\x{5D1}"
            text run at (35,3) width 14: "(^"
            text run at (48,3) width 1: "\x{202C}"
        RenderBlock {P} at (0,2924) size 769x21
          RenderText {#text} at (0,3) size 44x16
            text run at (0,3) width 16: "12"
            text run at (16,3) width 15 RTL: "\x{202A}\x{627}\x{628}"
            text run at (30,3) width 14: "(^"
            text run at (43,3) width 1: "\x{202C}"
        RenderBlock {P} at (0,2961) size 769x21
          RenderText {#text} at (0,3) size 45x16
            text run at (0,3) width 16: "\x{202A}ab"
            text run at (15,3) width 17: "\x{661}\x{662}"
            text run at (31,3) width 14: "(^"
            text run at (44,3) width 1: "\x{202C}"
        RenderBlock {P} at (0,2998) size 769x21
          RenderText {#text} at (0,3) size 49x16
            text run at (0,3) width 17: "\x{661}\x{662}"
            text run at (16,3) width 21 RTL: "\x{202A}\x{5D0}\x{5D1}"
            text run at (36,3) width 13: "(^"
            text run at (48,3) width 1: "\x{202C}"
        RenderBlock {P} at (0,3035) size 769x21
          RenderText {#text} at (0,3) size 45x16
            text run at (0,3) width 17: "\x{661}\x{662}"
            text run at (16,3) width 16 RTL: "\x{202A}\x{627}\x{628}"
            text run at (31,3) width 14: "(^"
            text run at (44,3) width 1: "\x{202C}"
        RenderBlock {P} at (0,3072) size 769x16
          RenderText {#text} at (0,0) size 20x16
            text run at (0,0) width 0: "\x{202A}"
            text run at (0,0) width 8: "\x{202A}?"
            text run at (7,0) width 13: "\x{202C}(^"
            text run at (19,0) width 1: "\x{202C}"
        RenderBlock {P} at (0,3104) size 769x16
          RenderText {#text} at (0,0) size 20x16
            text run at (0,0) width 0: "\x{202A}"
            text run at (0,0) width 8 RTL: "\x{202B}?"
            text run at (7,0) width 13: "\x{202C}(^"
            text run at (19,0) width 1: "\x{202C}"
      RenderBlock {DIV} at (0,3168) size 769x3120
        RenderBlock {P} at (0,0) size 769x16
          RenderText {#text} at (0,0) size 44x16
            text run at (0,0) width 44: "ab(^cd"
        RenderBlock {P} at (0,32) size 769x19
          RenderText {#text} at (0,3) size 48x16
            text run at (0,3) width 16: "cd"
            text run at (15,3) width 33 RTL: "\x{5D0}\x{5D1}(^"
        RenderBlock {P} at (0,67) size 769x21
          RenderText {#text} at (0,3) size 43x16
            text run at (0,3) width 16: "cd"
            text run at (15,3) width 28 RTL: "\x{627}\x{628}(^"
        RenderBlock {P} at (0,104) size 769x16
          RenderText {#text} at (0,0) size 60x16
            text run at (0,0) width 60: "ab12(^cd"
        RenderBlock {P} at (0,136) size 769x19
          RenderText {#text} at (0,3) size 64x16
            text run at (0,3) width 16: "cd"
            text run at (15,3) width 13 RTL: "(^"
            text run at (27,3) width 17: "12"
            text run at (43,3) width 21 RTL: "\x{5D0}\x{5D1}"
        RenderBlock {P} at (0,171) size 769x21
          RenderText {#text} at (0,3) size 59x16
            text run at (0,3) width 16: "cd"
            text run at (15,3) width 13 RTL: "(^"
            text run at (27,3) width 17: "12"
            text run at (43,3) width 16 RTL: "\x{627}\x{628}"
        RenderBlock {P} at (0,208) size 769x21
          RenderText {#text} at (0,3) size 60x16
            text run at (0,3) width 16: "cd"
            text run at (15,3) width 13 RTL: "(^"
            text run at (27,3) width 33: "ab\x{661}\x{662}"
        RenderBlock {P} at (0,245) size 769x21
          RenderText {#text} at (0,3) size 65x16
            text run at (0,3) width 16: "cd"
            text run at (15,3) width 13 RTL: "(^"
            text run at (27,3) width 18: "\x{661}\x{662}"
            text run at (44,3) width 21 RTL: "\x{5D0}\x{5D1}"
        RenderBlock {P} at (0,282) size 769x21
          RenderText {#text} at (0,3) size 60x16
            text run at (0,3) width 16: "cd"
            text run at (15,3) width 13 RTL: "(^"
            text run at (27,3) width 18: "\x{661}\x{662}"
            text run at (44,3) width 16 RTL: "\x{627}\x{628}"
        RenderBlock {P} at (0,319) size 769x16
          RenderText {#text} at (0,0) size 36x16
            text run at (0,0) width 8: "\x{202A}?"
            text run at (7,0) width 29: "\x{202C}(^cd"
        RenderBlock {P} at (0,351) size 769x16
          RenderText {#text} at (0,0) size 36x16
            text run at (0,0) width 16: "cd"
            text run at (15,0) width 13 RTL: "\x{202C}(^"
            text run at (27,0) width 9 RTL: "\x{202B}?"
        RenderBlock {P} at (0,383) size 769x19
          RenderText {#text} at (0,3) size 43x16
            text run at (0,3) width 28 RTL: "(^\x{5D2}\x{5D3}"
            text run at (27,3) width 16: "ab"
        RenderBlock {P} at (0,418) size 769x19
          RenderText {#text} at (0,3) size 48x16
            text run at (0,3) width 48 RTL: "\x{5D0}\x{5D1}(^\x{5D2}\x{5D3}"
        RenderBlock {P} at (0,453) size 769x21
          RenderText {#text} at (0,3) size 43x16
            text run at (0,3) width 43 RTL: "\x{627}\x{628}(^\x{5D2}\x{5D3}"
        RenderBlock {P} at (0,490) size 769x19
          RenderText {#text} at (0,3) size 59x16
            text run at (0,3) width 28 RTL: "(^\x{5D2}\x{5D3}"
            text run at (27,3) width 32: "ab12"
        RenderBlock {P} at (0,525) size 769x19
          RenderText {#text} at (0,3) size 64x16
            text run at (0,3) width 28 RTL: "(^\x{5D2}\x{5D3}"
            text run at (27,3) width 17: "12"
            text run at (43,3) width 21 RTL: "\x{5D0}\x{5D1}"
        RenderBlock {P} at (0,560) size 769x21
          RenderText {#text} at (0,3) size 59x16
            text run at (0,3) width 28 RTL: "(^\x{5D2}\x{5D3}"
            text run at (27,3) width 17: "12"
            text run at (43,3) width 16 RTL: "\x{627}\x{628}"
        RenderBlock {P} at (0,597) size 769x21
          RenderText {#text} at (0,3) size 60x16
            text run at (0,3) width 28 RTL: "(^\x{5D2}\x{5D3}"
            text run at (27,3) width 33: "ab\x{661}\x{662}"
        RenderBlock {P} at (0,634) size 769x21
          RenderText {#text} at (0,3) size 64x16
            text run at (0,3) width 28 RTL: "(^\x{5D2}\x{5D3}"
            text run at (27,3) width 18: "\x{661}\x{662}"
            text run at (44,3) width 20 RTL: "\x{5D0}\x{5D1}"
        RenderBlock {P} at (0,671) size 769x21
          RenderText {#text} at (0,3) size 60x16
            text run at (0,3) width 28 RTL: "(^\x{5D2}\x{5D3}"
            text run at (27,3) width 18: "\x{661}\x{662}"
            text run at (44,3) width 16 RTL: "\x{627}\x{628}"
        RenderBlock {P} at (0,708) size 769x19
          RenderText {#text} at (0,3) size 35x16
            text run at (0,3) width 28 RTL: "\x{202C}(^\x{5D2}\x{5D3}"
            text run at (27,3) width 8: "\x{202A}?"
        RenderBlock {P} at (0,743) size 769x19
          RenderText {#text} at (0,3) size 35x16
            text run at (0,3) width 28 RTL: "\x{202C}(^\x{5D2}\x{5D3}"
            text run at (27,3) width 8 RTL: "\x{202B}?"
        RenderBlock {P} at (0,778) size 769x21
          RenderText {#text} at (0,3) size 45x16
            text run at (0,3) width 30 RTL: "(^\x{62C}\x{62F}"
            text run at (29,3) width 16: "ab"
        RenderBlock {P} at (0,815) size 769x21
          RenderText {#text} at (0,3) size 49x16
            text run at (0,3) width 49 RTL: "\x{5D0}\x{5D1}(^\x{62C}\x{62F}"
        RenderBlock {P} at (0,852) size 769x21
          RenderText {#text} at (0,3) size 45x16
            text run at (0,3) width 45 RTL: "\x{627}\x{628}(^\x{62C}\x{62F}"
        RenderBlock {P} at (0,889) size 769x21
          RenderText {#text} at (0,3) size 61x16
            text run at (0,3) width 30 RTL: "(^\x{62C}\x{62F}"
            text run at (29,3) width 32: "ab12"
        RenderBlock {P} at (0,926) size 769x21
          RenderText {#text} at (0,3) size 65x16
            text run at (0,3) width 30 RTL: "(^\x{62C}\x{62F}"
            text run at (29,3) width 17: "12"
            text run at (45,3) width 20 RTL: "\x{5D0}\x{5D1}"
        RenderBlock {P} at (0,963) size 769x21
          RenderText {#text} at (0,3) size 61x16
            text run at (0,3) width 30 RTL: "(^\x{62C}\x{62F}"
            text run at (29,3) width 17: "12"
            text run at (45,3) width 16 RTL: "\x{627}\x{628}"
        RenderBlock {P} at (0,1000) size 769x21
          RenderText {#text} at (0,3) size 62x16
            text run at (0,3) width 30 RTL: "(^\x{62C}\x{62F}"
            text run at (29,3) width 33: "ab\x{661}\x{662}"
        RenderBlock {P} at (0,1037) size 769x21
          RenderText {#text} at (0,3) size 66x16
            text run at (0,3) width 30 RTL: "(^\x{62C}\x{62F}"
            text run at (29,3) width 18: "\x{661}\x{662}"
            text run at (46,3) width 20 RTL: "\x{5D0}\x{5D1}"
        RenderBlock {P} at (0,1074) size 769x21
          RenderText {#text} at (0,3) size 61x16
            text run at (0,3) width 30 RTL: "(^\x{62C}\x{62F}"
            text run at (29,3) width 18: "\x{661}\x{662}"
            text run at (46,3) width 15 RTL: "\x{627}\x{628}"
        RenderBlock {P} at (0,1111) size 769x21
          RenderText {#text} at (0,3) size 37x16
            text run at (0,3) width 30 RTL: "\x{202C}(^\x{62C}\x{62F}"
            text run at (29,3) width 8: "\x{202A}?"
        RenderBlock {P} at (0,1148) size 769x21
          RenderText {#text} at (0,3) size 37x16
            text run at (0,3) width 30 RTL: "\x{202C}(^\x{62C}\x{62F}"
            text run at (29,3) width 8 RTL: "\x{202B}?"
        RenderBlock {P} at (0,1185) size 769x19
          RenderText {#text} at (0,3) size 63x16
            text run at (0,3) width 8: "z"
            text run at (7,3) width 12 RTL: "\x{5E9}"
            text run at (18,3) width 45: "ab(^34"
        RenderBlock {P} at (0,1220) size 769x19
          RenderText {#text} at (0,3) size 67x16
            text run at (0,3) width 8: "z"
            text run at (7,3) width 12 RTL: "\x{5E9}"
            text run at (18,3) width 17: "34"
            text run at (34,3) width 33 RTL: "\x{5D0}\x{5D1}(^"
        RenderBlock {P} at (0,1255) size 769x21
          RenderText {#text} at (0,3) size 63x16
            text run at (0,3) width 8: "z"
            text run at (7,3) width 12 RTL: "\x{5E9}"
            text run at (18,3) width 17: "34"
            text run at (34,3) width 29 RTL: "\x{627}\x{628}(^"
        RenderBlock {P} at (0,1292) size 769x19
          RenderText {#text} at (0,3) size 79x16
            text run at (0,3) width 8: "z"
            text run at (7,3) width 12 RTL: "\x{5E9}"
            text run at (18,3) width 61: "ab12(^34"
        RenderBlock {P} at (0,1327) size 769x19
          RenderText {#text} at (0,3) size 83x16
            text run at (0,3) width 8: "z"
            text run at (7,3) width 12 RTL: "\x{5E9}"
            text run at (18,3) width 17: "34"
            text run at (34,3) width 14 RTL: "(^"
            text run at (47,3) width 17: "12"
            text run at (63,3) width 20 RTL: "\x{5D0}\x{5D1}"
        RenderBlock {P} at (0,1362) size 769x21
          RenderText {#text} at (0,3) size 79x16
            text run at (0,3) width 8: "z"
            text run at (7,3) width 12 RTL: "\x{5E9}"
            text run at (18,3) width 17: "34"
            text run at (34,3) width 14 RTL: "(^"
            text run at (47,3) width 17: "12"
            text run at (63,3) width 16 RTL: "\x{627}\x{628}"
        RenderBlock {P} at (0,1399) size 769x21
          RenderText {#text} at (0,3) size 80x16
            text run at (0,3) width 8: "z"
            text run at (7,3) width 12 RTL: "\x{5E9}"
            text run at (18,3) width 17: "34"
            text run at (34,3) width 14 RTL: "(^"
            text run at (47,3) width 33: "ab\x{661}\x{662}"
        RenderBlock {P} at (0,1436) size 769x21
          RenderText {#text} at (0,3) size 84x16
            text run at (0,3) width 8: "z"
            text run at (7,3) width 12 RTL: "\x{5E9}"
            text run at (18,3) width 17: "34"
            text run at (34,3) width 14 RTL: "(^"
            text run at (47,3) width 18: "\x{661}\x{662}"
            text run at (64,3) width 20 RTL: "\x{5D0}\x{5D1}"
        RenderBlock {P} at (0,1473) size 769x21
          RenderText {#text} at (0,3) size 80x16
            text run at (0,3) width 8: "z"
            text run at (7,3) width 12 RTL: "\x{5E9}"
            text run at (18,3) width 17: "34"
            text run at (34,3) width 14 RTL: "(^"
            text run at (47,3) width 18: "\x{661}\x{662}"
            text run at (64,3) width 16 RTL: "\x{627}\x{628}"
        RenderBlock {P} at (0,1510) size 769x19
          RenderText {#text} at (0,3) size 55x16
            text run at (0,3) width 8: "z"
            text run at (7,3) width 12 RTL: "\x{5E9}"
            text run at (18,3) width 8: "\x{202A}?"
            text run at (25,3) width 30: "\x{202C}(^34"
        RenderBlock {P} at (0,1545) size 769x19
          RenderText {#text} at (0,3) size 55x16
            text run at (0,3) width 8: "z"
            text run at (7,3) width 12 RTL: "\x{5E9}"
            text run at (18,3) width 17: "34"
            text run at (34,3) width 14 RTL: "\x{202C}(^"
            text run at (47,3) width 8 RTL: "\x{202B}?"
        RenderBlock {P} at (0,1580) size 769x21
          RenderText {#text} at (0,3) size 64x16
            text run at (0,3) width 8: "z"
            text run at (7,3) width 12 RTL: "\x{5E9}"
            text run at (18,3) width 18: "\x{663}\x{664}"
            text run at (35,3) width 14 RTL: "(^"
            text run at (48,3) width 16: "ab"
        RenderBlock {P} at (0,1617) size 769x21
          RenderText {#text} at (0,3) size 68x16
            text run at (0,3) width 8: "z"
            text run at (7,3) width 12 RTL: "\x{5E9}"
            text run at (18,3) width 18: "\x{663}\x{664}"
            text run at (35,3) width 33 RTL: "\x{5D0}\x{5D1}(^"
        RenderBlock {P} at (0,1654) size 769x21
          RenderText {#text} at (0,3) size 64x16
            text run at (0,3) width 8: "z"
            text run at (7,3) width 12 RTL: "\x{5E9}"
            text run at (18,3) width 18: "\x{663}\x{664}"
            text run at (35,3) width 29 RTL: "\x{627}\x{628}(^"
        RenderBlock {P} at (0,1691) size 769x21
          RenderText {#text} at (0,3) size 80x16
            text run at (0,3) width 8: "z"
            text run at (7,3) width 12 RTL: "\x{5E9}"
            text run at (18,3) width 18: "\x{663}\x{664}"
            text run at (35,3) width 14 RTL: "(^"
            text run at (48,3) width 32: "ab12"
        RenderBlock {P} at (0,1728) size 769x21
          RenderText {#text} at (0,3) size 84x16
            text run at (0,3) width 8: "z"
            text run at (7,3) width 12 RTL: "\x{5E9}"
            text run at (18,3) width 18: "\x{663}\x{664}"
            text run at (35,3) width 14 RTL: "(^"
            text run at (48,3) width 17: "12"
            text run at (64,3) width 20 RTL: "\x{5D0}\x{5D1}"
        RenderBlock {P} at (0,1765) size 769x21
          RenderText {#text} at (0,3) size 80x16
            text run at (0,3) width 8: "z"
            text run at (7,3) width 12 RTL: "\x{5E9}"
            text run at (18,3) width 18: "\x{663}\x{664}"
            text run at (35,3) width 14 RTL: "(^"
            text run at (48,3) width 17: "12"
            text run at (64,3) width 16 RTL: "\x{627}\x{628}"
        RenderBlock {P} at (0,1802) size 769x21
          RenderText {#text} at (0,3) size 81x16
            text run at (0,3) width 8: "z"
            text run at (7,3) width 12 RTL: "\x{5E9}"
            text run at (18,3) width 18: "\x{663}\x{664}"
            text run at (35,3) width 14 RTL: "(^"
            text run at (48,3) width 33: "ab\x{661}\x{662}"
        RenderBlock {P} at (0,1839) size 769x21
          RenderText {#text} at (0,3) size 85x16
            text run at (0,3) width 8: "z"
            text run at (7,3) width 12 RTL: "\x{5E9}"
            text run at (18,3) width 18: "\x{663}\x{664}"
            text run at (35,3) width 14 RTL: "(^"
            text run at (48,3) width 18: "\x{661}\x{662}"
            text run at (65,3) width 20 RTL: "\x{5D0}\x{5D1}"
        RenderBlock {P} at (0,1876) size 769x21
          RenderText {#text} at (0,3) size 80x16
            text run at (0,3) width 8: "z"
            text run at (7,3) width 12 RTL: "\x{5E9}"
            text run at (18,3) width 18: "\x{663}\x{664}"
            text run at (35,3) width 14 RTL: "(^"
            text run at (48,3) width 18: "\x{661}\x{662}"
            text run at (65,3) width 15 RTL: "\x{627}\x{628}"
        RenderBlock {P} at (0,1913) size 769x21
          RenderText {#text} at (0,3) size 56x16
            text run at (0,3) width 8: "z"
            text run at (7,3) width 12 RTL: "\x{5E9}"
            text run at (18,3) width 18: "\x{663}\x{664}"
            text run at (35,3) width 14 RTL: "\x{202C}(^"
            text run at (48,3) width 8: "\x{202A}?"
        RenderBlock {P} at (0,1950) size 769x21
          RenderText {#text} at (0,3) size 56x16
            text run at (0,3) width 8: "z"
            text run at (7,3) width 12 RTL: "\x{5E9}"
            text run at (18,3) width 18: "\x{663}\x{664}"
            text run at (35,3) width 14 RTL: "\x{202C}(^"
            text run at (48,3) width 8 RTL: "\x{202B}?"
        RenderBlock {P} at (0,1987) size 769x16
          RenderText {#text} at (0,0) size 34x16
            text run at (0,0) width 0 RTL: "\x{202C}"
            text run at (0,0) width 28: "ab(^"
            text run at (27,0) width 7: "\x{202A}!"
        RenderBlock {P} at (0,2019) size 769x19
          RenderText {#text} at (0,3) size 38x16
            text run at (0,3) width 0 RTL: "\x{202C}"
            text run at (0,3) width 6: "\x{202A}!"
            text run at (5,3) width 33 RTL: "\x{5D0}\x{5D1}(^"
        RenderBlock {P} at (0,2054) size 769x21
          RenderText {#text} at (0,3) size 34x16
            text run at (0,3) width 0 RTL: "\x{202C}"
            text run at (0,3) width 6: "\x{202A}!"
            text run at (5,3) width 29 RTL: "\x{627}\x{628}(^"
        RenderBlock {P} at (0,2091) size 769x16
          RenderText {#text} at (0,0) size 50x16
            text run at (0,0) width 0 RTL: "\x{202C}"
            text run at (0,0) width 44: "ab12(^"
            text run at (43,0) width 7: "\x{202A}!"
        RenderBlock {P} at (0,2123) size 769x19
          RenderText {#text} at (0,3) size 54x16
            text run at (0,3) width 0 RTL: "\x{202C}"
            text run at (0,3) width 6: "\x{202A}!"
            text run at (5,3) width 14 RTL: "(^"
            text run at (18,3) width 17: "12"
            text run at (34,3) width 20 RTL: "\x{5D0}\x{5D1}"
        RenderBlock {P} at (0,2158) size 769x21
          RenderText {#text} at (0,3) size 50x16
            text run at (0,3) width 0 RTL: "\x{202C}"
            text run at (0,3) width 6: "\x{202A}!"
            text run at (5,3) width 14 RTL: "(^"
            text run at (18,3) width 17: "12"
            text run at (34,3) width 16 RTL: "\x{627}\x{628}"
        RenderBlock {P} at (0,2195) size 769x21
          RenderText {#text} at (0,3) size 51x16
            text run at (0,3) width 0 RTL: "\x{202C}"
            text run at (0,3) width 6: "\x{202A}!"
            text run at (5,3) width 14 RTL: "(^"
            text run at (18,3) width 33: "ab\x{661}\x{662}"
        RenderBlock {P} at (0,2232) size 769x21
          RenderText {#text} at (0,3) size 55x16
            text run at (0,3) width 0 RTL: "\x{202C}"
            text run at (0,3) width 6: "\x{202A}!"
            text run at (5,3) width 14 RTL: "(^"
            text run at (18,3) width 17: "\x{661}\x{662}"
            text run at (34,3) width 21 RTL: "\x{5D0}\x{5D1}"
        RenderBlock {P} at (0,2269) size 769x21
          RenderText {#text} at (0,3) size 50x16
            text run at (0,3) width 0 RTL: "\x{202C}"
            text run at (0,3) width 6: "\x{202A}!"
            text run at (5,3) width 14 RTL: "(^"
            text run at (18,3) width 17: "\x{661}\x{662}"
            text run at (34,3) width 16 RTL: "\x{627}\x{628}"
        RenderBlock {P} at (0,2306) size 769x16
          RenderText {#text} at (0,0) size 26x16
            text run at (0,0) width 0 RTL: "\x{202C}"
            text run at (0,0) width 8: "\x{202A}?"
            text run at (7,0) width 13: "\x{202C}(^"
            text run at (19,0) width 7: "\x{202A}!"
        RenderBlock {P} at (0,2338) size 769x16
          RenderText {#text} at (0,0) size 26x16
            text run at (0,0) width 0 RTL: "\x{202C}"
            text run at (0,0) width 6: "\x{202A}!"
            text run at (5,0) width 14 RTL: "\x{202C}(^"
            text run at (18,0) width 8 RTL: "\x{202B}?"
        RenderBlock {P} at (0,2370) size 769x16
          RenderText {#text} at (0,0) size 34x16
            text run at (0,0) width 0 RTL: "\x{202C}"
            text run at (0,0) width 6 RTL: "\x{202B}!"
            text run at (5,0) width 14 RTL: "(^"
            text run at (18,0) width 16: "ab"
        RenderBlock {P} at (0,2402) size 769x19
          RenderText {#text} at (0,3) size 38x16
            text run at (0,3) width 0 RTL: "\x{202C}"
            text run at (0,3) width 6 RTL: "\x{202B}!"
            text run at (5,3) width 33 RTL: "\x{5D0}\x{5D1}(^"
        RenderBlock {P} at (0,2437) size 769x21
          RenderText {#text} at (0,3) size 34x16
            text run at (0,3) width 0 RTL: "\x{202C}"
            text run at (0,3) width 6 RTL: "\x{202B}!"
            text run at (5,3) width 29 RTL: "\x{627}\x{628}(^"
        RenderBlock {P} at (0,2474) size 769x16
          RenderText {#text} at (0,0) size 50x16
            text run at (0,0) width 0 RTL: "\x{202C}"
            text run at (0,0) width 6 RTL: "\x{202B}!"
            text run at (5,0) width 14 RTL: "(^"
            text run at (18,0) width 32: "ab12"
        RenderBlock {P} at (0,2506) size 769x19
          RenderText {#text} at (0,3) size 54x16
            text run at (0,3) width 0 RTL: "\x{202C}"
            text run at (0,3) width 6 RTL: "\x{202B}!"
            text run at (5,3) width 14 RTL: "(^"
            text run at (18,3) width 17: "12"
            text run at (34,3) width 20 RTL: "\x{5D0}\x{5D1}"
        RenderBlock {P} at (0,2541) size 769x21
          RenderText {#text} at (0,3) size 50x16
            text run at (0,3) width 0 RTL: "\x{202C}"
            text run at (0,3) width 6 RTL: "\x{202B}!"
            text run at (5,3) width 14 RTL: "(^"
            text run at (18,3) width 17: "12"
            text run at (34,3) width 16 RTL: "\x{627}\x{628}"
        RenderBlock {P} at (0,2578) size 769x21
          RenderText {#text} at (0,3) size 51x16
            text run at (0,3) width 0 RTL: "\x{202C}"
            text run at (0,3) width 6 RTL: "\x{202B}!"
            text run at (5,3) width 14 RTL: "(^"
            text run at (18,3) width 33: "ab\x{661}\x{662}"
        RenderBlock {P} at (0,2615) size 769x21
          RenderText {#text} at (0,3) size 55x16
            text run at (0,3) width 0 RTL: "\x{202C}"
            text run at (0,3) width 6 RTL: "\x{202B}!"
            text run at (5,3) width 14 RTL: "(^"
            text run at (18,3) width 17: "\x{661}\x{662}"
            text run at (34,3) width 21 RTL: "\x{5D0}\x{5D1}"
        RenderBlock {P} at (0,2652) size 769x21
          RenderText {#text} at (0,3) size 50x16
            text run at (0,3) width 0 RTL: "\x{202C}"
            text run at (0,3) width 6 RTL: "\x{202B}!"
            text run at (5,3) width 14 RTL: "(^"
            text run at (18,3) width 17: "\x{661}\x{662}"
            text run at (34,3) width 16 RTL: "\x{627}\x{628}"
        RenderBlock {P} at (0,2689) size 769x16
          RenderText {#text} at (0,0) size 26x16
            text run at (0,0) width 0 RTL: "\x{202C}"
            text run at (0,0) width 6 RTL: "\x{202B}!"
            text run at (5,0) width 14 RTL: "\x{202C}(^"
            text run at (18,0) width 8: "\x{202A}?"
        RenderBlock {P} at (0,2721) size 769x16
          RenderText {#text} at (0,0) size 26x16
            text run at (0,0) width 0 RTL: "\x{202C}"
            text run at (0,0) width 6 RTL: "\x{202B}!"
            text run at (5,0) width 14 RTL: "\x{202C}(^"
            text run at (18,0) width 8 RTL: "\x{202B}?"
        RenderBlock {P} at (0,2753) size 769x16
          RenderText {#text} at (0,0) size 28x16
            text run at (0,0) width 0 RTL: "\x{202C}"
            text run at (0,0) width 28: "\x{202A}ab(^"
        RenderBlock {P} at (0,2785) size 769x19
          RenderText {#text} at (0,3) size 33x16
            text run at (0,3) width 0 RTL: "\x{202C}"
            text run at (0,3) width 20 RTL: "\x{202A}\x{5D0}\x{5D1}"
            text run at (19,3) width 14: "(^"
        RenderBlock {P} at (0,2820) size 769x21
          RenderText {#text} at (0,3) size 28x16
            text run at (0,3) width 0 RTL: "\x{202C}"
            text run at (0,3) width 15 RTL: "\x{202A}\x{627}\x{628}"
            text run at (14,3) width 14: "(^"
        RenderBlock {P} at (0,2857) size 769x16
          RenderText {#text} at (0,0) size 44x16
            text run at (0,0) width 0 RTL: "\x{202C}"
            text run at (0,0) width 44: "\x{202A}ab12(^"
        RenderBlock {P} at (0,2889) size 769x19
          RenderText {#text} at (0,3) size 49x16
            text run at (0,3) width 0 RTL: "\x{202C}"
            text run at (0,3) width 16: "12"
            text run at (16,3) width 20 RTL: "\x{202A}\x{5D0}\x{5D1}"
            text run at (35,3) width 14: "(^"
        RenderBlock {P} at (0,2924) size 769x21
          RenderText {#text} at (0,3) size 44x16
            text run at (0,3) width 0 RTL: "\x{202C}"
            text run at (0,3) width 16: "12"
            text run at (16,3) width 15 RTL: "\x{202A}\x{627}\x{628}"
            text run at (30,3) width 14: "(^"
        RenderBlock {P} at (0,2961) size 769x21
          RenderText {#text} at (0,3) size 45x16
            text run at (0,3) width 0 RTL: "\x{202C}"
            text run at (0,3) width 16: "\x{202A}ab"
            text run at (15,3) width 17: "\x{661}\x{662}"
            text run at (31,3) width 14: "(^"
        RenderBlock {P} at (0,2998) size 769x21
          RenderText {#text} at (0,3) size 49x16
            text run at (0,3) width 0 RTL: "\x{202C}"
            text run at (0,3) width 17: "\x{661}\x{662}"
            text run at (16,3) width 21 RTL: "\x{202A}\x{5D0}\x{5D1}"
            text run at (36,3) width 13: "(^"
        RenderBlock {P} at (0,3035) size 769x21
          RenderText {#text} at (0,3) size 45x16
            text run at (0,3) width 0 RTL: "\x{202C}"
            text run at (0,3) width 17: "\x{661}\x{662}"
            text run at (16,3) width 16 RTL: "\x{202A}\x{627}\x{628}"
            text run at (31,3) width 14: "(^"
        RenderBlock {P} at (0,3072) size 769x16
          RenderText {#text} at (0,0) size 20x16
            text run at (0,0) width 0 RTL: "\x{202C}"
            text run at (0,0) width 0: "\x{202A}"
            text run at (0,0) width 8: "\x{202A}?"
            text run at (7,0) width 13: "\x{202C}(^"
        RenderBlock {P} at (0,3104) size 769x16
          RenderText {#text} at (0,0) size 20x16
            text run at (0,0) width 0 RTL: "\x{202C}"
            text run at (0,0) width 0: "\x{202A}"
            text run at (0,0) width 8 RTL: "\x{202B}?"
            text run at (7,0) width 13: "\x{202C}(^"
