layer at (0,0) size 800x600
  RenderView at (0,0) size 800x600
layer at (0,0) size 800x600
  RenderBlock {HTML} at (0,0) size 800x600
    RenderBody {BODY} at (8,8) size 784x576
      RenderBlock (anonymous) at (0,0) size 784x32
        RenderText {#text} at (0,0) size 775x32
          text run at (0,0) width 476: "The following tests text iteration over RTL text embedded with LTR text. "
          text run at (475,0) width 300: "TextIterators are used for find, spellcheck, and"
          text run at (0,16) width 67: ".innerText"
      RenderBlock {HR} at (0,40) size 784x2 [border: (1px inset #EEEEEE)]
      RenderBlock (anonymous) at (0,50) size 784x16
        RenderText {#text} at (0,0) size 136x16
          text run at (0,0) width 136: "Embedded Numbers:"
      RenderBlock {DIV} at (0,66) size 784x19 [color=#0000FF]
        RenderText {#text} at (0,3) size 122x16
          text run at (0,3) width 58: "Testing ("
          text run at (57,3) width 17 RTL: "\x{5DF}\x{5DE}"
          text run at (73,3) width 9: "3"
          text run at (81,3) width 36 RTL: "\x{5D7}\x{5D5}\x{5D3}\x{5D0}"
          text run at (116,3) width 6: ")"
      RenderBlock (anonymous) at (0,85) size 784x16
        RenderText {#text} at (0,0) size 108x16
          text run at (0,0) width 108: "Embedded LTR:"
      RenderBlock {DIV} at (0,101) size 784x19 [color=#0000FF]
        RenderText {#text} at (0,3) size 146x16
          text run at (0,3) width 58: "Testing ("
          text run at (57,3) width 36 RTL: "\x{5D7}\x{5D5}\x{5D3}\x{5D0}"
          text run at (92,3) width 33: "hello"
          text run at (124,3) width 17 RTL: "\x{5DF}\x{5DE}"
          text run at (140,3) width 6: ")"
      RenderBlock (anonymous) at (0,120) size 784x16
        RenderText {#text} at (0,0) size 193x16
          text run at (0,0) width 193: "Embedded Numbers and LTR"
      RenderBlock {DIV} at (0,136) size 784x19 [color=#0000FF]
        RenderText {#text} at (0,3) size 144x16
          text run at (0,3) width 58: "Testing ("
          text run at (57,3) width 30 RTL: "\x{5E7}\x{5E7}\x{5E8}"
          text run at (86,3) width 9: "3"
          text run at (94,3) width 37 RTL: "\x{5D9}\x{5E7}\x{5DD}\x{5DC}"
          text run at (130,3) width 14: "h)"
      RenderBlock (anonymous) at (0,155) size 784x16
        RenderText {#text} at (0,0) size 221x16
          text run at (0,0) width 221: "Embedded Numbers with spacing:"
      RenderBlock {DIV} at (0,171) size 784x19 [color=#0000FF]
        RenderText {#text} at (0,3) size 265x16
          text run at (0,3) width 58: "Testing ("
          text run at (57,3) width 40 RTL: " \x{5D7}\x{5D5}\x{5D3}\x{5D0}"
          text run at (96,3) width 25: "300"
          text run at (120,3) width 56 RTL: "\x{5D7}\x{5D5}\x{5D3}\x{5D0}\x{5DF}\x{5DE} "
          text run at (175,3) width 41: "34023"
          text run at (215,3) width 44 RTL: "\x{5D9}\x{5E7}\x{5DA}\x{5DA}\x{5DD}"
          text run at (258,3) width 7: ")"
      RenderBlock (anonymous) at (0,190) size 784x16
        RenderText {#text} at (0,0) size 72x16
          text run at (0,0) width 72: "Plain LTR:"
      RenderBlock {DIV} at (0,206) size 784x16 [color=#0000FF]
        RenderText {#text} at (0,0) size 95x16
          text run at (0,0) width 95: "Testing (hello)"
      RenderBlock (anonymous) at (0,222) size 784x16
        RenderText {#text} at (0,0) size 193x16
          text run at (0,0) width 193: "Embedded LTR with spacing:"
      RenderBlock {DIV} at (0,238) size 784x19 [color=#0000FF]
        RenderText {#text} at (0,3) size 193x16
          text run at (0,3) width 58: "Testing ("
          text run at (57,3) width 69 RTL: "\x{5D7}\x{5D5}\x{5D3}\x{5D9}\x{5E7}\x{5DA}\x{5DA}\x{5DD}"
          text run at (125,3) width 41: " hello "
          text run at (165,3) width 22 RTL: "\x{5DF}\x{5DE}\x{5D9}"
          text run at (186,3) width 7: ")"
      RenderBlock (anonymous) at (0,257) size 784x16
        RenderText {#text} at (0,0) size 165x16
          text run at (0,0) width 165: "Mixed but not embedded:"
      RenderBlock {DIV} at (0,273) size 784x19 [color=#0000FF]
        RenderText {#text} at (0,3) size 136x16
          text run at (0,3) width 90: "Testing (hello"
          text run at (89,3) width 41 RTL: "\x{5D7}\x{5D5}\x{5D3}\x{5DF}\x{5DE}"
          text run at (129,3) width 7: ")"
      RenderBlock (anonymous) at (0,292) size 784x16
        RenderText {#text} at (0,0) size 165x16
          text run at (0,0) width 165: "Mixed but not embedded:"
      RenderBlock {DIV} at (0,308) size 784x19 [color=#0000FF]
        RenderText {#text} at (0,3) size 136x16
          text run at (0,3) width 58: "Testing ("
          text run at (57,3) width 41 RTL: "\x{5D7}\x{5D5}\x{5D3}\x{5DF}\x{5DE}"
          text run at (97,3) width 39: "hello)"
      RenderBlock {OL} at (0,343) size 784x0
