layer at (0,0) size 800x600
  RenderView at (0,0) size 800x600
layer at (0,0) size 800x123
  RenderBlock {HTML} at (0,0) size 800x123
    RenderBody {BODY} at (8,16) size 784x91
      RenderBlock {P} at (0,0) size 784x27
        RenderInline {NOBR} at (0,0) size 137x16
          RenderInline {B} at (0,0) size 20x16
            RenderText {#text} at (0,4) size 20x16
              text run at (0,4) width 20: "\x{179C}\x{17C9}\x{17C2}\x{1794}"
          RenderText {#text} at (19,4) size 5x16
            text run at (19,4) width 5: " "
          RenderInline {A} at (0,0) size 34x16 [color=#0000EE]
            RenderText {#text} at (23,4) size 34x16
              text run at (23,4) width 34: "\x{179A}\x{17BC}\x{1794}\x{1797}\x{17B6}\x{1796}"
          RenderText {#text} at (56,4) size 5x16
            text run at (56,4) width 5: " "
          RenderInline {A} at (0,0) size 21x16 [color=#0000EE]
            RenderText {#text} at (60,4) size 21x16
              text run at (60,4) width 21: "\x{1780}\x{17D2}\x{179A}\x{17BB}\x{1798}"
          RenderText {#text} at (80,4) size 5x16
            text run at (80,4) width 5: " "
          RenderInline {A} at (0,0) size 53x16 [color=#0000EE]
            RenderText {#text} at (84,4) size 53x16
              text run at (84,4) width 53: "\x{1790}\x{178F}\x{17AF}\x{1780}\x{179F}\x{17B6}\x{179A}"
        RenderText {#text} at (0,0) size 0x0
      RenderBlock {P} at (0,43) size 784x48
        RenderText {#text} at (0,0) size 542x16
          text run at (0,0) width 542: "Some Harfbuzz shapers will output cluster logs which suggest that some glyphs had "
        RenderInline {I} at (0,0) size 17x16
          RenderText {#text} at (541,0) size 17x16
            text run at (541,0) width 17: "no"
        RenderText {#text} at (557,0) size 780x32
          text run at (557,0) width 223: " contributing code points. This test"
          text run at (0,16) width 178: "contains such text and uses "
        RenderInline {TT} at (0,0) size 87x13
          RenderText {#text} at (177,18) size 87x13
            text run at (177,18) width 87: "eventSender"
        RenderText {#text} at (263,16) size 447x16
          text run at (263,16) width 447: " to select the text. You should see some of the above text selected and"
        RenderInline {TT} at (0,0) size 79x13
          RenderText {#text} at (0,34) size 79x13
            text run at (0,34) width 79: "test_shell"
        RenderText {#text} at (78,32) size 262x16
          text run at (78,32) width 262: " shouldn't trigger any assertions or crash."
caret: position 0 of child 0 {#text} of child 0 {B} of child 1 {NOBR} of child 1 {P} of body
