layer at (0,0) size 800x600
  RenderView at (0,0) size 800x600
layer at (0,0) size 800x600
  RenderBlock {HTML} at (0,0) size 800x600
    RenderBody {BODY} at (8,8) size 784x584
      RenderBlock {P} at (0,0) size 784x32
        RenderText {#text} at (0,0) size 108x16
          text run at (0,0) width 108: "This is a test for "
        RenderInline {I} at (0,0) size 763x32
          RenderInline {A} at (0,0) size 354x16 [color=#0000EE]
            RenderText {#text} at (107,0) size 354x16
              text run at (107,0) width 354: "http://bugzilla.opendarwin.org/show_bug.cgi?id=9670"
          RenderText {#text} at (460,0) size 763x32
            text run at (460,0) width 5: " "
            text run at (464,0) width 299: "http://bugzilla.opendarwin.org/show_bug.cgi?"
            text run at (0,16) width 56: "id=9670"
        RenderText {#text} at (55,16) size 5x16
          text run at (55,16) width 5: "."
      RenderBlock {P} at (0,48) size 784x16
        RenderText {#text} at (0,0) size 554x16
          text run at (0,0) width 554: "All text should be aligned with the right edge of its container and should not overflow."
      RenderBlock {HR} at (0,80) size 784x2 [border: (1px inset #EEEEEE)]
      RenderBlock {DIV} at (0,90) size 191x56 [bgcolor=#FFFF00]
        RenderText {#text} at (0,0) size 191x56
          text run at (0,0) width 4 RTL: " "
          text run at (3,0) width 188 RTL: "\x{5D0}\x{5DB}\x{5DC}\x{5EA} \x{5E4}\x{5DC}\x{5E4}\x{5DC}? \x{5E9}\x{5EA}\x{5D4}"
          text run at (147,28) width 44 RTL: "\x{5DE}\x{5D9}\x{5E5}!"
      RenderBlock (anonymous) at (0,146) size 784x82
        RenderBR {BR} at (0,0) size 0x16
        RenderText {#text} at (199,66) size 4x16
          text run at (199,66) width 4: " "
        RenderBR {BR} at (0,0) size 0x0
      RenderBlock {DIV} at (0,228) size 191x56 [bgcolor=#FFFF00]
        RenderText {#text} at (0,0) size 191x56
          text run at (0,0) width 4 RTL: " "
          text run at (3,0) width 188 RTL: "\x{5D0}\x{5DB}\x{5DC}\x{5EA} \x{5E4}\x{5DC}\x{5E4}\x{5DC}? \x{5E9}\x{5EA}\x{5D4}"
          text run at (147,28) width 44 RTL: "\x{5DE}\x{5D9}\x{5E5}!"
layer at (8,170) size 199x62 clip at (9,171) size 197x60
  RenderTextControl {TEXTAREA} at (0,16) size 199x62 [bgcolor=#FFFFFF] [border: (1px solid #000000)]
    RenderBlock {DIV} at (3,3) size 193x56
      RenderText {#text} at (0,0) size 193x56
        text run at (0,0) width 6 RTL: " "
        text run at (5,0) width 188 RTL: "\x{5D0}\x{5DB}\x{5DC}\x{5EA} \x{5E4}\x{5DC}\x{5E4}\x{5DC}? \x{5E9}\x{5EA}\x{5D4}"
        text run at (149,28) width 44 RTL: "\x{5DE}\x{5D9}\x{5E5}!"
