layer at (0,0) size 785x29392
  RenderView at (0,0) size 785x600
layer at (0,0) size 785x600
  RenderBlock {HTML} at (0,0) size 785x600
    RenderBody {BODY} at (8,8) size 769x576
      RenderBlock {P} at (0,0) size 769x64
        RenderText {#text} at (0,0) size 762x64
          text run at (0,0) width 743: "The column on the right has explicit spaces. Line breaks should be roughly the same if Thai line breaks are working"
          text run at (0,16) width 760: "well. The original source of this text was ICU, and the test program said \"by it's very nature, Thai word breaking is not"
          text run at (0,32) width 762: "exact\", so the columns don't match exactly. In a future version we might decide to tweak the right column to match our"
          text run at (0,48) width 121: "expected behavior."
layer at (236,88) size 1x27896
  RenderBlock (positioned) {DIV} at (235.50,88) size 1x27896
    RenderText {#text} at (0,5) size 83x27890
      text run at (0,5) width 21: "\x{E1A}\x{E17}"
      text run at (0,27) width 49: "\x{E17}\x{E35}\x{E48}\x{E51}\x{E1E}\x{E32}\x{E22}\x{E38}"
      text run at (0,49) width 54: "\x{E44}\x{E0B}\x{E42}\x{E04}\x{E25}\x{E19}"
      text run at (0,71) width 19: "\x{E42}\x{E14}"
      text run at (0,93) width 25: "\x{E42}\x{E23}\x{E18}\x{E35}"
      text run at (0,115) width 38: "\x{E2D}\x{E32}\x{E28}\x{E31}\x{E22}"
      text run at (0,137) width 20: "\x{E2D}\x{E22}\x{E39}\x{E48}"
      text run at (0,159) width 63: "\x{E17}\x{E48}\x{E32}\x{E21}\x{E01}\x{E25}\x{E32}\x{E07}"
      text run at (0,181) width 50: "\x{E17}\x{E38}\x{E48}\x{E07}\x{E43}\x{E2B}\x{E0D}\x{E48}"
      text run at (0,203) width 19: "\x{E43}\x{E19}"
      text run at (0,225) width 49: "\x{E41}\x{E04}\x{E19}\x{E0B}\x{E31}\x{E2A}"
      text run at (0,247) width 21: "\x{E01}\x{E31}\x{E1A}"
      text run at (0,269) width 17: "\x{E25}\x{E38}\x{E07}"
      text run at (0,291) width 15: "\x{E40}\x{E2E}"
      text run at (0,313) width 18: "\x{E19}\x{E23}\x{E35}"
      text run at (0,335) width 41: "\x{E0A}\x{E32}\x{E27}\x{E44}\x{E23}\x{E48}"
      text run at (0,357) width 26: "\x{E41}\x{E25}\x{E30}"
      text run at (0,379) width 19: "\x{E1B}\x{E49}\x{E32}"
      text run at (0,401) width 25: "\x{E40}\x{E2D}\x{E47}\x{E21}"
      text run at (0,423) width 44: "\x{E20}\x{E23}\x{E23}\x{E22}\x{E32}"
      text run at (0,445) width 41: "\x{E0A}\x{E32}\x{E27}\x{E44}\x{E23}\x{E48}"
      text run at (0,467) width 29: "\x{E1A}\x{E49}\x{E32}\x{E19}"
      text run at (0,489) width 27: "\x{E02}\x{E2D}\x{E07}"
      text run at (0,511) width 29: "\x{E1E}\x{E27}\x{E01}"
      text run at (0,533) width 23: "\x{E40}\x{E02}\x{E32}"
      text run at (0,555) width 28: "\x{E2B}\x{E25}\x{E31}\x{E07}"
      text run at (0,577) width 24: "\x{E40}\x{E25}\x{E47}\x{E01}"
      text run at (0,599) width 39: "\x{E40}\x{E1E}\x{E23}\x{E32}\x{E30}"
      text run at (0,621) width 17: "\x{E44}\x{E21}\x{E49}"
      text run at (0,643) width 33: "\x{E2A}\x{E23}\x{E49}\x{E32}\x{E07}"
      text run at (0,665) width 29: "\x{E1A}\x{E49}\x{E32}\x{E19}"
      text run at (0,687) width 27: "\x{E15}\x{E49}\x{E2D}\x{E07}"
      text run at (0,709) width 20: "\x{E02}\x{E19}"
      text run at (0,731) width 19: "\x{E21}\x{E32}"
      text run at (0,753) width 29: "\x{E14}\x{E49}\x{E27}\x{E22}"
      text run at (0,775) width 43: "\x{E40}\x{E01}\x{E27}\x{E35}\x{E22}\x{E19}"
      text run at (0,797) width 26: "\x{E40}\x{E1B}\x{E47}\x{E19}"
      text run at (0,819) width 32: "\x{E23}\x{E30}\x{E22}\x{E30}"
      text run at (0,841) width 26: "\x{E17}\x{E32}\x{E07}"
      text run at (0,863) width 38: "\x{E2B}\x{E25}\x{E32}\x{E22}"
      text run at (0,885) width 27: "\x{E44}\x{E21}\x{E25}\x{E4C}"
      text run at (0,907) width 29: "\x{E1A}\x{E49}\x{E32}\x{E19}"
      text run at (0,929) width 11: "\x{E21}\x{E35}"
      text run at (0,951) width 10: "\x{E2A}\x{E35}\x{E48}"
      text run at (0,973) width 18: "\x{E1D}\x{E32}"
      text run at (0,995) width 11: "\x{E21}\x{E35}"
      text run at (0,1017) width 21: "\x{E1E}\x{E37}\x{E49}\x{E19}"
      text run at (0,1039) width 21: "\x{E01}\x{E31}\x{E1A}"
      text run at (0,1061) width 46: "\x{E2B}\x{E25}\x{E31}\x{E07}\x{E04}\x{E32}"
      text run at (0,1083) width 26: "\x{E23}\x{E27}\x{E21}"
      text run at (0,1105) width 19: "\x{E17}\x{E33}"
      text run at (0,1127) width 26: "\x{E40}\x{E1B}\x{E47}\x{E19}"
      text run at (0,1149) width 27: "\x{E2B}\x{E49}\x{E2D}\x{E07}"
      text run at (0,1171) width 34: "\x{E40}\x{E14}\x{E35}\x{E22}\x{E27}"
      text run at (0,1193) width 19: "\x{E43}\x{E19}"
      text run at (0,1215) width 27: "\x{E2B}\x{E49}\x{E2D}\x{E07}"
      text run at (0,1237) width 11: "\x{E21}\x{E35}"
      text run at (0,1259) width 18: "\x{E17}\x{E31}\x{E49}\x{E07}"
      text run at (0,1281) width 24: "\x{E40}\x{E15}\x{E32}"
      text run at (0,1303) width 18: "\x{E2B}\x{E38}\x{E07}"
      text run at (0,1325) width 21: "\x{E15}\x{E49}\x{E21}"
      text run at (0,1347) width 11: "\x{E17}\x{E35}\x{E48}"
      text run at (0,1369) width 30: "\x{E2A}\x{E19}\x{E34}\x{E21}"
      text run at (0,1391) width 11: "\x{E14}\x{E39}"
      text run at (0,1413) width 20: "\x{E02}\x{E36}\x{E49}\x{E19}"
      text run at (0,1435) width 31: "\x{E40}\x{E25}\x{E2D}\x{E30}"
      text run at (0,1457) width 11: "\x{E21}\x{E35}"
      text run at (0,1479) width 11: "\x{E15}\x{E39}\x{E49}"
      text run at (0,1501) width 19: "\x{E43}\x{E2A}\x{E48}"
      text run at (0,1523) width 28: "\x{E16}\x{E49}\x{E27}\x{E22}"
      text run at (0,1545) width 28: "\x{E0A}\x{E32}\x{E21}"
      text run at (0,1567) width 26: "\x{E42}\x{E15}\x{E4A}\x{E30}"
      text run at (0,1589) width 33: "\x{E40}\x{E01}\x{E49}\x{E32}\x{E2D}\x{E35}\x{E49}"
      text run at (0,1611) width 28: "\x{E2A}\x{E32}\x{E21}"
      text run at (0,1633) width 28: "\x{E2B}\x{E23}\x{E37}\x{E2D}"
      text run at (0,1655) width 10: "\x{E2A}\x{E35}\x{E48}"
      text run at (0,1677) width 19: "\x{E15}\x{E31}\x{E27}"
      text run at (0,1699) width 27: "\x{E41}\x{E25}\x{E49}\x{E27}"
      text run at (0,1721) width 10: "\x{E01}\x{E47}"
      text run at (0,1743) width 11: "\x{E21}\x{E35}"
      text run at (0,1765) width 33: "\x{E40}\x{E15}\x{E35}\x{E22}\x{E07}"
      text run at (0,1787) width 30: "\x{E19}\x{E2D}\x{E19}"
      text run at (0,1809) width 17: "\x{E25}\x{E38}\x{E07}"
      text run at (0,1831) width 15: "\x{E40}\x{E2E}"
      text run at (0,1853) width 18: "\x{E19}\x{E23}\x{E35}"
      text run at (0,1875) width 21: "\x{E01}\x{E31}\x{E1A}"
      text run at (0,1897) width 19: "\x{E1B}\x{E49}\x{E32}"
      text run at (0,1919) width 25: "\x{E40}\x{E2D}\x{E47}\x{E21}"
      text run at (0,1941) width 11: "\x{E21}\x{E35}"
      text run at (0,1963) width 33: "\x{E40}\x{E15}\x{E35}\x{E22}\x{E07}"
      text run at (0,1985) width 30: "\x{E19}\x{E2D}\x{E19}"
      text run at (0,2007) width 33: "\x{E43}\x{E2B}\x{E0D}\x{E48}"
      text run at (0,2029) width 20: "\x{E2D}\x{E22}\x{E39}\x{E48}"
      text run at (0,2051) width 11: "\x{E17}\x{E35}\x{E48}"
      text run at (0,2073) width 21: "\x{E21}\x{E38}\x{E21}"
      text run at (0,2095) width 28: "\x{E2B}\x{E19}\x{E36}\x{E48}\x{E07}"
      text run at (0,2117) width 28: "\x{E2A}\x{E48}\x{E27}\x{E19}"
      text run at (0,2139) width 19: "\x{E42}\x{E14}"
      text run at (0,2161) width 16: "\x{E42}\x{E23}"
      text run at (0,2183) width 19: "\x{E18}\x{E35}\x{E21}\x{E35}"
      text run at (0,2205) width 33: "\x{E40}\x{E15}\x{E35}\x{E22}\x{E07}"
      text run at (0,2227) width 24: "\x{E40}\x{E25}\x{E47}\x{E01}"
      text run at (0,2249) width 19: "\x{E2D}\x{E35}\x{E01}"
      text run at (0,2271) width 11: "\x{E17}\x{E35}\x{E48}"
      text run at (0,2293) width 21: "\x{E21}\x{E38}\x{E21}"
      text run at (0,2315) width 28: "\x{E2B}\x{E19}\x{E36}\x{E48}\x{E07}"
      text run at (0,2337) width 27: "\x{E44}\x{E21}\x{E48}\x{E21}\x{E35}"
      text run at (0,2359) width 27: "\x{E2B}\x{E49}\x{E2D}\x{E07}"
      text run at (0,2381) width 19: "\x{E43}\x{E15}\x{E49}"
      text run at (0,2403) width 44: "\x{E40}\x{E1E}\x{E14}\x{E32}\x{E19}"
      text run at (0,2425) width 25: "\x{E40}\x{E25}\x{E22}"
      text run at (0,2447) width 27: "\x{E2B}\x{E49}\x{E2D}\x{E07}"
      text run at (0,2469) width 39: "\x{E43}\x{E15}\x{E49}\x{E16}\x{E38}\x{E19}"
      text run at (0,2491) width 10: "\x{E01}\x{E47}"
      text run at (0,2513) width 27: "\x{E44}\x{E21}\x{E48}\x{E21}\x{E35}"
      text run at (0,2535) width 24: "\x{E40}\x{E27}\x{E49}\x{E19}"
      text run at (0,2557) width 20: "\x{E41}\x{E15}\x{E48}"
      text run at (0,2579) width 11: "\x{E21}\x{E35}"
      text run at (0,2601) width 19: "\x{E42}\x{E1E}"
      text run at (0,2623) width 16: "\x{E23}\x{E07}"
      text run at (0,2645) width 34: "\x{E40}\x{E25}\x{E47}\x{E01}\x{E46}"
      text run at (0,2667) width 11: "\x{E17}\x{E35}\x{E48}"
      text run at (0,2689) width 20: "\x{E02}\x{E38}\x{E14}"
      text run at (0,2711) width 18: "\x{E44}\x{E1B}"
      text run at (0,2733) width 19: "\x{E43}\x{E15}\x{E49}"
      text run at (0,2755) width 21: "\x{E1E}\x{E37}\x{E49}\x{E19}"
      text run at (0,2777) width 33: "\x{E40}\x{E23}\x{E35}\x{E22}\x{E01}"
      text run at (0,2799) width 17: "\x{E27}\x{E48}\x{E32}"
      text run at (0,2821) width 41: "\"\x{E42}\x{E1E}\x{E23}\x{E07}"
      text run at (0,2843) width 61: "\x{E44}\x{E0B}\x{E42}\x{E04}\x{E25}\x{E19}\""
      text run at (0,2865) width 26: "\x{E40}\x{E1B}\x{E47}\x{E19}"
      text run at (0,2887) width 11: "\x{E17}\x{E35}\x{E48}"
      text run at (0,2909) width 64: "\x{E04}\x{E23}\x{E2D}\x{E1A}\x{E04}\x{E23}\x{E31}\x{E27}"
      text run at (0,2931) width 10: "\x{E19}\x{E35}\x{E49}"
      text run at (0,2953) width 16: "\x{E08}\x{E30}"
      text run at (0,2975) width 21: "\x{E21}\x{E38}\x{E14}"
      text run at (0,2997) width 40: "\x{E40}\x{E02}\x{E49}\x{E32}\x{E44}\x{E1B}"
      text run at (0,3019) width 25: "\x{E40}\x{E21}\x{E37}\x{E48}\x{E2D}"
      text run at (0,3041) width 25: "\x{E40}\x{E01}\x{E34}\x{E14}"
      text run at (0,3063) width 20: "\x{E25}\x{E21}"
      text run at (0,3085) width 29: "\x{E21}\x{E2B}\x{E32}"
      text run at (0,3107) width 21: "\x{E20}\x{E31}\x{E22}"
      text run at (0,3129) width 18: "\x{E0B}\x{E36}\x{E48}\x{E07}"
      text run at (0,3151) width 52: "\x{E01}\x{E23}\x{E30}\x{E42}\x{E0A}\x{E01}"
      text run at (0,3173) width 25: "\x{E41}\x{E23}\x{E07}"
      text run at (0,3195) width 19: "\x{E08}\x{E19}"
      text run at (0,3217) width 40: "\x{E1A}\x{E14}\x{E02}\x{E22}\x{E35}\x{E49}"
      text run at (0,3239) width 18: "\x{E2A}\x{E34}\x{E48}\x{E07}"
      text run at (0,3261) width 19: "\x{E01}\x{E48}\x{E2D}"
      text run at (0,3283) width 33: "\x{E2A}\x{E23}\x{E49}\x{E32}\x{E07}"
      text run at (0,3305) width 29: "\x{E43}\x{E14}\x{E46}"
      text run at (0,3327) width 11: "\x{E17}\x{E35}\x{E48}"
      text run at (0,3349) width 34: "\x{E02}\x{E27}\x{E32}\x{E07}"
      text run at (0,3371) width 26: "\x{E17}\x{E32}\x{E07}"
      text run at (0,3393) width 20: "\x{E21}\x{E31}\x{E19}"
      text run at (0,3415) width 17: "\x{E44}\x{E14}\x{E49}"
      text run at (0,3437) width 26: "\x{E15}\x{E23}\x{E07}"
      text run at (0,3459) width 35: "\x{E01}\x{E25}\x{E32}\x{E07}"
      text run at (0,3481) width 21: "\x{E1E}\x{E37}\x{E49}\x{E19}"
      text run at (0,3503) width 11: "\x{E21}\x{E35}"
      text run at (0,3525) width 18: "\x{E1D}\x{E32}"
      text run at (0,3547) width 26: "\x{E40}\x{E1B}\x{E34}\x{E14}"
      text run at (0,3569) width 40: "\x{E40}\x{E02}\x{E49}\x{E32}\x{E44}\x{E1B}"
      text run at (0,3591) width 27: "\x{E08}\x{E32}\x{E01}"
      text run at (0,3613) width 20: "\x{E19}\x{E31}\x{E49}\x{E19}"
      text run at (0,3635) width 11: "\x{E21}\x{E35}"
      text run at (0,3657) width 38: "\x{E1A}\x{E31}\x{E19}\x{E44}\x{E14}"
      text run at (0,3679) width 17: "\x{E25}\x{E07}"
      text run at (0,3701) width 18: "\x{E44}\x{E1B}"
      text run at (0,3723) width 18: "\x{E16}\x{E36}\x{E07}"
      text run at (0,3745) width 35: "\x{E42}\x{E1E}\x{E23}\x{E07}"
      text run at (0,3767) width 21: "\x{E21}\x{E37}\x{E14}"
      text run at (0,3789) width 34: "\x{E40}\x{E25}\x{E47}\x{E01}\x{E46}"
      text run at (0,3811) width 25: "\x{E40}\x{E21}\x{E37}\x{E48}\x{E2D}"
      text run at (0,3833) width 19: "\x{E42}\x{E14}"
      text run at (0,3855) width 25: "\x{E42}\x{E23}\x{E18}\x{E35}"
      text run at (0,3877) width 20: "\x{E22}\x{E37}\x{E19}"
      text run at (0,3899) width 11: "\x{E17}\x{E35}\x{E48}"
      text run at (0,3921) width 29: "\x{E1B}\x{E32}\x{E01}"
      text run at (0,3943) width 36: "\x{E1B}\x{E23}\x{E30}\x{E15}\x{E39}"
      text run at (0,3965) width 26: "\x{E41}\x{E25}\x{E30}"
      text run at (0,3987) width 27: "\x{E21}\x{E2D}\x{E07}"
      text run at (0,4009) width 18: "\x{E44}\x{E1B}"
      text run at (0,4031) width 37: "\x{E23}\x{E2D}\x{E1A}\x{E46}"
      text run at (0,4053) width 24: "\x{E40}\x{E18}\x{E2D}"
      text run at (0,4075) width 17: "\x{E44}\x{E21}\x{E48}"
      text run at (0,4097) width 26: "\x{E40}\x{E2B}\x{E47}\x{E19}"
      text run at (0,4119) width 31: "\x{E2D}\x{E30}\x{E44}\x{E23}"
      text run at (0,4141) width 55: "\x{E19}\x{E2D}\x{E01}\x{E08}\x{E32}\x{E01}"
      text run at (0,4163) width 27: "\x{E17}\x{E49}\x{E2D}\x{E07}"
      text run at (0,4185) width 18: "\x{E17}\x{E38}\x{E48}\x{E07}"
      text run at (0,4207) width 34: "\x{E01}\x{E27}\x{E49}\x{E32}\x{E07}"
      text run at (0,4229) width 10: "\x{E2A}\x{E35}"
      text run at (0,4251) width 24: "\x{E40}\x{E17}\x{E32}"
      text run at (0,4273) width 31: "\x{E2B}\x{E21}\x{E48}\x{E19}"
      text run at (0,4295) width 19: "\x{E17}\x{E31}\x{E48}\x{E27}"
      text run at (0,4317) width 20: "\x{E17}\x{E38}\x{E01}"
      text run at (0,4339) width 29: "\x{E14}\x{E49}\x{E32}\x{E19}"
      text run at (0,4361) width 27: "\x{E44}\x{E21}\x{E48}\x{E21}\x{E35}"
      text run at (0,4383) width 20: "\x{E41}\x{E21}\x{E49}"
      text run at (0,4405) width 37: "\x{E15}\x{E49}\x{E19}\x{E44}\x{E21}\x{E49}"
      text run at (0,4427) width 20: "\x{E2A}\x{E31}\x{E01}"
      text run at (0,4449) width 20: "\x{E15}\x{E49}\x{E19}"
      text run at (0,4471) width 28: "\x{E2B}\x{E23}\x{E37}\x{E2D}"
      text run at (0,4493) width 29: "\x{E1A}\x{E49}\x{E32}\x{E19}"
      text run at (0,4515) width 20: "\x{E2A}\x{E31}\x{E01}"
      text run at (0,4537) width 28: "\x{E2B}\x{E25}\x{E31}\x{E07}"
      text run at (0,4559) width 11: "\x{E17}\x{E35}\x{E48}"
      text run at (0,4581) width 28: "\x{E42}\x{E1C}\x{E25}\x{E48}"
      text run at (0,4603) width 21: "\x{E1E}\x{E49}\x{E19}"
      text run at (0,4625) width 71: "\x{E20}\x{E39}\x{E21}\x{E34}\x{E1B}\x{E23}\x{E30}\x{E40}\x{E17}\x{E28}"
      text run at (0,4647) width 20: "\x{E2D}\x{E31}\x{E19}"
      text run at (0,4669) width 27: "\x{E23}\x{E32}\x{E1A}"
      text run at (0,4691) width 33: "\x{E40}\x{E23}\x{E35}\x{E22}\x{E1A}"
      text run at (0,4713) width 19: "\x{E41}\x{E1C}\x{E48}"
      text run at (0,4735) width 18: "\x{E44}\x{E1B}"
      text run at (0,4757) width 26: "\x{E44}\x{E01}\x{E25}"
      text run at (0,4779) width 19: "\x{E08}\x{E19}"
      text run at (0,4801) width 19: "\x{E08}\x{E14}"
      text run at (0,4823) width 29: "\x{E02}\x{E2D}\x{E1A}"
      text run at (0,4845) width 19: "\x{E1F}\x{E49}\x{E32}"
      text run at (0,4867) width 19: "\x{E17}\x{E31}\x{E48}\x{E27}"
      text run at (0,4889) width 20: "\x{E17}\x{E38}\x{E01}"
      text run at (0,4911) width 21: "\x{E17}\x{E34}\x{E28}"
      text run at (0,4933) width 62: "\x{E14}\x{E27}\x{E07}\x{E15}\x{E30}\x{E27}\x{E31}\x{E19}"
      text run at (0,4955) width 23: "\x{E40}\x{E1C}\x{E32}"
      text run at (0,4977) width 20: "\x{E1C}\x{E37}\x{E19}"
      text run at (0,4999) width 20: "\x{E14}\x{E34}\x{E19}"
      text run at (0,5021) width 11: "\x{E17}\x{E35}\x{E48}"
      text run at (0,5043) width 17: "\x{E44}\x{E16}"
      text run at (0,5065) width 27: "\x{E41}\x{E25}\x{E49}\x{E27}"
      text run at (0,5087) width 19: "\x{E08}\x{E19}"
      text run at (0,5109) width 37: "\x{E01}\x{E25}\x{E32}\x{E22}"
      text run at (0,5131) width 26: "\x{E40}\x{E1B}\x{E47}\x{E19}"
      text run at (0,5153) width 29: "\x{E41}\x{E1C}\x{E48}\x{E19}"
      text run at (0,5175) width 39: "\x{E21}\x{E2B}\x{E36}\x{E21}\x{E32}"
      text run at (0,5197) width 10: "\x{E2A}\x{E35}"
      text run at (0,5219) width 19: "\x{E14}\x{E33}"
      text run at (0,5241) width 11: "\x{E21}\x{E35}"
      text run at (0,5263) width 27: "\x{E23}\x{E2D}\x{E22}"
      text run at (0,5285) width 29: "\x{E41}\x{E15}\x{E01}"
      text run at (0,5307) width 42: "\x{E23}\x{E30}\x{E41}\x{E2B}\x{E07}"
      text run at (0,5329) width 20: "\x{E2D}\x{E22}\x{E39}\x{E48}"
      text run at (0,5351) width 39: "\x{E15}\x{E25}\x{E2D}\x{E14}"
      text run at (0,5373) width 39: "\x{E41}\x{E21}\x{E49}\x{E41}\x{E15}\x{E48}"
      text run at (0,5395) width 32: "\x{E2B}\x{E0D}\x{E49}\x{E32}"
      text run at (0,5417) width 10: "\x{E01}\x{E47}"
      text run at (0,5439) width 17: "\x{E44}\x{E21}\x{E48}"
      text run at (0,5461) width 33: "\x{E40}\x{E02}\x{E35}\x{E22}\x{E27}"
      text run at (0,5483) width 39: "\x{E40}\x{E1E}\x{E23}\x{E32}\x{E30}"
      text run at (0,5505) width 62: "\x{E14}\x{E27}\x{E07}\x{E15}\x{E30}\x{E27}\x{E31}\x{E19}"
      text run at (0,5527) width 23: "\x{E40}\x{E1C}\x{E32}"
      text run at (0,5549) width 30: "\x{E22}\x{E2D}\x{E14}"
      text run at (0,5571) width 20: "\x{E43}\x{E1A}"
      text run at (0,5593) width 27: "\x{E22}\x{E32}\x{E27}"
      text run at (0,5615) width 25: "\x{E40}\x{E2A}\x{E35}\x{E22}"
      text run at (0,5637) width 19: "\x{E08}\x{E19}"
      text run at (0,5659) width 26: "\x{E40}\x{E1B}\x{E47}\x{E19}"
      text run at (0,5681) width 10: "\x{E2A}\x{E35}"
      text run at (0,5703) width 24: "\x{E40}\x{E17}\x{E32}"
      text run at (0,5725) width 31: "\x{E2B}\x{E21}\x{E48}\x{E19}"
      text run at (0,5747) width 27: "\x{E21}\x{E2D}\x{E07}"
      text run at (0,5769) width 26: "\x{E40}\x{E2B}\x{E47}\x{E19}"
      text run at (0,5791) width 20: "\x{E2D}\x{E22}\x{E39}\x{E48}"
      text run at (0,5813) width 36: "\x{E17}\x{E31}\x{E48}\x{E27}\x{E44}\x{E1B}"
      text run at (0,5835) width 26: "\x{E04}\x{E23}\x{E31}\x{E49}\x{E07}"
      text run at (0,5857) width 28: "\x{E2B}\x{E19}\x{E36}\x{E48}\x{E07}"
      text run at (0,5879) width 26: "\x{E40}\x{E04}\x{E22}"
      text run at (0,5901) width 28: "\x{E17}\x{E32}\x{E2A}\x{E35}"
      text run at (0,5923) width 29: "\x{E1A}\x{E49}\x{E32}\x{E19}"
      text run at (0,5945) width 23: "\x{E40}\x{E2D}\x{E32}"
      text run at (0,5967) width 15: "\x{E44}\x{E27}\x{E49}"
      text run at (0,5989) width 20: "\x{E41}\x{E15}\x{E48}"
      text run at (0,6011) width 10: "\x{E01}\x{E47}"
      text run at (0,6033) width 20: "\x{E16}\x{E39}\x{E01}"
      text run at (0,6055) width 62: "\x{E14}\x{E27}\x{E07}\x{E15}\x{E30}\x{E27}\x{E31}\x{E19}"
      text run at (0,6077) width 23: "\x{E40}\x{E1C}\x{E32}"
      text run at (0,6099) width 25: "\x{E40}\x{E2A}\x{E35}\x{E22}"
      text run at (0,6121) width 19: "\x{E08}\x{E19}"
      text run at (0,6143) width 10: "\x{E2A}\x{E35}"
      text run at (0,6165) width 28: "\x{E1E}\x{E2D}\x{E07}"
      text run at (0,6187) width 27: "\x{E41}\x{E25}\x{E49}\x{E27}"
      text run at (0,6209) width 20: "\x{E1D}\x{E19}"
      text run at (0,6231) width 10: "\x{E01}\x{E47}"
      text run at (0,6253) width 17: "\x{E0A}\x{E30}"
      text run at (0,6275) width 20: "\x{E21}\x{E31}\x{E19}"
      text run at (0,6297) width 30: "\x{E2B}\x{E25}\x{E38}\x{E14}"
      text run at (0,6319) width 18: "\x{E44}\x{E1B}"
      text run at (0,6341) width 19: "\x{E08}\x{E19}"
      text run at (0,6363) width 31: "\x{E2B}\x{E21}\x{E14}"
      text run at (0,6385) width 26: "\x{E41}\x{E25}\x{E30}"
      text run at (0,6407) width 30: "\x{E15}\x{E2D}\x{E19}"
      text run at (0,6429) width 10: "\x{E19}\x{E35}\x{E49}"
      text run at (0,6451) width 29: "\x{E1A}\x{E49}\x{E32}\x{E19}"
      text run at (0,6473) width 17: "\x{E08}\x{E36}\x{E07}"
      text run at (0,6495) width 11: "\x{E14}\x{E39}"
      text run at (0,6517) width 68: "\x{E2B}\x{E21}\x{E48}\x{E19}\x{E2B}\x{E21}\x{E2D}\x{E07}"
      text run at (0,6539) width 26: "\x{E40}\x{E1B}\x{E47}\x{E19}"
      text run at (0,6561) width 10: "\x{E2A}\x{E35}"
      text run at (0,6583) width 24: "\x{E40}\x{E17}\x{E32}"
      text run at (0,6605) width 45: "\x{E40}\x{E2B}\x{E21}\x{E37}\x{E2D}\x{E19}"
      text run at (0,6627) width 18: "\x{E2A}\x{E34}\x{E48}\x{E07}"
      text run at (0,6649) width 29: "\x{E2D}\x{E37}\x{E48}\x{E19}\x{E46}"
      text run at (0,6671) width 29: "\x{E14}\x{E49}\x{E27}\x{E22}"
      text run at (0,6693) width 30: "\x{E15}\x{E2D}\x{E19}"
      text run at (0,6715) width 11: "\x{E17}\x{E35}\x{E48}"
      text run at (0,6737) width 19: "\x{E1B}\x{E49}\x{E32}"
      text run at (0,6759) width 25: "\x{E40}\x{E2D}\x{E47}\x{E21}"
      text run at (0,6781) width 28: "\x{E22}\x{E49}\x{E32}\x{E22}"
      text run at (0,6803) width 19: "\x{E21}\x{E32}"
      text run at (0,6825) width 20: "\x{E2D}\x{E22}\x{E39}\x{E48}"
      text run at (0,6847) width 11: "\x{E17}\x{E35}\x{E48}"
      text run at (0,6869) width 10: "\x{E19}\x{E35}\x{E48}"
      text run at (0,6891) width 24: "\x{E40}\x{E18}\x{E2D}"
      text run at (0,6913) width 18: "\x{E22}\x{E31}\x{E07}"
      text run at (0,6935) width 26: "\x{E2A}\x{E32}\x{E27}"
      text run at (0,6957) width 26: "\x{E40}\x{E1B}\x{E47}\x{E19}"
      text run at (0,6979) width 44: "\x{E20}\x{E23}\x{E23}\x{E22}\x{E32}"
      text run at (0,7001) width 11: "\x{E17}\x{E35}\x{E48}"
      text run at (0,7023) width 44: "\x{E07}\x{E14}\x{E07}\x{E32}\x{E21}"
      text run at (0,7045) width 27: "\x{E41}\x{E25}\x{E49}\x{E27}"
      text run at (0,7067) width 30: "\x{E41}\x{E14}\x{E14}"
      text run at (0,7089) width 26: "\x{E41}\x{E25}\x{E30}"
      text run at (0,7111) width 20: "\x{E25}\x{E21}"
      text run at (0,7133) width 27: "\x{E01}\x{E47}\x{E44}\x{E14}\x{E49}"
      text run at (0,7155) width 45: "\x{E40}\x{E1B}\x{E25}\x{E35}\x{E48}\x{E22}\x{E19}"
      text run at (0,7177) width 24: "\x{E40}\x{E18}\x{E2D}"
      text run at (0,7199) width 18: "\x{E44}\x{E1B}"
      text run at (0,7221) width 23: "\x{E40}\x{E2D}\x{E32}"
      text run at (0,7243) width 53: "\x{E1B}\x{E23}\x{E30}\x{E01}\x{E32}\x{E22}"
      text run at (0,7265) width 18: "\x{E44}\x{E1B}"
      text run at (0,7287) width 27: "\x{E08}\x{E32}\x{E01}"
      text run at (0,7309) width 45: "\x{E14}\x{E27}\x{E07}\x{E15}\x{E32}"
      text run at (0,7331) width 24: "\x{E40}\x{E18}\x{E2D}"
      text run at (0,7353) width 39: "\x{E1B}\x{E25}\x{E48}\x{E2D}\x{E22}"
      text run at (0,7375) width 15: "\x{E44}\x{E27}\x{E49}"
      text run at (0,7397) width 20: "\x{E41}\x{E15}\x{E48}"
      text run at (0,7419) width 37: "\x{E04}\x{E27}\x{E32}\x{E21}"
      text run at (0,7441) width 29: "\x{E2A}\x{E38}\x{E02}\x{E38}\x{E21}"
      text run at (0,7463) width 35: "\x{E2D}\x{E22}\x{E48}\x{E32}\x{E07}"
      text run at (0,7485) width 68: "\x{E2B}\x{E21}\x{E48}\x{E19}\x{E2B}\x{E21}\x{E2D}\x{E07}"
      text run at (0,7507) width 23: "\x{E40}\x{E2D}\x{E32}"
      text run at (0,7529) width 10: "\x{E2A}\x{E35}"
      text run at (0,7551) width 27: "\x{E41}\x{E14}\x{E07}"
      text run at (0,7573) width 27: "\x{E08}\x{E32}\x{E01}"
      text run at (0,7595) width 29: "\x{E41}\x{E01}\x{E49}\x{E21}"
      text run at (0,7617) width 26: "\x{E41}\x{E25}\x{E30}"
      text run at (0,7639) width 18: "\x{E23}\x{E34}\x{E21}"
      text run at (0,7661) width 38: "\x{E1D}\x{E35}\x{E1B}\x{E32}\x{E01}"
      text run at (0,7683) width 24: "\x{E40}\x{E18}\x{E2D}"
      text run at (0,7705) width 18: "\x{E44}\x{E1B}"
      text run at (0,7727) width 37: "\x{E01}\x{E25}\x{E32}\x{E22}"
      text run at (0,7749) width 26: "\x{E40}\x{E1B}\x{E47}\x{E19}"
      text run at (0,7771) width 10: "\x{E2A}\x{E35}"
      text run at (0,7793) width 40: "\x{E2B}\x{E21}\x{E48}\x{E19}\x{E46}"
      text run at (0,7815) width 45: "\x{E40}\x{E2B}\x{E21}\x{E37}\x{E2D}\x{E19}"
      text run at (0,7837) width 20: "\x{E01}\x{E31}\x{E19}"
      text run at (0,7859) width 24: "\x{E40}\x{E18}\x{E2D}"
      text run at (0,7881) width 29: "\x{E1C}\x{E2D}\x{E21}"
      text run at (0,7903) width 26: "\x{E41}\x{E25}\x{E30}"
      text run at (0,7925) width 28: "\x{E2B}\x{E25}\x{E31}\x{E07}"
      text run at (0,7947) width 27: "\x{E42}\x{E04}\x{E49}\x{E07}"
      text run at (0,7969) width 26: "\x{E41}\x{E25}\x{E30}"
      text run at (0,7991) width 34: "\x{E40}\x{E14}\x{E35}\x{E4B}\x{E22}\x{E27}"
      text run at (0,8013) width 10: "\x{E19}\x{E35}\x{E49}"
      text run at (0,8035) width 17: "\x{E44}\x{E21}\x{E48}"
      text run at (0,8057) width 26: "\x{E40}\x{E04}\x{E22}"
      text run at (0,8079) width 20: "\x{E22}\x{E34}\x{E49}\x{E21}"
      text run at (0,8101) width 25: "\x{E40}\x{E25}\x{E22}"
      text run at (0,8123) width 25: "\x{E40}\x{E21}\x{E37}\x{E48}\x{E2D}"
      text run at (0,8145) width 19: "\x{E42}\x{E14}"
      text run at (0,8167) width 25: "\x{E42}\x{E23}\x{E18}\x{E35}"
      text run at (0,8189) width 18: "\x{E0B}\x{E36}\x{E48}\x{E07}"
      text run at (0,8211) width 26: "\x{E40}\x{E1B}\x{E47}\x{E19}"
      text run at (0,8233) width 25: "\x{E40}\x{E14}\x{E47}\x{E01}"
      text run at (0,8255) width 45: "\x{E01}\x{E33}\x{E1E}\x{E23}\x{E49}\x{E32}"
      text run at (0,8277) width 19: "\x{E21}\x{E32}"
      text run at (0,8299) width 20: "\x{E2D}\x{E22}\x{E39}\x{E48}"
      text run at (0,8321) width 21: "\x{E01}\x{E31}\x{E1A}"
      text run at (0,8343) width 24: "\x{E40}\x{E18}\x{E2D}"
      text run at (0,8365) width 30: "\x{E15}\x{E2D}\x{E19}"
      text run at (0,8387) width 27: "\x{E41}\x{E23}\x{E01}"
      text run at (0,8409) width 19: "\x{E1B}\x{E49}\x{E32}"
      text run at (0,8431) width 25: "\x{E40}\x{E2D}\x{E47}\x{E21}"
      text run at (0,8453) width 20: "\x{E15}\x{E37}\x{E48}\x{E19}"
      text run at (0,8475) width 26: "\x{E40}\x{E15}\x{E49}\x{E19}"
      text run at (0,8497) width 21: "\x{E01}\x{E31}\x{E1A}"
      text run at (0,8519) width 32: "\x{E40}\x{E2A}\x{E35}\x{E22}\x{E07}"
      text run at (0,8541) width 47: "\x{E2B}\x{E31}\x{E27}\x{E40}\x{E23}\x{E32}\x{E30}"
      text run at (0,8563) width 27: "\x{E02}\x{E2D}\x{E07}"
      text run at (0,8585) width 25: "\x{E40}\x{E14}\x{E47}\x{E01}"
      text run at (0,8607) width 29: "\x{E19}\x{E49}\x{E2D}\x{E22}"
      text run at (0,8629) width 28: "\x{E21}\x{E32}\x{E01}"
      text run at (0,8651) width 24: "\x{E40}\x{E18}\x{E2D}"
      text run at (0,8673) width 16: "\x{E08}\x{E30}"
      text run at (0,8695) width 18: "\x{E2A}\x{E48}\x{E07}"
      text run at (0,8717) width 32: "\x{E40}\x{E2A}\x{E35}\x{E22}\x{E07}"
      text run at (0,8739) width 25: "\x{E23}\x{E49}\x{E2D}\x{E07}"
      text run at (0,8761) width 27: "\x{E41}\x{E25}\x{E49}\x{E27}"
      text run at (0,8783) width 23: "\x{E40}\x{E2D}\x{E32}"
      text run at (0,8805) width 20: "\x{E21}\x{E37}\x{E2D}"
      text run at (0,8827) width 29: "\x{E17}\x{E32}\x{E1A}"
      text run at (0,8849) width 19: "\x{E2D}\x{E01}"
      text run at (0,8871) width 20: "\x{E17}\x{E38}\x{E01}"
      text run at (0,8893) width 26: "\x{E04}\x{E23}\x{E31}\x{E49}\x{E07}"
      text run at (0,8915) width 11: "\x{E17}\x{E35}\x{E48}"
      text run at (0,8937) width 32: "\x{E40}\x{E2A}\x{E35}\x{E22}\x{E07}"
      text run at (0,8959) width 20: "\x{E2D}\x{E31}\x{E19}"
      text run at (0,8981) width 37: "\x{E23}\x{E48}\x{E32}\x{E40}\x{E23}\x{E34}\x{E07}"
      text run at (0,9003) width 27: "\x{E02}\x{E2D}\x{E07}"
      text run at (0,9025) width 19: "\x{E42}\x{E14}"
      text run at (0,9047) width 25: "\x{E42}\x{E23}\x{E18}\x{E35}"
      text run at (0,9069) width 33: "\x{E40}\x{E02}\x{E49}\x{E32}\x{E2B}\x{E39}"
      text run at (0,9091) width 24: "\x{E40}\x{E18}\x{E2D}"
      text run at (0,9113) width 26: "\x{E41}\x{E25}\x{E30}"
      text run at (0,9135) width 24: "\x{E40}\x{E18}\x{E2D}"
      text run at (0,9157) width 23: "\x{E40}\x{E1D}\x{E49}\x{E32}"
      text run at (0,9179) width 27: "\x{E21}\x{E2D}\x{E07}"
      text run at (0,9201) width 25: "\x{E40}\x{E14}\x{E47}\x{E01}"
      text run at (0,9223) width 31: "\x{E2B}\x{E0D}\x{E34}\x{E07}"
      text run at (0,9245) width 39: "\x{E19}\x{E49}\x{E2D}\x{E22}\x{E46}"
      text run at (0,9267) width 29: "\x{E14}\x{E49}\x{E27}\x{E22}"
      text run at (0,9289) width 37: "\x{E04}\x{E27}\x{E32}\x{E21}"
      text run at (0,9311) width 63: "\x{E1B}\x{E23}\x{E30}\x{E2B}\x{E25}\x{E32}\x{E14}"
      text run at (0,9333) width 18: "\x{E43}\x{E08}"
      text run at (0,9355) width 29: "\x{E14}\x{E49}\x{E27}\x{E22}"
      text run at (0,9377) width 18: "\x{E22}\x{E31}\x{E07}"
      text run at (0,9399) width 19: "\x{E2B}\x{E32}"
      text run at (0,9421) width 31: "\x{E2D}\x{E30}\x{E44}\x{E23}"
      text run at (0,9443) width 19: "\x{E21}\x{E32}"
      text run at (0,9465) width 26: "\x{E40}\x{E1B}\x{E47}\x{E19}"
      text run at (0,9487) width 30: "\x{E40}\x{E23}\x{E37}\x{E48}\x{E2D}\x{E07}"
      text run at (0,9509) width 47: "\x{E2B}\x{E31}\x{E27}\x{E40}\x{E23}\x{E32}\x{E30}"
      text run at (0,9531) width 17: "\x{E44}\x{E14}\x{E49}"
      text run at (0,9553) width 17: "\x{E25}\x{E38}\x{E07}"
      text run at (0,9575) width 15: "\x{E40}\x{E2E}"
      text run at (0,9597) width 18: "\x{E19}\x{E23}\x{E35}"
      text run at (0,9619) width 17: "\x{E44}\x{E21}\x{E48}"
      text run at (0,9641) width 26: "\x{E40}\x{E04}\x{E22}"
      text run at (0,9663) width 47: "\x{E2B}\x{E31}\x{E27}\x{E40}\x{E23}\x{E32}\x{E30}"
      text run at (0,9685) width 17: "\x{E25}\x{E38}\x{E07}"
      text run at (0,9707) width 45: "\x{E17}\x{E33}\x{E07}\x{E32}\x{E19}"
      text run at (0,9729) width 30: "\x{E2B}\x{E19}\x{E31}\x{E01}"
      text run at (0,9751) width 27: "\x{E08}\x{E32}\x{E01}"
      text run at (0,9773) width 23: "\x{E40}\x{E0A}\x{E49}\x{E32}"
      text run at (0,9795) width 20: "\x{E22}\x{E31}\x{E19}"
      text run at (0,9817) width 19: "\x{E04}\x{E48}\x{E33}"
      text run at (0,9839) width 26: "\x{E41}\x{E25}\x{E30}"
      text run at (0,9861) width 17: "\x{E44}\x{E21}\x{E48}"
      text run at (0,9883) width 26: "\x{E40}\x{E04}\x{E22}"
      text run at (0,9905) width 26: "\x{E23}\x{E39}\x{E49}\x{E08}\x{E31}\x{E01}"
      text run at (0,9927) width 17: "\x{E27}\x{E48}\x{E32}"
      text run at (0,9949) width 37: "\x{E04}\x{E27}\x{E32}\x{E21}"
      text run at (0,9971) width 37: "\x{E23}\x{E48}\x{E32}\x{E40}\x{E23}\x{E34}\x{E07}"
      text run at (0,9993) width 20: "\x{E04}\x{E37}\x{E2D}"
      text run at (0,10015) width 31: "\x{E2D}\x{E30}\x{E44}\x{E23}"
      text run at (0,10037) width 17: "\x{E25}\x{E38}\x{E07}"
      text run at (0,10059) width 11: "\x{E14}\x{E39}"
      text run at (0,10081) width 68: "\x{E2B}\x{E21}\x{E48}\x{E19}\x{E2B}\x{E21}\x{E2D}\x{E07}"
      text run at (0,10103) width 18: "\x{E44}\x{E1B}"
      text run at (0,10125) width 31: "\x{E2B}\x{E21}\x{E14}"
      text run at (0,10147) width 38: "\x{E15}\x{E31}\x{E49}\x{E07}\x{E41}\x{E15}\x{E48}"
      text run at (0,10169) width 32: "\x{E40}\x{E04}\x{E23}\x{E32}"
      text run at (0,10191) width 27: "\x{E22}\x{E32}\x{E27}"
      text run at (0,10213) width 19: "\x{E08}\x{E19}"
      text run at (0,10235) width 19: "\x{E08}\x{E14}"
      text run at (0,10257) width 48: "\x{E23}\x{E2D}\x{E07}\x{E40}\x{E17}\x{E49}\x{E32}"
      text run at (0,10279) width 21: "\x{E1A}\x{E39}\x{E15}"
      text run at (0,10301) width 20: "\x{E2D}\x{E31}\x{E19}"
      text run at (0,10323) width 39: "\x{E2B}\x{E22}\x{E32}\x{E1A}"
      text run at (0,10345) width 27: "\x{E41}\x{E25}\x{E49}\x{E27}"
      text run at (0,10367) width 17: "\x{E25}\x{E38}\x{E07}"
      text run at (0,10389) width 10: "\x{E01}\x{E47}"
      text run at (0,10411) width 11: "\x{E14}\x{E39}"
      text run at (0,10433) width 58: "\x{E40}\x{E04}\x{E23}\x{E48}\x{E07}\x{E02}\x{E23}\x{E36}\x{E21}"
      text run at (0,10455) width 19: "\x{E19}\x{E48}\x{E32}"
      text run at (0,10477) width 30: "\x{E40}\x{E01}\x{E23}\x{E07}"
      text run at (0,10499) width 28: "\x{E02}\x{E32}\x{E21}"
      text run at (0,10521) width 17: "\x{E44}\x{E21}\x{E48}"
      text run at (0,10543) width 30: "\x{E04}\x{E48}\x{E2D}\x{E22}"
      text run at (0,10565) width 16: "\x{E08}\x{E30}"
      text run at (0,10587) width 21: "\x{E1E}\x{E39}\x{E14}"
      text run at (0,10609) width 11: "\x{E21}\x{E35}"
      text run at (0,10631) width 19: "\x{E42}\x{E15}"
      text run at (0,10653) width 19: "\x{E42}\x{E15}\x{E49}"
      text run at (0,10675) width 11: "\x{E17}\x{E35}\x{E48}"
      text run at (0,10697) width 38: "\x{E17}\x{E33}\x{E43}\x{E2B}\x{E49}"
      text run at (0,10719) width 19: "\x{E42}\x{E14}"
      text run at (0,10741) width 25: "\x{E42}\x{E23}\x{E18}\x{E35}"
      text run at (0,10763) width 47: "\x{E2B}\x{E31}\x{E27}\x{E40}\x{E23}\x{E32}\x{E30}"
      text run at (0,10785) width 17: "\x{E44}\x{E14}\x{E49}"
      text run at (0,10807) width 26: "\x{E41}\x{E25}\x{E30}"
      text run at (0,10829) width 28: "\x{E0A}\x{E48}\x{E27}\x{E22}"
      text run at (0,10851) width 24: "\x{E40}\x{E18}\x{E2D}"
      text run at (0,10873) width 19: "\x{E43}\x{E2B}\x{E49}"
      text run at (0,10895) width 21: "\x{E1E}\x{E49}\x{E19}"
      text run at (0,10917) width 27: "\x{E08}\x{E32}\x{E01}"
      text run at (0,10939) width 35: "\x{E01}\x{E32}\x{E23}\x{E01}"
      text run at (0,10961) width 28: "\x{E25}\x{E32}\x{E22}"
      text run at (0,10983) width 26: "\x{E40}\x{E1B}\x{E47}\x{E19}"
      text run at (0,11005) width 10: "\x{E2A}\x{E35}"
      text run at (0,11027) width 24: "\x{E40}\x{E17}\x{E32}"
      text run at (0,11049) width 31: "\x{E2B}\x{E21}\x{E48}\x{E19}"
      text run at (0,11071) width 45: "\x{E40}\x{E2B}\x{E21}\x{E37}\x{E2D}\x{E19}"
      text run at (0,11093) width 21: "\x{E01}\x{E31}\x{E1A}"
      text run at (0,11115) width 18: "\x{E2A}\x{E34}\x{E48}\x{E07}"
      text run at (0,11137) width 28: "\x{E23}\x{E2D}\x{E1A}"
      text run at (0,11159) width 19: "\x{E15}\x{E31}\x{E27}"
      text run at (0,11181) width 29: "\x{E2D}\x{E37}\x{E48}\x{E19}\x{E46}"
      text run at (0,11203) width 19: "\x{E42}\x{E15}"
      text run at (0,11225) width 19: "\x{E42}\x{E15}\x{E49}"
      text run at (0,11247) width 10: "\x{E2A}\x{E35}"
      text run at (0,11269) width 17: "\x{E44}\x{E21}\x{E48}"
      text run at (0,11291) width 24: "\x{E40}\x{E17}\x{E32}"
      text run at (0,11313) width 31: "\x{E2B}\x{E21}\x{E48}\x{E19}"
      text run at (0,11335) width 20: "\x{E41}\x{E15}\x{E48}"
      text run at (0,11357) width 20: "\x{E21}\x{E31}\x{E19}"
      text run at (0,11379) width 26: "\x{E40}\x{E1B}\x{E47}\x{E19}"
      text run at (0,11401) width 29: "\x{E2B}\x{E21}\x{E32}"
      text run at (0,11423) width 10: "\x{E2A}\x{E35}"
      text run at (0,11445) width 19: "\x{E14}\x{E33}"
      text run at (0,11467) width 19: "\x{E15}\x{E31}\x{E27}"
      text run at (0,11489) width 39: "\x{E19}\x{E49}\x{E2D}\x{E22}\x{E46}"
      text run at (0,11511) width 20: "\x{E02}\x{E19}"
      text run at (0,11533) width 27: "\x{E22}\x{E32}\x{E27}"
      text run at (0,11555) width 21: "\x{E1B}\x{E38}\x{E22}"
      text run at (0,11577) width 44: "\x{E23}\x{E32}\x{E27}\x{E01}\x{E31}\x{E1A}"
      text run at (0,11599) width 27: "\x{E44}\x{E2B}\x{E21}"
      text run at (0,11621) width 11: "\x{E21}\x{E35}"
      text run at (0,11643) width 19: "\x{E15}\x{E32}"
      text run at (0,11665) width 19: "\x{E14}\x{E33}"
      text run at (0,11687) width 24: "\x{E40}\x{E25}\x{E47}\x{E01}"
      text run at (0,11709) width 26: "\x{E40}\x{E1B}\x{E47}\x{E19}"
      text run at (0,11731) width 53: "\x{E1B}\x{E23}\x{E30}\x{E01}\x{E32}\x{E22}"
      text run at (0,11753) width 38: "\x{E23}\x{E37}\x{E48}\x{E19}\x{E40}\x{E23}\x{E34}\x{E07}"
      text run at (0,11775) width 20: "\x{E2D}\x{E22}\x{E39}\x{E48}"
      text run at (0,11797) width 27: "\x{E2A}\x{E2D}\x{E07}"
      text run at (0,11819) width 25: "\x{E02}\x{E49}\x{E32}\x{E07}"
      text run at (0,11841) width 29: "\x{E08}\x{E21}\x{E39}\x{E01}"
      text run at (0,11863) width 24: "\x{E40}\x{E25}\x{E47}\x{E01}"
      text run at (0,11885) width 20: "\x{E2D}\x{E31}\x{E19}"
      text run at (0,11907) width 19: "\x{E19}\x{E48}\x{E32}"
      text run at (0,11929) width 20: "\x{E02}\x{E31}\x{E19}"
      text run at (0,11951) width 27: "\x{E02}\x{E2D}\x{E07}"
      text run at (0,11973) width 20: "\x{E21}\x{E31}\x{E19}"
      text run at (0,11995) width 19: "\x{E42}\x{E15}"
      text run at (0,12017) width 19: "\x{E42}\x{E15}\x{E49}"
      text run at (0,12039) width 25: "\x{E40}\x{E25}\x{E48}\x{E19}"
      text run at (0,12061) width 18: "\x{E17}\x{E31}\x{E49}\x{E07}"
      text run at (0,12083) width 19: "\x{E27}\x{E31}\x{E19}"
      text run at (0,12105) width 26: "\x{E41}\x{E25}\x{E30}"
      text run at (0,12127) width 19: "\x{E42}\x{E14}"
      text run at (0,12149) width 25: "\x{E42}\x{E23}\x{E18}\x{E35}"
      text run at (0,12171) width 10: "\x{E01}\x{E47}"
      text run at (0,12193) width 25: "\x{E40}\x{E25}\x{E48}\x{E19}"
      text run at (0,12215) width 21: "\x{E01}\x{E31}\x{E1A}"
      text run at (0,12237) width 20: "\x{E21}\x{E31}\x{E19}"
      text run at (0,12259) width 26: "\x{E41}\x{E25}\x{E30}"
      text run at (0,12281) width 18: "\x{E23}\x{E31}\x{E01}"
      text run at (0,12303) width 20: "\x{E21}\x{E31}\x{E19}"
      text run at (0,12325) width 34: "\x{E40}\x{E2B}\x{E25}\x{E37}\x{E2D}"
      text run at (0,12347) width 25: "\x{E40}\x{E01}\x{E34}\x{E19}"
      text run at (0,12369) width 50: "\x{E2D}\x{E22}\x{E48}\x{E32}\x{E07}\x{E44}\x{E23}"
      text run at (0,12391) width 38: "\x{E01}\x{E47}\x{E15}\x{E32}\x{E21}"
      text run at (0,12413) width 19: "\x{E27}\x{E31}\x{E19}"
      text run at (0,12435) width 10: "\x{E19}\x{E35}\x{E49}"
      text run at (0,12457) width 18: "\x{E17}\x{E31}\x{E49}\x{E07}"
      text run at (0,12479) width 11: "\x{E04}\x{E39}\x{E48}"
      text run at (0,12501) width 17: "\x{E44}\x{E21}\x{E48}"
      text run at (0,12523) width 17: "\x{E44}\x{E14}\x{E49}"
      text run at (0,12545) width 25: "\x{E40}\x{E25}\x{E48}\x{E19}"
      text run at (0,12567) width 17: "\x{E25}\x{E38}\x{E07}"
      text run at (0,12589) width 15: "\x{E40}\x{E2E}"
      text run at (0,12611) width 18: "\x{E19}\x{E23}\x{E35}"
      text run at (0,12633) width 18: "\x{E19}\x{E31}\x{E48}\x{E07}"
      text run at (0,12655) width 20: "\x{E2D}\x{E22}\x{E39}\x{E48}"
      text run at (0,12677) width 11: "\x{E17}\x{E35}\x{E48}"
      text run at (0,12699) width 38: "\x{E1A}\x{E31}\x{E19}\x{E44}\x{E14}"
      text run at (0,12721) width 36: "\x{E1B}\x{E23}\x{E30}\x{E15}\x{E39}"
      text run at (0,12743) width 26: "\x{E41}\x{E25}\x{E30}"
      text run at (0,12765) width 23: "\x{E40}\x{E1D}\x{E49}\x{E32}"
      text run at (0,12787) width 35: "\x{E01}\x{E31}\x{E07}\x{E27}\x{E25}"
      text run at (0,12809) width 26: "\x{E08}\x{E49}\x{E2D}\x{E07}"
      text run at (0,12831) width 11: "\x{E14}\x{E39}"
      text run at (0,12853) width 46: "\x{E17}\x{E49}\x{E2D}\x{E07}\x{E1F}\x{E49}\x{E32}"
      text run at (0,12875) width 10: "\x{E2A}\x{E35}"
      text run at (0,12897) width 24: "\x{E40}\x{E17}\x{E32}"
      text run at (0,12919) width 31: "\x{E2B}\x{E21}\x{E48}\x{E19}"
      text run at (0,12941) width 20: "\x{E1C}\x{E34}\x{E14}"
      text run at (0,12963) width 31: "\x{E1B}\x{E01}\x{E15}\x{E34}"
      text run at (0,12985) width 19: "\x{E42}\x{E14}"
      text run at (0,13007) width 25: "\x{E42}\x{E23}\x{E18}\x{E35}"
      text run at (0,13029) width 20: "\x{E22}\x{E37}\x{E19}"
      text run at (0,13051) width 11: "\x{E17}\x{E35}\x{E48}"
      text run at (0,13073) width 36: "\x{E1B}\x{E23}\x{E30}\x{E15}\x{E39}"
      text run at (0,13095) width 29: "\x{E01}\x{E2D}\x{E14}"
      text run at (0,13117) width 19: "\x{E42}\x{E15}"
      text run at (0,13139) width 19: "\x{E42}\x{E15}\x{E49}"
      text run at (0,13161) width 15: "\x{E44}\x{E27}\x{E49}"
      text run at (0,13183) width 19: "\x{E43}\x{E19}"
      text run at (0,13205) width 29: "\x{E2D}\x{E49}\x{E2D}\x{E21}"
      text run at (0,13227) width 29: "\x{E41}\x{E02}\x{E19}"
      text run at (0,13249) width 26: "\x{E41}\x{E25}\x{E30}"
      text run at (0,13271) width 10: "\x{E01}\x{E47}"
      text run at (0,13293) width 27: "\x{E21}\x{E2D}\x{E07}"
      text run at (0,13315) width 11: "\x{E14}\x{E39}"
      text run at (0,13337) width 46: "\x{E17}\x{E49}\x{E2D}\x{E07}\x{E1F}\x{E49}\x{E32}"
      text run at (0,13359) width 20: "\x{E2D}\x{E22}\x{E39}\x{E48}"
      text run at (0,13381) width 45: "\x{E40}\x{E2B}\x{E21}\x{E37}\x{E2D}\x{E19}"
      text run at (0,13403) width 20: "\x{E01}\x{E31}\x{E19}"
      text run at (0,13425) width 19: "\x{E1B}\x{E49}\x{E32}"
      text run at (0,13447) width 15: "\x{E40}\x{E2D}\x{E47}"
      text run at (0,13469) width 28: "\x{E21}\x{E01}\x{E33}"
      text run at (0,13491) width 17: "\x{E25}\x{E31}\x{E07}"
      text run at (0,13513) width 26: "\x{E25}\x{E49}\x{E32}\x{E07}"
      text run at (0,13535) width 28: "\x{E0A}\x{E32}\x{E21}"
      text run at (0,13557) width 20: "\x{E2D}\x{E22}\x{E39}\x{E48}"
      text run at (0,13579) width 27: "\x{E08}\x{E32}\x{E01}"
      text run at (0,13601) width 29: "\x{E14}\x{E49}\x{E32}\x{E19}"
      text run at (0,13623) width 35: "\x{E40}\x{E2B}\x{E19}\x{E37}\x{E2D}"
      text run at (0,13645) width 26: "\x{E44}\x{E01}\x{E25}"
      text run at (0,13667) width 29: "\x{E2D}\x{E2D}\x{E01}"
      text run at (0,13689) width 18: "\x{E44}\x{E1B}"
      text run at (0,13711) width 11: "\x{E21}\x{E35}"
      text run at (0,13733) width 32: "\x{E40}\x{E2A}\x{E35}\x{E22}\x{E07}"
      text run at (0,13755) width 20: "\x{E25}\x{E21}"
      text run at (0,13777) width 34: "\x{E04}\x{E23}\x{E32}\x{E07}"
      text run at (0,13799) width 27: "\x{E41}\x{E1C}\x{E48}\x{E27}"
      text run at (0,13821) width 24: "\x{E40}\x{E1A}\x{E32}"
      text run at (0,13843) width 37: "\x{E44}\x{E14}\x{E49}\x{E22}\x{E34}\x{E19}"
      text run at (0,13865) width 19: "\x{E21}\x{E32}"
      text run at (0,13887) width 17: "\x{E25}\x{E38}\x{E07}"
      text run at (0,13909) width 15: "\x{E40}\x{E2E}"
      text run at (0,13931) width 18: "\x{E19}\x{E23}\x{E35}"
      text run at (0,13953) width 26: "\x{E41}\x{E25}\x{E30}"
      text run at (0,13975) width 19: "\x{E42}\x{E14}"
      text run at (0,13997) width 25: "\x{E42}\x{E23}\x{E18}\x{E35}"
      text run at (0,14019) width 26: "\x{E40}\x{E2B}\x{E47}\x{E19}"
      text run at (0,14041) width 20: "\x{E15}\x{E49}\x{E19}"
      text run at (0,14063) width 32: "\x{E2B}\x{E0D}\x{E49}\x{E32}"
      text run at (0,14085) width 18: "\x{E2A}\x{E39}\x{E07}"
      text run at (0,14107) width 25: "\x{E40}\x{E2D}\x{E19}"
      text run at (0,14129) width 26: "\x{E40}\x{E1B}\x{E47}\x{E19}"
      text run at (0,14151) width 30: "\x{E04}\x{E25}\x{E37}\x{E48}\x{E19}"
      text run at (0,14173) width 29: "\x{E01}\x{E48}\x{E2D}\x{E19}"
      text run at (0,14195) width 11: "\x{E17}\x{E35}\x{E48}"
      text run at (0,14217) width 29: "\x{E1E}\x{E32}\x{E22}\x{E38}"
      text run at (0,14239) width 16: "\x{E08}\x{E30}"
      text run at (0,14261) width 19: "\x{E21}\x{E32}"
      text run at (0,14283) width 18: "\x{E16}\x{E36}\x{E07}"
      text run at (0,14305) width 27: "\x{E41}\x{E25}\x{E49}\x{E27}"
      text run at (0,14327) width 10: "\x{E01}\x{E47}"
      text run at (0,14349) width 11: "\x{E21}\x{E35}"
      text run at (0,14371) width 32: "\x{E40}\x{E2A}\x{E35}\x{E22}\x{E07}"
      text run at (0,14393) width 29: "\x{E2B}\x{E27}\x{E35}\x{E14}"
      text run at (0,14415) width 27: "\x{E2B}\x{E27}\x{E34}\x{E27}"
      text run at (0,14437) width 43: "\x{E0A}\x{E31}\x{E14}\x{E40}\x{E08}\x{E19}"
      text run at (0,14459) width 19: "\x{E21}\x{E32}"
      text run at (0,14481) width 27: "\x{E08}\x{E32}\x{E01}"
      text run at (0,14503) width 72: "\x{E1A}\x{E23}\x{E23}\x{E22}\x{E32}\x{E01}\x{E32}\x{E28}"
      text run at (0,14525) width 26: "\x{E17}\x{E32}\x{E07}"
      text run at (0,14547) width 19: "\x{E43}\x{E15}\x{E49}"
      text run at (0,14569) width 26: "\x{E41}\x{E25}\x{E30}"
      text run at (0,14591) width 25: "\x{E40}\x{E21}\x{E37}\x{E48}\x{E2D}"
      text run at (0,14613) width 45: "\x{E40}\x{E2B}\x{E25}\x{E37}\x{E2D}\x{E1A}"
      text run at (0,14635) width 19: "\x{E15}\x{E32}"
      text run at (0,14657) width 18: "\x{E44}\x{E1B}"
      text run at (0,14679) width 26: "\x{E17}\x{E32}\x{E07}"
      text run at (0,14701) width 29: "\x{E14}\x{E49}\x{E32}\x{E19}"
      text run at (0,14723) width 20: "\x{E19}\x{E31}\x{E49}\x{E19}"
      text run at (0,14745) width 10: "\x{E01}\x{E47}"
      text run at (0,14767) width 26: "\x{E40}\x{E2B}\x{E47}\x{E19}"
      text run at (0,14789) width 30: "\x{E04}\x{E25}\x{E37}\x{E48}\x{E19}"
      text run at (0,14811) width 32: "\x{E2B}\x{E0D}\x{E49}\x{E32}"
      text run at (0,14833) width 19: "\x{E21}\x{E32}"
      text run at (0,14855) width 26: "\x{E17}\x{E32}\x{E07}"
      text run at (0,14877) width 29: "\x{E14}\x{E49}\x{E32}\x{E19}"
      text run at (0,14899) width 20: "\x{E19}\x{E31}\x{E49}\x{E19}"
      text run at (0,14921) width 29: "\x{E14}\x{E49}\x{E27}\x{E22}"
      text run at (0,14943) width 17: "\x{E25}\x{E38}\x{E07}"
      text run at (0,14965) width 15: "\x{E40}\x{E2E}"
      text run at (0,14987) width 18: "\x{E19}\x{E23}\x{E35}"
      text run at (0,15009) width 20: "\x{E1C}\x{E38}\x{E14}"
      text run at (0,15031) width 19: "\x{E25}\x{E38}\x{E01}"
      text run at (0,15053) width 20: "\x{E02}\x{E36}\x{E49}\x{E19}"
      text run at (0,15075) width 39: "\x{E17}\x{E31}\x{E19}\x{E43}\x{E14}"
      text run at (0,15097) width 26: "\"\x{E25}\x{E21}"
      text run at (0,15119) width 54: "\x{E44}\x{E0B}\x{E42}\x{E04}\x{E25}\x{E19}"
      text run at (0,15141) width 19: "\x{E21}\x{E32}"
      text run at (0,15163) width 31: "\x{E40}\x{E2D}\x{E47}\x{E21}\""
      text run at (0,15185) width 17: "\x{E25}\x{E38}\x{E07}"
      text run at (0,15207) width 25: "\x{E23}\x{E49}\x{E2D}\x{E07}"
      text run at (0,15229) width 30: "\x{E1A}\x{E2D}\x{E01}"
      text run at (0,15251) width 44: "\x{E20}\x{E23}\x{E23}\x{E22}\x{E32}"
      text run at (0,15273) width 24: "\"\x{E02}\x{E49}\x{E32}"
      text run at (0,15295) width 16: "\x{E08}\x{E30}"
      text run at (0,15317) width 18: "\x{E44}\x{E1B}"
      text run at (0,15339) width 11: "\x{E14}\x{E39}"
      text run at (0,15361) width 28: "\x{E2A}\x{E31}\x{E15}\x{E27}\x{E4C}"
      text run at (0,15383) width 32: "\x{E40}\x{E25}\x{E35}\x{E49}\x{E22}\x{E07}"
      text run at (0,15405) width 46: "\x{E2B}\x{E19}\x{E48}\x{E2D}\x{E22}\""
      text run at (0,15427) width 27: "\x{E41}\x{E25}\x{E49}\x{E27}"
      text run at (0,15449) width 17: "\x{E25}\x{E38}\x{E07}"
      text run at (0,15471) width 10: "\x{E01}\x{E47}"
      text run at (0,15493) width 16: "\x{E27}\x{E34}\x{E48}\x{E07}"
      text run at (0,15515) width 18: "\x{E44}\x{E1B}"
      text run at (0,15537) width 18: "\x{E22}\x{E31}\x{E07}"
      text run at (0,15559) width 24: "\x{E40}\x{E1E}\x{E34}\x{E07}"
      text run at (0,15581) width 11: "\x{E17}\x{E35}\x{E48}"
      text run at (0,15603) width 17: "\x{E27}\x{E31}\x{E27}"
      text run at (0,15625) width 26: "\x{E41}\x{E25}\x{E30}"
      text run at (0,15647) width 19: "\x{E21}\x{E49}\x{E32}"
      text run at (0,15669) width 38: "\x{E2D}\x{E32}\x{E28}\x{E31}\x{E22}"
      text run at (0,15691) width 20: "\x{E2D}\x{E22}\x{E39}\x{E48}"
      text run at (0,15713) width 19: "\x{E1B}\x{E49}\x{E32}"
      text run at (0,15735) width 25: "\x{E40}\x{E2D}\x{E47}\x{E21}"
      text run at (0,15757) width 30: "\x{E2B}\x{E22}\x{E38}\x{E14}"
      text run at (0,15779) width 45: "\x{E17}\x{E33}\x{E07}\x{E32}\x{E19}"
      text run at (0,15801) width 26: "\x{E41}\x{E25}\x{E30}"
      text run at (0,15823) width 19: "\x{E21}\x{E32}"
      text run at (0,15845) width 11: "\x{E17}\x{E35}\x{E48}"
      text run at (0,15867) width 36: "\x{E1B}\x{E23}\x{E30}\x{E15}\x{E39}"
      text run at (0,15889) width 34: "\x{E40}\x{E1E}\x{E35}\x{E22}\x{E07}"
      text run at (0,15911) width 46: "\x{E0A}\x{E32}\x{E22}\x{E15}\x{E32}"
      text run at (0,15933) width 27: "\x{E21}\x{E2D}\x{E07}"
      text run at (0,15955) width 19: "\x{E1B}\x{E49}\x{E32}"
      text run at (0,15977) width 10: "\x{E01}\x{E47}"
      text run at (0,15999) width 30: "\x{E1A}\x{E2D}\x{E01}"
      text run at (0,16021) width 17: "\x{E44}\x{E14}\x{E49}"
      text run at (0,16043) width 17: "\x{E27}\x{E48}\x{E32}"
      text run at (0,16065) width 55: "\x{E2D}\x{E31}\x{E19}\x{E15}\x{E23}\x{E32}\x{E22}"
      text run at (0,16087) width 19: "\x{E21}\x{E32}"
      text run at (0,16109) width 18: "\x{E16}\x{E36}\x{E07}"
      text run at (0,16131) width 27: "\x{E41}\x{E25}\x{E49}\x{E27}"
      text run at (0,16153) width 28: "\"\x{E40}\x{E23}\x{E47}\x{E27}"
      text run at (0,16175) width 19: "\x{E42}\x{E14}"
      text run at (0,16197) width 37: "\x{E42}\x{E23}\x{E18}\x{E35}!\""
      text run at (0,16219) width 19: "\x{E1B}\x{E49}\x{E32}"
      text run at (0,16241) width 45: "\x{E15}\x{E30}\x{E42}\x{E01}\x{E19}"
      text run at (0,16263) width 23: "\"\x{E27}\x{E34}\x{E48}\x{E07}"
      text run at (0,16285) width 18: "\x{E44}\x{E1B}"
      text run at (0,16307) width 27: "\x{E2B}\x{E49}\x{E2D}\x{E07}"
      text run at (0,16329) width 45: "\x{E43}\x{E15}\x{E49}\x{E16}\x{E38}\x{E19}\""
      text run at (0,16351) width 19: "\x{E42}\x{E15}"
      text run at (0,16373) width 19: "\x{E42}\x{E15}\x{E49}"
      text run at (0,16395) width 29: "\x{E1C}\x{E25}\x{E38}\x{E19}"
      text run at (0,16417) width 53: "\x{E01}\x{E23}\x{E30}\x{E42}\x{E14}\x{E14}"
      text run at (0,16439) width 17: "\x{E25}\x{E07}"
      text run at (0,16461) width 27: "\x{E08}\x{E32}\x{E01}"
      text run at (0,16483) width 29: "\x{E2D}\x{E49}\x{E2D}\x{E21}"
      text run at (0,16505) width 29: "\x{E41}\x{E02}\x{E19}"
      text run at (0,16527) width 19: "\x{E42}\x{E14}"
      text run at (0,16549) width 25: "\x{E42}\x{E23}\x{E18}\x{E35}"
      text run at (0,16571) width 27: "\x{E41}\x{E25}\x{E49}\x{E27}"
      text run at (0,16593) width 40: "\x{E40}\x{E02}\x{E49}\x{E32}\x{E44}\x{E1B}"
      text run at (0,16615) width 29: "\x{E0B}\x{E48}\x{E2D}\x{E19}"
      text run at (0,16637) width 20: "\x{E2D}\x{E22}\x{E39}\x{E48}"
      text run at (0,16659) width 19: "\x{E43}\x{E15}\x{E49}"
      text run at (0,16681) width 33: "\x{E40}\x{E15}\x{E35}\x{E22}\x{E07}"
      text run at (0,16703) width 25: "\x{E40}\x{E14}\x{E47}\x{E01}"
      text run at (0,16725) width 31: "\x{E2B}\x{E0D}\x{E34}\x{E07}"
      text run at (0,16747) width 29: "\x{E19}\x{E49}\x{E2D}\x{E22}"
      text run at (0,16769) width 40: "\x{E40}\x{E02}\x{E49}\x{E32}\x{E44}\x{E1B}"
      text run at (0,16791) width 18: "\x{E14}\x{E36}\x{E07}"
      text run at (0,16813) width 20: "\x{E21}\x{E31}\x{E19}"
      text run at (0,16835) width 29: "\x{E2D}\x{E2D}\x{E01}"
      text run at (0,16857) width 19: "\x{E21}\x{E32}"
      text run at (0,16879) width 19: "\x{E1B}\x{E49}\x{E32}"
      text run at (0,16901) width 15: "\x{E40}\x{E2D}\x{E47}"
      text run at (0,16923) width 20: "\x{E21}\x{E01}"
      text run at (0,16945) width 15: "\x{E23}\x{E30}"
      text run at (0,16967) width 28: "\x{E0A}\x{E32}\x{E01}"
      text run at (0,16989) width 18: "\x{E1D}\x{E32}"
      text run at (0,17011) width 11: "\x{E17}\x{E35}\x{E48}"
      text run at (0,17033) width 21: "\x{E1E}\x{E37}\x{E49}\x{E19}"
      text run at (0,17055) width 29: "\x{E2D}\x{E2D}\x{E01}"
      text run at (0,17077) width 35: "\x{E2D}\x{E22}\x{E48}\x{E32}\x{E07}"
      text run at (0,17099) width 19: "\x{E2D}\x{E01}"
      text run at (0,17121) width 20: "\x{E2A}\x{E31}\x{E48}\x{E19}"
      text run at (0,17143) width 31: "\x{E02}\x{E27}\x{E31}\x{E0D}"
      text run at (0,17165) width 28: "\x{E2B}\x{E32}\x{E22}"
      text run at (0,17187) width 21: "\x{E1B}\x{E35}\x{E19}"
      text run at (0,17209) width 38: "\x{E1A}\x{E31}\x{E19}\x{E44}\x{E14}"
      text run at (0,17231) width 17: "\x{E44}\x{E21}\x{E49}"
      text run at (0,17253) width 17: "\x{E25}\x{E07}"
      text run at (0,17275) width 18: "\x{E44}\x{E1B}"
      text run at (0,17297) width 19: "\x{E43}\x{E19}"
      text run at (0,17319) width 35: "\x{E42}\x{E1E}\x{E23}\x{E07}"
      text run at (0,17341) width 24: "\x{E40}\x{E25}\x{E47}\x{E01}"
      text run at (0,17363) width 20: "\x{E2D}\x{E31}\x{E19}"
      text run at (0,17385) width 21: "\x{E21}\x{E37}\x{E14}"
      text run at (0,17407) width 21: "\x{E17}\x{E36}\x{E1A}"
      text run at (0,17429) width 19: "\x{E42}\x{E14}"
      text run at (0,17451) width 25: "\x{E42}\x{E23}\x{E18}\x{E35}"
      text run at (0,17473) width 19: "\x{E08}\x{E31}\x{E1A}"
      text run at (0,17495) width 19: "\x{E42}\x{E15}"
      text run at (0,17517) width 19: "\x{E42}\x{E15}\x{E49}"
      text run at (0,17539) width 17: "\x{E44}\x{E14}\x{E49}"
      text run at (0,17561) width 19: "\x{E43}\x{E19}"
      text run at (0,17583) width 30: "\x{E17}\x{E35}\x{E48}\x{E2A}\x{E38}\x{E14}"
      text run at (0,17605) width 26: "\x{E41}\x{E25}\x{E30}"
      text run at (0,17627) width 16: "\x{E27}\x{E34}\x{E48}\x{E07}"
      text run at (0,17649) width 29: "\x{E15}\x{E32}\x{E21}"
      text run at (0,17671) width 19: "\x{E1B}\x{E49}\x{E32}"
      text run at (0,17693) width 24: "\x{E40}\x{E18}\x{E2D}"
      text run at (0,17715) width 18: "\x{E44}\x{E1B}"
      text run at (0,17737) width 25: "\x{E40}\x{E21}\x{E37}\x{E48}\x{E2D}"
      text run at (0,17759) width 24: "\x{E40}\x{E18}\x{E2D}"
      text run at (0,17781) width 19: "\x{E21}\x{E32}"
      text run at (0,17803) width 17: "\x{E44}\x{E14}\x{E49}"
      text run at (0,17825) width 26: "\x{E04}\x{E23}\x{E36}\x{E48}\x{E07}"
      text run at (0,17847) width 27: "\x{E2B}\x{E49}\x{E2D}\x{E07}"
      text run at (0,17869) width 10: "\x{E01}\x{E47}"
      text run at (0,17891) width 11: "\x{E21}\x{E35}"
      text run at (0,17913) width 32: "\x{E40}\x{E2A}\x{E35}\x{E22}\x{E07}"
      text run at (0,17935) width 29: "\x{E2B}\x{E27}\x{E35}\x{E14}"
      text run at (0,17957) width 28: "\x{E2B}\x{E27}\x{E37}\x{E2D}"
      text run at (0,17979) width 28: "\x{E2A}\x{E48}\x{E27}\x{E19}"
      text run at (0,18001) width 29: "\x{E1A}\x{E49}\x{E32}\x{E19}"
      text run at (0,18023) width 10: "\x{E01}\x{E47}"
      text run at (0,18045) width 20: "\x{E2A}\x{E31}\x{E48}\x{E19}"
      text run at (0,18067) width 35: "\x{E2D}\x{E22}\x{E48}\x{E32}\x{E07}"
      text run at (0,18089) width 25: "\x{E41}\x{E23}\x{E07}"
      text run at (0,18111) width 19: "\x{E08}\x{E19}"
      text run at (0,18133) width 24: "\x{E40}\x{E18}\x{E2D}"
      text run at (0,18155) width 20: "\x{E2B}\x{E01}"
      text run at (0,18177) width 36: "\x{E04}\x{E30}\x{E21}\x{E33}"
      text run at (0,18199) width 18: "\x{E19}\x{E31}\x{E48}\x{E07}"
      text run at (0,18221) width 41: "\x{E08}\x{E49}\x{E33}\x{E40}\x{E1A}\x{E49}\x{E32}"
      text run at (0,18243) width 20: "\x{E2D}\x{E22}\x{E39}\x{E48}"
      text run at (0,18265) width 21: "\x{E01}\x{E31}\x{E1A}"
      text run at (0,18287) width 21: "\x{E1E}\x{E37}\x{E49}\x{E19}"
      text run at (0,18309) width 27: "\x{E41}\x{E25}\x{E49}\x{E27}"
      text run at (0,18331) width 18: "\x{E2A}\x{E34}\x{E48}\x{E07}"
      text run at (0,18353) width 63: "\x{E1B}\x{E23}\x{E30}\x{E2B}\x{E25}\x{E32}\x{E14}"
      text run at (0,18375) width 10: "\x{E01}\x{E47}"
      text run at (0,18397) width 25: "\x{E40}\x{E01}\x{E34}\x{E14}"
      text run at (0,18419) width 20: "\x{E02}\x{E36}\x{E49}\x{E19}"
      text run at (0,18441) width 29: "\x{E1A}\x{E49}\x{E32}\x{E19}"
      text run at (0,18463) width 31: "\x{E2B}\x{E21}\x{E38}\x{E19}"
      text run at (0,18485) width 18: "\x{E44}\x{E1B}"
      text run at (0,18507) width 31: "\x{E2B}\x{E21}\x{E38}\x{E19}"
      text run at (0,18529) width 28: "\x{E21}\x{E32}\x{E2A}"
      text run at (0,18551) width 17: "\x{E2D}\x{E07}"
      text run at (0,18573) width 28: "\x{E2A}\x{E32}\x{E21}"
      text run at (0,18595) width 28: "\x{E23}\x{E2D}\x{E1A}"
      text run at (0,18617) width 27: "\x{E41}\x{E25}\x{E49}\x{E27}"
      text run at (0,18639) width 10: "\x{E01}\x{E47}"
      text run at (0,18661) width 29: "\x{E25}\x{E2D}\x{E22}"
      text run at (0,18683) width 20: "\x{E02}\x{E36}\x{E49}\x{E19}"
      text run at (0,18705) width 10: "\x{E2A}\x{E39}\x{E48}"
      text run at (0,18727) width 46: "\x{E2D}\x{E32}\x{E01}\x{E32}\x{E28}"
      text run at (0,18749) width 35: "\x{E2D}\x{E22}\x{E48}\x{E32}\x{E07}"
      text run at (0,18771) width 28: "\x{E0A}\x{E49}\x{E32}\x{E46}"
      text run at (0,18793) width 19: "\x{E42}\x{E14}"
      text run at (0,18815) width 16: "\x{E42}\x{E23}"
      text run at (0,18837) width 17: "\x{E18}\x{E35}\x{E23}\x{E39}\x{E49}"
      text run at (0,18859) width 20: "\x{E2A}\x{E36}\x{E01}"
      text run at (0,18881) width 44: "\x{E23}\x{E32}\x{E27}\x{E01}\x{E31}\x{E1A}"
      text run at (0,18903) width 17: "\x{E27}\x{E48}\x{E32}"
      text run at (0,18925) width 24: "\x{E40}\x{E18}\x{E2D}"
      text run at (0,18947) width 17: "\x{E44}\x{E14}\x{E49}"
      text run at (0,18969) width 20: "\x{E02}\x{E36}\x{E49}\x{E19}"
      text run at (0,18991) width 18: "\x{E44}\x{E1B}"
      text run at (0,19013) width 21: "\x{E01}\x{E31}\x{E1A}"
      text run at (0,19035) width 19: "\x{E25}\x{E39}\x{E01}"
      text run at (0,19057) width 49: "\x{E1A}\x{E2D}\x{E25}\x{E25}\x{E39}\x{E19}"
      text run at (0,19079) width 29: "\x{E1E}\x{E32}\x{E22}\x{E38}"
      text run at (0,19101) width 35: "\x{E40}\x{E2B}\x{E19}\x{E37}\x{E2D}"
      text run at (0,19123) width 21: "\x{E01}\x{E31}\x{E1A}"
      text run at (0,19145) width 29: "\x{E1E}\x{E32}\x{E22}\x{E38}"
      text run at (0,19167) width 19: "\x{E43}\x{E15}\x{E49}"
      text run at (0,19189) width 19: "\x{E21}\x{E32}"
      text run at (0,19211) width 22: "\x{E1E}\x{E1A}"
      text run at (0,19233) width 20: "\x{E01}\x{E31}\x{E19}"
      text run at (0,19255) width 26: "\x{E15}\x{E23}\x{E07}"
      text run at (0,19277) width 11: "\x{E17}\x{E35}\x{E48}"
      text run at (0,19299) width 29: "\x{E1A}\x{E49}\x{E32}\x{E19}"
      text run at (0,19321) width 31: "\x{E1E}\x{E2D}\x{E14}\x{E35}"
      text run at (0,19343) width 26: "\x{E41}\x{E25}\x{E30}"
      text run at (0,19365) width 38: "\x{E17}\x{E33}\x{E43}\x{E2B}\x{E49}"
      text run at (0,19387) width 26: "\x{E15}\x{E23}\x{E07}"
      text run at (0,19409) width 20: "\x{E19}\x{E31}\x{E49}\x{E19}"
      text run at (0,19431) width 26: "\x{E40}\x{E1B}\x{E47}\x{E19}"
      text run at (0,19453) width 83: "\x{E08}\x{E38}\x{E14}\x{E28}\x{E39}\x{E19}\x{E22}\x{E4C}\x{E01}\x{E25}\x{E32}\x{E07}"
      text run at (0,19475) width 27: "\x{E02}\x{E2D}\x{E07}"
      text run at (0,19497) width 29: "\x{E1E}\x{E32}\x{E22}\x{E38}"
      text run at (0,19519) width 54: "\x{E44}\x{E0B}\x{E42}\x{E04}\x{E25}\x{E19}"
      text run at (0,19541) width 29: "\x{E15}\x{E32}\x{E21}"
      text run at (0,19563) width 31: "\x{E1B}\x{E01}\x{E15}\x{E34}"
      text run at (0,19585) width 26: "\x{E15}\x{E23}\x{E07}"
      text run at (0,19607) width 35: "\x{E01}\x{E25}\x{E32}\x{E07}"
      text run at (0,19629) width 29: "\x{E1E}\x{E32}\x{E22}\x{E38}"
      text run at (0,19651) width 54: "\x{E44}\x{E0B}\x{E42}\x{E04}\x{E25}\x{E19}"
      text run at (0,19673) width 46: "\x{E2D}\x{E32}\x{E01}\x{E32}\x{E28}"
      text run at (0,19695) width 16: "\x{E08}\x{E30}"
      text run at (0,19717) width 18: "\x{E19}\x{E34}\x{E48}\x{E07}"
      text run at (0,19739) width 20: "\x{E41}\x{E15}\x{E48}"
      text run at (0,19761) width 37: "\x{E04}\x{E27}\x{E32}\x{E21}"
      text run at (0,19783) width 40: "\x{E01}\x{E14}\x{E14}\x{E31}\x{E19}"
      text run at (0,19805) width 35: "\x{E2D}\x{E22}\x{E48}\x{E32}\x{E07}"
      text run at (0,19827) width 30: "\x{E2B}\x{E19}\x{E31}\x{E01}"
      text run at (0,19849) width 27: "\x{E02}\x{E2D}\x{E07}"
      text run at (0,19871) width 20: "\x{E25}\x{E21}"
      text run at (0,19893) width 20: "\x{E17}\x{E38}\x{E01}"
      text run at (0,19915) width 29: "\x{E14}\x{E49}\x{E32}\x{E19}"
      text run at (0,19937) width 28: "\x{E23}\x{E2D}\x{E1A}"
      text run at (0,19959) width 29: "\x{E1A}\x{E49}\x{E32}\x{E19}"
      text run at (0,19981) width 38: "\x{E17}\x{E33}\x{E43}\x{E2B}\x{E49}"
      text run at (0,20003) width 29: "\x{E1A}\x{E49}\x{E32}\x{E19}"
      text run at (0,20025) width 29: "\x{E25}\x{E2D}\x{E22}"
      text run at (0,20047) width 18: "\x{E2A}\x{E39}\x{E07}"
      text run at (0,20069) width 29: "\x{E02}\x{E36}\x{E49}\x{E19}\x{E46}"
      text run at (0,20091) width 19: "\x{E08}\x{E19}"
      text run at (0,20113) width 42: "\x{E01}\x{E23}\x{E30}\x{E17}\x{E31}\x{E48}\x{E07}"
      text run at (0,20135) width 20: "\x{E02}\x{E36}\x{E49}\x{E19}"
      text run at (0,20157) width 18: "\x{E44}\x{E1B}"
      text run at (0,20179) width 20: "\x{E2D}\x{E22}\x{E39}\x{E48}"
      text run at (0,20201) width 20: "\x{E2A}\x{E38}\x{E14}"
      text run at (0,20223) width 30: "\x{E22}\x{E2D}\x{E14}"
      text run at (0,20245) width 27: "\x{E02}\x{E2D}\x{E07}"
      text run at (0,20267) width 29: "\x{E1E}\x{E32}\x{E22}\x{E38}"
      text run at (0,20289) width 54: "\x{E44}\x{E0B}\x{E42}\x{E04}\x{E25}\x{E19}"
      text run at (0,20311) width 26: "\x{E41}\x{E25}\x{E30}"
      text run at (0,20333) width 27: "\x{E08}\x{E32}\x{E01}"
      text run at (0,20355) width 26: "\x{E15}\x{E23}\x{E07}"
      text run at (0,20377) width 20: "\x{E19}\x{E31}\x{E49}\x{E19}"
      text run at (0,20399) width 10: "\x{E01}\x{E47}"
      text run at (0,20421) width 20: "\x{E16}\x{E39}\x{E01}"
      text run at (0,20443) width 30: "\x{E2B}\x{E2D}\x{E1A}"
      text run at (0,20465) width 18: "\x{E44}\x{E1B}"
      text run at (0,20487) width 38: "\x{E2B}\x{E25}\x{E32}\x{E22}"
      text run at (0,20509) width 27: "\x{E44}\x{E21}\x{E25}\x{E4C}"
      text run at (0,20531) width 54: "\x{E07}\x{E48}\x{E32}\x{E22}\x{E14}\x{E32}\x{E22}"
      text run at (0,20553) width 44: "\x{E23}\x{E32}\x{E27}\x{E01}\x{E31}\x{E1A}"
      text run at (0,20575) width 30: "\x{E2B}\x{E2D}\x{E1A}"
      text run at (0,20597) width 20: "\x{E02}\x{E19}"
      text run at (0,20619) width 20: "\x{E19}\x{E01}"
      text run at (0,20641) width 21: "\x{E21}\x{E37}\x{E14}"
      text run at (0,20663) width 28: "\x{E21}\x{E32}\x{E01}"
      text run at (0,20685) width 27: "\x{E41}\x{E25}\x{E49}\x{E27}"
      text run at (0,20707) width 20: "\x{E25}\x{E21}"
      text run at (0,20729) width 18: "\x{E22}\x{E31}\x{E07}"
      text run at (0,20751) width 18: "\x{E2A}\x{E48}\x{E07}"
      text run at (0,20773) width 32: "\x{E40}\x{E2A}\x{E35}\x{E22}\x{E07}"
      text run at (0,20795) width 29: "\x{E2B}\x{E27}\x{E35}\x{E14}"
      text run at (0,20817) width 28: "\x{E2B}\x{E27}\x{E37}\x{E2D}"
      text run at (0,20839) width 19: "\x{E19}\x{E48}\x{E32}"
      text run at (0,20861) width 28: "\x{E01}\x{E25}\x{E31}\x{E27}"
      text run at (0,20883) width 20: "\x{E2D}\x{E22}\x{E39}\x{E48}"
      text run at (0,20905) width 28: "\x{E23}\x{E2D}\x{E1A}"
      text run at (0,20927) width 19: "\x{E15}\x{E31}\x{E27}"
      text run at (0,20949) width 24: "\x{E40}\x{E18}\x{E2D}"
      text run at (0,20971) width 20: "\x{E41}\x{E15}\x{E48}"
      text run at (0,20993) width 19: "\x{E42}\x{E14}"
      text run at (0,21015) width 25: "\x{E42}\x{E23}\x{E18}\x{E35}"
      text run at (0,21037) width 26: "\x{E40}\x{E2B}\x{E47}\x{E19}"
      text run at (0,21059) width 17: "\x{E27}\x{E48}\x{E32}"
      text run at (0,21081) width 24: "\x{E40}\x{E18}\x{E2D}"
      text run at (0,21103) width 54: "\x{E2A}\x{E32}\x{E21}\x{E32}\x{E23}\x{E16}"
      text run at (0,21125) width 18: "\x{E19}\x{E31}\x{E48}\x{E07}"
      text run at (0,21147) width 18: "\x{E44}\x{E1B}"
      text run at (0,21169) width 17: "\x{E44}\x{E14}\x{E49}"
      text run at (0,21191) width 35: "\x{E2D}\x{E22}\x{E48}\x{E32}\x{E07}"
      text run at (0,21213) width 54: "\x{E07}\x{E48}\x{E32}\x{E22}\x{E14}\x{E32}\x{E22}"
      text run at (0,21235) width 20: "\x{E19}\x{E31}\x{E01}"
      text run at (0,21257) width 26: "\x{E04}\x{E23}\x{E31}\x{E49}\x{E07}"
      text run at (0,21279) width 28: "\x{E2B}\x{E19}\x{E36}\x{E48}\x{E07}"
      text run at (0,21301) width 28: "\x{E2B}\x{E25}\x{E31}\x{E07}"
      text run at (0,21323) width 27: "\x{E08}\x{E32}\x{E01}"
      text run at (0,21345) width 11: "\x{E17}\x{E35}\x{E48}"
      text run at (0,21367) width 29: "\x{E1A}\x{E49}\x{E32}\x{E19}"
      text run at (0,21389) width 37: "\x{E2A}\x{E30}\x{E14}\x{E38}\x{E14}"
      text run at (0,21411) width 35: "\x{E2D}\x{E22}\x{E48}\x{E32}\x{E07}"
      text run at (0,21433) width 25: "\x{E41}\x{E23}\x{E07}"
      text run at (0,21455) width 26: "\x{E41}\x{E25}\x{E30}"
      text run at (0,21477) width 31: "\x{E2B}\x{E21}\x{E38}\x{E19}"
      text run at (0,21499) width 18: "\x{E44}\x{E1B}"
      text run at (0,21521) width 37: "\x{E23}\x{E2D}\x{E1A}\x{E46}"
      text run at (0,21543) width 27: "\x{E2A}\x{E2D}\x{E07}"
      text run at (0,21565) width 28: "\x{E2A}\x{E32}\x{E21}"
      text run at (0,21587) width 26: "\x{E04}\x{E23}\x{E31}\x{E49}\x{E07}"
      text run at (0,21609) width 19: "\x{E43}\x{E19}"
      text run at (0,21631) width 30: "\x{E15}\x{E2D}\x{E19}"
      text run at (0,21653) width 27: "\x{E41}\x{E23}\x{E01}"
      text run at (0,21675) width 24: "\x{E40}\x{E18}\x{E2D}"
      text run at (0,21697) width 10: "\x{E01}\x{E47}"
      text run at (0,21719) width 27: "\x{E23}\x{E39}\x{E49}\x{E2A}\x{E36}\x{E01}"
      text run at (0,21741) width 17: "\x{E27}\x{E48}\x{E32}"
      text run at (0,21763) width 19: "\x{E15}\x{E31}\x{E27}"
      text run at (0,21785) width 22: "\x{E40}\x{E2D}\x{E07}"
      text run at (0,21807) width 20: "\x{E16}\x{E39}\x{E01}"
      text run at (0,21829) width 35: "\x{E41}\x{E01}\x{E27}\x{E48}\x{E07}"
      text run at (0,21851) width 35: "\x{E2D}\x{E22}\x{E48}\x{E32}\x{E07}"
      text run at (0,21873) width 27: "\x{E41}\x{E1C}\x{E48}\x{E27}"
      text run at (0,21895) width 24: "\x{E40}\x{E1A}\x{E32}"
      text run at (0,21917) width 24: "\x{E23}\x{E32}\x{E27}"
      text run at (0,21939) width 36: "\x{E17}\x{E32}\x{E23}\x{E01}"
      text run at (0,21961) width 19: "\x{E43}\x{E19}"
      text run at (0,21983) width 25: "\x{E40}\x{E1B}\x{E25}"
      text run at (0,22005) width 19: "\x{E42}\x{E15}"
      text run at (0,22027) width 19: "\x{E42}\x{E15}\x{E49}"
      text run at (0,22049) width 17: "\x{E44}\x{E21}\x{E48}"
      text run at (0,22071) width 47: "\x{E0A}\x{E2D}\x{E1A}\x{E43}\x{E08}"
      text run at (0,22093) width 25: "\x{E40}\x{E25}\x{E22}"
      text run at (0,22115) width 20: "\x{E21}\x{E31}\x{E19}"
      text run at (0,22137) width 16: "\x{E27}\x{E34}\x{E48}\x{E07}"
      text run at (0,22159) width 18: "\x{E44}\x{E1B}"
      text run at (0,22181) width 16: "\x{E27}\x{E34}\x{E48}\x{E07}"
      text run at (0,22203) width 26: "\x{E21}\x{E32}\x{E23}"
      text run at (0,22225) width 20: "\x{E2D}\x{E1A}"
      text run at (0,22247) width 27: "\x{E2B}\x{E49}\x{E2D}\x{E07}"
      text run at (0,22269) width 26: "\x{E17}\x{E32}\x{E07}"
      text run at (0,22291) width 28: "\x{E42}\x{E19}\x{E49}\x{E19}"
      text run at (0,22313) width 11: "\x{E17}\x{E35}"
      text run at (0,22335) width 26: "\x{E17}\x{E32}\x{E07}"
      text run at (0,22357) width 10: "\x{E19}\x{E35}\x{E49}"
      text run at (0,22379) width 11: "\x{E17}\x{E35}"
      text run at (0,22401) width 18: "\x{E2A}\x{E48}\x{E07}"
      text run at (0,22423) width 32: "\x{E40}\x{E2A}\x{E35}\x{E22}\x{E07}"
      text run at (0,22445) width 24: "\x{E40}\x{E2B}\x{E48}\x{E32}"
      text run at (0,22467) width 18: "\x{E14}\x{E31}\x{E07}"
      text run at (0,22489) width 27: "\x{E01}\x{E49}\x{E2D}\x{E07}"
      text run at (0,22511) width 20: "\x{E41}\x{E15}\x{E48}"
      text run at (0,22533) width 19: "\x{E42}\x{E14}"
      text run at (0,22555) width 25: "\x{E42}\x{E23}\x{E18}\x{E35}"
      text run at (0,22577) width 18: "\x{E19}\x{E31}\x{E48}\x{E07}"
      text run at (0,22599) width 18: "\x{E19}\x{E34}\x{E48}\x{E07}"
      text run at (0,22621) width 20: "\x{E2D}\x{E22}\x{E39}\x{E48}"
      text run at (0,22643) width 21: "\x{E1A}\x{E19}"
      text run at (0,22665) width 21: "\x{E1E}\x{E37}\x{E49}\x{E19}"
      text run at (0,22687) width 23: "\x{E40}\x{E1D}\x{E49}\x{E32}"
      text run at (0,22709) width 30: "\x{E04}\x{E2D}\x{E22}"
      text run at (0,22731) width 11: "\x{E14}\x{E39}"
      text run at (0,22753) width 17: "\x{E27}\x{E48}\x{E32}"
      text run at (0,22775) width 16: "\x{E08}\x{E30}"
      text run at (0,22797) width 25: "\x{E40}\x{E01}\x{E34}\x{E14}"
      text run at (0,22819) width 31: "\x{E2D}\x{E30}\x{E44}\x{E23}"
      text run at (0,22841) width 20: "\x{E02}\x{E36}\x{E49}\x{E19}"
      text run at (0,22863) width 26: "\x{E04}\x{E23}\x{E31}\x{E49}\x{E07}"
      text run at (0,22885) width 28: "\x{E2B}\x{E19}\x{E36}\x{E48}\x{E07}"
      text run at (0,22907) width 19: "\x{E42}\x{E15}"
      text run at (0,22929) width 19: "\x{E42}\x{E15}\x{E49}"
      text run at (0,22951) width 40: "\x{E40}\x{E02}\x{E49}\x{E32}\x{E44}\x{E1B}"
      text run at (0,22973) width 28: "\x{E43}\x{E01}\x{E25}\x{E49}"
      text run at (0,22995) width 18: "\x{E1D}\x{E32}"
      text run at (0,23017) width 11: "\x{E17}\x{E35}\x{E48}"
      text run at (0,23039) width 21: "\x{E1E}\x{E37}\x{E49}\x{E19}"
      text run at (0,23061) width 28: "\x{E21}\x{E32}\x{E01}"
      text run at (0,23083) width 18: "\x{E44}\x{E1B}"
      text run at (0,23105) width 25: "\x{E40}\x{E25}\x{E22}"
      text run at (0,23127) width 31: "\x{E1E}\x{E25}\x{E31}\x{E14}"
      text run at (0,23149) width 37: "\x{E15}\x{E01}\x{E25}\x{E07}"
      text run at (0,23171) width 18: "\x{E44}\x{E1B}"
      text run at (0,23193) width 11: "\x{E17}\x{E35}"
      text run at (0,23215) width 27: "\x{E41}\x{E23}\x{E01}"
      text run at (0,23237) width 25: "\x{E40}\x{E14}\x{E47}\x{E01}"
      text run at (0,23259) width 31: "\x{E2B}\x{E0D}\x{E34}\x{E07}"
      text run at (0,23281) width 21: "\x{E04}\x{E34}\x{E14}"
      text run at (0,23303) width 17: "\x{E27}\x{E48}\x{E32}"
      text run at (0,23325) width 24: "\x{E40}\x{E18}\x{E2D}"
      text run at (0,23347) width 16: "\x{E08}\x{E30}"
      text run at (0,23369) width 23: "\x{E2A}\x{E39}\x{E0D}"
      text run at (0,23391) width 25: "\x{E40}\x{E2A}\x{E35}\x{E22}"
      text run at (0,23413) width 20: "\x{E21}\x{E31}\x{E19}"
      text run at (0,23435) width 18: "\x{E44}\x{E1B}"
      text run at (0,23457) width 25: "\x{E40}\x{E2A}\x{E35}\x{E22}"
      text run at (0,23479) width 27: "\x{E41}\x{E25}\x{E49}\x{E27}"
      text run at (0,23501) width 20: "\x{E41}\x{E15}\x{E48}"
      text run at (0,23523) width 18: "\x{E0A}\x{E31}\x{E48}\x{E27}"
      text run at (0,23545) width 18: "\x{E04}\x{E23}\x{E39}\x{E48}"
      text run at (0,23567) width 24: "\x{E40}\x{E18}\x{E2D}"
      text run at (0,23589) width 10: "\x{E01}\x{E47}"
      text run at (0,23611) width 26: "\x{E40}\x{E2B}\x{E47}\x{E19}"
      text run at (0,23633) width 11: "\x{E2B}\x{E39}"
      text run at (0,23655) width 27: "\x{E02}\x{E2D}\x{E07}"
      text run at (0,23677) width 20: "\x{E21}\x{E31}\x{E19}"
      text run at (0,23699) width 28: "\x{E42}\x{E1C}\x{E25}\x{E48}"
      text run at (0,23721) width 20: "\x{E02}\x{E36}\x{E49}\x{E19}"
      text run at (0,23743) width 19: "\x{E21}\x{E32}"
      text run at (0,23765) width 27: "\x{E08}\x{E32}\x{E01}"
      text run at (0,23787) width 27: "\x{E0A}\x{E48}\x{E2D}\x{E07}"
      text run at (0,23809) width 20: "\x{E19}\x{E31}\x{E49}\x{E19}"
      text run at (0,23831) width 28: "\x{E17}\x{E31}\x{E49}\x{E07}\x{E19}\x{E35}\x{E49}"
      text run at (0,23853) width 39: "\x{E40}\x{E1E}\x{E23}\x{E32}\x{E30}"
      text run at (0,23875) width 25: "\x{E41}\x{E23}\x{E07}"
      text run at (0,23897) width 20: "\x{E01}\x{E14}"
      text run at (0,23919) width 35: "\x{E2D}\x{E22}\x{E48}\x{E32}\x{E07}"
      text run at (0,23941) width 30: "\x{E2B}\x{E19}\x{E31}\x{E01}"
      text run at (0,23963) width 27: "\x{E02}\x{E2D}\x{E07}"
      text run at (0,23985) width 46: "\x{E2D}\x{E32}\x{E01}\x{E32}\x{E28}"
      text run at (0,24007) width 38: "\x{E17}\x{E33}\x{E43}\x{E2B}\x{E49}"
      text run at (0,24029) width 19: "\x{E42}\x{E15}"
      text run at (0,24051) width 19: "\x{E42}\x{E15}\x{E49}"
      text run at (0,24073) width 17: "\x{E44}\x{E21}\x{E48}"
      text run at (0,24095) width 37: "\x{E15}\x{E01}\x{E25}\x{E07}"
      text run at (0,24117) width 18: "\x{E44}\x{E1B}"
      text run at (0,24139) width 25: "\x{E02}\x{E49}\x{E32}\x{E07}"
      text run at (0,24161) width 26: "\x{E25}\x{E48}\x{E32}\x{E07}"
      text run at (0,24183) width 19: "\x{E42}\x{E14}"
      text run at (0,24205) width 25: "\x{E42}\x{E23}\x{E18}\x{E35}"
      text run at (0,24227) width 38: "\x{E04}\x{E25}\x{E32}\x{E19}"
      text run at (0,24249) width 18: "\x{E44}\x{E1B}"
      text run at (0,24271) width 11: "\x{E17}\x{E35}\x{E48}"
      text run at (0,24293) width 27: "\x{E0A}\x{E48}\x{E2D}\x{E07}"
      text run at (0,24315) width 20: "\x{E19}\x{E31}\x{E49}\x{E19}"
      text run at (0,24337) width 19: "\x{E08}\x{E31}\x{E1A}"
      text run at (0,24359) width 11: "\x{E2B}\x{E39}"
      text run at (0,24381) width 19: "\x{E42}\x{E15}"
      text run at (0,24403) width 19: "\x{E42}\x{E15}\x{E49}"
      text run at (0,24425) width 15: "\x{E44}\x{E27}\x{E49}"
      text run at (0,24447) width 17: "\x{E44}\x{E14}\x{E49}"
      text run at (0,24469) width 26: "\x{E41}\x{E25}\x{E30}"
      text run at (0,24491) width 28: "\x{E25}\x{E32}\x{E01}"
      text run at (0,24513) width 20: "\x{E21}\x{E31}\x{E19}"
      text run at (0,24535) width 19: "\x{E21}\x{E32}"
      text run at (0,24557) width 11: "\x{E17}\x{E35}\x{E48}"
      text run at (0,24579) width 27: "\x{E2B}\x{E49}\x{E2D}\x{E07}"
      text run at (0,24601) width 19: "\x{E2D}\x{E35}\x{E01}"
      text run at (0,24623) width 28: "\x{E2B}\x{E25}\x{E31}\x{E07}"
      text run at (0,24645) width 27: "\x{E08}\x{E32}\x{E01}"
      text run at (0,24667) width 20: "\x{E19}\x{E31}\x{E49}\x{E19}"
      text run at (0,24689) width 10: "\x{E01}\x{E47}"
      text run at (0,24711) width 21: "\x{E1B}\x{E34}\x{E14}"
      text run at (0,24733) width 18: "\x{E1D}\x{E32}"
      text run at (0,24755) width 21: "\x{E1E}\x{E37}\x{E49}\x{E19}"
      text run at (0,24777) width 26: "\x{E40}\x{E1E}\x{E37}\x{E48}\x{E2D}"
      text run at (0,24799) width 16: "\x{E08}\x{E30}"
      text run at (0,24821) width 17: "\x{E44}\x{E14}\x{E49}"
      text run at (0,24843) width 17: "\x{E44}\x{E21}\x{E48}"
      text run at (0,24865) width 25: "\x{E40}\x{E01}\x{E34}\x{E14}"
      text run at (0,24887) width 55: "\x{E2D}\x{E38}\x{E1A}\x{E31}\x{E15}\x{E34}\x{E40}\x{E2B}\x{E15}\x{E38}"
      text run at (0,24909) width 19: "\x{E2D}\x{E35}\x{E01}"
      text run at (0,24931) width 44: "\x{E0A}\x{E31}\x{E48}\x{E27}\x{E42}\x{E21}\x{E07}"
      text run at (0,24953) width 27: "\x{E41}\x{E25}\x{E49}\x{E27}"
      text run at (0,24975) width 44: "\x{E0A}\x{E31}\x{E48}\x{E27}\x{E42}\x{E21}\x{E07}"
      text run at (0,24997) width 23: "\x{E40}\x{E25}\x{E48}\x{E32}"
      text run at (0,25019) width 28: "\x{E1C}\x{E48}\x{E32}\x{E19}"
      text run at (0,25041) width 18: "\x{E44}\x{E1B}"
      text run at (0,25063) width 19: "\x{E42}\x{E14}"
      text run at (0,25085) width 25: "\x{E42}\x{E23}\x{E18}\x{E35}"
      text run at (0,25107) width 39: "\x{E04}\x{E48}\x{E2D}\x{E22}\x{E46}"
      text run at (0,25129) width 28: "\x{E2B}\x{E32}\x{E22}"
      text run at (0,25151) width 28: "\x{E01}\x{E25}\x{E31}\x{E27}"
      text run at (0,25173) width 20: "\x{E41}\x{E15}\x{E48}"
      text run at (0,25195) width 24: "\x{E40}\x{E18}\x{E2D}"
      text run at (0,25217) width 27: "\x{E23}\x{E39}\x{E49}\x{E2A}\x{E36}\x{E01}"
      text run at (0,25239) width 31: "\x{E40}\x{E2B}\x{E07}\x{E32}"
      text run at (0,25261) width 34: "\x{E40}\x{E2B}\x{E25}\x{E37}\x{E2D}"
      text run at (0,25283) width 25: "\x{E40}\x{E01}\x{E34}\x{E19}"
      text run at (0,25305) width 26: "\x{E41}\x{E25}\x{E30}"
      text run at (0,25327) width 20: "\x{E25}\x{E21}"
      text run at (0,25349) width 10: "\x{E01}\x{E47}"
      text run at (0,25371) width 18: "\x{E2A}\x{E48}\x{E07}"
      text run at (0,25393) width 32: "\x{E40}\x{E2A}\x{E35}\x{E22}\x{E07}"
      text run at (0,25415) width 29: "\x{E2B}\x{E27}\x{E35}\x{E14}"
      text run at (0,25437) width 28: "\x{E2B}\x{E27}\x{E37}\x{E2D}"
      text run at (0,25459) width 18: "\x{E14}\x{E31}\x{E07}"
      text run at (0,25481) width 25: "\x{E40}\x{E2A}\x{E35}\x{E22}"
      text run at (0,25503) width 19: "\x{E08}\x{E19}"
      text run at (0,25525) width 24: "\x{E40}\x{E18}\x{E2D}"
      text run at (0,25547) width 30: "\x{E41}\x{E17}\x{E1A}"
      text run at (0,25569) width 16: "\x{E08}\x{E30}"
      text run at (0,25591) width 11: "\x{E2B}\x{E39}"
      text run at (0,25613) width 38: "\x{E2B}\x{E19}\x{E27}\x{E01}"
      text run at (0,25635) width 11: "\x{E17}\x{E35}"
      text run at (0,25657) width 27: "\x{E41}\x{E23}\x{E01}"
      text run at (0,25679) width 24: "\x{E40}\x{E18}\x{E2D}"
      text run at (0,25701) width 37: "\x{E2A}\x{E07}\x{E2A}\x{E31}\x{E22}"
      text run at (0,25723) width 17: "\x{E27}\x{E48}\x{E32}"
      text run at (0,25745) width 34: "\x{E04}\x{E07}\x{E08}\x{E30}"
      text run at (0,25767) width 20: "\x{E16}\x{E39}\x{E01}"
      text run at (0,25789) width 20: "\x{E09}\x{E35}\x{E01}"
      text run at (0,25811) width 52: "\x{E01}\x{E23}\x{E30}\x{E0A}\x{E32}\x{E01}"
      text run at (0,25833) width 29: "\x{E2D}\x{E2D}\x{E01}"
      text run at (0,25855) width 26: "\x{E40}\x{E1B}\x{E47}\x{E19}"
      text run at (0,25877) width 20: "\x{E0A}\x{E34}\x{E49}\x{E19}"
      text run at (0,25899) width 24: "\x{E40}\x{E25}\x{E47}\x{E01}"
      text run at (0,25921) width 20: "\x{E0A}\x{E34}\x{E49}\x{E19}"
      text run at (0,25943) width 29: "\x{E19}\x{E49}\x{E2D}\x{E22}"
      text run at (0,25965) width 25: "\x{E40}\x{E21}\x{E37}\x{E48}\x{E2D}"
      text run at (0,25987) width 29: "\x{E1A}\x{E49}\x{E32}\x{E19}"
      text run at (0,26009) width 25: "\x{E40}\x{E2D}\x{E19}"
      text run at (0,26031) width 20: "\x{E25}\x{E49}\x{E21}"
      text run at (0,26053) width 17: "\x{E25}\x{E07}"
      text run at (0,26075) width 19: "\x{E2D}\x{E35}\x{E01}"
      text run at (0,26097) width 26: "\x{E04}\x{E23}\x{E31}\x{E49}\x{E07}"
      text run at (0,26119) width 20: "\x{E41}\x{E15}\x{E48}"
      text run at (0,26141) width 38: "\x{E2B}\x{E25}\x{E32}\x{E22}"
      text run at (0,26163) width 44: "\x{E0A}\x{E31}\x{E48}\x{E27}\x{E42}\x{E21}\x{E07}"
      text run at (0,26185) width 28: "\x{E1C}\x{E48}\x{E32}\x{E19}"
      text run at (0,26207) width 18: "\x{E44}\x{E1B}"
      text run at (0,26229) width 10: "\x{E01}\x{E47}"
      text run at (0,26251) width 27: "\x{E44}\x{E21}\x{E48}\x{E21}\x{E35}"
      text run at (0,26273) width 31: "\x{E2D}\x{E30}\x{E44}\x{E23}"
      text run at (0,26295) width 25: "\x{E40}\x{E01}\x{E34}\x{E14}"
      text run at (0,26317) width 20: "\x{E02}\x{E36}\x{E49}\x{E19}"
      text run at (0,26339) width 24: "\x{E40}\x{E18}\x{E2D}"
      text run at (0,26361) width 25: "\x{E40}\x{E25}\x{E22}"
      text run at (0,26383) width 24: "\x{E40}\x{E25}\x{E34}\x{E01}"
      text run at (0,26405) width 28: "\x{E27}\x{E34}\x{E15}\x{E01}"
      text run at (0,26427) width 26: "\x{E41}\x{E25}\x{E30}"
      text run at (0,26449) width 40: "\x{E15}\x{E31}\x{E14}\x{E2A}\x{E34}\x{E19}"
      text run at (0,26471) width 18: "\x{E43}\x{E08}"
      text run at (0,26493) width 30: "\x{E04}\x{E2D}\x{E22}"
      text run at (0,26515) width 11: "\x{E14}\x{E39}"
      text run at (0,26537) width 35: "\x{E2D}\x{E22}\x{E48}\x{E32}\x{E07}"
      text run at (0,26559) width 28: "\x{E2A}\x{E07}\x{E1A}"
      text run at (0,26581) width 26: "\x{E41}\x{E25}\x{E30}"
      text run at (0,26603) width 17: "\x{E23}\x{E2D}"
      text run at (0,26625) width 17: "\x{E27}\x{E48}\x{E32}"
      text run at (0,26647) width 48: "\x{E2D}\x{E19}\x{E32}\x{E04}\x{E15}"
      text run at (0,26669) width 16: "\x{E08}\x{E30}"
      text run at (0,26691) width 26: "\x{E40}\x{E1B}\x{E47}\x{E19}"
      text run at (0,26713) width 50: "\x{E2D}\x{E22}\x{E48}\x{E32}\x{E07}\x{E44}\x{E23}"
      text run at (0,26735) width 19: "\x{E43}\x{E19}"
      text run at (0,26757) width 30: "\x{E17}\x{E35}\x{E48}\x{E2A}\x{E38}\x{E14}"
      text run at (0,26779) width 24: "\x{E40}\x{E18}\x{E2D}"
      text run at (0,26801) width 38: "\x{E04}\x{E25}\x{E32}\x{E19}"
      text run at (0,26823) width 27: "\x{E08}\x{E32}\x{E01}"
      text run at (0,26845) width 21: "\x{E1E}\x{E37}\x{E49}\x{E19}"
      text run at (0,26867) width 27: "\x{E2B}\x{E49}\x{E2D}\x{E07}"
      text run at (0,26889) width 11: "\x{E17}\x{E35}\x{E48}"
      text run at (0,26911) width 28: "\x{E42}\x{E22}\x{E01}"
      text run at (0,26933) width 18: "\x{E44}\x{E1B}"
      text run at (0,26955) width 19: "\x{E21}\x{E32}"
      text run at (0,26977) width 20: "\x{E02}\x{E36}\x{E49}\x{E19}"
      text run at (0,26999) width 18: "\x{E44}\x{E1B}"
      text run at (0,27021) width 21: "\x{E1A}\x{E19}"
      text run at (0,27043) width 33: "\x{E40}\x{E15}\x{E35}\x{E22}\x{E07}"
      text run at (0,27065) width 27: "\x{E41}\x{E25}\x{E49}\x{E27}"
      text run at (0,27087) width 10: "\x{E01}\x{E47}"
      text run at (0,27109) width 30: "\x{E19}\x{E2D}\x{E19}"
      text run at (0,27131) width 17: "\x{E25}\x{E07}"
      text run at (0,27153) width 19: "\x{E42}\x{E15}"
      text run at (0,27175) width 19: "\x{E42}\x{E15}\x{E49}"
      text run at (0,27197) width 29: "\x{E15}\x{E32}\x{E21}"
      text run at (0,27219) width 21: "\x{E15}\x{E34}\x{E14}"
      text run at (0,27241) width 19: "\x{E21}\x{E32}"
      text run at (0,27263) width 30: "\x{E19}\x{E2D}\x{E19}"
      text run at (0,27285) width 17: "\x{E25}\x{E07}"
      text run at (0,27307) width 38: "\x{E43}\x{E01}\x{E25}\x{E49}\x{E46}"
      text run at (0,27329) width 24: "\x{E40}\x{E18}\x{E2D}"
      text run at (0,27351) width 17: "\x{E44}\x{E21}\x{E48}"
      text run at (0,27373) width 18: "\x{E0A}\x{E49}\x{E32}"
      text run at (0,27395) width 19: "\x{E42}\x{E14}"
      text run at (0,27417) width 25: "\x{E42}\x{E23}\x{E18}\x{E35}"
      text run at (0,27439) width 10: "\x{E01}\x{E47}"
      text run at (0,27461) width 21: "\x{E1B}\x{E34}\x{E14}"
      text run at (0,27483) width 19: "\x{E15}\x{E32}"
      text run at (0,27505) width 17: "\x{E25}\x{E07}"
      text run at (0,27527) width 30: "\x{E2B}\x{E25}\x{E31}\x{E1A}"
      text run at (0,27549) width 38: "\x{E1C}\x{E25}\x{E47}\x{E2D}\x{E22}"
      text run at (0,27571) width 18: "\x{E44}\x{E1B}"
      text run at (0,27593) width 35: "\x{E2D}\x{E22}\x{E48}\x{E32}\x{E07}"
      text run at (0,27615) width 30: "\x{E2A}\x{E19}\x{E34}\x{E17}"
      text run at (0,27637) width 28: "\x{E17}\x{E31}\x{E49}\x{E07}\x{E46}"
      text run at (0,27659) width 11: "\x{E17}\x{E35}\x{E48}"
      text run at (0,27681) width 29: "\x{E1A}\x{E49}\x{E32}\x{E19}"
      text run at (0,27703) width 28: "\x{E42}\x{E22}\x{E01}"
      text run at (0,27725) width 18: "\x{E44}\x{E1B}"
      text run at (0,27747) width 19: "\x{E21}\x{E32}"
      text run at (0,27769) width 26: "\x{E41}\x{E25}\x{E30}"
      text run at (0,27791) width 20: "\x{E25}\x{E21}"
      text run at (0,27813) width 10: "\x{E01}\x{E47}"
      text run at (0,27835) width 34: "\x{E04}\x{E23}\x{E32}\x{E07}"
      text run at (0,27857) width 29: "\x{E2B}\x{E27}\x{E35}\x{E14}"
      text run at (0,27879) width 28: "\x{E2B}\x{E27}\x{E37}\x{E2D}"
layer at (471,88) size 1x29304
  RenderBlock (positioned) {DIV} at (471,88) size 1x29304
    RenderText {#text} at (0,5) size 72x29298
      text run at (0,5) width 21: "\x{E1A}\x{E17}"
      text run at (0,27) width 11: "\x{E17}\x{E35}\x{E48}"
      text run at (0,49) width 10: "\x{E51}"
      text run at (0,71) width 29: "\x{E1E}\x{E32}\x{E22}\x{E38}"
      text run at (0,93) width 54: "\x{E44}\x{E0B}\x{E42}\x{E04}\x{E25}\x{E19}"
      text run at (0,115) width 19: "\x{E42}\x{E14}"
      text run at (0,137) width 25: "\x{E42}\x{E23}\x{E18}\x{E35}"
      text run at (0,159) width 38: "\x{E2D}\x{E32}\x{E28}\x{E31}\x{E22}"
      text run at (0,181) width 20: "\x{E2D}\x{E22}\x{E39}\x{E48}"
      text run at (0,203) width 19: "\x{E17}\x{E48}\x{E32}"
      text run at (0,225) width 11: "\x{E21}"
      text run at (0,247) width 35: "\x{E01}\x{E25}\x{E32}\x{E07}"
      text run at (0,269) width 18: "\x{E17}\x{E38}\x{E48}\x{E07}"
      text run at (0,291) width 33: "\x{E43}\x{E2B}\x{E0D}\x{E48}"
      text run at (0,313) width 19: "\x{E43}\x{E19}"
      text run at (0,335) width 49: "\x{E41}\x{E04}\x{E19}\x{E0B}\x{E31}\x{E2A}"
      text run at (0,357) width 21: "\x{E01}\x{E31}\x{E1A}"
      text run at (0,379) width 17: "\x{E25}\x{E38}\x{E07}"
      text run at (0,401) width 15: "\x{E40}\x{E2E}"
      text run at (0,423) width 18: "\x{E19}\x{E23}\x{E35}"
      text run at (0,445) width 26: "\x{E0A}\x{E32}\x{E27}"
      text run at (0,467) width 15: "\x{E44}\x{E23}\x{E48}"
      text run at (0,489) width 26: "\x{E41}\x{E25}\x{E30}"
      text run at (0,511) width 19: "\x{E1B}\x{E49}\x{E32}"
      text run at (0,533) width 25: "\x{E40}\x{E2D}\x{E47}\x{E21}"
      text run at (0,555) width 44: "\x{E20}\x{E23}\x{E23}\x{E22}\x{E32}"
      text run at (0,577) width 41: "\x{E0A}\x{E32}\x{E27}\x{E44}\x{E23}\x{E48}"
      text run at (0,599) width 29: "\x{E1A}\x{E49}\x{E32}\x{E19}"
      text run at (0,621) width 27: "\x{E02}\x{E2D}\x{E07}"
      text run at (0,643) width 29: "\x{E1E}\x{E27}\x{E01}"
      text run at (0,665) width 23: "\x{E40}\x{E02}\x{E32}"
      text run at (0,687) width 28: "\x{E2B}\x{E25}\x{E31}\x{E07}"
      text run at (0,709) width 24: "\x{E40}\x{E25}\x{E47}\x{E01}"
      text run at (0,731) width 39: "\x{E40}\x{E1E}\x{E23}\x{E32}\x{E30}"
      text run at (0,753) width 17: "\x{E44}\x{E21}\x{E49}"
      text run at (0,775) width 33: "\x{E2A}\x{E23}\x{E49}\x{E32}\x{E07}"
      text run at (0,797) width 29: "\x{E1A}\x{E49}\x{E32}\x{E19}"
      text run at (0,819) width 27: "\x{E15}\x{E49}\x{E2D}\x{E07}"
      text run at (0,841) width 20: "\x{E02}\x{E19}"
      text run at (0,863) width 19: "\x{E21}\x{E32}"
      text run at (0,885) width 29: "\x{E14}\x{E49}\x{E27}\x{E22}"
      text run at (0,907) width 43: "\x{E40}\x{E01}\x{E27}\x{E35}\x{E22}\x{E19}"
      text run at (0,929) width 26: "\x{E40}\x{E1B}\x{E47}\x{E19}"
      text run at (0,951) width 32: "\x{E23}\x{E30}\x{E22}\x{E30}"
      text run at (0,973) width 26: "\x{E17}\x{E32}\x{E07}"
      text run at (0,995) width 38: "\x{E2B}\x{E25}\x{E32}\x{E22}"
      text run at (0,1017) width 27: "\x{E44}\x{E21}\x{E25}\x{E4C}"
      text run at (0,1039) width 29: "\x{E1A}\x{E49}\x{E32}\x{E19}"
      text run at (0,1061) width 11: "\x{E21}\x{E35}"
      text run at (0,1083) width 10: "\x{E2A}\x{E35}\x{E48}"
      text run at (0,1105) width 18: "\x{E1D}\x{E32}"
      text run at (0,1127) width 11: "\x{E21}\x{E35}"
      text run at (0,1149) width 21: "\x{E1E}\x{E37}\x{E49}\x{E19}"
      text run at (0,1171) width 21: "\x{E01}\x{E31}\x{E1A}"
      text run at (0,1193) width 46: "\x{E2B}\x{E25}\x{E31}\x{E07}\x{E04}\x{E32}"
      text run at (0,1215) width 26: "\x{E23}\x{E27}\x{E21}"
      text run at (0,1237) width 19: "\x{E17}\x{E33}"
      text run at (0,1259) width 26: "\x{E40}\x{E1B}\x{E47}\x{E19}"
      text run at (0,1281) width 27: "\x{E2B}\x{E49}\x{E2D}\x{E07}"
      text run at (0,1303) width 34: "\x{E40}\x{E14}\x{E35}\x{E22}\x{E27}"
      text run at (0,1325) width 19: "\x{E43}\x{E19}"
      text run at (0,1347) width 27: "\x{E2B}\x{E49}\x{E2D}\x{E07}"
      text run at (0,1369) width 11: "\x{E21}\x{E35}"
      text run at (0,1391) width 18: "\x{E17}\x{E31}\x{E49}\x{E07}"
      text run at (0,1413) width 24: "\x{E40}\x{E15}\x{E32}"
      text run at (0,1435) width 18: "\x{E2B}\x{E38}\x{E07}"
      text run at (0,1457) width 21: "\x{E15}\x{E49}\x{E21}"
      text run at (0,1479) width 11: "\x{E17}\x{E35}\x{E48}"
      text run at (0,1501) width 30: "\x{E2A}\x{E19}\x{E34}\x{E21}"
      text run at (0,1523) width 11: "\x{E14}\x{E39}"
      text run at (0,1545) width 20: "\x{E02}\x{E36}\x{E49}\x{E19}"
      text run at (0,1567) width 31: "\x{E40}\x{E25}\x{E2D}\x{E30}"
      text run at (0,1589) width 11: "\x{E21}\x{E35}"
      text run at (0,1611) width 11: "\x{E15}\x{E39}\x{E49}"
      text run at (0,1633) width 19: "\x{E43}\x{E2A}\x{E48}"
      text run at (0,1655) width 28: "\x{E16}\x{E49}\x{E27}\x{E22}"
      text run at (0,1677) width 28: "\x{E0A}\x{E32}\x{E21}"
      text run at (0,1699) width 26: "\x{E42}\x{E15}\x{E4A}\x{E30}"
      text run at (0,1721) width 33: "\x{E40}\x{E01}\x{E49}\x{E32}\x{E2D}\x{E35}\x{E49}"
      text run at (0,1743) width 28: "\x{E2A}\x{E32}\x{E21}"
      text run at (0,1765) width 28: "\x{E2B}\x{E23}\x{E37}\x{E2D}"
      text run at (0,1787) width 10: "\x{E2A}\x{E35}\x{E48}"
      text run at (0,1809) width 19: "\x{E15}\x{E31}\x{E27}"
      text run at (0,1831) width 27: "\x{E41}\x{E25}\x{E49}\x{E27}"
      text run at (0,1853) width 10: "\x{E01}\x{E47}"
      text run at (0,1875) width 11: "\x{E21}\x{E35}"
      text run at (0,1897) width 33: "\x{E40}\x{E15}\x{E35}\x{E22}\x{E07}"
      text run at (0,1919) width 30: "\x{E19}\x{E2D}\x{E19}"
      text run at (0,1941) width 17: "\x{E25}\x{E38}\x{E07}"
      text run at (0,1963) width 15: "\x{E40}\x{E2E}"
      text run at (0,1985) width 18: "\x{E19}\x{E23}\x{E35}"
      text run at (0,2007) width 21: "\x{E01}\x{E31}\x{E1A}"
      text run at (0,2029) width 19: "\x{E1B}\x{E49}\x{E32}"
      text run at (0,2051) width 25: "\x{E40}\x{E2D}\x{E47}\x{E21}"
      text run at (0,2073) width 11: "\x{E21}\x{E35}"
      text run at (0,2095) width 33: "\x{E40}\x{E15}\x{E35}\x{E22}\x{E07}"
      text run at (0,2117) width 30: "\x{E19}\x{E2D}\x{E19}"
      text run at (0,2139) width 33: "\x{E43}\x{E2B}\x{E0D}\x{E48}"
      text run at (0,2161) width 20: "\x{E2D}\x{E22}\x{E39}\x{E48}"
      text run at (0,2183) width 11: "\x{E17}\x{E35}\x{E48}"
      text run at (0,2205) width 21: "\x{E21}\x{E38}\x{E21}"
      text run at (0,2227) width 28: "\x{E2B}\x{E19}\x{E36}\x{E48}\x{E07}"
      text run at (0,2249) width 28: "\x{E2A}\x{E48}\x{E27}\x{E19}"
      text run at (0,2271) width 19: "\x{E42}\x{E14}"
      text run at (0,2293) width 25: "\x{E42}\x{E23}\x{E18}\x{E35}"
      text run at (0,2315) width 11: "\x{E21}\x{E35}"
      text run at (0,2337) width 33: "\x{E40}\x{E15}\x{E35}\x{E22}\x{E07}"
      text run at (0,2359) width 24: "\x{E40}\x{E25}\x{E47}\x{E01}"
      text run at (0,2381) width 19: "\x{E2D}\x{E35}\x{E01}"
      text run at (0,2403) width 11: "\x{E17}\x{E35}\x{E48}"
      text run at (0,2425) width 21: "\x{E21}\x{E38}\x{E21}"
      text run at (0,2447) width 28: "\x{E2B}\x{E19}\x{E36}\x{E48}\x{E07}"
      text run at (0,2469) width 17: "\x{E44}\x{E21}\x{E48}"
      text run at (0,2491) width 11: "\x{E21}\x{E35}"
      text run at (0,2513) width 27: "\x{E2B}\x{E49}\x{E2D}\x{E07}"
      text run at (0,2535) width 19: "\x{E43}\x{E15}\x{E49}"
      text run at (0,2557) width 44: "\x{E40}\x{E1E}\x{E14}\x{E32}\x{E19}"
      text run at (0,2579) width 25: "\x{E40}\x{E25}\x{E22}"
      text run at (0,2601) width 27: "\x{E2B}\x{E49}\x{E2D}\x{E07}"
      text run at (0,2623) width 39: "\x{E43}\x{E15}\x{E49}\x{E16}\x{E38}\x{E19}"
      text run at (0,2645) width 10: "\x{E01}\x{E47}"
      text run at (0,2667) width 17: "\x{E44}\x{E21}\x{E48}"
      text run at (0,2689) width 11: "\x{E21}\x{E35}"
      text run at (0,2711) width 24: "\x{E40}\x{E27}\x{E49}\x{E19}"
      text run at (0,2733) width 20: "\x{E41}\x{E15}\x{E48}"
      text run at (0,2755) width 11: "\x{E21}\x{E35}"
      text run at (0,2777) width 35: "\x{E42}\x{E1E}\x{E23}\x{E07}"
      text run at (0,2799) width 34: "\x{E40}\x{E25}\x{E47}\x{E01}\x{E46}"
      text run at (0,2821) width 11: "\x{E17}\x{E35}\x{E48}"
      text run at (0,2843) width 20: "\x{E02}\x{E38}\x{E14}"
      text run at (0,2865) width 18: "\x{E44}\x{E1B}"
      text run at (0,2887) width 19: "\x{E43}\x{E15}\x{E49}"
      text run at (0,2909) width 21: "\x{E1E}\x{E37}\x{E49}\x{E19}"
      text run at (0,2931) width 33: "\x{E40}\x{E23}\x{E35}\x{E22}\x{E01}"
      text run at (0,2953) width 17: "\x{E27}\x{E48}\x{E32}"
      text run at (0,2970) width 7: "\""
      text run at (0,2991) width 35: "\x{E42}\x{E1E}\x{E23}\x{E07}"
      text run at (0,3013) width 54: "\x{E44}\x{E0B}\x{E42}\x{E04}\x{E25}\x{E19}"
      text run at (0,3030) width 7: "\""
      text run at (0,3051) width 26: "\x{E40}\x{E1B}\x{E47}\x{E19}"
      text run at (0,3073) width 11: "\x{E17}\x{E35}\x{E48}"
      text run at (0,3095) width 64: "\x{E04}\x{E23}\x{E2D}\x{E1A}\x{E04}\x{E23}\x{E31}\x{E27}"
      text run at (0,3117) width 10: "\x{E19}\x{E35}\x{E49}"
      text run at (0,3139) width 16: "\x{E08}\x{E30}"
      text run at (0,3161) width 21: "\x{E21}\x{E38}\x{E14}"
      text run at (0,3183) width 23: "\x{E40}\x{E02}\x{E49}\x{E32}"
      text run at (0,3205) width 18: "\x{E44}\x{E1B}"
      text run at (0,3227) width 25: "\x{E40}\x{E21}\x{E37}\x{E48}\x{E2D}"
      text run at (0,3249) width 25: "\x{E40}\x{E01}\x{E34}\x{E14}"
      text run at (0,3271) width 20: "\x{E25}\x{E21}"
      text run at (0,3293) width 29: "\x{E21}\x{E2B}\x{E32}"
      text run at (0,3315) width 21: "\x{E20}\x{E31}\x{E22}"
      text run at (0,3337) width 18: "\x{E0B}\x{E36}\x{E48}\x{E07}"
      text run at (0,3359) width 52: "\x{E01}\x{E23}\x{E30}\x{E42}\x{E0A}\x{E01}"
      text run at (0,3381) width 25: "\x{E41}\x{E23}\x{E07}"
      text run at (0,3403) width 19: "\x{E08}\x{E19}"
      text run at (0,3425) width 21: "\x{E1A}\x{E14}"
      text run at (0,3447) width 19: "\x{E02}\x{E22}\x{E35}\x{E49}"
      text run at (0,3469) width 18: "\x{E2A}\x{E34}\x{E48}\x{E07}"
      text run at (0,3491) width 19: "\x{E01}\x{E48}\x{E2D}"
      text run at (0,3513) width 33: "\x{E2A}\x{E23}\x{E49}\x{E32}\x{E07}"
      text run at (0,3535) width 19: "\x{E43}\x{E14}"
      text run at (0,3557) width 10: "\x{E46}"
      text run at (0,3579) width 11: "\x{E17}\x{E35}\x{E48}"
      text run at (0,3601) width 34: "\x{E02}\x{E27}\x{E32}\x{E07}"
      text run at (0,3623) width 26: "\x{E17}\x{E32}\x{E07}"
      text run at (0,3645) width 20: "\x{E21}\x{E31}\x{E19}"
      text run at (0,3667) width 17: "\x{E44}\x{E14}\x{E49}"
      text run at (0,3689) width 26: "\x{E15}\x{E23}\x{E07}"
      text run at (0,3711) width 35: "\x{E01}\x{E25}\x{E32}\x{E07}"
      text run at (0,3733) width 21: "\x{E1E}\x{E37}\x{E49}\x{E19}"
      text run at (0,3755) width 11: "\x{E21}\x{E35}"
      text run at (0,3777) width 18: "\x{E1D}\x{E32}"
      text run at (0,3799) width 26: "\x{E40}\x{E1B}\x{E34}\x{E14}"
      text run at (0,3821) width 23: "\x{E40}\x{E02}\x{E49}\x{E32}"
      text run at (0,3843) width 18: "\x{E44}\x{E1B}"
      text run at (0,3865) width 27: "\x{E08}\x{E32}\x{E01}"
      text run at (0,3887) width 20: "\x{E19}\x{E31}\x{E49}\x{E19}"
      text run at (0,3909) width 11: "\x{E21}\x{E35}"
      text run at (0,3931) width 38: "\x{E1A}\x{E31}\x{E19}\x{E44}\x{E14}"
      text run at (0,3953) width 17: "\x{E25}\x{E07}"
      text run at (0,3975) width 18: "\x{E44}\x{E1B}"
      text run at (0,3997) width 18: "\x{E16}\x{E36}\x{E07}"
      text run at (0,4019) width 35: "\x{E42}\x{E1E}\x{E23}\x{E07}"
      text run at (0,4041) width 21: "\x{E21}\x{E37}\x{E14}"
      text run at (0,4063) width 24: "\x{E40}\x{E25}\x{E47}\x{E01}"
      text run at (0,4085) width 10: "\x{E46}"
      text run at (0,4107) width 25: "\x{E40}\x{E21}\x{E37}\x{E48}\x{E2D}"
      text run at (0,4129) width 19: "\x{E42}\x{E14}"
      text run at (0,4151) width 25: "\x{E42}\x{E23}\x{E18}\x{E35}"
      text run at (0,4173) width 20: "\x{E22}\x{E37}\x{E19}"
      text run at (0,4195) width 11: "\x{E17}\x{E35}\x{E48}"
      text run at (0,4217) width 29: "\x{E1B}\x{E32}\x{E01}"
      text run at (0,4239) width 36: "\x{E1B}\x{E23}\x{E30}\x{E15}\x{E39}"
      text run at (0,4261) width 26: "\x{E41}\x{E25}\x{E30}"
      text run at (0,4283) width 27: "\x{E21}\x{E2D}\x{E07}"
      text run at (0,4305) width 18: "\x{E44}\x{E1B}"
      text run at (0,4327) width 28: "\x{E23}\x{E2D}\x{E1A}"
      text run at (0,4349) width 10: "\x{E46}"
      text run at (0,4371) width 24: "\x{E40}\x{E18}\x{E2D}"
      text run at (0,4393) width 17: "\x{E44}\x{E21}\x{E48}"
      text run at (0,4415) width 26: "\x{E40}\x{E2B}\x{E47}\x{E19}"
      text run at (0,4437) width 31: "\x{E2D}\x{E30}\x{E44}\x{E23}"
      text run at (0,4459) width 29: "\x{E19}\x{E2D}\x{E01}"
      text run at (0,4481) width 27: "\x{E08}\x{E32}\x{E01}"
      text run at (0,4503) width 27: "\x{E17}\x{E49}\x{E2D}\x{E07}"
      text run at (0,4525) width 18: "\x{E17}\x{E38}\x{E48}\x{E07}"
      text run at (0,4547) width 34: "\x{E01}\x{E27}\x{E49}\x{E32}\x{E07}"
      text run at (0,4569) width 10: "\x{E2A}\x{E35}"
      text run at (0,4591) width 24: "\x{E40}\x{E17}\x{E32}"
      text run at (0,4613) width 31: "\x{E2B}\x{E21}\x{E48}\x{E19}"
      text run at (0,4635) width 19: "\x{E17}\x{E31}\x{E48}\x{E27}"
      text run at (0,4657) width 20: "\x{E17}\x{E38}\x{E01}"
      text run at (0,4679) width 29: "\x{E14}\x{E49}\x{E32}\x{E19}"
      text run at (0,4701) width 17: "\x{E44}\x{E21}\x{E48}"
      text run at (0,4723) width 11: "\x{E21}\x{E35}"
      text run at (0,4745) width 20: "\x{E41}\x{E21}\x{E49}"
      text run at (0,4767) width 37: "\x{E15}\x{E49}\x{E19}\x{E44}\x{E21}\x{E49}"
      text run at (0,4789) width 20: "\x{E2A}\x{E31}\x{E01}"
      text run at (0,4811) width 20: "\x{E15}\x{E49}\x{E19}"
      text run at (0,4833) width 28: "\x{E2B}\x{E23}\x{E37}\x{E2D}"
      text run at (0,4855) width 29: "\x{E1A}\x{E49}\x{E32}\x{E19}"
      text run at (0,4877) width 20: "\x{E2A}\x{E31}\x{E01}"
      text run at (0,4899) width 28: "\x{E2B}\x{E25}\x{E31}\x{E07}"
      text run at (0,4921) width 11: "\x{E17}\x{E35}\x{E48}"
      text run at (0,4943) width 28: "\x{E42}\x{E1C}\x{E25}\x{E48}"
      text run at (0,4965) width 21: "\x{E1E}\x{E49}\x{E19}"
      text run at (0,4987) width 21: "\x{E20}\x{E39}\x{E21}\x{E34}"
      text run at (0,5009) width 51: "\x{E1B}\x{E23}\x{E30}\x{E40}\x{E17}\x{E28}"
      text run at (0,5031) width 20: "\x{E2D}\x{E31}\x{E19}"
      text run at (0,5053) width 27: "\x{E23}\x{E32}\x{E1A}"
      text run at (0,5075) width 33: "\x{E40}\x{E23}\x{E35}\x{E22}\x{E1A}"
      text run at (0,5097) width 19: "\x{E41}\x{E1C}\x{E48}"
      text run at (0,5119) width 18: "\x{E44}\x{E1B}"
      text run at (0,5141) width 26: "\x{E44}\x{E01}\x{E25}"
      text run at (0,5163) width 19: "\x{E08}\x{E19}"
      text run at (0,5185) width 19: "\x{E08}\x{E14}"
      text run at (0,5207) width 29: "\x{E02}\x{E2D}\x{E1A}"
      text run at (0,5229) width 19: "\x{E1F}\x{E49}\x{E32}"
      text run at (0,5251) width 19: "\x{E17}\x{E31}\x{E48}\x{E27}"
      text run at (0,5273) width 20: "\x{E17}\x{E38}\x{E01}"
      text run at (0,5295) width 21: "\x{E17}\x{E34}\x{E28}"
      text run at (0,5317) width 26: "\x{E14}\x{E27}\x{E07}"
      text run at (0,5339) width 36: "\x{E15}\x{E30}\x{E27}\x{E31}\x{E19}"
      text run at (0,5361) width 23: "\x{E40}\x{E1C}\x{E32}"
      text run at (0,5383) width 20: "\x{E1C}\x{E37}\x{E19}"
      text run at (0,5405) width 20: "\x{E14}\x{E34}\x{E19}"
      text run at (0,5427) width 11: "\x{E17}\x{E35}\x{E48}"
      text run at (0,5449) width 17: "\x{E44}\x{E16}"
      text run at (0,5471) width 27: "\x{E41}\x{E25}\x{E49}\x{E27}"
      text run at (0,5493) width 19: "\x{E08}\x{E19}"
      text run at (0,5515) width 37: "\x{E01}\x{E25}\x{E32}\x{E22}"
      text run at (0,5537) width 26: "\x{E40}\x{E1B}\x{E47}\x{E19}"
      text run at (0,5559) width 29: "\x{E41}\x{E1C}\x{E48}\x{E19}"
      text run at (0,5581) width 39: "\x{E21}\x{E2B}\x{E36}\x{E21}\x{E32}"
      text run at (0,5603) width 10: "\x{E2A}\x{E35}"
      text run at (0,5625) width 19: "\x{E14}\x{E33}"
      text run at (0,5647) width 11: "\x{E21}\x{E35}"
      text run at (0,5669) width 27: "\x{E23}\x{E2D}\x{E22}"
      text run at (0,5691) width 29: "\x{E41}\x{E15}\x{E01}"
      text run at (0,5713) width 42: "\x{E23}\x{E30}\x{E41}\x{E2B}\x{E07}"
      text run at (0,5735) width 20: "\x{E2D}\x{E22}\x{E39}\x{E48}"
      text run at (0,5757) width 39: "\x{E15}\x{E25}\x{E2D}\x{E14}"
      text run at (0,5779) width 39: "\x{E41}\x{E21}\x{E49}\x{E41}\x{E15}\x{E48}"
      text run at (0,5801) width 32: "\x{E2B}\x{E0D}\x{E49}\x{E32}"
      text run at (0,5823) width 10: "\x{E01}\x{E47}"
      text run at (0,5845) width 17: "\x{E44}\x{E21}\x{E48}"
      text run at (0,5867) width 33: "\x{E40}\x{E02}\x{E35}\x{E22}\x{E27}"
      text run at (0,5889) width 39: "\x{E40}\x{E1E}\x{E23}\x{E32}\x{E30}"
      text run at (0,5911) width 26: "\x{E14}\x{E27}\x{E07}"
      text run at (0,5933) width 36: "\x{E15}\x{E30}\x{E27}\x{E31}\x{E19}"
      text run at (0,5955) width 23: "\x{E40}\x{E1C}\x{E32}"
      text run at (0,5977) width 30: "\x{E22}\x{E2D}\x{E14}"
      text run at (0,5999) width 20: "\x{E43}\x{E1A}"
      text run at (0,6021) width 27: "\x{E22}\x{E32}\x{E27}"
      text run at (0,6043) width 25: "\x{E40}\x{E2A}\x{E35}\x{E22}"
      text run at (0,6065) width 19: "\x{E08}\x{E19}"
      text run at (0,6087) width 26: "\x{E40}\x{E1B}\x{E47}\x{E19}"
      text run at (0,6109) width 10: "\x{E2A}\x{E35}"
      text run at (0,6131) width 24: "\x{E40}\x{E17}\x{E32}"
      text run at (0,6153) width 31: "\x{E2B}\x{E21}\x{E48}\x{E19}"
      text run at (0,6175) width 27: "\x{E21}\x{E2D}\x{E07}"
      text run at (0,6197) width 26: "\x{E40}\x{E2B}\x{E47}\x{E19}"
      text run at (0,6219) width 20: "\x{E2D}\x{E22}\x{E39}\x{E48}"
      text run at (0,6241) width 19: "\x{E17}\x{E31}\x{E48}\x{E27}"
      text run at (0,6263) width 18: "\x{E44}\x{E1B}"
      text run at (0,6285) width 26: "\x{E04}\x{E23}\x{E31}\x{E49}\x{E07}"
      text run at (0,6307) width 28: "\x{E2B}\x{E19}\x{E36}\x{E48}\x{E07}"
      text run at (0,6329) width 26: "\x{E40}\x{E04}\x{E22}"
      text run at (0,6351) width 19: "\x{E17}\x{E32}"
      text run at (0,6373) width 10: "\x{E2A}\x{E35}"
      text run at (0,6395) width 29: "\x{E1A}\x{E49}\x{E32}\x{E19}"
      text run at (0,6417) width 23: "\x{E40}\x{E2D}\x{E32}"
      text run at (0,6439) width 15: "\x{E44}\x{E27}\x{E49}"
      text run at (0,6461) width 20: "\x{E41}\x{E15}\x{E48}"
      text run at (0,6483) width 10: "\x{E01}\x{E47}"
      text run at (0,6505) width 20: "\x{E16}\x{E39}\x{E01}"
      text run at (0,6527) width 26: "\x{E14}\x{E27}\x{E07}"
      text run at (0,6549) width 36: "\x{E15}\x{E30}\x{E27}\x{E31}\x{E19}"
      text run at (0,6571) width 23: "\x{E40}\x{E1C}\x{E32}"
      text run at (0,6593) width 25: "\x{E40}\x{E2A}\x{E35}\x{E22}"
      text run at (0,6615) width 19: "\x{E08}\x{E19}"
      text run at (0,6637) width 10: "\x{E2A}\x{E35}"
      text run at (0,6659) width 28: "\x{E1E}\x{E2D}\x{E07}"
      text run at (0,6681) width 27: "\x{E41}\x{E25}\x{E49}\x{E27}"
      text run at (0,6703) width 20: "\x{E1D}\x{E19}"
      text run at (0,6725) width 10: "\x{E01}\x{E47}"
      text run at (0,6747) width 17: "\x{E0A}\x{E30}"
      text run at (0,6769) width 20: "\x{E21}\x{E31}\x{E19}"
      text run at (0,6791) width 30: "\x{E2B}\x{E25}\x{E38}\x{E14}"
      text run at (0,6813) width 18: "\x{E44}\x{E1B}"
      text run at (0,6835) width 19: "\x{E08}\x{E19}"
      text run at (0,6857) width 31: "\x{E2B}\x{E21}\x{E14}"
      text run at (0,6879) width 26: "\x{E41}\x{E25}\x{E30}"
      text run at (0,6901) width 30: "\x{E15}\x{E2D}\x{E19}"
      text run at (0,6923) width 10: "\x{E19}\x{E35}\x{E49}"
      text run at (0,6945) width 29: "\x{E1A}\x{E49}\x{E32}\x{E19}"
      text run at (0,6967) width 17: "\x{E08}\x{E36}\x{E07}"
      text run at (0,6989) width 11: "\x{E14}\x{E39}"
      text run at (0,7011) width 68: "\x{E2B}\x{E21}\x{E48}\x{E19}\x{E2B}\x{E21}\x{E2D}\x{E07}"
      text run at (0,7033) width 26: "\x{E40}\x{E1B}\x{E47}\x{E19}"
      text run at (0,7055) width 10: "\x{E2A}\x{E35}"
      text run at (0,7077) width 24: "\x{E40}\x{E17}\x{E32}"
      text run at (0,7099) width 45: "\x{E40}\x{E2B}\x{E21}\x{E37}\x{E2D}\x{E19}"
      text run at (0,7121) width 18: "\x{E2A}\x{E34}\x{E48}\x{E07}"
      text run at (0,7143) width 20: "\x{E2D}\x{E37}\x{E48}\x{E19}"
      text run at (0,7165) width 10: "\x{E46}"
      text run at (0,7187) width 29: "\x{E14}\x{E49}\x{E27}\x{E22}"
      text run at (0,7209) width 30: "\x{E15}\x{E2D}\x{E19}"
      text run at (0,7231) width 11: "\x{E17}\x{E35}\x{E48}"
      text run at (0,7253) width 19: "\x{E1B}\x{E49}\x{E32}"
      text run at (0,7275) width 25: "\x{E40}\x{E2D}\x{E47}\x{E21}"
      text run at (0,7297) width 28: "\x{E22}\x{E49}\x{E32}\x{E22}"
      text run at (0,7319) width 19: "\x{E21}\x{E32}"
      text run at (0,7341) width 20: "\x{E2D}\x{E22}\x{E39}\x{E48}"
      text run at (0,7363) width 11: "\x{E17}\x{E35}\x{E48}"
      text run at (0,7385) width 10: "\x{E19}\x{E35}\x{E48}"
      text run at (0,7407) width 24: "\x{E40}\x{E18}\x{E2D}"
      text run at (0,7429) width 18: "\x{E22}\x{E31}\x{E07}"
      text run at (0,7451) width 26: "\x{E2A}\x{E32}\x{E27}"
      text run at (0,7473) width 26: "\x{E40}\x{E1B}\x{E47}\x{E19}"
      text run at (0,7495) width 44: "\x{E20}\x{E23}\x{E23}\x{E22}\x{E32}"
      text run at (0,7517) width 11: "\x{E17}\x{E35}\x{E48}"
      text run at (0,7539) width 44: "\x{E07}\x{E14}\x{E07}\x{E32}\x{E21}"
      text run at (0,7561) width 27: "\x{E41}\x{E25}\x{E49}\x{E27}"
      text run at (0,7583) width 30: "\x{E41}\x{E14}\x{E14}"
      text run at (0,7605) width 26: "\x{E41}\x{E25}\x{E30}"
      text run at (0,7627) width 20: "\x{E25}\x{E21}"
      text run at (0,7649) width 10: "\x{E01}\x{E47}"
      text run at (0,7671) width 17: "\x{E44}\x{E14}\x{E49}"
      text run at (0,7693) width 45: "\x{E40}\x{E1B}\x{E25}\x{E35}\x{E48}\x{E22}\x{E19}"
      text run at (0,7715) width 24: "\x{E40}\x{E18}\x{E2D}"
      text run at (0,7737) width 18: "\x{E44}\x{E1B}"
      text run at (0,7759) width 23: "\x{E40}\x{E2D}\x{E32}"
      text run at (0,7781) width 53: "\x{E1B}\x{E23}\x{E30}\x{E01}\x{E32}\x{E22}"
      text run at (0,7803) width 18: "\x{E44}\x{E1B}"
      text run at (0,7825) width 27: "\x{E08}\x{E32}\x{E01}"
      text run at (0,7847) width 45: "\x{E14}\x{E27}\x{E07}\x{E15}\x{E32}"
      text run at (0,7869) width 24: "\x{E40}\x{E18}\x{E2D}"
      text run at (0,7891) width 39: "\x{E1B}\x{E25}\x{E48}\x{E2D}\x{E22}"
      text run at (0,7913) width 15: "\x{E44}\x{E27}\x{E49}"
      text run at (0,7935) width 20: "\x{E41}\x{E15}\x{E48}"
      text run at (0,7957) width 37: "\x{E04}\x{E27}\x{E32}\x{E21}"
      text run at (0,7979) width 29: "\x{E2A}\x{E38}\x{E02}\x{E38}\x{E21}"
      text run at (0,8001) width 35: "\x{E2D}\x{E22}\x{E48}\x{E32}\x{E07}"
      text run at (0,8023) width 68: "\x{E2B}\x{E21}\x{E48}\x{E19}\x{E2B}\x{E21}\x{E2D}\x{E07}"
      text run at (0,8045) width 23: "\x{E40}\x{E2D}\x{E32}"
      text run at (0,8067) width 10: "\x{E2A}\x{E35}"
      text run at (0,8089) width 27: "\x{E41}\x{E14}\x{E07}"
      text run at (0,8111) width 27: "\x{E08}\x{E32}\x{E01}"
      text run at (0,8133) width 29: "\x{E41}\x{E01}\x{E49}\x{E21}"
      text run at (0,8155) width 26: "\x{E41}\x{E25}\x{E30}"
      text run at (0,8177) width 18: "\x{E23}\x{E34}\x{E21}"
      text run at (0,8199) width 38: "\x{E1D}\x{E35}\x{E1B}\x{E32}\x{E01}"
      text run at (0,8221) width 24: "\x{E40}\x{E18}\x{E2D}"
      text run at (0,8243) width 18: "\x{E44}\x{E1B}"
      text run at (0,8265) width 37: "\x{E01}\x{E25}\x{E32}\x{E22}"
      text run at (0,8287) width 26: "\x{E40}\x{E1B}\x{E47}\x{E19}"
      text run at (0,8309) width 10: "\x{E2A}\x{E35}"
      text run at (0,8331) width 31: "\x{E2B}\x{E21}\x{E48}\x{E19}"
      text run at (0,8353) width 10: "\x{E46}"
      text run at (0,8375) width 45: "\x{E40}\x{E2B}\x{E21}\x{E37}\x{E2D}\x{E19}"
      text run at (0,8397) width 20: "\x{E01}\x{E31}\x{E19}"
      text run at (0,8419) width 24: "\x{E40}\x{E18}\x{E2D}"
      text run at (0,8441) width 29: "\x{E1C}\x{E2D}\x{E21}"
      text run at (0,8463) width 26: "\x{E41}\x{E25}\x{E30}"
      text run at (0,8485) width 28: "\x{E2B}\x{E25}\x{E31}\x{E07}"
      text run at (0,8507) width 27: "\x{E42}\x{E04}\x{E49}\x{E07}"
      text run at (0,8529) width 26: "\x{E41}\x{E25}\x{E30}"
      text run at (0,8551) width 34: "\x{E40}\x{E14}\x{E35}\x{E4B}\x{E22}\x{E27}"
      text run at (0,8573) width 10: "\x{E19}\x{E35}\x{E49}"
      text run at (0,8595) width 17: "\x{E44}\x{E21}\x{E48}"
      text run at (0,8617) width 26: "\x{E40}\x{E04}\x{E22}"
      text run at (0,8639) width 20: "\x{E22}\x{E34}\x{E49}\x{E21}"
      text run at (0,8661) width 25: "\x{E40}\x{E25}\x{E22}"
      text run at (0,8683) width 25: "\x{E40}\x{E21}\x{E37}\x{E48}\x{E2D}"
      text run at (0,8705) width 19: "\x{E42}\x{E14}"
      text run at (0,8727) width 25: "\x{E42}\x{E23}\x{E18}\x{E35}"
      text run at (0,8749) width 18: "\x{E0B}\x{E36}\x{E48}\x{E07}"
      text run at (0,8771) width 26: "\x{E40}\x{E1B}\x{E47}\x{E19}"
      text run at (0,8793) width 25: "\x{E40}\x{E14}\x{E47}\x{E01}"
      text run at (0,8815) width 45: "\x{E01}\x{E33}\x{E1E}\x{E23}\x{E49}\x{E32}"
      text run at (0,8837) width 19: "\x{E21}\x{E32}"
      text run at (0,8859) width 20: "\x{E2D}\x{E22}\x{E39}\x{E48}"
      text run at (0,8881) width 21: "\x{E01}\x{E31}\x{E1A}"
      text run at (0,8903) width 24: "\x{E40}\x{E18}\x{E2D}"
      text run at (0,8925) width 30: "\x{E15}\x{E2D}\x{E19}"
      text run at (0,8947) width 27: "\x{E41}\x{E23}\x{E01}"
      text run at (0,8969) width 19: "\x{E1B}\x{E49}\x{E32}"
      text run at (0,8991) width 25: "\x{E40}\x{E2D}\x{E47}\x{E21}"
      text run at (0,9013) width 20: "\x{E15}\x{E37}\x{E48}\x{E19}"
      text run at (0,9035) width 26: "\x{E40}\x{E15}\x{E49}\x{E19}"
      text run at (0,9057) width 21: "\x{E01}\x{E31}\x{E1A}"
      text run at (0,9079) width 32: "\x{E40}\x{E2A}\x{E35}\x{E22}\x{E07}"
      text run at (0,9101) width 47: "\x{E2B}\x{E31}\x{E27}\x{E40}\x{E23}\x{E32}\x{E30}"
      text run at (0,9123) width 27: "\x{E02}\x{E2D}\x{E07}"
      text run at (0,9145) width 25: "\x{E40}\x{E14}\x{E47}\x{E01}"
      text run at (0,9167) width 29: "\x{E19}\x{E49}\x{E2D}\x{E22}"
      text run at (0,9189) width 28: "\x{E21}\x{E32}\x{E01}"
      text run at (0,9211) width 24: "\x{E40}\x{E18}\x{E2D}"
      text run at (0,9233) width 16: "\x{E08}\x{E30}"
      text run at (0,9255) width 18: "\x{E2A}\x{E48}\x{E07}"
      text run at (0,9277) width 32: "\x{E40}\x{E2A}\x{E35}\x{E22}\x{E07}"
      text run at (0,9299) width 25: "\x{E23}\x{E49}\x{E2D}\x{E07}"
      text run at (0,9321) width 27: "\x{E41}\x{E25}\x{E49}\x{E27}"
      text run at (0,9343) width 23: "\x{E40}\x{E2D}\x{E32}"
      text run at (0,9365) width 20: "\x{E21}\x{E37}\x{E2D}"
      text run at (0,9387) width 29: "\x{E17}\x{E32}\x{E1A}"
      text run at (0,9409) width 19: "\x{E2D}\x{E01}"
      text run at (0,9431) width 20: "\x{E17}\x{E38}\x{E01}"
      text run at (0,9453) width 26: "\x{E04}\x{E23}\x{E31}\x{E49}\x{E07}"
      text run at (0,9475) width 11: "\x{E17}\x{E35}\x{E48}"
      text run at (0,9497) width 32: "\x{E40}\x{E2A}\x{E35}\x{E22}\x{E07}"
      text run at (0,9519) width 20: "\x{E2D}\x{E31}\x{E19}"
      text run at (0,9541) width 37: "\x{E23}\x{E48}\x{E32}\x{E40}\x{E23}\x{E34}\x{E07}"
      text run at (0,9563) width 27: "\x{E02}\x{E2D}\x{E07}"
      text run at (0,9585) width 19: "\x{E42}\x{E14}"
      text run at (0,9607) width 25: "\x{E42}\x{E23}\x{E18}\x{E35}"
      text run at (0,9629) width 23: "\x{E40}\x{E02}\x{E49}\x{E32}"
      text run at (0,9651) width 11: "\x{E2B}\x{E39}"
      text run at (0,9673) width 24: "\x{E40}\x{E18}\x{E2D}"
      text run at (0,9695) width 26: "\x{E41}\x{E25}\x{E30}"
      text run at (0,9717) width 24: "\x{E40}\x{E18}\x{E2D}"
      text run at (0,9739) width 23: "\x{E40}\x{E1D}\x{E49}\x{E32}"
      text run at (0,9761) width 27: "\x{E21}\x{E2D}\x{E07}"
      text run at (0,9783) width 25: "\x{E40}\x{E14}\x{E47}\x{E01}"
      text run at (0,9805) width 31: "\x{E2B}\x{E0D}\x{E34}\x{E07}"
      text run at (0,9827) width 29: "\x{E19}\x{E49}\x{E2D}\x{E22}"
      text run at (0,9849) width 10: "\x{E46}"
      text run at (0,9871) width 29: "\x{E14}\x{E49}\x{E27}\x{E22}"
      text run at (0,9893) width 37: "\x{E04}\x{E27}\x{E32}\x{E21}"
      text run at (0,9915) width 63: "\x{E1B}\x{E23}\x{E30}\x{E2B}\x{E25}\x{E32}\x{E14}"
      text run at (0,9937) width 18: "\x{E43}\x{E08}"
      text run at (0,9959) width 29: "\x{E14}\x{E49}\x{E27}\x{E22}"
      text run at (0,9981) width 18: "\x{E22}\x{E31}\x{E07}"
      text run at (0,10003) width 19: "\x{E2B}\x{E32}"
      text run at (0,10025) width 31: "\x{E2D}\x{E30}\x{E44}\x{E23}"
      text run at (0,10047) width 19: "\x{E21}\x{E32}"
      text run at (0,10069) width 26: "\x{E40}\x{E1B}\x{E47}\x{E19}"
      text run at (0,10091) width 30: "\x{E40}\x{E23}\x{E37}\x{E48}\x{E2D}\x{E07}"
      text run at (0,10113) width 47: "\x{E2B}\x{E31}\x{E27}\x{E40}\x{E23}\x{E32}\x{E30}"
      text run at (0,10135) width 17: "\x{E44}\x{E14}\x{E49}"
      text run at (0,10157) width 17: "\x{E25}\x{E38}\x{E07}"
      text run at (0,10179) width 15: "\x{E40}\x{E2E}"
      text run at (0,10201) width 18: "\x{E19}\x{E23}\x{E35}"
      text run at (0,10223) width 17: "\x{E44}\x{E21}\x{E48}"
      text run at (0,10245) width 26: "\x{E40}\x{E04}\x{E22}"
      text run at (0,10267) width 47: "\x{E2B}\x{E31}\x{E27}\x{E40}\x{E23}\x{E32}\x{E30}"
      text run at (0,10289) width 17: "\x{E25}\x{E38}\x{E07}"
      text run at (0,10311) width 45: "\x{E17}\x{E33}\x{E07}\x{E32}\x{E19}"
      text run at (0,10333) width 30: "\x{E2B}\x{E19}\x{E31}\x{E01}"
      text run at (0,10355) width 27: "\x{E08}\x{E32}\x{E01}"
      text run at (0,10377) width 23: "\x{E40}\x{E0A}\x{E49}\x{E32}"
      text run at (0,10399) width 20: "\x{E22}\x{E31}\x{E19}"
      text run at (0,10421) width 19: "\x{E04}\x{E48}\x{E33}"
      text run at (0,10443) width 26: "\x{E41}\x{E25}\x{E30}"
      text run at (0,10465) width 17: "\x{E44}\x{E21}\x{E48}"
      text run at (0,10487) width 26: "\x{E40}\x{E04}\x{E22}"
      text run at (0,10509) width 26: "\x{E23}\x{E39}\x{E49}\x{E08}\x{E31}\x{E01}"
      text run at (0,10531) width 17: "\x{E27}\x{E48}\x{E32}"
      text run at (0,10553) width 37: "\x{E04}\x{E27}\x{E32}\x{E21}"
      text run at (0,10575) width 37: "\x{E23}\x{E48}\x{E32}\x{E40}\x{E23}\x{E34}\x{E07}"
      text run at (0,10597) width 20: "\x{E04}\x{E37}\x{E2D}"
      text run at (0,10619) width 31: "\x{E2D}\x{E30}\x{E44}\x{E23}"
      text run at (0,10641) width 17: "\x{E25}\x{E38}\x{E07}"
      text run at (0,10663) width 11: "\x{E14}\x{E39}"
      text run at (0,10685) width 68: "\x{E2B}\x{E21}\x{E48}\x{E19}\x{E2B}\x{E21}\x{E2D}\x{E07}"
      text run at (0,10707) width 18: "\x{E44}\x{E1B}"
      text run at (0,10729) width 31: "\x{E2B}\x{E21}\x{E14}"
      text run at (0,10751) width 18: "\x{E15}\x{E31}\x{E49}\x{E07}"
      text run at (0,10773) width 20: "\x{E41}\x{E15}\x{E48}"
      text run at (0,10795) width 32: "\x{E40}\x{E04}\x{E23}\x{E32}"
      text run at (0,10817) width 27: "\x{E22}\x{E32}\x{E27}"
      text run at (0,10839) width 19: "\x{E08}\x{E19}"
      text run at (0,10861) width 19: "\x{E08}\x{E14}"
      text run at (0,10883) width 48: "\x{E23}\x{E2D}\x{E07}\x{E40}\x{E17}\x{E49}\x{E32}"
      text run at (0,10905) width 21: "\x{E1A}\x{E39}\x{E15}"
      text run at (0,10927) width 20: "\x{E2D}\x{E31}\x{E19}"
      text run at (0,10949) width 39: "\x{E2B}\x{E22}\x{E32}\x{E1A}"
      text run at (0,10971) width 27: "\x{E41}\x{E25}\x{E49}\x{E27}"
      text run at (0,10993) width 17: "\x{E25}\x{E38}\x{E07}"
      text run at (0,11015) width 10: "\x{E01}\x{E47}"
      text run at (0,11037) width 11: "\x{E14}\x{E39}"
      text run at (0,11059) width 58: "\x{E40}\x{E04}\x{E23}\x{E48}\x{E07}\x{E02}\x{E23}\x{E36}\x{E21}"
      text run at (0,11081) width 19: "\x{E19}\x{E48}\x{E32}"
      text run at (0,11103) width 30: "\x{E40}\x{E01}\x{E23}\x{E07}"
      text run at (0,11125) width 28: "\x{E02}\x{E32}\x{E21}"
      text run at (0,11147) width 17: "\x{E44}\x{E21}\x{E48}"
      text run at (0,11169) width 30: "\x{E04}\x{E48}\x{E2D}\x{E22}"
      text run at (0,11191) width 16: "\x{E08}\x{E30}"
      text run at (0,11213) width 21: "\x{E1E}\x{E39}\x{E14}"
      text run at (0,11235) width 11: "\x{E21}\x{E35}"
      text run at (0,11257) width 19: "\x{E42}\x{E15}"
      text run at (0,11279) width 19: "\x{E42}\x{E15}\x{E49}"
      text run at (0,11301) width 11: "\x{E17}\x{E35}\x{E48}"
      text run at (0,11323) width 19: "\x{E17}\x{E33}"
      text run at (0,11345) width 19: "\x{E43}\x{E2B}\x{E49}"
      text run at (0,11367) width 19: "\x{E42}\x{E14}"
      text run at (0,11389) width 25: "\x{E42}\x{E23}\x{E18}\x{E35}"
      text run at (0,11411) width 47: "\x{E2B}\x{E31}\x{E27}\x{E40}\x{E23}\x{E32}\x{E30}"
      text run at (0,11433) width 17: "\x{E44}\x{E14}\x{E49}"
      text run at (0,11455) width 26: "\x{E41}\x{E25}\x{E30}"
      text run at (0,11477) width 28: "\x{E0A}\x{E48}\x{E27}\x{E22}"
      text run at (0,11499) width 24: "\x{E40}\x{E18}\x{E2D}"
      text run at (0,11521) width 19: "\x{E43}\x{E2B}\x{E49}"
      text run at (0,11543) width 21: "\x{E1E}\x{E49}\x{E19}"
      text run at (0,11565) width 27: "\x{E08}\x{E32}\x{E01}"
      text run at (0,11587) width 26: "\x{E01}\x{E32}\x{E23}"
      text run at (0,11609) width 37: "\x{E01}\x{E25}\x{E32}\x{E22}"
      text run at (0,11631) width 26: "\x{E40}\x{E1B}\x{E47}\x{E19}"
      text run at (0,11653) width 10: "\x{E2A}\x{E35}"
      text run at (0,11675) width 24: "\x{E40}\x{E17}\x{E32}"
      text run at (0,11697) width 31: "\x{E2B}\x{E21}\x{E48}\x{E19}"
      text run at (0,11719) width 45: "\x{E40}\x{E2B}\x{E21}\x{E37}\x{E2D}\x{E19}"
      text run at (0,11741) width 21: "\x{E01}\x{E31}\x{E1A}"
      text run at (0,11763) width 18: "\x{E2A}\x{E34}\x{E48}\x{E07}"
      text run at (0,11785) width 28: "\x{E23}\x{E2D}\x{E1A}"
      text run at (0,11807) width 19: "\x{E15}\x{E31}\x{E27}"
      text run at (0,11829) width 20: "\x{E2D}\x{E37}\x{E48}\x{E19}"
      text run at (0,11851) width 10: "\x{E46}"
      text run at (0,11873) width 19: "\x{E42}\x{E15}"
      text run at (0,11895) width 19: "\x{E42}\x{E15}\x{E49}"
      text run at (0,11917) width 10: "\x{E2A}\x{E35}"
      text run at (0,11939) width 17: "\x{E44}\x{E21}\x{E48}"
      text run at (0,11961) width 24: "\x{E40}\x{E17}\x{E32}"
      text run at (0,11983) width 31: "\x{E2B}\x{E21}\x{E48}\x{E19}"
      text run at (0,12005) width 20: "\x{E41}\x{E15}\x{E48}"
      text run at (0,12027) width 20: "\x{E21}\x{E31}\x{E19}"
      text run at (0,12049) width 26: "\x{E40}\x{E1B}\x{E47}\x{E19}"
      text run at (0,12071) width 29: "\x{E2B}\x{E21}\x{E32}"
      text run at (0,12093) width 10: "\x{E2A}\x{E35}"
      text run at (0,12115) width 19: "\x{E14}\x{E33}"
      text run at (0,12137) width 19: "\x{E15}\x{E31}\x{E27}"
      text run at (0,12159) width 29: "\x{E19}\x{E49}\x{E2D}\x{E22}"
      text run at (0,12181) width 10: "\x{E46}"
      text run at (0,12203) width 20: "\x{E02}\x{E19}"
      text run at (0,12225) width 27: "\x{E22}\x{E32}\x{E27}"
      text run at (0,12247) width 21: "\x{E1B}\x{E38}\x{E22}"
      text run at (0,12269) width 24: "\x{E23}\x{E32}\x{E27}"
      text run at (0,12291) width 21: "\x{E01}\x{E31}\x{E1A}"
      text run at (0,12313) width 27: "\x{E44}\x{E2B}\x{E21}"
      text run at (0,12335) width 11: "\x{E21}\x{E35}"
      text run at (0,12357) width 19: "\x{E15}\x{E32}"
      text run at (0,12379) width 19: "\x{E14}\x{E33}"
      text run at (0,12401) width 24: "\x{E40}\x{E25}\x{E47}\x{E01}"
      text run at (0,12423) width 26: "\x{E40}\x{E1B}\x{E47}\x{E19}"
      text run at (0,12445) width 53: "\x{E1B}\x{E23}\x{E30}\x{E01}\x{E32}\x{E22}"
      text run at (0,12467) width 38: "\x{E23}\x{E37}\x{E48}\x{E19}\x{E40}\x{E23}\x{E34}\x{E07}"
      text run at (0,12489) width 20: "\x{E2D}\x{E22}\x{E39}\x{E48}"
      text run at (0,12511) width 27: "\x{E2A}\x{E2D}\x{E07}"
      text run at (0,12533) width 25: "\x{E02}\x{E49}\x{E32}\x{E07}"
      text run at (0,12555) width 29: "\x{E08}\x{E21}\x{E39}\x{E01}"
      text run at (0,12577) width 24: "\x{E40}\x{E25}\x{E47}\x{E01}"
      text run at (0,12599) width 20: "\x{E2D}\x{E31}\x{E19}"
      text run at (0,12621) width 19: "\x{E19}\x{E48}\x{E32}"
      text run at (0,12643) width 20: "\x{E02}\x{E31}\x{E19}"
      text run at (0,12665) width 27: "\x{E02}\x{E2D}\x{E07}"
      text run at (0,12687) width 20: "\x{E21}\x{E31}\x{E19}"
      text run at (0,12709) width 19: "\x{E42}\x{E15}"
      text run at (0,12731) width 19: "\x{E42}\x{E15}\x{E49}"
      text run at (0,12753) width 25: "\x{E40}\x{E25}\x{E48}\x{E19}"
      text run at (0,12775) width 18: "\x{E17}\x{E31}\x{E49}\x{E07}"
      text run at (0,12797) width 19: "\x{E27}\x{E31}\x{E19}"
      text run at (0,12819) width 26: "\x{E41}\x{E25}\x{E30}"
      text run at (0,12841) width 19: "\x{E42}\x{E14}"
      text run at (0,12863) width 25: "\x{E42}\x{E23}\x{E18}\x{E35}"
      text run at (0,12885) width 10: "\x{E01}\x{E47}"
      text run at (0,12907) width 25: "\x{E40}\x{E25}\x{E48}\x{E19}"
      text run at (0,12929) width 21: "\x{E01}\x{E31}\x{E1A}"
      text run at (0,12951) width 20: "\x{E21}\x{E31}\x{E19}"
      text run at (0,12973) width 26: "\x{E41}\x{E25}\x{E30}"
      text run at (0,12995) width 18: "\x{E23}\x{E31}\x{E01}"
      text run at (0,13017) width 20: "\x{E21}\x{E31}\x{E19}"
      text run at (0,13039) width 34: "\x{E40}\x{E2B}\x{E25}\x{E37}\x{E2D}"
      text run at (0,13061) width 25: "\x{E40}\x{E01}\x{E34}\x{E19}"
      text run at (0,13083) width 50: "\x{E2D}\x{E22}\x{E48}\x{E32}\x{E07}\x{E44}\x{E23}"
      text run at (0,13105) width 10: "\x{E01}\x{E47}"
      text run at (0,13127) width 29: "\x{E15}\x{E32}\x{E21}"
      text run at (0,13149) width 19: "\x{E27}\x{E31}\x{E19}"
      text run at (0,13171) width 10: "\x{E19}\x{E35}\x{E49}"
      text run at (0,13193) width 18: "\x{E17}\x{E31}\x{E49}\x{E07}"
      text run at (0,13215) width 11: "\x{E04}\x{E39}\x{E48}"
      text run at (0,13237) width 17: "\x{E44}\x{E21}\x{E48}"
      text run at (0,13259) width 17: "\x{E44}\x{E14}\x{E49}"
      text run at (0,13281) width 25: "\x{E40}\x{E25}\x{E48}\x{E19}"
      text run at (0,13303) width 17: "\x{E25}\x{E38}\x{E07}"
      text run at (0,13325) width 15: "\x{E40}\x{E2E}"
      text run at (0,13347) width 18: "\x{E19}\x{E23}\x{E35}"
      text run at (0,13369) width 18: "\x{E19}\x{E31}\x{E48}\x{E07}"
      text run at (0,13391) width 20: "\x{E2D}\x{E22}\x{E39}\x{E48}"
      text run at (0,13413) width 11: "\x{E17}\x{E35}\x{E48}"
      text run at (0,13435) width 38: "\x{E1A}\x{E31}\x{E19}\x{E44}\x{E14}"
      text run at (0,13457) width 36: "\x{E1B}\x{E23}\x{E30}\x{E15}\x{E39}"
      text run at (0,13479) width 26: "\x{E41}\x{E25}\x{E30}"
      text run at (0,13501) width 23: "\x{E40}\x{E1D}\x{E49}\x{E32}"
      text run at (0,13523) width 35: "\x{E01}\x{E31}\x{E07}\x{E27}\x{E25}"
      text run at (0,13545) width 26: "\x{E08}\x{E49}\x{E2D}\x{E07}"
      text run at (0,13567) width 11: "\x{E14}\x{E39}"
      text run at (0,13589) width 27: "\x{E17}\x{E49}\x{E2D}\x{E07}"
      text run at (0,13611) width 19: "\x{E1F}\x{E49}\x{E32}"
      text run at (0,13633) width 10: "\x{E2A}\x{E35}"
      text run at (0,13655) width 24: "\x{E40}\x{E17}\x{E32}"
      text run at (0,13677) width 31: "\x{E2B}\x{E21}\x{E48}\x{E19}"
      text run at (0,13699) width 20: "\x{E1C}\x{E34}\x{E14}"
      text run at (0,13721) width 31: "\x{E1B}\x{E01}\x{E15}\x{E34}"
      text run at (0,13743) width 19: "\x{E42}\x{E14}"
      text run at (0,13765) width 25: "\x{E42}\x{E23}\x{E18}\x{E35}"
      text run at (0,13787) width 20: "\x{E22}\x{E37}\x{E19}"
      text run at (0,13809) width 11: "\x{E17}\x{E35}\x{E48}"
      text run at (0,13831) width 36: "\x{E1B}\x{E23}\x{E30}\x{E15}\x{E39}"
      text run at (0,13853) width 29: "\x{E01}\x{E2D}\x{E14}"
      text run at (0,13875) width 19: "\x{E42}\x{E15}"
      text run at (0,13897) width 19: "\x{E42}\x{E15}\x{E49}"
      text run at (0,13919) width 15: "\x{E44}\x{E27}\x{E49}"
      text run at (0,13941) width 19: "\x{E43}\x{E19}"
      text run at (0,13963) width 29: "\x{E2D}\x{E49}\x{E2D}\x{E21}"
      text run at (0,13985) width 29: "\x{E41}\x{E02}\x{E19}"
      text run at (0,14007) width 26: "\x{E41}\x{E25}\x{E30}"
      text run at (0,14029) width 10: "\x{E01}\x{E47}"
      text run at (0,14051) width 27: "\x{E21}\x{E2D}\x{E07}"
      text run at (0,14073) width 11: "\x{E14}\x{E39}"
      text run at (0,14095) width 27: "\x{E17}\x{E49}\x{E2D}\x{E07}"
      text run at (0,14117) width 19: "\x{E1F}\x{E49}\x{E32}"
      text run at (0,14139) width 20: "\x{E2D}\x{E22}\x{E39}\x{E48}"
      text run at (0,14161) width 45: "\x{E40}\x{E2B}\x{E21}\x{E37}\x{E2D}\x{E19}"
      text run at (0,14183) width 20: "\x{E01}\x{E31}\x{E19}"
      text run at (0,14205) width 19: "\x{E1B}\x{E49}\x{E32}"
      text run at (0,14227) width 25: "\x{E40}\x{E2D}\x{E47}\x{E21}"
      text run at (0,14249) width 35: "\x{E01}\x{E33}\x{E25}\x{E31}\x{E07}"
      text run at (0,14271) width 26: "\x{E25}\x{E49}\x{E32}\x{E07}"
      text run at (0,14293) width 28: "\x{E0A}\x{E32}\x{E21}"
      text run at (0,14315) width 20: "\x{E2D}\x{E22}\x{E39}\x{E48}"
      text run at (0,14337) width 27: "\x{E08}\x{E32}\x{E01}"
      text run at (0,14359) width 29: "\x{E14}\x{E49}\x{E32}\x{E19}"
      text run at (0,14381) width 35: "\x{E40}\x{E2B}\x{E19}\x{E37}\x{E2D}"
      text run at (0,14403) width 26: "\x{E44}\x{E01}\x{E25}"
      text run at (0,14425) width 29: "\x{E2D}\x{E2D}\x{E01}"
      text run at (0,14447) width 18: "\x{E44}\x{E1B}"
      text run at (0,14469) width 11: "\x{E21}\x{E35}"
      text run at (0,14491) width 32: "\x{E40}\x{E2A}\x{E35}\x{E22}\x{E07}"
      text run at (0,14513) width 20: "\x{E25}\x{E21}"
      text run at (0,14535) width 34: "\x{E04}\x{E23}\x{E32}\x{E07}"
      text run at (0,14557) width 27: "\x{E41}\x{E1C}\x{E48}\x{E27}"
      text run at (0,14579) width 24: "\x{E40}\x{E1A}\x{E32}"
      text run at (0,14601) width 37: "\x{E44}\x{E14}\x{E49}\x{E22}\x{E34}\x{E19}"
      text run at (0,14623) width 19: "\x{E21}\x{E32}"
      text run at (0,14645) width 17: "\x{E25}\x{E38}\x{E07}"
      text run at (0,14667) width 15: "\x{E40}\x{E2E}"
      text run at (0,14689) width 18: "\x{E19}\x{E23}\x{E35}"
      text run at (0,14711) width 26: "\x{E41}\x{E25}\x{E30}"
      text run at (0,14733) width 19: "\x{E42}\x{E14}"
      text run at (0,14755) width 25: "\x{E42}\x{E23}\x{E18}\x{E35}"
      text run at (0,14777) width 26: "\x{E40}\x{E2B}\x{E47}\x{E19}"
      text run at (0,14799) width 20: "\x{E15}\x{E49}\x{E19}"
      text run at (0,14821) width 32: "\x{E2B}\x{E0D}\x{E49}\x{E32}"
      text run at (0,14843) width 18: "\x{E2A}\x{E39}\x{E07}"
      text run at (0,14865) width 25: "\x{E40}\x{E2D}\x{E19}"
      text run at (0,14887) width 26: "\x{E40}\x{E1B}\x{E47}\x{E19}"
      text run at (0,14909) width 30: "\x{E04}\x{E25}\x{E37}\x{E48}\x{E19}"
      text run at (0,14931) width 29: "\x{E01}\x{E48}\x{E2D}\x{E19}"
      text run at (0,14953) width 11: "\x{E17}\x{E35}\x{E48}"
      text run at (0,14975) width 29: "\x{E1E}\x{E32}\x{E22}\x{E38}"
      text run at (0,14997) width 16: "\x{E08}\x{E30}"
      text run at (0,15019) width 19: "\x{E21}\x{E32}"
      text run at (0,15041) width 18: "\x{E16}\x{E36}\x{E07}"
      text run at (0,15063) width 27: "\x{E41}\x{E25}\x{E49}\x{E27}"
      text run at (0,15085) width 10: "\x{E01}\x{E47}"
      text run at (0,15107) width 11: "\x{E21}\x{E35}"
      text run at (0,15129) width 32: "\x{E40}\x{E2A}\x{E35}\x{E22}\x{E07}"
      text run at (0,15151) width 29: "\x{E2B}\x{E27}\x{E35}\x{E14}"
      text run at (0,15173) width 27: "\x{E2B}\x{E27}\x{E34}\x{E27}"
      text run at (0,15195) width 43: "\x{E0A}\x{E31}\x{E14}\x{E40}\x{E08}\x{E19}"
      text run at (0,15217) width 19: "\x{E21}\x{E32}"
      text run at (0,15239) width 27: "\x{E08}\x{E32}\x{E01}"
      text run at (0,15261) width 72: "\x{E1A}\x{E23}\x{E23}\x{E22}\x{E32}\x{E01}\x{E32}\x{E28}"
      text run at (0,15283) width 26: "\x{E17}\x{E32}\x{E07}"
      text run at (0,15305) width 19: "\x{E43}\x{E15}\x{E49}"
      text run at (0,15327) width 26: "\x{E41}\x{E25}\x{E30}"
      text run at (0,15349) width 25: "\x{E40}\x{E21}\x{E37}\x{E48}\x{E2D}"
      text run at (0,15371) width 45: "\x{E40}\x{E2B}\x{E25}\x{E37}\x{E2D}\x{E1A}"
      text run at (0,15393) width 19: "\x{E15}\x{E32}"
      text run at (0,15415) width 18: "\x{E44}\x{E1B}"
      text run at (0,15437) width 26: "\x{E17}\x{E32}\x{E07}"
      text run at (0,15459) width 29: "\x{E14}\x{E49}\x{E32}\x{E19}"
      text run at (0,15481) width 20: "\x{E19}\x{E31}\x{E49}\x{E19}"
      text run at (0,15503) width 10: "\x{E01}\x{E47}"
      text run at (0,15525) width 26: "\x{E40}\x{E2B}\x{E47}\x{E19}"
      text run at (0,15547) width 30: "\x{E04}\x{E25}\x{E37}\x{E48}\x{E19}"
      text run at (0,15569) width 32: "\x{E2B}\x{E0D}\x{E49}\x{E32}"
      text run at (0,15591) width 19: "\x{E21}\x{E32}"
      text run at (0,15613) width 26: "\x{E17}\x{E32}\x{E07}"
      text run at (0,15635) width 29: "\x{E14}\x{E49}\x{E32}\x{E19}"
      text run at (0,15657) width 20: "\x{E19}\x{E31}\x{E49}\x{E19}"
      text run at (0,15679) width 29: "\x{E14}\x{E49}\x{E27}\x{E22}"
      text run at (0,15701) width 17: "\x{E25}\x{E38}\x{E07}"
      text run at (0,15723) width 15: "\x{E40}\x{E2E}"
      text run at (0,15745) width 18: "\x{E19}\x{E23}\x{E35}"
      text run at (0,15767) width 20: "\x{E1C}\x{E38}\x{E14}"
      text run at (0,15789) width 19: "\x{E25}\x{E38}\x{E01}"
      text run at (0,15811) width 20: "\x{E02}\x{E36}\x{E49}\x{E19}"
      text run at (0,15833) width 20: "\x{E17}\x{E31}\x{E19}"
      text run at (0,15855) width 19: "\x{E43}\x{E14}"
      text run at (0,15872) width 7: "\""
      text run at (0,15893) width 20: "\x{E25}\x{E21}"
      text run at (0,15915) width 54: "\x{E44}\x{E0B}\x{E42}\x{E04}\x{E25}\x{E19}"
      text run at (0,15937) width 19: "\x{E21}\x{E32}"
      text run at (0,15959) width 25: "\x{E40}\x{E2D}\x{E47}\x{E21}"
      text run at (0,15976) width 7: "\""
      text run at (0,15997) width 17: "\x{E25}\x{E38}\x{E07}"
      text run at (0,16019) width 25: "\x{E23}\x{E49}\x{E2D}\x{E07}"
      text run at (0,16041) width 30: "\x{E1A}\x{E2D}\x{E01}"
      text run at (0,16063) width 44: "\x{E20}\x{E23}\x{E23}\x{E22}\x{E32}"
      text run at (0,16080) width 7: "\""
      text run at (0,16101) width 18: "\x{E02}\x{E49}\x{E32}"
      text run at (0,16123) width 16: "\x{E08}\x{E30}"
      text run at (0,16145) width 18: "\x{E44}\x{E1B}"
      text run at (0,16167) width 11: "\x{E14}\x{E39}"
      text run at (0,16189) width 28: "\x{E2A}\x{E31}\x{E15}\x{E27}\x{E4C}"
      text run at (0,16211) width 32: "\x{E40}\x{E25}\x{E35}\x{E49}\x{E22}\x{E07}"
      text run at (0,16233) width 40: "\x{E2B}\x{E19}\x{E48}\x{E2D}\x{E22}"
      text run at (0,16250) width 7: "\""
      text run at (0,16271) width 27: "\x{E41}\x{E25}\x{E49}\x{E27}"
      text run at (0,16293) width 17: "\x{E25}\x{E38}\x{E07}"
      text run at (0,16315) width 10: "\x{E01}\x{E47}"
      text run at (0,16337) width 16: "\x{E27}\x{E34}\x{E48}\x{E07}"
      text run at (0,16359) width 18: "\x{E44}\x{E1B}"
      text run at (0,16381) width 18: "\x{E22}\x{E31}\x{E07}"
      text run at (0,16403) width 24: "\x{E40}\x{E1E}\x{E34}\x{E07}"
      text run at (0,16425) width 11: "\x{E17}\x{E35}\x{E48}"
      text run at (0,16447) width 17: "\x{E27}\x{E31}\x{E27}"
      text run at (0,16469) width 26: "\x{E41}\x{E25}\x{E30}"
      text run at (0,16491) width 19: "\x{E21}\x{E49}\x{E32}"
      text run at (0,16513) width 38: "\x{E2D}\x{E32}\x{E28}\x{E31}\x{E22}"
      text run at (0,16535) width 20: "\x{E2D}\x{E22}\x{E39}\x{E48}"
      text run at (0,16557) width 19: "\x{E1B}\x{E49}\x{E32}"
      text run at (0,16579) width 25: "\x{E40}\x{E2D}\x{E47}\x{E21}"
      text run at (0,16601) width 30: "\x{E2B}\x{E22}\x{E38}\x{E14}"
      text run at (0,16623) width 45: "\x{E17}\x{E33}\x{E07}\x{E32}\x{E19}"
      text run at (0,16645) width 26: "\x{E41}\x{E25}\x{E30}"
      text run at (0,16667) width 19: "\x{E21}\x{E32}"
      text run at (0,16689) width 11: "\x{E17}\x{E35}\x{E48}"
      text run at (0,16711) width 36: "\x{E1B}\x{E23}\x{E30}\x{E15}\x{E39}"
      text run at (0,16733) width 34: "\x{E40}\x{E1E}\x{E35}\x{E22}\x{E07}"
      text run at (0,16755) width 46: "\x{E0A}\x{E32}\x{E22}\x{E15}\x{E32}"
      text run at (0,16777) width 27: "\x{E21}\x{E2D}\x{E07}"
      text run at (0,16799) width 19: "\x{E1B}\x{E49}\x{E32}"
      text run at (0,16821) width 10: "\x{E01}\x{E47}"
      text run at (0,16843) width 30: "\x{E1A}\x{E2D}\x{E01}"
      text run at (0,16865) width 17: "\x{E44}\x{E14}\x{E49}"
      text run at (0,16887) width 17: "\x{E27}\x{E48}\x{E32}"
      text run at (0,16909) width 55: "\x{E2D}\x{E31}\x{E19}\x{E15}\x{E23}\x{E32}\x{E22}"
      text run at (0,16931) width 19: "\x{E21}\x{E32}"
      text run at (0,16953) width 18: "\x{E16}\x{E36}\x{E07}"
      text run at (0,16975) width 27: "\x{E41}\x{E25}\x{E49}\x{E27}"
      text run at (0,16992) width 7: "\""
      text run at (0,17013) width 21: "\x{E40}\x{E23}\x{E47}\x{E27}"
      text run at (0,17035) width 19: "\x{E42}\x{E14}"
      text run at (0,17057) width 25: "\x{E42}\x{E23}\x{E18}\x{E35}"
      text run at (0,17074) width 6: "!"
      text run at (0,17090) width 7: "\""
      text run at (0,17111) width 19: "\x{E1B}\x{E49}\x{E32}"
      text run at (0,17133) width 45: "\x{E15}\x{E30}\x{E42}\x{E01}\x{E19}"
      text run at (0,17150) width 7: "\""
      text run at (0,17171) width 16: "\x{E27}\x{E34}\x{E48}\x{E07}"
      text run at (0,17193) width 18: "\x{E44}\x{E1B}"
      text run at (0,17215) width 27: "\x{E2B}\x{E49}\x{E2D}\x{E07}"
      text run at (0,17237) width 39: "\x{E43}\x{E15}\x{E49}\x{E16}\x{E38}\x{E19}"
      text run at (0,17254) width 7: "\""
      text run at (0,17275) width 19: "\x{E42}\x{E15}"
      text run at (0,17297) width 19: "\x{E42}\x{E15}\x{E49}"
      text run at (0,17319) width 29: "\x{E1C}\x{E25}\x{E38}\x{E19}"
      text run at (0,17341) width 53: "\x{E01}\x{E23}\x{E30}\x{E42}\x{E14}\x{E14}"
      text run at (0,17363) width 17: "\x{E25}\x{E07}"
      text run at (0,17385) width 27: "\x{E08}\x{E32}\x{E01}"
      text run at (0,17407) width 29: "\x{E2D}\x{E49}\x{E2D}\x{E21}"
      text run at (0,17429) width 29: "\x{E41}\x{E02}\x{E19}"
      text run at (0,17451) width 19: "\x{E42}\x{E14}"
      text run at (0,17473) width 25: "\x{E42}\x{E23}\x{E18}\x{E35}"
      text run at (0,17495) width 27: "\x{E41}\x{E25}\x{E49}\x{E27}"
      text run at (0,17517) width 23: "\x{E40}\x{E02}\x{E49}\x{E32}"
      text run at (0,17539) width 18: "\x{E44}\x{E1B}"
      text run at (0,17561) width 29: "\x{E0B}\x{E48}\x{E2D}\x{E19}"
      text run at (0,17583) width 20: "\x{E2D}\x{E22}\x{E39}\x{E48}"
      text run at (0,17605) width 19: "\x{E43}\x{E15}\x{E49}"
      text run at (0,17627) width 33: "\x{E40}\x{E15}\x{E35}\x{E22}\x{E07}"
      text run at (0,17649) width 25: "\x{E40}\x{E14}\x{E47}\x{E01}"
      text run at (0,17671) width 31: "\x{E2B}\x{E0D}\x{E34}\x{E07}"
      text run at (0,17693) width 29: "\x{E19}\x{E49}\x{E2D}\x{E22}"
      text run at (0,17715) width 23: "\x{E40}\x{E02}\x{E49}\x{E32}"
      text run at (0,17737) width 18: "\x{E44}\x{E1B}"
      text run at (0,17759) width 18: "\x{E14}\x{E36}\x{E07}"
      text run at (0,17781) width 20: "\x{E21}\x{E31}\x{E19}"
      text run at (0,17803) width 29: "\x{E2D}\x{E2D}\x{E01}"
      text run at (0,17825) width 19: "\x{E21}\x{E32}"
      text run at (0,17847) width 19: "\x{E1B}\x{E49}\x{E32}"
      text run at (0,17869) width 25: "\x{E40}\x{E2D}\x{E47}\x{E21}"
      text run at (0,17891) width 52: "\x{E01}\x{E23}\x{E30}\x{E0A}\x{E32}\x{E01}"
      text run at (0,17913) width 18: "\x{E1D}\x{E32}"
      text run at (0,17935) width 11: "\x{E17}\x{E35}\x{E48}"
      text run at (0,17957) width 21: "\x{E1E}\x{E37}\x{E49}\x{E19}"
      text run at (0,17979) width 29: "\x{E2D}\x{E2D}\x{E01}"
      text run at (0,18001) width 35: "\x{E2D}\x{E22}\x{E48}\x{E32}\x{E07}"
      text run at (0,18023) width 19: "\x{E2D}\x{E01}"
      text run at (0,18045) width 20: "\x{E2A}\x{E31}\x{E48}\x{E19}"
      text run at (0,18067) width 31: "\x{E02}\x{E27}\x{E31}\x{E0D}"
      text run at (0,18089) width 28: "\x{E2B}\x{E32}\x{E22}"
      text run at (0,18111) width 21: "\x{E1B}\x{E35}\x{E19}"
      text run at (0,18133) width 38: "\x{E1A}\x{E31}\x{E19}\x{E44}\x{E14}"
      text run at (0,18155) width 17: "\x{E44}\x{E21}\x{E49}"
      text run at (0,18177) width 17: "\x{E25}\x{E07}"
      text run at (0,18199) width 18: "\x{E44}\x{E1B}"
      text run at (0,18221) width 19: "\x{E43}\x{E19}"
      text run at (0,18243) width 35: "\x{E42}\x{E1E}\x{E23}\x{E07}"
      text run at (0,18265) width 24: "\x{E40}\x{E25}\x{E47}\x{E01}"
      text run at (0,18287) width 20: "\x{E2D}\x{E31}\x{E19}"
      text run at (0,18309) width 21: "\x{E21}\x{E37}\x{E14}"
      text run at (0,18331) width 21: "\x{E17}\x{E36}\x{E1A}"
      text run at (0,18353) width 19: "\x{E42}\x{E14}"
      text run at (0,18375) width 25: "\x{E42}\x{E23}\x{E18}\x{E35}"
      text run at (0,18397) width 19: "\x{E08}\x{E31}\x{E1A}"
      text run at (0,18419) width 19: "\x{E42}\x{E15}"
      text run at (0,18441) width 19: "\x{E42}\x{E15}\x{E49}"
      text run at (0,18463) width 17: "\x{E44}\x{E14}\x{E49}"
      text run at (0,18485) width 19: "\x{E43}\x{E19}"
      text run at (0,18507) width 11: "\x{E17}\x{E35}\x{E48}"
      text run at (0,18529) width 20: "\x{E2A}\x{E38}\x{E14}"
      text run at (0,18551) width 26: "\x{E41}\x{E25}\x{E30}"
      text run at (0,18573) width 16: "\x{E27}\x{E34}\x{E48}\x{E07}"
      text run at (0,18595) width 29: "\x{E15}\x{E32}\x{E21}"
      text run at (0,18617) width 19: "\x{E1B}\x{E49}\x{E32}"
      text run at (0,18639) width 24: "\x{E40}\x{E18}\x{E2D}"
      text run at (0,18661) width 18: "\x{E44}\x{E1B}"
      text run at (0,18683) width 25: "\x{E40}\x{E21}\x{E37}\x{E48}\x{E2D}"
      text run at (0,18705) width 24: "\x{E40}\x{E18}\x{E2D}"
      text run at (0,18727) width 19: "\x{E21}\x{E32}"
      text run at (0,18749) width 17: "\x{E44}\x{E14}\x{E49}"
      text run at (0,18771) width 26: "\x{E04}\x{E23}\x{E36}\x{E48}\x{E07}"
      text run at (0,18793) width 27: "\x{E2B}\x{E49}\x{E2D}\x{E07}"
      text run at (0,18815) width 10: "\x{E01}\x{E47}"
      text run at (0,18837) width 11: "\x{E21}\x{E35}"
      text run at (0,18859) width 32: "\x{E40}\x{E2A}\x{E35}\x{E22}\x{E07}"
      text run at (0,18881) width 29: "\x{E2B}\x{E27}\x{E35}\x{E14}"
      text run at (0,18903) width 28: "\x{E2B}\x{E27}\x{E37}\x{E2D}"
      text run at (0,18925) width 28: "\x{E2A}\x{E48}\x{E27}\x{E19}"
      text run at (0,18947) width 29: "\x{E1A}\x{E49}\x{E32}\x{E19}"
      text run at (0,18969) width 10: "\x{E01}\x{E47}"
      text run at (0,18991) width 20: "\x{E2A}\x{E31}\x{E48}\x{E19}"
      text run at (0,19013) width 35: "\x{E2D}\x{E22}\x{E48}\x{E32}\x{E07}"
      text run at (0,19035) width 25: "\x{E41}\x{E23}\x{E07}"
      text run at (0,19057) width 19: "\x{E08}\x{E19}"
      text run at (0,19079) width 24: "\x{E40}\x{E18}\x{E2D}"
      text run at (0,19101) width 20: "\x{E2B}\x{E01}"
      text run at (0,19123) width 36: "\x{E04}\x{E30}\x{E21}\x{E33}"
      text run at (0,19145) width 18: "\x{E19}\x{E31}\x{E48}\x{E07}"
      text run at (0,19167) width 41: "\x{E08}\x{E49}\x{E33}\x{E40}\x{E1A}\x{E49}\x{E32}"
      text run at (0,19189) width 20: "\x{E2D}\x{E22}\x{E39}\x{E48}"
      text run at (0,19211) width 21: "\x{E01}\x{E31}\x{E1A}"
      text run at (0,19233) width 21: "\x{E1E}\x{E37}\x{E49}\x{E19}"
      text run at (0,19255) width 27: "\x{E41}\x{E25}\x{E49}\x{E27}"
      text run at (0,19277) width 18: "\x{E2A}\x{E34}\x{E48}\x{E07}"
      text run at (0,19299) width 63: "\x{E1B}\x{E23}\x{E30}\x{E2B}\x{E25}\x{E32}\x{E14}"
      text run at (0,19321) width 10: "\x{E01}\x{E47}"
      text run at (0,19343) width 25: "\x{E40}\x{E01}\x{E34}\x{E14}"
      text run at (0,19365) width 20: "\x{E02}\x{E36}\x{E49}\x{E19}"
      text run at (0,19387) width 29: "\x{E1A}\x{E49}\x{E32}\x{E19}"
      text run at (0,19409) width 31: "\x{E2B}\x{E21}\x{E38}\x{E19}"
      text run at (0,19431) width 18: "\x{E44}\x{E1B}"
      text run at (0,19453) width 31: "\x{E2B}\x{E21}\x{E38}\x{E19}"
      text run at (0,19475) width 19: "\x{E21}\x{E32}"
      text run at (0,19497) width 27: "\x{E2A}\x{E2D}\x{E07}"
      text run at (0,19519) width 28: "\x{E2A}\x{E32}\x{E21}"
      text run at (0,19541) width 28: "\x{E23}\x{E2D}\x{E1A}"
      text run at (0,19563) width 27: "\x{E41}\x{E25}\x{E49}\x{E27}"
      text run at (0,19585) width 10: "\x{E01}\x{E47}"
      text run at (0,19607) width 29: "\x{E25}\x{E2D}\x{E22}"
      text run at (0,19629) width 20: "\x{E02}\x{E36}\x{E49}\x{E19}"
      text run at (0,19651) width 10: "\x{E2A}\x{E39}\x{E48}"
      text run at (0,19673) width 46: "\x{E2D}\x{E32}\x{E01}\x{E32}\x{E28}"
      text run at (0,19695) width 35: "\x{E2D}\x{E22}\x{E48}\x{E32}\x{E07}"
      text run at (0,19717) width 18: "\x{E0A}\x{E49}\x{E32}"
      text run at (0,19739) width 10: "\x{E46}"
      text run at (0,19761) width 19: "\x{E42}\x{E14}"
      text run at (0,19783) width 25: "\x{E42}\x{E23}\x{E18}\x{E35}"
      text run at (0,19805) width 27: "\x{E23}\x{E39}\x{E49}\x{E2A}\x{E36}\x{E01}"
      text run at (0,19827) width 24: "\x{E23}\x{E32}\x{E27}"
      text run at (0,19849) width 21: "\x{E01}\x{E31}\x{E1A}"
      text run at (0,19871) width 17: "\x{E27}\x{E48}\x{E32}"
      text run at (0,19893) width 24: "\x{E40}\x{E18}\x{E2D}"
      text run at (0,19915) width 17: "\x{E44}\x{E14}\x{E49}"
      text run at (0,19937) width 20: "\x{E02}\x{E36}\x{E49}\x{E19}"
      text run at (0,19959) width 18: "\x{E44}\x{E1B}"
      text run at (0,19981) width 21: "\x{E01}\x{E31}\x{E1A}"
      text run at (0,20003) width 19: "\x{E25}\x{E39}\x{E01}"
      text run at (0,20025) width 49: "\x{E1A}\x{E2D}\x{E25}\x{E25}\x{E39}\x{E19}"
      text run at (0,20047) width 29: "\x{E1E}\x{E32}\x{E22}\x{E38}"
      text run at (0,20069) width 35: "\x{E40}\x{E2B}\x{E19}\x{E37}\x{E2D}"
      text run at (0,20091) width 21: "\x{E01}\x{E31}\x{E1A}"
      text run at (0,20113) width 29: "\x{E1E}\x{E32}\x{E22}\x{E38}"
      text run at (0,20135) width 19: "\x{E43}\x{E15}\x{E49}"
      text run at (0,20157) width 19: "\x{E21}\x{E32}"
      text run at (0,20179) width 22: "\x{E1E}\x{E1A}"
      text run at (0,20201) width 20: "\x{E01}\x{E31}\x{E19}"
      text run at (0,20223) width 26: "\x{E15}\x{E23}\x{E07}"
      text run at (0,20245) width 11: "\x{E17}\x{E35}\x{E48}"
      text run at (0,20267) width 29: "\x{E1A}\x{E49}\x{E32}\x{E19}"
      text run at (0,20289) width 20: "\x{E1E}\x{E2D}"
      text run at (0,20311) width 11: "\x{E14}\x{E35}"
      text run at (0,20333) width 26: "\x{E41}\x{E25}\x{E30}"
      text run at (0,20355) width 19: "\x{E17}\x{E33}"
      text run at (0,20377) width 19: "\x{E43}\x{E2B}\x{E49}"
      text run at (0,20399) width 26: "\x{E15}\x{E23}\x{E07}"
      text run at (0,20421) width 20: "\x{E19}\x{E31}\x{E49}\x{E19}"
      text run at (0,20443) width 26: "\x{E40}\x{E1B}\x{E47}\x{E19}"
      text run at (0,20465) width 19: "\x{E08}\x{E38}\x{E14}"
      text run at (0,20487) width 30: "\x{E28}\x{E39}\x{E19}\x{E22}\x{E4C}"
      text run at (0,20509) width 35: "\x{E01}\x{E25}\x{E32}\x{E07}"
      text run at (0,20531) width 27: "\x{E02}\x{E2D}\x{E07}"
      text run at (0,20553) width 29: "\x{E1E}\x{E32}\x{E22}\x{E38}"
      text run at (0,20575) width 54: "\x{E44}\x{E0B}\x{E42}\x{E04}\x{E25}\x{E19}"
      text run at (0,20597) width 29: "\x{E15}\x{E32}\x{E21}"
      text run at (0,20619) width 31: "\x{E1B}\x{E01}\x{E15}\x{E34}"
      text run at (0,20641) width 26: "\x{E15}\x{E23}\x{E07}"
      text run at (0,20663) width 35: "\x{E01}\x{E25}\x{E32}\x{E07}"
      text run at (0,20685) width 29: "\x{E1E}\x{E32}\x{E22}\x{E38}"
      text run at (0,20707) width 54: "\x{E44}\x{E0B}\x{E42}\x{E04}\x{E25}\x{E19}"
      text run at (0,20729) width 46: "\x{E2D}\x{E32}\x{E01}\x{E32}\x{E28}"
      text run at (0,20751) width 16: "\x{E08}\x{E30}"
      text run at (0,20773) width 18: "\x{E19}\x{E34}\x{E48}\x{E07}"
      text run at (0,20795) width 20: "\x{E41}\x{E15}\x{E48}"
      text run at (0,20817) width 37: "\x{E04}\x{E27}\x{E32}\x{E21}"
      text run at (0,20839) width 40: "\x{E01}\x{E14}\x{E14}\x{E31}\x{E19}"
      text run at (0,20861) width 35: "\x{E2D}\x{E22}\x{E48}\x{E32}\x{E07}"
      text run at (0,20883) width 30: "\x{E2B}\x{E19}\x{E31}\x{E01}"
      text run at (0,20905) width 27: "\x{E02}\x{E2D}\x{E07}"
      text run at (0,20927) width 20: "\x{E25}\x{E21}"
      text run at (0,20949) width 20: "\x{E17}\x{E38}\x{E01}"
      text run at (0,20971) width 29: "\x{E14}\x{E49}\x{E32}\x{E19}"
      text run at (0,20993) width 28: "\x{E23}\x{E2D}\x{E1A}"
      text run at (0,21015) width 29: "\x{E1A}\x{E49}\x{E32}\x{E19}"
      text run at (0,21037) width 19: "\x{E17}\x{E33}"
      text run at (0,21059) width 19: "\x{E43}\x{E2B}\x{E49}"
      text run at (0,21081) width 29: "\x{E1A}\x{E49}\x{E32}\x{E19}"
      text run at (0,21103) width 29: "\x{E25}\x{E2D}\x{E22}"
      text run at (0,21125) width 18: "\x{E2A}\x{E39}\x{E07}"
      text run at (0,21147) width 20: "\x{E02}\x{E36}\x{E49}\x{E19}"
      text run at (0,21169) width 10: "\x{E46}"
      text run at (0,21191) width 19: "\x{E08}\x{E19}"
      text run at (0,21213) width 42: "\x{E01}\x{E23}\x{E30}\x{E17}\x{E31}\x{E48}\x{E07}"
      text run at (0,21235) width 20: "\x{E02}\x{E36}\x{E49}\x{E19}"
      text run at (0,21257) width 18: "\x{E44}\x{E1B}"
      text run at (0,21279) width 20: "\x{E2D}\x{E22}\x{E39}\x{E48}"
      text run at (0,21301) width 20: "\x{E2A}\x{E38}\x{E14}"
      text run at (0,21323) width 30: "\x{E22}\x{E2D}\x{E14}"
      text run at (0,21345) width 27: "\x{E02}\x{E2D}\x{E07}"
      text run at (0,21367) width 29: "\x{E1E}\x{E32}\x{E22}\x{E38}"
      text run at (0,21389) width 54: "\x{E44}\x{E0B}\x{E42}\x{E04}\x{E25}\x{E19}"
      text run at (0,21411) width 26: "\x{E41}\x{E25}\x{E30}"
      text run at (0,21433) width 27: "\x{E08}\x{E32}\x{E01}"
      text run at (0,21455) width 26: "\x{E15}\x{E23}\x{E07}"
      text run at (0,21477) width 20: "\x{E19}\x{E31}\x{E49}\x{E19}"
      text run at (0,21499) width 10: "\x{E01}\x{E47}"
      text run at (0,21521) width 20: "\x{E16}\x{E39}\x{E01}"
      text run at (0,21543) width 30: "\x{E2B}\x{E2D}\x{E1A}"
      text run at (0,21565) width 18: "\x{E44}\x{E1B}"
      text run at (0,21587) width 38: "\x{E2B}\x{E25}\x{E32}\x{E22}"
      text run at (0,21609) width 27: "\x{E44}\x{E21}\x{E25}\x{E4C}"
      text run at (0,21631) width 26: "\x{E07}\x{E48}\x{E32}\x{E22}"
      text run at (0,21653) width 28: "\x{E14}\x{E32}\x{E22}"
      text run at (0,21675) width 24: "\x{E23}\x{E32}\x{E27}"
      text run at (0,21697) width 21: "\x{E01}\x{E31}\x{E1A}"
      text run at (0,21719) width 30: "\x{E2B}\x{E2D}\x{E1A}"
      text run at (0,21741) width 20: "\x{E02}\x{E19}"
      text run at (0,21763) width 20: "\x{E19}\x{E01}"
      text run at (0,21785) width 21: "\x{E21}\x{E37}\x{E14}"
      text run at (0,21807) width 28: "\x{E21}\x{E32}\x{E01}"
      text run at (0,21829) width 27: "\x{E41}\x{E25}\x{E49}\x{E27}"
      text run at (0,21851) width 20: "\x{E25}\x{E21}"
      text run at (0,21873) width 18: "\x{E22}\x{E31}\x{E07}"
      text run at (0,21895) width 18: "\x{E2A}\x{E48}\x{E07}"
      text run at (0,21917) width 32: "\x{E40}\x{E2A}\x{E35}\x{E22}\x{E07}"
      text run at (0,21939) width 29: "\x{E2B}\x{E27}\x{E35}\x{E14}"
      text run at (0,21961) width 28: "\x{E2B}\x{E27}\x{E37}\x{E2D}"
      text run at (0,21983) width 19: "\x{E19}\x{E48}\x{E32}"
      text run at (0,22005) width 28: "\x{E01}\x{E25}\x{E31}\x{E27}"
      text run at (0,22027) width 20: "\x{E2D}\x{E22}\x{E39}\x{E48}"
      text run at (0,22049) width 28: "\x{E23}\x{E2D}\x{E1A}"
      text run at (0,22071) width 19: "\x{E15}\x{E31}\x{E27}"
      text run at (0,22093) width 24: "\x{E40}\x{E18}\x{E2D}"
      text run at (0,22115) width 20: "\x{E41}\x{E15}\x{E48}"
      text run at (0,22137) width 19: "\x{E42}\x{E14}"
      text run at (0,22159) width 25: "\x{E42}\x{E23}\x{E18}\x{E35}"
      text run at (0,22181) width 26: "\x{E40}\x{E2B}\x{E47}\x{E19}"
      text run at (0,22203) width 17: "\x{E27}\x{E48}\x{E32}"
      text run at (0,22225) width 24: "\x{E40}\x{E18}\x{E2D}"
      text run at (0,22247) width 54: "\x{E2A}\x{E32}\x{E21}\x{E32}\x{E23}\x{E16}"
      text run at (0,22269) width 18: "\x{E19}\x{E31}\x{E48}\x{E07}"
      text run at (0,22291) width 18: "\x{E44}\x{E1B}"
      text run at (0,22313) width 17: "\x{E44}\x{E14}\x{E49}"
      text run at (0,22335) width 28: "\x{E2D}\x{E22}\x{E48}\x{E32}"
      text run at (0,22357) width 34: "\x{E07}\x{E07}\x{E48}\x{E32}\x{E22}"
      text run at (0,22379) width 28: "\x{E14}\x{E32}\x{E22}"
      text run at (0,22401) width 20: "\x{E19}\x{E31}\x{E01}"
      text run at (0,22423) width 26: "\x{E04}\x{E23}\x{E31}\x{E49}\x{E07}"
      text run at (0,22445) width 28: "\x{E2B}\x{E19}\x{E36}\x{E48}\x{E07}"
      text run at (0,22467) width 28: "\x{E2B}\x{E25}\x{E31}\x{E07}"
      text run at (0,22489) width 27: "\x{E08}\x{E32}\x{E01}"
      text run at (0,22511) width 11: "\x{E17}\x{E35}\x{E48}"
      text run at (0,22533) width 29: "\x{E1A}\x{E49}\x{E32}\x{E19}"
      text run at (0,22555) width 37: "\x{E2A}\x{E30}\x{E14}\x{E38}\x{E14}"
      text run at (0,22577) width 35: "\x{E2D}\x{E22}\x{E48}\x{E32}\x{E07}"
      text run at (0,22599) width 25: "\x{E41}\x{E23}\x{E07}"
      text run at (0,22621) width 26: "\x{E41}\x{E25}\x{E30}"
      text run at (0,22643) width 31: "\x{E2B}\x{E21}\x{E38}\x{E19}"
      text run at (0,22665) width 18: "\x{E44}\x{E1B}"
      text run at (0,22687) width 28: "\x{E23}\x{E2D}\x{E1A}"
      text run at (0,22709) width 10: "\x{E46}"
      text run at (0,22731) width 27: "\x{E2A}\x{E2D}\x{E07}"
      text run at (0,22753) width 28: "\x{E2A}\x{E32}\x{E21}"
      text run at (0,22775) width 26: "\x{E04}\x{E23}\x{E31}\x{E49}\x{E07}"
      text run at (0,22797) width 19: "\x{E43}\x{E19}"
      text run at (0,22819) width 30: "\x{E15}\x{E2D}\x{E19}"
      text run at (0,22841) width 27: "\x{E41}\x{E23}\x{E01}"
      text run at (0,22863) width 24: "\x{E40}\x{E18}\x{E2D}"
      text run at (0,22885) width 10: "\x{E01}\x{E47}"
      text run at (0,22907) width 27: "\x{E23}\x{E39}\x{E49}\x{E2A}\x{E36}\x{E01}"
      text run at (0,22929) width 17: "\x{E27}\x{E48}\x{E32}"
      text run at (0,22951) width 19: "\x{E15}\x{E31}\x{E27}"
      text run at (0,22973) width 22: "\x{E40}\x{E2D}\x{E07}"
      text run at (0,22995) width 20: "\x{E16}\x{E39}\x{E01}"
      text run at (0,23017) width 35: "\x{E41}\x{E01}\x{E27}\x{E48}\x{E07}"
      text run at (0,23039) width 35: "\x{E2D}\x{E22}\x{E48}\x{E32}\x{E07}"
      text run at (0,23061) width 27: "\x{E41}\x{E1C}\x{E48}\x{E27}"
      text run at (0,23083) width 24: "\x{E40}\x{E1A}\x{E32}"
      text run at (0,23105) width 24: "\x{E23}\x{E32}\x{E27}"
      text run at (0,23127) width 36: "\x{E17}\x{E32}\x{E23}\x{E01}"
      text run at (0,23149) width 19: "\x{E43}\x{E19}"
      text run at (0,23171) width 25: "\x{E40}\x{E1B}\x{E25}"
      text run at (0,23193) width 19: "\x{E42}\x{E15}"
      text run at (0,23215) width 19: "\x{E42}\x{E15}\x{E49}"
      text run at (0,23237) width 17: "\x{E44}\x{E21}\x{E48}"
      text run at (0,23259) width 30: "\x{E0A}\x{E2D}\x{E1A}"
      text run at (0,23281) width 18: "\x{E43}\x{E08}"
      text run at (0,23303) width 25: "\x{E40}\x{E25}\x{E22}"
      text run at (0,23325) width 20: "\x{E21}\x{E31}\x{E19}"
      text run at (0,23347) width 16: "\x{E27}\x{E34}\x{E48}\x{E07}"
      text run at (0,23369) width 18: "\x{E44}\x{E1B}"
      text run at (0,23391) width 16: "\x{E27}\x{E34}\x{E48}\x{E07}"
      text run at (0,23413) width 19: "\x{E21}\x{E32}"
      text run at (0,23435) width 28: "\x{E23}\x{E2D}\x{E1A}"
      text run at (0,23457) width 27: "\x{E2B}\x{E49}\x{E2D}\x{E07}"
      text run at (0,23479) width 26: "\x{E17}\x{E32}\x{E07}"
      text run at (0,23501) width 28: "\x{E42}\x{E19}\x{E49}\x{E19}"
      text run at (0,23523) width 11: "\x{E17}\x{E35}"
      text run at (0,23545) width 26: "\x{E17}\x{E32}\x{E07}"
      text run at (0,23567) width 10: "\x{E19}\x{E35}\x{E49}"
      text run at (0,23589) width 11: "\x{E17}\x{E35}"
      text run at (0,23611) width 18: "\x{E2A}\x{E48}\x{E07}"
      text run at (0,23633) width 32: "\x{E40}\x{E2A}\x{E35}\x{E22}\x{E07}"
      text run at (0,23655) width 24: "\x{E40}\x{E2B}\x{E48}\x{E32}"
      text run at (0,23677) width 18: "\x{E14}\x{E31}\x{E07}"
      text run at (0,23699) width 27: "\x{E01}\x{E49}\x{E2D}\x{E07}"
      text run at (0,23721) width 20: "\x{E41}\x{E15}\x{E48}"
      text run at (0,23743) width 19: "\x{E42}\x{E14}"
      text run at (0,23765) width 25: "\x{E42}\x{E23}\x{E18}\x{E35}"
      text run at (0,23787) width 18: "\x{E19}\x{E31}\x{E48}\x{E07}"
      text run at (0,23809) width 18: "\x{E19}\x{E34}\x{E48}\x{E07}"
      text run at (0,23831) width 20: "\x{E2D}\x{E22}\x{E39}\x{E48}"
      text run at (0,23853) width 21: "\x{E1A}\x{E19}"
      text run at (0,23875) width 21: "\x{E1E}\x{E37}\x{E49}\x{E19}"
      text run at (0,23897) width 23: "\x{E40}\x{E1D}\x{E49}\x{E32}"
      text run at (0,23919) width 30: "\x{E04}\x{E2D}\x{E22}"
      text run at (0,23941) width 11: "\x{E14}\x{E39}"
      text run at (0,23963) width 17: "\x{E27}\x{E48}\x{E32}"
      text run at (0,23985) width 16: "\x{E08}\x{E30}"
      text run at (0,24007) width 25: "\x{E40}\x{E01}\x{E34}\x{E14}"
      text run at (0,24029) width 31: "\x{E2D}\x{E30}\x{E44}\x{E23}"
      text run at (0,24051) width 20: "\x{E02}\x{E36}\x{E49}\x{E19}"
      text run at (0,24073) width 26: "\x{E04}\x{E23}\x{E31}\x{E49}\x{E07}"
      text run at (0,24095) width 28: "\x{E2B}\x{E19}\x{E36}\x{E48}\x{E07}"
      text run at (0,24117) width 19: "\x{E42}\x{E15}"
      text run at (0,24139) width 19: "\x{E42}\x{E15}\x{E49}"
      text run at (0,24161) width 23: "\x{E40}\x{E02}\x{E49}\x{E32}"
      text run at (0,24183) width 18: "\x{E44}\x{E1B}"
      text run at (0,24205) width 28: "\x{E43}\x{E01}\x{E25}\x{E49}"
      text run at (0,24227) width 18: "\x{E1D}\x{E32}"
      text run at (0,24249) width 11: "\x{E17}\x{E35}\x{E48}"
      text run at (0,24271) width 21: "\x{E1E}\x{E37}\x{E49}\x{E19}"
      text run at (0,24293) width 28: "\x{E21}\x{E32}\x{E01}"
      text run at (0,24315) width 18: "\x{E44}\x{E1B}"
      text run at (0,24337) width 25: "\x{E40}\x{E25}\x{E22}"
      text run at (0,24359) width 31: "\x{E1E}\x{E25}\x{E31}\x{E14}"
      text run at (0,24381) width 37: "\x{E15}\x{E01}\x{E25}\x{E07}"
      text run at (0,24403) width 18: "\x{E44}\x{E1B}"
      text run at (0,24425) width 11: "\x{E17}\x{E35}"
      text run at (0,24447) width 27: "\x{E41}\x{E23}\x{E01}"
      text run at (0,24469) width 25: "\x{E40}\x{E14}\x{E47}\x{E01}"
      text run at (0,24491) width 31: "\x{E2B}\x{E0D}\x{E34}\x{E07}"
      text run at (0,24513) width 21: "\x{E04}\x{E34}\x{E14}"
      text run at (0,24535) width 17: "\x{E27}\x{E48}\x{E32}"
      text run at (0,24557) width 24: "\x{E40}\x{E18}\x{E2D}"
      text run at (0,24579) width 16: "\x{E08}\x{E30}"
      text run at (0,24601) width 23: "\x{E2A}\x{E39}\x{E0D}"
      text run at (0,24623) width 25: "\x{E40}\x{E2A}\x{E35}\x{E22}"
      text run at (0,24645) width 20: "\x{E21}\x{E31}\x{E19}"
      text run at (0,24667) width 18: "\x{E44}\x{E1B}"
      text run at (0,24689) width 25: "\x{E40}\x{E2A}\x{E35}\x{E22}"
      text run at (0,24711) width 27: "\x{E41}\x{E25}\x{E49}\x{E27}"
      text run at (0,24733) width 20: "\x{E41}\x{E15}\x{E48}"
      text run at (0,24755) width 18: "\x{E0A}\x{E31}\x{E48}\x{E27}"
      text run at (0,24777) width 18: "\x{E04}\x{E23}\x{E39}\x{E48}"
      text run at (0,24799) width 24: "\x{E40}\x{E18}\x{E2D}"
      text run at (0,24821) width 10: "\x{E01}\x{E47}"
      text run at (0,24843) width 26: "\x{E40}\x{E2B}\x{E47}\x{E19}"
      text run at (0,24865) width 11: "\x{E2B}\x{E39}"
      text run at (0,24887) width 27: "\x{E02}\x{E2D}\x{E07}"
      text run at (0,24909) width 20: "\x{E21}\x{E31}\x{E19}"
      text run at (0,24931) width 28: "\x{E42}\x{E1C}\x{E25}\x{E48}"
      text run at (0,24953) width 20: "\x{E02}\x{E36}\x{E49}\x{E19}"
      text run at (0,24975) width 19: "\x{E21}\x{E32}"
      text run at (0,24997) width 27: "\x{E08}\x{E32}\x{E01}"
      text run at (0,25019) width 27: "\x{E0A}\x{E48}\x{E2D}\x{E07}"
      text run at (0,25041) width 20: "\x{E19}\x{E31}\x{E49}\x{E19}"
      text run at (0,25063) width 18: "\x{E17}\x{E31}\x{E49}\x{E07}"
      text run at (0,25085) width 10: "\x{E19}\x{E35}\x{E49}"
      text run at (0,25107) width 39: "\x{E40}\x{E1E}\x{E23}\x{E32}\x{E30}"
      text run at (0,25129) width 25: "\x{E41}\x{E23}\x{E07}"
      text run at (0,25151) width 20: "\x{E01}\x{E14}"
      text run at (0,25173) width 35: "\x{E2D}\x{E22}\x{E48}\x{E32}\x{E07}"
      text run at (0,25195) width 30: "\x{E2B}\x{E19}\x{E31}\x{E01}"
      text run at (0,25217) width 27: "\x{E02}\x{E2D}\x{E07}"
      text run at (0,25239) width 46: "\x{E2D}\x{E32}\x{E01}\x{E32}\x{E28}"
      text run at (0,25261) width 19: "\x{E17}\x{E33}"
      text run at (0,25283) width 19: "\x{E43}\x{E2B}\x{E49}"
      text run at (0,25305) width 19: "\x{E42}\x{E15}"
      text run at (0,25327) width 19: "\x{E42}\x{E15}\x{E49}"
      text run at (0,25349) width 17: "\x{E44}\x{E21}\x{E48}"
      text run at (0,25371) width 37: "\x{E15}\x{E01}\x{E25}\x{E07}"
      text run at (0,25393) width 18: "\x{E44}\x{E1B}"
      text run at (0,25415) width 25: "\x{E02}\x{E49}\x{E32}\x{E07}"
      text run at (0,25437) width 26: "\x{E25}\x{E48}\x{E32}\x{E07}"
      text run at (0,25459) width 19: "\x{E42}\x{E14}"
      text run at (0,25481) width 25: "\x{E42}\x{E23}\x{E18}\x{E35}"
      text run at (0,25503) width 38: "\x{E04}\x{E25}\x{E32}\x{E19}"
      text run at (0,25525) width 18: "\x{E44}\x{E1B}"
      text run at (0,25547) width 11: "\x{E17}\x{E35}\x{E48}"
      text run at (0,25569) width 27: "\x{E0A}\x{E48}\x{E2D}\x{E07}"
      text run at (0,25591) width 20: "\x{E19}\x{E31}\x{E49}\x{E19}"
      text run at (0,25613) width 19: "\x{E08}\x{E31}\x{E1A}"
      text run at (0,25635) width 11: "\x{E2B}\x{E39}"
      text run at (0,25657) width 19: "\x{E42}\x{E15}"
      text run at (0,25679) width 19: "\x{E42}\x{E15}\x{E49}"
      text run at (0,25701) width 15: "\x{E44}\x{E27}\x{E49}"
      text run at (0,25723) width 17: "\x{E44}\x{E14}\x{E49}"
      text run at (0,25745) width 26: "\x{E41}\x{E25}\x{E30}"
      text run at (0,25767) width 28: "\x{E25}\x{E32}\x{E01}"
      text run at (0,25789) width 20: "\x{E21}\x{E31}\x{E19}"
      text run at (0,25811) width 19: "\x{E21}\x{E32}"
      text run at (0,25833) width 11: "\x{E17}\x{E35}\x{E48}"
      text run at (0,25855) width 27: "\x{E2B}\x{E49}\x{E2D}\x{E07}"
      text run at (0,25877) width 19: "\x{E2D}\x{E35}\x{E01}"
      text run at (0,25899) width 28: "\x{E2B}\x{E25}\x{E31}\x{E07}"
      text run at (0,25921) width 27: "\x{E08}\x{E32}\x{E01}"
      text run at (0,25943) width 20: "\x{E19}\x{E31}\x{E49}\x{E19}"
      text run at (0,25965) width 10: "\x{E01}\x{E47}"
      text run at (0,25987) width 21: "\x{E1B}\x{E34}\x{E14}"
      text run at (0,26009) width 18: "\x{E1D}\x{E32}"
      text run at (0,26031) width 21: "\x{E1E}\x{E37}\x{E49}\x{E19}"
      text run at (0,26053) width 26: "\x{E40}\x{E1E}\x{E37}\x{E48}\x{E2D}"
      text run at (0,26075) width 16: "\x{E08}\x{E30}"
      text run at (0,26097) width 17: "\x{E44}\x{E14}\x{E49}"
      text run at (0,26119) width 17: "\x{E44}\x{E21}\x{E48}"
      text run at (0,26141) width 25: "\x{E40}\x{E01}\x{E34}\x{E14}"
      text run at (0,26163) width 55: "\x{E2D}\x{E38}\x{E1A}\x{E31}\x{E15}\x{E34}\x{E40}\x{E2B}\x{E15}\x{E38}"
      text run at (0,26185) width 19: "\x{E2D}\x{E35}\x{E01}"
      text run at (0,26207) width 44: "\x{E0A}\x{E31}\x{E48}\x{E27}\x{E42}\x{E21}\x{E07}"
      text run at (0,26229) width 27: "\x{E41}\x{E25}\x{E49}\x{E27}"
      text run at (0,26251) width 44: "\x{E0A}\x{E31}\x{E48}\x{E27}\x{E42}\x{E21}\x{E07}"
      text run at (0,26273) width 23: "\x{E40}\x{E25}\x{E48}\x{E32}"
      text run at (0,26295) width 28: "\x{E1C}\x{E48}\x{E32}\x{E19}"
      text run at (0,26317) width 18: "\x{E44}\x{E1B}"
      text run at (0,26339) width 19: "\x{E42}\x{E14}"
      text run at (0,26361) width 25: "\x{E42}\x{E23}\x{E18}\x{E35}"
      text run at (0,26383) width 30: "\x{E04}\x{E48}\x{E2D}\x{E22}"
      text run at (0,26405) width 10: "\x{E46}"
      text run at (0,26427) width 28: "\x{E2B}\x{E32}\x{E22}"
      text run at (0,26449) width 28: "\x{E01}\x{E25}\x{E31}\x{E27}"
      text run at (0,26471) width 20: "\x{E41}\x{E15}\x{E48}"
      text run at (0,26493) width 24: "\x{E40}\x{E18}\x{E2D}"
      text run at (0,26515) width 27: "\x{E23}\x{E39}\x{E49}\x{E2A}\x{E36}\x{E01}"
      text run at (0,26537) width 31: "\x{E40}\x{E2B}\x{E07}\x{E32}"
      text run at (0,26559) width 34: "\x{E40}\x{E2B}\x{E25}\x{E37}\x{E2D}"
      text run at (0,26581) width 25: "\x{E40}\x{E01}\x{E34}\x{E19}"
      text run at (0,26603) width 26: "\x{E41}\x{E25}\x{E30}"
      text run at (0,26625) width 20: "\x{E25}\x{E21}"
      text run at (0,26647) width 10: "\x{E01}\x{E47}"
      text run at (0,26669) width 18: "\x{E2A}\x{E48}\x{E07}"
      text run at (0,26691) width 32: "\x{E40}\x{E2A}\x{E35}\x{E22}\x{E07}"
      text run at (0,26713) width 29: "\x{E2B}\x{E27}\x{E35}\x{E14}"
      text run at (0,26735) width 28: "\x{E2B}\x{E27}\x{E37}\x{E2D}"
      text run at (0,26757) width 18: "\x{E14}\x{E31}\x{E07}"
      text run at (0,26779) width 25: "\x{E40}\x{E2A}\x{E35}\x{E22}"
      text run at (0,26801) width 19: "\x{E08}\x{E19}"
      text run at (0,26823) width 24: "\x{E40}\x{E18}\x{E2D}"
      text run at (0,26845) width 30: "\x{E41}\x{E17}\x{E1A}"
      text run at (0,26867) width 16: "\x{E08}\x{E30}"
      text run at (0,26889) width 11: "\x{E2B}\x{E39}"
      text run at (0,26911) width 38: "\x{E2B}\x{E19}\x{E27}\x{E01}"
      text run at (0,26933) width 11: "\x{E17}\x{E35}"
      text run at (0,26955) width 27: "\x{E41}\x{E23}\x{E01}"
      text run at (0,26977) width 24: "\x{E40}\x{E18}\x{E2D}"
      text run at (0,26999) width 37: "\x{E2A}\x{E07}\x{E2A}\x{E31}\x{E22}"
      text run at (0,27021) width 17: "\x{E27}\x{E48}\x{E32}"
      text run at (0,27043) width 18: "\x{E04}\x{E07}"
      text run at (0,27065) width 16: "\x{E08}\x{E30}"
      text run at (0,27087) width 20: "\x{E16}\x{E39}\x{E01}"
      text run at (0,27109) width 20: "\x{E09}\x{E35}\x{E01}"
      text run at (0,27131) width 52: "\x{E01}\x{E23}\x{E30}\x{E0A}\x{E32}\x{E01}"
      text run at (0,27153) width 29: "\x{E2D}\x{E2D}\x{E01}"
      text run at (0,27175) width 26: "\x{E40}\x{E1B}\x{E47}\x{E19}"
      text run at (0,27197) width 20: "\x{E0A}\x{E34}\x{E49}\x{E19}"
      text run at (0,27219) width 24: "\x{E40}\x{E25}\x{E47}\x{E01}"
      text run at (0,27241) width 20: "\x{E0A}\x{E34}\x{E49}\x{E19}"
      text run at (0,27263) width 29: "\x{E19}\x{E49}\x{E2D}\x{E22}"
      text run at (0,27285) width 25: "\x{E40}\x{E21}\x{E37}\x{E48}\x{E2D}"
      text run at (0,27307) width 29: "\x{E1A}\x{E49}\x{E32}\x{E19}"
      text run at (0,27329) width 25: "\x{E40}\x{E2D}\x{E19}"
      text run at (0,27351) width 20: "\x{E25}\x{E49}\x{E21}"
      text run at (0,27373) width 17: "\x{E25}\x{E07}"
      text run at (0,27395) width 19: "\x{E2D}\x{E35}\x{E01}"
      text run at (0,27417) width 26: "\x{E04}\x{E23}\x{E31}\x{E49}\x{E07}"
      text run at (0,27439) width 20: "\x{E41}\x{E15}\x{E48}"
      text run at (0,27461) width 38: "\x{E2B}\x{E25}\x{E32}\x{E22}"
      text run at (0,27483) width 44: "\x{E0A}\x{E31}\x{E48}\x{E27}\x{E42}\x{E21}\x{E07}"
      text run at (0,27505) width 28: "\x{E1C}\x{E48}\x{E32}\x{E19}"
      text run at (0,27527) width 18: "\x{E44}\x{E1B}"
      text run at (0,27549) width 10: "\x{E01}\x{E47}"
      text run at (0,27571) width 17: "\x{E44}\x{E21}\x{E48}"
      text run at (0,27593) width 11: "\x{E21}\x{E35}"
      text run at (0,27615) width 31: "\x{E2D}\x{E30}\x{E44}\x{E23}"
      text run at (0,27637) width 25: "\x{E40}\x{E01}\x{E34}\x{E14}"
      text run at (0,27659) width 20: "\x{E02}\x{E36}\x{E49}\x{E19}"
      text run at (0,27681) width 24: "\x{E40}\x{E18}\x{E2D}"
      text run at (0,27703) width 25: "\x{E40}\x{E25}\x{E22}"
      text run at (0,27725) width 24: "\x{E40}\x{E25}\x{E34}\x{E01}"
      text run at (0,27747) width 28: "\x{E27}\x{E34}\x{E15}\x{E01}"
      text run at (0,27769) width 26: "\x{E41}\x{E25}\x{E30}"
      text run at (0,27791) width 40: "\x{E15}\x{E31}\x{E14}\x{E2A}\x{E34}\x{E19}"
      text run at (0,27813) width 18: "\x{E43}\x{E08}"
      text run at (0,27835) width 30: "\x{E04}\x{E2D}\x{E22}"
      text run at (0,27857) width 11: "\x{E14}\x{E39}"
      text run at (0,27879) width 35: "\x{E2D}\x{E22}\x{E48}\x{E32}\x{E07}"
      text run at (0,27901) width 28: "\x{E2A}\x{E07}\x{E1A}"
      text run at (0,27923) width 26: "\x{E41}\x{E25}\x{E30}"
      text run at (0,27945) width 17: "\x{E23}\x{E2D}"
      text run at (0,27967) width 17: "\x{E27}\x{E48}\x{E32}"
      text run at (0,27989) width 48: "\x{E2D}\x{E19}\x{E32}\x{E04}\x{E15}"
      text run at (0,28011) width 16: "\x{E08}\x{E30}"
      text run at (0,28033) width 26: "\x{E40}\x{E1B}\x{E47}\x{E19}"
      text run at (0,28055) width 50: "\x{E2D}\x{E22}\x{E48}\x{E32}\x{E07}\x{E44}\x{E23}"
      text run at (0,28077) width 19: "\x{E43}\x{E19}"
      text run at (0,28099) width 11: "\x{E17}\x{E35}\x{E48}"
      text run at (0,28121) width 20: "\x{E2A}\x{E38}\x{E14}"
      text run at (0,28143) width 24: "\x{E40}\x{E18}\x{E2D}"
      text run at (0,28165) width 38: "\x{E04}\x{E25}\x{E32}\x{E19}"
      text run at (0,28187) width 27: "\x{E08}\x{E32}\x{E01}"
      text run at (0,28209) width 21: "\x{E1E}\x{E37}\x{E49}\x{E19}"
      text run at (0,28231) width 27: "\x{E2B}\x{E49}\x{E2D}\x{E07}"
      text run at (0,28253) width 11: "\x{E17}\x{E35}\x{E48}"
      text run at (0,28275) width 28: "\x{E42}\x{E22}\x{E01}"
      text run at (0,28297) width 18: "\x{E44}\x{E1B}"
      text run at (0,28319) width 19: "\x{E21}\x{E32}"
      text run at (0,28341) width 20: "\x{E02}\x{E36}\x{E49}\x{E19}"
      text run at (0,28363) width 18: "\x{E44}\x{E1B}"
      text run at (0,28385) width 21: "\x{E1A}\x{E19}"
      text run at (0,28407) width 33: "\x{E40}\x{E15}\x{E35}\x{E22}\x{E07}"
      text run at (0,28429) width 27: "\x{E41}\x{E25}\x{E49}\x{E27}"
      text run at (0,28451) width 10: "\x{E01}\x{E47}"
      text run at (0,28473) width 30: "\x{E19}\x{E2D}\x{E19}"
      text run at (0,28495) width 17: "\x{E25}\x{E07}"
      text run at (0,28517) width 19: "\x{E42}\x{E15}"
      text run at (0,28539) width 19: "\x{E42}\x{E15}\x{E49}"
      text run at (0,28561) width 29: "\x{E15}\x{E32}\x{E21}"
      text run at (0,28583) width 21: "\x{E15}\x{E34}\x{E14}"
      text run at (0,28605) width 19: "\x{E21}\x{E32}"
      text run at (0,28627) width 30: "\x{E19}\x{E2D}\x{E19}"
      text run at (0,28649) width 17: "\x{E25}\x{E07}"
      text run at (0,28671) width 28: "\x{E43}\x{E01}\x{E25}\x{E49}"
      text run at (0,28693) width 10: "\x{E46}"
      text run at (0,28715) width 24: "\x{E40}\x{E18}\x{E2D}"
      text run at (0,28737) width 17: "\x{E44}\x{E21}\x{E48}"
      text run at (0,28759) width 18: "\x{E0A}\x{E49}\x{E32}"
      text run at (0,28781) width 19: "\x{E42}\x{E14}"
      text run at (0,28803) width 25: "\x{E42}\x{E23}\x{E18}\x{E35}"
      text run at (0,28825) width 10: "\x{E01}\x{E47}"
      text run at (0,28847) width 21: "\x{E1B}\x{E34}\x{E14}"
      text run at (0,28869) width 19: "\x{E15}\x{E32}"
      text run at (0,28891) width 17: "\x{E25}\x{E07}"
      text run at (0,28913) width 30: "\x{E2B}\x{E25}\x{E31}\x{E1A}"
      text run at (0,28935) width 38: "\x{E1C}\x{E25}\x{E47}\x{E2D}\x{E22}"
      text run at (0,28957) width 18: "\x{E44}\x{E1B}"
      text run at (0,28979) width 35: "\x{E2D}\x{E22}\x{E48}\x{E32}\x{E07}"
      text run at (0,29001) width 30: "\x{E2A}\x{E19}\x{E34}\x{E17}"
      text run at (0,29023) width 18: "\x{E17}\x{E31}\x{E49}\x{E07}"
      text run at (0,29045) width 10: "\x{E46}"
      text run at (0,29067) width 11: "\x{E17}\x{E35}\x{E48}"
      text run at (0,29089) width 29: "\x{E1A}\x{E49}\x{E32}\x{E19}"
      text run at (0,29111) width 28: "\x{E42}\x{E22}\x{E01}"
      text run at (0,29133) width 18: "\x{E44}\x{E1B}"
      text run at (0,29155) width 19: "\x{E21}\x{E32}"
      text run at (0,29177) width 26: "\x{E41}\x{E25}\x{E30}"
      text run at (0,29199) width 20: "\x{E25}\x{E21}"
      text run at (0,29221) width 10: "\x{E01}\x{E47}"
      text run at (0,29243) width 34: "\x{E04}\x{E23}\x{E32}\x{E07}"
      text run at (0,29265) width 29: "\x{E2B}\x{E27}\x{E35}\x{E14}"
      text run at (0,29287) width 28: "\x{E2B}\x{E27}\x{E37}\x{E2D}"
