layer at (0,0) size 785x1116
  RenderView at (0,0) size 785x600
layer at (0,0) size 785x1116
  RenderBlock {HTML} at (0,0) size 785x1116
    RenderBody {BODY} at (8,8) size 769x1100
      RenderBlock (anonymous) at (0,0) size 769x80
        RenderText {#text} at (0,0) size 352x16
          text run at (0,0) width 352: "This test was provided by open-source contributors on "
        RenderInline {A} at (0,0) size 56x16 [color=#0000EE]
          RenderText {#text} at (351,0) size 56x16
            text run at (351,0) width 56: "Bugzilla"
        RenderText {#text} at (406,0) size 757x64
          text run at (406,0) width 328: ". Currently, the \"Browser rendering\" results are not"
          text run at (0,16) width 757: "expected to match the \"Correct output sample\" results. In fact, I do not entirely agree with all of the given test cases in"
          text run at (0,32) width 744: "terms of their expected results, nor do I think that the browser should yet be expected to match all of the cases in the"
          text run at (0,48) width 189: "different languages, but I am "
          text run at (188,48) width 294: "(at least temporarily) adding the test anyway. "
        RenderBR {BR} at (481,60) size 1x0
        RenderBR {BR} at (0,64) size 0x16
      RenderTable {TABLE} at (0,80) size 769x340
        RenderBlock {CAPTION} at (0,0) size 769x16
          RenderText {#text} at (344,0) size 81x16
            text run at (344,0) width 81: "Input source"
        RenderTableSection {TBODY} at (0,16) size 769x324
          RenderTableRow {TR} at (0,2) size 769x52
            RenderTableCell {TH} at (2,18) size 52x20 [bgcolor=#F8F8F8] [border: (1px solid #EEEEEE)] [r=0 c=0 rs=1 cs=1]
              RenderText {#text} at (2,2) size 48x16
                text run at (2,2) width 48: "generic"
            RenderTableCell {TD} at (56,2) size 711x52 [border: (1px solid #EEEEEE)] [r=0 c=1 rs=1 cs=1]
              RenderText {#text} at (2,2) size 689x48
                text run at (2,2) width 689: "lip\x{AD}smackin\x{AD}thirst\x{AD}quenchin\x{AD}acetastin\x{AD}motivatin\x{AD}good\x{AD}buzzin\x{AD}cool\x{AD}talkin\x{AD}high\x{AD}walkin\x{AD}fast\x{AD}livin\x{AD}ever\x{AD}givin\x{AD}cool\x{AD}fizzin\x{AD}lip\x{AD}" + hyphen string "-"
                text run at (2,18) width 672: "smackin\x{AD}thirst\x{AD}quenchin\x{AD}acetastin\x{AD}motivatin\x{AD}good\x{AD}buzzin\x{AD}cool\x{AD}talkin\x{AD}high\x{AD}walkin\x{AD}fast\x{AD}livin\x{AD}ever\x{AD}givin\x{AD}cool\x{AD}fizzin\x{AD}lip\x{AD}" + hyphen string "-"
                text run at (2,34) width 650: "smackin\x{AD}thirst\x{AD}quenchin\x{AD}acetastin\x{AD}motivatin\x{AD}good\x{AD}buzzin\x{AD}cool\x{AD}talkin\x{AD}high\x{AD}walkin\x{AD}fast\x{AD}livin\x{AD}ever\x{AD}givin\x{AD}cool\x{AD}fizzin"
          RenderTableRow {TR} at (0,56) size 769x20
            RenderTableCell {TH} at (2,56) size 52x20 [bgcolor=#F8F8F8] [border: (1px solid #EEEEEE)] [r=1 c=0 rs=1 cs=1]
              RenderText {#text} at (18,2) size 16x16
                text run at (18,2) width 16: "cy"
            RenderTableCell {TD} at (56,56) size 711x20 [border: (1px solid #EEEEEE)] [r=1 c=1 rs=1 cs=1]
              RenderText {#text} at (2,2) size 24x16
                text run at (2,2) width 24: "\x{175}yl"
          RenderTableRow {TR} at (0,78) size 769x23
            RenderTableCell {TH} at (2,79) size 52x20 [bgcolor=#F8F8F8] [border: (1px solid #EEEEEE)] [r=2 c=0 rs=1 cs=1]
              RenderText {#text} at (20,2) size 12x16
                text run at (20,2) width 12: "el"
            RenderTableCell {TD} at (56,78) size 711x23 [border: (1px solid #EEEEEE)] [r=2 c=1 rs=1 cs=1]
              RenderText {#text} at (2,5) size 223x16
                text run at (2,5) width 223: "\x{3B3}\x{3B5}\x{3C9}\x{3B3}\x{3C1}\x{3B1}\x{3C6}\x{3B9}\x{3BA}\x{3AC}\x{2010}\x{3C3}\x{3C5}\x{3C3}\x{3C7}\x{3B5}\x{3C4}\x{3B9}\x{3C3}\x{3BC}\x{3AD}\x{3BD}\x{3B5}\x{3C2} \x{3AE}\x{3C4}\x{3B1}"
          RenderTableRow {TR} at (0,103) size 769x58
            RenderTableCell {TH} at (2,122) size 52x20 [bgcolor=#F8F8F8] [border: (1px solid #EEEEEE)] [r=3 c=0 rs=1 cs=1]
              RenderText {#text} at (18,2) size 16x16
                text run at (18,2) width 16: "en"
            RenderTableCell {TD} at (56,103) size 711x58 [border: (1px solid #EEEEEE)] [r=3 c=1 rs=1 cs=1]
              RenderText {#text} at (2,5) size 437x16
                text run at (2,5) width 437: "'cept nut'in safari\x{2019}s \x{2018}sure\x{2019} nai\x{308}ve r\x{E9}sum\x{E9}\x{2014}h\x{E1}c\x{30C}ek full\x{2010}time one-to-one"
              RenderBR {BR} at (438,17) size 1x0
              RenderText {#text} at (2,24) size 317x16
                text run at (2,24) width 317: "\"newcastle\x{2011}upon\x{2011}tyne\" washington\x{2011}on\x{2011}the\x{2011}brazos"
              RenderBR {BR} at (318,36) size 1x0
              RenderInline {SPAN} at (0,0) size 32x16
                RenderText {#text} at (2,40) size 32x16
                  text run at (2,40) width 32: "earth"
              RenderText {#text} at (33,40) size 76x16
                text run at (33,40) width 76: "quake earth"
              RenderInline {SPAN} at (0,0) size 38x16
                RenderText {#text} at (108,40) size 38x16
                  text run at (108,40) width 38: "worm"
              RenderText {#text} at (145,40) size 5x16
                text run at (145,40) width 5: " "
              RenderInline {SPAN} at (0,0) size 44x16
                RenderText {#text} at (149,40) size 44x16
                  text run at (149,40) width 44: "cheese"
              RenderInline {SPAN} at (0,0) size 42x16
                RenderText {#text} at (192,40) size 42x16
                  text run at (192,40) width 42: "burger"
              RenderText {#text} at (233,40) size 120x16
                text run at (233,40) width 120: " [house] ~six -big-"
          RenderTableRow {TR} at (0,163) size 769x20
            RenderTableCell {TH} at (2,163) size 52x20 [bgcolor=#F8F8F8] [border: (1px solid #EEEEEE)] [r=4 c=0 rs=1 cs=1]
              RenderText {#text} at (19,2) size 14x16
                text run at (19,2) width 14: "es"
            RenderTableCell {TD} at (56,163) size 711x20 [border: (1px solid #EEEEEE)] [r=4 c=1 rs=1 cs=1]
              RenderText {#text} at (2,2) size 65x16
                text run at (2,2) width 65: "\x{A1}jalape\x{F1}o!"
          RenderTableRow {TR} at (0,185) size 769x24
            RenderTableCell {TH} at (2,187) size 52x20 [bgcolor=#F8F8F8] [border: (1px solid #EEEEEE)] [r=5 c=0 rs=1 cs=1]
              RenderText {#text} at (20,2) size 12x16
                text run at (20,2) width 12: "fr"
            RenderTableCell {TD} at (56,185) size 711x24 [border: (1px solid #EEEEEE)] [r=5 c=1 rs=1 cs=1]
              RenderText {#text} at (2,6) size 211x16
                text run at (2,6) width 211: "quelqu'un l\x{2019}amour t'appelles\x{2011}tu 3"
              RenderInline {SUP} at (0,0) size 23x13
                RenderText {#text} at (212,2) size 23x13
                  text run at (212,2) width 23: "eme"
          RenderTableRow {TR} at (0,211) size 769x23
            RenderTableCell {TH} at (2,212) size 52x20 [bgcolor=#F8F8F8] [border: (1px solid #EEEEEE)] [r=6 c=0 rs=1 cs=1]
              RenderText {#text} at (18,2) size 16x16
                text run at (18,2) width 16: "hu"
            RenderTableCell {TD} at (56,211) size 711x23 [border: (1px solid #EEEEEE)] [r=6 c=1 rs=1 cs=1]
              RenderText {#text} at (2,5) size 110x16
                text run at (2,5) width 110: "11-ei london\x{2011}ban"
          RenderTableRow {TR} at (0,236) size 769x20
            RenderTableCell {TH} at (2,236) size 52x20 [bgcolor=#F8F8F8] [border: (1px solid #EEEEEE)] [r=7 c=0 rs=1 cs=1]
              RenderText {#text} at (19,2) size 14x16
                text run at (19,2) width 14: "nl"
            RenderTableCell {TD} at (56,236) size 711x20 [border: (1px solid #EEEEEE)] [r=7 c=1 rs=1 cs=1]
              RenderText {#text} at (2,2) size 70x16
                text run at (2,2) width 70: "'s ochtends"
          RenderTableRow {TR} at (0,258) size 769x20
            RenderTableCell {TH} at (2,258) size 52x20 [bgcolor=#F8F8F8] [border: (1px solid #EEEEEE)] [r=8 c=0 rs=1 cs=1]
              RenderText {#text} at (19,2) size 14x16
                text run at (19,2) width 14: "pl"
            RenderTableCell {TD} at (56,258) size 711x20 [border: (1px solid #EEEEEE)] [r=8 c=1 rs=1 cs=1]
              RenderText {#text} at (2,2) size 94x16
                text run at (2,2) width 94: "wzi\x{119}\x{142}a bie\x{17C}\x{105}ce"
          RenderTableRow {TR} at (0,280) size 769x20
            RenderTableCell {TH} at (2,280) size 52x20 [bgcolor=#F8F8F8] [border: (1px solid #EEEEEE)] [r=9 c=0 rs=1 cs=1]
              RenderText {#text} at (19,2) size 14x16
                text run at (19,2) width 14: "ru"
            RenderTableCell {TD} at (56,280) size 711x20 [border: (1px solid #EEEEEE)] [r=9 c=1 rs=1 cs=1]
              RenderText {#text} at (2,2) size 194x16
                text run at (2,2) width 194: "\x{43D}\x{44C}\x{44E}-\x{439}\x{43E}\x{440}\x{43A} 1990-\x{445} 14-vii-1789"
          RenderTableRow {TR} at (0,302) size 769x20
            RenderTableCell {TH} at (2,302) size 52x20 [bgcolor=#F8F8F8] [border: (1px solid #EEEEEE)] [r=10 c=0 rs=1 cs=1]
              RenderText {#text} at (17,2) size 18x16
                text run at (17,2) width 18: "tlh"
            RenderTableCell {TD} at (56,302) size 711x20 [border: (1px solid #EEEEEE)] [r=10 c=1 rs=1 cs=1]
              RenderText {#text} at (2,2) size 189x16
                text run at (2,2) width 189: "tlhIngan Hol wa''uy' loghqam"
      RenderTable {TABLE} at (0,420) size 769x340
        RenderBlock {CAPTION} at (0,0) size 769x16
          RenderText {#text} at (313,0) size 143x16
            text run at (313,0) width 143: "Correct output sample"
        RenderTableSection {TBODY} at (0,16) size 769x324
          RenderTableRow {TR} at (0,2) size 769x52
            RenderTableCell {TH} at (2,18) size 52x20 [bgcolor=#F8F8F8] [border: (1px solid #EEEEEE)] [r=0 c=0 rs=1 cs=1]
              RenderText {#text} at (2,2) size 48x16
                text run at (2,2) width 48: "generic"
            RenderTableCell {TD} at (56,2) size 711x52 [border: (1px solid #EEEEEE)] [r=0 c=1 rs=1 cs=1]
              RenderText {#text} at (2,2) size 695x48
                text run at (2,2) width 695: "Lip\x{AD}smackin\x{AD}thirst\x{AD}quenchin\x{AD}acetastin\x{AD}motivatin\x{AD}good\x{AD}buzzin\x{AD}cool\x{AD}talkin\x{AD}high\x{AD}walkin\x{AD}fast\x{AD}livin\x{AD}ever\x{AD}givin\x{AD}cool\x{AD}fizzin\x{AD}lip\x{AD}" + hyphen string "-"
                text run at (2,18) width 672: "smackin\x{AD}thirst\x{AD}quenchin\x{AD}acetastin\x{AD}motivatin\x{AD}good\x{AD}buzzin\x{AD}cool\x{AD}talkin\x{AD}high\x{AD}walkin\x{AD}fast\x{AD}livin\x{AD}ever\x{AD}givin\x{AD}cool\x{AD}fizzin\x{AD}lip\x{AD}" + hyphen string "-"
                text run at (2,34) width 650: "smackin\x{AD}thirst\x{AD}quenchin\x{AD}acetastin\x{AD}motivatin\x{AD}good\x{AD}buzzin\x{AD}cool\x{AD}talkin\x{AD}high\x{AD}walkin\x{AD}fast\x{AD}livin\x{AD}ever\x{AD}givin\x{AD}cool\x{AD}fizzin"
          RenderTableRow {TR} at (0,56) size 769x20
            RenderTableCell {TH} at (2,56) size 52x20 [bgcolor=#F8F8F8] [border: (1px solid #EEEEEE)] [r=1 c=0 rs=1 cs=1]
              RenderText {#text} at (18,2) size 16x16
                text run at (18,2) width 16: "cy"
            RenderTableCell {TD} at (56,56) size 711x20 [border: (1px solid #EEEEEE)] [r=1 c=1 rs=1 cs=1]
              RenderText {#text} at (2,2) size 28x16
                text run at (2,2) width 28: "\x{174}yl"
          RenderTableRow {TR} at (0,78) size 769x23
            RenderTableCell {TH} at (2,79) size 52x20 [bgcolor=#F8F8F8] [border: (1px solid #EEEEEE)] [r=2 c=0 rs=1 cs=1]
              RenderText {#text} at (20,2) size 12x16
                text run at (20,2) width 12: "el"
            RenderTableCell {TD} at (56,78) size 711x23 [border: (1px solid #EEEEEE)] [r=2 c=1 rs=1 cs=1]
              RenderText {#text} at (2,5) size 234x16
                text run at (2,5) width 234: "\x{393}\x{3B5}\x{3C9}\x{3B3}\x{3C1}\x{3B1}\x{3C6}\x{3B9}\x{3BA}\x{3AC}\x{2010}\x{3A3}\x{3C5}\x{3C3}\x{3C7}\x{3B5}\x{3C4}\x{3B9}\x{3C3}\x{3BC}\x{3AD}\x{3BD}\x{3B5}\x{3C2} \x{389}\x{3C4}\x{3B1}"
          RenderTableRow {TR} at (0,103) size 769x58
            RenderTableCell {TH} at (2,122) size 52x20 [bgcolor=#F8F8F8] [border: (1px solid #EEEEEE)] [r=3 c=0 rs=1 cs=1]
              RenderText {#text} at (18,2) size 16x16
                text run at (18,2) width 16: "en"
            RenderTableCell {TD} at (56,103) size 711x58 [border: (1px solid #EEEEEE)] [r=3 c=1 rs=1 cs=1]
              RenderText {#text} at (2,5) size 473x16
                text run at (2,5) width 473: "'Cept Nut'in Safari\x{2019}s \x{2018}Sure\x{2019} Na\x{EF}ve R\x{E9}sum\x{E9}\x{2014}H\x{E1}\x{10D}ek Full\x{2010}time One-to-One"
              RenderBR {BR} at (474,17) size 1x0
              RenderText {#text} at (2,24) size 333x16
                text run at (2,24) width 333: "\"Newcastle-upon-Tyne\" Washington\x{2011}on\x{2011}the\x{2011}Brazos"
              RenderBR {BR} at (334,36) size 1x0
              RenderText {#text} at (2,40) size 369x16
                text run at (2,40) width 369: "Earthquake Earthworm Cheeseburger [House] ~Six -Big-"
          RenderTableRow {TR} at (0,163) size 769x20
            RenderTableCell {TH} at (2,163) size 52x20 [bgcolor=#F8F8F8] [border: (1px solid #EEEEEE)] [r=4 c=0 rs=1 cs=1]
              RenderText {#text} at (19,2) size 14x16
                text run at (19,2) width 14: "es"
            RenderTableCell {TD} at (56,163) size 711x20 [border: (1px solid #EEEEEE)] [r=4 c=1 rs=1 cs=1]
              RenderText {#text} at (2,2) size 67x16
                text run at (2,2) width 67: "\x{A1}Jalape\x{F1}o!"
          RenderTableRow {TR} at (0,185) size 769x24
            RenderTableCell {TH} at (2,187) size 52x20 [bgcolor=#F8F8F8] [border: (1px solid #EEEEEE)] [r=5 c=0 rs=1 cs=1]
              RenderText {#text} at (20,2) size 12x16
                text run at (20,2) width 12: "fr"
            RenderTableCell {TD} at (56,185) size 711x24 [border: (1px solid #EEEEEE)] [r=5 c=1 rs=1 cs=1]
              RenderText {#text} at (2,6) size 229x16
                text run at (2,6) width 229: "Quelqu'un l\x{2019}Amour t'Appelles\x{2011}Tu 3"
              RenderInline {SUP} at (0,0) size 23x13
                RenderText {#text} at (230,2) size 23x13
                  text run at (230,2) width 23: "eme"
          RenderTableRow {TR} at (0,211) size 769x23
            RenderTableCell {TH} at (2,212) size 52x20 [bgcolor=#F8F8F8] [border: (1px solid #EEEEEE)] [r=6 c=0 rs=1 cs=1]
              RenderText {#text} at (18,2) size 16x16
                text run at (18,2) width 16: "hu"
            RenderTableCell {TD} at (56,211) size 711x23 [border: (1px solid #EEEEEE)] [r=6 c=1 rs=1 cs=1]
              RenderText {#text} at (2,5) size 115x16
                text run at (2,5) width 115: "11-ei London\x{2011}ban"
          RenderTableRow {TR} at (0,236) size 769x20
            RenderTableCell {TH} at (2,236) size 52x20 [bgcolor=#F8F8F8] [border: (1px solid #EEEEEE)] [r=7 c=0 rs=1 cs=1]
              RenderText {#text} at (19,2) size 14x16
                text run at (19,2) width 14: "nl"
            RenderTableCell {TD} at (56,236) size 711x20 [border: (1px solid #EEEEEE)] [r=7 c=1 rs=1 cs=1]
              RenderText {#text} at (2,2) size 74x16
                text run at (2,2) width 74: "'s Ochtends"
          RenderTableRow {TR} at (0,258) size 769x20
            RenderTableCell {TH} at (2,258) size 52x20 [bgcolor=#F8F8F8] [border: (1px solid #EEEEEE)] [r=8 c=0 rs=1 cs=1]
              RenderText {#text} at (19,2) size 14x16
                text run at (19,2) width 14: "pl"
            RenderTableCell {TD} at (56,258) size 711x20 [border: (1px solid #EEEEEE)] [r=8 c=1 rs=1 cs=1]
              RenderText {#text} at (2,2) size 100x16
                text run at (2,2) width 100: "Wzi\x{119}\x{142}a Bie\x{17C}\x{105}ce"
          RenderTableRow {TR} at (0,280) size 769x20
            RenderTableCell {TH} at (2,280) size 52x20 [bgcolor=#F8F8F8] [border: (1px solid #EEEEEE)] [r=9 c=0 rs=1 cs=1]
              RenderText {#text} at (19,2) size 14x16
                text run at (19,2) width 14: "ru"
            RenderTableCell {TD} at (56,280) size 711x20 [border: (1px solid #EEEEEE)] [r=9 c=1 rs=1 cs=1]
              RenderText {#text} at (2,2) size 201x16
                text run at (2,2) width 201: "\x{41D}\x{44C}\x{44E}-\x{419}\x{43E}\x{440}\x{43A} 1990-\x{445} 14-vii-1789"
          RenderTableRow {TR} at (0,302) size 769x20
            RenderTableCell {TH} at (2,302) size 52x20 [bgcolor=#F8F8F8] [border: (1px solid #EEEEEE)] [r=10 c=0 rs=1 cs=1]
              RenderText {#text} at (17,2) size 18x16
                text run at (17,2) width 18: "tlh"
            RenderTableCell {TD} at (56,302) size 711x20 [border: (1px solid #EEEEEE)] [r=10 c=1 rs=1 cs=1]
              RenderText {#text} at (2,2) size 189x16
                text run at (2,2) width 189: "tlhIngan Hol wa''uy' loghqam"
      RenderTable {TABLE} at (0,760) size 769x340
        RenderBlock {CAPTION} at (0,0) size 769x16
          RenderText {#text} at (324,0) size 121x16
            text run at (324,0) width 121: "Browser rendering"
        RenderTableSection {TBODY} at (0,16) size 769x324
          RenderTableRow {TR} at (0,2) size 769x52
            RenderTableCell {TH} at (2,18) size 52x20 [bgcolor=#F8F8F8] [border: (1px solid #EEEEEE)] [r=0 c=0 rs=1 cs=1]
              RenderText {#text} at (2,2) size 48x16
                text run at (2,2) width 48: "generic"
            RenderTableCell {TD} at (56,2) size 711x52 [border: (1px solid #EEEEEE)] [r=0 c=1 rs=1 cs=1]
              RenderText {#text} at (2,2) size 695x48
                text run at (2,2) width 695: "Lip\x{AD}smackin\x{AD}thirst\x{AD}quenchin\x{AD}acetastin\x{AD}motivatin\x{AD}good\x{AD}buzzin\x{AD}cool\x{AD}talkin\x{AD}high\x{AD}walkin\x{AD}fast\x{AD}livin\x{AD}ever\x{AD}givin\x{AD}cool\x{AD}fizzin\x{AD}lip\x{AD}" + hyphen string "-"
                text run at (2,18) width 672: "smackin\x{AD}thirst\x{AD}quenchin\x{AD}acetastin\x{AD}motivatin\x{AD}good\x{AD}buzzin\x{AD}cool\x{AD}talkin\x{AD}high\x{AD}walkin\x{AD}fast\x{AD}livin\x{AD}ever\x{AD}givin\x{AD}cool\x{AD}fizzin\x{AD}lip\x{AD}" + hyphen string "-"
                text run at (2,34) width 650: "smackin\x{AD}thirst\x{AD}quenchin\x{AD}acetastin\x{AD}motivatin\x{AD}good\x{AD}buzzin\x{AD}cool\x{AD}talkin\x{AD}high\x{AD}walkin\x{AD}fast\x{AD}livin\x{AD}ever\x{AD}givin\x{AD}cool\x{AD}fizzin"
          RenderTableRow {TR} at (0,56) size 769x20
            RenderTableCell {TH} at (2,56) size 52x20 [bgcolor=#F8F8F8] [border: (1px solid #EEEEEE)] [r=1 c=0 rs=1 cs=1]
              RenderText {#text} at (18,2) size 16x16
                text run at (18,2) width 16: "cy"
            RenderTableCell {TD} at (56,56) size 711x20 [border: (1px solid #EEEEEE)] [r=1 c=1 rs=1 cs=1]
              RenderText {#text} at (2,2) size 28x16
                text run at (2,2) width 28: "\x{174}yl"
          RenderTableRow {TR} at (0,78) size 769x23
            RenderTableCell {TH} at (2,79) size 52x20 [bgcolor=#F8F8F8] [border: (1px solid #EEEEEE)] [r=2 c=0 rs=1 cs=1]
              RenderText {#text} at (20,2) size 12x16
                text run at (20,2) width 12: "el"
            RenderTableCell {TD} at (56,78) size 711x23 [border: (1px solid #EEEEEE)] [r=2 c=1 rs=1 cs=1]
              RenderText {#text} at (2,5) size 234x16
                text run at (2,5) width 234: "\x{393}\x{3B5}\x{3C9}\x{3B3}\x{3C1}\x{3B1}\x{3C6}\x{3B9}\x{3BA}\x{3AC}\x{2010}\x{3A3}\x{3C5}\x{3C3}\x{3C7}\x{3B5}\x{3C4}\x{3B9}\x{3C3}\x{3BC}\x{3AD}\x{3BD}\x{3B5}\x{3C2} \x{389}\x{3C4}\x{3B1}"
          RenderTableRow {TR} at (0,103) size 769x58
            RenderTableCell {TH} at (2,122) size 52x20 [bgcolor=#F8F8F8] [border: (1px solid #EEEEEE)] [r=3 c=0 rs=1 cs=1]
              RenderText {#text} at (18,2) size 16x16
                text run at (18,2) width 16: "en"
            RenderTableCell {TD} at (56,103) size 711x58 [border: (1px solid #EEEEEE)] [r=3 c=1 rs=1 cs=1]
              RenderText {#text} at (2,5) size 481x16
                text run at (2,5) width 481: "'Cept Nut'in Safari\x{2019}s \x{2018}Sure\x{2019} Nai\x{308}ve R\x{E9}sum\x{E9}\x{2014}H\x{E1}c\x{30C}ek Full\x{2010}Time One-To-One"
              RenderBR {BR} at (482,17) size 1x0
              RenderText {#text} at (2,24) size 345x16
                text run at (2,24) width 345: "\"Newcastle\x{2011}Upon\x{2011}Tyne\" Washington\x{2011}On\x{2011}The\x{2011}Brazos"
              RenderBR {BR} at (346,36) size 1x0
              RenderInline {SPAN} at (0,0) size 35x16
                RenderText {#text} at (2,40) size 35x16
                  text run at (2,40) width 35: "Earth"
              RenderText {#text} at (36,40) size 78x16
                text run at (36,40) width 78: "quake Earth"
              RenderInline {SPAN} at (0,0) size 38x16
                RenderText {#text} at (113,40) size 38x16
                  text run at (113,40) width 38: "worm"
              RenderText {#text} at (150,40) size 5x16
                text run at (150,40) width 5: " "
              RenderInline {SPAN} at (0,0) size 48x16
                RenderText {#text} at (154,40) size 48x16
                  text run at (154,40) width 48: "Cheese"
              RenderInline {SPAN} at (0,0) size 42x16
                RenderText {#text} at (201,40) size 42x16
                  text run at (201,40) width 42: "burger"
              RenderText {#text} at (242,40) size 129x16
                text run at (242,40) width 129: " [House] ~Six -Big-"
          RenderTableRow {TR} at (0,163) size 769x20
            RenderTableCell {TH} at (2,163) size 52x20 [bgcolor=#F8F8F8] [border: (1px solid #EEEEEE)] [r=4 c=0 rs=1 cs=1]
              RenderText {#text} at (19,2) size 14x16
                text run at (19,2) width 14: "es"
            RenderTableCell {TD} at (56,163) size 711x20 [border: (1px solid #EEEEEE)] [r=4 c=1 rs=1 cs=1]
              RenderText {#text} at (2,2) size 67x16
                text run at (2,2) width 67: "\x{A1}Jalape\x{F1}o!"
          RenderTableRow {TR} at (0,185) size 769x24
            RenderTableCell {TH} at (2,187) size 52x20 [bgcolor=#F8F8F8] [border: (1px solid #EEEEEE)] [r=5 c=0 rs=1 cs=1]
              RenderText {#text} at (20,2) size 12x16
                text run at (20,2) width 12: "fr"
            RenderTableCell {TD} at (56,185) size 711x24 [border: (1px solid #EEEEEE)] [r=5 c=1 rs=1 cs=1]
              RenderText {#text} at (2,6) size 231x16
                text run at (2,6) width 231: "Quelqu'un L\x{2019}amour T'appelles\x{2011}Tu 3"
              RenderInline {SUP} at (0,0) size 23x13
                RenderText {#text} at (232,2) size 23x13
                  text run at (232,2) width 23: "eme"
          RenderTableRow {TR} at (0,211) size 769x23
            RenderTableCell {TH} at (2,212) size 52x20 [bgcolor=#F8F8F8] [border: (1px solid #EEEEEE)] [r=6 c=0 rs=1 cs=1]
              RenderText {#text} at (18,2) size 16x16
                text run at (18,2) width 16: "hu"
            RenderTableCell {TD} at (56,211) size 711x23 [border: (1px solid #EEEEEE)] [r=6 c=1 rs=1 cs=1]
              RenderText {#text} at (2,5) size 121x16
                text run at (2,5) width 121: "11-Ei London\x{2011}Ban"
          RenderTableRow {TR} at (0,236) size 769x20
            RenderTableCell {TH} at (2,236) size 52x20 [bgcolor=#F8F8F8] [border: (1px solid #EEEEEE)] [r=7 c=0 rs=1 cs=1]
              RenderText {#text} at (19,2) size 14x16
                text run at (19,2) width 14: "nl"
            RenderTableCell {TD} at (56,236) size 711x20 [border: (1px solid #EEEEEE)] [r=7 c=1 rs=1 cs=1]
              RenderText {#text} at (2,2) size 77x16
                text run at (2,2) width 77: "'S Ochtends"
          RenderTableRow {TR} at (0,258) size 769x20
            RenderTableCell {TH} at (2,258) size 52x20 [bgcolor=#F8F8F8] [border: (1px solid #EEEEEE)] [r=8 c=0 rs=1 cs=1]
              RenderText {#text} at (19,2) size 14x16
                text run at (19,2) width 14: "pl"
            RenderTableCell {TD} at (56,258) size 711x20 [border: (1px solid #EEEEEE)] [r=8 c=1 rs=1 cs=1]
              RenderText {#text} at (2,2) size 100x16
                text run at (2,2) width 100: "Wzi\x{119}\x{142}a Bie\x{17C}\x{105}ce"
          RenderTableRow {TR} at (0,280) size 769x20
            RenderTableCell {TH} at (2,280) size 52x20 [bgcolor=#F8F8F8] [border: (1px solid #EEEEEE)] [r=9 c=0 rs=1 cs=1]
              RenderText {#text} at (19,2) size 14x16
                text run at (19,2) width 14: "ru"
            RenderTableCell {TD} at (56,280) size 711x20 [border: (1px solid #EEEEEE)] [r=9 c=1 rs=1 cs=1]
              RenderText {#text} at (2,2) size 208x16
                text run at (2,2) width 208: "\x{41D}\x{44C}\x{44E}-\x{419}\x{43E}\x{440}\x{43A} 1990-\x{425} 14-Vii-1789"
          RenderTableRow {TR} at (0,302) size 769x20
            RenderTableCell {TH} at (2,302) size 52x20 [bgcolor=#F8F8F8] [border: (1px solid #EEEEEE)] [r=10 c=0 rs=1 cs=1]
              RenderText {#text} at (17,2) size 18x16
                text run at (17,2) width 18: "tlh"
            RenderTableCell {TD} at (56,302) size 711x20 [border: (1px solid #EEEEEE)] [r=10 c=1 rs=1 cs=1]
              RenderText {#text} at (2,2) size 207x16
                text run at (2,2) width 207: "TlhIngan Hol Wa''Uy' Loghqam"
