layer at (0,0) size 800x600
  RenderView at (0,0) size 800x600
layer at (0,0) size 800x600
  RenderBlock {HTML} at (0,0) size 800x600
    RenderBody {BODY} at (8,8) size 784x576
      RenderBlock {P} at (0,0) size 784x16
        RenderText {#text} at (0,0) size 608x16
          text run at (0,0) width 479: "Test that the intensity of text-shadow does not depend on the transparency "
          text run at (478,0) width 130: "of the text fill color."
      RenderBlock {DIV} at (0,32) size 784x72
        RenderText {#text} at (0,8) size 29x17
          text run at (0,8) width 29: "A "
        RenderInline {SPAN} at (0,0) size 16x17 [color=#00000000]
          RenderText {#text} at (28,8) size 16x17
            text run at (28,8) width 16: "A"
        RenderText {#text} at (43,8) size 15x17
          text run at (43,8) width 15: " "
        RenderInline {SPAN} at (0,0) size 16x17 [color=#00000019]
          RenderText {#text} at (57,8) size 16x17
            text run at (57,8) width 16: "A"
        RenderText {#text} at (0,0) size 0x0
      RenderBlock {P} at (0,120) size 784x16
        RenderText {#text} at (0,0) size 408x16
          text run at (0,0) width 408: "There should be three identical green squares on the line above."
      RenderBlock {DIV} at (0,152) size 784x72
        RenderText {#text} at (0,8) size 29x17
          text run at (0,8) width 29: "A "
        RenderInline {SPAN} at (0,0) size 16x17 [color=#00000000]
          RenderText {#text} at (28,8) size 16x17
            text run at (28,8) width 16: "A"
        RenderText {#text} at (43,8) size 15x17
          text run at (43,8) width 15: " "
        RenderInline {SPAN} at (0,0) size 16x17 [color=#00000019]
          RenderText {#text} at (57,8) size 16x17
            text run at (57,8) width 16: "A"
        RenderText {#text} at (0,0) size 0x0
      RenderBlock {P} at (0,240) size 784x16
        RenderText {#text} at (0,0) size 479x16
          text run at (0,0) width 479: "There should be three identical soft-edged green squares on the line above."
      RenderBlock {DIV} at (0,272) size 784x72 [textStrokeColor=#0000FF] [textStrokeWidth=5.00]
        RenderText {#text} at (0,8) size 29x17
          text run at (0,8) width 29: "A "
        RenderInline {SPAN} at (0,0) size 16x17 [color=#00000000]
          RenderText {#text} at (28,8) size 16x17
            text run at (28,8) width 16: "A"
        RenderText {#text} at (43,8) size 15x17
          text run at (43,8) width 15: " "
        RenderInline {SPAN} at (0,0) size 16x17 [color=#00000019]
          RenderText {#text} at (57,8) size 16x17
            text run at (57,8) width 16: "A"
        RenderText {#text} at (0,0) size 0x0
      RenderBlock {P} at (0,360) size 784x16
        RenderText {#text} at (0,0) size 408x16
          text run at (0,0) width 408: "There should be three identical green squares on the line above."
