layer at (0,0) size 800x600
  RenderView at (0,0) size 800x600
layer at (0,0) size 800x158
  RenderBlock {HTML} at (0,0) size 800x158
    RenderBody {BODY} at (8,8) size 784x142
      RenderBlock {INPUT} at (4,4) size 12x12
      RenderText {#text} at (20,2) size 4x16
        text run at (20,2) width 4: " "
      RenderBlock {INPUT} at (28,4) size 12x12
      RenderText {#text} at (44,2) size 4x16
        text run at (44,2) width 4: " "
      RenderBR {BR} at (48,2) size 0x16
      RenderBlock {INPUT} at (4,24) size 12x12
      RenderText {#text} at (20,22) size 4x16
        text run at (20,22) width 4: " "
      RenderBlock {INPUT} at (28,24) size 12x12
      RenderText {#text} at (44,22) size 4x16
        text run at (44,22) width 4: " "
      RenderBR {BR} at (48,22) size 0x16
      RenderBlock {INPUT} at (4,44) size 12x12
      RenderText {#text} at (20,42) size 4x16
        text run at (20,42) width 4: " "
      RenderBR {BR} at (24,42) size 0x16
      RenderBlock {INPUT} at (4,64) size 12x12
      RenderText {#text} at (20,62) size 4x16
        text run at (20,62) width 4: " "
      RenderBR {BR} at (24,62) size 0x16
      RenderBlock {INPUT} at (4,84) size 8x12
      RenderText {#text} at (16,82) size 4x16
        text run at (16,82) width 4: " "
      RenderBlock {INPUT} at (24,84) size 16x12
      RenderText {#text} at (44,82) size 4x16
        text run at (44,82) width 4: " "
      RenderBlock {INPUT} at (52,84) size 24x12
      RenderText {#text} at (80,82) size 4x16
        text run at (80,82) width 4: " "
      RenderBR {BR} at (84,82) size 0x16
      RenderBlock {INPUT} at (6,114) size 19x19
      RenderText {#text} at (31,118) size 4x16
        text run at (31,118) width 4: " "
      RenderBlock {INPUT} at (43,108) size 26x26
      RenderText {#text} at (77,118) size 4x16
        text run at (77,118) width 4: " "
      RenderBR {BR} at (81,118) size 0x16
