layer at (0,0) size 800x600
  RenderView at (0,0) size 800x600
layer at (0,0) size 800x547
  RenderBlock {HTML} at (0,0) size 800x547
    RenderBody {BODY} at (8,8) size 784x531
      RenderBlock {DIV} at (10,10) size 202x152 [border: (1px solid #008000)]
      RenderText {#text} at (222,157) size 4x19
        text run at (222,157) width 4: " "
      RenderBlock {DIV} at (236,10) size 202x152 [border: (1px solid #008000)]
      RenderText {#text} at (448,157) size 4x19
        text run at (448,157) width 4: " "
      RenderBlock {DIV} at (462,10) size 202x152 [border: (1px solid #008000)]
      RenderText {#text} at (674,157) size 4x19
        text run at (674,157) width 4: " "
      RenderBR {BR} at (0,0) size 0x0
      RenderBlock {DIV} at (10,187) size 202x152 [border: (1px solid #008000)]
      RenderText {#text} at (222,334) size 4x19
        text run at (222,334) width 4: " "
      RenderBlock {DIV} at (236,187) size 202x152 [border: (1px solid #008000)]
      RenderText {#text} at (448,334) size 4x19
        text run at (448,334) width 4: " "
      RenderBlock {DIV} at (462,187) size 202x152 [border: (1px solid #008000)]
      RenderText {#text} at (674,334) size 4x19
        text run at (674,334) width 4: " "
      RenderBR {BR} at (0,0) size 0x0
      RenderBlock {DIV} at (10,364) size 202x152 [border: (1px solid #008000)]
      RenderText {#text} at (222,511) size 4x19
        text run at (222,511) width 4: " "
      RenderBlock {DIV} at (236,364) size 202x152 [border: (1px solid #008000)]
      RenderText {#text} at (448,511) size 4x19
        text run at (448,511) width 4: " "
      RenderBlock {DIV} at (462,364) size 202x152 [border: (1px solid #008000)]
      RenderText {#text} at (674,511) size 4x19
        text run at (674,511) width 4: " "
      RenderBR {BR} at (0,0) size 0x0
