layer at (0,0) size 785x630
  RenderView at (0,0) size 785x600
layer at (0,0) size 785x630
  RenderBlock {html} at (0,0) size 785x630.19
    RenderBody {body} at (8,8) size 769x599.16
      RenderBlock (anonymous) at (0,0) size 769x54
        RenderText {#text} at (0,0) size 749x53
          text run at (0,0) width 353: "The two blocks should look identical. "
          text run at (352,0) width 397: "One uses an SVG, and the other just uses a"
          text run at (0,27) width 178: "normal HTML div."
      RenderBlock {p} at (0,77.03) size 769x27
        RenderText {#text} at (0,0) size 518x26
          text run at (0,0) width 518: "There should be a red, white and blue pattern below this"
      RenderSVGRoot {svg} at (18,145) size 140x141
        RenderSVGRect {rect} at (38,165) size 100x101 [fill={[type=SOLID] [color=#0000FF]}] [x=0.00] [y=0.00] [width=100.00] [height=100.00]
      RenderBlock {p} at (0,287.06) size 769x27
        RenderText {#text} at (0,0) size 517x26
          text run at (0,0) width 517: "There should be a red, white and blue pattern above this"
      RenderBlock {hr} at (0,337.09) size 769x2 [border: (1px inset #EEEEEE)]
      RenderBlock {p} at (0,362.13) size 769x27
        RenderText {#text} at (0,0) size 518x26
          text run at (0,0) width 518: "There should be a red, white and blue pattern below this"
      RenderBlock (floating) {div} at (10,422.16) size 140x140 [border: (10px solid #FF0000)]
        RenderBlock {div} at (20,20) size 100x100 [bgcolor=#0000FF]
      RenderBlock {p} at (0,572.16) size 769x27
        RenderText {#text} at (0,0) size 517x26
          text run at (0,0) width 517: "There should be a red, white and blue pattern above this"
