layer at (0,0) size 785x692
  RenderView at (0,0) size 785x600
layer at (0,0) size 785x692
  RenderBlock {HTML} at (0,0) size 785x692
    RenderBody {BODY} at (8,8) size 769x676
      RenderBlock {P} at (0,0) size 769x36
        RenderText {#text} at (0,0) size 224x17
          text run at (0,0) width 224: "This page tests the behavior of the "
        RenderInline {TT} at (0,0) size 73x16
          RenderText {#text} at (223,2) size 73x16
            text run at (223,2) width 73: "scrolling"
        RenderText {#text} at (295,0) size 82x17
          text run at (295,0) width 82: " attribute on "
        RenderInline {TT} at (0,0) size 65x16
          RenderText {#text} at (376,2) size 65x16
            text run at (376,2) width 65: "<iframe>"
        RenderText {#text} at (440,0) size 745x35
          text run at (440,0) width 305: " elements which contain a page large enough to"
          text run at (0,18) width 125: "need to be scrolled."
      RenderBlock (anonymous) at (0,52) size 769x624
        RenderText {#text} at (204,190) size 4x17
          text run at (204,190) width 4: " "
        RenderText {#text} at (412,190) size 4x17
          text run at (412,190) width 4: " "
        RenderText {#text} at (620,190) size 4x17
          text run at (620,190) width 4: " "
        RenderText {#text} at (204,398) size 4x17
          text run at (204,398) width 4: " "
        RenderText {#text} at (412,398) size 4x17
          text run at (412,398) width 4: " "
        RenderText {#text} at (620,398) size 4x17
          text run at (620,398) width 4: " "
        RenderText {#text} at (204,606) size 4x17
          text run at (204,606) width 4: " "
        RenderText {#text} at (0,0) size 0x0
layer at (8,60) size 204x204
  RenderPartObject {IFRAME} at (0,0) size 204x204 [border: (2px inset #EEEEEE)]
    layer at (0,0) size 408x486
      RenderView at (0,0) size 185x185
    layer at (0,0) size 185x486
      RenderBlock {HTML} at (0,0) size 185x486
        RenderBody {BODY} at (8,8) size 169x470
          RenderBlock {P} at (0,0) size 169x54
            RenderText {#text} at (0,0) size 165x53
              text run at (0,0) width 165: "This page is large enough"
              text run at (0,18) width 165: "to need to be scrolled in a"
              text run at (0,36) width 102: "200x200 frame."
          RenderBlock {DIV} at (0,70) size 400x400 [bgcolor=#0000FF]
layer at (216,60) size 204x204
  RenderPartObject {IFRAME} at (208,0) size 204x204 [border: (2px inset #EEEEEE)]
    layer at (0,0) size 408x486
      RenderView at (0,0) size 185x185
    layer at (0,0) size 185x486
      RenderBlock {HTML} at (0,0) size 185x486
        RenderBody {BODY} at (8,8) size 169x470
          RenderBlock {P} at (0,0) size 169x54
            RenderText {#text} at (0,0) size 165x53
              text run at (0,0) width 165: "This page is large enough"
              text run at (0,18) width 165: "to need to be scrolled in a"
              text run at (0,36) width 102: "200x200 frame."
          RenderBlock {DIV} at (0,70) size 400x400 [bgcolor=#0000FF]
layer at (424,60) size 204x204
  RenderPartObject {IFRAME} at (416,0) size 204x204 [border: (2px inset #EEEEEE)]
    layer at (0,0) size 408x486
      RenderView at (0,0) size 185x185
    layer at (0,0) size 185x486
      RenderBlock {HTML} at (0,0) size 185x486
        RenderBody {BODY} at (8,8) size 169x470
          RenderBlock {P} at (0,0) size 169x54
            RenderText {#text} at (0,0) size 165x53
              text run at (0,0) width 165: "This page is large enough"
              text run at (0,18) width 165: "to need to be scrolled in a"
              text run at (0,36) width 102: "200x200 frame."
          RenderBlock {DIV} at (0,70) size 400x400 [bgcolor=#0000FF]
layer at (8,268) size 204x204
  RenderPartObject {IFRAME} at (0,208) size 204x204 [border: (2px inset #EEEEEE)]
    layer at (0,0) size 408x486
      RenderView at (0,0) size 185x185
    layer at (0,0) size 185x486
      RenderBlock {HTML} at (0,0) size 185x486
        RenderBody {BODY} at (8,8) size 169x470
          RenderBlock {P} at (0,0) size 169x54
            RenderText {#text} at (0,0) size 165x53
              text run at (0,0) width 165: "This page is large enough"
              text run at (0,18) width 165: "to need to be scrolled in a"
              text run at (0,36) width 102: "200x200 frame."
          RenderBlock {DIV} at (0,70) size 400x400 [bgcolor=#0000FF]
layer at (216,268) size 204x204
  RenderPartObject {IFRAME} at (208,208) size 204x204 [border: (2px inset #EEEEEE)]
    layer at (0,0) size 408x486
      RenderView at (0,0) size 185x185
    layer at (0,0) size 185x486
      RenderBlock {HTML} at (0,0) size 185x486
        RenderBody {BODY} at (8,8) size 169x470
          RenderBlock {P} at (0,0) size 169x54
            RenderText {#text} at (0,0) size 165x53
              text run at (0,0) width 165: "This page is large enough"
              text run at (0,18) width 165: "to need to be scrolled in a"
              text run at (0,36) width 102: "200x200 frame."
          RenderBlock {DIV} at (0,70) size 400x400 [bgcolor=#0000FF]
layer at (424,268) size 204x204
  RenderPartObject {IFRAME} at (416,208) size 204x204 [border: (2px inset #EEEEEE)]
    layer at (0,0) size 408x486
      RenderView at (0,0) size 200x200
    layer at (0,0) size 200x486
      RenderBlock {HTML} at (0,0) size 200x486
        RenderBody {BODY} at (8,8) size 184x470
          RenderBlock {P} at (0,0) size 184x54
            RenderText {#text} at (0,0) size 181x53
              text run at (0,0) width 181: "This page is large enough to"
              text run at (0,18) width 148: "need to be scrolled in a"
              text run at (0,36) width 102: "200x200 frame."
          RenderBlock {DIV} at (0,70) size 400x400 [bgcolor=#0000FF]
layer at (8,476) size 204x204
  RenderPartObject {IFRAME} at (0,416) size 204x204 [border: (2px inset #EEEEEE)]
    layer at (0,0) size 408x486
      RenderView at (0,0) size 185x185
    layer at (0,0) size 185x486
      RenderBlock {HTML} at (0,0) size 185x486
        RenderBody {BODY} at (8,8) size 169x470
          RenderBlock {P} at (0,0) size 169x54
            RenderText {#text} at (0,0) size 165x53
              text run at (0,0) width 165: "This page is large enough"
              text run at (0,18) width 165: "to need to be scrolled in a"
              text run at (0,36) width 102: "200x200 frame."
          RenderBlock {DIV} at (0,70) size 400x400 [bgcolor=#0000FF]
layer at (216,476) size 204x204
  RenderPartObject {IFRAME} at (208,416) size 204x204 [border: (2px inset #EEEEEE)]
    layer at (0,0) size 408x486
      RenderView at (0,0) size 185x185
    layer at (0,0) size 185x486
      RenderBlock {HTML} at (0,0) size 185x486
        RenderBody {BODY} at (8,8) size 169x470
          RenderBlock {P} at (0,0) size 169x54
            RenderText {#text} at (0,0) size 165x53
              text run at (0,0) width 165: "This page is large enough"
              text run at (0,18) width 165: "to need to be scrolled in a"
              text run at (0,36) width 102: "200x200 frame."
          RenderBlock {DIV} at (0,70) size 400x400 [bgcolor=#0000FF]
