EDITING DELEGATE: webViewDidChangeSelection:WebViewDidChangeSelectionNotification
EDITING DELEGATE: webViewDidChangeSelection:WebViewDidChangeSelectionNotification
EDITING DELEGATE: webViewDidChange:WebViewDidChangeNotification
EDITING DELEGATE: webViewDidChangeSelection:WebViewDidChangeSelectionNotification
EDITING DELEGATE: webViewDidChangeSelection:WebViewDidChangeSelectionNotification
EDITING DELEGATE: webViewDidChange:WebViewDidChangeNotification
EDITING DELEGATE: webViewDidChangeSelection:WebViewDidChangeSelectionNotification
EDITING DELEGATE: webViewDidChange:WebViewDidChangeNotification
EDITING DELEGATE: webViewDidChangeSelection:WebViewDidChangeSelectionNotification
EDITING DELEGATE: webViewDidChange:WebViewDidChangeNotification
EDITING DELEGATE: webViewDidChangeSelection:WebViewDidChangeSelectionNotification
EDITING DELEGATE: webViewDidChange:WebViewDidChangeNotification
layer at (0,0) size 800x600
  RenderView at (0,0) size 800x600
layer at (0,0) size 800x600
  RenderBlock {HTML} at (0,0) size 800x600
    RenderBody {BODY} at (8,8) size 784x584
      RenderBlock {DIV} at (0,0) size 784x16
        RenderText {#text} at (0,0) size 780x16
          text run at (0,0) width 780: "You should see 'a' on the first line below, and 'zz a' on the second line. 'zz' (and only 'zz') should be marked as misspelled."
      RenderBlock {DIV} at (0,16) size 784x76 [border: (2px solid #FF0000)]
        RenderBlock (anonymous) at (14,14) size 756x24
          RenderInline {SPAN} at (0,0) size 11x24
            RenderText {#text} at (0,0) size 11x24
              text run at (0,0) width 11: "a"
        RenderBlock {DIV} at (14,38) size 756x24
          RenderInline {SPAN} at (0,0) size 38x24
            RenderText {#text} at (0,0) size 38x24
              text run at (0,0) width 38: "zz a"
          RenderText {#text} at (0,0) size 0x0
caret: position 3 of child 0 {#text} of child 0 {SPAN} of child 2 {DIV} of child 3 {DIV} of body
