layer at (0,0) size 800x600
  RenderView at (0,0) size 800x600
layer at (0,0) size 800x600
  RenderBlock {HTML} at (0,0) size 800x600
    RenderBody {BODY} at (8,8) size 784x584
      RenderBlock (anonymous) at (0,0) size 784x20
        RenderText {#text} at (0,0) size 4x19
          text run at (0,0) width 4: " "
      RenderTable {TABLE} at (0,20) size 65x58 [border: (1px outset #808080)]
        RenderTableSection {TBODY} at (1,1) size 63x56
          RenderTableRow {TR} at (0,2) size 63x12
            RenderTableCell {TD} at (2,3) size 59x24 [border: (1px inset #808080)] [r=0 c=0 rs=2 cs=1]
              RenderText {#text} at (2,2) size 55x19
                text run at (2,2) width 55: "First row"
          RenderTableRow {TR} at (0,16) size 63x12
          RenderTableRow {TR} at (0,30) size 63x24
            RenderTableCell {TD} at (2,30) size 59x24 [border: (1px inset #808080)] [r=2 c=0 rs=1 cs=1]
              RenderText {#text} at (2,2) size 54x19
                text run at (2,2) width 54: "Last row"
      RenderBlock (anonymous) at (0,78) size 784x20
        RenderText {#text} at (0,0) size 8x19
          text run at (0,0) width 8: "  "
      RenderTable {TABLE} at (0,98) size 65x60 [border: (1px outset #808080)]
        RenderTableSection {TBODY} at (1,1) size 63x58
          RenderTableRow {TR} at (0,2) size 63x8
            RenderTableCell {TD} at (2,4) size 59x24 [border: (1px inset #808080)] [r=0 c=0 rs=3 cs=1]
              RenderText {#text} at (2,2) size 55x19
                text run at (2,2) width 55: "First row"
          RenderTableRow {TR} at (0,12) size 63x8
          RenderTableRow {TR} at (0,22) size 63x8
          RenderTableRow {TR} at (0,32) size 63x24
            RenderTableCell {TD} at (2,32) size 59x24 [border: (1px inset #808080)] [r=3 c=0 rs=1 cs=1]
              RenderText {#text} at (2,2) size 54x19
                text run at (2,2) width 54: "Last row"
      RenderBlock (anonymous) at (0,158) size 784x20
        RenderText {#text} at (0,0) size 12x19
          text run at (0,0) width 12: "   "
      RenderTable {TABLE} at (0,178) size 65x62 [border: (1px outset #808080)]
        RenderTableSection {TBODY} at (1,1) size 63x60
          RenderTableRow {TR} at (0,2) size 63x6
            RenderTableCell {TD} at (2,5) size 59x24 [border: (1px inset #808080)] [r=0 c=0 rs=4 cs=1]
              RenderText {#text} at (2,2) size 55x19
                text run at (2,2) width 55: "First row"
          RenderTableRow {TR} at (0,10) size 63x6
          RenderTableRow {TR} at (0,18) size 63x6
          RenderTableRow {TR} at (0,26) size 63x6
          RenderTableRow {TR} at (0,34) size 63x24
            RenderTableCell {TD} at (2,34) size 59x24 [border: (1px inset #808080)] [r=4 c=0 rs=1 cs=1]
              RenderText {#text} at (2,2) size 54x19
                text run at (2,2) width 54: "Last row"
      RenderBlock (anonymous) at (0,240) size 784x40
        RenderBR {BR} at (0,0) size 0x19
        RenderText {#text} at (0,20) size 101x19
          text run at (0,20) width 101: "an additional test"
      RenderTable {TABLE} at (0,280) size 32x58 [border: (1px outset #808080)]
        RenderTableSection {TBODY} at (1,1) size 30x56
          RenderTableRow {TR} at (0,2) size 30x12
            RenderTableCell {TD} at (2,3) size 26x24 [border: (1px inset #808080)] [r=0 c=0 rs=2 cs=1]
              RenderText {#text} at (2,2) size 8x19
                text run at (2,2) width 8: "1"
          RenderTableRow {TR} at (0,16) size 30x12
          RenderTableRow {TR} at (0,30) size 30x24
            RenderTableCell {TD} at (2,30) size 26x24 [border: (1px inset #808080)] [r=2 c=0 rs=1 cs=1]
              RenderText {#text} at (2,2) size 22x19
                text run at (2,2) width 22: "abc"
