layer at (0,0) size 800x600
  RenderView at (0,0) size 800x600
layer at (0,0) size 800x74
  RenderBlock {HTML} at (0,0) size 800x74
    RenderBody {BODY} at (8,8) size 784x50
      RenderBlock {FORM} at (0,0) size 784x18
        RenderFileUploadControl {INPUT} at (0,0) size 237x18 "2 files"
          RenderButton {INPUT} at (0,0) size 83.17x18 [bgcolor=#C0C0C0]
            RenderBlock (anonymous) at (8,2.50) size 67.17x13
              RenderText {#text} at (0,0) size 68x13
                text run at (0,0) width 68: "Choose Files"
        RenderText {#text} at (0,0) size 0x0
      RenderBlock {P} at (0,34) size 784x16
        RenderText {#text} at (0,0) size 451x16
          text run at (0,0) width 451: "The file upload control above should have text '2 files,' not a filename."
