layer at (0,0) size 808x600
  RenderView at (0,0) size 800x600
layer at (0,0) size 800x600
  RenderBlock {HTML} at (0,0) size 800x600
    RenderBody {BODY} at (8,8) size 784x576
      RenderBlock {DIV} at (0,0) size 784x104 [border: (3px solid #FFA500)]
        RenderBlock (floating) {DIV} at (11,11) size 122x122 [bgcolor=#FFA500] [border: (3px solid #FFA500)]
        RenderListItem {DIV} at (11,11) size 762x82 [border: (3px solid #FFA500)]
          RenderListItem {DIV} at (11,11) size 740x60 [border: (3px solid #FFA500)]
            RenderListItem {DIV} at (11,11) size 718x38 [border: (3px solid #FFA500)]
              RenderListMarker at (105,11) size 6x16: bullet
              RenderListMarker at (105,11) size 6x16: bullet
              RenderListMarker at (105,11) size 6x16: bullet
              RenderText {#text} at (132,11) size 90x16
                text run at (132,11) width 90: "List item text."
      RenderBlock {UL} at (0,120) size 784x120
        RenderListItem {LI} at (40,0) size 744x120 [border: (2px solid #FF0000)]
          RenderListMarker at (754,52) size 6x16: bullet
          RenderText {#text} at (52,52) size 504x16
            text run at (52,52) width 504: "Foo fofodfosjlkdf dslkdjlk asdlksjald djklsd klasjdkas sdajd lsadjkl asjdlksajdk"
