layer at (0,0) size 800x600
  RenderView at (0,0) size 800x600
layer at (0,0) size 800x600
  RenderBlock {HTML} at (0,0) size 800x600
    RenderBody {BODY} at (8,8) size 784x576
      RenderBlock {DIV} at (0,0) size 784x32
        RenderBlock {UL} at (0,0) size 784x32
          RenderListItem {LI} at (40,0) size 744x16
            RenderListMarker at (-16,0) size 6x16: bullet
            RenderInline {A} at (0,0) size 40x16 [color=#0000EE]
              RenderText {#text} at (704,0) size 40x16
                text run at (704,0) width 40: "Home"
          RenderListItem {LI} at (40,16) size 744x16
            RenderListMarker at (-16,0) size 6x16: bullet
            RenderInline {A} at (0,0) size 58x16 [color=#0000EE]
              RenderText {#text} at (686,0) size 58x16
                text run at (686,0) width 58: "Archives"
      RenderBlock {P} at (0,48) size 784x32
        RenderText {#text} at (0,0) size 755x32
          text run at (0,0) width 553: "This test case illustrates the correct positioning of list item bullets according to CSS3. "
          text run at (552,0) width 203: "The bullets should be on the far"
          text run at (0,16) width 316: "left, with the text of the list items on the far right."
