layer at (0,0) size 800x600
  RenderView at (0,0) size 800x600
layer at (0,0) size 416x600
  RenderBlock {HTML} at (0,0) size 416x600
    RenderBody {BODY} at (16,8) size 272x584
      RenderBlock (floating) {DIV} at (0,0) size 400x350.39
        RenderBlock {P} at (16,0) size 64x350.39
          RenderText {#text} at (0,0) size 32x331
            text run at (0,0) width 331: "This test case illustrates incorrect positioning of list"
            text run at (16,0) width 95: "items within a "
          RenderInline {CODE} at (0,0) size 13x134
            RenderText {#text} at (17,94) size 13x134
              text run at (17,94) width 133: "text-align: right"
          RenderText {#text} at (16,227) size 16x74
            text run at (16,227) width 73: " div after a "
          RenderInline {CODE} at (0,0) size 29x347
            RenderText {#text} at (17,300) size 29x347
              text run at (17,300) width 47: "float:"
              text run at (33,0) width 32: "left"
          RenderText {#text} at (32,31) size 16x33
            text run at (32,31) width 33: " div. "
          RenderInline {A} at (0,0) size 16x197 [color=#0000EE]
            RenderText {#text} at (32,63) size 16x197
              text run at (32,63) width 196: "Screenshot of correct behavior"
          RenderText {#text} at (32,259) size 16x10
            text run at (32,259) width 9: "; "
          RenderInline {A} at (0,0) size 32x336 [color=#0000EE]
            RenderText {#text} at (32,268) size 32x336
              text run at (32,268) width 68: "screenshot"
              text run at (48,0) width 56: "of Safari"
          RenderText {#text} at (48,55) size 16x5
            text run at (48,55) width 4: "."
        RenderBlock {P} at (96,0) size 48x350.39
          RenderText {#text} at (0,0) size 32x309
            text run at (0,0) width 309: "This bug only occurs on pages with a standards-"
            text run at (16,0) width 150: "compliant DOCTYPE. "
          RenderInline {A} at (0,0) size 32x334 [color=#0000EE]
            RenderText {#text} at (16,149) size 32x334
              text run at (16,149) width 184: "View this test case without a"
              text run at (32,0) width 74: "DOCTYPE"
          RenderText {#text} at (32,73) size 16x5
            text run at (32,73) width 4: "."
        RenderBlock {OL} at (160,0) size 224x350.39
          RenderListItem {LI} at (0,40) size 32x310.39
            RenderListMarker at (0,-20) size 16x16: "1"
            RenderText {#text} at (0,0) size 32x304
              text run at (0,0) width 160: "New larger PowerBook. "
              text run at (0,159) width 145: "Still 1 GHz, but with a"
              text run at (16,0) width 146: "17-inch screen. $3299."
          RenderListItem {LI} at (32,40) size 32x310.39
            RenderListMarker at (0,-20) size 16x16: "2"
            RenderText {#text} at (0,0) size 32x311
              text run at (0,0) width 311: "New smaller PowerBook, with a 12-inch screen."
              text run at (16,0) width 44: "$1799."
          RenderListItem {LI} at (64,40) size 80x310.39
            RenderListMarker at (0,-20) size 16x16: "3"
            RenderText {#text} at (0,0) size 16x95
              text run at (0,0) width 95: "New browser: "
            RenderInline {A} at (0,0) size 16x39 [color=#0000EE]
              RenderText {#text} at (0,94) size 16x39
                text run at (0,94) width 39: "Safari"
            RenderText {#text} at (0,132) size 16x73
              text run at (0,132) width 8: ". "
              text run at (0,140) width 64: "Engine is "
            RenderInline {A} at (0,0) size 16x78 [color=#0000EE]
              RenderText {#text} at (0,204) size 16x78
                text run at (0,204) width 77: "open source"
            RenderText {#text} at (0,281) size 16x17
              text run at (0,281) width 17: " (a"
            RenderInline {A} at (0,0) size 16x109 [color=#0000EE]
              RenderText {#text} at (16,0) size 16x109
                text run at (16,0) width 109: "modified version"
            RenderText {#text} at (16,108) size 16x23
              text run at (16,108) width 22: " of "
            RenderInline {A} at (0,0) size 16x58 [color=#0000EE]
              RenderText {#text} at (16,130) size 16x58
                text run at (16,130) width 57: "KHTML"
            RenderText {#text} at (16,187) size 64x305
              text run at (16,187) width 78: "), rest of the"
              text run at (32,0) width 305: "application is free but not open source (just like"
              text run at (48,0) width 58: "the OS). "
              text run at (48,57) width 124: "Only runs on 10.2. "
              text run at (48,180) width 122: "Currently in public"
              text run at (64,0) width 31: "beta."
          RenderListItem {LI} at (144,40) size 32x310.39
            RenderListMarker at (0,-20) size 16x16: "4"
            RenderText {#text} at (0,0) size 32x268
              text run at (0,0) width 243: "New presentation software: Keynote. "
              text run at (0,242) width 25: "The"
              text run at (16,0) width 163: "software Steve Jobs uses."
          RenderListItem {LI} at (176,40) size 32x310.39
            RenderListMarker at (0,-20) size 16x16: "5"
            RenderText {#text} at (0,0) size 16x109
              text run at (0,0) width 109: "New versions of "
            RenderInline {A} at (0,0) size 16x48 [color=#0000EE]
              RenderText {#text} at (0,108) size 16x48
                text run at (0,108) width 47: "iMovie"
            RenderText {#text} at (0,155) size 16x9
              text run at (0,155) width 8: ", "
            RenderInline {A} at (0,0) size 16x42 [color=#0000EE]
              RenderText {#text} at (0,163) size 16x42
                text run at (0,163) width 42: "iPhoto"
            RenderText {#text} at (0,204) size 16x9
              text run at (0,204) width 8: ", "
            RenderInline {A} at (0,0) size 16x45 [color=#0000EE]
              RenderText {#text} at (0,212) size 16x45
                text run at (0,212) width 44: "iTunes"
            RenderText {#text} at (0,256) size 32x261
              text run at (0,256) width 4: "."
              text run at (16,0) width 169: "Bundled into a box called "
            RenderInline {A} at (0,0) size 16x32 [color=#0000EE]
              RenderText {#text} at (16,168) size 16x32
                text run at (16,168) width 32: "iLife"
            RenderText {#text} at (16,199) size 16x60
              text run at (16,199) width 59: ", for $49."
          RenderListItem {LI} at (208,40) size 16x310.39
            RenderListMarker at (0,-20) size 16x16: "6"
            RenderInline {A} at (0,0) size 16x115 [color=#0000EE]
              RenderText {#text} at (0,0) size 16x115
                text run at (0,0) width 115: "Final Cut Express"
            RenderText {#text} at (0,114) size 16x168
              text run at (0,114) width 132: " for creating DVDs. "
              text run at (0,245) width 36: "$299."
      RenderBlock {DIV} at (0,0) size 272x584
        RenderBlock {UL} at (0,0) size 128x584
          RenderListItem {LI} at (0,40) size 16x544
            RenderListMarker at (0,294.39) size 16x6: bullet
            RenderInline {A} at (0,0) size 16x40 [color=#0000EE]
              RenderText {#text} at (0,504) size 16x40
                text run at (0,504) width 40: "About"
          RenderListItem {LI} at (16,40) size 16x544
            RenderListMarker at (0,294.39) size 16x6: bullet
            RenderInline {A} at (0,0) size 16x57 [color=#0000EE]
              RenderText {#text} at (0,487) size 16x57
                text run at (0,487) width 57: "Site map"
          RenderListItem {LI} at (32,40) size 16x544
            RenderListMarker at (0,294.39) size 16x6: bullet
            RenderInline {A} at (0,0) size 16x58 [color=#0000EE]
              RenderText {#text} at (0,486) size 16x58
                text run at (0,486) width 58: "Archives"
          RenderListItem {LI} at (48,40) size 16x544
            RenderListMarker at (0,294.39) size 16x6: bullet
            RenderInline {A} at (0,0) size 16x52 [color=#0000EE]
              RenderText {#text} at (0,492) size 16x52
                text run at (0,492) width 52: "Projects"
          RenderListItem {LI} at (64,40) size 16x544
            RenderListMarker at (0,294.39) size 16x6: bullet
            RenderInline {A} at (0,0) size 16x44 [color=#0000EE]
              RenderText {#text} at (0,500) size 16x44
                text run at (0,500) width 44: "Photos"
          RenderListItem {LI} at (80,40) size 16x544
            RenderListMarker at (0,294.39) size 16x6: bullet
            RenderInline {A} at (0,0) size 16x58 [color=#0000EE]
              RenderText {#text} at (0,486) size 16x58
                text run at (0,486) width 58: "Statistics"
          RenderListItem {LI} at (96,40) size 16x544
            RenderListMarker at (0,294.39) size 16x6: bullet
            RenderInline {A} at (0,0) size 16x149 [color=#0000EE]
              RenderText {#text} at (0,395) size 16x149
                text run at (0,395) width 149: "Accessibility statement"
          RenderListItem {LI} at (112,40) size 16x544
            RenderListMarker at (0,294.39) size 16x6: bullet
            RenderInline {A} at (0,0) size 16x29 [color=#0000EE]
              RenderText {#text} at (0,430) size 16x29
                text run at (0,430) width 29: "RSS"
            RenderText {#text} at (0,458) size 16x11
              text run at (0,458) width 10: " ("
            RenderInline {A} at (0,0) size 16x71 [color=#0000EE]
              RenderText {#text} at (0,468) size 16x71
                text run at (0,468) width 71: "more feeds"
            RenderText {#text} at (0,538) size 16x6
              text run at (0,538) width 6: ")"
        RenderBlock {UL} at (144,0) size 16x584
          RenderListItem {LI} at (0,40) size 16x544
            RenderListMarker at (0,294.39) size 16x6: bullet
            RenderInline {A} at (0,0) size 16x89 [color=#0000EE]
              RenderText {#text} at (0,455) size 16x89
                text run at (0,455) width 89: "What is RSS?"
        RenderBlock {UL} at (176,0) size 96x584
          RenderListItem {LI} at (0,40) size 16x544
            RenderListMarker at (0,294.39) size 16x6: bullet
            RenderInline {A} at (0,0) size 16x93 [color=#0000EE]
              RenderText {#text} at (0,451) size 16x93
                text run at (0,451) width 93: "RSS Validator"
          RenderListItem {LI} at (16,40) size 16x544
            RenderListMarker at (0,294.39) size 16x6: bullet
            RenderInline {A} at (0,0) size 16x149 [color=#0000EE]
              RenderText {#text} at (0,395) size 16x149
                text run at (0,395) width 149: "Dive Into Accessibility"
          RenderListItem {LI} at (32,40) size 16x544
            RenderListMarker at (0,294.39) size 16x6: bullet
            RenderInline {A} at (0,0) size 16x101 [color=#0000EE]
              RenderText {#text} at (0,443) size 16x101
                text run at (0,443) width 101: "Dive Into OS X"
          RenderListItem {LI} at (48,40) size 16x544
            RenderListMarker at (0,294.39) size 16x6: bullet
            RenderInline {A} at (0,0) size 16x99 [color=#0000EE]
              RenderText {#text} at (0,445) size 16x99
                text run at (0,445) width 99: "Dive Into J2EE"
          RenderListItem {LI} at (64,40) size 16x544
            RenderListMarker at (0,294.39) size 16x6: bullet
            RenderInline {A} at (0,0) size 16x111 [color=#0000EE]
              RenderText {#text} at (0,433) size 16x111
                text run at (0,433) width 111: "Dive Into Python"
          RenderListItem {LI} at (80,40) size 16x544
            RenderListMarker at (0,294.39) size 16x6: bullet
            RenderInline {A} at (0,0) size 16x47 [color=#0000EE]
              RenderText {#text} at (0,497) size 16x47
                text run at (0,497) width 47: "r\x{E9}sum\x{E9}"
