layer at (0,0) size 800x600
  RenderView at (0,0) size 800x600
layer at (0,0) size 800x600
  RenderBlock {HTML} at (0,0) size 800x600
    RenderBody {BODY} at (8,8) size 776x584
      RenderBlock {UL} at (0,0) size 48x584
        RenderListItem {LI} at (0,40) size 16x544
          RenderListMarker at (0,-16) size 16x6: bullet
        RenderListItem {LI} at (16,40) size 16x544
          RenderListMarker at (0,-16) size 16x6: bullet
        RenderListItem {LI} at (32,40) size 16x544
          RenderListMarker at (0,-16) size 16x6: bullet
          RenderText {#text} at (0,0) size 16x328
            text run at (0,0) width 328: "There should be two bullets with no text above me."
