layer at (0,0) size 785x1712
  RenderView at (0,0) size 785x600
layer at (0,0) size 785x1712
  RenderBlock {HTML} at (0,0) size 785x1712
    RenderBody {BODY} at (8,8) size 769x1688
      RenderBlock {UL} at (0,0) size 189.50x126 [border: (1px solid #0000FF)]
        RenderListItem {LI} at (41,1) size 147.50x36 [border: (5px solid #FFA500)]
          RenderListMarker at (-16,10) size 6x16: bullet
          RenderText {#text} at (10,10) size 62x16
            text run at (10,10) width 62: "First item"
        RenderListItem {LI} at (41,37) size 147.50x52 [border: (5px solid #FFA500)]
          RenderListMarker at (-16,10) size 6x16: bullet
          RenderText {#text} at (10,10) size 107x32
            text run at (10,10) width 107: "Second and very"
            text run at (10,26) width 94: "very long item"
        RenderListItem {LI} at (41,89) size 147.50x36 [border: (5px solid #FFA500)]
          RenderListMarker at (-16,10) size 6x16: bullet
          RenderText {#text} at (10,10) size 68x16
            text run at (10,10) width 68: "Third item"
      RenderBlock {UL} at (0,142) size 189.50x126 [border: (1px solid #FF0000)]
        RenderListItem {LI} at (1,1) size 147.50x36 [border: (5px solid #FFA500)]
          RenderListMarker at (157.50,10) size 6x16: bullet
          RenderText {#text} at (75,10) size 63x16
            text run at (75,10) width 63: "First item"
        RenderListItem {LI} at (1,37) size 147.50x52 [border: (5px solid #FFA500)]
          RenderListMarker at (157.50,10) size 6x16: bullet
          RenderText {#text} at (30,10) size 108x32
            text run at (30,10) width 108: "Second and very"
            text run at (44,26) width 94: "very long item"
        RenderListItem {LI} at (1,89) size 147.50x36 [border: (5px solid #FFA500)]
          RenderListMarker at (157.50,10) size 6x16: bullet
          RenderText {#text} at (69,10) size 69x16
            text run at (69,10) width 69: "Third item"
      RenderBlock {UL} at (0,284) size 189.50x126 [border: (1px solid #0000FF)]
        RenderListItem {LI} at (41,1) size 147.50x36 [border: (5px solid #FFA500)]
          RenderListMarker at (9,10) size 6x16: bullet
          RenderText {#text} at (22,10) size 62x16
            text run at (22,10) width 62: "First item"
        RenderListItem {LI} at (41,37) size 147.50x52 [border: (5px solid #FFA500)]
          RenderListMarker at (9,10) size 6x16: bullet
          RenderText {#text} at (22,10) size 119x32
            text run at (22,10) width 107: "Second and very"
            text run at (10,26) width 94: "very long item"
        RenderListItem {LI} at (41,89) size 147.50x36 [border: (5px solid #FFA500)]
          RenderListMarker at (9,10) size 6x16: bullet
          RenderText {#text} at (22,10) size 68x16
            text run at (22,10) width 68: "Third item"
      RenderBlock {UL} at (0,426) size 189.50x126 [border: (1px solid #FF0000)]
        RenderListItem {LI} at (1,1) size 147.50x36 [border: (5px solid #FFA500)]
          RenderListMarker at (132.50,10) size 6x16: bullet
          RenderText {#text} at (63,10) size 63x16
            text run at (63,10) width 63: "First item"
        RenderListItem {LI} at (1,37) size 147.50x52 [border: (5px solid #FFA500)]
          RenderListMarker at (132.50,10) size 6x16: bullet
          RenderText {#text} at (18,10) size 120x32
            text run at (18,10) width 108: "Second and very"
            text run at (44,26) width 94: "very long item"
        RenderListItem {LI} at (1,89) size 147.50x36 [border: (5px solid #FFA500)]
          RenderListMarker at (132.50,10) size 6x16: bullet
          RenderText {#text} at (57,10) size 69x16
            text run at (57,10) width 69: "Third item"
      RenderBlock {UL} at (0,568) size 189.50x126 [border: (1px solid #0000FF)]
        RenderListItem {LI} at (41,1) size 147.50x36 [border: (5px solid #FFA500)]
          RenderListMarker at (-17,12) size 10x10
          RenderText {#text} at (10,10) size 62x16
            text run at (10,10) width 62: "First item"
        RenderListItem {LI} at (41,37) size 147.50x52 [border: (5px solid #FFA500)]
          RenderListMarker at (-17,12) size 10x10
          RenderText {#text} at (10,10) size 107x32
            text run at (10,10) width 107: "Second and very"
            text run at (10,26) width 94: "very long item"
        RenderListItem {LI} at (41,89) size 147.50x36 [border: (5px solid #FFA500)]
          RenderListMarker at (-17,12) size 10x10
          RenderText {#text} at (10,10) size 68x16
            text run at (10,10) width 68: "Third item"
      RenderBlock {UL} at (0,710) size 189.50x126 [border: (1px solid #FF0000)]
        RenderListItem {LI} at (1,1) size 147.50x36 [border: (5px solid #FFA500)]
          RenderListMarker at (154.50,12) size 10x10
          RenderText {#text} at (75,10) size 63x16
            text run at (75,10) width 63: "First item"
        RenderListItem {LI} at (1,37) size 147.50x52 [border: (5px solid #FFA500)]
          RenderListMarker at (154.50,12) size 10x10
          RenderText {#text} at (30,10) size 108x32
            text run at (30,10) width 108: "Second and very"
            text run at (44,26) width 94: "very long item"
        RenderListItem {LI} at (1,89) size 147.50x36 [border: (5px solid #FFA500)]
          RenderListMarker at (154.50,12) size 10x10
          RenderText {#text} at (69,10) size 69x16
            text run at (69,10) width 69: "Third item"
      RenderBlock {UL} at (0,852) size 189.50x126 [border: (1px solid #0000FF)]
        RenderListItem {LI} at (41,1) size 147.50x36 [border: (5px solid #FFA500)]
          RenderListMarker at (10,12) size 10x10
          RenderText {#text} at (27,10) size 62x16
            text run at (27,10) width 62: "First item"
        RenderListItem {LI} at (41,37) size 147.50x52 [border: (5px solid #FFA500)]
          RenderListMarker at (10,12) size 10x10
          RenderText {#text} at (27,10) size 124x32
            text run at (27,10) width 107: "Second and very"
            text run at (10,26) width 94: "very long item"
        RenderListItem {LI} at (41,89) size 147.50x36 [border: (5px solid #FFA500)]
          RenderListMarker at (10,12) size 10x10
          RenderText {#text} at (27,10) size 68x16
            text run at (27,10) width 68: "Third item"
      RenderBlock {UL} at (0,994) size 189.50x126 [border: (1px solid #FF0000)]
        RenderListItem {LI} at (1,1) size 147.50x36 [border: (5px solid #FFA500)]
          RenderListMarker at (127.50,12) size 10x10
          RenderText {#text} at (58,10) size 63x16
            text run at (58,10) width 63: "First item"
        RenderListItem {LI} at (1,37) size 147.50x52 [border: (5px solid #FFA500)]
          RenderListMarker at (127.50,12) size 10x10
          RenderText {#text} at (13,10) size 125x32
            text run at (13,10) width 108: "Second and very"
            text run at (44,26) width 94: "very long item"
        RenderListItem {LI} at (1,89) size 147.50x36 [border: (5px solid #FFA500)]
          RenderListMarker at (127.50,12) size 10x10
          RenderText {#text} at (52,10) size 69x16
            text run at (52,10) width 69: "Third item"
      RenderBlock {OL} at (0,1136) size 189.50x126 [border: (1px solid #0000FF)]
        RenderListItem {LI} at (41,1) size 147.50x36 [border: (5px solid #FFA500)]
          RenderListMarker at (-20,10) size 16x16: "1"
          RenderText {#text} at (10,10) size 62x16
            text run at (10,10) width 62: "First item"
        RenderListItem {LI} at (41,37) size 147.50x52 [border: (5px solid #FFA500)]
          RenderListMarker at (-20,10) size 16x16: "2"
          RenderText {#text} at (10,10) size 107x32
            text run at (10,10) width 107: "Second and very"
            text run at (10,26) width 94: "very long item"
        RenderListItem {LI} at (41,89) size 147.50x36 [border: (5px solid #FFA500)]
          RenderListMarker at (-20,10) size 16x16: "3"
          RenderText {#text} at (10,10) size 68x16
            text run at (10,10) width 68: "Third item"
      RenderBlock {OL} at (0,1278) size 189.50x126 [border: (1px solid #FF0000)]
        RenderListItem {LI} at (1,1) size 147.50x36 [border: (5px solid #FFA500)]
          RenderListMarker at (151.50,10) size 16x16: "1"
          RenderText {#text} at (75,10) size 63x16
            text run at (75,10) width 63: "First item"
        RenderListItem {LI} at (1,37) size 147.50x52 [border: (5px solid #FFA500)]
          RenderListMarker at (151.50,10) size 16x16: "2"
          RenderText {#text} at (30,10) size 108x32
            text run at (30,10) width 108: "Second and very"
            text run at (44,26) width 94: "very long item"
        RenderListItem {LI} at (1,89) size 147.50x36 [border: (5px solid #FFA500)]
          RenderListMarker at (151.50,10) size 16x16: "3"
          RenderText {#text} at (69,10) size 69x16
            text run at (69,10) width 69: "Third item"
      RenderBlock {OL} at (0,1420) size 189.50x126 [border: (1px solid #0000FF)]
        RenderListItem {LI} at (41,1) size 147.50x36 [border: (5px solid #FFA500)]
          RenderListMarker at (10,10) size 16x16: "1"
          RenderText {#text} at (26,10) size 62x16
            text run at (26,10) width 62: "First item"
        RenderListItem {LI} at (41,37) size 147.50x52 [border: (5px solid #FFA500)]
          RenderListMarker at (10,10) size 16x16: "2"
          RenderText {#text} at (26,10) size 123x32
            text run at (26,10) width 107: "Second and very"
            text run at (10,26) width 94: "very long item"
        RenderListItem {LI} at (41,89) size 147.50x36 [border: (5px solid #FFA500)]
          RenderListMarker at (10,10) size 16x16: "3"
          RenderText {#text} at (26,10) size 68x16
            text run at (26,10) width 68: "Third item"
      RenderBlock {OL} at (0,1562) size 189.50x126 [border: (1px solid #FF0000)]
        RenderListItem {LI} at (1,1) size 147.50x36 [border: (5px solid #FFA500)]
          RenderListMarker at (121.50,10) size 16x16: "1"
          RenderText {#text} at (59,10) size 63x16
            text run at (59,10) width 63: "First item"
        RenderListItem {LI} at (1,37) size 147.50x52 [border: (5px solid #FFA500)]
          RenderListMarker at (121.50,10) size 16x16: "2"
          RenderText {#text} at (14,10) size 124x32
            text run at (14,10) width 108: "Second and very"
            text run at (44,26) width 94: "very long item"
        RenderListItem {LI} at (1,89) size 147.50x36 [border: (5px solid #FFA500)]
          RenderListMarker at (121.50,10) size 16x16: "3"
          RenderText {#text} at (53,10) size 69x16
            text run at (53,10) width 69: "Third item"
