layer at (0,0) size 1712x600
  RenderView at (0,0) size 800x600
layer at (0,0) size 1712x600
  RenderBlock {HTML} at (0,0) size 1712x600
    RenderBody {BODY} at (8,8) size 1688x584
      RenderBlock {UL} at (0,0) size 126x189.50 [border: (1px solid #0000FF)]
        RenderListItem {LI} at (1,41) size 36x147.50 [border: (5px solid #FFA500)]
          RenderListMarker at (10,-16) size 16x6: bullet
          RenderText {#text} at (10,10) size 16x62
            text run at (10,10) width 62: "First item"
        RenderListItem {LI} at (37,41) size 52x147.50 [border: (5px solid #FFA500)]
          RenderListMarker at (10,-16) size 16x6: bullet
          RenderText {#text} at (10,10) size 32x107
            text run at (10,10) width 107: "Second and very"
            text run at (26,10) width 94: "very long item"
        RenderListItem {LI} at (89,41) size 36x147.50 [border: (5px solid #FFA500)]
          RenderListMarker at (10,-16) size 16x6: bullet
          RenderText {#text} at (10,10) size 16x68
            text run at (10,10) width 68: "Third item"
      RenderBlock {UL} at (142,0) size 126x189.50 [border: (1px solid #FF0000)]
        RenderListItem {LI} at (1,1) size 36x147.50 [border: (5px solid #FFA500)]
          RenderListMarker at (10,157.50) size 16x6: bullet
          RenderText {#text} at (10,75) size 16x63
            text run at (10,75) width 62: "First item"
        RenderListItem {LI} at (37,1) size 52x147.50 [border: (5px solid #FFA500)]
          RenderListMarker at (10,157.50) size 16x6: bullet
          RenderText {#text} at (10,30) size 32x108
            text run at (10,30) width 107: "Second and very"
            text run at (26,44) width 94: "very long item"
        RenderListItem {LI} at (89,1) size 36x147.50 [border: (5px solid #FFA500)]
          RenderListMarker at (10,157.50) size 16x6: bullet
          RenderText {#text} at (10,69) size 16x69
            text run at (10,69) width 68: "Third item"
      RenderBlock {UL} at (284,0) size 126x189.50 [border: (1px solid #0000FF)]
        RenderListItem {LI} at (1,41) size 36x147.50 [border: (5px solid #FFA500)]
          RenderListMarker at (10,9) size 16x6: bullet
          RenderText {#text} at (10,22) size 16x62
            text run at (10,22) width 62: "First item"
        RenderListItem {LI} at (37,41) size 52x147.50 [border: (5px solid #FFA500)]
          RenderListMarker at (10,9) size 16x6: bullet
          RenderText {#text} at (10,22) size 32x119
            text run at (10,22) width 107: "Second and very"
            text run at (26,10) width 94: "very long item"
        RenderListItem {LI} at (89,41) size 36x147.50 [border: (5px solid #FFA500)]
          RenderListMarker at (10,9) size 16x6: bullet
          RenderText {#text} at (10,22) size 16x68
            text run at (10,22) width 68: "Third item"
      RenderBlock {UL} at (426,0) size 126x189.50 [border: (1px solid #FF0000)]
        RenderListItem {LI} at (1,1) size 36x147.50 [border: (5px solid #FFA500)]
          RenderListMarker at (10,132.50) size 16x6: bullet
          RenderText {#text} at (10,63) size 16x63
            text run at (10,63) width 62: "First item"
        RenderListItem {LI} at (37,1) size 52x147.50 [border: (5px solid #FFA500)]
          RenderListMarker at (10,132.50) size 16x6: bullet
          RenderText {#text} at (10,18) size 32x120
            text run at (10,18) width 107: "Second and very"
            text run at (26,44) width 94: "very long item"
        RenderListItem {LI} at (89,1) size 36x147.50 [border: (5px solid #FFA500)]
          RenderListMarker at (10,132.50) size 16x6: bullet
          RenderText {#text} at (10,57) size 16x69
            text run at (10,57) width 68: "Third item"
      RenderBlock {UL} at (568,0) size 126x189.50 [border: (1px solid #0000FF)]
        RenderListItem {LI} at (1,41) size 36x147.50 [border: (5px solid #FFA500)]
          RenderListMarker at (14,-17) size 10x10
          RenderText {#text} at (10,10) size 16x62
            text run at (10,10) width 62: "First item"
        RenderListItem {LI} at (37,41) size 52x147.50 [border: (5px solid #FFA500)]
          RenderListMarker at (14,-17) size 10x10
          RenderText {#text} at (10,10) size 32x107
            text run at (10,10) width 107: "Second and very"
            text run at (26,10) width 94: "very long item"
        RenderListItem {LI} at (89,41) size 36x147.50 [border: (5px solid #FFA500)]
          RenderListMarker at (14,-17) size 10x10
          RenderText {#text} at (10,10) size 16x68
            text run at (10,10) width 68: "Third item"
      RenderBlock {UL} at (710,0) size 126x189.50 [border: (1px solid #FF0000)]
        RenderListItem {LI} at (1,1) size 36x147.50 [border: (5px solid #FFA500)]
          RenderListMarker at (14,154.50) size 10x10
          RenderText {#text} at (10,75) size 16x63
            text run at (10,75) width 62: "First item"
        RenderListItem {LI} at (37,1) size 52x147.50 [border: (5px solid #FFA500)]
          RenderListMarker at (14,154.50) size 10x10
          RenderText {#text} at (10,30) size 32x108
            text run at (10,30) width 107: "Second and very"
            text run at (26,44) width 94: "very long item"
        RenderListItem {LI} at (89,1) size 36x147.50 [border: (5px solid #FFA500)]
          RenderListMarker at (14,154.50) size 10x10
          RenderText {#text} at (10,69) size 16x69
            text run at (10,69) width 68: "Third item"
      RenderBlock {UL} at (852,0) size 126x189.50 [border: (1px solid #0000FF)]
        RenderListItem {LI} at (1,41) size 36x147.50 [border: (5px solid #FFA500)]
          RenderListMarker at (14,10) size 10x10
          RenderText {#text} at (10,27) size 16x62
            text run at (10,27) width 62: "First item"
        RenderListItem {LI} at (37,41) size 52x147.50 [border: (5px solid #FFA500)]
          RenderListMarker at (14,10) size 10x10
          RenderText {#text} at (10,27) size 32x124
            text run at (10,27) width 107: "Second and very"
            text run at (26,10) width 94: "very long item"
        RenderListItem {LI} at (89,41) size 36x147.50 [border: (5px solid #FFA500)]
          RenderListMarker at (14,10) size 10x10
          RenderText {#text} at (10,27) size 16x68
            text run at (10,27) width 68: "Third item"
      RenderBlock {UL} at (994,0) size 126x189.50 [border: (1px solid #FF0000)]
        RenderListItem {LI} at (1,1) size 36x147.50 [border: (5px solid #FFA500)]
          RenderListMarker at (14,127.50) size 10x10
          RenderText {#text} at (10,58) size 16x63
            text run at (10,58) width 62: "First item"
        RenderListItem {LI} at (37,1) size 52x147.50 [border: (5px solid #FFA500)]
          RenderListMarker at (14,127.50) size 10x10
          RenderText {#text} at (10,13) size 32x125
            text run at (10,13) width 107: "Second and very"
            text run at (26,44) width 94: "very long item"
        RenderListItem {LI} at (89,1) size 36x147.50 [border: (5px solid #FFA500)]
          RenderListMarker at (14,127.50) size 10x10
          RenderText {#text} at (10,52) size 16x69
            text run at (10,52) width 68: "Third item"
      RenderBlock {OL} at (1136,0) size 126x189.50 [border: (1px solid #0000FF)]
        RenderListItem {LI} at (1,41) size 36x147.50 [border: (5px solid #FFA500)]
          RenderListMarker at (10,-20) size 16x16: "1"
          RenderText {#text} at (10,10) size 16x62
            text run at (10,10) width 62: "First item"
        RenderListItem {LI} at (37,41) size 52x147.50 [border: (5px solid #FFA500)]
          RenderListMarker at (10,-20) size 16x16: "2"
          RenderText {#text} at (10,10) size 32x107
            text run at (10,10) width 107: "Second and very"
            text run at (26,10) width 94: "very long item"
        RenderListItem {LI} at (89,41) size 36x147.50 [border: (5px solid #FFA500)]
          RenderListMarker at (10,-20) size 16x16: "3"
          RenderText {#text} at (10,10) size 16x68
            text run at (10,10) width 68: "Third item"
      RenderBlock {OL} at (1278,0) size 126x189.50 [border: (1px solid #FF0000)]
        RenderListItem {LI} at (1,1) size 36x147.50 [border: (5px solid #FFA500)]
          RenderListMarker at (10,151.50) size 16x16: "1"
          RenderText {#text} at (10,75) size 16x63
            text run at (10,75) width 62: "First item"
        RenderListItem {LI} at (37,1) size 52x147.50 [border: (5px solid #FFA500)]
          RenderListMarker at (10,151.50) size 16x16: "2"
          RenderText {#text} at (10,30) size 32x108
            text run at (10,30) width 107: "Second and very"
            text run at (26,44) width 94: "very long item"
        RenderListItem {LI} at (89,1) size 36x147.50 [border: (5px solid #FFA500)]
          RenderListMarker at (10,151.50) size 16x16: "3"
          RenderText {#text} at (10,69) size 16x69
            text run at (10,69) width 68: "Third item"
      RenderBlock {OL} at (1420,0) size 126x189.50 [border: (1px solid #0000FF)]
        RenderListItem {LI} at (1,41) size 36x147.50 [border: (5px solid #FFA500)]
          RenderListMarker at (10,10) size 16x16: "1"
          RenderText {#text} at (10,26) size 16x62
            text run at (10,26) width 62: "First item"
        RenderListItem {LI} at (37,41) size 52x147.50 [border: (5px solid #FFA500)]
          RenderListMarker at (10,10) size 16x16: "2"
          RenderText {#text} at (10,26) size 32x123
            text run at (10,26) width 107: "Second and very"
            text run at (26,10) width 94: "very long item"
        RenderListItem {LI} at (89,41) size 36x147.50 [border: (5px solid #FFA500)]
          RenderListMarker at (10,10) size 16x16: "3"
          RenderText {#text} at (10,26) size 16x68
            text run at (10,26) width 68: "Third item"
      RenderBlock {OL} at (1562,0) size 126x189.50 [border: (1px solid #FF0000)]
        RenderListItem {LI} at (1,1) size 36x147.50 [border: (5px solid #FFA500)]
          RenderListMarker at (10,121.50) size 16x16: "1"
          RenderText {#text} at (10,59) size 16x63
            text run at (10,59) width 62: "First item"
        RenderListItem {LI} at (37,1) size 52x147.50 [border: (5px solid #FFA500)]
          RenderListMarker at (10,121.50) size 16x16: "2"
          RenderText {#text} at (10,14) size 32x124
            text run at (10,14) width 107: "Second and very"
            text run at (26,44) width 94: "very long item"
        RenderListItem {LI} at (89,1) size 36x147.50 [border: (5px solid #FFA500)]
          RenderListMarker at (10,121.50) size 16x16: "3"
          RenderText {#text} at (10,53) size 16x69
            text run at (10,53) width 68: "Third item"
