layer at (0,0) size 800x600
  RenderView at (0,0) size 800x600
layer at (0,0) size 800x600
  RenderBlock {HTML} at (0,0) size 800x600
    RenderBody {BODY} at (8,8) size 784x576
      RenderBlock {P} at (0,0) size 784x32
        RenderText {#text} at (0,0) size 55x16
          text run at (0,0) width 55: "Test for "
        RenderInline {I} at (0,0) size 783x32
          RenderInline {A} at (0,0) size 306x16 [color=#0000EE]
            RenderText {#text} at (54,0) size 306x16
              text run at (54,0) width 306: "http://bugs.webkit.org/show_bug.cgi?id=13157"
          RenderText {#text} at (359,0) size 783x32
            text run at (359,0) width 5: " "
            text run at (363,0) width 420: "List markers positioned incorrectly and don't repaint properly on"
            text run at (0,16) width 116: "Oxford homepage"
        RenderText {#text} at (115,16) size 5x16
          text run at (115,16) width 5: "."
      RenderBlock {P} at (0,48) size 784x16
        RenderText {#text} at (0,0) size 407x16
          text run at (0,0) width 407: "There should be a bullet next to each item on the following list:"
      RenderBlock {UL} at (0,80) size 784x80
        RenderListItem {LI} at (40,0) size 744x16
          RenderListMarker at (-16,0) size 6x16: bullet
          RenderText {#text} at (0,0) size 162x16
            text run at (0,0) width 162: "Prospectuses and courses"
        RenderListItem {LI} at (40,16) size 744x16
          RenderListMarker at (-16,0) size 6x16: bullet
          RenderText {#text} at (0,0) size 171x16
            text run at (0,0) width 171: "Undergraduate admissions"
        RenderListItem {LI} at (40,32) size 744x16
          RenderListMarker at (-16,0) size 6x16: bullet
          RenderText {#text} at (0,0) size 134x16
            text run at (0,0) width 134: "Graduate admissions"
        RenderListItem {LI} at (40,48) size 744x16
          RenderListMarker at (-16,0) size 6x16: bullet
          RenderText {#text} at (0,0) size 139x16
            text run at (0,0) width 139: "Continuing education"
        RenderListItem {LI} at (40,64) size 744x16
          RenderListMarker at (-16,0) size 6x16: bullet
          RenderText {#text} at (0,0) size 96x16
            text run at (0,0) width 96: "Online courses"
