layer at (0,0) size 800x600
  RenderView at (0,0) size 800x600
layer at (0,0) size 800x600
  RenderBlock {HTML} at (0,0) size 800x600
    RenderBody {BODY} at (8,8) size 784x576
      RenderBlock {P} at (0,0) size 784x16
        RenderText {#text} at (0,0) size 55x16
          text run at (0,0) width 55: "Test for "
        RenderInline {I} at (0,0) size 649x16
          RenderInline {A} at (0,0) size 306x16 [color=#0000EE]
            RenderText {#text} at (54,0) size 306x16
              text run at (54,0) width 306: "http://bugs.webkit.org/show_bug.cgi?id=14395"
          RenderText {#text} at (359,0) size 344x16
            text run at (359,0) width 5: " "
            text run at (363,0) width 340: "When a <p> is inside <li> two <BR>s are rendered"
        RenderText {#text} at (702,0) size 5x16
          text run at (702,0) width 5: "."
      RenderBlock {P} at (0,32) size 784x16
        RenderText {#text} at (0,0) size 500x16
          text run at (0,0) width 500: "In all of the following, the bullets should be lined up with the first line of text."
      RenderBlock {UL} at (0,64) size 784x16
        RenderListItem {LI} at (40,0) size 744x16
          RenderBlock (anonymous) at (0,0) size 744x0
            RenderInline {SPAN} at (0,0) size 0x0
              RenderText {#text} at (0,0) size 0x0
          RenderBlock (anonymous) at (0,0) size 744x16
            RenderBlock {DIV} at (0,0) size 744x16
              RenderListMarker at (-16,0) size 6x16: bullet
              RenderText {#text} at (0,0) size 29x16
                text run at (0,0) width 29: "item"
          RenderBlock (anonymous) at (0,16) size 744x0
            RenderInline {SPAN} at (0,0) size 0x0
      RenderBlock {UL} at (0,96) size 784x16
        RenderListItem {LI} at (40,0) size 744x16
          RenderBlock (anonymous) at (0,0) size 744x0
            RenderInline {SPAN} at (0,0) size 0x0
              RenderText {#text} at (0,0) size 0x0
            RenderText {#text} at (0,0) size 0x0
          RenderBlock {DIV} at (0,0) size 744x16
            RenderListMarker at (-16,0) size 6x16: bullet
            RenderText {#text} at (0,0) size 29x16
              text run at (0,0) width 29: "item"
      RenderBlock {UL} at (0,128) size 784x16
        RenderListItem {LI} at (40,0) size 744x16
          RenderBlock (anonymous) at (0,0) size 744x0
            RenderInline {SPAN} at (0,0) size 0x0
              RenderText {#text} at (0,0) size 0x0
              RenderInline {I} at (0,0) size 0x0
                RenderText {#text} at (0,0) size 0x0
          RenderBlock (anonymous) at (0,0) size 744x16
            RenderBlock {DIV} at (0,0) size 744x16
              RenderListMarker at (-16,0) size 6x16: bullet
              RenderText {#text} at (0,0) size 28x16
                text run at (0,0) width 28: "item"
          RenderBlock (anonymous) at (0,16) size 744x0
            RenderInline {SPAN} at (0,0) size 0x0
              RenderInline {I} at (0,0) size 0x0
              RenderText {#text} at (0,0) size 0x0
            RenderText {#text} at (0,0) size 0x0
      RenderBlock {UL} at (0,160) size 784x32
        RenderListItem {LI} at (40,0) size 744x32
          RenderBlock (anonymous) at (0,0) size 744x16
            RenderListMarker at (-16,0) size 6x16: bullet
            RenderInline {SPAN} at (0,0) size 41x16
              RenderInline {<pseudo:before>} at (0,0) size 41x16
                RenderTextFragment at (0,0) size 41x16
                  text run at (0,0) width 41: "before"
              RenderText {#text} at (0,0) size 0x0
          RenderBlock (anonymous) at (0,16) size 744x16
            RenderBlock {DIV} at (0,0) size 744x16
              RenderText {#text} at (0,0) size 29x16
                text run at (0,0) width 29: "item"
          RenderBlock (anonymous) at (0,32) size 744x0
            RenderInline {SPAN} at (0,0) size 0x0
      RenderBlock {UL} at (0,208) size 784x32
        RenderListItem {LI} at (40,0) size 744x32
          RenderBlock (anonymous) at (0,0) size 744x0
            RenderInline {SPAN} at (0,0) size 0x0
          RenderBlock (anonymous) at (0,0) size 744x16
            RenderBlock {UL} at (0,0) size 744x16
              RenderListItem {LI} at (40,0) size 704x16
                RenderListMarker at (-56,0) size 6x16: bullet
                RenderListMarker at (-16,0) size 6x16: white bullet
                RenderText {#text} at (0,0) size 29x16
                  text run at (0,0) width 29: "item"
          RenderBlock (anonymous) at (0,16) size 744x16
            RenderInline {SPAN} at (0,0) size 0x0
            RenderBR {BR} at (0,0) size 0x16
      RenderBlock {UL} at (0,256) size 784x32
        RenderListItem {LI} at (40,0) size 744x32
          RenderBlock {DIV} at (0,0) size 744x16
            RenderBlock {UL} at (0,0) size 744x16
              RenderListItem {LI} at (40,0) size 704x16
                RenderListMarker at (-56,0) size 6x16: bullet
                RenderListMarker at (-16,0) size 6x16: white bullet
                RenderText {#text} at (0,0) size 29x16
                  text run at (0,0) width 29: "item"
          RenderBlock (anonymous) at (0,16) size 744x16
            RenderBR {BR} at (0,0) size 0x16
      RenderBlock {P} at (0,304) size 784x16
        RenderText {#text} at (0,0) size 534x16
          text run at (0,0) width 534: "In this case, the solid bullet should be one line above the hollow bullet and the text."
      RenderBlock {UL} at (0,336) size 784x48
        RenderListItem {LI} at (40,0) size 744x48
          RenderBlock (anonymous) at (0,0) size 744x16
            RenderListMarker at (-16,0) size 6x16: bullet
          RenderBlock {UL} at (0,16) size 744x16
            RenderListItem {LI} at (40,0) size 704x16
              RenderListMarker at (-16,0) size 6x16: white bullet
              RenderText {#text} at (0,0) size 29x16
                text run at (0,0) width 29: "item"
          RenderBlock (anonymous) at (0,32) size 744x16
            RenderBR {BR} at (0,0) size 0x16
