layer at (0,0) size 800x600
  RenderView at (0,0) size 800x600
layer at (0,0) size 800x600
  RenderBlock {HTML} at (0,0) size 800x600
    RenderBody {BODY} at (8,8) size 784x584
      RenderBlock {P} at (0,0) size 784x16
        RenderText {#text} at (0,0) size 55x16
          text run at (0,0) width 55: "Test for "
        RenderInline {I} at (0,0) size 661x16
          RenderInline {A} at (0,0) size 354x16 [color=#0000EE]
            RenderText {#text} at (54,0) size 354x16
              text run at (54,0) width 354: "http://bugzilla.opendarwin.org/show_bug.cgi?id=8408"
          RenderText {#text} at (407,0) size 308x16
            text run at (407,0) width 5: " "
            text run at (411,0) width 304: "Paint the highlight behind selected list markers"
        RenderText {#text} at (714,0) size 5x16
          text run at (714,0) width 5: "."
      RenderBlock {P} at (0,32) size 784x16
        RenderText {#text} at (0,0) size 377x16
          text run at (0,0) width 377: "This tests the rendering of list markers inside the selection."
      RenderBlock (anonymous) at (0,64) size 784x0
        RenderInline {A} at (0,0) size 0x0
        RenderText {#text} at (0,0) size 0x0
      RenderBlock {HR} at (0,64) size 784x2 [border: (1px inset #EEEEEE)]
      RenderBlock {UL} at (0,82) size 784x16
        RenderListItem {LI} at (40,0) size 744x16
          RenderListMarker at (-16,0) size 6x16: bullet
          RenderText {#text} at (0,0) size 162x16
            text run at (0,0) width 162: "Item with outside marker"
      RenderBlock {UL} at (0,114) size 784x16
        RenderListItem {LI} at (40,0) size 744x16
          RenderListMarker at (-1,0) size 6x16: bullet
          RenderText {#text} at (12,0) size 154x16
            text run at (12,0) width 154: "Item with inside marker"
      RenderBlock {UL} at (0,146) size 784x16
        RenderListItem {LI} at (40,0) size 744x16
          RenderListMarker at (-17,2) size 10x10
          RenderText {#text} at (0,0) size 205x16
            text run at (0,0) width 205: "Item with outside image marker"
      RenderBlock {UL} at (0,178) size 784x16
        RenderListItem {LI} at (40,0) size 744x16
          RenderListMarker at (0,2) size 10x10
          RenderText {#text} at (17,0) size 197x16
            text run at (17,0) width 197: "Item with inside image marker"
      RenderBlock {OL} at (0,210) size 784x32
        RenderListItem {LI} at (40,0) size 744x16
          RenderListMarker at (-20,0) size 16x16: "1"
          RenderText {#text} at (0,0) size 162x16
            text run at (0,0) width 162: "Item with outside ordinal"
        RenderListItem {LI} at (40,16) size 744x16
          RenderListMarker at (-20,0) size 16x16: "2"
          RenderText {#text} at (0,0) size 103x16
            text run at (0,0) width 103: "and another one"
      RenderBlock {OL} at (0,258) size 784x32
        RenderListItem {LI} at (40,0) size 744x16
          RenderListMarker at (0,0) size 16x16: "1"
          RenderText {#text} at (16,0) size 154x16
            text run at (16,0) width 154: "Item with inside ordinal"
        RenderListItem {LI} at (40,16) size 744x16
          RenderListMarker at (0,0) size 16x16: "2"
          RenderText {#text} at (16,0) size 103x16
            text run at (16,0) width 103: "and another one"
      RenderBlock {HR} at (0,306) size 784x2 [border: (1px inset #EEEEEE)]
      RenderBlock (anonymous) at (0,316) size 784x0
        RenderInline {A} at (0,0) size 0x0
        RenderText {#text} at (0,0) size 0x0
selection start: position 0 of child 7 {HR} of body
selection end:   position 1 of child 21 {HR} of body
