layer at (0,0) size 800x600
  RenderView at (0,0) size 800x600
layer at (0,0) size 800x600
  RenderBlock {HTML} at (0,0) size 800x600
    RenderBody {BODY} at (8,8) size 784x576
      RenderBlock {P} at (0,0) size 784x32
        RenderText {#text} at (0,0) size 765x32
          text run at (0,0) width 765: "Test of various CSS display types for list elements. All visible elements that have a display-type of list-item are given a"
          text run at (0,16) width 318: "number. This is generally going to be LI element."
      RenderBlock {OL} at (0,48) size 784x272
        RenderListItem {LI} at (40,0) size 744x16
          RenderListMarker at (-20,0) size 16x16: "3"
          RenderText {#text} at (0,0) size 77x16
            text run at (0,0) width 77: "Should be 3"
        RenderListItem {LI} at (40,16) size 744x16
          RenderListMarker at (-20,0) size 16x16: "4"
          RenderText {#text} at (0,0) size 77x16
            text run at (0,0) width 77: "Should be 4"
        RenderBlock {LI} at (40,32) size 744x16
          RenderText {#text} at (0,0) size 168x16
            text run at (0,0) width 168: "Should not have a number"
        RenderListItem {LI} at (40,48) size 744x16
          RenderListMarker at (-20,0) size 16x16: "5"
          RenderText {#text} at (0,0) size 77x16
            text run at (0,0) width 77: "Should be 5"
        RenderBlock (anonymous) at (40,64) size 744x16
          RenderInline {LI} at (0,0) size 168x16
            RenderText {#text} at (0,0) size 168x16
              text run at (0,0) width 168: "Should not have a number"
          RenderText {#text} at (0,0) size 0x0
        RenderListItem {LI} at (40,80) size 744x16
          RenderListMarker at (-20,0) size 16x16: "6"
          RenderText {#text} at (0,0) size 77x16
            text run at (0,0) width 77: "Should be 6"
        RenderBlock {DIV} at (40,96) size 744x16
          RenderText {#text} at (0,0) size 168x16
            text run at (0,0) width 168: "Should not have a number"
        RenderListItem {DIV} at (40,112) size 744x16
          RenderListMarker at (-20,0) size 16x16: "7"
          RenderText {#text} at (0,0) size 77x16
            text run at (0,0) width 77: "Should be 7"
        RenderListItem {LI} at (40,128) size 744x16
          RenderListMarker at (-20,0) size 16x16: "8"
          RenderText {#text} at (0,0) size 77x16
            text run at (0,0) width 77: "Should be 8"
        RenderListItem {LI} at (40,144) size 744x16
          RenderText {#text} at (0,0) size 168x16
            text run at (0,0) width 168: "Should not have a number"
        RenderListItem {LI} at (40,160) size 744x16
          RenderListMarker at (-28,0) size 24x16: "10"
          RenderText {#text} at (0,0) size 85x16
            text run at (0,0) width 85: "Should be 10"
        RenderListItem {LI} at (40,176) size 744x16
          RenderListMarker at (-16,0) size 6x16: bullet
          RenderText {#text} at (0,0) size 121x16
            text run at (0,0) width 121: "Should have a disc"
        RenderListItem {LI} at (40,192) size 744x16
          RenderListMarker at (-28,0) size 24x16: "12"
          RenderText {#text} at (0,0) size 85x16
            text run at (0,0) width 85: "Should be 12"
        RenderListItem {LI} at (40,208) size 744x16
          RenderListMarker at (-16,0) size 6x16: black square
          RenderText {#text} at (0,0) size 137x16
            text run at (0,0) width 137: "Should have a square"
        RenderListItem {LI} at (40,224) size 744x16
          RenderListMarker at (-28,0) size 24x16: "14"
          RenderText {#text} at (0,0) size 85x16
            text run at (0,0) width 85: "Should be 14"
        RenderListItem {LI} at (40,240) size 744x16
          RenderListMarker at (-16,0) size 6x16: white bullet
          RenderText {#text} at (0,0) size 131x16
            text run at (0,0) width 131: "Should have a circle"
        RenderListItem {LI} at (40,256) size 744x16
          RenderListMarker at (-28,0) size 24x16: "16"
          RenderText {#text} at (0,0) size 85x16
            text run at (0,0) width 85: "Should be 16"
