layer at (0,0) size 800x600
  RenderView at (0,0) size 800x600
layer at (0,0) size 800x600
  RenderBlock {HTML} at (0,0) size 800x600
    RenderBody {BODY} at (8,8) size 784x576
      RenderBlock {DIV} at (0,0) size 784x32
        RenderBlock {OL} at (0,0) size 784x32
          RenderListItem {LI} at (40,0) size 744x16
            RenderListMarker at (-20,0) size 16x16: "2"
            RenderText {#text} at (0,0) size 22x16
              text run at (0,0) width 22: "foo"
          RenderListItem {LI} at (40,16) size 744x16
            RenderListMarker at (-20,0) size 16x16: "3"
            RenderText {#text} at (0,0) size 21x16
              text run at (0,0) width 21: "bar"
