layer at (0,0) size 785x1078
  RenderView at (0,0) size 785x600
layer at (0,0) size 785x1078
  RenderBlock {HTML} at (0,0) size 785x1078
    RenderBody {BODY} at (8,8) size 769x1062
      RenderBlock (anonymous) at (0,0) size 769x16
        RenderText {#text} at (0,0) size 113x16
          text run at (0,0) width 113: "No start attribute."
      RenderBlock {OL} at (0,32) size 769x32
        RenderListItem {LI} at (40,0) size 729x16
          RenderListMarker at (-20,0) size 16x16: "1"
          RenderText {#text} at (0,0) size 77x16
            text run at (0,0) width 77: "Should be 1"
        RenderListItem {LI} at (40,16) size 729x16
          RenderListMarker at (-20,0) size 16x16: "2"
          RenderText {#text} at (0,0) size 77x16
            text run at (0,0) width 77: "Should be 2"
      RenderBlock {HR} at (0,80) size 769x2 [border: (1px inset #EEEEEE)]
      RenderBlock (anonymous) at (0,90) size 769x16
        RenderText {#text} at (0,0) size 28x16
          text run at (0,0) width 28: "start"
      RenderBlock {OL} at (0,122) size 769x32
        RenderListItem {LI} at (40,0) size 729x16
          RenderListMarker at (-20,0) size 16x16: "1"
          RenderText {#text} at (0,0) size 77x16
            text run at (0,0) width 77: "Should be 1"
        RenderListItem {LI} at (40,16) size 729x16
          RenderListMarker at (-20,0) size 16x16: "2"
          RenderText {#text} at (0,0) size 77x16
            text run at (0,0) width 77: "Should be 2"
      RenderBlock {HR} at (0,170) size 769x2 [border: (1px inset #EEEEEE)]
      RenderBlock (anonymous) at (0,180) size 769x16
        RenderText {#text} at (0,0) size 50x16
          text run at (0,0) width 50: "start=\"\""
      RenderBlock {OL} at (0,212) size 769x32
        RenderListItem {LI} at (40,0) size 729x16
          RenderListMarker at (-20,0) size 16x16: "1"
          RenderText {#text} at (0,0) size 77x16
            text run at (0,0) width 77: "Should be 1"
        RenderListItem {LI} at (40,16) size 729x16
          RenderListMarker at (-20,0) size 16x16: "2"
          RenderText {#text} at (0,0) size 77x16
            text run at (0,0) width 77: "Should be 2"
      RenderBlock {HR} at (0,260) size 769x2 [border: (1px inset #EEEEEE)]
      RenderBlock (anonymous) at (0,270) size 769x16
        RenderText {#text} at (0,0) size 66x16
          text run at (0,0) width 66: "start=\" 2 \""
      RenderBlock {OL} at (0,302) size 769x32
        RenderListItem {LI} at (40,0) size 729x16
          RenderListMarker at (-20,0) size 16x16: "2"
          RenderText {#text} at (0,0) size 77x16
            text run at (0,0) width 77: "Should be 2"
        RenderListItem {LI} at (40,16) size 729x16
          RenderListMarker at (-20,0) size 16x16: "3"
          RenderText {#text} at (0,0) size 77x16
            text run at (0,0) width 77: "Should be 3"
      RenderBlock {HR} at (0,350) size 769x2 [border: (1px inset #EEEEEE)]
      RenderBlock (anonymous) at (0,360) size 769x16
        RenderText {#text} at (0,0) size 67x16
          text run at (0,0) width 67: "start=\"+2\""
      RenderBlock {OL} at (0,392) size 769x32
        RenderListItem {LI} at (40,0) size 729x16
          RenderListMarker at (-20,0) size 16x16: "2"
          RenderText {#text} at (0,0) size 77x16
            text run at (0,0) width 77: "Should be 2"
        RenderListItem {LI} at (40,16) size 729x16
          RenderListMarker at (-20,0) size 16x16: "3"
          RenderText {#text} at (0,0) size 77x16
            text run at (0,0) width 77: "Should be 3"
      RenderBlock {HR} at (0,440) size 769x2 [border: (1px inset #EEEEEE)]
      RenderBlock (anonymous) at (0,450) size 769x16
        RenderText {#text} at (0,0) size 70x16
          text run at (0,0) width 70: "start=\"A2\""
      RenderBlock {OL} at (0,482) size 769x32
        RenderListItem {LI} at (40,0) size 729x16
          RenderListMarker at (-20,0) size 16x16: "1"
          RenderText {#text} at (0,0) size 77x16
            text run at (0,0) width 77: "Should be 1"
        RenderListItem {LI} at (40,16) size 729x16
          RenderListMarker at (-20,0) size 16x16: "2"
          RenderText {#text} at (0,0) size 77x16
            text run at (0,0) width 77: "Should be 2"
      RenderBlock {HR} at (0,530) size 769x2 [border: (1px inset #EEEEEE)]
      RenderBlock (anonymous) at (0,540) size 769x16
        RenderText {#text} at (0,0) size 62x16
          text run at (0,0) width 62: "start=\".2\""
      RenderBlock {OL} at (0,572) size 769x32
        RenderListItem {LI} at (40,0) size 729x16
          RenderListMarker at (-20,0) size 16x16: "1"
          RenderText {#text} at (0,0) size 77x16
            text run at (0,0) width 77: "Should be 1"
        RenderListItem {LI} at (40,16) size 729x16
          RenderListMarker at (-20,0) size 16x16: "2"
          RenderText {#text} at (0,0) size 77x16
            text run at (0,0) width 77: "Should be 2"
      RenderBlock {HR} at (0,620) size 769x2 [border: (1px inset #EEEEEE)]
      RenderBlock (anonymous) at (0,630) size 769x16
        RenderText {#text} at (0,0) size 66x16
          text run at (0,0) width 66: "start=\"#2\""
      RenderBlock {OL} at (0,662) size 769x32
        RenderListItem {LI} at (40,0) size 729x16
          RenderListMarker at (-20,0) size 16x16: "1"
          RenderText {#text} at (0,0) size 77x16
            text run at (0,0) width 77: "Should be 1"
        RenderListItem {LI} at (40,16) size 729x16
          RenderListMarker at (-20,0) size 16x16: "2"
          RenderText {#text} at (0,0) size 77x16
            text run at (0,0) width 77: "Should be 2"
      RenderBlock (anonymous) at (0,710) size 769x16
        RenderText {#text} at (0,0) size 58x16
          text run at (0,0) width 58: "start=\"0\""
      RenderBlock {OL} at (0,742) size 769x32
        RenderListItem {LI} at (40,0) size 729x16
          RenderListMarker at (-20,0) size 16x16: "0"
          RenderText {#text} at (0,0) size 77x16
            text run at (0,0) width 77: "Should be 0"
        RenderListItem {LI} at (40,16) size 729x16
          RenderListMarker at (-20,0) size 16x16: "1"
          RenderText {#text} at (0,0) size 77x16
            text run at (0,0) width 77: "Should be 1"
      RenderBlock {HR} at (0,790) size 769x2 [border: (1px inset #EEEEEE)]
      RenderBlock (anonymous) at (0,800) size 769x16
        RenderText {#text} at (0,0) size 66x16
          text run at (0,0) width 66: "start=\" 0 \""
      RenderBlock {OL} at (0,832) size 769x32
        RenderListItem {LI} at (40,0) size 729x16
          RenderListMarker at (-20,0) size 16x16: "0"
          RenderText {#text} at (0,0) size 77x16
            text run at (0,0) width 77: "Should be 0"
        RenderListItem {LI} at (40,16) size 729x16
          RenderListMarker at (-20,0) size 16x16: "1"
          RenderText {#text} at (0,0) size 77x16
            text run at (0,0) width 77: "Should be 1"
      RenderBlock {HR} at (0,880) size 769x2 [border: (1px inset #EEEEEE)]
      RenderBlock (anonymous) at (0,890) size 769x16
        RenderText {#text} at (0,0) size 58x16
          text run at (0,0) width 58: "start=\"2\""
      RenderBlock {OL} at (0,922) size 769x32
        RenderListItem {LI} at (40,0) size 729x16
          RenderListMarker at (-20,0) size 16x16: "2"
          RenderText {#text} at (0,0) size 77x16
            text run at (0,0) width 77: "Should be 2"
        RenderListItem {LI} at (40,16) size 729x16
          RenderListMarker at (-20,0) size 16x16: "3"
          RenderText {#text} at (0,0) size 77x16
            text run at (0,0) width 77: "Should be 3"
      RenderBlock {HR} at (0,970) size 769x2 [border: (1px inset #EEEEEE)]
      RenderBlock (anonymous) at (0,980) size 769x16
        RenderText {#text} at (0,0) size 63x16
          text run at (0,0) width 63: "start=\"-2\""
      RenderBlock {OL} at (0,1012) size 769x32
        RenderListItem {LI} at (40,0) size 729x16
          RenderListMarker at (-25.33,0) size 21.33x16: "-2"
          RenderText {#text} at (0,0) size 82x16
            text run at (0,0) width 82: "Should be -2"
        RenderListItem {LI} at (40,16) size 729x16
          RenderListMarker at (-25.33,0) size 21.33x16: "-1"
          RenderText {#text} at (0,0) size 82x16
            text run at (0,0) width 82: "Should be -1"
      RenderBlock {HR} at (0,1060) size 769x2 [border: (1px inset #EEEEEE)]
