layer at (0,0) size 800x600
  RenderView at (0,0) size 800x600
layer at (0,0) size 800x492
  RenderBlock {HTML} at (0,0) size 800x491.81
    RenderBody {BODY} at (8,19.91) size 784x463.91
      RenderBlock {H2} at (0,0) size 784x24
        RenderText {#text} at (0,0) size 304x24
          text run at (0,0) width 304: "A regular two level nested list"
      RenderBlock {P} at (0,43.91) size 784x16
        RenderText {#text} at (0,0) size 566x16
          text run at (0,0) width 566: "The outer list is numbered using decimal numerals, the inner lists with lower case letters"
      RenderBlock {DIV} at (24,75.91) size 760x388 [border: (1px solid #000000)]
        RenderListItem {DIV} at (33,1) size 726x18 [border: (1px solid #000000)]
          RenderListMarker at (-20,1) size 16x16: "1"
          RenderText {#text} at (33,1) size 42x16
            text run at (33,1) width 42: "Item 1"
        RenderListItem {DIV} at (33,19) size 726x124 [border: (1px solid #000000)]
          RenderBlock (anonymous) at (33,1) size 692x16
            RenderListMarker at (-53,0) size 16x16: "2"
            RenderText {#text} at (0,0) size 42x16
              text run at (0,0) width 42: "Item 2"
          RenderListItem {DIV} at (33,17) size 692x34 [border: (1px solid #000000)]
            RenderListMarker at (-19.09,1) size 15.09x16: "a"
            RenderText {#text} at (33,1) size 41x16
              text run at (33,1) width 41: "Item a"
            RenderBR {BR} at (73,1) size 1x16
            RenderText {#text} at (33,17) size 90x16
              text run at (33,17) width 90: "Item a, Line 2"
          RenderListItem {DIV} at (33,51) size 692x18 [border: (1px solid #000000)]
            RenderListMarker at (-20,1) size 16x16: "b"
            RenderText {#text} at (33,1) size 42x16
              text run at (33,1) width 42: "Item b"
          RenderListItem {DIV} at (33,69) size 692x18 [border: (1px solid #000000)]
            RenderListMarker at (-19.09,1) size 15.09x16: "c"
            RenderText {#text} at (33,1) size 41x16
              text run at (33,1) width 41: "Item c"
          RenderBlock {DIV} at (33,87) size 692x18 [border: (1px solid #000000)]
            RenderText {#text} at (33,1) size 92x16
              text run at (33,1) width 92: "Not a list item"
          RenderListItem {DIV} at (33,105) size 692x18 [border: (1px solid #000000)]
            RenderListMarker at (-20,1) size 16x16: "d"
            RenderText {#text} at (33,1) size 42x16
              text run at (33,1) width 42: "Item d"
        RenderListItem {DIV} at (33,143) size 726x18 [border: (1px solid #000000)]
          RenderListMarker at (-20,1) size 16x16: "3"
          RenderText {#text} at (33,1) size 42x16
            text run at (33,1) width 42: "Item 3"
        RenderBlock {DIV} at (33,161) size 726x88 [border: (1px solid #000000)]
          RenderBlock (anonymous) at (33,1) size 692x16
            RenderText {#text} at (0,0) size 92x16
              text run at (0,0) width 92: "Not a list item"
          RenderListItem {DIV} at (33,17) size 692x34 [border: (1px solid #000000)]
            RenderListMarker at (-19.09,1) size 15.09x16: "a"
            RenderText {#text} at (33,1) size 41x16
              text run at (33,1) width 41: "Item a"
            RenderBR {BR} at (73,1) size 1x16
            RenderText {#text} at (33,17) size 90x16
              text run at (33,17) width 90: "Item a, Line 2"
          RenderBlock {DIV} at (33,51) size 692x18 [border: (1px solid #000000)]
            RenderText {#text} at (33,1) size 92x16
              text run at (33,1) width 92: "Not a list item"
          RenderListItem {DIV} at (33,69) size 692x18 [border: (1px solid #000000)]
            RenderListMarker at (-20,1) size 16x16: "b"
            RenderText {#text} at (33,1) size 42x16
              text run at (33,1) width 42: "Item b"
        RenderListItem {DIV} at (33,249) size 726x18 [border: (1px solid #000000)]
          RenderListMarker at (-20,1) size 16x16: "4"
          RenderText {#text} at (33,1) size 42x16
            text run at (33,1) width 42: "Item 4"
        RenderListItem {DIV} at (33,267) size 726x102 [border: (1px solid #000000)]
          RenderBlock (anonymous) at (33,1) size 692x16
            RenderListMarker at (-53,0) size 16x16: "5"
            RenderText {#text} at (0,0) size 42x16
              text run at (0,0) width 42: "Item 5"
          RenderListItem {TABLE} at (33,17) size 692x42 [border: (1px dashed #000000)]
            RenderBlock (anonymous) at (1,1) size 690x16
              RenderListMarker at (-20.09,0) size 15.09x16: "a"
            RenderTable at (1,17) size 195x24
              RenderTableSection {TBODY} at (0,0) size 195x24
                RenderTableRow {TR} at (0,2) size 195x20
                  RenderTableCell {TD} at (2,2) size 95x20 [border: (1px dotted #000000)] [r=0 c=0 rs=1 cs=1]
                    RenderText {#text} at (2,2) size 91x16
                      text run at (2,2) width 91: "Table Cell A1"
                  RenderTableCell {TD} at (99,2) size 94x20 [border: (1px dotted #000000)] [r=0 c=1 rs=1 cs=1]
                    RenderText {#text} at (2,2) size 90x16
                      text run at (2,2) width 90: "Table Cell B1"
          RenderListItem {TABLE} at (33,59) size 692x42 [border: (1px dashed #000000)]
            RenderBlock (anonymous) at (1,1) size 690x16
              RenderListMarker at (-21,0) size 16x16: "b"
            RenderTable at (1,17) size 219x24
              RenderTableSection {TBODY} at (0,0) size 219x24
                RenderTableRow {TR} at (0,2) size 219x20
                  RenderTableCell {TD} at (2,2) size 107x20 [border: (1px dotted #000000)] [r=0 c=0 rs=1 cs=1]
                    RenderText {#text} at (2,2) size 103x16
                      text run at (2,2) width 103: "Table 2 Cell A1"
                  RenderTableCell {TD} at (111,2) size 106x20 [border: (1px dotted #000000)] [r=0 c=1 rs=1 cs=1]
                    RenderText {#text} at (2,2) size 102x16
                      text run at (2,2) width 102: "Table 2 Cell B1"
        RenderListItem {DIV} at (33,369) size 726x18 [border: (1px solid #000000)]
          RenderListMarker at (-20,1) size 16x16: "6"
          RenderText {#text} at (33,1) size 42x16
            text run at (33,1) width 42: "Item 6"
