layer at (0,0) size 800x600
  RenderView at (0,0) size 800x600
layer at (0,0) size 800x600
  RenderBlock {HTML} at (0,0) size 800x600
    RenderBody {BODY} at (8,8) size 784x576
      RenderBlock {FORM} at (0,0) size 784x42
        RenderText {#text} at (179,22) size 4x17
          text run at (179,22) width 4: " "
        RenderText {#text} at (362,22) size 4x17
          text run at (362,22) width 4: " "
        RenderButton {INPUT} at (366,20) size 50x22 [bgcolor=#C0C0C0] [border: (2px outset #C0C0C0)]
          RenderBlock (anonymous) at (8,3) size 34x16
            RenderText {#text} at (0,0) size 34x16
              text run at (0,0) width 34: "Reset"
        RenderText {#text} at (0,0) size 0x0
      RenderBlock {P} at (0,58) size 784x72
        RenderText {#text} at (0,0) size 369x17
          text run at (0,0) width 369: "This test verifies that textarea controls are properly reset. "
        RenderBR {BR} at (368,14) size 1x0
        RenderText {#text} at (0,18) size 477x17
          text run at (0,18) width 477: "You should see two element IDs below, and the word \"SUCCESS\" twice: "
        RenderBR {BR} at (476,32) size 1x0
        RenderText {#text} at (0,36) size 176x17
          text run at (0,36) width 176: "noDefaultText: SUCCESS "
        RenderBR {BR} at (175,50) size 1x0
        RenderText {#text} at (0,54) size 177x17
          text run at (0,54) width 177: "hasDefaultText: SUCCESS"
layer at (8,8) size 179x36 clip at (9,9) size 177x34
  RenderTextControl {TEXTAREA} at (0,0) size 179x36 [bgcolor=#FFFFFF] [border: (1px solid #A9A9A9)]
    RenderBlock {DIV} at (3,3) size 175x16
layer at (191,8) size 179x36 clip at (192,9) size 177x34
  RenderTextControl {TEXTAREA} at (183,0) size 179x36 [bgcolor=#FFFFFF] [border: (1px solid #A9A9A9)]
    RenderBlock {DIV} at (3,3) size 175x16
      RenderText {#text} at (0,0) size 96x16
        text run at (0,0) width 96: "Default Text"
