layer at (0,0) size 800x704
  RenderView at (0,0) size 800x600
layer at (0,0) size 800x704
  RenderBlock {HTML} at (0,0) size 800x704
    RenderBody {BODY} at (8,8) size 784x688
      RenderBlock {P} at (0,0) size 784x72
        RenderText {#text} at (0,0) size 771x35
          text run at (0,0) width 366: "This test shows the following bugs with text-orientation. "
          text run at (365,0) width 406: "The far right test mis-renders differently in both the simple and"
          text run at (0,18) width 399: "complex text paths. The simple text path mis-renders because "
        RenderInline {TT} at (0,0) size 305x16
          RenderText {#text} at (398,20) size 305x16
            text run at (398,20) width 305: "CTFontGetVerticalTranslationsForGlyphs"
        RenderText {#text} at (702,18) size 775x53
          text run at (702,18) width 49: " returns"
          text run at (0,36) width 446: "incorrect values for horizontal glyphs that have vertical counterparts. "
          text run at (445,36) width 330: "The complex text code path mis-renders because of"
          text run at (0,54) width 105: "API deficiency. "
          text run at (104,54) width 615: "There is no way to tell CoreText to use upright horizontal glyphs when rendering a vertical line."
      RenderBlock {DIV} at (0,88) size 170x600
        RenderBlock {DIV} at (0,0) size 170x411 [border: (1px solid #008000)]
          RenderInline {SPAN} at (0,0) size 40x173
            RenderText {#text} at (2,1) size 40x173
              text run at (2,1) width 173: "Hello world"
          RenderBR {BR} at (10,173) size 0x1
          RenderInline {SPAN} at (0,0) size 40x409
            RenderText {#text} at (44,1) size 40x409
              text run at (44,1) width 409: "Hello world"
          RenderBR {BR} at (52,410) size 0x0
          RenderInline {SPAN} at (0,0) size 40x173
            RenderText {#text} at (86,1) size 40x173
              text run at (86,1) width 173: "Hello world"
          RenderBR {BR} at (94,173) size 0x1
          RenderInline {SPAN} at (0,0) size 40x409
            RenderText {#text} at (128,1) size 40x409
              text run at (128,1) width 409: "Hello world"
          RenderBR {BR} at (136,410) size 0x0
        RenderText {#text} at (2,411) size 40x9
          text run at (2,411) width 9: " "
        RenderBlock {DIV} at (0,420) size 170x174.97 [border: (1px solid #008000)]
          RenderInline {SPAN} at (0,0) size 40x173
            RenderText {#text} at (2,1) size 40x173
              text run at (2,1) width 173: "Hello world"
          RenderBR {BR} at (10,173) size 0x1
          RenderInline {SPAN} at (0,0) size 40x173
            RenderText {#text} at (44,1) size 40x173
              text run at (44,1) width 173: "Hello world"
          RenderBR {BR} at (52,173) size 0x1
          RenderInline {SPAN} at (0,0) size 40x173
            RenderText {#text} at (86,1) size 40x173
              text run at (86,1) width 173: "Hello world"
          RenderBR {BR} at (94,173) size 0x1
          RenderInline {SPAN} at (0,0) size 40x173
            RenderText {#text} at (128,1) size 40x173
              text run at (128,1) width 173: "Hello world"
          RenderBR {BR} at (136,173) size 0x1
        RenderText {#text} at (0,0) size 0x0
