layer at (0,0) size 800x600
  RenderView at (0,0) size 800x600
layer at (0,0) size 800x268
  RenderBlock {HTML} at (0,0) size 800x268
    RenderBody {BODY} at (8,16) size 784x244
      RenderBlock {P} at (0,0) size 784x64
        RenderText {#text} at (0,0) size 769x64
          text run at (0,0) width 762: "This is a test to check if the loading of a stylesheet is properly cancelled (count of pending style sheets is decremented)"
          text run at (0,16) width 602: "when its link tag is changed through the DOM after the link tag is appended to the document. "
          text run at (601,16) width 168: "When the div with style is"
          text run at (0,32) width 716: "moved, it appears on the screen if the style was loaded properly, and doesn't appear when there are out-standing"
          text run at (0,48) width 261: "stylesheets according to the DocLoader. "
          text run at (260,48) width 28: "See "
        RenderInline {A} at (0,0) size 33x16 [color=#0000EE]
          RenderText {#text} at (287,48) size 33x16
            text run at (287,48) width 33: "6999"
      RenderBlock {P} at (0,80) size 784x16
        RenderInline {SPAN} at (0,0) size 33x16 [color=#FF0000]
          RenderText {#text} at (0,0) size 33x16
            text run at (0,0) width 33: "Fails"
        RenderText {#text} at (32,0) size 55x16
          text run at (32,0) width 55: " if there "
        RenderInline {SPAN} at (0,0) size 33x16 [color=#FF0000]
          RenderText {#text} at (86,0) size 33x16
            text run at (86,0) width 33: "is no"
        RenderText {#text} at (118,0) size 154x16
          text run at (118,0) width 154: " pink box on the screen."
      RenderBlock {P} at (0,112) size 784x16
        RenderInline {SPAN} at (0,0) size 44x16 [color=#008000]
          RenderText {#text} at (0,0) size 44x16
            text run at (0,0) width 44: "Passes"
        RenderText {#text} at (43,0) size 55x16
          text run at (43,0) width 55: " if there "
        RenderInline {SPAN} at (0,0) size 11x16 [color=#008000]
          RenderText {#text} at (97,0) size 11x16
            text run at (97,0) width 11: "is"
        RenderText {#text} at (107,0) size 165x16
          text run at (107,0) width 165: " a pink box on the screen."
      RenderBlock {DIV} at (0,144) size 100x100 [bgcolor=#FFCCFF]
