layer at (0,0) size 800x600
  RenderView at (0,0) size 800x600
layer at (0,0) size 800x120
  RenderBlock {HTML} at (0,0) size 800x120
    RenderBody {BODY} at (8,16) size 784x96
      RenderBlock {P} at (0,0) size 784x16
        RenderText {#text} at (0,0) size 472x16
          text run at (0,0) width 472: "The following two vertical bars should be at the same horizontal position."
      RenderBlock {DIV} at (0,32) size 96x32
        RenderBlock {DIV} at (64,0) size 0x32
          RenderInline {SPAN} at (0,0) size 7x32
            RenderText {#text} at (0,0) size 7x32
              text run at (0,0) width 7: "|"
      RenderBlock {DIV} at (0,64) size 784x32
        RenderInline {SPAN} at (0,0) size 7x32
          RenderText {#text} at (64,0) size 7x32
            text run at (64,0) width 7: "|"
