layer at (0,0) size 800x600
  RenderView at (0,0) size 800x600
layer at (0,0) size 800x600
  RenderBlock {HTML} at (0,0) size 800x600
    RenderBody {BODY} at (8,8) size 784x584
      RenderInline {A} at (0,0) size 21x14 [color=#0000EE]
        RenderImage {IMG} at (0,0) size 21x21 [bgcolor=#008000]
      RenderText {#text} at (21,3) size 4x14
        text run at (21,3) width 4: " "
      RenderImage {IMG} at (24.88,0) size 21x21 [bgcolor=#008000]
      RenderText {#text} at (45,3) size 291x14
        text run at (45,3) width 291: " The two green blocks should line up vertically."
