layer at (0,0) size 800x600
  RenderView at (0,0) size 800x600
layer at (0,0) size 800x391
  RenderBlock {HTML} at (0,0) size 800x390.88
    RenderBody {BODY} at (8,21.44) size 784x353.44
      RenderBlock {H1} at (0,0) size 784x32
        RenderText {#text} at (0,0) size 455x32
          text run at (0,0) width 455: "Minimum and Maximum Widths"
      RenderBlock {DIV} at (0,53.44) size 784x22 [border: (3px solid #800080)]
        RenderText {#text} at (3,3) size 33x16
          text run at (3,3) width 33: "This "
        RenderInline {CODE} at (0,0) size 24x13
          RenderText {#text} at (35,5) size 24x13
            text run at (35,5) width 24: "div"
        RenderText {#text} at (58,3) size 418x16
          text run at (58,3) width 418: " should have a medium solid purple border, as should all the rest."
      RenderBlock {DIV} at (0,75.44) size 319.59x54 [border: (3px solid #800080)]
        RenderText {#text} at (3,3) size 33x16
          text run at (3,3) width 33: "This "
        RenderInline {CODE} at (0,0) size 24x13
          RenderText {#text} at (35,5) size 24x13
            text run at (35,5) width 24: "div"
        RenderText {#text} at (58,3) size 302x32
          text run at (58,3) width 192: " should have a width of 40%. "
          text run at (249,3) width 56: "This is a"
          text run at (3,19) width 64: "reference "
        RenderInline {CODE} at (0,0) size 24x13
          RenderText {#text} at (66,21) size 24x13
            text run at (66,21) width 24: "div"
        RenderText {#text} at (89,19) size 183x16
          text run at (89,19) width 183: " and should work as long as "
        RenderInline {CODE} at (0,0) size 40x13
          RenderText {#text} at (271,21) size 40x13
            text run at (271,21) width 40: "width"
        RenderText {#text} at (3,35) size 44x16
          text run at (3,35) width 44: "works."
      RenderBlock {DIV} at (0,129.44) size 319.59x22 [border: (3px solid #800080)]
        RenderText {#text} at (3,3) size 33x16
          text run at (3,3) width 33: "This "
        RenderInline {CODE} at (0,0) size 24x13
          RenderText {#text} at (35,5) size 24x13
            text run at (35,5) width 24: "div"
        RenderText {#text} at (58,3) size 188x16
          text run at (58,3) width 188: " should have a width of 40%."
      RenderBlock {DIV} at (0,151.44) size 319.59x22 [border: (3px solid #800080)]
        RenderText {#text} at (3,3) size 33x16
          text run at (3,3) width 33: "This "
        RenderInline {CODE} at (0,0) size 24x13
          RenderText {#text} at (35,5) size 24x13
            text run at (35,5) width 24: "div"
        RenderText {#text} at (58,3) size 188x16
          text run at (58,3) width 188: " should have a width of 40%."
      RenderBlock {DIV} at (0,173.44) size 319.59x22 [border: (3px solid #800080)]
        RenderText {#text} at (3,3) size 33x16
          text run at (3,3) width 33: "This "
        RenderInline {CODE} at (0,0) size 24x13
          RenderText {#text} at (35,5) size 24x13
            text run at (35,5) width 24: "div"
        RenderText {#text} at (58,3) size 188x16
          text run at (58,3) width 188: " should have a width of 40%."
      RenderBlock {DIV} at (0,195.44) size 319.59x22 [border: (3px solid #800080)]
        RenderText {#text} at (3,3) size 33x16
          text run at (3,3) width 33: "This "
        RenderInline {CODE} at (0,0) size 24x13
          RenderText {#text} at (35,5) size 24x13
            text run at (35,5) width 24: "div"
        RenderText {#text} at (58,3) size 188x16
          text run at (58,3) width 188: " should have a width of 40%."
      RenderBlock {DIV} at (0,217.44) size 319.59x22 [border: (3px solid #800080)]
        RenderText {#text} at (3,3) size 33x16
          text run at (3,3) width 33: "This "
        RenderInline {CODE} at (0,0) size 24x13
          RenderText {#text} at (35,5) size 24x13
            text run at (35,5) width 24: "div"
        RenderText {#text} at (58,3) size 188x16
          text run at (58,3) width 188: " should have a width of 40%."
      RenderBlock {DIV} at (0,239.44) size 319.59x22 [border: (3px solid #800080)]
        RenderText {#text} at (3,3) size 33x16
          text run at (3,3) width 33: "This "
        RenderInline {CODE} at (0,0) size 24x13
          RenderText {#text} at (35,5) size 24x13
            text run at (35,5) width 24: "div"
        RenderText {#text} at (58,3) size 188x16
          text run at (58,3) width 188: " should have a width of 40%."
      RenderBlock {DIV} at (0,261.44) size 319.59x22 [border: (3px solid #800080)]
        RenderText {#text} at (3,3) size 33x16
          text run at (3,3) width 33: "This "
        RenderInline {CODE} at (0,0) size 24x13
          RenderText {#text} at (35,5) size 24x13
            text run at (35,5) width 24: "div"
        RenderText {#text} at (58,3) size 188x16
          text run at (58,3) width 188: " should have a width of 40%."
      RenderBlock {DIV} at (0,283.44) size 319.59x22 [border: (3px solid #800080)]
        RenderText {#text} at (3,3) size 33x16
          text run at (3,3) width 33: "This "
        RenderInline {CODE} at (0,0) size 24x13
          RenderText {#text} at (35,5) size 24x13
            text run at (35,5) width 24: "div"
        RenderText {#text} at (58,3) size 188x16
          text run at (58,3) width 188: " should have a width of 40%."
      RenderBlock {P} at (0,321.44) size 784x32
        RenderText {#text} at (0,0) size 204x16
          text run at (0,0) width 204: "If the browser does not support "
        RenderInline {CODE} at (0,0) size 71x13
          RenderText {#text} at (203,2) size 71x13
            text run at (203,2) width 71: "min-width"
        RenderText {#text} at (273,0) size 32x16
          text run at (273,0) width 32: " and "
        RenderInline {CODE} at (0,0) size 72x13
          RenderText {#text} at (304,2) size 72x13
            text run at (304,2) width 72: "max-width"
        RenderText {#text} at (375,0) size 176x16
          text run at (375,0) width 176: ", then the widths should be "
        RenderInline {CODE} at (0,0) size 32x13
          RenderText {#text} at (550,2) size 32x13
            text run at (550,2) width 32: "auto"
        RenderText {#text} at (581,0) size 9x16
          text run at (581,0) width 9: ", "
        RenderInline {CODE} at (0,0) size 25x13
          RenderText {#text} at (589,2) size 25x13
            text run at (589,2) width 25: "40%"
        RenderText {#text} at (613,0) size 9x16
          text run at (613,0) width 9: ", "
        RenderInline {CODE} at (0,0) size 24x13
          RenderText {#text} at (621,2) size 24x13
            text run at (621,2) width 24: "30%"
        RenderText {#text} at (644,0) size 9x16
          text run at (644,0) width 9: ", "
        RenderInline {CODE} at (0,0) size 24x13
          RenderText {#text} at (652,2) size 24x13
            text run at (652,2) width 24: "50%"
        RenderText {#text} at (675,0) size 9x16
          text run at (675,0) width 9: ", "
        RenderInline {CODE} at (0,0) size 25x13
          RenderText {#text} at (683,2) size 25x13
            text run at (683,2) width 25: "50%"
        RenderText {#text} at (707,0) size 9x16
          text run at (707,0) width 9: ", "
        RenderInline {CODE} at (0,0) size 24x13
          RenderText {#text} at (715,2) size 24x13
            text run at (715,2) width 24: "40%"
        RenderText {#text} at (738,0) size 9x16
          text run at (738,0) width 9: ", "
        RenderInline {CODE} at (0,0) size 25x13
          RenderText {#text} at (746,2) size 25x13
            text run at (746,2) width 25: "30%"
        RenderText {#text} at (770,0) size 5x16
          text run at (770,0) width 5: ","
        RenderInline {CODE} at (0,0) size 24x13
          RenderText {#text} at (0,18) size 24x13
            text run at (0,18) width 24: "40%"
        RenderText {#text} at (23,16) size 9x16
          text run at (23,16) width 9: ", "
        RenderInline {CODE} at (0,0) size 32x13
          RenderText {#text} at (31,18) size 32x13
            text run at (31,18) width 32: "auto"
        RenderText {#text} at (62,16) size 198x16
          text run at (62,16) width 198: " (with 70% margin-right), and "
        RenderInline {CODE} at (0,0) size 32x13
          RenderText {#text} at (259,18) size 32x13
            text run at (259,18) width 32: "auto"
        RenderText {#text} at (290,16) size 5x16
          text run at (290,16) width 5: "."
