layer at (0,0) size 785x7060
  RenderView at (0,0) size 785x600
layer at (0,0) size 785x7060
  RenderBlock {HTML} at (0,0) size 785x7060
    RenderBody {BODY} at (8,8) size 769x7044
      RenderBlock (anonymous) at (0,0) size 769x16
        RenderText {#text} at (0,0) size 454x16
          text run at (0,0) width 454: "This is a test of all the various HTML alignments using LTR direction."
      RenderBlock {DIV} at (0,16) size 769x210 [border: (4px solid #008000)]
        RenderBlock {DIV} at (6,6) size 757x24 [border: (2px solid #0000FF)]
          RenderText {#text} at (4,4) size 190x16
            text run at (4,4) width 190: "Normal div inside normal div"
        RenderBlock {DIV} at (6,30) size 757x24 [border: (2px solid #0000FF)]
          RenderText {#text} at (4,4) size 168x16
            text run at (4,4) width 168: "Left div inside normal div"
        RenderBlock {DIV} at (6,54) size 757x24 [border: (2px solid #0000FF)]
          RenderText {#text} at (286,4) size 185x16
            text run at (286,4) width 185: "Center div inside normal div"
        RenderBlock {DIV} at (6,78) size 757x24 [border: (2px solid #0000FF)]
          RenderText {#text} at (577,4) size 176x16
            text run at (577,4) width 176: "Right div inside normal div"
        RenderBlock {CENTER} at (6,102) size 757x24 [border: (2px solid #0000FF)]
          RenderText {#text} at (287,4) size 183x16
            text run at (287,4) width 183: "Center tag inside normal div"
        RenderTable {TABLE} at (6,126) size 98x26 [border: (2px solid #0000FF)]
          RenderTableSection {TBODY} at (2,2) size 94x22
            RenderTableRow {TR} at (0,2) size 94x18
              RenderTableCell {TD} at (2,2) size 90x18 [r=0 c=0 rs=1 cs=1]
                RenderText {#text} at (1,1) size 88x16
                  text run at (1,1) width 88: "Normal table."
        RenderTable {TABLE} at (313,152) size 143x26 [border: (2px solid #0000FF)]
          RenderTableSection {TBODY} at (2,2) size 139x22
            RenderTableRow {TR} at (0,2) size 139x18
              RenderTableCell {TD} at (2,2) size 135x18 [r=0 c=0 rs=1 cs=1]
                RenderText {#text} at (1,1) size 133x16
                  text run at (1,1) width 133: "Center aligned table."
        RenderTable {TABLE} at (8,178) size 195x26 [border: (2px solid #0000FF)]
          RenderTableSection {TBODY} at (2,2) size 191x22
            RenderTableRow {TR} at (0,2) size 191x18
              RenderTableCell {TD} at (2,2) size 187x18 [r=0 c=0 rs=1 cs=1]
                RenderText {#text} at (1,1) size 185x16
                  text run at (1,1) width 185: "Center table (fixed margins)."
      RenderBlock {DIV} at (0,226) size 769x210 [border: (4px solid #800080)]
        RenderBlock {DIV} at (6,6) size 408x24 [border: (2px solid #0000FF)]
          RenderText {#text} at (4,4) size 267x16
            text run at (4,4) width 267: "Normal fixed width div inside normal div"
        RenderBlock {DIV} at (6,30) size 408x24 [border: (2px solid #0000FF)]
          RenderText {#text} at (4,4) size 245x16
            text run at (4,4) width 245: "Left fixed width div inside normal div"
        RenderBlock {DIV} at (6,54) size 408x24 [border: (2px solid #0000FF)]
          RenderText {#text} at (73,4) size 262x16
            text run at (73,4) width 262: "Center fixed width div inside normal div"
        RenderBlock {DIV} at (6,78) size 408x24 [border: (2px solid #0000FF)]
          RenderText {#text} at (150,4) size 254x16
            text run at (150,4) width 254: "Right fixed width div inside normal div"
        RenderBlock {CENTER} at (6,102) size 408x24 [border: (2px solid #0000FF)]
          RenderText {#text} at (68,4) size 272x16
            text run at (68,4) width 272: "Center tag (fixed width) inside normal div"
        RenderTable {TABLE} at (6,126) size 400x26 [border: (2px solid #0000FF)]
          RenderTableSection {TBODY} at (2,2) size 396x22
            RenderTableRow {TR} at (0,2) size 396x18
              RenderTableCell {TD} at (2,2) size 392x18 [r=0 c=0 rs=1 cs=1]
                RenderText {#text} at (1,1) size 88x16
                  text run at (1,1) width 88: "Normal table."
        RenderTable {TABLE} at (184.50,152) size 400x26 [border: (2px solid #0000FF)]
          RenderTableSection {TBODY} at (2,2) size 396x22
            RenderTableRow {TR} at (0,2) size 396x18
              RenderTableCell {TD} at (2,2) size 392x18 [r=0 c=0 rs=1 cs=1]
                RenderText {#text} at (1,1) size 133x16
                  text run at (1,1) width 133: "Center aligned table."
        RenderTable {TABLE} at (8,178) size 400x26 [border: (2px solid #0000FF)]
          RenderTableSection {TBODY} at (2,2) size 396x22
            RenderTableRow {TR} at (0,2) size 396x18
              RenderTableCell {TD} at (2,2) size 392x18 [r=0 c=0 rs=1 cs=1]
                RenderText {#text} at (1,1) size 185x16
                  text run at (1,1) width 185: "Center table (fixed margins)."
      RenderBlock {DIV} at (0,436) size 769x210 [border: (4px solid #008000)]
        RenderBlock {DIV} at (6,6) size 757x24 [border: (2px solid #0000FF)]
          RenderText {#text} at (4,4) size 207x16
            text run at (4,4) width 207: "Normal div inside align=left div"
        RenderBlock {DIV} at (6,30) size 757x24 [border: (2px solid #0000FF)]
          RenderText {#text} at (4,4) size 185x16
            text run at (4,4) width 185: "Left div inside align=left div"
        RenderBlock {DIV} at (6,54) size 757x24 [border: (2px solid #0000FF)]
          RenderText {#text} at (278,4) size 201x16
            text run at (278,4) width 201: "Center div inside align=left div"
        RenderBlock {DIV} at (6,78) size 757x24 [border: (2px solid #0000FF)]
          RenderText {#text} at (559,4) size 194x16
            text run at (559,4) width 194: "Right div inside align=left div"
        RenderBlock {CENTER} at (6,102) size 757x24 [border: (2px solid #0000FF)]
          RenderText {#text} at (278,4) size 201x16
            text run at (278,4) width 201: "Center tag inside align=left div"
        RenderTable {TABLE} at (6,126) size 98x26 [border: (2px solid #0000FF)]
          RenderTableSection {TBODY} at (2,2) size 94x22
            RenderTableRow {TR} at (0,2) size 94x18
              RenderTableCell {TD} at (2,2) size 90x18 [r=0 c=0 rs=1 cs=1]
                RenderText {#text} at (1,1) size 88x16
                  text run at (1,1) width 88: "Normal table."
        RenderTable {TABLE} at (313,152) size 143x26 [border: (2px solid #0000FF)]
          RenderTableSection {TBODY} at (2,2) size 139x22
            RenderTableRow {TR} at (0,2) size 139x18
              RenderTableCell {TD} at (2,2) size 135x18 [r=0 c=0 rs=1 cs=1]
                RenderText {#text} at (1,1) size 133x16
                  text run at (1,1) width 133: "Center aligned table."
        RenderTable {TABLE} at (8,178) size 195x26 [border: (2px solid #0000FF)]
          RenderTableSection {TBODY} at (2,2) size 191x22
            RenderTableRow {TR} at (0,2) size 191x18
              RenderTableCell {TD} at (2,2) size 187x18 [r=0 c=0 rs=1 cs=1]
                RenderText {#text} at (1,1) size 185x16
                  text run at (1,1) width 185: "Center table (fixed margins)."
      RenderBlock {DIV} at (0,646) size 769x210 [border: (4px solid #800080)]
        RenderBlock {DIV} at (6,6) size 408x24 [border: (2px solid #0000FF)]
          RenderText {#text} at (4,4) size 284x16
            text run at (4,4) width 284: "Normal fixed width div inside align=left div"
        RenderBlock {DIV} at (6,30) size 408x24 [border: (2px solid #0000FF)]
          RenderText {#text} at (4,4) size 262x16
            text run at (4,4) width 262: "Left fixed width div inside align=left div"
        RenderBlock {DIV} at (6,54) size 408x24 [border: (2px solid #0000FF)]
          RenderText {#text} at (65,4) size 278x16
            text run at (65,4) width 278: "Center fixed width div inside align=left div"
        RenderBlock {DIV} at (6,78) size 408x24 [border: (2px solid #0000FF)]
          RenderText {#text} at (133,4) size 271x16
            text run at (133,4) width 271: "Right fixed width div inside align=left div"
        RenderBlock {CENTER} at (6,102) size 408x24 [border: (2px solid #0000FF)]
          RenderText {#text} at (60,4) size 288x16
            text run at (60,4) width 288: "Center tag (fixed width) inside align=left div"
        RenderTable {TABLE} at (6,126) size 400x26 [border: (2px solid #0000FF)]
          RenderTableSection {TBODY} at (2,2) size 396x22
            RenderTableRow {TR} at (0,2) size 396x18
              RenderTableCell {TD} at (2,2) size 392x18 [r=0 c=0 rs=1 cs=1]
                RenderText {#text} at (1,1) size 88x16
                  text run at (1,1) width 88: "Normal table."
        RenderTable {TABLE} at (184.50,152) size 400x26 [border: (2px solid #0000FF)]
          RenderTableSection {TBODY} at (2,2) size 396x22
            RenderTableRow {TR} at (0,2) size 396x18
              RenderTableCell {TD} at (2,2) size 392x18 [r=0 c=0 rs=1 cs=1]
                RenderText {#text} at (1,1) size 133x16
                  text run at (1,1) width 133: "Center aligned table."
        RenderTable {TABLE} at (8,178) size 400x26 [border: (2px solid #0000FF)]
          RenderTableSection {TBODY} at (2,2) size 396x22
            RenderTableRow {TR} at (0,2) size 396x18
              RenderTableCell {TD} at (2,2) size 392x18 [r=0 c=0 rs=1 cs=1]
                RenderText {#text} at (1,1) size 185x16
                  text run at (1,1) width 185: "Center table (fixed margins)."
      RenderBlock {DIV} at (0,856) size 769x210 [border: (4px solid #008000)]
        RenderBlock {DIV} at (6,6) size 757x24 [border: (2px solid #0000FF)]
          RenderText {#text} at (264,4) size 229x16
            text run at (264,4) width 229: "Normal div inside align= center div"
        RenderBlock {DIV} at (6,30) size 757x24 [border: (2px solid #0000FF)]
          RenderText {#text} at (4,4) size 202x16
            text run at (4,4) width 202: "Left div inside align=center div"
        RenderBlock {DIV} at (6,54) size 757x24 [border: (2px solid #0000FF)]
          RenderText {#text} at (269,4) size 219x16
            text run at (269,4) width 219: "Center div inside align=center div"
        RenderBlock {DIV} at (6,78) size 757x24 [border: (2px solid #0000FF)]
          RenderText {#text} at (542,4) size 211x16
            text run at (542,4) width 211: "Right div inside align=center div"
        RenderBlock {CENTER} at (6,102) size 757x24 [border: (2px solid #0000FF)]
          RenderText {#text} at (270,4) size 217x16
            text run at (270,4) width 217: "Center tag inside align=center div"
        RenderTable {TABLE} at (335.50,126) size 98x26 [border: (2px solid #0000FF)]
          RenderTableSection {TBODY} at (2,2) size 94x22
            RenderTableRow {TR} at (0,2) size 94x18
              RenderTableCell {TD} at (2,2) size 90x18 [r=0 c=0 rs=1 cs=1]
                RenderText {#text} at (1,1) size 88x16
                  text run at (1,1) width 88: "Normal table."
        RenderTable {TABLE} at (313,152) size 143x26 [border: (2px solid #0000FF)]
          RenderTableSection {TBODY} at (2,2) size 139x22
            RenderTableRow {TR} at (0,2) size 139x18
              RenderTableCell {TD} at (2,2) size 135x18 [r=0 c=0 rs=1 cs=1]
                RenderText {#text} at (1,1) size 133x16
                  text run at (1,1) width 133: "Center aligned table."
        RenderTable {TABLE} at (287,178) size 195x26 [border: (2px solid #0000FF)]
          RenderTableSection {TBODY} at (2,2) size 191x22
            RenderTableRow {TR} at (0,2) size 191x18
              RenderTableCell {TD} at (2,2) size 187x18 [r=0 c=0 rs=1 cs=1]
                RenderText {#text} at (1,1) size 185x16
                  text run at (1,1) width 185: "Center table (fixed margins)."
      RenderBlock {DIV} at (0,1066) size 769x290 [border: (4px solid #800080)]
        RenderBlock {DIV} at (180.50,6) size 408x24 [border: (2px solid #0000FF)]
          RenderText {#text} at (53,4) size 302x16
            text run at (53,4) width 302: "Normal fixed width div inside align=center div"
        RenderBlock {DIV} at (355,30) size 408x40 [border: (2px solid #0000FF)]
          RenderText {#text} at (7,4) size 394x32
            text run at (7,4) width 394: "Normal fixed width div (auto left margin) inside align=center"
            text run at (193,20) width 22: "div"
        RenderBlock {DIV} at (6,70) size 408x40 [border: (2px solid #0000FF)]
          RenderText {#text} at (44,4) size 320x32
            text run at (44,4) width 320: "Normal fixed width div (auto right margin) inside"
            text run at (151,20) width 106: "align=center div"
        RenderBlock {DIV} at (180.50,110) size 408x24 [border: (2px solid #0000FF)]
          RenderText {#text} at (4,4) size 280x16
            text run at (4,4) width 280: "Left fixed width div inside align=center div"
        RenderBlock {DIV} at (180.50,134) size 408x24 [border: (2px solid #0000FF)]
          RenderText {#text} at (56,4) size 296x16
            text run at (56,4) width 296: "Center fixed width div inside align=center div"
        RenderBlock {DIV} at (180.50,158) size 408x24 [border: (2px solid #0000FF)]
          RenderText {#text} at (115,4) size 289x16
            text run at (115,4) width 289: "Right fixed width div inside align=center div"
        RenderBlock {CENTER} at (180.50,182) size 408x24 [border: (2px solid #0000FF)]
          RenderText {#text} at (51,4) size 306x16
            text run at (51,4) width 306: "Center tag (fixed width) inside align=center div"
        RenderTable {TABLE} at (184.50,206) size 400x26 [border: (2px solid #0000FF)]
          RenderTableSection {TBODY} at (2,2) size 396x22
            RenderTableRow {TR} at (0,2) size 396x18
              RenderTableCell {TD} at (2,2) size 392x18 [r=0 c=0 rs=1 cs=1]
                RenderText {#text} at (1,1) size 88x16
                  text run at (1,1) width 88: "Normal table."
        RenderTable {TABLE} at (184.50,232) size 400x26 [border: (2px solid #0000FF)]
          RenderTableSection {TBODY} at (2,2) size 396x22
            RenderTableRow {TR} at (0,2) size 396x18
              RenderTableCell {TD} at (2,2) size 392x18 [r=0 c=0 rs=1 cs=1]
                RenderText {#text} at (1,1) size 133x16
                  text run at (1,1) width 133: "Center aligned table."
        RenderTable {TABLE} at (184.50,258) size 400x26 [border: (2px solid #0000FF)]
          RenderTableSection {TBODY} at (2,2) size 396x22
            RenderTableRow {TR} at (0,2) size 396x18
              RenderTableCell {TD} at (2,2) size 392x18 [r=0 c=0 rs=1 cs=1]
                RenderText {#text} at (1,1) size 185x16
                  text run at (1,1) width 185: "Center table (fixed margins)."
      RenderBlock {DIV} at (0,1356) size 769x210 [border: (4px solid #008000)]
        RenderBlock {DIV} at (6,6) size 757x24 [border: (2px solid #0000FF)]
          RenderText {#text} at (537,4) size 216x16
            text run at (537,4) width 216: "Normal div inside align=right div"
        RenderBlock {DIV} at (6,30) size 757x24 [border: (2px solid #0000FF)]
          RenderText {#text} at (4,4) size 193x16
            text run at (4,4) width 193: "Left div inside align=right div"
        RenderBlock {DIV} at (6,54) size 757x24 [border: (2px solid #0000FF)]
          RenderText {#text} at (274,4) size 209x16
            text run at (274,4) width 209: "Center div inside align=right div"
        RenderBlock {DIV} at (6,78) size 757x24 [border: (2px solid #0000FF)]
          RenderText {#text} at (551,4) size 202x16
            text run at (551,4) width 202: "Right div inside align=right div"
        RenderBlock {CENTER} at (6,102) size 757x24 [border: (2px solid #0000FF)]
          RenderText {#text} at (274,4) size 209x16
            text run at (274,4) width 209: "Center tag inside align=right div"
        RenderTable {TABLE} at (665,126) size 98x26 [border: (2px solid #0000FF)]
          RenderTableSection {TBODY} at (2,2) size 94x22
            RenderTableRow {TR} at (0,2) size 94x18
              RenderTableCell {TD} at (2,2) size 90x18 [r=0 c=0 rs=1 cs=1]
                RenderText {#text} at (1,1) size 88x16
                  text run at (1,1) width 88: "Normal table."
        RenderTable {TABLE} at (313,152) size 143x26 [border: (2px solid #0000FF)]
          RenderTableSection {TBODY} at (2,2) size 139x22
            RenderTableRow {TR} at (0,2) size 139x18
              RenderTableCell {TD} at (2,2) size 135x18 [r=0 c=0 rs=1 cs=1]
                RenderText {#text} at (1,1) size 133x16
                  text run at (1,1) width 133: "Center aligned table."
        RenderTable {TABLE} at (566,178) size 195x26 [border: (2px solid #0000FF)]
          RenderTableSection {TBODY} at (2,2) size 191x22
            RenderTableRow {TR} at (0,2) size 191x18
              RenderTableCell {TD} at (2,2) size 187x18 [r=0 c=0 rs=1 cs=1]
                RenderText {#text} at (1,1) size 185x16
                  text run at (1,1) width 185: "Center table (fixed margins)."
      RenderBlock {DIV} at (0,1566) size 769x210 [border: (4px solid #800080)]
        RenderBlock {DIV} at (355,6) size 408x24 [border: (2px solid #0000FF)]
          RenderText {#text} at (111,4) size 293x16
            text run at (111,4) width 293: "Normal fixed width div inside align=right div"
        RenderBlock {DIV} at (355,30) size 408x24 [border: (2px solid #0000FF)]
          RenderText {#text} at (4,4) size 271x16
            text run at (4,4) width 271: "Left fixed width div inside align=right div"
        RenderBlock {DIV} at (355,54) size 408x24 [border: (2px solid #0000FF)]
          RenderText {#text} at (60,4) size 288x16
            text run at (60,4) width 288: "Center fixed width div inside align=right div"
        RenderBlock {DIV} at (355,78) size 408x24 [border: (2px solid #0000FF)]
          RenderText {#text} at (124,4) size 280x16
            text run at (124,4) width 280: "Right fixed width div inside align=right div"
        RenderBlock {CENTER} at (355,102) size 408x24 [border: (2px solid #0000FF)]
          RenderText {#text} at (55,4) size 298x16
            text run at (55,4) width 298: "Center tag (fixed width) inside align=right div"
        RenderTable {TABLE} at (363,126) size 400x26 [border: (2px solid #0000FF)]
          RenderTableSection {TBODY} at (2,2) size 396x22
            RenderTableRow {TR} at (0,2) size 396x18
              RenderTableCell {TD} at (2,2) size 392x18 [r=0 c=0 rs=1 cs=1]
                RenderText {#text} at (1,1) size 88x16
                  text run at (1,1) width 88: "Normal table."
        RenderTable {TABLE} at (184.50,152) size 400x26 [border: (2px solid #0000FF)]
          RenderTableSection {TBODY} at (2,2) size 396x22
            RenderTableRow {TR} at (0,2) size 396x18
              RenderTableCell {TD} at (2,2) size 392x18 [r=0 c=0 rs=1 cs=1]
                RenderText {#text} at (1,1) size 133x16
                  text run at (1,1) width 133: "Center aligned table."
        RenderTable {TABLE} at (361,178) size 400x26 [border: (2px solid #0000FF)]
          RenderTableSection {TBODY} at (2,2) size 396x22
            RenderTableRow {TR} at (0,2) size 396x18
              RenderTableCell {TD} at (2,2) size 392x18 [r=0 c=0 rs=1 cs=1]
                RenderText {#text} at (1,1) size 185x16
                  text run at (1,1) width 185: "Center table (fixed margins)."
      RenderBlock {P} at (0,1792) size 769x16
        RenderText {#text} at (0,0) size 378x16
          text run at (0,0) width 378: "This is a test using TABLE cells (all in the LTR direction)."
      RenderTable {TABLE} at (0,1824) size 769x216 [border: (2px solid #0000FF)]
        RenderTableSection {TBODY} at (2,2) size 765x212
          RenderTableRow {TR} at (0,2) size 765x208
            RenderTableCell {TD} at (2,2) size 761x208 [border: (4px solid #008000)] [r=0 c=0 rs=1 cs=1]
              RenderBlock {DIV} at (5,5) size 751x24 [border: (2px solid #0000FF)]
                RenderText {#text} at (4,4) size 182x16
                  text run at (4,4) width 182: "Normal div inside normal td"
              RenderBlock {DIV} at (5,29) size 751x24 [border: (2px solid #0000FF)]
                RenderText {#text} at (4,4) size 160x16
                  text run at (4,4) width 160: "Left div inside normal td"
              RenderBlock {DIV} at (5,53) size 751x24 [border: (2px solid #0000FF)]
                RenderText {#text} at (287,4) size 177x16
                  text run at (287,4) width 177: "Center div inside normal td"
              RenderBlock {DIV} at (5,77) size 751x24 [border: (2px solid #0000FF)]
                RenderText {#text} at (579,4) size 168x16
                  text run at (579,4) width 168: "Right div inside normal td"
              RenderBlock {CENTER} at (5,101) size 751x24 [border: (2px solid #0000FF)]
                RenderText {#text} at (288,4) size 175x16
                  text run at (288,4) width 175: "Center tag inside normal td"
              RenderTable {TABLE} at (5,125) size 98x26 [border: (2px solid #0000FF)]
                RenderTableSection {TBODY} at (2,2) size 94x22
                  RenderTableRow {TR} at (0,2) size 94x18
                    RenderTableCell {TD} at (2,2) size 90x18 [r=0 c=0 rs=1 cs=1]
                      RenderText {#text} at (1,1) size 88x16
                        text run at (1,1) width 88: "Normal table."
              RenderTable {TABLE} at (309,151) size 143x26 [border: (2px solid #0000FF)]
                RenderTableSection {TBODY} at (2,2) size 139x22
                  RenderTableRow {TR} at (0,2) size 139x18
                    RenderTableCell {TD} at (2,2) size 135x18 [r=0 c=0 rs=1 cs=1]
                      RenderText {#text} at (1,1) size 133x16
                        text run at (1,1) width 133: "Center aligned table."
              RenderTable {TABLE} at (7,177) size 195x26 [border: (2px solid #0000FF)]
                RenderTableSection {TBODY} at (2,2) size 191x22
                  RenderTableRow {TR} at (0,2) size 191x18
                    RenderTableCell {TD} at (2,2) size 187x18 [r=0 c=0 rs=1 cs=1]
                      RenderText {#text} at (1,1) size 185x16
                        text run at (1,1) width 185: "Center table (fixed margins)."
      RenderTable {TABLE} at (0,2040) size 769x216 [border: (2px solid #0000FF)]
        RenderTableSection {TBODY} at (2,2) size 765x212
          RenderTableRow {TR} at (0,2) size 765x208
            RenderTableCell {TD} at (2,2) size 761x208 [border: (4px solid #800080)] [r=0 c=0 rs=1 cs=1]
              RenderBlock {DIV} at (5,5) size 408x24 [border: (2px solid #0000FF)]
                RenderText {#text} at (4,4) size 259x16
                  text run at (4,4) width 259: "Normal fixed width div inside normal td"
              RenderBlock {DIV} at (5,29) size 408x24 [border: (2px solid #0000FF)]
                RenderText {#text} at (4,4) size 237x16
                  text run at (4,4) width 237: "Left fixed width div inside normal td"
              RenderBlock {DIV} at (5,53) size 408x24 [border: (2px solid #0000FF)]
                RenderText {#text} at (77,4) size 254x16
                  text run at (77,4) width 254: "Center fixed width div inside normal td"
              RenderBlock {DIV} at (5,77) size 408x24 [border: (2px solid #0000FF)]
                RenderText {#text} at (158,4) size 246x16
                  text run at (158,4) width 246: "Right fixed width div inside normal td"
              RenderBlock {CENTER} at (5,101) size 408x24 [border: (2px solid #0000FF)]
                RenderText {#text} at (72,4) size 264x16
                  text run at (72,4) width 264: "Center tag (fixed width) inside normal td"
              RenderTable {TABLE} at (5,125) size 400x26 [border: (2px solid #0000FF)]
                RenderTableSection {TBODY} at (2,2) size 396x22
                  RenderTableRow {TR} at (0,2) size 396x18
                    RenderTableCell {TD} at (2,2) size 392x18 [r=0 c=0 rs=1 cs=1]
                      RenderText {#text} at (1,1) size 88x16
                        text run at (1,1) width 88: "Normal table."
              RenderTable {TABLE} at (180.50,151) size 400x26 [border: (2px solid #0000FF)]
                RenderTableSection {TBODY} at (2,2) size 396x22
                  RenderTableRow {TR} at (0,2) size 396x18
                    RenderTableCell {TD} at (2,2) size 392x18 [r=0 c=0 rs=1 cs=1]
                      RenderText {#text} at (1,1) size 133x16
                        text run at (1,1) width 133: "Center aligned table."
              RenderTable {TABLE} at (7,177) size 400x26 [border: (2px solid #0000FF)]
                RenderTableSection {TBODY} at (2,2) size 396x22
                  RenderTableRow {TR} at (0,2) size 396x18
                    RenderTableCell {TD} at (2,2) size 392x18 [r=0 c=0 rs=1 cs=1]
                      RenderText {#text} at (1,1) size 185x16
                        text run at (1,1) width 185: "Center table (fixed margins)."
      RenderTable {TABLE} at (0,2256) size 769x216 [border: (2px solid #0000FF)]
        RenderTableSection {TBODY} at (2,2) size 765x212
          RenderTableRow {TR} at (0,2) size 765x208
            RenderTableCell {TD} at (2,2) size 761x208 [border: (4px solid #008000)] [r=0 c=0 rs=1 cs=1]
              RenderBlock {DIV} at (5,5) size 751x24 [border: (2px solid #0000FF)]
                RenderText {#text} at (4,4) size 199x16
                  text run at (4,4) width 199: "Normal div inside align=left td"
              RenderBlock {DIV} at (5,29) size 751x24 [border: (2px solid #0000FF)]
                RenderText {#text} at (4,4) size 177x16
                  text run at (4,4) width 177: "Left div inside align=left td"
              RenderBlock {DIV} at (5,53) size 751x24 [border: (2px solid #0000FF)]
                RenderText {#text} at (279,4) size 193x16
                  text run at (279,4) width 193: "Center div inside align=left td"
              RenderBlock {DIV} at (5,77) size 751x24 [border: (2px solid #0000FF)]
                RenderText {#text} at (561,4) size 186x16
                  text run at (561,4) width 186: "Right div inside align=left td"
              RenderBlock {CENTER} at (5,101) size 751x24 [border: (2px solid #0000FF)]
                RenderText {#text} at (279,4) size 193x16
                  text run at (279,4) width 193: "Center tag inside align=left td"
              RenderTable {TABLE} at (5,125) size 98x26 [border: (2px solid #0000FF)]
                RenderTableSection {TBODY} at (2,2) size 94x22
                  RenderTableRow {TR} at (0,2) size 94x18
                    RenderTableCell {TD} at (2,2) size 90x18 [r=0 c=0 rs=1 cs=1]
                      RenderText {#text} at (1,1) size 88x16
                        text run at (1,1) width 88: "Normal table."
              RenderTable {TABLE} at (309,151) size 143x26 [border: (2px solid #0000FF)]
                RenderTableSection {TBODY} at (2,2) size 139x22
                  RenderTableRow {TR} at (0,2) size 139x18
                    RenderTableCell {TD} at (2,2) size 135x18 [r=0 c=0 rs=1 cs=1]
                      RenderText {#text} at (1,1) size 133x16
                        text run at (1,1) width 133: "Center aligned table."
              RenderTable {TABLE} at (7,177) size 195x26 [border: (2px solid #0000FF)]
                RenderTableSection {TBODY} at (2,2) size 191x22
                  RenderTableRow {TR} at (0,2) size 191x18
                    RenderTableCell {TD} at (2,2) size 187x18 [r=0 c=0 rs=1 cs=1]
                      RenderText {#text} at (1,1) size 185x16
                        text run at (1,1) width 185: "Center table (fixed margins)."
      RenderTable {TABLE} at (0,2472) size 769x216 [border: (2px solid #0000FF)]
        RenderTableSection {TBODY} at (2,2) size 765x212
          RenderTableRow {TR} at (0,2) size 765x208
            RenderTableCell {TD} at (2,2) size 761x208 [border: (4px solid #800080)] [r=0 c=0 rs=1 cs=1]
              RenderBlock {DIV} at (5,5) size 408x24 [border: (2px solid #0000FF)]
                RenderText {#text} at (4,4) size 276x16
                  text run at (4,4) width 276: "Normal fixed width div inside align=left td"
              RenderBlock {DIV} at (5,29) size 408x24 [border: (2px solid #0000FF)]
                RenderText {#text} at (4,4) size 254x16
                  text run at (4,4) width 254: "Left fixed width div inside align=left td"
              RenderBlock {DIV} at (5,53) size 408x24 [border: (2px solid #0000FF)]
                RenderText {#text} at (69,4) size 270x16
                  text run at (69,4) width 270: "Center fixed width div inside align=left td"
              RenderBlock {DIV} at (5,77) size 408x24 [border: (2px solid #0000FF)]
                RenderText {#text} at (141,4) size 263x16
                  text run at (141,4) width 263: "Right fixed width div inside align=left td"
              RenderBlock {CENTER} at (5,101) size 408x24 [border: (2px solid #0000FF)]
                RenderText {#text} at (64,4) size 280x16
                  text run at (64,4) width 280: "Center tag (fixed width) inside align=left td"
              RenderTable {TABLE} at (5,125) size 400x26 [border: (2px solid #0000FF)]
                RenderTableSection {TBODY} at (2,2) size 396x22
                  RenderTableRow {TR} at (0,2) size 396x18
                    RenderTableCell {TD} at (2,2) size 392x18 [r=0 c=0 rs=1 cs=1]
                      RenderText {#text} at (1,1) size 88x16
                        text run at (1,1) width 88: "Normal table."
              RenderTable {TABLE} at (180.50,151) size 400x26 [border: (2px solid #0000FF)]
                RenderTableSection {TBODY} at (2,2) size 396x22
                  RenderTableRow {TR} at (0,2) size 396x18
                    RenderTableCell {TD} at (2,2) size 392x18 [r=0 c=0 rs=1 cs=1]
                      RenderText {#text} at (1,1) size 133x16
                        text run at (1,1) width 133: "Center aligned table."
              RenderTable {TABLE} at (7,177) size 400x26 [border: (2px solid #0000FF)]
                RenderTableSection {TBODY} at (2,2) size 396x22
                  RenderTableRow {TR} at (0,2) size 396x18
                    RenderTableCell {TD} at (2,2) size 392x18 [r=0 c=0 rs=1 cs=1]
                      RenderText {#text} at (1,1) size 185x16
                        text run at (1,1) width 185: "Center table (fixed margins)."
      RenderTable {TABLE} at (0,2688) size 769x216 [border: (2px solid #0000FF)]
        RenderTableSection {TBODY} at (2,2) size 765x212
          RenderTableRow {TR} at (0,2) size 765x208
            RenderTableCell {TD} at (2,2) size 761x208 [border: (4px solid #008000)] [r=0 c=0 rs=1 cs=1]
              RenderBlock {DIV} at (5,5) size 751x24 [border: (2px solid #0000FF)]
                RenderText {#text} at (265,4) size 221x16
                  text run at (265,4) width 221: "Normal div inside align= center td"
              RenderBlock {DIV} at (5,29) size 751x24 [border: (2px solid #0000FF)]
                RenderText {#text} at (4,4) size 194x16
                  text run at (4,4) width 194: "Left div inside align=center td"
              RenderBlock {DIV} at (5,53) size 751x24 [border: (2px solid #0000FF)]
                RenderText {#text} at (270,4) size 211x16
                  text run at (270,4) width 211: "Center div inside align=center td"
              RenderBlock {DIV} at (5,77) size 751x24 [border: (2px solid #0000FF)]
                RenderText {#text} at (544,4) size 203x16
                  text run at (544,4) width 203: "Right div inside align=center td"
              RenderBlock {CENTER} at (5,101) size 751x24 [border: (2px solid #0000FF)]
                RenderText {#text} at (271,4) size 209x16
                  text run at (271,4) width 209: "Center tag inside align=center td"
              RenderTable {TABLE} at (331.50,125) size 98x26 [border: (2px solid #0000FF)]
                RenderTableSection {TBODY} at (2,2) size 94x22
                  RenderTableRow {TR} at (0,2) size 94x18
                    RenderTableCell {TD} at (2,2) size 90x18 [r=0 c=0 rs=1 cs=1]
                      RenderText {#text} at (1,1) size 88x16
                        text run at (1,1) width 88: "Normal table."
              RenderTable {TABLE} at (309,151) size 143x26 [border: (2px solid #0000FF)]
                RenderTableSection {TBODY} at (2,2) size 139x22
                  RenderTableRow {TR} at (0,2) size 139x18
                    RenderTableCell {TD} at (2,2) size 135x18 [r=0 c=0 rs=1 cs=1]
                      RenderText {#text} at (1,1) size 133x16
                        text run at (1,1) width 133: "Center aligned table."
              RenderTable {TABLE} at (283,177) size 195x26 [border: (2px solid #0000FF)]
                RenderTableSection {TBODY} at (2,2) size 191x22
                  RenderTableRow {TR} at (0,2) size 191x18
                    RenderTableCell {TD} at (2,2) size 187x18 [r=0 c=0 rs=1 cs=1]
                      RenderText {#text} at (1,1) size 185x16
                        text run at (1,1) width 185: "Center table (fixed margins)."
      RenderTable {TABLE} at (0,2904) size 769x216 [border: (2px solid #0000FF)]
        RenderTableSection {TBODY} at (2,2) size 765x212
          RenderTableRow {TR} at (0,2) size 765x208
            RenderTableCell {TD} at (2,2) size 761x208 [border: (4px solid #800080)] [r=0 c=0 rs=1 cs=1]
              RenderBlock {DIV} at (176.50,5) size 408x24 [border: (2px solid #0000FF)]
                RenderText {#text} at (57,4) size 294x16
                  text run at (57,4) width 294: "Normal fixed width div inside align=center td"
              RenderBlock {DIV} at (176.50,29) size 408x24 [border: (2px solid #0000FF)]
                RenderText {#text} at (4,4) size 272x16
                  text run at (4,4) width 272: "Left fixed width div inside align=center td"
              RenderBlock {DIV} at (176.50,53) size 408x24 [border: (2px solid #0000FF)]
                RenderText {#text} at (60,4) size 288x16
                  text run at (60,4) width 288: "Center fixed width div inside align=center td"
              RenderBlock {DIV} at (176.50,77) size 408x24 [border: (2px solid #0000FF)]
                RenderText {#text} at (123,4) size 281x16
                  text run at (123,4) width 281: "Right fixed width div inside align=center td"
              RenderBlock {CENTER} at (176.50,101) size 408x24 [border: (2px solid #0000FF)]
                RenderText {#text} at (55,4) size 298x16
                  text run at (55,4) width 298: "Center tag (fixed width) inside align=center td"
              RenderTable {TABLE} at (180.50,125) size 400x26 [border: (2px solid #0000FF)]
                RenderTableSection {TBODY} at (2,2) size 396x22
                  RenderTableRow {TR} at (0,2) size 396x18
                    RenderTableCell {TD} at (2,2) size 392x18 [r=0 c=0 rs=1 cs=1]
                      RenderText {#text} at (1,1) size 88x16
                        text run at (1,1) width 88: "Normal table."
              RenderTable {TABLE} at (180.50,151) size 400x26 [border: (2px solid #0000FF)]
                RenderTableSection {TBODY} at (2,2) size 396x22
                  RenderTableRow {TR} at (0,2) size 396x18
                    RenderTableCell {TD} at (2,2) size 392x18 [r=0 c=0 rs=1 cs=1]
                      RenderText {#text} at (1,1) size 133x16
                        text run at (1,1) width 133: "Center aligned table."
              RenderTable {TABLE} at (180.50,177) size 400x26 [border: (2px solid #0000FF)]
                RenderTableSection {TBODY} at (2,2) size 396x22
                  RenderTableRow {TR} at (0,2) size 396x18
                    RenderTableCell {TD} at (2,2) size 392x18 [r=0 c=0 rs=1 cs=1]
                      RenderText {#text} at (1,1) size 185x16
                        text run at (1,1) width 185: "Center table (fixed margins)."
      RenderTable {TABLE} at (0,3120) size 769x216 [border: (2px solid #0000FF)]
        RenderTableSection {TBODY} at (2,2) size 765x212
          RenderTableRow {TR} at (0,2) size 765x208
            RenderTableCell {TD} at (2,2) size 761x208 [border: (4px solid #008000)] [r=0 c=0 rs=1 cs=1]
              RenderBlock {DIV} at (5,5) size 751x24 [border: (2px solid #0000FF)]
                RenderText {#text} at (539,4) size 208x16
                  text run at (539,4) width 208: "Normal div inside align=right td"
              RenderBlock {DIV} at (5,29) size 751x24 [border: (2px solid #0000FF)]
                RenderText {#text} at (4,4) size 185x16
                  text run at (4,4) width 185: "Left div inside align=right td"
              RenderBlock {DIV} at (5,53) size 751x24 [border: (2px solid #0000FF)]
                RenderText {#text} at (275,4) size 201x16
                  text run at (275,4) width 201: "Center div inside align=right td"
              RenderBlock {DIV} at (5,77) size 751x24 [border: (2px solid #0000FF)]
                RenderText {#text} at (553,4) size 194x16
                  text run at (553,4) width 194: "Right div inside align=right td"
              RenderBlock {CENTER} at (5,101) size 751x24 [border: (2px solid #0000FF)]
                RenderText {#text} at (275,4) size 201x16
                  text run at (275,4) width 201: "Center tag inside align=right td"
              RenderTable {TABLE} at (658,125) size 98x26 [border: (2px solid #0000FF)]
                RenderTableSection {TBODY} at (2,2) size 94x22
                  RenderTableRow {TR} at (0,2) size 94x18
                    RenderTableCell {TD} at (2,2) size 90x18 [r=0 c=0 rs=1 cs=1]
                      RenderText {#text} at (1,1) size 88x16
                        text run at (1,1) width 88: "Normal table."
              RenderTable {TABLE} at (309,151) size 143x26 [border: (2px solid #0000FF)]
                RenderTableSection {TBODY} at (2,2) size 139x22
                  RenderTableRow {TR} at (0,2) size 139x18
                    RenderTableCell {TD} at (2,2) size 135x18 [r=0 c=0 rs=1 cs=1]
                      RenderText {#text} at (1,1) size 133x16
                        text run at (1,1) width 133: "Center aligned table."
              RenderTable {TABLE} at (559,177) size 195x26 [border: (2px solid #0000FF)]
                RenderTableSection {TBODY} at (2,2) size 191x22
                  RenderTableRow {TR} at (0,2) size 191x18
                    RenderTableCell {TD} at (2,2) size 187x18 [r=0 c=0 rs=1 cs=1]
                      RenderText {#text} at (1,1) size 185x16
                        text run at (1,1) width 185: "Center table (fixed margins)."
      RenderTable {TABLE} at (0,3336) size 769x216 [border: (2px solid #0000FF)]
        RenderTableSection {TBODY} at (2,2) size 765x212
          RenderTableRow {TR} at (0,2) size 765x208
            RenderTableCell {TD} at (2,2) size 761x208 [border: (4px solid #800080)] [r=0 c=0 rs=1 cs=1]
              RenderBlock {DIV} at (348,5) size 408x24 [border: (2px solid #0000FF)]
                RenderText {#text} at (119,4) size 285x16
                  text run at (119,4) width 285: "Normal fixed width div inside align=right td"
              RenderBlock {DIV} at (348,29) size 408x24 [border: (2px solid #0000FF)]
                RenderText {#text} at (4,4) size 263x16
                  text run at (4,4) width 263: "Left fixed width div inside align=right td"
              RenderBlock {DIV} at (348,53) size 408x24 [border: (2px solid #0000FF)]
                RenderText {#text} at (64,4) size 280x16
                  text run at (64,4) width 280: "Center fixed width div inside align=right td"
              RenderBlock {DIV} at (348,77) size 408x24 [border: (2px solid #0000FF)]
                RenderText {#text} at (132,4) size 272x16
                  text run at (132,4) width 272: "Right fixed width div inside align=right td"
              RenderBlock {CENTER} at (348,101) size 408x24 [border: (2px solid #0000FF)]
                RenderText {#text} at (59,4) size 290x16
                  text run at (59,4) width 290: "Center tag (fixed width) inside align=right td"
              RenderTable {TABLE} at (356,125) size 400x26 [border: (2px solid #0000FF)]
                RenderTableSection {TBODY} at (2,2) size 396x22
                  RenderTableRow {TR} at (0,2) size 396x18
                    RenderTableCell {TD} at (2,2) size 392x18 [r=0 c=0 rs=1 cs=1]
                      RenderText {#text} at (1,1) size 88x16
                        text run at (1,1) width 88: "Normal table."
              RenderTable {TABLE} at (180.50,151) size 400x26 [border: (2px solid #0000FF)]
                RenderTableSection {TBODY} at (2,2) size 396x22
                  RenderTableRow {TR} at (0,2) size 396x18
                    RenderTableCell {TD} at (2,2) size 392x18 [r=0 c=0 rs=1 cs=1]
                      RenderText {#text} at (1,1) size 133x16
                        text run at (1,1) width 133: "Center aligned table."
              RenderTable {TABLE} at (354,177) size 400x26 [border: (2px solid #0000FF)]
                RenderTableSection {TBODY} at (2,2) size 396x22
                  RenderTableRow {TR} at (0,2) size 396x18
                    RenderTableCell {TD} at (2,2) size 392x18 [r=0 c=0 rs=1 cs=1]
                      RenderText {#text} at (1,1) size 185x16
                        text run at (1,1) width 185: "Center table (fixed margins)."
      RenderBlock {DIV} at (0,3568) size 769x3476
        RenderBlock (anonymous) at (2,2) size 765x16
          RenderText {#text} at (311,0) size 454x16
            text run at (311,0) width 5 RTL: "."
            text run at (315,0) width 450: "This is a test of all the various HTML alignments using RTL direction"
        RenderBlock {DIV} at (2,18) size 765x210 [border: (4px solid #008000)]
          RenderBlock {DIV} at (6,6) size 753x24 [border: (2px solid #0000FF)]
            RenderText {#text} at (559,4) size 190x16
              text run at (559,4) width 190: "Normal div inside normal div"
          RenderBlock {DIV} at (6,30) size 753x24 [border: (2px solid #0000FF)]
            RenderText {#text} at (4,4) size 168x16
              text run at (4,4) width 168: "Left div inside normal div"
          RenderBlock {DIV} at (6,54) size 753x24 [border: (2px solid #0000FF)]
            RenderText {#text} at (284,4) size 185x16
              text run at (284,4) width 185: "Center div inside normal div"
          RenderBlock {DIV} at (6,78) size 753x24 [border: (2px solid #0000FF)]
            RenderText {#text} at (573,4) size 176x16
              text run at (573,4) width 176: "Right div inside normal div"
          RenderBlock {CENTER} at (6,102) size 753x24 [border: (2px solid #0000FF)]
            RenderText {#text} at (285,4) size 183x16
              text run at (285,4) width 183: "Center tag inside normal div"
          RenderTable {TABLE} at (661,126) size 98x26 [border: (2px solid #0000FF)]
            RenderTableSection {TBODY} at (2,2) size 94x22
              RenderTableRow {TR} at (0,2) size 94x18
                RenderTableCell {TD} at (2,2) size 90x18 [r=0 c=0 rs=1 cs=1]
                  RenderText {#text} at (1,1) size 88x16
                    text run at (1,1) width 5 RTL: "."
                    text run at (5,1) width 84: "Normal table"
          RenderTable {TABLE} at (311,152) size 143x26 [border: (2px solid #0000FF)]
            RenderTableSection {TBODY} at (2,2) size 139x22
              RenderTableRow {TR} at (0,2) size 139x18
                RenderTableCell {TD} at (2,2) size 135x18 [r=0 c=0 rs=1 cs=1]
                  RenderText {#text} at (1,1) size 133x16
                    text run at (1,1) width 5 RTL: "."
                    text run at (5,1) width 129: "Center aligned table"
          RenderTable {TABLE} at (562,178) size 195x26 [border: (2px solid #0000FF)]
            RenderTableSection {TBODY} at (2,2) size 191x22
              RenderTableRow {TR} at (0,2) size 191x18
                RenderTableCell {TD} at (2,2) size 187x18 [r=0 c=0 rs=1 cs=1]
                  RenderText {#text} at (1,1) size 185x16
                    text run at (1,1) width 10 RTL: ")."
                    text run at (10,1) width 176: "Center table (fixed margins"
        RenderBlock {DIV} at (2,228) size 765x210 [border: (4px solid #800080)]
          RenderBlock {DIV} at (351,6) size 408x24 [border: (2px solid #0000FF)]
            RenderText {#text} at (137,4) size 267x16
              text run at (137,4) width 267: "Normal fixed width div inside normal div"
          RenderBlock {DIV} at (351,30) size 408x24 [border: (2px solid #0000FF)]
            RenderText {#text} at (4,4) size 245x16
              text run at (4,4) width 245: "Left fixed width div inside normal div"
          RenderBlock {DIV} at (351,54) size 408x24 [border: (2px solid #0000FF)]
            RenderText {#text} at (73,4) size 262x16
              text run at (73,4) width 262: "Center fixed width div inside normal div"
          RenderBlock {DIV} at (351,78) size 408x24 [border: (2px solid #0000FF)]
            RenderText {#text} at (150,4) size 254x16
              text run at (150,4) width 254: "Right fixed width div inside normal div"
          RenderBlock {CENTER} at (351,102) size 408x24 [border: (2px solid #0000FF)]
            RenderText {#text} at (68,4) size 272x16
              text run at (68,4) width 272: "Center tag (fixed width) inside normal div"
          RenderTable {TABLE} at (359,126) size 400x26 [border: (2px solid #0000FF)]
            RenderTableSection {TBODY} at (2,2) size 396x22
              RenderTableRow {TR} at (0,2) size 396x18
                RenderTableCell {TD} at (2,2) size 392x18 [r=0 c=0 rs=1 cs=1]
                  RenderText {#text} at (303,1) size 88x16
                    text run at (303,1) width 5 RTL: "."
                    text run at (307,1) width 84: "Normal table"
          RenderTable {TABLE} at (182.50,152) size 400x26 [border: (2px solid #0000FF)]
            RenderTableSection {TBODY} at (2,2) size 396x22
              RenderTableRow {TR} at (0,2) size 396x18
                RenderTableCell {TD} at (2,2) size 392x18 [r=0 c=0 rs=1 cs=1]
                  RenderText {#text} at (258,1) size 133x16
                    text run at (258,1) width 5 RTL: "."
                    text run at (262,1) width 129: "Center aligned table"
          RenderTable {TABLE} at (357,178) size 400x26 [border: (2px solid #0000FF)]
            RenderTableSection {TBODY} at (2,2) size 396x22
              RenderTableRow {TR} at (0,2) size 396x18
                RenderTableCell {TD} at (2,2) size 392x18 [r=0 c=0 rs=1 cs=1]
                  RenderText {#text} at (206,1) size 185x16
                    text run at (206,1) width 10 RTL: ")."
                    text run at (215,1) width 176: "Center table (fixed margins"
        RenderBlock {DIV} at (2,438) size 765x210 [border: (4px solid #008000)]
          RenderBlock {DIV} at (6,6) size 753x24 [border: (2px solid #0000FF)]
            RenderText {#text} at (4,4) size 207x16
              text run at (4,4) width 207: "Normal div inside align=left div"
          RenderBlock {DIV} at (6,30) size 753x24 [border: (2px solid #0000FF)]
            RenderText {#text} at (4,4) size 185x16
              text run at (4,4) width 185: "Left div inside align=left div"
          RenderBlock {DIV} at (6,54) size 753x24 [border: (2px solid #0000FF)]
            RenderText {#text} at (276,4) size 201x16
              text run at (276,4) width 201: "Center div inside align=left div"
          RenderBlock {DIV} at (6,78) size 753x24 [border: (2px solid #0000FF)]
            RenderText {#text} at (555,4) size 194x16
              text run at (555,4) width 194: "Right div inside align=left div"
          RenderBlock {CENTER} at (6,102) size 753x24 [border: (2px solid #0000FF)]
            RenderText {#text} at (276,4) size 201x16
              text run at (276,4) width 201: "Center tag inside align=left div"
          RenderTable {TABLE} at (6,126) size 98x26 [border: (2px solid #0000FF)]
            RenderTableSection {TBODY} at (2,2) size 94x22
              RenderTableRow {TR} at (0,2) size 94x18
                RenderTableCell {TD} at (2,2) size 90x18 [r=0 c=0 rs=1 cs=1]
                  RenderText {#text} at (1,1) size 88x16
                    text run at (1,1) width 5 RTL: "."
                    text run at (5,1) width 84: "Normal table"
          RenderTable {TABLE} at (311,152) size 143x26 [border: (2px solid #0000FF)]
            RenderTableSection {TBODY} at (2,2) size 139x22
              RenderTableRow {TR} at (0,2) size 139x18
                RenderTableCell {TD} at (2,2) size 135x18 [r=0 c=0 rs=1 cs=1]
                  RenderText {#text} at (1,1) size 133x16
                    text run at (1,1) width 5 RTL: "."
                    text run at (5,1) width 129: "Center aligned table"
          RenderTable {TABLE} at (8,178) size 195x26 [border: (2px solid #0000FF)]
            RenderTableSection {TBODY} at (2,2) size 191x22
              RenderTableRow {TR} at (0,2) size 191x18
                RenderTableCell {TD} at (2,2) size 187x18 [r=0 c=0 rs=1 cs=1]
                  RenderText {#text} at (1,1) size 185x16
                    text run at (1,1) width 10 RTL: ")."
                    text run at (10,1) width 176: "Center table (fixed margins"
        RenderBlock {DIV} at (2,648) size 765x210 [border: (4px solid #800080)]
          RenderBlock {DIV} at (6,6) size 408x24 [border: (2px solid #0000FF)]
            RenderText {#text} at (4,4) size 284x16
              text run at (4,4) width 284: "Normal fixed width div inside align=left div"
          RenderBlock {DIV} at (6,30) size 408x24 [border: (2px solid #0000FF)]
            RenderText {#text} at (4,4) size 262x16
              text run at (4,4) width 262: "Left fixed width div inside align=left div"
          RenderBlock {DIV} at (6,54) size 408x24 [border: (2px solid #0000FF)]
            RenderText {#text} at (65,4) size 278x16
              text run at (65,4) width 278: "Center fixed width div inside align=left div"
          RenderBlock {DIV} at (6,78) size 408x24 [border: (2px solid #0000FF)]
            RenderText {#text} at (133,4) size 271x16
              text run at (133,4) width 271: "Right fixed width div inside align=left div"
          RenderBlock {CENTER} at (6,102) size 408x24 [border: (2px solid #0000FF)]
            RenderText {#text} at (60,4) size 288x16
              text run at (60,4) width 288: "Center tag (fixed width) inside align=left div"
          RenderTable {TABLE} at (6,126) size 400x26 [border: (2px solid #0000FF)]
            RenderTableSection {TBODY} at (2,2) size 396x22
              RenderTableRow {TR} at (0,2) size 396x18
                RenderTableCell {TD} at (2,2) size 392x18 [r=0 c=0 rs=1 cs=1]
                  RenderText {#text} at (303,1) size 88x16
                    text run at (303,1) width 5 RTL: "."
                    text run at (307,1) width 84: "Normal table"
          RenderTable {TABLE} at (182.50,152) size 400x26 [border: (2px solid #0000FF)]
            RenderTableSection {TBODY} at (2,2) size 396x22
              RenderTableRow {TR} at (0,2) size 396x18
                RenderTableCell {TD} at (2,2) size 392x18 [r=0 c=0 rs=1 cs=1]
                  RenderText {#text} at (258,1) size 133x16
                    text run at (258,1) width 5 RTL: "."
                    text run at (262,1) width 129: "Center aligned table"
          RenderTable {TABLE} at (8,178) size 400x26 [border: (2px solid #0000FF)]
            RenderTableSection {TBODY} at (2,2) size 396x22
              RenderTableRow {TR} at (0,2) size 396x18
                RenderTableCell {TD} at (2,2) size 392x18 [r=0 c=0 rs=1 cs=1]
                  RenderText {#text} at (206,1) size 185x16
                    text run at (206,1) width 10 RTL: ")."
                    text run at (215,1) width 176: "Center table (fixed margins"
        RenderBlock {DIV} at (2,858) size 765x210 [border: (4px solid #008000)]
          RenderBlock {DIV} at (6,6) size 753x24 [border: (2px solid #0000FF)]
            RenderText {#text} at (262,4) size 229x16
              text run at (262,4) width 229: "Normal div inside align= center div"
          RenderBlock {DIV} at (6,30) size 753x24 [border: (2px solid #0000FF)]
            RenderText {#text} at (4,4) size 202x16
              text run at (4,4) width 202: "Left div inside align=center div"
          RenderBlock {DIV} at (6,54) size 753x24 [border: (2px solid #0000FF)]
            RenderText {#text} at (267,4) size 219x16
              text run at (267,4) width 219: "Center div inside align=center div"
          RenderBlock {DIV} at (6,78) size 753x24 [border: (2px solid #0000FF)]
            RenderText {#text} at (538,4) size 211x16
              text run at (538,4) width 211: "Right div inside align=center div"
          RenderBlock {CENTER} at (6,102) size 753x24 [border: (2px solid #0000FF)]
            RenderText {#text} at (268,4) size 217x16
              text run at (268,4) width 217: "Center tag inside align=center div"
          RenderTable {TABLE} at (333.50,126) size 98x26 [border: (2px solid #0000FF)]
            RenderTableSection {TBODY} at (2,2) size 94x22
              RenderTableRow {TR} at (0,2) size 94x18
                RenderTableCell {TD} at (2,2) size 90x18 [r=0 c=0 rs=1 cs=1]
                  RenderText {#text} at (1,1) size 88x16
                    text run at (1,1) width 5 RTL: "."
                    text run at (5,1) width 84: "Normal table"
          RenderTable {TABLE} at (311,152) size 143x26 [border: (2px solid #0000FF)]
            RenderTableSection {TBODY} at (2,2) size 139x22
              RenderTableRow {TR} at (0,2) size 139x18
                RenderTableCell {TD} at (2,2) size 135x18 [r=0 c=0 rs=1 cs=1]
                  RenderText {#text} at (1,1) size 133x16
                    text run at (1,1) width 5 RTL: "."
                    text run at (5,1) width 129: "Center aligned table"
          RenderTable {TABLE} at (285,178) size 195x26 [border: (2px solid #0000FF)]
            RenderTableSection {TBODY} at (2,2) size 191x22
              RenderTableRow {TR} at (0,2) size 191x18
                RenderTableCell {TD} at (2,2) size 187x18 [r=0 c=0 rs=1 cs=1]
                  RenderText {#text} at (1,1) size 185x16
                    text run at (1,1) width 10 RTL: ")."
                    text run at (10,1) width 176: "Center table (fixed margins"
        RenderBlock {DIV} at (2,1068) size 765x210 [border: (4px solid #800080)]
          RenderBlock {DIV} at (178.50,6) size 408x24 [border: (2px solid #0000FF)]
            RenderText {#text} at (53,4) size 302x16
              text run at (53,4) width 302: "Normal fixed width div inside align=center div"
          RenderBlock {DIV} at (178.50,30) size 408x24 [border: (2px solid #0000FF)]
            RenderText {#text} at (4,4) size 280x16
              text run at (4,4) width 280: "Left fixed width div inside align=center div"
          RenderBlock {DIV} at (178.50,54) size 408x24 [border: (2px solid #0000FF)]
            RenderText {#text} at (56,4) size 296x16
              text run at (56,4) width 296: "Center fixed width div inside align=center div"
          RenderBlock {DIV} at (178.50,78) size 408x24 [border: (2px solid #0000FF)]
            RenderText {#text} at (115,4) size 289x16
              text run at (115,4) width 289: "Right fixed width div inside align=center div"
          RenderBlock {CENTER} at (178.50,102) size 408x24 [border: (2px solid #0000FF)]
            RenderText {#text} at (51,4) size 306x16
              text run at (51,4) width 306: "Center tag (fixed width) inside align=center div"
          RenderTable {TABLE} at (182.50,126) size 400x26 [border: (2px solid #0000FF)]
            RenderTableSection {TBODY} at (2,2) size 396x22
              RenderTableRow {TR} at (0,2) size 396x18
                RenderTableCell {TD} at (2,2) size 392x18 [r=0 c=0 rs=1 cs=1]
                  RenderText {#text} at (303,1) size 88x16
                    text run at (303,1) width 5 RTL: "."
                    text run at (307,1) width 84: "Normal table"
          RenderTable {TABLE} at (182.50,152) size 400x26 [border: (2px solid #0000FF)]
            RenderTableSection {TBODY} at (2,2) size 396x22
              RenderTableRow {TR} at (0,2) size 396x18
                RenderTableCell {TD} at (2,2) size 392x18 [r=0 c=0 rs=1 cs=1]
                  RenderText {#text} at (258,1) size 133x16
                    text run at (258,1) width 5 RTL: "."
                    text run at (262,1) width 129: "Center aligned table"
          RenderTable {TABLE} at (182.50,178) size 400x26 [border: (2px solid #0000FF)]
            RenderTableSection {TBODY} at (2,2) size 396x22
              RenderTableRow {TR} at (0,2) size 396x18
                RenderTableCell {TD} at (2,2) size 392x18 [r=0 c=0 rs=1 cs=1]
                  RenderText {#text} at (206,1) size 185x16
                    text run at (206,1) width 10 RTL: ")."
                    text run at (215,1) width 176: "Center table (fixed margins"
        RenderBlock {DIV} at (2,1278) size 765x210 [border: (4px solid #008000)]
          RenderBlock {DIV} at (6,6) size 753x24 [border: (2px solid #0000FF)]
            RenderText {#text} at (533,4) size 216x16
              text run at (533,4) width 216: "Normal div inside align=right div"
          RenderBlock {DIV} at (6,30) size 753x24 [border: (2px solid #0000FF)]
            RenderText {#text} at (4,4) size 193x16
              text run at (4,4) width 193: "Left div inside align=right div"
          RenderBlock {DIV} at (6,54) size 753x24 [border: (2px solid #0000FF)]
            RenderText {#text} at (272,4) size 209x16
              text run at (272,4) width 209: "Center div inside align=right div"
          RenderBlock {DIV} at (6,78) size 753x24 [border: (2px solid #0000FF)]
            RenderText {#text} at (547,4) size 202x16
              text run at (547,4) width 202: "Right div inside align=right div"
          RenderBlock {CENTER} at (6,102) size 753x24 [border: (2px solid #0000FF)]
            RenderText {#text} at (272,4) size 209x16
              text run at (272,4) width 209: "Center tag inside align=right div"
          RenderTable {TABLE} at (661,126) size 98x26 [border: (2px solid #0000FF)]
            RenderTableSection {TBODY} at (2,2) size 94x22
              RenderTableRow {TR} at (0,2) size 94x18
                RenderTableCell {TD} at (2,2) size 90x18 [r=0 c=0 rs=1 cs=1]
                  RenderText {#text} at (1,1) size 88x16
                    text run at (1,1) width 5 RTL: "."
                    text run at (5,1) width 84: "Normal table"
          RenderTable {TABLE} at (311,152) size 143x26 [border: (2px solid #0000FF)]
            RenderTableSection {TBODY} at (2,2) size 139x22
              RenderTableRow {TR} at (0,2) size 139x18
                RenderTableCell {TD} at (2,2) size 135x18 [r=0 c=0 rs=1 cs=1]
                  RenderText {#text} at (1,1) size 133x16
                    text run at (1,1) width 5 RTL: "."
                    text run at (5,1) width 129: "Center aligned table"
          RenderTable {TABLE} at (562,178) size 195x26 [border: (2px solid #0000FF)]
            RenderTableSection {TBODY} at (2,2) size 191x22
              RenderTableRow {TR} at (0,2) size 191x18
                RenderTableCell {TD} at (2,2) size 187x18 [r=0 c=0 rs=1 cs=1]
                  RenderText {#text} at (1,1) size 185x16
                    text run at (1,1) width 10 RTL: ")."
                    text run at (10,1) width 176: "Center table (fixed margins"
        RenderBlock {DIV} at (2,1488) size 765x210 [border: (4px solid #800080)]
          RenderBlock {DIV} at (351,6) size 408x24 [border: (2px solid #0000FF)]
            RenderText {#text} at (111,4) size 293x16
              text run at (111,4) width 293: "Normal fixed width div inside align=right div"
          RenderBlock {DIV} at (351,30) size 408x24 [border: (2px solid #0000FF)]
            RenderText {#text} at (4,4) size 271x16
              text run at (4,4) width 271: "Left fixed width div inside align=right div"
          RenderBlock {DIV} at (351,54) size 408x24 [border: (2px solid #0000FF)]
            RenderText {#text} at (60,4) size 288x16
              text run at (60,4) width 288: "Center fixed width div inside align=right div"
          RenderBlock {DIV} at (351,78) size 408x24 [border: (2px solid #0000FF)]
            RenderText {#text} at (124,4) size 280x16
              text run at (124,4) width 280: "Right fixed width div inside align=right div"
          RenderBlock {CENTER} at (351,102) size 408x24 [border: (2px solid #0000FF)]
            RenderText {#text} at (55,4) size 298x16
              text run at (55,4) width 298: "Center tag (fixed width) inside align=right div"
          RenderTable {TABLE} at (359,126) size 400x26 [border: (2px solid #0000FF)]
            RenderTableSection {TBODY} at (2,2) size 396x22
              RenderTableRow {TR} at (0,2) size 396x18
                RenderTableCell {TD} at (2,2) size 392x18 [r=0 c=0 rs=1 cs=1]
                  RenderText {#text} at (303,1) size 88x16
                    text run at (303,1) width 5 RTL: "."
                    text run at (307,1) width 84: "Normal table"
          RenderTable {TABLE} at (182.50,152) size 400x26 [border: (2px solid #0000FF)]
            RenderTableSection {TBODY} at (2,2) size 396x22
              RenderTableRow {TR} at (0,2) size 396x18
                RenderTableCell {TD} at (2,2) size 392x18 [r=0 c=0 rs=1 cs=1]
                  RenderText {#text} at (258,1) size 133x16
                    text run at (258,1) width 5 RTL: "."
                    text run at (262,1) width 129: "Center aligned table"
          RenderTable {TABLE} at (357,178) size 400x26 [border: (2px solid #0000FF)]
            RenderTableSection {TBODY} at (2,2) size 396x22
              RenderTableRow {TR} at (0,2) size 396x18
                RenderTableCell {TD} at (2,2) size 392x18 [r=0 c=0 rs=1 cs=1]
                  RenderText {#text} at (206,1) size 185x16
                    text run at (206,1) width 10 RTL: ")."
                    text run at (215,1) width 176: "Center table (fixed margins"
        RenderBlock {P} at (2,1714) size 765x16
          RenderText {#text} at (387,0) size 378x16
            text run at (387,0) width 10 RTL: ")."
            text run at (396,0) width 369: "This is a test using TABLE cells (all in the RTL direction"
        RenderTable {TABLE} at (2,1746) size 765x216 [border: (2px solid #0000FF)]
          RenderTableSection {TBODY} at (2,2) size 761x212
            RenderTableRow {TR} at (0,2) size 761x208
              RenderTableCell {TD} at (2,2) size 757x208 [border: (4px solid #008000)] [r=0 c=0 rs=1 cs=1]
                RenderBlock {DIV} at (5,5) size 747x24 [border: (2px solid #0000FF)]
                  RenderText {#text} at (561,4) size 182x16
                    text run at (561,4) width 182: "Normal div inside normal td"
                RenderBlock {DIV} at (5,29) size 747x24 [border: (2px solid #0000FF)]
                  RenderText {#text} at (4,4) size 160x16
                    text run at (4,4) width 160: "Left div inside normal td"
                RenderBlock {DIV} at (5,53) size 747x24 [border: (2px solid #0000FF)]
                  RenderText {#text} at (285,4) size 177x16
                    text run at (285,4) width 177: "Center div inside normal td"
                RenderBlock {DIV} at (5,77) size 747x24 [border: (2px solid #0000FF)]
                  RenderText {#text} at (575,4) size 168x16
                    text run at (575,4) width 168: "Right div inside normal td"
                RenderBlock {CENTER} at (5,101) size 747x24 [border: (2px solid #0000FF)]
                  RenderText {#text} at (286,4) size 175x16
                    text run at (286,4) width 175: "Center tag inside normal td"
                RenderTable {TABLE} at (654,125) size 98x26 [border: (2px solid #0000FF)]
                  RenderTableSection {TBODY} at (2,2) size 94x22
                    RenderTableRow {TR} at (0,2) size 94x18
                      RenderTableCell {TD} at (2,2) size 90x18 [r=0 c=0 rs=1 cs=1]
                        RenderText {#text} at (1,1) size 88x16
                          text run at (1,1) width 5 RTL: "."
                          text run at (5,1) width 84: "Normal table"
                RenderTable {TABLE} at (307,151) size 143x26 [border: (2px solid #0000FF)]
                  RenderTableSection {TBODY} at (2,2) size 139x22
                    RenderTableRow {TR} at (0,2) size 139x18
                      RenderTableCell {TD} at (2,2) size 135x18 [r=0 c=0 rs=1 cs=1]
                        RenderText {#text} at (1,1) size 133x16
                          text run at (1,1) width 5 RTL: "."
                          text run at (5,1) width 129: "Center aligned table"
                RenderTable {TABLE} at (555,177) size 195x26 [border: (2px solid #0000FF)]
                  RenderTableSection {TBODY} at (2,2) size 191x22
                    RenderTableRow {TR} at (0,2) size 191x18
                      RenderTableCell {TD} at (2,2) size 187x18 [r=0 c=0 rs=1 cs=1]
                        RenderText {#text} at (1,1) size 185x16
                          text run at (1,1) width 10 RTL: ")."
                          text run at (10,1) width 176: "Center table (fixed margins"
        RenderTable {TABLE} at (2,1962) size 765x216 [border: (2px solid #0000FF)]
          RenderTableSection {TBODY} at (2,2) size 761x212
            RenderTableRow {TR} at (0,2) size 761x208
              RenderTableCell {TD} at (2,2) size 757x208 [border: (4px solid #800080)] [r=0 c=0 rs=1 cs=1]
                RenderBlock {DIV} at (344,5) size 408x24 [border: (2px solid #0000FF)]
                  RenderText {#text} at (145,4) size 259x16
                    text run at (145,4) width 259: "Normal fixed width div inside normal td"
                RenderBlock {DIV} at (344,29) size 408x24 [border: (2px solid #0000FF)]
                  RenderText {#text} at (4,4) size 237x16
                    text run at (4,4) width 237: "Left fixed width div inside normal td"
                RenderBlock {DIV} at (344,53) size 408x24 [border: (2px solid #0000FF)]
                  RenderText {#text} at (77,4) size 254x16
                    text run at (77,4) width 254: "Center fixed width div inside normal td"
                RenderBlock {DIV} at (344,77) size 408x24 [border: (2px solid #0000FF)]
                  RenderText {#text} at (158,4) size 246x16
                    text run at (158,4) width 246: "Right fixed width div inside normal td"
                RenderBlock {CENTER} at (344,101) size 408x24 [border: (2px solid #0000FF)]
                  RenderText {#text} at (72,4) size 264x16
                    text run at (72,4) width 264: "Center tag (fixed width) inside normal td"
                RenderTable {TABLE} at (352,125) size 400x26 [border: (2px solid #0000FF)]
                  RenderTableSection {TBODY} at (2,2) size 396x22
                    RenderTableRow {TR} at (0,2) size 396x18
                      RenderTableCell {TD} at (2,2) size 392x18 [r=0 c=0 rs=1 cs=1]
                        RenderText {#text} at (303,1) size 88x16
                          text run at (303,1) width 5 RTL: "."
                          text run at (307,1) width 84: "Normal table"
                RenderTable {TABLE} at (178.50,151) size 400x26 [border: (2px solid #0000FF)]
                  RenderTableSection {TBODY} at (2,2) size 396x22
                    RenderTableRow {TR} at (0,2) size 396x18
                      RenderTableCell {TD} at (2,2) size 392x18 [r=0 c=0 rs=1 cs=1]
                        RenderText {#text} at (258,1) size 133x16
                          text run at (258,1) width 5 RTL: "."
                          text run at (262,1) width 129: "Center aligned table"
                RenderTable {TABLE} at (350,177) size 400x26 [border: (2px solid #0000FF)]
                  RenderTableSection {TBODY} at (2,2) size 396x22
                    RenderTableRow {TR} at (0,2) size 396x18
                      RenderTableCell {TD} at (2,2) size 392x18 [r=0 c=0 rs=1 cs=1]
                        RenderText {#text} at (206,1) size 185x16
                          text run at (206,1) width 10 RTL: ")."
                          text run at (215,1) width 176: "Center table (fixed margins"
        RenderTable {TABLE} at (2,2178) size 765x216 [border: (2px solid #0000FF)]
          RenderTableSection {TBODY} at (2,2) size 761x212
            RenderTableRow {TR} at (0,2) size 761x208
              RenderTableCell {TD} at (2,2) size 757x208 [border: (4px solid #008000)] [r=0 c=0 rs=1 cs=1]
                RenderBlock {DIV} at (5,5) size 747x24 [border: (2px solid #0000FF)]
                  RenderText {#text} at (4,4) size 199x16
                    text run at (4,4) width 199: "Normal div inside align=left td"
                RenderBlock {DIV} at (5,29) size 747x24 [border: (2px solid #0000FF)]
                  RenderText {#text} at (4,4) size 177x16
                    text run at (4,4) width 177: "Left div inside align=left td"
                RenderBlock {DIV} at (5,53) size 747x24 [border: (2px solid #0000FF)]
                  RenderText {#text} at (277,4) size 193x16
                    text run at (277,4) width 193: "Center div inside align=left td"
                RenderBlock {DIV} at (5,77) size 747x24 [border: (2px solid #0000FF)]
                  RenderText {#text} at (557,4) size 186x16
                    text run at (557,4) width 186: "Right div inside align=left td"
                RenderBlock {CENTER} at (5,101) size 747x24 [border: (2px solid #0000FF)]
                  RenderText {#text} at (277,4) size 193x16
                    text run at (277,4) width 193: "Center tag inside align=left td"
                RenderTable {TABLE} at (5,125) size 98x26 [border: (2px solid #0000FF)]
                  RenderTableSection {TBODY} at (2,2) size 94x22
                    RenderTableRow {TR} at (0,2) size 94x18
                      RenderTableCell {TD} at (2,2) size 90x18 [r=0 c=0 rs=1 cs=1]
                        RenderText {#text} at (1,1) size 88x16
                          text run at (1,1) width 5 RTL: "."
                          text run at (5,1) width 84: "Normal table"
                RenderTable {TABLE} at (307,151) size 143x26 [border: (2px solid #0000FF)]
                  RenderTableSection {TBODY} at (2,2) size 139x22
                    RenderTableRow {TR} at (0,2) size 139x18
                      RenderTableCell {TD} at (2,2) size 135x18 [r=0 c=0 rs=1 cs=1]
                        RenderText {#text} at (1,1) size 133x16
                          text run at (1,1) width 5 RTL: "."
                          text run at (5,1) width 129: "Center aligned table"
                RenderTable {TABLE} at (7,177) size 195x26 [border: (2px solid #0000FF)]
                  RenderTableSection {TBODY} at (2,2) size 191x22
                    RenderTableRow {TR} at (0,2) size 191x18
                      RenderTableCell {TD} at (2,2) size 187x18 [r=0 c=0 rs=1 cs=1]
                        RenderText {#text} at (1,1) size 185x16
                          text run at (1,1) width 10 RTL: ")."
                          text run at (10,1) width 176: "Center table (fixed margins"
        RenderTable {TABLE} at (2,2394) size 765x216 [border: (2px solid #0000FF)]
          RenderTableSection {TBODY} at (2,2) size 761x212
            RenderTableRow {TR} at (0,2) size 761x208
              RenderTableCell {TD} at (2,2) size 757x208 [border: (4px solid #800080)] [r=0 c=0 rs=1 cs=1]
                RenderBlock {DIV} at (5,5) size 408x24 [border: (2px solid #0000FF)]
                  RenderText {#text} at (4,4) size 276x16
                    text run at (4,4) width 276: "Normal fixed width div inside align=left td"
                RenderBlock {DIV} at (5,29) size 408x24 [border: (2px solid #0000FF)]
                  RenderText {#text} at (4,4) size 254x16
                    text run at (4,4) width 254: "Left fixed width div inside align=left td"
                RenderBlock {DIV} at (5,53) size 408x24 [border: (2px solid #0000FF)]
                  RenderText {#text} at (69,4) size 270x16
                    text run at (69,4) width 270: "Center fixed width div inside align=left td"
                RenderBlock {DIV} at (5,77) size 408x24 [border: (2px solid #0000FF)]
                  RenderText {#text} at (141,4) size 263x16
                    text run at (141,4) width 263: "Right fixed width div inside align=left td"
                RenderBlock {CENTER} at (5,101) size 408x24 [border: (2px solid #0000FF)]
                  RenderText {#text} at (64,4) size 280x16
                    text run at (64,4) width 280: "Center tag (fixed width) inside align=left td"
                RenderTable {TABLE} at (5,125) size 400x26 [border: (2px solid #0000FF)]
                  RenderTableSection {TBODY} at (2,2) size 396x22
                    RenderTableRow {TR} at (0,2) size 396x18
                      RenderTableCell {TD} at (2,2) size 392x18 [r=0 c=0 rs=1 cs=1]
                        RenderText {#text} at (303,1) size 88x16
                          text run at (303,1) width 5 RTL: "."
                          text run at (307,1) width 84: "Normal table"
                RenderTable {TABLE} at (178.50,151) size 400x26 [border: (2px solid #0000FF)]
                  RenderTableSection {TBODY} at (2,2) size 396x22
                    RenderTableRow {TR} at (0,2) size 396x18
                      RenderTableCell {TD} at (2,2) size 392x18 [r=0 c=0 rs=1 cs=1]
                        RenderText {#text} at (258,1) size 133x16
                          text run at (258,1) width 5 RTL: "."
                          text run at (262,1) width 129: "Center aligned table"
                RenderTable {TABLE} at (7,177) size 400x26 [border: (2px solid #0000FF)]
                  RenderTableSection {TBODY} at (2,2) size 396x22
                    RenderTableRow {TR} at (0,2) size 396x18
                      RenderTableCell {TD} at (2,2) size 392x18 [r=0 c=0 rs=1 cs=1]
                        RenderText {#text} at (206,1) size 185x16
                          text run at (206,1) width 10 RTL: ")."
                          text run at (215,1) width 176: "Center table (fixed margins"
        RenderTable {TABLE} at (2,2610) size 765x216 [border: (2px solid #0000FF)]
          RenderTableSection {TBODY} at (2,2) size 761x212
            RenderTableRow {TR} at (0,2) size 761x208
              RenderTableCell {TD} at (2,2) size 757x208 [border: (4px solid #008000)] [r=0 c=0 rs=1 cs=1]
                RenderBlock {DIV} at (5,5) size 747x24 [border: (2px solid #0000FF)]
                  RenderText {#text} at (263,4) size 221x16
                    text run at (263,4) width 221: "Normal div inside align= center td"
                RenderBlock {DIV} at (5,29) size 747x24 [border: (2px solid #0000FF)]
                  RenderText {#text} at (4,4) size 194x16
                    text run at (4,4) width 194: "Left div inside align=center td"
                RenderBlock {DIV} at (5,53) size 747x24 [border: (2px solid #0000FF)]
                  RenderText {#text} at (268,4) size 211x16
                    text run at (268,4) width 211: "Center div inside align=center td"
                RenderBlock {DIV} at (5,77) size 747x24 [border: (2px solid #0000FF)]
                  RenderText {#text} at (540,4) size 203x16
                    text run at (540,4) width 203: "Right div inside align=center td"
                RenderBlock {CENTER} at (5,101) size 747x24 [border: (2px solid #0000FF)]
                  RenderText {#text} at (269,4) size 209x16
                    text run at (269,4) width 209: "Center tag inside align=center td"
                RenderTable {TABLE} at (329.50,125) size 98x26 [border: (2px solid #0000FF)]
                  RenderTableSection {TBODY} at (2,2) size 94x22
                    RenderTableRow {TR} at (0,2) size 94x18
                      RenderTableCell {TD} at (2,2) size 90x18 [r=0 c=0 rs=1 cs=1]
                        RenderText {#text} at (1,1) size 88x16
                          text run at (1,1) width 5 RTL: "."
                          text run at (5,1) width 84: "Normal table"
                RenderTable {TABLE} at (307,151) size 143x26 [border: (2px solid #0000FF)]
                  RenderTableSection {TBODY} at (2,2) size 139x22
                    RenderTableRow {TR} at (0,2) size 139x18
                      RenderTableCell {TD} at (2,2) size 135x18 [r=0 c=0 rs=1 cs=1]
                        RenderText {#text} at (1,1) size 133x16
                          text run at (1,1) width 5 RTL: "."
                          text run at (5,1) width 129: "Center aligned table"
                RenderTable {TABLE} at (281,177) size 195x26 [border: (2px solid #0000FF)]
                  RenderTableSection {TBODY} at (2,2) size 191x22
                    RenderTableRow {TR} at (0,2) size 191x18
                      RenderTableCell {TD} at (2,2) size 187x18 [r=0 c=0 rs=1 cs=1]
                        RenderText {#text} at (1,1) size 185x16
                          text run at (1,1) width 10 RTL: ")."
                          text run at (10,1) width 176: "Center table (fixed margins"
        RenderTable {TABLE} at (2,2826) size 765x216 [border: (2px solid #0000FF)]
          RenderTableSection {TBODY} at (2,2) size 761x212
            RenderTableRow {TR} at (0,2) size 761x208
              RenderTableCell {TD} at (2,2) size 757x208 [border: (4px solid #800080)] [r=0 c=0 rs=1 cs=1]
                RenderBlock {DIV} at (174.50,5) size 408x24 [border: (2px solid #0000FF)]
                  RenderText {#text} at (57,4) size 294x16
                    text run at (57,4) width 294: "Normal fixed width div inside align=center td"
                RenderBlock {DIV} at (174.50,29) size 408x24 [border: (2px solid #0000FF)]
                  RenderText {#text} at (4,4) size 272x16
                    text run at (4,4) width 272: "Left fixed width div inside align=center td"
                RenderBlock {DIV} at (174.50,53) size 408x24 [border: (2px solid #0000FF)]
                  RenderText {#text} at (60,4) size 288x16
                    text run at (60,4) width 288: "Center fixed width div inside align=center td"
                RenderBlock {DIV} at (174.50,77) size 408x24 [border: (2px solid #0000FF)]
                  RenderText {#text} at (123,4) size 281x16
                    text run at (123,4) width 281: "Right fixed width div inside align=center td"
                RenderBlock {CENTER} at (174.50,101) size 408x24 [border: (2px solid #0000FF)]
                  RenderText {#text} at (55,4) size 298x16
                    text run at (55,4) width 298: "Center tag (fixed width) inside align=center td"
                RenderTable {TABLE} at (178.50,125) size 400x26 [border: (2px solid #0000FF)]
                  RenderTableSection {TBODY} at (2,2) size 396x22
                    RenderTableRow {TR} at (0,2) size 396x18
                      RenderTableCell {TD} at (2,2) size 392x18 [r=0 c=0 rs=1 cs=1]
                        RenderText {#text} at (303,1) size 88x16
                          text run at (303,1) width 5 RTL: "."
                          text run at (307,1) width 84: "Normal table"
                RenderTable {TABLE} at (178.50,151) size 400x26 [border: (2px solid #0000FF)]
                  RenderTableSection {TBODY} at (2,2) size 396x22
                    RenderTableRow {TR} at (0,2) size 396x18
                      RenderTableCell {TD} at (2,2) size 392x18 [r=0 c=0 rs=1 cs=1]
                        RenderText {#text} at (258,1) size 133x16
                          text run at (258,1) width 5 RTL: "."
                          text run at (262,1) width 129: "Center aligned table"
                RenderTable {TABLE} at (178.50,177) size 400x26 [border: (2px solid #0000FF)]
                  RenderTableSection {TBODY} at (2,2) size 396x22
                    RenderTableRow {TR} at (0,2) size 396x18
                      RenderTableCell {TD} at (2,2) size 392x18 [r=0 c=0 rs=1 cs=1]
                        RenderText {#text} at (206,1) size 185x16
                          text run at (206,1) width 10 RTL: ")."
                          text run at (215,1) width 176: "Center table (fixed margins"
        RenderTable {TABLE} at (2,3042) size 765x216 [border: (2px solid #0000FF)]
          RenderTableSection {TBODY} at (2,2) size 761x212
            RenderTableRow {TR} at (0,2) size 761x208
              RenderTableCell {TD} at (2,2) size 757x208 [border: (4px solid #008000)] [r=0 c=0 rs=1 cs=1]
                RenderBlock {DIV} at (5,5) size 747x24 [border: (2px solid #0000FF)]
                  RenderText {#text} at (535,4) size 208x16
                    text run at (535,4) width 208: "Normal div inside align=right td"
                RenderBlock {DIV} at (5,29) size 747x24 [border: (2px solid #0000FF)]
                  RenderText {#text} at (4,4) size 185x16
                    text run at (4,4) width 185: "Left div inside align=right td"
                RenderBlock {DIV} at (5,53) size 747x24 [border: (2px solid #0000FF)]
                  RenderText {#text} at (273,4) size 201x16
                    text run at (273,4) width 201: "Center div inside align=right td"
                RenderBlock {DIV} at (5,77) size 747x24 [border: (2px solid #0000FF)]
                  RenderText {#text} at (549,4) size 194x16
                    text run at (549,4) width 194: "Right div inside align=right td"
                RenderBlock {CENTER} at (5,101) size 747x24 [border: (2px solid #0000FF)]
                  RenderText {#text} at (273,4) size 201x16
                    text run at (273,4) width 201: "Center tag inside align=right td"
                RenderTable {TABLE} at (654,125) size 98x26 [border: (2px solid #0000FF)]
                  RenderTableSection {TBODY} at (2,2) size 94x22
                    RenderTableRow {TR} at (0,2) size 94x18
                      RenderTableCell {TD} at (2,2) size 90x18 [r=0 c=0 rs=1 cs=1]
                        RenderText {#text} at (1,1) size 88x16
                          text run at (1,1) width 5 RTL: "."
                          text run at (5,1) width 84: "Normal table"
                RenderTable {TABLE} at (307,151) size 143x26 [border: (2px solid #0000FF)]
                  RenderTableSection {TBODY} at (2,2) size 139x22
                    RenderTableRow {TR} at (0,2) size 139x18
                      RenderTableCell {TD} at (2,2) size 135x18 [r=0 c=0 rs=1 cs=1]
                        RenderText {#text} at (1,1) size 133x16
                          text run at (1,1) width 5 RTL: "."
                          text run at (5,1) width 129: "Center aligned table"
                RenderTable {TABLE} at (555,177) size 195x26 [border: (2px solid #0000FF)]
                  RenderTableSection {TBODY} at (2,2) size 191x22
                    RenderTableRow {TR} at (0,2) size 191x18
                      RenderTableCell {TD} at (2,2) size 187x18 [r=0 c=0 rs=1 cs=1]
                        RenderText {#text} at (1,1) size 185x16
                          text run at (1,1) width 10 RTL: ")."
                          text run at (10,1) width 176: "Center table (fixed margins"
        RenderTable {TABLE} at (2,3258) size 765x216 [border: (2px solid #0000FF)]
          RenderTableSection {TBODY} at (2,2) size 761x212
            RenderTableRow {TR} at (0,2) size 761x208
              RenderTableCell {TD} at (2,2) size 757x208 [border: (4px solid #800080)] [r=0 c=0 rs=1 cs=1]
                RenderBlock {DIV} at (344,5) size 408x24 [border: (2px solid #0000FF)]
                  RenderText {#text} at (119,4) size 285x16
                    text run at (119,4) width 285: "Normal fixed width div inside align=right td"
                RenderBlock {DIV} at (344,29) size 408x24 [border: (2px solid #0000FF)]
                  RenderText {#text} at (4,4) size 263x16
                    text run at (4,4) width 263: "Left fixed width div inside align=right td"
                RenderBlock {DIV} at (344,53) size 408x24 [border: (2px solid #0000FF)]
                  RenderText {#text} at (64,4) size 280x16
                    text run at (64,4) width 280: "Center fixed width div inside align=right td"
                RenderBlock {DIV} at (344,77) size 408x24 [border: (2px solid #0000FF)]
                  RenderText {#text} at (132,4) size 272x16
                    text run at (132,4) width 272: "Right fixed width div inside align=right td"
                RenderBlock {CENTER} at (344,101) size 408x24 [border: (2px solid #0000FF)]
                  RenderText {#text} at (59,4) size 290x16
                    text run at (59,4) width 290: "Center tag (fixed width) inside align=right td"
                RenderTable {TABLE} at (352,125) size 400x26 [border: (2px solid #0000FF)]
                  RenderTableSection {TBODY} at (2,2) size 396x22
                    RenderTableRow {TR} at (0,2) size 396x18
                      RenderTableCell {TD} at (2,2) size 392x18 [r=0 c=0 rs=1 cs=1]
                        RenderText {#text} at (303,1) size 88x16
                          text run at (303,1) width 5 RTL: "."
                          text run at (307,1) width 84: "Normal table"
                RenderTable {TABLE} at (178.50,151) size 400x26 [border: (2px solid #0000FF)]
                  RenderTableSection {TBODY} at (2,2) size 396x22
                    RenderTableRow {TR} at (0,2) size 396x18
                      RenderTableCell {TD} at (2,2) size 392x18 [r=0 c=0 rs=1 cs=1]
                        RenderText {#text} at (258,1) size 133x16
                          text run at (258,1) width 5 RTL: "."
                          text run at (262,1) width 129: "Center aligned table"
                RenderTable {TABLE} at (350,177) size 400x26 [border: (2px solid #0000FF)]
                  RenderTableSection {TBODY} at (2,2) size 396x22
                    RenderTableRow {TR} at (0,2) size 396x18
                      RenderTableCell {TD} at (2,2) size 392x18 [r=0 c=0 rs=1 cs=1]
                        RenderText {#text} at (206,1) size 185x16
                          text run at (206,1) width 10 RTL: ")."
                          text run at (215,1) width 176: "Center table (fixed margins"
