layer at (0,0) size 800x600
  RenderView at (0,0) size 800x600
layer at (0,0) size 800x248
  RenderBlock {HTML} at (0,0) size 800x248
    RenderBody {BODY} at (8,16) size 784x216
      RenderBlock {P} at (0,0) size 784x16
        RenderText {#text} at (0,0) size 285x16
          text run at (0,0) width 285: "This <hr width=\"25%\"> should be centered:"
      RenderBlock {HR} at (293,32) size 198x2 [border: (1px inset #EEEEEE)]
      RenderBlock {P} at (0,50) size 784x16
        RenderText {#text} at (0,0) size 204x16
          text run at (0,0) width 204: "This one should be left-aligned."
      RenderBlock {HR} at (0,82) size 198x2 [border: (1px inset #EEEEEE)]
      RenderBlock {P} at (0,100) size 784x16
        RenderText {#text} at (0,0) size 212x16
          text run at (0,0) width 212: "This one should be right-aligned."
      RenderBlock {HR} at (586,132) size 198x2 [border: (1px inset #EEEEEE)]
      RenderBlock {P} at (0,150) size 784x16
        RenderText {#text} at (0,0) size 184x16
          text run at (0,0) width 184: "This one should be centered."
      RenderBlock {HR} at (293,182) size 198x2 [border: (1px inset #EEEEEE)]
      RenderBlock {P} at (0,200) size 784x16
        RenderText {#text} at (0,0) size 55x16
          text run at (0,0) width 55: "(W3C: \x{201C}"
        RenderInline {A} at (0,0) size 202x16 [color=#0000EE]
          RenderText {#text} at (54,0) size 202x16
            text run at (54,0) width 202: "By default, the rule is centered."
        RenderText {#text} at (255,0) size 13x16
          text run at (255,0) width 13: "\x{201D})"
