layer at (0,0) size 800x600
  RenderView at (0,0) size 800x600
layer at (0,0) size 800x268
  RenderBlock {HTML} at (0,0) size 800x268.31
    RenderBody {BODY} at (8,16) size 784x236.31
      RenderBlock {P} at (0,0) size 784x16
        RenderText {#text} at (0,0) size 251x16
          text run at (0,0) width 251: "These <h1>s should all be left-aligned:"
      RenderBlock {H1} at (0,37.44) size 784x38 [border: (3px solid #FF0000)]
        RenderText {#text} at (3,3) size 96x32
          text run at (3,3) width 96: "sample"
      RenderBlock {H1} at (0,96.88) size 326x38 [border: (3px solid #FF0000)]
        RenderText {#text} at (3,3) size 96x32
          text run at (3,3) width 96: "sample"
      RenderBlock {P} at (0,156.31) size 784x16
        RenderText {#text} at (0,0) size 284x16
          text run at (0,0) width 284: "These <p>s should be (and are) left-aligned:"
      RenderBlock {P} at (0,188.31) size 784x16
        RenderText {#text} at (0,0) size 46x16
          text run at (0,0) width 46: "sample"
      RenderBlock {P} at (0,220.31) size 160x16
        RenderText {#text} at (0,0) size 46x16
          text run at (0,0) width 46: "sample"
