layer at (0,0) size 800x600
  RenderView at (0,0) size 800x600
layer at (0,0) size 800x600
  RenderBlock {HTML} at (0,0) size 800x600
    RenderBody {BODY} at (8,8) size 784x584
      RenderBlock {DIV} at (0,0) size 784x64
        RenderBlock {P} at (0,0) size 784x32
          RenderText {#text} at (0,0) size 55x16
            text run at (0,0) width 55: "Test for "
          RenderInline {A} at (0,0) size 130x16 [color=#0000EE]
            RenderText {#text} at (54,0) size 130x16
              text run at (54,0) width 130: "Bugzilla Bug 12423"
          RenderText {#text} at (183,0) size 772x32
            text run at (183,0) width 589: ": Mixing white-space:pre text with non white-space:pre text within a text-align:justify block"
            text run at (0,16) width 143: "causes text to overlap."
        RenderBlock {P} at (0,48) size 784x16
          RenderText {#text} at (0,0) size 356x16
            text run at (0,0) width 356: "Test passes if text wraps within all of the yellow boxes."
      RenderBlock {DIV} at (0,80) size 350x32 [bgcolor=#FFFF00]
        RenderText {#text} at (0,0) size 331x16
          text run at (0,0) width 331: "Typical for type are type=\"text/css\" for <style> and"
        RenderInline {SPAN} at (0,0) size 141x16
          RenderText {#text} at (0,16) size 141x16
            text run at (0,16) width 141: "type=\"text/javascript\""
        RenderText {#text} at (140,16) size 85x16
          text run at (140,16) width 85: " for <script>."
      RenderBlock {DIV} at (0,112) size 350x32 [bgcolor=#FFFF00]
        RenderText {#text} at (0,0) size 304x32
          text run at (0,0) width 304: "Typical for type are type=\"text/css\" for <style>"
          text run at (0,16) width 24: "and"
        RenderInline {SPAN} at (0,0) size 141x16
          RenderText {#text} at (23,16) size 141x16
            text run at (23,16) width 141: "type=\"text/javascript\""
        RenderText {#text} at (163,16) size 85x16
          text run at (163,16) width 85: " for <script>."
      RenderBlock {DIV} at (0,144) size 350x32 [bgcolor=#FFFF00]
        RenderText {#text} at (0,0) size 304x16
          text run at (0,0) width 304: "Typical for type are type=\"text/css\" for <style>"
        RenderInline {SPAN} at (0,0) size 24x16
          RenderText {#text} at (0,16) size 24x16
            text run at (0,16) width 24: "and"
        RenderInline {SPAN} at (0,0) size 141x16
          RenderText {#text} at (23,16) size 141x16
            text run at (23,16) width 141: "type=\"text/javascript\""
        RenderText {#text} at (163,16) size 85x16
          text run at (163,16) width 85: " for <script>."
      RenderBlock {DIV} at (0,176) size 350x32 [bgcolor=#FFFF00]
        RenderText {#text} at (0,0) size 251x32
          text run at (0,0) width 251: "Typical for type are type=\"text/css\" for"
          text run at (0,16) width 49: "<style>"
        RenderInline {SPAN} at (0,0) size 24x16
          RenderText {#text} at (48,16) size 24x16
            text run at (48,16) width 24: "and"
        RenderInline {SPAN} at (0,0) size 141x16
          RenderText {#text} at (71,16) size 141x16
            text run at (71,16) width 141: "type=\"text/javascript\""
        RenderText {#text} at (211,16) size 85x16
          text run at (211,16) width 85: " for <script>."
      RenderBlock {DIV} at (0,208) size 350x32 [bgcolor=#FFFF00]
        RenderText {#text} at (0,0) size 251x16
          text run at (0,0) width 251: "Typical for type are type=\"text/css\" for"
        RenderInline {SPAN} at (0,0) size 49x16
          RenderText {#text} at (0,16) size 49x16
            text run at (0,16) width 49: "<style>"
        RenderInline {SPAN} at (0,0) size 24x16
          RenderText {#text} at (48,16) size 24x16
            text run at (48,16) width 24: "and"
        RenderInline {SPAN} at (0,0) size 141x16
          RenderText {#text} at (71,16) size 141x16
            text run at (71,16) width 141: "type=\"text/javascript\""
        RenderText {#text} at (211,16) size 85x16
          text run at (211,16) width 85: " for <script>."
