layer at (0,0) size 800x600
  RenderView at (0,0) size 800x600
layer at (0,0) size 800x600
  RenderBlock {HTML} at (0,0) size 800x600
    RenderBody {BODY} at (8,8) size 784x584
      RenderText {#text} at (188,20) size 16x4
        text run at (188,20) width 4: " "
      RenderText {#text} at (188,44) size 16x4
        text run at (188,44) width 4: " "
      RenderText {#text} at (188,68) size 16x4
        text run at (188,68) width 4: " "
      RenderText {#text} at (188,92) size 16x4
        text run at (188,92) width 4: " "
      RenderText {#text} at (188,116) size 16x4
        text run at (188,116) width 4: " "
      RenderText {#text} at (188,140) size 16x4
        text run at (188,140) width 4: " "
      RenderText {#text} at (188,164) size 16x4
        text run at (188,164) width 4: " "
      RenderText {#text} at (0,0) size 0x0
layer at (592,8) size 200x20
  RenderBlock {DIV} at (0,0) size 200x20
    RenderBlock {DIV} at (0,0) size 400x2
layer at (592,32) size 200x20
  RenderBlock {DIV} at (0,24) size 200x20
    RenderBlock {DIV} at (0,0) size 400x2
layer at (592,56) size 200x20
  RenderBlock {DIV} at (0,48) size 200x20
    RenderBlock {DIV} at (0,0) size 400x2
layer at (592,80) size 200x20
  RenderBlock {DIV} at (0,72) size 200x20
    RenderBlock {DIV} at (0,0) size 400x2
layer at (592,104) size 200x20
  RenderBlock {DIV} at (0,96) size 200x20
    RenderBlock {DIV} at (0,0) size 400x2
layer at (592,128) size 200x20
  RenderBlock {DIV} at (0,120) size 200x20
    RenderBlock {DIV} at (0,0) size 400x2
layer at (592,152) size 200x20
  RenderBlock {DIV} at (0,144) size 200x20
    RenderBlock {DIV} at (0,0) size 400x2
layer at (592,176) size 200x20
  RenderBlock {DIV} at (0,168) size 200x20
    RenderBlock {DIV} at (0,0) size 400x2
