layer at (0,0) size 800x600
  RenderView at (0,0) size 800x600
layer at (0,0) size 800x600
  RenderBlock {HTML} at (0,0) size 800x600
    RenderBody {BODY} at (8,8) size 784x576 [color=#333333] [bgcolor=#FFFFFF]
      RenderTable {TABLE} at (0,0) size 636x544 [border: (1px outset #808080)]
        RenderTableSection {TBODY} at (1,1) size 634x542
          RenderTableRow {TR} at (0,0) size 634x25
            RenderTableCell {TD} at (0,0) size 148x537 [bgcolor=#660000] [border: (1px inset #808080)] [r=0 c=0 rs=6 cs=1]
              RenderInline {B} at (0,0) size 65x16
                RenderInline {A} at (0,0) size 65x16
                  RenderInline {FONT} at (0,0) size 65x13 [color=#FFFFFF]
                    RenderText {#text} at (4,4) size 65x13
                      text run at (4,4) width 65: "MARKETS"
                  RenderBR {BR} at (68,14) size 1x0
              RenderText {#text} at (0,0) size 0x0
              RenderInline {A} at (0,0) size 33x16
                RenderInline {FONT} at (0,0) size 33x13 [color=#FFFFFF]
                  RenderText {#text} at (4,17) size 33x13
                    text run at (4,17) width 33: "News"
                RenderBR {BR} at (36,27) size 1x0
              RenderText {#text} at (0,0) size 0x0
              RenderInline {A} at (0,0) size 40x16
                RenderInline {FONT} at (0,0) size 40x13 [color=#FFFFFF]
                  RenderText {#text} at (4,30) size 40x13
                    text run at (4,30) width 40: "Stocks"
                RenderBR {BR} at (43,40) size 1x0
              RenderText {#text} at (0,0) size 0x0
              RenderInline {A} at (0,0) size 72x16
                RenderInline {FONT} at (0,0) size 72x13 [color=#FFFFFF]
                  RenderText {#text} at (4,43) size 72x13
                    text run at (4,43) width 72: "Tech Stocks"
                RenderBR {BR} at (75,53) size 1x0
              RenderText {#text} at (0,0) size 0x0
              RenderInline {A} at (0,0) size 115x16
                RenderInline {FONT} at (0,0) size 115x13 [color=#FFFFFF]
                  RenderText {#text} at (4,56) size 115x13
                    text run at (4,56) width 115: "Stocks on the Move"
                RenderBR {BR} at (118,66) size 1x0
              RenderText {#text} at (0,0) size 0x0
              RenderInline {A} at (0,0) size 66x16
                RenderInline {FONT} at (0,0) size 66x13 [color=#FFFFFF]
                  RenderText {#text} at (4,69) size 66x13
                    text run at (4,69) width 66: "IPO Center"
                RenderBR {BR} at (69,79) size 1x0
              RenderText {#text} at (0,0) size 0x0
              RenderInline {A} at (0,0) size 79x16
                RenderInline {FONT} at (0,0) size 79x13 [color=#FFFFFF]
                  RenderText {#text} at (4,82) size 79x13
                    text run at (4,82) width 79: "World Indices"
                RenderBR {BR} at (82,92) size 1x0
              RenderText {#text} at (0,0) size 0x0
              RenderInline {A} at (0,0) size 87x16
                RenderInline {FONT} at (0,0) size 87x13 [color=#FFFFFF]
                  RenderInline {NOBR} at (0,0) size 87x13
                    RenderText {#text} at (4,95) size 87x13
                      text run at (4,95) width 87: "Rates & Bonds"
                RenderBR {BR} at (90,105) size 1x0
              RenderText {#text} at (0,0) size 0x0
              RenderInline {A} at (0,0) size 91x16
                RenderInline {FONT} at (0,0) size 91x13 [color=#FFFFFF]
                  RenderText {#text} at (4,108) size 91x13
                    text run at (4,108) width 91: "U.S. Treasuries"
                RenderBR {BR} at (94,118) size 1x0
              RenderText {#text} at (0,0) size 0x0
              RenderInline {A} at (0,0) size 63x16
                RenderInline {FONT} at (0,0) size 63x13 [color=#FFFFFF]
                  RenderText {#text} at (4,121) size 63x13
                    text run at (4,121) width 63: "Currencies"
                RenderBR {BR} at (66,131) size 1x0
              RenderText {#text} at (0,0) size 0x0
              RenderInline {A} at (0,0) size 115x16
                RenderInline {FONT} at (0,0) size 115x13 [color=#FFFFFF]
                  RenderText {#text} at (4,134) size 115x13
                    text run at (4,134) width 115: "Currency Calculator"
                RenderBR {BR} at (118,144) size 1x0
              RenderText {#text} at (0,0) size 0x0
              RenderInline {A} at (0,0) size 76x16
                RenderInline {FONT} at (0,0) size 76x13 [color=#FFFFFF]
                  RenderText {#text} at (4,147) size 76x13
                    text run at (4,147) width 76: "Commodities"
                RenderBR {BR} at (79,157) size 1x0
              RenderText {#text} at (0,0) size 0x0
              RenderBR {BR} at (4,160) size 0x16
              RenderInline {B} at (0,0) size 48x16
                RenderInline {A} at (0,0) size 48x16
                  RenderInline {FONT} at (0,0) size 48x13 [color=#FFFFFF]
                    RenderText {#text} at (4,176) size 48x13
                      text run at (4,176) width 48: "MONEY"
                  RenderBR {BR} at (51,186) size 1x0
              RenderText {#text} at (0,0) size 0x0
              RenderInline {A} at (0,0) size 79x16
                RenderInline {FONT} at (0,0) size 79x13 [color=#FFFFFF]
                  RenderText {#text} at (4,189) size 79x13
                    text run at (4,189) width 79: "Mutual Funds"
                RenderBR {BR} at (82,199) size 1x0
              RenderText {#text} at (0,0) size 0x0
              RenderInline {A} at (0,0) size 48x16
                RenderInline {FONT} at (0,0) size 48x13 [color=#FFFFFF]
                  RenderText {#text} at (4,202) size 48x13
                    text run at (4,202) width 48: "Portfolio"
                RenderBR {BR} at (51,212) size 1x0
              RenderText {#text} at (0,0) size 0x0
              RenderInline {A} at (0,0) size 72x16
                RenderInline {FONT} at (0,0) size 72x13 [color=#FFFFFF]
                  RenderText {#text} at (4,215) size 72x13
                    text run at (4,215) width 72: "Loan Center"
                RenderBR {BR} at (75,225) size 1x0
              RenderText {#text} at (0,0) size 0x0
              RenderInline {A} at (0,0) size 118x16
                RenderInline {FONT} at (0,0) size 118x13 [color=#FFFFFF]
                  RenderText {#text} at (4,228) size 118x13
                    text run at (4,228) width 118: "Mortgage Calculator"
                RenderBR {BR} at (121,238) size 1x0
              RenderText {#text} at (0,0) size 0x0
              RenderInline {A} at (0,0) size 53x16
                RenderInline {FONT} at (0,0) size 53x13 [color=#FFFFFF]
                  RenderText {#text} at (4,241) size 53x13
                    text run at (4,241) width 53: "Investing"
                RenderBR {BR} at (56,251) size 1x0
              RenderText {#text} at (0,0) size 0x0
              RenderInline {A} at (0,0) size 64x16
                RenderInline {FONT} at (0,0) size 64x13 [color=#FFFFFF]
                  RenderText {#text} at (4,254) size 64x13
                    text run at (4,254) width 64: "Retirement"
                RenderBR {BR} at (67,264) size 1x0
              RenderText {#text} at (0,0) size 0x0
              RenderInline {A} at (0,0) size 121x16
                RenderInline {FONT} at (0,0) size 121x13 [color=#FFFFFF]
                  RenderText {#text} at (4,267) size 121x13
                    text run at (4,267) width 121: "Negocios Bloomberg"
                RenderBR {BR} at (124,277) size 1x0
              RenderText {#text} at (0,0) size 0x0
              RenderBR {BR} at (4,280) size 0x16
              RenderInline {B} at (0,0) size 78x16
                RenderInline {A} at (0,0) size 78x16
                  RenderInline {FONT} at (0,0) size 78x13 [color=#FFFFFF]
                    RenderText {#text} at (4,296) size 78x13
                      text run at (4,296) width 78: "MAGAZINES"
                  RenderBR {BR} at (82,306) size 0x0
              RenderText {#text} at (0,0) size 0x0
              RenderInline {A} at (0,0) size 102x16
                RenderInline {FONT} at (0,0) size 102x13 [color=#FFFFFF]
                  RenderText {#text} at (4,309) size 102x13
                    text run at (4,309) width 102: "Personal Finance"
                RenderBR {BR} at (105,319) size 1x0
              RenderText {#text} at (0,0) size 0x0
              RenderInline {A} at (0,0) size 96x16
                RenderInline {FONT} at (0,0) size 96x13 [color=#FFFFFF]
                  RenderText {#text} at (4,322) size 96x13
                    text run at (4,322) width 96: "Wealth Manager"
                RenderBR {BR} at (99,332) size 1x0
              RenderText {#text} at (0,0) size 0x0
              RenderBR {BR} at (4,335) size 0x16
              RenderInline {FONT} at (0,0) size 124x13 [color=#FFFFFF]
                RenderInline {B} at (0,0) size 124x13
                  RenderText {#text} at (4,351) size 124x13
                    text run at (4,351) width 124: "BUSINESS CENTER"
                RenderBR {BR} at (127,361) size 1x0
              RenderText {#text} at (0,0) size 0x0
              RenderInline {A} at (0,0) size 89x16
                RenderInline {FONT} at (0,0) size 89x13 [color=#FFFFFF]
                  RenderText {#text} at (4,364) size 89x13
                    text run at (4,364) width 89: "Small Business"
                RenderBR {BR} at (92,374) size 1x0
              RenderText {#text} at (0,0) size 0x0
              RenderBR {BR} at (4,377) size 0x16
              RenderInline {B} at (0,0) size 64x16
                RenderInline {A} at (0,0) size 64x16
                  RenderInline {FONT} at (0,0) size 64x13 [color=#FFFFFF]
                    RenderText {#text} at (4,393) size 64x13
                      text run at (4,393) width 64: "CAREERS"
                  RenderBR {BR} at (67,403) size 1x0
              RenderText {#text} at (0,0) size 0x0
              RenderBR {BR} at (4,406) size 0x16
              RenderInline {B} at (0,0) size 29x16
                RenderInline {A} at (0,0) size 29x16
                  RenderInline {FONT} at (0,0) size 29x13 [color=#FFFFFF]
                    RenderText {#text} at (4,422) size 29x13
                      text run at (4,422) width 29: "LIFE"
                  RenderBR {BR} at (32,432) size 1x0
              RenderText {#text} at (0,0) size 0x0
              RenderInline {A} at (0,0) size 99x16
                RenderInline {FONT} at (0,0) size 99x13 [color=#FFFFFF]
                  RenderText {#text} at (4,435) size 99x13
                    text run at (4,435) width 99: "The Finer Things"
                RenderBR {BR} at (102,445) size 1x0
              RenderText {#text} at (0,0) size 0x0
              RenderInline {A} at (0,0) size 38x16
                RenderInline {FONT} at (0,0) size 38x13 [color=#FFFFFF]
                  RenderText {#text} at (4,448) size 38x13
                    text run at (4,448) width 38: "Sports"
                RenderBR {BR} at (41,458) size 1x0
              RenderText {#text} at (0,0) size 0x0
              RenderInline {A} at (0,0) size 76x16
                RenderInline {FONT} at (0,0) size 76x13 [color=#FFFFFF]
                  RenderText {#text} at (4,461) size 76x13
                    text run at (4,461) width 76: "Charlie Rose"
                RenderBR {BR} at (79,471) size 1x0
              RenderText {#text} at (0,0) size 0x0
              RenderInline {A} at (0,0) size 77x16
                RenderInline {FONT} at (0,0) size 77x13 [color=#FFFFFF]
                  RenderText {#text} at (4,474) size 77x13
                    text run at (4,474) width 77: "B-Commerce"
                RenderBR {BR} at (80,484) size 1x0
              RenderBR {BR} at (4,487) size 0x16
              RenderImage {IMG} at (4,503) size 140x1
              RenderBR {BR} at (144,504) size 0x0
              RenderInline {A} at (0,0) size 73x16
                RenderInline {FONT} at (0,0) size 73x13 [color=#FFFFFF]
                  RenderText {#text} at (4,504) size 73x13
                    text run at (4,504) width 73: "To Advertise"
                RenderBR {BR} at (76,514) size 1x0
              RenderBR {BR} at (4,517) size 0x16
            RenderTableCell {TD} at (148,0) size 486x24 [bgcolor=#660000] [border: (1px inset #808080)] [r=0 c=1 rs=1 cs=3]
              RenderImage {IMG} at (10.50,4) size 465x16
          RenderTableRow {TR} at (0,25) size 634x72
            RenderTableCell {TD} at (148,25) size 128x69 [border: (1px inset #808080)] [r=1 c=1 rs=1 cs=1]
              RenderInline {A} at (0,0) size 120x16
                RenderText {#text} at (0,0) size 0x0
                RenderImage {IMG} at (4,4) size 120x60
              RenderText {#text} at (0,0) size 0x0
              RenderText {#text} at (0,0) size 0x0
              RenderImage {IMG} at (4,64) size 120x1
            RenderTableCell {TD} at (276,25) size 175x69 [border: (1px inset #808080)] [r=1 c=2 rs=1 cs=1]
              RenderInline {A} at (0,0) size 167x16
                RenderText {#text} at (0,0) size 0x0
                RenderImage {IMG} at (4,4) size 167x60
              RenderText {#text} at (0,0) size 0x0
              RenderText {#text} at (0,0) size 0x0
              RenderImage {IMG} at (4,64) size 167x1
            RenderTableCell {TD} at (451,25) size 183x517 [bgcolor=#CCCC99] [border: (1px inset #808080)] [r=1 c=3 rs=6 cs=1]
              RenderBlock (anonymous) at (4,4) size 175x26
                RenderInline {FONT} at (0,0) size 137x11
                  RenderInline {FONT} at (0,0) size 137x11
                    RenderInline {SPAN} at (0,0) size 137x11
                      RenderText {#text} at (19,0) size 137x11
                        text run at (19,0) width 137: "Tue, 27 Jul 1999, 2:47pm EDT"
                      RenderBR {BR} at (155,9) size 1x0
                RenderText {#text} at (0,0) size 0x0
                RenderInline {FONT} at (0,0) size 105x15 [color=#000000]
                  RenderInline {B} at (0,0) size 105x15
                    RenderInline {SPAN} at (0,0) size 105x15
                      RenderText {#text} at (35,11) size 105x15
                        text run at (35,11) width 105: "Market Snapshot"
                      RenderBR {BR} at (139,23) size 1x0
                RenderText {#text} at (0,0) size 0x0
              RenderBlock {CENTER} at (4,30) size 175x483
                RenderInline {A} at (0,0) size 175x16
                  RenderImage {IMG} at (0,0) size 175x270
                RenderText {#text} at (0,0) size 0x0
                RenderText {#text} at (0,0) size 0x0
                RenderInline {A} at (0,0) size 161x16
                  RenderText {#text} at (0,0) size 0x0
                  RenderImage {IMG} at (7,270) size 161x30
                RenderText {#text} at (0,0) size 0x0
                RenderText {#text} at (0,0) size 0x0
                RenderInline {FONT} at (0,0) size 151x15 [color=#000000]
                  RenderInline {B} at (0,0) size 151x15
                    RenderInline {SPAN} at (0,0) size 151x15
                      RenderText {#text} at (12,300) size 151x15
                        text run at (12,300) width 151: "Financial Market Update"
                      RenderBR {BR} at (162,312) size 1x0
                RenderText {#text} at (0,0) size 0x0
                RenderInline {FONT} at (0,0) size 83x11
                  RenderInline {A} at (0,0) size 33x11
                    RenderText {#text} at (46,315) size 33x11
                      text run at (46,315) width 33: "AUDIO"
                  RenderText {#text} at (78,315) size 17x11
                    text run at (78,315) width 17: "  |   "
                  RenderInline {A} at (0,0) size 32x11
                    RenderText {#text} at (94,315) size 32x11
                      text run at (94,315) width 32: "VIDEO"
                  RenderText {#text} at (125,315) size 4x11
                    text run at (125,315) width 4: " "
                RenderText {#text} at (0,0) size 0x0
                RenderBR {BR} at (0,0) size 0x0
                RenderBR {BR} at (87,326) size 1x16
                RenderBR {BR} at (87,342) size 1x16
                RenderInline {A} at (0,0) size 125x16
                  RenderText {#text} at (0,0) size 0x0
                  RenderImage {IMG} at (25,358) size 125x125
                RenderText {#text} at (0,0) size 0x0
                RenderText {#text} at (0,0) size 0x0
          RenderTableRow {TR} at (0,97) size 634x111
            RenderTableCell {TD} at (148,97) size 303x104 [bgcolor=#FFFFFF] [border: (1px inset #808080)] [r=2 c=1 rs=1 cs=2]
              RenderInline {A} at (0,0) size 0x0
                RenderImage {IMG} at (4,4) size 288x26
              RenderBR {BR} at (295,4) size 0x16
              RenderBR {BR} at (295,20) size 0x16
              RenderInline {A} at (0,0) size 278x48
                RenderInline {SPAN} at (0,0) size 278x48
                  RenderText {#text} at (4,36) size 278x48
                    text run at (4,36) width 268: "Looking for a new approach to investing?"
                    text run at (4,52) width 278: "How about a portfolio where every holding"
                    text run at (4,68) width 212: "has a word for its stock symbol? "
              RenderBR {BR} at (0,0) size 0x0
              RenderInline {SPAN} at (0,0) size 47x16
                RenderInline {A} at (0,0) size 47x16
                  RenderText {#text} at (4,84) size 47x16
                    text run at (4,84) width 47: "More..."
              RenderText {#text} at (0,0) size 0x0
          RenderTableRow {TR} at (0,208) size 634x334
            RenderTableCell {TD} at (148,208) size 303x313 [bgcolor=#C0C0C0] [border: (1px inset #808080)] [r=3 c=1 rs=1 cs=2]
              RenderImage {IMG} at (4,4) size 290x35
              RenderBR {BR} at (294,39) size 0x0
              RenderInline {A} at (0,0) size 248x16
                RenderInline {FONT} at (0,0) size 248x15
                  RenderInline {SPAN} at (0,0) size 248x15
                    RenderInline {STRON} at (0,0) size 248x15
                      RenderInline {U} at (0,0) size 248x15
                        RenderText {#text} at (4,39) size 248x15
                          text run at (4,39) width 248: "Use BLOOMBERG.com to Find a New Job"
              RenderBR {BR} at (251,51) size 1x0
              RenderInline {FONT} at (0,0) size 280x60
                RenderInline {SPAN} at (0,0) size 280x60
                  RenderText {#text} at (4,54) size 280x60
                    text run at (4,54) width 280: "Whether you know what you're looking for or just"
                    text run at (4,69) width 276: "know you're looking, the new career page offers"
                    text run at (4,84) width 280: "better searches, news, and calculators than ever"
                    text run at (4,99) width 41: "before."
              RenderBR {BR} at (44,111) size 1x0
              RenderInline {A} at (0,0) size 216x16
                RenderInline {FONT} at (0,0) size 216x15
                  RenderInline {SPAN} at (0,0) size 216x15
                    RenderInline {STRONG} at (0,0) size 216x15
                      RenderInline {U} at (0,0) size 216x15
                        RenderText {#text} at (4,114) size 216x15
                          text run at (4,114) width 216: "Bloomberg News on Rocket eBook"
              RenderBR {BR} at (219,126) size 1x0
              RenderInline {FONT} at (0,0) size 292x75
                RenderInline {SPAN} at (0,0) size 292x75
                  RenderText {#text} at (4,129) size 292x75
                    text run at (4,129) width 286: "Bloomberg's Top Financial News is now available"
                    text run at (4,144) width 235: "for download on your Rocket eBook. Get"
                    text run at (4,159) width 292: "tomorrow's news today with Bloomberg's summary"
                    text run at (4,174) width 231: "of the day's top stories. Bloomberg daily"
                    text run at (4,189) width 257: "RocketEditions are FREE until September 1."
              RenderBR {BR} at (260,201) size 1x0
              RenderInline {A} at (0,0) size 144x16
                RenderInline {FONT} at (0,0) size 144x15
                  RenderInline {SPAN} at (0,0) size 144x15
                    RenderInline {STRONG} at (0,0) size 144x15
                      RenderInline {U} at (0,0) size 144x15
                        RenderText {#text} at (4,204) size 144x15
                          text run at (4,204) width 144: "Bloomberg News to Go"
              RenderBR {BR} at (147,216) size 1x0
              RenderInline {FONT} at (0,0) size 290x45
                RenderInline {SPAN} at (0,0) size 290x45
                  RenderText {#text} at (4,219) size 290x45
                    text run at (4,219) width 165: "Get tomorrow's news today. "
                    text run at (168,219) width 125: "FREE weekday email"
                    text run at (4,234) width 290: "report of the top stories in business & finance from"
                    text run at (4,249) width 203: "BLOOMBERG NEWS at 5pm EST."
              RenderBR {BR} at (206,261) size 1x0
              RenderInline {A} at (0,0) size 180x16
                RenderInline {FONT} at (0,0) size 180x15
                  RenderInline {SPAN} at (0,0) size 180x15
                    RenderInline {STRONG} at (0,0) size 180x15
                      RenderInline {U} at (0,0) size 180x15
                        RenderText {#text} at (4,264) size 180x15
                          text run at (4,264) width 180: "Bloomberg Year 2000 Letters"
              RenderBR {BR} at (183,276) size 1x0
              RenderInline {FONT} at (0,0) size 284x30
                RenderInline {SPAN} at (0,0) size 284x30
                  RenderText {#text} at (4,279) size 284x30
                    text run at (4,279) width 284: "For Y2K information on BLOOMBERG, download"
                    text run at (4,294) width 146: "our customer letters now."
              RenderBR {BR} at (149,306) size 1x0
      RenderBlock {P} at (0,560) size 784x10
        RenderInline {FONT} at (0,0) size 412x10
          RenderText {#text} at (0,0) size 190x10
            text run at (0,0) width 190: "\x{A9}1999 Bloomberg L.P. All rights reserved. "
          RenderInline {A} at (0,0) size 77x10
            RenderText {#text} at (189,0) size 77x10
              text run at (189,0) width 77: "Terms of Service"
          RenderText {#text} at (265,0) size 6x10
            text run at (265,0) width 6: ", "
          RenderInline {A} at (0,0) size 64x10
            RenderText {#text} at (270,0) size 64x10
              text run at (270,0) width 64: "Privacy Policy"
          RenderText {#text} at (333,0) size 23x10
            text run at (333,0) width 23: " and "
          RenderInline {A} at (0,0) size 54x10
            RenderText {#text} at (355,0) size 54x10
              text run at (355,0) width 54: "Trademarks"
          RenderText {#text} at (408,0) size 4x10
            text run at (408,0) width 4: "."
        RenderText {#text} at (0,0) size 0x0
