layer at (0,0) size 800x600
  RenderView at (0,0) size 800x600
layer at (0,0) size 800x600
  RenderBlock {HTML} at (0,0) size 800x600
    RenderBody {BODY} at (8,8) size 784x584
      RenderTable {TABLE} at (0,0) size 75x28 [border: (2px solid #FF0000)]
        RenderTableSection {TBODY} at (2,2) size 71x24
          RenderTableRow {TR} at (0,2) size 71x20
            RenderTableCell {TD} at (2,2) size 31x20 [border: (1px inset #FF0000)] [r=0 c=0 rs=1 cs=1]
              RenderText {#text} at (2,2) size 27x16
                text run at (2,2) width 27: "One"
            RenderTableCell {TD} at (35,2) size 34x20 [border: (1px inset #FF0000)] [r=0 c=1 rs=1 cs=1]
              RenderText {#text} at (2,2) size 30x16
                text run at (2,2) width 30: "Two"
      RenderBlock (anonymous) at (0,28) size 784x16
        RenderBR {BR} at (0,0) size 0x16
      RenderTable {TABLE} at (0,44) size 77x30 [border: (3px solid #FF0000)]
        RenderTableSection {TBODY} at (3,3) size 71x24
          RenderTableRow {TR} at (0,2) size 71x20
            RenderTableCell {TD} at (2,2) size 31x20 [border: (1px inset #FF0000)] [r=0 c=0 rs=1 cs=1]
              RenderText {#text} at (2,2) size 27x16
                text run at (2,2) width 27: "One"
            RenderTableCell {TD} at (35,2) size 34x20 [border: (1px inset #FF0000)] [r=0 c=1 rs=1 cs=1]
              RenderText {#text} at (2,2) size 30x16
                text run at (2,2) width 30: "Two"
      RenderTable {TABLE} at (0,74) size 64x26 [border: (1px outset #808080)]
        RenderTableSection {TBODY} at (1,1) size 62x24
          RenderTableRow {TR} at (0,2) size 62x20
            RenderTableCell {TD} at (2,2) size 28x20 [border: (1px inset #808080)] [r=0 c=0 rs=1 cs=1]
              RenderText {#text} at (2,2) size 24x16
                text run at (2,2) width 24: "one"
            RenderTableCell {TD} at (32,2) size 28x20 [border: (1px inset #808080)] [r=0 c=1 rs=1 cs=1]
              RenderText {#text} at (2,2) size 24x16
                text run at (2,2) width 24: "two"
      RenderBlock (anonymous) at (0,100) size 784x16
        RenderBR {BR} at (0,0) size 0x16
      RenderTable {TABLE} at (0,116) size 68x22
        RenderTableSection {TBODY} at (0,0) size 68x22
          RenderTableRow {TR} at (0,2) size 68x18
            RenderTableCell {TD} at (2,2) size 18x18 [r=0 c=0 rs=1 cs=1]
              RenderText {#text} at (1,1) size 16x16
                text run at (1,1) width 16: "no"
            RenderTableCell {TD} at (22,2) size 44x18 [r=0 c=1 rs=1 cs=1]
              RenderText {#text} at (1,1) size 42x16
                text run at (1,1) width 42: "border"
      RenderBlock (anonymous) at (0,138) size 784x16
        RenderText {#text} at (0,0) size 68x16
          text run at (0,0) width 68: "This table:"
      RenderTable {TABLE} at (0,154) size 73x26 [border: (1px solid #FF0000)]
        RenderTableSection {TBODY} at (1,1) size 71x24
          RenderTableRow {TR} at (0,2) size 71x20
            RenderTableCell {TD} at (2,2) size 31x20 [border: (1px inset #FF0000)] [r=0 c=0 rs=1 cs=1]
              RenderText {#text} at (2,2) size 27x16
                text run at (2,2) width 27: "One"
            RenderTableCell {TD} at (35,2) size 34x20 [border: (1px inset #FF0000)] [r=0 c=1 rs=1 cs=1]
              RenderText {#text} at (2,2) size 30x16
                text run at (2,2) width 30: "Two"
      RenderBlock (anonymous) at (0,180) size 784x32
        RenderBR {BR} at (0,0) size 0x16
        RenderText {#text} at (0,16) size 192x16
          text run at (0,16) width 192: "Should look just like this one:"
      RenderTable {TABLE} at (0,212) size 75x28 [border: (2px outset #808080)]
        RenderTableSection {TBODY} at (2,2) size 71x24
          RenderTableRow {TR} at (0,2) size 71x20
            RenderTableCell {TD} at (2,2) size 31x20 [border: (1px inset #808080)] [r=0 c=0 rs=1 cs=1]
              RenderText {#text} at (2,2) size 27x16
                text run at (2,2) width 27: "One"
            RenderTableCell {TD} at (35,2) size 34x20 [border: (1px inset #808080)] [r=0 c=1 rs=1 cs=1]
              RenderText {#text} at (2,2) size 30x16
                text run at (2,2) width 30: "Two"
      RenderBlock (anonymous) at (0,240) size 784x16
        RenderBR {BR} at (0,0) size 0x16
      RenderTable {TABLE} at (0,256) size 64x26 [border: (1px solid #FF0000)]
        RenderTableSection {TBODY} at (1,1) size 62x24
          RenderTableRow {TR} at (0,2) size 62x20
            RenderTableCell {TD} at (2,2) size 28x20 [border: (1px solid #008000)] [r=0 c=0 rs=1 cs=1]
              RenderText {#text} at (2,2) size 24x16
                text run at (2,2) width 24: "one"
            RenderTableCell {TD} at (32,2) size 28x20 [border: (1px solid #FF0000)] [r=0 c=1 rs=1 cs=1]
              RenderText {#text} at (2,2) size 24x16
                text run at (2,2) width 24: "two"
      RenderBlock (anonymous) at (0,282) size 784x16
        RenderBR {BR} at (0,0) size 0x16
      RenderTable {TABLE} at (0,298) size 106x48 [border: (1px solid #FF0000)]
        RenderTableSection {TBODY} at (1,1) size 104x46
          RenderTableRow {TR} at (0,2) size 104x20
            RenderTableCell {TD} at (2,2) size 31x20 [border: (1px solid #008000)] [r=0 c=0 rs=1 cs=1]
              RenderText {#text} at (2,2) size 24x16
                text run at (2,2) width 24: "one"
            RenderTableCell {TD} at (35,2) size 29x20 [border: (1px solid #FF0000)] [r=0 c=1 rs=1 cs=1]
              RenderText {#text} at (2,2) size 24x16
                text run at (2,2) width 24: "two"
            RenderTableCell {TD} at (66,2) size 36x20 [border: (1px solid #0000FF)] [r=0 c=2 rs=1 cs=1]
              RenderText {#text} at (2,2) size 32x16
                text run at (2,2) width 32: "three"
          RenderTableRow {TR} at (0,24) size 104x20
            RenderTableCell {TD} at (2,24) size 31x20 [border: (1px solid #008000)] [r=1 c=0 rs=1 cs=1]
              RenderText {#text} at (2,2) size 27x16
                text run at (2,2) width 27: "four"
            RenderTableCell {TD} at (35,24) size 29x20 [border: (1px solid #FFFF00)] [r=1 c=1 rs=1 cs=1]
              RenderText {#text} at (2,2) size 25x16
                text run at (2,2) width 25: "five"
            RenderTableCell {TD} at (66,24) size 36x20 [border: (1px solid #FFA500)] [r=1 c=2 rs=1 cs=1]
              RenderText {#text} at (2,2) size 19x16
                text run at (2,2) width 19: "six"
      RenderBlock (anonymous) at (0,346) size 784x16
        RenderBR {BR} at (0,0) size 0x16
      RenderTable {TABLE} at (0,362) size 106x48 [border: (1px solid #FF0000)]
        RenderTableSection {TBODY} at (1,1) size 104x46
          RenderTableRow {TR} at (0,2) size 104x20
            RenderTableCell {TD} at (2,2) size 31x20 [border: (1px solid #008000)] [r=0 c=0 rs=1 cs=1]
              RenderText {#text} at (2,2) size 24x16
                text run at (2,2) width 24: "one"
            RenderTableCell {TD} at (35,2) size 29x20 [border: (1px solid #FF0000)] [r=0 c=1 rs=1 cs=1]
              RenderText {#text} at (2,2) size 24x16
                text run at (2,2) width 24: "two"
            RenderTableCell {TD} at (66,2) size 36x20 [border: (1px solid #0000FF)] [r=0 c=2 rs=1 cs=1]
              RenderText {#text} at (2,2) size 32x16
                text run at (2,2) width 32: "three"
          RenderTableRow {TR} at (0,24) size 104x20
            RenderTableCell {TD} at (2,24) size 31x20 [border: (1px solid #008000)] [r=1 c=0 rs=1 cs=1]
              RenderText {#text} at (2,2) size 27x16
                text run at (2,2) width 27: "four"
            RenderTableCell {TD} at (35,24) size 29x20 [border: (1px solid #FFFF00)] [r=1 c=1 rs=1 cs=1]
              RenderText {#text} at (2,2) size 25x16
                text run at (2,2) width 25: "five"
            RenderTableCell {TD} at (66,24) size 36x20 [border: (1px solid #FFA500)] [r=1 c=2 rs=1 cs=1]
              RenderText {#text} at (2,2) size 19x16
                text run at (2,2) width 19: "six"
      RenderBlock (anonymous) at (0,410) size 784x16
        RenderBR {BR} at (0,0) size 0x16
      RenderTable {TABLE} at (0,426) size 67x34 [border: (5px outset #808080)]
        RenderTableSection {TBODY} at (5,5) size 57x24
          RenderTableRow {TR} at (0,2) size 57x20
            RenderTableCell {TD} at (2,2) size 26x20 [border: (1px inset #808080)] [r=0 c=0 rs=1 cs=1]
              RenderText {#text} at (2,2) size 22x16
                text run at (2,2) width 22: "foo"
            RenderTableCell {TD} at (30,2) size 25x20 [border: (1px inset #808080)] [r=0 c=1 rs=1 cs=1]
              RenderText {#text} at (2,2) size 21x16
                text run at (2,2) width 21: "bar"
      RenderBlock (anonymous) at (0,460) size 784x16
        RenderBR {BR} at (0,0) size 0x16
      RenderTable {TABLE} at (0,476) size 71x36 [border: (5px outset #808080)]
        RenderTableSection {TBODY} at (5,5) size 61x26
          RenderTableRow {TR} at (0,2) size 61x22
            RenderTableCell {TD} at (2,2) size 28x22 [border: (2px solid #FF0000)] [r=0 c=0 rs=1 cs=1]
              RenderText {#text} at (3,3) size 22x16
                text run at (3,3) width 22: "foo"
            RenderTableCell {TD} at (32,2) size 27x22 [border: (2px solid #FF0000)] [r=0 c=1 rs=1 cs=1]
              RenderText {#text} at (3,3) size 21x16
                text run at (3,3) width 21: "bar"
