layer at (0,0) size 785x4306
  RenderView at (0,0) size 785x600
layer at (0,0) size 785x4306
  RenderBlock {HTML} at (0,0) size 785x4306
    RenderBody {BODY} at (8,8) size 769x4290
      RenderTable {TABLE} at (0,0) size 40x584 [bgcolor=#0000FF] [border: (1px outset #808080)]
        RenderTableSection {TBODY} at (1,1) size 38x582
          RenderTableRow {TR} at (0,2) size 38x114
            RenderTableCell {TD} at (2,49) size 34x20 [border: (1px inset #808080)] [r=0 c=0 rs=1 cs=1]
              RenderText {#text} at (2,2) size 30x16
                text run at (2,2) width 30: "20%"
          RenderTableRow {TR} at (0,118) size 38x462
            RenderTableCell {TD} at (2,339) size 34x20 [border: (1px inset #808080)] [r=1 c=0 rs=1 cs=1]
              RenderText {#text} at (2,2) size 30x16
                text run at (2,2) width 30: "80%"
      RenderBlock (anonymous) at (0,584) size 769x16
        RenderBR {BR} at (0,0) size 0x16
      RenderTable {TABLE} at (0,600) size 55x108 [bgcolor=#0000FF] [border: (1px outset #808080)]
        RenderTableSection {TBODY} at (1,1) size 53x106
          RenderTableRow {TR} at (0,2) size 53x50
            RenderTableCell {TD} at (2,17) size 49x20 [border: (1px inset #808080)] [r=0 c=0 rs=1 cs=1]
              RenderText {#text} at (2,2) size 45x16
                text run at (2,2) width 45: "row 50"
          RenderTableRow {TR} at (0,54) size 53x50
            RenderTableCell {TD} at (2,69) size 49x20 [border: (1px inset #808080)] [r=1 c=0 rs=1 cs=1]
              RenderText {#text} at (2,2) size 16x16
                text run at (2,2) width 16: "50"
      RenderBlock (anonymous) at (0,708) size 769x16
        RenderBR {BR} at (0,0) size 0x16
      RenderTable {TABLE} at (0,724) size 26x110 [bgcolor=#0000FF] [border: (1px outset #808080)]
        RenderTableSection {TBODY} at (1,1) size 24x108
          RenderTableRow {TR} at (0,2) size 24x52
            RenderTableCell {TD} at (2,2) size 20x52 [border: (1px inset #808080)] [r=0 c=0 rs=1 cs=1]
              RenderText {#text} at (2,2) size 8x48
                text run at (2,2) width 8: "5"
                text run at (2,18) width 8: "5"
                text run at (2,34) width 8: "5"
          RenderTableRow {TR} at (0,56) size 24x50
            RenderTableCell {TD} at (2,71) size 20x20 [border: (1px inset #808080)] [r=1 c=0 rs=1 cs=1]
              RenderText {#text} at (2,2) size 16x16
                text run at (2,2) width 16: "50"
      RenderTable {TABLE} at (0,834) size 34x258 [bgcolor=#0000FF] [border: (1px outset #808080)]
        RenderTableSection {TBODY} at (1,1) size 32x256
          RenderTableRow {TR} at (0,2) size 32x200
            RenderTableCell {TD} at (2,92) size 28x20 [border: (1px inset #808080)] [r=0 c=0 rs=1 cs=1]
              RenderText {#text} at (2,2) size 24x16
                text run at (2,2) width 24: "200"
          RenderTableRow {TR} at (0,204) size 32x50
            RenderTableCell {TD} at (2,219) size 28x20 [border: (1px inset #808080)] [r=1 c=0 rs=1 cs=1]
              RenderText {#text} at (2,2) size 16x16
                text run at (2,2) width 16: "50"
      RenderBlock (anonymous) at (0,1092) size 769x16
        RenderBR {BR} at (0,0) size 0x16
      RenderTable {TABLE} at (0,1108) size 34x258 [bgcolor=#0000FF] [border: (1px outset #808080)]
        RenderTableSection {TBODY} at (1,1) size 32x256
          RenderTableRow {TR} at (0,2) size 32x200
            RenderTableCell {TD} at (2,92) size 28x20 [border: (1px inset #808080)] [r=0 c=0 rs=1 cs=1]
              RenderText {#text} at (2,2) size 24x16
                text run at (2,2) width 24: "200"
          RenderTableRow {TR} at (0,204) size 32x50
            RenderTableCell {TD} at (2,219) size 28x20 [border: (1px inset #808080)] [r=1 c=0 rs=1 cs=1]
              RenderText {#text} at (2,2) size 16x16
                text run at (2,2) width 16: "50"
      RenderBlock (anonymous) at (0,1366) size 769x16
        RenderBR {BR} at (0,0) size 0x16
      RenderTable {TABLE} at (0,1382) size 64x208 [bgcolor=#FFA500] [border: (1px outset #808080)]
        RenderTableSection {TBODY} at (1,1) size 62x206
          RenderTableRow {TR} at (0,2) size 62x100
            RenderTableCell {TD} at (2,93) size 28x20 [border: (1px inset #808080)] [r=0 c=0 rs=2 cs=1]
              RenderText {#text} at (2,2) size 24x16
                text run at (2,2) width 24: "100"
            RenderTableCell {TD} at (32,42) size 28x20 [border: (1px inset #808080)] [r=0 c=1 rs=1 cs=1]
              RenderText {#text} at (2,2) size 24x16
                text run at (2,2) width 24: "100"
          RenderTableRow {TR} at (0,104) size 62x100
            RenderTableCell {TD} at (32,128) size 28x52 [border: (1px inset #808080)] [r=1 c=1 rs=1 cs=1]
              RenderText {#text} at (2,2) size 24x48
                text run at (2,2) width 24: "100"
                text run at (2,18) width 24: "100"
                text run at (2,34) width 24: "100"
      RenderBlock (anonymous) at (0,1590) size 769x16
        RenderBR {BR} at (0,0) size 0x16
      RenderTable {TABLE} at (0,1606) size 48x26 [bgcolor=#FFFF00] [border: (1px outset #808080)]
        RenderTableSection {TBODY} at (1,1) size 46x24
          RenderTableRow {TR} at (0,2) size 46x20
            RenderTableCell {TD} at (2,2) size 42x20 [border: (1px inset #808080)] [r=0 c=0 rs=1 cs=1]
              RenderText {#text} at (2,2) size 38x16
                text run at (2,2) width 38: "100%"
      RenderBlock (anonymous) at (0,1632) size 769x16
        RenderBR {BR} at (0,0) size 0x16
      RenderTable {TABLE} at (0,1648) size 40x584 [bgcolor=#FFA500] [border: (1px outset #808080)]
        RenderTableSection {TBODY} at (1,1) size 38x582
          RenderTableRow {TR} at (0,2) size 38x114
            RenderTableCell {TD} at (2,49) size 34x20 [border: (1px inset #808080)] [r=0 c=0 rs=1 cs=1]
              RenderText {#text} at (2,2) size 30x16
                text run at (2,2) width 30: "20%"
          RenderTableRow {TR} at (0,118) size 38x462
            RenderTableCell {TD} at (2,339) size 34x20 [border: (1px inset #808080)] [r=1 c=0 rs=1 cs=1]
              RenderText {#text} at (2,2) size 30x16
                text run at (2,2) width 30: "80%"
      RenderBlock (anonymous) at (0,2232) size 769x16
        RenderBR {BR} at (0,0) size 0x16
      RenderTable {TABLE} at (0,2248) size 62x206 [bgcolor=#808080] [border: (1px outset #808080)]
        RenderTableSection {TBODY} at (1,1) size 60x204
          RenderTableRow {TR} at (0,2) size 60x200
            RenderTableCell {TD} at (2,92) size 26x20 [border: (1px inset #808080)] [r=0 c=0 rs=1 cs=1]
              RenderText {#text} at (2,2) size 22x16
                text run at (2,2) width 22: "5%"
            RenderTableCell {TD} at (30,92) size 28x20 [border: (1px inset #808080)] [r=0 c=1 rs=1 cs=1]
              RenderText {#text} at (2,2) size 24x16
                text run at (2,2) width 24: "200"
      RenderBlock (anonymous) at (0,2454) size 769x16
        RenderBR {BR} at (0,0) size 0x16
      RenderTable {TABLE} at (0,2470) size 62x198 [bgcolor=#FFA500] [border: (1px outset #808080)]
        RenderTableSection {TBODY} at (1,1) size 60x196
          RenderTableRow {TR} at (0,2) size 60x192
            RenderTableCell {TD} at (2,88) size 34x20 [border: (1px inset #808080)] [r=0 c=0 rs=1 cs=1]
              RenderText {#text} at (2,2) size 30x16
                text run at (2,2) width 30: "50%"
            RenderTableCell {TD} at (38,88) size 20x20 [border: (1px inset #808080)] [r=0 c=1 rs=1 cs=1]
              RenderText {#text} at (2,2) size 16x16
                text run at (2,2) width 16: "20"
      RenderBlock (anonymous) at (0,2668) size 769x16
        RenderBR {BR} at (0,0) size 0x16
      RenderTable {TABLE} at (0,2684) size 40x584 [border: (1px outset #808080)]
        RenderTableSection {TBODY} at (1,1) size 38x582
          RenderTableRow {TR} at (0,2) size 38x500
            RenderTableCell {TD} at (2,242) size 34x20 [border: (1px inset #808080)] [r=0 c=0 rs=1 cs=1]
              RenderText {#text} at (2,2) size 24x16
                text run at (2,2) width 24: "500"
          RenderTableRow {TR} at (0,504) size 38x76
            RenderTableCell {TD} at (2,532) size 34x20 [border: (1px inset #808080)] [r=1 c=0 rs=1 cs=1]
              RenderText {#text} at (2,2) size 30x16
                text run at (2,2) width 30: "80%"
      RenderBlock (anonymous) at (0,3268) size 769x16
        RenderBR {BR} at (0,0) size 0x16
      RenderTable {TABLE} at (0,3284) size 106x584 [bgcolor=#FF0000] [border: (1px outset #808080)]
        RenderTableSection {TBODY} at (1,1) size 104x582
          RenderTableRow {TR} at (0,2) size 104x267
            RenderTableCell {TD} at (2,260) size 32x20 [border: (1px inset #808080)] [r=0 c=0 rs=2 cs=1]
              RenderText {#text} at (2,2) size 24x16
                text run at (2,2) width 24: "500"
            RenderTableCell {TD} at (36,125) size 32x20 [border: (1px inset #808080)] [r=0 c=1 rs=1 cs=1]
              RenderText {#text} at (2,2) size 28x16
                text run at (2,2) width 28: "auto"
          RenderTableRow {TR} at (0,271) size 104x268
            RenderTableCell {TD} at (36,395) size 32x20 [border: (1px inset #808080)] [r=1 c=1 rs=1 cs=1]
              RenderText {#text} at (2,2) size 28x16
                text run at (2,2) width 28: "auto"
            RenderTableCell {TD} at (70,395) size 32x20 [border: (1px inset #808080)] [r=1 c=2 rs=1 cs=1]
              RenderText {#text} at (2,2) size 28x16
                text run at (2,2) width 28: "auto"
          RenderTableRow {TR} at (0,541) size 104x39
            RenderTableCell {TD} at (2,550) size 32x20 [border: (1px inset #808080)] [r=2 c=0 rs=1 cs=1]
              RenderText {#text} at (2,2) size 28x16
                text run at (2,2) width 28: "auto"
            RenderTableCell {TD} at (36,550) size 32x20 [border: (1px inset #808080)] [r=2 c=1 rs=1 cs=1]
              RenderText {#text} at (2,2) size 28x16
                text run at (2,2) width 28: "auto"
      RenderBlock (anonymous) at (0,3868) size 769x16
        RenderBR {BR} at (0,0) size 0x16
      RenderTable {TABLE} at (0,3884) size 54x406 [bgcolor=#FFA500] [border: (1px outset #808080)]
        RenderTableSection {TBODY} at (1,1) size 52x404
          RenderTableRow {TR} at (0,2) size 52x400
            RenderTableCell {TD} at (2,2) size 48x400 [border: (1px inset #808080)] [r=0 c=0 rs=1 cs=1]
              RenderTable {TABLE} at (2,2) size 44x396 [bgcolor=#0000FF]
                RenderTableSection {TBODY} at (0,0) size 44x396
                  RenderTableRow {TR} at (0,2) size 44x392
                    RenderTableCell {TD} at (2,189) size 40x18 [r=0 c=0 rs=1 cs=1]
                      RenderText {#text} at (1,1) size 38x16
                        text run at (1,1) width 38: "100%"
