layer at (0,0) size 800x600
  RenderView at (0,0) size 800x600
layer at (0,0) size 800x600
  RenderBlock {HTML} at (0,0) size 800x600
    RenderBody {BODY} at (8,8) size 784x584
      RenderTable {TABLE} at (0,0) size 150x26 [bgcolor=#00FF00] [border: (1px outset #808080)]
        RenderTableSection {TBODY} at (1,1) size 148x24
          RenderTableRow {TR} at (0,2) size 148x20
            RenderTableCell {TD} at (2,2) size 66x20 [border: (1px inset #808080)] [r=0 c=0 rs=1 cs=1]
              RenderText {#text} at (2,2) size 24x16
                text run at (2,2) width 24: "200"
            RenderTableCell {TD} at (70,2) size 76x20 [border: (1px inset #808080)] [r=0 c=1 rs=1 cs=1]
              RenderText {#text} at (2,2) size 64x16
                text run at (2,2) width 64: "one_hund"
      RenderBlock (anonymous) at (0,26) size 784x16
        RenderBR {BR} at (0,0) size 0x16
      RenderTable {TABLE} at (0,42) size 500x26 [border: (1px outset #808080)]
        RenderTableSection {TBODY} at (1,1) size 498x24
          RenderTableRow {TR} at (0,2) size 498x20
            RenderTableCell {TD} at (2,2) size 174x20 [bgcolor=#FF0000] [border: (1px inset #808080)] [r=0 c=0 rs=1 cs=1]
              RenderText {#text} at (2,2) size 78x16
                text run at (2,2) width 78: "fooooooooo"
            RenderTableCell {TD} at (178,2) size 174x20 [bgcolor=#008000] [border: (1px inset #808080)] [r=0 c=1 rs=1 cs=1]
              RenderText {#text} at (2,2) size 78x16
                text run at (2,2) width 78: "fooooooooo"
            RenderTableCell {TD} at (354,2) size 142x20 [bgcolor=#FFA500] [border: (1px inset #808080)] [r=0 c=2 rs=1 cs=1]
              RenderText {#text} at (2,2) size 98x16
                text run at (2,2) width 98: "foo foo foo foo"
      RenderBlock (anonymous) at (0,68) size 784x16
        RenderBR {BR} at (0,0) size 0x16
      RenderBlock {HR} at (0,92) size 402x2 [border: (1px inset #EEEEEE)]
      RenderBlock (anonymous) at (0,102) size 784x16
        RenderText {#text} at (0,0) size 374x16
          text run at (0,0) width 374: "fixed table - fixed cells are increased based on fixed width"
      RenderTable {TABLE} at (0,118) size 400x42 [border: (1px outset #808080)]
        RenderTableSection {TBODY} at (1,1) size 398x40
          RenderTableRow {TR} at (0,2) size 398x36
            RenderTableCell {TD} at (2,10) size 259x20 [border: (1px inset #808080)] [r=0 c=0 rs=1 cs=1]
              RenderText {#text} at (2,2) size 22x16
                text run at (2,2) width 22: "foo"
            RenderTableCell {TD} at (263,2) size 133x36 [border: (1px inset #808080)] [r=0 c=1 rs=1 cs=1]
              RenderText {#text} at (2,2) size 123x32
                text run at (2,2) width 123: "foo foo foo foo foo"
                text run at (2,18) width 72: "foo foo foo"
      RenderBlock (anonymous) at (0,160) size 784x48
        RenderBR {BR} at (0,0) size 0x16
        RenderBR {BR} at (0,16) size 0x16
        RenderText {#text} at (0,32) size 383x16
          text run at (0,32) width 383: "excess above min allocated based on fixed widths (not min)"
      RenderTable {TABLE} at (0,208) size 100x42 [border: (1px outset #808080)]
        RenderTableSection {TBODY} at (1,1) size 98x40
          RenderTableRow {TR} at (0,2) size 98x36
            RenderTableCell {TD} at (2,2) size 34x36 [border: (1px inset #808080)] [r=0 c=0 rs=1 cs=1]
              RenderText {#text} at (2,2) size 22x32
                text run at (2,2) width 22: "foo"
                text run at (2,18) width 22: "foo"
            RenderTableCell {TD} at (38,10) size 58x20 [border: (1px inset #808080)] [r=0 c=1 rs=1 cs=1]
              RenderText {#text} at (2,2) size 22x16
                text run at (2,2) width 22: "foo"
      RenderBlock (anonymous) at (0,250) size 784x32
        RenderBR {BR} at (0,0) size 0x16
        RenderText {#text} at (0,16) size 383x16
          text run at (0,16) width 383: "excess above min allocated based on fixed widths (not min)"
      RenderTable {TABLE} at (0,282) size 100x42 [border: (1px outset #808080)]
        RenderTableSection {TBODY} at (1,1) size 98x40
          RenderTableRow {TR} at (0,2) size 98x36
            RenderTableCell {TD} at (2,2) size 26x36 [border: (1px inset #808080)] [r=0 c=0 rs=1 cs=1]
              RenderText {#text} at (2,2) size 22x32
                text run at (2,2) width 22: "foo"
                text run at (2,18) width 22: "foo"
            RenderTableCell {TD} at (30,10) size 66x20 [border: (1px inset #808080)] [r=0 c=1 rs=1 cs=1]
              RenderText {#text} at (2,2) size 22x16
                text run at (2,2) width 22: "foo"
      RenderBlock (anonymous) at (0,324) size 784x16
        RenderBR {BR} at (0,0) size 0x16
      RenderTable {TABLE} at (0,340) size 600x26 [border: (1px outset #808080)]
        RenderTableSection {TBODY} at (1,1) size 598x24
          RenderTableRow {TR} at (0,2) size 598x20
            RenderTableCell {TD} at (2,2) size 26x20 [border: (1px inset #808080)] [r=0 c=0 rs=1 cs=1]
              RenderText {#text} at (2,2) size 22x16
                text run at (2,2) width 22: "foo"
            RenderTableCell {TD} at (30,2) size 566x20 [border: (1px inset #808080)] [r=0 c=1 rs=1 cs=1]
              RenderText {#text} at (2,2) size 22x16
                text run at (2,2) width 22: "foo"
      RenderBlock (anonymous) at (0,366) size 784x16
        RenderBR {BR} at (0,0) size 0x16
      RenderTable {TABLE} at (0,382) size 40x26 [border: (1px outset #808080)]
        RenderTableSection {TBODY} at (1,1) size 38x24
          RenderTableRow {TR} at (0,2) size 38x20
            RenderTableCell {TD} at (2,2) size 34x20 [border: (1px inset #808080)] [r=0 c=0 rs=1 cs=1]
              RenderText {#text} at (2,2) size 22x16
                text run at (2,2) width 22: "foo"
