layer at (0,0) size 785x878
  RenderView at (0,0) size 785x600
layer at (0,0) size 785x878
  RenderBlock {HTML} at (0,0) size 785x878
    RenderBody {BODY} at (8,8) size 769x862
      RenderBlock (anonymous) at (0,0) size 769x16
        RenderText {#text} at (0,0) size 320x16
          text run at (0,0) width 320: "fixed table - percentage width cell honored to min"
      RenderTable {TABLE} at (0,16) size 300x26 [border: (1px outset #808080)]
        RenderTableSection {TBODY} at (1,1) size 298x24
          RenderTableRow {TR} at (0,2) size 298x20
            RenderTableCell {TD} at (2,2) size 26x20 [border: (1px inset #808080)] [r=0 c=0 rs=1 cs=1]
              RenderText {#text} at (2,2) size 22x16
                text run at (2,2) width 22: "foo"
            RenderTableCell {TD} at (30,2) size 266x20 [border: (1px inset #808080)] [r=0 c=1 rs=1 cs=1]
              RenderText {#text} at (2,2) size 22x16
                text run at (2,2) width 22: "foo"
      RenderBlock (anonymous) at (0,42) size 769x32
        RenderBR {BR} at (0,0) size 0x16
        RenderText {#text} at (0,16) size 352x16
          text run at (0,16) width 352: "fixed table - percentage cells allocated left to rigth first"
      RenderTable {TABLE} at (0,74) size 300x42 [border: (1px outset #808080)]
        RenderTableSection {TBODY} at (1,1) size 298x40
          RenderTableRow {TR} at (0,2) size 298x36
            RenderTableCell {TD} at (2,2) size 44x36 [border: (1px inset #808080)] [r=0 c=0 rs=1 cs=1]
              RenderText {#text} at (2,2) size 40x32
                text run at (2,2) width 40: "100px"
                text run at (2,18) width 40: "100px"
            RenderTableCell {TD} at (48,10) size 123x20 [border: (1px inset #808080)] [r=0 c=1 rs=1 cs=1]
              RenderText {#text} at (2,2) size 30x16
                text run at (2,2) width 30: "50%"
            RenderTableCell {TD} at (173,10) size 123x20 [border: (1px inset #808080)] [r=0 c=2 rs=1 cs=1]
              RenderText {#text} at (2,2) size 30x16
                text run at (2,2) width 30: "50%"
      RenderBlock (anonymous) at (0,116) size 769x32
        RenderBR {BR} at (0,0) size 0x16
        RenderText {#text} at (0,16) size 525x16
          text run at (0,16) width 525: "fixed table - percentage cells allocated left to rigth first allocated from left to right"
      RenderTable {TABLE} at (0,148) size 300x42 [border: (1px outset #808080)]
        RenderTableSection {TBODY} at (1,1) size 298x40
          RenderTableRow {TR} at (0,2) size 298x36
            RenderTableCell {TD} at (2,2) size 44x36 [border: (1px inset #808080)] [r=0 c=0 rs=1 cs=1]
              RenderText {#text} at (2,2) size 40x32
                text run at (2,2) width 40: "100px"
                text run at (2,18) width 40: "100px"
            RenderTableCell {TD} at (48,10) size 212x20 [border: (1px inset #808080)] [r=0 c=1 rs=1 cs=1]
              RenderText {#text} at (2,2) size 30x16
                text run at (2,2) width 30: "95%"
            RenderTableCell {TD} at (262,10) size 34x20 [border: (1px inset #808080)] [r=0 c=2 rs=1 cs=1]
              RenderText {#text} at (2,2) size 30x16
                text run at (2,2) width 30: "95%"
      RenderBlock (anonymous) at (0,190) size 769x32
        RenderBR {BR} at (0,0) size 0x16
        RenderText {#text} at (0,16) size 352x16
          text run at (0,16) width 352: "fixed table - percentage cells allocated left to rigth first"
      RenderTable {TABLE} at (0,222) size 200x58 [border: (1px outset #808080)]
        RenderTableSection {TBODY} at (1,1) size 198x56
          RenderTableRow {TR} at (0,10) size 198x36
            RenderTableCell {TD} at (10,10) size 84x36 [border: (1px inset #808080)] [r=0 c=0 rs=1 cs=1]
              RenderText {#text} at (2,2) size 40x32
                text run at (2,2) width 40: "100px"
                text run at (2,18) width 40: "100px"
            RenderTableCell {TD} at (104,18) size 84x20 [border: (1px inset #808080)] [r=0 c=1 rs=1 cs=1]
              RenderText {#text} at (2,2) size 30x16
                text run at (2,2) width 30: "50%"
      RenderBlock (anonymous) at (0,280) size 769x32
        RenderBR {BR} at (0,0) size 0x16
        RenderText {#text} at (0,16) size 352x16
          text run at (0,16) width 352: "fixed table - percentage cells allocated left to right first"
      RenderTable {TABLE} at (0,312) size 200x74 [border: (1px outset #808080)]
        RenderTableSection {TBODY} at (1,1) size 198x72
          RenderTableRow {TR} at (0,10) size 198x52
            RenderTableCell {TD} at (10,18) size 44x36 [border: (1px inset #808080)] [r=0 c=0 rs=1 cs=1]
              RenderText {#text} at (2,2) size 40x32
                text run at (2,2) width 40: "100px"
                text run at (2,18) width 40: "100px"
            RenderTableCell {TD} at (64,10) size 57x52 [border: (1px inset #808080)] [r=0 c=1 rs=1 cs=1]
              RenderText {#text} at (2,2) size 30x48
                text run at (2,2) width 30: "50%"
                text run at (2,18) width 30: "50%"
                text run at (2,34) width 30: "50%"
            RenderTableCell {TD} at (131,10) size 57x52 [border: (1px inset #808080)] [r=0 c=2 rs=1 cs=1]
              RenderText {#text} at (2,2) size 30x48
                text run at (2,2) width 30: "50%"
                text run at (2,18) width 30: "50%"
                text run at (2,34) width 30: "50%"
      RenderBlock (anonymous) at (0,386) size 769x32
        RenderBR {BR} at (0,0) size 0x16
        RenderText {#text} at (0,16) size 352x16
          text run at (0,16) width 352: "fixed table - percentage cells allocated left to right first"
      RenderTable {TABLE} at (0,418) size 400x58 [border: (1px outset #808080)]
        RenderTableSection {TBODY} at (1,1) size 398x56
          RenderTableRow {TR} at (0,10) size 398x36
            RenderTableCell {TD} at (10,10) size 44x36 [border: (1px inset #808080)] [r=0 c=0 rs=1 cs=1]
              RenderText {#text} at (2,2) size 40x32
                text run at (2,2) width 40: "100px"
                text run at (2,18) width 40: "100px"
            RenderTableCell {TD} at (64,10) size 44x36 [border: (1px inset #808080)] [r=0 c=1 rs=1 cs=1]
              RenderText {#text} at (2,2) size 40x32
                text run at (2,2) width 40: "100px"
                text run at (2,18) width 40: "100px"
            RenderTableCell {TD} at (118,18) size 130x20 [border: (1px inset #808080)] [r=0 c=2 rs=1 cs=1]
              RenderText {#text} at (2,2) size 96x16
                text run at (2,2) width 96: "50% 50% 50%"
            RenderTableCell {TD} at (258,18) size 130x20 [border: (1px inset #808080)] [r=0 c=3 rs=1 cs=1]
              RenderText {#text} at (2,2) size 96x16
                text run at (2,2) width 96: "50% 50% 50%"
      RenderBlock (anonymous) at (0,476) size 769x32
        RenderBR {BR} at (0,0) size 0x16
        RenderText {#text} at (0,16) size 352x16
          text run at (0,16) width 352: "fixed table - percentage cells allocated left to right first"
      RenderTable {TABLE} at (0,508) size 400x74 [border: (1px outset #808080)]
        RenderTableSection {TBODY} at (1,1) size 398x72
          RenderTableRow {TR} at (0,10) size 398x52
            RenderTableCell {TD} at (10,18) size 44x36 [border: (1px inset #808080)] [r=0 c=0 rs=1 cs=1]
              RenderText {#text} at (2,2) size 40x32
                text run at (2,2) width 40: "100px"
                text run at (2,18) width 40: "100px"
            RenderTableCell {TD} at (64,18) size 44x36 [border: (1px inset #808080)] [r=0 c=1 rs=1 cs=1]
              RenderText {#text} at (2,2) size 40x32
                text run at (2,2) width 40: "100px"
                text run at (2,18) width 40: "100px"
            RenderTableCell {TD} at (118,26) size 108x20 [border: (1px inset #808080)] [r=0 c=2 rs=1 cs=1]
              RenderText {#text} at (2,2) size 96x16
                text run at (2,2) width 96: "50% 50% 50%"
            RenderTableCell {TD} at (236,26) size 108x20 [border: (1px inset #808080)] [r=0 c=3 rs=1 cs=1]
              RenderText {#text} at (2,2) size 96x16
                text run at (2,2) width 96: "50% 50% 50%"
            RenderTableCell {TD} at (354,10) size 34x52 [border: (1px inset #808080)] [r=0 c=4 rs=1 cs=1]
              RenderText {#text} at (2,2) size 30x48
                text run at (2,2) width 30: "50%"
                text run at (2,18) width 30: "50%"
                text run at (2,34) width 30: "50%"
      RenderBlock (anonymous) at (0,582) size 769x16
        RenderBR {BR} at (0,0) size 0x16
      RenderTable {TABLE} at (0,598) size 200x26 [border: (1px outset #808080)]
        RenderTableSection {TBODY} at (1,1) size 198x24
          RenderTableRow {TR} at (0,2) size 198x20
            RenderTableCell {TD} at (2,2) size 26x20 [border: (1px inset #808080)] [r=0 c=0 rs=1 cs=1]
              RenderText {#text} at (2,2) size 22x16
                text run at (2,2) width 22: "foo"
            RenderTableCell {TD} at (30,2) size 81x20 [border: (1px inset #808080)] [r=0 c=1 rs=1 cs=1]
              RenderText {#text} at (2,2) size 21x16
                text run at (2,2) width 21: "bar"
            RenderTableCell {TD} at (113,2) size 83x20 [border: (1px inset #808080)] [r=0 c=2 rs=1 cs=1]
              RenderText {#text} at (2,2) size 23x16
                text run at (2,2) width 23: "zap"
      RenderBlock (anonymous) at (0,624) size 769x32
        RenderBR {BR} at (0,0) size 0x16
        RenderText {#text} at (0,16) size 226x16
          text run at (0,16) width 226: "PERCENTAGE WIDTH TABLES"
      RenderTable {TABLE} at (0,656) size 769x74 [border: (1px outset #808080)]
        RenderTableSection {TBODY} at (1,1) size 767x72
          RenderTableRow {TR} at (0,2) size 767x68
            RenderTableCell {TD} at (2,26) size 146x20 [bgcolor=#FFA500] [border: (1px inset #808080)] [r=0 c=0 rs=1 cs=1]
              RenderText {#text} at (2,2) size 98x16
                text run at (2,2) width 98: "foo foo foo foo"
            RenderTableCell {TD} at (150,26) size 146x20 [bgcolor=#0000FF] [border: (1px inset #808080)] [r=0 c=1 rs=1 cs=1]
              RenderText {#text} at (2,2) size 98x16
                text run at (2,2) width 98: "foo foo foo foo"
            RenderTableCell {TD} at (298,26) size 439x20 [bgcolor=#008000] [border: (1px inset #808080)] [r=0 c=2 rs=1 cs=1]
              RenderText {#text} at (339,2) size 98x16
                text run at (339,2) width 98: "foo foo foo foo"
            RenderTableCell {TD} at (739,2) size 26x68 [bgcolor=#FF0000] [border: (1px inset #808080)] [r=0 c=3 rs=1 cs=1]
              RenderText {#text} at (2,2) size 22x64
                text run at (2,2) width 22: "foo"
                text run at (2,18) width 22: "foo"
                text run at (2,34) width 22: "foo"
                text run at (2,50) width 22: "foo"
      RenderBlock (anonymous) at (0,730) size 769x16
        RenderBR {BR} at (0,0) size 0x16
      RenderTable {TABLE} at (0,746) size 769x74 [border: (1px outset #808080)]
        RenderTableSection {TBODY} at (1,1) size 767x72
          RenderTableRow {TR} at (0,2) size 767x68
            RenderTableCell {TD} at (2,2) size 26x68 [bgcolor=#FF0000] [border: (1px inset #808080)] [r=0 c=0 rs=1 cs=1]
              RenderText {#text} at (2,2) size 22x64
                text run at (2,2) width 22: "foo"
                text run at (2,18) width 22: "foo"
                text run at (2,34) width 22: "foo"
                text run at (2,50) width 22: "foo"
            RenderTableCell {TD} at (30,26) size 141x20 [bgcolor=#FFA500] [border: (1px inset #808080)] [r=0 c=1 rs=1 cs=1]
              RenderText {#text} at (2,2) size 98x16
                text run at (2,2) width 98: "foo foo foo foo"
            RenderTableCell {TD} at (173,26) size 141x20 [bgcolor=#0000FF] [border: (1px inset #808080)] [r=0 c=2 rs=1 cs=1]
              RenderText {#text} at (2,2) size 98x16
                text run at (2,2) width 98: "foo foo foo foo"
            RenderTableCell {TD} at (316,26) size 421x20 [bgcolor=#008000] [border: (1px inset #808080)] [r=0 c=3 rs=1 cs=1]
              RenderText {#text} at (321,2) size 98x16
                text run at (321,2) width 98: "foo foo foo foo"
            RenderTableCell {TD} at (739,2) size 26x68 [bgcolor=#FF0000] [border: (1px inset #808080)] [r=0 c=4 rs=1 cs=1]
              RenderText {#text} at (2,2) size 22x64
                text run at (2,2) width 22: "foo"
                text run at (2,18) width 22: "foo"
                text run at (2,34) width 22: "foo"
                text run at (2,50) width 22: "foo"
      RenderBlock (anonymous) at (0,820) size 769x16
        RenderBR {BR} at (0,0) size 0x16
      RenderTable {TABLE} at (0,836) size 769x26 [border: (1px outset #808080)]
        RenderTableSection {TBODY} at (1,1) size 767x24
          RenderTableRow {TR} at (0,2) size 767x20
            RenderTableCell {TD} at (2,2) size 151x20 [bgcolor=#FF0000] [border: (1px inset #808080)] [r=0 c=0 rs=1 cs=1]
              RenderText {#text} at (2,2) size 98x16
                text run at (2,2) width 98: "foo foo foo foo"
            RenderTableCell {TD} at (155,2) size 151x20 [bgcolor=#FFA500] [border: (1px inset #808080)] [r=0 c=1 rs=1 cs=1]
              RenderText {#text} at (2,2) size 98x16
                text run at (2,2) width 98: "foo foo foo foo"
            RenderTableCell {TD} at (308,2) size 151x20 [bgcolor=#0000FF] [border: (1px inset #808080)] [r=0 c=2 rs=1 cs=1]
              RenderText {#text} at (2,2) size 98x16
                text run at (2,2) width 98: "foo foo foo foo"
            RenderTableCell {TD} at (461,2) size 151x20 [bgcolor=#008000] [border: (1px inset #808080)] [r=0 c=3 rs=1 cs=1]
              RenderText {#text} at (51,2) size 98x16
                text run at (51,2) width 98: "foo foo foo foo"
            RenderTableCell {TD} at (614,2) size 151x20 [bgcolor=#FF0000] [border: (1px inset #808080)] [r=0 c=4 rs=1 cs=1]
              RenderText {#text} at (2,2) size 98x16
                text run at (2,2) width 98: "foo foo foo foo"
