layer at (0,0) size 800x600
  RenderView at (0,0) size 800x600
layer at (0,0) size 800x600
  RenderBlock {HTML} at (0,0) size 800x600
    RenderBody {BODY} at (8,8) size 784x584
      RenderTable {TABLE} at (0,0) size 254x42 [border: (1px outset #808080)]
        RenderTableSection {TBODY} at (1,1) size 252x40
          RenderTableRow {TR} at (0,2) size 252x36
            RenderTableCell {TD} at (2,10) size 173x20 [border: (1px inset #808080)] [r=0 c=0 rs=1 cs=1]
              RenderText {#text} at (2,2) size 24x16
                text run at (2,2) width 24: "100"
            RenderTableCell {TD} at (177,2) size 73x36 [border: (1px inset #808080)] [r=0 c=1 rs=1 cs=1]
              RenderText {#text} at (2,2) size 37x32
                text run at (2,2) width 30: "30%"
                text run at (2,18) width 37: "width"
      RenderBlock (anonymous) at (0,42) size 784x16
        RenderBR {BR} at (0,0) size 0x16
      RenderTable {TABLE} at (0,58) size 216x42 [border: (1px outset #808080)]
        RenderTableSection {TBODY} at (1,1) size 214x40
          RenderTableRow {TR} at (0,2) size 214x36
            RenderTableCell {TD} at (2,2) size 104x36 [border: (1px inset #808080)] [r=0 c=0 rs=1 cs=1]
              RenderText {#text} at (2,2) size 80x32
                text run at (2,2) width 80: "100 100 100"
                text run at (2,18) width 80: "100 100 100"
            RenderTableCell {TD} at (108,10) size 104x20 [border: (1px inset #808080)] [r=0 c=1 rs=1 cs=1]
              RenderText {#text} at (2,2) size 70x16
                text run at (2,2) width 70: "50% width"
      RenderBlock (anonymous) at (0,100) size 784x16
        RenderBR {BR} at (0,0) size 0x16
      RenderTable {TABLE} at (0,116) size 532x48 [border: (1px outset #808080)]
        RenderTableSection {TBODY} at (1,1) size 530x46
          RenderTableRow {TR} at (0,2) size 530x20
            RenderTableCell {TD} at (2,2) size 104x20 [border: (1px inset #808080)] [r=0 c=0 rs=1 cs=1]
              RenderText {#text} at (2,2) size 24x16
                text run at (2,2) width 24: "100"
            RenderTableCell {TD} at (108,2) size 262x20 [border: (1px inset #808080)] [r=0 c=1 rs=1 cs=1]
              RenderText {#text} at (2,2) size 96x16
                text run at (2,2) width 96: "no width given"
            RenderTableCell {TD} at (372,2) size 156x20 [border: (1px inset #808080)] [r=0 c=2 rs=1 cs=1]
              RenderText {#text} at (2,2) size 70x16
                text run at (2,2) width 70: "30% width"
          RenderTableRow {TR} at (0,24) size 530x20
            RenderTableCell {TD} at (2,24) size 526x20 [border: (1px inset #808080)] [r=1 c=0 rs=1 cs=3]
              RenderText {#text} at (2,2) size 94x16
                text run at (2,2) width 94: "500 colspan=3"
      RenderBlock (anonymous) at (0,164) size 784x16
        RenderBR {BR} at (0,0) size 0x16
      RenderTable {TABLE} at (0,180) size 440x70 [border: (1px outset #808080)]
        RenderTableSection {TBODY} at (1,1) size 438x68
          RenderTableRow {TR} at (0,2) size 438x20
            RenderTableCell {TD} at (2,2) size 104x20 [border: (1px inset #808080)] [r=0 c=0 rs=1 cs=1]
              RenderText {#text} at (2,2) size 22x16
                text run at (2,2) width 22: "foo"
            RenderTableCell {TD} at (108,2) size 197x20 [border: (1px inset #808080)] [r=0 c=1 rs=1 cs=1]
              RenderText {#text} at (2,2) size 96x16
                text run at (2,2) width 96: "no width given"
            RenderTableCell {TD} at (307,2) size 129x20 [border: (1px inset #808080)] [r=0 c=2 rs=1 cs=1]
              RenderText {#text} at (2,2) size 70x16
                text run at (2,2) width 70: "30% width"
          RenderTableRow {TR} at (0,24) size 438x20
            RenderTableCell {TD} at (2,24) size 303x20 [border: (1px inset #808080)] [r=1 c=0 rs=1 cs=2]
              RenderText {#text} at (2,2) size 113x16
                text run at (2,2) width 113: "200 spans col 1-2"
            RenderTableCell {TD} at (307,24) size 129x20 [border: (1px inset #808080)] [r=1 c=2 rs=1 cs=1]
              RenderText {#text} at (2,2) size 50x16
                text run at (2,2) width 50: "last cell"
          RenderTableRow {TR} at (0,46) size 438x20
            RenderTableCell {TD} at (2,46) size 104x20 [border: (1px inset #808080)] [r=2 c=0 rs=1 cs=1]
              RenderText {#text} at (2,2) size 53x16
                text run at (2,2) width 53: "first cell"
            RenderTableCell {TD} at (108,46) size 328x20 [border: (1px inset #808080)] [r=2 c=1 rs=1 cs=2]
              RenderText {#text} at (2,2) size 113x16
                text run at (2,2) width 113: "300 spans col 2-3"
      RenderBlock (anonymous) at (0,250) size 784x16
        RenderBR {BR} at (0,0) size 0x16
      RenderTable {TABLE} at (0,266) size 700x58 [border: (1px outset #808080)]
        RenderTableSection {TBODY} at (1,1) size 698x56
          RenderTableRow {TR} at (0,2) size 698x52
            RenderTableCell {TD} at (2,2) size 104x52 [border: (1px inset #808080)] [r=0 c=0 rs=1 cs=1]
              RenderText {#text} at (2,2) size 100x48
                text run at (2,2) width 98: "fooooo oooooo"
                text run at (2,18) width 100: "oooooo oooooo"
                text run at (2,34) width 48: "oooooo"
            RenderTableCell {TD} at (108,18) size 588x20 [border: (1px inset #808080)] [r=0 c=1 rs=1 cs=1]
              RenderText {#text} at (2,2) size 21x16
                text run at (2,2) width 21: "bar"
      RenderBlock (anonymous) at (0,324) size 784x16
        RenderBR {BR} at (0,0) size 0x16
      RenderTable {TABLE} at (0,340) size 400x82 [border: (1px outset #808080)]
        RenderTableSection {TBODY} at (1,1) size 398x80
          RenderTableRow {TR} at (0,0) size 398x40
            RenderTableCell {TD} at (0,0) size 114x40 [border: (1px inset #808080)] [r=0 c=0 rs=1 cs=2]
              RenderBlock {P} at (4,4) size 106x32
                RenderInline {B} at (0,0) size 69x32
                  RenderText {#text} at (0,0) size 69x32
                    text run at (0,0) width 45: "This is"
                    text run at (0,16) width 69: "colspan=2"
            RenderTableCell {TD} at (114,0) size 284x40 [border: (1px inset #808080)] [r=0 c=2 rs=1 cs=1]
              RenderText {#text} at (4,4) size 270x32
                text run at (4,4) width 270: "Blah Blah Blah Blah Blah Blah Blah Blah"
                text run at (4,20) width 31: "Blah"
          RenderTableRow {TR} at (0,40) size 398x40
            RenderTableCell {TD} at (0,40) size 398x40 [border: (1px inset #808080)] [r=1 c=0 rs=1 cs=3]
              RenderBlock {P} at (4,4) size 390x32
                RenderInline {B} at (0,0) size 118x16
                  RenderText {#text} at (0,0) size 118x16
                    text run at (0,0) width 118: "This is colspan=3"
                RenderText {#text} at (117,0) size 370x32
                  text run at (117,0) width 163: " blah blah blah blah blah "
                  text run at (279,0) width 91: "blah blah blah"
                  text run at (0,16) width 217: "blah blah blah blah blah blah blah"
      RenderBlock (anonymous) at (0,422) size 784x32
        RenderBR {BR} at (0,0) size 0x16
        RenderBR {BR} at (0,16) size 0x16
      RenderTable {TABLE} at (0,454) size 400x66 [border: (1px outset #808080)]
        RenderTableSection {TBODY} at (1,1) size 398x64
          RenderTableRow {TR} at (0,0) size 398x24
            RenderTableCell {TD} at (0,0) size 161x24 [border: (1px inset #808080)] [r=0 c=0 rs=1 cs=1]
              RenderBlock {P} at (4,4) size 153x16
                RenderInline {B} at (0,0) size 136x16
                  RenderText {#text} at (0,0) size 136x16
                    text run at (0,0) width 136: "no colspan declared"
            RenderTableCell {TD} at (161,0) size 237x24 [border: (1px inset #808080)] [r=0 c=1 rs=1 cs=1]
              RenderText {#text} at (4,4) size 202x16
                text run at (4,4) width 202: "Blah Blah Blah Blah Blah Blah"
          RenderTableRow {TR} at (0,24) size 398x40
            RenderTableCell {TD} at (0,24) size 398x40 [border: (1px inset #808080)] [r=1 c=0 rs=1 cs=2]
              RenderBlock {P} at (4,4) size 390x32
                RenderInline {B} at (0,0) size 118x16
                  RenderText {#text} at (0,0) size 118x16
                    text run at (0,0) width 118: "This is colspan=2"
                RenderText {#text} at (117,0) size 370x32
                  text run at (117,0) width 163: " blah blah blah blah blah "
                  text run at (279,0) width 91: "blah blah blah"
                  text run at (0,16) width 217: "blah blah blah blah blah blah blah"
