layer at (0,0) size 800x660
  RenderView at (0,0) size 800x600
layer at (0,0) size 800x660
  RenderBlock {HTML} at (0,0) size 800x660
    RenderBody {BODY} at (8,8) size 784x644
      RenderTable {TABLE} at (0,0) size 150x26 [bgcolor=#00FF00] [border: (1px outset #808080)]
        RenderTableSection {TBODY} at (1,1) size 148x24
          RenderTableRow {TR} at (0,2) size 148x20
            RenderTableCell {TD} at (2,2) size 66x20 [border: (1px inset #808080)] [r=0 c=0 rs=1 cs=1]
              RenderText {#text} at (2,2) size 24x16
                text run at (2,2) width 24: "200"
            RenderTableCell {TD} at (70,2) size 76x20 [border: (1px inset #808080)] [r=0 c=1 rs=1 cs=1]
              RenderText {#text} at (2,2) size 64x16
                text run at (2,2) width 64: "one_hund"
      RenderBlock (anonymous) at (0,26) size 784x16
        RenderBR {BR} at (0,0) size 0x16
      RenderTable {TABLE} at (0,42) size 500x26 [border: (1px outset #808080)]
        RenderTableSection {TBODY} at (1,1) size 498x24
          RenderTableRow {TR} at (0,2) size 498x20
            RenderTableCell {TD} at (2,2) size 174x20 [bgcolor=#FF0000] [border: (1px inset #808080)] [r=0 c=0 rs=1 cs=1]
              RenderText {#text} at (2,2) size 78x16
                text run at (2,2) width 78: "fooooooooo"
            RenderTableCell {TD} at (178,2) size 174x20 [bgcolor=#008000] [border: (1px inset #808080)] [r=0 c=1 rs=1 cs=1]
              RenderText {#text} at (2,2) size 78x16
                text run at (2,2) width 78: "fooooooooo"
            RenderTableCell {TD} at (354,2) size 142x20 [bgcolor=#FFA500] [border: (1px inset #808080)] [r=0 c=2 rs=1 cs=1]
              RenderText {#text} at (2,2) size 98x16
                text run at (2,2) width 98: "foo foo foo foo"
      RenderBlock (anonymous) at (0,68) size 784x32
        RenderBR {BR} at (0,0) size 0x16
        RenderText {#text} at (0,16) size 374x16
          text run at (0,16) width 374: "fixed table - fixed cells are increased based on fixed width"
      RenderTable {TABLE} at (0,100) size 400x42 [border: (1px outset #808080)]
        RenderTableSection {TBODY} at (1,1) size 398x40
          RenderTableRow {TR} at (0,2) size 398x36
            RenderTableCell {TD} at (2,10) size 259x20 [border: (1px inset #808080)] [r=0 c=0 rs=1 cs=1]
              RenderText {#text} at (2,2) size 22x16
                text run at (2,2) width 22: "foo"
            RenderTableCell {TD} at (263,2) size 133x36 [border: (1px inset #808080)] [r=0 c=1 rs=1 cs=1]
              RenderText {#text} at (2,2) size 123x32
                text run at (2,2) width 123: "foo foo foo foo foo"
                text run at (2,18) width 72: "foo foo foo"
      RenderBlock (anonymous) at (0,142) size 784x48
        RenderBR {BR} at (0,0) size 0x16
        RenderBR {BR} at (0,16) size 0x16
        RenderText {#text} at (0,32) size 383x16
          text run at (0,32) width 383: "excess above min allocated based on fixed widths (not min)"
      RenderTable {TABLE} at (0,190) size 100x42 [border: (1px outset #808080)]
        RenderTableSection {TBODY} at (1,1) size 98x40
          RenderTableRow {TR} at (0,2) size 98x36
            RenderTableCell {TD} at (2,2) size 34x36 [border: (1px inset #808080)] [r=0 c=0 rs=1 cs=1]
              RenderText {#text} at (2,2) size 22x32
                text run at (2,2) width 22: "foo"
                text run at (2,18) width 22: "foo"
            RenderTableCell {TD} at (38,10) size 58x20 [border: (1px inset #808080)] [r=0 c=1 rs=1 cs=1]
              RenderText {#text} at (2,2) size 22x16
                text run at (2,2) width 22: "foo"
      RenderBlock (anonymous) at (0,232) size 784x32
        RenderBR {BR} at (0,0) size 0x16
        RenderText {#text} at (0,16) size 383x16
          text run at (0,16) width 383: "excess above min allocated based on fixed widths (not min)"
      RenderTable {TABLE} at (0,264) size 100x42 [border: (1px outset #808080)]
        RenderTableSection {TBODY} at (1,1) size 98x40
          RenderTableRow {TR} at (0,2) size 98x36
            RenderTableCell {TD} at (2,2) size 26x36 [border: (1px inset #808080)] [r=0 c=0 rs=1 cs=1]
              RenderText {#text} at (2,2) size 22x32
                text run at (2,2) width 22: "foo"
                text run at (2,18) width 22: "foo"
            RenderTableCell {TD} at (30,10) size 66x20 [border: (1px inset #808080)] [r=0 c=1 rs=1 cs=1]
              RenderText {#text} at (2,2) size 22x16
                text run at (2,2) width 22: "foo"
      RenderBlock (anonymous) at (0,306) size 784x16
        RenderBR {BR} at (0,0) size 0x16
      RenderTable {TABLE} at (0,322) size 600x26 [border: (1px outset #808080)]
        RenderTableSection {TBODY} at (1,1) size 598x24
          RenderTableRow {TR} at (0,2) size 598x20
            RenderTableCell {TD} at (2,2) size 26x20 [border: (1px inset #808080)] [r=0 c=0 rs=1 cs=1]
              RenderText {#text} at (2,2) size 22x16
                text run at (2,2) width 22: "foo"
            RenderTableCell {TD} at (30,2) size 566x20 [border: (1px inset #808080)] [r=0 c=1 rs=1 cs=1]
              RenderText {#text} at (2,2) size 22x16
                text run at (2,2) width 22: "foo"
      RenderBlock (anonymous) at (0,348) size 784x16
        RenderBR {BR} at (0,0) size 0x16
      RenderTable {TABLE} at (0,364) size 40x26 [border: (1px outset #808080)]
        RenderTableSection {TBODY} at (1,1) size 38x24
          RenderTableRow {TR} at (0,2) size 38x20
            RenderTableCell {TD} at (2,2) size 34x20 [border: (1px inset #808080)] [r=0 c=0 rs=1 cs=1]
              RenderText {#text} at (2,2) size 22x16
                text run at (2,2) width 22: "foo"
      RenderBlock (anonymous) at (0,390) size 784x32
        RenderBR {BR} at (0,0) size 0x16
        RenderText {#text} at (0,16) size 344x16
          text run at (0,16) width 344: "auto table - fixed width cell does not exceed viewport"
      RenderTable {TABLE} at (0,422) size 784x26 [border: (1px outset #808080)]
        RenderTableSection {TBODY} at (1,1) size 782x24
          RenderTableRow {TR} at (0,2) size 782x20
            RenderTableCell {TD} at (2,2) size 778x20 [border: (1px inset #808080)] [r=0 c=0 rs=1 cs=1]
              RenderText {#text} at (2,2) size 22x16
                text run at (2,2) width 22: "foo"
      RenderBlock (anonymous) at (0,448) size 784x32
        RenderBR {BR} at (0,0) size 0x16
        RenderText {#text} at (0,16) size 299x16
          text run at (0,16) width 299: "auto table - fixed cells cannot exceed viewport"
      RenderTable {TABLE} at (0,480) size 784x26 [border: (1px outset #808080)]
        RenderTableSection {TBODY} at (1,1) size 782x24
          RenderTableRow {TR} at (0,2) size 782x20
            RenderTableCell {TD} at (2,2) size 154x20 [border: (1px inset #808080)] [r=0 c=0 rs=1 cs=1]
              RenderText {#text} at (2,2) size 40x16
                text run at (2,2) width 40: "200px"
            RenderTableCell {TD} at (158,2) size 154x20 [border: (1px inset #808080)] [r=0 c=1 rs=1 cs=1]
              RenderText {#text} at (2,2) size 40x16
                text run at (2,2) width 40: "200px"
            RenderTableCell {TD} at (314,2) size 154x20 [border: (1px inset #808080)] [r=0 c=2 rs=1 cs=1]
              RenderText {#text} at (2,2) size 40x16
                text run at (2,2) width 40: "200px"
            RenderTableCell {TD} at (470,2) size 154x20 [border: (1px inset #808080)] [r=0 c=3 rs=1 cs=1]
              RenderText {#text} at (2,2) size 40x16
                text run at (2,2) width 40: "200px"
            RenderTableCell {TD} at (626,2) size 154x20 [border: (1px inset #808080)] [r=0 c=4 rs=1 cs=1]
              RenderText {#text} at (2,2) size 40x16
                text run at (2,2) width 40: "200px"
      RenderBlock (anonymous) at (0,506) size 784x32
        RenderBR {BR} at (0,0) size 0x16
        RenderText {#text} at (0,16) size 304x16
          text run at (0,16) width 304: "auto table - cell width does not include padding"
      RenderTable {TABLE} at (0,538) size 148x64 [border: (1px outset #808080)]
        RenderTableSection {TBODY} at (1,1) size 146x62
          RenderTableRow {TR} at (0,2) size 146x58
            RenderTableCell {TD} at (2,2) size 142x58 [border: (1px inset #808080)] [r=0 c=0 rs=1 cs=1]
              RenderText {#text} at (21,21) size 73x16
                text run at (21,21) width 73: "cell=100px"
      RenderBlock (anonymous) at (0,602) size 784x16
        RenderBR {BR} at (0,0) size 0x16
      RenderTable {TABLE} at (0,618) size 110x26 [border: (1px outset #808080)]
        RenderTableSection {TBODY} at (1,1) size 108x24
          RenderTableRow {TR} at (0,2) size 108x20
            RenderTableCell {TD} at (2,2) size 104x20 [border: (1px inset #808080)] [r=0 c=0 rs=1 cs=1]
              RenderText {#text} at (2,2) size 73x16
                text run at (2,2) width 73: "cell=100px"
