layer at (0,0) size 800x600
  RenderView at (0,0) size 800x600
layer at (0,0) size 800x600
  RenderBlock {HTML} at (0,0) size 800x600
    RenderBody {BODY} at (8,8) size 784x584
      RenderBlock (anonymous) at (0,0) size 784x16
        RenderText {#text} at (0,0) size 233x16
          text run at (0,0) width 233: "cell split with color (standard mode)"
      RenderTable {TABLE} at (0,16) size 32x26 [border: (1px outset #808080)]
        RenderTableCol {COLGROUP} at (0,0) size 0x0
          RenderTableCol {COL} at (0,0) size 0x0 [bgcolor=#FF0000]
          RenderTableCol {COL} at (0,0) size 0x0 [bgcolor=#0000FF]
        RenderTableSection {TBODY} at (1,1) size 30x24
          RenderTableRow {TR} at (0,2) size 30x20
            RenderTableCell {TD} at (2,2) size 26x20 [border: (1px inset #808080)] [r=0 c=0 rs=1 cs=2]
              RenderText {#text} at (2,2) size 22x16
                text run at (2,2) width 22: "foo"
      RenderBlock (anonymous) at (0,42) size 784x16
        RenderBR {BR} at (0,0) size 0x16
      RenderBlock {HR} at (0,66) size 602x2 [border: (1px inset #EEEEEE)]
      RenderBlock (anonymous) at (0,76) size 784x16
        RenderBR {BR} at (0,0) size 0x16
      RenderTable {TABLE} at (0,92) size 600x107
        RenderTableSection {TBODY} at (0,0) size 600x107
          RenderTableRow {TR} at (0,2) size 600x44
            RenderTableCell {TD} at (2,2) size 594x44 [r=0 c=0 rs=1 cs=3]
              RenderImage {IMG} at (7.50,1) size 579x42
              RenderText {#text} at (0,0) size 0x0
          RenderTableRow {TR} at (0,48) size 600x37
            RenderTableCell {TD} at (2,48) size 242x37 [r=1 c=0 rs=1 cs=1]
              RenderImage {IMG} at (1,1) size 232x35 [border: (1px solid #000000)]
            RenderTableCell {TD} at (246,49) size 142x34 [r=1 c=1 rs=1 cs=1]
              RenderText {#text} at (32,1) size 78x32
                text run at (32,1) width 78: "Hassle-Free"
                text run at (40,17) width 62: "Upgrades"
          RenderTableRow {TR} at (0,87) size 600x18
            RenderTableCell {TD} at (2,87) size 596x18 [bgcolor=#99CCCC] [r=2 c=0 rs=1 cs=4]
              RenderText {#text} at (1,1) size 8x16
                text run at (1,1) width 8: "x"
