layer at (0,0) size 808x600
  RenderView at (0,0) size 800x600
layer at (0,0) size 800x600
  RenderBlock {HTML} at (0,0) size 800x600
    RenderBody {BODY} at (8,8) size 784x584
      RenderTable {TABLE} at (0,0) size 196x32 [border: (1px outset #808080)]
        RenderTableSection {TBODY} at (1,1) size 194x30
          RenderTableRow {TR} at (0,2) size 194x26
            RenderTableCell {TD} at (2,2) size 190x26 [border: (1px inset #808080)] [r=0 c=0 rs=1 cs=1]
              RenderTable {TABLE} at (2,2) size 186x22 [bgcolor=#FFA500]
                RenderTableSection {TBODY} at (0,0) size 186x22
                  RenderTableRow {TR} at (0,2) size 186x18
                    RenderTableCell {TD} at (2,2) size 182x18 [r=0 c=0 rs=1 cs=1]
                      RenderText {#text} at (1,1) size 180x16
                        text run at (1,1) width 180: "nested in auto, width=100%"
      RenderBlock (anonymous) at (0,32) size 784x16
        RenderBR {BR} at (0,0) size 0x16
      RenderTable {TABLE} at (0,48) size 200x48 [border: (1px outset #808080)]
        RenderTableSection {TBODY} at (1,1) size 198x46
          RenderTableRow {TR} at (0,2) size 198x42
            RenderTableCell {TD} at (2,2) size 194x42 [border: (1px inset #808080)] [r=0 c=0 rs=1 cs=1]
              RenderTable {TABLE} at (2,2) size 190x38 [bgcolor=#00FF00]
                RenderTableSection {TBODY} at (0,0) size 190x38
                  RenderTableRow {TR} at (0,2) size 190x34
                    RenderTableCell {TD} at (2,2) size 186x34 [r=0 c=0 rs=1 cs=1]
                      RenderText {#text} at (1,1) size 99x32
                        text run at (1,1) width 99: "nested in fixed,"
                        text run at (1,17) width 83: "width=100%"
      RenderBlock (anonymous) at (0,96) size 784x16
        RenderBR {BR} at (0,0) size 0x16
      RenderTable {TABLE} at (0,112) size 800x32 [border: (1px outset #808080)]
        RenderTableSection {TBODY} at (1,1) size 798x30
          RenderTableRow {TR} at (0,2) size 798x26
            RenderTableCell {TD} at (2,2) size 794x26 [border: (1px inset #808080)] [r=0 c=0 rs=1 cs=1]
              RenderTable {TABLE} at (2,2) size 790x22 [bgcolor=#00FF00]
                RenderTableSection {TBODY} at (0,0) size 790x22
                  RenderTableRow {TR} at (0,2) size 790x18
                    RenderTableCell {TD} at (2,2) size 786x18 [r=0 c=0 rs=1 cs=1]
                      RenderText {#text} at (1,1) size 185x16
                        text run at (1,1) width 185: "nested in fixed, width=100%"
      RenderBlock (anonymous) at (0,144) size 784x16
        RenderBR {BR} at (0,0) size 0x16
      RenderTable {TABLE} at (0,160) size 230x32 [border: (1px outset #808080)]
        RenderTableSection {TBODY} at (1,1) size 228x30
          RenderTableRow {TR} at (0,2) size 228x26
            RenderTableCell {TD} at (2,2) size 190x26 [border: (1px inset #808080)] [r=0 c=0 rs=1 cs=1]
              RenderTable {TABLE} at (2,2) size 186x22
                RenderTableSection {TBODY} at (0,0) size 186x22
                  RenderTableRow {TR} at (0,2) size 186x18
                    RenderTableCell {TD} at (2,2) size 182x18 [r=0 c=0 rs=1 cs=1]
                      RenderText {#text} at (1,1) size 180x16
                        text run at (1,1) width 180: "nested in auto, width=100%"
            RenderTableCell {TD} at (194,5) size 32x20 [border: (1px inset #808080)] [r=0 c=1 rs=1 cs=1]
              RenderText {#text} at (2,2) size 28x16
                text run at (2,2) width 28: "auto"
      RenderBlock (anonymous) at (0,192) size 784x16
        RenderBR {BR} at (0,0) size 0x16
      RenderTable {TABLE} at (0,208) size 784x32 [border: (1px outset #808080)]
        RenderTableSection {TBODY} at (1,1) size 782x30
          RenderTableRow {TR} at (0,2) size 782x26
            RenderTableCell {TD} at (2,2) size 683x26 [border: (1px inset #808080)] [r=0 c=0 rs=1 cs=1]
              RenderTable {TABLE} at (2,2) size 339x22 [bgcolor=#00FF00]
                RenderTableSection {TBODY} at (0,0) size 339x22
                  RenderTableRow {TR} at (0,2) size 339x18
                    RenderTableCell {TD} at (2,2) size 335x18 [r=0 c=0 rs=1 cs=1]
                      RenderText {#text} at (1,1) size 182x16
                        text run at (1,1) width 182: "nested in 100%, width=50%"
            RenderTableCell {TD} at (687,5) size 93x20 [border: (1px inset #808080)] [r=0 c=1 rs=1 cs=1]
              RenderText {#text} at (2,2) size 22x16
                text run at (2,2) width 22: "foo"
      RenderBlock (anonymous) at (0,240) size 784x16
        RenderBR {BR} at (0,0) size 0x16
      RenderTable {TABLE} at (0,256) size 784x38 [border: (1px outset #808080)]
        RenderTableSection {TBODY} at (1,1) size 782x36
          RenderTableRow {TR} at (0,2) size 782x32
            RenderTableCell {TD} at (2,2) size 546x32 [border: (1px inset #808080)] [r=0 c=0 rs=1 cs=1]
              RenderTable {TABLE} at (2,2) size 271x28 [bgcolor=#00FF00]
                RenderTableSection {TBODY} at (0,0) size 271x28
                  RenderTableRow {TR} at (0,2) size 271x24
                    RenderTableCell {TD} at (2,2) size 267x24 [r=0 c=0 rs=1 cs=1]
                      RenderTable {TABLE} at (1,1) size 132x22 [bgcolor=#FF0000]
                        RenderTableSection {TBODY} at (0,0) size 132x22
                          RenderTableRow {TR} at (0,2) size 132x18
                            RenderTableCell {TD} at (2,2) size 128x18 [r=0 c=0 rs=1 cs=1]
                              RenderText {#text} at (1,1) size 46x16
                                text run at (1,1) width 46: "2n50%"
            RenderTableCell {TD} at (550,8) size 230x20 [border: (1px inset #808080)] [r=0 c=1 rs=1 cs=1]
              RenderText {#text} at (2,2) size 22x16
                text run at (2,2) width 22: "foo"
