layer at (0,0) size 785x824
  RenderView at (0,0) size 785x600
layer at (0,0) size 785x824
  RenderBlock {HTML} at (0,0) size 785x824
    RenderBody {BODY} at (8,8) size 769x808
      RenderBlock (anonymous) at (0,0) size 769x16
        RenderText {#text} at (0,0) size 88x16
          text run at (0,0) width 88: "ROWSPANS"
      RenderTable {TABLE} at (0,16) size 138x56 [border: (5px outset #808080)]
        RenderTableSection {TBODY} at (5,5) size 128x46
          RenderTableRow {TR} at (0,2) size 128x20
            RenderTableCell {TD} at (2,13) size 40x20 [border: (1px inset #808080)] [r=0 c=0 rs=2 cs=1]
              RenderText {#text} at (2,2) size 36x16
                text run at (2,2) width 36: "auto1"
            RenderTableCell {TD} at (44,2) size 40x20 [border: (1px inset #808080)] [r=0 c=1 rs=1 cs=1]
              RenderText {#text} at (2,2) size 36x16
                text run at (2,2) width 36: "auto2"
          RenderTableRow {TR} at (0,24) size 128x20
            RenderTableCell {TD} at (44,24) size 40x20 [border: (1px inset #808080)] [r=1 c=1 rs=1 cs=1]
              RenderText {#text} at (2,2) size 36x16
                text run at (2,2) width 36: "auto3"
            RenderTableCell {TD} at (86,24) size 40x20 [border: (1px inset #808080)] [r=1 c=2 rs=1 cs=1]
              RenderText {#text} at (2,2) size 36x16
                text run at (2,2) width 36: "auto4"
      RenderTable {TABLE} at (0,72) size 265x70 [border: (1px outset #808080)]
        RenderTableSection {TBODY} at (1,1) size 263x68
          RenderTableRow {TR} at (0,2) size 263x20
            RenderTableCell {TD} at (2,24) size 189x20 [border: (1px inset #808080)] [r=0 c=0 rs=3 cs=1]
              RenderText {#text} at (2,2) size 185x16
                text run at (2,2) width 185: "c0r[2-6],Data 2 span=3 rows"
            RenderTableCell {TD} at (193,2) size 33x20 [border: (1px inset #808080)] [r=0 c=1 rs=1 cs=1]
              RenderText {#text} at (2,2) size 29x16
                text run at (2,2) width 29: "c0r2"
            RenderTableCell {TD} at (228,2) size 33x20 [border: (1px inset #808080)] [r=0 c=2 rs=1 cs=1]
              RenderText {#text} at (2,2) size 29x16
                text run at (2,2) width 29: "c1r2"
          RenderTableRow {TR} at (0,24) size 263x20
            RenderTableCell {TD} at (193,24) size 33x20 [border: (1px inset #808080)] [r=1 c=1 rs=1 cs=1]
              RenderText {#text} at (2,2) size 29x16
                text run at (2,2) width 29: "c0r3"
            RenderTableCell {TD} at (228,24) size 33x20 [border: (1px inset #808080)] [r=1 c=2 rs=1 cs=1]
              RenderText {#text} at (2,2) size 29x16
                text run at (2,2) width 29: "c1r3"
          RenderTableRow {TR} at (0,46) size 263x20
            RenderTableCell {TD} at (193,46) size 33x20 [border: (1px inset #808080)] [r=2 c=1 rs=1 cs=1]
              RenderText {#text} at (2,2) size 29x16
                text run at (2,2) width 29: "c0r4"
            RenderTableCell {TD} at (228,46) size 33x20 [border: (1px inset #808080)] [r=2 c=2 rs=1 cs=1]
              RenderText {#text} at (2,2) size 29x16
                text run at (2,2) width 29: "c1r4"
      RenderBlock (anonymous) at (0,142) size 769x16
        RenderBR {BR} at (0,0) size 0x16
      RenderTable {TABLE} at (0,158) size 265x180 [border: (1px outset #808080)]
        RenderTableSection {TBODY} at (1,1) size 263x178
          RenderTableRow {TR} at (0,2) size 263x20
            RenderTableCell {TD} at (2,46) size 189x20 [border: (1px inset #808080)] [r=0 c=0 rs=5 cs=1]
              RenderText {#text} at (2,2) size 185x16
                text run at (2,2) width 185: "c0r[2-6],Data 2 span=5 rows"
            RenderTableCell {TD} at (193,2) size 33x20 [border: (1px inset #808080)] [r=0 c=1 rs=1 cs=1]
              RenderText {#text} at (2,2) size 29x16
                text run at (2,2) width 29: "c0r2"
            RenderTableCell {TD} at (228,2) size 33x20 [border: (1px inset #808080)] [r=0 c=2 rs=1 cs=1]
              RenderText {#text} at (2,2) size 29x16
                text run at (2,2) width 29: "c1r2"
          RenderTableRow {TR} at (0,24) size 263x20
            RenderTableCell {TD} at (193,24) size 33x20 [border: (1px inset #808080)] [r=1 c=1 rs=1 cs=1]
              RenderText {#text} at (2,2) size 29x16
                text run at (2,2) width 29: "c0r3"
            RenderTableCell {TD} at (228,24) size 33x20 [border: (1px inset #808080)] [r=1 c=2 rs=1 cs=1]
              RenderText {#text} at (2,2) size 29x16
                text run at (2,2) width 29: "c1r3"
          RenderTableRow {TR} at (0,46) size 263x20
            RenderTableCell {TD} at (193,46) size 33x20 [border: (1px inset #808080)] [r=2 c=1 rs=1 cs=1]
              RenderText {#text} at (2,2) size 29x16
                text run at (2,2) width 29: "c0r4"
            RenderTableCell {TD} at (228,46) size 33x20 [border: (1px inset #808080)] [r=2 c=2 rs=1 cs=1]
              RenderText {#text} at (2,2) size 29x16
                text run at (2,2) width 29: "c1r4"
          RenderTableRow {TR} at (0,68) size 263x20
            RenderTableCell {TD} at (193,68) size 33x20 [border: (1px inset #808080)] [r=3 c=1 rs=1 cs=1]
              RenderText {#text} at (2,2) size 29x16
                text run at (2,2) width 29: "c0r5"
            RenderTableCell {TD} at (228,68) size 33x20 [border: (1px inset #808080)] [r=3 c=2 rs=1 cs=1]
              RenderText {#text} at (2,2) size 29x16
                text run at (2,2) width 29: "c1r5"
          RenderTableRow {TR} at (0,90) size 263x20
            RenderTableCell {TD} at (193,90) size 33x20 [border: (1px inset #808080)] [r=4 c=1 rs=1 cs=1]
              RenderText {#text} at (2,2) size 29x16
                text run at (2,2) width 29: "c0r6"
            RenderTableCell {TD} at (228,90) size 33x20 [border: (1px inset #808080)] [r=4 c=2 rs=1 cs=1]
              RenderText {#text} at (2,2) size 29x16
                text run at (2,2) width 29: "c1r6"
          RenderTableRow {TR} at (0,112) size 263x20
            RenderTableCell {TD} at (2,134) size 189x20 [border: (1px inset #808080)] [r=5 c=0 rs=3 cs=1]
              RenderText {#text} at (2,2) size 138x16
                text run at (2,2) width 138: "c0r[7-9] span=3 rows"
            RenderTableCell {TD} at (193,112) size 33x20 [border: (1px inset #808080)] [r=5 c=1 rs=1 cs=1]
              RenderText {#text} at (2,2) size 29x16
                text run at (2,2) width 29: "c0r7"
            RenderTableCell {TD} at (228,112) size 33x20 [border: (1px inset #808080)] [r=5 c=2 rs=1 cs=1]
              RenderText {#text} at (2,2) size 29x16
                text run at (2,2) width 29: "c1r7"
          RenderTableRow {TR} at (0,134) size 263x20
            RenderTableCell {TD} at (193,134) size 33x20 [border: (1px inset #808080)] [r=6 c=1 rs=1 cs=1]
              RenderText {#text} at (2,2) size 29x16
                text run at (2,2) width 29: "c0r8"
            RenderTableCell {TD} at (228,134) size 33x20 [border: (1px inset #808080)] [r=6 c=2 rs=1 cs=1]
              RenderText {#text} at (2,2) size 29x16
                text run at (2,2) width 29: "c1r8"
          RenderTableRow {TR} at (0,156) size 263x20
            RenderTableCell {TD} at (193,156) size 33x20 [border: (1px inset #808080)] [r=7 c=1 rs=1 cs=1]
              RenderText {#text} at (2,2) size 29x16
                text run at (2,2) width 29: "c0r9"
            RenderTableCell {TD} at (228,156) size 33x20 [border: (1px inset #808080)] [r=7 c=2 rs=1 cs=1]
              RenderText {#text} at (2,2) size 29x16
                text run at (2,2) width 29: "c1r9"
      RenderBlock (anonymous) at (0,338) size 769x16
        RenderBR {BR} at (0,0) size 0x16
      RenderTable {TABLE} at (0,354) size 64x48 [border: (1px outset #808080)]
        RenderTableSection {TBODY} at (1,1) size 62x46
          RenderTableRow {TR} at (0,2) size 62x20
            RenderTableCell {TD} at (2,2) size 28x20 [border: (1px inset #808080)] [r=0 c=0 rs=1 cs=1]
              RenderText {#text} at (2,2) size 24x16
                text run at (2,2) width 24: "one"
            RenderTableCell {TD} at (32,13) size 28x20 [border: (1px inset #808080)] [r=0 c=1 rs=2 cs=1]
              RenderText {#text} at (2,2) size 24x16
                text run at (2,2) width 24: "two"
          RenderTableRow {TR} at (0,24) size 62x20
            RenderTableCell {TD} at (2,24) size 58x20 [border: (1px inset #808080)] [r=1 c=0 rs=1 cs=2]
              RenderText {#text} at (13,2) size 32x16
                text run at (13,2) width 32: "three"
      RenderTable {TABLE} at (0,402) size 59x26 [border: (1px outset #808080)]
        RenderTableSection {TBODY} at (1,1) size 57x24
          RenderTableRow {TR} at (0,2) size 57x0
            RenderTableCell {TD} at (2,2) size 26x20 [border: (1px inset #808080)] [r=0 c=0 rs=2 cs=1]
              RenderText {#text} at (2,2) size 22x16
                text run at (2,2) width 22: "foo"
          RenderTableRow {TR} at (0,4) size 57x18
            RenderTableCell {TD} at (30,3) size 25x20 [border: (1px inset #808080)] [r=1 c=1 rs=2 cs=1]
              RenderText {#text} at (2,2) size 21x16
                text run at (2,2) width 21: "bar"
      RenderBlock (anonymous) at (0,428) size 769x16
        RenderBR {BR} at (0,0) size 0x16
      RenderTable {TABLE} at (0,444) size 602x364 [border: (1px outset #808080)]
        RenderTableSection {TBODY} at (1,1) size 600x362
          RenderTableRow {TR} at (0,0) size 600x0
            RenderTableCell {TD} at (0,0) size 502x362 [bgcolor=#FFFFFF] [border: (1px inset #808080)] [r=0 c=0 rs=2 cs=2]
              RenderImage {IMG} at (1,1) size 132x360
          RenderTableRow {TR} at (0,0) size 600x362
            RenderTableCell {TD} at (502,172) size 98x18 [border: (1px inset #808080)] [r=1 c=2 rs=1 cs=6]
              RenderText {#text} at (73,1) size 24x16
                text run at (73,1) width 24: "xxx"
