layer at (0,0) size 800x600
  RenderView at (0,0) size 800x600
layer at (0,0) size 800x600
  RenderBlock {HTML} at (0,0) size 800x600
    RenderBody {BODY} at (8,8) size 784x584
      RenderTable {TABLE} at (0,0) size 81x24
        RenderTableSection {TBODY} at (0,0) size 81x24
          RenderTableRow {TR} at (0,2) size 81x20
            RenderTableCell {TD} at (2,2) size 42x20 [border: (1px inset #808080)] [r=0 c=0 rs=1 cs=1]
              RenderText {#text} at (2,2) size 38x16
                text run at (2,2) width 38: "frame"
            RenderTableCell {TD} at (46,2) size 33x20 [border: (1px inset #808080)] [r=0 c=1 rs=1 cs=1]
              RenderText {#text} at (2,2) size 29x16
                text run at (2,2) width 29: "void"
      RenderBlock (anonymous) at (0,24) size 784x16
        RenderBR {BR} at (0,0) size 0x16
      RenderTable {TABLE} at (0,40) size 91x25 [border: (1px solid #808080) none]
        RenderTableSection {TBODY} at (0,1) size 91x24
          RenderTableRow {TR} at (0,2) size 91x20
            RenderTableCell {TD} at (2,2) size 42x20 [border: (1px inset #808080)] [r=0 c=0 rs=1 cs=1]
              RenderText {#text} at (2,2) size 38x16
                text run at (2,2) width 38: "frame"
            RenderTableCell {TD} at (46,2) size 43x20 [border: (1px inset #808080)] [r=0 c=1 rs=1 cs=1]
              RenderText {#text} at (2,2) size 39x16
                text run at (2,2) width 39: "above"
      RenderBlock (anonymous) at (0,65) size 784x16
        RenderBR {BR} at (0,0) size 0x16
      RenderTable {TABLE} at (0,81) size 92x25 [border: none (1px solid #808080) none]
        RenderTableSection {TBODY} at (0,0) size 92x24
          RenderTableRow {TR} at (0,2) size 92x20
            RenderTableCell {TD} at (2,2) size 42x20 [border: (1px inset #808080)] [r=0 c=0 rs=1 cs=1]
              RenderText {#text} at (2,2) size 38x16
                text run at (2,2) width 38: "frame"
            RenderTableCell {TD} at (46,2) size 44x20 [border: (1px inset #808080)] [r=0 c=1 rs=1 cs=1]
              RenderText {#text} at (2,2) size 40x16
                text run at (2,2) width 40: "below"
      RenderBlock (anonymous) at (0,106) size 784x16
        RenderBR {BR} at (0,0) size 0x16
      RenderTable {TABLE} at (0,122) size 92x26 [border: (1px solid #808080) none (1px solid #808080) none]
        RenderTableSection {TBODY} at (0,1) size 92x24
          RenderTableRow {TR} at (0,2) size 92x20
            RenderTableCell {TD} at (2,2) size 42x20 [border: (1px inset #808080)] [r=0 c=0 rs=1 cs=1]
              RenderText {#text} at (2,2) size 38x16
                text run at (2,2) width 38: "frame"
            RenderTableCell {TD} at (46,2) size 44x20 [border: (1px inset #808080)] [r=0 c=1 rs=1 cs=1]
              RenderText {#text} at (2,2) size 40x16
                text run at (2,2) width 40: "hsides"
      RenderBlock (anonymous) at (0,148) size 784x16
        RenderBR {BR} at (0,0) size 0x16
      RenderTable {TABLE} at (0,164) size 94x24 [border: none (1px solid #808080) none (1px solid #808080)]
        RenderTableSection {TBODY} at (1,0) size 92x24
          RenderTableRow {TR} at (0,2) size 92x20
            RenderTableCell {TD} at (2,2) size 42x20 [border: (1px inset #808080)] [r=0 c=0 rs=1 cs=1]
              RenderText {#text} at (2,2) size 38x16
                text run at (2,2) width 38: "frame"
            RenderTableCell {TD} at (46,2) size 44x20 [border: (1px inset #808080)] [r=0 c=1 rs=1 cs=1]
              RenderText {#text} at (2,2) size 40x16
                text run at (2,2) width 40: "vsides"
      RenderBlock (anonymous) at (0,188) size 784x16
        RenderBR {BR} at (0,0) size 0x16
      RenderTable {TABLE} at (0,204) size 73x24 [border: none (1px solid #808080) none]
        RenderTableSection {TBODY} at (0,0) size 72x24
          RenderTableRow {TR} at (0,2) size 72x20
            RenderTableCell {TD} at (2,2) size 42x20 [border: (1px inset #808080)] [r=0 c=0 rs=1 cs=1]
              RenderText {#text} at (2,2) size 38x16
                text run at (2,2) width 38: "frame"
            RenderTableCell {TD} at (46,2) size 24x20 [border: (1px inset #808080)] [r=0 c=1 rs=1 cs=1]
              RenderText {#text} at (2,2) size 20x16
                text run at (2,2) width 20: "rhs"
      RenderBlock (anonymous) at (0,228) size 784x16
        RenderBR {BR} at (0,0) size 0x16
      RenderTable {TABLE} at (0,244) size 72x24 [border: none (1px solid #808080)]
        RenderTableSection {TBODY} at (1,0) size 71x24
          RenderTableRow {TR} at (0,2) size 71x20
            RenderTableCell {TD} at (2,2) size 42x20 [border: (1px inset #808080)] [r=0 c=0 rs=1 cs=1]
              RenderText {#text} at (2,2) size 38x16
                text run at (2,2) width 38: "frame"
            RenderTableCell {TD} at (46,2) size 23x20 [border: (1px inset #808080)] [r=0 c=1 rs=1 cs=1]
              RenderText {#text} at (2,2) size 19x16
                text run at (2,2) width 19: "lhs"
      RenderBlock (anonymous) at (0,268) size 784x16
        RenderBR {BR} at (0,0) size 0x16
      RenderTable {TABLE} at (0,284) size 78x26 [border: (1px solid #808080)]
        RenderTableSection {TBODY} at (1,1) size 76x24
          RenderTableRow {TR} at (0,2) size 76x20
            RenderTableCell {TD} at (2,2) size 42x20 [border: (1px inset #808080)] [r=0 c=0 rs=1 cs=1]
              RenderText {#text} at (2,2) size 38x16
                text run at (2,2) width 38: "frame"
            RenderTableCell {TD} at (46,2) size 28x20 [border: (1px inset #808080)] [r=0 c=1 rs=1 cs=1]
              RenderText {#text} at (2,2) size 24x16
                text run at (2,2) width 24: "box"
      RenderBlock (anonymous) at (0,310) size 784x16
        RenderBR {BR} at (0,0) size 0x16
      RenderTable {TABLE} at (0,326) size 96x26 [border: (1px solid #808080)]
        RenderTableSection {TBODY} at (1,1) size 94x24
          RenderTableRow {TR} at (0,2) size 94x20
            RenderTableCell {TD} at (2,2) size 42x20 [border: (1px inset #808080)] [r=0 c=0 rs=1 cs=1]
              RenderText {#text} at (2,2) size 38x16
                text run at (2,2) width 38: "frame"
            RenderTableCell {TD} at (46,2) size 46x20 [border: (1px inset #808080)] [r=0 c=1 rs=1 cs=1]
              RenderText {#text} at (2,2) size 42x16
                text run at (2,2) width 42: "border"
      RenderBlock (anonymous) at (0,352) size 784x16
        RenderBR {BR} at (0,0) size 0x16
