layer at (0,0) size 800x600
  RenderView at (0,0) size 800x600
layer at (0,0) size 800x600
  RenderBlock {HTML} at (0,0) size 800x600
    RenderBody {BODY} at (8,8) size 784x584
      RenderTable {TABLE} at (0,0) size 70x38 [border: none]
        RenderTableSection {TBODY} at (0,0) size 69x37
          RenderTableRow {TR} at (0,0) size 69x19
            RenderTableCell {TD} at (0,0) size 35x19 [border: (1px none #000000)] [r=0 c=0 rs=1 cs=1]
              RenderText {#text} at (2,2) size 32x16
                text run at (2,2) width 32: "rules"
            RenderTableCell {TD} at (35,0) size 34x19 [border: (1px none #000000)] [r=0 c=1 rs=1 cs=1]
              RenderText {#text} at (1,2) size 32x16
                text run at (1,2) width 32: "none"
          RenderTableRow {TR} at (0,19) size 69x18
            RenderTableCell {TD} at (0,19) size 35x18 [border: none] [r=1 c=0 rs=1 cs=1]
              RenderText {#text} at (2,1) size 32x16
                text run at (2,1) width 32: "rules"
            RenderTableCell {TD} at (35,19) size 34x18 [r=1 c=1 rs=1 cs=1]
              RenderText {#text} at (1,1) size 32x16
                text run at (1,1) width 32: "none"
      RenderBlock (anonymous) at (0,38) size 784x16
        RenderBR {BR} at (0,0) size 0x16
      RenderTable {TABLE} at (0,54) size 117x75 [border: none]
        RenderTableSection {TBODY} at (0,0) size 116x37 [border: (1px solid #808080) none (1px solid #808080) none]
          RenderTableRow {TR} at (0,0) size 116x19
            RenderTableCell {TD} at (0,0) size 35x19 [border: (1px none #000000)] [r=0 c=0 rs=1 cs=1]
              RenderText {#text} at (2,2) size 32x16
                text run at (2,2) width 32: "rules"
            RenderTableCell {TD} at (35,0) size 81x19 [border: (1px none #000000)] [r=0 c=1 rs=1 cs=1]
              RenderText {#text} at (1,2) size 79x16
                text run at (1,2) width 79: "row group 1"
          RenderTableRow {TR} at (0,19) size 116x18
            RenderTableCell {TD} at (0,19) size 35x18 [border: none] [r=1 c=0 rs=1 cs=1]
              RenderText {#text} at (2,1) size 32x16
                text run at (2,1) width 32: "rules"
            RenderTableCell {TD} at (35,19) size 81x18 [r=1 c=1 rs=1 cs=1]
              RenderText {#text} at (1,1) size 79x16
                text run at (1,1) width 79: "row group 1"
        RenderTableSection {TBODY} at (0,37) size 116x37 [border: (1px solid #808080) none (1px solid #808080) none]
          RenderTableRow {TR} at (0,0) size 116x19
            RenderTableCell {TD} at (0,0) size 35x19 [border: (1px none #000000)] [r=0 c=0 rs=1 cs=1]
              RenderText {#text} at (2,2) size 32x16
                text run at (2,2) width 32: "rules"
            RenderTableCell {TD} at (35,0) size 81x19 [border: (1px none #000000)] [r=0 c=1 rs=1 cs=1]
              RenderText {#text} at (1,2) size 79x16
                text run at (1,2) width 79: "row group 2"
          RenderTableRow {TR} at (0,19) size 116x18
            RenderTableCell {TD} at (0,19) size 35x18 [border: none] [r=1 c=0 rs=1 cs=1]
              RenderText {#text} at (2,1) size 32x16
                text run at (2,1) width 32: "rules"
            RenderTableCell {TD} at (35,19) size 81x18 [r=1 c=1 rs=1 cs=1]
              RenderText {#text} at (1,1) size 79x16
                text run at (1,1) width 79: "row group 2"
      RenderBlock (anonymous) at (0,129) size 784x16
        RenderBR {BR} at (0,0) size 0x16
      RenderTable {TABLE} at (0,145) size 221x38 [border: none]
        RenderTableCol {COLGROUP} at (0,0) size 0x0 [border: none (1px solid #000000) none (1px solid #000000)]
          RenderTableCol {COL} at (0,0) size 0x0
          RenderTableCol {COL} at (0,0) size 0x0
        RenderTableCol {COLGROUP} at (0,0) size 0x0 [border: none (1px solid #000000) none (1px solid #000000)]
          RenderTableCol {COL} at (0,0) size 0x0
          RenderTableCol {COL} at (0,0) size 0x0
        RenderTableSection {TBODY} at (0,0) size 220x37 [border: (1px solid #808080) none (1px solid #808080) none]
          RenderTableRow {TR} at (0,0) size 220x19
            RenderTableCell {TD} at (0,0) size 35x19 [border: (1px none #000000)] [r=0 c=0 rs=1 cs=1]
              RenderText {#text} at (2,2) size 32x16
                text run at (2,2) width 32: "rules"
            RenderTableCell {TD} at (35,0) size 75x19 [border: (1px none #000000)] [r=0 c=1 rs=1 cs=1]
              RenderText {#text} at (1,2) size 73x16
                text run at (1,2) width 73: "col group 1"
            RenderTableCell {TD} at (110,0) size 35x19 [border: (1px none #000000)] [r=0 c=2 rs=1 cs=1]
              RenderText {#text} at (2,2) size 32x16
                text run at (2,2) width 32: "rules"
            RenderTableCell {TD} at (145,0) size 75x19 [border: (1px none #000000)] [r=0 c=3 rs=1 cs=1]
              RenderText {#text} at (1,2) size 73x16
                text run at (1,2) width 73: "col group 2"
          RenderTableRow {TR} at (0,19) size 220x18
            RenderTableCell {TD} at (0,19) size 35x18 [border: none] [r=1 c=0 rs=1 cs=1]
              RenderText {#text} at (2,1) size 32x16
                text run at (2,1) width 32: "rules"
            RenderTableCell {TD} at (35,19) size 75x18 [r=1 c=1 rs=1 cs=1]
              RenderText {#text} at (1,1) size 73x16
                text run at (1,1) width 73: "col group 1"
            RenderTableCell {TD} at (110,19) size 35x18 [border: none] [r=1 c=2 rs=1 cs=1]
              RenderText {#text} at (2,1) size 32x16
                text run at (2,1) width 32: "rules"
            RenderTableCell {TD} at (145,19) size 75x18 [r=1 c=3 rs=1 cs=1]
              RenderText {#text} at (1,1) size 73x16
                text run at (1,1) width 73: "col group 2"
      RenderBlock (anonymous) at (0,183) size 784x16
        RenderBR {BR} at (0,0) size 0x16
      RenderTable {TABLE} at (0,199) size 70x39 [border: none]
        RenderTableSection {TBODY} at (0,0) size 69x38
          RenderTableRow {TR} at (0,0) size 69x19
            RenderTableCell {TD} at (0,0) size 35x19 [border: (1px solid #808080) none none (1px none #808080)] [r=0 c=0 rs=1 cs=1]
              RenderText {#text} at (2,2) size 32x16
                text run at (2,2) width 32: "rules"
            RenderTableCell {TD} at (35,0) size 34x19 [border: (1px solid #808080) none none none] [r=0 c=1 rs=1 cs=1]
              RenderText {#text} at (1,2) size 32x16
                text run at (1,2) width 32: "rows"
          RenderTableRow {TR} at (0,19) size 69x19
            RenderTableCell {TD} at (0,19) size 35x19 [border: (1px solid #808080) none none (1px none #808080)] [r=1 c=0 rs=1 cs=1]
              RenderText {#text} at (2,2) size 32x16
                text run at (2,2) width 32: "rules"
            RenderTableCell {TD} at (35,19) size 34x19 [border: (1px solid #808080) none none none] [r=1 c=1 rs=1 cs=1]
              RenderText {#text} at (1,2) size 32x16
                text run at (1,2) width 32: "rows"
      RenderBlock (anonymous) at (0,238) size 784x16
        RenderBR {BR} at (0,0) size 0x16
      RenderTable {TABLE} at (0,254) size 65x38 [border: none]
        RenderTableSection {TBODY} at (0,0) size 64x37
          RenderTableRow {TR} at (0,0) size 64x19
            RenderTableCell {TD} at (0,0) size 35x19 [border: (1px none #808080) none none (1px solid #808080)] [r=0 c=0 rs=1 cs=1]
              RenderText {#text} at (2,2) size 32x16
                text run at (2,2) width 32: "rules"
            RenderTableCell {TD} at (35,0) size 29x19 [border: (1px none #808080) none none (1px solid #808080)] [r=0 c=1 rs=1 cs=1]
              RenderText {#text} at (2,2) size 26x16
                text run at (2,2) width 26: "cols"
          RenderTableRow {TR} at (0,19) size 64x18
            RenderTableCell {TD} at (0,19) size 35x18 [border: none none none (1px solid #808080)] [r=1 c=0 rs=1 cs=1]
              RenderText {#text} at (2,1) size 32x16
                text run at (2,1) width 32: "rules"
            RenderTableCell {TD} at (35,19) size 29x18 [border: none none none (1px solid #808080)] [r=1 c=1 rs=1 cs=1]
              RenderText {#text} at (2,1) size 26x16
                text run at (2,1) width 26: "cols"
      RenderBlock (anonymous) at (0,292) size 784x16
        RenderBR {BR} at (0,0) size 0x16
      RenderTable {TABLE} at (0,308) size 55x39 [border: none]
        RenderTableSection {TBODY} at (0,0) size 54x38
          RenderTableRow {TR} at (0,0) size 54x19
            RenderTableCell {TD} at (0,0) size 35x19 [border: (1px solid #808080)] [r=0 c=0 rs=1 cs=1]
              RenderText {#text} at (2,2) size 32x16
                text run at (2,2) width 32: "rules"
            RenderTableCell {TD} at (35,0) size 19x19 [border: (1px solid #808080)] [r=0 c=1 rs=1 cs=1]
              RenderText {#text} at (2,2) size 16x16
                text run at (2,2) width 16: "all"
          RenderTableRow {TR} at (0,19) size 54x19
            RenderTableCell {TD} at (0,19) size 35x19 [border: (1px solid #808080)] [r=1 c=0 rs=1 cs=1]
              RenderText {#text} at (2,2) size 32x16
                text run at (2,2) width 32: "rules"
            RenderTableCell {TD} at (35,19) size 19x19 [border: (1px solid #808080)] [r=1 c=1 rs=1 cs=1]
              RenderText {#text} at (2,2) size 16x16
                text run at (2,2) width 16: "all"
      RenderBlock (anonymous) at (0,347) size 784x16
        RenderBR {BR} at (0,0) size 0x16
