layer at (0,0) size 1680x1208
  RenderView at (0,0) size 800x600
layer at (0,0) size 1680x600
  RenderBlock {HTML} at (0,0) size 1680x600
    RenderBody {BODY} at (8,8) size 1664x1200
layer at (8,8) size 404x1200
  RenderBlock {DIV} at (0,0) size 404x1200 [border: (2px solid #000000)]
    RenderBlock (anonymous) at (2,2) size 224x388
      RenderText {#text} at (0,0) size 16x113
        text run at (0,0) width 113: "This is some text."
      RenderBR {BR} at (4,112) size 0x1
      RenderText {#text} at (16,0) size 16x113
        text run at (16,0) width 113: "This is some text."
      RenderBR {BR} at (20,112) size 0x1
      RenderText {#text} at (32,0) size 16x113
        text run at (32,0) width 113: "This is some text."
      RenderBR {BR} at (36,112) size 0x1
      RenderText {#text} at (48,0) size 16x113
        text run at (48,0) width 113: "This is some text."
      RenderBR {BR} at (52,112) size 0x1
      RenderText {#text} at (64,0) size 16x113
        text run at (64,0) width 113: "This is some text."
      RenderBR {BR} at (68,112) size 0x1
      RenderText {#text} at (80,0) size 16x113
        text run at (80,0) width 113: "This is some text."
      RenderBR {BR} at (84,112) size 0x1
      RenderText {#text} at (96,0) size 16x113
        text run at (96,0) width 113: "This is some text."
      RenderBR {BR} at (100,112) size 0x1
      RenderText {#text} at (112,0) size 16x113
        text run at (112,0) width 113: "This is some text."
      RenderBR {BR} at (116,112) size 0x1
      RenderText {#text} at (128,0) size 16x113
        text run at (128,0) width 113: "This is some text."
      RenderBR {BR} at (132,112) size 0x1
      RenderText {#text} at (144,0) size 16x113
        text run at (144,0) width 113: "This is some text."
      RenderBR {BR} at (148,112) size 0x1
      RenderText {#text} at (160,0) size 16x113
        text run at (160,0) width 113: "This is some text."
      RenderBR {BR} at (164,112) size 0x1
      RenderText {#text} at (176,0) size 16x113
        text run at (176,0) width 113: "This is some text."
      RenderBR {BR} at (180,112) size 0x1
      RenderText {#text} at (192,0) size 16x113
        text run at (192,0) width 113: "This is some text."
      RenderBR {BR} at (196,112) size 0x1
      RenderText {#text} at (208,0) size 16x113
        text run at (208,0) width 113: "This is some text."
      RenderBR {BR} at (212,112) size 0x1
    RenderBlock {P} at (242,2) size 416x388
      RenderBlock (floating) {SPAN} at (0,0) size 128x78.19
        RenderText {#text} at (0,0) size 128x79
          text run at (0,0) width 79: "T"
      RenderText {#text} at (0,78) size 16x104
        text run at (0,78) width 104: "his is some text."
      RenderBR {BR} at (4,181) size 0x1
      RenderText {#text} at (16,78) size 16x114
        text run at (16,78) width 113: "This is some text."
      RenderBR {BR} at (20,191) size 0x1
      RenderText {#text} at (32,78) size 16x114
        text run at (32,78) width 113: "This is some text."
      RenderBR {BR} at (36,191) size 0x1
      RenderText {#text} at (48,78) size 16x114
        text run at (48,78) width 113: "This is some text."
      RenderBR {BR} at (52,191) size 0x1
      RenderText {#text} at (64,78) size 16x114
        text run at (64,78) width 113: "This is some text."
      RenderBR {BR} at (68,191) size 0x1
      RenderText {#text} at (80,78) size 16x114
        text run at (80,78) width 113: "This is some text."
      RenderBR {BR} at (84,191) size 0x1
      RenderText {#text} at (96,78) size 16x114
        text run at (96,78) width 113: "This is some text."
      RenderBR {BR} at (100,191) size 0x1
      RenderText {#text} at (112,78) size 16x114
        text run at (112,78) width 113: "This is some text."
      RenderBR {BR} at (116,191) size 0x1
      RenderText {#text} at (128,0) size 16x113
        text run at (128,0) width 113: "This is some text."
      RenderBR {BR} at (132,112) size 0x1
      RenderText {#text} at (144,0) size 16x113
        text run at (144,0) width 113: "This is some text."
      RenderBR {BR} at (148,112) size 0x1
      RenderText {#text} at (160,0) size 16x113
        text run at (160,0) width 113: "This is some text."
      RenderBR {BR} at (164,112) size 0x1
      RenderText {#text} at (176,0) size 16x113
        text run at (176,0) width 113: "This is some text."
      RenderBR {BR} at (180,112) size 0x1
      RenderText {#text} at (192,0) size 16x113
        text run at (192,0) width 113: "This is some text."
      RenderBR {BR} at (196,112) size 0x1
      RenderText {#text} at (208,0) size 16x113
        text run at (208,0) width 113: "This is some text."
      RenderBR {BR} at (212,112) size 0x1
      RenderText {#text} at (224,0) size 16x113
        text run at (224,0) width 113: "This is some text."
      RenderBR {BR} at (228,112) size 0x1
      RenderText {#text} at (240,0) size 16x113
        text run at (240,0) width 113: "This is some text."
      RenderBR {BR} at (244,112) size 0x1
      RenderText {#text} at (256,0) size 16x113
        text run at (256,0) width 113: "This is some text."
      RenderBR {BR} at (260,112) size 0x1
      RenderText {#text} at (272,0) size 16x113
        text run at (272,0) width 113: "This is some text."
      RenderBR {BR} at (276,112) size 0x1
      RenderText {#text} at (288,0) size 16x113
        text run at (288,0) width 113: "This is some text."
      RenderBR {BR} at (292,112) size 0x1
      RenderText {#text} at (304,0) size 16x113
        text run at (304,0) width 113: "This is some text."
      RenderBR {BR} at (308,112) size 0x1
      RenderText {#text} at (320,0) size 16x113
        text run at (320,0) width 113: "This is some text."
      RenderBR {BR} at (324,112) size 0x1
      RenderText {#text} at (336,0) size 16x113
        text run at (336,0) width 113: "This is some text."
      RenderBR {BR} at (340,112) size 0x1
      RenderText {#text} at (352,0) size 16x113
        text run at (352,0) width 113: "This is some text."
      RenderBR {BR} at (356,112) size 0x1
      RenderText {#text} at (368,0) size 16x113
        text run at (368,0) width 113: "This is some text."
      RenderBR {BR} at (372,112) size 0x1
      RenderText {#text} at (384,0) size 16x113
        text run at (384,0) width 113: "This is some text."
      RenderBR {BR} at (388,112) size 0x1
      RenderText {#text} at (400,0) size 16x113
        text run at (400,0) width 113: "This is some text."
      RenderBR {BR} at (404,112) size 0x1
layer at (428,8) size 404x1200
  RenderBlock {DIV} at (420,0) size 404x1200 [border: (2px solid #000000)]
    RenderBlock (anonymous) at (2,2) size 224x388
      RenderText {#text} at (0,0) size 16x113
        text run at (0,0) width 113: "This is some text."
      RenderBR {BR} at (4,112) size 0x1
      RenderText {#text} at (16,0) size 16x113
        text run at (16,0) width 113: "This is some text."
      RenderBR {BR} at (20,112) size 0x1
      RenderText {#text} at (32,0) size 16x113
        text run at (32,0) width 113: "This is some text."
      RenderBR {BR} at (36,112) size 0x1
      RenderText {#text} at (48,0) size 16x113
        text run at (48,0) width 113: "This is some text."
      RenderBR {BR} at (52,112) size 0x1
      RenderText {#text} at (64,0) size 16x113
        text run at (64,0) width 113: "This is some text."
      RenderBR {BR} at (68,112) size 0x1
      RenderText {#text} at (80,0) size 16x113
        text run at (80,0) width 113: "This is some text."
      RenderBR {BR} at (84,112) size 0x1
      RenderText {#text} at (96,0) size 16x113
        text run at (96,0) width 113: "This is some text."
      RenderBR {BR} at (100,112) size 0x1
      RenderText {#text} at (112,0) size 16x113
        text run at (112,0) width 113: "This is some text."
      RenderBR {BR} at (116,112) size 0x1
      RenderText {#text} at (128,0) size 16x113
        text run at (128,0) width 113: "This is some text."
      RenderBR {BR} at (132,112) size 0x1
      RenderText {#text} at (144,0) size 16x113
        text run at (144,0) width 113: "This is some text."
      RenderBR {BR} at (148,112) size 0x1
      RenderText {#text} at (160,0) size 16x113
        text run at (160,0) width 113: "This is some text."
      RenderBR {BR} at (164,112) size 0x1
      RenderText {#text} at (176,0) size 16x113
        text run at (176,0) width 113: "This is some text."
      RenderBR {BR} at (180,112) size 0x1
      RenderText {#text} at (192,0) size 16x113
        text run at (192,0) width 113: "This is some text."
      RenderBR {BR} at (196,112) size 0x1
      RenderText {#text} at (208,0) size 16x113
        text run at (208,0) width 113: "This is some text."
      RenderBR {BR} at (212,112) size 0x1
    RenderBlock {P} at (242,2) size 576x388
      RenderImage {IMG} at (160,0) size 100x100 [bgcolor=#008000]
      RenderImage {IMG} at (160,288) size 200x100 [bgcolor=#008000]
      RenderText {#text} at (160,100) size 16x109
        text run at (160,100) width 109: "This is some text"
      RenderBR {BR} at (164,208) size 0x1
      RenderText {#text} at (176,100) size 16x113
        text run at (176,100) width 113: "This is some text."
      RenderBR {BR} at (180,212) size 0x1
      RenderText {#text} at (192,100) size 16x113
        text run at (192,100) width 113: "This is some text."
      RenderBR {BR} at (196,212) size 0x1
      RenderText {#text} at (208,100) size 16x113
        text run at (208,100) width 113: "This is some text."
      RenderBR {BR} at (212,212) size 0x1
      RenderText {#text} at (224,100) size 16x113
        text run at (224,100) width 113: "This is some text."
      RenderBR {BR} at (228,212) size 0x1
      RenderText {#text} at (240,100) size 16x113
        text run at (240,100) width 113: "This is some text."
      RenderBR {BR} at (244,212) size 0x1
      RenderText {#text} at (256,100) size 16x113
        text run at (256,100) width 113: "This is some text."
      RenderBR {BR} at (260,212) size 0x1
      RenderText {#text} at (272,0) size 16x113
        text run at (272,0) width 113: "This is some text."
      RenderBR {BR} at (276,112) size 0x1
      RenderText {#text} at (288,0) size 16x113
        text run at (288,0) width 113: "This is some text."
      RenderBR {BR} at (292,112) size 0x1
      RenderText {#text} at (304,0) size 16x113
        text run at (304,0) width 113: "This is some text."
      RenderBR {BR} at (308,112) size 0x1
      RenderText {#text} at (320,0) size 16x113
        text run at (320,0) width 113: "This is some text."
      RenderBR {BR} at (324,112) size 0x1
      RenderText {#text} at (336,0) size 16x113
        text run at (336,0) width 113: "This is some text."
      RenderBR {BR} at (340,112) size 0x1
      RenderText {#text} at (352,0) size 16x113
        text run at (352,0) width 113: "This is some text."
      RenderBR {BR} at (356,112) size 0x1
      RenderText {#text} at (368,0) size 16x113
        text run at (368,0) width 113: "This is some text."
      RenderBR {BR} at (372,112) size 0x1
      RenderText {#text} at (384,0) size 16x113
        text run at (384,0) width 113: "This is some text."
      RenderBR {BR} at (388,112) size 0x1
      RenderText {#text} at (400,0) size 16x113
        text run at (400,0) width 113: "This is some text."
      RenderBR {BR} at (404,112) size 0x1
      RenderText {#text} at (416,0) size 16x113
        text run at (416,0) width 113: "This is some text."
      RenderBR {BR} at (420,112) size 0x1
      RenderText {#text} at (432,0) size 16x113
        text run at (432,0) width 113: "This is some text."
      RenderBR {BR} at (436,112) size 0x1
      RenderText {#text} at (448,0) size 16x113
        text run at (448,0) width 113: "This is some text."
      RenderBR {BR} at (452,112) size 0x1
      RenderText {#text} at (464,0) size 16x113
        text run at (464,0) width 113: "This is some text."
      RenderBR {BR} at (468,112) size 0x1
      RenderText {#text} at (480,0) size 16x113
        text run at (480,0) width 113: "This is some text."
      RenderBR {BR} at (484,112) size 0x1
      RenderText {#text} at (496,0) size 16x113
        text run at (496,0) width 113: "This is some text."
      RenderBR {BR} at (500,112) size 0x1
      RenderText {#text} at (512,0) size 16x113
        text run at (512,0) width 113: "This is some text."
      RenderBR {BR} at (516,112) size 0x1
      RenderText {#text} at (528,0) size 16x113
        text run at (528,0) width 113: "This is some text."
      RenderBR {BR} at (532,112) size 0x1
      RenderText {#text} at (544,0) size 16x113
        text run at (544,0) width 113: "This is some text."
      RenderBR {BR} at (548,112) size 0x1
      RenderText {#text} at (560,0) size 16x113
        text run at (560,0) width 113: "This is some text."
      RenderBR {BR} at (564,112) size 0x1
layer at (848,8) size 404x1200
  RenderBlock {DIV} at (840,0) size 404x1200 [border: (2px solid #000000)]
    RenderImage {IMG} at (2,2) size 390x300 [bgcolor=#008000]
    RenderText {#text} at (2,302) size 400x83
      text run at (2,302) width 75: "Longer text"
      text run at (18,302) width 74: "designed to"
      text run at (34,302) width 83: "test float and"
      text run at (50,302) width 61: "wrapping"
      text run at (66,302) width 60: "behavior."
      text run at (82,302) width 75: "Longer text"
      text run at (98,302) width 74: "designed to"
      text run at (114,302) width 83: "test float and"
      text run at (130,302) width 61: "wrapping"
      text run at (146,302) width 60: "behavior."
      text run at (162,302) width 75: "Longer text"
      text run at (178,302) width 74: "designed to"
      text run at (194,302) width 83: "test float and"
      text run at (210,302) width 61: "wrapping"
      text run at (226,302) width 60: "behavior."
      text run at (242,302) width 75: "Longer text"
      text run at (258,302) width 74: "designed to"
      text run at (274,302) width 83: "test float and"
      text run at (290,302) width 61: "wrapping"
      text run at (306,302) width 60: "behavior."
      text run at (322,302) width 75: "Longer text"
      text run at (338,302) width 74: "designed to"
      text run at (354,302) width 83: "test float and"
      text run at (370,302) width 61: "wrapping"
      text run at (386,302) width 60: "behavior."
layer at (1268,8) size 404x1200
  RenderBlock {DIV} at (1260,0) size 404x1200 [border: (2px solid #000000)]
    RenderImage {IMG} at (2,2) size 380x388 [bgcolor=#0000FF]
    RenderInline {SPAN} at (0,0) size 216x379
      RenderImage {IMG} at (402,2) size 20x100 [bgcolor=#008000]
      RenderText {#text} at (402,102) size 24x209
        text run at (402,102) width 209: "Longer text designed "
      RenderImage {IMG} at (426,290) size 20x100 [bgcolor=#008000]
      RenderText {#text} at (402,310) size 216x379
        text run at (402,310) width 58: "to test"
        text run at (426,2) width 278: "float and wrapping behavior."
        text run at (450,2) width 358: "Longer text designed to test float and"
        text run at (474,2) width 304: "wrapping behavior. Longer text"
        text run at (498,2) width 337: "designed to test float and wrapping"
        text run at (522,2) width 363: "behavior. Longer text designed to test"
        text run at (546,2) width 353: "float and wrapping behavior. Longer"
        text run at (570,2) width 379: "text designed to test float and wrapping"
        text run at (594,2) width 90: "behavior."
    RenderText {#text} at (0,0) size 0x0
