layer at (0,0) size 785x778
  RenderView at (0,0) size 785x600
layer at (0,0) size 785x600
  RenderBlock {HTML} at (0,0) size 785x600
    RenderBody {BODY} at (8,8) size 769x584
layer at (8,8) size 320x770
  RenderBlock {DIV} at (0,0) size 320x770 [border: (5px solid #000000)]
    RenderBlock {DIV} at (10,10) size 250x367
    RenderBlock (anonymous) at (310,10) size 180x367
      RenderBlock {DIV} at (0,0) size 180x307.08 [border: (2px solid #008000)]
        RenderText {#text} at (2,2) size 16x304
          text run at (2,2) width 304: "All of this text should be in the second column."
        RenderBR {BR} at (6,305) size 0x1
        RenderText {#text} at (18,2) size 16x304
          text run at (18,2) width 304: "All of this text should be in the second column."
        RenderBR {BR} at (22,305) size 0x1
        RenderText {#text} at (34,2) size 16x304
          text run at (34,2) width 304: "All of this text should be in the second column."
        RenderBR {BR} at (38,305) size 0x1
        RenderText {#text} at (50,2) size 16x304
          text run at (50,2) width 304: "All of this text should be in the second column."
        RenderBR {BR} at (54,305) size 0x1
        RenderText {#text} at (66,2) size 16x304
          text run at (66,2) width 304: "All of this text should be in the second column."
        RenderBR {BR} at (70,305) size 0x1
        RenderText {#text} at (82,2) size 16x304
          text run at (82,2) width 304: "All of this text should be in the second column."
        RenderBR {BR} at (86,305) size 0x1
        RenderText {#text} at (98,2) size 16x304
          text run at (98,2) width 304: "All of this text should be in the second column."
        RenderBR {BR} at (102,305) size 0x1
        RenderText {#text} at (114,2) size 16x304
          text run at (114,2) width 304: "All of this text should be in the second column."
        RenderBR {BR} at (118,305) size 0x1
        RenderText {#text} at (130,2) size 16x304
          text run at (130,2) width 304: "All of this text should be in the second column."
        RenderBR {BR} at (134,305) size 0x1
        RenderText {#text} at (146,2) size 16x304
          text run at (146,2) width 304: "All of this text should be in the second column."
        RenderBR {BR} at (150,305) size 0x1
        RenderText {#text} at (162,2) size 16x304
          text run at (162,2) width 304: "All of this text should be in the second column."
        RenderBR {BR} at (166,305) size 0x1
      RenderText {#text} at (0,0) size 0x0
