layer at (0,0) size 785x5017
  RenderView at (0,0) size 785x600
layer at (0,0) size 785x5017
  RenderBlock {HTML} at (0,0) size 785x5017
    RenderBody {BODY} at (8,8) size 769x5001
      RenderBlock (anonymous) at (0,0) size 769x16
        RenderText {#text} at (0,0) size 531x16
          text run at (0,0) width 531: "this fixes a bug - 5.0 allocates colspans from right to left - Nav4.6 goes left to right"
      RenderTable {TABLE} at (0,16) size 272x70 [border: (1px outset #808080)]
        RenderTableSection {TBODY} at (1,1) size 270x68
          RenderTableRow {TR} at (0,2) size 270x20
            RenderTableCell {TD} at (2,2) size 181x20 [border: (1px inset #808080)] [r=0 c=0 rs=1 cs=3]
              RenderText {#text} at (2,2) size 96x16
                text run at (2,2) width 96: "xxxxxxxxxxxx"
            RenderTableCell {TD} at (185,2) size 83x20 [border: (1px inset #808080)] [r=0 c=3 rs=1 cs=1]
              RenderText {#text} at (2,2) size 8x16
                text run at (2,2) width 8: "y"
          RenderTableRow {TR} at (0,24) size 270x20
            RenderTableCell {TD} at (2,24) size 12x20 [border: (1px inset #808080)] [r=1 c=0 rs=1 cs=1]
              RenderText {#text} at (2,2) size 8x16
                text run at (2,2) width 8: "x"
            RenderTableCell {TD} at (16,24) size 82x20 [border: (1px inset #808080)] [r=1 c=1 rs=1 cs=1]
              RenderText {#text} at (2,2) size 8x16
                text run at (2,2) width 8: "x"
            RenderTableCell {TD} at (100,24) size 83x20 [border: (1px inset #808080)] [r=1 c=2 rs=1 cs=1]
              RenderText {#text} at (2,2) size 8x16
                text run at (2,2) width 8: "x"
            RenderTableCell {TD} at (185,24) size 83x20 [border: (1px inset #808080)] [r=1 c=3 rs=1 cs=1]
              RenderText {#text} at (2,2) size 8x16
                text run at (2,2) width 8: "y"
          RenderTableRow {TR} at (0,46) size 270x20
            RenderTableCell {TD} at (2,46) size 12x20 [border: (1px inset #808080)] [r=2 c=0 rs=1 cs=1]
              RenderText {#text} at (2,2) size 8x16
                text run at (2,2) width 8: "x"
            RenderTableCell {TD} at (16,46) size 252x20 [border: (1px inset #808080)] [r=2 c=1 rs=1 cs=3]
              RenderText {#text} at (2,2) size 248x16
                text run at (2,2) width 248: "yyyyyyyyyyyyyyyyyyyyyyyyyyyyyyy"
      RenderBlock (anonymous) at (0,86) size 769x32
        RenderBR {BR} at (0,0) size 0x16
        RenderText {#text} at (0,16) size 550x16
          text run at (0,16) width 550: "this is like the previous one except the relative sizes of the colspan content is reversed"
      RenderTable {TABLE} at (0,118) size 311x70 [bgcolor=#00FF00] [border: (1px outset #808080)]
        RenderTableSection {TBODY} at (1,1) size 309x68
          RenderTableRow {TR} at (0,2) size 309x20
            RenderTableCell {TD} at (2,2) size 268x20 [border: (1px inset #808080)] [r=0 c=0 rs=1 cs=3]
              RenderText {#text} at (2,2) size 264x16
                text run at (2,2) width 264: "xxxxxxxxxxxxxxxxxxxxxxxxxxxxxxxxx"
            RenderTableCell {TD} at (272,2) size 35x20 [border: (1px inset #808080)] [r=0 c=3 rs=1 cs=1]
              RenderText {#text} at (2,2) size 8x16
                text run at (2,2) width 8: "y"
          RenderTableRow {TR} at (0,24) size 309x20
            RenderTableCell {TD} at (2,24) size 39x20 [border: (1px inset #808080)] [r=1 c=0 rs=1 cs=1]
              RenderText {#text} at (2,2) size 8x16
                text run at (2,2) width 8: "x"
            RenderTableCell {TD} at (43,24) size 110x20 [border: (1px inset #808080)] [r=1 c=1 rs=1 cs=1]
              RenderText {#text} at (2,2) size 8x16
                text run at (2,2) width 8: "x"
            RenderTableCell {TD} at (155,24) size 115x20 [border: (1px inset #808080)] [r=1 c=2 rs=1 cs=1]
              RenderText {#text} at (2,2) size 8x16
                text run at (2,2) width 8: "x"
            RenderTableCell {TD} at (272,24) size 35x20 [border: (1px inset #808080)] [r=1 c=3 rs=1 cs=1]
              RenderText {#text} at (2,2) size 8x16
                text run at (2,2) width 8: "y"
          RenderTableRow {TR} at (0,46) size 309x20
            RenderTableCell {TD} at (2,46) size 39x20 [border: (1px inset #808080)] [r=2 c=0 rs=1 cs=1]
              RenderText {#text} at (2,2) size 8x16
                text run at (2,2) width 8: "x"
            RenderTableCell {TD} at (43,46) size 264x20 [border: (1px inset #808080)] [r=2 c=1 rs=1 cs=3]
              RenderText {#text} at (2,2) size 104x16
                text run at (2,2) width 104: "yyyyyyyyyyyyy"
      RenderBlock (anonymous) at (0,188) size 769x16
        RenderBR {BR} at (0,0) size 0x16
      RenderTable {TABLE} at (0,204) size 90x48 [border: (1px outset #808080)]
        RenderTableSection {TBODY} at (1,1) size 88x46
          RenderTableRow {TR} at (0,2) size 88x20
            RenderTableCell {TD} at (2,2) size 84x20 [border: (1px inset #808080)] [r=0 c=0 rs=1 cs=2]
              RenderText {#text} at (2,2) size 80x16
                text run at (2,2) width 80: "xxxxxxxxxx"
          RenderTableRow {TR} at (0,24) size 88x20
            RenderTableCell {TD} at (2,24) size 41x20 [border: (1px inset #808080)] [r=1 c=0 rs=1 cs=1]
              RenderText {#text} at (2,2) size 16x16
                text run at (2,2) width 16: "xx"
            RenderTableCell {TD} at (45,24) size 41x20 [border: (1px inset #808080)] [r=1 c=1 rs=1 cs=1]
              RenderText {#text} at (2,2) size 16x16
                text run at (2,2) width 16: "xx"
      RenderBlock (anonymous) at (0,252) size 769x16
        RenderBR {BR} at (0,0) size 0x16
      RenderTable {TABLE} at (0,268) size 286x70 [bgcolor=#FF0000] [border: (1px outset #808080)]
        RenderTableSection {TBODY} at (1,1) size 284x68
          RenderTableRow {TR} at (0,2) size 284x20
            RenderTableCell {TD} at (2,2) size 153x20 [border: (1px inset #808080)] [r=0 c=0 rs=1 cs=3]
              RenderText {#text} at (2,2) size 48x16
                text run at (2,2) width 48: "xxxxxx"
            RenderTableCell {TD} at (157,2) size 125x20 [border: (1px inset #808080)] [r=0 c=3 rs=1 cs=1]
              RenderText {#text} at (2,2) size 8x16
                text run at (2,2) width 8: "y"
          RenderTableRow {TR} at (0,24) size 284x20
            RenderTableCell {TD} at (2,24) size 12x20 [border: (1px inset #808080)] [r=1 c=0 rs=1 cs=1]
              RenderText {#text} at (2,2) size 8x16
                text run at (2,2) width 8: "x"
            RenderTableCell {TD} at (16,24) size 12x20 [border: (1px inset #808080)] [r=1 c=1 rs=1 cs=1]
              RenderText {#text} at (2,2) size 8x16
                text run at (2,2) width 8: "x"
            RenderTableCell {TD} at (30,24) size 125x20 [border: (1px inset #808080)] [r=1 c=2 rs=1 cs=1]
              RenderText {#text} at (2,2) size 8x16
                text run at (2,2) width 8: "x"
            RenderTableCell {TD} at (157,24) size 125x20 [border: (1px inset #808080)] [r=1 c=3 rs=1 cs=1]
              RenderText {#text} at (2,2) size 8x16
                text run at (2,2) width 8: "y"
          RenderTableRow {TR} at (0,46) size 284x20
            RenderTableCell {TD} at (2,46) size 12x20 [border: (1px inset #808080)] [r=2 c=0 rs=1 cs=1]
              RenderText {#text} at (2,2) size 8x16
                text run at (2,2) width 8: "x"
            RenderTableCell {TD} at (16,46) size 12x20 [border: (1px inset #808080)] [r=2 c=1 rs=1 cs=1]
              RenderText {#text} at (2,2) size 8x16
                text run at (2,2) width 8: "x"
            RenderTableCell {TD} at (30,46) size 252x20 [border: (1px inset #808080)] [r=2 c=2 rs=1 cs=2]
              RenderText {#text} at (2,2) size 248x16
                text run at (2,2) width 248: "yyyyyyyyyyyyyyyyyyyyyyyyyyyyyyy"
      RenderBlock (anonymous) at (0,338) size 769x16
        RenderBR {BR} at (0,0) size 0x16
      RenderTable {TABLE} at (0,354) size 272x70 [border: (1px outset #808080)]
        RenderTableSection {TBODY} at (1,1) size 270x68
          RenderTableRow {TR} at (0,2) size 270x20
            RenderTableCell {TD} at (2,2) size 181x20 [border: (1px inset #808080)] [r=0 c=0 rs=1 cs=3]
              RenderText {#text} at (2,2) size 48x16
                text run at (2,2) width 48: "xxxxxx"
            RenderTableCell {TD} at (185,2) size 83x20 [border: (1px inset #808080)] [r=0 c=3 rs=1 cs=1]
              RenderText {#text} at (2,2) size 8x16
                text run at (2,2) width 8: "y"
          RenderTableRow {TR} at (0,24) size 270x20
            RenderTableCell {TD} at (2,24) size 12x20 [border: (1px inset #808080)] [r=1 c=0 rs=1 cs=1]
              RenderText {#text} at (2,2) size 8x16
                text run at (2,2) width 8: "x"
            RenderTableCell {TD} at (16,24) size 82x20 [border: (1px inset #808080)] [r=1 c=1 rs=1 cs=1]
              RenderText {#text} at (2,2) size 8x16
                text run at (2,2) width 8: "x"
            RenderTableCell {TD} at (100,24) size 83x20 [border: (1px inset #808080)] [r=1 c=2 rs=1 cs=1]
              RenderText {#text} at (2,2) size 8x16
                text run at (2,2) width 8: "x"
            RenderTableCell {TD} at (185,24) size 83x20 [border: (1px inset #808080)] [r=1 c=3 rs=1 cs=1]
              RenderText {#text} at (2,2) size 8x16
                text run at (2,2) width 8: "y"
          RenderTableRow {TR} at (0,46) size 270x20
            RenderTableCell {TD} at (2,46) size 12x20 [border: (1px inset #808080)] [r=2 c=0 rs=1 cs=1]
              RenderText {#text} at (2,2) size 8x16
                text run at (2,2) width 8: "x"
            RenderTableCell {TD} at (16,46) size 252x20 [border: (1px inset #808080)] [r=2 c=1 rs=1 cs=3]
              RenderText {#text} at (2,2) size 248x16
                text run at (2,2) width 248: "yyyyyyyyyyyyyyyyyyyyyyyyyyyyyyy"
      RenderBlock (anonymous) at (0,424) size 769x16
        RenderBR {BR} at (0,0) size 0x16
      RenderTable {TABLE} at (0,440) size 272x70 [bgcolor=#FFA500] [border: (1px outset #808080)]
        RenderTableSection {TBODY} at (1,1) size 270x68
          RenderTableRow {TR} at (0,2) size 270x20
            RenderTableCell {TD} at (2,2) size 181x20 [border: (1px inset #808080)] [r=0 c=0 rs=1 cs=3]
              RenderText {#text} at (2,2) size 136x16
                text run at (2,2) width 136: "yyyyyyyyyyyyyyyyy"
            RenderTableCell {TD} at (185,2) size 83x20 [border: (1px inset #808080)] [r=0 c=3 rs=1 cs=1]
              RenderText {#text} at (2,2) size 8x16
                text run at (2,2) width 8: "y"
          RenderTableRow {TR} at (0,24) size 270x20
            RenderTableCell {TD} at (2,24) size 12x20 [border: (1px inset #808080)] [r=1 c=0 rs=1 cs=1]
              RenderText {#text} at (2,2) size 8x16
                text run at (2,2) width 8: "x"
            RenderTableCell {TD} at (16,24) size 82x20 [border: (1px inset #808080)] [r=1 c=1 rs=1 cs=1]
              RenderText {#text} at (2,2) size 8x16
                text run at (2,2) width 8: "x"
            RenderTableCell {TD} at (100,24) size 83x20 [border: (1px inset #808080)] [r=1 c=2 rs=1 cs=1]
              RenderText {#text} at (2,2) size 8x16
                text run at (2,2) width 8: "x"
            RenderTableCell {TD} at (185,24) size 83x20 [border: (1px inset #808080)] [r=1 c=3 rs=1 cs=1]
              RenderText {#text} at (2,2) size 8x16
                text run at (2,2) width 8: "y"
          RenderTableRow {TR} at (0,46) size 270x20
            RenderTableCell {TD} at (2,46) size 12x20 [border: (1px inset #808080)] [r=2 c=0 rs=1 cs=1]
              RenderText {#text} at (2,2) size 8x16
                text run at (2,2) width 8: "x"
            RenderTableCell {TD} at (16,46) size 252x20 [border: (1px inset #808080)] [r=2 c=1 rs=1 cs=3]
              RenderText {#text} at (2,2) size 248x16
                text run at (2,2) width 248: "yyyyyyyyyyyyyyyyyyyyyyyyyyyyyyy"
      RenderBlock (anonymous) at (0,510) size 769x16
        RenderBR {BR} at (0,0) size 0x16
      RenderTable {TABLE} at (0,526) size 166x48 [bgcolor=#FFFF00] [border: (1px outset #808080)]
        RenderTableSection {TBODY} at (1,1) size 164x46
          RenderTableRow {TR} at (0,2) size 164x20
            RenderTableCell {TD} at (2,2) size 160x20 [border: (1px inset #808080)] [r=0 c=0 rs=1 cs=3]
              RenderText {#text} at (2,2) size 136x16
                text run at (2,2) width 136: "xxxxxxxxxxxxxxxxx"
          RenderTableRow {TR} at (0,24) size 164x20
            RenderTableCell {TD} at (2,24) size 104x20 [border: (1px inset #808080)] [r=1 c=0 rs=1 cs=1]
              RenderText {#text} at (2,2) size 22x16
                text run at (2,2) width 22: "foo"
            RenderTableCell {TD} at (108,24) size 25x20 [border: (1px inset #808080)] [r=1 c=1 rs=1 cs=1]
              RenderText {#text} at (2,2) size 21x16
                text run at (2,2) width 21: "bar"
            RenderTableCell {TD} at (135,24) size 27x20 [border: (1px inset #808080)] [r=1 c=2 rs=1 cs=1]
              RenderText {#text} at (2,2) size 23x16
                text run at (2,2) width 23: "zap"
      RenderBlock (anonymous) at (0,574) size 769x16
        RenderBR {BR} at (0,0) size 0x16
      RenderTable {TABLE} at (0,590) size 400x48 [border: (1px outset #808080)]
        RenderTableSection {TBODY} at (1,1) size 398x46
          RenderTableRow {TR} at (0,2) size 398x20
            RenderTableCell {TD} at (2,2) size 394x20 [border: (1px inset #808080)] [r=0 c=0 rs=1 cs=3]
              RenderText {#text} at (2,2) size 136x16
                text run at (2,2) width 136: "xxxxxxxxxxxxxxxxx"
          RenderTableRow {TR} at (0,24) size 398x20
            RenderTableCell {TD} at (2,24) size 104x20 [border: (1px inset #808080)] [r=1 c=0 rs=1 cs=1]
              RenderText {#text} at (2,2) size 22x16
                text run at (2,2) width 22: "foo"
            RenderTableCell {TD} at (108,24) size 137x20 [border: (1px inset #808080)] [r=1 c=1 rs=1 cs=1]
              RenderText {#text} at (2,2) size 21x16
                text run at (2,2) width 21: "bar"
            RenderTableCell {TD} at (247,24) size 149x20 [border: (1px inset #808080)] [r=1 c=2 rs=1 cs=1]
              RenderText {#text} at (2,2) size 23x16
                text run at (2,2) width 23: "zap"
      RenderBlock (anonymous) at (0,638) size 769x16
        RenderBR {BR} at (0,0) size 0x16
      RenderTable {TABLE} at (0,654) size 146x48 [bgcolor=#0000FF] [border: (1px outset #808080)]
        RenderTableSection {TBODY} at (1,1) size 144x46
          RenderTableRow {TR} at (0,2) size 144x20
            RenderTableCell {TD} at (2,2) size 140x20 [border: (1px inset #808080)] [r=0 c=0 rs=1 cs=3]
              RenderText {#text} at (2,2) size 136x16
                text run at (2,2) width 136: "xxxxxxxxxxxxxxxxx"
          RenderTableRow {TR} at (0,24) size 144x20
            RenderTableCell {TD} at (2,24) size 45x20 [border: (1px inset #808080)] [r=1 c=0 rs=1 cs=1]
              RenderText {#text} at (2,2) size 22x16
                text run at (2,2) width 22: "foo"
            RenderTableCell {TD} at (49,24) size 43x20 [border: (1px inset #808080)] [r=1 c=1 rs=1 cs=1]
              RenderText {#text} at (2,2) size 21x16
                text run at (2,2) width 21: "bar"
            RenderTableCell {TD} at (94,24) size 48x20 [border: (1px inset #808080)] [r=1 c=2 rs=1 cs=1]
              RenderText {#text} at (2,2) size 23x16
                text run at (2,2) width 23: "zap"
      RenderBlock (anonymous) at (0,702) size 769x16
        RenderBR {BR} at (0,0) size 0x16
      RenderBlock {HR} at (0,726) size 202x2 [border: (1px inset #EEEEEE)]
      RenderTable {TABLE} at (0,736) size 210x48 [border: (1px outset #808080)]
        RenderTableSection {TBODY} at (1,1) size 208x46
          RenderTableRow {TR} at (0,2) size 208x20
            RenderTableCell {TD} at (2,2) size 54x20 [border: (1px inset #808080)] [r=0 c=0 rs=1 cs=1]
              RenderText {#text} at (2,2) size 16x16
                text run at (2,2) width 16: "50"
            RenderTableCell {TD} at (58,2) size 54x20 [border: (1px inset #808080)] [r=0 c=1 rs=1 cs=1]
              RenderText {#text} at (2,2) size 16x16
                text run at (2,2) width 16: "50"
            RenderTableCell {TD} at (114,2) size 92x20 [border: (1px inset #808080)] [r=0 c=2 rs=1 cs=1]
              RenderText {#text} at (2,2) size 28x16
                text run at (2,2) width 28: "auto"
          RenderTableRow {TR} at (0,24) size 208x20
            RenderTableCell {TD} at (2,24) size 204x20 [border: (1px inset #808080)] [r=1 c=0 rs=1 cs=3]
              RenderText {#text} at (2,2) size 52x16
                text run at (2,2) width 52: "200CS3"
      RenderBlock (anonymous) at (0,784) size 769x16
        RenderBR {BR} at (0,0) size 0x16
      RenderBlock {HR} at (0,808) size 202x2 [border: (1px inset #EEEEEE)]
      RenderTable {TABLE} at (0,818) size 210x48 [border: (1px outset #808080)]
        RenderTableSection {TBODY} at (1,1) size 208x46
          RenderTableRow {TR} at (0,2) size 208x20
            RenderTableCell {TD} at (2,2) size 54x20 [border: (1px inset #808080)] [r=0 c=0 rs=1 cs=1]
              RenderText {#text} at (2,2) size 16x16
                text run at (2,2) width 16: "50"
            RenderTableCell {TD} at (58,2) size 148x20 [border: (1px inset #808080)] [r=0 c=1 rs=1 cs=1]
              RenderText {#text} at (2,2) size 28x16
                text run at (2,2) width 28: "auto"
          RenderTableRow {TR} at (0,24) size 208x20
            RenderTableCell {TD} at (2,24) size 204x20 [border: (1px inset #808080)] [r=1 c=0 rs=1 cs=2]
              RenderText {#text} at (2,2) size 52x16
                text run at (2,2) width 52: "200CS2"
      RenderBlock (anonymous) at (0,866) size 769x16
        RenderBR {BR} at (0,0) size 0x16
      RenderTable {TABLE} at (0,882) size 210x48 [bgcolor=#00FF00] [border: (1px outset #808080)]
        RenderTableSection {TBODY} at (1,1) size 208x46
          RenderTableRow {TR} at (0,2) size 208x20
            RenderTableCell {TD} at (2,2) size 101x20 [border: (1px inset #808080)] [r=0 c=0 rs=1 cs=1]
              RenderText {#text} at (2,2) size 22x16
                text run at (2,2) width 22: "foo"
            RenderTableCell {TD} at (105,2) size 101x20 [border: (1px inset #808080)] [r=0 c=1 rs=1 cs=1]
              RenderText {#text} at (2,2) size 22x16
                text run at (2,2) width 22: "foo"
          RenderTableRow {TR} at (0,24) size 208x20
            RenderTableCell {TD} at (2,24) size 204x20 [border: (1px inset #808080)] [r=1 c=0 rs=1 cs=2]
              RenderText {#text} at (2,2) size 22x16
                text run at (2,2) width 22: "foo"
      RenderBlock (anonymous) at (0,930) size 769x16
        RenderBR {BR} at (0,0) size 0x16
      RenderTable {TABLE} at (0,946) size 622x132 [bgcolor=#EE82EE] [border: (1px outset #808080)]
        RenderTableSection {TBODY} at (1,1) size 620x130
          RenderTableRow {TR} at (0,2) size 620x104
            RenderTableCell {TD} at (2,2) size 616x104 [border: (1px inset #808080)] [r=0 c=0 rs=1 cs=3]
              RenderImage {IMG} at (2,2) size 600x100
          RenderTableRow {TR} at (0,108) size 620x20
            RenderTableCell {TD} at (2,108) size 104x20 [border: (1px inset #808080)] [r=1 c=0 rs=1 cs=1]
              RenderText {#text} at (2,2) size 24x16
                text run at (2,2) width 24: "100"
            RenderTableCell {TD} at (108,108) size 104x20 [border: (1px inset #808080)] [r=1 c=1 rs=1 cs=1]
              RenderText {#text} at (2,2) size 24x16
                text run at (2,2) width 24: "100"
            RenderTableCell {TD} at (214,108) size 404x20 [border: (1px inset #808080)] [r=1 c=2 rs=1 cs=1]
              RenderText {#text} at (2,2) size 24x16
                text run at (2,2) width 24: "400"
      RenderBlock (anonymous) at (0,1078) size 769x16
        RenderBR {BR} at (0,0) size 0x16
      RenderTable {TABLE} at (0,1094) size 644x48 [border: (1px outset #808080)]
        RenderTableSection {TBODY} at (1,1) size 642x46
          RenderTableRow {TR} at (0,2) size 642x20
            RenderTableCell {TD} at (2,2) size 604x20 [border: (1px inset #808080)] [r=0 c=0 rs=1 cs=3]
              RenderText {#text} at (2,2) size 24x16
                text run at (2,2) width 24: "600"
            RenderTableCell {TD} at (608,2) size 32x20 [border: (1px inset #808080)] [r=0 c=3 rs=1 cs=1]
              RenderText {#text} at (2,2) size 28x16
                text run at (2,2) width 28: "auto"
          RenderTableRow {TR} at (0,24) size 642x20
            RenderTableCell {TD} at (2,24) size 200x20 [border: (1px inset #808080)] [r=1 c=0 rs=1 cs=1]
              RenderText {#text} at (2,2) size 28x16
                text run at (2,2) width 28: "auto"
            RenderTableCell {TD} at (204,24) size 200x20 [border: (1px inset #808080)] [r=1 c=1 rs=1 cs=1]
              RenderText {#text} at (2,2) size 28x16
                text run at (2,2) width 28: "auto"
            RenderTableCell {TD} at (406,24) size 200x20 [border: (1px inset #808080)] [r=1 c=2 rs=1 cs=1]
              RenderText {#text} at (2,2) size 28x16
                text run at (2,2) width 28: "auto"
            RenderTableCell {TD} at (608,24) size 32x20 [border: (1px inset #808080)] [r=1 c=3 rs=1 cs=1]
              RenderText {#text} at (2,2) size 28x16
                text run at (2,2) width 28: "auto"
      RenderBlock (anonymous) at (0,1142) size 769x16
        RenderText {#text} at (0,0) size 297x16
          text run at (0,0) width 297: "fixed table - spanned cols based on fix widths "
        RenderBR {BR} at (296,12) size 1x0
      RenderBlock {HR} at (0,1166) size 402x2 [border: (1px inset #EEEEEE)]
      RenderTable {TABLE} at (0,1176) size 534x57 [bgcolor=#FFA500] [border: (1px outset #808080)]
        RenderTableSection {TBODY} at (1,1) size 532x55
          RenderTableRow {TR} at (0,5) size 532x20
            RenderTableCell {TD} at (5,5) size 413x20 [border: (1px inset #808080)] [r=0 c=0 rs=1 cs=2]
              RenderText {#text} at (2,2) size 52x16
                text run at (2,2) width 52: "400CS2"
            RenderTableCell {TD} at (423,5) size 104x20 [border: (1px inset #808080)] [r=0 c=2 rs=1 cs=1]
              RenderText {#text} at (2,2) size 24x16
                text run at (2,2) width 24: "100"
          RenderTableRow {TR} at (0,30) size 532x20
            RenderTableCell {TD} at (5,30) size 104x20 [border: (1px inset #808080)] [r=1 c=0 rs=1 cs=1]
              RenderText {#text} at (2,2) size 24x16
                text run at (2,2) width 24: "100"
            RenderTableCell {TD} at (114,30) size 304x20 [border: (1px inset #808080)] [r=1 c=1 rs=1 cs=1]
              RenderText {#text} at (2,2) size 24x16
                text run at (2,2) width 24: "300"
            RenderTableCell {TD} at (423,30) size 104x20 [border: (1px inset #808080)] [r=1 c=2 rs=1 cs=1]
              RenderText {#text} at (2,2) size 28x16
                text run at (2,2) width 28: "auto"
      RenderBlock (anonymous) at (0,1233) size 769x16
        RenderBR {BR} at (0,0) size 0x16
      RenderTable {TABLE} at (0,1249) size 342x57 [bgcolor=#808080] [border: (1px outset #808080)]
        RenderTableSection {TBODY} at (1,1) size 340x55
          RenderTableRow {TR} at (0,5) size 340x20
            RenderTableCell {TD} at (5,5) size 221x20 [border: (1px inset #808080)] [r=0 c=0 rs=1 cs=2]
              RenderText {#text} at (2,2) size 217x16
                text run at (2,2) width 217: "auto auto auto auto auto auto auto"
            RenderTableCell {TD} at (231,5) size 104x20 [border: (1px inset #808080)] [r=0 c=2 rs=1 cs=1]
              RenderText {#text} at (2,2) size 24x16
                text run at (2,2) width 24: "100"
          RenderTableRow {TR} at (0,30) size 340x20
            RenderTableCell {TD} at (5,30) size 72x20 [border: (1px inset #808080)] [r=1 c=0 rs=1 cs=1]
              RenderText {#text} at (2,2) size 28x16
                text run at (2,2) width 28: "auto"
            RenderTableCell {TD} at (82,30) size 144x20 [border: (1px inset #808080)] [r=1 c=1 rs=1 cs=1]
              RenderText {#text} at (2,2) size 60x16
                text run at (2,2) width 60: "auto auto"
            RenderTableCell {TD} at (231,30) size 104x20 [border: (1px inset #808080)] [r=1 c=2 rs=1 cs=1]
              RenderText {#text} at (2,2) size 28x16
                text run at (2,2) width 28: "auto"
      RenderBlock (anonymous) at (0,1306) size 769x16
        RenderBR {BR} at (0,0) size 0x16
      RenderTable {TABLE} at (0,1322) size 342x57 [bgcolor=#00FF00] [border: (1px outset #808080)]
        RenderTableSection {TBODY} at (1,1) size 340x55
          RenderTableRow {TR} at (0,5) size 340x20
            RenderTableCell {TD} at (5,5) size 221x20 [border: (1px inset #808080)] [r=0 c=0 rs=1 cs=2]
              RenderText {#text} at (2,2) size 217x16
                text run at (2,2) width 217: "auto auto auto auto auto auto auto"
            RenderTableCell {TD} at (231,5) size 104x20 [border: (1px inset #808080)] [r=0 c=2 rs=1 cs=1]
              RenderText {#text} at (2,2) size 24x16
                text run at (2,2) width 24: "100"
          RenderTableRow {TR} at (0,30) size 340x20
            RenderTableCell {TD} at (5,30) size 104x20 [border: (1px inset #808080)] [r=1 c=0 rs=1 cs=1]
              RenderText {#text} at (2,2) size 24x16
                text run at (2,2) width 24: "100"
            RenderTableCell {TD} at (114,30) size 112x20 [border: (1px inset #808080)] [r=1 c=1 rs=1 cs=1]
              RenderText {#text} at (2,2) size 60x16
                text run at (2,2) width 60: "auto auto"
            RenderTableCell {TD} at (231,30) size 104x20 [border: (1px inset #808080)] [r=1 c=2 rs=1 cs=1]
              RenderText {#text} at (2,2) size 28x16
                text run at (2,2) width 28: "auto"
      RenderBlock (anonymous) at (0,1379) size 769x16
        RenderBR {BR} at (0,0) size 0x16
      RenderTable {TABLE} at (0,1395) size 342x57 [border: (1px outset #808080)]
        RenderTableSection {TBODY} at (1,1) size 340x55
          RenderTableRow {TR} at (0,5) size 340x20
            RenderTableCell {TD} at (5,5) size 221x20 [border: (1px inset #808080)] [r=0 c=0 rs=1 cs=2]
              RenderText {#text} at (2,2) size 217x16
                text run at (2,2) width 217: "auto auto auto auto auto auto auto"
            RenderTableCell {TD} at (231,5) size 104x20 [border: (1px inset #808080)] [r=0 c=2 rs=1 cs=1]
              RenderText {#text} at (2,2) size 24x16
                text run at (2,2) width 24: "100"
          RenderTableRow {TR} at (0,30) size 340x20
            RenderTableCell {TD} at (5,30) size 104x20 [border: (1px inset #808080)] [r=1 c=0 rs=1 cs=1]
              RenderText {#text} at (2,2) size 24x16
                text run at (2,2) width 24: "100"
            RenderTableCell {TD} at (114,30) size 112x20 [border: (1px inset #808080)] [r=1 c=1 rs=1 cs=1]
              RenderText {#text} at (2,2) size 91x16
                text run at (2,2) width 91: "auto auto auto"
            RenderTableCell {TD} at (231,30) size 104x20 [border: (1px inset #808080)] [r=1 c=2 rs=1 cs=1]
              RenderText {#text} at (2,2) size 28x16
                text run at (2,2) width 28: "auto"
      RenderBlock (anonymous) at (0,1452) size 769x16
        RenderBR {BR} at (0,0) size 0x16
      RenderTable {TABLE} at (0,1468) size 388x57 [border: (1px outset #808080)]
        RenderTableSection {TBODY} at (1,1) size 386x55
          RenderTableRow {TR} at (0,5) size 386x20
            RenderTableCell {TD} at (5,5) size 267x20 [border: (1px inset #808080)] [r=0 c=0 rs=1 cs=2]
              RenderText {#text} at (2,2) size 217x16
                text run at (2,2) width 217: "auto auto auto auto auto auto auto"
            RenderTableCell {TD} at (277,5) size 104x20 [border: (1px inset #808080)] [r=0 c=2 rs=1 cs=1]
              RenderText {#text} at (2,2) size 24x16
                text run at (2,2) width 24: "100"
          RenderTableRow {TR} at (0,30) size 386x20
            RenderTableCell {TD} at (5,30) size 104x20 [border: (1px inset #808080)] [r=1 c=0 rs=1 cs=1]
              RenderText {#text} at (2,2) size 24x16
                text run at (2,2) width 24: "100"
            RenderTableCell {TD} at (114,30) size 158x20 [border: (1px inset #808080)] [r=1 c=1 rs=1 cs=1]
              RenderText {#text} at (2,2) size 154x16
                text run at (2,2) width 154: "auto auto auto auto auto"
            RenderTableCell {TD} at (277,30) size 104x20 [border: (1px inset #808080)] [r=1 c=2 rs=1 cs=1]
              RenderText {#text} at (2,2) size 28x16
                text run at (2,2) width 28: "auto"
      RenderBlock (anonymous) at (0,1525) size 769x16
        RenderBR {BR} at (0,0) size 0x16
      RenderTable {TABLE} at (0,1541) size 357x73 [border: (1px outset #808080)]
        RenderTableSection {TBODY} at (1,1) size 355x71
          RenderTableRow {TR} at (0,5) size 355x20
            RenderTableCell {TD} at (5,5) size 236x20 [border: (1px inset #808080)] [r=0 c=0 rs=1 cs=2]
              RenderText {#text} at (2,2) size 217x16
                text run at (2,2) width 217: "auto auto auto auto auto auto auto"
            RenderTableCell {TD} at (246,5) size 104x20 [border: (1px inset #808080)] [r=0 c=2 rs=1 cs=1]
              RenderText {#text} at (2,2) size 24x16
                text run at (2,2) width 24: "100"
          RenderTableRow {TR} at (0,30) size 355x36
            RenderTableCell {TD} at (5,30) size 104x36 [border: (1px inset #808080)] [r=1 c=0 rs=1 cs=1]
              RenderText {#text} at (2,2) size 80x32
                text run at (2,2) width 80: "100 100 100"
                text run at (2,18) width 24: "100"
            RenderTableCell {TD} at (114,38) size 127x20 [border: (1px inset #808080)] [r=1 c=1 rs=1 cs=1]
              RenderText {#text} at (2,2) size 123x16
                text run at (2,2) width 123: "auto auto auto auto"
            RenderTableCell {TD} at (246,38) size 104x20 [border: (1px inset #808080)] [r=1 c=2 rs=1 cs=1]
              RenderText {#text} at (2,2) size 28x16
                text run at (2,2) width 28: "auto"
      RenderBlock (anonymous) at (0,1614) size 769x16
        RenderBR {BR} at (0,0) size 0x16
      RenderTable {TABLE} at (0,1630) size 270x121 [border: (1px outset #808080)]
        RenderTableSection {TBODY} at (1,1) size 268x119
          RenderTableRow {TR} at (0,5) size 268x36
            RenderTableCell {TD} at (5,5) size 149x36 [border: (1px inset #808080)] [r=0 c=0 rs=1 cs=2]
              RenderText {#text} at (2,2) size 123x32
                text run at (2,2) width 123: "auto auto auto auto"
                text run at (2,18) width 91: "auto auto auto"
            RenderTableCell {TD} at (159,13) size 104x20 [border: (1px inset #808080)] [r=0 c=2 rs=1 cs=1]
              RenderText {#text} at (2,2) size 24x16
                text run at (2,2) width 24: "100"
          RenderTableRow {TR} at (0,46) size 268x68
            RenderTableCell {TD} at (5,62) size 104x36 [border: (1px inset #808080)] [r=1 c=0 rs=1 cs=1]
              RenderText {#text} at (2,2) size 80x32
                text run at (2,2) width 80: "100 100 100"
                text run at (2,18) width 24: "100"
            RenderTableCell {TD} at (114,46) size 40x68 [border: (1px inset #808080)] [r=1 c=1 rs=1 cs=1]
              RenderText {#text} at (2,2) size 28x64
                text run at (2,2) width 28: "auto"
                text run at (2,18) width 28: "auto"
                text run at (2,34) width 28: "auto"
                text run at (2,50) width 28: "auto"
            RenderTableCell {TD} at (159,70) size 104x20 [border: (1px inset #808080)] [r=1 c=2 rs=1 cs=1]
              RenderText {#text} at (2,2) size 28x16
                text run at (2,2) width 28: "auto"
      RenderBlock (anonymous) at (0,1751) size 769x16
        RenderBR {BR} at (0,0) size 0x16
      RenderTable {TABLE} at (0,1767) size 500x57 [bgcolor=#A52A2A] [border: (1px outset #808080)]
        RenderTableSection {TBODY} at (1,1) size 498x55
          RenderTableRow {TR} at (0,5) size 498x20
            RenderTableCell {TD} at (5,5) size 386x20 [border: (1px inset #808080)] [r=0 c=0 rs=1 cs=2]
              RenderText {#text} at (2,2) size 196x16
                text run at (2,2) width 196: "80% 80% 80% 80% 80% 80%"
            RenderTableCell {TD} at (396,5) size 97x20 [border: (1px inset #808080)] [r=0 c=2 rs=1 cs=1]
              RenderText {#text} at (2,2) size 28x16
                text run at (2,2) width 28: "auto"
          RenderTableRow {TR} at (0,30) size 498x20
            RenderTableCell {TD} at (5,30) size 292x20 [border: (1px inset #808080)] [r=1 c=0 rs=1 cs=1]
              RenderText {#text} at (2,2) size 24x16
                text run at (2,2) width 24: "100"
            RenderTableCell {TD} at (302,30) size 89x20 [border: (1px inset #808080)] [r=1 c=1 rs=1 cs=1]
              RenderText {#text} at (2,2) size 28x16
                text run at (2,2) width 28: "auto"
            RenderTableCell {TD} at (396,30) size 97x20 [border: (1px inset #808080)] [r=1 c=2 rs=1 cs=1]
              RenderText {#text} at (2,2) size 28x16
                text run at (2,2) width 28: "auto"
      RenderBlock (anonymous) at (0,1824) size 769x16
        RenderBR {BR} at (0,0) size 0x16
      RenderTable {TABLE} at (0,1840) size 500x57 [border: (1px outset #808080)]
        RenderTableSection {TBODY} at (1,1) size 498x55
          RenderTableRow {TR} at (0,5) size 498x20
            RenderTableCell {TD} at (5,5) size 386x20 [border: (1px inset #808080)] [r=0 c=0 rs=1 cs=2]
              RenderText {#text} at (2,2) size 196x16
                text run at (2,2) width 196: "80% 80% 80% 80% 80% 80%"
            RenderTableCell {TD} at (396,5) size 97x20 [border: (1px inset #808080)] [r=0 c=2 rs=1 cs=1]
              RenderText {#text} at (2,2) size 28x16
                text run at (2,2) width 28: "auto"
          RenderTableRow {TR} at (0,30) size 498x20
            RenderTableCell {TD} at (5,30) size 97x20 [border: (1px inset #808080)] [r=1 c=0 rs=1 cs=1]
              RenderText {#text} at (2,2) size 24x16
                text run at (2,2) width 24: "100"
            RenderTableCell {TD} at (107,30) size 284x20 [border: (1px inset #808080)] [r=1 c=1 rs=1 cs=1]
              RenderText {#text} at (2,2) size 24x16
                text run at (2,2) width 24: "300"
            RenderTableCell {TD} at (396,30) size 97x20 [border: (1px inset #808080)] [r=1 c=2 rs=1 cs=1]
              RenderText {#text} at (2,2) size 28x16
                text run at (2,2) width 28: "auto"
      RenderBlock (anonymous) at (0,1897) size 769x16
        RenderBR {BR} at (0,0) size 0x16
      RenderTable {TABLE} at (0,1913) size 500x57 [bgcolor=#808080] [border: (1px outset #808080)]
        RenderTableSection {TBODY} at (1,1) size 498x55
          RenderTableRow {TR} at (0,5) size 498x20
            RenderTableCell {TD} at (5,5) size 451x20 [border: (1px inset #808080)] [r=0 c=0 rs=1 cs=2]
              RenderText {#text} at (2,2) size 196x16
                text run at (2,2) width 196: "80% 80% 80% 80% 80% 80%"
            RenderTableCell {TD} at (461,5) size 32x20 [border: (1px inset #808080)] [r=0 c=2 rs=1 cs=1]
              RenderText {#text} at (2,2) size 28x16
                text run at (2,2) width 28: "auto"
          RenderTableRow {TR} at (0,30) size 498x20
            RenderTableCell {TD} at (5,30) size 149x20 [border: (1px inset #808080)] [r=1 c=0 rs=1 cs=1]
              RenderText {#text} at (2,2) size 30x16
                text run at (2,2) width 30: "33%"
            RenderTableCell {TD} at (159,30) size 297x20 [border: (1px inset #808080)] [r=1 c=1 rs=1 cs=1]
              RenderText {#text} at (2,2) size 30x16
                text run at (2,2) width 30: "66%"
            RenderTableCell {TD} at (461,30) size 32x20 [border: (1px inset #808080)] [r=1 c=2 rs=1 cs=1]
              RenderText {#text} at (2,2) size 28x16
                text run at (2,2) width 28: "auto"
      RenderTable {TABLE} at (0,1970) size 500x73 [bgcolor=#FFFF00] [border: (1px outset #808080)]
        RenderTableSection {TBODY} at (1,1) size 498x71
          RenderTableRow {TR} at (0,5) size 498x20
            RenderTableCell {TD} at (5,5) size 451x20 [border: (1px inset #808080)] [r=0 c=0 rs=1 cs=2]
              RenderText {#text} at (2,2) size 196x16
                text run at (2,2) width 196: "30% 30% 30% 30% 30% 30%"
            RenderTableCell {TD} at (461,5) size 32x20 [border: (1px inset #808080)] [r=0 c=2 rs=1 cs=1]
              RenderText {#text} at (2,2) size 28x16
                text run at (2,2) width 28: "auto"
          RenderTableRow {TR} at (0,30) size 498x36
            RenderTableCell {TD} at (5,30) size 149x36 [border: (1px inset #808080)] [r=1 c=0 rs=1 cs=1]
              RenderText {#text} at (2,2) size 130x32
                text run at (2,2) width 130: "33% 33% 33% 33%"
                text run at (2,18) width 96: "33% 33% 33%"
            RenderTableCell {TD} at (159,38) size 297x20 [border: (1px inset #808080)] [r=1 c=1 rs=1 cs=1]
              RenderText {#text} at (2,2) size 30x16
                text run at (2,2) width 30: "66%"
            RenderTableCell {TD} at (461,38) size 32x20 [border: (1px inset #808080)] [r=1 c=2 rs=1 cs=1]
              RenderText {#text} at (2,2) size 28x16
                text run at (2,2) width 28: "auto"
      RenderBlock (anonymous) at (0,2043) size 769x32
        RenderBR {BR} at (0,0) size 0x16
        RenderText {#text} at (0,16) size 161x16
          text run at (0,16) width 161: "PERCENT COLSPANS "
        RenderBR {BR} at (160,28) size 1x0
      RenderTable {TABLE} at (0,2075) size 500x57 [border: (1px outset #808080)]
        RenderTableSection {TBODY} at (1,1) size 498x55
          RenderTableRow {TR} at (0,5) size 498x20
            RenderTableCell {TD} at (5,5) size 367x20 [border: (1px inset #808080)] [r=0 c=0 rs=1 cs=2]
              RenderText {#text} at (2,2) size 196x16
                text run at (2,2) width 196: "90% 80% 80% 80% 80% 80%"
            RenderTableCell {TD} at (377,5) size 116x20 [border: (1px inset #808080)] [r=0 c=2 rs=1 cs=1]
              RenderText {#text} at (2,2) size 28x16
                text run at (2,2) width 28: "auto"
          RenderTableRow {TR} at (0,30) size 498x20
            RenderTableCell {TD} at (5,30) size 47x20 [border: (1px inset #808080)] [r=1 c=0 rs=1 cs=1]
              RenderText {#text} at (2,2) size 30x16
                text run at (2,2) width 30: "10%"
            RenderTableCell {TD} at (57,30) size 315x20 [border: (1px inset #808080)] [r=1 c=1 rs=1 cs=1]
              RenderText {#text} at (2,2) size 30x16
                text run at (2,2) width 30: "66%"
            RenderTableCell {TD} at (377,30) size 116x20 [border: (1px inset #808080)] [r=1 c=2 rs=1 cs=1]
              RenderText {#text} at (2,2) size 28x16
                text run at (2,2) width 28: "auto"
      RenderBlock (anonymous) at (0,2132) size 769x16
        RenderBR {BR} at (0,0) size 0x16
      RenderTable {TABLE} at (0,2148) size 500x73 [border: (1px outset #808080)]
        RenderTableSection {TBODY} at (1,1) size 498x71
          RenderTableRow {TR} at (0,5) size 498x20
            RenderTableCell {TD} at (5,5) size 451x20 [border: (1px inset #808080)] [r=0 c=0 rs=1 cs=2]
              RenderText {#text} at (2,2) size 196x16
                text run at (2,2) width 196: "90% 80% 80% 80% 80% 80%"
            RenderTableCell {TD} at (461,5) size 32x20 [border: (1px inset #808080)] [r=0 c=2 rs=1 cs=1]
              RenderText {#text} at (2,2) size 28x16
                text run at (2,2) width 28: "auto"
          RenderTableRow {TR} at (0,30) size 498x36
            RenderTableCell {TD} at (5,30) size 149x36 [border: (1px inset #808080)] [r=1 c=0 rs=1 cs=1]
              RenderText {#text} at (2,2) size 130x32
                text run at (2,2) width 130: "33% 33% 33% 33%"
                text run at (2,18) width 96: "33% 33% 33%"
            RenderTableCell {TD} at (159,38) size 297x20 [border: (1px inset #808080)] [r=1 c=1 rs=1 cs=1]
              RenderText {#text} at (2,2) size 30x16
                text run at (2,2) width 30: "66%"
            RenderTableCell {TD} at (461,38) size 32x20 [border: (1px inset #808080)] [r=1 c=2 rs=1 cs=1]
              RenderText {#text} at (2,2) size 28x16
                text run at (2,2) width 28: "auto"
      RenderBlock (anonymous) at (0,2221) size 769x16
        RenderBR {BR} at (0,0) size 0x16
      RenderTable {TABLE} at (0,2237) size 500x73 [border: (1px outset #808080)]
        RenderTableSection {TBODY} at (1,1) size 498x71
          RenderTableRow {TR} at (0,5) size 498x20
            RenderTableCell {TD} at (5,5) size 451x20 [border: (1px inset #808080)] [r=0 c=0 rs=1 cs=2]
              RenderText {#text} at (2,2) size 196x16
                text run at (2,2) width 196: "90% 80% 80% 80% 80% 80%"
            RenderTableCell {TD} at (461,5) size 32x20 [border: (1px inset #808080)] [r=0 c=2 rs=1 cs=1]
              RenderText {#text} at (2,2) size 28x16
                text run at (2,2) width 28: "auto"
          RenderTableRow {TR} at (0,30) size 498x36
            RenderTableCell {TD} at (5,38) size 293x20 [border: (1px inset #808080)] [r=1 c=0 rs=1 cs=1]
              RenderText {#text} at (2,2) size 30x16
                text run at (2,2) width 30: "66%"
            RenderTableCell {TD} at (303,30) size 153x36 [border: (1px inset #808080)] [r=1 c=1 rs=1 cs=1]
              RenderText {#text} at (2,2) size 130x32
                text run at (2,2) width 130: "66% 66% 66% 66%"
                text run at (2,18) width 63: "66% 66%"
            RenderTableCell {TD} at (461,38) size 32x20 [border: (1px inset #808080)] [r=1 c=2 rs=1 cs=1]
              RenderText {#text} at (2,2) size 28x16
                text run at (2,2) width 28: "auto"
      RenderBlock (anonymous) at (0,2310) size 769x16
        RenderBR {BR} at (0,0) size 0x16
      RenderTable {TABLE} at (0,2326) size 500x89 [border: (1px outset #808080)]
        RenderTableSection {TBODY} at (1,1) size 498x87
          RenderTableRow {TR} at (0,5) size 498x20
            RenderTableCell {TD} at (5,5) size 434x20 [border: (1px inset #808080)] [r=0 c=0 rs=1 cs=3]
              RenderText {#text} at (2,2) size 96x16
                text run at (2,2) width 96: "90% 90% 90%"
            RenderTableCell {TD} at (444,5) size 49x20 [border: (1px inset #808080)] [r=0 c=3 rs=1 cs=1]
              RenderText {#text} at (2,2) size 28x16
                text run at (2,2) width 28: "auto"
          RenderTableRow {TR} at (0,30) size 498x52
            RenderTableCell {TD} at (5,46) size 70x20 [border: (1px inset #808080)] [r=1 c=0 rs=1 cs=1]
              RenderText {#text} at (2,2) size 28x16
                text run at (2,2) width 28: "auto"
            RenderTableCell {TD} at (80,46) size 144x20 [border: (1px inset #808080)] [r=1 c=1 rs=1 cs=1]
              RenderText {#text} at (2,2) size 61x16
                text run at (2,2) width 61: "auto-auto"
            RenderTableCell {TD} at (229,46) size 210x20 [border: (1px inset #808080)] [r=1 c=2 rs=1 cs=1]
              RenderText {#text} at (2,2) size 91x16
                text run at (2,2) width 91: "auto auto auto"
            RenderTableCell {TD} at (444,30) size 49x52 [border: (1px inset #808080)] [r=1 c=3 rs=1 cs=1]
              RenderText {#text} at (2,2) size 28x48
                text run at (2,2) width 28: "auto"
                text run at (2,18) width 28: "auto"
                text run at (2,34) width 28: "auto"
      RenderBlock (anonymous) at (0,2415) size 769x16
        RenderBR {BR} at (0,0) size 0x16
      RenderTable {TABLE} at (0,2431) size 500x82 [border: (1px outset #808080)]
        RenderTableSection {TBODY} at (1,1) size 498x80
          RenderTableRow {TR} at (0,5) size 498x20
            RenderTableCell {TD} at (5,5) size 435x20 [border: (1px inset #808080)] [r=0 c=0 rs=1 cs=2]
              RenderText {#text} at (2,2) size 96x16
                text run at (2,2) width 96: "90% 90% 90%"
            RenderTableCell {TD} at (445,5) size 48x20 [border: (1px inset #808080)] [r=0 c=2 rs=1 cs=1]
              RenderText {#text} at (2,2) size 28x16
                text run at (2,2) width 28: "auto"
          RenderTableRow {TR} at (0,30) size 498x20
            RenderTableCell {TD} at (5,30) size 215x20 [border: (1px inset #808080)] [r=1 c=0 rs=1 cs=1]
              RenderText {#text} at (2,2) size 28x16
                text run at (2,2) width 28: "auto"
            RenderTableCell {TD} at (225,30) size 215x20 [border: (1px inset #808080)] [r=1 c=1 rs=1 cs=1]
              RenderText {#text} at (2,2) size 28x16
                text run at (2,2) width 28: "auto"
            RenderTableCell {TD} at (445,30) size 48x20 [border: (1px inset #808080)] [r=1 c=2 rs=1 cs=1]
              RenderText {#text} at (2,2) size 28x16
                text run at (2,2) width 28: "auto"
          RenderTableRow {TR} at (0,55) size 498x20
            RenderTableCell {TD} at (5,55) size 215x20 [border: (1px inset #808080)] [r=2 c=0 rs=1 cs=1]
              RenderText {#text} at (2,2) size 28x16
                text run at (2,2) width 28: "auto"
            RenderTableCell {TD} at (225,55) size 268x20 [border: (1px inset #808080)] [r=2 c=1 rs=1 cs=2]
              RenderText {#text} at (2,2) size 96x16
                text run at (2,2) width 96: "90% 90% 90%"
      RenderBlock (anonymous) at (0,2513) size 769x16
        RenderBR {BR} at (0,0) size 0x16
      RenderTable {TABLE} at (0,2529) size 500x82 [border: (1px outset #808080)]
        RenderTableSection {TBODY} at (1,1) size 498x80
          RenderTableRow {TR} at (0,5) size 498x20
            RenderTableCell {TD} at (5,5) size 436x20 [border: (1px inset #808080)] [r=0 c=0 rs=1 cs=2]
              RenderText {#text} at (2,2) size 96x16
                text run at (2,2) width 96: "90% 90% 90%"
            RenderTableCell {TD} at (446,5) size 47x20 [border: (1px inset #808080)] [r=0 c=2 rs=1 cs=1]
              RenderText {#text} at (2,2) size 28x16
                text run at (2,2) width 28: "auto"
          RenderTableRow {TR} at (0,30) size 498x20
            RenderTableCell {TD} at (5,30) size 287x20 [border: (1px inset #808080)] [r=1 c=0 rs=1 cs=1]
              RenderText {#text} at (2,2) size 28x16
                text run at (2,2) width 28: "auto"
            RenderTableCell {TD} at (297,30) size 144x20 [border: (1px inset #808080)] [r=1 c=1 rs=1 cs=1]
              RenderText {#text} at (2,2) size 28x16
                text run at (2,2) width 28: "auto"
            RenderTableCell {TD} at (446,30) size 47x20 [border: (1px inset #808080)] [r=1 c=2 rs=1 cs=1]
              RenderText {#text} at (2,2) size 30x16
                text run at (2,2) width 30: "60%"
          RenderTableRow {TR} at (0,55) size 498x20
            RenderTableCell {TD} at (5,55) size 287x20 [border: (1px inset #808080)] [r=2 c=0 rs=1 cs=1]
              RenderText {#text} at (2,2) size 28x16
                text run at (2,2) width 28: "auto"
            RenderTableCell {TD} at (297,55) size 196x20 [border: (1px inset #808080)] [r=2 c=1 rs=1 cs=2]
              RenderText {#text} at (2,2) size 96x16
                text run at (2,2) width 96: "90% 90% 90%"
      RenderBlock (anonymous) at (0,2611) size 769x16
        RenderBR {BR} at (0,0) size 0x16
      RenderTable {TABLE} at (0,2627) size 500x82 [border: (1px outset #808080)]
        RenderTableSection {TBODY} at (1,1) size 498x80
          RenderTableRow {TR} at (0,5) size 498x20
            RenderTableCell {TD} at (5,5) size 436x20 [border: (1px inset #808080)] [r=0 c=0 rs=1 cs=2]
              RenderText {#text} at (2,2) size 96x16
                text run at (2,2) width 96: "90% 90% 90%"
            RenderTableCell {TD} at (446,5) size 47x20 [border: (1px inset #808080)] [r=0 c=2 rs=1 cs=1]
              RenderText {#text} at (2,2) size 30x16
                text run at (2,2) width 30: "60%"
          RenderTableRow {TR} at (0,30) size 498x20
            RenderTableCell {TD} at (5,30) size 287x20 [border: (1px inset #808080)] [r=1 c=0 rs=1 cs=1]
              RenderText {#text} at (2,2) size 28x16
                text run at (2,2) width 28: "auto"
            RenderTableCell {TD} at (297,30) size 144x20 [border: (1px inset #808080)] [r=1 c=1 rs=1 cs=1]
              RenderText {#text} at (2,2) size 28x16
                text run at (2,2) width 28: "auto"
            RenderTableCell {TD} at (446,30) size 47x20 [border: (1px inset #808080)] [r=1 c=2 rs=1 cs=1]
              RenderText {#text} at (2,2) size 28x16
                text run at (2,2) width 28: "auto"
          RenderTableRow {TR} at (0,55) size 498x20
            RenderTableCell {TD} at (5,55) size 287x20 [border: (1px inset #808080)] [r=2 c=0 rs=1 cs=1]
              RenderText {#text} at (2,2) size 28x16
                text run at (2,2) width 28: "auto"
            RenderTableCell {TD} at (297,55) size 196x20 [border: (1px inset #808080)] [r=2 c=1 rs=1 cs=2]
              RenderText {#text} at (2,2) size 96x16
                text run at (2,2) width 96: "90% 90% 90%"
      RenderBlock (anonymous) at (0,2709) size 769x16
        RenderBR {BR} at (0,0) size 0x16
      RenderTable {TABLE} at (0,2725) size 500x73 [border: (1px outset #808080)]
        RenderTableSection {TBODY} at (1,1) size 498x71
          RenderTableRow {TR} at (0,5) size 498x20
            RenderTableCell {TD} at (5,5) size 449x20 [border: (1px inset #808080)] [r=0 c=0 rs=1 cs=2]
              RenderText {#text} at (2,2) size 196x16
                text run at (2,2) width 196: "90% 80% 80% 80% 80% 80%"
            RenderTableCell {TD} at (459,5) size 34x20 [border: (1px inset #808080)] [r=0 c=2 rs=1 cs=1]
              RenderText {#text} at (2,2) size 28x16
                text run at (2,2) width 28: "auto"
          RenderTableRow {TR} at (0,30) size 498x36
            RenderTableCell {TD} at (5,38) size 291x20 [border: (1px inset #808080)] [r=1 c=0 rs=1 cs=1]
              RenderText {#text} at (2,2) size 30x16
                text run at (2,2) width 30: "66%"
            RenderTableCell {TD} at (301,30) size 153x36 [border: (1px inset #808080)] [r=1 c=1 rs=1 cs=1]
              RenderText {#text} at (2,2) size 130x32
                text run at (2,2) width 130: "66% 66% 66% 66%"
                text run at (2,18) width 63: "66% 66%"
            RenderTableCell {TD} at (459,38) size 34x20 [border: (1px inset #808080)] [r=1 c=2 rs=1 cs=1]
              RenderText {#text} at (2,2) size 30x16
                text run at (2,2) width 30: "50%"
      RenderBlock (anonymous) at (0,2798) size 769x16
        RenderBR {BR} at (0,0) size 0x16
      RenderTable {TABLE} at (0,2814) size 500x57 [border: (1px outset #808080)]
        RenderTableSection {TBODY} at (1,1) size 498x55
          RenderTableRow {TR} at (0,5) size 498x20
            RenderTableCell {TD} at (5,5) size 435x20 [border: (1px inset #808080)] [r=0 c=0 rs=1 cs=2]
              RenderText {#text} at (2,2) size 196x16
                text run at (2,2) width 196: "90% 80% 80% 80% 80% 80%"
            RenderTableCell {TD} at (445,5) size 48x20 [border: (1px inset #808080)] [r=0 c=2 rs=1 cs=1]
              RenderText {#text} at (2,2) size 28x16
                text run at (2,2) width 28: "auto"
          RenderTableRow {TR} at (0,30) size 498x20
            RenderTableCell {TD} at (5,30) size 144x20 [border: (1px inset #808080)] [r=1 c=0 rs=1 cs=1]
              RenderText {#text} at (2,2) size 28x16
                text run at (2,2) width 28: "auto"
            RenderTableCell {TD} at (154,30) size 286x20 [border: (1px inset #808080)] [r=1 c=1 rs=1 cs=1]
              RenderText {#text} at (2,2) size 60x16
                text run at (2,2) width 60: "auto auto"
            RenderTableCell {TD} at (445,30) size 48x20 [border: (1px inset #808080)] [r=1 c=2 rs=1 cs=1]
              RenderText {#text} at (2,2) size 30x16
                text run at (2,2) width 30: "50%"
      RenderBlock (anonymous) at (0,2871) size 769x16
        RenderBR {BR} at (0,0) size 0x16
      RenderTable {TABLE} at (0,2887) size 500x57 [border: (1px outset #808080)]
        RenderTableSection {TBODY} at (1,1) size 498x55
          RenderTableRow {TR} at (0,5) size 498x20
            RenderTableCell {TD} at (5,5) size 435x20 [border: (1px inset #808080)] [r=0 c=0 rs=1 cs=2]
              RenderText {#text} at (2,2) size 196x16
                text run at (2,2) width 196: "90% 90% 90% 90% 90% 90%"
            RenderTableCell {TD} at (445,5) size 48x20 [border: (1px inset #808080)] [r=0 c=2 rs=1 cs=1]
              RenderText {#text} at (2,2) size 28x16
                text run at (2,2) width 28: "auto"
          RenderTableRow {TR} at (0,30) size 498x20
            RenderTableCell {TD} at (5,30) size 142x20 [border: (1px inset #808080)] [r=1 c=0 rs=1 cs=1]
              RenderText {#text} at (2,2) size 28x16
                text run at (2,2) width 28: "auto"
            RenderTableCell {TD} at (152,30) size 288x20 [border: (1px inset #808080)] [r=1 c=1 rs=1 cs=1]
              RenderText {#text} at (2,2) size 61x16
                text run at (2,2) width 61: "auto-auto"
            RenderTableCell {TD} at (445,30) size 48x20 [border: (1px inset #808080)] [r=1 c=2 rs=1 cs=1]
              RenderText {#text} at (2,2) size 30x16
                text run at (2,2) width 30: "50%"
      RenderBlock (anonymous) at (0,2944) size 769x16
        RenderBR {BR} at (0,0) size 0x16
      RenderTable {TABLE} at (0,2960) size 500x57 [border: (1px outset #808080)]
        RenderTableSection {TBODY} at (1,1) size 498x55
          RenderTableRow {TR} at (0,5) size 498x20
            RenderTableCell {TD} at (5,5) size 435x20 [border: (1px inset #808080)] [r=0 c=0 rs=1 cs=2]
              RenderText {#text} at (2,2) size 196x16
                text run at (2,2) width 196: "90% 90% 90% 90% 90% 90%"
            RenderTableCell {TD} at (445,5) size 48x20 [border: (1px inset #808080)] [r=0 c=2 rs=1 cs=1]
              RenderText {#text} at (2,2) size 28x16
                text run at (2,2) width 28: "auto"
          RenderTableRow {TR} at (0,30) size 498x20
            RenderTableCell {TD} at (5,30) size 287x20 [border: (1px inset #808080)] [r=1 c=0 rs=1 cs=1]
              RenderText {#text} at (2,2) size 30x16
                text run at (2,2) width 30: "60%"
            RenderTableCell {TD} at (297,30) size 143x20 [border: (1px inset #808080)] [r=1 c=1 rs=1 cs=1]
              RenderText {#text} at (2,2) size 61x16
                text run at (2,2) width 61: "auto-auto"
            RenderTableCell {TD} at (445,30) size 48x20 [border: (1px inset #808080)] [r=1 c=2 rs=1 cs=1]
              RenderText {#text} at (2,2) size 30x16
                text run at (2,2) width 30: "50%"
      RenderBlock (anonymous) at (0,3017) size 769x16
        RenderBR {BR} at (0,0) size 0x16
      RenderTable {TABLE} at (0,3033) size 500x89 [border: (1px outset #808080)]
        RenderTableSection {TBODY} at (1,1) size 498x87
          RenderTableRow {TR} at (0,5) size 498x20
            RenderTableCell {TD} at (5,5) size 435x20 [border: (1px inset #808080)] [r=0 c=0 rs=1 cs=2]
              RenderText {#text} at (2,2) size 196x16
                text run at (2,2) width 196: "90% 90% 90% 90% 90% 90%"
            RenderTableCell {TD} at (445,5) size 48x20 [border: (1px inset #808080)] [r=0 c=2 rs=1 cs=1]
              RenderText {#text} at (2,2) size 28x16
                text run at (2,2) width 28: "auto"
          RenderTableRow {TR} at (0,30) size 498x52
            RenderTableCell {TD} at (5,30) size 26x52 [border: (1px inset #808080)] [r=1 c=0 rs=1 cs=1]
              RenderText {#text} at (2,2) size 22x48
                text run at (2,2) width 22: "5%"
                text run at (2,18) width 22: "5%"
                text run at (2,34) width 22: "5%"
            RenderTableCell {TD} at (36,46) size 404x20 [border: (1px inset #808080)] [r=1 c=1 rs=1 cs=1]
              RenderText {#text} at (2,2) size 61x16
                text run at (2,2) width 61: "auto-auto"
            RenderTableCell {TD} at (445,46) size 48x20 [border: (1px inset #808080)] [r=1 c=2 rs=1 cs=1]
              RenderText {#text} at (2,2) size 30x16
                text run at (2,2) width 30: "50%"
      RenderBlock (anonymous) at (0,3122) size 769x16
        RenderBR {BR} at (0,0) size 0x16
      RenderTable {TABLE} at (0,3138) size 500x89 [border: (1px outset #808080)]
        RenderTableSection {TBODY} at (1,1) size 498x87
          RenderTableRow {TR} at (0,5) size 498x52
            RenderTableCell {TD} at (5,5) size 78x52 [border: (1px inset #808080)] [r=0 c=0 rs=1 cs=2]
              RenderText {#text} at (2,2) size 63x48
                text run at (2,2) width 63: "90% 90%"
                text run at (2,18) width 63: "90% 90%"
                text run at (2,34) width 63: "90% 90%"
            RenderTableCell {TD} at (88,21) size 405x20 [border: (1px inset #808080)] [r=0 c=2 rs=1 cs=1]
              RenderText {#text} at (2,2) size 28x16
                text run at (2,2) width 28: "auto"
          RenderTableRow {TR} at (0,62) size 498x20
            RenderTableCell {TD} at (5,62) size 26x20 [border: (1px inset #808080)] [r=1 c=0 rs=1 cs=1]
              RenderText {#text} at (2,2) size 22x16
                text run at (2,2) width 22: "5%"
            RenderTableCell {TD} at (36,62) size 47x20 [border: (1px inset #808080)] [r=1 c=1 rs=1 cs=1]
              RenderText {#text} at (2,2) size 30x16
                text run at (2,2) width 30: "10%"
            RenderTableCell {TD} at (88,62) size 405x20 [border: (1px inset #808080)] [r=1 c=2 rs=1 cs=1]
              RenderText {#text} at (2,2) size 28x16
                text run at (2,2) width 28: "auto"
      RenderBlock (anonymous) at (0,3227) size 769x16
        RenderBR {BR} at (0,0) size 0x16
      RenderTable {TABLE} at (0,3243) size 500x57 [border: (1px outset #808080)]
        RenderTableSection {TBODY} at (1,1) size 498x55
          RenderTableRow {TR} at (0,5) size 498x20
            RenderTableCell {TD} at (5,5) size 434x20 [border: (1px inset #808080)] [r=0 c=0 rs=1 cs=2]
              RenderText {#text} at (2,2) size 196x16
                text run at (2,2) width 196: "90% 90% 90% 90% 90% 90%"
            RenderTableCell {TD} at (444,5) size 49x20 [border: (1px inset #808080)] [r=0 c=2 rs=1 cs=1]
              RenderText {#text} at (2,2) size 28x16
                text run at (2,2) width 28: "auto"
          RenderTableRow {TR} at (0,30) size 498x20
            RenderTableCell {TD} at (5,30) size 195x20 [border: (1px inset #808080)] [r=1 c=0 rs=1 cs=1]
              RenderText {#text} at (2,2) size 16x16
                text run at (2,2) width 16: "10"
            RenderTableCell {TD} at (205,30) size 234x20 [border: (1px inset #808080)] [r=1 c=1 rs=1 cs=1]
              RenderText {#text} at (2,2) size 16x16
                text run at (2,2) width 16: "20"
            RenderTableCell {TD} at (444,30) size 49x20 [border: (1px inset #808080)] [r=1 c=2 rs=1 cs=1]
              RenderText {#text} at (2,2) size 28x16
                text run at (2,2) width 28: "auto"
      RenderBlock (anonymous) at (0,3300) size 769x16
        RenderBR {BR} at (0,0) size 0x16
      RenderTable {TABLE} at (0,3316) size 500x73 [border: (1px outset #808080)]
        RenderTableSection {TBODY} at (1,1) size 498x71
          RenderTableRow {TR} at (0,5) size 498x20
            RenderTableCell {TD} at (5,5) size 391x20 [border: (1px inset #808080)] [r=0 c=0 rs=1 cs=2]
              RenderText {#text} at (2,2) size 163x16
                text run at (2,2) width 163: "50% 50% 50% 50% 50%"
            RenderTableCell {TD} at (401,5) size 92x20 [border: (1px inset #808080)] [r=0 c=2 rs=1 cs=1]
              RenderText {#text} at (2,2) size 28x16
                text run at (2,2) width 28: "auto"
          RenderTableRow {TR} at (0,30) size 498x36
            RenderTableCell {TD} at (5,38) size 354x20 [border: (1px inset #808080)] [r=1 c=0 rs=1 cs=1]
              RenderText {#text} at (2,2) size 30x16
                text run at (2,2) width 30: "80%"
            RenderTableCell {TD} at (364,30) size 32x36 [border: (1px inset #808080)] [r=1 c=1 rs=1 cs=1]
              RenderText {#text} at (2,2) size 28x32
                text run at (2,2) width 28: "auto"
                text run at (2,18) width 28: "auto"
            RenderTableCell {TD} at (401,38) size 92x20 [border: (1px inset #808080)] [r=1 c=2 rs=1 cs=1]
              RenderText {#text} at (2,2) size 30x16
                text run at (2,2) width 30: "50%"
      RenderBlock (anonymous) at (0,3389) size 769x16
        RenderBR {BR} at (0,0) size 0x16
      RenderTable {TABLE} at (0,3405) size 500x57 [border: (1px outset #808080)]
        RenderTableSection {TBODY} at (1,1) size 498x55
          RenderTableRow {TR} at (0,5) size 498x20
            RenderTableCell {TD} at (5,5) size 434x20 [border: (1px inset #808080)] [r=0 c=0 rs=1 cs=2]
              RenderText {#text} at (2,2) size 163x16
                text run at (2,2) width 163: "90% 50% 50% 50% 50%"
            RenderTableCell {TD} at (444,5) size 49x20 [border: (1px inset #808080)] [r=0 c=2 rs=1 cs=1]
              RenderText {#text} at (2,2) size 28x16
                text run at (2,2) width 28: "auto"
          RenderTableRow {TR} at (0,30) size 498x20
            RenderTableCell {TD} at (5,30) size 224x20 [border: (1px inset #808080)] [r=1 c=0 rs=1 cs=1]
              RenderText {#text} at (2,2) size 24x16
                text run at (2,2) width 24: "100"
            RenderTableCell {TD} at (234,30) size 205x20 [border: (1px inset #808080)] [r=1 c=1 rs=1 cs=1]
              RenderText {#text} at (2,2) size 91x16
                text run at (2,2) width 91: "auto auto auto"
            RenderTableCell {TD} at (444,30) size 49x20 [border: (1px inset #808080)] [r=1 c=2 rs=1 cs=1]
              RenderText {#text} at (2,2) size 28x16
                text run at (2,2) width 28: "auto"
      RenderBlock (anonymous) at (0,3462) size 769x32
        RenderBR {BR} at (0,0) size 0x16
        RenderBR {BR} at (0,16) size 0x16
      RenderBlock {HR} at (0,3502) size 602x2 [border: (1px inset #EEEEEE)]
      RenderTable {TABLE} at (0,3512) size 647x141 [border: (1px outset #808080)]
        RenderTableSection {TBODY} at (1,1) size 645x139
          RenderTableRow {TR} at (0,5) size 645x104
            RenderTableCell {TD} at (5,5) size 604x104 [border: (1px inset #808080)] [r=0 c=0 rs=1 cs=3]
              RenderImage {IMG} at (2,2) size 600x100
            RenderTableCell {TD} at (614,47) size 26x20 [border: (1px inset #808080)] [r=0 c=3 rs=1 cs=1]
              RenderText {#text} at (2,2) size 22x16
                text run at (2,2) width 22: "foo"
          RenderTableRow {TR} at (0,114) size 645x20
            RenderTableCell {TD} at (5,114) size 104x20 [border: (1px inset #808080)] [r=1 c=0 rs=1 cs=1]
              RenderText {#text} at (2,2) size 22x16
                text run at (2,2) width 22: "foo"
            RenderTableCell {TD} at (114,114) size 104x20 [border: (1px inset #808080)] [r=1 c=1 rs=1 cs=1]
              RenderText {#text} at (2,2) size 21x16
                text run at (2,2) width 21: "bar"
            RenderTableCell {TD} at (223,114) size 386x20 [border: (1px inset #808080)] [r=1 c=2 rs=1 cs=1]
              RenderText {#text} at (2,2) size 22x16
                text run at (2,2) width 22: "foo"
            RenderTableCell {TD} at (614,114) size 26x20 [border: (1px inset #808080)] [r=1 c=3 rs=1 cs=1]
              RenderText {#text} at (2,2) size 21x16
                text run at (2,2) width 21: "bar"
      RenderBlock (anonymous) at (0,3653) size 769x32
        RenderBR {BR} at (0,0) size 0x16
        RenderText {#text} at (0,16) size 511x16
          text run at (0,16) width 511: "1st cell with colspan=3 fixed at 600, 1st 2 cells in 2nd row fixed at 100, 2nd not"
      RenderTable {TABLE} at (0,3685) size 638x48 [border: (1px outset #808080)]
        RenderTableSection {TBODY} at (1,1) size 636x46
          RenderTableRow {TR} at (0,2) size 636x20
            RenderTableCell {TD} at (2,2) size 513x20 [border: (1px inset #808080)] [r=0 c=0 rs=1 cs=3]
              RenderText {#text} at (2,2) size 22x16
                text run at (2,2) width 22: "foo"
            RenderTableCell {TD} at (517,2) size 117x20 [border: (1px inset #808080)] [r=0 c=3 rs=1 cs=1]
              RenderText {#text} at (2,2) size 22x16
                text run at (2,2) width 22: "foo"
          RenderTableRow {TR} at (0,24) size 636x20
            RenderTableCell {TD} at (2,24) size 104x20 [border: (1px inset #808080)] [r=1 c=0 rs=1 cs=1]
              RenderText {#text} at (2,2) size 22x16
                text run at (2,2) width 22: "foo"
            RenderTableCell {TD} at (108,24) size 104x20 [border: (1px inset #808080)] [r=1 c=1 rs=1 cs=1]
              RenderText {#text} at (2,2) size 21x16
                text run at (2,2) width 21: "bar"
            RenderTableCell {TD} at (214,24) size 301x20 [border: (1px inset #808080)] [r=1 c=2 rs=1 cs=1]
              RenderText {#text} at (2,2) size 22x16
                text run at (2,2) width 22: "foo"
            RenderTableCell {TD} at (517,24) size 117x20 [border: (1px inset #808080)] [r=1 c=3 rs=1 cs=1]
              RenderText {#text} at (2,2) size 21x16
                text run at (2,2) width 21: "bar"
      RenderBlock (anonymous) at (0,3733) size 769x16
        RenderBR {BR} at (0,0) size 0x16
      RenderTable {TABLE} at (0,3749) size 26x20 [border: (1px outset #808080)]
        RenderTableCol {COLGROUP} at (0,0) size 0x0
          RenderTableCol {COL} at (0,0) size 0x0 [bgcolor=#FF0000]
          RenderTableCol {COL} at (0,0) size 0x0 [bgcolor=#0000FF]
        RenderTableSection {TBODY} at (1,1) size 24x18
          RenderTableRow {TR} at (0,0) size 24x18
            RenderTableCell {TD} at (0,0) size 24x18 [border: (1px inset #808080)] [r=0 c=0 rs=1 cs=2]
              RenderText {#text} at (1,1) size 22x16
                text run at (1,1) width 22: "foo"
      RenderBlock (anonymous) at (0,3769) size 769x16
        RenderBR {BR} at (0,0) size 0x16
      RenderTable {TABLE} at (0,3785) size 86x48 [border: (1px outset #808080)]
        RenderTableSection {TBODY} at (1,1) size 84x46
          RenderTableRow {TR} at (0,2) size 84x20
            RenderTableCell {TD} at (2,2) size 53x20 [border: (1px inset #808080)] [r=0 c=0 rs=1 cs=3]
              RenderText {#text} at (2,2) size 22x16
                text run at (2,2) width 22: "foo"
            RenderTableCell {TD} at (57,2) size 25x20 [border: (1px inset #808080)] [r=0 c=3 rs=1 cs=1]
              RenderText {#text} at (2,2) size 21x16
                text run at (2,2) width 21: "bar"
          RenderTableRow {TR} at (0,24) size 84x20
            RenderTableCell {TD} at (2,24) size 26x20 [border: (1px inset #808080)] [r=1 c=0 rs=1 cs=2]
              RenderText {#text} at (2,2) size 22x16
                text run at (2,2) width 22: "foo"
            RenderTableCell {TD} at (30,24) size 25x20 [border: (1px inset #808080)] [r=1 c=2 rs=1 cs=1]
              RenderText {#text} at (2,2) size 21x16
                text run at (2,2) width 21: "bar"
      RenderBlock (anonymous) at (0,3833) size 769x16
        RenderBR {BR} at (0,0) size 0x16
      RenderTable {TABLE} at (0,3849) size 769x54 [border: (1px outset #808080)]
        RenderTableSection {TBODY} at (1,1) size 767x52
          RenderTableRow {TR} at (0,0) size 767x26 [bgcolor=#CCCCFF]
            RenderTableCell {TD} at (0,0) size 767x26 [border: (1px inset #808080)] [r=0 c=0 rs=1 cs=3]
              RenderText {#text} at (738,5) size 24x16
                text run at (738,5) width 24: "edit"
          RenderTableRow {TR} at (0,26) size 767x26
            RenderTableCell {TD} at (0,26) size 460x26 [bgcolor=#DCDCDC] [border: (1px inset #808080)] [r=1 c=0 rs=1 cs=2]
              RenderText {#text} at (5,5) size 167x16
                text run at (5,5) width 167: "Top Stories from Reuters "
            RenderTableCell {TD} at (460,26) size 307x26 [bgcolor=#DCDCDC] [border: (1px inset #808080)] [r=1 c=2 rs=1 cs=1]
              RenderText {#text} at (194,5) size 108x16
                text run at (194,5) width 108: "Jun 11 12:30pm "
      RenderBlock (anonymous) at (0,3903) size 769x16
        RenderBR {BR} at (0,0) size 0x16
      RenderTable {TABLE} at (0,3919) size 200x32 [bgcolor=#FFFF00] [border: (1px outset #808080)]
        RenderTableSection {TBODY} at (1,1) size 198x30
          RenderTableRow {TR} at (0,2) size 198x26
            RenderTableCell {TD} at (2,5) size 87x20 [border: (1px inset #808080)] [r=0 c=0 rs=1 cs=1]
              RenderText {#text} at (2,2) size 22x16
                text run at (2,2) width 22: "foo"
            RenderTableCell {TD} at (91,2) size 105x26 [border: (1px inset #808080)] [r=0 c=1 rs=1 cs=1]
              RenderTable {TABLE} at (2,2) size 27x22 [bgcolor=#FFA500]
                RenderTableSection {TBODY} at (0,0) size 27x22
                  RenderTableRow {TR} at (0,2) size 27x18
                    RenderTableCell {TD} at (2,2) size 23x18 [r=0 c=0 rs=1 cs=1]
                      RenderText {#text} at (1,1) size 21x16
                        text run at (1,1) width 21: "bar"
      RenderBlock (anonymous) at (0,3951) size 769x16
        RenderBR {BR} at (0,0) size 0x16
      RenderTable {TABLE} at (0,3967) size 81x32 [border: (1px outset #808080)]
        RenderTableSection {TBODY} at (1,1) size 79x30
          RenderTableRow {TR} at (0,5) size 79x20
            RenderTableCell {TD} at (5,5) size 32x20 [border: (1px inset #808080)] [r=0 c=0 rs=1 cs=3]
              RenderText {#text} at (2,2) size 28x16
                text run at (2,2) width 28: "auto"
            RenderTableCell {TD} at (42,5) size 32x20 [border: (1px inset #808080)] [r=0 c=3 rs=1 cs=1]
              RenderText {#text} at (2,2) size 28x16
                text run at (2,2) width 28: "auto"
      RenderBlock (anonymous) at (0,3999) size 769x16
        RenderText {#text} at (0,0) size 469x16
          text run at (0,0) width 469: "min colspan is based on min with no fix involved - IE uses max(min,des)"
      RenderTable {TABLE} at (0,4015) size 162x48 [border: (1px outset #808080)]
        RenderTableSection {TBODY} at (1,1) size 160x46
          RenderTableRow {TR} at (0,2) size 160x20
            RenderTableCell {TD} at (2,2) size 156x20 [border: (1px inset #808080)] [r=0 c=0 rs=1 cs=2]
              RenderText {#text} at (2,2) size 152x16
                text run at (2,2) width 152: "xxxxxxxxxxxxxxxxxxx"
          RenderTableRow {TR} at (0,24) size 160x20
            RenderTableCell {TD} at (2,24) size 97x20 [border: (1px inset #808080)] [r=1 c=0 rs=1 cs=1]
              RenderText {#text} at (2,2) size 44x16
                text run at (2,2) width 44: "x x x x"
            RenderTableCell {TD} at (101,24) size 57x20 [border: (1px inset #808080)] [r=1 c=1 rs=1 cs=1]
              RenderText {#text} at (2,2) size 24x16
                text run at (2,2) width 24: "xxx"
      RenderBlock (anonymous) at (0,4063) size 769x32
        RenderBR {BR} at (0,0) size 0x16
        RenderText {#text} at (0,16) size 287x16
          text run at (0,16) width 287: "adj min is based on min with no fix involved"
      RenderTable {TABLE} at (0,4095) size 218x64 [border: (1px outset #808080)]
        RenderTableSection {TBODY} at (1,1) size 216x62
          RenderTableRow {TR} at (0,2) size 216x20
            RenderTableCell {TD} at (2,2) size 212x20 [border: (1px inset #808080)] [r=0 c=0 rs=1 cs=2]
              RenderText {#text} at (2,2) size 208x16
                text run at (2,2) width 208: "xxxxxxxxxxxxxxxxxxxyyyyyyy"
          RenderTableRow {TR} at (0,24) size 216x36
            RenderTableCell {TD} at (2,24) size 62x36 [border: (1px inset #808080)] [r=1 c=0 rs=1 cs=1]
              RenderText {#text} at (2,2) size 56x32
                text run at (2,2) width 56: "x x x x x"
                text run at (2,18) width 20: "x x"
            RenderTableCell {TD} at (66,32) size 148x20 [border: (1px inset #808080)] [r=1 c=1 rs=1 cs=1]
              RenderText {#text} at (2,2) size 144x16
                text run at (2,2) width 144: "xxxxxxxxxxxxxxxxxx"
      RenderBlock (anonymous) at (0,4159) size 769x32
        RenderBR {BR} at (0,0) size 0x16
        RenderText {#text} at (0,16) size 499x16
          text run at (0,16) width 499: "adj min is based on max(min, fix) differs from Nav4.6 which differs from IE5"
      RenderTable {TABLE} at (0,4191) size 195x48 [bgcolor=#00FF00] [border: (1px outset #808080)]
        RenderTableSection {TBODY} at (1,1) size 193x46
          RenderTableRow {TR} at (0,2) size 193x20
            RenderTableCell {TD} at (2,2) size 189x20 [border: (1px inset #808080)] [r=0 c=0 rs=1 cs=2]
              RenderText {#text} at (2,2) size 185x16
                text run at (2,2) width 185: "xxxxxxxcolspan2xxxxxxxxx"
          RenderTableRow {TR} at (0,24) size 193x20
            RenderTableCell {TD} at (2,24) size 83x20 [border: (1px inset #808080)] [r=1 c=0 rs=1 cs=1]
              RenderText {#text} at (2,2) size 32x16
                text run at (2,2) width 32: "x x x"
            RenderTableCell {TD} at (87,24) size 104x20 [border: (1px inset #808080)] [r=1 c=1 rs=1 cs=1]
              RenderText {#text} at (2,2) size 24x16
                text run at (2,2) width 24: "100"
      RenderBlock (anonymous) at (0,4239) size 769x16
        RenderBR {BR} at (0,0) size 0x16
      RenderTable {TABLE} at (0,4255) size 195x48 [bgcolor=#00FF00] [border: (1px outset #808080)]
        RenderTableSection {TBODY} at (1,1) size 193x46
          RenderTableRow {TR} at (0,2) size 193x20
            RenderTableCell {TD} at (2,2) size 189x20 [border: (1px inset #808080)] [r=0 c=0 rs=1 cs=2]
              RenderText {#text} at (2,2) size 185x16
                text run at (2,2) width 185: "xxxxxxxcolspan2xxxxxxxxx"
          RenderTableRow {TR} at (0,24) size 193x20
            RenderTableCell {TD} at (2,24) size 83x20 [border: (1px inset #808080)] [r=1 c=0 rs=1 cs=1]
              RenderText {#text} at (2,2) size 32x16
                text run at (2,2) width 32: "x x x"
            RenderTableCell {TD} at (87,24) size 104x20 [border: (1px inset #808080)] [r=1 c=1 rs=1 cs=1]
              RenderText {#text} at (2,2) size 80x16
                text run at (2,2) width 80: "100 100 100"
      RenderBlock (anonymous) at (0,4303) size 769x16
        RenderBR {BR} at (0,0) size 0x16
      RenderTable {TABLE} at (0,4319) size 195x64 [bgcolor=#00FF00] [border: (1px outset #808080)]
        RenderTableSection {TBODY} at (1,1) size 193x62
          RenderTableRow {TR} at (0,2) size 193x20
            RenderTableCell {TD} at (2,2) size 189x20 [border: (1px inset #808080)] [r=0 c=0 rs=1 cs=2]
              RenderText {#text} at (2,2) size 185x16
                text run at (2,2) width 185: "xxxxxxxcolspan2xxxxxxxxx"
          RenderTableRow {TR} at (0,24) size 193x36
            RenderTableCell {TD} at (2,24) size 83x36 [border: (1px inset #808080)] [r=1 c=0 rs=1 cs=1]
              RenderText {#text} at (2,2) size 52x32
                text run at (2,2) width 52: "xxx xxx"
                text run at (2,18) width 24: "xxx"
            RenderTableCell {TD} at (87,32) size 104x20 [border: (1px inset #808080)] [r=1 c=1 rs=1 cs=1]
              RenderText {#text} at (2,2) size 24x16
                text run at (2,2) width 24: "100"
      RenderBlock (anonymous) at (0,4383) size 769x16
        RenderBR {BR} at (0,0) size 0x16
      RenderTable {TABLE} at (0,4399) size 310x48 [border: (1px outset #808080)]
        RenderTableSection {TBODY} at (1,1) size 308x46
          RenderTableRow {TR} at (0,2) size 308x20
            RenderTableCell {TD} at (2,2) size 304x20 [border: (1px inset #808080)] [r=0 c=0 rs=1 cs=2]
              RenderText {#text} at (2,2) size 16x16
                text run at (2,2) width 16: "xx"
          RenderTableRow {TR} at (0,24) size 308x20
            RenderTableCell {TD} at (2,24) size 104x20 [border: (1px inset #808080)] [r=1 c=0 rs=1 cs=1]
              RenderText {#text} at (2,2) size 32x16
                text run at (2,2) width 32: "x x x"
            RenderTableCell {TD} at (108,24) size 198x20 [border: (1px inset #808080)] [r=1 c=1 rs=1 cs=1]
              RenderText {#text} at (2,2) size 28x16
                text run at (2,2) width 28: "auto"
      RenderBlock (anonymous) at (0,4447) size 769x16
        RenderBR {BR} at (0,0) size 0x16
      RenderTable {TABLE} at (0,4463) size 344x48 [border: (1px outset #808080)]
        RenderTableSection {TBODY} at (1,1) size 342x46
          RenderTableRow {TR} at (0,2) size 342x20
            RenderTableCell {TD} at (2,2) size 338x20 [border: (1px inset #808080)] [r=0 c=0 rs=1 cs=2]
              RenderText {#text} at (2,2) size 24x16
                text run at (2,2) width 24: "300"
          RenderTableRow {TR} at (0,24) size 342x20
            RenderTableCell {TD} at (2,24) size 304x20 [border: (1px inset #808080)] [r=1 c=0 rs=1 cs=1]
              RenderText {#text} at (2,2) size 52x16
                text run at (2,2) width 52: "400 400"
            RenderTableCell {TD} at (308,24) size 32x20 [border: (1px inset #808080)] [r=1 c=1 rs=1 cs=1]
              RenderText {#text} at (2,2) size 28x16
                text run at (2,2) width 28: "auto"
      RenderBlock (anonymous) at (0,4511) size 769x16
        RenderBR {BR} at (0,0) size 0x16
      RenderTable {TABLE} at (0,4527) size 310x48 [border: (1px outset #808080)]
        RenderTableSection {TBODY} at (1,1) size 308x46
          RenderTableRow {TR} at (0,2) size 308x20
            RenderTableCell {TD} at (2,2) size 304x20 [border: (1px inset #808080)] [r=0 c=0 rs=1 cs=2]
              RenderText {#text} at (2,2) size 52x16
                text run at (2,2) width 52: "300 300"
          RenderTableRow {TR} at (0,24) size 308x20
            RenderTableCell {TD} at (2,24) size 104x20 [border: (1px inset #808080)] [r=1 c=0 rs=1 cs=1]
              RenderText {#text} at (2,2) size 24x16
                text run at (2,2) width 24: "100"
            RenderTableCell {TD} at (108,24) size 198x20 [border: (1px inset #808080)] [r=1 c=1 rs=1 cs=1]
              RenderText {#text} at (2,2) size 91x16
                text run at (2,2) width 91: "auto auto auto"
      RenderBlock (anonymous) at (0,4575) size 769x16
        RenderBR {BR} at (0,0) size 0x16
      RenderTable {TABLE} at (0,4591) size 491x64 [border: (1px outset #808080)]
        RenderTableSection {TBODY} at (1,1) size 489x62
          RenderTableRow {TR} at (0,2) size 489x36
            RenderTableCell {TD} at (2,2) size 485x36 [border: (1px inset #808080)] [r=0 c=0 rs=1 cs=2]
              RenderText {#text} at (2,2) size 468x32
                text run at (2,2) width 468: "300 300 300 300 300 300 300 300 300 300 300 300 300 300 300300 300"
                text run at (2,18) width 80: "300 300 300"
          RenderTableRow {TR} at (0,40) size 489x20
            RenderTableCell {TD} at (2,40) size 104x20 [border: (1px inset #808080)] [r=1 c=0 rs=1 cs=1]
              RenderText {#text} at (2,2) size 24x16
                text run at (2,2) width 24: "100"
            RenderTableCell {TD} at (108,40) size 379x20 [border: (1px inset #808080)] [r=1 c=1 rs=1 cs=1]
              RenderText {#text} at (2,2) size 375x16
                text run at (2,2) width 375: "auto auto auto auto auto auto auto auto auto auto auto auto"
      RenderBlock (anonymous) at (0,4655) size 769x16
        RenderBR {BR} at (0,0) size 0x16
      RenderTable {TABLE} at (0,4671) size 310x48 [border: (1px outset #808080)]
        RenderTableSection {TBODY} at (1,1) size 308x46
          RenderTableRow {TR} at (0,2) size 308x20
            RenderTableCell {TD} at (2,2) size 304x20 [border: (1px inset #808080)] [r=0 c=0 rs=1 cs=2]
              RenderText {#text} at (2,2) size 24x16
                text run at (2,2) width 24: "300"
          RenderTableRow {TR} at (0,24) size 308x20
            RenderTableCell {TD} at (2,24) size 104x20 [border: (1px inset #808080)] [r=1 c=0 rs=1 cs=1]
              RenderText {#text} at (2,2) size 24x16
                text run at (2,2) width 24: "100"
            RenderTableCell {TD} at (108,24) size 198x20 [border: (1px inset #808080)] [r=1 c=1 rs=1 cs=1]
              RenderText {#text} at (2,2) size 28x16
                text run at (2,2) width 28: "auto"
      RenderBlock (anonymous) at (0,4719) size 769x16
        RenderBR {BR} at (0,0) size 0x16
      RenderTable {TABLE} at (0,4735) size 227x48 [border: (1px outset #808080)]
        RenderTableSection {TBODY} at (1,1) size 225x46
          RenderTableRow {TR} at (0,2) size 225x20
            RenderTableCell {TD} at (2,2) size 221x20 [border: (1px inset #808080)] [r=0 c=0 rs=1 cs=2]
              RenderText {#text} at (2,2) size 217x16
                text run at (2,2) width 217: "auto auto auto auto auto auto auto"
          RenderTableRow {TR} at (0,24) size 225x20
            RenderTableCell {TD} at (2,24) size 104x20 [border: (1px inset #808080)] [r=1 c=0 rs=1 cs=1]
              RenderText {#text} at (2,2) size 24x16
                text run at (2,2) width 24: "100"
            RenderTableCell {TD} at (108,24) size 115x20 [border: (1px inset #808080)] [r=1 c=1 rs=1 cs=1]
              RenderText {#text} at (2,2) size 91x16
                text run at (2,2) width 91: "auto auto auto"
      RenderBlock (anonymous) at (0,4783) size 769x16
        RenderText {#text} at (0,0) size 257x16
          text run at (0,0) width 257: "fixed table looks more like IE than Nav "
        RenderBR {BR} at (256,12) size 1x0
      RenderTable {TABLE} at (0,4799) size 150x202 [border: (1px outset #808080)]
        RenderTableSection {TBODY} at (1,1) size 148x200
          RenderTableRow {TR} at (0,2) size 148x196
            RenderTableCell {TD} at (2,90) size 104x20 [border: (1px inset #808080)] [r=0 c=0 rs=1 cs=1]
              RenderText {#text} at (2,2) size 24x16
                text run at (2,2) width 24: "100"
            RenderTableCell {TD} at (108,2) size 38x196 [border: (1px inset #808080)] [r=0 c=1 rs=1 cs=1]
              RenderText {#text} at (2,2) size 28x192
                text run at (2,2) width 28: "auto"
                text run at (2,18) width 28: "auto"
                text run at (2,34) width 28: "auto"
                text run at (2,50) width 28: "auto"
                text run at (2,66) width 28: "auto"
                text run at (2,82) width 28: "auto"
                text run at (2,98) width 28: "auto"
                text run at (2,114) width 28: "auto"
                text run at (2,130) width 28: "auto"
                text run at (2,146) width 28: "auto"
                text run at (2,162) width 28: "auto"
                text run at (2,178) width 28: "auto"
