layer at (0,0) size 785x854
  RenderView at (0,0) size 785x600
layer at (0,0) size 785x854
  RenderBlock {HTML} at (0,0) size 785x854
    RenderBody {BODY} at (8,8) size 769x838
      RenderBlock (anonymous) at (0,0) size 769x16
        RenderText {#text} at (0,0) size 110x16
          text run at (0,0) width 110: "auto table cols=2"
      RenderTable {TABLE} at (0,16) size 518x26 [border: (1px outset #808080)]
        RenderTableSection {TBODY} at (1,1) size 516x24
          RenderTableRow {TR} at (0,2) size 516x20
            RenderTableCell {TD} at (2,2) size 253x20 [border: (1px inset #808080)] [r=0 c=0 rs=1 cs=1]
              RenderText {#text} at (2,2) size 249x16
                text run at (2,2) width 249: "auto auto auto auto auto auto auto auto"
            RenderTableCell {TD} at (257,2) size 160x20 [border: (1px inset #808080)] [r=0 c=1 rs=1 cs=1]
              RenderText {#text} at (2,2) size 156x16
                text run at (2,2) width 156: "auto-auto auto auto auto"
            RenderTableCell {TD} at (419,2) size 95x20 [border: (1px inset #808080)] [r=0 c=2 rs=1 cs=1]
              RenderText {#text} at (2,2) size 91x16
                text run at (2,2) width 91: "auto auto auto"
      RenderBlock (anonymous) at (0,42) size 769x32
        RenderBR {BR} at (0,0) size 0x16
        RenderText {#text} at (0,16) size 110x16
          text run at (0,16) width 110: "auto table cols=2"
      RenderTable {TABLE} at (0,74) size 202x26 [border: (1px outset #808080)]
        RenderTableSection {TBODY} at (1,1) size 200x24
          RenderTableRow {TR} at (0,2) size 200x20
            RenderTableCell {TD} at (2,2) size 32x20 [border: (1px inset #808080)] [r=0 c=0 rs=1 cs=1]
              RenderText {#text} at (2,2) size 28x16
                text run at (2,2) width 28: "auto"
            RenderTableCell {TD} at (36,2) size 65x20 [border: (1px inset #808080)] [r=0 c=1 rs=1 cs=1]
              RenderText {#text} at (2,2) size 61x16
                text run at (2,2) width 61: "auto-auto"
            RenderTableCell {TD} at (103,2) size 95x20 [border: (1px inset #808080)] [r=0 c=2 rs=1 cs=1]
              RenderText {#text} at (2,2) size 91x16
                text run at (2,2) width 91: "auto auto auto"
      RenderBlock (anonymous) at (0,100) size 769x32
        RenderBR {BR} at (0,0) size 0x16
        RenderText {#text} at (0,16) size 177x16
          text run at (0,16) width 177: "auto table 2 cols with 1*,1*"
      RenderTable {TABLE} at (0,132) size 202x26 [border: (1px outset #808080)]
        RenderTableCol {COLGROUP} at (0,0) size 0x0
          RenderTableCol {COL} at (0,0) size 0x0
          RenderTableCol {COL} at (0,0) size 0x0
        RenderTableSection {TBODY} at (1,1) size 200x24
          RenderTableRow {TR} at (0,2) size 200x20
            RenderTableCell {TD} at (2,2) size 32x20 [border: (1px inset #808080)] [r=0 c=0 rs=1 cs=1]
              RenderText {#text} at (2,2) size 28x16
                text run at (2,2) width 28: "auto"
            RenderTableCell {TD} at (36,2) size 65x20 [border: (1px inset #808080)] [r=0 c=1 rs=1 cs=1]
              RenderText {#text} at (2,2) size 61x16
                text run at (2,2) width 61: "auto-auto"
            RenderTableCell {TD} at (103,2) size 95x20 [border: (1px inset #808080)] [r=0 c=2 rs=1 cs=1]
              RenderText {#text} at (2,2) size 91x16
                text run at (2,2) width 91: "auto auto auto"
      RenderBlock (anonymous) at (0,158) size 769x32
        RenderBR {BR} at (0,0) size 0x16
        RenderText {#text} at (0,16) size 177x16
          text run at (0,16) width 177: "auto table 2 cols with 2*,1*"
      RenderTable {TABLE} at (0,190) size 202x26 [border: (1px outset #808080)]
        RenderTableCol {COLGROUP} at (0,0) size 0x0
          RenderTableCol {COL} at (0,0) size 0x0
          RenderTableCol {COL} at (0,0) size 0x0
        RenderTableSection {TBODY} at (1,1) size 200x24
          RenderTableRow {TR} at (0,2) size 200x20
            RenderTableCell {TD} at (2,2) size 32x20 [border: (1px inset #808080)] [r=0 c=0 rs=1 cs=1]
              RenderText {#text} at (2,2) size 28x16
                text run at (2,2) width 28: "auto"
            RenderTableCell {TD} at (36,2) size 65x20 [border: (1px inset #808080)] [r=0 c=1 rs=1 cs=1]
              RenderText {#text} at (2,2) size 61x16
                text run at (2,2) width 61: "auto-auto"
            RenderTableCell {TD} at (103,2) size 95x20 [border: (1px inset #808080)] [r=0 c=2 rs=1 cs=1]
              RenderText {#text} at (2,2) size 91x16
                text run at (2,2) width 91: "auto auto auto"
      RenderBlock (anonymous) at (0,216) size 769x32
        RenderBR {BR} at (0,0) size 0x16
        RenderText {#text} at (0,16) size 115x16
          text run at (0,16) width 115: "fixed table cols=2"
      RenderTable {TABLE} at (0,248) size 400x26 [border: (1px outset #808080)]
        RenderTableSection {TBODY} at (1,1) size 398x24
          RenderTableRow {TR} at (0,2) size 398x20
            RenderTableCell {TD} at (2,2) size 65x20 [border: (1px inset #808080)] [r=0 c=0 rs=1 cs=1]
              RenderText {#text} at (2,2) size 28x16
                text run at (2,2) width 28: "auto"
            RenderTableCell {TD} at (69,2) size 132x20 [border: (1px inset #808080)] [r=0 c=1 rs=1 cs=1]
              RenderText {#text} at (2,2) size 61x16
                text run at (2,2) width 61: "auto-auto"
            RenderTableCell {TD} at (203,2) size 193x20 [border: (1px inset #808080)] [r=0 c=2 rs=1 cs=1]
              RenderText {#text} at (2,2) size 91x16
                text run at (2,2) width 91: "auto auto auto"
      RenderBlock (anonymous) at (0,274) size 769x32
        RenderBR {BR} at (0,0) size 0x16
        RenderText {#text} at (0,16) size 110x16
          text run at (0,16) width 110: "auto table cols=3"
      RenderTable {TABLE} at (0,306) size 202x26 [border: (1px outset #808080)]
        RenderTableSection {TBODY} at (1,1) size 200x24
          RenderTableRow {TR} at (0,2) size 200x20
            RenderTableCell {TD} at (2,2) size 32x20 [border: (1px inset #808080)] [r=0 c=0 rs=1 cs=1]
              RenderText {#text} at (2,2) size 28x16
                text run at (2,2) width 28: "auto"
            RenderTableCell {TD} at (36,2) size 65x20 [border: (1px inset #808080)] [r=0 c=1 rs=1 cs=1]
              RenderText {#text} at (2,2) size 61x16
                text run at (2,2) width 61: "auto-auto"
            RenderTableCell {TD} at (103,2) size 95x20 [border: (1px inset #808080)] [r=0 c=2 rs=1 cs=1]
              RenderText {#text} at (2,2) size 91x16
                text run at (2,2) width 91: "auto auto auto"
      RenderBlock (anonymous) at (0,332) size 769x32
        RenderBR {BR} at (0,0) size 0x16
        RenderText {#text} at (0,16) size 115x16
          text run at (0,16) width 115: "fixed table cols=3"
      RenderTable {TABLE} at (0,364) size 400x26 [border: (1px outset #808080)]
        RenderTableSection {TBODY} at (1,1) size 398x24
          RenderTableRow {TR} at (0,2) size 398x20
            RenderTableCell {TD} at (2,2) size 65x20 [border: (1px inset #808080)] [r=0 c=0 rs=1 cs=1]
              RenderText {#text} at (2,2) size 28x16
                text run at (2,2) width 28: "auto"
            RenderTableCell {TD} at (69,2) size 132x20 [border: (1px inset #808080)] [r=0 c=1 rs=1 cs=1]
              RenderText {#text} at (2,2) size 61x16
                text run at (2,2) width 61: "auto-auto"
            RenderTableCell {TD} at (203,2) size 193x20 [border: (1px inset #808080)] [r=0 c=2 rs=1 cs=1]
              RenderText {#text} at (2,2) size 91x16
                text run at (2,2) width 91: "auto auto auto"
      RenderBlock (anonymous) at (0,390) size 769x32
        RenderBR {BR} at (0,0) size 0x16
        RenderText {#text} at (0,16) size 110x16
          text run at (0,16) width 110: "auto table cols=3"
      RenderTable {TABLE} at (0,422) size 374x26 [border: (1px outset #808080)]
        RenderTableSection {TBODY} at (1,1) size 372x24
          RenderTableRow {TR} at (0,2) size 372x20
            RenderTableCell {TD} at (2,2) size 204x20 [border: (1px inset #808080)] [r=0 c=0 rs=1 cs=1]
              RenderText {#text} at (2,2) size 24x16
                text run at (2,2) width 24: "200"
            RenderTableCell {TD} at (208,2) size 65x20 [border: (1px inset #808080)] [r=0 c=1 rs=1 cs=1]
              RenderText {#text} at (2,2) size 61x16
                text run at (2,2) width 61: "auto-auto"
            RenderTableCell {TD} at (275,2) size 95x20 [border: (1px inset #808080)] [r=0 c=2 rs=1 cs=1]
              RenderText {#text} at (2,2) size 91x16
                text run at (2,2) width 91: "auto auto auto"
      RenderBlock (anonymous) at (0,448) size 769x32
        RenderBR {BR} at (0,0) size 0x16
        RenderText {#text} at (0,16) size 115x16
          text run at (0,16) width 115: "fixed table cols=3"
      RenderTable {TABLE} at (0,480) size 400x26 [border: (1px outset #808080)]
        RenderTableSection {TBODY} at (1,1) size 398x24
          RenderTableRow {TR} at (0,2) size 398x20
            RenderTableCell {TD} at (2,2) size 204x20 [border: (1px inset #808080)] [r=0 c=0 rs=1 cs=1]
              RenderText {#text} at (2,2) size 24x16
                text run at (2,2) width 24: "200"
            RenderTableCell {TD} at (208,2) size 75x20 [border: (1px inset #808080)] [r=0 c=1 rs=1 cs=1]
              RenderText {#text} at (2,2) size 61x16
                text run at (2,2) width 61: "auto-auto"
            RenderTableCell {TD} at (285,2) size 111x20 [border: (1px inset #808080)] [r=0 c=2 rs=1 cs=1]
              RenderText {#text} at (2,2) size 91x16
                text run at (2,2) width 91: "auto auto auto"
      RenderBlock (anonymous) at (0,506) size 769x32
        RenderBR {BR} at (0,0) size 0x16
        RenderText {#text} at (0,16) size 110x16
          text run at (0,16) width 110: "auto table cols=2"
      RenderTable {TABLE} at (0,538) size 311x26 [border: (1px outset #808080)]
        RenderTableSection {TBODY} at (1,1) size 309x24
          RenderTableRow {TR} at (0,2) size 309x20
            RenderTableCell {TD} at (2,2) size 32x20 [border: (1px inset #808080)] [r=0 c=0 rs=1 cs=1]
              RenderText {#text} at (2,2) size 28x16
                text run at (2,2) width 28: "auto"
            RenderTableCell {TD} at (36,2) size 65x20 [border: (1px inset #808080)] [r=0 c=1 rs=1 cs=1]
              RenderText {#text} at (2,2) size 61x16
                text run at (2,2) width 61: "auto-auto"
            RenderTableCell {TD} at (103,2) size 204x20 [border: (1px inset #808080)] [r=0 c=2 rs=1 cs=1]
              RenderText {#text} at (2,2) size 24x16
                text run at (2,2) width 24: "200"
      RenderBlock (anonymous) at (0,564) size 769x32
        RenderBR {BR} at (0,0) size 0x16
        RenderText {#text} at (0,16) size 115x16
          text run at (0,16) width 115: "fixed table cols=2"
      RenderTable {TABLE} at (0,596) size 400x26 [border: (1px outset #808080)]
        RenderTableSection {TBODY} at (1,1) size 398x24
          RenderTableRow {TR} at (0,2) size 398x20
            RenderTableCell {TD} at (2,2) size 61x20 [border: (1px inset #808080)] [r=0 c=0 rs=1 cs=1]
              RenderText {#text} at (2,2) size 28x16
                text run at (2,2) width 28: "auto"
            RenderTableCell {TD} at (65,2) size 125x20 [border: (1px inset #808080)] [r=0 c=1 rs=1 cs=1]
              RenderText {#text} at (2,2) size 61x16
                text run at (2,2) width 61: "auto-auto"
            RenderTableCell {TD} at (192,2) size 204x20 [border: (1px inset #808080)] [r=0 c=2 rs=1 cs=1]
              RenderText {#text} at (2,2) size 24x16
                text run at (2,2) width 24: "200"
      RenderBlock (anonymous) at (0,622) size 769x16
        RenderText {#text} at (0,0) size 63x16
          text run at (0,0) width 63: "auto table"
      RenderTable {TABLE} at (0,638) size 88x26 [border: (1px outset #808080)]
        RenderTableSection {TBODY} at (1,1) size 86x24
          RenderTableRow {TR} at (0,2) size 86x20
            RenderTableCell {TD} at (2,2) size 48x20 [border: (1px inset #808080)] [r=0 c=0 rs=1 cs=1]
              RenderText {#text} at (2,2) size 44x16
                text run at (2,2) width 44: "0 0 0 0"
            RenderTableCell {TD} at (52,2) size 32x20 [border: (1px inset #808080)] [r=0 c=1 rs=1 cs=1]
              RenderText {#text} at (2,2) size 28x16
                text run at (2,2) width 28: "auto"
      RenderBlock (anonymous) at (0,664) size 769x32
        RenderBR {BR} at (0,0) size 0x16
        RenderText {#text} at (0,16) size 63x16
          text run at (0,16) width 63: "auto table"
      RenderTable {TABLE} at (0,696) size 142x26 [border: (1px outset #808080)]
        RenderTableSection {TBODY} at (1,1) size 140x24
          RenderTableRow {TR} at (0,2) size 140x20
            RenderTableCell {TD} at (2,2) size 102x20 [border: (1px inset #808080)] [r=0 c=0 rs=1 cs=1]
              RenderText {#text} at (2,2) size 98x16
                text run at (2,2) width 98: "0% 0% 0% 0%"
            RenderTableCell {TD} at (106,2) size 32x20 [border: (1px inset #808080)] [r=0 c=1 rs=1 cs=1]
              RenderText {#text} at (2,2) size 28x16
                text run at (2,2) width 28: "auto"
      RenderBlock (anonymous) at (0,722) size 769x32
        RenderBR {BR} at (0,0) size 0x16
        RenderText {#text} at (0,16) size 63x16
          text run at (0,16) width 63: "auto table"
      RenderTable {TABLE} at (0,754) size 84x26 [border: (1px outset #808080)]
        RenderTableCol {COLGROUP} at (0,0) size 0x0
          RenderTableCol {COL} at (0,0) size 0x0
        RenderTableSection {TBODY} at (1,1) size 82x24
          RenderTableRow {TR} at (0,2) size 82x20
            RenderTableCell {TD} at (2,2) size 44x20 [border: (1px inset #808080)] [r=0 c=0 rs=1 cs=1]
              RenderText {#text} at (2,2) size 40x16
                text run at (2,2) width 40: "0* col"
            RenderTableCell {TD} at (48,2) size 32x20 [border: (1px inset #808080)] [r=0 c=1 rs=1 cs=1]
              RenderText {#text} at (2,2) size 28x16
                text run at (2,2) width 28: "auto"
      RenderBlock (anonymous) at (0,780) size 769x32
        RenderBR {BR} at (0,0) size 0x16
        RenderText {#text} at (0,16) size 68x16
          text run at (0,16) width 68: "fixed table"
      RenderTable {TABLE} at (0,812) size 200x26 [border: (1px outset #808080)]
        RenderTableCol {COLGROUP} at (0,0) size 0x0
          RenderTableCol {COL} at (0,0) size 0x0
        RenderTableSection {TBODY} at (1,1) size 198x24
          RenderTableRow {TR} at (0,2) size 198x20
            RenderTableCell {TD} at (2,2) size 111x20 [border: (1px inset #808080)] [r=0 c=0 rs=1 cs=1]
              RenderText {#text} at (2,2) size 40x16
                text run at (2,2) width 40: "0* col"
            RenderTableCell {TD} at (115,2) size 81x20 [border: (1px inset #808080)] [r=0 c=1 rs=1 cs=1]
              RenderText {#text} at (2,2) size 28x16
                text run at (2,2) width 28: "auto"
