layer at (0,0) size 785x1194
  RenderView at (0,0) size 785x600
layer at (0,0) size 785x1194
  RenderBlock {HTML} at (0,0) size 785x1194
    RenderBody {BODY} at (8,8) size 769x1178
      RenderBlock (anonymous) at (0,0) size 769x16
        RenderText {#text} at (0,0) size 220x16
          text run at (0,0) width 220: "fixed table - width on td overriden"
      RenderTable {TABLE} at (0,16) size 400x54 [border: (10px outset #808080)]
        RenderTableSection {TBODY} at (10,10) size 380x34
          RenderTableRow {TR} at (0,3) size 380x28
            RenderTableCell {TD} at (3,3) size 337x28 [border: (1px inset #808080)] [r=0 c=0 rs=1 cs=1]
              RenderText {#text} at (6,6) size 22x16
                text run at (6,6) width 22: "foo"
            RenderTableCell {TD} at (343,3) size 34x28 [border: (1px inset #808080)] [r=0 c=1 rs=1 cs=1]
              RenderText {#text} at (6,6) size 22x16
                text run at (6,6) width 22: "foo"
      RenderBlock {HR} at (0,78) size 402x2 [border: (1px inset #EEEEEE)]
      RenderBlock (anonymous) at (0,88) size 769x32
        RenderBR {BR} at (0,0) size 0x16
        RenderText {#text} at (0,16) size 353x16
          text run at (0,16) width 353: "fixed table - percent cell wins over fix cell (and in IE5)"
      RenderTable {TABLE} at (0,120) size 500x48 [border: (1px outset #808080)]
        RenderTableSection {TBODY} at (1,1) size 498x46
          RenderTableRow {TR} at (0,2) size 498x20
            RenderTableCell {TD} at (2,2) size 246x20 [border: (1px inset #808080)] [r=0 c=0 rs=1 cs=1]
              RenderText {#text} at (2,2) size 32x16
                text run at (2,2) width 32: "20px"
            RenderTableCell {TD} at (250,2) size 246x20 [border: (1px inset #808080)] [r=0 c=1 rs=1 cs=1]
              RenderText {#text} at (2,2) size 28x16
                text run at (2,2) width 28: "auto"
          RenderTableRow {TR} at (0,24) size 498x20
            RenderTableCell {TD} at (2,24) size 246x20 [border: (1px inset #808080)] [r=1 c=0 rs=1 cs=1]
              RenderText {#text} at (2,2) size 30x16
                text run at (2,2) width 30: "50%"
            RenderTableCell {TD} at (250,24) size 246x20 [border: (1px inset #808080)] [r=1 c=1 rs=1 cs=1]
              RenderText {#text} at (2,2) size 28x16
                text run at (2,2) width 28: "auto"
      RenderBlock (anonymous) at (0,168) size 769x32
        RenderBR {BR} at (0,0) size 0x16
        RenderText {#text} at (0,16) size 353x16
          text run at (0,16) width 353: "fixed table - percent cell wins over fix cell (and in IE5)"
      RenderTable {TABLE} at (0,200) size 300x48 [border: (1px outset #808080)]
        RenderTableSection {TBODY} at (1,1) size 298x46
          RenderTableRow {TR} at (0,2) size 298x20
            RenderTableCell {TD} at (2,2) size 34x20 [border: (1px inset #808080)] [r=0 c=0 rs=1 cs=1]
              RenderText {#text} at (2,2) size 24x16
                text run at (2,2) width 24: "100"
            RenderTableCell {TD} at (38,2) size 258x20 [border: (1px inset #808080)] [r=0 c=1 rs=1 cs=1]
              RenderText {#text} at (2,2) size 28x16
                text run at (2,2) width 28: "auto"
          RenderTableRow {TR} at (0,24) size 298x20
            RenderTableCell {TD} at (2,24) size 34x20 [border: (1px inset #808080)] [r=1 c=0 rs=1 cs=1]
              RenderText {#text} at (2,2) size 30x16
                text run at (2,2) width 30: "10%"
            RenderTableCell {TD} at (38,24) size 258x20 [border: (1px inset #808080)] [r=1 c=1 rs=1 cs=1]
              RenderText {#text} at (2,2) size 28x16
                text run at (2,2) width 28: "auto"
      RenderBlock (anonymous) at (0,248) size 769x32
        RenderBR {BR} at (0,0) size 0x16
        RenderText {#text} at (0,16) size 353x16
          text run at (0,16) width 353: "fixed table - percent cell wins over fix cell (and in IE5)"
      RenderTable {TABLE} at (0,280) size 500x48 [border: (1px outset #808080)]
        RenderTableCol {COLGROUP} at (0,0) size 0x0
          RenderTableCol {COL} at (0,0) size 0x0
        RenderTableSection {TBODY} at (1,1) size 498x46
          RenderTableRow {TR} at (0,2) size 498x20
            RenderTableCell {TD} at (2,2) size 246x20 [border: (1px inset #808080)] [r=0 c=0 rs=1 cs=1]
              RenderText {#text} at (2,2) size 113x16
                text run at (2,2) width 113: "50%Col,20%Cell"
            RenderTableCell {TD} at (250,2) size 246x20 [border: (1px inset #808080)] [r=0 c=1 rs=1 cs=1]
              RenderText {#text} at (2,2) size 28x16
                text run at (2,2) width 28: "auto"
          RenderTableRow {TR} at (0,24) size 498x20
            RenderTableCell {TD} at (2,24) size 246x20 [border: (1px inset #808080)] [r=1 c=0 rs=1 cs=1]
              RenderText {#text} at (2,2) size 28x16
                text run at (2,2) width 28: "auto"
            RenderTableCell {TD} at (250,24) size 246x20 [border: (1px inset #808080)] [r=1 c=1 rs=1 cs=1]
              RenderText {#text} at (2,2) size 28x16
                text run at (2,2) width 28: "auto"
      RenderBlock (anonymous) at (0,328) size 769x32
        RenderBR {BR} at (0,0) size 0x16
        RenderText {#text} at (0,16) size 353x16
          text run at (0,16) width 353: "fixed table - percent cell wins over fix cell (and in IE5)"
      RenderTable {TABLE} at (0,360) size 500x48 [border: (1px outset #808080)]
        RenderTableCol {COLGROUP} at (0,0) size 0x0
          RenderTableCol {COL} at (0,0) size 0x0
        RenderTableSection {TBODY} at (1,1) size 498x46
          RenderTableRow {TR} at (0,2) size 498x20
            RenderTableCell {TD} at (2,2) size 246x20 [border: (1px inset #808080)] [r=0 c=0 rs=1 cs=1]
              RenderText {#text} at (2,2) size 113x16
                text run at (2,2) width 113: "20%Col,50%Cell"
            RenderTableCell {TD} at (250,2) size 246x20 [border: (1px inset #808080)] [r=0 c=1 rs=1 cs=1]
              RenderText {#text} at (2,2) size 28x16
                text run at (2,2) width 28: "auto"
          RenderTableRow {TR} at (0,24) size 498x20
            RenderTableCell {TD} at (2,24) size 246x20 [border: (1px inset #808080)] [r=1 c=0 rs=1 cs=1]
              RenderText {#text} at (2,2) size 28x16
                text run at (2,2) width 28: "auto"
            RenderTableCell {TD} at (250,24) size 246x20 [border: (1px inset #808080)] [r=1 c=1 rs=1 cs=1]
              RenderText {#text} at (2,2) size 28x16
                text run at (2,2) width 28: "auto"
      RenderBlock (anonymous) at (0,408) size 769x32
        RenderBR {BR} at (0,0) size 0x16
        RenderText {#text} at (0,16) size 353x16
          text run at (0,16) width 353: "fixed table - percent cell wins over fix cell (and in IE5)"
      RenderTable {TABLE} at (0,440) size 500x48 [border: (1px outset #808080)]
        RenderTableCol {COLGROUP} at (0,0) size 0x0
          RenderTableCol {COL} at (0,0) size 0x0
        RenderTableSection {TBODY} at (1,1) size 498x46
          RenderTableRow {TR} at (0,2) size 498x20
            RenderTableCell {TD} at (2,2) size 246x20 [border: (1px inset #808080)] [r=0 c=0 rs=1 cs=1]
              RenderText {#text} at (2,2) size 116x16
                text run at (2,2) width 116: "50PerCol,100Cell"
            RenderTableCell {TD} at (250,2) size 246x20 [border: (1px inset #808080)] [r=0 c=1 rs=1 cs=1]
              RenderText {#text} at (2,2) size 28x16
                text run at (2,2) width 28: "auto"
          RenderTableRow {TR} at (0,24) size 498x20
            RenderTableCell {TD} at (2,24) size 246x20 [border: (1px inset #808080)] [r=1 c=0 rs=1 cs=1]
              RenderText {#text} at (2,2) size 28x16
                text run at (2,2) width 28: "auto"
            RenderTableCell {TD} at (250,24) size 246x20 [border: (1px inset #808080)] [r=1 c=1 rs=1 cs=1]
              RenderText {#text} at (2,2) size 28x16
                text run at (2,2) width 28: "auto"
      RenderBlock (anonymous) at (0,488) size 769x32
        RenderBR {BR} at (0,0) size 0x16
        RenderText {#text} at (0,16) size 353x16
          text run at (0,16) width 353: "fixed table - percent cell wins over fix cell (and in IE5)"
      RenderTable {TABLE} at (0,520) size 500x48 [border: (1px outset #808080)]
        RenderTableCol {COLGROUP} at (0,0) size 0x0
          RenderTableCol {COL} at (0,0) size 0x0
        RenderTableSection {TBODY} at (1,1) size 498x46
          RenderTableRow {TR} at (0,2) size 498x20
            RenderTableCell {TD} at (2,2) size 120x20 [border: (1px inset #808080)] [r=0 c=0 rs=1 cs=1]
              RenderText {#text} at (2,2) size 116x16
                text run at (2,2) width 116: "20PerCol,300Cell"
            RenderTableCell {TD} at (124,2) size 372x20 [border: (1px inset #808080)] [r=0 c=1 rs=1 cs=1]
              RenderText {#text} at (2,2) size 28x16
                text run at (2,2) width 28: "auto"
          RenderTableRow {TR} at (0,24) size 498x20
            RenderTableCell {TD} at (2,24) size 120x20 [border: (1px inset #808080)] [r=1 c=0 rs=1 cs=1]
              RenderText {#text} at (2,2) size 28x16
                text run at (2,2) width 28: "auto"
            RenderTableCell {TD} at (124,24) size 372x20 [border: (1px inset #808080)] [r=1 c=1 rs=1 cs=1]
              RenderText {#text} at (2,2) size 28x16
                text run at (2,2) width 28: "auto"
      RenderBlock (anonymous) at (0,568) size 769x32
        RenderBR {BR} at (0,0) size 0x16
        RenderText {#text} at (0,16) size 306x16
          text run at (0,16) width 306: "fixed table - % wins over fixed even on colspan"
      RenderTable {TABLE} at (0,600) size 300x48 [border: (1px outset #808080)]
        RenderTableSection {TBODY} at (1,1) size 298x46
          RenderTableRow {TR} at (0,2) size 298x20
            RenderTableCell {TD} at (2,2) size 146x20 [border: (1px inset #808080)] [r=0 c=0 rs=1 cs=2]
              RenderText {#text} at (2,2) size 44x16
                text run at (2,2) width 44: "50CS2"
            RenderTableCell {TD} at (150,2) size 146x20 [border: (1px inset #808080)] [r=0 c=2 rs=1 cs=1]
              RenderText {#text} at (2,2) size 28x16
                text run at (2,2) width 28: "auto"
          RenderTableRow {TR} at (0,24) size 298x20
            RenderTableCell {TD} at (2,24) size 146x20 [border: (1px inset #808080)] [r=1 c=0 rs=1 cs=2]
              RenderText {#text} at (2,2) size 57x16
                text run at (2,2) width 57: "50%CS2"
            RenderTableCell {TD} at (150,24) size 146x20 [border: (1px inset #808080)] [r=1 c=2 rs=1 cs=1]
              RenderText {#text} at (2,2) size 28x16
                text run at (2,2) width 28: "auto"
      RenderBlock (anonymous) at (0,648) size 769x32
        RenderBR {BR} at (0,0) size 0x16
        RenderText {#text} at (0,16) size 306x16
          text run at (0,16) width 306: "fixed table - % wins over fixed even on colspan"
      RenderTable {TABLE} at (0,680) size 300x48 [border: (1px outset #808080)]
        RenderTableSection {TBODY} at (1,1) size 298x46
          RenderTableRow {TR} at (0,2) size 298x20
            RenderTableCell {TD} at (2,2) size 87x20 [border: (1px inset #808080)] [r=0 c=0 rs=1 cs=2]
              RenderText {#text} at (2,2) size 52x16
                text run at (2,2) width 52: "100CS2"
            RenderTableCell {TD} at (91,2) size 205x20 [border: (1px inset #808080)] [r=0 c=2 rs=1 cs=1]
              RenderText {#text} at (2,2) size 21x16
                text run at (2,2) width 21: "bar"
          RenderTableRow {TR} at (0,24) size 298x20
            RenderTableCell {TD} at (2,24) size 87x20 [border: (1px inset #808080)] [r=1 c=0 rs=1 cs=2]
              RenderText {#text} at (2,2) size 57x16
                text run at (2,2) width 57: "30%CS2"
            RenderTableCell {TD} at (91,24) size 205x20 [border: (1px inset #808080)] [r=1 c=2 rs=1 cs=1]
              RenderText {#text} at (2,2) size 21x16
                text run at (2,2) width 21: "bar"
      RenderBlock (anonymous) at (0,728) size 769x32
        RenderBR {BR} at (0,0) size 0x16
        RenderText {#text} at (0,16) size 371x16
          text run at (0,16) width 371: "auto table - percent colspan wins over fixed colspan XXX"
      RenderTable {TABLE} at (0,760) size 769x48 [border: (1px outset #808080)]
        RenderTableSection {TBODY} at (1,1) size 767x46
          RenderTableRow {TR} at (0,2) size 767x20
            RenderTableCell {TD} at (2,2) size 76x20 [border: (1px inset #808080)] [r=0 c=0 rs=1 cs=2]
              RenderText {#text} at (2,2) size 52x16
                text run at (2,2) width 52: "500CS2"
            RenderTableCell {TD} at (80,2) size 685x20 [border: (1px inset #808080)] [r=0 c=2 rs=1 cs=1]
              RenderText {#text} at (2,2) size 28x16
                text run at (2,2) width 28: "atuo"
          RenderTableRow {TR} at (0,24) size 767x20
            RenderTableCell {TD} at (2,24) size 76x20 [border: (1px inset #808080)] [r=1 c=0 rs=1 cs=2]
              RenderText {#text} at (2,2) size 57x16
                text run at (2,2) width 57: "10%CS2"
            RenderTableCell {TD} at (80,24) size 685x20 [border: (1px inset #808080)] [r=1 c=2 rs=1 cs=1]
              RenderText {#text} at (2,2) size 28x16
                text run at (2,2) width 28: "auto"
      RenderBlock (anonymous) at (0,808) size 769x32
        RenderBR {BR} at (0,0) size 0x16
        RenderText {#text} at (0,16) size 333x16
          text run at (0,16) width 333: "auto table - percent colspan wins over fixed colspan"
      RenderTable {TABLE} at (0,840) size 769x70 [border: (1px outset #808080)]
        RenderTableSection {TBODY} at (1,1) size 767x68
          RenderTableRow {TR} at (0,2) size 767x20
            RenderTableCell {TD} at (2,2) size 152x20 [border: (1px inset #808080)] [r=0 c=0 rs=1 cs=2]
              RenderText {#text} at (2,2) size 52x16
                text run at (2,2) width 52: "500CS2"
            RenderTableCell {TD} at (156,2) size 609x20 [border: (1px inset #808080)] [r=0 c=2 rs=1 cs=1]
              RenderText {#text} at (2,2) size 28x16
                text run at (2,2) width 28: "auto"
          RenderTableRow {TR} at (0,24) size 767x20
            RenderTableCell {TD} at (2,24) size 152x20 [border: (1px inset #808080)] [r=1 c=0 rs=1 cs=2]
              RenderText {#text} at (2,2) size 57x16
                text run at (2,2) width 57: "20%CS2"
            RenderTableCell {TD} at (156,24) size 609x20 [border: (1px inset #808080)] [r=1 c=2 rs=1 cs=1]
              RenderText {#text} at (2,2) size 28x16
                text run at (2,2) width 28: "auto"
          RenderTableRow {TR} at (0,46) size 767x20
            RenderTableCell {TD} at (2,46) size 75x20 [border: (1px inset #808080)] [r=2 c=0 rs=1 cs=1]
              RenderText {#text} at (2,2) size 28x16
                text run at (2,2) width 28: "auto"
            RenderTableCell {TD} at (79,46) size 75x20 [border: (1px inset #808080)] [r=2 c=1 rs=1 cs=1]
              RenderText {#text} at (2,2) size 28x16
                text run at (2,2) width 28: "auto"
            RenderTableCell {TD} at (156,46) size 609x20 [border: (1px inset #808080)] [r=2 c=2 rs=1 cs=1]
              RenderText {#text} at (2,2) size 28x16
                text run at (2,2) width 28: "auto"
      RenderBlock (anonymous) at (0,910) size 769x32
        RenderBR {BR} at (0,0) size 0x16
        RenderText {#text} at (0,16) size 333x16
          text run at (0,16) width 333: "auto table - percent colspan wins over fixed colspan"
      RenderTable {TABLE} at (0,942) size 769x70 [border: (1px outset #808080)]
        RenderTableSection {TBODY} at (1,1) size 767x68
          RenderTableRow {TR} at (0,2) size 767x20
            RenderTableCell {TD} at (2,2) size 152x20 [border: (1px inset #808080)] [r=0 c=0 rs=1 cs=2]
              RenderText {#text} at (2,2) size 52x16
                text run at (2,2) width 52: "200CS2"
            RenderTableCell {TD} at (156,2) size 609x20 [border: (1px inset #808080)] [r=0 c=2 rs=1 cs=1]
              RenderText {#text} at (2,2) size 28x16
                text run at (2,2) width 28: "auto"
          RenderTableRow {TR} at (0,24) size 767x20
            RenderTableCell {TD} at (2,24) size 152x20 [border: (1px inset #808080)] [r=1 c=0 rs=1 cs=2]
              RenderText {#text} at (2,2) size 57x16
                text run at (2,2) width 57: "20%CS2"
            RenderTableCell {TD} at (156,24) size 609x20 [border: (1px inset #808080)] [r=1 c=2 rs=1 cs=1]
              RenderText {#text} at (2,2) size 28x16
                text run at (2,2) width 28: "auto"
          RenderTableRow {TR} at (0,46) size 767x20
            RenderTableCell {TD} at (2,46) size 75x20 [border: (1px inset #808080)] [r=2 c=0 rs=1 cs=1]
              RenderText {#text} at (2,2) size 28x16
                text run at (2,2) width 28: "auto"
            RenderTableCell {TD} at (79,46) size 75x20 [border: (1px inset #808080)] [r=2 c=1 rs=1 cs=1]
              RenderText {#text} at (2,2) size 28x16
                text run at (2,2) width 28: "auto"
            RenderTableCell {TD} at (156,46) size 609x20 [border: (1px inset #808080)] [r=2 c=2 rs=1 cs=1]
              RenderText {#text} at (2,2) size 28x16
                text run at (2,2) width 28: "auto"
      RenderBlock (anonymous) at (0,1012) size 769x32
        RenderBR {BR} at (0,0) size 0x16
        RenderText {#text} at (0,16) size 333x16
          text run at (0,16) width 333: "auto table - percent colspan wins over fixed colspan"
      RenderTable {TABLE} at (0,1044) size 769x70 [border: (1px outset #808080)]
        RenderTableSection {TBODY} at (1,1) size 767x68
          RenderTableRow {TR} at (0,2) size 767x20
            RenderTableCell {TD} at (2,2) size 152x20 [border: (1px inset #808080)] [r=0 c=0 rs=1 cs=2]
              RenderText {#text} at (2,2) size 60x16
                text run at (2,2) width 60: "1000CS2"
            RenderTableCell {TD} at (156,2) size 609x20 [border: (1px inset #808080)] [r=0 c=2 rs=1 cs=1]
              RenderText {#text} at (2,2) size 28x16
                text run at (2,2) width 28: "auto"
          RenderTableRow {TR} at (0,24) size 767x20
            RenderTableCell {TD} at (2,24) size 152x20 [border: (1px inset #808080)] [r=1 c=0 rs=1 cs=2]
              RenderText {#text} at (2,2) size 57x16
                text run at (2,2) width 57: "20%CS2"
            RenderTableCell {TD} at (156,24) size 609x20 [border: (1px inset #808080)] [r=1 c=2 rs=1 cs=1]
              RenderText {#text} at (2,2) size 28x16
                text run at (2,2) width 28: "auto"
          RenderTableRow {TR} at (0,46) size 767x20
            RenderTableCell {TD} at (2,46) size 75x20 [border: (1px inset #808080)] [r=2 c=0 rs=1 cs=1]
              RenderText {#text} at (2,2) size 28x16
                text run at (2,2) width 28: "auto"
            RenderTableCell {TD} at (79,46) size 75x20 [border: (1px inset #808080)] [r=2 c=1 rs=1 cs=1]
              RenderText {#text} at (2,2) size 28x16
                text run at (2,2) width 28: "auto"
            RenderTableCell {TD} at (156,46) size 609x20 [border: (1px inset #808080)] [r=2 c=2 rs=1 cs=1]
              RenderText {#text} at (2,2) size 28x16
                text run at (2,2) width 28: "auto"
      RenderBlock (anonymous) at (0,1114) size 769x32
        RenderBR {BR} at (0,0) size 0x16
        RenderText {#text} at (0,16) size 383x16
          text run at (0,16) width 383: "percent cell/col percentage conflict goes to cell (and in IE5)"
      RenderTable {TABLE} at (0,1146) size 500x32 [border: (1px outset #808080)]
        RenderTableCol {COLGROUP} at (0,0) size 0x0
          RenderTableCol {COL} at (0,0) size 0x0
        RenderTableSection {TBODY} at (1,1) size 498x30
          RenderTableRow {TR} at (0,5) size 498x20
            RenderTableCell {TD} at (5,5) size 386x20 [border: (1px inset #808080)] [r=0 c=0 rs=1 cs=1]
              RenderText {#text} at (2,2) size 84x16
                text run at (2,2) width 84: "30%-80%col"
            RenderTableCell {TD} at (396,5) size 97x20 [border: (1px inset #808080)] [r=0 c=1 rs=1 cs=1]
              RenderText {#text} at (2,2) size 28x16
                text run at (2,2) width 28: "auto"
