layer at (0,0) size 785x624
  RenderView at (0,0) size 785x600
layer at (0,0) size 785x600
  RenderBlock {html} at (0,0) size 785x600
    RenderBody {body} at (8,16) size 769x600
      RenderBlock {parsererror} at (16,0) size 737x137.88 [bgcolor=#FFDDDD] [border: (2px solid #CC7777)]
        RenderBlock {h3} at (18,20.72) size 701x22
          RenderText {#text} at (0,0) size 318x21
            text run at (0,0) width 318: "This page contains the following errors:"
        RenderBlock {div} at (18,61.44) size 701x15
          RenderText {#text} at (0,0) size 483x15
            text run at (0,0) width 483: "error on line 3 at column 1: Extra content at the end of the document"
            text run at (483,0) width 0: " "
        RenderBlock {h3} at (18,95.16) size 701x22
          RenderText {#text} at (0,0) size 421x21
            text run at (0,0) width 421: "Below is a rendering of the page up to the first error."
