layer at (0,0) size 785x774
  RenderView at (0,0) size 785x600
layer at (0,0) size 785x600
  RenderBlock {html} at (0,0) size 785x600
    RenderBody {body} at (8,16) size 769x600
      RenderBlock {parsererror} at (16,0) size 737x137.88 [bgcolor=#FFDDDD] [border: (2px solid #CC7777)]
        RenderBlock {h3} at (18,20.72) size 701x22
          RenderText {#text} at (0,0) size 318x21
            text run at (0,0) width 318: "This page contains the following errors:"
        RenderBlock {div} at (18,61.44) size 701x15
          RenderText {#text} at (0,0) size 462x15
            text run at (0,0) width 462: "error on line 9 at column 66: invalid character in attribute value"
            text run at (462,0) width 0: " "
        RenderBlock {h3} at (18,95.16) size 701x22
          RenderText {#text} at (0,0) size 421x21
            text run at (0,0) width 421: "Below is a rendering of the page up to the first error."
      RenderBlock (anonymous) at (0,153.88) size 769x604
        RenderSVGRoot {svg} at (8,169) size 200x201
          RenderSVGPath {path} at (8,169) size 200x201 [fill={[type=SOLID] [color=#008000]}] [data="M 0 0 L 200 0 L 200 200 L 0 200"]
