layer at (0,0) size 785x774
  RenderView at (0,0) size 785x600
layer at (0,0) size 785x600
  RenderBlock {html} at (0,0) size 785x600
    RenderBody {body} at (8,16) size 769x600
      RenderBlock {parsererror} at (16,0) size 737x137.88 [bgcolor=#FFDDDD] [border: (2px solid #CC7777)]
        RenderBlock {h3} at (18,20.72) size 701x22
          RenderText {#text} at (0,0) size 318x21
            text run at (0,0) width 318: "This page contains the following errors:"
        RenderBlock {div} at (18,61.44) size 701x15
          RenderText {#text} at (0,0) size 497x15
            text run at (0,0) width 497: "error on line 1 at column 132: Extra content at the end of the document"
            text run at (497,0) width 0: " "
        RenderBlock {h3} at (18,95.16) size 701x22
          RenderText {#text} at (0,0) size 421x21
            text run at (0,0) width 421: "Below is a rendering of the page up to the first error."
      RenderBlock (anonymous) at (0,153.88) size 769x604
        RenderSVGRoot {svg} at (8,175) size 342x18
          RenderSVGText {text} at (0,6) size 342x17 contains 1 chunk(s)
            RenderSVGInlineText {#text} at (0,0) size 342x17
              chunk 1 text run 1 at (0.00,20.00) startOffset 0 endOffset 53 width 341.27: "This should not crash, but display an error document."
          RenderSVGContainer {use} at (8,169) size 0x1
