layer at (0,0) size 800x600
  RenderView at (0,0) size 800x600
layer at (0,0) size 800x306
  RenderBlock {HTML} at (0,0) size 800x306
    RenderBody {BODY} at (8,8) size 784x282
      RenderBlock (anonymous) at (0,0) size 784x54
        RenderText {#text} at (0,0) size 759x53
          text run at (0,0) width 541: "Tests of WebKit's intepretation of font sizes when no absolute font size is specified. "
          text run at (540,0) width 219: "Percentages and logical keywords"
          text run at (0,18) width 203: "scale to reflect the family type. "
          text run at (202,18) width 539: "Opera 9 matches this behavior as well (except it has a bug with multiple font-family"
          text run at (0,36) width 217: "mappings as in the first example)."
      RenderBlock {PRE} at (0,67) size 784x16
        RenderInline {SPAN} at (0,0) size 120x16
          RenderText {#text} at (0,0) size 120x16
            text run at (0,0) width 120: "Should be 13 px"
      RenderBlock {PRE} at (0,96) size 784x16
        RenderInline {SPAN} at (0,0) size 81x15
          RenderText {#text} at (0,0) size 81x15
            text run at (0,0) width 81: "Should be 13px"
      RenderBlock {PRE} at (0,125) size 784x16
        RenderInline {SPAN} at (0,0) size 81x15
          RenderText {#text} at (0,0) size 81x15
            text run at (0,0) width 81: "Should be 13px"
      RenderBlock {P} at (0,157) size 784x18
        RenderInline {SPAN} at (0,0) size 81x15
          RenderText {#text} at (0,2) size 81x15
            text run at (0,2) width 81: "Should be 13px"
      RenderBlock {P} at (0,191) size 784x19
        RenderInline {TT} at (0,0) size 101x18
          RenderInline {SPAN} at (0,0) size 101x17
            RenderText {#text} at (0,0) size 101x17
              text run at (0,0) width 101: "Should be 16px"
      RenderBlock {P} at (0,226) size 784x18
        RenderInline {TT} at (0,0) size 101x16
          RenderInline {SPAN} at (0,0) size 101x17
            RenderText {#text} at (0,0) size 101x17
              text run at (0,0) width 101: "Should be 16px"
      RenderBlock {P} at (0,260) size 784x22
        RenderInline {TT} at (0,0) size 121x16
          RenderInline {SPAN} at (0,0) size 121x21
            RenderText {#text} at (0,0) size 121x21
              text run at (0,0) width 121: "Should be 19px"
