layer at (0,0) size 785x773
  RenderView at (0,0) size 785x600
layer at (0,0) size 785x773
  RenderBlock {html} at (0,0) size 785x772.84
    RenderBody {body} at (11.52,11.52) size 761.97x738.30
      RenderBlock (anonymous) at (0,0) size 761.97x54
        RenderText {#text} at (0,0) size 756x53
          text run at (0,0) width 357: "The two blocks should look identical. "
          text run at (357,0) width 399: "One uses an SVG, and the other just uses a"
          text run at (0,27) width 175: "normal HTML div."
      RenderBlock {p} at (0,77.03) size 761.97x27
        RenderText {#text} at (0,0) size 524x26
          text run at (0,0) width 524: "There should be a red, white and blue pattern below this"
      RenderSVGRoot {svg} at (25,152) size 202x202
        RenderSVGRect {rect} at (53,180) size 146x146 [fill={[type=SOLID] [color=#0000FF]}] [x=0.00] [y=0.00] [width=100.00] [height=100.00]
      RenderBlock {p} at (0,356.63) size 761.97x27
        RenderText {#text} at (0,0) size 523x26
          text run at (0,0) width 523: "There should be a red, white and blue pattern above this"
      RenderBlock {hr} at (0,406.66) size 761.97x2 [border: (1px inset #EEEEEE)]
      RenderBlock {p} at (0,431.69) size 761.97x27
        RenderText {#text} at (0,0) size 524x26
          text run at (0,0) width 524: "There should be a red, white and blue pattern below this"
      RenderBlock (floating) {div} at (14.39,496.11) size 200.80x200.80 [border: (14px solid #FF0000)]
        RenderBlock {div} at (28.39,28.39) size 144x144 [bgcolor=#0000FF]
      RenderBlock {p} at (0,711.30) size 761.97x27
        RenderText {#text} at (0,0) size 523x26
          text run at (0,0) width 523: "There should be a red, white and blue pattern above this"
