layer at (0,0) size 800x600
  RenderView at (0,0) size 800x600
layer at (0,0) size 800x60
  RenderBlock {HTML} at (0,0) size 800x60
    RenderBody {BODY} at (8,8) size 784x44
      RenderTextControl {INPUT} at (0,0) size 153x22 [bgcolor=#FFFFFF] [border: (2px inset #EEEEEE)]
        RenderFlexibleBox {DIV} at (2,3) size 149x16
          RenderBlock {DIV} at (0,0) size 116.14x16
          RenderDetailsMarker {DIV} at (116.14,1.33) size 17.86x13.33: down
          RenderBlock {DIV} at (134,0) size 15x16
      RenderText {#text} at (153,1) size 4x19
        text run at (153,1) width 4: " "
      RenderTextControl {INPUT} at (157,0) size 153x22 [bgcolor=#FFFFFF] [border: (2px inset #EEEEEE)]
        RenderFlexibleBox {DIV} at (2,3) size 149x16
          RenderBlock {DIV} at (0,0) size 116.14x16
          RenderDetailsMarker {DIV} at (116.14,1.33) size 17.86x13.33: down
          RenderBlock {DIV} at (134,0) size 15x16
      RenderText {#text} at (310,1) size 4x19
        text run at (310,1) width 4: " "
      RenderBR {BR} at (314,1) size 0x19
      RenderTextControl {INPUT} at (0,22) size 153x22 [color=#545454] [bgcolor=#EBEBE4] [border: (2px inset #EEEEEE)]
        RenderFlexibleBox {DIV} at (2,3) size 149x16
          RenderBlock {DIV} at (0,0) size 116.14x16
      RenderText {#text} at (153,23) size 4x19
        text run at (153,23) width 4: " "
      RenderTextControl {INPUT} at (157,22) size 153x22 [bgcolor=#FFFFFF] [border: (2px inset #EEEEEE)]
        RenderFlexibleBox {DIV} at (2,3) size 149x16
          RenderBlock {DIV} at (0,0) size 116.14x16
      RenderText {#text} at (0,0) size 0x0
      RenderText {#text} at (0,0) size 0x0
layer at (10,11) size 116x16
  RenderBlock {DIV} at (0,0) size 116.14x16
layer at (167,11) size 116x16
  RenderBlock {DIV} at (0,0) size 116.14x16
layer at (10,33) size 116x16
  RenderBlock {DIV} at (0,0) size 116.14x16
layer at (167,33) size 116x16
  RenderBlock {DIV} at (0,0) size 116.14x16
hidden layer at (126,34) size 18x14 transparent
  RenderDetailsMarker {DIV} at (116.14,1.33) size 17.86x13.33: down
layer at (144,33) size 15x16 transparent
  RenderBlock {DIV} at (134,0) size 15x16
hidden layer at (283,34) size 18x14 transparent
  RenderDetailsMarker {DIV} at (116.14,1.33) size 17.86x13.33: down
layer at (301,33) size 15x16 transparent
  RenderBlock {DIV} at (134,0) size 15x16
caret: position 0 of child 0 {DIV} of child 0 {DIV} of child 0 {DIV} of {#document-fragment} of child 3 {INPUT} of body
