layer at (0,0) size 800x600
  RenderView at (0,0) size 800x600
layer at (0,0) size 800x60
  RenderBlock {HTML} at (0,0) size 800x60
    RenderBody {BODY} at (8,8) size 784x44
      RenderBR {BR} at (153,1) size 0x19
      RenderTextControl {INPUT} at (0,22) size 153x22 [bgcolor=#FFFFFF] [border: (2px inset #EEEEEE)]
        RenderFlexibleBox {DIV} at (2,3) size 149x16
          RenderBlock {DIV} at (0,0) size 134x16
      RenderText {#text} at (0,0) size 0x0
layer at (10,33) size 134x16
  RenderBlock {DIV} at (0,0) size 134x16
    RenderText {#text} at (0,0) size 14x16
      text run at (0,0) width 14: "10"
layer at (8,8) size 153x22 transparent
  RenderTextControl {INPUT} at (0,0) size 153x22 [bgcolor=#FFFFFF] [border: (2px inset #EEEEEE)]
    RenderFlexibleBox {DIV} at (2,3) size 149x16
      RenderBlock {DIV} at (0,0) size 134x16
layer at (10,11) size 134x16
  RenderBlock {DIV} at (0,0) size 134x16
    RenderText {#text} at (0,0) size 14x16
      text run at (0,0) width 14: "10"
layer at (144,11) size 15x16 transparent
  RenderBlock {DIV} at (134,0) size 15x16
layer at (144,33) size 15x16 transparent
  RenderBlock {DIV} at (134,0) size 15x16
