layer at (0,0) size 800x600
  RenderView at (0,0) size 800x600
layer at (0,0) size 800x176
  RenderBlock {html} at (0,0) size 800x176
    RenderBody {body} at (8,16) size 784x144
      RenderBlock {p} at (0,0) size 784x16
        RenderText {#text} at (0,0) size 185x16
          text run at (0,0) width 185: "This line should be unstyled."
      RenderBlock {p} at (0,32) size 784x16 [bgcolor=#00FF00]
        RenderText {#text} at (0,0) size 272x16
          text run at (0,0) width 272: "This line should have a green background."
      RenderBlock {q} at (0,64) size 784x16 [bgcolor=#00FF00]
        RenderText {#text} at (0,0) size 272x16
          text run at (0,0) width 272: "This line should have a green background."
      RenderBlock {p} at (0,96) size 784x16
        RenderText {#text} at (0,0) size 192x16
          text run at (0,0) width 192: "This line should be unstyleed."
      RenderBlock {p} at (0,128) size 784x16 [bgcolor=#00FF00]
        RenderText {#text} at (0,0) size 272x16
          text run at (0,0) width 272: "This line should have a green background."
