layer at (0,0) size 800x600
  RenderView at (0,0) size 800x600
layer at (0,0) size 800x128
  RenderBlock {html} at (0,0) size 800x128
    RenderBody {body} at (8,16) size 784x96
      RenderBlock {p} at (0,0) size 784x16 [color=#000080]
        RenderText {#text} at (0,0) size 163x16
          text run at (0,0) width 163: "The background color of "
        RenderInline {a} at (0,0) size 117x16 [color=#0000EE]
          RenderText {#text} at (162,0) size 81x16
            text run at (162,0) width 81: "this anchor ("
          RenderInline {strong} at (0,0) size 31x16
            RenderText {#text} at (242,0) size 31x16
              text run at (242,0) width 31: "here"
          RenderText {#text} at (272,0) size 7x16
            text run at (272,0) width 7: ")"
        RenderText {#text} at (278,0) size 394x16
          text run at (278,0) width 394: " should turn to green when the pointing device hovers over it."
      RenderBlock {p} at (0,32) size 784x16 [color=#000080]
        RenderText {#text} at (0,0) size 163x16
          text run at (0,0) width 163: "The background color of "
        RenderInline {a} at (0,0) size 117x16 [color=#FFFFFF] [bgcolor=#008000]
          RenderText {#text} at (162,0) size 81x16
            text run at (162,0) width 81: "this anchor ("
          RenderInline {strong} at (0,0) size 31x16
            RenderText {#text} at (242,0) size 31x16
              text run at (242,0) width 31: "here"
          RenderText {#text} at (272,0) size 7x16
            text run at (272,0) width 7: ")"
        RenderText {#text} at (278,0) size 51x16
          text run at (278,0) width 51: " should "
        RenderInline {strong} at (0,0) size 219x16
          RenderText {#text} at (328,0) size 219x16
            text run at (328,0) width 219: "remain green when you hover it"
        RenderText {#text} at (546,0) size 5x16
          text run at (546,0) width 5: "."
      RenderBlock {p} at (0,64) size 784x32 [color=#000080]
        RenderText {#text} at (0,0) size 163x16
          text run at (0,0) width 163: "The background color of "
        RenderInline {a} at (0,0) size 117x16 [color=#FFFFFF] [bgcolor=#008000]
          RenderText {#text} at (162,0) size 81x16
            text run at (162,0) width 81: "this anchor ("
          RenderInline {strong} at (0,0) size 31x16
            RenderText {#text} at (242,0) size 31x16
              text run at (242,0) width 31: "here"
          RenderText {#text} at (272,0) size 7x16
            text run at (272,0) width 7: ")"
        RenderText {#text} at (278,0) size 51x16
          text run at (278,0) width 51: " should "
        RenderInline {strong} at (0,0) size 363x16
          RenderText {#text} at (328,0) size 363x16
            text run at (328,0) width 363: "remain green when the pointing device hovers over it"
        RenderText {#text} at (690,0) size 741x32
          text run at (690,0) width 51: " (do not"
          text run at (0,16) width 108: "follow that link)."
