layer at (0,0) size 800x600
  RenderView at (0,0) size 800x600
layer at (0,0) size 800x470
  RenderBlock {html} at (0,0) size 800x470
    RenderBody {body} at (8,16) size 784x446
      RenderBlock {ul} at (0,0) size 784x96
        RenderListItem {li} at (40,0) size 744x16 [bgcolor=#00FF00]
          RenderListMarker at (-16,0) size 6x16: bullet
          RenderText {#text} at (0,0) size 326x16
            text run at (0,0) width 326: "This first list item should have a green background"
        RenderListItem {li} at (40,16) size 744x16
          RenderListMarker at (-16,0) size 6x16: bullet
          RenderText {#text} at (0,0) size 104x16
            text run at (0,0) width 104: "Second list item"
        RenderListItem {li} at (40,32) size 744x16 [bgcolor=#00FF00]
          RenderListMarker at (-16,0) size 6x16: bullet
          RenderText {#text} at (0,0) size 330x16
            text run at (0,0) width 330: "This third list item should have a green background"
        RenderListItem {li} at (40,48) size 744x16
          RenderListMarker at (-16,0) size 6x16: bullet
          RenderText {#text} at (0,0) size 99x16
            text run at (0,0) width 99: "Fourth list item"
        RenderListItem {li} at (40,64) size 744x16 [bgcolor=#00FF00]
          RenderListMarker at (-16,0) size 6x16: bullet
          RenderText {#text} at (0,0) size 328x16
            text run at (0,0) width 328: "This fifth list item should have a green background"
        RenderListItem {li} at (40,80) size 744x16
          RenderListMarker at (-16,0) size 6x16: bullet
          RenderText {#text} at (0,0) size 90x16
            text run at (0,0) width 90: "Sixth list item"
      RenderBlock {ol} at (0,112) size 784x96
        RenderListItem {li} at (40,0) size 744x16
          RenderListMarker at (-20,0) size 16x16: "1"
          RenderText {#text} at (0,0) size 86x16
            text run at (0,0) width 86: "First list item"
        RenderListItem {li} at (40,16) size 744x16 [bgcolor=#00FF00]
          RenderListMarker at (-20,0) size 16x16: "2"
          RenderText {#text} at (0,0) size 344x16
            text run at (0,0) width 344: "This second list item should have a green background"
        RenderListItem {li} at (40,32) size 744x16
          RenderListMarker at (-20,0) size 16x16: "3"
          RenderText {#text} at (0,0) size 92x16
            text run at (0,0) width 92: "Third list item"
        RenderListItem {li} at (40,48) size 744x16 [bgcolor=#00FF00]
          RenderListMarker at (-20,0) size 16x16: "4"
          RenderText {#text} at (0,0) size 339x16
            text run at (0,0) width 339: "This fourth list item should have a green background"
        RenderListItem {li} at (40,64) size 744x16
          RenderListMarker at (-20,0) size 16x16: "5"
          RenderText {#text} at (0,0) size 88x16
            text run at (0,0) width 88: "Fifth list item"
        RenderListItem {li} at (40,80) size 744x16 [bgcolor=#00FF00]
          RenderListMarker at (-20,0) size 16x16: "6"
          RenderText {#text} at (0,0) size 331x16
            text run at (0,0) width 331: "This sixth list item should have a green background"
      RenderBlock {div} at (0,224) size 784x222
        RenderTable {table} at (0,0) size 163x136 [border: (1px outset #808080)]
          RenderTableSection (anonymous) at (1,1) size 161x134
            RenderTableRow {tr} at (0,2) size 161x20 [bgcolor=#00FF00]
              RenderTableCell {td} at (2,2) size 105x20 [border: (1px solid #000000)] [r=0 c=0 rs=1 cs=1]
                RenderText {#text} at (2,2) size 101x16
                  text run at (2,2) width 101: "Green row : 1.1"
              RenderTableCell {td} at (109,2) size 24x20 [border: (1px solid #000000)] [r=0 c=1 rs=1 cs=1]
                RenderText {#text} at (2,2) size 20x16
                  text run at (2,2) width 20: "1.2"
              RenderTableCell {td} at (135,2) size 24x20 [border: (1px solid #000000)] [r=0 c=2 rs=1 cs=1]
                RenderText {#text} at (2,2) size 20x16
                  text run at (2,2) width 20: "1.3"
            RenderTableRow {tr} at (0,24) size 161x20 [bgcolor=#00FF00]
              RenderTableCell {td} at (2,24) size 105x20 [border: (1px solid #000000)] [r=1 c=0 rs=1 cs=1]
                RenderText {#text} at (2,2) size 101x16
                  text run at (2,2) width 101: "Green row : 2.1"
              RenderTableCell {td} at (109,24) size 24x20 [border: (1px solid #000000)] [r=1 c=1 rs=1 cs=1]
                RenderText {#text} at (2,2) size 20x16
                  text run at (2,2) width 20: "2.2"
              RenderTableCell {td} at (135,24) size 24x20 [border: (1px solid #000000)] [r=1 c=2 rs=1 cs=1]
                RenderText {#text} at (2,2) size 20x16
                  text run at (2,2) width 20: "2.3"
            RenderTableRow {tr} at (0,46) size 161x20
              RenderTableCell {td} at (2,46) size 105x20 [border: (1px solid #000000)] [r=2 c=0 rs=1 cs=1]
                RenderText {#text} at (2,2) size 20x16
                  text run at (2,2) width 20: "3.1"
              RenderTableCell {td} at (109,46) size 24x20 [border: (1px solid #000000)] [r=2 c=1 rs=1 cs=1]
                RenderText {#text} at (2,2) size 20x16
                  text run at (2,2) width 20: "3.2"
              RenderTableCell {td} at (135,46) size 24x20 [border: (1px solid #000000)] [r=2 c=2 rs=1 cs=1]
                RenderText {#text} at (2,2) size 20x16
                  text run at (2,2) width 20: "3.3"
            RenderTableRow {tr} at (0,68) size 161x20
              RenderTableCell {td} at (2,68) size 105x20 [border: (1px solid #000000)] [r=3 c=0 rs=1 cs=1]
                RenderText {#text} at (2,2) size 20x16
                  text run at (2,2) width 20: "4.1"
              RenderTableCell {td} at (109,68) size 24x20 [border: (1px solid #000000)] [r=3 c=1 rs=1 cs=1]
                RenderText {#text} at (2,2) size 20x16
                  text run at (2,2) width 20: "4.2"
              RenderTableCell {td} at (135,68) size 24x20 [border: (1px solid #000000)] [r=3 c=2 rs=1 cs=1]
                RenderText {#text} at (2,2) size 20x16
                  text run at (2,2) width 20: "4.3"
            RenderTableRow {tr} at (0,90) size 161x20
              RenderTableCell {td} at (2,90) size 105x20 [border: (1px solid #000000)] [r=4 c=0 rs=1 cs=1]
                RenderText {#text} at (2,2) size 20x16
                  text run at (2,2) width 20: "5.1"
              RenderTableCell {td} at (109,90) size 24x20 [border: (1px solid #000000)] [r=4 c=1 rs=1 cs=1]
                RenderText {#text} at (2,2) size 20x16
                  text run at (2,2) width 20: "5.2"
              RenderTableCell {td} at (135,90) size 24x20 [border: (1px solid #000000)] [r=4 c=2 rs=1 cs=1]
                RenderText {#text} at (2,2) size 20x16
                  text run at (2,2) width 20: "5.3"
            RenderTableRow {tr} at (0,112) size 161x20
              RenderTableCell {td} at (2,112) size 105x20 [border: (1px solid #000000)] [r=5 c=0 rs=1 cs=1]
                RenderText {#text} at (2,2) size 20x16
                  text run at (2,2) width 20: "6.1"
              RenderTableCell {td} at (109,112) size 24x20 [border: (1px solid #000000)] [r=5 c=1 rs=1 cs=1]
                RenderText {#text} at (2,2) size 20x16
                  text run at (2,2) width 20: "6.2"
              RenderTableCell {td} at (135,112) size 24x20 [border: (1px solid #000000)] [r=5 c=2 rs=1 cs=1]
                RenderText {#text} at (2,2) size 20x16
                  text run at (2,2) width 20: "6.3"
        RenderBlock {p} at (0,152) size 784x0
        RenderTable {table} at (0,152) size 427x70 [border: (1px outset #808080)]
          RenderTableSection (anonymous) at (1,1) size 425x68
            RenderTableRow {tr} at (0,2) size 425x20
              RenderTableCell {td} at (2,2) size 67x20 [bgcolor=#00FF00] [border: (1px solid #000000)] [r=0 c=0 rs=1 cs=1]
                RenderText {#text} at (2,2) size 63x16
                  text run at (2,2) width 63: "green cell"
              RenderTableCell {td} at (71,2) size 24x20 [border: (1px solid #000000)] [r=0 c=1 rs=1 cs=1]
                RenderText {#text} at (2,2) size 20x16
                  text run at (2,2) width 20: "1.2"
              RenderTableCell {td} at (97,2) size 67x20 [bgcolor=#00FF00] [border: (1px solid #000000)] [r=0 c=2 rs=1 cs=1]
                RenderText {#text} at (2,2) size 63x16
                  text run at (2,2) width 63: "green cell"
              RenderTableCell {td} at (166,2) size 67x20 [bgcolor=#00FF00] [border: (1px solid #000000)] [r=0 c=3 rs=1 cs=1]
                RenderText {#text} at (2,2) size 63x16
                  text run at (2,2) width 63: "green cell"
              RenderTableCell {td} at (235,2) size 24x20 [border: (1px solid #000000)] [r=0 c=4 rs=1 cs=1]
                RenderText {#text} at (2,2) size 20x16
                  text run at (2,2) width 20: "1.5"
              RenderTableCell {td} at (261,2) size 67x20 [bgcolor=#00FF00] [border: (1px solid #000000)] [r=0 c=5 rs=1 cs=1]
                RenderText {#text} at (2,2) size 63x16
                  text run at (2,2) width 63: "green cell"
              RenderTableCell {td} at (330,2) size 67x20 [bgcolor=#00FF00] [border: (1px solid #000000)] [r=0 c=6 rs=1 cs=1]
                RenderText {#text} at (2,2) size 63x16
                  text run at (2,2) width 63: "green cell"
              RenderTableCell {td} at (399,2) size 24x20 [border: (1px solid #000000)] [r=0 c=7 rs=1 cs=1]
                RenderText {#text} at (2,2) size 20x16
                  text run at (2,2) width 20: "1.8"
            RenderTableRow {tr} at (0,24) size 425x20
              RenderTableCell {td} at (2,24) size 67x20 [bgcolor=#00FF00] [border: (1px solid #000000)] [r=1 c=0 rs=1 cs=1]
                RenderText {#text} at (2,2) size 63x16
                  text run at (2,2) width 63: "green cell"
              RenderTableCell {td} at (71,24) size 24x20 [border: (1px solid #000000)] [r=1 c=1 rs=1 cs=1]
                RenderText {#text} at (2,2) size 20x16
                  text run at (2,2) width 20: "2.2"
              RenderTableCell {td} at (97,24) size 67x20 [bgcolor=#00FF00] [border: (1px solid #000000)] [r=1 c=2 rs=1 cs=1]
                RenderText {#text} at (2,2) size 63x16
                  text run at (2,2) width 63: "green cell"
              RenderTableCell {td} at (166,24) size 67x20 [bgcolor=#00FF00] [border: (1px solid #000000)] [r=1 c=3 rs=1 cs=1]
                RenderText {#text} at (2,2) size 63x16
                  text run at (2,2) width 63: "green cell"
              RenderTableCell {td} at (235,24) size 24x20 [border: (1px solid #000000)] [r=1 c=4 rs=1 cs=1]
                RenderText {#text} at (2,2) size 20x16
                  text run at (2,2) width 20: "2.5"
              RenderTableCell {td} at (261,24) size 67x20 [bgcolor=#00FF00] [border: (1px solid #000000)] [r=1 c=5 rs=1 cs=1]
                RenderText {#text} at (2,2) size 63x16
                  text run at (2,2) width 63: "green cell"
              RenderTableCell {td} at (330,24) size 67x20 [bgcolor=#00FF00] [border: (1px solid #000000)] [r=1 c=6 rs=1 cs=1]
                RenderText {#text} at (2,2) size 63x16
                  text run at (2,2) width 63: "green cell"
              RenderTableCell {td} at (399,24) size 24x20 [border: (1px solid #000000)] [r=1 c=7 rs=1 cs=1]
                RenderText {#text} at (2,2) size 20x16
                  text run at (2,2) width 20: "2.8"
            RenderTableRow {tr} at (0,46) size 425x20
              RenderTableCell {td} at (2,46) size 67x20 [bgcolor=#00FF00] [border: (1px solid #000000)] [r=2 c=0 rs=1 cs=1]
                RenderText {#text} at (2,2) size 63x16
                  text run at (2,2) width 63: "green cell"
              RenderTableCell {td} at (71,46) size 24x20 [border: (1px solid #000000)] [r=2 c=1 rs=1 cs=1]
                RenderText {#text} at (2,2) size 20x16
                  text run at (2,2) width 20: "3.2"
              RenderTableCell {td} at (97,46) size 67x20 [bgcolor=#00FF00] [border: (1px solid #000000)] [r=2 c=2 rs=1 cs=1]
                RenderText {#text} at (2,2) size 63x16
                  text run at (2,2) width 63: "green cell"
              RenderTableCell {td} at (166,46) size 67x20 [bgcolor=#00FF00] [border: (1px solid #000000)] [r=2 c=3 rs=1 cs=1]
                RenderText {#text} at (2,2) size 63x16
                  text run at (2,2) width 63: "green cell"
              RenderTableCell {td} at (235,46) size 24x20 [border: (1px solid #000000)] [r=2 c=4 rs=1 cs=1]
                RenderText {#text} at (2,2) size 20x16
                  text run at (2,2) width 20: "3.5"
              RenderTableCell {td} at (261,46) size 67x20 [bgcolor=#00FF00] [border: (1px solid #000000)] [r=2 c=5 rs=1 cs=1]
                RenderText {#text} at (2,2) size 63x16
                  text run at (2,2) width 63: "green cell"
              RenderTableCell {td} at (330,46) size 67x20 [bgcolor=#00FF00] [border: (1px solid #000000)] [r=2 c=6 rs=1 cs=1]
                RenderText {#text} at (2,2) size 63x16
                  text run at (2,2) width 63: "green cell"
              RenderTableCell {td} at (399,46) size 24x20 [border: (1px solid #000000)] [r=2 c=7 rs=1 cs=1]
                RenderText {#text} at (2,2) size 20x16
                  text run at (2,2) width 20: "3.8"
