layer at (0,0) size 800x600
  RenderView at (0,0) size 800x600
layer at (0,0) size 800x112
  RenderBlock {html} at (0,0) size 800x112
    RenderBody {body} at (8,16) size 784x80
      RenderBlock {p} at (0,0) size 784x80 [color=#008000]
        RenderBR {br} at (0,0) size 0x64
        RenderText {#text} at (0,64) size 166x16
          text run at (0,64) width 166: "This line should be green."
