CONSOLE ERROR: line 27: Uncaught TypeError: undefined is not a function
layer at (0,0) size 800x600
  RenderView at (0,0) size 800x600
layer at (0,0) size 800x176
  RenderBlock {html} at (0,0) size 800x176
    RenderBody {body} at (8,16) size 784x144
      RenderBlock {p} at (0,0) size 784x16 [color=#000080]
        RenderText {#text} at (0,0) size 515x16
          text run at (0,0) width 515: "This test requires support for two or more of XHTML, xml:id, and DOM3 Core."
      RenderBlock {div} at (0,32) size 784x16 [color=#FF0000]
        RenderText {#text} at (0,0) size 166x16
          text run at (0,0) width 166: "This line should be green."
      RenderBlock {p} at (0,64) size 784x16 [color=#008000]
        RenderText {#text} at (0,0) size 166x16
          text run at (0,0) width 166: "This line should be green."
      RenderBlock {p} at (0,96) size 784x16 [color=#008000]
        RenderText {#text} at (0,0) size 166x16
          text run at (0,0) width 166: "This line should be green."
      RenderBlock {p} at (0,128) size 784x16 [color=#008000]
        RenderText {#text} at (0,0) size 166x16
          text run at (0,0) width 166: "This line should be green."
