layer at (0,0) size 800x600
  RenderView at (0,0) size 800x600
layer at (0,0) size 800x112
  RenderBlock {html} at (0,0) size 800x112
    RenderBody {body} at (8,16) size 784x80
      RenderBlock {p} at (0,0) size 784x80
        RenderText {#text} at (0,0) size 782x80
          text run at (0,0) width 258: "This very long paragraph should have a "
          text run at (257,0) width 501: "first line with green background. This very long paragraph should have a first "
          text run at (757,0) width 25: "line"
          text run at (0,16) width 156: "with green background. "
          text run at (155,16) width 316: "This very long paragraph should have a first line "
          text run at (470,16) width 250: "with green background. This very long"
          text run at (0,32) width 251: "paragraph should have a first line with "
          text run at (250,32) width 507: "green background. This very long paragraph should have a first line with green"
          text run at (0,48) width 555: "background. This very long paragraph should have a first line with green background. "
          text run at (554,48) width 209: "This very long paragraph should"
          text run at (0,64) width 255: "have a first line with green background."
