layer at (0,0) size 800x600
  RenderView at (0,0) size 800x600
layer at (0,0) size 800x208
  RenderBlock {html} at (0,0) size 800x208
    RenderBody {body} at (8,16) size 784x176
      RenderBlock {p} at (0,0) size 784x16 [color=#008000]
        RenderText {#text} at (0,0) size 166x16
          text run at (0,0) width 166: "This text should be green."
      RenderBlock {p} at (0,32) size 784x16 [color=#008000]
        RenderText {#text} at (0,0) size 166x16
          text run at (0,0) width 166: "This text should be green."
      RenderBlock {p} at (0,64) size 784x16 [color=#008000]
        RenderText {#text} at (0,0) size 166x16
          text run at (0,0) width 166: "This text should be green."
      RenderBlock {p} at (0,96) size 784x16 [color=#008000]
        RenderText {#text} at (0,0) size 166x16
          text run at (0,0) width 166: "This text should be green."
      RenderBlock {p} at (0,128) size 784x16 [color=#008000]
        RenderText {#text} at (0,0) size 166x16
          text run at (0,0) width 166: "This text should be green."
      RenderBlock {p} at (0,160) size 784x16 [color=#008000]
        RenderText {#text} at (0,0) size 166x16
          text run at (0,0) width 166: "This text should be green."
