layer at (0,0) size 800x600
  RenderView at (0,0) size 800x600
layer at (0,0) size 800x80
  RenderBlock {html} at (0,0) size 800x80
    RenderBody {body} at (8,16) size 784x48
      RenderBlock {div} at (0,0) size 784x48
        RenderBlock {p} at (0,0) size 784x16 [color=#00FF00]
          RenderInline {span} at (0,0) size 501x16 [color=#000000]
            RenderText {#text} at (0,0) size 501x16
              text run at (0,0) width 501: "The color of this text should be green when the pointing device hovers over it."
          RenderText {#text} at (0,0) size 0x0
        RenderBlock {p} at (0,32) size 784x16 [color=#00FF00]
          RenderInline {a} at (0,0) size 501x16 [color=#000000]
            RenderText {#text} at (0,0) size 501x16
              text run at (0,0) width 501: "The color of this text should be green when the pointing device hovers over it."
          RenderText {#text} at (0,0) size 0x0
