layer at (0,0) size 800x600
  RenderView at (0,0) size 800x600
layer at (0,0) size 800x128
  RenderBlock {html} at (0,0) size 800x128
    RenderBody {body} at (8,16) size 784x96
      RenderBlock {blockquote} at (40,0) size 704x16
        RenderBlock {div} at (0,0) size 704x16
          RenderText {#text} at (0,0) size 185x16
            text run at (0,0) width 185: "This text should be unstyled."
      RenderBlock {div} at (0,32) size 784x16
        RenderText {#text} at (0,0) size 185x16
          text run at (0,0) width 185: "This text should be unstyled."
      RenderBlock {div} at (0,48) size 784x16
        RenderText {#text} at (0,0) size 185x16
          text run at (0,0) width 185: "This text should be unstyled."
      RenderBlock {p} at (0,80) size 784x16 [color=#008000]
        RenderText {#text} at (0,0) size 166x16
          text run at (0,0) width 166: "This text should be green."
