layer at (0,0) size 800x600
  RenderView at (0,0) size 800x600
layer at (0,0) size 800x208
  RenderBlock {html} at (0,0) size 800x208
    RenderBody {body} at (8,16) size 784x176
      RenderBlock {div} at (0,0) size 784x176
        RenderBlock {p} at (0,0) size 784x16
          RenderText {#text} at (0,0) size 225x16
            text run at (0,0) width 225: "This paragraph should be unstyled."
        RenderBlock {p} at (0,32) size 784x16 [bgcolor=#00FF00]
          RenderText {#text} at (0,0) size 312x16
            text run at (0,0) width 312: "This paragraph should have a green background."
        RenderBlock {q} at (0,64) size 784x16 [bgcolor=#00FF00]
          RenderText {#text} at (0,0) size 312x16
            text run at (0,0) width 312: "This paragraph should have a green background."
        RenderBlock {r} at (0,96) size 784x16
          RenderText {#text} at (0,0) size 225x16
            text run at (0,0) width 225: "This paragraph should be unstyled."
        RenderBlock {s} at (0,128) size 784x16
          RenderText {#text} at (0,0) size 225x16
            text run at (0,0) width 225: "This paragraph should be unstyled."
        RenderBlock {t} at (0,160) size 784x16 [bgcolor=#00FF00]
          RenderText {#text} at (0,0) size 312x16
            text run at (0,0) width 312: "This paragraph should have a green background."
