layer at (0,0) size 800x600
  RenderView at (0,0) size 800x600
layer at (0,0) size 800x176
  RenderBlock {html} at (0,0) size 800x176
    RenderBody {body} at (8,16) size 784x144
      RenderBlock {div} at (0,0) size 784x144
        RenderBlock {p} at (0,0) size 784x16 [bgcolor=#00FF00]
          RenderText {#text} at (0,0) size 312x16
            text run at (0,0) width 312: "This paragraph should have a green background."
        RenderBlock {p} at (0,32) size 784x16
          RenderText {#text} at (0,0) size 206x16
            text run at (0,0) width 206: "But this one should be unstyled."
        RenderBlock {p} at (0,64) size 784x16
          RenderText {#text} at (0,0) size 240x16
            text run at (0,0) width 240: "And this one should also be unstyled."
        RenderBlock {address} at (0,96) size 784x16 [bgcolor=#00FF00]
          RenderText {#text} at (0,0) size 684x16
            text run at (0,0) width 684: "This address is only here to fill some space between two paragraphs and should have a green background."
        RenderBlock {p} at (0,128) size 784x16 [bgcolor=#00FF00]
          RenderText {#text} at (0,0) size 336x16
            text run at (0,0) width 336: "This paragraph should have a green background too."
