layer at (0,0) size 800x600
  RenderView at (0,0) size 800x600
layer at (0,0) size 800x48
  RenderBlock {html} at (0,0) size 800x48
    RenderBody {body} at (8,16) size 784x16
      RenderBlock {p} at (0,0) size 784x16
        RenderInline {a} at (0,0) size 262x16 [color=#0000EE] [bgcolor=#00FF00]
          RenderText {#text} at (0,0) size 262x16
            text run at (0,0) width 262: "This link should have green background."
        RenderText {#text} at (261,0) size 156x16
          text run at (261,0) width 156: " (Don't follow this link.)"
