layer at (0,0) size 800x600
  RenderView at (0,0) size 800x600
layer at (0,0) size 800x128
  RenderBlock {html} at (0,0) size 800x128
    RenderBody {body} at (8,8) size 784x112
      RenderBlock {tests} at (0,0) size 784x112 [color=#FF0000]
        RenderBlock {testA} at (0,0) size 784x16 [color=#008000]
          RenderText {#text} at (0,0) size 138x16
            text run at (0,0) width 138: "This should be green."
        RenderBlock {testB} at (0,16) size 784x16 [color=#008000]
          RenderText {#text} at (0,0) size 138x16
            text run at (0,0) width 138: "This should be green."
        RenderBlock {testC} at (0,32) size 784x16 [color=#008000]
          RenderText {#text} at (0,0) size 138x16
            text run at (0,0) width 138: "This should be green."
        RenderBlock {testD} at (0,48) size 784x16 [color=#008000]
          RenderText {#text} at (0,0) size 138x16
            text run at (0,0) width 138: "This should be green."
        RenderBlock {testE} at (0,64) size 784x16 [color=#008000]
          RenderText {#text} at (0,0) size 138x16
            text run at (0,0) width 138: "This should be green."
        RenderBlock {testF} at (0,80) size 784x16 [color=#008000]
          RenderText {#text} at (0,0) size 138x16
            text run at (0,0) width 138: "This should be green."
        RenderBlock {testG} at (0,96) size 784x16 [color=#008000]
          RenderText {#text} at (0,0) size 138x16
            text run at (0,0) width 138: "This should be green."
