layer at (0,0) size 800x600
  RenderView at (0,0) size 800x600
layer at (0,0) size 800x272
  RenderBlock {html} at (0,0) size 800x272
    RenderBody {body} at (8,16) size 784x240
      RenderBlock {div} at (0,0) size 784x240
        RenderBlock {div} at (0,0) size 784x112
          RenderBlock {p} at (0,0) size 784x16 [bgcolor=#00FF00]
            RenderText {#text} at (0,0) size 312x16
              text run at (0,0) width 312: "This paragraph should have a green background."
          RenderBlock {p} at (0,32) size 784x16 [bgcolor=#00FF00]
            RenderText {#text} at (0,0) size 312x16
              text run at (0,0) width 312: "This paragraph should have a green background."
          RenderBlock {p} at (0,64) size 784x16 [bgcolor=#00FF00]
            RenderText {#text} at (0,0) size 312x16
              text run at (0,0) width 312: "This paragraph should have a green background."
          RenderBlock {p} at (0,96) size 784x16 [bgcolor=#00FF00]
            RenderText {#text} at (0,0) size 312x16
              text run at (0,0) width 312: "This paragraph should have a green background."
        RenderBlock {address} at (0,128) size 784x16 [bgcolor=#00FF00]
          RenderText {#text} at (0,0) size 300x16
            text run at (0,0) width 300: "This address should have a green background."
        RenderBlock {s} at (0,160) size 784x16 [bgcolor=#00FF00]
          RenderText {#text} at (0,0) size 312x16
            text run at (0,0) width 312: "This paragraph should have a green background."
        RenderBlock {t} at (0,192) size 784x16 [bgcolor=#00FF00]
          RenderText {#text} at (0,0) size 312x16
            text run at (0,0) width 312: "This paragraph should have a green background."
        RenderBlock {u} at (0,224) size 784x16 [bgcolor=#00FF00]
          RenderText {#text} at (0,0) size 312x16
            text run at (0,0) width 312: "This paragraph should have a green background."
