layer at (0,0) size 800x1353
  RenderView at (0,0) size 800x600
layer at (0,0) size 800x1353
  RenderBlock {HTML} at (0,0) size 800x1353
    RenderBody {BODY} at (8,8) size 784x1337
      RenderBlock {SECTION} at (0,0) size 785.55x1321
        RenderBlock {H1} at (0,0) size 785.55x27
          RenderText {#text} at (0,0) size 283x26
            text run at (0,0) width 283: "Font Size Scaling Pixel Test"
        RenderBlock {P} at (0,31) size 785.55x20
          RenderText {#text} at (0,0) size 768x19
            text run at (0,0) width 251: "Size of the text should scale smoothly. "
            text run at (250,0) width 518: "Reported width should be within 0.01px of that of the highlighted reference row."
        RenderBlock {DIV} at (0,55) size 785.55x1266
          RenderBlock {DIV} at (0,0) size 785.55x14 [border: none (1px solid #000000) none]
            RenderBlock {DIV} at (0,0) size 65x13
              RenderText {#text} at (17,0) size 43x13
                text run at (17,0) width 43: "Font Size"
            RenderBlock {DIV} at (65,0) size 65x13
              RenderText {#text} at (34,0) size 26x13
                text run at (34,0) width 26: "Width"
            RenderBlock {DIV} at (130,0) size 65x13
              RenderText {#text} at (9,0) size 51x13
                text run at (9,0) width 51: "Normalized"
            RenderBlock {DIV} at (195,0) size 65x13
              RenderText {#text} at (45,0) size 15x13
                text run at (45,0) width 15: "Diff"
            RenderInline {SPAN} at (0,0) size 36x13
              RenderText {#text} at (260,0) size 36x13
                text run at (260,0) width 36: "Content"
          RenderBlock {DIV} at (0,14) size 785.55x13
            RenderBlock {DIV} at (0,0) size 65x13
              RenderText {#text} at (34,0) size 26x13
                text run at (34,0) width 26: "10.00"
            RenderBlock {DIV} at (65,0) size 65x13
              RenderText {#text} at (29,0) size 31x13
                text run at (29,0) width 31: "212.34"
            RenderBlock {DIV} at (130,0) size 65x13
              RenderText {#text} at (29,0) size 31x13
                text run at (29,0) width 31: "254.81"
            RenderBlock {DIV} at (195,0) size 65x13
              RenderText {#text} at (40,0) size 20x13
                text run at (40,0) width 20: "0.00"
            RenderInline {SPAN} at (0,0) size 213x13
              RenderText {#text} at (260,0) size 213x13
                text run at (260,0) width 213: "Amazingly few discotheques provide jukeboxes."
          RenderBlock {DIV} at (0,27) size 785.55x13
            RenderBlock {DIV} at (0,0) size 65x13
              RenderText {#text} at (34,0) size 26x13
                text run at (34,0) width 26: "10.25"
            RenderBlock {DIV} at (65,0) size 65x13
              RenderText {#text} at (29,0) size 31x13
                text run at (29,0) width 31: "217.65"
            RenderBlock {DIV} at (130,0) size 65x13
              RenderText {#text} at (29,0) size 31x13
                text run at (29,0) width 31: "254.81"
            RenderBlock {DIV} at (195,0) size 65x13
              RenderText {#text} at (40,0) size 20x13
                text run at (40,0) width 20: "0.00"
            RenderInline {SPAN} at (0,0) size 218x13
              RenderText {#text} at (260,0) size 218x13
                text run at (260,0) width 218: "Amazingly few discotheques provide jukeboxes."
          RenderBlock {DIV} at (0,40) size 785.55x14
            RenderBlock {DIV} at (0,1) size 65x13
              RenderText {#text} at (34,0) size 26x13
                text run at (34,0) width 26: "10.50"
            RenderBlock {DIV} at (65,1) size 65x13
              RenderText {#text} at (29,0) size 31x13
                text run at (29,0) width 31: "222.96"
            RenderBlock {DIV} at (130,1) size 65x13
              RenderText {#text} at (29,0) size 31x13
                text run at (29,0) width 31: "254.81"
            RenderBlock {DIV} at (195,1) size 65x13
              RenderText {#text} at (40,0) size 20x13
                text run at (40,0) width 20: "0.00"
            RenderInline {SPAN} at (0,0) size 223x14
              RenderText {#text} at (260,0) size 223x14
                text run at (260,0) width 223: "Amazingly few discotheques provide jukeboxes."
          RenderBlock {DIV} at (0,54) size 785.55x14
            RenderBlock {DIV} at (0,1) size 65x13
              RenderText {#text} at (34,0) size 26x13
                text run at (34,0) width 26: "10.75"
            RenderBlock {DIV} at (65,1) size 65x13
              RenderText {#text} at (29,0) size 31x13
                text run at (29,0) width 31: "228.26"
            RenderBlock {DIV} at (130,1) size 65x13
              RenderText {#text} at (29,0) size 31x13
                text run at (29,0) width 31: "254.81"
            RenderBlock {DIV} at (195,1) size 65x13
              RenderText {#text} at (40,0) size 20x13
                text run at (40,0) width 20: "0.00"
            RenderInline {SPAN} at (0,0) size 229x14
              RenderText {#text} at (260,0) size 229x14
                text run at (260,0) width 229: "Amazingly few discotheques provide jukeboxes."
          RenderBlock {DIV} at (0,68) size 785.55x14
            RenderBlock {DIV} at (0,1) size 65x13
              RenderText {#text} at (34,0) size 26x13
                text run at (34,0) width 26: "11.00"
            RenderBlock {DIV} at (65,1) size 65x13
              RenderText {#text} at (29,0) size 31x13
                text run at (29,0) width 31: "233.57"
            RenderBlock {DIV} at (130,1) size 65x13
              RenderText {#text} at (29,0) size 31x13
                text run at (29,0) width 31: "254.81"
            RenderBlock {DIV} at (195,1) size 65x13
              RenderText {#text} at (40,0) size 20x13
                text run at (40,0) width 20: "0.00"
            RenderInline {SPAN} at (0,0) size 234x14
              RenderText {#text} at (260,0) size 234x14
                text run at (260,0) width 234: "Amazingly few discotheques provide jukeboxes."
          RenderBlock {DIV} at (0,82) size 785.55x14
            RenderBlock {DIV} at (0,1) size 65x13
              RenderText {#text} at (34,0) size 26x13
                text run at (34,0) width 26: "11.25"
            RenderBlock {DIV} at (65,1) size 65x13
              RenderText {#text} at (29,0) size 31x13
                text run at (29,0) width 31: "238.88"
            RenderBlock {DIV} at (130,1) size 65x13
              RenderText {#text} at (29,0) size 31x13
                text run at (29,0) width 31: "254.81"
            RenderBlock {DIV} at (195,1) size 65x13
              RenderText {#text} at (40,0) size 20x13
                text run at (40,0) width 20: "0.00"
            RenderInline {SPAN} at (0,0) size 239x14
              RenderText {#text} at (260,0) size 239x14
                text run at (260,0) width 239: "Amazingly few discotheques provide jukeboxes."
          RenderBlock {DIV} at (0,96) size 785.55x15
            RenderBlock {DIV} at (0,2) size 65x13
              RenderText {#text} at (34,0) size 26x13
                text run at (34,0) width 26: "11.50"
            RenderBlock {DIV} at (65,2) size 65x13
              RenderText {#text} at (29,0) size 31x13
                text run at (29,0) width 31: "244.19"
            RenderBlock {DIV} at (130,2) size 65x13
              RenderText {#text} at (29,0) size 31x13
                text run at (29,0) width 31: "254.81"
            RenderBlock {DIV} at (195,2) size 65x13
              RenderText {#text} at (40,0) size 20x13
                text run at (40,0) width 20: "0.00"
            RenderInline {SPAN} at (0,0) size 245x15
              RenderText {#text} at (260,0) size 245x15
                text run at (260,0) width 245: "Amazingly few discotheques provide jukeboxes."
          RenderBlock {DIV} at (0,111) size 785.55x15
            RenderBlock {DIV} at (0,2) size 65x13
              RenderText {#text} at (34,0) size 26x13
                text run at (34,0) width 26: "11.75"
            RenderBlock {DIV} at (65,2) size 65x13
              RenderText {#text} at (29,0) size 31x13
                text run at (29,0) width 31: "249.50"
            RenderBlock {DIV} at (130,2) size 65x13
              RenderText {#text} at (29,0) size 31x13
                text run at (29,0) width 31: "254.81"
            RenderBlock {DIV} at (195,2) size 65x13
              RenderText {#text} at (40,0) size 20x13
                text run at (40,0) width 20: "0.00"
            RenderInline {SPAN} at (0,0) size 250x15
              RenderText {#text} at (260,0) size 250x15
                text run at (260,0) width 250: "Amazingly few discotheques provide jukeboxes."
          RenderBlock {DIV} at (0,126) size 785.55x15 [bgcolor=#FBFCC5]
            RenderBlock {DIV} at (0,2) size 65x13
              RenderText {#text} at (34,0) size 26x13
                text run at (34,0) width 26: "12.00"
            RenderBlock {DIV} at (65,2) size 65x13
              RenderText {#text} at (29,0) size 31x13
                text run at (29,0) width 31: "254.81"
            RenderBlock {DIV} at (130,2) size 65x13
              RenderText {#text} at (29,0) size 31x13
                text run at (29,0) width 31: "254.81"
            RenderBlock {DIV} at (195,2) size 65x13
              RenderText {#text} at (40,0) size 20x13
                text run at (40,0) width 20: "0.00"
            RenderInline {SPAN} at (0,0) size 255x15
              RenderText {#text} at (260,0) size 255x15
                text run at (260,0) width 255: "Amazingly few discotheques provide jukeboxes."
          RenderBlock {DIV} at (0,141) size 785.55x15
            RenderBlock {DIV} at (0,2) size 65x13
              RenderText {#text} at (34,0) size 26x13
                text run at (34,0) width 26: "12.25"
            RenderBlock {DIV} at (65,2) size 65x13
              RenderText {#text} at (29,0) size 31x13
                text run at (29,0) width 31: "260.12"
            RenderBlock {DIV} at (130,2) size 65x13
              RenderText {#text} at (29,0) size 31x13
                text run at (29,0) width 31: "254.81"
            RenderBlock {DIV} at (195,2) size 65x13
              RenderText {#text} at (40,0) size 20x13
                text run at (40,0) width 20: "0.00"
            RenderInline {SPAN} at (0,0) size 261x15
              RenderText {#text} at (260,0) size 261x15
                text run at (260,0) width 261: "Amazingly few discotheques provide jukeboxes."
          RenderBlock {DIV} at (0,156) size 785.55x16
            RenderBlock {DIV} at (0,3) size 65x13
              RenderText {#text} at (34,0) size 26x13
                text run at (34,0) width 26: "12.50"
            RenderBlock {DIV} at (65,3) size 65x13
              RenderText {#text} at (29,0) size 31x13
                text run at (29,0) width 31: "265.42"
            RenderBlock {DIV} at (130,3) size 65x13
              RenderText {#text} at (29,0) size 31x13
                text run at (29,0) width 31: "254.81"
            RenderBlock {DIV} at (195,3) size 65x13
              RenderText {#text} at (40,0) size 20x13
                text run at (40,0) width 20: "0.00"
            RenderInline {SPAN} at (0,0) size 266x16
              RenderText {#text} at (260,0) size 266x16
                text run at (260,0) width 266: "Amazingly few discotheques provide jukeboxes."
          RenderBlock {DIV} at (0,172) size 785.55x16
            RenderBlock {DIV} at (0,3) size 65x13
              RenderText {#text} at (34,0) size 26x13
                text run at (34,0) width 26: "12.75"
            RenderBlock {DIV} at (65,3) size 65x13
              RenderText {#text} at (29,0) size 31x13
                text run at (29,0) width 31: "270.73"
            RenderBlock {DIV} at (130,3) size 65x13
              RenderText {#text} at (29,0) size 31x13
                text run at (29,0) width 31: "254.81"
            RenderBlock {DIV} at (195,3) size 65x13
              RenderText {#text} at (40,0) size 20x13
                text run at (40,0) width 20: "0.00"
            RenderInline {SPAN} at (0,0) size 271x16
              RenderText {#text} at (260,0) size 271x16
                text run at (260,0) width 271: "Amazingly few discotheques provide jukeboxes."
          RenderBlock {DIV} at (0,188) size 785.55x16
            RenderBlock {DIV} at (0,3) size 65x13
              RenderText {#text} at (34,0) size 26x13
                text run at (34,0) width 26: "13.00"
            RenderBlock {DIV} at (65,3) size 65x13
              RenderText {#text} at (29,0) size 31x13
                text run at (29,0) width 31: "276.04"
            RenderBlock {DIV} at (130,3) size 65x13
              RenderText {#text} at (29,0) size 31x13
                text run at (29,0) width 31: "254.81"
            RenderBlock {DIV} at (195,3) size 65x13
              RenderText {#text} at (40,0) size 20x13
                text run at (40,0) width 20: "0.00"
            RenderInline {SPAN} at (0,0) size 277x16
              RenderText {#text} at (260,0) size 277x16
                text run at (260,0) width 277: "Amazingly few discotheques provide jukeboxes."
          RenderBlock {DIV} at (0,204) size 785.55x16
            RenderBlock {DIV} at (0,3) size 65x13
              RenderText {#text} at (34,0) size 26x13
                text run at (34,0) width 26: "13.25"
            RenderBlock {DIV} at (65,3) size 65x13
              RenderText {#text} at (29,0) size 31x13
                text run at (29,0) width 31: "281.35"
            RenderBlock {DIV} at (130,3) size 65x13
              RenderText {#text} at (29,0) size 31x13
                text run at (29,0) width 31: "254.81"
            RenderBlock {DIV} at (195,3) size 65x13
              RenderText {#text} at (40,0) size 20x13
                text run at (40,0) width 20: "0.00"
            RenderInline {SPAN} at (0,0) size 282x16
              RenderText {#text} at (260,0) size 282x16
                text run at (260,0) width 282: "Amazingly few discotheques provide jukeboxes."
          RenderBlock {DIV} at (0,220) size 785.55x16
            RenderBlock {DIV} at (0,3) size 65x13
              RenderText {#text} at (34,0) size 26x13
                text run at (34,0) width 26: "13.50"
            RenderBlock {DIV} at (65,3) size 65x13
              RenderText {#text} at (29,0) size 31x13
                text run at (29,0) width 31: "286.66"
            RenderBlock {DIV} at (130,3) size 65x13
              RenderText {#text} at (29,0) size 31x13
                text run at (29,0) width 31: "254.81"
            RenderBlock {DIV} at (195,3) size 65x13
              RenderText {#text} at (40,0) size 20x13
                text run at (40,0) width 20: "0.00"
            RenderInline {SPAN} at (0,0) size 287x16
              RenderText {#text} at (260,0) size 287x16
                text run at (260,0) width 287: "Amazingly few discotheques provide jukeboxes."
          RenderBlock {DIV} at (0,236) size 785.55x16
            RenderBlock {DIV} at (0,3) size 65x13
              RenderText {#text} at (34,0) size 26x13
                text run at (34,0) width 26: "13.75"
            RenderBlock {DIV} at (65,3) size 65x13
              RenderText {#text} at (29,0) size 31x13
                text run at (29,0) width 31: "291.97"
            RenderBlock {DIV} at (130,3) size 65x13
              RenderText {#text} at (29,0) size 31x13
                text run at (29,0) width 31: "254.81"
            RenderBlock {DIV} at (195,3) size 65x13
              RenderText {#text} at (40,0) size 20x13
                text run at (40,0) width 20: "0.00"
            RenderInline {SPAN} at (0,0) size 292x16
              RenderText {#text} at (260,0) size 292x16
                text run at (260,0) width 292: "Amazingly few discotheques provide jukeboxes."
          RenderBlock {DIV} at (0,252) size 785.55x16
            RenderBlock {DIV} at (0,3) size 65x13
              RenderText {#text} at (34,0) size 26x13
                text run at (34,0) width 26: "14.00"
            RenderBlock {DIV} at (65,3) size 65x13
              RenderText {#text} at (29,0) size 31x13
                text run at (29,0) width 31: "297.27"
            RenderBlock {DIV} at (130,3) size 65x13
              RenderText {#text} at (29,0) size 31x13
                text run at (29,0) width 31: "254.81"
            RenderBlock {DIV} at (195,3) size 65x13
              RenderText {#text} at (40,0) size 20x13
                text run at (40,0) width 20: "0.00"
            RenderInline {SPAN} at (0,0) size 298x16
              RenderText {#text} at (260,0) size 298x16
                text run at (260,0) width 298: "Amazingly few discotheques provide jukeboxes."
          RenderBlock {DIV} at (0,268) size 785.55x16
            RenderBlock {DIV} at (0,3) size 65x13
              RenderText {#text} at (34,0) size 26x13
                text run at (34,0) width 26: "14.25"
            RenderBlock {DIV} at (65,3) size 65x13
              RenderText {#text} at (29,0) size 31x13
                text run at (29,0) width 31: "302.58"
            RenderBlock {DIV} at (130,3) size 65x13
              RenderText {#text} at (29,0) size 31x13
                text run at (29,0) width 31: "254.81"
            RenderBlock {DIV} at (195,3) size 65x13
              RenderText {#text} at (40,0) size 20x13
                text run at (40,0) width 20: "0.00"
            RenderInline {SPAN} at (0,0) size 303x16
              RenderText {#text} at (260,0) size 303x16
                text run at (260,0) width 303: "Amazingly few discotheques provide jukeboxes."
          RenderBlock {DIV} at (0,284) size 785.55x17
            RenderBlock {DIV} at (0,4) size 65x13
              RenderText {#text} at (34,0) size 26x13
                text run at (34,0) width 26: "14.50"
            RenderBlock {DIV} at (65,4) size 65x13
              RenderText {#text} at (29,0) size 31x13
                text run at (29,0) width 31: "307.89"
            RenderBlock {DIV} at (130,4) size 65x13
              RenderText {#text} at (29,0) size 31x13
                text run at (29,0) width 31: "254.81"
            RenderBlock {DIV} at (195,4) size 65x13
              RenderText {#text} at (40,0) size 20x13
                text run at (40,0) width 20: "0.00"
            RenderInline {SPAN} at (0,0) size 308x17
              RenderText {#text} at (260,0) size 308x17
                text run at (260,0) width 308: "Amazingly few discotheques provide jukeboxes."
          RenderBlock {DIV} at (0,301) size 785.55x17
            RenderBlock {DIV} at (0,4) size 65x13
              RenderText {#text} at (34,0) size 26x13
                text run at (34,0) width 26: "14.75"
            RenderBlock {DIV} at (65,4) size 65x13
              RenderText {#text} at (29,0) size 31x13
                text run at (29,0) width 31: "313.20"
            RenderBlock {DIV} at (130,4) size 65x13
              RenderText {#text} at (29,0) size 31x13
                text run at (29,0) width 31: "254.81"
            RenderBlock {DIV} at (195,4) size 65x13
              RenderText {#text} at (40,0) size 20x13
                text run at (40,0) width 20: "0.00"
            RenderInline {SPAN} at (0,0) size 314x17
              RenderText {#text} at (260,0) size 314x17
                text run at (260,0) width 314: "Amazingly few discotheques provide jukeboxes."
          RenderBlock {DIV} at (0,318) size 785.55x17
            RenderBlock {DIV} at (0,4) size 65x13
              RenderText {#text} at (34,0) size 26x13
                text run at (34,0) width 26: "15.00"
            RenderBlock {DIV} at (65,4) size 65x13
              RenderText {#text} at (29,0) size 31x13
                text run at (29,0) width 31: "318.51"
            RenderBlock {DIV} at (130,4) size 65x13
              RenderText {#text} at (29,0) size 31x13
                text run at (29,0) width 31: "254.81"
            RenderBlock {DIV} at (195,4) size 65x13
              RenderText {#text} at (40,0) size 20x13
                text run at (40,0) width 20: "0.00"
            RenderInline {SPAN} at (0,0) size 319x17
              RenderText {#text} at (260,0) size 319x17
                text run at (260,0) width 319: "Amazingly few discotheques provide jukeboxes."
          RenderBlock {DIV} at (0,335) size 785.55x17
            RenderBlock {DIV} at (0,4) size 65x13
              RenderText {#text} at (34,0) size 26x13
                text run at (34,0) width 26: "15.25"
            RenderBlock {DIV} at (65,4) size 65x13
              RenderText {#text} at (29,0) size 31x13
                text run at (29,0) width 31: "323.82"
            RenderBlock {DIV} at (130,4) size 65x13
              RenderText {#text} at (29,0) size 31x13
                text run at (29,0) width 31: "254.81"
            RenderBlock {DIV} at (195,4) size 65x13
              RenderText {#text} at (40,0) size 20x13
                text run at (40,0) width 20: "0.00"
            RenderInline {SPAN} at (0,0) size 324x17
              RenderText {#text} at (260,0) size 324x17
                text run at (260,0) width 324: "Amazingly few discotheques provide jukeboxes."
          RenderBlock {DIV} at (0,352) size 785.55x19
            RenderBlock {DIV} at (0,5) size 65x13
              RenderText {#text} at (34,0) size 26x13
                text run at (34,0) width 26: "15.50"
            RenderBlock {DIV} at (65,5) size 65x13
              RenderText {#text} at (29,0) size 31x13
                text run at (29,0) width 31: "329.13"
            RenderBlock {DIV} at (130,5) size 65x13
              RenderText {#text} at (29,0) size 31x13
                text run at (29,0) width 31: "254.81"
            RenderBlock {DIV} at (195,5) size 65x13
              RenderText {#text} at (40,0) size 20x13
                text run at (40,0) width 20: "0.00"
            RenderInline {SPAN} at (0,0) size 330x18
              RenderText {#text} at (260,0) size 330x18
                text run at (260,0) width 330: "Amazingly few discotheques provide jukeboxes."
          RenderBlock {DIV} at (0,371) size 785.55x19
            RenderBlock {DIV} at (0,5) size 65x13
              RenderText {#text} at (34,0) size 26x13
                text run at (34,0) width 26: "15.75"
            RenderBlock {DIV} at (65,5) size 65x13
              RenderText {#text} at (29,0) size 31x13
                text run at (29,0) width 31: "334.43"
            RenderBlock {DIV} at (130,5) size 65x13
              RenderText {#text} at (29,0) size 31x13
                text run at (29,0) width 31: "254.81"
            RenderBlock {DIV} at (195,5) size 65x13
              RenderText {#text} at (40,0) size 20x13
                text run at (40,0) width 20: "0.00"
            RenderInline {SPAN} at (0,0) size 335x18
              RenderText {#text} at (260,0) size 335x18
                text run at (260,0) width 335: "Amazingly few discotheques provide jukeboxes."
          RenderBlock {DIV} at (0,390) size 785.55x19
            RenderBlock {DIV} at (0,5) size 65x13
              RenderText {#text} at (34,0) size 26x13
                text run at (34,0) width 26: "16.00"
            RenderBlock {DIV} at (65,5) size 65x13
              RenderText {#text} at (29,0) size 31x13
                text run at (29,0) width 31: "339.74"
            RenderBlock {DIV} at (130,5) size 65x13
              RenderText {#text} at (29,0) size 31x13
                text run at (29,0) width 31: "254.81"
            RenderBlock {DIV} at (195,5) size 65x13
              RenderText {#text} at (40,0) size 20x13
                text run at (40,0) width 20: "0.00"
            RenderInline {SPAN} at (0,0) size 340x18
              RenderText {#text} at (260,0) size 340x18
                text run at (260,0) width 340: "Amazingly few discotheques provide jukeboxes."
          RenderBlock {DIV} at (0,409) size 785.55x19
            RenderBlock {DIV} at (0,5) size 65x13
              RenderText {#text} at (34,0) size 26x13
                text run at (34,0) width 26: "16.25"
            RenderBlock {DIV} at (65,5) size 65x13
              RenderText {#text} at (29,0) size 31x13
                text run at (29,0) width 31: "345.05"
            RenderBlock {DIV} at (130,5) size 65x13
              RenderText {#text} at (29,0) size 31x13
                text run at (29,0) width 31: "254.81"
            RenderBlock {DIV} at (195,5) size 65x13
              RenderText {#text} at (40,0) size 20x13
                text run at (40,0) width 20: "0.00"
            RenderInline {SPAN} at (0,0) size 346x18
              RenderText {#text} at (260,0) size 346x18
                text run at (260,0) width 346: "Amazingly few discotheques provide jukeboxes."
          RenderBlock {DIV} at (0,428) size 785.55x20
            RenderBlock {DIV} at (0,5) size 65x13
              RenderText {#text} at (34,0) size 26x13
                text run at (34,0) width 26: "16.50"
            RenderBlock {DIV} at (65,5) size 65x13
              RenderText {#text} at (29,0) size 31x13
                text run at (29,0) width 31: "350.36"
            RenderBlock {DIV} at (130,5) size 65x13
              RenderText {#text} at (29,0) size 31x13
                text run at (29,0) width 31: "254.81"
            RenderBlock {DIV} at (195,5) size 65x13
              RenderText {#text} at (40,0) size 20x13
                text run at (40,0) width 20: "0.00"
            RenderInline {SPAN} at (0,0) size 351x19
              RenderText {#text} at (260,0) size 351x19
                text run at (260,0) width 351: "Amazingly few discotheques provide jukeboxes."
          RenderBlock {DIV} at (0,448) size 785.55x20
            RenderBlock {DIV} at (0,5) size 65x13
              RenderText {#text} at (34,0) size 26x13
                text run at (34,0) width 26: "16.75"
            RenderBlock {DIV} at (65,5) size 65x13
              RenderText {#text} at (29,0) size 31x13
                text run at (29,0) width 31: "355.67"
            RenderBlock {DIV} at (130,5) size 65x13
              RenderText {#text} at (29,0) size 31x13
                text run at (29,0) width 31: "254.81"
            RenderBlock {DIV} at (195,5) size 65x13
              RenderText {#text} at (40,0) size 20x13
                text run at (40,0) width 20: "0.00"
            RenderInline {SPAN} at (0,0) size 356x19
              RenderText {#text} at (260,0) size 356x19
                text run at (260,0) width 356: "Amazingly few discotheques provide jukeboxes."
          RenderBlock {DIV} at (0,468) size 785.55x20
            RenderBlock {DIV} at (0,5) size 65x13
              RenderText {#text} at (34,0) size 26x13
                text run at (34,0) width 26: "17.00"
            RenderBlock {DIV} at (65,5) size 65x13
              RenderText {#text} at (29,0) size 31x13
                text run at (29,0) width 31: "360.98"
            RenderBlock {DIV} at (130,5) size 65x13
              RenderText {#text} at (29,0) size 31x13
                text run at (29,0) width 31: "254.81"
            RenderBlock {DIV} at (195,5) size 65x13
              RenderText {#text} at (40,0) size 20x13
                text run at (40,0) width 20: "0.00"
            RenderInline {SPAN} at (0,0) size 361x19
              RenderText {#text} at (260,0) size 361x19
                text run at (260,0) width 361: "Amazingly few discotheques provide jukeboxes."
          RenderBlock {DIV} at (0,488) size 785.55x20
            RenderBlock {DIV} at (0,5) size 65x13
              RenderText {#text} at (34,0) size 26x13
                text run at (34,0) width 26: "17.25"
            RenderBlock {DIV} at (65,5) size 65x13
              RenderText {#text} at (29,0) size 31x13
                text run at (29,0) width 31: "366.28"
            RenderBlock {DIV} at (130,5) size 65x13
              RenderText {#text} at (29,0) size 31x13
                text run at (29,0) width 31: "254.81"
            RenderBlock {DIV} at (195,5) size 65x13
              RenderText {#text} at (40,0) size 20x13
                text run at (40,0) width 20: "0.00"
            RenderInline {SPAN} at (0,0) size 367x19
              RenderText {#text} at (260,0) size 367x19
                text run at (260,0) width 367: "Amazingly few discotheques provide jukeboxes."
          RenderBlock {DIV} at (0,508) size 785.55x22
            RenderBlock {DIV} at (0,7) size 65x13
              RenderText {#text} at (34,0) size 26x13
                text run at (34,0) width 26: "17.50"
            RenderBlock {DIV} at (65,7) size 65x13
              RenderText {#text} at (29,0) size 31x13
                text run at (29,0) width 31: "371.59"
            RenderBlock {DIV} at (130,7) size 65x13
              RenderText {#text} at (29,0) size 31x13
                text run at (29,0) width 31: "254.81"
            RenderBlock {DIV} at (195,7) size 65x13
              RenderText {#text} at (40,0) size 20x13
                text run at (40,0) width 20: "0.00"
            RenderInline {SPAN} at (0,0) size 372x21
              RenderText {#text} at (260,0) size 372x21
                text run at (260,0) width 372: "Amazingly few discotheques provide jukeboxes."
          RenderBlock {DIV} at (0,530) size 785.55x22
            RenderBlock {DIV} at (0,7) size 65x13
              RenderText {#text} at (34,0) size 26x13
                text run at (34,0) width 26: "17.75"
            RenderBlock {DIV} at (65,7) size 65x13
              RenderText {#text} at (29,0) size 31x13
                text run at (29,0) width 31: "376.90"
            RenderBlock {DIV} at (130,7) size 65x13
              RenderText {#text} at (29,0) size 31x13
                text run at (29,0) width 31: "254.81"
            RenderBlock {DIV} at (195,7) size 65x13
              RenderText {#text} at (40,0) size 20x13
                text run at (40,0) width 20: "0.00"
            RenderInline {SPAN} at (0,0) size 377x21
              RenderText {#text} at (260,0) size 377x21
                text run at (260,0) width 377: "Amazingly few discotheques provide jukeboxes."
          RenderBlock {DIV} at (0,552) size 785.55x22
            RenderBlock {DIV} at (0,7) size 65x13
              RenderText {#text} at (34,0) size 26x13
                text run at (34,0) width 26: "18.00"
            RenderBlock {DIV} at (65,7) size 65x13
              RenderText {#text} at (29,0) size 31x13
                text run at (29,0) width 31: "382.21"
            RenderBlock {DIV} at (130,7) size 65x13
              RenderText {#text} at (29,0) size 31x13
                text run at (29,0) width 31: "254.81"
            RenderBlock {DIV} at (195,7) size 65x13
              RenderText {#text} at (40,0) size 20x13
                text run at (40,0) width 20: "0.00"
            RenderInline {SPAN} at (0,0) size 383x21
              RenderText {#text} at (260,0) size 383x21
                text run at (260,0) width 383: "Amazingly few discotheques provide jukeboxes."
          RenderBlock {DIV} at (0,574) size 785.55x22
            RenderBlock {DIV} at (0,7) size 65x13
              RenderText {#text} at (34,0) size 26x13
                text run at (34,0) width 26: "18.25"
            RenderBlock {DIV} at (65,7) size 65x13
              RenderText {#text} at (29,0) size 31x13
                text run at (29,0) width 31: "387.52"
            RenderBlock {DIV} at (130,7) size 65x13
              RenderText {#text} at (29,0) size 31x13
                text run at (29,0) width 31: "254.81"
            RenderBlock {DIV} at (195,7) size 65x13
              RenderText {#text} at (40,0) size 20x13
                text run at (40,0) width 20: "0.00"
            RenderInline {SPAN} at (0,0) size 388x21
              RenderText {#text} at (260,0) size 388x21
                text run at (260,0) width 388: "Amazingly few discotheques provide jukeboxes."
          RenderBlock {DIV} at (0,596) size 785.55x23
            RenderBlock {DIV} at (0,8) size 65x13
              RenderText {#text} at (34,0) size 26x13
                text run at (34,0) width 26: "18.50"
            RenderBlock {DIV} at (65,8) size 65x13
              RenderText {#text} at (29,0) size 31x13
                text run at (29,0) width 31: "392.83"
            RenderBlock {DIV} at (130,8) size 65x13
              RenderText {#text} at (29,0) size 31x13
                text run at (29,0) width 31: "254.81"
            RenderBlock {DIV} at (195,8) size 65x13
              RenderText {#text} at (40,0) size 20x13
                text run at (40,0) width 20: "0.00"
            RenderInline {SPAN} at (0,0) size 393x22
              RenderText {#text} at (260,0) size 393x22
                text run at (260,0) width 393: "Amazingly few discotheques provide jukeboxes."
          RenderBlock {DIV} at (0,619) size 785.55x23
            RenderBlock {DIV} at (0,8) size 65x13
              RenderText {#text} at (34,0) size 26x13
                text run at (34,0) width 26: "18.75"
            RenderBlock {DIV} at (65,8) size 65x13
              RenderText {#text} at (29,0) size 31x13
                text run at (29,0) width 31: "398.14"
            RenderBlock {DIV} at (130,8) size 65x13
              RenderText {#text} at (29,0) size 31x13
                text run at (29,0) width 31: "254.81"
            RenderBlock {DIV} at (195,8) size 65x13
              RenderText {#text} at (40,0) size 20x13
                text run at (40,0) width 20: "0.00"
            RenderInline {SPAN} at (0,0) size 399x22
              RenderText {#text} at (260,0) size 399x22
                text run at (260,0) width 399: "Amazingly few discotheques provide jukeboxes."
          RenderBlock {DIV} at (0,642) size 785.55x23
            RenderBlock {DIV} at (0,8) size 65x13
              RenderText {#text} at (34,0) size 26x13
                text run at (34,0) width 26: "19.00"
            RenderBlock {DIV} at (65,8) size 65x13
              RenderText {#text} at (29,0) size 31x13
                text run at (29,0) width 31: "403.44"
            RenderBlock {DIV} at (130,8) size 65x13
              RenderText {#text} at (29,0) size 31x13
                text run at (29,0) width 31: "254.81"
            RenderBlock {DIV} at (195,8) size 65x13
              RenderText {#text} at (40,0) size 20x13
                text run at (40,0) width 20: "0.00"
            RenderInline {SPAN} at (0,0) size 404x22
              RenderText {#text} at (260,0) size 404x22
                text run at (260,0) width 404: "Amazingly few discotheques provide jukeboxes."
          RenderBlock {DIV} at (0,665) size 785.55x23
            RenderBlock {DIV} at (0,8) size 65x13
              RenderText {#text} at (34,0) size 26x13
                text run at (34,0) width 26: "19.25"
            RenderBlock {DIV} at (65,8) size 65x13
              RenderText {#text} at (29,0) size 31x13
                text run at (29,0) width 31: "408.75"
            RenderBlock {DIV} at (130,8) size 65x13
              RenderText {#text} at (29,0) size 31x13
                text run at (29,0) width 31: "254.81"
            RenderBlock {DIV} at (195,8) size 65x13
              RenderText {#text} at (40,0) size 20x13
                text run at (40,0) width 20: "0.00"
            RenderInline {SPAN} at (0,0) size 409x22
              RenderText {#text} at (260,0) size 409x22
                text run at (260,0) width 409: "Amazingly few discotheques provide jukeboxes."
          RenderBlock {DIV} at (0,688) size 785.55x24
            RenderBlock {DIV} at (0,9) size 65x13
              RenderText {#text} at (34,0) size 26x13
                text run at (34,0) width 26: "19.50"
            RenderBlock {DIV} at (65,9) size 65x13
              RenderText {#text} at (29,0) size 31x13
                text run at (29,0) width 31: "414.06"
            RenderBlock {DIV} at (130,9) size 65x13
              RenderText {#text} at (29,0) size 31x13
                text run at (29,0) width 31: "254.81"
            RenderBlock {DIV} at (195,9) size 65x13
              RenderText {#text} at (40,0) size 20x13
                text run at (40,0) width 20: "0.00"
            RenderInline {SPAN} at (0,0) size 415x23
              RenderText {#text} at (260,0) size 415x23
                text run at (260,0) width 415: "Amazingly few discotheques provide jukeboxes."
          RenderBlock {DIV} at (0,712) size 785.55x24
            RenderBlock {DIV} at (0,9) size 65x13
              RenderText {#text} at (34,0) size 26x13
                text run at (34,0) width 26: "19.75"
            RenderBlock {DIV} at (65,9) size 65x13
              RenderText {#text} at (29,0) size 31x13
                text run at (29,0) width 31: "419.37"
            RenderBlock {DIV} at (130,9) size 65x13
              RenderText {#text} at (29,0) size 31x13
                text run at (29,0) width 31: "254.81"
            RenderBlock {DIV} at (195,9) size 65x13
              RenderText {#text} at (40,0) size 20x13
                text run at (40,0) width 20: "0.00"
            RenderInline {SPAN} at (0,0) size 420x23
              RenderText {#text} at (260,0) size 420x23
                text run at (260,0) width 420: "Amazingly few discotheques provide jukeboxes."
          RenderBlock {DIV} at (0,736) size 785.55x24
            RenderBlock {DIV} at (0,9) size 65x13
              RenderText {#text} at (34,0) size 26x13
                text run at (34,0) width 26: "20.00"
            RenderBlock {DIV} at (65,9) size 65x13
              RenderText {#text} at (29,0) size 31x13
                text run at (29,0) width 31: "424.68"
            RenderBlock {DIV} at (130,9) size 65x13
              RenderText {#text} at (29,0) size 31x13
                text run at (29,0) width 31: "254.81"
            RenderBlock {DIV} at (195,9) size 65x13
              RenderText {#text} at (40,0) size 20x13
                text run at (40,0) width 20: "0.00"
            RenderInline {SPAN} at (0,0) size 425x23
              RenderText {#text} at (260,0) size 425x23
                text run at (260,0) width 425: "Amazingly few discotheques provide jukeboxes."
          RenderBlock {DIV} at (0,760) size 785.55x24
            RenderBlock {DIV} at (0,9) size 65x13
              RenderText {#text} at (34,0) size 26x13
                text run at (34,0) width 26: "20.25"
            RenderBlock {DIV} at (65,9) size 65x13
              RenderText {#text} at (29,0) size 31x13
                text run at (29,0) width 31: "429.99"
            RenderBlock {DIV} at (130,9) size 65x13
              RenderText {#text} at (29,0) size 31x13
                text run at (29,0) width 31: "254.81"
            RenderBlock {DIV} at (195,9) size 65x13
              RenderText {#text} at (40,0) size 20x13
                text run at (40,0) width 20: "0.00"
            RenderInline {SPAN} at (0,0) size 430x23
              RenderText {#text} at (260,0) size 430x23
                text run at (260,0) width 430: "Amazingly few discotheques provide jukeboxes."
          RenderBlock {DIV} at (0,784) size 785.55x25
            RenderBlock {DIV} at (0,9) size 65x13
              RenderText {#text} at (34,0) size 26x13
                text run at (34,0) width 26: "20.50"
            RenderBlock {DIV} at (65,9) size 65x13
              RenderText {#text} at (29,0) size 31x13
                text run at (29,0) width 31: "435.29"
            RenderBlock {DIV} at (130,9) size 65x13
              RenderText {#text} at (29,0) size 31x13
                text run at (29,0) width 31: "254.81"
            RenderBlock {DIV} at (195,9) size 65x13
              RenderText {#text} at (40,0) size 20x13
                text run at (40,0) width 20: "0.00"
            RenderInline {SPAN} at (0,0) size 436x24
              RenderText {#text} at (260,0) size 436x24
                text run at (260,0) width 436: "Amazingly few discotheques provide jukeboxes."
          RenderBlock {DIV} at (0,809) size 785.55x25
            RenderBlock {DIV} at (0,9) size 65x13
              RenderText {#text} at (34,0) size 26x13
                text run at (34,0) width 26: "20.75"
            RenderBlock {DIV} at (65,9) size 65x13
              RenderText {#text} at (29,0) size 31x13
                text run at (29,0) width 31: "440.60"
            RenderBlock {DIV} at (130,9) size 65x13
              RenderText {#text} at (29,0) size 31x13
                text run at (29,0) width 31: "254.81"
            RenderBlock {DIV} at (195,9) size 65x13
              RenderText {#text} at (40,0) size 20x13
                text run at (40,0) width 20: "0.00"
            RenderInline {SPAN} at (0,0) size 441x24
              RenderText {#text} at (260,0) size 441x24
                text run at (260,0) width 441: "Amazingly few discotheques provide jukeboxes."
          RenderBlock {DIV} at (0,834) size 785.55x25
            RenderBlock {DIV} at (0,9) size 65x13
              RenderText {#text} at (34,0) size 26x13
                text run at (34,0) width 26: "21.00"
            RenderBlock {DIV} at (65,9) size 65x13
              RenderText {#text} at (29,0) size 31x13
                text run at (29,0) width 31: "445.91"
            RenderBlock {DIV} at (130,9) size 65x13
              RenderText {#text} at (29,0) size 31x13
                text run at (29,0) width 31: "254.81"
            RenderBlock {DIV} at (195,9) size 65x13
              RenderText {#text} at (40,0) size 20x13
                text run at (40,0) width 20: "0.00"
            RenderInline {SPAN} at (0,0) size 446x24
              RenderText {#text} at (260,0) size 446x24
                text run at (260,0) width 446: "Amazingly few discotheques provide jukeboxes."
          RenderBlock {DIV} at (0,859) size 785.55x25
            RenderBlock {DIV} at (0,9) size 65x13
              RenderText {#text} at (34,0) size 26x13
                text run at (34,0) width 26: "21.25"
            RenderBlock {DIV} at (65,9) size 65x13
              RenderText {#text} at (29,0) size 31x13
                text run at (29,0) width 31: "451.22"
            RenderBlock {DIV} at (130,9) size 65x13
              RenderText {#text} at (29,0) size 31x13
                text run at (29,0) width 31: "254.81"
            RenderBlock {DIV} at (195,9) size 65x13
              RenderText {#text} at (40,0) size 20x13
                text run at (40,0) width 20: "0.00"
            RenderInline {SPAN} at (0,0) size 452x24
              RenderText {#text} at (260,0) size 452x24
                text run at (260,0) width 452: "Amazingly few discotheques provide jukeboxes."
          RenderBlock {DIV} at (0,884) size 785.55x26
            RenderBlock {DIV} at (0,10) size 65x13
              RenderText {#text} at (34,0) size 26x13
                text run at (34,0) width 26: "21.50"
            RenderBlock {DIV} at (65,10) size 65x13
              RenderText {#text} at (29,0) size 31x13
                text run at (29,0) width 31: "456.53"
            RenderBlock {DIV} at (130,10) size 65x13
              RenderText {#text} at (29,0) size 31x13
                text run at (29,0) width 31: "254.81"
            RenderBlock {DIV} at (195,10) size 65x13
              RenderText {#text} at (40,0) size 20x13
                text run at (40,0) width 20: "0.00"
            RenderInline {SPAN} at (0,0) size 457x25
              RenderText {#text} at (260,0) size 457x25
                text run at (260,0) width 457: "Amazingly few discotheques provide jukeboxes."
          RenderBlock {DIV} at (0,910) size 785.55x26
            RenderBlock {DIV} at (0,10) size 65x13
              RenderText {#text} at (34,0) size 26x13
                text run at (34,0) width 26: "21.75"
            RenderBlock {DIV} at (65,10) size 65x13
              RenderText {#text} at (29,0) size 31x13
                text run at (29,0) width 31: "461.84"
            RenderBlock {DIV} at (130,10) size 65x13
              RenderText {#text} at (29,0) size 31x13
                text run at (29,0) width 31: "254.81"
            RenderBlock {DIV} at (195,10) size 65x13
              RenderText {#text} at (40,0) size 20x13
                text run at (40,0) width 20: "0.00"
            RenderInline {SPAN} at (0,0) size 462x25
              RenderText {#text} at (260,0) size 462x25
                text run at (260,0) width 462: "Amazingly few discotheques provide jukeboxes."
          RenderBlock {DIV} at (0,936) size 785.55x26
            RenderBlock {DIV} at (0,10) size 65x13
              RenderText {#text} at (34,0) size 26x13
                text run at (34,0) width 26: "22.00"
            RenderBlock {DIV} at (65,10) size 65x13
              RenderText {#text} at (29,0) size 31x13
                text run at (29,0) width 31: "467.15"
            RenderBlock {DIV} at (130,10) size 65x13
              RenderText {#text} at (29,0) size 31x13
                text run at (29,0) width 31: "254.81"
            RenderBlock {DIV} at (195,10) size 65x13
              RenderText {#text} at (40,0) size 20x13
                text run at (40,0) width 20: "0.00"
            RenderInline {SPAN} at (0,0) size 468x25
              RenderText {#text} at (260,0) size 468x25
                text run at (260,0) width 468: "Amazingly few discotheques provide jukeboxes."
          RenderBlock {DIV} at (0,962) size 785.55x26
            RenderBlock {DIV} at (0,10) size 65x13
              RenderText {#text} at (34,0) size 26x13
                text run at (34,0) width 26: "22.25"
            RenderBlock {DIV} at (65,10) size 65x13
              RenderText {#text} at (29,0) size 31x13
                text run at (29,0) width 31: "472.45"
            RenderBlock {DIV} at (130,10) size 65x13
              RenderText {#text} at (29,0) size 31x13
                text run at (29,0) width 31: "254.81"
            RenderBlock {DIV} at (195,10) size 65x13
              RenderText {#text} at (40,0) size 20x13
                text run at (40,0) width 20: "0.00"
            RenderInline {SPAN} at (0,0) size 473x25
              RenderText {#text} at (260,0) size 473x25
                text run at (260,0) width 473: "Amazingly few discotheques provide jukeboxes."
          RenderBlock {DIV} at (0,988) size 785.55x27
            RenderBlock {DIV} at (0,11) size 65x13
              RenderText {#text} at (34,0) size 26x13
                text run at (34,0) width 26: "22.50"
            RenderBlock {DIV} at (65,11) size 65x13
              RenderText {#text} at (29,0) size 31x13
                text run at (29,0) width 31: "477.76"
            RenderBlock {DIV} at (130,11) size 65x13
              RenderText {#text} at (29,0) size 31x13
                text run at (29,0) width 31: "254.81"
            RenderBlock {DIV} at (195,11) size 65x13
              RenderText {#text} at (40,0) size 20x13
                text run at (40,0) width 20: "0.00"
            RenderInline {SPAN} at (0,0) size 478x26
              RenderText {#text} at (260,0) size 478x26
                text run at (260,0) width 478: "Amazingly few discotheques provide jukeboxes."
          RenderBlock {DIV} at (0,1015) size 785.55x27
            RenderBlock {DIV} at (0,11) size 65x13
              RenderText {#text} at (34,0) size 26x13
                text run at (34,0) width 26: "22.75"
            RenderBlock {DIV} at (65,11) size 65x13
              RenderText {#text} at (29,0) size 31x13
                text run at (29,0) width 31: "483.07"
            RenderBlock {DIV} at (130,11) size 65x13
              RenderText {#text} at (29,0) size 31x13
                text run at (29,0) width 31: "254.81"
            RenderBlock {DIV} at (195,11) size 65x13
              RenderText {#text} at (40,0) size 20x13
                text run at (40,0) width 20: "0.00"
            RenderInline {SPAN} at (0,0) size 484x26
              RenderText {#text} at (260,0) size 484x26
                text run at (260,0) width 484: "Amazingly few discotheques provide jukeboxes."
          RenderBlock {DIV} at (0,1042) size 785.55x27
            RenderBlock {DIV} at (0,11) size 65x13
              RenderText {#text} at (34,0) size 26x13
                text run at (34,0) width 26: "23.00"
            RenderBlock {DIV} at (65,11) size 65x13
              RenderText {#text} at (29,0) size 31x13
                text run at (29,0) width 31: "488.38"
            RenderBlock {DIV} at (130,11) size 65x13
              RenderText {#text} at (29,0) size 31x13
                text run at (29,0) width 31: "254.81"
            RenderBlock {DIV} at (195,11) size 65x13
              RenderText {#text} at (40,0) size 20x13
                text run at (40,0) width 20: "0.00"
            RenderInline {SPAN} at (0,0) size 489x26
              RenderText {#text} at (260,0) size 489x26
                text run at (260,0) width 489: "Amazingly few discotheques provide jukeboxes."
          RenderBlock {DIV} at (0,1069) size 785.55x27
            RenderBlock {DIV} at (0,11) size 65x13
              RenderText {#text} at (34,0) size 26x13
                text run at (34,0) width 26: "23.25"
            RenderBlock {DIV} at (65,11) size 65x13
              RenderText {#text} at (29,0) size 31x13
                text run at (29,0) width 31: "493.69"
            RenderBlock {DIV} at (130,11) size 65x13
              RenderText {#text} at (29,0) size 31x13
                text run at (29,0) width 31: "254.81"
            RenderBlock {DIV} at (195,11) size 65x13
              RenderText {#text} at (40,0) size 20x13
                text run at (40,0) width 20: "0.00"
            RenderInline {SPAN} at (0,0) size 494x26
              RenderText {#text} at (260,0) size 494x26
                text run at (260,0) width 494: "Amazingly few discotheques provide jukeboxes."
          RenderBlock {DIV} at (0,1096) size 785.55x28
            RenderBlock {DIV} at (0,11) size 65x13
              RenderText {#text} at (34,0) size 26x13
                text run at (34,0) width 26: "23.50"
            RenderBlock {DIV} at (65,11) size 65x13
              RenderText {#text} at (29,0) size 31x13
                text run at (29,0) width 31: "499.00"
            RenderBlock {DIV} at (130,11) size 65x13
              RenderText {#text} at (29,0) size 31x13
                text run at (29,0) width 31: "254.81"
            RenderBlock {DIV} at (195,11) size 65x13
              RenderText {#text} at (40,0) size 20x13
                text run at (40,0) width 20: "0.00"
            RenderInline {SPAN} at (0,0) size 499x27
              RenderText {#text} at (260,0) size 499x27
                text run at (260,0) width 499: "Amazingly few discotheques provide jukeboxes."
          RenderBlock {DIV} at (0,1124) size 785.55x28
            RenderBlock {DIV} at (0,11) size 65x13
              RenderText {#text} at (34,0) size 26x13
                text run at (34,0) width 26: "23.75"
            RenderBlock {DIV} at (65,11) size 65x13
              RenderText {#text} at (29,0) size 31x13
                text run at (29,0) width 31: "504.30"
            RenderBlock {DIV} at (130,11) size 65x13
              RenderText {#text} at (29,0) size 31x13
                text run at (29,0) width 31: "254.81"
            RenderBlock {DIV} at (195,11) size 65x13
              RenderText {#text} at (40,0) size 20x13
                text run at (40,0) width 20: "0.00"
            RenderInline {SPAN} at (0,0) size 505x27
              RenderText {#text} at (260,0) size 505x27
                text run at (260,0) width 505: "Amazingly few discotheques provide jukeboxes."
          RenderBlock {DIV} at (0,1152) size 785.55x28
            RenderBlock {DIV} at (0,11) size 65x13
              RenderText {#text} at (34,0) size 26x13
                text run at (34,0) width 26: "24.00"
            RenderBlock {DIV} at (65,11) size 65x13
              RenderText {#text} at (29,0) size 31x13
                text run at (29,0) width 31: "509.61"
            RenderBlock {DIV} at (130,11) size 65x13
              RenderText {#text} at (29,0) size 31x13
                text run at (29,0) width 31: "254.81"
            RenderBlock {DIV} at (195,11) size 65x13
              RenderText {#text} at (40,0) size 20x13
                text run at (40,0) width 20: "0.00"
            RenderInline {SPAN} at (0,0) size 510x27
              RenderText {#text} at (260,0) size 510x27
                text run at (260,0) width 510: "Amazingly few discotheques provide jukeboxes."
          RenderBlock {DIV} at (0,1180) size 785.55x28
            RenderBlock {DIV} at (0,11) size 65x13
              RenderText {#text} at (34,0) size 26x13
                text run at (34,0) width 26: "24.25"
            RenderBlock {DIV} at (65,11) size 65x13
              RenderText {#text} at (29,0) size 31x13
                text run at (29,0) width 31: "514.92"
            RenderBlock {DIV} at (130,11) size 65x13
              RenderText {#text} at (29,0) size 31x13
                text run at (29,0) width 31: "254.81"
            RenderBlock {DIV} at (195,11) size 65x13
              RenderText {#text} at (40,0) size 20x13
                text run at (40,0) width 20: "0.00"
            RenderInline {SPAN} at (0,0) size 515x27
              RenderText {#text} at (260,0) size 515x27
                text run at (260,0) width 515: "Amazingly few discotheques provide jukeboxes."
          RenderBlock {DIV} at (0,1208) size 785.55x29
            RenderBlock {DIV} at (0,13) size 65x13
              RenderText {#text} at (34,0) size 26x13
                text run at (34,0) width 26: "24.50"
            RenderBlock {DIV} at (65,13) size 65x13
              RenderText {#text} at (29,0) size 31x13
                text run at (29,0) width 31: "520.23"
            RenderBlock {DIV} at (130,13) size 65x13
              RenderText {#text} at (29,0) size 31x13
                text run at (29,0) width 31: "254.81"
            RenderBlock {DIV} at (195,13) size 65x13
              RenderText {#text} at (40,0) size 20x13
                text run at (40,0) width 20: "0.00"
            RenderInline {SPAN} at (0,0) size 521x28
              RenderText {#text} at (260,0) size 521x28
                text run at (260,0) width 521: "Amazingly few discotheques provide jukeboxes."
          RenderBlock {DIV} at (0,1237) size 785.55x29
            RenderBlock {DIV} at (0,13) size 65x13
              RenderText {#text} at (34,0) size 26x13
                text run at (34,0) width 26: "24.75"
            RenderBlock {DIV} at (65,13) size 65x13
              RenderText {#text} at (29,0) size 31x13
                text run at (29,0) width 31: "525.54"
            RenderBlock {DIV} at (130,13) size 65x13
              RenderText {#text} at (29,0) size 31x13
                text run at (29,0) width 31: "254.81"
            RenderBlock {DIV} at (195,13) size 65x13
              RenderText {#text} at (40,0) size 20x13
                text run at (40,0) width 20: "0.00"
            RenderInline {SPAN} at (0,0) size 526x28
              RenderText {#text} at (260,0) size 526x28
                text run at (260,0) width 526: "Amazingly few discotheques provide jukeboxes."
      RenderText {#text} at (0,0) size 0x0
      RenderText {#text} at (0,0) size 0x0
