layer at (0,0) size 785x642
  RenderView at (0,0) size 785x600
layer at (0,0) size 785x642
  RenderBlock {HTML} at (0,0) size 785x641.97
    RenderBody {BODY} at (8,21.33) size 769x612.64
      RenderBlock {P} at (0,0) size 769x33
        RenderText {#text} at (0,5) size 162x22
          text run at (0,5) width 162: "Simple text path"
      RenderBlock (anonymous) at (0,54.33) size 769x237
        RenderBlock {SPAN} at (0,0) size 33x228.41
          RenderText {#text} at (5,0) size 22x229
            text run at (5,0) width 229: "string\x{300C}\x{3042}\x{3001}\x{5909}\x{3063}\x{FF01}\x{300D}\x{3002}"
        RenderText {#text} at (0,0) size 0x0
      RenderBlock {HR} at (0,301.98) size 769x2 [border: (1px inset #EEEEEE)]
      RenderBlock {P} at (0,325.31) size 769x33
        RenderText {#text} at (0,5) size 182x22
          text run at (0,5) width 182: "Complex text path"
      RenderBlock (anonymous) at (0,379.64) size 769x233
        RenderBlock {SPAN} at (0,0) size 33x224
          RenderText {#text} at (5,0) size 22x224
            text run at (5,0) width 224: "string\x{300C}\x{3042}\x{3001}\x{5909}\x{3063}\x{FF01}\x{300D}\x{3002}"
        RenderText {#text} at (0,0) size 0x0
