layer at (0,0) size 800x600
  RenderView at (0,0) size 800x600
layer at (0,0) size 800x76
  RenderBlock {HTML} at (0,0) size 800x76
    RenderBody {BODY} at (8,16) size 784x44
      RenderBlock {P} at (0,0) size 784x44
        RenderButton {BUTTON} at (0,0) size 259x22 [color=#808080] [bgcolor=#00FF00] [border: (2px outset #C0C0C0)]
          RenderBlock (anonymous) at (8,3) size 243x16
            RenderText {#text} at (0,0) size 243x16
              text run at (0,0) width 243: "A button (disabled) with green background"
        RenderText {#text} at (259,2) size 4x17
          text run at (259,2) width 4: " "
        RenderBR {BR} at (0,0) size 0x0
        RenderTextControl {INPUT} at (0,22) size 285x22 [color=#545454] [bgcolor=#00FF00] [border: (2px inset #EEEEEE)]
        RenderText {#text} at (0,0) size 0x0
layer at (10,41) size 281x16
  RenderBlock {DIV} at (2,3) size 281x16
    RenderText {#text} at (0,0) size 256x16
      text run at (0,0) width 256: "a text area (disabled) with green background"
