layer at (0,0) size 800x600
  RenderView at (0,0) size 800x600
layer at (0,0) size 800x172
  RenderBlock {HTML} at (0,0) size 800x172
    RenderBody {BODY} at (8,8) size 784x148
      RenderBlock {DIV} at (0,0) size 784x100
      RenderBlock (anonymous) at (0,100) size 784x16
        RenderText {#text} at (0,0) size 500x16
          text run at (0,0) width 316: "This file has a doc type with no public identifier. "
          text run at (315,0) width 185: "We should be in strict mode."
      RenderBlock {UL} at (0,132) size 784x16
        RenderListItem {LI} at (40,0) size 744x16
          RenderBlock {UL} at (0,0) size 744x16
            RenderListItem {LI} at (40,0) size 704x16
              RenderListMarker at (-56,0) size 6x16: bullet
              RenderListMarker at (-16,0) size 6x16: white bullet
              RenderText {#text} at (0,0) size 256x16
                text run at (0,0) width 256: "Both bullets should be on the same line."
layer at (8,8) size 80x80
  RenderBlock (positioned) {DIV} at (8,8) size 80x80 [bgcolor=#008000]
