layer at (0,0) size 800x600
  RenderView at (0,0) size 800x600
layer at (0,0) size 800x600
  RenderBlock {HTML} at (0,0) size 800x600
    RenderBody {BODY} at (8,8) size 784x576
      RenderBlock {DIV} at (0,0) size 784x100
      RenderBlock (anonymous) at (0,100) size 784x16
        RenderText {#text} at (0,0) size 498x16
          text run at (0,0) width 306: "This file has a doc type with an internal subset. "
          text run at (305,0) width 193: "We should be in quirks mode."
      RenderBlock {UL} at (0,132) size 784x32
        RenderListItem {LI} at (40,0) size 744x32
          RenderBlock (anonymous) at (0,0) size 744x16
            RenderListMarker at (-16,0) size 6x16: bullet
          RenderBlock {UL} at (0,16) size 744x16
            RenderListItem {LI} at (40,0) size 704x16
              RenderListMarker at (-16,0) size 6x16: white bullet
              RenderText {#text} at (0,0) size 259x16
                text run at (0,0) width 259: "Both bullets should be on separate lines."
layer at (10,10) size 80x80
  RenderBlock (positioned) {DIV} at (10,10) size 80x80 [bgcolor=#008000]
