layer at (0,0) size 785x1452
  RenderView at (0,0) size 785x600
layer at (0,0) size 785x1452
  RenderBlock {HTML} at (0,0) size 785x1452
    RenderBody {BODY} at (8,16) size 769x1420
      RenderBlock {P} at (0,0) size 769x54
        RenderText {#text} at (2,0) size 767x53
          text run at (2,0) width 409: "Test rendering of 3 text runs -- TextRun1 TextRun2 TextRun3, "
          text run at (410,0) width 359: "in which TextRun1 and TextRun2's bidi level are 2, and"
          text run at (36,18) width 733: "TextRun3's bidi level is 1. TextRun2 and TextRun3 are siblings. But their ancestor (not their parent) is a sibling of"
          text run at (85,36) width 73: "TextRun1. "
          text run at (157,36) width 612: "The visual order should be TextRun3 TextRun1 TextRun2, not TextRun3 TextRun2 TextRun1."
      RenderBlock {HR} at (0,70) size 769x2 [border: (1px inset #EEEEEE)]
      RenderBlock {P} at (0,88) size 769x18
        RenderText {#text} at (303,0) size 466x17
          text run at (303,0) width 348: "Pure text. The following 3 lines should all display as \""
          text run at (650,0) width 23 RTL: "\x{5E9}\x{5E0}\x{5D1}"
          text run at (672,0) width 97: " This is a Test\""
      RenderBlock {DIV} at (0,122) size 769x18 [bgcolor=#FF0000]
        RenderText {#text} at (683,0) size 59x17
          text run at (683,0) width 59: "This is a "
        RenderInline {SPAN} at (0,0) size 112x17
          RenderInline {SPAN} at (0,0) size 112x17
            RenderText {#text} at (679,0) size 90x17
              text run at (679,0) width 5 RTL: " "
              text run at (741,0) width 28: "Test"
            RenderInline {SPAN} at (0,0) size 23x17
              RenderText {#text} at (657,0) size 23x17
                text run at (657,0) width 23 RTL: "\x{5E9}\x{5E0}\x{5D1}"
      RenderBlock {DIV} at (0,140) size 769x18 [bgcolor=#FF0000]
        RenderText {#text} at (683,0) size 59x17
          text run at (683,0) width 59: "This is a "
        RenderInline {SPAN} at (0,0) size 112x17
          RenderInline {SPAN} at (0,0) size 112x17
            RenderInline {SPAN} at (0,0) size 112x17
              RenderText {#text} at (679,0) size 90x17
                text run at (679,0) width 5 RTL: " "
                text run at (741,0) width 28: "Test"
              RenderInline {SPAN} at (0,0) size 23x17
                RenderText {#text} at (657,0) size 23x17
                  text run at (657,0) width 23 RTL: "\x{5E9}\x{5E0}\x{5D1}"
      RenderBlock {DIV} at (0,158) size 769x18
        RenderText {#text} at (683,0) size 59x17
          text run at (683,0) width 59: "This is a "
        RenderInline {SPAN} at (0,0) size 112x17
          RenderText {#text} at (679,0) size 90x17
            text run at (679,0) width 5 RTL: " "
            text run at (741,0) width 28: "Test"
          RenderInline {SPAN} at (0,0) size 23x17
            RenderText {#text} at (657,0) size 23x17
              text run at (657,0) width 23 RTL: "\x{5E9}\x{5E0}\x{5D1}"
      RenderBlock {HR} at (0,184) size 769x2 [border: (1px inset #EEEEEE)]
      RenderBlock {P} at (0,202) size 769x18
        RenderText {#text} at (312,0) size 457x17
          text run at (312,0) width 457: "Text in <em>. The English text should be displayed as \"This is a Test\"."
      RenderBlock {DIV} at (0,236) size 769x18 [bgcolor=#FF0000]
        RenderText {#text} at (684,0) size 59x17
          text run at (684,0) width 59: "This is a "
        RenderInline {SPAN} at (0,0) size 85x17
          RenderInline {EM} at (0,0) size 85x17
            RenderInline {SPAN} at (0,0) size 1x17
            RenderText {#text} at (742,0) size 27x17
              text run at (742,0) width 27: "Test"
            RenderInline {SPAN} at (0,0) size 1x17
      RenderBlock {DIV} at (0,254) size 769x18 [bgcolor=#FF0000]
        RenderText {#text} at (684,0) size 59x17
          text run at (684,0) width 59: "This is a "
        RenderInline {SPAN} at (0,0) size 85x17
          RenderInline {EM} at (0,0) size 85x17
            RenderText {#text} at (742,0) size 27x17
              text run at (742,0) width 27: "Test"
            RenderInline {SPAN} at (0,0) size 1x17
      RenderBlock {DIV} at (0,272) size 769x18 [bgcolor=#FF0000]
        RenderText {#text} at (684,0) size 59x17
          text run at (684,0) width 59: "This is a "
        RenderInline {SPAN} at (0,0) size 111x17
          RenderInline {EM} at (0,0) size 111x17
            RenderText {#text} at (680,0) size 89x17
              text run at (680,0) width 5 RTL: " "
              text run at (742,0) width 27: "Test"
            RenderInline {SPAN} at (0,0) size 23x17
              RenderText {#text} at (658,0) size 23x17
                text run at (658,0) width 23 RTL: "\x{5D3}\x{5DE}\x{5D4}"
      RenderBlock {DIV} at (0,290) size 769x18
        RenderText {#text} at (684,0) size 59x17
          text run at (684,0) width 59: "This is a "
        RenderInline {SPAN} at (0,0) size 27x17
          RenderInline {EM} at (0,0) size 27x17
            RenderInline {SPAN} at (0,0) size 1x17
            RenderText {#text} at (742,0) size 27x17
              text run at (742,0) width 27: "Test"
      RenderBlock {DIV} at (0,308) size 769x18
        RenderText {#text} at (684,0) size 59x17
          text run at (684,0) width 59: "This is a "
        RenderInline {SPAN} at (0,0) size 27x17
          RenderInline {EM} at (0,0) size 27x17
            RenderText {#text} at (742,0) size 27x17
              text run at (742,0) width 27: "Test"
      RenderBlock {HR} at (0,334) size 769x2 [border: (1px inset #EEEEEE)]
      RenderBlock {P} at (0,352) size 769x18
        RenderText {#text} at (286,0) size 483x17
          text run at (286,0) width 483: "Text in <strong>. The following lines should all display as \"This is a Test\"."
      RenderBlock {DIV} at (0,386) size 769x18 [bgcolor=#FF0000]
        RenderText {#text} at (681,0) size 59x17
          text run at (681,0) width 59: "This is a "
        RenderInline {SPAN} at (0,0) size 88x17
          RenderInline {STRONG} at (0,0) size 88x17
            RenderInline {SPAN} at (0,0) size 1x17
            RenderText {#text} at (739,0) size 30x17
              text run at (739,0) width 30: "Test"
            RenderInline {SPAN} at (0,0) size 1x17
      RenderBlock {DIV} at (0,404) size 769x18 [bgcolor=#FF0000]
        RenderText {#text} at (681,0) size 59x17
          text run at (681,0) width 59: "This is a "
        RenderInline {SPAN} at (0,0) size 88x17
          RenderInline {STRONG} at (0,0) size 88x17
            RenderText {#text} at (739,0) size 30x17
              text run at (739,0) width 30: "Test"
            RenderInline {SPAN} at (0,0) size 1x17
      RenderBlock {DIV} at (0,422) size 769x18
        RenderText {#text} at (681,0) size 59x17
          text run at (681,0) width 59: "This is a "
        RenderInline {SPAN} at (0,0) size 30x17
          RenderInline {STRONG} at (0,0) size 30x17
            RenderInline {SPAN} at (0,0) size 1x17
            RenderText {#text} at (739,0) size 30x17
              text run at (739,0) width 30: "Test"
      RenderBlock {DIV} at (0,440) size 769x18
        RenderText {#text} at (681,0) size 59x17
          text run at (681,0) width 59: "This is a "
        RenderInline {SPAN} at (0,0) size 30x17
          RenderInline {STRONG} at (0,0) size 30x17
            RenderText {#text} at (739,0) size 30x17
              text run at (739,0) width 30: "Test"
      RenderBlock {HR} at (0,466) size 769x2 [border: (1px inset #EEEEEE)]
      RenderBlock {P} at (0,484) size 769x18
        RenderText {#text} at (322,0) size 447x17
          text run at (322,0) width 447: "Text in <i>. The following lines should all display as \"This is a Test\"."
      RenderBlock {DIV} at (0,518) size 769x18 [bgcolor=#FF0000]
        RenderText {#text} at (684,0) size 59x17
          text run at (684,0) width 59: "This is a "
        RenderInline {SPAN} at (0,0) size 85x17
          RenderInline {I} at (0,0) size 85x17
            RenderInline {SPAN} at (0,0) size 1x17
            RenderText {#text} at (742,0) size 27x17
              text run at (742,0) width 27: "Test"
            RenderInline {SPAN} at (0,0) size 1x17
      RenderBlock {DIV} at (0,536) size 769x18 [bgcolor=#FF0000]
        RenderText {#text} at (684,0) size 59x17
          text run at (684,0) width 59: "This is a "
        RenderInline {SPAN} at (0,0) size 85x17
          RenderInline {I} at (0,0) size 85x17
            RenderText {#text} at (742,0) size 27x17
              text run at (742,0) width 27: "Test"
            RenderInline {SPAN} at (0,0) size 1x17
      RenderBlock {DIV} at (0,554) size 769x18
        RenderText {#text} at (684,0) size 59x17
          text run at (684,0) width 59: "This is a "
        RenderInline {SPAN} at (0,0) size 27x17
          RenderInline {I} at (0,0) size 27x17
            RenderInline {SPAN} at (0,0) size 1x17
            RenderText {#text} at (742,0) size 27x17
              text run at (742,0) width 27: "Test"
      RenderBlock {DIV} at (0,572) size 769x18
        RenderText {#text} at (684,0) size 59x17
          text run at (684,0) width 59: "This is a "
        RenderInline {SPAN} at (0,0) size 27x17
          RenderInline {I} at (0,0) size 27x17
            RenderText {#text} at (742,0) size 27x17
              text run at (742,0) width 27: "Test"
      RenderBlock {HR} at (0,598) size 769x2 [border: (1px inset #EEEEEE)]
      RenderBlock {P} at (0,616) size 769x18
        RenderText {#text} at (318,0) size 451x17
          text run at (318,0) width 451: "Text in <b>. The following lines should all display as \"This is a Test\"."
      RenderBlock {DIV} at (0,650) size 769x18 [bgcolor=#FF0000]
        RenderText {#text} at (681,0) size 59x17
          text run at (681,0) width 59: "This is a "
        RenderInline {SPAN} at (0,0) size 88x17
          RenderInline {B} at (0,0) size 88x17
            RenderInline {SPAN} at (0,0) size 1x17
            RenderText {#text} at (739,0) size 30x17
              text run at (739,0) width 30: "Test"
            RenderInline {SPAN} at (0,0) size 1x17
      RenderBlock {DIV} at (0,668) size 769x18 [bgcolor=#FF0000]
        RenderText {#text} at (681,0) size 59x17
          text run at (681,0) width 59: "This is a "
        RenderInline {SPAN} at (0,0) size 88x17
          RenderInline {B} at (0,0) size 88x17
            RenderText {#text} at (739,0) size 30x17
              text run at (739,0) width 30: "Test"
            RenderInline {SPAN} at (0,0) size 1x17
      RenderBlock {DIV} at (0,686) size 769x18
        RenderText {#text} at (681,0) size 59x17
          text run at (681,0) width 59: "This is a "
        RenderInline {SPAN} at (0,0) size 30x17
          RenderInline {B} at (0,0) size 30x17
            RenderInline {SPAN} at (0,0) size 1x17
            RenderText {#text} at (739,0) size 30x17
              text run at (739,0) width 30: "Test"
      RenderBlock {DIV} at (0,704) size 769x18
        RenderText {#text} at (681,0) size 59x17
          text run at (681,0) width 59: "This is a "
        RenderInline {SPAN} at (0,0) size 30x17
          RenderInline {B} at (0,0) size 30x17
            RenderText {#text} at (739,0) size 30x17
              text run at (739,0) width 30: "Test"
      RenderBlock (anonymous) at (0,722) size 769x0
        RenderInline {B} at (0,0) size 0x0
          RenderText {#text} at (0,0) size 0x0
      RenderBlock (anonymous) at (0,730) size 769x690
        RenderBlock {HR} at (0,0) size 769x2 [border: (1px inset #EEEEEE)]
        RenderBlock {P} at (0,18) size 769x18
          RenderText {#text} at (88,0) size 681x17
            text run at (88,0) width 681: "Text in <img>, <href>, <em>, <tr>. The following English text should all display as \"This is a Test\"."
        RenderBlock {DIV} at (0,52) size 769x24 [bgcolor=#FF0000]
          RenderText {#text} at (678,6) size 62x17
            text run at (678,6) width 62: "This is a "
          RenderInline {SPAN} at (0,0) size 111x17
            RenderInline {A} at (0,0) size 111x17 [color=#551A8B]
              RenderText {#text} at (739,6) size 30x17
                text run at (739,6) width 30: "Test"
              RenderInline {SPAN} at (0,0) size 21x17
                RenderImage {IMG} at (658.75,0) size 20x20
        RenderBlock {DIV} at (0,76) size 769x18 [bgcolor=#FF0000]
          RenderText {#text} at (678,0) size 62x17
            text run at (678,0) width 62: "This is a "
          RenderInline {SPAN} at (0,0) size 118x17
            RenderInline {A} at (0,0) size 118x17 [color=#551A8B]
              RenderText {#text} at (674,0) size 95x17
                text run at (674,0) width 5 RTL: " "
                text run at (739,0) width 30: "Test"
              RenderInline {SPAN} at (0,0) size 24x17
                RenderText {#text} at (651,0) size 24x17
                  text run at (651,0) width 24 RTL: "\x{5E9}\x{5E0}\x{5D1}"
        RenderBlock {DIV} at (0,94) size 769x18 [bgcolor=#FF0000]
          RenderText {#text} at (680,0) size 62x17
            text run at (680,0) width 62: "This is a "
          RenderInline {SPAN} at (0,0) size 89x17
            RenderInline {EM} at (0,0) size 89x17
              RenderText {#text} at (741,0) size 28x17
                text run at (741,0) width 28: "Test"
              RenderInline {A} at (0,0) size 1x17 [color=#551A8B]
        RenderBlock {DIV} at (0,112) size 769x24 [bgcolor=#FF0000]
          RenderText {#text} at (680,6) size 62x17
            text run at (680,6) width 62: "This is a "
          RenderInline {SPAN} at (0,0) size 109x17
            RenderInline {EM} at (0,0) size 109x17
              RenderText {#text} at (741,6) size 28x17
                text run at (741,6) width 28: "Test"
              RenderInline {SPAN} at (0,0) size 21x17
                RenderImage {IMG} at (660.53,0) size 20x20
        RenderBlock {DIV} at (0,136) size 769x18
          RenderText {#text} at (637,0) size 62x17
            text run at (637,0) width 62: "This is a "
          RenderInline {SPAN} at (0,0) size 71x17
            RenderInline {A} at (0,0) size 71x17 [color=#551A8B]
              RenderText {#text} at (698,0) size 34x17
                text run at (698,0) width 34: "Test "
              RenderInline {SPAN} at (0,0) size 38x17
                RenderText {#text} at (731,0) size 38x17
                  text run at (731,0) width 38: "again"
        RenderBlock {DIV} at (0,154) size 769x42
          RenderBlock (anonymous) at (0,0) size 769x18
            RenderText {#text} at (680,0) size 62x17
              text run at (680,0) width 62: "This is a "
            RenderInline {SPAN} at (0,0) size 28x17
              RenderInline {EM} at (0,0) size 28x17
                RenderText {#text} at (741,0) size 28x17
                  text run at (741,0) width 28: "Test"
          RenderBlock (anonymous) at (0,18) size 769x24
            RenderTable {TABLE} at (755,0) size 14x24
              RenderTableSection {TBODY} at (0,0) size 14x24
                RenderTableRow {TR} at (0,2) size 14x20
                  RenderTableCell {TD} at (2,2) size 10x20 [r=0 c=0 rs=1 cs=1]
                    RenderText {#text} at (1,1) size 8x17
                      text run at (1,1) width 8: "a"
          RenderBlock (anonymous) at (0,42) size 769x0
            RenderInline {SPAN} at (0,0) size 0x0
              RenderInline {EM} at (0,0) size 0x0
        RenderBlock {HR} at (0,204) size 769x2 [border: (1px inset #EEEEEE)]
        RenderBlock {UL} at (0,222) size 769x468
          RenderListItem {LI} at (40,0) size 729x18
            RenderListMarker at (-17,0) size 7x17: bullet
            RenderText {#text} at (0,0) size 112x17
              text run at (0,0) width 112: "Test 0: : Success"
          RenderListItem {LI} at (40,18) size 729x18
            RenderListMarker at (-17,0) size 7x17: bullet
            RenderText {#text} at (0,0) size 112x17
              text run at (0,0) width 112: "Test 1: : Success"
          RenderListItem {LI} at (40,36) size 729x18
            RenderListMarker at (-17,0) size 7x17: bullet
            RenderText {#text} at (0,0) size 112x17
              text run at (0,0) width 112: "Test 2: : Success"
          RenderListItem {LI} at (40,54) size 729x18
            RenderListMarker at (-17,0) size 7x17: bullet
            RenderText {#text} at (0,0) size 112x17
              text run at (0,0) width 112: "Test 3: : Success"
          RenderListItem {LI} at (40,72) size 729x18
            RenderListMarker at (-17,0) size 7x17: bullet
            RenderText {#text} at (0,0) size 112x17
              text run at (0,0) width 112: "Test 4: : Success"
          RenderListItem {LI} at (40,90) size 729x18
            RenderListMarker at (-17,0) size 7x17: bullet
            RenderText {#text} at (0,0) size 112x17
              text run at (0,0) width 112: "Test 5: : Success"
          RenderListItem {LI} at (40,108) size 729x18
            RenderListMarker at (-17,0) size 7x17: bullet
            RenderText {#text} at (0,0) size 112x17
              text run at (0,0) width 112: "Test 6: : Success"
          RenderListItem {LI} at (40,126) size 729x18
            RenderListMarker at (-17,0) size 7x17: bullet
            RenderText {#text} at (0,0) size 112x17
              text run at (0,0) width 112: "Test 7: : Success"
          RenderListItem {LI} at (40,144) size 729x18
            RenderListMarker at (-17,0) size 7x17: bullet
            RenderText {#text} at (0,0) size 112x17
              text run at (0,0) width 112: "Test 8: : Success"
          RenderListItem {LI} at (40,162) size 729x18
            RenderListMarker at (-17,0) size 7x17: bullet
            RenderText {#text} at (0,0) size 112x17
              text run at (0,0) width 112: "Test 9: : Success"
          RenderListItem {LI} at (40,180) size 729x18
            RenderListMarker at (-17,0) size 7x17: bullet
            RenderText {#text} at (0,0) size 120x17
              text run at (0,0) width 120: "Test 10: : Success"
          RenderListItem {LI} at (40,198) size 729x18
            RenderListMarker at (-17,0) size 7x17: bullet
            RenderText {#text} at (0,0) size 120x17
              text run at (0,0) width 120: "Test 11: : Success"
          RenderListItem {LI} at (40,216) size 729x18
            RenderListMarker at (-17,0) size 7x17: bullet
            RenderText {#text} at (0,0) size 120x17
              text run at (0,0) width 120: "Test 12: : Success"
          RenderListItem {LI} at (40,234) size 729x18
            RenderListMarker at (-17,0) size 7x17: bullet
            RenderText {#text} at (0,0) size 120x17
              text run at (0,0) width 120: "Test 13: : Success"
          RenderListItem {LI} at (40,252) size 729x18
            RenderListMarker at (-17,0) size 7x17: bullet
            RenderText {#text} at (0,0) size 120x17
              text run at (0,0) width 120: "Test 14: : Success"
          RenderListItem {LI} at (40,270) size 729x18
            RenderListMarker at (-17,0) size 7x17: bullet
            RenderText {#text} at (0,0) size 120x17
              text run at (0,0) width 120: "Test 15: : Success"
          RenderListItem {LI} at (40,288) size 729x18
            RenderListMarker at (-17,0) size 7x17: bullet
            RenderText {#text} at (0,0) size 120x17
              text run at (0,0) width 120: "Test 16: : Success"
          RenderListItem {LI} at (40,306) size 729x18
            RenderListMarker at (-17,0) size 7x17: bullet
            RenderText {#text} at (0,0) size 120x17
              text run at (0,0) width 120: "Test 17: : Success"
          RenderListItem {LI} at (40,324) size 729x18
            RenderListMarker at (-17,0) size 7x17: bullet
            RenderText {#text} at (0,0) size 120x17
              text run at (0,0) width 120: "Test 18: : Success"
          RenderListItem {LI} at (40,342) size 729x18
            RenderListMarker at (-17,0) size 7x17: bullet
            RenderText {#text} at (0,0) size 120x17
              text run at (0,0) width 120: "Test 19: : Success"
          RenderListItem {LI} at (40,360) size 729x18
            RenderListMarker at (-17,0) size 7x17: bullet
            RenderText {#text} at (0,0) size 120x17
              text run at (0,0) width 120: "Test 20: : Success"
          RenderListItem {LI} at (40,378) size 729x18
            RenderListMarker at (-17,0) size 7x17: bullet
            RenderText {#text} at (0,0) size 120x17
              text run at (0,0) width 120: "Test 21: : Success"
          RenderListItem {LI} at (40,396) size 729x18
            RenderListMarker at (-17,0) size 7x17: bullet
            RenderText {#text} at (0,0) size 120x17
              text run at (0,0) width 120: "Test 22: : Success"
          RenderListItem {LI} at (40,414) size 729x18
            RenderListMarker at (-17,0) size 7x17: bullet
            RenderText {#text} at (0,0) size 120x17
              text run at (0,0) width 120: "Test 23: : Success"
          RenderListItem {LI} at (40,432) size 729x18
            RenderListMarker at (-17,0) size 7x17: bullet
            RenderText {#text} at (0,0) size 120x17
              text run at (0,0) width 120: "Test 24: : Success"
          RenderListItem {LI} at (40,450) size 729x18
            RenderListMarker at (-17,0) size 7x17: bullet
            RenderText {#text} at (0,0) size 120x17
              text run at (0,0) width 120: "Test 25: : Success"
      RenderBlock (anonymous) at (0,1436) size 769x0
        RenderInline {B} at (0,0) size 0x0
selection start: position 0 of child 0 {#text} of child 14 {DIV} of child 56 {B} of body
selection end:   position 4 of child 0 {#text} of child 14 {DIV} of child 56 {B} of body
