layer at (0,0) size 800x600
  RenderView at (0,0) size 800x600
layer at (0,0) size 800x0
  RenderBlock {HTML} at (0,0) size 800x0
layer at (158,8) size 634x554
  RenderBody {BODY} at (158,8) size 634x554.33
    RenderBlock {H3} at (0,18.72) size 634x46
      RenderText {#text} at (0,0) size 202x22
        text run at (0,0) width 202: "Test for chromium bug : "
      RenderInline {A} at (0,0) size 50x22 [color=#0000EE]
        RenderText {#text} at (202,0) size 50x22
          text run at (202,0) width 50: "31286"
      RenderText {#text} at (252,0) size 634x45
        text run at (252,0) width 382: ". css rendering bug : fixed-position-element and"
        text run at (0,23) width 41: "'left'."
    RenderBlock {H4} at (0,85.98) size 634x40
      RenderText {#text} at (0,0) size 620x39
        text run at (0,0) width 620: "If fixed position inline element does not have left and/or right position then it should render as"
        text run at (0,20) width 81: "normal flow."
    RenderBlock {H5} at (0,148.16) size 634x384
      RenderBlock (anonymous) at (0,0) size 634x16
        RenderText {#text} at (0,0) size 318x15
          text run at (0,0) width 318: "Case 1 : fixed text box should be just after relative text box. "
        RenderBR {BR} at (318,0) size 0x15
      RenderBlock (anonymous) at (0,32) size 634x16
        RenderText {#text} at (0,0) size 326x15
          text run at (0,0) width 326: "Case 2 : fixed text box should be just before relative text box. "
        RenderBR {BR} at (326,0) size 0x15
      RenderBlock (anonymous) at (0,64) size 634x16
        RenderText {#text} at (0,0) size 318x15
          text run at (0,0) width 318: "Case 3 : fixed text box should be just after relative text box. "
        RenderBR {BR} at (318,0) size 0x15
      RenderBlock (anonymous) at (0,96) size 634x16
        RenderText {#text} at (0,0) size 326x15
          text run at (0,0) width 326: "Case 4 : fixed text box should be just before relative text box. "
        RenderBR {BR} at (326,0) size 0x15
      RenderBlock (anonymous) at (0,128) size 634x16
        RenderText {#text} at (0,0) size 325x15
          text run at (0,0) width 325: "Case 5 : fixed text box should be just after relative2 text box. "
        RenderBR {BR} at (325,0) size 0x15
      RenderBlock (anonymous) at (0,160) size 634x16
        RenderText {#text} at (0,0) size 590x15
          text run at (0,0) width 590: "Case 6 : fixed text box should be after relative text box in some distance and before relative2 in some distance. "
        RenderBR {BR} at (590,0) size 0x15
      RenderBlock (anonymous) at (0,192) size 634x16
        RenderText {#text} at (0,0) size 325x15
          text run at (0,0) width 325: "Case 7 : fixed text box should be just after relative2 text box. "
        RenderBR {BR} at (325,0) size 0x15
      RenderBlock (anonymous) at (0,224) size 634x16
        RenderText {#text} at (0,0) size 402x15
          text run at (0,0) width 402: "Case 8 : fixed text box should be before relative2 text box in some distance. "
        RenderBR {BR} at (402,0) size 0x15
      RenderBlock (anonymous) at (0,256) size 634x16
        RenderText {#text} at (0,0) size 325x15
          text run at (0,0) width 325: "Case 9 : fixed text box should be just after relative2 text box. "
        RenderBR {BR} at (325,0) size 0x15
      RenderBlock (anonymous) at (0,288) size 634x16
        RenderText {#text} at (0,0) size 597x15
          text run at (0,0) width 597: "Case 10 : fixed text box should be after relative text box in some distance and before relative2 in some distance. "
        RenderBR {BR} at (597,0) size 0x15
      RenderBlock (anonymous) at (0,320) size 634x16
        RenderText {#text} at (0,0) size 332x15
          text run at (0,0) width 332: "Case 11 : fixed text box should be just after relative2 text box. "
        RenderBR {BR} at (332,0) size 0x15
      RenderBlock (anonymous) at (0,352) size 634x16
        RenderText {#text} at (0,0) size 409x15
          text run at (0,0) width 409: "Case 12 : fixed text box should be before relative2 text box in some distance. "
        RenderBR {BR} at (409,0) size 0x15
layer at (258,172) size 400x16
  RenderBlock (relative positioned) {DIV} at (0,16) size 400x16 [bgcolor=#008000]
    RenderText {#text} at (0,0) size 41x15
      text run at (0,0) width 41: "relative"
    RenderText {#text} at (0,0) size 0x0
layer at (299,172) size 26x16
  RenderBlock (positioned) {SPAN} at (299,172.16) size 26x16 [bgcolor=#FF0000]
    RenderText {#text} at (0,0) size 26x15
      text run at (0,0) width 26: "fixed"
layer at (258,204) size 400x16
  RenderBlock (relative positioned) {DIV} at (0,48) size 400x16 [bgcolor=#008000]
    RenderText {#text} at (359,0) size 41x15
      text run at (359,0) width 41: "relative"
    RenderText {#text} at (0,0) size 0x0
layer at (591,204) size 26x16
  RenderBlock (positioned) {SPAN} at (591,204.16) size 26x16 [bgcolor=#FF0000]
    RenderText {#text} at (0,0) size 26x15
      text run at (0,0) width 26: "fixed"
layer at (58,236) size 400x16
  RenderBlock (relative positioned) {DIV} at (0,80) size 400x16 [bgcolor=#008000]
    RenderText {#text} at (0,0) size 41x15
      text run at (0,0) width 41: "relative"
    RenderText {#text} at (0,0) size 0x0
layer at (99,236) size 26x16
  RenderBlock (positioned) {SPAN} at (99,236.16) size 26x16 [bgcolor=#FF0000]
    RenderText {#text} at (0,0) size 26x15
      text run at (0,0) width 26: "fixed"
layer at (58,268) size 400x16
  RenderBlock (relative positioned) {DIV} at (0,112) size 400x16 [bgcolor=#008000]
    RenderText {#text} at (359,0) size 41x15
      text run at (359,0) width 41: "relative"
    RenderText {#text} at (0,0) size 0x0
layer at (391,268) size 26x16
  RenderBlock (positioned) {SPAN} at (391,268.16) size 26x16 [bgcolor=#FF0000]
    RenderText {#text} at (0,0) size 26x15
      text run at (0,0) width 26: "fixed"
layer at (258,300) size 400x16
  RenderBlock (relative positioned) {DIV} at (0,144) size 400x16 [bgcolor=#808080]
    RenderText {#text} at (0,0) size 44x15
      text run at (0,0) width 44: "relative "
    RenderText {#text} at (0,0) size 0x0
layer at (358,300) size 48x15
  RenderInline (relative positioned) {SPAN} at (0,0) size 48x15 [bgcolor=#008000]
    RenderText {#text} at (44,0) size 48x15
      text run at (44,0) width 48: "relative2"
layer at (450,300) size 26x16
  RenderBlock (positioned) {SPAN} at (450,300.16) size 26x16 [bgcolor=#FF0000]
    RenderText {#text} at (0,0) size 26x15
      text run at (0,0) width 26: "fixed"
layer at (258,332) size 400x16
  RenderBlock (relative positioned) {DIV} at (0,176) size 400x16 [bgcolor=#808080]
    RenderText {#text} at (308,0) size 44x15
      text run at (308,0) width 44: "relative "
    RenderText {#text} at (0,0) size 0x0
layer at (358,332) size 92x15
  RenderInline (relative positioned) {SPAN} at (0,0) size 92x15 [bgcolor=#008000]
    RenderText {#text} at (352,0) size 48x15
      text run at (352,0) width 48: "relative2"
layer at (640,332) size 26x16
  RenderBlock (positioned) {SPAN} at (640,332.16) size 26x16 [bgcolor=#FF0000]
    RenderText {#text} at (0,0) size 26x15
      text run at (0,0) width 26: "fixed"
layer at (258,364) size 400x16
  RenderBlock (relative positioned) {DIV} at (0,208) size 400x16 [bgcolor=#808080]
    RenderText {#text} at (0,0) size 44x15
      text run at (0,0) width 44: "relative "
    RenderText {#text} at (0,0) size 0x0
layer at (158,364) size 48x15
  RenderInline (relative positioned) {SPAN} at (0,0) size 48x15 [bgcolor=#008000]
    RenderText {#text} at (44,0) size 48x15
      text run at (44,0) width 48: "relative2"
layer at (250,364) size 26x16
  RenderBlock (positioned) {SPAN} at (250,364.16) size 26x16 [bgcolor=#FF0000]
    RenderText {#text} at (0,0) size 26x15
      text run at (0,0) width 26: "fixed"
layer at (258,396) size 400x16
  RenderBlock (relative positioned) {DIV} at (0,240) size 400x16 [bgcolor=#808080]
    RenderText {#text} at (308,0) size 44x15
      text run at (308,0) width 44: "relative "
    RenderText {#text} at (0,0) size 0x0
layer at (158,396) size 92x15
  RenderInline (relative positioned) {SPAN} at (0,0) size 92x15 [bgcolor=#008000]
    RenderText {#text} at (352,0) size 48x15
      text run at (352,0) width 48: "relative2"
layer at (440,396) size 26x16
  RenderBlock (positioned) {SPAN} at (440,396.16) size 26x16 [bgcolor=#FF0000]
    RenderText {#text} at (0,0) size 26x15
      text run at (0,0) width 26: "fixed"
layer at (58,428) size 400x16
  RenderBlock (relative positioned) {DIV} at (0,272) size 400x16 [bgcolor=#808080]
    RenderText {#text} at (0,0) size 44x15
      text run at (0,0) width 44: "relative "
    RenderText {#text} at (0,0) size 0x0
layer at (158,428) size 48x15
  RenderInline (relative positioned) {SPAN} at (0,0) size 48x15 [bgcolor=#008000]
    RenderText {#text} at (44,0) size 48x15
      text run at (44,0) width 48: "relative2"
layer at (250,428) size 26x16
  RenderBlock (positioned) {SPAN} at (250,428.16) size 26x16 [bgcolor=#FF0000]
    RenderText {#text} at (0,0) size 26x15
      text run at (0,0) width 26: "fixed"
layer at (58,460) size 400x16
  RenderBlock (relative positioned) {DIV} at (0,304) size 400x16 [bgcolor=#808080]
    RenderText {#text} at (308,0) size 44x15
      text run at (308,0) width 44: "relative "
    RenderText {#text} at (0,0) size 0x0
layer at (158,460) size 92x15
  RenderInline (relative positioned) {SPAN} at (0,0) size 92x15 [bgcolor=#008000]
    RenderText {#text} at (352,0) size 48x15
      text run at (352,0) width 48: "relative2"
layer at (440,460) size 26x16
  RenderBlock (positioned) {SPAN} at (440,460.16) size 26x16 [bgcolor=#FF0000]
    RenderText {#text} at (0,0) size 26x15
      text run at (0,0) width 26: "fixed"
layer at (58,492) size 400x16
  RenderBlock (relative positioned) {DIV} at (0,336) size 400x16 [bgcolor=#808080]
    RenderText {#text} at (0,0) size 44x15
      text run at (0,0) width 44: "relative "
    RenderText {#text} at (0,0) size 0x0
layer at (-42,492) size 48x15 backgroundClip at (0,0) size 800x600 clip at (0,0) size 800x600 outlineClip at (0,0) size 800x600
  RenderInline (relative positioned) {SPAN} at (0,0) size 48x15 [bgcolor=#008000]
    RenderText {#text} at (44,0) size 48x15
      text run at (44,0) width 48: "relative2"
layer at (50,492) size 26x16
  RenderBlock (positioned) {SPAN} at (50,492.16) size 26x16 [bgcolor=#FF0000]
    RenderText {#text} at (0,0) size 26x15
      text run at (0,0) width 26: "fixed"
layer at (58,524) size 400x16
  RenderBlock (relative positioned) {DIV} at (0,368) size 400x16 [bgcolor=#808080]
    RenderText {#text} at (308,0) size 44x15
      text run at (308,0) width 44: "relative "
    RenderText {#text} at (0,0) size 0x0
layer at (-42,524) size 92x15 backgroundClip at (0,0) size 800x600 clip at (0,0) size 800x600 outlineClip at (0,0) size 800x600
  RenderInline (relative positioned) {SPAN} at (0,0) size 92x15 [bgcolor=#008000]
    RenderText {#text} at (352,0) size 48x15
      text run at (352,0) width 48: "relative2"
layer at (240,524) size 26x16
  RenderBlock (positioned) {SPAN} at (240,524.16) size 26x16 [bgcolor=#FF0000]
    RenderText {#text} at (0,0) size 26x15
      text run at (0,0) width 26: "fixed"
