layer at (0,0) size 800x600
  RenderView at (0,0) size 800x600
layer at (0,0) size 800x164
  RenderBlock {HTML} at (0,0) size 800x164
    RenderBody {BODY} at (8,8) size 784x148
      RenderBlock {DIV} at (0,0) size 784x37
        RenderInline {<pseudo:first-letter>} at (0,0) size 19x36 [color=#008000]
          RenderTextFragment at (0,0) size 19x36
            text run at (0,0) width 19: "L"
        RenderTextFragment {#text} at (19,13) size 31x19
          text run at (19,13) width 31: "orem"
      RenderBlock {DIV} at (0,37) size 784x37
        RenderInline {SPAN} at (0,0) size 43x19
          RenderInline {<pseudo:first-letter>} at (0,0) size 11x36 [color=#008000]
            RenderTextFragment at (0,0) size 11x36
              text run at (0,0) width 11: "I"
          RenderTextFragment {#text} at (11,13) size 32x19
            text run at (11,13) width 32: "psum"
      RenderBlock {DIV} at (0,74) size 784x37
        RenderInline {SPAN} at (0,0) size 84x19
          RenderInline {<pseudo:before>} at (0,0) size 52x19
            RenderInline {<pseudo:first-letter>} at (0,0) size 21x36 [color=#008000]
              RenderTextFragment at (0,0) size 21x36
                text run at (0,0) width 21: "C"
            RenderTextFragment at (21,13) size 31x19
              text run at (21,13) width 31: "arpe "
          RenderText {#text} at (52,13) size 32x19
            text run at (52,13) width 32: "Diem"
      RenderBlock {DIV} at (0,111) size 784x37
        RenderInline {SPAN} at (0,0) size 38x19
          RenderInline {<pseudo:after>} at (0,0) size 38x19
            RenderInline {<pseudo:first-letter>} at (0,0) size 18x36 [color=#008000]
              RenderTextFragment at (0,0) size 18x36
                text run at (0,0) width 18: "F"
            RenderTextFragment at (18,13) size 20x19
              text run at (18,13) width 20: "oo "
        RenderText {#text} at (38,13) size 20x19
          text run at (38,13) width 20: "bar"
