layer at (0,0) size 800x600
  RenderView at (0,0) size 800x600
layer at (0,0) size 800x600
  RenderBlock {HTML} at (0,0) size 800x600
    RenderBody {BODY} at (8,8) size 784x584
      RenderBlock {P} at (0,0) size 784x16
        RenderText {#text} at (0,0) size 114x16
          text run at (0,0) width 114: "Tests: the bdo tag"
      RenderBlock {P} at (0,32) size 784x16
        RenderText {#text} at (0,0) size 336x16
          text run at (0,0) width 336: "The bdo element overrides the default text direction."
      RenderBlock {P} at (0,64) size 784x32
        RenderText {#text} at (0,0) size 775x32
          text run at (0,0) width 740: "If successful, the first sentence would be backward, and the second sentence regular. There should then be an extra "
          text run at (739,0) width 36: "blank"
          text run at (0,16) width 707: "line, followed by a line reading only \"A,\" and finally, a sentence where only the word \"umbrella\" is backward."
      RenderBlock {HR} at (0,112) size 784x2 [border: (1px inset #EEEEEE)]
      RenderBlock (anonymous) at (0,122) size 784x96
        RenderBR {BR} at (0,0) size 0x16
        RenderInline {BDO} at (0,0) size 224x16
          RenderText {#text} at (0,16) size 224x16
            text run at (0,16) width 224 RTL override: "This sentence should be backward."
        RenderText {#text} at (223,16) size 5x16
          text run at (223,16) width 5: " "
        RenderBR {BR} at (227,28) size 1x0
        RenderInline {BDO} at (0,0) size 212x16
          RenderText {#text} at (0,32) size 212x16
            text run at (0,32) width 212 LTR override: "This sentence should be forward."
        RenderText {#text} at (211,32) size 5x16
          text run at (211,32) width 5: " "
        RenderBR {BR} at (215,44) size 1x0
        RenderInline {BDO} at (0,0) size 0x0
        RenderText {#text} at (0,0) size 0x0
        RenderBR {BR} at (0,48) size 0x16
        RenderInline {BDO} at (0,0) size 12x16
          RenderText {#text} at (0,64) size 12x16
            text run at (0,64) width 12 RTL override: "A"
        RenderText {#text} at (11,64) size 5x16
          text run at (11,64) width 5: " "
        RenderBR {BR} at (15,76) size 1x0
        RenderInline {BDO} at (0,0) size 297x16
          RenderText {#text} at (0,80) size 27x16
            text run at (0,80) width 27 LTR override: "My "
          RenderInline {BDO} at (0,0) size 58x16
            RenderText {#text} at (26,80) size 58x16
              text run at (26,80) width 58 RTL override: "umbrella"
          RenderText {#text} at (83,80) size 214x16
            text run at (83,80) width 214 LTR override: " sure would be useful in this rain."
        RenderText {#text} at (0,0) size 0x0
