EDITING DELEGATE: webViewDidChangeSelection:WebViewDidChangeSelectionNotification
EDITING DELEGATE: webViewDidChangeSelection:WebViewDidChangeSelectionNotification
EDITING DELEGATE: webViewDidChangeSelection:WebViewDidChangeSelectionNotification
EDITING DELEGATE: webViewDidChange:WebViewDidChangeNotification
EDITING DELEGATE: webViewDidChangeSelection:WebViewDidChangeSelectionNotification
EDITING DELEGATE: webViewDidChangeSelection:WebViewDidChangeSelectionNotification
EDITING DELEGATE: webViewDidChange:WebViewDidChangeNotification
EDITING DELEGATE: webViewDidChangeSelection:WebViewDidChangeSelectionNotification
EDITING DELEGATE: webViewDidChangeSelection:WebViewDidChangeSelectionNotification
EDITING DELEGATE: webViewDidChange:WebViewDidChangeNotification
layer at (0,0) size 800x600
  RenderView at (0,0) size 800x600
layer at (0,0) size 800x600
  RenderBlock {HTML} at (0,0) size 800x600
    RenderBody {BODY} at (8,8) size 784x584
      RenderBlock {P} at (0,0) size 784x18
        RenderText {#text} at (0,0) size 391x17
          text run at (0,0) width 391: "This tests paste and match style on an empty (but styled) line"
      RenderBlock {P} at (0,34) size 784x36
        RenderText {#text} at (0,0) size 770x35
          text run at (0,0) width 770: "The first line is copied (unstyled), then it's bolded, then a paragraph separator is inserted and the original unstyled line is"
          text run at (0,18) width 186: "pasted (with style matching)."
      RenderBlock {HR} at (0,86) size 784x2 [border: (1px inset #EEEEEE)]
      RenderBlock {DIV} at (0,96) size 784x40
        RenderBlock {DIV} at (0,0) size 784x20 [border: (1px solid #FF0000)]
          RenderInline {B} at (0,0) size 189x17
            RenderText {#text} at (1,1) size 189x17
              text run at (1,1) width 189: "this text should end up bold"
        RenderBlock {DIV} at (0,20) size 784x20 [border: (1px solid #FF0000)]
          RenderInline {B} at (0,0) size 189x17
            RenderText {#text} at (1,1) size 189x17
              text run at (1,1) width 189: "this text should end up bold"
caret: position 28 of child 0 {#text} of child 0 {B} of child 1 {DIV} of child 7 {DIV} of body
