EDITING DELEGATE: webViewDidChangeSelection:WebViewDidChangeSelectionNotification
EDITING DELEGATE: webViewDidChangeSelection:WebViewDidChangeSelectionNotification
EDITING DELEGATE: webViewDidChangeSelection:WebViewDidChangeSelectionNotification
EDITING DELEGATE: webViewDidChange:WebViewDidChangeNotification
layer at (0,0) size 800x600
  RenderView at (0,0) size 800x600
layer at (0,0) size 800x600
  RenderBlock {HTML} at (0,0) size 800x600
    RenderBody {BODY} at (8,8) size 784x584
      RenderBlock {P} at (0,0) size 784x36
        RenderText {#text} at (0,0) size 783x35
          text run at (0,0) width 673: "This tests for a bug when creating markup for a selection that contained unrendered nodes with children. "
          text run at (672,0) width 111: "You should see a"
          text run at (0,18) width 253: "picture of abe followed by a select box."
      RenderBlock {DIV} at (0,52) size 784x108
        RenderImage {IMG} at (0,0) size 76x103
        RenderText {#text} at (76,89) size 4x17
          text run at (76,89) width 4: " "
        RenderMenuList {SELECT} at (80,88) size 48x20 [bgcolor=#FFFFFF] [border: (1px solid #A9A9A9)]
          RenderBlock (anonymous) at (1,1) size 46x18
            RenderText at (4,1) size 7x16
              text run at (4,1) width 7: "1"
      RenderBlock (anonymous) at (0,160) size 784x108
        RenderImage {IMG} at (0,0) size 76x103
        RenderText {#text} at (76,89) size 4x17
          text run at (76,89) width 4: " "
        RenderMenuList {SELECT} at (80,88) size 48x20 [bgcolor=#FFFFFF] [border: (1px solid #A9A9A9)]
          RenderBlock (anonymous) at (1,1) size 46x18
            RenderText at (4,1) size 7x16
              text run at (4,1) width 7: "1"
        RenderText {#text} at (0,0) size 0x0
        RenderText {#text} at (0,0) size 0x0
caret: position 1 of child 2 {SELECT} of child 2 {DIV} of body
