EDITING DELEGATE: webViewDidChangeSelection:WebViewDidChangeSelectionNotification
EDITING DELEGATE: webViewDidChangeSelection:WebViewDidChangeSelectionNotification
EDITING DELEGATE: webViewDidChangeSelection:WebViewDidChangeSelectionNotification
EDITING DELEGATE: webViewDidChangeSelection:WebViewDidChangeSelectionNotification
EDITING DELEGATE: webViewDidChange:WebViewDidChangeNotification
layer at (0,0) size 800x600
  RenderView at (0,0) size 800x600
layer at (0,0) size 800x600
  RenderBlock {HTML} at (0,0) size 800x600
    RenderBody {BODY} at (8,8) size 784x584
      RenderBlock {P} at (0,0) size 784x36
        RenderText {#text} at (0,0) size 775x35
          text run at (0,0) width 775: "This tests for a bug where attachments dragged into Mail documents blew all content after the position being pasted into."
          text run at (0,18) width 322: "You should see \"Hello[black box] World!\" below."
      RenderBlock {DIV} at (0,52) size 784x156
        RenderText {#text} at (0,138) size 36x17
          text run at (0,138) width 36: "Hello"
        RenderText {#text} at (337,138) size 51x17
          text run at (337,138) width 51: " World!"
layer at (44,60) size 302x152
  RenderEmbeddedObject {OBJECT} at (35.55,0) size 302x152 [border: (1px solid #AAAAAA)]
caret: position 1 of child 1 {OBJECT} of child 3 {DIV} of body
