EDITING DELEGATE: webViewDidChangeSelection:WebViewDidChangeSelectionNotification
EDITING DELEGATE: webViewDidChangeSelection:WebViewDidChangeSelectionNotification
EDITING DELEGATE: webViewDidChangeSelection:WebViewDidChangeSelectionNotification
EDITING DELEGATE: webViewDidChangeSelection:WebViewDidChangeSelectionNotification
EDITING DELEGATE: webViewDidChangeSelection:WebViewDidChangeSelectionNotification
EDITING DELEGATE: webViewDidChangeSelection:WebViewDidChangeSelectionNotification
EDITING DELEGATE: webViewDidChangeSelection:WebViewDidChangeSelectionNotification
EDITING DELEGATE: webViewDidChange:WebViewDidChangeNotification
EDITING DELEGATE: webViewDidChangeSelection:WebViewDidChangeSelectionNotification
EDITING DELEGATE: webViewDidChange:WebViewDidChangeNotification
layer at (0,0) size 800x600
  RenderView at (0,0) size 800x600
layer at (0,0) size 800x600
  RenderBlock {HTML} at (0,0) size 800x600
    RenderBody {BODY} at (8,8) size 784x584
      RenderBlock {DIV} at (0,0) size 784x55 [border: (2px solid #FF0000)]
        RenderInline {SPAN} at (0,0) size 178x26
          RenderText {#text} at (14,14) size 11x26
            text run at (14,14) width 11: "a"
          RenderInline {SPAN} at (0,0) size 134x26
            RenderText {#text} at (24,14) size 134x26
              text run at (24,14) width 134: "\x{9}\x{9}\x{9}"
          RenderText {#text} at (158,14) size 23x26
            text run at (158,14) width 23: "ax"
          RenderText {#text} at (180,14) size 12x26
            text run at (180,14) width 12: "z"
        RenderText {#text} at (0,0) size 0x0
caret: position 2 of child 2 {#text} of child 1 {SPAN} of child 1 {DIV} of body
