EDITING DELEGATE: webViewDidChangeSelection:WebViewDidChangeSelectionNotification
EDITING DELEGATE: webViewDidChangeSelection:WebViewDidChangeSelectionNotification
EDITING DELEGATE: webViewDidChangeSelection:WebViewDidChangeSelectionNotification
EDITING DELEGATE: webViewDidChangeSelection:WebViewDidChangeSelectionNotification
EDITING DELEGATE: webViewDidChange:WebViewDidChangeNotification
layer at (0,0) size 800x600
  RenderView at (0,0) size 800x600
layer at (0,0) size 800x600
  RenderBlock {HTML} at (0,0) size 800x600
    RenderBody {BODY} at (8,8) size 784x584
      RenderBlock {P} at (0,0) size 784x36
        RenderText {#text} at (0,0) size 762x35
          text run at (0,0) width 344: "This tests copy/paste of styled elements, like images. "
          text run at (343,0) width 419: "The image in the region below should be centered after its copied"
          text run at (0,18) width 72: "and pasted."
      RenderBlock {P} at (0,52) size 784x36
        RenderInline {B} at (0,0) size 764x35
          RenderText {#text} at (0,0) size 764x35
            text run at (0,0) width 764: "This demonstrates a bug: createMarkup puts the text-align property on the image, which doesn't center it, so its"
            text run at (0,18) width 141: "left aligned on paste."
      RenderBlock {DIV} at (0,104) size 784x103
        RenderBlock {CENTER} at (0,0) size 784x103
          RenderImage {IMG} at (354,0) size 76x103
      RenderBlock {DIV} at (0,207) size 784x103
        RenderImage {IMG} at (0,0) size 76x103
caret: position 1 of child 0 {IMG} of child 6 {DIV} of body
