layer at (0,0) size 800x600
  RenderView at (0,0) size 800x600
layer at (0,0) size 800x273
  RenderBlock {HTML} at (0,0) size 800x273
    RenderBody {BODY} at (8,8) size 784x249
      RenderBlock (anonymous) at (0,0) size 784x18
        RenderText {#text} at (0,0) size 502x17
          text run at (0,0) width 264: "You should see a green rectangle below. "
          text run at (263,0) width 239: "If you see any red, the test has failed."
      RenderBlock {P} at (0,162) size 784x17 [border: (1px solid #000000)]
        RenderText {#text} at (1,-2) size 280x17
          text run at (1,-2) width 280: "this block should hug the lowercase glyphs."
      RenderBlock {P} at (0,195) size 784x54
        RenderBlock (floating) at (0,0) size 22x24
          RenderTextFragment {#text} at (0,-9) size 22x40
            text run at (0,-9) width 22: "T"
        RenderTextFragment {#text} at (24,0) size 419x17
          text run at (24,0) width 419: "he first letter here should look nicer because it uses glyph bounds"
        RenderBR {BR} at (442,0) size 1x17
        RenderText {#text} at (24,18) size 524x17
          text run at (24,18) width 524: "This should make the top of the T line up with the line and not look shifted down."
        RenderBR {BR} at (547,18) size 1x17
        RenderText {#text} at (0,36) size 462x17
          text run at (0,36) width 462: "Maybe we should do this by default for all first letters like Firefox does."
layer at (8,26) size 384x128
  RenderBlock {DIV} at (0,18) size 384x128 [bgcolor=#FF0000]
    RenderInline {SPAN} at (0,0) size 320x64 [color=#008000]
      RenderText {#text} at (0,0) size 320x64
        text run at (0,0) width 320: "xxxxx"
    RenderInline {SPAN} at (0,0) size 64x128 [bgcolor=#008000]
    RenderBR {BR} at (384,0) size 0x64
    RenderBlock {DIV} at (0,0) size 64x128 [bgcolor=#008000]
    RenderInline {SPAN} at (0,0) size 320x64 [color=#008000]
      RenderText {#text} at (64,64) size 320x64
        text run at (64,64) width 320: "xxxxx"
    RenderText {#text} at (0,0) size 0x0
