layer at (0,0) size 800x600
  RenderView at (0,0) size 800x600
layer at (0,0) size 800x600
  RenderBlock {HTML} at (0,0) size 800x600
    RenderBody {BODY} at (8,8) size 784x584
      RenderBlock {P} at (0,0) size 784x48
        RenderText {#text} at (0,0) size 770x32
          text run at (0,0) width 568: "This tests for a bug where images with align right/left would fail to be inserted on paste. "
          text run at (567,0) width 203: "You should see a picture of abe"
          text run at (0,16) width 316: "in the editable region below, aligned to the right. "
        RenderInline {B} at (0,0) size 743x32
          RenderText {#text} at (315,16) size 743x32
            text run at (315,16) width 428: "This demonstrates a bug: the focus halo for the editable region"
            text run at (0,32) width 333: "doesn't expand to fit an image with align='right'."
      RenderBlock {DIV} at (0,64) size 784x32
        RenderText {#text} at (0,0) size 201x16
          text run at (0,0) width 201: "Four score and seven years ago"
        RenderImage {IMG} at (708,0) size 76x103
        RenderText {#text} at (200,0) size 698x32
          text run at (200,0) width 494: " our fathers brought forth on this continent a new nation, conceived in liberty"
          text run at (693,0) width 5: " "
          text run at (0,16) width 402: "and dedicated to the proposition that all men are created equal."
caret: position 1 of child 1 {IMG} of child 2 {DIV} of body
