EDITING DELEGATE: webViewDidChangeSelection:WebViewDidChangeSelectionNotification
EDITING DELEGATE: webViewDidChangeSelection:WebViewDidChangeSelectionNotification
EDITING DELEGATE: webViewDidChangeSelection:WebViewDidChangeSelectionNotification
EDITING DELEGATE: webViewDidChangeSelection:WebViewDidChangeSelectionNotification
EDITING DELEGATE: webViewDidChange:WebViewDidChangeNotification
layer at (0,0) size 800x600
  RenderView at (0,0) size 800x600
layer at (0,0) size 800x600
  RenderBlock {HTML} at (0,0) size 800x600
    RenderBody {BODY} at (8,8) size 784x584
      RenderBlock {P} at (0,0) size 784x32
        RenderText {#text} at (0,0) size 741x32
          text run at (0,0) width 741: "This tests to see if inserting a space inside normal whitespace inside of a whitespace:pre element will collapse other"
          text run at (0,16) width 140: "spaces surrounding it."
      RenderBlock {P} at (0,48) size 784x16
        RenderText {#text} at (0,0) size 450x16
          text run at (0,0) width 450: "If successful, you should see 'a' followed by 10 spaces followed by 'b'."
      RenderBlock {HR} at (0,80) size 784x2 [border: (1px inset #EEEEEE)]
      RenderBlock {DIV} at (0,90) size 784x21 [border: (2px solid #FFAAAA)]
        RenderBlock {PRE} at (2,2) size 780x17 [border: (2px solid #AAAAFF)]
          RenderText {#text} at (2,2) size 94x13
            text run at (2,2) width 94: "a          b"
caret: position 3 of child 0 {#text} of child 1 {PRE} of child 7 {DIV} of body
