layer at (0,0) size 800x600
  RenderView at (0,0) size 800x600
layer at (0,0) size 800x600
  RenderBlock {HTML} at (0,0) size 800x600
    RenderBody {BODY} at (8,8) size 784x584
      RenderBlock {P} at (0,0) size 784x16
        RenderText {#text} at (0,0) size 772x16
          text run at (0,0) width 772: "This tests for a bug where hitting return between two tables would add a new paragraph at the end of the editable region."
      RenderBlock {DIV} at (0,32) size 784x80
        RenderTable {TABLE} at (0,0) size 484x24 [border: (1px solid #AAAAAA)]
          RenderTableSection {TBODY} at (1,1) size 482x22
            RenderTableRow {TR} at (0,2) size 482x18
              RenderTableCell {TD} at (2,2) size 478x18 [r=0 c=0 rs=1 cs=1]
                RenderText {#text} at (1,1) size 476x16
                  text run at (1,1) width 476: "There should be two empty paragraphs after this table and before the next."
        RenderBlock (anonymous) at (0,24) size 784x32
          RenderBR {BR} at (0,0) size 0x16
          RenderBR {BR} at (0,16) size 0x16
        RenderTable {TABLE} at (0,56) size 280x24 [border: (1px solid #AAAAAA)]
          RenderTableSection {TBODY} at (1,1) size 278x22
            RenderTableRow {TR} at (0,2) size 278x18
              RenderTableCell {TD} at (2,2) size 274x18 [r=0 c=0 rs=1 cs=1]
                RenderText {#text} at (1,1) size 272x16
                  text run at (1,1) width 272: "And the caret should be in the second one."
caret: position 0 of child 2 {BR} of child 2 {DIV} of body
