layer at (0,0) size 800x600
  RenderView at (0,0) size 800x600
layer at (0,0) size 800x600
  RenderBlock {HTML} at (0,0) size 800x600
    RenderBody {BODY} at (8,8) size 784x584
      RenderBlock {P} at (0,0) size 784x32
        RenderText {#text} at (0,0) size 752x32
          text run at (0,0) width 630: "This tests to make sure that a br isn't inserted into a tab span during an InsertLineBreak operation. "
          text run at (629,0) width 123: "You can test for its"
          text run at (0,16) width 440: "existence with the DOM inspector or you can look at the render tree."
      RenderBlock {DIV} at (0,48) size 784x32
        RenderBlock {DIV} at (0,0) size 784x32
          RenderBR {BR} at (0,0) size 0x16
          RenderInline {SPAN} at (0,0) size 32x16
            RenderText {#text} at (0,16) size 32x16
              text run at (0,16) width 32: "\x{9}"
          RenderText {#text} at (32,16) size 21x16
            text run at (32,16) width 21: "bar"
caret: position 0 of child 0 {#text} of child 1 {SPAN} of child 1 {DIV} of child 2 {DIV} of body
