layer at (0,0) size 800x600
  RenderView at (0,0) size 800x600
layer at (0,0) size 800x600
  RenderBlock {HTML} at (0,0) size 800x600
    RenderBody {BODY} at (8,8) size 784x579
      RenderBlock {P} at (0,0) size 784x32
        RenderText {#text} at (0,0) size 759x32
          text run at (0,0) width 682: "This tests that inserting a newline in place of a full line of quoted content doesn't add an extra quoted line. "
          text run at (681,0) width 78: "The test has"
          text run at (0,16) width 469: "passed if there are no empty lines (quoted or unquoted) in the box below."
      RenderBlock {DIV} at (0,48) size 784x48
        RenderBlock {BLOCKQUOTE} at (0,0) size 784x16 [color=#0000FF] [border: none (2px solid #0000FF)]
          RenderBlock {DIV} at (12,0) size 772x16
            RenderText {#text} at (0,0) size 44x16
              text run at (0,0) width 44: "quoted"
          RenderBlock {DIV} at (12,16) size 772x0
        RenderBlock (anonymous) at (0,16) size 784x16
          RenderText {#text} at (0,0) size 60x16
            text run at (0,0) width 60: "unquoted"
          RenderBR {BR} at (59,12) size 1x0
        RenderBlock {BLOCKQUOTE} at (0,32) size 784x16 [color=#0000FF] [border: none (2px solid #0000FF)]
          RenderBlock {DIV} at (12,0) size 772x16
            RenderText {#text} at (0,0) size 44x16
              text run at (0,0) width 44: "quoted"
      RenderBlock {PRE} at (0,109) size 784x0
caret: position 8 of child 2 {#text} of child 3 {DIV} of body
