EDITING DELEGATE: webViewDidChangeSelection:WebViewDidChangeSelectionNotification
EDITING DELEGATE: webViewDidChangeSelection:WebViewDidChangeSelectionNotification
EDITING DELEGATE: webViewDidChange:WebViewDidChangeNotification
EDITING DELEGATE: webViewDidChangeSelection:WebViewDidChangeSelectionNotification
EDITING DELEGATE: webViewDidChangeSelection:WebViewDidChangeSelectionNotification
EDITING DELEGATE: webViewDidChange:WebViewDidChangeNotification
layer at (0,0) size 800x600
  RenderView at (0,0) size 800x600
layer at (0,0) size 800x600
  RenderBlock {HTML} at (0,0) size 800x600
    RenderBody {BODY} at (8,8) size 784x584
      RenderBlock {P} at (0,0) size 784x16
        RenderText {#text} at (0,0) size 343x16
          text run at (0,0) width 343: "This tests text insertion before/after an input element."
      RenderBlock {DIV} at (0,32) size 784x19
        RenderText {#text} at (0,2) size 36x16
          text run at (0,2) width 36: "Hello"
        RenderTextControl {INPUT} at (35.55,0) size 123x19 [bgcolor=#FFFFFF] [border: (2px inset #EEEEEE)]
        RenderText {#text} at (158,2) size 42x16
          text run at (158,2) width 42: "World"
layer at (47,43) size 117x13
  RenderBlock {DIV} at (3,3) size 117x13
caret: position 5 of child 2 {#text} of child 2 {DIV} of body
