EDITING DELEGATE: webViewDidChangeSelection:WebViewDidChangeSelectionNotification
EDITING DELEGATE: webViewDidChangeSelection:WebViewDidChangeSelectionNotification
EDITING DELEGATE: webViewDidChangeSelection:WebViewDidChangeSelectionNotification
EDITING DELEGATE: webViewDidChange:WebViewDidChangeNotification
EDITING DELEGATE: webViewDidChangeSelection:WebViewDidChangeSelectionNotification
EDITING DELEGATE: webViewDidChangeSelection:WebViewDidChangeSelectionNotification
EDITING DELEGATE: webViewDidChange:WebViewDidChangeNotification
EDITING DELEGATE: webViewDidChangeSelection:WebViewDidChangeSelectionNotification
EDITING DELEGATE: webViewDidChangeSelection:WebViewDidChangeSelectionNotification
EDITING DELEGATE: webViewDidChange:WebViewDidChangeNotification
EDITING DELEGATE: webViewDidChangeSelection:WebViewDidChangeSelectionNotification
EDITING DELEGATE: webViewDidChangeSelection:WebViewDidChangeSelectionNotification
EDITING DELEGATE: webViewDidChange:WebViewDidChangeNotification
EDITING DELEGATE: webViewDidChangeSelection:WebViewDidChangeSelectionNotification
EDITING DELEGATE: webViewDidChangeSelection:WebViewDidChangeSelectionNotification
EDITING DELEGATE: webViewDidChange:WebViewDidChangeNotification
layer at (0,0) size 800x600
  RenderView at (0,0) size 800x600
layer at (0,0) size 800x600
  RenderBlock {HTML} at (0,0) size 800x600
    RenderBody {BODY} at (8,8) size 784x584
      RenderBlock {P} at (0,0) size 784x32
        RenderText {#text} at (0,0) size 772x32
          text run at (0,0) width 579: "This tests the ability to start editing in blocks that are visible, but have little or no content. "
          text run at (578,0) width 194: "Each of the divs below should"
          text run at (0,16) width 158: "be able to accept a caret."
      RenderBlock {P} at (0,48) size 784x16
        RenderText {#text} at (0,0) size 180x16
          text run at (0,0) width 180: "This div contains some text."
      RenderBlock {DIV} at (0,80) size 707.59x22 [border: (1px dotted #0000FF)]
        RenderText {#text} at (1,1) size 40x16
          text run at (1,1) width 40: "chello"
      RenderBlock {P} at (0,118) size 784x16
        RenderText {#text} at (0,0) size 191x16
          text run at (0,0) width 191: "This div is completely empty."
      RenderBlock {DIV} at (0,150) size 707.59x22 [border: (1px dotted #0000FF)]
        RenderText {#text} at (1,1) size 8x16
          text run at (1,1) width 8: "c"
      RenderBlock {P} at (0,188) size 784x16
        RenderText {#text} at (0,0) size 347x16
          text run at (0,0) width 347: "This div contains some collapsable whitespace (a '\\n')."
      RenderBlock {DIV} at (0,220) size 707.59x22 [border: (1px dotted #0000FF)]
        RenderText {#text} at (1,1) size 8x16
          text run at (1,1) width 8: "c"
        RenderText {#text} at (0,0) size 0x0
      RenderBlock {P} at (0,258) size 784x16
        RenderText {#text} at (0,0) size 240x16
          text run at (0,0) width 240: "This div contains a self-closing p tag."
      RenderBlock {DIV} at (0,290) size 707.59x34 [border: (1px dotted #0000FF)]
        RenderBlock (anonymous) at (1,1) size 705.59x16
          RenderText {#text} at (0,0) size 8x16
            text run at (0,0) width 8: "c"
        RenderBlock {P} at (1,33) size 705.59x0
      RenderBlock {P} at (0,340) size 784x16
        RenderText {#text} at (0,0) size 736x16
          text run at (0,0) width 736: "This div contains a self-closing p tag and some collapsable whitespace (two '\\n's before and after the self closing p."
      RenderBlock {DIV} at (0,372) size 707.59x34 [border: (1px dotted #0000FF)]
        RenderBlock (anonymous) at (1,1) size 705.59x16
          RenderText {#text} at (0,0) size 8x16
            text run at (0,0) width 8: "c"
          RenderText {#text} at (0,0) size 0x0
        RenderBlock {P} at (1,33) size 705.59x0
caret: position 1 of child 0 {#text} of child 21 {DIV} of body
