layer at (0,0) size 800x600
  RenderView at (0,0) size 800x600
layer at (0,0) size 800x600
  RenderBlock {HTML} at (0,0) size 800x600
    RenderBody {BODY} at (8,8) size 784x584
      RenderBlock {P} at (0,0) size 784x16
        RenderText {#text} at (0,0) size 382x16
          text run at (0,0) width 382: "This tests InsertParagraph inside an editable inline element."
      RenderBlock {DIV} at (0,32) size 784x34 [border: (1px solid #FF0000)]
        RenderInline {SPAN} at (0,0) size 22x32
          RenderBR {BR} at (1,1) size 0x16
          RenderText {#text} at (1,17) size 22x16
            text run at (1,17) width 22: "foo"
caret: position 0 of child 1 {#text} of child 0 {SPAN} of child 2 {DIV} of body
