EDITING DELEGATE: webViewDidChangeSelection:WebViewDidChangeSelectionNotification
EDITING DELEGATE: webViewDidChangeSelection:WebViewDidChangeSelectionNotification
EDITING DELEGATE: webViewDidChangeSelection:WebViewDidChangeSelectionNotification
EDITING DELEGATE: webViewDidChangeSelection:WebViewDidChangeSelectionNotification
EDITING DELEGATE: webViewDidChangeSelection:WebViewDidChangeSelectionNotification
EDITING DELEGATE: webViewDidChangeSelection:WebViewDidChangeSelectionNotification
EDITING DELEGATE: webViewDidChangeSelection:WebViewDidChangeSelectionNotification
EDITING DELEGATE: webViewDidChangeSelection:WebViewDidChangeSelectionNotification
EDITING DELEGATE: webViewDidChange:WebViewDidChangeNotification
layer at (0,0) size 800x600
  RenderView at (0,0) size 800x600
layer at (0,0) size 800x600
  RenderBlock {HTML} at (0,0) size 800x600
    RenderBody {BODY} at (8,8) size 784x584
      RenderBlock {DIV} at (0,0) size 784x76 [border: (2px solid #0000FF)]
        RenderText {#text} at (14,14) size 750x48
          text run at (14,14) width 750: "Should see \"foo\" and \"bar\" each in a separate red box. Note that the \"foo\" text"
          text run at (14,38) width 215: "is really \"foo \". There "
        RenderInline {B} at (0,0) size 51x24
          RenderText {#text} at (228,38) size 51x24
            text run at (228,38) width 51: "must"
        RenderText {#text} at (278,38) size 315x24
          text run at (278,38) width 315: " be a space at the end of the line."
      RenderBlock {DIV} at (0,100) size 784x104
        RenderBlock {DIV} at (0,0) size 784x52 [border: (2px solid #FF0000)]
          RenderText {#text} at (14,14) size 38x24
            text run at (14,14) width 38: "foo "
        RenderBlock {DIV} at (0,52) size 784x52 [border: (2px solid #FF0000)]
          RenderText {#text} at (14,14) size 31x24
            text run at (14,14) width 31: "bar"
caret: position 0 of child 0 {#text} of child 2 {DIV} of child 3 {DIV} of body
