EDITING DELEGATE: webViewDidChangeSelection:WebViewDidChangeSelectionNotification
EDITING DELEGATE: webViewDidChangeSelection:WebViewDidChangeSelectionNotification
EDITING DELEGATE: webViewDidChange:WebViewDidChangeNotification
layer at (0,0) size 800x600
  RenderView at (0,0) size 800x600
layer at (0,0) size 800x600
  RenderBlock {HTML} at (0,0) size 800x600
    RenderBody {BODY} at (8,8) size 784x584
      RenderBlock {P} at (0,0) size 784x16
        RenderText {#text} at (0,0) size 618x16
          text run at (0,0) width 618: "This tests inserting a paragraph separator before a special element at the start of an editable root."
      RenderBlock {P} at (0,32) size 784x16
        RenderText {#text} at (0,0) size 627x16
          text run at (0,0) width 627: "Visually, it should leave a blank line before the link, and the caret selection at the start of the link."
      RenderBlock {P} at (0,64) size 784x32
        RenderText {#text} at (0,0) size 730x32
          text run at (0,0) width 730: "Structurally, the empty paragraph element should go before the anchor element, rather than inside of it. See Radar"
          text run at (0,16) width 68: "#5452675."
      RenderBlock {DIV} at (0,112) size 784x32
        RenderBlock {DIV} at (0,0) size 784x16
          RenderBR {BR} at (0,0) size 0x16
        RenderBlock (anonymous) at (0,16) size 784x16
          RenderInline {A} at (0,0) size 57x16 [color=#0000EE]
            RenderText {#text} at (0,0) size 57x16
              text run at (0,0) width 57: "applesite"
caret: position 0 of child 0 {#text} of child 1 {A} of child 6 {DIV} of body
