EDITING DELEGATE: webViewDidChangeSelection:WebViewDidChangeSelectionNotification
EDITING DELEGATE: webViewDidChangeSelection:WebViewDidChangeSelectionNotification
EDITING DELEGATE: webViewDidChangeSelection:WebViewDidChangeSelectionNotification
EDITING DELEGATE: webViewDidChangeSelection:WebViewDidChangeSelectionNotification
EDITING DELEGATE: webViewDidChangeSelection:WebViewDidChangeSelectionNotification
EDITING DELEGATE: webViewDidChangeSelection:WebViewDidChangeSelectionNotification
EDITING DELEGATE: webViewDidChangeSelection:WebViewDidChangeSelectionNotification
EDITING DELEGATE: webViewDidChangeSelection:WebViewDidChangeSelectionNotification
EDITING DELEGATE: webViewDidChangeSelection:WebViewDidChangeSelectionNotification
EDITING DELEGATE: webViewDidChange:WebViewDidChangeNotification
layer at (0,0) size 800x600
  RenderView at (0,0) size 800x600
layer at (0,0) size 800x600
  RenderBlock {HTML} at (0,0) size 800x600
    RenderBody {BODY} at (8,8) size 784x584
      RenderBlock (anonymous) at (0,0) size 784x48
        RenderText {#text} at (0,0) size 782x48
          text run at (0,0) width 776: "Test inserting paragraphs: should see two blue boxes, where the second blue box"
          text run at (775,0) width 7: " "
          text run at (0,24) width 242: "starts with an empty line."
      RenderBlock {DIV} at (0,48) size 784x36
      RenderBlock {DIV} at (0,84) size 784x104 [border: (2px solid #0000FF)]
        RenderBlock {DIV} at (14,14) size 756x52 [border: (2px solid #FF0000)]
          RenderText {#text} at (14,14) size 34x24
            text run at (14,14) width 34: "baz"
        RenderBlock (anonymous) at (14,66) size 756x24
          RenderText {#text} at (0,0) size 31x24
            text run at (0,0) width 31: "bar"
      RenderBlock {DIV} at (0,188) size 784x156 [border: (2px solid #0000FF)]
        RenderBlock (anonymous) at (14,14) size 756x24
          RenderBR {BR} at (0,0) size 0x24
        RenderBlock {DIV} at (14,38) size 756x52 [border: (2px solid #FF0000)]
          RenderText {#text} at (14,14) size 32x24
            text run at (14,14) width 32: "foo"
        RenderBlock {DIV} at (14,90) size 756x52 [border: (2px solid #FF0000)]
          RenderBR {BR} at (14,14) size 0x24
caret: position 0 of child 0 {BR} of child 4 {DIV} of body
