EDITING DELEGATE: webViewDidChangeSelection:WebViewDidChangeSelectionNotification
EDITING DELEGATE: webViewDidChangeSelection:WebViewDidChangeSelectionNotification
EDITING DELEGATE: webViewDidChangeSelection:WebViewDidChangeSelectionNotification
EDITING DELEGATE: webViewDidChangeSelection:WebViewDidChangeSelectionNotification
EDITING DELEGATE: webViewDidChange:WebViewDidChangeNotification
EDITING DELEGATE: webViewDidChangeSelection:WebViewDidChangeSelectionNotification
EDITING DELEGATE: webViewDidChange:WebViewDidChangeNotification
layer at (0,0) size 800x600
  RenderView at (0,0) size 800x600
layer at (0,0) size 800x600
  RenderBlock {HTML} at (0,0) size 800x600
    RenderBody {BODY} at (8,8) size 784x584
      RenderBlock {DIV} at (0,0) size 784x76 [border: (2px solid #FF0000)]
        RenderInline {SPAN} at (0,0) size 34x48
          RenderText {#text} at (14,14) size 34x24
            text run at (14,14) width 34: "test"
          RenderBR {BR} at (47,32) size 1x0
          RenderText {#text} at (14,38) size 12x24
            text run at (14,38) width 12: "x"
        RenderText {#text} at (0,0) size 0x0
caret: position 1 of child 2 {#text} of child 1 {SPAN} of child 1 {DIV} of body
