EDITING DELEGATE: webViewDidChangeSelection:WebViewDidChangeSelectionNotification
EDITING DELEGATE: webViewDidChangeSelection:WebViewDidChangeSelectionNotification
EDITING DELEGATE: webViewDidChangeSelection:WebViewDidChangeSelectionNotification
EDITING DELEGATE: webViewDidChangeSelection:WebViewDidChangeSelectionNotification
EDITING DELEGATE: webViewDidChangeSelection:WebViewDidChangeSelectionNotification
EDITING DELEGATE: webViewDidChangeSelection:WebViewDidChangeSelectionNotification
EDITING DELEGATE: webViewDidChangeSelection:WebViewDidChangeSelectionNotification
EDITING DELEGATE: webViewDidChangeSelection:WebViewDidChangeSelectionNotification
EDITING DELEGATE: webViewDidChangeSelection:WebViewDidChangeSelectionNotification
EDITING DELEGATE: webViewDidChangeSelection:WebViewDidChangeSelectionNotification
EDITING DELEGATE: webViewDidChangeSelection:WebViewDidChangeSelectionNotification
EDITING DELEGATE: webViewDidChangeSelection:WebViewDidChangeSelectionNotification
EDITING DELEGATE: webViewDidChangeSelection:WebViewDidChangeSelectionNotification
EDITING DELEGATE: webViewDidChangeSelection:WebViewDidChangeSelectionNotification
EDITING DELEGATE: webViewDidChangeSelection:WebViewDidChangeSelectionNotification
EDITING DELEGATE: webViewDidChangeSelection:WebViewDidChangeSelectionNotification
EDITING DELEGATE: webViewDidChange:WebViewDidChangeNotification
EDITING DELEGATE: webViewDidChangeSelection:WebViewDidChangeSelectionNotification
EDITING DELEGATE: webViewDidChange:WebViewDidChangeNotification
EDITING DELEGATE: webViewDidChangeSelection:WebViewDidChangeSelectionNotification
EDITING DELEGATE: webViewDidChange:WebViewDidChangeNotification
layer at (0,0) size 785x648
  RenderView at (0,0) size 785x600
layer at (0,0) size 785x648
  RenderBlock {HTML} at (0,0) size 785x648
    RenderBody {BODY} at (8,8) size 769x616
      RenderBlock (anonymous) at (0,0) size 769x72
        RenderText {#text} at (0,0) size 757x48
          text run at (0,0) width 751: "Test inserting paragraphs and managing typing style correctly: \"x\" under \"line"
          text run at (750,0) width 7: " "
          text run at (0,24) width 343: "2\" should be bold. Fix for this bug: "
        RenderInline {A} at (0,0) size 257x24 [color=#0000EE]
          RenderText {#text} at (342,24) size 257x24
            text run at (342,24) width 257: "<rdar://problem/3939523>"
        RenderText {#text} at (598,24) size 749x48
          text run at (598,24) width 145: " in some cases,"
          text run at (742,24) width 7: " "
          text run at (0,48) width 537: "text does not retain style info after pressing return twice"
      RenderBlock {DIV} at (0,72) size 769x12
      RenderBlock {P} at (0,108) size 769x52 [border: (2px solid #0000FF)]
        RenderText {#text} at (14,14) size 54x24
          text run at (14,14) width 54: "line 1"
      RenderBlock {P} at (0,184) size 769x52 [border: (2px solid #0000FF)]
        RenderBR {BR} at (14,14) size 0x24 [bgcolor=#008000]
      RenderBlock {P} at (0,260) size 769x52 [border: (2px solid #0000FF)]
        RenderInline {B} at (0,0) size 56x24
          RenderText {#text} at (14,14) size 56x24
            text run at (14,14) width 56: "line 2"
      RenderBlock {P} at (0,336) size 769x52 [border: (2px solid #0000FF)]
        RenderInline {B} at (0,0) size 0x24
          RenderBR {BR} at (14,14) size 0x24 [bgcolor=#008000]
      RenderBlock {P} at (0,412) size 769x52 [border: (2px solid #0000FF)]
        RenderInline {B} at (0,0) size 12x24
          RenderText {#text} at (14,14) size 12x24
            text run at (14,14) width 12: "x"
      RenderBlock {P} at (0,488) size 769x52 [border: (2px solid #0000FF)]
        RenderBR {BR} at (14,14) size 0x24 [bgcolor=#008000]
      RenderBlock {P} at (0,564) size 769x52 [border: (2px solid #0000FF)]
        RenderText {#text} at (14,14) size 54x24
          text run at (14,14) width 54: "line 3"
caret: position 1 of child 0 {#text} of child 0 {B} of child 11 {P} of body
