EDITING DELEGATE: webViewDidChangeSelection:WebViewDidChangeSelectionNotification
EDITING DELEGATE: webViewDidChangeSelection:WebViewDidChangeSelectionNotification
EDITING DELEGATE: webViewDidChangeSelection:WebViewDidChangeSelectionNotification
EDITING DELEGATE: webViewDidChangeSelection:WebViewDidChangeSelectionNotification
EDITING DELEGATE: webViewDidChangeSelection:WebViewDidChangeSelectionNotification
EDITING DELEGATE: webViewDidChange:WebViewDidChangeNotification
EDITING DELEGATE: webViewDidChangeSelection:WebViewDidChangeSelectionNotification
EDITING DELEGATE: webViewDidChange:WebViewDidChangeNotification
layer at (0,0) size 800x600
  RenderView at (0,0) size 800x600
layer at (0,0) size 800x600
  RenderBlock {HTML} at (0,0) size 800x600
    RenderBody {BODY} at (8,8) size 784x568
      RenderBlock (anonymous) at (0,0) size 784x96
        RenderText {#text} at (0,0) size 759x72
          text run at (0,0) width 753: "Test inserting paragraphs: should see \"foo\" in a blue box, then a blue box with"
          text run at (752,0) width 7: " "
          text run at (0,24) width 747: "with two lines in it: First line a bold \"x\"; second line a non-bold \"bar\". Fix for"
          text run at (746,24) width 7: " "
          text run at (0,48) width 90: "this bug: "
        RenderInline {A} at (0,0) size 257x24 [color=#0000EE]
          RenderText {#text} at (89,48) size 257x24
            text run at (89,48) width 257: "<rdar://problem/3927554>"
        RenderText {#text} at (345,48) size 783x48
          text run at (345,48) width 432: " Style info applied to remainder of document"
          text run at (776,48) width 7: " "
          text run at (0,72) width 242: "after a newline is entered"
      RenderBlock {DIV} at (0,96) size 784x12
      RenderBlock {P} at (0,132) size 784x52 [border: (2px solid #0000FF)]
        RenderInline {B} at (0,0) size 32x24
          RenderText {#text} at (14,14) size 32x24
            text run at (14,14) width 32: "foo"
      RenderBlock {P} at (0,208) size 784x76 [border: (2px solid #0000FF)]
        RenderInline {B} at (0,0) size 12x24
          RenderText {#text} at (14,14) size 12x24
            text run at (14,14) width 12: "x"
          RenderBR {BR} at (26,32) size 0x0 [bgcolor=#008000]
        RenderText {#text} at (14,38) size 31x24
          text run at (14,38) width 31: "bar"
caret: position 1 of child 0 {#text} of child 0 {B} of child 6 {P} of body
