EDITING DELEGATE: webViewDidChangeSelection:WebViewDidChangeSelectionNotification
EDITING DELEGATE: webViewDidChangeSelection:WebViewDidChangeSelectionNotification
EDITING DELEGATE: webViewDidChangeSelection:WebViewDidChangeSelectionNotification
EDITING DELEGATE: webViewDidChangeSelection:WebViewDidChangeSelectionNotification
EDITING DELEGATE: webViewDidChangeSelection:WebViewDidChangeSelectionNotification
EDITING DELEGATE: webViewDidChange:WebViewDidChangeNotification
layer at (0,0) size 800x600
  RenderView at (0,0) size 800x600
layer at (0,0) size 800x600
  RenderBlock {HTML} at (0,0) size 800x600
    RenderBody {BODY} at (8,8) size 784x584
      RenderBlock {P} at (0,0) size 784x48
        RenderText {#text} at (0,0) size 765x32
          text run at (0,0) width 413: "This tests inserting a paragraph separator after a horizontal rule. "
          text run at (412,0) width 353: "You should see 'foo', empty paragraph, horizontal rule,"
          text run at (0,16) width 372: "'bar', and the caret should be just after the horizontal rule. "
        RenderInline {B} at (0,0) size 776x32
          RenderText {#text} at (371,16) size 776x32
            text run at (371,16) width 171: "This demonstrates 8345. "
            text run at (541,16) width 235: "The caret after a horizontal rule is"
            text run at (0,32) width 436: "drawn in the same location as the caret before a horizontal rule."
      RenderBlock (anonymous) at (0,64) size 784x0
        RenderInline {B} at (0,0) size 0x0
          RenderText {#text} at (0,0) size 0x0
      RenderBlock (anonymous) at (0,64) size 784x66
        RenderBlock {DIV} at (0,0) size 784x66
          RenderBlock (anonymous) at (0,0) size 784x16
            RenderText {#text} at (0,0) size 22x16
              text run at (0,0) width 22: "foo"
          RenderBlock {HR} at (0,24) size 784x2 [border: (1px inset #EEEEEE)]
          RenderBlock (anonymous) at (0,34) size 784x32
            RenderBR {BR} at (0,0) size 0x16
            RenderText {#text} at (0,16) size 24x16
              text run at (0,16) width 24: "bar"
      RenderBlock (anonymous) at (0,130) size 784x0
        RenderInline {B} at (0,0) size 0x0
caret: position 0 of child 2 {BR} of child 1 {DIV} of child 1 {B} of body
