EDITING DELEGATE: webViewDidChangeSelection:WebViewDidChangeSelectionNotification
EDITING DELEGATE: webViewDidChangeSelection:WebViewDidChangeSelectionNotification
EDITING DELEGATE: webViewDidChangeSelection:WebViewDidChangeSelectionNotification
EDITING DELEGATE: webViewDidChangeSelection:WebViewDidChangeSelectionNotification
EDITING DELEGATE: webViewDidChangeSelection:WebViewDidChangeSelectionNotification
EDITING DELEGATE: webViewDidChangeSelection:WebViewDidChangeSelectionNotification
EDITING DELEGATE: webViewDidChange:WebViewDidChangeNotification
layer at (0,0) size 800x600
  RenderView at (0,0) size 800x600
layer at (0,0) size 800x600
  RenderBlock {HTML} at (0,0) size 800x600
    RenderBody {BODY} at (8,8) size 784x568
      RenderBlock (anonymous) at (0,0) size 784x48
        RenderText {#text} at (0,0) size 746x48
          text run at (0,0) width 740: "Test inserting paragraphs: should see an empty blue box above an empty line"
          text run at (739,0) width 7: " "
          text run at (0,24) width 235: "between \"foo\" and \"bar\""
      RenderBlock {DIV} at (0,48) size 784x36
      RenderBlock {P} at (0,108) size 784x52 [border: (2px solid #FF0000)]
        RenderText {#text} at (14,14) size 32x24
          text run at (14,14) width 32: "foo"
      RenderBlock {DIV} at (0,184) size 784x52 [border: (2px solid #0000FF)]
        RenderBR {BR} at (14,14) size 0x24
      RenderBlock (anonymous) at (0,236) size 784x24
        RenderBR {BR} at (0,0) size 0x24
      RenderBlock {P} at (0,284) size 784x52 [border: (2px solid #FF0000)]
        RenderText {#text} at (14,14) size 31x24
          text run at (14,14) width 31: "bar"
caret: position 0 of child 5 {BR} of body
