EDITING DELEGATE: webViewDidChangeSelection:WebViewDidChangeSelectionNotification
EDITING DELEGATE: webViewDidChangeSelection:WebViewDidChangeSelectionNotification
EDITING DELEGATE: webViewDidChangeSelection:WebViewDidChangeSelectionNotification
EDITING DELEGATE: webViewDidChangeSelection:WebViewDidChangeSelectionNotification
EDITING DELEGATE: webViewDidChangeSelection:WebViewDidChangeSelectionNotification
EDITING DELEGATE: webViewDidChangeSelection:WebViewDidChangeSelectionNotification
EDITING DELEGATE: webViewDidChange:WebViewDidChangeNotification
layer at (0,0) size 800x600
  RenderView at (0,0) size 800x600
layer at (0,0) size 800x600
  RenderBlock {HTML} at (0,0) size 800x600
    RenderBody {BODY} at (8,8) size 784x584
      RenderBlock {DIV} at (0,0) size 784x96
        RenderBlock {DIV} at (0,0) size 784x24
          RenderText {#text} at (0,0) size 277x24
            text run at (0,0) width 277: "Splitting Mail blockquotes."
        RenderBlock {DIV} at (0,24) size 784x72
          RenderText {#text} at (0,0) size 190x24
            text run at (0,0) width 190: "Expected Results: "
          RenderBR {BR} at (189,18) size 1x0
          RenderText {#text} at (0,24) size 376x16
            text run at (0,24) width 376: "Two blockquotes, with an unquoted blank line in between."
          RenderBR {BR} at (375,36) size 1x0
          RenderText {#text} at (0,40) size 411x16
            text run at (0,40) width 411: "The first blockquote contains two lines, the second one is blank."
          RenderBR {BR} at (410,52) size 1x0
          RenderText {#text} at (0,56) size 341x16
            text run at (0,56) width 341: "The second blockquote contains two non-blank lines."
      RenderBlock {DIV} at (0,96) size 784x228 [border: (2px solid #FF0000)]
        RenderBlock (anonymous) at (14,14) size 756x24
          RenderText {#text} at (0,0) size 118x24
            text run at (0,0) width 118: "My citation:"
        RenderBlock {DIV} at (14,62) size 756x152
          RenderBlock {BLOCKQUOTE} at (40,0) size 676x52 [border: (2px solid #0000FF)]
            RenderBlock {DIV} at (2,2) size 672x24
              RenderText {#text} at (0,0) size 35x24
                text run at (0,0) width 35: "one"
            RenderBlock {DIV} at (2,26) size 672x24
              RenderBlock {DIV} at (0,0) size 672x24
                RenderBlock {DIV} at (0,0) size 672x24
                  RenderBR {BR} at (0,0) size 0x24
          RenderBlock (anonymous) at (0,52) size 756x24
            RenderBR {BR} at (0,0) size 0x24
          RenderBlock {BLOCKQUOTE} at (40,100) size 676x52 [border: (2px solid #0000FF)]
            RenderBlock {DIV} at (2,2) size 672x24
              RenderBlock {DIV} at (0,0) size 672x24
                RenderBlock {DIV} at (0,0) size 672x24
                  RenderText {#text} at (0,0) size 136x24
                    text run at (0,0) width 136: "one and a half"
            RenderBlock {DIV} at (2,26) size 672x24
              RenderText {#text} at (0,0) size 36x24
                text run at (0,0) width 36: "two"
caret: position 0 of child 2 {BR} of child 1 {DIV} of child 3 {DIV} of body
