EDITING DELEGATE: webViewDidChangeSelection:WebViewDidChangeSelectionNotification
EDITING DELEGATE: webViewDidChangeSelection:WebViewDidChangeSelectionNotification
EDITING DELEGATE: webViewDidChangeSelection:WebViewDidChangeSelectionNotification
EDITING DELEGATE: webViewDidChangeSelection:WebViewDidChangeSelectionNotification
EDITING DELEGATE: webViewDidChangeSelection:WebViewDidChangeSelectionNotification
EDITING DELEGATE: webViewDidChangeSelection:WebViewDidChangeSelectionNotification
EDITING DELEGATE: webViewDidChangeSelection:WebViewDidChangeSelectionNotification
EDITING DELEGATE: webViewDidChangeSelection:WebViewDidChangeSelectionNotification
EDITING DELEGATE: webViewDidChangeSelection:WebViewDidChangeSelectionNotification
EDITING DELEGATE: webViewDidChange:WebViewDidChangeNotification
layer at (0,0) size 800x600
  RenderView at (0,0) size 800x600
layer at (0,0) size 800x600
  RenderBlock {HTML} at (0,0) size 800x600
    RenderBody {BODY} at (8,8) size 784x584
      RenderBlock (anonymous) at (0,0) size 784x24
        RenderText {#text} at (0,0) size 633x24
          text run at (0,0) width 633: "Test inserting paragraphs: should see empty blue box below \"bar\""
      RenderBlock {DIV} at (0,24) size 784x36
      RenderBlock {DIV} at (0,60) size 784x52 [border: (2px solid #FF0000)]
        RenderText {#text} at (14,14) size 34x24
          text run at (14,14) width 34: "baz"
      RenderBlock (anonymous) at (0,112) size 784x24
        RenderText {#text} at (0,0) size 31x24
          text run at (0,0) width 31: "bar"
      RenderBlock {DIV} at (0,136) size 784x156 [border: (2px solid #0000FF)]
        RenderBlock (anonymous) at (14,14) size 756x24
          RenderBR {BR} at (0,0) size 0x24
        RenderBlock {DIV} at (14,38) size 756x52 [border: (2px solid #FF0000)]
          RenderText {#text} at (14,14) size 32x24
            text run at (14,14) width 32: "foo"
        RenderBlock {DIV} at (14,90) size 756x52 [border: (2px solid #FF0000)]
          RenderBR {BR} at (14,14) size 0x24
caret: position 0 of child 0 {BR} of child 5 {DIV} of body
