EDITING DELEGATE: webViewDidChangeSelection:WebViewDidChangeSelectionNotification
EDITING DELEGATE: webViewDidChangeSelection:WebViewDidChangeSelectionNotification
EDITING DELEGATE: webViewDidChangeSelection:WebViewDidChangeSelectionNotification
EDITING DELEGATE: webViewDidChange:WebViewDidChangeNotification
EDITING DELEGATE: webViewDidChangeSelection:WebViewDidChangeSelectionNotification
EDITING DELEGATE: webViewDidChange:WebViewDidChangeNotification
layer at (0,0) size 800x600
  RenderView at (0,0) size 800x600
layer at (0,0) size 800x600
  RenderBlock {HTML} at (0,0) size 800x600
    RenderBody {BODY} at (8,8) size 784x584
      RenderBlock {DIV} at (0,0) size 784x76 [border: (2px solid #FF0000)]
        RenderInline {SPAN} at (0,0) size 155x48
          RenderText {#text} at (14,14) size 11x24
            text run at (14,14) width 11: "a"
          RenderBR {BR} at (24,32) size 1x0
          RenderText {#text} at (14,38) size 12x24
            text run at (14,38) width 12: "x"
          RenderInline {SPAN} at (0,0) size 132x24
            RenderText {#text} at (26,38) size 132x24
              text run at (26,38) width 132: "\x{9}\x{9}\x{9}"
          RenderText {#text} at (158,38) size 11x24
            text run at (158,38) width 11: "z"
        RenderText {#text} at (0,0) size 0x0
caret: position 1 of child 2 {#text} of child 1 {SPAN} of child 1 {DIV} of body
