EDITING DELEGATE: webViewDidChangeSelection:WebViewDidChangeSelectionNotification
EDITING DELEGATE: webViewDidChangeSelection:WebViewDidChangeSelectionNotification
EDITING DELEGATE: webViewDidChange:WebViewDidChangeNotification
layer at (0,0) size 800x600
  RenderView at (0,0) size 800x600
layer at (0,0) size 800x600
  RenderBlock {HTML} at (0,0) size 800x600
    RenderBody {BODY} at (8,8) size 784x584
      RenderBlock {P} at (0,0) size 784x32
        RenderText {#text} at (0,0) size 758x32
          text run at (0,0) width 347: "This tests InsertParagraphSeparator inside table cells. "
          text run at (346,0) width 412: "The first cell should contain 'Cell' and a newline, and the second"
          text run at (0,16) width 164: "cell should contain 'Two'."
      RenderBlock {DIV} at (0,48) size 784x42
        RenderTable {TABLE} at (0,0) size 81x42 [border: (1px outset #808080)]
          RenderTableSection {TBODY} at (1,1) size 79x40
            RenderTableRow {TR} at (0,2) size 79x36
              RenderTableCell {TD} at (2,2) size 35x36 [border: (1px inset #808080)] [r=0 c=0 rs=1 cs=1]
                RenderText {#text} at (2,2) size 31x16
                  text run at (2,2) width 31: "Cell "
                RenderBR {BR} at (32,14) size 1x0
                RenderBR {BR} at (2,18) size 0x16
              RenderTableCell {TD} at (39,10) size 38x20 [border: (1px inset #808080)] [r=0 c=1 rs=1 cs=1]
                RenderText {#text} at (2,2) size 34x16
                  text run at (2,2) width 34: " Two"
caret: position 0 of child 2 {BR} of child 0 {TD} of child 0 {TR} of child 0 {TBODY} of child 0 {TABLE} of child 2 {DIV} of body
