EDITING DELEGATE: webViewDidChangeSelection:WebViewDidChangeSelectionNotification
EDITING DELEGATE: webViewDidChangeSelection:WebViewDidChangeSelectionNotification
EDITING DELEGATE: webViewDidChangeSelection:WebViewDidChangeSelectionNotification
EDITING DELEGATE: webViewDidChangeSelection:WebViewDidChangeSelectionNotification
EDITING DELEGATE: webViewDidChange:WebViewDidChangeNotification
layer at (0,0) size 800x600
  RenderView at (0,0) size 800x600
layer at (0,0) size 800x600
  RenderBlock {HTML} at (0,0) size 800x600
    RenderBody {BODY} at (8,8) size 784x584
      RenderBlock {DIV} at (0,0) size 784x260 [border: (2px solid #0000FF)]
        RenderBlock {DIV} at (14,14) size 756x72
          RenderText {#text} at (0,0) size 68x24
            text run at (0,0) width 68: "Tests: "
          RenderBR {BR} at (0,0) size 0x0
          RenderText {#text} at (0,24) size 162x24
            text run at (0,24) width 162: "Fix for this bug: "
          RenderInline {A} at (0,0) size 257x24 [color=#0000EE]
            RenderText {#text} at (161,24) size 257x24
              text run at (161,24) width 257: "<rdar://problem/4045521>"
          RenderText {#text} at (417,24) size 726x48
            text run at (417,24) width 309: " Hitting return key with full line"
            text run at (0,48) width 422: "selected does not add blank line as it should"
        RenderBlock {DIV} at (14,102) size 756x144
          RenderBlock (anonymous) at (0,0) size 756x72
            RenderText {#text} at (0,0) size 190x24
              text run at (0,0) width 190: "Expected Results: "
            RenderBR {BR} at (189,18) size 1x0
            RenderText {#text} at (0,24) size 704x48
              text run at (0,24) width 704: "Should see this content in the red box below (note that the insertion point"
              text run at (0,48) width 660: "should be at the start of the third line, immediately preceding \"baz\"):"
          RenderBlock {DIV} at (0,72) size 756x24
            RenderText {#text} at (0,0) size 32x24
              text run at (0,0) width 32: "foo"
          RenderBlock {DIV} at (0,96) size 756x24
            RenderBR {BR} at (0,0) size 0x24
          RenderBlock {DIV} at (0,120) size 756x24
            RenderText {#text} at (0,0) size 34x24
              text run at (0,0) width 34: "baz"
      RenderBlock {DIV} at (0,284) size 784x76
        RenderBlock {DIV} at (0,0) size 784x76 [border: (2px solid #FF0000)]
          RenderBlock {DIV} at (2,2) size 780x24
            RenderText {#text} at (0,0) size 32x24
              text run at (0,0) width 32: "foo"
          RenderBlock {DIV} at (2,26) size 780x24
            RenderBR {BR} at (0,0) size 0x24
          RenderBlock {DIV} at (2,50) size 780x24
            RenderText {#text} at (0,0) size 34x24
              text run at (0,0) width 34: "baz"
caret: position 0 of child 0 {#text} of child 3 {DIV} of child 1 {DIV} of child 3 {DIV} of body
