EDITING DELEGATE: webViewDidChangeSelection:WebViewDidChangeSelectionNotification
EDITING DELEGATE: webViewDidChangeSelection:WebViewDidChangeSelectionNotification
EDITING DELEGATE: webViewDidChangeSelection:WebViewDidChangeSelectionNotification
EDITING DELEGATE: webViewDidChangeSelection:WebViewDidChangeSelectionNotification
EDITING DELEGATE: webViewDidChange:WebViewDidChangeNotification
EDITING DELEGATE: webViewDidChangeSelection:WebViewDidChangeSelectionNotification
EDITING DELEGATE: webViewDidChange:WebViewDidChangeNotification
EDITING DELEGATE: webViewDidChangeSelection:WebViewDidChangeSelectionNotification
EDITING DELEGATE: webViewDidChange:WebViewDidChangeNotification
EDITING DELEGATE: webViewDidChangeSelection:WebViewDidChangeSelectionNotification
EDITING DELEGATE: webViewDidChange:WebViewDidChangeNotification
EDITING DELEGATE: webViewDidChangeSelection:WebViewDidChangeSelectionNotification
EDITING DELEGATE: webViewDidChange:WebViewDidChangeNotification
layer at (0,0) size 879x600
  RenderView at (0,0) size 800x600
layer at (0,0) size 800x600
  RenderBlock {HTML} at (0,0) size 800x600
    RenderBody {BODY} at (8,8) size 784x584
      RenderBlock {DIV} at (0,0) size 784x48
        RenderText {#text} at (0,0) size 783x48
          text run at (0,0) width 783: "This test validates the fix for a bug that occurred when typing a blank at the end of a line when the character doesn't fix by"
          text run at (0,16) width 762: "a fraction of a pixel. If the test runs correctly, you should see the word 'you' at the end of the line and the word 'have' at"
          text run at (0,32) width 227: "the beginning of the following line."
      RenderBlock (anonymous) at (0,48) size 784x16
        RenderBR {BR} at (0,0) size 0x16
      RenderBlock {DIV} at (0,64) size 871x100
        RenderText {#text} at (0,0) size 871x30
          text run at (0,0) width 868: "and Anna, you can do your regular weekly report run, and I'll extract the key sections into this. Andrew and Mark, I'd like to include any new bits you"
          text run at (867,0) width 4: " "
          text run at (0,15) width 31: " have"
caret: position 158 of child 0 {#text} of child 5 {DIV} of body
