layer at (0,0) size 800x600
  RenderView at (0,0) size 800x600
layer at (0,0) size 800x600
  RenderBlock {HTML} at (0,0) size 800x600
    RenderBody {BODY} at (8,8) size 784x576
      RenderBlock {FORM} at (0,0) size 784x37
        RenderText {#text} at (161,20) size 4x16
          text run at (161,20) width 4: " "
        RenderText {#text} at (326,20) size 4x16
          text run at (326,20) width 4: " "
        RenderButton {INPUT} at (330,19) size 44.94x18 [bgcolor=#C0C0C0]
          RenderBlock (anonymous) at (8,2.50) size 28.94x13
            RenderText {#text} at (0,0) size 29x13
              text run at (0,0) width 29: "Reset"
        RenderText {#text} at (0,0) size 0x0
      RenderBlock {P} at (0,53) size 784x64
        RenderText {#text} at (0,0) size 369x16
          text run at (0,0) width 369: "This test verifies that textarea controls are properly reset. "
        RenderBR {BR} at (368,12) size 1x0
        RenderText {#text} at (0,16) size 477x16
          text run at (0,16) width 477: "You should see two element IDs below, and the word \"SUCCESS\" twice: "
        RenderBR {BR} at (476,28) size 1x0
        RenderText {#text} at (0,32) size 176x16
          text run at (0,32) width 176: "noDefaultText: SUCCESS "
        RenderBR {BR} at (175,44) size 1x0
        RenderText {#text} at (0,48) size 177x16
          text run at (0,48) width 177: "hasDefaultText: SUCCESS"
layer at (8,8) size 161x32 clip at (9,9) size 159x30
  RenderTextControl {TEXTAREA} at (0,0) size 161x32 [bgcolor=#FFFFFF] [border: (1px solid #000000)]
    RenderBlock {DIV} at (3,3) size 155x13
layer at (173,8) size 161x32 clip at (174,9) size 159x30
  RenderTextControl {TEXTAREA} at (165,0) size 161x32 [bgcolor=#FFFFFF] [border: (1px solid #000000)]
    RenderBlock {DIV} at (3,3) size 155x13
      RenderText {#text} at (0,0) size 67x13
        text run at (0,0) width 67: "Default Text"
