layer at (0,0) size 800x600
  RenderView at (0,0) size 800x600
layer at (0,0) size 800x600
  RenderBlock {HTML} at (0,0) size 800x600 [bgcolor=#00FFFF]
    RenderBody {BODY} at (25,25) size 750x550 [bgcolor=#008000]
      RenderBlock {P} at (0,0) size 750x16
        RenderText {#text} at (0,0) size 363x16
          text run at (0,0) width 363: "The style declarations which apply to the text below are:"
      RenderBlock {PRE} at (0,32) size 750x26
        RenderText {#text} at (0,0) size 539x26
          text run at (0,0) width 235: "HTML {background-color: aqua;}"
          text run at (234,0) width 1: " "
          text run at (0,13) width 539: "BODY {background-color: green; background-image: none; margin: 25px;}"
          text run at (538,13) width 1: " "
      RenderBlock {HR} at (0,71) size 750x2 [border: (1px inset #EEEEEE)]
      RenderBlock {P} at (0,89) size 750x48
        RenderText {#text} at (0,0) size 750x48
          text run at (0,0) width 392: "The body of this document should have a green background. "
          text run at (391,0) width 316: "It also has a margin of 25 pixels, so the light blue"
          text run at (0,16) width 436: "background set for the HTML element should surround the BODY. "
          text run at (435,16) width 315: "If the BODY content is significantly shorter than"
          text run at (0,32) width 528: "the browser's window height, then the bottom border may be larger than 25 pixels."
      RenderTable {TABLE} at (0,153) size 750x82 [border: (1px outset #808080)]
        RenderTableSection {TBODY} at (1,1) size 748x80
          RenderTableRow {TR} at (0,0) size 748x24
            RenderTableCell {TD} at (0,0) size 748x24 [bgcolor=#C0C0C0] [border: (1px inset #808080)] [r=0 c=0 rs=1 cs=2]
              RenderInline {STRONG} at (0,0) size 163x16
                RenderText {#text} at (4,4) size 163x16
                  text run at (4,4) width 163: "TABLE Testing Section"
          RenderTableRow {TR} at (0,24) size 748x56
            RenderTableCell {TD} at (0,40) size 12x24 [bgcolor=#C0C0C0] [border: (1px inset #808080)] [r=1 c=0 rs=1 cs=1]
              RenderText {#text} at (4,4) size 4x16
                text run at (4,4) width 4: " "
            RenderTableCell {TD} at (12,24) size 736x56 [border: (1px inset #808080)] [r=1 c=1 rs=1 cs=1]
              RenderBlock {P} at (4,4) size 728x48
                RenderText {#text} at (0,0) size 718x48
                  text run at (0,0) width 392: "The body of this document should have a green background. "
                  text run at (391,0) width 316: "It also has a margin of 25 pixels, so the light blue"
                  text run at (0,16) width 436: "background set for the HTML element should surround the BODY. "
                  text run at (435,16) width 283: "If the BODY content is significantly shorter"
                  text run at (0,32) width 560: "than the browser's window height, then the bottom border may be larger than 25 pixels."
