layer at (0,0) size 785x761
  RenderView at (0,0) size 785x600
layer at (0,0) size 785x761
  RenderBlock {HTML} at (0,0) size 785x761.33
    RenderBody {BODY} at (8,8) size 769x745.33 [bgcolor=#CCCCCC]
      RenderBlock {P} at (0,0) size 769x16
        RenderText {#text} at (0,0) size 363x16
          text run at (0,0) width 363: "The style declarations which apply to the text below are:"
      RenderBlock {PRE} at (0,32) size 769x91
        RenderText {#text} at (0,0) size 547x91
          text run at (0,0) width 203: "P.one {line-height: 200%;}"
          text run at (202,0) width 1: " "
          text run at (0,13) width 539: "SPAN.two {border-style: solid; border-width: 10px; border-color: red;"
          text run at (538,13) width 1: " "
          text run at (0,26) width 297: "          padding: 2pt; margin: 30pt;}"
          text run at (296,26) width 1: " "
          text run at (0,39) width 352: "P.three {font-size: 10pt; line-height: 12pt;}"
          text run at (351,39) width 1: " "
          text run at (0,52) width 547: "SPAN.four {border-style: solid; border-width: 12px; border-color: red;"
          text run at (546,52) width 1: " "
          text run at (0,65) width 188: "          padding: 2pt;}"
          text run at (187,65) width 1: " "
          text run at (0,78) width 0: " "
      RenderBlock {HR} at (0,136) size 769x2 [border: (1px inset #EEEEEE)]
      RenderBlock {P} at (0,154) size 769x192
        RenderText {#text} at (0,8) size 191x16
          text run at (0,8) width 191: "This is a paragraph that has a "
        RenderInline {SPAN} at (0,0) size 766x170 [border: (10px solid #FF0000)]
          RenderText {#text} at (242,8) size 766x144
            text run at (242,8) width 512: "very long span in it, and the span has a 10px red border separated from the span"
            text run at (0,40) width 190: "by 2pt, and a margin of 30pt. "
            text run at (189,40) width 572: "The padding and border should be present on all sides of the span (although vertical lines"
            text run at (0,72) width 547: "should appear only at the beginning and the end of the whole span, not on each line). "
            text run at (546,72) width 212: "The padding, border, and margin"
            text run at (0,104) width 395: "should all be noticeable at the beginning and end of the span. "
            text run at (395,104) width 371: "However, the line height should not be changed by any of"
            text run at (0,136) width 597: "them, so the margin should be unnoticeable and the border should overlap text on other lines."
        RenderText {#text} at (648,136) size 759x48
          text run at (648,136) width 5: " "
          text run at (652,136) width 107: "The line spacing"
          text run at (0,168) width 358: "in the whole paragraph should be 200% of the font size."
      RenderBlock {P} at (0,362) size 769x64
        RenderText {#text} at (0,1) size 159x13
          text run at (0,1) width 159: "This is a paragraph that has a "
        RenderInline {SPAN} at (0,0) size 755x91 [border: (12px solid #FF0000)]
          RenderText {#text} at (172,1) size 755x61
            text run at (172,1) width 548: "very long span in it, and the span has a 12px red border separated from the span by 2pt of padding (the"
            text run at (0,17) width 755: "difference between the line-height and the font-size), which should overlap with the lines of text above and below the span, since the padding"
            text run at (0,33) width 237: "and border should not effect the line height. "
            text run at (236,33) width 517: "The span's border should have vertical lines only at the beginning and end of the whole span, not"
            text run at (0,49) width 68: "on each line."
        RenderText {#text} at (81,49) size 411x13
          text run at (81,49) width 5: " "
          text run at (85,49) width 407: "The line spacing in the whole paragraph should be 12pt, with font-size 10pt."
      RenderTable {TABLE} at (0,439.33) size 769x306 [border: (1px outset #808080)]
        RenderTableSection {TBODY} at (1,1) size 767x304
          RenderTableRow {TR} at (0,0) size 767x24
            RenderTableCell {TD} at (0,0) size 767x24 [bgcolor=#C0C0C0] [border: (1px inset #808080)] [r=0 c=0 rs=1 cs=2]
              RenderInline {STRONG} at (0,0) size 163x16
                RenderText {#text} at (4,4) size 163x16
                  text run at (4,4) width 163: "TABLE Testing Section"
          RenderTableRow {TR} at (0,24) size 767x280
            RenderTableCell {TD} at (0,152) size 12x24 [bgcolor=#C0C0C0] [border: (1px inset #808080)] [r=1 c=0 rs=1 cs=1]
              RenderText {#text} at (4,4) size 4x16
                text run at (4,4) width 4: " "
            RenderTableCell {TD} at (12,24) size 755x280 [border: (1px inset #808080)] [r=1 c=1 rs=1 cs=1]
              RenderBlock {P} at (4,4) size 747x192
                RenderText {#text} at (0,8) size 191x16
                  text run at (0,8) width 191: "This is a paragraph that has a "
                RenderInline {SPAN} at (0,0) size 727x202 [border: (10px solid #FF0000)]
                  RenderText {#text} at (242,8) size 727x176
                    text run at (242,8) width 478: "very long span in it, and the span has a 10px red border separated from the"
                    text run at (0,40) width 224: "span by 2pt, and a margin of 30pt. "
                    text run at (223,40) width 485: "The padding and border should be present on all sides of the span (although"
                    text run at (0,72) width 634: "vertical lines should appear only at the beginning and the end of the whole span, not on each line). "
                    text run at (633,72) width 85: "The padding,"
                    text run at (0,104) width 522: "border, and margin should all be noticeable at the beginning and end of the span. "
                    text run at (521,104) width 206: "However, the line height should"
                    text run at (0,136) width 724: "not be changed by any of them, so the margin should be unnoticeable and the border should overlap text on other"
                    text run at (0,168) width 35: "lines."
                RenderText {#text} at (86,168) size 472x16
                  text run at (86,168) width 5: " "
                  text run at (90,168) width 468: "The line spacing in the whole paragraph should be 200% of the font size."
              RenderBlock {P} at (4,212) size 747x64
                RenderText {#text} at (0,1) size 159x13
                  text run at (0,1) width 159: "This is a paragraph that has a "
                RenderInline {SPAN} at (0,0) size 720x91 [border: (12px solid #FF0000)]
                  RenderText {#text} at (172,1) size 720x61
                    text run at (172,1) width 548: "very long span in it, and the span has a 12px red border separated from the span by 2pt of padding (the"
                    text run at (0,17) width 709: "difference between the line-height and the font-size), which should overlap with the lines of text above and below the span, since the"
                    text run at (0,33) width 283: "padding and border should not effect the line height. "
                    text run at (282,33) width 430: "The span's border should have vertical lines only at the beginning and end of the"
                    text run at (0,49) width 156: "whole span, not on each line."
                RenderText {#text} at (169,49) size 410x13
                  text run at (169,49) width 4: " "
                  text run at (172,49) width 407: "The line spacing in the whole paragraph should be 12pt, with font-size 10pt."
