layer at (0,0) size 785x2297
  RenderView at (0,0) size 785x600
layer at (0,0) size 785x2297
  RenderBlock {HTML} at (0,0) size 785x2297
    RenderBody {BODY} at (8,8) size 769x2281 [bgcolor=#CCCCCC]
      RenderBlock {P} at (0,0) size 769x16
        RenderText {#text} at (0,0) size 363x16
          text run at (0,0) width 363: "The style declarations which apply to the text below are:"
      RenderBlock {PRE} at (0,32) size 769x104
        RenderText {#text} at (0,0) size 492x104
          text run at (0,0) width 203: "IMG.one {display: inline;}"
          text run at (202,0) width 1: " "
          text run at (0,13) width 196: "IMG.two {display: block;}"
          text run at (195,13) width 1: " "
          text run at (0,26) width 203: "IMG.three {display: block;"
          text run at (202,26) width 1: " "
          text run at (0,39) width 492: "           margin-right: auto; margin-left: auto; width: auto;}"
          text run at (491,39) width 1: " "
          text run at (0,52) width 196: "IMG.four {display: block;"
          text run at (195,52) width 1: " "
          text run at (0,65) width 476: "          margin-right: auto; margin-left: auto; width: 50%;}"
          text run at (475,65) width 1: " "
          text run at (0,78) width 196: "IMG.five {display: block;"
          text run at (195,78) width 1: " "
          text run at (0,91) width 453: "          margin-right: 0; margin-left: auto; width: 50%;}"
          text run at (452,91) width 1: " "
      RenderBlock {HR} at (0,149) size 769x2 [border: (1px inset #EEEEEE)]
      RenderBlock {P} at (0,167) size 769x19
        RenderImage {IMG} at (0,0) size 15x15
        RenderText {#text} at (15,3) size 442x16
          text run at (15,3) width 442: "The image at the beginning of this sentence should be a 15px square."
      RenderImage {IMG} at (0,202) size 15x15
      RenderBlock {P} at (0,233) size 769x16
        RenderText {#text} at (0,0) size 498x16
          text run at (0,0) width 498: "The above image should be a 15px square with the same left edge as this text."
      RenderImage {IMG} at (377,265) size 15x15
      RenderBlock {P} at (0,296) size 769x16
        RenderText {#text} at (0,0) size 407x16
          text run at (0,0) width 407: "The above image should be a 15px square aligned at the center."
      RenderImage {IMG} at (192.25,328) size 384.50x385
      RenderBlock {P} at (0,729) size 769x32
        RenderText {#text} at (0,0) size 738x32
          text run at (0,0) width 738: "The above image should be a square resized so its width is 50% of the its parent element, and centered horizontally"
          text run at (0,16) width 172: "within the parent element: "
          text run at (171,16) width 404: "the document body in the first half, and the table in the second."
      RenderImage {IMG} at (384.50,777) size 384.50x385
      RenderBlock {P} at (0,1178) size 769x32
        RenderText {#text} at (0,0) size 750x32
          text run at (0,0) width 750: "The above image should be a square resized so its width is 50% of its parent element, and aligned at the right edge of"
          text run at (0,16) width 127: "the parent element: "
          text run at (126,16) width 405: "the document body in the first half, and the table in the second."
      RenderTable {TABLE} at (0,1226) size 769x1055 [border: (1px outset #808080)]
        RenderTableSection {TBODY} at (1,1) size 767x1053
          RenderTableRow {TR} at (0,0) size 767x24
            RenderTableCell {TD} at (0,0) size 767x24 [bgcolor=#C0C0C0] [border: (1px inset #808080)] [r=0 c=0 rs=1 cs=2]
              RenderInline {STRONG} at (0,0) size 163x16
                RenderText {#text} at (4,4) size 163x16
                  text run at (4,4) width 163: "TABLE Testing Section"
          RenderTableRow {TR} at (0,24) size 767x1029
            RenderTableCell {TD} at (0,526) size 12x24 [bgcolor=#C0C0C0] [border: (1px inset #808080)] [r=1 c=0 rs=1 cs=1]
              RenderText {#text} at (4,4) size 4x16
                text run at (4,4) width 4: " "
            RenderTableCell {TD} at (12,24) size 755x1029 [border: (1px inset #808080)] [r=1 c=1 rs=1 cs=1]
              RenderBlock {P} at (4,4) size 747x19
                RenderImage {IMG} at (0,0) size 15x15
                RenderText {#text} at (15,3) size 442x16
                  text run at (15,3) width 442: "The image at the beginning of this sentence should be a 15px square."
              RenderImage {IMG} at (4,39) size 15x15
              RenderBlock {P} at (4,70) size 747x16
                RenderText {#text} at (0,0) size 498x16
                  text run at (0,0) width 498: "The above image should be a 15px square with the same left edge as this text."
              RenderImage {IMG} at (370,102) size 15x15
              RenderBlock {P} at (4,133) size 747x16
                RenderText {#text} at (0,0) size 407x16
                  text run at (0,0) width 407: "The above image should be a 15px square aligned at the center."
              RenderImage {IMG} at (190.75,165) size 373.50x374
              RenderBlock {P} at (4,555) size 747x32
                RenderText {#text} at (0,0) size 738x32
                  text run at (0,0) width 738: "The above image should be a square resized so its width is 50% of the its parent element, and centered horizontally"
                  text run at (0,16) width 172: "within the parent element: "
                  text run at (171,16) width 404: "the document body in the first half, and the table in the second."
              RenderImage {IMG} at (377.50,603) size 373.50x374
              RenderBlock {P} at (4,993) size 747x32
                RenderText {#text} at (0,0) size 733x32
                  text run at (0,0) width 733: "The above image should be a square resized so its width is 50% of its parent element, and aligned at the right edge"
                  text run at (0,16) width 144: "of the parent element: "
                  text run at (143,16) width 405: "the document body in the first half, and the table in the second."
