layer at (0,0) size 800x600
  RenderView at (0,0) size 800x600
layer at (0,0) size 800x344
  RenderBlock {HTML} at (0,0) size 800x344
    RenderBody {BODY} at (8,16) size 784x320
      RenderBlock {P} at (0,0) size 784x16
        RenderText {#text} at (0,0) size 475x16
          text run at (0,0) width 475: "Test passes if there are two boxes below, a blue box below an orange box."
layer at (8,48) size 96x288
  RenderBlock (relative positioned) {DIV} at (0,32) size 96x288 [bgcolor=#0000FF]
layer at (8,48) size 96x48
  RenderBlock (positioned) {DIV} at (0,0) size 96x48 [bgcolor=#FFA500]
