layer at (0,0) size 800x600
  RenderView at (0,0) size 800x600
layer at (0,0) size 800x48
  RenderBlock {HTML} at (0,0) size 800x48
    RenderBody {BODY} at (8,16) size 784x16
      RenderBlock {P} at (0,0) size 784x16
        RenderText {#text} at (0,0) size 310x16
          text run at (0,0) width 310: "Test passes if there is no red visible on the page."
layer at (8,48) size 306x6
  RenderPartObject {IFRAME} at (0,0) size 306x6 [border: (3px solid #FF0000)]
    layer at (0,0) size 285x8
      RenderView at (0,0) size 285x0
    layer at (0,0) size 285x8
      RenderBlock {HTML} at (0,0) size 285x8
        RenderBody {BODY} at (8,8) size 269x0
layer at (8,48) size 306x6
  RenderBlock (positioned) {DIV} at (0,0) size 306x6 [border: (3px solid #008000)]
