layer at (0,0) size 800x600
  RenderView at (0,0) size 800x600
layer at (0,0) size 800x440
  RenderBlock {HTML} at (0,0) size 800x440
    RenderBody {BODY} at (8,16) size 784x416
      RenderBlock {P} at (0,0) size 784x16
        RenderText {#text} at (0,0) size 433x16
          text run at (0,0) width 433: "Test passes if the orange and blue boxes below are the same height."
layer at (8,48) size 192x384
  RenderBlock (relative positioned) {DIV} at (0,32) size 192x384 [color=#FFA500]
layer at (8,48) size 192x96
  RenderBlock (positioned) {DIV} at (0,0) size 192x96 [bgcolor=#0000FF]
    RenderText {#text} at (0,0) size 96x96
      text run at (0,0) width 96: "X"
