layer at (0,0) size 800x600
  RenderView at (0,0) size 800x600
layer at (0,0) size 800x78
  RenderBlock {HTML} at (0,0) size 800x78
    RenderBody {BODY} at (8,16) size 784x54
      RenderBlock {P} at (0,0) size 784x16
        RenderText {#text} at (0,0) size 556x16
          text run at (0,0) width 556: "Test passes if there is no white space between the blue box below and the orange lines."
      RenderBlock {DIV} at (0,32) size 96x22 [border: (3px solid #FFA500) none (3px solid #FFA500) none]
        RenderBlock {DIV} at (0,3) size 96x16 [bgcolor=#0000FF]
          RenderText {#text} at (0,0) size 68x16
            text run at (0,0) width 68: "Filler Text"
