layer at (0,0) size 785x585
  RenderView at (0,0) size 785x585
layer at (0,0) size 785x79
  RenderBlock {HTML} at (0,0) size 785x79
layer at (8,8) size 769x63 clip at (8,8) size 754x48
  RenderBody {BODY} at (8,8) size 769x63
    RenderBlock {P} at (0,16) size 754x16
      RenderText {#text} at (0,0) size 310x16
        text run at (0,0) width 310: "Test passes if there is no red visible on the page."
    RenderBlock {DIV} at (0,48) size 754x0 [bgcolor=#FF0000]
layer at (8,56) size 96x96
  RenderBlock (positioned) {DIV} at (8,56) size 96x96
