layer at (0,0) size 800x600
  RenderView at (0,0) size 800x600
layer at (0,0) size 800x182
  RenderBlock {HTML} at (0,0) size 800x182
    RenderBody {BODY} at (8,16) size 784x32
      RenderBlock {P} at (0,0) size 784x32
        RenderText {#text} at (0,0) size 108x16
          text run at (0,0) width 108: "There should be "
        RenderInline {STRONG} at (0,0) size 146x16
          RenderText {#text} at (107,0) size 146x16
            text run at (107,0) width 146: "5 filled green squares"
        RenderText {#text} at (252,0) size 189x16
          text run at (252,0) width 189: " with the same width and the "
        RenderInline {STRONG} at (0,0) size 82x16
          RenderText {#text} at (440,0) size 82x16
            text run at (440,0) width 82: "same height"
        RenderText {#text} at (521,0) size 241x16
          text run at (521,0) width 241: ". The 5 filled green squares should be"
        RenderInline {STRONG} at (0,0) size 59x16
          RenderText {#text} at (0,16) size 59x16
            text run at (0,16) width 59: "identical"
        RenderText {#text} at (58,16) size 456x16
          text run at (58,16) width 456: " to each other. This should still remain true even after a window resize."
      RenderBlock {DIV} at (0,48) size 784x0
        RenderImage {IMG} at (0,0) size 117.59x118
        RenderImage {IMG} at (117.59,0) size 5x5
        RenderImage {IMG} at (122.59,0) size 117.59x118
        RenderImage {IMG} at (240.19,0) size 5x5
        RenderImage {IMG} at (245.19,0) size 117.59x118
        RenderImage {IMG} at (362.78,0) size 5x5
        RenderImage {IMG} at (367.78,0) size 117.59x118
        RenderImage {IMG} at (485.38,0) size 5x5
        RenderImage {IMG} at (490.38,0) size 117.59x118
