layer at (0,0) size 800x600
  RenderView at (0,0) size 800x600
layer at (0,0) size 800x160 layerType: background only
layer at (8,48) size 100x100
  RenderBlock (positioned) zI: -1 {DIV} at (8,48) size 100x100 [bgcolor=#FF0000]
layer at (0,0) size 800x160 layerType: foreground only
  RenderBlock {HTML} at (0,0) size 800x160
    RenderBody {BODY} at (8,16) size 784x136
      RenderBlock {P} at (0,0) size 784x16
        RenderText {#text} at (0,0) size 303x16
          text run at (0,0) width 303: "Test passes if there is a filled green square and "
        RenderInline {STRONG} at (0,0) size 45x16
          RenderText {#text} at (302,0) size 45x16
            text run at (302,0) width 45: "no red"
        RenderText {#text} at (346,0) size 5x16
          text run at (346,0) width 5: "."
      RenderBlock (anonymous) at (0,32) size 784x104
        RenderTable {DIV} at (0,0) size 100x100 [bgcolor=#008000] [border: (25px solid #008000)]
        RenderText {#text} at (0,0) size 0x0
