layer at (0,0) size 800x600
  RenderView at (0,0) size 800x600
layer at (0,0) size 800x64
  RenderBlock {HTML} at (0,0) size 800x64
    RenderBody {BODY} at (8,16) size 784x32
      RenderBlock {P} at (0,0) size 784x32
        RenderText {#text} at (0,0) size 8x16
          text run at (0,0) width 8: "a"
        RenderTable {SPAN} at (7.09,0) size 24x32
          RenderTableSection (anonymous) at (0,0) size 24x32
            RenderTableRow (anonymous) at (0,0) size 24x32
              RenderTableCell (anonymous) at (0,0) size 24x32 [r=0 c=0 rs=1 cs=1]
                RenderBlock (anonymous) at (0,0) size 24x16
                  RenderText {#text} at (0,0) size 24x16
                    text run at (0,0) width 24: "bcd"
                RenderBlock {SPAN} at (0,16) size 24x16
                  RenderText {#text} at (0,0) size 8x16
                    text run at (0,0) width 8: "x"
        RenderText {#text} at (31,0) size 8x16
          text run at (31,0) width 8: "e"
