layer at (0,0) size 800x600
  RenderView at (0,0) size 800x600
layer at (0,0) size 800x156
  RenderBlock {HTML} at (0,0) size 800x156
    RenderBody {BODY} at (8,16) size 784x124
      RenderBlock {P} at (0,0) size 784x16
        RenderText {#text} at (0,0) size 610x16
          text run at (0,0) width 610: "Below, there should be 2 orange boxes horizontally centered within their respective green bars."
      RenderBlock {DIV} at (16,32) size 752x38 [bgcolor=#008000]
        RenderBlock (anonymous) at (0,0) size 752x16
          RenderText {#text} at (0,0) size 36x16
            text run at (0,0) width 36: "         "
        RenderButton {INPUT} at (368,16) size 16x22 [bgcolor=#FFA500] [border: (2px outset #C0C0C0)]
      RenderBlock {FORM} at (0,86) size 784x38
        RenderBlock {DIV} at (16,0) size 752x38 [bgcolor=#008000]
          RenderBlock (anonymous) at (0,0) size 752x16
            RenderText {#text} at (0,0) size 36x16
              text run at (0,0) width 36: "         "
          RenderButton {INPUT} at (368,16) size 16x22 [bgcolor=#FFA500] [border: (2px outset #C0C0C0)]
