layer at (0,0) size 800x600
  RenderView at (0,0) size 800x600
layer at (0,0) size 800x269
  RenderBlock {HTML} at (0,0) size 800x269
    RenderBody {BODY} at (8,8) size 784x253
      RenderBlock {DIV} at (0,0) size 784x16
        RenderText {#text} at (0,0) size 305x16
          text run at (0,0) width 305: "All twenty images should be identically square."
      RenderBlock (anonymous) at (0,16) size 784x237
        RenderInline {P} at (0,0) size 75x16
          RenderImage {IMG} at (0,0) size 75x75
        RenderText {#text} at (75,63) size 4x16
          text run at (75,63) width 4: " "
        RenderText {#text} at (0,0) size 0x0
        RenderInline {P} at (0,0) size 75x16
          RenderImage {IMG} at (79,0) size 75x75
        RenderText {#text} at (154,63) size 4x16
          text run at (154,63) width 4: " "
        RenderText {#text} at (0,0) size 0x0
        RenderInline {P} at (0,0) size 75x16
          RenderImage {IMG} at (158,0) size 75x75
        RenderText {#text} at (233,63) size 4x16
          text run at (233,63) width 4: " "
        RenderText {#text} at (0,0) size 0x0
        RenderInline {P} at (0,0) size 75x16
          RenderImage {IMG} at (237,0) size 75x75
        RenderText {#text} at (312,63) size 4x16
          text run at (312,63) width 4: " "
        RenderText {#text} at (0,0) size 0x0
        RenderInline {P} at (0,0) size 75x16
          RenderImage {IMG} at (316,0) size 75x75
        RenderText {#text} at (391,63) size 4x16
          text run at (391,63) width 4: " "
        RenderText {#text} at (0,0) size 0x0
        RenderInline {P} at (0,0) size 75x16
          RenderImage {IMG} at (395,0) size 75x75
        RenderText {#text} at (470,63) size 4x16
          text run at (470,63) width 4: " "
        RenderText {#text} at (0,0) size 0x0
        RenderInline {P} at (0,0) size 75x16
          RenderImage {IMG} at (474,0) size 75x75
        RenderText {#text} at (549,63) size 4x16
          text run at (549,63) width 4: " "
        RenderText {#text} at (0,0) size 0x0
        RenderInline {P} at (0,0) size 75x16
          RenderImage {IMG} at (553,0) size 75x75
        RenderText {#text} at (628,63) size 4x16
          text run at (628,63) width 4: " "
        RenderText {#text} at (0,0) size 0x0
        RenderInline {P} at (0,0) size 75x16
          RenderImage {IMG} at (632,0) size 75x75
        RenderText {#text} at (0,0) size 0x0
        RenderText {#text} at (0,0) size 0x0
        RenderInline {P} at (0,0) size 75x16
          RenderImage {IMG} at (0,79) size 75x75
        RenderText {#text} at (75,142) size 4x16
          text run at (75,142) width 4: " "
        RenderText {#text} at (0,0) size 0x0
        RenderInline {P} at (0,0) size 75x16
          RenderImage {IMG} at (79,79) size 75x75
        RenderText {#text} at (154,142) size 4x16
          text run at (154,142) width 4: " "
        RenderText {#text} at (0,0) size 0x0
        RenderInline {P} at (0,0) size 75x16
          RenderImage {IMG} at (158,79) size 75x75
        RenderText {#text} at (233,142) size 4x16
          text run at (233,142) width 4: " "
        RenderText {#text} at (0,0) size 0x0
        RenderInline {P} at (0,0) size 75x16
          RenderImage {IMG} at (237,79) size 75x75
        RenderText {#text} at (312,142) size 4x16
          text run at (312,142) width 4: " "
        RenderText {#text} at (0,0) size 0x0
        RenderInline {P} at (0,0) size 75x16
          RenderImage {IMG} at (316,79) size 75x75
        RenderText {#text} at (391,142) size 4x16
          text run at (391,142) width 4: " "
        RenderText {#text} at (0,0) size 0x0
        RenderInline {P} at (0,0) size 75x16
          RenderImage {IMG} at (395,79) size 75x75
        RenderText {#text} at (470,142) size 4x16
          text run at (470,142) width 4: " "
        RenderText {#text} at (0,0) size 0x0
        RenderInline {P} at (0,0) size 75x16
          RenderImage {IMG} at (474,79) size 75x75
        RenderText {#text} at (549,142) size 4x16
          text run at (549,142) width 4: " "
        RenderText {#text} at (0,0) size 0x0
        RenderInline {P} at (0,0) size 75x16
          RenderImage {IMG} at (553,79) size 75x75
        RenderText {#text} at (628,142) size 4x16
          text run at (628,142) width 4: " "
        RenderText {#text} at (0,0) size 0x0
        RenderInline {P} at (0,0) size 75x16
          RenderImage {IMG} at (632,79) size 75x75
        RenderText {#text} at (0,0) size 0x0
        RenderText {#text} at (0,0) size 0x0
        RenderInline {P} at (0,0) size 75x16
          RenderImage {IMG} at (0,158) size 75x75
        RenderText {#text} at (75,221) size 4x16
          text run at (75,221) width 4: " "
        RenderText {#text} at (0,0) size 0x0
        RenderInline {P} at (0,0) size 75x16
          RenderImage {IMG} at (79,158) size 75x75
        RenderText {#text} at (0,0) size 0x0
        RenderText {#text} at (0,0) size 0x0
