layer at (0,0) size 800x600
  RenderView at (0,0) size 800x600
layer at (0,0) size 800x156
  RenderBlock {HTML} at (0,0) size 800x156
    RenderBody {BODY} at (8,16) size 784x132
      RenderBlock {P} at (0,0) size 784x16
        RenderText {#text} at (0,0) size 398x16
          text run at (0,0) width 398: "Test passes if the bottom of the \"Filler Text\" below is aligned."
      RenderTable {TABLE} at (0,32) size 355x100
        RenderTableSection {TBODY} at (0,0) size 355x100
          RenderTableRow {TR} at (0,2) size 355x96
            RenderTableCell {TD} at (2,22) size 59x15 [r=0 c=0 rs=1 cs=1]
              RenderBlock {DIV} at (1,1) size 57x13
                RenderText {#text} at (0,0) size 57x13
                  text run at (0,0) width 57: "Filler Text"
            RenderTableCell {TD} at (63,12) size 116x29 [r=0 c=1 rs=1 cs=1]
              RenderBlock {DIV} at (1,1) size 114x27
                RenderText {#text} at (0,0) size 114x27
                  text run at (0,0) width 114: "Filler Text"
            RenderTableCell {TD} at (181,2) size 172x42 [r=0 c=2 rs=1 cs=1]
              RenderBlock {DIV} at (1,1) size 170x40
                RenderText {#text} at (0,0) size 170x40
                  text run at (0,0) width 170: "Filler Text"
