layer at (0,0) size 1520x600
  RenderView at (0,0) size 800x600
layer at (0,0) size 800x600
  RenderBlock {HTML} at (0,0) size 800x600
    RenderBody {BODY} at (8,8) size 784x584
layer at (-720,8) size 1512x202 backgroundClip at (0,0) size 1520x600 clip at (0,0) size 1520x600 outlineClip at (0,0) size 1520x600
  RenderBlock (positioned) {DIV} at (8,8) size 1512x202.02
    RenderBlock {P} at (72,0) size 72x202.02
      RenderInline {A} at (0,0) size 72x167 [color=#0000EE]
        RenderText {#text} at (0,0) size 72x167
          text run at (0,0) width 167: "link 1"
    RenderBlock {P} at (216,0) size 72x202.02
      RenderInline {A} at (0,0) size 72x167 [color=#0000EE]
        RenderText {#text} at (0,0) size 72x167
          text run at (0,0) width 167: "link 2"
    RenderBlock {P} at (360,0) size 72x202.02
      RenderInline {A} at (0,0) size 72x167 [color=#0000EE]
        RenderText {#text} at (0,0) size 72x167
          text run at (0,0) width 167: "link 3"
    RenderBlock {P} at (504,0) size 72x202.02
      RenderInline {A} at (0,0) size 72x167 [color=#0000EE]
        RenderText {#text} at (0,0) size 72x167
          text run at (0,0) width 167: "link 4"
    RenderBlock {P} at (648,0) size 72x202.02
      RenderInline {A} at (0,0) size 72x167 [color=#0000EE]
        RenderText {#text} at (0,0) size 72x167
          text run at (0,0) width 167: "link 5"
    RenderBlock {P} at (792,0) size 72x202.02
      RenderInline {A} at (0,0) size 72x167 [color=#0000EE]
        RenderText {#text} at (0,0) size 72x167
          text run at (0,0) width 167: "link 6"
    RenderBlock {P} at (936,0) size 72x202.02
      RenderInline {A} at (0,0) size 72x167 [color=#0000EE]
        RenderText {#text} at (0,0) size 72x167
          text run at (0,0) width 167: "link 7"
    RenderBlock {P} at (1080,0) size 72x202.02
      RenderInline {A} at (0,0) size 72x167 [color=#0000EE]
        RenderText {#text} at (0,0) size 72x167
          text run at (0,0) width 167: "link 8"
    RenderBlock {P} at (1224,0) size 72x202.02
      RenderInline {A} at (0,0) size 72x167 [color=#0000EE]
        RenderText {#text} at (0,0) size 72x167
          text run at (0,0) width 167: "link 9"
    RenderBlock {P} at (1368,0) size 72x202.02
      RenderInline {A} at (0,0) size 72x203 [color=#0000EE]
        RenderText {#text} at (0,0) size 72x203
          text run at (0,0) width 203: "link 10"
