layer at (0,0) size 800x600
  RenderView at (0,0) size 800x600
layer at (0,0) size 800x600
  RenderBlock {HTML} at (0,0) size 800x600
    RenderBody {BODY} at (8,8) size 784x576
      RenderBlock {P} at (0,0) size 784x48
        RenderText {#text} at (0,0) size 744x48
          text run at (0,0) width 744: "This tests to see if a mouse click inside an editable, focusable node focuses that node. Normally, we focus a node on"
          text run at (0,16) width 738: "mouse down, but to make it easier to drag selections containing editable pieces we delay focus until mouse up. The"
          text run at (0,32) width 536: "editable table cell should be focused and you should see a 'Success' message below."
      RenderBlock {DIV} at (0,64) size 784x26
        RenderTable {TABLE} at (0,0) size 147x26 [border: (1px outset #808080)]
          RenderTableSection {TBODY} at (1,1) size 145x24
            RenderTableRow {TR} at (0,2) size 145x20
              RenderTableCell {TD} at (2,2) size 84x20 [border: (1px inset #808080)] [r=0 c=0 rs=1 cs=1]
                RenderText {#text} at (2,2) size 80x16
                  text run at (2,2) width 80: "non-editable"
              RenderTableCell {TD} at (88,2) size 55x20 [border: (1px inset #808080)] [r=0 c=1 rs=1 cs=1]
                RenderText {#text} at (2,2) size 51x16
                  text run at (2,2) width 51: "editable"
      RenderBlock {DIV} at (0,90) size 784x16
        RenderBR {BR} at (0,0) size 0x16
      RenderBlock {UL} at (0,122) size 784x16
        RenderListItem {LI} at (40,0) size 744x16
          RenderListMarker at (-16,0) size 6x16: bullet
          RenderText {#text} at (0,0) size 51x16
            text run at (0,0) width 51: "Success"
caret: position 4 of child 0 {#text} of child 1 {TD} of child 0 {TR} of child 0 {TBODY} of child 0 {TABLE} of child 2 {DIV} of body
