layer at (0,0) size 800x600
  RenderView at (0,0) size 800x600
layer at (0,0) size 800x600
  RenderBlock {HTML} at (0,0) size 800x600
    RenderBody {BODY} at (8,8) size 784x576
      RenderBlock {P} at (0,0) size 784x32
        RenderText {#text} at (0,0) size 775x32
          text run at (0,0) width 775: "This tests for a bug where moving the selection to the end of the document would move it outside of an editable region if"
          text run at (0,16) width 250: "the selection started just before a table."
      RenderBlock {DIV} at (0,48) size 784x40
        RenderTable {TABLE} at (0,0) size 30x24 [border: (1px solid #AAAAAA)]
          RenderTableSection {TBODY} at (1,1) size 28x22
            RenderTableRow {TR} at (0,2) size 28x18
              RenderTableCell {TD} at (2,2) size 24x18 [r=0 c=0 rs=1 cs=1]
                RenderText {#text} at (1,1) size 22x16
                  text run at (1,1) width 22: "foo"
        RenderBlock (anonymous) at (0,24) size 784x16
          RenderText {#text} at (0,0) size 21x16
            text run at (0,0) width 21: "bar"
      RenderBlock {P} at (0,104) size 784x16
        RenderText {#text} at (0,0) size 574x16
          text run at (0,0) width 574: "In the above editable region, you should see 'foo' in the bordered table and 'bar' outside it."
caret: position 3 of child 1 {#text} of child 2 {DIV} of body
