EDITING DELEGATE: webViewDidChangeSelection:WebViewDidChangeSelectionNotification
EDITING DELEGATE: webViewDidChangeSelection:WebViewDidChangeSelectionNotification
EDITING DELEGATE: webViewDidChangeSelection:WebViewDidChangeSelectionNotification
EDITING DELEGATE: webViewDidChangeSelection:WebViewDidChangeSelectionNotification
EDITING DELEGATE: webViewDidChangeSelection:WebViewDidChangeSelectionNotification
layer at (0,0) size 800x600
  RenderView at (0,0) size 800x600
layer at (0,0) size 800x600
  RenderBlock {HTML} at (0,0) size 800x600
    RenderBody {BODY} at (8,8) size 784x576
      RenderBlock {P} at (0,0) size 784x16
        RenderText {#text} at (0,0) size 665x16
          text run at (0,0) width 665: "This tests for a bug where selection change notifications would post the wrong proposed selected range."
      RenderBlock {DIV} at (0,32) size 784x16
        RenderText {#text} at (0,0) size 363x16
          text run at (0,0) width 363: "There should be five characters selected in this sentence."
      RenderBlock {UL} at (0,64) size 784x0
selection start: position 0 of child 0 {#text} of child 2 {DIV} of body
selection end:   position 2 of child 0 {#text} of child 2 {DIV} of body
