layer at (0,0) size 800x600
  RenderView at (0,0) size 800x600
layer at (0,0) size 800x600
  RenderBlock {HTML} at (0,0) size 800x600
    RenderBody {BODY} at (8,8) size 784x584
      RenderBlock {P} at (0,0) size 784x48
        RenderText {#text} at (0,0) size 776x48
          text run at (0,0) width 776: "This tests to see that clicking on content outside of an editable region with -webkit-user-select: ignore doesn't remove the"
          text run at (0,16) width 479: "selection from the editable region. To run it manually, click on the button. "
          text run at (478,16) width 297: "The editable region should not be focused, but"
          text run at (0,32) width 246: "the text inside of it should be selected."
      RenderBlock (anonymous) at (0,64) size 784x18
        RenderButton {INPUT} at (0,0) size 78.98x18 [bgcolor=#C0C0C0]
          RenderBlock (anonymous) at (8,2.50) size 62.98x13
            RenderText {#text} at (0,0) size 63x13
              text run at (0,0) width 63: "Click on me"
        RenderText {#text} at (0,0) size 0x0
      RenderBlock {DIV} at (0,82) size 784x16
        RenderText {#text} at (0,0) size 182x16
          text run at (0,0) width 182: "This text should be selected."
selection start: position 0 of child 0 {#text} of child 4 {DIV} of body
selection end:   position 29 of child 0 {#text} of child 4 {DIV} of body
