layer at (0,0) size 800x600
  RenderView at (0,0) size 800x600
layer at (0,0) size 800x600
  RenderBlock {HTML} at (0,0) size 800x600
layer at (8,8) size 612x129
  RenderBody {BODY} at (8,8) size 612x129.44 [border: (1px solid #000000)]
    RenderBlock {H1} at (6,6) size 600x32
      RenderText {#text} at (0,0) size 451x32
        text run at (0,0) width 451: "Word selection on right click test"
    RenderBlock (anonymous) at (6,59.44) size 600x64
      RenderText {#text} at (0,0) size 590x32
        text run at (0,0) width 590: "This tests to make sure that right clicking non-editable content only creates a word selection"
        text run at (0,16) width 129: "for clicks over text. "
      RenderInline {SPAN} at (0,0) size 19x16
        RenderText {#text} at (128,16) size 19x16
          text run at (128,16) width 19: "To"
      RenderText {#text} at (146,16) size 563x48
        text run at (146,16) width 415: " run manually, right click on text, and a word should be selected."
        text run at (0,32) width 563: "Right click on the empty space outside and to the right of the black border, the selection"
        text run at (0,48) width 126: "should be removed."
      RenderText {#text} at (0,0) size 0x0
caret: position 0 of child 0 {#text} of child 1 {H1} of body
