layer at (0,0) size 800x600
  RenderView at (0,0) size 800x600
layer at (0,0) size 800x134
  RenderBlock {HTML} at (0,0) size 800x134
    RenderBody {BODY} at (8,16) size 784x110
      RenderBlock {P} at (0,0) size 784x32
        RenderText {#text} at (0,0) size 776x32
          text run at (0,0) width 776: "This tests that clicking in a contenteditable div will set the caret in the right position for RTL text in a RTL block. To test"
          text run at (0,16) width 475: "manually, click the right of the text. The caret should be on the right edge."
      RenderBlock {DIV} at (0,48) size 206.38x46 [border: (1px solid #000000)]
        RenderText {#text} at (123,15) size 73x20
          text run at (123,15) width 73 RTL: "\x{5E9}\x{5D3}\x{5D4} \x{5D1}\x{5D5}\x{5E8}"
      RenderBlock (anonymous) at (0,94) size 784x16
        RenderText {#text} at (0,0) size 39x16
          text run at (0,0) width 39: "PASS"
        RenderBR {BR} at (38,0) size 1x16
caret: position 0 of child 0 {#text} of child 3 {DIV} of body
