layer at (0,0) size 800x600
  RenderView at (0,0) size 800x600
layer at (0,0) size 800x130
  RenderBlock {HTML} at (0,0) size 800x130
    RenderBody {BODY} at (8,16) size 784x106
      RenderBlock {P} at (0,0) size 784x32
        RenderText {#text} at (0,0) size 776x32
          text run at (0,0) width 776: "This tests that clicking in a contenteditable div will set the caret in the right position for LTR text in a RTL block. To test"
          text run at (0,16) width 458: "manually, click the left of the text. The caret should be on the left edge."
      RenderBlock {DIV} at (0,48) size 206.38x42 [border: (1px solid #000000)]
        RenderText {#text} at (122,11) size 74x20
          text run at (122,11) width 74: "WebKit2"
      RenderBlock (anonymous) at (0,90) size 784x16
        RenderText {#text} at (0,0) size 39x16
          text run at (0,0) width 39: "PASS"
        RenderBR {BR} at (38,0) size 1x16
caret: position 7 of child 0 {#text} of child 3 {DIV} of body
