EDITING DELEGATE: webViewDidChangeSelection:WebViewDidChangeSelectionNotification
layer at (0,0) size 800x600
  RenderView at (0,0) size 800x600
layer at (0,0) size 800x600
  RenderBlock {HTML} at (0,0) size 800x600
    RenderBody {BODY} at (8,8) size 784x584
      RenderBlock {P} at (0,0) size 784x32
        RenderText {#text} at (0,0) size 108x16
          text run at (0,0) width 108: "This is a test for "
        RenderInline {I} at (0,0) size 759x32
          RenderInline {A} at (0,0) size 354x16 [color=#0000EE]
            RenderText {#text} at (107,0) size 354x16
              text run at (107,0) width 354: "http://bugzilla.opendarwin.org/show_bug.cgi?id=9978"
          RenderText {#text} at (460,0) size 759x32
            text run at (460,0) width 5: " "
            text run at (464,0) width 295: "REGRESSION (r12949-r12988): Clicking the"
            text run at (0,16) width 424: "first letter on a line places the caret at the end of the previous line"
        RenderText {#text} at (423,16) size 5x16
          text run at (423,16) width 5: "."
      RenderBlock {P} at (0,48) size 784x16
        RenderText {#text} at (0,0) size 748x16
          text run at (0,0) width 564: "To test interactively, click the left side of the W on the second line. The caret should be "
          text run at (563,0) width 185: "move to the start of that line."
      RenderBlock {HR} at (0,80) size 784x2 [border: (1px inset #EEEEEE)]
      RenderBlock {DIV} at (0,90) size 250x96
        RenderText {#text} at (0,0) size 238x96
          text run at (0,0) width 154: "Alice in"
          text run at (153,0) width 13: " "
          text run at (0,48) width 238: "Wonderland"
caret: position 10 of child 0 {#text} of child 7 {DIV} of body
