layer at (0,0) size 800x600
  RenderView at (0,0) size 800x600
layer at (0,0) size 800x600
  RenderBlock {HTML} at (0,0) size 800x600
    RenderBody {BODY} at (8,8) size 784x579
      RenderBlock (anonymous) at (0,0) size 784x48
        RenderText {#text} at (0,0) size 778x48
          text run at (0,0) width 778: "This tests to see that a caret is placed inside an editable document that is entirely editable even when no caret is requested"
          text run at (0,16) width 122: "programmatically. "
          text run at (121,16) width 191: "We do this as a convenience. "
          text run at (311,16) width 425: "Right now, we only do this convenience when a document's frame"
          text run at (0,32) width 443: "becomes first responder or when a document's window becomes key."
      RenderBlock {PRE} at (0,61) size 784x26
        RenderText {#text} at (0,0) size 289x26
          text run at (0,0) width 289: "Test Failed - there should be a caret"
          text run at (288,0) width 1: " "
          text run at (0,13) width 0: " "
