EDITING DELEGATE: webViewDidChangeSelection:WebViewDidChangeSelectionNotification
EDITING DELEGATE: webViewDidChangeSelection:WebViewDidChangeSelectionNotification
EDITING DELEGATE: webViewDidChangeSelection:WebViewDidChangeSelectionNotification
EDITING DELEGATE: webViewDidChangeSelection:WebViewDidChangeSelectionNotification
layer at (0,0) size 800x600
  RenderView at (0,0) size 800x600
layer at (0,0) size 800x600
  RenderBlock {HTML} at (0,0) size 800x600
    RenderBody {BODY} at (8,8) size 784x584
      RenderBlock {DIV} at (0,0) size 784x288
        RenderBlock {DIV} at (0,0) size 784x256
          RenderBlock {DIV} at (0,0) size 784x16
            RenderText {#text} at (0,0) size 311x16
              text run at (0,0) width 311: "On Feb 1, 2006, at 7:37 PM, David Hyatt wrote:"
          RenderBlock (anonymous) at (0,16) size 784x16
            RenderBR {BR} at (0,0) size 0x16
          RenderBlock {BLOCKQUOTE} at (40,48) size 704x208 [color=#0000FF]
            RenderBlock {DIV} at (0,0) size 704x80
              RenderText {#text} at (0,0) size 449x16
                text run at (0,0) width 449: "While reworking images I ran into something that really concerns me."
              RenderInline {SPAN} at (0,0) size 5x16
                RenderText {#text} at (448,0) size 5x16
                  text run at (448,0) width 5: " "
              RenderText {#text} at (452,0) size 702x32
                text run at (452,0) width 246: "WebElementImageKey is a key added"
                text run at (697,0) width 5: " "
                text run at (0,16) width 437: "to the elementAtPoint dictionary and the key's value is an NSImage."
              RenderInline {SPAN} at (0,0) size 4x16
                RenderText {#text} at (437,16) size 4x16
                  text run at (437,16) width 4: " "
              RenderText {#text} at (441,16) size 263x16
                text run at (441,16) width 263: "Unfortunately we use CGImageRef now."
              RenderInline {SPAN} at (0,0) size 1x16
                RenderText {#text} at (703,16) size 1x16
                  text run at (703,16) width 1: " "
              RenderText {#text} at (0,32) size 701x48
                text run at (0,32) width 697: "What this means is that as you move the mouse around a web page we are aggressively mallocing NSImages"
                text run at (696,32) width 5: " "
                text run at (0,48) width 674: "that then move into our image cache and stay around until the CGImageRef goes away (which could be a"
                text run at (673,48) width 5: " "
                text run at (0,64) width 71: "long time)."
            RenderBlock {DIV} at (0,80) size 704x16
              RenderBR {BR} at (0,0) size 0x16
            RenderBlock {DIV} at (0,96) size 704x48
              RenderText {#text} at (0,0) size 324x16
                text run at (0,0) width 324: "I think this is terrible but am not sure how to fix it."
              RenderInline {SPAN} at (0,0) size 5x16
                RenderText {#text} at (323,0) size 5x16
                  text run at (323,0) width 5: " "
              RenderText {#text} at (327,0) size 205x16
                text run at (327,0) width 205: "I assume this key is public API."
              RenderInline {SPAN} at (0,0) size 5x16
                RenderText {#text} at (531,0) size 5x16
                  text run at (531,0) width 5: " "
              RenderText {#text} at (535,0) size 674x32
                text run at (535,0) width 135: "Could we change the"
                text run at (669,0) width 5: " "
                text run at (0,16) width 264: "key's value to be a CGImageRef instead?"
              RenderInline {SPAN} at (0,0) size 5x16
                RenderText {#text} at (263,16) size 5x16
                  text run at (263,16) width 5: " "
              RenderText {#text} at (267,16) size 664x32
                text run at (267,16) width 393: "Could we just eliminate the key in favor of a DOM extension"
                text run at (659,16) width 5: " "
                text run at (0,32) width 227: "method for accessing an NSImage?"
            RenderBlock {DIV} at (0,144) size 704x16
              RenderBR {BR} at (0,0) size 0x16
            RenderBlock {DIV} at (0,160) size 704x16
              RenderText {#text} at (0,0) size 31x16
                text run at (0,0) width 31: "dave"
            RenderBlock {DIV} at (0,176) size 704x16
              RenderText {#text} at (0,0) size 124x16
                text run at (0,0) width 124: "(hyatt@apple.com)"
            RenderBlock {DIV} at (0,192) size 704x16
              RenderBR {BR} at (0,0) size 0x16
        RenderBlock (anonymous) at (0,272) size 784x16
          RenderBR {BR} at (0,0) size 0x16
caret: position 0 of child 0 {BR} of child 6 {DIV} of child 2 {BLOCKQUOTE} of child 1 {DIV} of child 1 {DIV} of body
