EDITING DELEGATE: webViewDidChangeSelection:WebViewDidChangeSelectionNotification
layer at (0,0) size 800x600
  RenderView at (0,0) size 800x600
layer at (0,0) size 800x600
  RenderBlock {HTML} at (0,0) size 800x600
    RenderBody {BODY} at (8,8) size 784x576
      RenderBlock {P} at (0,0) size 784x32
        RenderText {#text} at (0,0) size 770x32
          text run at (0,0) width 424: "This tests double clicking inside and at the end of an editable div. "
          text run at (423,0) width 347: "The selection that is created should not extend outside"
          text run at (0,16) width 124: "the editable region."
      RenderBlock {DIV} at (0,48) size 784x16
        RenderText {#text} at (0,0) size 212x16
          text run at (0,0) width 212: "This text is inside an editable div"
        RenderInline {SPAN} at (0,0) size 5x16
          RenderText {#text} at (211,0) size 5x16
            text run at (211,0) width 5: " "
layer at (8,88) size 784x16
  RenderBlock {P} at (0,80) size 784x16
    RenderText {#text} at (0,0) size 155x16
      text run at (0,0) width 155: "This text is not editable."
caret: position 1 of child 0 {#text} of child 1 {SPAN} of child 3 {DIV} of body
