EDITING DELEGATE: webViewDidChangeSelection:WebViewDidChangeSelectionNotification
layer at (0,0) size 800x600
  RenderView at (0,0) size 800x600
layer at (0,0) size 800x600
  RenderBlock {HTML} at (0,0) size 800x600
    RenderBody {BODY} at (8,8) size 784x584
      RenderBlock {P} at (0,0) size 784x32
        RenderText {#text} at (0,0) size 770x32
          text run at (0,0) width 424: "This tests double clicking inside and at the end of an editable div. "
          text run at (423,0) width 347: "The selection that is created should not extend outside"
          text run at (0,16) width 124: "the editable region."
      RenderBlock {DIV} at (0,48) size 784x16
        RenderText {#text} at (0,0) size 186x16
          text run at (0,0) width 186: "This text is in an editable div"
        RenderInline {SPAN} at (0,0) size 5x16
          RenderText {#text} at (185,0) size 5x16
            text run at (185,0) width 5: "."
      RenderBlock (anonymous) at (0,64) size 784x16
        RenderText {#text} at (0,0) size 249x16
          text run at (0,0) width 249: "This text is outside the editable region."
        RenderText {#text} at (0,0) size 0x0
caret: position 1 of child 0 {#text} of child 1 {SPAN} of child 3 {DIV} of body
