layer at (0,0) size 800x600
  RenderView at (0,0) size 800x600
layer at (0,0) size 800x600
  RenderBlock {HTML} at (0,0) size 800x600
    RenderBody {BODY} at (8,8) size 784x576
      RenderBlock {P} at (0,0) size 784x32
        RenderText {#text} at (0,0) size 55x16
          text run at (0,0) width 55: "Test for "
        RenderInline {I} at (0,0) size 740x32
          RenderInline {A} at (0,0) size 306x16 [color=#0000EE]
            RenderText {#text} at (54,0) size 306x16
              text run at (54,0) width 306: "http://bugs.webkit.org/show_bug.cgi?id=14911"
          RenderText {#text} at (359,0) size 740x32
            text run at (359,0) width 5: " "
            text run at (363,0) width 377: "REGRESSION: Clicking in pasted text doesn't position the"
            text run at (0,16) width 156: "insertion point correctly"
        RenderText {#text} at (155,16) size 5x16
          text run at (155,16) width 5: "."
      RenderBlock {P} at (0,48) size 784x16
        RenderText {#text} at (0,0) size 570x16
          text run at (0,0) width 539: "You should be able to select individual letters in \x{201C}ipsum\x{201D} by dragging in the yellow "
          text run at (539,0) width 31: "area "
        RenderInline {EM} at (0,0) size 39x16
          RenderText {#text} at (569,0) size 39x16
            text run at (569,0) width 39: "above"
        RenderText {#text} at (607,0) size 41x16
          text run at (607,0) width 41: " them."
      RenderBlock (floating) {DIV} at (0,80) size 85.77x80 [bgcolor=#FFFFAA]
        RenderInline {SPAN} at (0,0) size 86x16 [bgcolor=#FFFFFF]
          RenderText {#text} at (0,32) size 47x16
            text run at (0,32) width 47: "Lorem "
          RenderText {#text} at (46,32) size 40x16
            text run at (46,32) width 40: "ipsum"
        RenderText {#text} at (0,0) size 0x0
caret: position 0 of child 0 {#text} of child 1 {SPAN} of child 4 {DIV} of body
