EDITING DELEGATE: webViewDidChangeSelection:WebViewDidChangeSelectionNotification
EDITING DELEGATE: webViewDidChangeSelection:WebViewDidChangeSelectionNotification
EDITING DELEGATE: webViewDidChangeSelection:WebViewDidChangeSelectionNotification
EDITING DELEGATE: webViewDidChangeSelection:WebViewDidChangeSelectionNotification
EDITING DELEGATE: webViewDidChangeSelection:WebViewDidChangeSelectionNotification
layer at (0,0) size 800x600
  RenderView at (0,0) size 800x600
layer at (0,0) size 800x600
  RenderBlock {HTML} at (0,0) size 800x600
    RenderBody {BODY} at (8,8) size 784x584
      RenderBlock {DIV} at (0,0) size 784x186 [border: (2px solid #FF0000)]
        RenderBlock {DIV} at (14,14) size 756x158
          RenderTable {TABLE} at (0,0) size 64x158 [border: (1px outset #808080)]
            RenderTableSection {TBODY} at (1,1) size 62x156
              RenderTableRow {TR} at (0,2) size 62x50
                RenderTableCell {TD} at (2,2) size 58x50 [border: (1px inset #808080)] [r=0 c=0 rs=1 cs=1]
                  RenderText {#text} at (13,13) size 32x24
                    text run at (13,13) width 32: "foo"
              RenderTableRow {TR} at (0,54) size 62x48
                RenderTableCell {TD} at (2,65) size 58x26 [border: (1px inset #808080)] [r=1 c=0 rs=1 cs=1]
              RenderTableRow {TR} at (0,104) size 62x50
                RenderTableCell {TD} at (2,104) size 58x50 [border: (1px inset #808080)] [r=2 c=0 rs=1 cs=1]
                  RenderText {#text} at (13,13) size 31x24
                    text run at (13,13) width 31: "bar"
caret: position 2 of child 1 {TABLE} of child 1 {DIV} of child 1 {DIV} of body
