EDITING DELEGATE: webViewDidChangeSelection:WebViewDidChangeSelectionNotification
EDITING DELEGATE: webViewDidChangeSelection:WebViewDidChangeSelectionNotification
EDITING DELEGATE: webViewDidChangeSelection:WebViewDidChangeSelectionNotification
EDITING DELEGATE: webViewDidChangeSelection:WebViewDidChangeSelectionNotification
EDITING DELEGATE: webViewDidChangeSelection:WebViewDidChangeSelectionNotification
EDITING DELEGATE: webViewDidChangeSelection:WebViewDidChangeSelectionNotification
layer at (0,0) size 800x600
  RenderView at (0,0) size 800x600
layer at (0,0) size 800x600
  RenderBlock {HTML} at (0,0) size 800x600
    RenderBody {BODY} at (8,8) size 784x584
      RenderBlock {P} at (0,0) size 784x32
        RenderText {#text} at (0,0) size 782x32
          text run at (0,0) width 782: "This tests that when a selection that starts at [replaced element, 1] is painted, the replaced element doesn't appear selected."
          text run at (0,16) width 312: "This test uses an image for the replaced element."
      RenderBlock {DIV} at (0,48) size 784x107
        RenderText {#text} at (0,91) size 23x16
          text run at (0,91) width 23: "abc"
        RenderImage {IMG} at (22.20,0) size 76x103
        RenderText {#text} at (98,91) size 21x16
          text run at (98,91) width 21: "def"
selection start: position 0 of child 2 {#text} of child 3 {DIV} of body
selection end:   position 3 of child 2 {#text} of child 3 {DIV} of body
