EDITING DELEGATE: webViewDidChangeSelection:WebViewDidChangeSelectionNotification
EDITING DELEGATE: webViewDidChangeSelection:WebViewDidChangeSelectionNotification
EDITING DELEGATE: webViewDidChangeSelection:WebViewDidChangeSelectionNotification
EDITING DELEGATE: webViewDidChangeSelection:WebViewDidChangeSelectionNotification
layer at (0,0) size 800x600
  RenderView at (0,0) size 800x600
layer at (0,0) size 800x600
  RenderBlock {HTML} at (0,0) size 800x600
    RenderBody {BODY} at (8,8) size 784x584
      RenderBlock {P} at (0,0) size 784x32
        RenderText {#text} at (0,0) size 777x32
          text run at (0,0) width 777: "This tests that when a selection that ends at [replaced element, 0] is painted, the replaced element doesn't appear selected."
          text run at (0,16) width 329: "This test uses a select box for the replaced element."
      RenderBlock {DIV} at (0,48) size 784x34
        RenderText {#text} at (0,0) size 23x16
          text run at (0,0) width 23: "abc"
        RenderBR {BR} at (22,12) size 1x0
        RenderMenuList {SELECT} at (0,16) size 226x18 [bgcolor=#F8F8F8]
          RenderBlock (anonymous) at (0,0) size 226x18
            RenderText at (8,2) size 195x13
              text run at (8,2) width 195: "this select box shouldn't be selected"
        RenderText {#text} at (0,0) size 0x0
selection start: position 1 of child 0 {#text} of child 3 {DIV} of body
selection end:   position 1 of child 1 {BR} of child 3 {DIV} of body
