layer at (0,0) size 800x600
  RenderView at (0,0) size 800x600
layer at (0,0) size 800x600
  RenderBlock {HTML} at (0,0) size 800x600
    RenderBody {BODY} at (8,8) size 784x584
      RenderBlock {P} at (0,0) size 784x32
        RenderText {#text} at (0,0) size 744x32
          text run at (0,0) width 744: "This test ensures selection that crosses the shadow DOM boundary of a readonly input element cannot be made by a"
          text run at (0,16) width 79: "mouse drag."
      RenderBlock {P} at (0,48) size 784x32
        RenderText {#text} at (0,0) size 767x32
          text run at (0,0) width 767: "To manually test, select text by a mouse drag starting in \"hello\" and ending in \"world\". Selection should not extend into"
          text run at (0,16) width 116: "the input element."
      RenderBlock {DIV} at (0,96) size 784x24
        RenderInline {SPAN} at (0,0) size 32x16
          RenderText {#text} at (0,6) size 32x16
            text run at (0,6) width 32: "hello"
        RenderText {#text} at (31,6) size 5x16
          text run at (31,6) width 5: " "
        RenderTextControl {INPUT} at (35.98,0) size 59.39x24 [bgcolor=#FFFFFF] [border: (2px inset #EEEEEE)]
        RenderText {#text} at (0,0) size 0x0
layer at (47,107) size 53x18
  RenderBlock {DIV} at (3,3) size 53.39x18
    RenderText {#text} at (0,0) size 44x18
      text run at (0,0) width 44: "world"
selection start: position 2 of child 0 {#text} of child 1 {SPAN} of child 5 {DIV} of body
selection end:   position 1 of child 2 {#text} of child 5 {DIV} of body
