EDITING DELEGATE: webViewDidChangeSelection:WebViewDidChangeSelectionNotification
EDITING DELEGATE: webViewDidChangeSelection:WebViewDidChangeSelectionNotification
EDITING DELEGATE: webViewDidChangeSelection:WebViewDidChangeSelectionNotification
EDITING DELEGATE: webViewDidChangeSelection:WebViewDidChangeSelectionNotification
EDITING DELEGATE: webViewDidChangeSelection:WebViewDidChangeSelectionNotification
EDITING DELEGATE: webViewDidChange:WebViewDidChangeNotification
layer at (0,0) size 800x600
  RenderView at (0,0) size 800x600
layer at (0,0) size 800x600
  RenderBlock {HTML} at (0,0) size 800x600
    RenderBody {BODY} at (8,8) size 784x576
      RenderBlock (anonymous) at (0,0) size 784x170
        RenderBR {BR} at (304,154) size 0x0
        RenderBR {BR} at (0,154) size 0x16
      RenderBlock {P} at (0,186) size 784x32
        RenderInline {B} at (0,0) size 674x16
          RenderText {#text} at (0,0) size 674x16
            text run at (0,0) width 498: "This test uses the eventSender to do a mouse click to focus the subframe. "
            text run at (497,0) width 177: "It won't run interactively."
        RenderText {#text} at (673,0) size 734x32
          text run at (673,0) width 5: " "
          text run at (677,0) width 57: "To run it"
          text run at (0,16) width 363: "manually, click on the iframe, Select All, then hit delete."
      RenderBlock (anonymous) at (0,234) size 784x48
        RenderText {#text} at (0,0) size 779x48
          text run at (0,0) width 779: "Selecting all the content in a contenteditable iframe should select the iframe itself (to help the user delete the iframe) only"
          text run at (0,16) width 237: "if the iframe is in an editable region. "
          text run at (236,16) width 439: "This test loads ../resources/select-all-iframe-src.html into an iframe. "
          text run at (674,16) width 100: "That file does a"
          text run at (0,32) width 131: "Select All + Delete. "
          text run at (130,32) width 175: "Two things should happen:"
      RenderBlock {UL} at (0,298) size 784x48
        RenderListItem {LI} at (40,0) size 744x32
          RenderListMarker at (-16,0) size 6x16: bullet
          RenderText {#text} at (0,0) size 689x32
            text run at (0,0) width 462: "The Select All operation should not select the iframe, only it's contents. "
            text run at (461,0) width 228: "The results of the Select All will be"
            text run at (0,16) width 518: "apparent from the delegate messages that DumpRenderTree receives and dumps."
        RenderListItem {LI} at (40,32) size 744x16
          RenderListMarker at (-16,0) size 6x16: bullet
          RenderText {#text} at (0,0) size 344x16
            text run at (0,0) width 344: "The contents of the editable iframe should be deleted."
layer at (8,8) size 304x154
  RenderPartObject {IFRAME} at (0,0) size 304x154 [border: (2px inset #EEEEEE)]
    layer at (0,0) size 300x150
      RenderView at (0,0) size 300x150
    layer at (0,0) size 300x150
      RenderBlock {HTML} at (0,0) size 300x150
        RenderBody {BODY} at (8,8) size 284x134 [bgcolor=#FFFFE0]
          RenderBlock {DIV} at (0,0) size 284x16
            RenderBR {BR} at (0,0) size 0x16
