EDITING DELEGATE: webViewDidChangeSelection:WebViewDidChangeSelectionNotification
EDITING DELEGATE: webViewDidChangeSelection:WebViewDidChangeSelectionNotification
layer at (0,0) size 820x900
  RenderView at (0,0) size 800x600
layer at (0,0) size 800x900
  RenderBlock {HTML} at (0,0) size 800x900
    RenderBody {BODY} at (8,64) size 784x772
      RenderBlock {DIV} at (64,0) size 748x772 [border: (50px solid #FF0000)]
        RenderBlock {DIV} at (74,74) size 600x624
          RenderText {#text} at (0,12) size 582x120
            text run at (0,12) width 550: "Four score and seven years ago our fathers brought forth,"
            text run at (549,12) width 7: " "
            text run at (0,60) width 576: "upon this continent, a new nation, conceived in Liberty, and"
            text run at (575,60) width 7: " "
            text run at (0,108) width 393: "dedicated to the proposition that all men "
          RenderBR {BR} at (0,0) size 0x0
          RenderText {#text} at (0,156) size 584x120
            text run at (0,156) width 569: "are created equal. Now we are engaged in a great civil war,"
            text run at (568,156) width 7: " "
            text run at (0,204) width 578: "testing whether that nation, or any nation, so conceived, and"
            text run at (577,204) width 7: " "
            text run at (0,252) width 562: "so dedicated, can long endure. We are met here on a great "
          RenderBR {BR} at (561,270) size 1x0
          RenderText {#text} at (0,300) size 597x168
            text run at (0,300) width 591: "battlefield of that war. We have come to dedicate a portion of"
            text run at (590,300) width 7: " "
            text run at (0,348) width 572: "it as a final resting place for those who here gave their lives"
            text run at (571,348) width 7: " "
            text run at (0,396) width 573: "that that nation might live. It is altogether fitting and proper"
            text run at (572,396) width 7: " "
            text run at (0,444) width 223: "that we should do this. "
          RenderBR {BR} at (222,462) size 1x0
          RenderText {#text} at (0,492) size 582x120
            text run at (0,492) width 550: "Four score and seven years ago our fathers brought forth,"
            text run at (549,492) width 7: " "
            text run at (0,540) width 576: "upon this continent, a new nation, conceived in Liberty, and"
            text run at (575,540) width 7: " "
            text run at (0,588) width 562: "dedicated to the proposition that all men are created equal."
selection start: position 1 of child 0 {#text} of child 1 {DIV} of child 1 {DIV} of body
selection end:   position 180 of child 6 {#text} of child 1 {DIV} of child 1 {DIV} of body
