EDITING DELEGATE: webViewDidChangeSelection:WebViewDidChangeSelectionNotification
EDITING DELEGATE: webViewDidChangeSelection:WebViewDidChangeSelectionNotification
layer at (0,0) size 820x900
  RenderView at (0,0) size 800x600
layer at (0,0) size 800x900
  RenderBlock {HTML} at (0,0) size 800x900
    RenderBody {BODY} at (8,64) size 784x772
      RenderBlock {DIV} at (64,0) size 748x772 [border: (50px solid #FF0000)]
        RenderBlock {DIV} at (74,74) size 600x624
          RenderText {#text} at (0,12) size 598x600
            text run at (0,12) width 550: "Four score and seven years ago our fathers brought forth,"
            text run at (549,12) width 7: " "
            text run at (0,60) width 576: "upon this continent, a new nation, conceived in Liberty, and"
            text run at (575,60) width 7: " "
            text run at (0,108) width 562: "dedicated to the proposition that all men are created equal."
            text run at (561,108) width 7: " "
            text run at (0,156) width 590: "Now we are engaged in a great civil war, testing whether that"
            text run at (589,156) width 7: " "
            text run at (0,204) width 553: "nation, or any nation, so conceived, and so dedicated, can"
            text run at (552,204) width 7: " "
            text run at (0,252) width 556: "long endure. We are met here on a great battlefield of that"
            text run at (555,252) width 7: " "
            text run at (0,300) width 532: "war. We have come to dedicate a portion of it as a final"
            text run at (531,300) width 7: " "
            text run at (0,348) width 544: "resting place for those who here gave their lives that that"
            text run at (543,348) width 7: " "
            text run at (0,396) width 565: "nation might live. It is altogether fitting and proper that we"
            text run at (564,396) width 7: " "
            text run at (0,444) width 557: "should do this. Four score and seven years ago our fathers"
            text run at (556,444) width 7: " "
            text run at (0,492) width 592: "brought forth, upon this continent, a new nation, conceived in"
            text run at (591,492) width 7: " "
            text run at (0,540) width 546: "Liberty, and dedicated to the proposition that all men are"
            text run at (545,540) width 7: " "
            text run at (0,588) width 134: "created equal."
selection start: position 1 of child 0 {#text} of child 1 {DIV} of child 1 {DIV} of body
selection end:   position 737 of child 0 {#text} of child 1 {DIV} of child 1 {DIV} of body
