EDITING DELEGATE: webViewDidChangeSelection:WebViewDidChangeSelectionNotification
layer at (0,0) size 800x600
  RenderView at (0,0) size 800x600
layer at (0,0) size 800x600
  RenderBlock {HTML} at (0,0) size 800x600
    RenderBody {BODY} at (8,8) size 784x584
      RenderBlock {P} at (0,0) size 784x16
        RenderText {#text} at (0,0) size 391x16
          text run at (0,0) width 391: "This tests the caret position for the caret before a block table."
      RenderBlock {DIV} at (0,32) size 784x102
        RenderBlock (anonymous) at (0,0) size 784x16
          RenderText {#text} at (0,0) size 22x16
            text run at (0,0) width 22: "foo"
        RenderTable {TABLE} at (0,16) size 53x70 [border: (1px solid #999999)]
          RenderTableSection {TBODY} at (1,1) size 51x68
            RenderTableRow {TR} at (0,2) size 51x20
              RenderTableCell {TD} at (2,2) size 47x20 [border: (1px solid #999999)] [r=0 c=0 rs=1 cs=1]
                RenderText {#text} at (2,2) size 24x16
                  text run at (2,2) width 24: "this"
            RenderTableRow {TR} at (0,24) size 51x20
              RenderTableCell {TD} at (2,24) size 47x20 [border: (1px solid #999999)] [r=1 c=0 rs=1 cs=1]
                RenderText {#text} at (2,2) size 11x16
                  text run at (2,2) width 11: "is"
            RenderTableRow {TR} at (0,46) size 51x20
              RenderTableCell {TD} at (2,46) size 47x20 [border: (1px solid #999999)] [r=2 c=0 rs=1 cs=1]
                RenderText {#text} at (2,2) size 43x16
                  text run at (2,2) width 43: "a table"
        RenderBlock (anonymous) at (0,86) size 784x16
          RenderText {#text} at (0,0) size 23x16
            text run at (0,0) width 23: "baz"
caret: position 0 of child 1 {TABLE} of child 2 {DIV} of body
