EDITING DELEGATE: webViewDidChangeSelection:WebViewDidChangeSelectionNotification
EDITING DELEGATE: webViewDidChangeSelection:WebViewDidChangeSelectionNotification
layer at (0,0) size 800x600
  RenderView at (0,0) size 800x600
layer at (0,0) size 800x600
  RenderBlock {HTML} at (0,0) size 800x600
    RenderBody {BODY} at (8,8) size 784x584
      RenderBlock {P} at (0,0) size 784x16
        RenderText {#text} at (0,0) size 692x16
          text run at (0,0) width 388: "This tests modifying a selection created with a double click. "
          text run at (387,0) width 305: "The new selection should use word granularity."
      RenderBlock {P} at (0,32) size 784x32 [color=#008000]
        RenderText {#text} at (0,0) size 775x32
          text run at (0,0) width 230: "This test does not run interactively. "
          text run at (229,0) width 360: "It uses the testRunners eventSender to do mouse clicks. "
          text run at (588,0) width 163: "To run it manually, triple"
          text run at (0,16) width 494: "click on the second line in the box below (anywhere after \"whitespace:pre\"). "
          text run at (493,16) width 282: "The triple click should select the entire line."
      RenderBlock {DIV} at (0,80) size 784x54
        RenderBlock {DIV} at (0,0) size 784x54 [border: (1px solid #0000FF)]
          RenderBlock {PRE} at (1,14) size 782x26
            RenderText {#text} at (0,0) size 118x26
              text run at (0,0) width 118: "this text is in"
              text run at (117,0) width 1: " "
              text run at (0,13) width 110: "whitespace:pre"
selection start: position 16 of child 0 {#text} of child 1 {PRE} of child 1 {DIV} of child 5 {DIV} of body
selection end:   position 30 of child 0 {#text} of child 1 {PRE} of child 1 {DIV} of child 5 {DIV} of body
