EDITING DELEGATE: webViewDidChangeSelection:WebViewDidChangeSelectionNotification
EDITING DELEGATE: webViewDidChangeSelection:WebViewDidChangeSelectionNotification
EDITING DELEGATE: webViewDidChangeSelection:WebViewDidChangeSelectionNotification
layer at (0,0) size 820x600
  RenderView at (0,0) size 800x600
layer at (0,0) size 800x600
  RenderBlock {HTML} at (0,0) size 800x600
    RenderBody {BODY} at (8,64) size 784x472
      RenderBlock {DIV} at (64,0) size 748x196 [border: (50px solid #FF0000)]
        RenderInline {SPAN} at (0,0) size 32x24
          RenderText {#text} at (74,86) size 32x24
            text run at (74,86) width 32: "foo"
        RenderText {#text} at (105,86) size 41x24
          text run at (105,86) width 41: " baz"
caret: position 3 of child 0 {#text} of child 1 {SPAN} of child 1 {DIV} of body
