layer at (0,0) size 800x600
  RenderView at (0,0) size 800x600
layer at (0,0) size 800x200
  RenderBlock {HTML} at (0,0) size 800x199.72
    RenderBody {BODY} at (8,16) size 784x170.72
      RenderBlock {P} at (0,0) size 784x16
        RenderText {#text} at (0,0) size 399x16
          text run at (0,0) width 399: "This tests horizontal caret movement in vertical writing mode."
      RenderBlock {DIV} at (0,32) size 88x138.72
        RenderBlock {P} at (20,0) size 48x138.72
          RenderText {#text} at (4,42) size 20x97
            text run at (4,42) width 97 RTL: "\x{5D0}\x{5E0}\x{5D9} \x{5D7}\x{5EA}\x{5D5}\x{5DC}."
          RenderBR {BR} at (4,42) size 20x1
          RenderText {#text} at (28,31) size 20x108
            text run at (28,31) width 107 RTL: "\x{5D0}\x{5D9}\x{5DF} \x{5DC}\x{5D9} \x{5E9}\x{5DD}."
      RenderBlock {PRE} at (0,183.72) size 784x0
selection start: position 5 of child 0 {#text} of child 1 {P} of child 3 {DIV} of body
selection end:   position 6 of child 2 {#text} of child 1 {P} of child 3 {DIV} of body
