layer at (0,0) size 800x600
  RenderView at (0,0) size 800x600
layer at (0,0) size 800x290
  RenderBlock {HTML} at (0,0) size 800x290.25
    RenderBody {BODY} at (8,16) size 784x261.25
      RenderBlock {P} at (0,0) size 784x24
        RenderText {#text} at (0,6) size 702x16
          text run at (0,6) width 702: "This tests horizontal caret movement in vertical writing mode. \"\x{3042}\x{308B}\x{3002}\" and \"\x{540D}\x{524D}\x{306F}\x{307E}\x{3060}\" must be selected."
      RenderBlock {DIV} at (0,40) size 80x221.25
        RenderBlock {P} at (16,0) size 48x221.25
          RenderText {#text} at (4,0) size 16x128
            text run at (4,0) width 128: "\x{543E}\x{8F29}\x{306F}\x{732B}\x{3067}\x{3042}\x{308B}\x{3002}"
          RenderBR {BR} at (4,128) size 16x0
          RenderText {#text} at (28,0) size 16x128
            text run at (28,0) width 128: "\x{540D}\x{524D}\x{306F}\x{307E}\x{3060}\x{7121}\x{3044}\x{3002}"
      RenderBlock {PRE} at (0,274.25) size 784x0
selection start: position 5 of child 0 {#text} of child 1 {P} of child 3 {DIV} of body
selection end:   position 5 of child 2 {#text} of child 1 {P} of child 3 {DIV} of body
