layer at (0,0) size 800x600
  RenderView at (0,0) size 800x600
layer at (0,0) size 800x436
  RenderBlock {HTML} at (0,0) size 800x435.78
    RenderBody {BODY} at (8,16) size 784x411.78
      RenderBlock {P} at (0,0) size 784x18
        RenderText {#text} at (0,0) size 310x17
          text run at (0,0) width 310: "Test passes if there is no red visible on the page."
      RenderBlock {DIV} at (0,34) size 378.39x378.39 [border: (25px double #000000)]
      RenderBlock {DIV} at (0,33.39) size 378.39x378.39 [border: (25px double #000000)]
