layer at (0,0) size 800x600
  RenderView at (0,0) size 800x600
layer at (0,0) size 800x600
  RenderBlock {HTML} at (0,0) size 800x600
    RenderBody {BODY} at (8,8) size 784x576
      RenderBlock (anonymous) at (0,0) size 784x32
        RenderText {#text} at (0,0) size 782x32
          text run at (0,0) width 782: "This tests whether alt text is shown for image elements with no src attribute. You should see \"Success\" twice, followed by"
          text run at (0,16) width 106: "a blue rectangle."
      RenderBlock {P} at (0,48) size 784x97
        RenderImage {IMG} at (0,0) size 55x20
        RenderBR {BR} at (55,20) size 0x0
        RenderImage {IMG} at (0,20) size 102x52 [border: (1px solid #000000)]
        RenderBR {BR} at (102,72) size 0x0
        RenderImage {IMG} at (0,72) size 75x25
        RenderBR {BR} at (75,97) size 0x0
