layer at (0,0) size 800x600
  RenderView at (0,0) size 800x600
layer at (722,0) size 78x600
  RenderBlock {HTML} at (0,0) size 78x600
    RenderBody {BODY} at (8,8) size 62x584
layer at (730,8) size 62x314
  RenderBlock (relative positioned) {DIV} at (0,0) size 62x314 [bgcolor=#FF0000] [border: (2px solid #000000)]
layer at (732,10) size 58x310
  RenderImage {IMG} at (2,2) size 58x310
layer at (753,15) size 16x300
  RenderBlock (relative positioned) zI: 1 {P} at (23,7) size 16x300
    RenderText zI: 1 {#text} at (0,35) size 16x230
      text run at (0,35) width 229: "There should be no red on this page"
