layer at (0,0) size 800x600
  RenderView at (0,0) size 800x600
layer at (0,0) size 800x600
  RenderBlock {HTML} at (0,0) size 800x600
    RenderBody {BODY} at (8,8) size 784x584
      RenderBlock {FORM} at (0,0) size 784x22
        RenderMenuList {SELECT} at (0,1) size 91x20 [bgcolor=#C0C0C0] [border: (1px solid #A9A9A9)]
          RenderBlock (anonymous) at (1,1) size 89x18
            RenderText at (4,1) size 66x16
              text run at (4,1) width 66: "append cell"
        RenderText {#text} at (91,1) size 51x19
          text run at (91,1) width 51: "   tbody "
        RenderTextControl {INPUT} at (142,0) size 63x22 [bgcolor=#FFFFFF] [border: (2px inset #EEEEEE)]
        RenderText {#text} at (205,1) size 40x19
          text run at (205,1) width 40: "   row "
        RenderTextControl {INPUT} at (245,0) size 63x22 [bgcolor=#FFFFFF] [border: (2px inset #EEEEEE)]
        RenderText {#text} at (308,1) size 34x19
          text run at (308,1) width 34: "   col "
        RenderTextControl {INPUT} at (342,0) size 63x22 [bgcolor=#FFFFFF] [border: (2px inset #EEEEEE)]
        RenderText {#text} at (405,1) size 72x19
          text run at (405,1) width 72: "   row span "
        RenderTextControl {INPUT} at (477,0) size 63x22 [bgcolor=#FFFFFF] [border: (2px inset #EEEEEE)]
        RenderText {#text} at (540,1) size 66x19
          text run at (540,1) width 66: "   col span "
        RenderTextControl {INPUT} at (606,0) size 63x22 [bgcolor=#FFFFFF] [border: (2px inset #EEEEEE)]
        RenderText {#text} at (669,1) size 20x19
          text run at (669,1) width 20: "     "
        RenderButton {INPUT} at (689,0) size 43x22 [bgcolor=#C0C0C0] [border: (2px outset #C0C0C0)]
          RenderBlock (anonymous) at (8,3) size 27x16
            RenderText {#text} at (0,0) size 27x16
              text run at (0,0) width 27: "Do It"
        RenderText {#text} at (0,0) size 0x0
      RenderBlock (anonymous) at (0,38) size 784x20
        RenderBR {BR} at (0,0) size 0x19
      RenderTable {TABLE} at (0,58) size 62x56 [bgcolor=#FFA500] [border: (1px outset #808080)]
        RenderTableSection {TBODY} at (1,1) size 60x54
          RenderTableRow {TR} at (0,2) size 60x24
            RenderTableCell {TD} at (2,2) size 27x24 [border: (1px inset #808080)] [r=0 c=0 rs=1 cs=1]
              RenderText {#text} at (2,2) size 23x19
                text run at (2,2) width 23: "c11"
          RenderTableRow {TR} at (0,28) size 60x24
            RenderTableCell {TD} at (2,28) size 27x24 [border: (1px inset #808080)] [r=1 c=0 rs=1 cs=1]
              RenderText {#text} at (2,2) size 23x19
                text run at (2,2) width 23: "c21"
            RenderTableCell {TD} at (31,28) size 27x24 [border: (1px inset #808080)] [r=1 c=1 rs=1 cs=1]
              RenderText {#text} at (2,2) size 23x19
                text run at (2,2) width 23: "c22"
      RenderBlock (anonymous) at (0,114) size 784x20
        RenderBR {BR} at (0,0) size 0x19
layer at (152,11) size 59x16
  RenderBlock {DIV} at (2,3) size 59x16
    RenderText {#text} at (0,0) size 7x16
      text run at (0,0) width 7: "0"
layer at (255,11) size 59x16
  RenderBlock {DIV} at (2,3) size 59x16
    RenderText {#text} at (0,0) size 7x16
      text run at (0,0) width 7: "0"
layer at (352,11) size 59x16
  RenderBlock {DIV} at (2,3) size 59x16
    RenderText {#text} at (0,0) size 7x16
      text run at (0,0) width 7: "0"
layer at (487,11) size 59x16
  RenderBlock {DIV} at (2,3) size 59x16
    RenderText {#text} at (0,0) size 7x16
      text run at (0,0) width 7: "1"
layer at (616,11) size 59x16
  RenderBlock {DIV} at (2,3) size 59x16
    RenderText {#text} at (0,0) size 7x16
      text run at (0,0) width 7: "1"
