EDITING DELEGATE: webViewDidChangeSelection:WebViewDidChangeSelectionNotification
EDITING DELEGATE: webViewDidChangeSelection:WebViewDidChangeSelectionNotification
EDITING DELEGATE: webViewDidChange:WebViewDidChangeNotification
layer at (0,0) size 800x600
  RenderView at (0,0) size 800x600
layer at (0,0) size 800x600
  RenderBlock {HTML} at (0,0) size 800x600
    RenderBody {BODY} at (8,8) size 784x576
      RenderBlock {P} at (0,0) size 784x36
        RenderText {#text} at (0,0) size 526x17
          text run at (0,0) width 526: "This test pushes a horizontal rule into an unordered list with InsertUnorderedList. "
        RenderInline {B} at (0,0) size 766x35
          RenderText {#text} at (525,0) size 766x35
            text run at (525,0) width 241: "This demonstrates what might be a"
            text run at (0,18) width 32: "bug:"
        RenderText {#text} at (31,18) size 433x17
          text run at (31,18) width 433: " the horizontal rule appears before the list marker in the render tree."
      RenderBlock {DIV} at (0,52) size 784x28
        RenderBlock {UL} at (0,0) size 784x28
          RenderListItem {LI} at (40,0) size 744x28
            RenderBlock {HR} at (0,0) size 744x2 [border: (1px inset #EEEEEE)]
            RenderBlock (anonymous) at (0,10) size 744x18
              RenderListMarker at (-17,0) size 7x17: bullet
caret: position 0 of child 0 {HR} of child 0 {LI} of child 0 {UL} of child 2 {DIV} of body
