EDITING DELEGATE: webViewDidChangeSelection:WebViewDidChangeSelectionNotification
EDITING DELEGATE: webViewDidChangeSelection:WebViewDidChangeSelectionNotification
EDITING DELEGATE: webViewDidChange:WebViewDidChangeNotification
layer at (0,0) size 800x600
  RenderView at (0,0) size 800x600
layer at (0,0) size 800x600
  RenderBlock {HTML} at (0,0) size 800x600
    RenderBody {BODY} at (8,8) size 784x584
      RenderBlock {P} at (0,0) size 784x18
        RenderText {#text} at (0,0) size 541x17
          text run at (0,0) width 286: "This tests the NSResponder method indent:. "
          text run at (285,0) width 256: "You should see an indented 'foo' below."
      RenderBlock {DIV} at (0,34) size 784x18
        RenderBlock {BLOCKQUOTE} at (40,0) size 744x18
          RenderText {#text} at (0,0) size 22x17
            text run at (0,0) width 22: "foo"
caret: position 0 of child 0 {#text} of child 0 {BLOCKQUOTE} of child 2 {DIV} of body
