layer at (0,0) size 800x600
  RenderView at (0,0) size 800x600
layer at (0,0) size 800x116
  RenderBlock {HTML} at (0,0) size 800x116
    RenderBody {BODY} at (0,16) size 800x80
      RenderBlock {P} at (0,0) size 800x40
        RenderText {#text} at (0,0) size 792x39
          text run at (0,0) width 792: "When a block element becomes a float we should not strip anonymous blocks wrapping its inline siblings if there are other blocks on"
          text run at (0,20) width 22: "the "
          text run at (22,20) width 549: "line. In this test case, the block is wrapped in an anonymous block as part of a continuation."
layer at (0,76) size 800x20
  RenderBlock (relative positioned) {DIV} at (0,60) size 800x20 [bgcolor=#CCCCCC]
    RenderBlock (anonymous) at (0,0) size 800x0
      RenderInline {SPAN} at (0,0) size 0x0
        RenderText {#text} at (0,0) size 0x0
    RenderBlock (anonymous) at (0,0) size 800x20
      RenderBlock {P} at (0,0) size 800x20
        RenderText {#text} at (0,0) size 80x20
          text run at (0,0) width 80: "Text"
    RenderBlock (anonymous) at (0,40) size 800x0
      RenderInline {SPAN} at (0,0) size 0x0
      RenderText {#text} at (0,0) size 0x0
    RenderBlock (floating) {DD} at (800,40) size 0x0
