layer at (0,0) size 800x600
  RenderView at (0,0) size 800x600
layer at (0,0) size 800x96
  RenderBlock {HTML} at (0,0) size 800x96
    RenderBody {BODY} at (0,16) size 800x80
      RenderBlock {P} at (0,0) size 800x40
        RenderText {#text} at (0,0) size 792x39
          text run at (0,0) width 792: "When a block element becomes a float we should not strip anonymous blocks wrapping its inline siblings if there are other blocks on"
          text run at (0,20) width 46: "the line."
layer at (0,76) size 800x20
  RenderBlock (relative positioned) {DIV} at (0,60) size 800x20 [bgcolor=#CCCCCC]
    RenderBlock (anonymous) at (0,0) size 800x0
      RenderInline {STRONG} at (0,0) size 0x0
      RenderText {#text} at (0,0) size 0x0
    RenderBlock {P} at (0,0) size 800x0
    RenderBlock (floating) {DD} at (800,0) size 0x0
    RenderBlock (anonymous) at (0,0) size 800x20
      RenderBR {BR} at (0,0) size 0x20
