layer at (0,0) size 800x600
  RenderView at (0,0) size 800x600
layer at (0,0) size 800x600
  RenderBlock {HTML} at (0,0) size 800x600
    RenderBody {BODY} at (8,8) size 784x576
      RenderBlock {CENTER} at (0,0) size 784x124
        RenderTable {TABLE} at (339,0) size 106x72
          RenderTableSection {THEAD} at (0,0) size 106x18
            RenderTableRow {TR} at (0,0) size 106x18
              RenderTableCell {TD} at (0,0) size 35x18 [r=0 c=0 rs=1 cs=1]
                RenderText {#text} at (1,1) size 29x16
                  text run at (1,1) width 29: "EST"
              RenderTableCell {TD} at (35,0) size 31x18 [border: none none none (1px solid #808080)] [r=0 c=1 rs=1 cs=1]
                RenderText {#text} at (2,1) size 28x16
                  text run at (2,1) width 28: "1am"
              RenderTableCell {TD} at (66,0) size 40x18 [border: none none none (1px solid #808080)] [r=0 c=2 rs=1 cs=1]
                RenderText {#text} at (2,1) size 29x16
                  text run at (2,1) width 29: "8pm"
          RenderTableSection {TBODY} at (0,18) size 106x36
            RenderTableRow {TR} at (0,0) size 106x18
              RenderTableCell {TD} at (0,0) size 35x18 [r=0 c=0 rs=1 cs=1]
                RenderText {#text} at (1,1) size 30x16
                  text run at (1,1) width 30: "CST"
              RenderTableCell {TD} at (35,0) size 31x18 [border: none none none (1px solid #808080)] [r=0 c=1 rs=1 cs=1]
                RenderText {#text} at (2,1) size 28x16
                  text run at (2,1) width 28: "2am"
              RenderTableCell {TD} at (66,0) size 40x18 [border: none none none (1px solid #808080)] [r=0 c=2 rs=1 cs=1]
                RenderText {#text} at (2,1) size 29x16
                  text run at (2,1) width 29: "9pm"
            RenderTableRow {TR} at (0,18) size 106x18
              RenderTableCell {TD} at (0,18) size 35x18 [r=1 c=0 rs=1 cs=1]
                RenderText {#text} at (1,1) size 33x16
                  text run at (1,1) width 33: "MST"
              RenderTableCell {TD} at (35,18) size 31x18 [border: none none none (1px solid #808080)] [r=1 c=1 rs=1 cs=1]
                RenderText {#text} at (2,1) size 28x16
                  text run at (2,1) width 28: "3am"
              RenderTableCell {TD} at (66,18) size 40x18 [border: none none none (1px solid #808080)] [r=1 c=2 rs=1 cs=1]
                RenderText {#text} at (2,1) size 37x16
                  text run at (2,1) width 37: "10pm"
          RenderTableSection {TFOOT} at (0,54) size 106x18
            RenderTableRow {TR} at (0,0) size 106x18
              RenderTableCell {TD} at (0,0) size 35x18 [r=0 c=0 rs=1 cs=1]
                RenderText {#text} at (1,1) size 28x16
                  text run at (1,1) width 28: "PST"
              RenderTableCell {TD} at (35,0) size 31x18 [border: none none none (1px solid #808080)] [r=0 c=1 rs=1 cs=1]
                RenderText {#text} at (2,1) size 28x16
                  text run at (2,1) width 28: "4am"
              RenderTableCell {TD} at (66,0) size 40x18 [border: none none none (1px solid #808080)] [r=0 c=2 rs=1 cs=1]
                RenderText {#text} at (2,1) size 37x16
                  text run at (2,1) width 37: "11pm"
        RenderBlock {P} at (0,88) size 784x36
          RenderButton {BUTTON} at (268.19,0) size 75.72x18 [bgcolor=#C0C0C0] [border: none (2px outset #C0C0C0) none (2px outset #C0C0C0)]
            RenderBlock (anonymous) at (8,2) size 59.72x13
              RenderText {#text} at (0,0) size 60x13
                text run at (0,0) width 19: "No "
                text run at (18,0) width 42: "borders"
          RenderButton {BUTTON} at (343.91,0) size 97.11x18 [bgcolor=#C0C0C0] [border: none (2px outset #C0C0C0) none (2px outset #C0C0C0)]
            RenderBlock (anonymous) at (8,2) size 81.11x13
              RenderText {#text} at (0,0) size 82x13
                text run at (0,0) width 46: "Exterior "
                text run at (45,0) width 37: "border"
          RenderButton {BUTTON} at (441.02,0) size 74.78x18 [bgcolor=#C0C0C0] [border: none (2px outset #C0C0C0) none (2px outset #C0C0C0)]
            RenderBlock (anonymous) at (8,2) size 58.78x13
              RenderText {#text} at (0,0) size 59x13
                text run at (0,0) width 18: "All "
                text run at (17,0) width 42: "borders"
          RenderBR {BR} at (515,13) size 1x0
          RenderButton {BUTTON} at (234.50,18) size 102.30x18 [bgcolor=#C0C0C0] [border: none (2px outset #C0C0C0) none (2px outset #C0C0C0)]
            RenderBlock (anonymous) at (8,2) size 86.30x13
              RenderText {#text} at (0,0) size 87x13
                text run at (0,0) width 45: "Column "
                text run at (44,0) width 43: "borders"
          RenderButton {BUTTON} at (336.80,18) size 99.39x18 [bgcolor=#C0C0C0] [border: none (2px outset #C0C0C0) none (2px outset #C0C0C0)]
            RenderBlock (anonymous) at (8,2) size 83.39x13
              RenderText {#text} at (0,0) size 84x13
                text run at (0,0) width 43: "Groups "
                text run at (42,0) width 42: "borders"
          RenderButton {BUTTON} at (436.19,18) size 113.31x18 [bgcolor=#C0C0C0] [border: none (2px outset #C0C0C0) none (2px outset #C0C0C0)]
            RenderBlock (anonymous) at (8,2) size 97.31x13
              RenderText {#text} at (0,0) size 98x13
                text run at (0,0) width 33: "Table "
                text run at (32,0) width 66: "row borders"
          RenderText {#text} at (0,0) size 0x0
