layer at (0,0) size 785x794
  RenderView at (0,0) size 785x600
layer at (0,0) size 785x600
  RenderBlock {HTML} at (0,0) size 785x600
    RenderBody {BODY} at (0,0) size 785x600 [border: (1px solid #000000)]
      RenderBlock {DIV} at (21,21) size 402x402 [border: (1px solid #000000)]
      RenderText {#text} at (0,0) size 0x0
      RenderText {#text} at (0,0) size 0x0
      RenderText {#text} at (0,0) size 0x0
layer at (42,42) size 340x340
  RenderBlock {DIV} at (21,21) size 340x340 [bgcolor=#DDDDDD] [border: (1px solid #000000)]
layer at (63,63) size 300x300
  RenderBlock {DIV} at (21,21) size 300x300 [bgcolor=#81AA8A] [border: (1px solid #000000)]
layer at (104,104) size 300x300
  RenderBlock {DIV} at (41,41) size 300x300 [border: (1px solid #000000)]
layer at (145,145) size 300x300
  RenderBlock {DIV} at (41,41) size 300x300 [bgcolor=#AA7994] [border: (1px solid #000000)]
layer at (186,186) size 300x300
  RenderBlock {DIV} at (41,41) size 300x300 [border: (1px solid #000000)]
layer at (227,227) size 300x300
  RenderBlock {DIV} at (41,41) size 300x300 [bgcolor=#81AA8A] [border: (1px solid #000000)]
layer at (268,268) size 300x300
  RenderBlock {DIV} at (41,41) size 300x300 [border: (1px solid #000000)]
    RenderBlock {DIV} at (61,61) size 90x90 [bgcolor=#0000FF]
layer at (30,650) size 351x144
  RenderBlock (positioned) {DIV} at (30,650) size 351.08x144
    RenderInline {SPAN} at (0,0) size 304x17 [color=#008000]
      RenderText {#text} at (0,0) size 304x17
        text run at (0,0) width 304: "PASS: event at (45, 45) hit box1 at offset (3, 3)"
    RenderBR {BR} at (303,14) size 1x0
    RenderInline {SPAN} at (0,0) size 304x17 [color=#008000]
      RenderText {#text} at (0,18) size 304x17
        text run at (0,18) width 304: "PASS: event at (54, 44) hit box2 at offset (2, 2)"
    RenderBR {BR} at (303,32) size 1x0
    RenderInline {SPAN} at (0,0) size 312x17 [color=#008000]
      RenderText {#text} at (0,36) size 312x17
        text run at (0,36) width 312: "PASS: event at (104, 93) hit box3 at offset (2, 2)"
    RenderBR {BR} at (311,50) size 1x0
    RenderInline {SPAN} at (0,0) size 320x17 [color=#008000]
      RenderText {#text} at (0,54) size 320x17
        text run at (0,54) width 320: "PASS: event at (175, 137) hit box4 at offset (2, 2)"
    RenderBR {BR} at (319,68) size 1x0
    RenderInline {SPAN} at (0,0) size 336x17 [color=#008000]
      RenderText {#text} at (0,72) size 336x17
        text run at (0,72) width 336: "PASS: event at (167, 528) hit box4 at offset (2, 296)"
    RenderBR {BR} at (335,86) size 1x0
    RenderInline {SPAN} at (0,0) size 320x17 [color=#008000]
      RenderText {#text} at (0,90) size 320x17
        text run at (0,90) width 320: "PASS: event at (227, 197) hit box5 at offset (2, 2)"
    RenderBR {BR} at (319,104) size 1x0
    RenderInline {SPAN} at (0,0) size 352x17 [color=#008000]
      RenderText {#text} at (0,108) size 352x17
        text run at (0,108) width 352: "PASS: event at (539, 569) hit box7 at offset (296, 296)"
    RenderBR {BR} at (351,122) size 1x0
    RenderInline {SPAN} at (0,0) size 336x17 [color=#008000]
      RenderText {#text} at (0,126) size 336x17
        text run at (0,126) width 336: "PASS: event at (431, 441) hit box8 at offset (85, 85)"
    RenderBR {BR} at (335,140) size 1x0
