layer at (0,0) size 785x5259
  RenderView at (0,0) size 785x600
layer at (0,0) size 785x5259 layerType: background only
layer at (84,1471) size 200x200
  RenderBlock (positioned) zI: -3000000 {P} at (60,60) size 200x200 [color=#FFFFFF] [bgcolor=#990066]
    RenderText zI: -3000000 {#text} at (71,41) size 58x97
      text run at (71,41) width 58: "8"
layer at (34,1621) size 200x200
  RenderBlock (positioned) zI: -2000000 {P} at (10,210) size 200x200 [color=#FFFFFF] [bgcolor=#660099]
    RenderText zI: -2000000 {#text} at (71,41) size 58x97
      text run at (71,41) width 58: "7"
layer at (84,1771) size 200x200
  RenderBlock (positioned) zI: -1000000 {P} at (60,360) size 200x200 [color=#FFFFFF] [bgcolor=#0000FF]
    RenderText zI: -1000000 {#text} at (71,41) size 58x97
      text run at (71,41) width 58: "6"
layer at (84,2107) size 200x200
  RenderBlock (positioned) zI: -40 {P} at (60,60) size 200x200 [color=#FFFFFF] [bgcolor=#990066]
    RenderText zI: -40 {#text} at (71,41) size 58x97
      text run at (71,41) width 58: "8"
layer at (34,2257) size 200x200
  RenderBlock (positioned) zI: -30 {P} at (10,210) size 200x200 [color=#FFFFFF] [bgcolor=#660099]
    RenderText zI: -30 {#text} at (71,41) size 58x97
      text run at (71,41) width 58: "7"
layer at (84,835) size 200x200
  RenderBlock (positioned) zI: -3 {P} at (60,60) size 200x200 [color=#FFFFFF] [bgcolor=#990066]
    RenderText zI: -3 {#text} at (50,41) size 471x97
      text run at (50,41) width 471: " 8 hide me"
layer at (84,2743) size 200x200
  RenderBlock (positioned) zI: -3 {P} at (60,60) size 200x200 [color=#FFFFFF] [bgcolor=#990066]
    RenderText zI: -3 {#text} at (71,41) size 58x97
      text run at (71,41) width 58: "8"
layer at (34,2893) size 200x200
  RenderBlock (positioned) zI: -3 {P} at (10,210) size 200x200 [color=#FFFFFF] [bgcolor=#660099]
    RenderText zI: -3 {#text} at (71,41) size 58x97
      text run at (71,41) width 58: "7"
layer at (84,3379) size 200x200
  RenderBlock (positioned) zI: -3 {P} at (60,60) size 200x200 [color=#FFFFFF] [bgcolor=#990066]
    RenderText zI: -3 {#text} at (71,41) size 58x97
      text run at (71,41) width 58: "8"
layer at (84,4015) size 200x200
  RenderBlock (positioned) zI: -3 {P} at (60,60) size 200x200 [color=#FFFFFF] [bgcolor=#990066]
    RenderText zI: -3 {#text} at (71,41) size 58x97
      text run at (71,41) width 58: "8"
layer at (84,4683) size 200x200
  RenderBlock (positioned) zI: -3 {P} at (60,60) size 200x200 [color=#FFFFFF] [bgcolor=#990066]
    RenderText zI: -3 {#text} at (71,41) size 58x97
      text run at (71,41) width 58: "8"
layer at (34,985) size 200x200
  RenderBlock (positioned) zI: -2 {P} at (10,210) size 200x200 [color=#FFFFFF] [bgcolor=#660099]
    RenderText zI: -2 {#text} at (71,41) size 58x97
      text run at (71,41) width 58: "7"
layer at (84,2407) size 200x200
  RenderBlock (positioned) zI: -2 {P} at (60,360) size 200x200 [color=#FFFFFF] [bgcolor=#0000FF]
    RenderText zI: -2 {#text} at (71,41) size 58x97
      text run at (71,41) width 58: "6"
layer at (234,2457) size 200x200
  RenderBlock (positioned) zI: -2 {P} at (210,410) size 200x200 [color=#FFFFFF] [bgcolor=#009999]
    RenderText zI: -2 {#text} at (71,41) size 58x97
      text run at (71,41) width 58: "5"
layer at (34,3529) size 200x200
  RenderBlock (positioned) zI: -2 {P} at (10,210) size 200x200 [color=#FFFFFF] [bgcolor=#660099]
    RenderText zI: -2 {#text} at (71,41) size 58x97
      text run at (71,41) width 58: "7"
layer at (34,4165) size 200x200
  RenderBlock (positioned) zI: -2 {P} at (0,200) size 200x200 [color=#FFFFFF] [bgcolor=#660099]
    RenderText zI: -2 {#text} at (71,41) size 58x97
      text run at (71,41) width 58: "7"
layer at (34,4833) size 200x200
  RenderBlock (positioned) zI: -2 {P} at (0,200) size 200x200 [color=#FFFFFF] [bgcolor=#660099]
    RenderText zI: -2 {#text} at (71,41) size 58x97
      text run at (71,41) width 58: "7"
layer at (84,1135) size 200x200
  RenderBlock (positioned) zI: -1 {P} at (60,360) size 200x200 [color=#FFFFFF] [bgcolor=#0000FF]
    RenderText zI: -1 {#text} at (71,41) size 58x97
      text run at (71,41) width 58: "6"
layer at (84,4315) size 200x200
  RenderBlock (positioned) zI: -1 {P} at (60,360) size 200x200 [color=#FFFFFF] [bgcolor=#0000FF]
    RenderText zI: -1 {#text} at (71,41) size 58x97
      text run at (71,41) width 58: "6"
layer at (84,4983) size 200x200
  RenderBlock (positioned) zI: -1 {P} at (60,360) size 200x200 [color=#FFFFFF] [bgcolor=#0000FF]
    RenderText zI: -1 {#text} at (71,41) size 58x97
      text run at (71,41) width 58: "6"
layer at (0,0) size 785x5259 layerType: foreground only
  RenderBlock {HTML} at (0,0) size 785x5258.88
    RenderBody {BODY} at (8,21.44) size 769x5221.44
      RenderBlock {H1} at (0,0) size 769x32
        RenderText {#text} at (0,0) size 295x32
          text run at (0,0) width 295: "Layered Presentation"
      RenderBlock {P} at (0,53.44) size 769x16
        RenderText {#text} at (0,0) size 750x16
          text run at (0,0) width 407: "Robert O'Callahan pointed out to me some mistakes in this test "
          text run at (406,0) width 344: "that I have not yet had the time to examine or correct."
      RenderBlock {P} at (0,85.44) size 769x16
        RenderText {#text} at (0,0) size 472x16
          text run at (0,0) width 472: "In each of the following, 1 should be the top layer and 8 the bottom layer:"
      RenderBlock {P} at (0,4569.44) size 769x16
        RenderText {#text} at (0,0) size 357x16
          text run at (0,0) width 357: "Using assumed default value of z-index (may not pass):"
layer at (24,139) size 620x620
  RenderBlock (relative positioned) {DIV} at (16,117.44) size 620x620 [border: (10px solid #000000)]
layer at (84,199) size 200x200
  RenderBlock (positioned) {P} at (60,60) size 200x200 [color=#FFFFFF] [bgcolor=#990066]
    RenderText {#text} at (50,41) size 471x97
      text run at (50,41) width 471: " 8 hide me"
layer at (34,349) size 200x200
  RenderBlock (positioned) {P} at (10,210) size 200x200 [color=#FFFFFF] [bgcolor=#660099]
    RenderText {#text} at (71,41) size 58x97
      text run at (71,41) width 58: "7"
layer at (84,499) size 200x200
  RenderBlock (positioned) {P} at (60,360) size 200x200 [color=#FFFFFF] [bgcolor=#0000FF]
    RenderText {#text} at (71,41) size 58x97
      text run at (71,41) width 58: "6"
layer at (234,549) size 200x200
  RenderBlock (positioned) {P} at (210,410) size 200x200 [color=#FFFFFF] [bgcolor=#009999]
    RenderText {#text} at (71,41) size 58x97
      text run at (71,41) width 58: "5"
layer at (384,499) size 200x200
  RenderBlock (positioned) {P} at (360,360) size 200x200 [color=#FFFFFF] [bgcolor=#00CC00]
    RenderText {#text} at (71,41) size 58x97
      text run at (71,41) width 58: "4"
layer at (434,349) size 200x200
  RenderBlock (positioned) {P} at (410,210) size 200x200 [color=#FFFFFF] [bgcolor=#CCCC00]
    RenderText {#text} at (71,41) size 58x97
      text run at (71,41) width 58: "3"
layer at (384,199) size 200x200
  RenderBlock (positioned) {P} at (360,60) size 200x200 [color=#FFFFFF] [bgcolor=#FF9900]
    RenderText {#text} at (71,41) size 58x97
      text run at (71,41) width 58: "2"
layer at (234,149) size 200x200
  RenderBlock (positioned) {P} at (210,10) size 200x200 [color=#FFFFFF] [bgcolor=#FF0000]
    RenderText {#text} at (71,41) size 58x97
      text run at (71,41) width 58: "1"
layer at (24,775) size 620x620
  RenderBlock (relative positioned) {DIV} at (16,753.44) size 620x620 [border: (10px solid #000000)]
layer at (234,1185) size 200x200
  RenderBlock (positioned) {P} at (210,410) size 200x200 [color=#FFFFFF] [bgcolor=#009999]
    RenderText {#text} at (71,41) size 58x97
      text run at (71,41) width 58: "5"
layer at (24,1411) size 620x620
  RenderBlock (relative positioned) {DIV} at (16,1389.44) size 620x620 [border: (10px solid #000000)]
layer at (234,1821) size 200x200
  RenderBlock (positioned) {P} at (210,410) size 200x200 [color=#FFFFFF] [bgcolor=#009999]
    RenderText {#text} at (71,41) size 58x97
      text run at (71,41) width 58: "5"
layer at (24,2047) size 620x620
  RenderBlock (relative positioned) {DIV} at (16,2025.44) size 620x620 [border: (10px solid #000000)]
layer at (384,2407) size 200x200
  RenderBlock (positioned) {P} at (360,360) size 200x200 [color=#FFFFFF] [bgcolor=#00CC00]
    RenderText {#text} at (71,41) size 58x97
      text run at (71,41) width 58: "4"
layer at (434,2257) size 200x200
  RenderBlock (positioned) {P} at (410,210) size 200x200 [color=#FFFFFF] [bgcolor=#CCCC00]
    RenderText {#text} at (71,41) size 58x97
      text run at (71,41) width 58: "3"
layer at (24,2683) size 620x620
  RenderBlock (relative positioned) {DIV} at (16,2661.44) size 620x620 [border: (10px solid #000000)]
layer at (84,3043) size 200x200
  RenderBlock (positioned) {P} at (60,360) size 200x200 [color=#FFFFFF] [bgcolor=#0000FF]
    RenderText {#text} at (71,41) size 58x97
      text run at (71,41) width 58: "6"
layer at (234,3093) size 200x200
  RenderBlock (positioned) {P} at (210,410) size 200x200 [color=#FFFFFF] [bgcolor=#009999]
    RenderText {#text} at (71,41) size 58x97
      text run at (71,41) width 58: "5"
layer at (384,3043) size 200x200
  RenderBlock (positioned) {P} at (360,360) size 200x200 [color=#FFFFFF] [bgcolor=#00CC00]
    RenderText {#text} at (71,41) size 58x97
      text run at (71,41) width 58: "4"
layer at (24,3319) size 620x620
  RenderBlock (relative positioned) {DIV} at (16,3297.44) size 620x620 [border: (10px solid #000000)]
layer at (34,3329) size 600x600 layerType: background only
layer at (84,3679) size 200x200
  RenderBlock (positioned) zI: -9 {P} at (50,350) size 200x200 [color=#FFFFFF] [bgcolor=#0000FF]
    RenderText zI: -9 {#text} at (71,41) size 58x97
      text run at (71,41) width 58: "6"
layer at (34,3329) size 600x600 layerType: foreground only
  RenderBlock (positioned) {DIV} at (10,10) size 600x600
layer at (234,3729) size 200x200
  RenderBlock (positioned) {P} at (200,400) size 200x200 [color=#FFFFFF] [bgcolor=#009999]
    RenderText {#text} at (71,41) size 58x97
      text run at (71,41) width 58: "5"
layer at (384,3679) size 200x200
  RenderBlock (positioned) zI: 9 {P} at (350,350) size 200x200 [color=#FFFFFF] [bgcolor=#00CC00]
    RenderText zI: 9 {#text} at (71,41) size 58x97
      text run at (71,41) width 58: "4"
layer at (24,3955) size 620x620
  RenderBlock (relative positioned) {DIV} at (16,3933.44) size 620x620 [border: (10px solid #000000)]
layer at (34,3965) size 600x600
  RenderBlock (positioned) {DIV} at (10,10) size 600x600
layer at (234,4365) size 200x200
  RenderBlock (positioned) {P} at (210,410) size 200x200 [color=#FFFFFF] [bgcolor=#009999]
    RenderText {#text} at (71,41) size 58x97
      text run at (71,41) width 58: "5"
layer at (24,4623) size 620x620
  RenderBlock (relative positioned) {DIV} at (16,4601.44) size 620x620 [border: (10px solid #000000)]
layer at (34,4633) size 600x600
  RenderBlock (positioned) {DIV} at (10,10) size 600x600
layer at (234,5033) size 200x200
  RenderBlock (positioned) {P} at (210,410) size 200x200 [color=#FFFFFF] [bgcolor=#009999]
    RenderText {#text} at (71,41) size 58x97
      text run at (71,41) width 58: "5"
layer at (384,1135) size 200x200
  RenderBlock (positioned) zI: 1 {P} at (360,360) size 200x200 [color=#FFFFFF] [bgcolor=#00CC00]
    RenderText zI: 1 {#text} at (71,41) size 58x97
      text run at (71,41) width 58: "4"
layer at (384,4315) size 200x200
  RenderBlock (positioned) zI: 1 {P} at (350,350) size 200x200 [color=#FFFFFF] [bgcolor=#00CC00]
    RenderText zI: 1 {#text} at (71,41) size 58x97
      text run at (71,41) width 58: "4"
layer at (384,4983) size 200x200
  RenderBlock (positioned) zI: 1 {P} at (350,350) size 200x200 [color=#FFFFFF] [bgcolor=#00CC00]
    RenderText zI: 1 {#text} at (71,41) size 58x97
      text run at (71,41) width 58: "4"
layer at (434,985) size 200x200
  RenderBlock (positioned) zI: 2 {P} at (410,210) size 200x200 [color=#FFFFFF] [bgcolor=#CCCC00]
    RenderText zI: 2 {#text} at (71,41) size 58x97
      text run at (71,41) width 58: "3"
layer at (384,2107) size 200x200
  RenderBlock (positioned) zI: 2 {P} at (360,60) size 200x200 [color=#FFFFFF] [bgcolor=#FF9900]
    RenderText zI: 2 {#text} at (71,41) size 58x97
      text run at (71,41) width 58: "2"
layer at (434,3529) size 200x200
  RenderBlock (positioned) zI: 2 {P} at (410,210) size 200x200 [color=#FFFFFF] [bgcolor=#CCCC00]
    RenderText zI: 2 {#text} at (71,41) size 58x97
      text run at (71,41) width 58: "3"
layer at (434,4165) size 200x200
  RenderBlock (positioned) zI: 2 {P} at (410,210) size 200x200 [color=#FFFFFF] [bgcolor=#CCCC00]
    RenderText zI: 2 {#text} at (71,41) size 58x97
      text run at (71,41) width 58: "3"
layer at (434,4833) size 200x200
  RenderBlock (positioned) zI: 2 {P} at (410,210) size 200x200 [color=#FFFFFF] [bgcolor=#CCCC00]
    RenderText zI: 2 {#text} at (71,41) size 58x97
      text run at (71,41) width 58: "3"
layer at (384,835) size 200x200
  RenderBlock (positioned) zI: 3 {P} at (360,60) size 200x200 [color=#FFFFFF] [bgcolor=#FF9900]
    RenderText zI: 3 {#text} at (71,41) size 58x97
      text run at (71,41) width 58: "2"
layer at (234,2057) size 200x200
  RenderBlock (positioned) zI: 3 {P} at (210,10) size 200x200 [color=#FFFFFF] [bgcolor=#FF0000]
    RenderText zI: 3 {#text} at (71,41) size 58x97
      text run at (71,41) width 58: "1"
layer at (384,3379) size 200x200
  RenderBlock (positioned) zI: 3 {P} at (360,60) size 200x200 [color=#FFFFFF] [bgcolor=#FF9900]
    RenderText zI: 3 {#text} at (71,41) size 58x97
      text run at (71,41) width 58: "2"
layer at (384,4015) size 200x200
  RenderBlock (positioned) zI: 3 {P} at (350,50) size 200x200 [color=#FFFFFF] [bgcolor=#FF9900]
    RenderText zI: 3 {#text} at (71,41) size 58x97
      text run at (71,41) width 58: "2"
layer at (384,4683) size 200x200
  RenderBlock (positioned) zI: 3 {P} at (350,50) size 200x200 [color=#FFFFFF] [bgcolor=#FF9900]
    RenderText zI: 3 {#text} at (71,41) size 58x97
      text run at (71,41) width 58: "2"
layer at (234,785) size 200x200
  RenderBlock (positioned) zI: 4 {P} at (210,10) size 200x200 [color=#FFFFFF] [bgcolor=#FF0000]
    RenderText zI: 4 {#text} at (71,41) size 58x97
      text run at (71,41) width 58: "1"
layer at (434,2893) size 200x200
  RenderBlock (positioned) zI: 4 {P} at (410,210) size 200x200 [color=#FFFFFF] [bgcolor=#CCCC00]
    RenderText zI: 4 {#text} at (71,41) size 58x97
      text run at (71,41) width 58: "3"
layer at (384,2743) size 200x200
  RenderBlock (positioned) zI: 4 {P} at (360,60) size 200x200 [color=#FFFFFF] [bgcolor=#FF9900]
    RenderText zI: 4 {#text} at (71,41) size 58x97
      text run at (71,41) width 58: "2"
layer at (234,2693) size 200x200
  RenderBlock (positioned) zI: 4 {P} at (210,10) size 200x200 [color=#FFFFFF] [bgcolor=#FF0000]
    RenderText zI: 4 {#text} at (71,41) size 58x97
      text run at (71,41) width 58: "1"
layer at (234,3329) size 200x200
  RenderBlock (positioned) zI: 4 {P} at (210,10) size 200x200 [color=#FFFFFF] [bgcolor=#FF0000]
    RenderText zI: 4 {#text} at (71,41) size 58x97
      text run at (71,41) width 58: "1"
layer at (234,3965) size 200x200
  RenderBlock (positioned) zI: 4 {P} at (210,10) size 200x200 [color=#FFFFFF] [bgcolor=#FF0000]
    RenderText zI: 4 {#text} at (71,41) size 58x97
      text run at (71,41) width 58: "1"
layer at (234,4633) size 200x200
  RenderBlock (positioned) zI: 4 {P} at (210,10) size 200x200 [color=#FFFFFF] [bgcolor=#FF0000]
    RenderText zI: 4 {#text} at (71,41) size 58x97
      text run at (71,41) width 58: "1"
layer at (384,1771) size 200x200
  RenderBlock (positioned) zI: 1000000 {P} at (360,360) size 200x200 [color=#FFFFFF] [bgcolor=#00CC00]
    RenderText zI: 1000000 {#text} at (71,41) size 58x97
      text run at (71,41) width 58: "4"
layer at (434,1621) size 200x200
  RenderBlock (positioned) zI: 2000000 {P} at (410,210) size 200x200 [color=#FFFFFF] [bgcolor=#CCCC00]
    RenderText zI: 2000000 {#text} at (71,41) size 58x97
      text run at (71,41) width 58: "3"
layer at (384,1471) size 200x200
  RenderBlock (positioned) zI: 3000000 {P} at (360,60) size 200x200 [color=#FFFFFF] [bgcolor=#FF9900]
    RenderText zI: 3000000 {#text} at (71,41) size 58x97
      text run at (71,41) width 58: "2"
layer at (234,1421) size 200x200
  RenderBlock (positioned) zI: 4000000 {P} at (210,10) size 200x200 [color=#FFFFFF] [bgcolor=#FF0000]
    RenderText zI: 4000000 {#text} at (71,41) size 58x97
      text run at (71,41) width 58: "1"
