layer at (0,0) size 800x600
  RenderView at (0,0) size 800x600
layer at (0,0) size 800x600
  RenderBlock {HTML} at (0,0) size 800x600
    RenderBody {BODY} at (8,8) size 784x584
      RenderBlock {DIV} at (0,0) size 770x78 [bgcolor=#000000]
layer at (8,8) size 770x78
  RenderBlock (relative positioned) {DIV} at (0,0) size 770x78 [bgcolor=#FF0000]
    RenderTable {TABLE} at (0,0) size 98x62
      RenderTableSection {TBODY} at (0,0) size 98x62
        RenderTableRow {TR} at (0,2) size 98x18
          RenderTableCell {TD} at (2,2) size 94x18 [r=0 c=0 rs=1 cs=1]
            RenderText {#text} at (1,1) size 92x16
              text run at (1,1) width 92: "Some content."
        RenderTableRow {TR} at (0,22) size 98x18
          RenderTableCell {TD} at (2,22) size 94x18 [r=1 c=0 rs=1 cs=1]
            RenderText {#text} at (1,1) size 88x16
              text run at (1,1) width 88: "more content."
        RenderTableRow {TR} at (0,42) size 98x18
          RenderTableCell {TD} at (2,42) size 94x18 [r=2 c=0 rs=1 cs=1]
            RenderText {#text} at (1,1) size 72x16
              text run at (1,1) width 72: "even more."
    RenderBlock {DIV} at (0,62) size 770x16 [color=#FFFFFF] [bgcolor=#008000]
      RenderText {#text} at (0,0) size 155x16
        text run at (0,0) width 155: "Hello. Here I am below."
