layer at (0,0) size 785x1928
  RenderView at (0,0) size 785x600
layer at (0,0) size 785x600
  RenderBlock {HTML} at (0,0) size 785x600
    RenderBody {BODY} at (8,8) size 769x584
      RenderBlock (anonymous) at (0,0) size 769x16
        RenderText {#text} at (0,0) size 121x16
          text run at (0,0) width 121: "Content at the end."
layer at (8,8) size 16x1920
  RenderBlock (positioned) {DIV} at (0,0) size 16x1920
    RenderText {#text} at (0,0) size 8x16
      text run at (0,0) width 8: "1"
    RenderBR {BR} at (8,12) size 0x0
    RenderText {#text} at (0,16) size 8x16
      text run at (0,16) width 8: "2"
    RenderBR {BR} at (8,28) size 0x0
    RenderText {#text} at (0,32) size 8x16
      text run at (0,32) width 8: "3"
    RenderBR {BR} at (8,44) size 0x0
    RenderText {#text} at (0,48) size 8x16
      text run at (0,48) width 8: "4"
    RenderBR {BR} at (8,60) size 0x0
    RenderText {#text} at (0,64) size 8x16
      text run at (0,64) width 8: "5"
    RenderBR {BR} at (8,76) size 0x0
    RenderText {#text} at (0,80) size 8x16
      text run at (0,80) width 8: "6"
    RenderBR {BR} at (8,92) size 0x0
    RenderText {#text} at (0,96) size 8x16
      text run at (0,96) width 8: "7"
    RenderBR {BR} at (8,108) size 0x0
    RenderText {#text} at (0,112) size 8x16
      text run at (0,112) width 8: "8"
    RenderBR {BR} at (8,124) size 0x0
    RenderText {#text} at (0,128) size 8x16
      text run at (0,128) width 8: "9"
    RenderBR {BR} at (8,140) size 0x0
    RenderText {#text} at (0,144) size 16x16
      text run at (0,144) width 16: "10"
    RenderBR {BR} at (16,156) size 0x0
    RenderText {#text} at (0,160) size 16x16
      text run at (0,160) width 16: "11"
    RenderBR {BR} at (16,172) size 0x0
    RenderText {#text} at (0,176) size 16x16
      text run at (0,176) width 16: "12"
    RenderBR {BR} at (16,188) size 0x0
    RenderText {#text} at (0,192) size 16x16
      text run at (0,192) width 16: "13"
    RenderBR {BR} at (16,204) size 0x0
    RenderText {#text} at (0,208) size 16x16
      text run at (0,208) width 16: "14"
    RenderBR {BR} at (16,220) size 0x0
    RenderText {#text} at (0,224) size 16x16
      text run at (0,224) width 16: "15"
    RenderBR {BR} at (16,236) size 0x0
    RenderText {#text} at (0,240) size 16x16
      text run at (0,240) width 16: "16"
    RenderBR {BR} at (16,252) size 0x0
    RenderText {#text} at (0,256) size 16x16
      text run at (0,256) width 16: "17"
    RenderBR {BR} at (16,268) size 0x0
    RenderText {#text} at (0,272) size 16x16
      text run at (0,272) width 16: "18"
    RenderBR {BR} at (16,284) size 0x0
    RenderText {#text} at (0,288) size 16x16
      text run at (0,288) width 16: "19"
    RenderBR {BR} at (16,300) size 0x0
    RenderText {#text} at (0,304) size 16x16
      text run at (0,304) width 16: "20"
    RenderBR {BR} at (16,316) size 0x0
    RenderText {#text} at (0,320) size 8x16
      text run at (0,320) width 8: "1"
    RenderBR {BR} at (8,332) size 0x0
    RenderText {#text} at (0,336) size 8x16
      text run at (0,336) width 8: "2"
    RenderBR {BR} at (8,348) size 0x0
    RenderText {#text} at (0,352) size 8x16
      text run at (0,352) width 8: "3"
    RenderBR {BR} at (8,364) size 0x0
    RenderText {#text} at (0,368) size 8x16
      text run at (0,368) width 8: "4"
    RenderBR {BR} at (8,380) size 0x0
    RenderText {#text} at (0,384) size 8x16
      text run at (0,384) width 8: "5"
    RenderBR {BR} at (8,396) size 0x0
    RenderText {#text} at (0,400) size 8x16
      text run at (0,400) width 8: "6"
    RenderBR {BR} at (8,412) size 0x0
    RenderText {#text} at (0,416) size 8x16
      text run at (0,416) width 8: "7"
    RenderBR {BR} at (8,428) size 0x0
    RenderText {#text} at (0,432) size 8x16
      text run at (0,432) width 8: "8"
    RenderBR {BR} at (8,444) size 0x0
    RenderText {#text} at (0,448) size 8x16
      text run at (0,448) width 8: "9"
    RenderBR {BR} at (8,460) size 0x0
    RenderText {#text} at (0,464) size 16x16
      text run at (0,464) width 16: "10"
    RenderBR {BR} at (16,476) size 0x0
    RenderText {#text} at (0,480) size 16x16
      text run at (0,480) width 16: "11"
    RenderBR {BR} at (16,492) size 0x0
    RenderText {#text} at (0,496) size 16x16
      text run at (0,496) width 16: "12"
    RenderBR {BR} at (16,508) size 0x0
    RenderText {#text} at (0,512) size 16x16
      text run at (0,512) width 16: "13"
    RenderBR {BR} at (16,524) size 0x0
    RenderText {#text} at (0,528) size 16x16
      text run at (0,528) width 16: "14"
    RenderBR {BR} at (16,540) size 0x0
    RenderText {#text} at (0,544) size 16x16
      text run at (0,544) width 16: "15"
    RenderBR {BR} at (16,556) size 0x0
    RenderText {#text} at (0,560) size 16x16
      text run at (0,560) width 16: "16"
    RenderBR {BR} at (16,572) size 0x0
    RenderText {#text} at (0,576) size 16x16
      text run at (0,576) width 16: "17"
    RenderBR {BR} at (16,588) size 0x0
    RenderText {#text} at (0,592) size 16x16
      text run at (0,592) width 16: "18"
    RenderBR {BR} at (16,604) size 0x0
    RenderText {#text} at (0,608) size 16x16
      text run at (0,608) width 16: "19"
    RenderBR {BR} at (16,620) size 0x0
    RenderText {#text} at (0,624) size 16x16
      text run at (0,624) width 16: "20"
    RenderBR {BR} at (16,636) size 0x0
    RenderText {#text} at (0,640) size 8x16
      text run at (0,640) width 8: "1"
    RenderBR {BR} at (8,652) size 0x0
    RenderText {#text} at (0,656) size 8x16
      text run at (0,656) width 8: "2"
    RenderBR {BR} at (8,668) size 0x0
    RenderText {#text} at (0,672) size 8x16
      text run at (0,672) width 8: "3"
    RenderBR {BR} at (8,684) size 0x0
    RenderText {#text} at (0,688) size 8x16
      text run at (0,688) width 8: "4"
    RenderBR {BR} at (8,700) size 0x0
    RenderText {#text} at (0,704) size 8x16
      text run at (0,704) width 8: "5"
    RenderBR {BR} at (8,716) size 0x0
    RenderText {#text} at (0,720) size 8x16
      text run at (0,720) width 8: "6"
    RenderBR {BR} at (8,732) size 0x0
    RenderText {#text} at (0,736) size 8x16
      text run at (0,736) width 8: "7"
    RenderBR {BR} at (8,748) size 0x0
    RenderText {#text} at (0,752) size 8x16
      text run at (0,752) width 8: "8"
    RenderBR {BR} at (8,764) size 0x0
    RenderText {#text} at (0,768) size 8x16
      text run at (0,768) width 8: "9"
    RenderBR {BR} at (8,780) size 0x0
    RenderText {#text} at (0,784) size 16x16
      text run at (0,784) width 16: "10"
    RenderBR {BR} at (16,796) size 0x0
    RenderText {#text} at (0,800) size 16x16
      text run at (0,800) width 16: "11"
    RenderBR {BR} at (16,812) size 0x0
    RenderText {#text} at (0,816) size 16x16
      text run at (0,816) width 16: "12"
    RenderBR {BR} at (16,828) size 0x0
    RenderText {#text} at (0,832) size 16x16
      text run at (0,832) width 16: "13"
    RenderBR {BR} at (16,844) size 0x0
    RenderText {#text} at (0,848) size 16x16
      text run at (0,848) width 16: "14"
    RenderBR {BR} at (16,860) size 0x0
    RenderText {#text} at (0,864) size 16x16
      text run at (0,864) width 16: "15"
    RenderBR {BR} at (16,876) size 0x0
    RenderText {#text} at (0,880) size 16x16
      text run at (0,880) width 16: "16"
    RenderBR {BR} at (16,892) size 0x0
    RenderText {#text} at (0,896) size 16x16
      text run at (0,896) width 16: "17"
    RenderBR {BR} at (16,908) size 0x0
    RenderText {#text} at (0,912) size 16x16
      text run at (0,912) width 16: "18"
    RenderBR {BR} at (16,924) size 0x0
    RenderText {#text} at (0,928) size 16x16
      text run at (0,928) width 16: "19"
    RenderBR {BR} at (16,940) size 0x0
    RenderText {#text} at (0,944) size 16x16
      text run at (0,944) width 16: "20"
    RenderBR {BR} at (16,956) size 0x0
    RenderText {#text} at (0,960) size 8x16
      text run at (0,960) width 8: "1"
    RenderBR {BR} at (8,972) size 0x0
    RenderText {#text} at (0,976) size 8x16
      text run at (0,976) width 8: "2"
    RenderBR {BR} at (8,988) size 0x0
    RenderText {#text} at (0,992) size 8x16
      text run at (0,992) width 8: "3"
    RenderBR {BR} at (8,1004) size 0x0
    RenderText {#text} at (0,1008) size 8x16
      text run at (0,1008) width 8: "4"
    RenderBR {BR} at (8,1020) size 0x0
    RenderText {#text} at (0,1024) size 8x16
      text run at (0,1024) width 8: "5"
    RenderBR {BR} at (8,1036) size 0x0
    RenderText {#text} at (0,1040) size 8x16
      text run at (0,1040) width 8: "6"
    RenderBR {BR} at (8,1052) size 0x0
    RenderText {#text} at (0,1056) size 8x16
      text run at (0,1056) width 8: "7"
    RenderBR {BR} at (8,1068) size 0x0
    RenderText {#text} at (0,1072) size 8x16
      text run at (0,1072) width 8: "8"
    RenderBR {BR} at (8,1084) size 0x0
    RenderText {#text} at (0,1088) size 8x16
      text run at (0,1088) width 8: "9"
    RenderBR {BR} at (8,1100) size 0x0
    RenderText {#text} at (0,1104) size 16x16
      text run at (0,1104) width 16: "10"
    RenderBR {BR} at (16,1116) size 0x0
    RenderText {#text} at (0,1120) size 16x16
      text run at (0,1120) width 16: "11"
    RenderBR {BR} at (16,1132) size 0x0
    RenderText {#text} at (0,1136) size 16x16
      text run at (0,1136) width 16: "12"
    RenderBR {BR} at (16,1148) size 0x0
    RenderText {#text} at (0,1152) size 16x16
      text run at (0,1152) width 16: "13"
    RenderBR {BR} at (16,1164) size 0x0
    RenderText {#text} at (0,1168) size 16x16
      text run at (0,1168) width 16: "14"
    RenderBR {BR} at (16,1180) size 0x0
    RenderText {#text} at (0,1184) size 16x16
      text run at (0,1184) width 16: "15"
    RenderBR {BR} at (16,1196) size 0x0
    RenderText {#text} at (0,1200) size 16x16
      text run at (0,1200) width 16: "16"
    RenderBR {BR} at (16,1212) size 0x0
    RenderText {#text} at (0,1216) size 16x16
      text run at (0,1216) width 16: "17"
    RenderBR {BR} at (16,1228) size 0x0
    RenderText {#text} at (0,1232) size 16x16
      text run at (0,1232) width 16: "18"
    RenderBR {BR} at (16,1244) size 0x0
    RenderText {#text} at (0,1248) size 16x16
      text run at (0,1248) width 16: "19"
    RenderBR {BR} at (16,1260) size 0x0
    RenderText {#text} at (0,1264) size 16x16
      text run at (0,1264) width 16: "20"
    RenderBR {BR} at (16,1276) size 0x0
    RenderText {#text} at (0,1280) size 8x16
      text run at (0,1280) width 8: "1"
    RenderBR {BR} at (8,1292) size 0x0
    RenderText {#text} at (0,1296) size 8x16
      text run at (0,1296) width 8: "2"
    RenderBR {BR} at (8,1308) size 0x0
    RenderText {#text} at (0,1312) size 8x16
      text run at (0,1312) width 8: "3"
    RenderBR {BR} at (8,1324) size 0x0
    RenderText {#text} at (0,1328) size 8x16
      text run at (0,1328) width 8: "4"
    RenderBR {BR} at (8,1340) size 0x0
    RenderText {#text} at (0,1344) size 8x16
      text run at (0,1344) width 8: "5"
    RenderBR {BR} at (8,1356) size 0x0
    RenderText {#text} at (0,1360) size 8x16
      text run at (0,1360) width 8: "6"
    RenderBR {BR} at (8,1372) size 0x0
    RenderText {#text} at (0,1376) size 8x16
      text run at (0,1376) width 8: "7"
    RenderBR {BR} at (8,1388) size 0x0
    RenderText {#text} at (0,1392) size 8x16
      text run at (0,1392) width 8: "8"
    RenderBR {BR} at (8,1404) size 0x0
    RenderText {#text} at (0,1408) size 8x16
      text run at (0,1408) width 8: "9"
    RenderBR {BR} at (8,1420) size 0x0
    RenderText {#text} at (0,1424) size 16x16
      text run at (0,1424) width 16: "10"
    RenderBR {BR} at (16,1436) size 0x0
    RenderText {#text} at (0,1440) size 16x16
      text run at (0,1440) width 16: "11"
    RenderBR {BR} at (16,1452) size 0x0
    RenderText {#text} at (0,1456) size 16x16
      text run at (0,1456) width 16: "12"
    RenderBR {BR} at (16,1468) size 0x0
    RenderText {#text} at (0,1472) size 16x16
      text run at (0,1472) width 16: "13"
    RenderBR {BR} at (16,1484) size 0x0
    RenderText {#text} at (0,1488) size 16x16
      text run at (0,1488) width 16: "14"
    RenderBR {BR} at (16,1500) size 0x0
    RenderText {#text} at (0,1504) size 16x16
      text run at (0,1504) width 16: "15"
    RenderBR {BR} at (16,1516) size 0x0
    RenderText {#text} at (0,1520) size 16x16
      text run at (0,1520) width 16: "16"
    RenderBR {BR} at (16,1532) size 0x0
    RenderText {#text} at (0,1536) size 16x16
      text run at (0,1536) width 16: "17"
    RenderBR {BR} at (16,1548) size 0x0
    RenderText {#text} at (0,1552) size 16x16
      text run at (0,1552) width 16: "18"
    RenderBR {BR} at (16,1564) size 0x0
    RenderText {#text} at (0,1568) size 16x16
      text run at (0,1568) width 16: "19"
    RenderBR {BR} at (16,1580) size 0x0
    RenderText {#text} at (0,1584) size 16x16
      text run at (0,1584) width 16: "20"
    RenderBR {BR} at (16,1596) size 0x0
    RenderText {#text} at (0,1600) size 8x16
      text run at (0,1600) width 8: "1"
    RenderBR {BR} at (8,1612) size 0x0
    RenderText {#text} at (0,1616) size 8x16
      text run at (0,1616) width 8: "2"
    RenderBR {BR} at (8,1628) size 0x0
    RenderText {#text} at (0,1632) size 8x16
      text run at (0,1632) width 8: "3"
    RenderBR {BR} at (8,1644) size 0x0
    RenderText {#text} at (0,1648) size 8x16
      text run at (0,1648) width 8: "4"
    RenderBR {BR} at (8,1660) size 0x0
    RenderText {#text} at (0,1664) size 8x16
      text run at (0,1664) width 8: "5"
    RenderBR {BR} at (8,1676) size 0x0
    RenderText {#text} at (0,1680) size 8x16
      text run at (0,1680) width 8: "6"
    RenderBR {BR} at (8,1692) size 0x0
    RenderText {#text} at (0,1696) size 8x16
      text run at (0,1696) width 8: "7"
    RenderBR {BR} at (8,1708) size 0x0
    RenderText {#text} at (0,1712) size 8x16
      text run at (0,1712) width 8: "8"
    RenderBR {BR} at (8,1724) size 0x0
    RenderText {#text} at (0,1728) size 8x16
      text run at (0,1728) width 8: "9"
    RenderBR {BR} at (8,1740) size 0x0
    RenderText {#text} at (0,1744) size 16x16
      text run at (0,1744) width 16: "10"
    RenderBR {BR} at (16,1756) size 0x0
    RenderText {#text} at (0,1760) size 16x16
      text run at (0,1760) width 16: "11"
    RenderBR {BR} at (16,1772) size 0x0
    RenderText {#text} at (0,1776) size 16x16
      text run at (0,1776) width 16: "12"
    RenderBR {BR} at (16,1788) size 0x0
    RenderText {#text} at (0,1792) size 16x16
      text run at (0,1792) width 16: "13"
    RenderBR {BR} at (16,1804) size 0x0
    RenderText {#text} at (0,1808) size 16x16
      text run at (0,1808) width 16: "14"
    RenderBR {BR} at (16,1820) size 0x0
    RenderText {#text} at (0,1824) size 16x16
      text run at (0,1824) width 16: "15"
    RenderBR {BR} at (16,1836) size 0x0
    RenderText {#text} at (0,1840) size 16x16
      text run at (0,1840) width 16: "16"
    RenderBR {BR} at (16,1852) size 0x0
    RenderText {#text} at (0,1856) size 16x16
      text run at (0,1856) width 16: "17"
    RenderBR {BR} at (16,1868) size 0x0
    RenderText {#text} at (0,1872) size 16x16
      text run at (0,1872) width 16: "18"
    RenderBR {BR} at (16,1884) size 0x0
    RenderText {#text} at (0,1888) size 16x16
      text run at (0,1888) width 16: "19"
    RenderBR {BR} at (16,1900) size 0x0
    RenderText {#text} at (0,1904) size 16x16
      text run at (0,1904) width 16: "20"
    RenderBR {BR} at (16,1916) size 0x0
