layer at (0,0) size 800x600
  RenderView at (0,0) size 800x600
layer at (0,0) size 800x600
  RenderBlock {HTML} at (0,0) size 800x600
    RenderBody {BODY} at (8,8) size 784x584
      RenderBlock {P} at (0,0) size 784x32
        RenderText {#text} at (0,0) size 651x16
          text run at (0,0) width 651: "The black outline box should be a 50px by 50px square with its top right corner anchored to the right "
        RenderInline {SPAN} at (0,0) size 29x16 [color=#0000FF]
          RenderText {#text} at (650,0) size 29x16
            text run at (650,0) width 29: "blue"
        RenderText {#text} at (678,0) size 768x32
          text run at (678,0) width 90: " border on the"
          text run at (0,16) width 58: "first line."
      RenderBlock {DIV} at (0,48) size 600x64
        RenderText {#text} at (408,0) size 192x16
          text run at (408,0) width 192 RTL override: "ILorem ipsum dolor sit amet, "
        RenderText {#text} at (21,32) size 579x32
          text run at (21,32) width 28 RTL override: "duis"
          text run at (279,48) width 321 RTL override: "aute irure dolor in reprehenderit in voluptate velit."
layer at (8,56) size 576x50
  RenderInline (relative positioned) {SPAN} at (0,0) size 576x50 [bgcolor=#008000] [border: (1px solid #808080) (20px solid #0000FF) (1px solid #808080) (20px solid #FFA500)]
    RenderText {#text} at (31,0) size 569x32
      text run at (31,0) width 338 RTL override: "con a pariatur. Excepteur sint occaecat cupidatat non"
      text run at (224,16) width 376 RTL override: "proident, sunt in culp qui officia deserunt mollit animequs "
    RenderText {#text} at (24,16) size 576x32
      text run at (24,16) width 201 RTL override: "ILOREM ipsum dol sDuis aute"
      text run at (88,32) width 512 RTL override: "irure dolor in reprehenderit in voluptate velit esse cillum dolore eu fugiat nullat "
layer at (337,56) size 50x50
  RenderBlock (positioned) {DIV} at (297.63,1) size 50x50
