layer at (0,0) size 800x600
  RenderView at (0,0) size 800x600
layer at (0,0) size 800x600
  RenderBlock {HTML} at (0,0) size 800x600
    RenderBody {BODY} at (8,8) size 784x584
      RenderBlock {P} at (0,0) size 784x16
        RenderText {#text} at (0,0) size 322x16
          text run at (0,0) width 322: "The black outline box should stretch from the left "
        RenderInline {SPAN} at (0,0) size 28x16 [color=#0000FF]
          RenderText {#text} at (321,0) size 28x16
            text run at (321,0) width 28: "blue"
        RenderText {#text} at (348,0) size 231x16
          text run at (348,0) width 231: " border on the first line, to the right "
        RenderInline {SPAN} at (0,0) size 44x16 [color=#FFA500]
          RenderText {#text} at (578,0) size 44x16
            text run at (578,0) width 44: "orange"
        RenderText {#text} at (621,0) size 157x16
          text run at (621,0) width 157: " border on the third line."
      RenderBlock {DIV} at (0,32) size 600x64
        RenderText {#text} at (0,0) size 192x16
          text run at (0,0) width 192: "ILorem ipsum dolor sit amet, "
        RenderText {#text} at (551,32) size 579x32
          text run at (551,32) width 28: "duis"
          text run at (0,48) width 321: "aute irure dolor in reprehenderit in voluptate velit."
layer at (8,40) size 576x50
  RenderInline (relative positioned) {SPAN} at (0,0) size 576x50 [bgcolor=#008000] [border: (1px solid #808080) (20px solid #FFA500) (1px solid #808080) (20px solid #0000FF)]
    RenderText {#text} at (231,0) size 569x32
      text run at (231,0) width 338: "con a pariatur. Excepteur sint occaecat cupidatat non"
      text run at (0,16) width 376: "proident, sunt in culp qui officia deserunt mollit animequs "
    RenderText {#text} at (375,16) size 576x32
      text run at (375,16) width 201: "ILOREM ipsum dol sDuis aute"
      text run at (0,32) width 512: "irure dolor in reprehenderit in voluptate velit esse cillum dolore eu fugiat nullat "
layer at (229,40) size 300x48
  RenderBlock (positioned) {DIV} at (20,1) size 300.31x48
