layer at (0,0) size 800x600
  RenderView at (0,0) size 800x600
layer at (0,0) size 800x600
  RenderBlock {HTML} at (0,0) size 800x600
    RenderBody {BODY} at (8,8) size 784x584
      RenderBlock {P} at (0,0) size 784x32
        RenderText {#text} at (0,0) size 218x16
          text run at (0,0) width 218: "This tests for a regression against "
        RenderInline {I} at (0,0) size 759x32
          RenderInline {A} at (0,0) size 355x16 [color=#0000EE]
            RenderText {#text} at (217,0) size 355x16
              text run at (217,0) width 355: "http://bugzilla.opendarwin.org/show_bug.cgi?id=6881"
          RenderText {#text} at (571,0) size 759x32
            text run at (571,0) width 5: " "
            text run at (575,0) width 184: "Block with position:absolute"
            text run at (0,16) width 589: "bottom:0 doesn't always move when height of containing block changes (affects Safari RSS)"
        RenderText {#text} at (588,16) size 5x16
          text run at (588,16) width 5: "."
      RenderBlock {P} at (0,48) size 784x16
        RenderText {#text} at (0,0) size 558x16
          text run at (0,0) width 558: "The squares below should have blue tops and green bottoms, not the other way around."
      RenderBlock {HR} at (0,80) size 784x2 [border: (1px inset #EEEEEE)]
      RenderBlock (anonymous) at (0,190) size 784x16
        RenderBR {BR} at (0,0) size 0x16
layer at (8,98) size 784x100
  RenderBlock (relative positioned) {DIV} at (0,90) size 784x100
    RenderBlock {DIV} at (0,0) size 100x100 [bgcolor=#87CEEB]
layer at (8,148) size 100x50
  RenderBlock (positioned) {DIV} at (0,50) size 100x50 [bgcolor=#90EE90]
layer at (8,214) size 784x100
  RenderDeprecatedFlexibleBox (relative positioned) {DIV} at (0,206) size 784x100
    RenderBlock {DIV} at (0,0) size 100x100 [bgcolor=#87CEEB]
layer at (8,264) size 100x50
  RenderBlock (positioned) {DIV} at (0,50) size 100x50 [bgcolor=#90EE90]
