layer at (0,0) size 800x600
  RenderView at (0,0) size 800x600
layer at (0,0) size 800x600
  RenderBlock {HTML} at (0,0) size 800x600
    RenderBody {BODY} at (8,8) size 784x576
      RenderBlock {OL} at (0,0) size 784x32
        RenderListItem {LI} at (40,0) size 744x16
          RenderListMarker at (-20,0) size 16x16: "1"
          RenderText {#text} at (0,0) size 161x16
            text run at (0,0) width 161: "Make text bigger/smaller"
        RenderListItem {LI} at (40,16) size 744x16
          RenderListMarker at (-20,0) size 16x16: "2"
          RenderText {#text} at (0,0) size 219x16
            text run at (0,0) width 219: "Make the window narrower/wider"
layer at (8,56) size 132x22
  RenderBlock (positioned) {DIV} at (8,56) size 131.77x22 [border: (3px solid #000000)]
    RenderText {#text} at (43,3) size 86x16
      text run at (43,3) width 86: "Lorem ipsum"
