layer at (0,0) size 800x600
  RenderView at (0,0) size 800x600
layer at (0,0) size 800x600
  RenderBlock {HTML} at (0,0) size 800x600
    RenderBody {BODY} at (8,8) size 784x584
      RenderBlock {P} at (0,0) size 784x32
        RenderText {#text} at (0,0) size 218x16
          text run at (0,0) width 218: "This tests for a regression against "
        RenderInline {I} at (0,0) size 770x32
          RenderInline {A} at (0,0) size 355x16 [color=#0000EE]
            RenderText {#text} at (217,0) size 355x16
              text run at (217,0) width 355: "http://bugzilla.opendarwin.org/show_bug.cgi?id=7095"
          RenderText {#text} at (571,0) size 770x32
            text run at (571,0) width 5: " "
            text run at (575,0) width 195: "Removing positioning from an"
            text run at (0,16) width 224: "element does not relayout properly"
        RenderText {#text} at (223,16) size 5x16
          text run at (223,16) width 5: "."
      RenderBlock {P} at (0,48) size 784x16
        RenderText {#text} at (0,0) size 380x16
          text run at (0,0) width 380: "The green square should be to the left of the yellow square."
      RenderBlock {HR} at (0,80) size 784x2 [border: (1px inset #EEEEEE)]
layer at (8,98) size 200x100
  RenderBlock (relative positioned) {DIV} at (0,90) size 200x100 [bgcolor=#FFFF00]
    RenderBlock {DIV} at (0,0) size 100x100 [bgcolor=#008000]
