layer at (0,0) size 814x846
  RenderView at (0,0) size 785x585
layer at (0,0) size 785x585
  RenderBlock {HTML} at (0,0) size 785x585
    RenderBody {BODY} at (8,8) size 769x569
      RenderText {#text} at (0,0) size 747x32
        text run at (0,0) width 747: "Document canvas should be big enough to fit both blue and red (relative positioned) rectangles (ie. have scrollbars if"
        text run at (0,16) width 162: "they don't fit to the view)"
      RenderText {#text} at (0,0) size 0x0
layer at (8,40) size 504x504
  RenderBlock (positioned) {DIV} at (8,40) size 504x504 [border: (2px solid #0000FF)]
layer at (310,342) size 504x504
  RenderBlock (relative positioned) {DIV} at (2,2) size 504x504 [border: (2px solid #FF0000)]
