layer at (0,0) size 800x600
  RenderView at (0,0) size 800x600
layer at (0,0) size 800x600
  RenderBlock {HTML} at (0,0) size 800x600
    RenderBody {BODY} at (8,8) size 784x584
      RenderInline {SPAN} at (0,0) size 281x18 [border: (1px solid #000000)]
        RenderText {#text} at (1,0) size 279x16
          text run at (1,0) width 279: "These two boxes should be the same width."
      RenderBR {BR} at (280,12) size 1x0
      RenderInline {SPAN} at (0,0) size 281x18 [border: (1px solid #000000)]
        RenderText {#text} at (1,16) size 279x16
          text run at (1,16) width 279: "These two boxes should be the same width."
layer at (287,50) size 100x100
  RenderImage {IMG} at (287.17,50) size 100x100 [bgcolor=#008000]
layer at (287,150) size 100x100
  RenderImage {IMG} at (287.17,150) size 100x100 [bgcolor=#008000]
layer at (287,250) size 100x100
  RenderImage {IMG} at (287.17,250) size 100x100 [bgcolor=#008000]
layer at (287,350) size 100x100
  RenderImage {IMG} at (287.17,350) size 100x100 [bgcolor=#008000]
