layer at (0,0) size 800x600
  RenderView at (0,0) size 800x600
layer at (0,0) size 800x600
  RenderBlock {HTML} at (0,0) size 800x600
    RenderBody {BODY} at (8,8) size 784x562
      RenderBlock {P} at (0,0) size 784x52
        RenderText {#text} at (0,17) size 180x34
          text run at (0,17) width 180 RTL: "\x{643}\x{62A}\x{627}\x{628} \x{623}\x{644}\x{641} \x{644}\x{64A}\x{644}\x{629} \x{648}\x{644}\x{64A}\x{644}\x{629}"
      RenderBlock {P} at (0,82) size 784x52
        RenderText {#text} at (0,17) size 545x34
          text run at (0,17) width 545: "\x{1797}\x{17B6}\x{179F}\x{17B6}\x{1781}\x{17D2}\x{1798}\x{17C2}\x{179A} \x{1797}\x{17B6}\x{179F}\x{17B6}\x{1781}\x{17D2}\x{1798}\x{17C2}\x{179A} \x{17A2}\x{178F}\x{17D2}\x{1790}\x{1794}\x{1791}\x{200B}\x{1782}\x{17C6}\x{179A}\x{17BC}"
      RenderBlock {P} at (0,164) size 784x52
        RenderText {#text} at (0,17) size 258x34
          text run at (0,17) width 258: "Mixed\x{926}\x{947}\x{935}\x{928}\x{93E}\x{917}\x{930}\x{940}Mixed"
      RenderBlock {P} at (0,246) size 784x51
        RenderText {#text} at (0,17) size 255x34
          text run at (0,17) width 255: "AffiZ Af\x{300}fiZ Libertine"
      RenderBlock {P} at (0,327) size 784x52
        RenderText {#text} at (0,17) size 225x34
          text run at (0,17) width 225: "Af\x{300}fiZ Default Font"
