layer at (0,0) size 800x600
  RenderView at (0,0) size 800x600
layer at (0,0) size 800x600
  RenderBlock {HTML} at (0,0) size 800x600
    RenderBody {BODY} at (8,8) size 784x584
      RenderBlock {P} at (0,0) size 784x20
        RenderText {#text} at (0,0) size 239x19
          text run at (0,0) width 239: "These two glyphs should look the same:"
      RenderBlock {DIV} at (0,36) size 784x57
        RenderText {#text} at (0,1) size 37x55
          text run at (0,1) width 37: "\x{D842}\x{DF9F}"
      RenderBlock {DIV} at (0,93) size 57x55
        RenderText {#text} at (1,0) size 55x55
          text run at (1,0) width 55: "\x{D842}\x{DF9F}"
