layer at (0,0) size 800x600
  RenderView at (0,0) size 800x600
layer at (0,0) size 800x600
  RenderBlock {HTML} at (0,0) size 800x600
    RenderBody {BODY} at (8,8) size 784x576
      RenderBlock {UL} at (0,0) size 784x156
        RenderListItem {LI} at (40,0) size 744x16
          RenderListMarker at (-16,0) size 6x16: bullet
          RenderText {#text} at (0,0) size 91x16
            text run at (0,0) width 91: "Default style: "
          RenderBlock {PROGRESS} at (90.64,-0.81) size 160x16
            RenderProgress {DIV} at (0,0) size 160x16
              RenderBlock {DIV} at (0,0) size 160x16 [bgcolor=#808080]
                RenderBlock {DIV} at (0,0) size 16x16 [bgcolor=#008000]
        RenderListItem {LI} at (40,16) size 744x16
          RenderListMarker at (-16,0) size 6x16: bullet
          RenderText {#text} at (0,0) size 98x16
            text run at (0,0) width 98: "Progress style: "
          RenderBlock {PROGRESS} at (97.77,-0.81) size 160x16 [bgcolor=#0000FF] [border: (3px solid #000066)]
            RenderProgress {DIV} at (3,3) size 154x10
              RenderBlock {DIV} at (0,0) size 154x10
                RenderBlock {DIV} at (0,0) size 30.80x10 [bgcolor=#008000]
        RenderListItem {LI} at (40,32) size 744x30
          RenderListMarker at (-16,14) size 6x16: bullet
          RenderText {#text} at (0,14) size 138x16
            text run at (0,14) width 138: "Progress style (size): "
          RenderBlock {PROGRESS} at (137.30,-0.81) size 300x30
            RenderProgress {DIV} at (0,0) size 300x30
              RenderBlock {DIV} at (0,0) size 300x30 [bgcolor=#808080]
                RenderBlock {DIV} at (0,0) size 90x30 [bgcolor=#008000]
        RenderListItem {LI} at (40,62) size 744x16
          RenderListMarker at (-16,0) size 6x16: bullet
          RenderText {#text} at (0,0) size 66x16
            text run at (0,0) width 66: "Bar style: "
          RenderBlock {PROGRESS} at (65.77,-0.81) size 160x16
            RenderProgress {DIV} at (0,0) size 160x16
              RenderBlock {DIV} at (0,0) size 160x16 [bgcolor=#FF0000] [border: (3px solid #990000)]
                RenderBlock {DIV} at (3,3) size 61.59x10 [bgcolor=#008000]
        RenderListItem {LI} at (40,78) size 744x16
          RenderListMarker at (-16,0) size 6x16: bullet
          RenderText {#text} at (0,0) size 81x16
            text run at (0,0) width 81: "Value style: "
          RenderBlock {PROGRESS} at (80.86,-0.81) size 160x16
            RenderProgress {DIV} at (0,0) size 160x16
              RenderBlock {DIV} at (0,0) size 160x16 [bgcolor=#808080]
                RenderBlock {DIV} at (0,0) size 80x16 [bgcolor=#FFFF00] [border: (3px solid #999900)]
        RenderListItem {LI} at (40,94) size 744x30
          RenderListMarker at (-16,14) size 6x16: bullet
          RenderText {#text} at (0,14) size 195x16
            text run at (0,14) width 195: "Styling for all three elements: "
          RenderBlock {PROGRESS} at (194.17,-0.81) size 160x30 [bgcolor=#0000FF] [border: (3px solid #000066)]
            RenderProgress {DIV} at (3,3) size 154x24
              RenderBlock {DIV} at (0,0) size 154x24 [bgcolor=#FF0000] [border: (3px solid #990000)]
                RenderBlock {DIV} at (3,3) size 88.80x18 [bgcolor=#FFFF00] [border: (3px solid #999900)]
        RenderListItem {LI} at (40,124) size 744x16
          RenderListMarker at (-16,0) size 6x16: bullet
          RenderText {#text} at (0,0) size 235x16
            text run at (0,0) width 235: "Removing appearance dynamically: "
          RenderProgress {PROGRESS} at (234.13,-0.81) size 160x16
            RenderProgress {DIV} at (0,0) size 160x16
              RenderBlock {DIV} at (0,0) size 160x16 [bgcolor=#808080]
                RenderBlock {DIV} at (0,0) size 112x16 [bgcolor=#008000]
        RenderListItem {LI} at (40,140) size 744x16
          RenderListMarker at (-16,0) size 6x16: bullet
          RenderText {#text} at (0,0) size 278x16
            text run at (0,0) width 278: "Giving progress style change dynamically: "
          RenderBlock {PROGRESS} at (277.70,-0.81) size 160x16 [bgcolor=#ADD8E6]
            RenderProgress {DIV} at (0,0) size 160x16
              RenderBlock {DIV} at (0,0) size 160x16
                RenderBlock {DIV} at (0,0) size 128x16 [bgcolor=#008000]
