layer at (0,0) size 800x600
  RenderView at (0,0) size 800x600
layer at (0,0) size 800x600
  RenderBlock {HTML} at (0,0) size 800x600
    RenderBody {BODY} at (8,8) size 784x584
      RenderBlock (anonymous) at (0,0) size 784x32
        RenderText {#text} at (0,0) size 764x32
          text run at (0,0) width 764: "You should see a black and white Chromium logo. This test requires the ChromiumAATTest font to be available in the"
          text run at (0,16) width 486: "test runner, the test only works on Mac in order to verify AAT font support."
      RenderBlock {DIV} at (0,32) size 784x202
        RenderText {#text} at (0,11) size 200x179
          text run at (0,11) width 200: "abcd"
