layer at (0,0) size 800x600
  RenderView at (0,0) size 800x600
layer at (0,0) size 800x600
  RenderBlock {HTML} at (0,0) size 800x600
    RenderBody {BODY} at (8,8) size 784x576
      RenderBlock {P} at (0,0) size 784x32
        RenderText {#text} at (0,0) size 218x16
          text run at (0,0) width 218: "This tests for a regression against "
        RenderInline {I} at (0,0) size 755x32
          RenderInline {A} at (0,0) size 355x16 [color=#0000EE]
            RenderText {#text} at (217,0) size 355x16
              text run at (217,0) width 355: "http://bugzilla.opendarwin.org/show_bug.cgi?id=6397"
          RenderText {#text} at (571,0) size 755x32
            text run at (571,0) width 184: " ATSUI small caps use small"
            text run at (0,16) width 77: "punctuation"
        RenderText {#text} at (76,16) size 5x16
          text run at (76,16) width 5: "."
      RenderBlock {P} at (0,48) size 784x16
        RenderText {#text} at (0,0) size 375x16
          text run at (0,0) width 375: "All four question marks below should be \x{201C}big\x{201D}, like this: ?"
      RenderBlock {HR} at (0,80) size 784x2 [border: (1px inset #EEEEEE)]
      RenderBlock {P} at (0,98) size 784x16
        RenderText {#text} at (0,0) size 56x16
          text run at (0,0) width 56: "ATSUI: "
        RenderInline {SPAN} at (0,0) size 44x16
          RenderText {#text} at (55,0) size 44x16
            text run at (55,0) width 44: "A?b?e\x{300}"
      RenderBlock {P} at (0,130) size 784x16
        RenderText {#text} at (0,0) size 31x16
          text run at (0,0) width 31: "CG: "
        RenderInline {SPAN} at (0,0) size 41x16
          RenderText {#text} at (30,0) size 41x16
            text run at (30,0) width 41: "A?b?e"
