layer at (0,0) size 800x600
  RenderView at (0,0) size 800x600
layer at (0,0) size 800x600
  RenderBlock {HTML} at (0,0) size 800x600
    RenderBody {BODY} at (0,0) size 800x600
      RenderBlock (anonymous) at (0,0) size 800x16
        RenderInline {BDO} at (0,0) size 82x16
          RenderText {#text} at (0,0) size 82x16
            text run at (0,0) width 82 RTL override: "\x{300}muspimeroL"
        RenderText {#text} at (0,0) size 0x0
      RenderBlock {HR} at (0,24) size 800x2 [border: (1px inset #EEEEEE)]
      RenderBlock (anonymous) at (0,34) size 800x16
        RenderText {#text} at (0,0) size 287x16
          text run at (0,0) width 287: "\x{201C}remips\x{201D} should be highlighted in the above."
selection start: position 3 of child 0 {#text} of child 3 {BDO} of body
selection end:   position 9 of child 0 {#text} of child 3 {BDO} of body
