layer at (0,0) size 800x600
  RenderView at (0,0) size 800x600
layer at (0,0) size 800x127
  RenderBlock {HTML} at (0,0) size 800x127.44
    RenderBody {BODY} at (8,18.72) size 784x92.72
      RenderBlock {H3} at (0,0) size 784x22
        RenderText {#text} at (0,0) size 198x22
          text run at (0,0) width 198: "Test for chromium bug : "
        RenderInline {A} at (0,0) size 54x22 [color=#0000EE]
          RenderText {#text} at (198,0) size 54x22
            text run at (198,0) width 54: "256333"
        RenderText {#text} at (252,0) size 274x22
          text run at (252,0) width 274: ". Test case for Ignorable characters"
      RenderBlock {P} at (0,40.72) size 784x18
        RenderText {#text} at (0,0) size 151x18
          text run at (0,0) width 151: "abc should be displayed"
      RenderBlock {P} at (0,74.72) size 784x18
        RenderText {#text} at (0,0) size 46x18
          text run at (0,0) width 46: "a\x{2066}b\x{2069}c"
