layer at (0,0) size 800x600
  RenderView at (0,0) size 800x600
layer at (0,0) size 800x600
  RenderBlock {HTML} at (0,0) size 800x600
    RenderBody {BODY} at (8,8) size 784x576
      RenderBlock {P} at (0,0) size 784x32
        RenderText {#text} at (0,0) size 177x16
          text run at (0,0) width 177: "This is a regression test for "
        RenderInline {I} at (0,0) size 782x32
          RenderInline {A} at (0,0) size 355x16 [color=#0000EE]
            RenderText {#text} at (176,0) size 355x16
              text run at (176,0) width 355: "http://bugzilla.opendarwin.org/show_bug.cgi?id=9432"
          RenderText {#text} at (530,0) size 782x32
            text run at (530,0) width 5: " "
            text run at (534,0) width 248: "REGRESSION: crash in capitalization"
            text run at (0,16) width 278: "code due to empty-string generated content"
        RenderText {#text} at (277,16) size 5x16
          text run at (277,16) width 5: "."
      RenderBlock {HR} at (0,48) size 784x2 [border: (1px inset #EEEEEE)]
      RenderBlock {P} at (0,66) size 784x16
        RenderInline {SPAN} at (0,0) size 87x16
          RenderText {#text} at (0,0) size 47x16
            text run at (0,0) width 47: "Lorem "
          RenderInline {SPAN} at (0,0) size 41x16
            RenderInline {<pseudo:before>} at (0,0) size 1x16
              RenderTextFragment at (0,0) size 0x0
            RenderText {#text} at (46,0) size 41x16
              text run at (46,0) width 41: "Ipsum"
        RenderText {#text} at (86,0) size 5x16
          text run at (86,0) width 5: " "
        RenderInline {I} at (0,0) size 63x16
          RenderText {#text} at (90,0) size 63x16
            text run at (90,0) width 63: "should be"
        RenderText {#text} at (152,0) size 92x16
          text run at (152,0) width 92: " Lorem Ipsum"
      RenderBlock {P} at (0,98) size 784x16
        RenderInline {SPAN} at (0,0) size 87x16
          RenderText {#text} at (0,0) size 24x16
            text run at (0,0) width 24: "Lor"
          RenderInline {SPAN} at (0,0) size 64x16
            RenderInline {<pseudo:before>} at (0,0) size 1x16
              RenderTextFragment at (0,0) size 0x0
            RenderText {#text} at (23,0) size 64x16
              text run at (23,0) width 64: "em Ipsum"
        RenderText {#text} at (86,0) size 5x16
          text run at (86,0) width 5: " "
        RenderInline {I} at (0,0) size 63x16
          RenderText {#text} at (90,0) size 63x16
            text run at (90,0) width 63: "should be"
        RenderText {#text} at (152,0) size 92x16
          text run at (152,0) width 92: " Lorem Ipsum"
