layer at (0,0) size 800x600
  RenderView at (0,0) size 800x600
layer at (0,0) size 800x72
  RenderBlock {HTML} at (0,0) size 800x72
    RenderBody {BODY} at (8,8) size 784x48
      RenderBlock (anonymous) at (0,0) size 784x16
        RenderInline {BDO} at (0,0) size 82x16
          RenderText {#text} at (0,0) size 82x16
            text run at (0,0) width 82 RTL override: "m\x{300}uspimeroL"
        RenderText {#text} at (0,0) size 0x0
      RenderBlock {P} at (0,32) size 784x16
        RenderText {#text} at (0,0) size 409x16
          text run at (0,0) width 409: "Tests that rtl selections are repainted correctly for complex text."
selection start: position 2 of child 0 {#text} of child 3 {BDO} of body
selection end:   position 6 of child 0 {#text} of child 3 {BDO} of body
