layer at (0,0) size 800x600
  RenderView at (0,0) size 800x600
layer at (0,0) size 800x600
  RenderBlock {HTML} at (0,0) size 800x600
    RenderBody {BODY} at (8,8) size 784x584
      RenderBlock {P} at (0,0) size 784x16
        RenderText {#text} at (0,0) size 262x16
          text run at (0,0) width 262: "The following boxes should be identical."
      RenderBlock {DIV} at (0,32) size 80x42 [border: (1px solid #000000)]
        RenderText {#text} at (5,5) size 71x32
          text run at (5,5) width 71: "Lorem......."
          text run at (5,21) width 4: " "
        RenderInline {SPAN} at (0,0) size 40x16
          RenderText {#text} at (9,21) size 40x16
            text run at (9,21) width 40 RTL override: "muspi"
        RenderText {#text} at (48,21) size 1x16
          text run at (48,21) width 1: " "
      RenderBlock {DIV} at (0,82) size 80x42 [border: (1px solid #000000)]
        RenderText {#text} at (5,5) size 71x32
          text run at (5,5) width 71: "Lorem......."
          text run at (5,21) width 44: " ipsum"
          text run at (48,21) width 1: " "
