layer at (0,0) size 800x600
  RenderView at (0,0) size 800x600
layer at (0,0) size 800x386
  RenderBlock {HTML} at (0,0) size 800x386
    RenderBody {BODY} at (8,8) size 784x370
      RenderBlock {H1} at (0,0) size 784x20
        RenderText {#text} at (0,0) size 252x20
          text run at (0,0) width 252: "Tests support for font-stretch"
      RenderBlock {P} at (0,22) size 784x15
        RenderText {#text} at (0,0) size 226x15
          text run at (0,0) width 226: "Tests that CSS font-stretch is supported."
      RenderBlock {SECTION} at (0,45) size 784x153
        RenderBlock {H2} at (0,0) size 784x16
          RenderText {#text} at (0,0) size 61x16
            text run at (0,0) width 61: "Segoe UI"
        RenderBlock {P} at (0,18) size 784x15
          RenderBlock {SPAN} at (0,0) size 193.59x15
            RenderText {#text} at (0,0) size 162x15
              text run at (0,0) width 162: "font-stretch: ultra-condensed"
          RenderText {#text} at (193,0) size 347x15
            text run at (193,0) width 347: " - Just poets wax boldly as kings and queens march over fuzz."
        RenderBlock {P} at (0,33) size 784x15
          RenderBlock {SPAN} at (0,0) size 193.59x15
            RenderText {#text} at (0,0) size 164x15
              text run at (0,0) width 164: "font-stretch: extra-condensed"
          RenderText {#text} at (193,0) size 347x15
            text run at (193,0) width 347: " - Just poets wax boldly as kings and queens march over fuzz."
        RenderBlock {P} at (0,48) size 784x15
          RenderBlock {SPAN} at (0,0) size 193.59x15
            RenderText {#text} at (0,0) size 132x15
              text run at (0,0) width 132: "font-stretch: condensed"
          RenderText {#text} at (193,0) size 347x15
            text run at (193,0) width 347: " - Just poets wax boldly as kings and queens march over fuzz."
        RenderBlock {P} at (0,63) size 784x15
          RenderBlock {SPAN} at (0,0) size 193.59x15
            RenderText {#text} at (0,0) size 163x15
              text run at (0,0) width 163: "font-stretch: semi-condensed"
          RenderText {#text} at (193,0) size 347x15
            text run at (193,0) width 347: " - Just poets wax boldly as kings and queens march over fuzz."
        RenderBlock {P} at (0,78) size 784x15
          RenderBlock {SPAN} at (0,0) size 193.59x15
            RenderText {#text} at (0,0) size 112x15
              text run at (0,0) width 112: "font-stretch: normal"
          RenderText {#text} at (193,0) size 347x15
            text run at (193,0) width 347: " - Just poets wax boldly as kings and queens march over fuzz."
        RenderBlock {P} at (0,93) size 784x15
          RenderBlock {SPAN} at (0,0) size 193.59x15
            RenderText {#text} at (0,0) size 157x15
              text run at (0,0) width 157: "font-stretch: semi-expanded"
          RenderText {#text} at (193,0) size 347x15
            text run at (193,0) width 347: " - Just poets wax boldly as kings and queens march over fuzz."
        RenderBlock {P} at (0,108) size 784x15
          RenderBlock {SPAN} at (0,0) size 193.59x15
            RenderText {#text} at (0,0) size 126x15
              text run at (0,0) width 126: "font-stretch: expanded"
          RenderText {#text} at (193,0) size 347x15
            text run at (193,0) width 347: " - Just poets wax boldly as kings and queens march over fuzz."
        RenderBlock {P} at (0,123) size 784x15
          RenderBlock {SPAN} at (0,0) size 193.59x15
            RenderText {#text} at (0,0) size 159x15
              text run at (0,0) width 159: "font-stretch: extra-expanded"
          RenderText {#text} at (193,0) size 347x15
            text run at (193,0) width 347: " - Just poets wax boldly as kings and queens march over fuzz."
        RenderBlock {P} at (0,138) size 784x15
          RenderBlock {SPAN} at (0,0) size 193.59x15
            RenderText {#text} at (0,0) size 156x15
              text run at (0,0) width 156: "font-stretch: ultra-expanded"
          RenderText {#text} at (193,0) size 347x15
            text run at (193,0) width 347: " - Just poets wax boldly as kings and queens march over fuzz."
      RenderBlock {SECTION} at (0,206) size 784x164
        RenderBlock {H2} at (0,0) size 784x18
          RenderText {#text} at (0,0) size 36x17
            text run at (0,0) width 36: "Arial"
        RenderBlock {P} at (0,20) size 784x16
          RenderBlock {SPAN} at (0,0) size 217.78x16
            RenderText {#text} at (0,0) size 179x16
              text run at (0,0) width 179: "font-stretch: ultra-condensed"
          RenderText {#text} at (217,0) size 386x16
            text run at (217,0) width 386: " - Just poets wax boldly as kings and queens march over fuzz."
        RenderBlock {P} at (0,36) size 784x16
          RenderBlock {SPAN} at (0,0) size 217.78x16
            RenderText {#text} at (0,0) size 183x16
              text run at (0,0) width 183: "font-stretch: extra-condensed"
          RenderText {#text} at (217,0) size 386x16
            text run at (217,0) width 386: " - Just poets wax boldly as kings and queens march over fuzz."
        RenderBlock {P} at (0,52) size 784x16
          RenderBlock {SPAN} at (0,0) size 217.78x16
            RenderText {#text} at (0,0) size 147x16
              text run at (0,0) width 147: "font-stretch: condensed"
          RenderText {#text} at (217,0) size 386x16
            text run at (217,0) width 386: " - Just poets wax boldly as kings and queens march over fuzz."
        RenderBlock {P} at (0,68) size 784x16
          RenderBlock {SPAN} at (0,0) size 217.78x16
            RenderText {#text} at (0,0) size 181x16
              text run at (0,0) width 181: "font-stretch: semi-condensed"
          RenderText {#text} at (217,0) size 386x16
            text run at (217,0) width 386: " - Just poets wax boldly as kings and queens march over fuzz."
        RenderBlock {P} at (0,84) size 784x16
          RenderBlock {SPAN} at (0,0) size 217.78x16
            RenderText {#text} at (0,0) size 121x16
              text run at (0,0) width 121: "font-stretch: normal"
          RenderText {#text} at (217,0) size 386x16
            text run at (217,0) width 386: " - Just poets wax boldly as kings and queens march over fuzz."
        RenderBlock {P} at (0,100) size 784x16
          RenderBlock {SPAN} at (0,0) size 217.78x16
            RenderText {#text} at (0,0) size 174x16
              text run at (0,0) width 174: "font-stretch: semi-expanded"
          RenderText {#text} at (217,0) size 386x16
            text run at (217,0) width 386: " - Just poets wax boldly as kings and queens march over fuzz."
        RenderBlock {P} at (0,116) size 784x16
          RenderBlock {SPAN} at (0,0) size 217.78x16
            RenderText {#text} at (0,0) size 140x16
              text run at (0,0) width 140: "font-stretch: expanded"
          RenderText {#text} at (217,0) size 386x16
            text run at (217,0) width 386: " - Just poets wax boldly as kings and queens march over fuzz."
        RenderBlock {P} at (0,132) size 784x16
          RenderBlock {SPAN} at (0,0) size 217.78x16
            RenderText {#text} at (0,0) size 176x16
              text run at (0,0) width 176: "font-stretch: extra-expanded"
          RenderText {#text} at (217,0) size 386x16
            text run at (217,0) width 386: " - Just poets wax boldly as kings and queens march over fuzz."
        RenderBlock {P} at (0,148) size 784x16
          RenderBlock {SPAN} at (0,0) size 217.78x16
            RenderText {#text} at (0,0) size 172x16
              text run at (0,0) width 172: "font-stretch: ultra-expanded"
          RenderText {#text} at (217,0) size 386x16
            text run at (217,0) width 386: " - Just poets wax boldly as kings and queens march over fuzz."
