layer at (0,0) size 800x600
  RenderView at (0,0) size 800x600
layer at (0,0) size 800x600
  RenderBlock {HTML} at (0,0) size 800x600
    RenderBody {BODY} at (8,8) size 784x584
      RenderBlock {P} at (0,0) size 784x32
        RenderText {#text} at (0,0) size 55x16
          text run at (0,0) width 55: "Test for "
        RenderInline {I} at (0,0) size 768x32
          RenderInline {A} at (0,0) size 354x16 [color=#0000EE]
            RenderText {#text} at (54,0) size 354x16
              text run at (54,0) width 354: "http://bugzilla.opendarwin.org/show_bug.cgi?id=7433"
          RenderText {#text} at (407,0) size 768x32
            text run at (407,0) width 361: " REGRESSION (r12789): Second RTL text run on a line"
            text run at (0,16) width 119: "cannot be selected"
        RenderText {#text} at (118,16) size 5x16
          text run at (118,16) width 5: "."
      RenderBlock {P} at (0,48) size 784x16
        RenderText {#text} at (0,0) size 660x16
          text run at (0,0) width 660: "The rightmost two words in the Hebrew text should be selectable by dragging or double-clicking them."
      RenderBlock {HR} at (0,80) size 784x2 [border: (1px inset #EEEEEE)]
      RenderBlock (anonymous) at (0,90) size 784x19
        RenderInline {SPAN} at (0,0) size 145x16
          RenderText {#text} at (0,3) size 145x16
            text run at (0,3) width 62 RTL: "\x{5E9}\x{5EA}\x{5D4} \x{5DE}\x{5D9}\x{5E5}"
            text run at (61,3) width 84 RTL: "\x{5D0}\x{5DB}\x{5DC}\x{5EA} \x{5E4}\x{5DC}\x{5E4}\x{5DC} "
        RenderText {#text} at (0,0) size 0x0
caret: position 19 of child 0 {#text} of child 7 {SPAN} of body
