layer at (0,0) size 800x600
  RenderView at (0,0) size 800x600
layer at (0,0) size 800x600
  RenderBlock {HTML} at (0,0) size 800x600
    RenderBody {BODY} at (8,8) size 784x576
      RenderBlock {P} at (0,0) size 784x16
        RenderText {#text} at (0,0) size 395x16
          text run at (0,0) width 395: "Test for bug 13234, layout of selected justified text is broken."
      RenderBlock {P} at (0,32) size 784x16
        RenderText {#text} at (0,0) size 255x16
          text run at (0,0) width 255: "The two blue boxes should be identical."
      RenderBlock {DIV} at (0,64) size 256x38 [border: (3px solid #0000FF)]
        RenderText {#text} at (3,3) size 190x16
          text run at (3,3) width 190: "Lorem ipsum dolor si"
        RenderInline {SPAN} at (0,0) size 61x16 [color=#008000] [bgcolor=#FFFF00]
          RenderText {#text} at (192,3) size 61x16
            text run at (192,3) width 61: "t amet,"
        RenderText {#text} at (3,19) size 179x16
          text run at (3,19) width 179: "consectetuer adipiscing elit."
      RenderBlock (anonymous) at (0,102) size 784x16
        RenderBR {BR} at (0,0) size 0x16
      RenderBlock {P} at (0,134) size 256x38 [border: (3px solid #0000FF)]
        RenderText {#text} at (3,3) size 250x32
          text run at (3,3) width 250: "Lorem ipsum dolor sit amet,"
          text run at (3,19) width 179: "consectetuer adipiscing elit."
selection start: position 20 of child 0 {#text} of child 8 {P} of body
selection end:   position 27 of child 0 {#text} of child 8 {P} of body
