layer at (0,0) size 800x600
  RenderView at (0,0) size 800x600
layer at (0,0) size 800x600
  RenderBlock {HTML} at (0,0) size 800x600
    RenderBody {BODY} at (8,8) size 784x584
      RenderBlock {P} at (0,0) size 784x16
        RenderText {#text} at (0,0) size 654x16
          text run at (0,0) width 654: "The black text should be identical to, and overlap, the red text, so there should be no red pixels below."
      RenderBlock {DIV} at (0,32) size 784x144
        RenderBlock {DIV} at (0,0) size 784x144 [color=#FF0000]
          RenderText {#text} at (0,0) size 255x144
            text run at (0,0) width 255: "v a\x{300} e"
        RenderBlock {DIV} at (0,0) size 784x144
          RenderText {#text} at (0,0) size 255x144
            text run at (0,0) width 255: "v \x{E0} e"
      RenderBlock {DIV} at (0,176) size 784x144
        RenderBlock {DIV} at (0,0) size 784x144 [color=#FF0000]
          RenderText {#text} at (0,0) size 292x144
            text run at (0,0) width 292: "v a\x{300} e"
        RenderBlock {DIV} at (0,0) size 784x144
          RenderText {#text} at (0,0) size 292x144
            text run at (0,0) width 292: "v \x{E0} e"
