layer at (0,0) size 800x600
  RenderView at (0,0) size 800x600
layer at (0,0) size 800x600
  RenderBlock {HTML} at (0,0) size 800x600
    RenderBody {BODY} at (8,8) size 784x584
      RenderBlock {P} at (0,0) size 784x32
        RenderText {#text} at (0,0) size 55x16
          text run at (0,0) width 55: "Test for "
        RenderInline {I} at (0,0) size 769x32
          RenderInline {A} at (0,0) size 306x16 [color=#0000EE]
            RenderText {#text} at (54,0) size 306x16
              text run at (54,0) width 306: "http://bugs.webkit.org/show_bug.cgi?id=13153"
          RenderText {#text} at (359,0) size 769x32
            text run at (359,0) width 5: " "
            text run at (363,0) width 406: "REGRESSION: Visual highlighting of pre-populated blank line"
            text run at (0,16) width 132: "in textarea is broken"
        RenderText {#text} at (131,16) size 5x16
          text run at (131,16) width 5: "."
      RenderBlock {P} at (0,48) size 784x16
        RenderText {#text} at (0,0) size 340x16
          text run at (0,0) width 340: "Testing the highlighting of and near hard line breaks."
      RenderBlock (anonymous) at (0,80) size 784x80
        RenderText {#text} at (0,0) size 0x0
      RenderBlock {P} at (0,176) size 784x16
        RenderText {#text} at (0,0) size 320x16
          text run at (0,0) width 320: "Testing the highlighting of text split across boxes."
      RenderBlock (anonymous) at (0,208) size 784x80
        RenderText {#text} at (0,0) size 0x0
layer at (12,92) size 62x72
  RenderPartObject {IFRAME} at (4,4) size 62x72 [border: (1px solid #0000FF)]
    layer at (0,0) size 60x70
      RenderView at (0,0) size 60x70
    layer at (0,0) size 60x70
      RenderBlock {HTML} at (0,0) size 60x70
        RenderBody {BODY} at (8,8) size 44x54
          RenderBlock {PRE} at (0,0) size 44x39
            RenderText {#text} at (0,0) size 24x39
              text run at (0,0) width 24: "foo"
              text run at (23,0) width 1: " "
              text run at (0,13) width 0: " "
              text run at (0,26) width 24: "bar"
layer at (82,92) size 62x72
  RenderPartObject {IFRAME} at (74,4) size 62x72 [border: (1px solid #0000FF)]
    layer at (0,0) size 60x70
      RenderView at (0,0) size 60x70
    layer at (0,0) size 60x70
      RenderBlock {HTML} at (0,0) size 60x70
        RenderBody {BODY} at (8,8) size 44x54
          RenderBlock {PRE} at (0,0) size 44x39
            RenderText {#text} at (0,0) size 24x39
              text run at (0,0) width 24: "foo"
              text run at (23,0) width 1: " "
              text run at (0,13) width 0: " "
              text run at (0,26) width 24: "bar"
layer at (152,92) size 62x72
  RenderPartObject {IFRAME} at (144,4) size 62x72 [border: (1px solid #0000FF)]
    layer at (0,0) size 60x70
      RenderView at (0,0) size 60x70
    layer at (0,0) size 60x70
      RenderBlock {HTML} at (0,0) size 60x70
        RenderBody {BODY} at (8,8) size 44x54
          RenderBlock {PRE} at (0,0) size 44x39
            RenderText {#text} at (0,0) size 24x39
              text run at (0,0) width 24: "foo"
              text run at (23,0) width 1: " "
              text run at (0,13) width 0: " "
              text run at (0,26) width 24: "bar"
layer at (222,92) size 62x72
  RenderPartObject {IFRAME} at (214,4) size 62x72 [border: (1px solid #0000FF)]
    layer at (0,0) size 60x70
      RenderView at (0,0) size 60x70
    layer at (0,0) size 60x70
      RenderBlock {HTML} at (0,0) size 60x70
        RenderBody {BODY} at (8,8) size 44x54
          RenderBlock {PRE} at (0,0) size 44x39
            RenderText {#text} at (0,0) size 24x39
              text run at (0,0) width 24: "foo"
              text run at (23,0) width 1: " "
              text run at (0,13) width 0: " "
              text run at (0,26) width 24: "bar"
layer at (292,92) size 62x72
  RenderPartObject {IFRAME} at (284,4) size 62x72 [border: (1px solid #0000FF)]
    layer at (0,0) size 60x70
      RenderView at (0,0) size 60x70
    layer at (0,0) size 60x70
      RenderBlock {HTML} at (0,0) size 60x70
        RenderBody {BODY} at (8,8) size 44x54
          RenderBlock {PRE} at (0,0) size 44x39
            RenderText {#text} at (0,0) size 24x39
              text run at (0,0) width 24: "foo"
              text run at (23,0) width 1: " "
              text run at (0,13) width 0: " "
              text run at (0,26) width 24: "bar"
layer at (362,92) size 62x72
  RenderPartObject {IFRAME} at (354,4) size 62x72 [border: (1px solid #0000FF)]
    layer at (0,0) size 60x70
      RenderView at (0,0) size 60x70
    layer at (0,0) size 60x70
      RenderBlock {HTML} at (0,0) size 60x70
        RenderBody {BODY} at (8,8) size 44x54
          RenderBlock {PRE} at (0,0) size 44x39
            RenderText {#text} at (0,0) size 24x39
              text run at (0,0) width 24: "foo"
              text run at (23,0) width 1: " "
              text run at (0,13) width 0: " "
              text run at (0,26) width 24: "bar"
layer at (432,92) size 62x72
  RenderPartObject {IFRAME} at (424,4) size 62x72 [border: (1px solid #0000FF)]
    layer at (0,0) size 60x70
      RenderView at (0,0) size 60x70
    layer at (0,0) size 60x70
      RenderBlock {HTML} at (0,0) size 60x70
        RenderBody {BODY} at (8,8) size 44x54
          RenderBlock {PRE} at (0,0) size 44x39
            RenderText {#text} at (0,0) size 24x39
              text run at (0,0) width 24: "foo"
              text run at (23,0) width 1: " "
              text run at (0,13) width 0: " "
              text run at (0,26) width 24: "bar"
layer at (502,92) size 62x72
  RenderPartObject {IFRAME} at (494,4) size 62x72 [border: (1px solid #0000FF)]
    layer at (0,0) size 60x70
      RenderView at (0,0) size 60x70
    layer at (0,0) size 60x70
      RenderBlock {HTML} at (0,0) size 60x70
        RenderBody {BODY} at (8,8) size 44x54
          RenderBlock {PRE} at (0,0) size 44x39
            RenderText {#text} at (0,0) size 24x39
              text run at (0,0) width 24: "foo"
              text run at (23,0) width 1: " "
              text run at (0,13) width 0: " "
              text run at (0,26) width 24: "bar"
layer at (572,92) size 62x72
  RenderPartObject {IFRAME} at (564,4) size 62x72 [border: (1px solid #0000FF)]
    layer at (0,0) size 60x70
      RenderView at (0,0) size 60x70
    layer at (0,0) size 60x70
      RenderBlock {HTML} at (0,0) size 60x70
        RenderBody {BODY} at (8,8) size 44x54
          RenderBlock {PRE} at (0,0) size 44x39
            RenderText {#text} at (0,0) size 24x39
              text run at (0,0) width 24: "foo"
              text run at (23,0) width 1: " "
              text run at (0,13) width 0: " "
              text run at (0,26) width 24: "bar"
layer at (642,92) size 62x72
  RenderPartObject {IFRAME} at (634,4) size 62x72 [border: (1px solid #0000FF)]
    layer at (0,0) size 60x70
      RenderView at (0,0) size 60x70
    layer at (0,0) size 60x70
      RenderBlock {HTML} at (0,0) size 60x70
        RenderBody {BODY} at (8,8) size 44x54
          RenderBlock {PRE} at (0,0) size 44x39
            RenderText {#text} at (0,0) size 24x39
              text run at (0,0) width 24: "foo"
              text run at (23,0) width 1: " "
              text run at (0,13) width 0: " "
              text run at (0,26) width 24: "bar"
layer at (12,220) size 130x72
  RenderPartObject {IFRAME} at (4,4) size 130x72 [border: (1px solid #0000FF)]
    layer at (0,0) size 128x70
      RenderView at (0,0) size 128x70
    layer at (0,0) size 128x70
      RenderBlock {HTML} at (0,0) size 128x70
        RenderBody {BODY} at (8,8) size 112x54
          RenderBlock {DIV} at (0,0) size 112x32
            RenderText {#text} at (0,0) size 86x32
              text run at (0,0) width 47: "Lorem "
              text run at (46,0) width 40: "ipsum"
              text run at (0,16) width 34: "dolor"
