layer at (0,0) size 800x600
  RenderView at (0,0) size 800x600
layer at (0,0) size 800x260
  RenderBlock {HTML} at (0,0) size 800x260
    RenderBody {BODY} at (8,30) size 784x222
      RenderBlock {P} at (0,0) size 784x86
        RenderText {#text} at (0,10) size 769x72
          text run at (0,10) width 769: "The selection should be painted correctly from and including \x{732B}"
          text run at (0,51) width 580: "until and including C, then from right to left for "
          text run at (579,51) width 41 RTL: "\x{627}\x{644}\x{639}\x{631}"
          text run at (619,51) width 9: "."
      RenderBlock {DIV} at (0,116) size 784x53
        RenderText {#text} at (0,10) size 423x31
          text run at (0,10) width 355: "\x{543E}\x{8F29}\x{306F}\x{732B}\x{3067} \x{92E}\x{93E}\x{928}\x{915} \x{939}\x{93F}\x{928}\x{94D}\x{926}\x{940}ABC"
          text run at (354,10) width 69 RTL: "\x{627}\x{644}\x{639}\x{631}\x{628}\x{64A}\x{629}"
      RenderBlock {DIV} at (0,169) size 784x53
        RenderText {#text} at (0,10) size 423x31
          text run at (0,10) width 355: "\x{543E}\x{8F29}\x{306F}\x{732B}\x{3067} \x{92E}\x{93E}\x{928}\x{915} \x{939}\x{93F}\x{928}\x{94D}\x{926}\x{940}ABC"
          text run at (354,10) width 69 RTL: "\x{627}\x{644}\x{639}\x{631}\x{628}\x{64A}\x{629}"
selection start: position 3 of child 0 {#text} of child 5 {DIV} of body
selection end:   position 24 of child 0 {#text} of child 5 {DIV} of body
