layer at (0,0) size 9600208x1616
  RenderView at (0,0) size 800x600
layer at (0,0) size 800x1616
  RenderBlock {HTML} at (0,0) size 800x1616
    RenderBody {BODY} at (8,16) size 784x1584
      RenderBlock {P} at (0,0) size 784x80 [bgcolor=#FFFFFF]
        RenderText {#text} at (0,0) size 765x80
          text run at (0,0) width 765: "The following lines test various combinations of letter-spacing (especially negative values) and opacity. All of the lines"
          text run at (0,16) width 764: "should say \"Hello, world\" but the spacing and background shading will vary from test to test. The W3C specs are fairly"
          text run at (0,32) width 761: "silent on how user agents should handle unusual values of letter-spacing, especially negative ones, which are explicitly"
          text run at (0,48) width 738: "implementation-dependent. Different browsers will render these differently, but hopefully the WebKit ports will be"
          text run at (0,64) width 121: "consistent, at least."
      RenderBlock {P} at (0,96) size 784x16 [bgcolor=#FFFFFF]
        RenderText {#text} at (0,0) size 262x16
          text run at (0,0) width 262: "The first line should be normally spaced."
      RenderBlock {P} at (0,128) size 784x16 [bgcolor=#EEEEEE]
        RenderInline {SPAN} at (0,0) size 81x16
          RenderText {#text} at (160,0) size 81x16
            text run at (160,0) width 81: "Hello, world"
      RenderBlock {P} at (0,160) size 784x16 [bgcolor=#FFFFFF]
        RenderText {#text} at (0,0) size 669x16
          text run at (0,0) width 669: "The next line tests a slight positive letter spacing, and should be slightly spaced out (wider than normal)."
      RenderBlock {P} at (0,192) size 784x16 [bgcolor=#EEEEEE]
        RenderInline {SPAN} at (0,0) size 177x16
          RenderText {#text} at (160,0) size 177x16
            text run at (160,0) width 177: "Hello, world"
      RenderBlock {P} at (0,224) size 784x32 [bgcolor=#FFFFFF]
        RenderText {#text} at (0,0) size 754x32
          text run at (0,0) width 754: "The next line tests a large positive letter spacing, and should be *very* spaced out. You may only see an 'H' and a 'w',"
          text run at (0,16) width 54: "perhaps "
          text run at (53,16) width 363: "on two different lines, unless you scroll way to the right."
      RenderBlock {P} at (0,272) size 784x32 [bgcolor=#EEEEEE]
        RenderInline {SPAN} at (0,0) size 19400x32
          RenderText {#text} at (160,0) size 19400x32
            text run at (160,0) width 19240: "Hello,"
            text run at (0,16) width 16038: "world"
      RenderBlock {P} at (0,320) size 784x32 [bgcolor=#FFFFFF]
        RenderText {#text} at (0,0) size 780x32
          text run at (0,0) width 780: "The next line tests a very large positive letter spacing, and should also be *very* spaced out. You may only see an 'H' and"
          text run at (0,16) width 37: "a 'w', "
          text run at (36,16) width 416: "perhaps on two different lines, unless you scroll way to the right."
      RenderBlock {P} at (0,368) size 784x32 [bgcolor=#EEEEEE]
        RenderInline {SPAN} at (0,0) size 9600200x32
          RenderText {#text} at (160,0) size 9600200x32
            text run at (160,0) width 9600040: "Hello,"
            text run at (0,16) width 8000038: "world"
      RenderBlock {P} at (0,416) size 784x16 [bgcolor=#FFFFFF]
        RenderText {#text} at (0,0) size 539x16
          text run at (0,0) width 539: "The next line tests a small negative line spacing, and should be crammed backwards"
      RenderBlock {P} at (0,448) size 784x16 [bgcolor=#EEEEEE]
        RenderInline {SPAN} at (0,0) size 0x16
          RenderText {#text} at (160,0) size 0x16
            text run at (160,0) width 0: "Hello, world"
      RenderBlock {P} at (0,480) size 784x16 [bgcolor=#FFFFFF]
        RenderText {#text} at (0,0) size 518x16
          text run at (0,0) width 518: "The next line tests a large negative line spacing, and should be just display an 'H'"
      RenderBlock {P} at (0,512) size 784x16 [bgcolor=#EEEEEE]
        RenderInline {SPAN} at (0,0) size 0x16
          RenderText {#text} at (160,0) size 0x16
            text run at (160,0) width 0: "Hello, world"
      RenderBlock {P} at (0,544) size 784x16 [bgcolor=#FFFFFF]
        RenderText {#text} at (0,0) size 519x16
          text run at (0,0) width 519: "The next line tests a very large negative line spacing, and should just have an 'H'."
      RenderBlock {P} at (0,576) size 784x16 [bgcolor=#EEEEEE]
        RenderInline {SPAN} at (0,0) size 0x16
          RenderText {#text} at (160,0) size 0x16
            text run at (160,0) width 0: "Hello, world"
      RenderBlock {P} at (0,608) size 784x32 [bgcolor=#FFFFFF]
        RenderText {#text} at (0,0) size 783x32
          text run at (0,0) width 729: "The next few lines test the interaction with opacity. The first line should be normally spaced out, slightly opaque, "
          text run at (728,0) width 55: "and on a"
          text run at (0,16) width 201: "differently-colored background"
      RenderBlock {P} at (0,656) size 784x16 [bgcolor=#EEEEEE]
      RenderBlock {P} at (0,688) size 784x16 [bgcolor=#FFFFFF]
        RenderText {#text} at (0,0) size 723x16
          text run at (0,0) width 338: "The next line tests a small positive line spacing, and "
          text run at (337,0) width 386: "should be slightly spaced out, opaque, and on a background."
      RenderBlock {P} at (0,720) size 784x16 [bgcolor=#EEEEEE]
      RenderBlock {P} at (0,752) size 784x16 [bgcolor=#FFFFFF]
        RenderText {#text} at (0,0) size 643x16
          text run at (0,0) width 643: "The next line tests a large positive line spacing, and should be very widely spaced, on a background."
      RenderBlock {P} at (0,784) size 784x32 [bgcolor=#EEEEEE]
      RenderBlock {P} at (0,832) size 784x16 [bgcolor=#FFFFFF]
        RenderText {#text} at (0,0) size 767x16
          text run at (0,0) width 340: "The next line tests a very large positive line spacing, "
          text run at (339,0) width 428: "and should be very widely spaced but blank, and on a background."
      RenderBlock {P} at (0,864) size 784x32 [bgcolor=#EEEEEE]
      RenderBlock {P} at (0,912) size 784x16 [bgcolor=#FFFFFF]
        RenderText {#text} at (0,0) size 447x16
          text run at (0,0) width 447: "The next line tests a small negative line spacing, and should be blank."
      RenderBlock {P} at (0,944) size 784x16 [bgcolor=#EEEEEE]
      RenderBlock {P} at (0,976) size 784x16 [bgcolor=#FFFFFF]
        RenderText {#text} at (0,0) size 444x16
          text run at (0,0) width 444: "The next line tests a large negative line spacing, and should be blank."
      RenderBlock {P} at (0,1008) size 784x16 [bgcolor=#EEEEEE]
      RenderBlock {P} at (0,1040) size 784x16 [bgcolor=#FFFFFF]
        RenderText {#text} at (0,0) size 476x16
          text run at (0,0) width 476: "The next line tests a very large negative line spacing, and should be blank."
      RenderBlock {P} at (0,1072) size 784x16 [bgcolor=#EEEEEE]
      RenderBlock {P} at (0,1104) size 784x16 [bgcolor=#FFFFFF]
        RenderText {#text} at (0,0) size 266x16
          text run at (0,0) width 266: "Now we do a few basic right-to-left tests:"
      RenderBlock {P} at (0,1136) size 784x16 [bgcolor=#FFFFFF]
        RenderText {#text} at (0,0) size 262x16
          text run at (0,0) width 262: "The first line should be normally spaced."
      RenderBlock {P} at (0,1168) size 784x16 [bgcolor=#EEEEEE]
        RenderInline {SPAN} at (0,0) size 81x16
          RenderText {#text} at (160,0) size 81x16
            text run at (160,0) width 81 RTL override: "Hello, world"
      RenderBlock {P} at (0,1200) size 784x16 [bgcolor=#FFFFFF]
        RenderText {#text} at (0,0) size 411x16
          text run at (0,0) width 411: "The next line should be slightly spaced out (wider than normal)."
      RenderBlock {P} at (0,1232) size 784x16 [bgcolor=#EEEEEE]
        RenderInline {SPAN} at (0,0) size 177x16
          RenderText {#text} at (160,0) size 177x16
            text run at (160,0) width 177 RTL override: "Hello, world"
      RenderBlock {P} at (0,1264) size 784x16 [bgcolor=#FFFFFF]
        RenderText {#text} at (0,0) size 485x16
          text run at (0,0) width 353: "The next line should be crammed backwards, just as if "
          text run at (352,0) width 133: "it wasn't right-to-left"
      RenderBlock {P} at (0,1296) size 784x16 [bgcolor=#EEEEEE]
        RenderInline {SPAN} at (0,0) size 0x16
          RenderText {#text} at (160,0) size 0x16
            text run at (160,0) width 0 RTL override: "Hello, world"
      RenderBlock {P} at (0,1328) size 784x16 [bgcolor=#FFFFFF]
        RenderText {#text} at (0,0) size 471x16
          text run at (0,0) width 339: "The next line tests a large negative line spacing, and "
          text run at (338,0) width 133: "should just print a 'd'"
      RenderBlock {P} at (0,1360) size 784x16 [bgcolor=#EEEEEE]
        RenderInline {SPAN} at (0,0) size 0x16
          RenderText {#text} at (160,0) size 0x16
            text run at (160,0) width 0 RTL override: "Hello, world"
      RenderBlock {P} at (0,1392) size 784x32 [bgcolor=#FFFFFF]
        RenderText {#text} at (0,0) size 747x32
          text run at (0,0) width 149: "Now, opacity as well - "
          text run at (148,0) width 408: "The next line should be printed right to left, slightly spaced out "
          text run at (555,0) width 192: "(wider than normal), and on a"
          text run at (0,16) width 80: "background."
      RenderBlock {P} at (0,1440) size 784x16 [bgcolor=#EEEEEE]
      RenderBlock {P} at (0,1472) size 784x16 [bgcolor=#FFFFFF]
        RenderText {#text} at (0,0) size 447x16
          text run at (0,0) width 447: "The next line tests a small negative line spacing, and should be blank."
      RenderBlock {P} at (0,1504) size 784x16 [bgcolor=#EEEEEE]
      RenderBlock {P} at (0,1536) size 784x16 [bgcolor=#FFFFFF]
        RenderText {#text} at (0,0) size 457x16
          text run at (0,0) width 457: "The next line tests a large negative line spacing, and it should be blank."
      RenderBlock {P} at (0,1568) size 784x16 [bgcolor=#EEEEEE]
layer at (8,672) size 81x16 transparent
  RenderInline {SPAN} at (0,0) size 81x16 [bgcolor=#CCCCFF]
    RenderText {#text} at (160,0) size 81x16
      text run at (160,0) width 81: "Hello, world"
layer at (8,736) size 177x16 transparent
  RenderInline {SPAN} at (0,0) size 177x16 [bgcolor=#CCCCFF]
    RenderText {#text} at (160,0) size 177x16
      text run at (160,0) width 177: "Hello, world"
layer at (8,800) size 19400x32 transparent
  RenderInline {SPAN} at (0,0) size 19400x32 [bgcolor=#CCCCFF]
    RenderText {#text} at (160,0) size 19400x32
      text run at (160,0) width 19240: "Hello,"
      text run at (0,16) width 16038: "world"
layer at (8,880) size 9600200x32 transparent
  RenderInline {SPAN} at (0,0) size 9600200x32 [bgcolor=#CCCCFF]
    RenderText {#text} at (160,0) size 9600200x32
      text run at (160,0) width 9600040: "Hello,"
      text run at (0,16) width 8000038: "world"
layer at (8,960) size 0x16 transparent
  RenderInline {SPAN} at (0,0) size 0x16 [bgcolor=#CCCCFF]
    RenderText {#text} at (160,0) size 0x16
      text run at (160,0) width 0: "Hello, world"
layer at (8,1024) size 0x16 transparent
  RenderInline {SPAN} at (0,0) size 0x16 [bgcolor=#CCCCFF]
    RenderText {#text} at (160,0) size 0x16
      text run at (160,0) width 0: "Hello, world"
layer at (8,1088) size 0x16 transparent
  RenderInline {SPAN} at (0,0) size 0x16 [bgcolor=#CCCCFF]
    RenderText {#text} at (160,0) size 0x16
      text run at (160,0) width 0: "Hello, world"
layer at (8,1456) size 177x16 transparent
  RenderInline {SPAN} at (0,0) size 177x16 [bgcolor=#CCCCFF]
    RenderText {#text} at (160,0) size 177x16
      text run at (160,0) width 177 RTL override: "Hello, world"
layer at (8,1520) size 0x16 transparent
  RenderInline {SPAN} at (0,0) size 0x16 [bgcolor=#CCCCFF]
    RenderText {#text} at (160,0) size 0x16
      text run at (160,0) width 0 RTL override: "Hello, world"
layer at (8,1584) size 0x16 transparent
  RenderInline {SPAN} at (0,0) size 0x16 [bgcolor=#CCCCFF]
    RenderText {#text} at (160,0) size 0x16
      text run at (160,0) width 0 RTL override: "Hello, world"
