layer at (0,0) size 800x600
  RenderView at (0,0) size 800x600
layer at (0,0) size 800x600
  RenderBlock {HTML} at (0,0) size 800x600
    RenderBody {BODY} at (8,8) size 784x584
      RenderBlock {CENTER} at (0,0) size 784x51
        RenderBlock {FORM} at (0,0) size 784x19
          RenderTable {TABLE} at (78,0) size 628x19
            RenderTableSection {TBODY} at (0,0) size 628x19
              RenderTableRow {TR} at (0,0) size 628x19
                RenderTableCell {TD} at (0,1) size 150x16 [r=0 c=0 rs=2 cs=1]
                  RenderText {#text} at (0,0) size 4x16
                    text run at (0,0) width 4: " "
                RenderTableCell {TD} at (150,0) size 223x19 [r=0 c=1 rs=1 cs=1]
                  RenderTextControl {INPUT} at (0,0) size 223x19 [bgcolor=#FFFFFF] [border: (2px inset #EEEEEE)]
                  RenderText {#text} at (0,0) size 0x0
                RenderTableCell {TD} at (373,0) size 95x18 [r=0 c=2 rs=1 cs=1]
                  RenderButton {INPUT} at (0,0) size 94.66x18 [bgcolor=#C0C0C0]
                    RenderBlock (anonymous) at (8,2.50) size 78.66x13
                      RenderText {#text} at (0,0) size 79x13
                        text run at (0,0) width 79: "Search Froogle"
                  RenderText {#text} at (0,0) size 0x0
                RenderTableCell {TD} at (468,0) size 160x18 [r=0 c=3 rs=2 cs=1]
                  RenderInline {LABEL} at (0,0) size 116x11
                    RenderText {#text} at (0,0) size 0x0
                    RenderBlock {INPUT} at (12.91,3) size 12x12
                    RenderText {#text} at (27,5) size 99x11
                      text run at (27,5) width 99: " Remember this location"
                  RenderText {#text} at (0,0) size 0x0
        RenderBlock (anonymous) at (0,35) size 784x16
          RenderBR {BR} at (392,0) size 0x16
layer at (239,11) size 217x13
  RenderBlock {DIV} at (3,3) size 217x13
caret: position 1 of child 0 {#text} of child 1 {TD} of child 0 {TR} of child 1 {TBODY} of child 1 {TABLE} of child 1 {FORM} of child 1 {CENTER} of body
