layer at (0,0) size 800x600
  RenderView at (0,0) size 800x600
layer at (0,0) size 800x211
  RenderBlock {HTML} at (0,0) size 800x210.72
    RenderBody {BODY} at (8,16) size 784x186.72
      RenderBlock {P} at (0,0) size 784x32
        RenderText {#text} at (0,0) size 775x32
          text run at (0,0) width 775: "This tests line break on vertical text. The test should be run on a cold font cache and refreshing the page should not show"
          text run at (0,16) width 69: "difference."
      RenderBlock {DIV} at (0,48) size 98x138.72
        RenderText {#text} at (4,4) size 44x135
          text run at (4,4) width 135 RTL: "\x{5D0}\x{5E0}\x{5D9} \x{5D7}\x{5EA}\x{5D5}\x{5DC}. \x{5D0}\x{5D9}\x{5DF}"
          text run at (28,69) width 70 RTL: "\x{5DC}\x{5D9} \x{5E9}\x{5DD}."
