layer at (0,0) size 800x600
  RenderView at (0,0) size 800x600
layer at (0,0) size 800x600
  RenderBlock {HTML} at (0,0) size 800x600
    RenderBody {BODY} at (8,8) size 784x576
      RenderBlock {P} at (0,0) size 784x32
        RenderText {#text} at (0,0) size 55x16
          text run at (0,0) width 55: "Test for "
        RenderInline {I} at (0,0) size 767x32
          RenderInline {A} at (0,0) size 306x16 [color=#0000EE]
            RenderText {#text} at (54,0) size 306x16
              text run at (54,0) width 306: "http://bugs.webkit.org/show_bug.cgi?id=15259"
          RenderText {#text} at (359,0) size 767x32
            text run at (359,0) width 5: " "
            text run at (363,0) width 404: "REGRESSION:Text overflows if a empty <td> is followed by a"
            text run at (0,16) width 136: "<td align=\"center\">"
        RenderText {#text} at (135,16) size 5x16
          text run at (135,16) width 5: "."
      RenderBlock {P} at (0,48) size 784x16
        RenderText {#text} at (0,0) size 267x16
          text run at (0,0) width 267: "The next 7 lines should all look the same."
      RenderBlock (floating) {DIV} at (0,80) size 82.23x22 [border: (3px solid #000000)]
        RenderText {#text} at (3,3) size 77x16
          text run at (3,3) width 77: "A B"
      RenderBlock (floating) {DIV} at (0,102) size 82.23x22 [border: (3px solid #000000)]
        RenderText {#text} at (3,3) size 77x16
          text run at (3,3) width 77: "A B"
      RenderBlock (floating) {DIV} at (0,124) size 82.23x22 [border: (3px solid #000000)]
        RenderInline {SPAN} at (0,0) size 12x16
          RenderText {#text} at (3,3) size 12x16
            text run at (3,3) width 12: "A"
        RenderText {#text} at (64,3) size 16x16
          text run at (64,3) width 16: " B"
      RenderBlock (floating) {DIV} at (0,146) size 82.23x22 [border: (3px solid #000000)]
        RenderInline {SPAN} at (0,0) size 12x16
          RenderText {#text} at (3,3) size 12x16
            text run at (3,3) width 12: "A"
        RenderText {#text} at (64,3) size 16x16
          text run at (64,3) width 16: " B"
      RenderBlock (floating) {DIV} at (0,168) size 82.23x22 [border: (3px solid #000000)]
        RenderInline {SPAN} at (0,0) size 12x16
          RenderText {#text} at (3,3) size 12x16
            text run at (3,3) width 12: "A"
        RenderText {#text} at (64,3) size 16x16
          text run at (64,3) width 16: " B"
      RenderBlock (floating) {DIV} at (0,190) size 82.23x22 [border: (3px solid #000000)]
        RenderInline {SPAN} at (0,0) size 12x16
          RenderText {#text} at (3,3) size 12x16
            text run at (3,3) width 12: "A"
        RenderText {#text} at (64,3) size 5x16
          text run at (64,3) width 5: " "
        RenderInline {SPAN} at (0,0) size 12x16
          RenderText {#text} at (68,3) size 12x16
            text run at (68,3) width 12: "B"
      RenderBlock (floating) {DIV} at (0,212) size 82.23x22 [border: (3px solid #000000)]
        RenderInline {SPAN} at (0,0) size 12x16
          RenderText {#text} at (3,3) size 12x16
            text run at (3,3) width 12: "A"
        RenderText {#text} at (64,3) size 16x16
          text run at (64,3) width 16: " B"
