layer at (0,0) size 800x600
  RenderView at (0,0) size 800x600
layer at (0,0) size 800x128
  RenderBlock {HTML} at (0,0) size 800x128
    RenderBody {BODY} at (8,8) size 784x112
      RenderBlock {DIV} at (0,0) size 784x32
        RenderText {#text} at (0,0) size 103x16
          text run at (0,0) width 103: "Select this text. "
        RenderInline {FONT} at (0,0) size 753x27
          RenderText {#text} at (102,4) size 753x27
            text run at (102,4) width 83: "I am teeny and tiny. "
            text run at (184,4) width 292: "I am going to have lots of text but each line should retain the big height. "
            text run at (475,4) width 278: "If the lines shrink, it means that the root line box's height is not being"
            text run at (0,20) width 114: "considered and that's wrong."
        RenderText {#text} at (0,0) size 0x0
      RenderBlock {P} at (0,48) size 784x0
      RenderBlock {DIV} at (0,48) size 784x64
        RenderInline {FONT} at (0,0) size 773x64
          RenderText {#text} at (0,0) size 432x32
            text run at (0,0) width 432: "This text is absolutely enormous. "
          RenderInline {FONT} at (0,0) size 773x43
            RenderText {#text} at (431,16) size 773x43
              text run at (431,16) width 84: "I am teeny and tiny. "
              text run at (514,16) width 259: "I am going to have lots of text but each line should retain the big"
              text run at (0,48) width 30: "height. "
              text run at (29,48) width 403: "If the lines shrink, it means that the span's line box's height is not being considered and that's wrong."
          RenderText {#text} at (0,0) size 0x0
