layer at (0,0) size 800x600
  RenderView at (0,0) size 800x600
layer at (0,0) size 800x281
  RenderBlock {HTML} at (0,0) size 800x281
    RenderBody {BODY} at (8,8) size 784x257
      RenderBlock (anonymous) at (0,0) size 784x48
        RenderText {#text} at (0,0) size 759x48
          text run at (0,0) width 541: "Tests of WebKit's intepretation of font sizes when no absolute font size is specified. "
          text run at (540,0) width 219: "Percentages and logical keywords"
          text run at (0,16) width 203: "scale to reflect the family type. "
          text run at (202,16) width 539: "Opera 9 matches this behavior as well (except it has a bug with multiple font-family"
          text run at (0,32) width 217: "mappings as in the first example)."
      RenderBlock {PRE} at (0,61) size 784x13
        RenderInline {SPAN} at (0,0) size 118x13
          RenderText {#text} at (0,0) size 118x13
            text run at (0,0) width 118: "Should be 13 px"
      RenderBlock {PRE} at (0,87) size 784x13
        RenderInline {SPAN} at (0,0) size 82x13
          RenderText {#text} at (0,0) size 82x13
            text run at (0,0) width 82: "Should be 13px"
      RenderBlock {PRE} at (0,113) size 784x13
        RenderInline {SPAN} at (0,0) size 82x13
          RenderText {#text} at (0,0) size 82x13
            text run at (0,0) width 82: "Should be 13px"
      RenderBlock {P} at (0,142) size 784x16
        RenderInline {SPAN} at (0,0) size 82x13
          RenderText {#text} at (0,2) size 82x13
            text run at (0,2) width 82: "Should be 13px"
      RenderBlock {P} at (0,174) size 784x16
        RenderInline {TT} at (0,0) size 101x16
          RenderInline {SPAN} at (0,0) size 101x16
            RenderText {#text} at (0,0) size 101x16
              text run at (0,0) width 101: "Should be 16px"
      RenderBlock {P} at (0,206) size 784x16
        RenderInline {TT} at (0,0) size 101x13
          RenderInline {SPAN} at (0,0) size 101x16
            RenderText {#text} at (0,0) size 101x16
              text run at (0,0) width 101: "Should be 16px"
      RenderBlock {P} at (0,238) size 784x19
        RenderInline {TT} at (0,0) size 121x13
          RenderInline {SPAN} at (0,0) size 121x19
            RenderText {#text} at (0,0) size 121x19
              text run at (0,0) width 121: "Should be 19px"
