layer at (0,0) size 800x600
  RenderView at (0,0) size 800x600
layer at (0,0) size 800x600
  RenderBlock {HTML} at (0,0) size 800x600
    RenderBody {BODY} at (8,8) size 784x584
      RenderBlock (anonymous) at (0,0) size 784x48
        RenderText {#text} at (0,0) size 756x32
          text run at (0,0) width 756: "This test is for a bug we had with clipping transparency layers. The bug is visual, so the pixel test is more worthwhile."
          text run at (0,16) width 648: "Below, \"Peach,\" \"Plum,\" and \"Pear\" should appear. Before, we were clipping out \"Plum\" and \"Pear.\""
        RenderBR {BR} at (647,28) size 1x0
        RenderBR {BR} at (0,32) size 0x16
layer at (8,56) size 784x16 transparent
  RenderBlock {DIV} at (0,48) size 784x16
    RenderText {#text} at (0,0) size 39x16
      text run at (0,0) width 39: "Peach"
    RenderText {#text} at (0,0) size 0x0
layer at (8,72) size 34x16 transparent
  RenderBlock (positioned) {DIV} at (8,72) size 33.80x16
    RenderText {#text} at (0,0) size 34x16
      text run at (0,0) width 34: "Plum"
    RenderText {#text} at (0,0) size 0x0
layer at (8,88) size 28x16 transparent
  RenderBlock (positioned) {DIV} at (0,16) size 28.44x16
    RenderText {#text} at (0,0) size 29x16
      text run at (0,0) width 29: "Pear"
