layer at (0,0) size 800x600
  RenderView at (0,0) size 800x600
layer at (0,0) size 800x600
  RenderBlock {HTML} at (0,0) size 800x600
    RenderBody {BODY} at (8,8) size 784x584 [bgcolor=#CCCCCC]
      RenderBlock {P} at (0,0) size 764x18
        RenderText {#text} at (0,0) size 363x17
          text run at (0,0) width 363: "The style declarations which apply to the text below are:"
      RenderBlock {PRE} at (0,34) size 784x64
        RenderText {#text} at (0,0) size 320x64
          text run at (0,0) width 184: "P {margin-right: 20px;}"
          text run at (184,0) width 0: " "
          text run at (0,16) width 320: ".one {border-right: purple double 10px;}"
          text run at (320,16) width 0: " "
          text run at (0,32) width 312: ".two {border-right: purple thin solid;}"
          text run at (312,32) width 0: " "
          text run at (0,48) width 0: " "
      RenderBlock {HR} at (0,111) size 784x2 [border: (1px inset #EEEEEE)]
      RenderBlock {P} at (0,129) size 764x54 [bgcolor=#C0C0C0]
        RenderText {#text} at (0,0) size 721x35
          text run at (0,0) width 721: "This paragraph has a background color of silver and a 20-pixel right margin, and it contains inline elements with"
          text run at (0,18) width 66: "classes of "
        RenderInline {SPAN} at (0,0) size 69x17 [border: none (10px double #800080) none]
          RenderText {#text} at (65,18) size 59x17
            text run at (65,18) width 59: "class one"
        RenderText {#text} at (133,18) size 406x17
          text run at (133,18) width 406: ", which should have a 10-pixel purple double right border; and "
        RenderInline {SPAN} at (0,0) size 61x17 [border: none (1px solid #800080) none]
          RenderText {#text} at (538,18) size 60x17
            text run at (538,18) width 60: "class two"
        RenderText {#text} at (598,18) size 738x35
          text run at (598,18) width 140: ", which should have a"
          text run at (0,36) width 193: "thin solid purple right border. "
          text run at (192,36) width 439: "The line-height of the parent element should not change on any line."
      RenderTable {TABLE} at (0,199) size 784x90 [border: (1px outset #808080)]
        RenderTableSection {TBODY} at (1,1) size 782x88
          RenderTableRow {TR} at (0,0) size 782x26
            RenderTableCell {TD} at (0,0) size 782x26 [bgcolor=#C0C0C0] [border: (1px inset #808080)] [r=0 c=0 rs=1 cs=2]
              RenderInline {STRONG} at (0,0) size 163x17
                RenderText {#text} at (4,4) size 163x17
                  text run at (4,4) width 163: "TABLE Testing Section"
          RenderTableRow {TR} at (0,26) size 782x62
            RenderTableCell {TD} at (0,44) size 12x26 [bgcolor=#C0C0C0] [border: (1px inset #808080)] [r=1 c=0 rs=1 cs=1]
              RenderText {#text} at (4,4) size 4x17
                text run at (4,4) width 4: " "
            RenderTableCell {TD} at (12,26) size 770x62 [border: (1px inset #808080)] [r=1 c=1 rs=1 cs=1]
              RenderBlock {P} at (4,4) size 742x54 [bgcolor=#C0C0C0]
                RenderText {#text} at (0,0) size 721x35
                  text run at (0,0) width 721: "This paragraph has a background color of silver and a 20-pixel right margin, and it contains inline elements with"
                  text run at (0,18) width 66: "classes of "
                RenderInline {SPAN} at (0,0) size 69x17 [border: none (10px double #800080) none]
                  RenderText {#text} at (65,18) size 59x17
                    text run at (65,18) width 59: "class one"
                RenderText {#text} at (133,18) size 406x17
                  text run at (133,18) width 406: ", which should have a 10-pixel purple double right border; and "
                RenderInline {SPAN} at (0,0) size 61x17 [border: none (1px solid #800080) none]
                  RenderText {#text} at (538,18) size 60x17
                    text run at (538,18) width 60: "class two"
                RenderText {#text} at (598,18) size 738x35
                  text run at (598,18) width 140: ", which should have a"
                  text run at (0,36) width 193: "thin solid purple right border. "
                  text run at (192,36) width 439: "The line-height of the parent element should not change on any line."
