layer at (0,0) size 785x883
  RenderView at (0,0) size 785x600
layer at (0,0) size 785x883
  RenderBlock {HTML} at (0,0) size 785x883
    RenderBody {BODY} at (8,8) size 769x867 [bgcolor=#CCCCCC]
      RenderBlock {P} at (0,0) size 769x18
        RenderText {#text} at (0,0) size 363x17
          text run at (0,0) width 363: "The style declarations which apply to the text below are:"
      RenderBlock {PRE} at (0,34) size 769x96
        RenderText {#text} at (0,0) size 464x96
          text run at (0,0) width 456: ".zero {background-color: silver; border-bottom-width: 0;}"
          text run at (456,0) width 0: " "
          text run at (0,16) width 432: ".one {border-bottom-width: 50px; border-style: solid;}"
          text run at (432,16) width 0: " "
          text run at (0,32) width 440: ".two {border-bottom-width: thick; border-style: solid;}"
          text run at (440,32) width 0: " "
          text run at (0,48) width 464: ".three {border-bottom-width: medium; border-style: solid;}"
          text run at (464,48) width 0: " "
          text run at (0,64) width 440: ".four {border-bottom-width: thin; border-style: solid;}"
          text run at (440,64) width 0: " "
          text run at (0,80) width 272: ".five {border-bottom-width: 25px;}"
          text run at (272,80) width 0: " "
      RenderBlock {HR} at (0,143) size 769x2 [border: (1px inset #EEEEEE)]
      RenderBlock {P} at (0,161) size 769x18
        RenderText {#text} at (0,0) size 160x17
          text run at (0,0) width 160: "(These will only work if "
        RenderInline {CODE} at (0,0) size 97x16
          RenderText {#text} at (159,2) size 97x16
            text run at (159,2) width 97: "border-style"
        RenderText {#text} at (255,0) size 92x17
          text run at (255,0) width 92: " is supported.)"
      RenderBlock {P} at (0,195) size 769x18 [bgcolor=#C0C0C0]
        RenderText {#text} at (0,0) size 208x17
          text run at (0,0) width 208: "This element has a class of zero."
      RenderBlock {P} at (0,229) size 769x71 [border: (3px solid #000000) (50px solid #000000) (3px solid #000000)]
        RenderText {#text} at (3,3) size 395x17
          text run at (3,3) width 395: "This element should have a bottom border width of 50 pixels."
      RenderBlock {P} at (0,316) size 769x26 [border: (3px solid #000000) (5px solid #000000) (3px solid #000000)]
        RenderText {#text} at (3,3) size 351x17
          text run at (3,3) width 351: "This element should have a thick bottom border width."
      RenderBlock {P} at (0,358) size 769x24 [border: (3px solid #000000)]
        RenderText {#text} at (3,3) size 372x17
          text run at (3,3) width 372: "This element should have a medium bottom border width."
      RenderBlock {P} at (0,398) size 769x22 [border: (3px solid #000000) (1px solid #000000) (3px solid #000000)]
        RenderText {#text} at (3,3) size 344x17
          text run at (3,3) width 344: "This element should have a thin bottom border width."
      RenderBlock {P} at (0,436) size 769x18
        RenderText {#text} at (0,0) size 545x17
          text run at (0,0) width 545: "This element should have no border and no extra \"padding\" on its bottom side, as no "
        RenderInline {CODE} at (0,0) size 97x16
          RenderText {#text} at (544,2) size 97x16
            text run at (544,2) width 97: "border-style"
        RenderText {#text} at (640,0) size 56x17
          text run at (640,0) width 56: " was set."
      RenderBlock {P} at (0,470) size 769x18 [bgcolor=#C0C0C0]
        RenderText {#text} at (0,0) size 208x17
          text run at (0,0) width 208: "This element has a class of zero."
      RenderTable {TABLE} at (0,504) size 718x363 [border: (1px outset #808080)]
        RenderTableSection {TBODY} at (1,1) size 716x361
          RenderTableRow {TR} at (0,0) size 716x26
            RenderTableCell {TD} at (0,0) size 716x26 [bgcolor=#C0C0C0] [border: (1px inset #808080)] [r=0 c=0 rs=1 cs=2]
              RenderInline {STRONG} at (0,0) size 163x17
                RenderText {#text} at (4,4) size 163x17
                  text run at (4,4) width 163: "TABLE Testing Section"
          RenderTableRow {TR} at (0,26) size 716x335
            RenderTableCell {TD} at (0,180) size 12x26 [bgcolor=#C0C0C0] [border: (1px inset #808080)] [r=1 c=0 rs=1 cs=1]
              RenderText {#text} at (4,4) size 4x17
                text run at (4,4) width 4: " "
            RenderTableCell {TD} at (12,26) size 704x335 [border: (1px inset #808080)] [r=1 c=1 rs=1 cs=1]
              RenderBlock {P} at (4,4) size 696x18
                RenderText {#text} at (0,0) size 160x17
                  text run at (0,0) width 160: "(These will only work if "
                RenderInline {CODE} at (0,0) size 97x16
                  RenderText {#text} at (159,2) size 97x16
                    text run at (159,2) width 97: "border-style"
                RenderText {#text} at (255,0) size 92x17
                  text run at (255,0) width 92: " is supported.)"
              RenderBlock {P} at (4,38) size 696x18 [bgcolor=#C0C0C0]
                RenderText {#text} at (0,0) size 208x17
                  text run at (0,0) width 208: "This element has a class of zero."
              RenderBlock {P} at (4,72) size 696x71 [border: (3px solid #000000) (50px solid #000000) (3px solid #000000)]
                RenderText {#text} at (3,3) size 395x17
                  text run at (3,3) width 395: "This element should have a bottom border width of 50 pixels."
              RenderBlock {P} at (4,159) size 696x26 [border: (3px solid #000000) (5px solid #000000) (3px solid #000000)]
                RenderText {#text} at (3,3) size 351x17
                  text run at (3,3) width 351: "This element should have a thick bottom border width."
              RenderBlock {P} at (4,201) size 696x24 [border: (3px solid #000000)]
                RenderText {#text} at (3,3) size 372x17
                  text run at (3,3) width 372: "This element should have a medium bottom border width."
              RenderBlock {P} at (4,241) size 696x22 [border: (3px solid #000000) (1px solid #000000) (3px solid #000000)]
                RenderText {#text} at (3,3) size 344x17
                  text run at (3,3) width 344: "This element should have a thin bottom border width."
              RenderBlock {P} at (4,279) size 696x18
                RenderText {#text} at (0,0) size 545x17
                  text run at (0,0) width 545: "This element should have no border and no extra \"padding\" on its bottom side, as no "
                RenderInline {CODE} at (0,0) size 97x16
                  RenderText {#text} at (544,2) size 97x16
                    text run at (544,2) width 97: "border-style"
                RenderText {#text} at (640,0) size 56x17
                  text run at (640,0) width 56: " was set."
              RenderBlock {P} at (4,313) size 696x18 [bgcolor=#C0C0C0]
                RenderText {#text} at (0,0) size 208x17
                  text run at (0,0) width 208: "This element has a class of zero."
