layer at (0,0) size 785x865
  RenderView at (0,0) size 785x600
layer at (0,0) size 785x865
  RenderBlock {HTML} at (0,0) size 785x865
    RenderBody {BODY} at (8,8) size 769x849 [bgcolor=#CCCCCC]
      RenderBlock {P} at (0,0) size 769x18
        RenderText {#text} at (0,0) size 363x17
          text run at (0,0) width 363: "The style declarations which apply to the text below are:"
      RenderBlock {PRE} at (0,34) size 769x96
        RenderText {#text} at (0,0) size 448x96
          text run at (0,0) width 440: ".zero {background-color: silver; border-left-width: 0;}"
          text run at (440,0) width 0: " "
          text run at (0,16) width 416: ".one {border-left-width: 50px; border-style: solid;}"
          text run at (416,16) width 0: " "
          text run at (0,32) width 424: ".two {border-left-width: thick; border-style: solid;}"
          text run at (424,32) width 0: " "
          text run at (0,48) width 448: ".three {border-left-width: medium; border-style: solid;}"
          text run at (448,48) width 0: " "
          text run at (0,64) width 424: ".four {border-left-width: thin; border-style: solid;}"
          text run at (424,64) width 0: " "
          text run at (0,80) width 256: ".five {border-left-width: 25px;}"
          text run at (256,80) width 0: " "
      RenderBlock {HR} at (0,143) size 769x2 [border: (1px inset #EEEEEE)]
      RenderBlock {P} at (0,161) size 769x18
        RenderText {#text} at (0,0) size 160x17
          text run at (0,0) width 160: "(These will only work if "
        RenderInline {CODE} at (0,0) size 97x16
          RenderText {#text} at (159,2) size 97x16
            text run at (159,2) width 97: "border-style"
        RenderText {#text} at (255,0) size 92x17
          text run at (255,0) width 92: " is supported.)"
      RenderBlock {P} at (0,195) size 769x18 [bgcolor=#C0C0C0]
        RenderText {#text} at (0,0) size 208x17
          text run at (0,0) width 208: "This element has a class of zero."
      RenderBlock {P} at (0,229) size 769x42 [border: (3px solid #000000) (50px solid #000000)]
        RenderText {#text} at (50,3) size 697x35
          text run at (50,3) width 697: "This element should have a left border width of 50 pixels, which will be more obvious if the element is more"
          text run at (50,21) width 120: "than one line long."
      RenderBlock {P} at (0,287) size 769x42 [border: (3px solid #000000) (5px solid #000000)]
        RenderText {#text} at (5,3) size 740x35
          text run at (5,3) width 740: "This element should have a thick left border width, which will be more obvious if the element is more than one line"
          text run at (5,21) width 33: "long."
      RenderBlock {P} at (0,345) size 769x42 [border: (3px solid #000000)]
        RenderText {#text} at (3,3) size 760x35
          text run at (3,3) width 760: "This element should have a medium left border width, which will be more obvious if the element is more than one line"
          text run at (3,21) width 33: "long."
      RenderBlock {P} at (0,403) size 769x42 [border: (3px solid #000000) (1px solid #000000)]
        RenderText {#text} at (1,3) size 733x35
          text run at (1,3) width 733: "This element should have a thin left border width, which will be more obvious if the element is more than one line"
          text run at (1,21) width 33: "long."
      RenderBlock {P} at (0,461) size 769x18
        RenderText {#text} at (0,0) size 521x17
          text run at (0,0) width 521: "This element should have no border and no extra \"padding\" on its left side, as no "
        RenderInline {CODE} at (0,0) size 97x16
          RenderText {#text} at (520,2) size 97x16
            text run at (520,2) width 97: "border-style"
        RenderText {#text} at (616,0) size 56x17
          text run at (616,0) width 56: " was set."
      RenderTable {TABLE} at (0,495) size 769x354 [border: (1px outset #808080)]
        RenderTableSection {TBODY} at (1,1) size 767x352
          RenderTableRow {TR} at (0,0) size 767x26
            RenderTableCell {TD} at (0,0) size 767x26 [bgcolor=#C0C0C0] [border: (1px inset #808080)] [r=0 c=0 rs=1 cs=2]
              RenderInline {STRONG} at (0,0) size 163x17
                RenderText {#text} at (4,4) size 163x17
                  text run at (4,4) width 163: "TABLE Testing Section"
          RenderTableRow {TR} at (0,26) size 767x326
            RenderTableCell {TD} at (0,176) size 12x26 [bgcolor=#C0C0C0] [border: (1px inset #808080)] [r=1 c=0 rs=1 cs=1]
              RenderText {#text} at (4,4) size 4x17
                text run at (4,4) width 4: " "
            RenderTableCell {TD} at (12,26) size 755x326 [border: (1px inset #808080)] [r=1 c=1 rs=1 cs=1]
              RenderBlock {P} at (4,4) size 747x18
                RenderText {#text} at (0,0) size 160x17
                  text run at (0,0) width 160: "(These will only work if "
                RenderInline {CODE} at (0,0) size 97x16
                  RenderText {#text} at (159,2) size 97x16
                    text run at (159,2) width 97: "border-style"
                RenderText {#text} at (255,0) size 92x17
                  text run at (255,0) width 92: " is supported.)"
              RenderBlock {P} at (4,38) size 747x18 [bgcolor=#C0C0C0]
                RenderText {#text} at (0,0) size 208x17
                  text run at (0,0) width 208: "This element has a class of zero."
              RenderBlock {P} at (4,72) size 747x42 [border: (3px solid #000000) (50px solid #000000)]
                RenderText {#text} at (50,3) size 660x35
                  text run at (50,3) width 660: "This element should have a left border width of 50 pixels, which will be more obvious if the element is"
                  text run at (50,21) width 156: "more than one line long."
              RenderBlock {P} at (4,130) size 747x42 [border: (3px solid #000000) (5px solid #000000)]
                RenderText {#text} at (5,3) size 712x35
                  text run at (5,3) width 712: "This element should have a thick left border width, which will be more obvious if the element is more than one"
                  text run at (5,21) width 61: "line long."
              RenderBlock {P} at (4,188) size 747x42 [border: (3px solid #000000)]
                RenderText {#text} at (3,3) size 732x35
                  text run at (3,3) width 732: "This element should have a medium left border width, which will be more obvious if the element is more than one"
                  text run at (3,21) width 61: "line long."
              RenderBlock {P} at (4,246) size 747x42 [border: (3px solid #000000) (1px solid #000000)]
                RenderText {#text} at (1,3) size 733x35
                  text run at (1,3) width 733: "This element should have a thin left border width, which will be more obvious if the element is more than one line"
                  text run at (1,21) width 33: "long."
              RenderBlock {P} at (4,304) size 747x18
                RenderText {#text} at (0,0) size 521x17
                  text run at (0,0) width 521: "This element should have no border and no extra \"padding\" on its left side, as no "
                RenderInline {CODE} at (0,0) size 97x16
                  RenderText {#text} at (520,2) size 97x16
                    text run at (520,2) width 97: "border-style"
                RenderText {#text} at (616,0) size 56x17
                  text run at (616,0) width 56: " was set."
