layer at (0,0) size 800x600
  RenderView at (0,0) size 800x600
layer at (0,0) size 800x584
  RenderBlock {HTML} at (0,0) size 800x584
    RenderBody {BODY} at (8,16) size 784x560
      RenderBlock {P} at (0,0) size 784x16
        RenderText {#text} at (0,0) size 247x16
          text run at (0,0) width 247: "All of the boxes should look the same."
      RenderBlock (anonymous) at (0,32) size 784x528
        RenderText {#text} at (172,160) size 4x16
          text run at (172,160) width 4: " "
        RenderText {#text} at (348,160) size 4x16
          text run at (348,160) width 4: " "
        RenderText {#text} at (524,160) size 4x16
          text run at (524,160) width 4: " "
        RenderText {#text} at (700,160) size 4x16
          text run at (700,160) width 4: " "
        RenderBR {BR} at (0,0) size 0x0
        RenderText {#text} at (172,336) size 4x16
          text run at (172,336) width 4: " "
        RenderText {#text} at (348,336) size 4x16
          text run at (348,336) width 4: " "
        RenderText {#text} at (524,336) size 4x16
          text run at (524,336) width 4: " "
        RenderText {#text} at (700,336) size 4x16
          text run at (700,336) width 4: " "
        RenderBR {BR} at (0,0) size 0x0
        RenderText {#text} at (172,512) size 4x16
          text run at (172,512) width 4: " "
        RenderText {#text} at (348,512) size 4x16
          text run at (348,512) width 4: " "
        RenderText {#text} at (524,512) size 4x16
          text run at (524,512) width 4: " "
        RenderText {#text} at (0,0) size 0x0
layer at (18,58) size 152x152 clip at (19,59) size 135x135 scrollY 50.00 scrollWidth 210 scrollHeight 510
  RenderBlock {DIV} at (10,10) size 152x152 [border: (1px solid #000000)]
layer at (194,58) size 152x152 clip at (195,59) size 135x135 scrollY 50.00 scrollWidth 210 scrollHeight 510
  RenderBlock {DIV} at (186,10) size 152x152 [border: (1px solid #000000)]
layer at (19,9) size 210x510 backgroundClip at (19,59) size 135x135 clip at (19,59) size 135x135 outlineClip at (19,59) size 135x135
  RenderBlock {DIV} at (1,1) size 210x510 [bgcolor=#808080]
    RenderBlock {P} at (5,29) size 200x48
      RenderText {#text} at (0,0) size 192x48
        text run at (0,0) width 192: "This is the inner div"
        text run at (0,24) width 111: "that scrolls."
layer at (195,9) size 210x510 backgroundClip at (195,59) size 135x135 clip at (195,59) size 135x135 outlineClip at (195,59) size 135x135
  RenderBlock (relative positioned) {DIV} at (1,1) size 210x510 [bgcolor=#808080]
    RenderBlock {P} at (5,29) size 200x48
      RenderText {#text} at (0,0) size 192x48
        text run at (0,0) width 192: "This is the inner div"
        text run at (0,24) width 111: "that scrolls."
layer at (370,58) size 152x152 clip at (371,59) size 135x135 scrollY 50.00 scrollWidth 210 scrollHeight 510
  RenderBlock (relative positioned) {DIV} at (362,10) size 152x152 [border: (1px solid #000000)]
layer at (371,9) size 210x510 backgroundClip at (371,59) size 135x135 clip at (371,59) size 135x135 outlineClip at (371,59) size 135x135
  RenderBlock {DIV} at (1,1) size 210x510 [bgcolor=#808080]
    RenderBlock {P} at (5,29) size 200x48
      RenderText {#text} at (0,0) size 192x48
        text run at (0,0) width 192: "This is the inner div"
        text run at (0,24) width 111: "that scrolls."
layer at (546,58) size 152x152 clip at (547,59) size 135x135 scrollY 50.00 scrollWidth 210 scrollHeight 510
  RenderBlock (relative positioned) {DIV} at (538,10) size 152x152 [border: (1px solid #000000)]
layer at (547,9) size 210x510 backgroundClip at (547,59) size 135x135 clip at (547,59) size 135x135 outlineClip at (547,59) size 135x135
  RenderBlock (relative positioned) {DIV} at (1,1) size 210x510 [bgcolor=#808080]
    RenderBlock {P} at (5,29) size 200x48
      RenderText {#text} at (0,0) size 192x48
        text run at (0,0) width 192: "This is the inner div"
        text run at (0,24) width 111: "that scrolls."
layer at (18,234) size 152x152 clip at (19,235) size 135x135 scrollY 50.00 scrollWidth 210 scrollHeight 510
  RenderBlock {DIV} at (10,186) size 152x152 [border: (1px solid #000000)]
    RenderBlock {DIV} at (1,1) size 210x510 [bgcolor=#808080]
      RenderBlock {P} at (5,29) size 200x48
        RenderText {#text} at (0,0) size 192x48
          text run at (0,0) width 192: "This is the inner div"
          text run at (0,24) width 111: "that scrolls."
layer at (194,234) size 152x152 clip at (195,235) size 135x135 scrollY 50.00 scrollWidth 210 scrollHeight 510
  RenderBlock {DIV} at (186,186) size 152x152 [border: (1px solid #000000)]
layer at (195,185) size 210x510 backgroundClip at (195,235) size 135x135 clip at (195,235) size 135x135 outlineClip at (195,235) size 135x135
  RenderBlock (relative positioned) {DIV} at (1,1) size 210x510 [bgcolor=#808080]
    RenderBlock {P} at (5,29) size 200x48
      RenderText {#text} at (0,0) size 192x48
        text run at (0,0) width 192: "This is the inner div"
        text run at (0,24) width 111: "that scrolls."
layer at (370,234) size 152x152 clip at (371,235) size 135x135 scrollY 50.00 scrollWidth 210 scrollHeight 510
  RenderBlock {DIV} at (362,186) size 152x152 [border: (1px solid #000000)]
layer at (371,185) size 210x510 backgroundClip at (371,235) size 135x135 clip at (371,235) size 135x135 outlineClip at (371,235) size 135x135
  RenderBlock {DIV} at (1,1) size 210x510 [bgcolor=#808080]
    RenderBlock {P} at (5,29) size 200x48
      RenderText {#text} at (0,0) size 192x48
        text run at (0,0) width 192: "This is the inner div"
        text run at (0,24) width 111: "that scrolls."
layer at (546,234) size 152x152 clip at (547,235) size 135x135 scrollY 50.00 scrollWidth 210 scrollHeight 510
  RenderBlock {DIV} at (538,186) size 152x152 [border: (1px solid #000000)]
layer at (547,185) size 210x510 backgroundClip at (547,235) size 135x135 clip at (547,235) size 135x135 outlineClip at (547,235) size 135x135
  RenderBlock (relative positioned) {DIV} at (1,1) size 210x510 [bgcolor=#808080]
    RenderBlock {P} at (5,29) size 200x48
      RenderText {#text} at (0,0) size 192x48
        text run at (0,0) width 192: "This is the inner div"
        text run at (0,24) width 111: "that scrolls."
layer at (18,410) size 152x152 clip at (19,411) size 135x135 scrollY 50.00 scrollWidth 210 scrollHeight 510
  RenderBlock (relative positioned) {DIV} at (10,362) size 152x152 [border: (1px solid #000000)]
    RenderBlock {DIV} at (1,1) size 210x510 [bgcolor=#808080]
      RenderBlock {P} at (5,29) size 200x48
        RenderText {#text} at (0,0) size 192x48
          text run at (0,0) width 192: "This is the inner div"
          text run at (0,24) width 111: "that scrolls."
layer at (194,410) size 152x152 clip at (195,411) size 135x135 scrollY 50.00 scrollWidth 210 scrollHeight 510
  RenderBlock (relative positioned) {DIV} at (186,362) size 152x152 [border: (1px solid #000000)]
layer at (195,361) size 210x510 backgroundClip at (195,411) size 135x135 clip at (195,411) size 135x135 outlineClip at (195,411) size 135x135
  RenderBlock (relative positioned) {DIV} at (1,1) size 210x510 [bgcolor=#808080]
    RenderBlock {P} at (5,29) size 200x48
      RenderText {#text} at (0,0) size 192x48
        text run at (0,0) width 192: "This is the inner div"
        text run at (0,24) width 111: "that scrolls."
layer at (370,410) size 152x152 clip at (371,411) size 135x135 scrollY 50.00 scrollWidth 210 scrollHeight 510
  RenderBlock (relative positioned) {DIV} at (362,362) size 152x152 [border: (1px solid #000000)]
layer at (371,361) size 210x510 backgroundClip at (371,411) size 135x135 clip at (371,411) size 135x135 outlineClip at (371,411) size 135x135
  RenderBlock {DIV} at (1,1) size 210x510 [bgcolor=#808080]
    RenderBlock {P} at (5,29) size 200x48
      RenderText {#text} at (0,0) size 192x48
        text run at (0,0) width 192: "This is the inner div"
        text run at (0,24) width 111: "that scrolls."
layer at (546,410) size 152x152 clip at (547,411) size 135x135 scrollY 50.00 scrollWidth 210 scrollHeight 510
  RenderBlock (relative positioned) {DIV} at (538,362) size 152x152 [border: (1px solid #000000)]
layer at (547,361) size 210x510 backgroundClip at (547,411) size 135x135 clip at (547,411) size 135x135 outlineClip at (547,411) size 135x135
  RenderBlock (relative positioned) {DIV} at (1,1) size 210x510 [bgcolor=#808080]
    RenderBlock {P} at (5,29) size 200x48
      RenderText {#text} at (0,0) size 192x48
        text run at (0,0) width 192: "This is the inner div"
        text run at (0,24) width 111: "that scrolls."
