layer at (0,0) size 800x600
  RenderView at (0,0) size 800x600
layer at (0,0) size 800x600
  RenderBlock {HTML} at (0,0) size 800x600
    RenderBody {BODY} at (8,8) size 784x584
      RenderBlock {H2} at (3.19,0) size 777.63x20
        RenderText {#text} at (0,0) size 343x19
          text run at (0,0) width 343: "Horizontal meters with the non-themed default style"
      RenderBlock {UL} at (3.19,23.19) size 777.63x64.19
        RenderListItem {LI} at (43.19,0) size 731.25x20
          RenderBlock {METER} at (0,2.19) size 80x16
            RenderMeter {DIV} at (0,0) size 80x16
              RenderBlock {DIV} at (0,0) size 80x16
                RenderBlock {DIV} at (0,0) size 20x16
          RenderText {#text} at (80,0) size 4x19
            text run at (80,0) width 4: " "
          RenderBlock {METER} at (84,2.19) size 80x16
            RenderMeter {DIV} at (0,0) size 80x16
              RenderBlock {DIV} at (0,0) size 80x16
                RenderBlock {DIV} at (0,0) size 36x16
          RenderText {#text} at (164,0) size 4x19
            text run at (164,0) width 4: " "
          RenderBlock {METER} at (168,2.19) size 80x16
            RenderMeter {DIV} at (0,0) size 80x16
              RenderBlock {DIV} at (0,0) size 80x16
                RenderBlock {DIV} at (0,0) size 60x16
        RenderListItem {LI} at (43.19,23.19) size 731.25x41
          RenderBlock {METER} at (0,-0.81) size 30x40
            RenderMeter {DIV} at (0,0) size 30x40
              RenderBlock {DIV} at (0,0) size 30x40
                RenderBlock {DIV} at (0,0) size 7.50x40
          RenderText {#text} at (30,21) size 4x19
            text run at (30,21) width 4: " "
          RenderBlock {METER} at (34,-0.81) size 30x40
            RenderMeter {DIV} at (0,0) size 30x40
              RenderBlock {DIV} at (0,0) size 30x40
                RenderBlock {DIV} at (0,0) size 13.50x40
          RenderText {#text} at (64,21) size 4x19
            text run at (64,21) width 4: " "
          RenderBlock {METER} at (68,-0.81) size 30x40
            RenderMeter {DIV} at (0,0) size 30x40
              RenderBlock {DIV} at (0,0) size 30x40
                RenderBlock {DIV} at (0,0) size 22.50x40
      RenderBlock {H2} at (3.19,90.56) size 777.63x20
        RenderText {#text} at (0,0) size 149x19
          text run at (0,0) width 149: "Providing meter styles"
      RenderBlock {DIV} at (0,113.75) size 784x96.56 [bgcolor=#EEEEEE]
        RenderBlock {UL} at (3.19,0) size 777.63x96.56
          RenderListItem {LI} at (43.19,0) size 731.25x20
            RenderBlock {METER} at (0,2.19) size 80x16 [bgcolor=#AAAACC] [border: (5px solid #222244) (20px solid #222244) (5px solid #222244) (10px solid #222244)]
              RenderMeter {DIV} at (10,5) size 50x6
                RenderBlock {DIV} at (0,0) size 50x6
                  RenderBlock {DIV} at (0,0) size 40x6
            RenderText {#text} at (80,0) size 69x19
              text run at (80,0) width 69: " has border"
          RenderListItem {LI} at (43.19,23.19) size 731.25x20
            RenderBlock {METER} at (0,2.19) size 80x16 [bgcolor=#AAAACC]
              RenderMeter {DIV} at (10,5) size 50x6
                RenderBlock {DIV} at (0,0) size 50x6
                  RenderBlock {DIV} at (0,0) size 40x6
            RenderText {#text} at (80,0) size 76x19
              text run at (80,0) width 76: " has padding"
          RenderListItem {LI} at (43.19,46.38) size 731.25x27
            RenderBlock {METER} at (10,4.19) size 80x16 [bgcolor=#AAAACC]
              RenderMeter {DIV} at (0,0) size 80x16
                RenderBlock {DIV} at (0,0) size 80x16
                  RenderBlock {DIV} at (0,0) size 64x16
            RenderText {#text} at (110,7) size 68x19
              text run at (110,7) width 68: " has margin"
          RenderListItem {LI} at (43.19,76.56) size 731.25x20
            RenderBlock {METER} at (0,2.19) size 80x16
              RenderMeter {DIV} at (0,0) size 80x16
                RenderBlock {DIV} at (0,0) size 80x16
                  RenderBlock {DIV} at (0,0) size 0x16
            RenderText {#text} at (80,0) size 104x19
              text run at (80,0) width 104: " has box-shadow"
      RenderBlock {H2} at (3.19,213.50) size 777.63x20
        RenderText {#text} at (0,0) size 218x19
          text run at (0,0) width 218: "Providing bar and/or value styles"
      RenderBlock {DIV} at (0,236.69) size 784x182.31 [bgcolor=#EEEEEE]
        RenderBlock {UL} at (3.19,0) size 777.63x89.56
          RenderBlock (anonymous) at (40,0) size 737.63x20
            RenderText {#text} at (0,0) size 456x19
              text run at (0,0) width 456: "default -webkit-appearance, thus should use platform theme (only for Mac.)"
          RenderListItem {LI} at (43.19,23.19) size 731.25x20
            RenderBlock {METER} at (0,2.19) size 80x16
              RenderMeter {DIV} at (0,0) size 80x16
                RenderBlock {DIV} at (0,0) size 80x16
                  RenderBlock {DIV} at (0,0) size 64x16 [bgcolor=#008000] [border: (2px solid #77CC77)]
            RenderText {#text} at (80,0) size 201x19
              text run at (80,0) width 201: " has bar style but should ignore it."
          RenderListItem {LI} at (43.19,46.38) size 731.25x20
            RenderBlock {METER} at (0,2.19) size 80x16
              RenderMeter {DIV} at (0,0) size 80x16
                RenderBlock {DIV} at (0,0) size 80x16 [bgcolor=#808080] [border: (2px solid #222222)]
                  RenderBlock {DIV} at (2,2) size 60.80x12
            RenderText {#text} at (80,0) size 212x19
              text run at (80,0) width 212: " has value style but should ignore it."
          RenderListItem {LI} at (43.19,69.56) size 731.25x20
            RenderBlock {METER} at (0,2.19) size 80x16
              RenderMeter {DIV} at (0,0) size 80x16
                RenderBlock {DIV} at (0,0) size 80x16 [bgcolor=#808080] [border: (2px solid #222222)]
                  RenderBlock {DIV} at (2,2) size 60.80x12 [bgcolor=#008000] [border: (2px solid #77CC77)]
            RenderText {#text} at (80,0) size 236x19
              text run at (80,0) width 236: " has both styles but should ignore them."
        RenderBlock {UL} at (3.19,92.75) size 777.63x89.56
          RenderBlock (anonymous) at (40,0) size 737.63x20
            RenderText {#text} at (0,0) size 442x19
              text run at (0,0) width 442: "-webkit-appearance: none, thus custom styled elements should be shown."
          RenderListItem {LI} at (43.19,23.19) size 731.25x20
            RenderBlock {METER} at (0,2.19) size 80x16
              RenderMeter {DIV} at (0,0) size 80x16
                RenderBlock {DIV} at (0,0) size 80x16
                  RenderBlock {DIV} at (0,0) size 64x16 [bgcolor=#008000] [border: (2px solid #77CC77)]
            RenderText {#text} at (80,0) size 257x19
              text run at (80,0) width 257: " has bar style, should have solid value part."
          RenderListItem {LI} at (43.19,46.38) size 731.25x20
            RenderBlock {METER} at (0,2.19) size 80x16
              RenderMeter {DIV} at (0,0) size 80x16
                RenderBlock {DIV} at (0,0) size 80x16 [bgcolor=#808080] [border: (2px solid #222222)]
                  RenderBlock {DIV} at (2,2) size 60.80x12
            RenderText {#text} at (80,0) size 244x19
              text run at (80,0) width 244: " has value style, should be solid bar part."
          RenderListItem {LI} at (43.19,69.56) size 731.25x20
            RenderBlock {METER} at (0,2.19) size 80x16
              RenderMeter {DIV} at (0,0) size 80x16
                RenderBlock {DIV} at (0,0) size 80x16 [bgcolor=#808080] [border: (2px solid #222222)]
                  RenderBlock {DIV} at (2,2) size 60.80x12 [bgcolor=#008000] [border: (2px solid #77CC77)]
            RenderText {#text} at (80,0) size 224x19
              text run at (80,0) width 224: " should have solid bar and value part."
      RenderBlock {H2} at (3.19,422.19) size 777.63x20
        RenderText {#text} at (0,0) size 151x19
          text run at (0,0) width 151: "Providing appearances"
      RenderBlock {DIV} at (0,445.38) size 784x43.19 [bgcolor=#EEEEEE]
        RenderBlock {UL} at (3.19,0) size 777.63x43.19
          RenderListItem {LI} at (43.19,0) size 731.25x20
            RenderBlock {METER} at (0,2.19) size 80x16
              RenderMeter {DIV} at (0,0) size 80x16
                RenderBlock {DIV} at (0,0) size 80x16
                  RenderBlock {DIV} at (0,0) size 64x16
            RenderText {#text} at (80,0) size 354x19
              text run at (80,0) width 354: " has \"none\" appearance, should be styled with default style."
          RenderListItem {LI} at (43.19,23.19) size 731.25x20
            RenderBlock {METER} at (0,2.19) size 80x16
              RenderMeter {DIV} at (0,0) size 80x16
                RenderBlock {DIV} at (0,0) size 80x16
                  RenderBlock {DIV} at (0,0) size 64x16
            RenderText {#text} at (80,0) size 264x19
              text run at (80,0) width 264: " has \"meter\" appearance, should be themed."
      RenderBlock {H2} at (3.19,491.75) size 777.63x20
        RenderText {#text} at (0,0) size 152x19
          text run at (0,0) width 152: "Providing bar paddings"
      RenderBlock {DIV} at (0,514.94) size 784x20 [bgcolor=#EEEEEE]
        RenderBlock {METER} at (0,2.19) size 80x16
          RenderMeter {DIV} at (0,0) size 80x16
            RenderBlock {DIV} at (0,0) size 80x16
              RenderBlock {DIV} at (5,5) size 35x6
        RenderText {#text} at (80,0) size 155x19
          text run at (80,0) width 155: " has \"padding\" on the bar."
