layer at (0,0) size 785x1597
  RenderView at (0,0) size 785x600
layer at (0,0) size 785x1597
  RenderBlock {HTML} at (0,0) size 785x1597
    RenderBody {BODY} at (8,8) size 769x1581 [bgcolor=#CCCCCC]
      RenderBlock {P} at (0,0) size 769x16
        RenderText {#text} at (0,0) size 363x16
          text run at (0,0) width 363: "The style declarations which apply to the text below are:"
      RenderBlock {PRE} at (0,32) size 769x156
        RenderText {#text} at (0,0) size 281x156
          text run at (0,0) width 157: "BODY {color: black;}"
          text run at (156,0) width 1: " "
          text run at (0,13) width 149: ".one {color: #080;}"
          text run at (148,13) width 1: " "
          text run at (0,26) width 172: ".two {color: #008000;}"
          text run at (171,26) width 1: " "
          text run at (0,39) width 227: ".three {color: rgb(0,128,0);}"
          text run at (226,39) width 1: " "
          text run at (0,52) width 235: ".four {color: rgb(0%,50%,0%);}"
          text run at (234,52) width 1: " "
          text run at (0,65) width 281: ".five {color: rgb(0.0%,50.0%,0.0%);}"
          text run at (280,65) width 1: " "
          text run at (0,78) width 157: ".six {color: green;}"
          text run at (156,78) width 1: " "
          text run at (0,91) width 227: ".seven {color: invalidValue;}"
          text run at (226,91) width 1: " "
          text run at (0,104) width 250: ".eight {color: rgb(0,128,1280);}"
          text run at (249,104) width 1: " "
          text run at (0,117) width 235: ".nine {color: rgb(0,128,255);}"
          text run at (234,117) width 1: " "
          text run at (0,130) width 258: ".ten {color: rgb(50%,-500%,60%);}"
          text run at (257,130) width 1: " "
          text run at (0,143) width 258: ".eleven {color: rgb(50%,0%,60%);}"
          text run at (257,143) width 1: " "
      RenderBlock {HR} at (0,201) size 769x2 [border: (1px inset #EEEEEE)]
      RenderBlock {P} at (0,219) size 769x16
        RenderText {#text} at (0,0) size 196x16
          text run at (0,0) width 196: "This sentence should be black."
      RenderBlock {P} at (0,251) size 769x16 [color=#008800]
        RenderText {#text} at (0,0) size 519x16
          text run at (0,0) width 519: "This sentence should be green, although slightly different from those that follow."
      RenderBlock {P} at (0,283) size 769x16 [color=#008000]
        RenderText {#text} at (0,0) size 197x16
          text run at (0,0) width 197: "This sentence should be green."
      RenderBlock {P} at (0,315) size 769x16 [color=#008000]
        RenderText {#text} at (0,0) size 197x16
          text run at (0,0) width 197: "This sentence should be green."
      RenderBlock {P} at (0,347) size 769x16 [color=#008000]
        RenderText {#text} at (0,0) size 197x16
          text run at (0,0) width 197: "This sentence should be green."
      RenderBlock {P} at (0,379) size 769x16 [color=#008000]
        RenderText {#text} at (0,0) size 197x16
          text run at (0,0) width 197: "This sentence should be green."
      RenderBlock {P} at (0,411) size 769x16 [color=#008000]
        RenderText {#text} at (0,0) size 197x16
          text run at (0,0) width 197: "This sentence should be green."
      RenderBlock {P} at (0,443) size 769x16
        RenderText {#text} at (0,0) size 415x16
          text run at (0,0) width 415: "This sentence should be black, because the value given for class "
        RenderInline {CODE} at (0,0) size 47x13
          RenderText {#text} at (414,2) size 47x13
            text run at (414,2) width 47: ".seven"
        RenderText {#text} at (460,0) size 68x16
          text run at (460,0) width 68: " is invalid."
      RenderBlock {P} at (0,475) size 769x32 [color=#0080FF]
        RenderText {#text} at (0,0) size 738x32
          text run at (0,0) width 738: "This sentence should be a shade of blue-green which, on a typical RGB computer display, exactly matches the next"
          text run at (0,16) width 68: "paragraph."
      RenderBlock {P} at (0,523) size 769x32 [color=#0080FF]
        RenderText {#text} at (0,0) size 766x32
          text run at (0,0) width 766: "This sentence should be a shade of blue-green which, on a typical RGB computer display, exactly matches the previous"
          text run at (0,16) width 68: "paragraph."
      RenderBlock {P} at (0,571) size 769x32 [color=#800099]
        RenderText {#text} at (0,0) size 711x32
          text run at (0,0) width 711: "This sentence should be a shade of purple which, on a typical RGB computer display, exactly matches the next"
          text run at (0,16) width 68: "paragraph."
      RenderBlock {P} at (0,619) size 769x32 [color=#800099]
        RenderText {#text} at (0,0) size 738x32
          text run at (0,0) width 738: "This sentence should be a shade of purple which, on a typical RGB computer display, exactly matches the previous"
          text run at (0,16) width 68: "paragraph."
      RenderBlock {P} at (0,667) size 769x16
        RenderText {#text} at (0,0) size 196x16
          text run at (0,0) width 196: "This sentence should be black."
      RenderBlock {P} at (0,699) size 769x16 [color=#008800]
        RenderText {#text} at (0,0) size 407x16
          text run at (0,0) width 407: "This sentence should be a slightly different green, and used the "
        RenderInline {TT} at (0,0) size 40x13
          RenderText {#text} at (406,2) size 40x13
            text run at (406,2) width 40: "style"
        RenderText {#text} at (445,0) size 63x16
          text run at (445,0) width 63: " attribute."
      RenderBlock {P} at (0,731) size 769x16 [color=#008000]
        RenderText {#text} at (0,0) size 285x16
          text run at (0,0) width 285: "This sentence should be green, and used the "
        RenderInline {TT} at (0,0) size 40x13
          RenderText {#text} at (284,2) size 40x13
            text run at (284,2) width 40: "style"
        RenderText {#text} at (323,0) size 63x16
          text run at (323,0) width 63: " attribute."
      RenderBlock {P} at (0,763) size 769x16 [color=#008000]
        RenderText {#text} at (0,0) size 285x16
          text run at (0,0) width 285: "This sentence should be green, and used the "
        RenderInline {TT} at (0,0) size 40x13
          RenderText {#text} at (284,2) size 40x13
            text run at (284,2) width 40: "style"
        RenderText {#text} at (323,0) size 63x16
          text run at (323,0) width 63: " attribute."
      RenderBlock {P} at (0,795) size 769x16 [color=#008000]
        RenderText {#text} at (0,0) size 285x16
          text run at (0,0) width 285: "This sentence should be green, and used the "
        RenderInline {TT} at (0,0) size 40x13
          RenderText {#text} at (284,2) size 40x13
            text run at (284,2) width 40: "style"
        RenderText {#text} at (323,0) size 63x16
          text run at (323,0) width 63: " attribute."
      RenderBlock {P} at (0,827) size 769x16 [color=#008000]
        RenderText {#text} at (0,0) size 285x16
          text run at (0,0) width 285: "This sentence should be green, and used the "
        RenderInline {TT} at (0,0) size 40x13
          RenderText {#text} at (284,2) size 40x13
            text run at (284,2) width 40: "style"
        RenderText {#text} at (323,0) size 63x16
          text run at (323,0) width 63: " attribute."
      RenderBlock {P} at (0,859) size 769x16 [color=#008000]
        RenderText {#text} at (0,0) size 285x16
          text run at (0,0) width 285: "This sentence should be green, and used the "
        RenderInline {TT} at (0,0) size 40x13
          RenderText {#text} at (284,2) size 40x13
            text run at (284,2) width 40: "style"
        RenderText {#text} at (323,0) size 63x16
          text run at (323,0) width 63: " attribute."
      RenderTable {TABLE} at (0,891) size 769x690 [border: (1px outset #808080)]
        RenderTableSection {TBODY} at (1,1) size 767x688
          RenderTableRow {TR} at (0,0) size 767x24
            RenderTableCell {TD} at (0,0) size 767x24 [bgcolor=#C0C0C0] [border: (1px inset #808080)] [r=0 c=0 rs=1 cs=2]
              RenderInline {STRONG} at (0,0) size 163x16
                RenderText {#text} at (4,4) size 163x16
                  text run at (4,4) width 163: "TABLE Testing Section"
          RenderTableRow {TR} at (0,24) size 767x664
            RenderTableCell {TD} at (0,344) size 12x24 [bgcolor=#C0C0C0] [border: (1px inset #808080)] [r=1 c=0 rs=1 cs=1]
              RenderText {#text} at (4,4) size 4x16
                text run at (4,4) width 4: " "
            RenderTableCell {TD} at (12,24) size 755x664 [border: (1px inset #808080)] [r=1 c=1 rs=1 cs=1]
              RenderBlock {P} at (4,4) size 747x16
                RenderText {#text} at (0,0) size 196x16
                  text run at (0,0) width 196: "This sentence should be black."
              RenderBlock {P} at (4,36) size 747x16 [color=#008800]
                RenderText {#text} at (0,0) size 519x16
                  text run at (0,0) width 519: "This sentence should be green, although slightly different from those that follow."
              RenderBlock {P} at (4,68) size 747x16 [color=#008000]
                RenderText {#text} at (0,0) size 197x16
                  text run at (0,0) width 197: "This sentence should be green."
              RenderBlock {P} at (4,100) size 747x16 [color=#008000]
                RenderText {#text} at (0,0) size 197x16
                  text run at (0,0) width 197: "This sentence should be green."
              RenderBlock {P} at (4,132) size 747x16 [color=#008000]
                RenderText {#text} at (0,0) size 197x16
                  text run at (0,0) width 197: "This sentence should be green."
              RenderBlock {P} at (4,164) size 747x16 [color=#008000]
                RenderText {#text} at (0,0) size 197x16
                  text run at (0,0) width 197: "This sentence should be green."
              RenderBlock {P} at (4,196) size 747x16 [color=#008000]
                RenderText {#text} at (0,0) size 197x16
                  text run at (0,0) width 197: "This sentence should be green."
              RenderBlock {P} at (4,228) size 747x16
                RenderText {#text} at (0,0) size 415x16
                  text run at (0,0) width 415: "This sentence should be black, because the value given for class "
                RenderInline {CODE} at (0,0) size 47x13
                  RenderText {#text} at (414,2) size 47x13
                    text run at (414,2) width 47: ".seven"
                RenderText {#text} at (460,0) size 68x16
                  text run at (460,0) width 68: " is invalid."
              RenderBlock {P} at (4,260) size 747x32 [color=#0080FF]
                RenderText {#text} at (0,0) size 738x32
                  text run at (0,0) width 738: "This sentence should be a shade of blue-green which, on a typical RGB computer display, exactly matches the next"
                  text run at (0,16) width 68: "paragraph."
              RenderBlock {P} at (4,308) size 747x32 [color=#0080FF]
                RenderText {#text} at (0,0) size 707x32
                  text run at (0,0) width 707: "This sentence should be a shade of blue-green which, on a typical RGB computer display, exactly matches the"
                  text run at (0,16) width 128: "previous paragraph."
              RenderBlock {P} at (4,356) size 747x32 [color=#800099]
                RenderText {#text} at (0,0) size 711x32
                  text run at (0,0) width 711: "This sentence should be a shade of purple which, on a typical RGB computer display, exactly matches the next"
                  text run at (0,16) width 68: "paragraph."
              RenderBlock {P} at (4,404) size 747x32 [color=#800099]
                RenderText {#text} at (0,0) size 738x32
                  text run at (0,0) width 738: "This sentence should be a shade of purple which, on a typical RGB computer display, exactly matches the previous"
                  text run at (0,16) width 68: "paragraph."
              RenderBlock {P} at (4,452) size 747x16
                RenderText {#text} at (0,0) size 196x16
                  text run at (0,0) width 196: "This sentence should be black."
              RenderBlock {P} at (4,484) size 747x16 [color=#008800]
                RenderText {#text} at (0,0) size 407x16
                  text run at (0,0) width 407: "This sentence should be a slightly different green, and used the "
                RenderInline {TT} at (0,0) size 40x13
                  RenderText {#text} at (406,2) size 40x13
                    text run at (406,2) width 40: "style"
                RenderText {#text} at (445,0) size 63x16
                  text run at (445,0) width 63: " attribute."
              RenderBlock {P} at (4,516) size 747x16 [color=#008000]
                RenderText {#text} at (0,0) size 285x16
                  text run at (0,0) width 285: "This sentence should be green, and used the "
                RenderInline {TT} at (0,0) size 40x13
                  RenderText {#text} at (284,2) size 40x13
                    text run at (284,2) width 40: "style"
                RenderText {#text} at (323,0) size 63x16
                  text run at (323,0) width 63: " attribute."
              RenderBlock {P} at (4,548) size 747x16 [color=#008000]
                RenderText {#text} at (0,0) size 285x16
                  text run at (0,0) width 285: "This sentence should be green, and used the "
                RenderInline {TT} at (0,0) size 40x13
                  RenderText {#text} at (284,2) size 40x13
                    text run at (284,2) width 40: "style"
                RenderText {#text} at (323,0) size 63x16
                  text run at (323,0) width 63: " attribute."
              RenderBlock {P} at (4,580) size 747x16 [color=#008000]
                RenderText {#text} at (0,0) size 285x16
                  text run at (0,0) width 285: "This sentence should be green, and used the "
                RenderInline {TT} at (0,0) size 40x13
                  RenderText {#text} at (284,2) size 40x13
                    text run at (284,2) width 40: "style"
                RenderText {#text} at (323,0) size 63x16
                  text run at (323,0) width 63: " attribute."
              RenderBlock {P} at (4,612) size 747x16 [color=#008000]
                RenderText {#text} at (0,0) size 285x16
                  text run at (0,0) width 285: "This sentence should be green, and used the "
                RenderInline {TT} at (0,0) size 40x13
                  RenderText {#text} at (284,2) size 40x13
                    text run at (284,2) width 40: "style"
                RenderText {#text} at (323,0) size 63x16
                  text run at (323,0) width 63: " attribute."
              RenderBlock {P} at (4,644) size 747x16 [color=#008000]
                RenderText {#text} at (0,0) size 285x16
                  text run at (0,0) width 285: "This sentence should be green, and used the "
                RenderInline {TT} at (0,0) size 40x13
                  RenderText {#text} at (284,2) size 40x13
                    text run at (284,2) width 40: "style"
                RenderText {#text} at (323,0) size 63x16
                  text run at (323,0) width 63: " attribute."
