layer at (0,0) size 785x1456
  RenderView at (0,0) size 785x600
layer at (0,0) size 785x1456
  RenderBlock {HTML} at (0,0) size 785x1456
    RenderBody {BODY} at (8,8) size 769x1440 [bgcolor=#CCCCCC]
      RenderBlock {P} at (0,0) size 769x16
        RenderText {#text} at (0,0) size 363x16
          text run at (0,0) width 363: "The style declarations which apply to the text below are:"
      RenderBlock {PRE} at (0,32) size 769x143
        RenderText {#text} at (0,0) size 609x143
          text run at (0,0) width 180: ".zero {margin-left: 0;}"
          text run at (179,0) width 1: " "
          text run at (0,13) width 188: ".one {margin-left: 3em;}"
          text run at (187,13) width 1: " "
          text run at (0,26) width 188: ".two {margin-left: 3ex;}"
          text run at (187,26) width 1: " "
          text run at (0,39) width 211: ".three {margin-left: 36px;}"
          text run at (210,39) width 1: " "
          text run at (0,52) width 211: ".four {margin-left: 0.5in;}"
          text run at (210,52) width 1: " "
          text run at (0,65) width 219: ".five {margin-left: 1.27cm;}"
          text run at (218,65) width 1: " "
          text run at (0,78) width 211: ".six {margin-left: 12.7mm;}"
          text run at (210,78) width 1: " "
          text run at (0,91) width 211: ".seven {margin-left: 36pt;}"
          text run at (210,91) width 1: " "
          text run at (0,104) width 203: ".eight {margin-left: 3pc;}"
          text run at (202,104) width 1: " "
          text run at (0,117) width 203: ".nine {margin-left: +3pc;}"
          text run at (202,117) width 1: " "
          text run at (0,130) width 609: ".ten {font-size: 40px; border-left: 1ex solid purple; background-color: aqua;}"
          text run at (608,130) width 1: " "
      RenderBlock {HR} at (0,188) size 769x2 [border: (1px inset #EEEEEE)]
      RenderBlock {P} at (0,206) size 769x32
        RenderText {#text} at (0,0) size 737x32
          text run at (0,0) width 737: "This paragraph has no left margin. The following paragraphs have all been given a left margin and their left (outer)"
          text run at (0,16) width 397: "edges should therefore be appropriately shifted to the right of "
        RenderInline {EM} at (0,0) size 24x16
          RenderText {#text} at (396,16) size 24x16
            text run at (396,16) width 24: "this"
        RenderText {#text} at (419,16) size 142x16
          text run at (419,16) width 142: " paragraph's left edge."
      RenderBlock {P} at (48,254) size 721x16
        RenderText {#text} at (0,0) size 316x16
          text run at (0,0) width 316: "This paragraph should have a left margin of 3em."
      RenderBlock {P} at (22.13,286) size 746.88x16
        RenderText {#text} at (0,0) size 312x16
          text run at (0,0) width 312: "This paragraph should have a left margin of 3ex."
      RenderBlock {P} at (36,318) size 733x16
        RenderText {#text} at (0,0) size 347x16
          text run at (0,0) width 347: "This paragraph should have a left margin of 36 pixels."
      RenderBlock {P} at (48,350) size 721x16
        RenderText {#text} at (0,0) size 364x16
          text run at (0,0) width 364: "This paragraph should have a left margin of half an inch."
      RenderBlock {P} at (48,382) size 721x16
        RenderText {#text} at (0,0) size 336x16
          text run at (0,0) width 336: "This paragraph should have a left margin of 1.27cm."
      RenderBlock {P} at (48,414) size 721x16
        RenderText {#text} at (0,0) size 342x16
          text run at (0,0) width 342: "This paragraph should have a left margin of 12.7mm."
      RenderBlock {P} at (48,446) size 721x16
        RenderText {#text} at (0,0) size 348x16
          text run at (0,0) width 348: "This paragraph should have a left margin of 36 points."
      RenderBlock {P} at (48,478) size 721x16
        RenderText {#text} at (0,0) size 334x16
          text run at (0,0) width 334: "This paragraph should have a left margin of 3 picas."
      RenderBlock {P} at (48,510) size 721x16
        RenderText {#text} at (0,0) size 603x16
          text run at (0,0) width 603: "This paragraph should have a left margin of 3 picas (the plus sign should make no difference)."
      RenderBlock {P} at (0,566) size 769x200 [bgcolor=#00FFFF] [border: none (18px solid #800080)]
        RenderText {#text} at (18,0) size 309x40
          text run at (18,0) width 309: "This element has a "
        RenderInline {CODE} at (0,0) size 217x40
          RenderText {#text} at (326,0) size 217x40
            text run at (326,0) width 217: "font-size"
        RenderText {#text} at (542,0) size 55x40
          text run at (542,0) width 55: " of "
        RenderInline {CODE} at (0,0) size 97x40
          RenderText {#text} at (596,0) size 97x40
            text run at (596,0) width 97: "40px"
        RenderText {#text} at (692,0) size 742x80
          text run at (692,0) width 68: " and"
          text run at (18,40) width 28: "a "
        RenderInline {CODE} at (0,0) size 265x40
          RenderText {#text} at (45,40) size 265x40
            text run at (45,40) width 265: "border-left"
        RenderText {#text} at (309,40) size 55x40
          text run at (309,40) width 55: " of "
        RenderInline {CODE} at (0,0) size 385x40
          RenderText {#text} at (363,40) size 385x40
            text run at (363,40) width 385: "1ex solid purple"
        RenderText {#text} at (747,40) size 740x160
          text run at (747,40) width 11: "."
          text run at (18,80) width 673: "This should make the left border the same"
          text run at (18,120) width 710: "number of pixels as the lower-case 'x' in this"
          text run at (18,160) width 610: "element's font, as well as solid purple."
      RenderTable {TABLE} at (0,806) size 769x634 [border: (1px outset #808080)]
        RenderTableSection {TBODY} at (1,1) size 767x632
          RenderTableRow {TR} at (0,0) size 767x24
            RenderTableCell {TD} at (0,0) size 767x24 [bgcolor=#C0C0C0] [border: (1px inset #808080)] [r=0 c=0 rs=1 cs=2]
              RenderInline {STRONG} at (0,0) size 163x16
                RenderText {#text} at (4,4) size 163x16
                  text run at (4,4) width 163: "TABLE Testing Section"
          RenderTableRow {TR} at (0,24) size 767x608
            RenderTableCell {TD} at (0,316) size 12x24 [bgcolor=#C0C0C0] [border: (1px inset #808080)] [r=1 c=0 rs=1 cs=1]
              RenderText {#text} at (4,4) size 4x16
                text run at (4,4) width 4: " "
            RenderTableCell {TD} at (12,24) size 755x608 [border: (1px inset #808080)] [r=1 c=1 rs=1 cs=1]
              RenderBlock {P} at (4,4) size 747x32
                RenderText {#text} at (0,0) size 737x32
                  text run at (0,0) width 737: "This paragraph has no left margin. The following paragraphs have all been given a left margin and their left (outer)"
                  text run at (0,16) width 397: "edges should therefore be appropriately shifted to the right of "
                RenderInline {EM} at (0,0) size 24x16
                  RenderText {#text} at (396,16) size 24x16
                    text run at (396,16) width 24: "this"
                RenderText {#text} at (419,16) size 142x16
                  text run at (419,16) width 142: " paragraph's left edge."
              RenderBlock {P} at (52,52) size 699x16
                RenderText {#text} at (0,0) size 316x16
                  text run at (0,0) width 316: "This paragraph should have a left margin of 3em."
              RenderBlock {P} at (26.13,84) size 724.88x16
                RenderText {#text} at (0,0) size 312x16
                  text run at (0,0) width 312: "This paragraph should have a left margin of 3ex."
              RenderBlock {P} at (40,116) size 711x16
                RenderText {#text} at (0,0) size 347x16
                  text run at (0,0) width 347: "This paragraph should have a left margin of 36 pixels."
              RenderBlock {P} at (52,148) size 699x16
                RenderText {#text} at (0,0) size 364x16
                  text run at (0,0) width 364: "This paragraph should have a left margin of half an inch."
              RenderBlock {P} at (52,180) size 699x16
                RenderText {#text} at (0,0) size 336x16
                  text run at (0,0) width 336: "This paragraph should have a left margin of 1.27cm."
              RenderBlock {P} at (52,212) size 699x16
                RenderText {#text} at (0,0) size 342x16
                  text run at (0,0) width 342: "This paragraph should have a left margin of 12.7mm."
              RenderBlock {P} at (52,244) size 699x16
                RenderText {#text} at (0,0) size 348x16
                  text run at (0,0) width 348: "This paragraph should have a left margin of 36 points."
              RenderBlock {P} at (52,276) size 699x16
                RenderText {#text} at (0,0) size 334x16
                  text run at (0,0) width 334: "This paragraph should have a left margin of 3 picas."
              RenderBlock {P} at (52,308) size 699x16
                RenderText {#text} at (0,0) size 603x16
                  text run at (0,0) width 603: "This paragraph should have a left margin of 3 picas (the plus sign should make no difference)."
              RenderBlock {P} at (4,364) size 747x240 [bgcolor=#00FFFF] [border: none (18px solid #800080)]
                RenderText {#text} at (18,0) size 309x40
                  text run at (18,0) width 309: "This element has a "
                RenderInline {CODE} at (0,0) size 217x40
                  RenderText {#text} at (326,0) size 217x40
                    text run at (326,0) width 217: "font-size"
                RenderText {#text} at (542,0) size 55x40
                  text run at (542,0) width 55: " of "
                RenderInline {CODE} at (0,0) size 97x40
                  RenderText {#text} at (596,0) size 97x40
                    text run at (596,0) width 97: "40px"
                RenderText {#text} at (18,40) size 96x40
                  text run at (18,40) width 96: "and a "
                RenderInline {CODE} at (0,0) size 265x40
                  RenderText {#text} at (113,40) size 265x40
                    text run at (113,40) width 265: "border-left"
                RenderText {#text} at (377,40) size 54x40
                  text run at (377,40) width 54: " of "
                RenderInline {CODE} at (0,0) size 629x80
                  RenderText {#text} at (430,40) size 629x80
                    text run at (430,40) width 217: "1ex solid"
                    text run at (18,80) width 145: "purple"
                RenderText {#text} at (162,80) size 708x160
                  text run at (162,80) width 21: ". "
                  text run at (182,80) width 521: "This should make the left border"
                  text run at (18,120) width 708: "the same number of pixels as the lower-case"
                  text run at (18,160) width 641: "'x' in this element's font, as well as solid"
                  text run at (18,200) width 113: "purple."
