layer at (0,0) size 800x600
  RenderView at (0,0) size 800x600
layer at (0,0) size 800x600
  RenderBlock {HTML} at (0,0) size 800x600
    RenderBody {BODY} at (8,8) size 784x584 [bgcolor=#CCCCCC]
      RenderBlock {P} at (0,0) size 784x16
        RenderText {#text} at (0,0) size 363x16
          text run at (0,0) width 363: "The style declarations which apply to the text below are:"
      RenderBlock {PRE} at (0,32) size 784x65
        RenderText {#text} at (0,0) size 492x65
          text run at (0,0) width 219: ".zero { background: yellow }"
          text run at (218,0) width 1: " "
          text run at (0,13) width 492: ".one { margin-left: 25%; margin-right: 25%; background: white }"
          text run at (491,13) width 1: " "
          text run at (0,26) width 484: ".two { margin-left: 50%; margin-right: 0%; background: white }"
          text run at (483,26) width 1: " "
          text run at (0,39) width 203: ".three {margin-left: 25%;}"
          text run at (202,39) width 1: " "
          text run at (0,52) width 0: " "
      RenderBlock {HR} at (0,110) size 784x2 [border: (1px inset #EEEEEE)]
      RenderBlock {DIV} at (0,128) size 784x112 [bgcolor=#FFFF00]
        RenderBlock {DIV} at (196,0) size 392x48 [bgcolor=#FFFFFF]
          RenderBlock {P} at (0,0) size 392x48
            RenderText {#text} at (0,0) size 332x48
              text run at (0,0) width 332: "This paragraph should be centered within its yellow"
              text run at (0,16) width 330: "containing block and its width should be half of the"
              text run at (0,32) width 112: "containing block."
        RenderBlock {DIV} at (392,64) size 392x48 [bgcolor=#FFFFFF]
          RenderBlock {P} at (0,0) size 392x48
            RenderText {#text} at (0,0) size 361x48
              text run at (0,0) width 361: "This paragraph should be right-aligned within its yellow"
              text run at (0,16) width 330: "containing block and its width should be half of the"
              text run at (0,32) width 112: "containing block."
      RenderBlock {P} at (196,256) size 588x32
        RenderText {#text} at (0,0) size 560x32
          text run at (0,0) width 560: "This paragraph should have a left margin of 25% the width of its parent element, which"
          text run at (0,16) width 367: "should require some extra text in order to test effectively."
      RenderTable {TABLE} at (0,304) size 784x194 [border: (1px outset #808080)]
        RenderTableSection {TBODY} at (1,1) size 782x192
          RenderTableRow {TR} at (0,0) size 782x24
            RenderTableCell {TD} at (0,0) size 782x24 [bgcolor=#C0C0C0] [border: (1px inset #808080)] [r=0 c=0 rs=1 cs=2]
              RenderInline {STRONG} at (0,0) size 163x16
                RenderText {#text} at (4,4) size 163x16
                  text run at (4,4) width 163: "TABLE Testing Section"
          RenderTableRow {TR} at (0,24) size 782x168
            RenderTableCell {TD} at (0,96) size 12x24 [bgcolor=#C0C0C0] [border: (1px inset #808080)] [r=1 c=0 rs=1 cs=1]
              RenderText {#text} at (4,4) size 4x16
                text run at (4,4) width 4: " "
            RenderTableCell {TD} at (12,24) size 770x168 [border: (1px inset #808080)] [r=1 c=1 rs=1 cs=1]
              RenderBlock {DIV} at (4,4) size 762x112 [bgcolor=#FFFF00]
                RenderBlock {DIV} at (190.50,0) size 381x48 [bgcolor=#FFFFFF]
                  RenderBlock {P} at (0,0) size 381x48
                    RenderText {#text} at (0,0) size 332x48
                      text run at (0,0) width 332: "This paragraph should be centered within its yellow"
                      text run at (0,16) width 330: "containing block and its width should be half of the"
                      text run at (0,32) width 112: "containing block."
                RenderBlock {DIV} at (381,64) size 381x48 [bgcolor=#FFFFFF]
                  RenderBlock {P} at (0,0) size 381x48
                    RenderText {#text} at (0,0) size 361x48
                      text run at (0,0) width 361: "This paragraph should be right-aligned within its yellow"
                      text run at (0,16) width 330: "containing block and its width should be half of the"
                      text run at (0,32) width 112: "containing block."
              RenderBlock {P} at (194.50,132) size 571.50x32
                RenderText {#text} at (0,0) size 560x32
                  text run at (0,0) width 560: "This paragraph should have a left margin of 25% the width of its parent element, which"
                  text run at (0,16) width 367: "should require some extra text in order to test effectively."
