layer at (0,0) size 800x600
  RenderView at (0,0) size 800x600
layer at (0,0) size 800x600
  RenderBlock {HTML} at (0,0) size 800x600
    RenderBody {BODY} at (8,8) size 784x584
      RenderBlock {P} at (0,0) size 784x16
        RenderText {#text} at (0,0) size 363x16
          text run at (0,0) width 363: "The style declarations which apply to the text below are:"
      RenderBlock {PRE} at (0,32) size 784x52
        RenderText {#text} at (0,0) size 632x52
          text run at (0,0) width 632: "<LINK rel=\"stylesheet\" type=\"text/css\" media=\"screen\" href=\"../resources/bg.gif\">"
          text run at (631,0) width 1: " "
          text run at (0,13) width 289: "@import url(../resources/sec642.css);"
          text run at (288,13) width 1: " "
          text run at (0,26) width 344: "BODY {background: url(../resources/bg.gif);}"
          text run at (343,26) width 1: " "
          text run at (0,39) width 0: " "
      RenderBlock {HR} at (0,97) size 784x2 [border: (1px inset #EEEEEE)]
      RenderBlock {P} at (0,115) size 784x16
        RenderText {#text} at (0,0) size 393x16
          text run at (0,0) width 393: "This page should have a green grid pattern as its background."
      RenderBlock {P} at (0,147) size 784x48 [bgcolor=#FFFFFF]
        RenderText {#text} at (0,0) size 784x48
          text run at (0,0) width 627: "This paragraph should have a white background, but NO image should appear in the background. "
          text run at (626,0) width 153: "If an image, in this case"
          text run at (0,16) width 784: "a red square-- or, indeed, any red at all-- is seen there, then the browser has incorrectly interpreted a URL in relation to the"
          text run at (0,32) width 277: "document's URL, not the stylesheet's URL."
      RenderBlock {P} at (0,211) size 784x48 [bgcolor=#FFFFFF]
        RenderText {#text} at (0,0) size 784x48
          text run at (0,0) width 627: "This paragraph should have a white background, but NO image should appear in the background. "
          text run at (626,0) width 153: "If an image, in this case"
          text run at (0,16) width 784: "a red square-- or, indeed, any red at all-- is seen there, then the browser has incorrectly interpreted a URL in relation to the"
          text run at (0,32) width 277: "document's URL, not the stylesheet's URL."
      RenderTable {TABLE} at (0,275) size 784x178 [border: (1px outset #808080)]
        RenderTableSection {TBODY} at (1,1) size 782x176
          RenderTableRow {TR} at (0,0) size 782x24
            RenderTableCell {TD} at (0,0) size 782x24 [bgcolor=#C0C0C0] [border: (1px inset #808080)] [r=0 c=0 rs=1 cs=2]
              RenderInline {STRONG} at (0,0) size 163x16
                RenderText {#text} at (4,4) size 163x16
                  text run at (4,4) width 163: "TABLE Testing Section"
          RenderTableRow {TR} at (0,24) size 782x152
            RenderTableCell {TD} at (0,88) size 12x24 [bgcolor=#C0C0C0] [border: (1px inset #808080)] [r=1 c=0 rs=1 cs=1]
              RenderText {#text} at (4,4) size 4x16
                text run at (4,4) width 4: " "
            RenderTableCell {TD} at (12,24) size 770x152 [border: (1px inset #808080)] [r=1 c=1 rs=1 cs=1]
              RenderBlock {P} at (4,4) size 762x16
                RenderText {#text} at (0,0) size 393x16
                  text run at (0,0) width 393: "This page should have a green grid pattern as its background."
              RenderBlock {P} at (4,36) size 762x48 [bgcolor=#FFFFFF]
                RenderText {#text} at (0,0) size 748x48
                  text run at (0,0) width 627: "This paragraph should have a white background, but NO image should appear in the background. "
                  text run at (626,0) width 122: "If an image, in this"
                  text run at (0,16) width 723: "case a red square-- or, indeed, any red at all-- is seen there, then the browser has incorrectly interpreted a URL in"
                  text run at (0,32) width 370: "relation to the document's URL, not the stylesheet's URL."
              RenderBlock {P} at (4,100) size 762x48 [bgcolor=#FFFFFF]
                RenderText {#text} at (0,0) size 748x48
                  text run at (0,0) width 627: "This paragraph should have a white background, but NO image should appear in the background. "
                  text run at (626,0) width 122: "If an image, in this"
                  text run at (0,16) width 723: "case a red square-- or, indeed, any red at all-- is seen there, then the browser has incorrectly interpreted a URL in"
                  text run at (0,32) width 370: "relation to the document's URL, not the stylesheet's URL."
