layer at (0,0) size 800x600
  RenderView at (0,0) size 800x600
layer at (0,0) size 800x600
  RenderBlock {HTML} at (0,0) size 800x600
    RenderBody {BODY} at (8,8) size 784x576
      RenderBlock (anonymous) at (0,0) size 784x36
        RenderText {#text} at (0,0) size 764x35
          text run at (0,0) width 493: "This tests whether alt text is shown for image-type form input elements with "
          text run at (492,0) width 272: "no src attribute. You should see \"Success\""
          text run at (0,18) width 229: "twice, followed by a blue rectangle."
      RenderBlock {P} at (0,52) size 784x0
      RenderBlock {FORM} at (0,52) size 784x97
        RenderImage {INPUT} at (0,0) size 55x20
        RenderBR {BR} at (55,20) size 0x0
        RenderImage {INPUT} at (0,20) size 102x52 [border: (1px solid #000000)]
        RenderBR {BR} at (102,72) size 0x0
        RenderImage {INPUT} at (0,72) size 75x25
        RenderBR {BR} at (75,97) size 0x0
