layer at (0,0) size 800x600
  RenderView at (0,0) size 800x600
layer at (0,0) size 800x600
  RenderBlock {HTML} at (0,0) size 800x600
    RenderBody {BODY} at (8,8) size 784x576
      RenderBlock {P} at (0,0) size 784x39
        RenderRuby (inline) {RUBY} at (0,0) size 88x16
          RenderRubyRun (anonymous) at (0,12) size 88x27
            RenderRubyText {RT} at (0,-12) size 88x9
              RenderText {#text} at (17,0) size 54x9
                text run at (17,0) width 54: "K\x{14D}kakukid\x{14D}tai"
            RenderRubyBase (anonymous) at (0,0) size 88x27
              RenderRuby (inline) {RUBY} at (0,0) size 88x16
                RenderRubyRun (anonymous) at (0,3) size 18x24
                  RenderRubyText {RT} at (0,-6) size 18x14
                    RenderText {#text} at (0,3) size 18x9
                      text run at (0,3) width 18: "\x{3053}\x{3046}"
                  RenderRubyBase (anonymous) at (0,0) size 18x24
                    RenderText {#text} at (1,6) size 16x16
                      text run at (1,6) width 16: "\x{653B}"
                RenderRubyRun (anonymous) at (18,3) size 18x24
                  RenderRubyText {RT} at (0,-6) size 18x14
                    RenderText {#text} at (0,3) size 18x9
                      text run at (0,3) width 18: "\x{304B}\x{304F}"
                  RenderRubyBase (anonymous) at (0,0) size 18x24
                    RenderText {#text} at (1,6) size 16x16
                      text run at (1,6) width 16: "\x{6BBB}"
                RenderRubyRun (anonymous) at (36,3) size 16x24
                  RenderRubyText {RT} at (0,-6) size 16x14
                    RenderText {#text} at (3,3) size 10x9
                      text run at (3,3) width 10: "\x{304D}"
                  RenderRubyBase (anonymous) at (0,0) size 16x24
                    RenderText {#text} at (0,6) size 16x16
                      text run at (0,6) width 16: "\x{6A5F}"
                RenderRubyRun (anonymous) at (52,3) size 18x24
                  RenderRubyText {RT} at (0,-6) size 18x14
                    RenderText {#text} at (0,3) size 18x9
                      text run at (0,3) width 18: "\x{3069}\x{3046}"
                  RenderRubyBase (anonymous) at (0,0) size 18x24
                    RenderText {#text} at (1,6) size 16x16
                      text run at (1,6) width 16: "\x{52D5}"
                RenderRubyRun (anonymous) at (70,3) size 18x24
                  RenderRubyText {RT} at (0,-6) size 18x14
                    RenderText {#text} at (0,3) size 18x9
                      text run at (0,3) width 18: "\x{305F}\x{3044}"
                  RenderRubyBase (anonymous) at (0,0) size 18x24
                    RenderText {#text} at (1,6) size 16x16
                      text run at (1,6) width 16: "\x{968A}"
