layer at (0,0) size 800x600
  RenderView at (0,0) size 800x600
layer at (0,0) size 800x600
  RenderBlock {HTML} at (0,0) size 800x600
    RenderBody {BODY} at (8,8) size 784x584
      RenderText {#text} at (0,0) size 766x32
        text run at (0,0) width 766: "This is a initial test for simple ruby. There should be 2 ruby annotations on below line, one with a ruby text shorter than"
        text run at (0,16) width 60: "the base, "
        text run at (59,16) width 297: "and one with a ruby text longer than the base. "
      RenderBR {BR} at (355,28) size 1x0
      RenderBR {BR} at (0,32) size 0x16
      RenderText {#text} at (0,57) size 159x16
        text run at (0,57) width 159: "<ruby> is defined in the "
      RenderRuby (inline) {RUBY} at (0,0) size 186x16
        RenderRubyRun (anonymous) at (158.02,57) size 185.72x16
          RenderRubyText {RT} at (0,-9) size 185.72x9
            RenderText {#text} at (77,0) size 31x9
              text run at (77,0) width 31: "HTML5"
          RenderRubyBase (anonymous) at (0,0) size 185.72x16
            RenderText {#text} at (0,0) size 186x16
              text run at (0,0) width 186: "Hypertext Markup Language"
      RenderText {#text} at (343,57) size 32x16
        text run at (343,57) width 32: " and "
      RenderRuby (inline) {RUBY} at (0,0) size 77x16
        RenderRubyRun (anonymous) at (370.83,57) size 84x16
          RenderRubyText {RT} at (0,-9) size 84x9
            RenderText {#text} at (0,0) size 84x9
              text run at (0,0) width 84: "Cascading Style Sheets"
          RenderRubyBase (anonymous) at (0,0) size 84x16
            RenderText {#text} at (24,0) size 37x16
              text run at (24,0) width 37: "CSS3"
      RenderText {#text} at (450,57) size 44x16
        text run at (450,57) width 44: " specs."
