layer at (0,0) size 800x600
  RenderView at (0,0) size 800x600
layer at (0,0) size 800x600
  RenderBlock {HTML} at (0,0) size 800x600
    RenderBody {BODY} at (8,8) size 784x576
      RenderBlock (anonymous) at (0,0) size 784x32
        RenderText {#text} at (0,0) size 233x16
          text run at (0,0) width 233: "This is a initial test for simple ruby. "
        RenderBR {BR} at (232,12) size 1x0
        RenderBR {BR} at (0,16) size 0x16
      RenderBlock {P} at (0,48) size 784x25
        RenderText {#text} at (0,9) size 164x16
          text run at (0,9) width 164: "Ruby is often used in the "
        RenderRuby (inline) {RUBY} at (0,0) size 120x16
          RenderRubyRun (anonymous) at (163.53,9) size 118.61x16
            RenderRubyText {RT} at (0,-9) size 118.61x9
              RenderText {#text} at (43,0) size 33x9
                text run at (43,0) width 33: "Nihongo"
            RenderRubyBase (anonymous) at (0,0) size 118.61x16
              RenderText {#text} at (0,0) size 119x16
                text run at (0,0) width 119: "Japanese language"
        RenderText {#text} at (282,9) size 5x16
          text run at (282,9) width 5: "."
