layer at (0,0) size 800x600
  RenderView at (0,0) size 800x600
layer at (0,0) size 800x600
  RenderBlock {HTML} at (0,0) size 800x600
    RenderBody {BODY} at (8,8) size 784x576
      RenderBlock {P} at (0,0) size 784x32
        RenderText {#text} at (0,0) size 749x32
          text run at (0,0) width 749: "The following is a test for DOM manipulation within <ruby>: Inserting a new text before a <rt> element that already"
          text run at (0,16) width 86: "contains text."
      RenderBlock {P} at (0,48) size 784x16
        RenderText {#text} at (0,0) size 448x16
          text run at (0,0) width 448: "Both lines should look identical (the first line is the one manipulated)."
      RenderBlock (anonymous) at (0,80) size 784x32
        RenderBR {BR} at (0,0) size 0x16
        RenderBR {BR} at (0,16) size 0x16
      RenderBlock {P} at (0,128) size 784x25
        RenderText {#text} at (0,9) size 159x16
          text run at (0,9) width 159: "<ruby> is defined in the "
        RenderRuby (inline) {RUBY} at (0,0) size 112x16
          RenderRubyRun (anonymous) at (154.02,9) size 107.47x16
            RenderRubyText {RT} at (0,-9) size 107.47x9
              RenderText {#text} at (0,0) size 108x9
                text run at (0,0) width 108: "Hyper-text Markup Language"
            RenderRubyBase (anonymous) at (0,0) size 107.47x16
              RenderInline {SPAN} at (0,0) size 22x16
                RenderText {#text} at (31,0) size 22x16
                  text run at (31,0) width 22: "HT"
              RenderText {#text} at (52,0) size 25x16
                text run at (52,0) width 25: "ML"
          RenderRubyRun (anonymous) at (261.48,9) size 8x16
            RenderRubyBase (anonymous) at (0,0) size 8x16
              RenderText {#text} at (0,0) size 8x16
                text run at (0,0) width 8: "5"
        RenderText {#text} at (269,9) size 37x16
          text run at (269,9) width 37: " spec."
      RenderBlock {P} at (0,169) size 784x25
        RenderText {#text} at (0,9) size 159x16
          text run at (0,9) width 159: "<ruby> is defined in the "
        RenderRuby (inline) {RUBY} at (0,0) size 112x16
          RenderRubyRun (anonymous) at (154.02,9) size 107.47x16
            RenderRubyText {RT} at (0,-9) size 107.47x9
              RenderText {#text} at (0,0) size 108x9
                text run at (0,0) width 108: "Hyper-text Markup Language"
            RenderRubyBase (anonymous) at (0,0) size 107.47x16
              RenderText {#text} at (31,0) size 46x16
                text run at (31,0) width 46: "HTML"
              RenderInline {SPAN} at (0,0) size 1x16
          RenderRubyRun (anonymous) at (261.48,9) size 8x16
            RenderRubyBase (anonymous) at (0,0) size 8x16
              RenderText {#text} at (0,0) size 8x16
                text run at (0,0) width 8: "5"
        RenderText {#text} at (269,9) size 37x16
          text run at (269,9) width 37: " spec."
