layer at (0,0) size 800x600
  RenderView at (0,0) size 800x600
layer at (0,0) size 800x600
  RenderBlock {HTML} at (0,0) size 800x600
    RenderBody {BODY} at (8,8) size 784x576
      RenderBlock {P} at (0,0) size 784x16
        RenderText {#text} at (0,0) size 670x16
          text run at (0,0) width 670: "The following is a test for DOM manipulation within <ruby>: Inserting a new text before a <rt> element"
      RenderBlock {P} at (0,32) size 784x16
        RenderText {#text} at (0,0) size 448x16
          text run at (0,0) width 448: "Both lines should look identical (the first line is the one manipulated)."
      RenderBlock (anonymous) at (0,64) size 784x32
        RenderBR {BR} at (0,0) size 0x16
        RenderBR {BR} at (0,16) size 0x16
      RenderBlock {P} at (0,112) size 784x25
        RenderText {#text} at (0,9) size 159x16
          text run at (0,9) width 159: "<ruby> is defined in the "
        RenderRuby (inline) {RUBY} at (0,0) size 110x16
          RenderRubyRun (anonymous) at (154.02,9) size 38.98x16
            RenderRubyText {RT} at (0,-9) size 38.98x9
              RenderText {#text} at (0,0) size 40x9
                text run at (0,0) width 40: "Hyper-text"
            RenderRubyBase (anonymous) at (0,0) size 38.98x16
              RenderText {#text} at (8,0) size 23x16
                text run at (8,0) width 23: "HT"
          RenderRubyRun (anonymous) at (193,9) size 66.23x16
            RenderRubyText {RT} at (0,-9) size 66.23x9
              RenderText {#text} at (0,0) size 67x9
                text run at (0,0) width 67: "Markup Language"
            RenderRubyBase (anonymous) at (0,0) size 66.23x16
              RenderText {#text} at (21,0) size 25x16
                text run at (21,0) width 25: "ML"
          RenderRubyRun (anonymous) at (259.23,9) size 8x16
            RenderRubyBase (anonymous) at (0,0) size 8x16
              RenderText {#text} at (0,0) size 8x16
                text run at (0,0) width 8: "5"
        RenderText {#text} at (267,9) size 37x16
          text run at (267,9) width 37: " spec."
      RenderBlock {P} at (0,153) size 784x25
        RenderText {#text} at (0,9) size 159x16
          text run at (0,9) width 159: "<ruby> is defined in the "
        RenderRuby (inline) {RUBY} at (0,0) size 110x16
          RenderRubyRun (anonymous) at (154.02,9) size 38.98x16
            RenderRubyText {RT} at (0,-9) size 38.98x9
              RenderText {#text} at (0,0) size 40x9
                text run at (0,0) width 40: "Hyper-text"
            RenderRubyBase (anonymous) at (0,0) size 38.98x16
              RenderText {#text} at (8,0) size 23x16
                text run at (8,0) width 23: "HT"
          RenderRubyRun (anonymous) at (193,9) size 66.23x16
            RenderRubyText {RT} at (0,-9) size 66.23x9
              RenderText {#text} at (0,0) size 67x9
                text run at (0,0) width 67: "Markup Language"
            RenderRubyBase (anonymous) at (0,0) size 66.23x16
              RenderText {#text} at (21,0) size 25x16
                text run at (21,0) width 25: "ML"
          RenderRubyRun (anonymous) at (259.23,9) size 8x16
            RenderRubyBase (anonymous) at (0,0) size 8x16
              RenderText {#text} at (0,0) size 8x16
                text run at (0,0) width 8: "5"
        RenderText {#text} at (267,9) size 37x16
          text run at (267,9) width 37: " spec."
