layer at (0,0) size 800x600
  RenderView at (0,0) size 800x600
layer at (0,0) size 800x600
  RenderBlock {HTML} at (0,0) size 800x600
    RenderBody {BODY} at (8,8) size 784x576
      RenderBlock {P} at (0,0) size 784x16
        RenderText {#text} at (0,0) size 463x16
          text run at (0,0) width 463: "The following is a test for having a <rt> immediately following another."
      RenderBlock (anonymous) at (0,32) size 784x32
        RenderBR {BR} at (0,0) size 0x16
        RenderBR {BR} at (0,16) size 0x16
      RenderBlock {P} at (0,80) size 784x25
        RenderText {#text} at (0,9) size 83x16
          text run at (0,9) width 83: "<ruby> uses "
        RenderRuby (inline) {RUBY} at (0,0) size 43x16
          RenderRubyRun (anonymous) at (82.92,9) size 27.83x16
            RenderRubyText {RT} at (0,-9) size 27.83x9
              RenderText {#text} at (5,0) size 18x9
                text run at (5,0) width 18: "ruby"
            RenderRubyBase (anonymous) at (0,0) size 27.83x16
              RenderText {#text} at (0,0) size 29x16
                text run at (0,0) width 29: "<rt>"
          RenderRubyRun (anonymous) at (110.75,23) size 13.50x0
            RenderRubyText {RT} at (0,-9) size 13.50x9
              RenderText {#text} at (0,0) size 14x9
                text run at (0,0) width 14: "text"
        RenderText {#text} at (124,9) size 167x16
          text run at (124,9) width 167: " to contain the annotation."
