layer at (0,0) size 800x600
  RenderView at (0,0) size 800x600
layer at (0,0) size 800x420
  RenderBlock {HTML} at (0,0) size 800x420
    RenderBody {BODY} at (8,8) size 784x404
      RenderBlock {H1} at (0,0) size 784x24
        RenderText {#text} at (0,0) size 246x23
          text run at (0,0) width 246: "Tests support for font-weight"
      RenderBlock {P} at (0,26) size 784x17
        RenderText {#text} at (0,0) size 350x16
          text run at (0,0) width 350: "Tests that CSS font-weight with numeric values is supported."
      RenderBlock {SECTION} at (0,51) size 784x179
        RenderBlock {H2} at (0,0) size 784x20
          RenderText {#text} at (0,0) size 62x19
            text run at (0,0) width 62: "Segoe UI"
        RenderBlock {P} at (0,22) size 784x17
          RenderText {#text} at (0,0) size 338x16
            text run at (0,0) width 338: "font-weight: 100 - Fix problem quickly with galvanized jets."
        RenderBlock {P} at (0,39) size 784x17
          RenderText {#text} at (0,0) size 338x16
            text run at (0,0) width 338: "font-weight: 200 - Fix problem quickly with galvanized jets."
        RenderBlock {P} at (0,56) size 784x17
          RenderText {#text} at (0,0) size 338x16
            text run at (0,0) width 338: "font-weight: 300 - Fix problem quickly with galvanized jets."
        RenderBlock {P} at (0,73) size 784x17
          RenderText {#text} at (0,0) size 338x16
            text run at (0,0) width 338: "font-weight: 400 - Fix problem quickly with galvanized jets."
        RenderBlock {P} at (0,90) size 784x17
          RenderText {#text} at (0,0) size 338x16
            text run at (0,0) width 338: "font-weight: 500 - Fix problem quickly with galvanized jets."
        RenderBlock {P} at (0,107) size 784x18
          RenderText {#text} at (0,0) size 363x17
            text run at (0,0) width 363: "font-weight: 600 - Fix problem quickly with galvanized jets."
        RenderBlock {P} at (0,125) size 784x18
          RenderText {#text} at (0,0) size 363x17
            text run at (0,0) width 363: "font-weight: 700 - Fix problem quickly with galvanized jets."
        RenderBlock {P} at (0,143) size 784x18
          RenderText {#text} at (0,0) size 363x17
            text run at (0,0) width 363: "font-weight: 800 - Fix problem quickly with galvanized jets."
        RenderBlock {P} at (0,161) size 784x18
          RenderText {#text} at (0,0) size 363x17
            text run at (0,0) width 363: "font-weight: 900 - Fix problem quickly with galvanized jets."
      RenderBlock {SECTION} at (0,238) size 784x166
        RenderBlock {H2} at (0,0) size 784x20
          RenderText {#text} at (0,0) size 34x19
            text run at (0,0) width 34: "Arial"
        RenderBlock {P} at (0,22) size 784x16
          RenderText {#text} at (0,0) size 363x16
            text run at (0,0) width 363: "font-weight: 100 - Fix problem quickly with galvanized jets."
        RenderBlock {P} at (0,38) size 784x16
          RenderText {#text} at (0,0) size 363x16
            text run at (0,0) width 363: "font-weight: 200 - Fix problem quickly with galvanized jets."
        RenderBlock {P} at (0,54) size 784x16
          RenderText {#text} at (0,0) size 363x16
            text run at (0,0) width 363: "font-weight: 300 - Fix problem quickly with galvanized jets."
        RenderBlock {P} at (0,70) size 784x16
          RenderText {#text} at (0,0) size 363x16
            text run at (0,0) width 363: "font-weight: 400 - Fix problem quickly with galvanized jets."
        RenderBlock {P} at (0,86) size 784x16
          RenderText {#text} at (0,0) size 363x16
            text run at (0,0) width 363: "font-weight: 500 - Fix problem quickly with galvanized jets."
        RenderBlock {P} at (0,102) size 784x16
          RenderText {#text} at (0,0) size 408x16
            text run at (0,0) width 408: "font-weight: 600 - Fix problem quickly with galvanized jets."
        RenderBlock {P} at (0,118) size 784x16
          RenderText {#text} at (0,0) size 408x16
            text run at (0,0) width 408: "font-weight: 700 - Fix problem quickly with galvanized jets."
        RenderBlock {P} at (0,134) size 784x16
          RenderText {#text} at (0,0) size 408x16
            text run at (0,0) width 408: "font-weight: 800 - Fix problem quickly with galvanized jets."
        RenderBlock {P} at (0,150) size 784x16
          RenderText {#text} at (0,0) size 408x16
            text run at (0,0) width 408: "font-weight: 900 - Fix problem quickly with galvanized jets."
