layer at (0,0) size 800x600
  RenderView at (0,0) size 800x600
layer at (0,0) size 800x600
  RenderBlock {HTML} at (0,0) size 800x600
    RenderBody {BODY} at (8,8) size 784x584
      RenderTable {TABLE} at (0,0) size 241x48 [border: (1px outset #808080)]
        RenderTableCol {COLGROUP} at (0,0) size 0x0
          RenderTableCol {COL} at (0,0) size 0x0
          RenderTableCol {COL} at (0,0) size 0x0
          RenderTableCol {COL} at (0,0) size 0x0
        RenderTableSection {TBODY} at (1,1) size 239x46
          RenderTableRow {TR} at (0,2) size 239x20
            RenderTableCell {TD} at (2,2) size 77x20 [border: (1px inset #808080)] [r=0 c=0 rs=1 cs=1]
              RenderText {#text} at (2,2) size 73x16
                text run at (2,2) width 73: "col 1 row 1"
            RenderTableCell {TD} at (81,2) size 77x20 [border: (1px inset #808080)] [r=0 c=1 rs=1 cs=1]
              RenderText {#text} at (2,2) size 73x16
                text run at (2,2) width 73: "col 2 row 1"
            RenderTableCell {TD} at (160,2) size 77x20 [border: (1px inset #808080)] [r=0 c=2 rs=1 cs=1]
              RenderText {#text} at (2,2) size 73x16
                text run at (2,2) width 73: "col 3 row 1"
          RenderTableRow {TR} at (0,24) size 239x20
            RenderTableCell {TD} at (2,24) size 77x20 [border: (1px inset #808080)] [r=1 c=0 rs=1 cs=1]
              RenderText {#text} at (2,2) size 73x16
                text run at (2,2) width 73: "col 1 row 2"
            RenderTableCell {TD} at (81,24) size 77x20 [border: (1px inset #808080)] [r=1 c=1 rs=1 cs=1]
              RenderText {#text} at (2,2) size 73x16
                text run at (2,2) width 73: "col 2 row 2"
            RenderTableCell {TD} at (160,24) size 77x20 [border: (1px inset #808080)] [r=1 c=2 rs=1 cs=1]
              RenderText {#text} at (2,2) size 73x16
                text run at (2,2) width 73: "col 3 row 3"
      RenderBlock (anonymous) at (0,48) size 784x18
        RenderButton {BUTTON} at (0,0) size 371.67x18 [bgcolor=#C0C0C0] [border: none (2px outset #C0C0C0) none (2px outset #C0C0C0)]
          RenderBlock (anonymous) at (8,2) size 355.67x13
            RenderText {#text} at (0,0) size 356x13
              text run at (0,0) width 356: "Click me to test manually. The first column should grow to 500px."
        RenderText {#text} at (0,0) size 0x0
        RenderText {#text} at (0,0) size 0x0
caret: position 65 of child 0 {#text} of child 3 {BUTTON} of body
