layer at (0,0) size 787x1402
  RenderView at (0,0) size 787x600
layer at (0,0) size 787x1402
  RenderBlock {HTML} at (0,0) size 787x1401.91
    RenderBody {BODY} at (8,8) size 771x1380.91
      RenderBlock {H2} at (0,0) size 771x48
        RenderText {#text} at (0,0) size 737x48
          text run at (0,0) width 737: "It's OK if nothing drawn for a scrollbar (for an outermost frame and an"
          text run at (0,24) width 227: "element with overlow)"
      RenderBlock {P} at (0,67.91) size 771x16
        RenderText {#text} at (0,0) size 591x16
          text run at (0,0) width 591: "Note that Safari doesn't allow to customize the outermost scdrollbars and just show Cocoa's."
      RenderBlock {PRE} at (0,212.91) size 771x1168 [bgcolor=#008000]
      RenderBlock {PRE} at (0,1393.91) size 1542x0 [bgcolor=#008000]
layer at (8,108) size 100x100 clip at (8,108) size 87x87 scrollWidth 1396 scrollHeight 91
  RenderBlock {PRE} at (0,99.91) size 100x100 [bgcolor=#008000]
    RenderText {#text} at (0,0) size 1397x91
      text run at (0,0) width 1397: "The quick brown fox jumps over the lazy dog. The quick brown fox jumps over the lazy dog. The quick brown fox jumps over the lazy dog. The quick brown fox jumps over the lazy dog."
      text run at (1396,0) width 1: " "
      text run at (0,13) width 1397: "The quick brown fox jumps over the lazy dog. The quick brown fox jumps over the lazy dog. The quick brown fox jumps over the lazy dog. The quick brown fox jumps over the lazy dog."
      text run at (1396,13) width 1: " "
      text run at (0,26) width 1397: "The quick brown fox jumps over the lazy dog. The quick brown fox jumps over the lazy dog. The quick brown fox jumps over the lazy dog. The quick brown fox jumps over the lazy dog."
      text run at (1396,26) width 1: " "
      text run at (0,39) width 1397: "The quick brown fox jumps over the lazy dog. The quick brown fox jumps over the lazy dog. The quick brown fox jumps over the lazy dog. The quick brown fox jumps over the lazy dog."
      text run at (1396,39) width 1: " "
      text run at (0,52) width 1397: "The quick brown fox jumps over the lazy dog. The quick brown fox jumps over the lazy dog. The quick brown fox jumps over the lazy dog. The quick brown fox jumps over the lazy dog."
      text run at (1396,52) width 1: " "
      text run at (0,65) width 1397: "The quick brown fox jumps over the lazy dog. The quick brown fox jumps over the lazy dog. The quick brown fox jumps over the lazy dog. The quick brown fox jumps over the lazy dog."
      text run at (1396,65) width 1: " "
      text run at (0,78) width 1397: "The quick brown fox jumps over the lazy dog. The quick brown fox jumps over the lazy dog. The quick brown fox jumps over the lazy dog. The quick brown fox jumps over the lazy dog."
      text run at (1396,78) width 1: " "
