layer at (0,0) size 800x600
  RenderView at (0,0) size 800x600
layer at (0,0) size 800x82
  RenderBlock {HTML} at (0,0) size 800x82
    RenderBody {BODY} at (8,8) size 784x66
      RenderBlock (anonymous) at (0,0) size 784x16
        RenderText {#text} at (0,0) size 134x16
          text run at (0,0) width 134: "PASS if not crashed."
layer at (8,24) size 50x50 clip at (8,24) size 35x36 scrollWidth 200 scrollHeight 200
  RenderBlock {DIV} at (0,16) size 50x50
    RenderBlock {DIV} at (0,0) size 200x200
