layer at (0,0) size 800x600
  RenderView at (0,0) size 800x600
layer at (0,0) size 800x600
  RenderBlock {HTML} at (0,0) size 800x600
    RenderBody {BODY} at (8,8) size 784x584
layer at (8,8) size 200x200 clip at (8,8) size 183x183 scrollWidth 323 scrollHeight 704
  RenderBlock {DIV} at (0,0) size 200x200
    RenderText {#text} at (0,0) size 36x16
      text run at (0,0) width 36: "Hello"
    RenderBR {BR} at (35,12) size 1x0
    RenderText {#text} at (0,16) size 36x16
      text run at (0,16) width 36: "Hello"
    RenderBR {BR} at (35,28) size 1x0
    RenderText {#text} at (0,32) size 36x16
      text run at (0,32) width 36: "Hello"
    RenderBR {BR} at (35,44) size 1x0
    RenderText {#text} at (0,48) size 36x16
      text run at (0,48) width 36: "Hello"
    RenderBR {BR} at (35,60) size 1x0
    RenderText {#text} at (0,64) size 36x16
      text run at (0,64) width 36: "Hello"
    RenderBR {BR} at (35,76) size 1x0
    RenderText {#text} at (0,80) size 36x16
      text run at (0,80) width 36: "Hello"
    RenderBR {BR} at (35,92) size 1x0
    RenderText {#text} at (0,96) size 36x16
      text run at (0,96) width 36: "Hello"
    RenderBR {BR} at (35,108) size 1x0
    RenderText {#text} at (0,112) size 36x16
      text run at (0,112) width 36: "Hello"
    RenderBR {BR} at (35,124) size 1x0
    RenderText {#text} at (0,128) size 36x16
      text run at (0,128) width 36: "Hello"
    RenderBR {BR} at (35,140) size 1x0
    RenderText {#text} at (0,144) size 36x16
      text run at (0,144) width 36: "Hello"
    RenderBR {BR} at (35,156) size 1x0
    RenderText {#text} at (0,160) size 36x16
      text run at (0,160) width 36: "Hello"
    RenderBR {BR} at (35,172) size 1x0
    RenderText {#text} at (0,176) size 36x16
      text run at (0,176) width 36: "Hello"
    RenderBR {BR} at (35,188) size 1x0
    RenderText {#text} at (0,192) size 36x16
      text run at (0,192) width 36: "Hello"
    RenderBR {BR} at (35,204) size 1x0
    RenderText {#text} at (0,208) size 36x16
      text run at (0,208) width 36: "Hello"
    RenderBR {BR} at (35,220) size 1x0
    RenderText {#text} at (0,224) size 36x16
      text run at (0,224) width 36: "Hello"
    RenderBR {BR} at (35,236) size 1x0
    RenderText {#text} at (0,240) size 36x16
      text run at (0,240) width 36: "Hello"
    RenderBR {BR} at (35,252) size 1x0
    RenderInline {SPAN} at (0,0) size 324x16
      RenderText {#text} at (0,256) size 324x16
        text run at (0,256) width 324: "Hello world this is a long string and will not wrap."
    RenderText {#text} at (0,272) size 36x16
      text run at (0,272) width 36: "Hello"
    RenderBR {BR} at (35,284) size 1x0
    RenderText {#text} at (0,288) size 36x16
      text run at (0,288) width 36: "Hello"
    RenderBR {BR} at (35,300) size 1x0
    RenderText {#text} at (0,304) size 36x16
      text run at (0,304) width 36: "Hello"
    RenderBR {BR} at (35,316) size 1x0
    RenderText {#text} at (0,320) size 36x16
      text run at (0,320) width 36: "Hello"
    RenderBR {BR} at (35,332) size 1x0
    RenderText {#text} at (0,336) size 36x16
      text run at (0,336) width 36: "Hello"
    RenderBR {BR} at (35,348) size 1x0
    RenderText {#text} at (0,352) size 36x16
      text run at (0,352) width 36: "Hello"
    RenderBR {BR} at (35,364) size 1x0
    RenderText {#text} at (0,368) size 36x16
      text run at (0,368) width 36: "Hello"
    RenderBR {BR} at (35,380) size 1x0
    RenderText {#text} at (0,384) size 36x16
      text run at (0,384) width 36: "Hello"
    RenderBR {BR} at (35,396) size 1x0
    RenderText {#text} at (0,400) size 36x16
      text run at (0,400) width 36: "Hello"
    RenderBR {BR} at (35,412) size 1x0
    RenderText {#text} at (0,416) size 36x16
      text run at (0,416) width 36: "Hello"
    RenderBR {BR} at (35,428) size 1x0
    RenderText {#text} at (0,432) size 36x16
      text run at (0,432) width 36: "Hello"
    RenderBR {BR} at (35,444) size 1x0
    RenderText {#text} at (0,448) size 36x16
      text run at (0,448) width 36: "Hello"
    RenderBR {BR} at (35,460) size 1x0
    RenderText {#text} at (0,464) size 36x16
      text run at (0,464) width 36: "Hello"
    RenderBR {BR} at (35,476) size 1x0
    RenderText {#text} at (0,480) size 36x16
      text run at (0,480) width 36: "Hello"
    RenderBR {BR} at (35,492) size 1x0
    RenderText {#text} at (0,496) size 36x16
      text run at (0,496) width 36: "Hello"
    RenderBR {BR} at (35,508) size 1x0
    RenderText {#text} at (0,512) size 36x16
      text run at (0,512) width 36: "Hello"
    RenderBR {BR} at (35,524) size 1x0
    RenderText {#text} at (0,528) size 36x16
      text run at (0,528) width 36: "Hello"
    RenderBR {BR} at (35,540) size 1x0
    RenderText {#text} at (0,544) size 36x16
      text run at (0,544) width 36: "Hello"
    RenderBR {BR} at (35,556) size 1x0
    RenderText {#text} at (0,560) size 36x16
      text run at (0,560) width 36: "Hello"
    RenderBR {BR} at (35,572) size 1x0
    RenderText {#text} at (0,576) size 36x16
      text run at (0,576) width 36: "Hello"
    RenderBR {BR} at (35,588) size 1x0
    RenderText {#text} at (0,592) size 36x16
      text run at (0,592) width 36: "Hello"
    RenderBR {BR} at (35,604) size 1x0
    RenderText {#text} at (0,608) size 36x16
      text run at (0,608) width 36: "Hello"
    RenderBR {BR} at (35,620) size 1x0
    RenderText {#text} at (0,624) size 36x16
      text run at (0,624) width 36: "Hello"
    RenderBR {BR} at (35,636) size 1x0
    RenderText {#text} at (0,640) size 36x16
      text run at (0,640) width 36: "Hello"
    RenderBR {BR} at (35,652) size 1x0
    RenderText {#text} at (0,656) size 36x16
      text run at (0,656) width 36: "Hello"
    RenderBR {BR} at (35,668) size 1x0
    RenderText {#text} at (0,672) size 36x16
      text run at (0,672) width 36: "Hello"
    RenderBR {BR} at (35,684) size 1x0
    RenderText {#text} at (0,688) size 36x16
      text run at (0,688) width 36: "Hello"
    RenderBR {BR} at (35,700) size 1x0
