layer at (0,0) size 800x600
  RenderView at (0,0) size 800x600
layer at (0,0) size 800x295
  RenderBlock {html} at (0,0) size 800x295
    RenderBody {body} at (8,16) size 784x271
      RenderBlock {p} at (0,0) size 784x19
        RenderTextControl {input} at (0,0) size 273x19 [bgcolor=#FFFFFF] [border: (2px inset #EEEEEE)]
      RenderBlock {p} at (0,35) size 784x16
        RenderText {#text} at (0,0) size 467x16
          text run at (0,0) width 467: "It should say \"PASSED\" above and there should be a green circle below."
      RenderBlock (anonymous) at (0,67) size 784x204
        RenderSVGRoot {svg} at (8,83) size 100x100
          RenderSVGEllipse {circle} at (8,83) size 100x100 [fill={[type=SOLID] [color=#008000]}] [cx=50.00] [cy=50.00] [r=50.00]
        RenderText {#text} at (0,0) size 0x0
        RenderText {#text} at (0,0) size 0x0
layer at (11,19) size 267x13
  RenderBlock {div} at (3,3) size 267x13
    RenderText {#text} at (0,0) size 115x13
      text run at (0,0) width 115: "This test has PASSED."
