layer at (0,0) size 827x1615
  RenderView at (0,0) size 800x600
layer at (0,0) size 800x1615
  RenderBlock {HTML} at (0,0) size 800x1615.33
    RenderBody {BODY} at (8,17.41) size 784x1584.92 [color=#00FF00] [bgcolor=#333333]
      RenderBlock {H1} at (0,0) size 784x26
        RenderText {#text} at (0,0) size 515x26
          text run at (0,0) width 515: "CSS2 Table Backgrounds Test Suite"
      RenderBlock {H2} at (0,43.41) size 784x20
        RenderText {#text} at (0,0) size 59x20
          text run at (0,0) width 59: "Notes"
      RenderBlock {P} at (0,79.58) size 784x65
        RenderText {#text} at (0,0) size 710x26
          text run at (0,0) width 710: "This test suite is not endorsed or approved by the W3C or anyone besides fantasai. It tests"
          text run at (0,13) width 203: "conformance to fantasai's "
        RenderInline {A} at (0,0) size 306x13 [color=#FFFF00]
          RenderText {#text} at (202,13) size 306x13
            text run at (202,13) width 306: "table background clarification proposal"
        RenderText {#text} at (507,13) size 773x52
          text run at (507,13) width 180: ", not the official CSS2"
          text run at (0,26) width 773: "specification. The intent is to demonstrate the proposal's effects under various styling conditions"
          text run at (0,39) width 765: "and to clarify any ambiguity in the proposal in preparation for a better-worded errata suggestion."
          text run at (0,52) width 476: "It's not particularly well-designed, but it is comprehensive."
      RenderBlock {P} at (0,157.58) size 784x26
        RenderText {#text} at (0,0) size 781x26
          text run at (0,0) width 781: "This test suite (this page and all pages linked from the table of contents below) and its background"
          text run at (0,13) width 749: "images (listed below) are in the public domain by assertion of their author. No rights reserved."
      RenderBlock {P} at (0,196.58) size 784x13
        RenderText {#text} at (0,0) size 383x13
          text run at (0,0) width 383: "The images used as backgrounds are the following:"
      RenderBlock {UL} at (0,222.58) size 784x743
        RenderListItem {LI} at (40,0) size 744x33
          RenderListMarker at (-14,20) size 5x13: bullet
          RenderImage {IMG} at (0,0) size 80x30
          RenderText {#text} at (0,0) size 0x0
        RenderListItem {LI} at (40,33) size 744x83
          RenderListMarker at (-14,70) size 5x13: bullet
          RenderImage {IMG} at (0,0) size 30x80
          RenderText {#text} at (0,0) size 0x0
        RenderListItem {LI} at (40,116) size 744x627
          RenderListMarker at (-14,0) size 5x13: bullet
          RenderImage {IMG} at (0,13) size 779x611
          RenderText {#text} at (0,0) size 0x0
      RenderBlock {P} at (0,978.58) size 784x13
        RenderText {#text} at (0,0) size 328x13
          text run at (0,0) width 328: "They are in GIF format, with transparency."
      RenderBlock {P} at (0,1004.58) size 784x26
        RenderText {#text} at (0,0) size 765x26
          text run at (0,0) width 765: "Each color band in the rainbow backgrounds is 20 pixels wide. Each stripe within the color band is"
          text run at (0,13) width 125: "two pixels wide."
      RenderBlock {P} at (0,1043.58) size 784x13
        RenderText {#text} at (0,0) size 710x13
          text run at (0,0) width 710: "The aqua and purple band is 10 pixels wide. Each stripe within the band is two pixels wide."
      RenderBlock {P} at (0,1069.58) size 784x13
        RenderText {#text} at (0,0) size 726x13
          text run at (0,0) width 726: "Many image background rules in this test suite are backed up with a 'black' background color."
      RenderBlock {P} at (0,1095.58) size 784x39
        RenderText {#text} at (0,0) size 227x13
          text run at (0,0) width 227: "This test suite assumes that "
        RenderInline {STRONG} at (0,0) size 765x26
          RenderText {#text} at (226,0) size 765x26
            text run at (226,0) width 539: "the border edge for a table element in a table with collapsed borders"
            text run at (0,13) width 55: "is the "
          RenderInline {EM} at (0,0) size 48x13
            RenderText {#text} at (54,13) size 48x13
              text run at (54,13) width 48: "middle"
          RenderText {#text} at (101,13) size 492x13
            text run at (101,13) width 492: " of the border around the element, not the outer or inner edge."
        RenderText {#text} at (592,13) size 773x26
          text run at (592,13) width 181: " (This also needs to be"
          text run at (0,26) width 632: "addressed by CSS2.1.) It also assumes support for proper ordering of tables with "
        RenderInline {CODE} at (0,0) size 56x13
          RenderText {#text} at (631,26) size 56x13
            text run at (631,26) width 56: "<tfoot>"
        RenderText {#text} at (686,26) size 9x13
          text run at (686,26) width 9: "."
      RenderBlock {H2} at (0,1150.75) size 784x20
        RenderText {#text} at (0,0) size 199x20
          text run at (0,0) width 199: "Table of Contents"
      RenderBlock {OL} at (0,1186.92) size 784x398
        RenderListItem {LI} at (40,0) size 744x91
          RenderBlock (anonymous) at (0,0) size 744x13
            RenderListMarker at (-26.39,0) size 23.39x13: "A"
            RenderText {#text} at (0,0) size 118x13
              text run at (0,0) width 118: "Background Area"
          RenderBlock {OL} at (0,13) size 744x78
            RenderListItem {LI} at (40,0) size 704x13
              RenderListMarker at (-26.39,0) size 23.39x13: "1"
              RenderInline {A} at (0,0) size 164x13 [color=#FFFF00]
                RenderText {#text} at (0,0) size 164x13
                  text run at (0,0) width 164: "Background on 'table'"
              RenderText {#text} at (0,0) size 0x0
            RenderListItem {LI} at (40,13) size 704x13
              RenderListMarker at (-26.39,0) size 23.39x13: "2"
              RenderInline {A} at (0,0) size 242x13 [color=#FFFF00]
                RenderText {#text} at (0,0) size 242x13
                  text run at (0,0) width 242: "Background on 'table-row-group'"
              RenderText {#text} at (0,0) size 0x0
            RenderListItem {LI} at (40,26) size 704x13
              RenderListMarker at (-26.39,0) size 23.39x13: "3"
              RenderInline {A} at (0,0) size 266x13 [color=#FFFF00]
                RenderText {#text} at (0,0) size 266x13
                  text run at (0,0) width 266: "Background on 'table-column-group'"
              RenderText {#text} at (0,0) size 0x0
            RenderListItem {LI} at (40,39) size 704x13
              RenderListMarker at (-26.39,0) size 23.39x13: "4"
              RenderInline {A} at (0,0) size 196x13 [color=#FFFF00]
                RenderText {#text} at (0,0) size 196x13
                  text run at (0,0) width 196: "Background on 'table-row'"
              RenderText {#text} at (0,0) size 0x0
            RenderListItem {LI} at (40,52) size 704x13
              RenderListMarker at (-26.39,0) size 23.39x13: "5"
              RenderInline {A} at (0,0) size 219x13 [color=#FFFF00]
                RenderText {#text} at (0,0) size 219x13
                  text run at (0,0) width 219: "Background on 'table-column'"
              RenderText {#text} at (0,0) size 0x0
            RenderListItem {LI} at (40,65) size 704x13
              RenderListMarker at (-26.39,0) size 23.39x13: "6"
              RenderInline {A} at (0,0) size 203x13 [color=#FFFF00]
                RenderText {#text} at (0,0) size 203x13
                  text run at (0,0) width 203: "Background on 'table-cell'"
              RenderText {#text} at (0,0) size 0x0
        RenderListItem {LI} at (40,91) size 744x91
          RenderBlock (anonymous) at (0,0) size 744x13
            RenderListMarker at (-26.39,0) size 23.39x13: "B"
            RenderText {#text} at (0,0) size 149x13
              text run at (0,0) width 149: "Background Position"
          RenderBlock {OL} at (0,13) size 744x78
            RenderListItem {LI} at (40,0) size 704x13
              RenderListMarker at (-26.39,0) size 23.39x13: "1"
              RenderInline {A} at (0,0) size 164x13 [color=#FFFF00]
                RenderText {#text} at (0,0) size 164x13
                  text run at (0,0) width 164: "Background on 'table'"
              RenderText {#text} at (0,0) size 0x0
            RenderListItem {LI} at (40,13) size 704x13
              RenderListMarker at (-26.39,0) size 23.39x13: "2"
              RenderInline {A} at (0,0) size 242x13 [color=#FFFF00]
                RenderText {#text} at (0,0) size 242x13
                  text run at (0,0) width 242: "Background on 'table-row-group'"
              RenderText {#text} at (0,0) size 0x0
            RenderListItem {LI} at (40,26) size 704x13
              RenderListMarker at (-26.39,0) size 23.39x13: "3"
              RenderInline {A} at (0,0) size 266x13 [color=#FFFF00]
                RenderText {#text} at (0,0) size 266x13
                  text run at (0,0) width 266: "Background on 'table-column-group'"
              RenderText {#text} at (0,0) size 0x0
            RenderListItem {LI} at (40,39) size 704x13
              RenderListMarker at (-26.39,0) size 23.39x13: "4"
              RenderInline {A} at (0,0) size 196x13 [color=#FFFF00]
                RenderText {#text} at (0,0) size 196x13
                  text run at (0,0) width 196: "Background on 'table-row'"
              RenderText {#text} at (0,0) size 0x0
            RenderListItem {LI} at (40,52) size 704x13
              RenderListMarker at (-26.39,0) size 23.39x13: "5"
              RenderInline {A} at (0,0) size 219x13 [color=#FFFF00]
                RenderText {#text} at (0,0) size 219x13
                  text run at (0,0) width 219: "Background on 'table-column'"
              RenderText {#text} at (0,0) size 0x0
            RenderListItem {LI} at (40,65) size 704x13
              RenderListMarker at (-26.39,0) size 23.39x13: "6"
              RenderInline {A} at (0,0) size 203x13 [color=#FFFF00]
                RenderText {#text} at (0,0) size 203x13
                  text run at (0,0) width 203: "Background on 'table-cell'"
              RenderText {#text} at (0,0) size 0x0
        RenderListItem {LI} at (40,182) size 744x39
          RenderBlock (anonymous) at (0,0) size 744x13
            RenderListMarker at (-26.39,0) size 23.39x13: "C"
            RenderText {#text} at (0,0) size 133x13
              text run at (0,0) width 133: "Background Layers"
          RenderBlock {OL} at (0,13) size 744x26
            RenderListItem {LI} at (40,0) size 704x13
              RenderListMarker at (-26.39,0) size 23.39x13: "1"
              RenderInline {A} at (0,0) size 133x13 [color=#FFFF00]
                RenderText {#text} at (0,0) size 133x13
                  text run at (0,0) width 133: "empty-cells: show"
              RenderText {#text} at (0,0) size 0x0
            RenderListItem {LI} at (40,13) size 704x13
              RenderListMarker at (-26.39,0) size 23.39x13: "2"
              RenderInline {A} at (0,0) size 133x13 [color=#FFFF00]
                RenderText {#text} at (0,0) size 133x13
                  text run at (0,0) width 133: "empty-cells: hide"
              RenderText {#text} at (0,0) size 0x0
        RenderListItem {LI} at (40,221) size 744x177
          RenderBlock (anonymous) at (0,0) size 744x13
            RenderListMarker at (-26.39,0) size 23.39x13: "D"
            RenderText {#text} at (0,0) size 180x13
              text run at (0,0) width 180: "Background with Borders"
          RenderBlock {OL} at (0,13) size 744x117
            RenderListItem {LI} at (40,0) size 704x13
              RenderListMarker at (-26.39,0) size 23.39x13: "1"
              RenderInline {A} at (0,0) size 164x13 [color=#FFFF00]
                RenderText {#text} at (0,0) size 164x13
                  text run at (0,0) width 164: "Background on 'table'"
              RenderText {#text} at (0,0) size 0x0
            RenderListItem {LI} at (40,13) size 704x13
              RenderListMarker at (-26.39,0) size 23.39x13: "2"
              RenderInline {A} at (0,0) size 242x13 [color=#FFFF00]
                RenderText {#text} at (0,0) size 242x13
                  text run at (0,0) width 242: "Background on 'table-row-group'"
              RenderText {#text} at (0,0) size 0x0
            RenderListItem {LI} at (40,26) size 704x13
              RenderListMarker at (-26.39,0) size 23.39x13: "3"
              RenderInline {A} at (0,0) size 266x13 [color=#FFFF00]
                RenderText {#text} at (0,0) size 266x13
                  text run at (0,0) width 266: "Background on 'table-column-group'"
              RenderText {#text} at (0,0) size 0x0
            RenderListItem {LI} at (40,39) size 704x13
              RenderListMarker at (-26.39,0) size 23.39x13: "4"
              RenderInline {A} at (0,0) size 196x13 [color=#FFFF00]
                RenderText {#text} at (0,0) size 196x13
                  text run at (0,0) width 196: "Background on 'table-row'"
              RenderText {#text} at (0,0) size 0x0
            RenderListItem {LI} at (40,52) size 704x13
              RenderListMarker at (-26.39,0) size 23.39x13: "5"
              RenderInline {A} at (0,0) size 219x13 [color=#FFFF00]
                RenderText {#text} at (0,0) size 219x13
                  text run at (0,0) width 219: "Background on 'table-column'"
              RenderText {#text} at (0,0) size 0x0
            RenderListItem {LI} at (40,65) size 704x13
              RenderListMarker at (-26.39,0) size 23.39x13: "6"
              RenderInline {A} at (0,0) size 203x13 [color=#FFFF00]
                RenderText {#text} at (0,0) size 203x13
                  text run at (0,0) width 203: "Background on 'table-cell'"
              RenderText {#text} at (0,0) size 0x0
            RenderListItem {LI} at (40,78) size 704x39
              RenderBlock (anonymous) at (0,0) size 704x13
                RenderListMarker at (-26.39,0) size 23.39x13: "7"
                RenderText {#text} at (0,0) size 102x13
                  text run at (0,0) width 102: "Special Tests"
              RenderBlock {OL} at (0,13) size 704x26
                RenderListItem {LI} at (40,0) size 664x13
                  RenderListMarker at (-26.39,0) size 23.39x13: "1"
                  RenderInline {A} at (0,0) size 55x13 [color=#FFFF00]
                    RenderText {#text} at (0,0) size 55x13
                      text run at (0,0) width 55: "Opacity"
                  RenderText {#text} at (0,0) size 0x0
                RenderListItem {LI} at (40,13) size 664x13
                  RenderListMarker at (-26.39,0) size 23.39x13: "2"
                  RenderInline {A} at (0,0) size 133x13 [color=#FFFF00]
                    RenderText {#text} at (0,0) size 133x13
                      text run at (0,0) width 133: "Fixed Backgrounds"
                  RenderText {#text} at (0,0) size 0x0
          RenderBlock {DIV} at (0,130) size 744x34
            RenderInline {A} at (0,0) size 88x13 [color=#FFFF00]
              RenderImage {IMG} at (0,0) size 88x31
            RenderText {#text} at (0,0) size 0x0
          RenderBlock {ADDRESS} at (0,164) size 744x13
            RenderText {#text} at (0,0) size 687x13
              text run at (0,0) width 687: "CSS2 Table Backgrounds Test Suite designed and written by fantasai <fantasai@escape.com>"
