layer at (0,0) size 785x1191
  RenderView at (0,0) size 785x600
layer at (0,0) size 785x1191
  RenderBlock {HTML} at (0,0) size 785x1191.19
    RenderBody {BODY} at (8,17.41) size 769x1165.78 [color=#00FF00] [bgcolor=#333333]
      RenderBlock {H1} at (0,0) size 769x26
        RenderText {#text} at (0,0) size 515x26
          text run at (0,0) width 515: "CSS2 Table Backgrounds Test Suite"
      RenderBlock {H2} at (0,43.41) size 769x20
        RenderText {#text} at (0,0) size 316x20
          text run at (0,0) width 316: "Part B: Background Position"
      RenderBlock {H3} at (0,79.58) size 769x15
        RenderText {#text} at (0,0) size 192x15
          text run at (0,0) width 192: "Background on 'table'"
      RenderBlock {P} at (0,109.78) size 769x13
        RenderText {#text} at (0,0) size 617x13
          text run at (0,0) width 617: "There should be three aqua stripes just inside the top and right table borders."
      RenderBlock {DL} at (0,135.78) size 769x78
        RenderBlock {DT} at (0,0) size 769x13
          RenderText {#text} at (0,0) size 32x13
            text run at (0,0) width 32: "next"
        RenderBlock {DD} at (40,13) size 729x13
          RenderInline {A} at (0,0) size 406x13 [color=#FFFF00]
            RenderText {#text} at (0,0) size 406x13
              text run at (0,0) width 406: "Background Position: Background on 'table-row-group'"
          RenderText {#text} at (0,0) size 0x0
        RenderBlock {DT} at (0,26) size 769x13
          RenderText {#text} at (0,0) size 63x13
            text run at (0,0) width 63: "previous"
        RenderBlock {DD} at (40,39) size 729x13
          RenderInline {A} at (0,0) size 367x13 [color=#FFFF00]
            RenderText {#text} at (0,0) size 367x13
              text run at (0,0) width 367: "Background Position: Background on 'table-cell'"
          RenderText {#text} at (0,0) size 0x0
        RenderBlock {DT} at (0,52) size 769x13
          RenderText {#text} at (0,0) size 63x13
            text run at (0,0) width 63: "contents"
        RenderBlock {DD} at (40,65) size 729x13
          RenderInline {A} at (0,0) size 133x13 [color=#FFFF00]
            RenderText {#text} at (0,0) size 133x13
              text run at (0,0) width 133: "Table of Contents"
          RenderText {#text} at (0,0) size 0x0
      RenderTable {TABLE} at (0,226.78) size 618x463 [color=#FFFFFF] [bgcolor=#000000] [border: (1px dotted #FFFFFF)]
        RenderBlock {CAPTION} at (0,0) size 618x19
          RenderText {#text} at (163,0) size 292x19
            text run at (163,0) width 292: "With 'border-collapse: separate'"
        RenderTableCol {COLGROUP} at (0,0) size 0x0
          RenderTableCol {COL} at (0,0) size 0x0
          RenderTableCol {COL} at (0,0) size 0x0
          RenderTableCol {COL} at (0,0) size 0x0
        RenderTableCol {COLGROUP} at (0,0) size 0x0
          RenderTableCol {COL} at (0,0) size 0x0
        RenderTableSection {THEAD} at (1,20) size 616x114
          RenderTableRow {TR} at (0,7) size 616x100
            RenderTableCell {TH} at (7,45) size 130x23 [border: (1px dotted #FFFFFF)] [r=0 c=0 rs=1 cs=1]
              RenderText {#text} at (42,2) size 46x19
                text run at (42,2) width 46: "TH A"
            RenderTableCell {TH} at (144,33) size 220x47 [border: (13px dotted #FFFFFF)] [r=0 c=1 rs=1 cs=1]
              RenderText {#text} at (87,14) size 46x19
                text run at (87,14) width 46: "TH B"
            RenderTableCell {TH} at (371,45) size 118x23 [border: (1px dotted #FFFFFF)] [r=0 c=2 rs=1 cs=1]
              RenderText {#text} at (36,2) size 46x19
                text run at (36,2) width 46: "TH C"
            RenderTableCell {TH} at (496,45) size 113x23 [border: (1px dotted #FFFFFF)] [r=0 c=3 rs=1 cs=1]
              RenderText {#text} at (34,2) size 45x19
                text run at (34,2) width 45: "TH D"
        RenderTableSection {TBODY} at (1,134) size 616x206
          RenderTableRow {TR} at (0,0) size 616x108
            RenderTableCell {TD} at (7,76) size 130x47 [border: (13px dotted #FFFFFF)] [r=0 c=0 rs=2 cs=1]
              RenderText {#text} at (14,14) size 44x19
                text run at (14,14) width 44: "TD E"
            RenderTableCell {TD} at (144,42) size 220x23 [border: (1px dotted #FFFFFF)] [r=0 c=1 rs=1 cs=1]
              RenderText {#text} at (2,2) size 43x19
                text run at (2,2) width 43: "TD F"
            RenderTableCell {TD} at (371,42) size 118x23 [border: (1px dotted #FFFFFF)] [r=0 c=2 rs=1 cs=1]
              RenderText {#text} at (2,2) size 46x19
                text run at (2,2) width 46: "TD G"
            RenderTableCell {TD} at (496,42) size 113x23 [border: (1px dotted #FFFFFF)] [r=0 c=3 rs=1 cs=1]
              RenderText {#text} at (2,2) size 45x19
                text run at (2,2) width 45: "TD H"
          RenderTableRow {TR} at (0,115) size 616x84
            RenderTableCell {TD} at (144,145) size 220x23 [border: (1px dotted #FFFFFF)] [r=1 c=1 rs=1 cs=1]
              RenderText {#text} at (2,2) size 42x19
                text run at (2,2) width 42: "TD J"
            RenderTableCell {TD} at (371,145) size 118x23 [border: (1px dotted #FFFFFF)] [r=1 c=2 rs=1 cs=1]
              RenderText {#text} at (2,2) size 45x19
                text run at (2,2) width 45: "TD K"
            RenderTableCell {TD} at (496,145) size 113x23 [border: (1px dotted #FFFFFF)] [r=1 c=3 rs=1 cs=1]
              RenderText {#text} at (2,2) size 43x19
                text run at (2,2) width 43: "TD L"
        RenderTableSection {TFOOT} at (1,340) size 616x122
          RenderTableRow {TR} at (0,0) size 616x115
            RenderTableCell {TD} at (7,46) size 357x23 [border: (1px dotted #FFFFFF)] [r=0 c=0 rs=1 cs=2]
              RenderText {#text} at (2,2) size 47x19
                text run at (2,2) width 47: "TD M"
            RenderTableCell {TD} at (371,46) size 118x23 [border: (1px dotted #FFFFFF)] [r=0 c=2 rs=1 cs=1]
              RenderText {#text} at (2,2) size 46x19
                text run at (2,2) width 46: "TD O"
            RenderTableCell {TD} at (496,46) size 113x23 [border: (1px dotted #FFFFFF)] [r=0 c=3 rs=1 cs=1]
              RenderText {#text} at (2,2) size 44x19
                text run at (2,2) width 44: "TD P"
      RenderTable {TABLE} at (0,689.78) size 578x429 [color=#FFFFFF] [bgcolor=#000000] [border: (6px dotted #FFFFFF)]
        RenderBlock {CAPTION} at (0,0) size 578x19
          RenderText {#text} at (144,0) size 290x19
            text run at (144,0) width 290: "With 'border-collapse: collapse'"
        RenderTableCol {COLGROUP} at (0,0) size 0x0
          RenderTableCol {COL} at (0,0) size 0x0
          RenderTableCol {COL} at (0,0) size 0x0
          RenderTableCol {COL} at (0,0) size 0x0
        RenderTableCol {COLGROUP} at (0,0) size 0x0
          RenderTableCol {COL} at (0,0) size 0x0
        RenderTableSection {THEAD} at (0,25) size 577x99
          RenderTableRow {TR} at (0,0) size 577x99
            RenderTableCell {TH} at (0,35) size 135x28 [border: (1px dotted #FFFFFF)] [r=0 c=0 rs=1 cs=1]
              RenderText {#text} at (42,2) size 46x19
                text run at (42,2) width 46: "TH A"
            RenderTableCell {TH} at (135,32) size 207x34 [border: (7px dotted #FFFFFF)] [r=0 c=1 rs=1 cs=1]
              RenderText {#text} at (81,8) size 46x19
                text run at (81,8) width 46: "TH B"
            RenderTableCell {TH} at (342,38) size 123x22 [border: (1px dotted #FFFFFF)] [r=0 c=2 rs=1 cs=1]
              RenderText {#text} at (42,2) size 46x19
                text run at (42,2) width 46: "TH C"
            RenderTableCell {TH} at (465,38) size 112x22 [border: (1px dotted #FFFFFF)] [r=0 c=3 rs=1 cs=1]
              RenderText {#text} at (34,2) size 45x19
                text run at (34,2) width 45: "TH D"
        RenderTableSection {TFOOT} at (0,314) size 577x114
          RenderTableRow {TR} at (0,0) size 577x114
            RenderTableCell {TD} at (0,43) size 342x28 [border: (7px dotted #FFFFFF)] [r=0 c=0 rs=1 cs=2]
              RenderText {#text} at (2,8) size 47x19
                text run at (2,8) width 47: "TD M"
            RenderTableCell {TD} at (342,46) size 123x22 [border: (1px dotted #FFFFFF)] [r=0 c=2 rs=1 cs=1]
              RenderText {#text} at (2,2) size 46x19
                text run at (2,2) width 46: "TD O"
            RenderTableCell {TD} at (465,46) size 112x22 [border: (1px dotted #FFFFFF)] [r=0 c=3 rs=1 cs=1]
              RenderText {#text} at (2,2) size 44x19
                text run at (2,2) width 44: "TD P"
        RenderTableSection {TBODY} at (0,124) size 577x190
          RenderTableRow {TR} at (0,0) size 577x107
            RenderTableCell {TD} at (0,78) size 135x34 [border: (7px dotted #FFFFFF)] [r=0 c=0 rs=2 cs=1]
              RenderText {#text} at (8,8) size 44x19
                text run at (8,8) width 44: "TD E"
            RenderTableCell {TD} at (135,39) size 207x28 [border: (7px dotted #FFFFFF)] [r=0 c=1 rs=1 cs=1]
              RenderText {#text} at (8,8) size 43x19
                text run at (8,8) width 43: "TD F"
            RenderTableCell {TD} at (342,42) size 123x22 [border: (1px dotted #FFFFFF)] [r=0 c=2 rs=1 cs=1]
              RenderText {#text} at (2,2) size 46x19
                text run at (2,2) width 46: "TD G"
            RenderTableCell {TD} at (465,42) size 112x22 [border: (1px dotted #FFFFFF)] [r=0 c=3 rs=1 cs=1]
              RenderText {#text} at (2,2) size 45x19
                text run at (2,2) width 45: "TD H"
          RenderTableRow {TR} at (0,107) size 577x83
            RenderTableCell {TD} at (135,137) size 207x22 [border: (1px dotted #FFFFFF)] [r=1 c=1 rs=1 cs=1]
              RenderText {#text} at (8,2) size 42x19
                text run at (8,2) width 42: "TD J"
            RenderTableCell {TD} at (342,137) size 123x22 [border: (1px dotted #FFFFFF)] [r=1 c=2 rs=1 cs=1]
              RenderText {#text} at (2,2) size 45x19
                text run at (2,2) width 45: "TD K"
            RenderTableCell {TD} at (465,137) size 112x22 [border: (1px dotted #FFFFFF)] [r=1 c=3 rs=1 cs=1]
              RenderText {#text} at (2,2) size 43x19
                text run at (2,2) width 43: "TD L"
      RenderBlock {DIV} at (0,1118.78) size 769x34
        RenderInline {A} at (0,0) size 88x13 [color=#FFFF00]
          RenderImage {IMG} at (0,0) size 88x31
        RenderText {#text} at (0,0) size 0x0
      RenderBlock {ADDRESS} at (0,1152.78) size 769x13
        RenderText {#text} at (0,0) size 687x13
          text run at (0,0) width 687: "CSS2 Table Backgrounds Test Suite designed and written by fantasai <fantasai@escape.com>"
