layer at (0,0) size 800x600
  RenderView at (0,0) size 800x600
layer at (0,0) size 800x600
  RenderBlock {HTML} at (0,0) size 800x600
    RenderBody {BODY} at (8,8) size 784x584
      RenderTable {TABLE} at (0,0) size 491x118
        RenderBlock {CAPTION} at (0,0) size 491x16
          RenderText {#text} at (47,0) size 397x16
            text run at (47,0) width 397: "Communicator 4.5 Installers for Mac and Windows Platforms"
        RenderTableSection {TFOOT} at (0,98) size 491x20
          RenderTableRow {TR} at (0,0) size 491x18
            RenderTableCell {TD} at (2,0) size 191x18 [r=0 c=0 rs=1 cs=1]
              RenderText {#text} at (1,1) size 189x16
                text run at (1,1) width 189: "This is the footer information"
        RenderTableSection {TBODY} at (0,16) size 491x82
          RenderTableRow {TR} at (0,2) size 491x18
            RenderTableCell {TH} at (2,10) size 191x2 [r=0 c=0 rs=1 cs=1]
            RenderTableCell {TH} at (195,2) size 110x18 [r=0 c=1 rs=1 cs=1]
              RenderText {#text} at (1,1) size 108x16
                text run at (1,1) width 108: "Macintosh PPC"
            RenderTableCell {TH} at (307,2) size 87x18 [r=0 c=2 rs=1 cs=1]
              RenderText {#text} at (1,1) size 85x16
                text run at (1,1) width 85: "Windows 95"
            RenderTableCell {TH} at (396,2) size 93x18 [r=0 c=3 rs=1 cs=1]
              RenderText {#text} at (1,1) size 91x16
                text run at (1,1) width 91: "Windows NT"
          RenderTableRow {TR} at (0,22) size 491x18
            RenderTableCell {TD} at (2,22) size 191x18 [r=1 c=0 rs=1 cs=1]
              RenderText {#text} at (1,1) size 76x16
                text run at (1,1) width 76: "Base Install"
            RenderTableCell {TD} at (195,22) size 110x18 [r=1 c=1 rs=1 cs=1]
              RenderText {#text} at (1,1) size 22x16
                text run at (1,1) width 22: "yes"
            RenderTableCell {TD} at (307,22) size 87x18 [r=1 c=2 rs=1 cs=1]
              RenderText {#text} at (1,1) size 22x16
                text run at (1,1) width 22: "yes"
            RenderTableCell {TD} at (396,22) size 93x18 [r=1 c=3 rs=1 cs=1]
              RenderText {#text} at (1,1) size 22x16
                text run at (1,1) width 22: "yes"
          RenderTableRow {TR} at (0,42) size 491x18
            RenderTableCell {TD} at (2,42) size 191x18 [r=2 c=0 rs=1 cs=1]
              RenderText {#text} at (1,1) size 107x16
                text run at (1,1) width 107: "Complete Install"
            RenderTableCell {TD} at (195,42) size 110x18 [r=2 c=1 rs=1 cs=1]
              RenderText {#text} at (1,1) size 22x16
                text run at (1,1) width 22: "yes"
            RenderTableCell {TD} at (307,42) size 87x18 [r=2 c=2 rs=1 cs=1]
              RenderText {#text} at (1,1) size 22x16
                text run at (1,1) width 22: "yes"
            RenderTableCell {TD} at (396,42) size 93x18 [r=2 c=3 rs=1 cs=1]
              RenderText {#text} at (1,1) size 22x16
                text run at (1,1) width 22: "yes"
          RenderTableRow {TR} at (0,62) size 491x18
            RenderTableCell {TD} at (2,62) size 191x18 [r=3 c=0 rs=1 cs=1]
              RenderText {#text} at (1,1) size 118x16
                text run at (1,1) width 118: "Pro Edition Install"
            RenderTableCell {TD} at (195,62) size 110x18 [r=3 c=1 rs=1 cs=1]
              RenderText {#text} at (1,1) size 22x16
                text run at (1,1) width 22: "yes"
            RenderTableCell {TD} at (307,62) size 87x18 [r=3 c=2 rs=1 cs=1]
              RenderText {#text} at (1,1) size 22x16
                text run at (1,1) width 22: "yes"
            RenderTableCell {TD} at (396,62) size 93x18 [r=3 c=3 rs=1 cs=1]
              RenderText {#text} at (1,1) size 22x16
                text run at (1,1) width 22: "yes"
