layer at (0,0) size 800x600
  RenderView at (0,0) size 800x600
layer at (0,0) size 800x600
  RenderBlock {HTML} at (0,0) size 800x600
    RenderBody {BODY} at (8,8) size 784x584
      RenderBlock {P} at (0,0) size 784x32
        RenderText {#text} at (0,0) size 772x32
          text run at (0,0) width 772: "Colgroups are used to identify column groups. In this test case, the COLGROUP element is used in conjunction with the"
          text run at (0,16) width 726: "SPAN attribute. The table below has two distinct column groups; 'Airport Location' and 'Car Rental Information'."
      RenderTable {TABLE} at (0,48) size 501x158 [border: (1px outset #808080)]
        RenderTableCol {COLGROUP} at (0,0) size 0x0
        RenderTableCol {COLGROUP} at (0,0) size 0x0
        RenderTableSection {TBODY} at (1,1) size 499x156
          RenderTableRow {TR} at (0,2) size 499x20
            RenderTableCell {TH} at (2,2) size 163x20 [border: (1px inset #808080)] [r=0 c=0 rs=1 cs=2]
              RenderText {#text} at (23,2) size 117x16
                text run at (23,2) width 117: "Airport Location"
            RenderTableCell {TH} at (167,2) size 330x20 [border: (1px inset #808080)] [r=0 c=2 rs=1 cs=3]
              RenderText {#text} at (84,2) size 162x16
                text run at (84,2) width 162: "Car Rental information"
          RenderTableRow {TR} at (0,24) size 499x20
            RenderTableCell {TH} at (2,24) size 82x20 [border: (1px inset #808080)] [r=1 c=0 rs=1 cs=1]
              RenderText {#text} at (12,2) size 58x16
                text run at (12,2) width 58: "Country"
            RenderTableCell {TH} at (86,24) size 79x20 [border: (1px inset #808080)] [r=1 c=1 rs=1 cs=1]
              RenderText {#text} at (24,2) size 31x16
                text run at (24,2) width 31: "City"
            RenderTableCell {TH} at (167,24) size 109x20 [border: (1px inset #808080)] [r=1 c=2 rs=1 cs=1]
              RenderText {#text} at (2,2) size 105x16
                text run at (2,2) width 105: "ABC Company"
            RenderTableCell {TH} at (278,24) size 108x20 [border: (1px inset #808080)] [r=1 c=3 rs=1 cs=1]
              RenderText {#text} at (2,2) size 104x16
                text run at (2,2) width 104: "EFG Company"
            RenderTableCell {TH} at (388,24) size 109x20 [border: (1px inset #808080)] [r=1 c=4 rs=1 cs=1]
              RenderText {#text} at (2,2) size 105x16
                text run at (2,2) width 105: "XYZ Company"
          RenderTableRow {TR} at (0,46) size 499x20
            RenderTableCell {TD} at (2,46) size 82x20 [border: (1px inset #808080)] [r=2 c=0 rs=1 cs=1]
              RenderText {#text} at (2,2) size 44x16
                text run at (2,2) width 44: "France"
            RenderTableCell {TD} at (86,46) size 79x20 [border: (1px inset #808080)] [r=2 c=1 rs=1 cs=1]
              RenderText {#text} at (2,2) size 32x16
                text run at (2,2) width 32: "Paris"
            RenderTableCell {TD} at (167,46) size 109x20 [border: (1px inset #808080)] [r=2 c=2 rs=1 cs=1]
              RenderText {#text} at (2,2) size 22x16
                text run at (2,2) width 22: "yes"
            RenderTableCell {TD} at (278,46) size 108x20 [border: (1px inset #808080)] [r=2 c=3 rs=1 cs=1]
              RenderText {#text} at (2,2) size 22x16
                text run at (2,2) width 22: "yes"
            RenderTableCell {TD} at (388,46) size 109x20 [border: (1px inset #808080)] [r=2 c=4 rs=1 cs=1]
              RenderText {#text} at (2,2) size 22x16
                text run at (2,2) width 22: "yes"
          RenderTableRow {TR} at (0,68) size 499x20
            RenderTableCell {TD} at (2,68) size 82x20 [border: (1px inset #808080)] [r=3 c=0 rs=1 cs=1]
              RenderText {#text} at (2,2) size 60x16
                text run at (2,2) width 60: "Germany"
            RenderTableCell {TD} at (86,68) size 79x20 [border: (1px inset #808080)] [r=3 c=1 rs=1 cs=1]
              RenderText {#text} at (2,2) size 61x16
                text run at (2,2) width 61: "Frankfurt"
            RenderTableCell {TD} at (167,68) size 109x20 [border: (1px inset #808080)] [r=3 c=2 rs=1 cs=1]
              RenderText {#text} at (2,2) size 22x16
                text run at (2,2) width 22: "yes"
            RenderTableCell {TD} at (278,68) size 108x20 [border: (1px inset #808080)] [r=3 c=3 rs=1 cs=1]
              RenderText {#text} at (2,2) size 22x16
                text run at (2,2) width 22: "yes"
            RenderTableCell {TD} at (388,68) size 109x20 [border: (1px inset #808080)] [r=3 c=4 rs=1 cs=1]
              RenderText {#text} at (2,2) size 22x16
                text run at (2,2) width 22: "yes"
          RenderTableRow {TR} at (0,90) size 499x20
            RenderTableCell {TD} at (2,90) size 82x20 [border: (1px inset #808080)] [r=4 c=0 rs=1 cs=1]
              RenderText {#text} at (2,2) size 54x16
                text run at (2,2) width 54: "England"
            RenderTableCell {TD} at (86,90) size 79x20 [border: (1px inset #808080)] [r=4 c=1 rs=1 cs=1]
              RenderText {#text} at (2,2) size 50x16
                text run at (2,2) width 50: "London"
            RenderTableCell {TD} at (167,90) size 109x20 [border: (1px inset #808080)] [r=4 c=2 rs=1 cs=1]
              RenderText {#text} at (2,2) size 22x16
                text run at (2,2) width 22: "yes"
            RenderTableCell {TD} at (278,90) size 108x20 [border: (1px inset #808080)] [r=4 c=3 rs=1 cs=1]
              RenderText {#text} at (2,2) size 22x16
                text run at (2,2) width 22: "yes"
            RenderTableCell {TD} at (388,90) size 109x20 [border: (1px inset #808080)] [r=4 c=4 rs=1 cs=1]
              RenderText {#text} at (2,2) size 22x16
                text run at (2,2) width 22: "yes"
          RenderTableRow {TR} at (0,112) size 499x20
            RenderTableCell {TD} at (2,112) size 82x20 [border: (1px inset #808080)] [r=5 c=0 rs=1 cs=1]
              RenderText {#text} at (2,2) size 78x16
                text run at (2,2) width 78: "Netherlands"
            RenderTableCell {TD} at (86,112) size 79x20 [border: (1px inset #808080)] [r=5 c=1 rs=1 cs=1]
              RenderText {#text} at (2,2) size 75x16
                text run at (2,2) width 75: "Amsterdam"
            RenderTableCell {TD} at (167,112) size 109x20 [border: (1px inset #808080)] [r=5 c=2 rs=1 cs=1]
              RenderText {#text} at (2,2) size 22x16
                text run at (2,2) width 22: "yes"
            RenderTableCell {TD} at (278,112) size 108x20 [border: (1px inset #808080)] [r=5 c=3 rs=1 cs=1]
              RenderText {#text} at (2,2) size 22x16
                text run at (2,2) width 22: "yes"
            RenderTableCell {TD} at (388,112) size 109x20 [border: (1px inset #808080)] [r=5 c=4 rs=1 cs=1]
              RenderText {#text} at (2,2) size 22x16
                text run at (2,2) width 22: "yes"
          RenderTableRow {TR} at (0,134) size 499x20
            RenderTableCell {TD} at (2,134) size 82x20 [border: (1px inset #808080)] [r=6 c=0 rs=1 cs=1]
              RenderText {#text} at (2,2) size 33x16
                text run at (2,2) width 33: "USA"
            RenderTableCell {TD} at (86,134) size 79x20 [border: (1px inset #808080)] [r=6 c=1 rs=1 cs=1]
              RenderText {#text} at (2,2) size 68x16
                text run at (2,2) width 68: "New York"
            RenderTableCell {TD} at (167,134) size 109x20 [border: (1px inset #808080)] [r=6 c=2 rs=1 cs=1]
              RenderText {#text} at (2,2) size 22x16
                text run at (2,2) width 22: "yes"
            RenderTableCell {TD} at (278,134) size 108x20 [border: (1px inset #808080)] [r=6 c=3 rs=1 cs=1]
              RenderText {#text} at (2,2) size 22x16
                text run at (2,2) width 22: "yes"
            RenderTableCell {TD} at (388,134) size 109x20 [border: (1px inset #808080)] [r=6 c=4 rs=1 cs=1]
              RenderText {#text} at (2,2) size 22x16
                text run at (2,2) width 22: "yes"
