layer at (0,0) size 800x600
  RenderView at (0,0) size 800x600
layer at (0,0) size 800x600
  RenderBlock {HTML} at (0,0) size 800x600
    RenderBody {BODY} at (8,8) size 784x584
      RenderBlock {P} at (0,0) size 784x32
        RenderText {#text} at (0,0) size 737x32
          text run at (0,0) width 737: "CELLPADDING specifies the amount of space between the border of the cell and its contents. The first table has a"
          text run at (0,16) width 451: "cellpadding value of 20%; the second table does not have cellpadding."
      RenderTable {TABLE} at (0,48) size 208x124 [border: (1px outset #808080)]
        RenderTableSection {TBODY} at (1,1) size 206x122
          RenderTableRow {TR} at (0,2) size 206x58
            RenderTableCell {TD} at (2,2) size 66x58 [border: (1px inset #808080)] [r=0 c=0 rs=1 cs=1]
              RenderText {#text} at (21,21) size 24x16
                text run at (21,21) width 24: "text"
            RenderTableCell {TD} at (70,2) size 66x58 [border: (1px inset #808080)] [r=0 c=1 rs=1 cs=1]
              RenderText {#text} at (21,21) size 24x16
                text run at (21,21) width 24: "text"
            RenderTableCell {TD} at (138,2) size 66x58 [border: (1px inset #808080)] [r=0 c=2 rs=1 cs=1]
              RenderText {#text} at (21,21) size 24x16
                text run at (21,21) width 24: "text"
          RenderTableRow {TR} at (0,62) size 206x58
            RenderTableCell {TD} at (2,62) size 66x58 [border: (1px inset #808080)] [r=1 c=0 rs=1 cs=1]
              RenderText {#text} at (21,21) size 24x16
                text run at (21,21) width 24: "text"
            RenderTableCell {TD} at (70,62) size 66x58 [border: (1px inset #808080)] [r=1 c=1 rs=1 cs=1]
              RenderText {#text} at (21,21) size 24x16
                text run at (21,21) width 24: "text"
            RenderTableCell {TD} at (138,62) size 66x58 [border: (1px inset #808080)] [r=1 c=2 rs=1 cs=1]
              RenderText {#text} at (21,21) size 24x16
                text run at (21,21) width 24: "text"
      RenderBlock (anonymous) at (0,172) size 784x32
        RenderBR {BR} at (0,0) size 0x16
        RenderBR {BR} at (0,16) size 0x16
      RenderTable {TABLE} at (0,204) size 94x48 [border: (1px outset #808080)]
        RenderTableSection {TBODY} at (1,1) size 92x46
          RenderTableRow {TR} at (0,2) size 92x20
            RenderTableCell {TD} at (2,2) size 28x20 [border: (1px inset #808080)] [r=0 c=0 rs=1 cs=1]
              RenderText {#text} at (2,2) size 24x16
                text run at (2,2) width 24: "text"
            RenderTableCell {TD} at (32,2) size 28x20 [border: (1px inset #808080)] [r=0 c=1 rs=1 cs=1]
              RenderText {#text} at (2,2) size 24x16
                text run at (2,2) width 24: "text"
            RenderTableCell {TD} at (62,2) size 28x20 [border: (1px inset #808080)] [r=0 c=2 rs=1 cs=1]
              RenderText {#text} at (2,2) size 24x16
                text run at (2,2) width 24: "text"
          RenderTableRow {TR} at (0,24) size 92x20
            RenderTableCell {TD} at (2,24) size 28x20 [border: (1px inset #808080)] [r=1 c=0 rs=1 cs=1]
              RenderText {#text} at (2,2) size 24x16
                text run at (2,2) width 24: "text"
            RenderTableCell {TD} at (32,24) size 28x20 [border: (1px inset #808080)] [r=1 c=1 rs=1 cs=1]
              RenderText {#text} at (2,2) size 24x16
                text run at (2,2) width 24: "text"
            RenderTableCell {TD} at (62,24) size 28x20 [border: (1px inset #808080)] [r=1 c=2 rs=1 cs=1]
              RenderText {#text} at (2,2) size 24x16
                text run at (2,2) width 24: "text"
