layer at (0,0) size 800x600
  RenderView at (0,0) size 800x600
layer at (0,0) size 800x600
  RenderBlock {HTML} at (0,0) size 800x600
    RenderBody {BODY} at (8,8) size 784x584
      RenderBlock (anonymous) at (0,0) size 784x32
        RenderText {#text} at (0,0) size 776x32
          text run at (0,0) width 606: "This test case shows how WIDTH can set the width of the table to a fixed size using PIXELS. "
          text run at (605,0) width 171: "This first table has a width"
          text run at (0,16) width 88: "of 400 pixels."
      RenderTable {TABLE} at (0,32) size 400x42
        RenderTableSection {TBODY} at (0,0) size 400x42
          RenderTableRow {TR} at (0,2) size 400x18
            RenderTableCell {TD} at (2,2) size 131x18 [r=0 c=0 rs=1 cs=1]
              RenderText {#text} at (1,1) size 64x16
                text run at (1,1) width 64: "Navigator"
            RenderTableCell {TD} at (135,2) size 139x18 [r=0 c=1 rs=1 cs=1]
              RenderText {#text} at (1,1) size 70x16
                text run at (1,1) width 70: "Messenger"
            RenderTableCell {TD} at (276,2) size 122x18 [r=0 c=2 rs=1 cs=1]
              RenderText {#text} at (1,1) size 56x16
                text run at (1,1) width 56: "Collabra"
          RenderTableRow {TR} at (0,22) size 400x18
            RenderTableCell {TD} at (2,22) size 131x18 [r=1 c=0 rs=1 cs=1]
              RenderText {#text} at (1,1) size 66x16
                text run at (1,1) width 66: "Composer"
            RenderTableCell {TD} at (135,22) size 139x18 [r=1 c=1 rs=1 cs=1]
              RenderText {#text} at (1,1) size 58x16
                text run at (1,1) width 58: "Calendar"
            RenderTableCell {TD} at (276,22) size 122x18 [r=1 c=2 rs=1 cs=1]
              RenderText {#text} at (1,1) size 61x16
                text run at (1,1) width 61: "Netcaster"
      RenderBlock (anonymous) at (0,74) size 784x32
        RenderBR {BR} at (0,0) size 0x16
        RenderText {#text} at (0,16) size 323x16
          text run at (0,16) width 323: "While, this second table has a width of 300 pixels."
      RenderTable {TABLE} at (0,106) size 300x42
        RenderTableSection {TBODY} at (0,0) size 300x42
          RenderTableRow {TR} at (0,2) size 300x18
            RenderTableCell {TD} at (2,2) size 97x18 [r=0 c=0 rs=1 cs=1]
              RenderText {#text} at (1,1) size 64x16
                text run at (1,1) width 64: "Navigator"
            RenderTableCell {TD} at (101,2) size 104x18 [r=0 c=1 rs=1 cs=1]
              RenderText {#text} at (1,1) size 70x16
                text run at (1,1) width 70: "Messenger"
            RenderTableCell {TD} at (207,2) size 91x18 [r=0 c=2 rs=1 cs=1]
              RenderText {#text} at (1,1) size 56x16
                text run at (1,1) width 56: "Collabra"
          RenderTableRow {TR} at (0,22) size 300x18
            RenderTableCell {TD} at (2,22) size 97x18 [r=1 c=0 rs=1 cs=1]
              RenderText {#text} at (1,1) size 66x16
                text run at (1,1) width 66: "Composer"
            RenderTableCell {TD} at (101,22) size 104x18 [r=1 c=1 rs=1 cs=1]
              RenderText {#text} at (1,1) size 58x16
                text run at (1,1) width 58: "Calendar"
            RenderTableCell {TD} at (207,22) size 91x18 [r=1 c=2 rs=1 cs=1]
              RenderText {#text} at (1,1) size 61x16
                text run at (1,1) width 61: "Netcaster"
