layer at (0,0) size 800x600
  RenderView at (0,0) size 800x600
layer at (0,0) size 800x600
  RenderBlock {HTML} at (0,0) size 800x600
    RenderBody {BODY} at (8,8) size 784x584
      RenderBlock (anonymous) at (0,0) size 784x64
        RenderText {#text} at (0,0) size 780x48
          text run at (0,0) width 607: "CELLPADDING controls the padding in pixels between the border of each cells and the cell's "
          text run at (606,0) width 174: "contents.The first table has"
          text run at (0,16) width 383: "a cellpadding of 8 pixels. The second table is not using cell "
          text run at (382,16) width 386: "padding. Notice the difference. There should be a larger gap"
          text run at (0,32) width 203: "between the cell border and it's "
          text run at (202,32) width 167: "contents in the first table. "
        RenderBR {BR} at (0,0) size 0x0
        RenderBR {BR} at (0,48) size 0x16
      RenderTable {TABLE} at (0,64) size 263x78 [border: (2px outset #808080)]
        RenderTableSection {TBODY} at (2,2) size 259x74
          RenderTableRow {TR} at (0,2) size 259x34
            RenderTableCell {TD} at (2,2) size 84x34 [border: (1px inset #808080)] [r=0 c=0 rs=1 cs=1]
              RenderText {#text} at (9,9) size 64x16
                text run at (9,9) width 64: "Navigator"
            RenderTableCell {TD} at (88,2) size 88x34 [border: (1px inset #808080)] [r=0 c=1 rs=1 cs=1]
              RenderText {#text} at (9,9) size 70x16
                text run at (9,9) width 70: "Messenger"
            RenderTableCell {TD} at (178,2) size 79x34 [border: (1px inset #808080)] [r=0 c=2 rs=1 cs=1]
              RenderText {#text} at (9,9) size 56x16
                text run at (9,9) width 56: "Collabra"
          RenderTableRow {TR} at (0,38) size 259x34
            RenderTableCell {TD} at (2,38) size 84x34 [border: (1px inset #808080)] [r=1 c=0 rs=1 cs=1]
              RenderText {#text} at (9,9) size 66x16
                text run at (9,9) width 66: "Composer"
            RenderTableCell {TD} at (88,38) size 88x34 [border: (1px inset #808080)] [r=1 c=1 rs=1 cs=1]
              RenderText {#text} at (9,9) size 58x16
                text run at (9,9) width 58: "Calendar"
            RenderTableCell {TD} at (178,38) size 79x34 [border: (1px inset #808080)] [r=1 c=2 rs=1 cs=1]
              RenderText {#text} at (9,9) size 61x16
                text run at (9,9) width 61: "Netcaster"
      RenderBlock (anonymous) at (0,142) size 784x48
        RenderBR {BR} at (0,0) size 0x16
        RenderBR {BR} at (0,16) size 0x16
        RenderText {#text} at (0,32) size 224x16
          text run at (0,32) width 224: "This table contains no cellpadding."
      RenderTable {TABLE} at (0,190) size 221x50 [border: (2px outset #808080)]
        RenderTableSection {TBODY} at (2,2) size 217x46
          RenderTableRow {TR} at (0,2) size 217x20
            RenderTableCell {TD} at (2,2) size 70x20 [border: (1px inset #808080)] [r=0 c=0 rs=1 cs=1]
              RenderText {#text} at (2,2) size 64x16
                text run at (2,2) width 64: "Navigator"
            RenderTableCell {TD} at (74,2) size 74x20 [border: (1px inset #808080)] [r=0 c=1 rs=1 cs=1]
              RenderText {#text} at (2,2) size 70x16
                text run at (2,2) width 70: "Messenger"
            RenderTableCell {TD} at (150,2) size 65x20 [border: (1px inset #808080)] [r=0 c=2 rs=1 cs=1]
              RenderText {#text} at (2,2) size 56x16
                text run at (2,2) width 56: "Collabra"
          RenderTableRow {TR} at (0,24) size 217x20
            RenderTableCell {TD} at (2,24) size 70x20 [border: (1px inset #808080)] [r=1 c=0 rs=1 cs=1]
              RenderText {#text} at (2,2) size 66x16
                text run at (2,2) width 66: "Composer"
            RenderTableCell {TD} at (74,24) size 74x20 [border: (1px inset #808080)] [r=1 c=1 rs=1 cs=1]
              RenderText {#text} at (2,2) size 58x16
                text run at (2,2) width 58: "Calendar"
            RenderTableCell {TD} at (150,24) size 65x20 [border: (1px inset #808080)] [r=1 c=2 rs=1 cs=1]
              RenderText {#text} at (2,2) size 61x16
                text run at (2,2) width 61: "Netcaster"
