layer at (0,0) size 800x600
  RenderView at (0,0) size 800x600
layer at (0,0) size 800x600
  RenderBlock {HTML} at (0,0) size 800x600
    RenderBody {BODY} at (8,8) size 784x584
      RenderBlock (anonymous) at (0,0) size 784x32
        RenderText {#text} at (0,0) size 646x16
          text run at (0,0) width 646: "This table uses a ROWSPAN attribute in the first TH tag. The ROWSPAN attribute has a value of 2."
        RenderBR {BR} at (645,12) size 1x0
        RenderBR {BR} at (0,16) size 0x16
      RenderTable {TABLE} at (0,32) size 290x48 [border: (1px outset #808080)]
        RenderTableSection {TBODY} at (1,1) size 288x46
          RenderTableRow {TR} at (0,2) size 288x20
            RenderTableCell {TH} at (2,13) size 72x20 [border: (1px inset #808080)] [r=0 c=0 rs=2 cs=1]
              RenderText {#text} at (2,2) size 68x16
                text run at (2,2) width 68: "Platforms"
            RenderTableCell {TH} at (76,2) size 210x20 [border: (1px inset #808080)] [r=0 c=1 rs=1 cs=1]
              RenderText {#text} at (2,2) size 206x16
                text run at (2,2) width 206: "Netscape Communicator 4.0.6"
          RenderTableRow {TR} at (0,24) size 288x20
            RenderTableCell {TD} at (76,24) size 210x20 [border: (1px inset #808080)] [r=1 c=1 rs=1 cs=1]
              RenderText {#text} at (2,2) size 144x16
                text run at (2,2) width 144: "Available Everywhere"
