layer at (0,0) size 800x600
  RenderView at (0,0) size 800x600
layer at (0,0) size 800x600
  RenderBlock {HTML} at (0,0) size 800x600
    RenderBody {BODY} at (8,8) size 784x584
      RenderTable {TABLE} at (0,0) size 420x98 [border: (2px outset #808080)]
        RenderBlock {CAPTION} at (0,0) size 420x16
          RenderText {#text} at (11,0) size 398x16
            text run at (11,0) width 398: "Communicator 4.5 Installers for Mac and Windows Platforms"
        RenderTableSection {TBODY} at (2,18) size 415x77
          RenderTableRow {TR} at (0,0) size 415x21
            RenderTableCell {TH} at (0,8) size 123x5 [border: (3px none #000000)] [r=0 c=0 rs=1 cs=1]
            RenderTableCell {TH} at (123,0) size 110x21 [border: (3px none #000000)] [r=0 c=1 rs=1 cs=1]
              RenderText {#text} at (1,4) size 108x16
                text run at (1,4) width 108: "Macintosh PPC"
            RenderTableCell {TH} at (233,0) size 87x21 [border: (3px none #000000)] [r=0 c=2 rs=1 cs=1]
              RenderText {#text} at (1,4) size 85x16
                text run at (1,4) width 85: "Windows 95"
            RenderTableCell {TH} at (320,0) size 95x21 [border: (3px none #000000)] [r=0 c=3 rs=1 cs=1]
              RenderText {#text} at (1,4) size 91x16
                text run at (1,4) width 91: "Windows NT"
          RenderTableRow {TR} at (0,21) size 415x18
            RenderTableCell {TD} at (0,21) size 123x18 [border: none] [r=1 c=0 rs=1 cs=1]
              RenderText {#text} at (4,1) size 76x16
                text run at (4,1) width 76: "Base Install"
            RenderTableCell {TD} at (123,21) size 110x18 [r=1 c=1 rs=1 cs=1]
              RenderText {#text} at (1,1) size 22x16
                text run at (1,1) width 22: "yes"
            RenderTableCell {TD} at (233,21) size 87x18 [r=1 c=2 rs=1 cs=1]
              RenderText {#text} at (1,1) size 22x16
                text run at (1,1) width 22: "yes"
            RenderTableCell {TD} at (320,21) size 95x18 [border: none] [r=1 c=3 rs=1 cs=1]
              RenderText {#text} at (1,1) size 22x16
                text run at (1,1) width 22: "yes"
          RenderTableRow {TR} at (0,39) size 415x18
            RenderTableCell {TD} at (0,39) size 123x18 [border: none] [r=2 c=0 rs=1 cs=1]
              RenderText {#text} at (4,1) size 107x16
                text run at (4,1) width 107: "Complete Install"
            RenderTableCell {TD} at (123,39) size 110x18 [r=2 c=1 rs=1 cs=1]
              RenderText {#text} at (1,1) size 22x16
                text run at (1,1) width 22: "yes"
            RenderTableCell {TD} at (233,39) size 87x18 [r=2 c=2 rs=1 cs=1]
              RenderText {#text} at (1,1) size 22x16
                text run at (1,1) width 22: "yes"
            RenderTableCell {TD} at (320,39) size 95x18 [border: none] [r=2 c=3 rs=1 cs=1]
              RenderText {#text} at (1,1) size 22x16
                text run at (1,1) width 22: "yes"
          RenderTableRow {TR} at (0,57) size 415x20
            RenderTableCell {TD} at (0,57) size 123x20 [border: none] [r=3 c=0 rs=1 cs=1]
              RenderText {#text} at (4,1) size 118x16
                text run at (4,1) width 118: "Pro Edition Install"
            RenderTableCell {TD} at (123,57) size 110x20 [border: none] [r=3 c=1 rs=1 cs=1]
              RenderText {#text} at (1,1) size 22x16
                text run at (1,1) width 22: "yes"
            RenderTableCell {TD} at (233,57) size 87x20 [border: none] [r=3 c=2 rs=1 cs=1]
              RenderText {#text} at (1,1) size 22x16
                text run at (1,1) width 22: "yes"
            RenderTableCell {TD} at (320,57) size 95x20 [border: none] [r=3 c=3 rs=1 cs=1]
              RenderText {#text} at (1,1) size 22x16
                text run at (1,1) width 22: "yes"
