layer at (0,0) size 800x600
  RenderView at (0,0) size 800x600
layer at (0,0) size 800x600
  RenderBlock {HTML} at (0,0) size 800x600
    RenderBody {BODY} at (8,8) size 784x584
      RenderBlock {P} at (0,0) size 784x48
        RenderText {#text} at (0,0) size 755x48
          text run at (0,0) width 699: "In this test, the TBODY section of the table contains numbers with decimals. The test uses the attribute/value"
          text run at (0,16) width 755: "ALIGN=char without the additional CHAR attribute to specify a particular character. Therefore, ALIGN=char should"
          text run at (0,32) width 404: "cause the numbers to align to the default value (decimal point)."
      RenderTable {TABLE} at (0,64) size 532x92 [border: (1px outset #808080)]
        RenderTableSection {THEAD} at (1,1) size 530x24
          RenderTableRow {TR} at (0,2) size 530x20
            RenderTableCell {TD} at (2,2) size 174x20 [border: (1px inset #808080)] [r=0 c=0 rs=1 cs=1]
              RenderText {#text} at (2,2) size 170x16
                text run at (2,2) width 170: "This text is in the THEAD"
            RenderTableCell {TD} at (178,2) size 174x20 [border: (1px inset #808080)] [r=0 c=1 rs=1 cs=1]
              RenderText {#text} at (2,2) size 170x16
                text run at (2,2) width 170: "This text is in the THEAD"
            RenderTableCell {TD} at (354,2) size 174x20 [border: (1px inset #808080)] [r=0 c=2 rs=1 cs=1]
              RenderText {#text} at (2,2) size 170x16
                text run at (2,2) width 170: "This text is in the THEAD"
        RenderTableSection {TFOOT} at (1,69) size 530x22
          RenderTableRow {TR} at (0,0) size 530x20
            RenderTableCell {TD} at (2,0) size 174x20 [border: (1px inset #808080)] [r=0 c=0 rs=1 cs=1]
              RenderText {#text} at (2,2) size 167x16
                text run at (2,2) width 167: "This text is in the TFOOT"
            RenderTableCell {TD} at (178,0) size 174x20 [border: (1px inset #808080)] [r=0 c=1 rs=1 cs=1]
              RenderText {#text} at (2,2) size 167x16
                text run at (2,2) width 167: "This text is in the TFOOT"
            RenderTableCell {TD} at (354,0) size 174x20 [border: (1px inset #808080)] [r=0 c=2 rs=1 cs=1]
              RenderText {#text} at (2,2) size 167x16
                text run at (2,2) width 167: "This text is in the TFOOT"
        RenderTableSection {TBODY} at (1,25) size 530x44
          RenderTableRow {TR} at (0,0) size 530x20
            RenderTableCell {TD} at (2,0) size 174x20 [border: (1px inset #808080)] [r=0 c=0 rs=1 cs=1]
              RenderText {#text} at (2,2) size 36x16
                text run at (2,2) width 36: "55.00"
            RenderTableCell {TD} at (178,0) size 174x20 [border: (1px inset #808080)] [r=0 c=1 rs=1 cs=1]
              RenderText {#text} at (2,2) size 60x16
                text run at (2,2) width 60: "55555.00"
            RenderTableCell {TD} at (354,0) size 174x20 [border: (1px inset #808080)] [r=0 c=2 rs=1 cs=1]
              RenderText {#text} at (2,2) size 44x16
                text run at (2,2) width 44: "555.00"
          RenderTableRow {TR} at (0,22) size 530x20
            RenderTableCell {TD} at (2,22) size 174x20 [border: (1px inset #808080)] [r=1 c=0 rs=1 cs=1]
              RenderText {#text} at (2,2) size 52x16
                text run at (2,2) width 52: "1234.56"
            RenderTableCell {TD} at (178,22) size 174x20 [border: (1px inset #808080)] [r=1 c=1 rs=1 cs=1]
              RenderText {#text} at (2,2) size 44x16
                text run at (2,2) width 44: "123.45"
            RenderTableCell {TD} at (354,22) size 174x20 [border: (1px inset #808080)] [r=1 c=2 rs=1 cs=1]
              RenderText {#text} at (2,2) size 60x16
                text run at (2,2) width 60: "12345.67"
        RenderTableSection {TBODY} at (1,69) size 530x0
