layer at (0,0) size 800x600
  RenderView at (0,0) size 800x600
layer at (0,0) size 800x600
  RenderBlock {HTML} at (0,0) size 800x600
    RenderBody {BODY} at (8,8) size 784x584
      RenderBlock (anonymous) at (0,0) size 784x16
        RenderText {#text} at (0,0) size 160x16
          text run at (0,0) width 160: "TBODY VALIGN=TOP"
      RenderTable {TABLE} at (0,16) size 784x239 [border: (1px outset #808080)]
        RenderTableSection {THEAD} at (1,1) size 782x24
          RenderTableRow {TR} at (0,2) size 782x20
            RenderTableCell {TD} at (2,2) size 304x20 [border: (1px inset #808080)] [r=0 c=0 rs=1 cs=1]
              RenderText {#text} at (2,2) size 55x16
                text run at (2,2) width 55: "THEAD"
            RenderTableCell {TD} at (308,2) size 472x20 [border: (1px inset #808080)] [r=0 c=1 rs=1 cs=1]
              RenderText {#text} at (2,2) size 55x16
                text run at (2,2) width 55: "THEAD"
        RenderTableSection {TFOOT} at (1,216) size 782x22
          RenderTableRow {TR} at (0,0) size 782x20
            RenderTableCell {TD} at (2,0) size 304x20 [border: (1px inset #808080)] [r=0 c=0 rs=1 cs=1]
              RenderText {#text} at (2,2) size 52x16
                text run at (2,2) width 52: "TFOOT"
            RenderTableCell {TD} at (308,0) size 472x20 [border: (1px inset #808080)] [r=0 c=1 rs=1 cs=1]
              RenderText {#text} at (2,2) size 52x16
                text run at (2,2) width 52: "TFOOT"
        RenderTableSection {TBODY} at (1,25) size 782x191
          RenderTableRow {TR} at (0,0) size 782x189
            RenderTableCell {TD} at (2,0) size 304x189 [border: (1px inset #808080)] [r=0 c=0 rs=1 cs=1]
              RenderImage {IMG} at (2,2) size 300x185
            RenderTableCell {TD} at (308,0) size 472x36 [border: (1px inset #808080)] [r=0 c=1 rs=1 cs=1]
              RenderText {#text} at (2,2) size 462x32
                text run at (2,2) width 462: "This text is within the TBODY element and should be vertically aligned"
                text run at (2,18) width 61: "to the top"
        RenderTableSection {TBODY} at (1,216) size 782x0
