layer at (0,0) size 800x600
  RenderView at (0,0) size 800x600
layer at (0,0) size 800x600
  RenderBlock {HTML} at (0,0) size 800x600
    RenderBody {BODY} at (8,8) size 784x584
      RenderBlock {P} at (0,0) size 784x32
        RenderText {#text} at (0,0) size 768x32
          text run at (0,0) width 768: "The TFOOT element defines a table footer within a table. In this test, the numbers contained in the TFOOT cells should"
          text run at (0,16) width 172: "align on the decimal point."
      RenderTable {TABLE} at (0,48) size 535x92 [border: (1px outset #808080)]
        RenderTableSection {THEAD} at (1,1) size 533x24
          RenderTableRow {TR} at (0,2) size 533x20
            RenderTableCell {TD} at (2,2) size 175x20 [border: (1px inset #808080)] [r=0 c=0 rs=1 cs=1]
              RenderText {#text} at (2,2) size 170x16
                text run at (2,2) width 170: "This text is in the THEAD"
            RenderTableCell {TD} at (179,2) size 175x20 [border: (1px inset #808080)] [r=0 c=1 rs=1 cs=1]
              RenderText {#text} at (2,2) size 170x16
                text run at (2,2) width 170: "This text is in the THEAD"
            RenderTableCell {TD} at (356,2) size 175x20 [border: (1px inset #808080)] [r=0 c=2 rs=1 cs=1]
              RenderText {#text} at (2,2) size 170x16
                text run at (2,2) width 170: "This text is in the THEAD"
        RenderTableSection {TFOOT} at (1,47) size 533x44
          RenderTableRow {TR} at (0,0) size 533x20
            RenderTableCell {TD} at (2,0) size 175x20 [border: (1px inset #808080)] [r=0 c=0 rs=1 cs=1]
              RenderText {#text} at (2,2) size 36x16
                text run at (2,2) width 36: "55.00"
            RenderTableCell {TD} at (179,0) size 175x20 [border: (1px inset #808080)] [r=0 c=1 rs=1 cs=1]
              RenderText {#text} at (2,2) size 60x16
                text run at (2,2) width 60: "55555.00"
            RenderTableCell {TD} at (356,0) size 175x20 [border: (1px inset #808080)] [r=0 c=2 rs=1 cs=1]
              RenderText {#text} at (2,2) size 44x16
                text run at (2,2) width 44: "555.00"
          RenderTableRow {TR} at (0,22) size 533x20
            RenderTableCell {TD} at (2,22) size 175x20 [border: (1px inset #808080)] [r=1 c=0 rs=1 cs=1]
              RenderText {#text} at (2,2) size 52x16
                text run at (2,2) width 52: "1234.56"
            RenderTableCell {TD} at (179,22) size 175x20 [border: (1px inset #808080)] [r=1 c=1 rs=1 cs=1]
              RenderText {#text} at (2,2) size 44x16
                text run at (2,2) width 44: "123.45"
            RenderTableCell {TD} at (356,22) size 175x20 [border: (1px inset #808080)] [r=1 c=2 rs=1 cs=1]
              RenderText {#text} at (2,2) size 60x16
                text run at (2,2) width 60: "12345.67"
        RenderTableSection {TBODY} at (1,25) size 533x22
          RenderTableRow {TR} at (0,0) size 533x20
            RenderTableCell {TD} at (2,0) size 175x20 [border: (1px inset #808080)] [r=0 c=0 rs=1 cs=1]
              RenderText {#text} at (2,2) size 171x16
                text run at (2,2) width 171: "This text is in the TBODY"
            RenderTableCell {TD} at (179,0) size 175x20 [border: (1px inset #808080)] [r=0 c=1 rs=1 cs=1]
              RenderText {#text} at (2,2) size 171x16
                text run at (2,2) width 171: "This text is in the TBODY"
            RenderTableCell {TD} at (356,0) size 175x20 [border: (1px inset #808080)] [r=0 c=2 rs=1 cs=1]
              RenderText {#text} at (2,2) size 171x16
                text run at (2,2) width 171: "This text is in the TBODY"
        RenderTableSection {TBODY} at (1,47) size 533x0
