layer at (0,0) size 800x600
  RenderView at (0,0) size 800x600
layer at (0,0) size 800x58
  RenderBlock {html} at (0,0) size 800x58
    RenderBody {body} at (8,8) size 784x42
      RenderTable {table} at (0,0) size 784x42 [border: (1px outset #808080)]
        RenderBlock {caption} at (0,0) size 784x16 [bgcolor=#00FF00]
          RenderText {#text} at (250,0) size 284x16
            text run at (250,0) width 209: "This caption should have a lime "
            text run at (458,0) width 76: "background"
        RenderTableSection (anonymous) at (1,17) size 782x24
          RenderTableRow {tr} at (0,2) size 782x20
            RenderTableCell {td} at (2,2) size 778x20 [border: (1px inset #808080)] [r=0 c=0 rs=1 cs=1]
              RenderText {#text} at (2,2) size 24x16
                text run at (2,2) width 24: "cell"
