layer at (0,0) size 800x600
  RenderView at (0,0) size 800x600
layer at (0,0) size 800x146
  RenderBlock {html} at (0,0) size 800x146
    RenderBody {body} at (8,16) size 784x122
      RenderBlock {p} at (0,0) size 784x16
        RenderText {#text} at (0,0) size 173x16
          text run at (0,0) width 173: "COLGROUP WIDTH=pct"
      RenderTable {table} at (0,32) size 400x90 [border: (1px outset #808080)]
        RenderTableCol {colgroup} at (0,0) size 0x0
        RenderTableCol {colgroup} at (0,0) size 0x0
        RenderTableSection (anonymous) at (1,1) size 398x88
          RenderTableRow {tr} at (0,2) size 398x84
            RenderTableCell {td} at (2,2) size 98x84 [border: (1px inset #808080)] [r=0 c=0 rs=1 cs=1]
              RenderText {#text} at (2,2) size 88x80
                text run at (2,2) width 81: "This column"
                text run at (2,18) width 88: "should have a"
                text run at (2,34) width 88: "width of 25%"
                text run at (2,50) width 84: "of 400 pixels"
                text run at (2,66) width 18: "or "
                text run at (19,66) width 41: "100px"
            RenderTableCell {td} at (102,26) size 294x36 [border: (1px inset #808080)] [r=0 c=1 rs=1 cs=1]
              RenderText {#text} at (2,2) size 281x32
                text run at (2,2) width 281: "This column should have a width of 75% of"
                text run at (2,18) width 88: "400 pixels or "
                text run at (89,18) width 41: "300px"
