layer at (0,0) size 800x600
  RenderView at (0,0) size 800x600
layer at (0,0) size 800x104
  RenderBlock {html} at (0,0) size 800x104
    RenderBody {body} at (8,16) size 784x80
      RenderBlock {p} at (0,0) size 784x16
        RenderText {#text} at (0,0) size 341x16
          text run at (0,0) width 341: "Numbers in table should be aligned at decimal points"
      RenderTable {table} at (0,32) size 400x48 [border: (1px outset #808080)]
        RenderTableCol {colgroup} at (0,0) size 0x0
          RenderTableCol {col} at (0,0) size 0x0
          RenderTableCol {col} at (0,0) size 0x0
        RenderTableSection (anonymous) at (1,1) size 398x46
          RenderTableRow {tr} at (0,2) size 398x20
            RenderTableCell {td} at (2,2) size 182x20 [border: (1px inset #808080)] [r=0 c=0 rs=1 cs=1]
              RenderText {#text} at (2,2) size 36x16
                text run at (2,2) width 36: "55.00"
            RenderTableCell {td} at (186,2) size 210x20 [border: (1px inset #808080)] [r=0 c=1 rs=1 cs=1]
              RenderText {#text} at (2,2) size 60x16
                text run at (2,2) width 60: "55555.00"
          RenderTableRow {tr} at (0,24) size 398x20
            RenderTableCell {td} at (2,24) size 182x20 [border: (1px inset #808080)] [r=1 c=0 rs=1 cs=1]
              RenderText {#text} at (2,2) size 52x16
                text run at (2,2) width 52: "1234.56"
            RenderTableCell {td} at (186,24) size 210x20 [border: (1px inset #808080)] [r=1 c=1 rs=1 cs=1]
              RenderText {#text} at (2,2) size 44x16
                text run at (2,2) width 44: "123.45"
