layer at (0,0) size 800x600
  RenderView at (0,0) size 800x600
layer at (0,0) size 800x146
  RenderBlock {html} at (0,0) size 800x146
    RenderBody {body} at (8,16) size 784x122
      RenderBlock {p} at (0,0) size 784x16
        RenderText {#text} at (0,0) size 201x16
          text run at (0,0) width 201: "COLGROUP WIDTH=relative"
      RenderTable {table} at (0,32) size 300x90 [border: (1px outset #808080)]
        RenderTableCol {colgroup} at (0,0) size 0x0
        RenderTableCol {colgroup} at (0,0) size 0x0
        RenderTableSection (anonymous) at (1,1) size 298x88
          RenderTableRow {tr} at (0,2) size 298x84
            RenderTableCell {td} at (2,2) size 143x84 [border: (1px inset #808080)] [r=0 c=0 rs=1 cs=1]
              RenderText {#text} at (2,2) size 139x80
                text run at (2,2) width 92: "Table width is"
                text run at (2,18) width 129: "300px. This column"
                text run at (2,34) width 139: "should be 1/2 as wide"
                text run at (2,50) width 18: "as "
                text run at (19,50) width 82: "Column 2 or"
                text run at (2,66) width 40: "100px"
            RenderTableCell {td} at (147,10) size 149x68 [border: (1px inset #808080)] [r=0 c=1 rs=1 cs=1]
              RenderText {#text} at (2,2) size 140x64
                text run at (2,2) width 140: "Table width is 300px."
                text run at (2,18) width 128: "This column should"
                text run at (2,34) width 124: "be twice as wide as"
                text run at (2,50) width 125: "Column 1 or 200px"
