layer at (0,0) size 800x600
  RenderView at (0,0) size 800x600
layer at (0,0) size 800x298
  RenderBlock {html} at (0,0) size 800x298
    RenderBody {body} at (8,16) size 784x274
      RenderBlock {p} at (0,0) size 784x16
        RenderText {#text} at (0,0) size 279x16
          text run at (0,0) width 279: "The table below should have the following:"
      RenderBlock {ol} at (0,32) size 784x96
        RenderListItem {li} at (40,0) size 744x16
          RenderListMarker at (-20,0) size 16x16: "1"
          RenderText {#text} at (0,0) size 120x16
            text run at (0,0) width 120: "a caption 'TABLE'"
        RenderListItem {li} at (40,16) size 744x16
          RenderListMarker at (-20,0) size 16x16: "2"
          RenderText {#text} at (0,0) size 62x16
            text run at (0,0) width 62: "no border"
        RenderListItem {li} at (40,32) size 744x16
          RenderListMarker at (-20,0) size 16x16: "3"
          RenderText {#text} at (0,0) size 224x16
            text run at (0,0) width 224: "3 colgroups, each with one column"
        RenderListItem {li} at (40,48) size 744x16
          RenderListMarker at (-20,0) size 16x16: "4"
          RenderText {#text} at (0,0) size 154x16
            text run at (0,0) width 154: "a THEAD with one row"
        RenderListItem {li} at (40,64) size 744x16
          RenderListMarker at (-20,0) size 16x16: "5"
          RenderText {#text} at (0,0) size 162x16
            text run at (0,0) width 162: "a TBODY with two rows"
        RenderListItem {li} at (40,80) size 744x16
          RenderListMarker at (-20,0) size 16x16: "6"
          RenderText {#text} at (0,0) size 152x16
            text run at (0,0) width 152: "a TFOOT with one row"
      RenderBlock (anonymous) at (0,144) size 784x32
        RenderBR {br} at (0,0) size 0x16
        RenderBR {br} at (0,16) size 0x16
      RenderTable {table} at (0,176) size 185x98
        RenderBlock {caption} at (0,0) size 185x16
          RenderText {#text} at (66,0) size 53x16
            text run at (66,0) width 53: "TABLE"
        RenderTableCol {colgroup} at (0,0) size 0x0
          RenderTableCol {col} at (0,0) size 0x0
        RenderTableCol {colgroup} at (0,0) size 0x0
          RenderTableCol {col} at (0,0) size 0x0
        RenderTableCol {colgroup} at (0,0) size 0x0
          RenderTableCol {col} at (0,0) size 0x0
        RenderTableSection {thead} at (0,16) size 185x22
          RenderTableRow {tr} at (0,2) size 185x18
            RenderTableCell {th} at (2,2) size 59x18 [r=0 c=0 rs=1 cs=1]
              RenderText {#text} at (1,1) size 57x16
                text run at (1,1) width 57: "THEAD"
            RenderTableCell {th} at (63,2) size 59x18 [r=0 c=1 rs=1 cs=1]
              RenderText {#text} at (1,1) size 57x16
                text run at (1,1) width 57: "THEAD"
            RenderTableCell {th} at (124,2) size 59x18 [r=0 c=2 rs=1 cs=1]
              RenderText {#text} at (1,1) size 57x16
                text run at (1,1) width 57: "THEAD"
        RenderTableSection {tfoot} at (0,78) size 185x20
          RenderTableRow {tr} at (0,0) size 185x18
            RenderTableCell {td} at (2,0) size 59x18 [r=0 c=0 rs=1 cs=1]
              RenderText {#text} at (1,1) size 52x16
                text run at (1,1) width 52: "TFOOT"
            RenderTableCell {td} at (63,0) size 59x18 [r=0 c=1 rs=1 cs=1]
              RenderText {#text} at (1,1) size 52x16
                text run at (1,1) width 52: "TFOOT"
            RenderTableCell {td} at (124,0) size 59x18 [r=0 c=2 rs=1 cs=1]
              RenderText {#text} at (1,1) size 52x16
                text run at (1,1) width 52: "TFOOT"
        RenderTableSection {tbody} at (0,38) size 185x40
          RenderTableRow {tr} at (0,0) size 185x18
            RenderTableCell {td} at (2,0) size 59x18 [r=0 c=0 rs=1 cs=1]
              RenderText {#text} at (1,1) size 56x16
                text run at (1,1) width 56: "TBODY"
            RenderTableCell {td} at (63,0) size 59x18 [r=0 c=1 rs=1 cs=1]
              RenderText {#text} at (1,1) size 56x16
                text run at (1,1) width 56: "TBODY"
            RenderTableCell {td} at (124,0) size 59x18 [r=0 c=2 rs=1 cs=1]
              RenderText {#text} at (1,1) size 56x16
                text run at (1,1) width 56: "TBODY"
          RenderTableRow {tr} at (0,20) size 185x18
            RenderTableCell {td} at (2,20) size 59x18 [r=1 c=0 rs=1 cs=1]
              RenderText {#text} at (1,1) size 56x16
                text run at (1,1) width 56: "TBODY"
            RenderTableCell {td} at (63,20) size 59x18 [r=1 c=1 rs=1 cs=1]
              RenderText {#text} at (1,1) size 56x16
                text run at (1,1) width 56: "TBODY"
            RenderTableCell {td} at (124,20) size 59x18 [r=1 c=2 rs=1 cs=1]
              RenderText {#text} at (1,1) size 56x16
                text run at (1,1) width 56: "TBODY"
