layer at (0,0) size 785x1544
  RenderView at (0,0) size 785x600
layer at (0,0) size 785x1544
  RenderBlock {html} at (0,0) size 785x1544
    RenderBody {body} at (8,16) size 769x1520 [bgcolor=#FFFFFF]
      RenderBlock {p} at (0,0) size 769x16
        RenderText {#text} at (0,0) size 272x16
          text run at (0,0) width 272: "Black table with a white body background"
      RenderTable {table} at (0,32) size 433x48 [bgcolor=#000000] [border: (1px outset #808080)]
        RenderTableSection (anonymous) at (1,1) size 431x46
          RenderTableRow {tr} at (0,2) size 431x20
            RenderTableCell {td} at (2,2) size 141x20 [border: (1px inset #808080)] [r=0 c=0 rs=1 cs=1]
              RenderText {#text} at (2,2) size 137x16
                text run at (2,2) width 137: "table table table table"
            RenderTableCell {td} at (145,2) size 141x20 [border: (1px inset #808080)] [r=0 c=1 rs=1 cs=1]
              RenderText {#text} at (2,2) size 137x16
                text run at (2,2) width 137: "table table table table"
            RenderTableCell {td} at (288,2) size 141x20 [border: (1px inset #808080)] [r=0 c=2 rs=1 cs=1]
              RenderText {#text} at (2,2) size 137x16
                text run at (2,2) width 137: "table table table table"
          RenderTableRow {tr} at (0,24) size 431x20
            RenderTableCell {td} at (2,24) size 141x20 [border: (1px inset #808080)] [r=1 c=0 rs=1 cs=1]
              RenderText {#text} at (2,2) size 137x16
                text run at (2,2) width 137: "table table table table"
            RenderTableCell {td} at (145,24) size 141x20 [border: (1px inset #808080)] [r=1 c=1 rs=1 cs=1]
              RenderText {#text} at (2,2) size 137x16
                text run at (2,2) width 137: "table table table table"
            RenderTableCell {td} at (288,24) size 141x20 [border: (1px inset #808080)] [r=1 c=2 rs=1 cs=1]
              RenderText {#text} at (2,2) size 137x16
                text run at (2,2) width 137: "table table table table"
      RenderBlock {p} at (0,96) size 769x16
        RenderText {#text} at (0,0) size 272x16
          text run at (0,0) width 272: "Silver table with a white body background"
      RenderTable {table} at (0,128) size 433x48 [bgcolor=#C0C0C0] [border: (1px outset #808080)]
        RenderTableSection (anonymous) at (1,1) size 431x46
          RenderTableRow {tr} at (0,2) size 431x20
            RenderTableCell {td} at (2,2) size 141x20 [border: (1px inset #808080)] [r=0 c=0 rs=1 cs=1]
              RenderText {#text} at (2,2) size 137x16
                text run at (2,2) width 137: "table table table table"
            RenderTableCell {td} at (145,2) size 141x20 [border: (1px inset #808080)] [r=0 c=1 rs=1 cs=1]
              RenderText {#text} at (2,2) size 137x16
                text run at (2,2) width 137: "table table table table"
            RenderTableCell {td} at (288,2) size 141x20 [border: (1px inset #808080)] [r=0 c=2 rs=1 cs=1]
              RenderText {#text} at (2,2) size 137x16
                text run at (2,2) width 137: "table table table table"
          RenderTableRow {tr} at (0,24) size 431x20
            RenderTableCell {td} at (2,24) size 141x20 [border: (1px inset #808080)] [r=1 c=0 rs=1 cs=1]
              RenderText {#text} at (2,2) size 137x16
                text run at (2,2) width 137: "table table table table"
            RenderTableCell {td} at (145,24) size 141x20 [border: (1px inset #808080)] [r=1 c=1 rs=1 cs=1]
              RenderText {#text} at (2,2) size 137x16
                text run at (2,2) width 137: "table table table table"
            RenderTableCell {td} at (288,24) size 141x20 [border: (1px inset #808080)] [r=1 c=2 rs=1 cs=1]
              RenderText {#text} at (2,2) size 137x16
                text run at (2,2) width 137: "table table table table"
      RenderBlock {p} at (0,192) size 769x16
        RenderText {#text} at (0,0) size 266x16
          text run at (0,0) width 266: "Gray table with a white body background"
      RenderTable {table} at (0,224) size 433x48 [bgcolor=#808080] [border: (1px outset #808080)]
        RenderTableSection (anonymous) at (1,1) size 431x46
          RenderTableRow {tr} at (0,2) size 431x20
            RenderTableCell {td} at (2,2) size 141x20 [border: (1px inset #808080)] [r=0 c=0 rs=1 cs=1]
              RenderText {#text} at (2,2) size 137x16
                text run at (2,2) width 137: "table table table table"
            RenderTableCell {td} at (145,2) size 141x20 [border: (1px inset #808080)] [r=0 c=1 rs=1 cs=1]
              RenderText {#text} at (2,2) size 137x16
                text run at (2,2) width 137: "table table table table"
            RenderTableCell {td} at (288,2) size 141x20 [border: (1px inset #808080)] [r=0 c=2 rs=1 cs=1]
              RenderText {#text} at (2,2) size 137x16
                text run at (2,2) width 137: "table table table table"
          RenderTableRow {tr} at (0,24) size 431x20
            RenderTableCell {td} at (2,24) size 141x20 [border: (1px inset #808080)] [r=1 c=0 rs=1 cs=1]
              RenderText {#text} at (2,2) size 137x16
                text run at (2,2) width 137: "table table table table"
            RenderTableCell {td} at (145,24) size 141x20 [border: (1px inset #808080)] [r=1 c=1 rs=1 cs=1]
              RenderText {#text} at (2,2) size 137x16
                text run at (2,2) width 137: "table table table table"
            RenderTableCell {td} at (288,24) size 141x20 [border: (1px inset #808080)] [r=1 c=2 rs=1 cs=1]
              RenderText {#text} at (2,2) size 137x16
                text run at (2,2) width 137: "table table table table"
      RenderBlock {p} at (0,288) size 769x16
        RenderText {#text} at (0,0) size 273x16
          text run at (0,0) width 273: "White table with a white body background"
      RenderTable {table} at (0,320) size 433x48 [border: (1px outset #808080)]
        RenderTableSection (anonymous) at (1,1) size 431x46
          RenderTableRow {tr} at (0,2) size 431x20
            RenderTableCell {td} at (2,2) size 141x20 [border: (1px inset #808080)] [r=0 c=0 rs=1 cs=1]
              RenderText {#text} at (2,2) size 137x16
                text run at (2,2) width 137: "table table table table"
            RenderTableCell {td} at (145,2) size 141x20 [border: (1px inset #808080)] [r=0 c=1 rs=1 cs=1]
              RenderText {#text} at (2,2) size 137x16
                text run at (2,2) width 137: "table table table table"
            RenderTableCell {td} at (288,2) size 141x20 [border: (1px inset #808080)] [r=0 c=2 rs=1 cs=1]
              RenderText {#text} at (2,2) size 137x16
                text run at (2,2) width 137: "table table table table"
          RenderTableRow {tr} at (0,24) size 431x20
            RenderTableCell {td} at (2,24) size 141x20 [border: (1px inset #808080)] [r=1 c=0 rs=1 cs=1]
              RenderText {#text} at (2,2) size 137x16
                text run at (2,2) width 137: "table table table table"
            RenderTableCell {td} at (145,24) size 141x20 [border: (1px inset #808080)] [r=1 c=1 rs=1 cs=1]
              RenderText {#text} at (2,2) size 137x16
                text run at (2,2) width 137: "table table table table"
            RenderTableCell {td} at (288,24) size 141x20 [border: (1px inset #808080)] [r=1 c=2 rs=1 cs=1]
              RenderText {#text} at (2,2) size 137x16
                text run at (2,2) width 137: "table table table table"
      RenderBlock {p} at (0,384) size 769x16
        RenderText {#text} at (0,0) size 285x16
          text run at (0,0) width 285: "Maroon table with a white body background"
      RenderTable {table} at (0,416) size 433x48 [bgcolor=#800000] [border: (1px outset #808080)]
        RenderTableSection (anonymous) at (1,1) size 431x46
          RenderTableRow {tr} at (0,2) size 431x20
            RenderTableCell {td} at (2,2) size 141x20 [border: (1px inset #808080)] [r=0 c=0 rs=1 cs=1]
              RenderText {#text} at (2,2) size 137x16
                text run at (2,2) width 137: "table table table table"
            RenderTableCell {td} at (145,2) size 141x20 [border: (1px inset #808080)] [r=0 c=1 rs=1 cs=1]
              RenderText {#text} at (2,2) size 137x16
                text run at (2,2) width 137: "table table table table"
            RenderTableCell {td} at (288,2) size 141x20 [border: (1px inset #808080)] [r=0 c=2 rs=1 cs=1]
              RenderText {#text} at (2,2) size 137x16
                text run at (2,2) width 137: "table table table table"
          RenderTableRow {tr} at (0,24) size 431x20
            RenderTableCell {td} at (2,24) size 141x20 [border: (1px inset #808080)] [r=1 c=0 rs=1 cs=1]
              RenderText {#text} at (2,2) size 137x16
                text run at (2,2) width 137: "table table table table"
            RenderTableCell {td} at (145,24) size 141x20 [border: (1px inset #808080)] [r=1 c=1 rs=1 cs=1]
              RenderText {#text} at (2,2) size 137x16
                text run at (2,2) width 137: "table table table table"
            RenderTableCell {td} at (288,24) size 141x20 [border: (1px inset #808080)] [r=1 c=2 rs=1 cs=1]
              RenderText {#text} at (2,2) size 137x16
                text run at (2,2) width 137: "table table table table"
      RenderBlock {p} at (0,480) size 769x16
        RenderText {#text} at (0,0) size 260x16
          text run at (0,0) width 260: "Red table with a white body background"
      RenderTable {table} at (0,512) size 433x48 [bgcolor=#FF0000] [border: (1px outset #808080)]
        RenderTableSection (anonymous) at (1,1) size 431x46
          RenderTableRow {tr} at (0,2) size 431x20
            RenderTableCell {td} at (2,2) size 141x20 [border: (1px inset #808080)] [r=0 c=0 rs=1 cs=1]
              RenderText {#text} at (2,2) size 137x16
                text run at (2,2) width 137: "table table table table"
            RenderTableCell {td} at (145,2) size 141x20 [border: (1px inset #808080)] [r=0 c=1 rs=1 cs=1]
              RenderText {#text} at (2,2) size 137x16
                text run at (2,2) width 137: "table table table table"
            RenderTableCell {td} at (288,2) size 141x20 [border: (1px inset #808080)] [r=0 c=2 rs=1 cs=1]
              RenderText {#text} at (2,2) size 137x16
                text run at (2,2) width 137: "table table table table"
          RenderTableRow {tr} at (0,24) size 431x20
            RenderTableCell {td} at (2,24) size 141x20 [border: (1px inset #808080)] [r=1 c=0 rs=1 cs=1]
              RenderText {#text} at (2,2) size 137x16
                text run at (2,2) width 137: "table table table table"
            RenderTableCell {td} at (145,24) size 141x20 [border: (1px inset #808080)] [r=1 c=1 rs=1 cs=1]
              RenderText {#text} at (2,2) size 137x16
                text run at (2,2) width 137: "table table table table"
            RenderTableCell {td} at (288,24) size 141x20 [border: (1px inset #808080)] [r=1 c=2 rs=1 cs=1]
              RenderText {#text} at (2,2) size 137x16
                text run at (2,2) width 137: "table table table table"
      RenderBlock {p} at (0,576) size 769x16
        RenderText {#text} at (0,0) size 276x16
          text run at (0,0) width 276: "Purple table with a white body background"
      RenderTable {table} at (0,608) size 433x48 [bgcolor=#800080] [border: (1px outset #808080)]
        RenderTableSection (anonymous) at (1,1) size 431x46
          RenderTableRow {tr} at (0,2) size 431x20
            RenderTableCell {td} at (2,2) size 141x20 [border: (1px inset #808080)] [r=0 c=0 rs=1 cs=1]
              RenderText {#text} at (2,2) size 137x16
                text run at (2,2) width 137: "table table table table"
            RenderTableCell {td} at (145,2) size 141x20 [border: (1px inset #808080)] [r=0 c=1 rs=1 cs=1]
              RenderText {#text} at (2,2) size 137x16
                text run at (2,2) width 137: "table table table table"
            RenderTableCell {td} at (288,2) size 141x20 [border: (1px inset #808080)] [r=0 c=2 rs=1 cs=1]
              RenderText {#text} at (2,2) size 137x16
                text run at (2,2) width 137: "table table table table"
          RenderTableRow {tr} at (0,24) size 431x20
            RenderTableCell {td} at (2,24) size 141x20 [border: (1px inset #808080)] [r=1 c=0 rs=1 cs=1]
              RenderText {#text} at (2,2) size 137x16
                text run at (2,2) width 137: "table table table table"
            RenderTableCell {td} at (145,24) size 141x20 [border: (1px inset #808080)] [r=1 c=1 rs=1 cs=1]
              RenderText {#text} at (2,2) size 137x16
                text run at (2,2) width 137: "table table table table"
            RenderTableCell {td} at (288,24) size 141x20 [border: (1px inset #808080)] [r=1 c=2 rs=1 cs=1]
              RenderText {#text} at (2,2) size 137x16
                text run at (2,2) width 137: "table table table table"
      RenderBlock {p} at (0,672) size 769x16
        RenderText {#text} at (0,0) size 284x16
          text run at (0,0) width 284: "Fuchsia table with a white body background"
      RenderTable {table} at (0,704) size 433x48 [bgcolor=#FF00FF] [border: (1px outset #808080)]
        RenderTableSection (anonymous) at (1,1) size 431x46
          RenderTableRow {tr} at (0,2) size 431x20
            RenderTableCell {td} at (2,2) size 141x20 [border: (1px inset #808080)] [r=0 c=0 rs=1 cs=1]
              RenderText {#text} at (2,2) size 137x16
                text run at (2,2) width 137: "table table table table"
            RenderTableCell {td} at (145,2) size 141x20 [border: (1px inset #808080)] [r=0 c=1 rs=1 cs=1]
              RenderText {#text} at (2,2) size 137x16
                text run at (2,2) width 137: "table table table table"
            RenderTableCell {td} at (288,2) size 141x20 [border: (1px inset #808080)] [r=0 c=2 rs=1 cs=1]
              RenderText {#text} at (2,2) size 137x16
                text run at (2,2) width 137: "table table table table"
          RenderTableRow {tr} at (0,24) size 431x20
            RenderTableCell {td} at (2,24) size 141x20 [border: (1px inset #808080)] [r=1 c=0 rs=1 cs=1]
              RenderText {#text} at (2,2) size 137x16
                text run at (2,2) width 137: "table table table table"
            RenderTableCell {td} at (145,24) size 141x20 [border: (1px inset #808080)] [r=1 c=1 rs=1 cs=1]
              RenderText {#text} at (2,2) size 137x16
                text run at (2,2) width 137: "table table table table"
            RenderTableCell {td} at (288,24) size 141x20 [border: (1px inset #808080)] [r=1 c=2 rs=1 cs=1]
              RenderText {#text} at (2,2) size 137x16
                text run at (2,2) width 137: "table table table table"
      RenderBlock {p} at (0,768) size 769x16
        RenderText {#text} at (0,0) size 273x16
          text run at (0,0) width 273: "Green table with a white body background"
      RenderTable {table} at (0,800) size 433x48 [bgcolor=#008000] [border: (1px outset #808080)]
        RenderTableSection (anonymous) at (1,1) size 431x46
          RenderTableRow {tr} at (0,2) size 431x20
            RenderTableCell {td} at (2,2) size 141x20 [border: (1px inset #808080)] [r=0 c=0 rs=1 cs=1]
              RenderText {#text} at (2,2) size 137x16
                text run at (2,2) width 137: "table table table table"
            RenderTableCell {td} at (145,2) size 141x20 [border: (1px inset #808080)] [r=0 c=1 rs=1 cs=1]
              RenderText {#text} at (2,2) size 137x16
                text run at (2,2) width 137: "table table table table"
            RenderTableCell {td} at (288,2) size 141x20 [border: (1px inset #808080)] [r=0 c=2 rs=1 cs=1]
              RenderText {#text} at (2,2) size 137x16
                text run at (2,2) width 137: "table table table table"
          RenderTableRow {tr} at (0,24) size 431x20
            RenderTableCell {td} at (2,24) size 141x20 [border: (1px inset #808080)] [r=1 c=0 rs=1 cs=1]
              RenderText {#text} at (2,2) size 137x16
                text run at (2,2) width 137: "table table table table"
            RenderTableCell {td} at (145,24) size 141x20 [border: (1px inset #808080)] [r=1 c=1 rs=1 cs=1]
              RenderText {#text} at (2,2) size 137x16
                text run at (2,2) width 137: "table table table table"
            RenderTableCell {td} at (288,24) size 141x20 [border: (1px inset #808080)] [r=1 c=2 rs=1 cs=1]
              RenderText {#text} at (2,2) size 137x16
                text run at (2,2) width 137: "table table table table"
      RenderBlock {p} at (0,864) size 769x16
        RenderText {#text} at (0,0) size 268x16
          text run at (0,0) width 268: "Lime table with a white body background"
      RenderTable {table} at (0,896) size 433x48 [bgcolor=#00FF00] [border: (1px outset #808080)]
        RenderTableSection (anonymous) at (1,1) size 431x46
          RenderTableRow {tr} at (0,2) size 431x20
            RenderTableCell {td} at (2,2) size 141x20 [border: (1px inset #808080)] [r=0 c=0 rs=1 cs=1]
              RenderText {#text} at (2,2) size 137x16
                text run at (2,2) width 137: "table table table table"
            RenderTableCell {td} at (145,2) size 141x20 [border: (1px inset #808080)] [r=0 c=1 rs=1 cs=1]
              RenderText {#text} at (2,2) size 137x16
                text run at (2,2) width 137: "table table table table"
            RenderTableCell {td} at (288,2) size 141x20 [border: (1px inset #808080)] [r=0 c=2 rs=1 cs=1]
              RenderText {#text} at (2,2) size 137x16
                text run at (2,2) width 137: "table table table table"
          RenderTableRow {tr} at (0,24) size 431x20
            RenderTableCell {td} at (2,24) size 141x20 [border: (1px inset #808080)] [r=1 c=0 rs=1 cs=1]
              RenderText {#text} at (2,2) size 137x16
                text run at (2,2) width 137: "table table table table"
            RenderTableCell {td} at (145,24) size 141x20 [border: (1px inset #808080)] [r=1 c=1 rs=1 cs=1]
              RenderText {#text} at (2,2) size 137x16
                text run at (2,2) width 137: "table table table table"
            RenderTableCell {td} at (288,24) size 141x20 [border: (1px inset #808080)] [r=1 c=2 rs=1 cs=1]
              RenderText {#text} at (2,2) size 137x16
                text run at (2,2) width 137: "table table table table"
      RenderBlock {p} at (0,960) size 769x16
        RenderText {#text} at (0,0) size 270x16
          text run at (0,0) width 270: "Olive table with a white body background"
      RenderTable {table} at (0,992) size 433x48 [bgcolor=#808000] [border: (1px outset #808080)]
        RenderTableSection (anonymous) at (1,1) size 431x46
          RenderTableRow {tr} at (0,2) size 431x20
            RenderTableCell {td} at (2,2) size 141x20 [border: (1px inset #808080)] [r=0 c=0 rs=1 cs=1]
              RenderText {#text} at (2,2) size 137x16
                text run at (2,2) width 137: "table table table table"
            RenderTableCell {td} at (145,2) size 141x20 [border: (1px inset #808080)] [r=0 c=1 rs=1 cs=1]
              RenderText {#text} at (2,2) size 137x16
                text run at (2,2) width 137: "table table table table"
            RenderTableCell {td} at (288,2) size 141x20 [border: (1px inset #808080)] [r=0 c=2 rs=1 cs=1]
              RenderText {#text} at (2,2) size 137x16
                text run at (2,2) width 137: "table table table table"
          RenderTableRow {tr} at (0,24) size 431x20
            RenderTableCell {td} at (2,24) size 141x20 [border: (1px inset #808080)] [r=1 c=0 rs=1 cs=1]
              RenderText {#text} at (2,2) size 137x16
                text run at (2,2) width 137: "table table table table"
            RenderTableCell {td} at (145,24) size 141x20 [border: (1px inset #808080)] [r=1 c=1 rs=1 cs=1]
              RenderText {#text} at (2,2) size 137x16
                text run at (2,2) width 137: "table table table table"
            RenderTableCell {td} at (288,24) size 141x20 [border: (1px inset #808080)] [r=1 c=2 rs=1 cs=1]
              RenderText {#text} at (2,2) size 137x16
                text run at (2,2) width 137: "table table table table"
      RenderBlock {p} at (0,1056) size 769x16
        RenderText {#text} at (0,0) size 281x16
          text run at (0,0) width 281: "Yellow table with a white body background"
      RenderTable {table} at (0,1088) size 433x48 [bgcolor=#FFFF00] [border: (1px outset #808080)]
        RenderTableSection (anonymous) at (1,1) size 431x46
          RenderTableRow {tr} at (0,2) size 431x20
            RenderTableCell {td} at (2,2) size 141x20 [border: (1px inset #808080)] [r=0 c=0 rs=1 cs=1]
              RenderText {#text} at (2,2) size 137x16
                text run at (2,2) width 137: "table table table table"
            RenderTableCell {td} at (145,2) size 141x20 [border: (1px inset #808080)] [r=0 c=1 rs=1 cs=1]
              RenderText {#text} at (2,2) size 137x16
                text run at (2,2) width 137: "table table table table"
            RenderTableCell {td} at (288,2) size 141x20 [border: (1px inset #808080)] [r=0 c=2 rs=1 cs=1]
              RenderText {#text} at (2,2) size 137x16
                text run at (2,2) width 137: "table table table table"
          RenderTableRow {tr} at (0,24) size 431x20
            RenderTableCell {td} at (2,24) size 141x20 [border: (1px inset #808080)] [r=1 c=0 rs=1 cs=1]
              RenderText {#text} at (2,2) size 137x16
                text run at (2,2) width 137: "table table table table"
            RenderTableCell {td} at (145,24) size 141x20 [border: (1px inset #808080)] [r=1 c=1 rs=1 cs=1]
              RenderText {#text} at (2,2) size 137x16
                text run at (2,2) width 137: "table table table table"
            RenderTableCell {td} at (288,24) size 141x20 [border: (1px inset #808080)] [r=1 c=2 rs=1 cs=1]
              RenderText {#text} at (2,2) size 137x16
                text run at (2,2) width 137: "table table table table"
      RenderBlock {p} at (0,1152) size 769x16
        RenderText {#text} at (0,0) size 269x16
          text run at (0,0) width 269: "Navy table with a white body background"
      RenderTable {table} at (0,1184) size 433x48 [bgcolor=#000080] [border: (1px outset #808080)]
        RenderTableSection (anonymous) at (1,1) size 431x46
          RenderTableRow {tr} at (0,2) size 431x20
            RenderTableCell {td} at (2,2) size 141x20 [border: (1px inset #808080)] [r=0 c=0 rs=1 cs=1]
              RenderText {#text} at (2,2) size 137x16
                text run at (2,2) width 137: "table table table table"
            RenderTableCell {td} at (145,2) size 141x20 [border: (1px inset #808080)] [r=0 c=1 rs=1 cs=1]
              RenderText {#text} at (2,2) size 137x16
                text run at (2,2) width 137: "table table table table"
            RenderTableCell {td} at (288,2) size 141x20 [border: (1px inset #808080)] [r=0 c=2 rs=1 cs=1]
              RenderText {#text} at (2,2) size 137x16
                text run at (2,2) width 137: "table table table table"
          RenderTableRow {tr} at (0,24) size 431x20
            RenderTableCell {td} at (2,24) size 141x20 [border: (1px inset #808080)] [r=1 c=0 rs=1 cs=1]
              RenderText {#text} at (2,2) size 137x16
                text run at (2,2) width 137: "table table table table"
            RenderTableCell {td} at (145,24) size 141x20 [border: (1px inset #808080)] [r=1 c=1 rs=1 cs=1]
              RenderText {#text} at (2,2) size 137x16
                text run at (2,2) width 137: "table table table table"
            RenderTableCell {td} at (288,24) size 141x20 [border: (1px inset #808080)] [r=1 c=2 rs=1 cs=1]
              RenderText {#text} at (2,2) size 137x16
                text run at (2,2) width 137: "table table table table"
      RenderBlock {p} at (0,1248) size 769x16
        RenderText {#text} at (0,0) size 264x16
          text run at (0,0) width 264: "Blue table with a white body background"
      RenderTable {table} at (0,1280) size 433x48 [bgcolor=#0000FF] [border: (1px outset #808080)]
        RenderTableSection (anonymous) at (1,1) size 431x46
          RenderTableRow {tr} at (0,2) size 431x20
            RenderTableCell {td} at (2,2) size 141x20 [border: (1px inset #808080)] [r=0 c=0 rs=1 cs=1]
              RenderText {#text} at (2,2) size 137x16
                text run at (2,2) width 137: "table table table table"
            RenderTableCell {td} at (145,2) size 141x20 [border: (1px inset #808080)] [r=0 c=1 rs=1 cs=1]
              RenderText {#text} at (2,2) size 137x16
                text run at (2,2) width 137: "table table table table"
            RenderTableCell {td} at (288,2) size 141x20 [border: (1px inset #808080)] [r=0 c=2 rs=1 cs=1]
              RenderText {#text} at (2,2) size 137x16
                text run at (2,2) width 137: "table table table table"
          RenderTableRow {tr} at (0,24) size 431x20
            RenderTableCell {td} at (2,24) size 141x20 [border: (1px inset #808080)] [r=1 c=0 rs=1 cs=1]
              RenderText {#text} at (2,2) size 137x16
                text run at (2,2) width 137: "table table table table"
            RenderTableCell {td} at (145,24) size 141x20 [border: (1px inset #808080)] [r=1 c=1 rs=1 cs=1]
              RenderText {#text} at (2,2) size 137x16
                text run at (2,2) width 137: "table table table table"
            RenderTableCell {td} at (288,24) size 141x20 [border: (1px inset #808080)] [r=1 c=2 rs=1 cs=1]
              RenderText {#text} at (2,2) size 137x16
                text run at (2,2) width 137: "table table table table"
      RenderBlock {p} at (0,1344) size 769x16
        RenderText {#text} at (0,0) size 263x16
          text run at (0,0) width 263: "Teal table with a white body background"
      RenderTable {table} at (0,1376) size 433x48 [bgcolor=#008080] [border: (1px outset #808080)]
        RenderTableSection (anonymous) at (1,1) size 431x46
          RenderTableRow {tr} at (0,2) size 431x20
            RenderTableCell {td} at (2,2) size 141x20 [border: (1px inset #808080)] [r=0 c=0 rs=1 cs=1]
              RenderText {#text} at (2,2) size 137x16
                text run at (2,2) width 137: "table table table table"
            RenderTableCell {td} at (145,2) size 141x20 [border: (1px inset #808080)] [r=0 c=1 rs=1 cs=1]
              RenderText {#text} at (2,2) size 137x16
                text run at (2,2) width 137: "table table table table"
            RenderTableCell {td} at (288,2) size 141x20 [border: (1px inset #808080)] [r=0 c=2 rs=1 cs=1]
              RenderText {#text} at (2,2) size 137x16
                text run at (2,2) width 137: "table table table table"
          RenderTableRow {tr} at (0,24) size 431x20
            RenderTableCell {td} at (2,24) size 141x20 [border: (1px inset #808080)] [r=1 c=0 rs=1 cs=1]
              RenderText {#text} at (2,2) size 137x16
                text run at (2,2) width 137: "table table table table"
            RenderTableCell {td} at (145,24) size 141x20 [border: (1px inset #808080)] [r=1 c=1 rs=1 cs=1]
              RenderText {#text} at (2,2) size 137x16
                text run at (2,2) width 137: "table table table table"
            RenderTableCell {td} at (288,24) size 141x20 [border: (1px inset #808080)] [r=1 c=2 rs=1 cs=1]
              RenderText {#text} at (2,2) size 137x16
                text run at (2,2) width 137: "table table table table"
      RenderBlock {p} at (0,1440) size 769x16
        RenderText {#text} at (0,0) size 269x16
          text run at (0,0) width 269: "Aqua table with a white body background"
      RenderTable {table} at (0,1472) size 433x48 [bgcolor=#00FFFF] [border: (1px outset #808080)]
        RenderTableSection (anonymous) at (1,1) size 431x46
          RenderTableRow {tr} at (0,2) size 431x20
            RenderTableCell {td} at (2,2) size 141x20 [border: (1px inset #808080)] [r=0 c=0 rs=1 cs=1]
              RenderText {#text} at (2,2) size 137x16
                text run at (2,2) width 137: "table table table table"
            RenderTableCell {td} at (145,2) size 141x20 [border: (1px inset #808080)] [r=0 c=1 rs=1 cs=1]
              RenderText {#text} at (2,2) size 137x16
                text run at (2,2) width 137: "table table table table"
            RenderTableCell {td} at (288,2) size 141x20 [border: (1px inset #808080)] [r=0 c=2 rs=1 cs=1]
              RenderText {#text} at (2,2) size 137x16
                text run at (2,2) width 137: "table table table table"
          RenderTableRow {tr} at (0,24) size 431x20
            RenderTableCell {td} at (2,24) size 141x20 [border: (1px inset #808080)] [r=1 c=0 rs=1 cs=1]
              RenderText {#text} at (2,2) size 137x16
                text run at (2,2) width 137: "table table table table"
            RenderTableCell {td} at (145,24) size 141x20 [border: (1px inset #808080)] [r=1 c=1 rs=1 cs=1]
              RenderText {#text} at (2,2) size 137x16
                text run at (2,2) width 137: "table table table table"
            RenderTableCell {td} at (288,24) size 141x20 [border: (1px inset #808080)] [r=1 c=2 rs=1 cs=1]
              RenderText {#text} at (2,2) size 137x16
                text run at (2,2) width 137: "table table table table"
