layer at (0,0) size 800x600
  RenderView at (0,0) size 800x600
layer at (0,0) size 800x138
  RenderBlock {html} at (0,0) size 800x138
    RenderBody {body} at (8,16) size 784x114
      RenderBlock {p} at (0,0) size 784x16
        RenderText {#text} at (0,0) size 406x16
          text run at (0,0) width 363: "There should be no border around the frame of the table "
          text run at (362,0) width 44: "below."
      RenderTable {table} at (0,32) size 185x82
        RenderTableCol {colgroup} at (0,0) size 0x0
          RenderTableCol {col} at (0,0) size 0x0
        RenderTableCol {colgroup} at (0,0) size 0x0
          RenderTableCol {col} at (0,0) size 0x0
        RenderTableCol {colgroup} at (0,0) size 0x0
          RenderTableCol {col} at (0,0) size 0x0
        RenderTableSection {thead} at (0,0) size 185x22
          RenderTableRow {tr} at (0,2) size 185x18
            RenderTableCell {th} at (2,2) size 59x18 [r=0 c=0 rs=1 cs=1]
              RenderText {#text} at (1,1) size 57x16
                text run at (1,1) width 57: "THEAD"
            RenderTableCell {th} at (63,2) size 59x18 [r=0 c=1 rs=1 cs=1]
              RenderText {#text} at (1,1) size 57x16
                text run at (1,1) width 57: "THEAD"
            RenderTableCell {th} at (124,2) size 59x18 [r=0 c=2 rs=1 cs=1]
              RenderText {#text} at (1,1) size 57x16
                text run at (1,1) width 57: "THEAD"
        RenderTableSection {tfoot} at (0,62) size 185x20
          RenderTableRow {tr} at (0,0) size 185x18
            RenderTableCell {td} at (2,0) size 59x18 [r=0 c=0 rs=1 cs=1]
              RenderText {#text} at (1,1) size 52x16
                text run at (1,1) width 52: "TFOOT"
            RenderTableCell {td} at (63,0) size 59x18 [r=0 c=1 rs=1 cs=1]
              RenderText {#text} at (1,1) size 52x16
                text run at (1,1) width 52: "TFOOT"
            RenderTableCell {td} at (124,0) size 59x18 [r=0 c=2 rs=1 cs=1]
              RenderText {#text} at (1,1) size 52x16
                text run at (1,1) width 52: "TFOOT"
        RenderTableSection {tbody} at (0,22) size 185x40
          RenderTableRow {tr} at (0,0) size 185x18
            RenderTableCell {td} at (2,0) size 59x18 [r=0 c=0 rs=1 cs=1]
              RenderText {#text} at (1,1) size 56x16
                text run at (1,1) width 56: "TBODY"
            RenderTableCell {td} at (63,0) size 59x18 [r=0 c=1 rs=1 cs=1]
              RenderText {#text} at (1,1) size 56x16
                text run at (1,1) width 56: "TBODY"
            RenderTableCell {td} at (124,0) size 59x18 [r=0 c=2 rs=1 cs=1]
              RenderText {#text} at (1,1) size 56x16
                text run at (1,1) width 56: "TBODY"
          RenderTableRow {tr} at (0,20) size 185x18
            RenderTableCell {td} at (2,20) size 59x18 [r=1 c=0 rs=1 cs=1]
              RenderText {#text} at (1,1) size 56x16
                text run at (1,1) width 56: "TBODY"
            RenderTableCell {td} at (63,20) size 59x18 [r=1 c=1 rs=1 cs=1]
              RenderText {#text} at (1,1) size 56x16
                text run at (1,1) width 56: "TBODY"
            RenderTableCell {td} at (124,20) size 59x18 [r=1 c=2 rs=1 cs=1]
              RenderText {#text} at (1,1) size 56x16
                text run at (1,1) width 56: "TBODY"
