layer at (0,0) size 800x600
  RenderView at (0,0) size 800x600
layer at (0,0) size 800x74
  RenderBlock {html} at (0,0) size 800x74
    RenderBody {body} at (8,8) size 784x58
      RenderTable {table} at (0,0) size 784x58 [bgcolor=#00FF00] [border: (1px outset #808080)]
        RenderTableSection (anonymous) at (1,1) size 782x56
          RenderTableRow {tr} at (0,2) size 782x52
            RenderTableCell {td} at (2,2) size 388x52 [border: (1px inset #808080)] [r=0 c=0 rs=1 cs=1]
              RenderText {#text} at (2,2) size 349x48
                text run at (2,2) width 349: "Here is a bordered table using the CLASS attribute for"
                text run at (2,18) width 305: "background color. The table should have a lime"
                text run at (2,34) width 80: "background."
            RenderTableCell {td} at (392,2) size 388x52 [border: (1px inset #808080)] [r=0 c=1 rs=1 cs=1]
              RenderText {#text} at (2,2) size 349x48
                text run at (2,2) width 349: "Here is a bordered table using the CLASS attribute for"
                text run at (2,18) width 305: "background color. The table should have a lime"
                text run at (2,34) width 80: "background."
