layer at (0,0) size 800x600
  RenderView at (0,0) size 800x600
layer at (0,0) size 800x58
  RenderBlock {html} at (0,0) size 800x58
    RenderBody {body} at (8,8) size 784x42
      RenderTable {table} at (0,0) size 492x42 [border: (1px outset #808080)]
        RenderTableSection (anonymous) at (1,1) size 490x40
          RenderTableRow {tr} at (0,10) size 490x20
            RenderTableCell {td} at (10,10) size 230x20 [border: (1px inset #808080)] [r=0 c=0 rs=1 cs=1]
              RenderText {#text} at (2,2) size 226x16
                text run at (2,2) width 226: "This cell should have 10px spacing"
            RenderTableCell {td} at (250,10) size 230x20 [border: (1px inset #808080)] [r=0 c=1 rs=1 cs=1]
              RenderText {#text} at (2,2) size 226x16
                text run at (2,2) width 226: "This cell should have 10px spacing"
