layer at (0,0) size 800x600
  RenderView at (0,0) size 800x600
layer at (0,0) size 800x314
  RenderBlock {html} at (0,0) size 800x314
    RenderBody {body} at (8,16) size 784x290
      RenderBlock {p} at (0,0) size 784x16
        RenderText {#text} at (0,0) size 198x16
          text run at (0,0) width 198: "TBODY VALIGN=BOTTOM"
      RenderTable {table} at (0,32) size 784x258 [border: (1px outset #808080)]
        RenderTableSection {thead} at (1,1) size 782x24
          RenderTableRow {tr} at (0,2) size 782x20
            RenderTableCell {td} at (2,2) size 204x20 [border: (1px inset #808080)] [r=0 c=0 rs=1 cs=1]
              RenderText {#text} at (2,2) size 55x16
                text run at (2,2) width 55: "THEAD"
            RenderTableCell {td} at (208,2) size 572x20 [border: (1px inset #808080)] [r=0 c=1 rs=1 cs=1]
              RenderText {#text} at (2,2) size 55x16
                text run at (2,2) width 55: "THEAD"
        RenderTableSection {tfoot} at (1,235) size 782x22
          RenderTableRow {tr} at (0,0) size 782x20
            RenderTableCell {td} at (2,0) size 204x20 [border: (1px inset #808080)] [r=0 c=0 rs=1 cs=1]
              RenderText {#text} at (2,2) size 52x16
                text run at (2,2) width 52: "TFOOT"
            RenderTableCell {td} at (208,0) size 572x20 [border: (1px inset #808080)] [r=0 c=1 rs=1 cs=1]
              RenderText {#text} at (2,2) size 52x16
                text run at (2,2) width 52: "TFOOT"
        RenderTableSection {tbody} at (1,25) size 782x210
          RenderTableRow {tr} at (0,0) size 782x208
            RenderTableCell {td} at (2,0) size 204x208 [border: (1px inset #808080)] [r=0 c=0 rs=1 cs=1]
              RenderImage {img} at (2,2) size 200x200
            RenderTableCell {td} at (208,156) size 572x52 [border: (1px inset #808080)] [r=0 c=1 rs=1 cs=1]
              RenderText {#text} at (2,2) size 559x48
                text run at (2,2) width 372: "The bottom of this text should be vertically aligned to the "
                text run at (373,2) width 188: "bottom of the image. x-fill x-"
                text run at (2,18) width 167: "fill x-fill x-fill x-fill x-fill "
                text run at (168,18) width 325: "x-fill x-fill x-fill x-fill x-fill x-fill x-fill x-fill x-fill "
                text run at (492,18) width 69: "x-fill x-fill"
                text run at (2,34) width 252: "x-fill x-fill x-fill x-fill x-fill x-fill x-fill "
                text run at (253,34) width 141: "x-fill x-fill x-fill x-fill"
