layer at (0,0) size 800x600
  RenderView at (0,0) size 800x600
layer at (0,0) size 800x64
  RenderBlock {html} at (0,0) size 800x64
    RenderBody {body} at (8,8) size 784x48
      RenderTable {table} at (0,0) size 227x48 [border: (1px outset #808080)]
        RenderTableSection (anonymous) at (1,1) size 225x46
          RenderTableRow {tr} at (0,2) size 225x20
            RenderTableCell {td} at (2,13) size 163x20 [border: (1px inset #808080)] [r=0 c=0 rs=2 cs=1]
              RenderText {#text} at (2,2) size 159x16
                text run at (2,2) width 159: "This cell spans two rows"
            RenderTableCell {td} at (167,2) size 56x20 [border: (1px inset #808080)] [r=0 c=1 rs=1 cs=1]
              RenderText {#text} at (2,2) size 52x16
                text run at (2,2) width 52: "xxx xxx"
          RenderTableRow {tr} at (0,24) size 225x20
            RenderTableCell {td} at (167,24) size 56x20 [border: (1px inset #808080)] [r=1 c=1 rs=1 cs=1]
              RenderText {#text} at (2,2) size 52x16
                text run at (2,2) width 52: "xxx xxx"
