layer at (0,0) size 800x600
  RenderView at (0,0) size 800x600
layer at (0,0) size 800x270
  RenderBlock {html} at (0,0) size 800x270
    RenderBody {body} at (8,16) size 784x246
      RenderBlock {p} at (0,0) size 784x16
        RenderText {#text} at (0,0) size 158x16
          text run at (0,0) width 158: "TD VALIGN=MIDDLE"
      RenderTable {table} at (0,32) size 627x214 [border: (1px outset #808080)]
        RenderTableSection (anonymous) at (1,1) size 625x212
          RenderTableRow {tr} at (0,2) size 625x208
            RenderTableCell {td} at (2,2) size 204x208 [border: (1px inset #808080)] [r=0 c=0 rs=1 cs=1]
              RenderImage {img} at (2,2) size 200x200
            RenderTableCell {td} at (208,96) size 415x20 [border: (1px inset #808080)] [r=0 c=1 rs=1 cs=1]
              RenderText {#text} at (2,2) size 411x16
                text run at (2,2) width 282: "This text should be vertically aligned to the "
                text run at (283,2) width 130: "middle of the image"
