layer at (0,0) size 800x600
  RenderView at (0,0) size 800x600
layer at (0,0) size 800x64
  RenderBlock {html} at (0,0) size 800x64
    RenderBody {body} at (8,8) size 784x48
      RenderTable {table} at (0,0) size 636x48 [border: (1px outset #808080)]
        RenderTableSection {tfoot} at (1,25) size 634x22 [bgcolor=#00FF00]
          RenderTableRow {tr} at (0,0) size 634x20
            RenderTableCell {td} at (2,0) size 314x20 [border: (1px inset #808080)] [r=0 c=0 rs=1 cs=1]
              RenderText {#text} at (2,2) size 267x16
                text run at (2,2) width 267: "This tfoot should have a lime background"
            RenderTableCell {td} at (318,0) size 314x20 [border: (1px inset #808080)] [r=0 c=1 rs=1 cs=1]
              RenderText {#text} at (2,2) size 267x16
                text run at (2,2) width 267: "This tfoot should have a lime background"
        RenderTableSection {tbody} at (1,1) size 634x24
          RenderTableRow {tr} at (0,2) size 634x20
            RenderTableCell {td} at (2,2) size 314x20 [border: (1px inset #808080)] [r=0 c=0 rs=1 cs=1]
              RenderText {#text} at (2,2) size 310x16
                text run at (2,2) width 310: "This tbody should NOT have a lime background"
            RenderTableCell {td} at (318,2) size 314x20 [border: (1px inset #808080)] [r=0 c=1 rs=1 cs=1]
              RenderText {#text} at (2,2) size 310x16
                text run at (2,2) width 310: "This tbody should NOT have a lime background"
