layer at (0,0) size 800x600
  RenderView at (0,0) size 800x600
layer at (0,0) size 800x192
  RenderBlock {html} at (0,0) size 800x192
    RenderBody {body} at (8,16) size 784x168
      RenderBlock {p} at (0,0) size 784x16
        RenderText {#text} at (0,0) size 402x16
          text run at (0,0) width 402: "The numbers in the THEAD should align at the decimal points"
      RenderTable {table} at (0,32) size 371x136 [border: (1px outset #808080)]
        RenderTableSection {thead} at (1,1) size 369x46
          RenderTableRow {tr} at (0,2) size 369x20
            RenderTableCell {td} at (2,2) size 115x20 [border: (1px inset #808080)] [r=0 c=0 rs=1 cs=1]
              RenderText {#text} at (2,2) size 95x16
                text run at (2,2) width 95: "THEAD 55.00"
            RenderTableCell {td} at (119,2) size 123x20 [border: (1px inset #808080)] [r=0 c=1 rs=1 cs=1]
              RenderText {#text} at (2,2) size 119x16
                text run at (2,2) width 119: "THEAD 55555.00"
            RenderTableCell {td} at (244,2) size 123x20 [border: (1px inset #808080)] [r=0 c=2 rs=1 cs=1]
              RenderText {#text} at (2,2) size 103x16
                text run at (2,2) width 103: "THEAD 555.00"
          RenderTableRow {tr} at (0,24) size 369x20
            RenderTableCell {td} at (2,24) size 115x20 [border: (1px inset #808080)] [r=1 c=0 rs=1 cs=1]
              RenderText {#text} at (2,2) size 111x16
                text run at (2,2) width 111: "THEAD 1234.56"
            RenderTableCell {td} at (119,24) size 123x20 [border: (1px inset #808080)] [r=1 c=1 rs=1 cs=1]
              RenderText {#text} at (2,2) size 103x16
                text run at (2,2) width 103: "THEAD 123.45"
            RenderTableCell {td} at (244,24) size 123x20 [border: (1px inset #808080)] [r=1 c=2 rs=1 cs=1]
              RenderText {#text} at (2,2) size 119x16
                text run at (2,2) width 119: "THEAD 12345.67"
        RenderTableSection {tfoot} at (1,91) size 369x44
          RenderTableRow {tr} at (0,0) size 369x20
            RenderTableCell {td} at (2,0) size 115x20 [border: (1px inset #808080)] [r=0 c=0 rs=1 cs=1]
              RenderText {#text} at (2,2) size 52x16
                text run at (2,2) width 52: "TFOOT"
            RenderTableCell {td} at (119,0) size 123x20 [border: (1px inset #808080)] [r=0 c=1 rs=1 cs=1]
              RenderText {#text} at (2,2) size 52x16
                text run at (2,2) width 52: "TFOOT"
            RenderTableCell {td} at (244,0) size 123x20 [border: (1px inset #808080)] [r=0 c=2 rs=1 cs=1]
              RenderText {#text} at (2,2) size 52x16
                text run at (2,2) width 52: "TFOOT"
          RenderTableRow {tr} at (0,22) size 369x20
            RenderTableCell {td} at (2,22) size 115x20 [border: (1px inset #808080)] [r=1 c=0 rs=1 cs=1]
              RenderText {#text} at (2,2) size 52x16
                text run at (2,2) width 52: "TFOOT"
            RenderTableCell {td} at (119,22) size 123x20 [border: (1px inset #808080)] [r=1 c=1 rs=1 cs=1]
              RenderText {#text} at (2,2) size 52x16
                text run at (2,2) width 52: "TFOOT"
            RenderTableCell {td} at (244,22) size 123x20 [border: (1px inset #808080)] [r=1 c=2 rs=1 cs=1]
              RenderText {#text} at (2,2) size 52x16
                text run at (2,2) width 52: "TFOOT"
        RenderTableSection {tbody} at (1,47) size 369x44
          RenderTableRow {tr} at (0,0) size 369x20
            RenderTableCell {td} at (2,0) size 115x20 [border: (1px inset #808080)] [r=0 c=0 rs=1 cs=1]
              RenderText {#text} at (2,2) size 56x16
                text run at (2,2) width 56: "TBODY"
            RenderTableCell {td} at (119,0) size 123x20 [border: (1px inset #808080)] [r=0 c=1 rs=1 cs=1]
              RenderText {#text} at (2,2) size 56x16
                text run at (2,2) width 56: "TBODY"
            RenderTableCell {td} at (244,0) size 123x20 [border: (1px inset #808080)] [r=0 c=2 rs=1 cs=1]
              RenderText {#text} at (2,2) size 56x16
                text run at (2,2) width 56: "TBODY"
          RenderTableRow {tr} at (0,22) size 369x20
            RenderTableCell {td} at (2,22) size 115x20 [border: (1px inset #808080)] [r=1 c=0 rs=1 cs=1]
              RenderText {#text} at (2,2) size 56x16
                text run at (2,2) width 56: "TBODY"
            RenderTableCell {td} at (119,22) size 123x20 [border: (1px inset #808080)] [r=1 c=1 rs=1 cs=1]
              RenderText {#text} at (2,2) size 56x16
                text run at (2,2) width 56: "TBODY"
            RenderTableCell {td} at (244,22) size 123x20 [border: (1px inset #808080)] [r=1 c=2 rs=1 cs=1]
              RenderText {#text} at (2,2) size 56x16
                text run at (2,2) width 56: "TBODY"
