layer at (0,0) size 800x600
  RenderView at (0,0) size 800x600
layer at (0,0) size 800x314
  RenderBlock {html} at (0,0) size 800x314
    RenderBody {body} at (8,16) size 784x290
      RenderBlock {p} at (0,0) size 784x16
        RenderText {#text} at (0,0) size 159x16
          text run at (0,0) width 159: "THEAD VALIGN=TOP"
      RenderTable {table} at (0,32) size 668x258 [border: (1px outset #808080)]
        RenderTableSection {thead} at (1,1) size 666x212
          RenderTableRow {tr} at (0,2) size 666x208
            RenderTableCell {td} at (2,2) size 204x208 [border: (1px inset #808080)] [r=0 c=0 rs=1 cs=1]
              RenderImage {img} at (2,2) size 200x200
            RenderTableCell {td} at (208,2) size 456x20 [border: (1px inset #808080)] [r=0 c=1 rs=1 cs=1]
              RenderText {#text} at (2,2) size 452x16
                text run at (2,2) width 389: "The top of this text should be vertically aligned to the top of "
                text run at (390,2) width 64: "the image"
        RenderTableSection {tfoot} at (1,235) size 666x22
          RenderTableRow {tr} at (0,0) size 666x20
            RenderTableCell {td} at (2,0) size 204x20 [border: (1px inset #808080)] [r=0 c=0 rs=1 cs=1]
              RenderText {#text} at (2,2) size 52x16
                text run at (2,2) width 52: "TFOOT"
            RenderTableCell {td} at (208,0) size 456x20 [border: (1px inset #808080)] [r=0 c=1 rs=1 cs=1]
              RenderText {#text} at (2,2) size 52x16
                text run at (2,2) width 52: "TFOOT"
        RenderTableSection {tbody} at (1,213) size 666x22
          RenderTableRow {tr} at (0,0) size 666x20
            RenderTableCell {td} at (2,0) size 204x20 [border: (1px inset #808080)] [r=0 c=0 rs=1 cs=1]
              RenderText {#text} at (2,2) size 56x16
                text run at (2,2) width 56: "TBODY"
            RenderTableCell {td} at (208,0) size 456x20 [border: (1px inset #808080)] [r=0 c=1 rs=1 cs=1]
              RenderText {#text} at (2,2) size 56x16
                text run at (2,2) width 56: "TBODY"
