layer at (0,0) size 965x600
  RenderView at (0,0) size 800x600
layer at (0,0) size 800x64
  RenderBlock {html} at (0,0) size 800x64
    RenderBody {body} at (8,8) size 784x48
      RenderTable {table} at (0,0) size 957x48 [border: (1px outset #808080)]
        RenderTableSection (anonymous) at (1,1) size 955x46
          RenderTableRow {tr} at (0,2) size 955x20
            RenderTableCell {th} at (2,2) size 951x20 [border: (1px inset #808080)] [r=0 c=0 rs=1 cs=1]
              RenderText {#text} at (2,2) size 947x16
                text run at (2,2) width 285: "The text in the cell should not wrap upon "
                text run at (286,2) width 271: "window resizing    x-fill x-fill x-fill x-fill "
                text run at (556,2) width 325: "x-fill x-fill x-fill x-fill x-fill x-fill x-fill x-fill x-fill "
                text run at (880,2) width 69: "x-fill x-fill"
          RenderTableRow {tr} at (0,24) size 955x20
            RenderTableCell {th} at (2,24) size 951x20 [border: (1px inset #808080)] [r=1 c=0 rs=1 cs=1]
              RenderText {#text} at (2,2) size 947x16
                text run at (2,2) width 285: "The text in the cell should not wrap upon "
                text run at (286,2) width 271: "window resizing    x-fill x-fill x-fill x-fill "
                text run at (556,2) width 325: "x-fill x-fill x-fill x-fill x-fill x-fill x-fill x-fill x-fill "
                text run at (880,2) width 69: "x-fill x-fill"
