layer at (0,0) size 800x600
  RenderView at (0,0) size 800x600
layer at (0,0) size 800x270
  RenderBlock {html} at (0,0) size 800x270
    RenderBody {body} at (8,16) size 784x246
      RenderBlock {p} at (0,0) size 784x16
        RenderText {#text} at (0,0) size 164x16
          text run at (0,0) width 164: "TH VALIGN=BOTTOM"
      RenderTable {table} at (0,32) size 784x214 [border: (1px outset #808080)]
        RenderTableSection (anonymous) at (1,1) size 782x212
          RenderTableRow {tr} at (0,2) size 782x208
            RenderTableCell {th} at (2,2) size 204x208 [border: (1px inset #808080)] [r=0 c=0 rs=1 cs=1]
              RenderImage {img} at (2,2) size 200x200
            RenderTableCell {th} at (208,158) size 572x52 [border: (1px inset #808080)] [r=0 c=1 rs=1 cs=1]
              RenderText {#text} at (10,2) size 560x48
                text run at (10,2) width 298: "The bottom of this text should be vertically "
                text run at (307,2) width 255: "aligned to the bottom of the image. x-"
                text run at (6,18) width 132: "fill x-fill x-fill x-fill "
                text run at (137,18) width 325: "x-fill x-fill x-fill x-fill x-fill x-fill x-fill x-fill x-fill "
                text run at (461,18) width 105: "x-fill x-fill x-fill"
                text run at (72,34) width 216: "x-fill x-fill x-fill x-fill x-fill x-fill "
                text run at (288,34) width 212: "x-fill x-fill x-fill x-fill x-fill x-fill"
