layer at (0,0) size 800x600
  RenderView at (0,0) size 800x600
layer at (0,0) size 800x274
  RenderBlock {html} at (0,0) size 800x274
    RenderBody {body} at (8,8) size 784x258
      RenderTable {table} at (0,0) size 110x74 [border: (1px outset #808080)]
        RenderTableSection (anonymous) at (1,1) size 108x72
          RenderTableRow {tr} at (0,2) size 108x68
            RenderTableCell {th} at (2,2) size 104x68 [border: (1px inset #808080)] [r=0 c=0 rs=1 cs=1]
              RenderText {#text} at (8,2) size 94x64
                text run at (8,2) width 88: "The width of"
                text run at (26,18) width 52: "this cell"
                text run at (5,34) width 94: "should be 100"
                text run at (32,50) width 40: "pixels"
      RenderBlock (anonymous) at (0,74) size 784x16
        RenderBR {br} at (0,0) size 0x16
      RenderTable {table} at (0,90) size 210x42 [border: (1px outset #808080)]
        RenderTableSection (anonymous) at (1,1) size 208x40
          RenderTableRow {tr} at (0,2) size 208x36
            RenderTableCell {th} at (2,2) size 204x36 [border: (1px inset #808080)] [r=0 c=0 rs=1 cs=1]
              RenderText {#text} at (5,2) size 194x32
                text run at (5,2) width 194: "The width of this cell should"
                text run at (58,18) width 88: "be 200 pixels"
      RenderBlock (anonymous) at (0,132) size 784x16
        RenderBR {br} at (0,0) size 0x16
      RenderTable {table} at (0,148) size 310x26 [border: (1px outset #808080)]
        RenderTableSection (anonymous) at (1,1) size 308x24
          RenderTableRow {tr} at (0,2) size 308x20
            RenderTableCell {th} at (2,2) size 304x20 [border: (1px inset #808080)] [r=0 c=0 rs=1 cs=1]
              RenderText {#text} at (10,2) size 284x16
                text run at (10,2) width 284: "The width of this cell should be 300 pixels"
      RenderBlock (anonymous) at (0,174) size 784x16
        RenderBR {br} at (0,0) size 0x16
      RenderTable {table} at (0,190) size 410x26 [border: (1px outset #808080)]
        RenderTableSection (anonymous) at (1,1) size 408x24
          RenderTableRow {tr} at (0,2) size 408x20
            RenderTableCell {th} at (2,2) size 404x20 [border: (1px inset #808080)] [r=0 c=0 rs=1 cs=1]
              RenderText {#text} at (60,2) size 284x16
                text run at (60,2) width 284: "The width of this cell should be 400 pixels"
      RenderBlock (anonymous) at (0,216) size 784x16
        RenderBR {br} at (0,0) size 0x16
      RenderTable {table} at (0,232) size 510x26 [border: (1px outset #808080)]
        RenderTableSection (anonymous) at (1,1) size 508x24
          RenderTableRow {tr} at (0,2) size 508x20
            RenderTableCell {th} at (2,2) size 504x20 [border: (1px inset #808080)] [r=0 c=0 rs=1 cs=1]
              RenderText {#text} at (110,2) size 284x16
                text run at (110,2) width 284: "The width of this cell should be 500 pixels"
