layer at (0,0) size 800x600
  RenderView at (0,0) size 800x600
layer at (0,0) size 800x242
  RenderBlock {html} at (0,0) size 800x242
    RenderBody {body} at (8,16) size 784x218
      RenderBlock {p} at (0,0) size 784x16
        RenderText {#text} at (0,0) size 139x16
          text run at (0,0) width 139: "TEST: th align=\"left\""
      RenderBlock {p} at (0,32) size 784x32
        RenderInline {b} at (0,0) size 77x16
          RenderText {#text} at (0,0) size 77x16
            text run at (0,0) width 77: "Example 1."
        RenderBR {br} at (76,0) size 1x16
        RenderText {#text} at (0,16) size 124x16
          text run at (0,16) width 124: "Table width=100%"
      RenderTable {table} at (0,80) size 784x26 [border: (1px outset #808080)]
        RenderTableSection (anonymous) at (1,1) size 782x24
          RenderTableRow {tr} at (0,2) size 782x20
            RenderTableCell {th} at (2,2) size 778x20 [border: (1px inset #808080)] [r=0 c=0 rs=1 cs=1]
              RenderText {#text} at (2,2) size 207x16
                text run at (2,2) width 207: "Cell text should be left aligned"
      RenderBlock {p} at (0,122) size 784x32
        RenderInline {b} at (0,0) size 77x16
          RenderText {#text} at (0,0) size 77x16
            text run at (0,0) width 77: "Example 2."
        RenderBR {br} at (76,0) size 1x16
        RenderText {#text} at (0,16) size 433x16
          text run at (0,16) width 408: "No specific table width; text in second row exceeds text in first "
          text run at (407,16) width 26: "row"
      RenderTable {table} at (0,170) size 566x48 [border: (1px outset #808080)]
        RenderTableSection (anonymous) at (1,1) size 564x46
          RenderTableRow {tr} at (0,2) size 564x20
            RenderTableCell {th} at (2,2) size 560x20 [border: (1px inset #808080)] [r=0 c=0 rs=1 cs=1]
              RenderText {#text} at (2,2) size 207x16
                text run at (2,2) width 207: "Cell text should be left aligned"
          RenderTableRow {tr} at (0,24) size 564x20
            RenderTableCell {th} at (2,24) size 560x20 [border: (1px inset #808080)] [r=1 c=0 rs=1 cs=1]
              RenderText {#text} at (2,2) size 556x16
                text run at (2,2) width 448: "xxx xxx xxx xxx xxx xxx xxx xxx xxx xxx xxx xxx xxx xxx xxx xxx "
                text run at (450,2) width 108: "xxx xxx xxx xxx"
