layer at (0,0) size 800x600
  RenderView at (0,0) size 800x600
layer at (0,0) size 800x86
  RenderBlock {html} at (0,0) size 800x86
    RenderBody {body} at (8,8) size 784x70
      RenderTable {table} at (0,0) size 636x70 [border: (1px outset #808080)]
        RenderTableSection {thead} at (1,1) size 634x24 [bgcolor=#00FF00]
          RenderTableRow {tr} at (0,2) size 634x20
            RenderTableCell {td} at (2,2) size 314x20 [border: (1px inset #808080)] [r=0 c=0 rs=1 cs=1]
              RenderText {#text} at (2,2) size 272x16
                text run at (2,2) width 272: "This thead should have a lime background"
            RenderTableCell {td} at (318,2) size 314x20 [border: (1px inset #808080)] [r=0 c=1 rs=1 cs=1]
              RenderText {#text} at (2,2) size 272x16
                text run at (2,2) width 272: "This thead should have a lime background"
        RenderTableSection {tfoot} at (1,47) size 634x22
          RenderTableRow {tr} at (0,0) size 634x20
            RenderTableCell {td} at (2,0) size 314x20 [border: (1px inset #808080)] [r=0 c=0 rs=1 cs=1]
              RenderText {#text} at (2,2) size 304x16
                text run at (2,2) width 304: "This tfoot should NOT have a lime background"
            RenderTableCell {td} at (318,0) size 314x20 [border: (1px inset #808080)] [r=0 c=1 rs=1 cs=1]
              RenderText {#text} at (2,2) size 304x16
                text run at (2,2) width 304: "This tfoot should NOT have a lime background"
        RenderTableSection {tbody} at (1,25) size 634x22
          RenderTableRow {tr} at (0,0) size 634x20
            RenderTableCell {td} at (2,0) size 314x20 [border: (1px inset #808080)] [r=0 c=0 rs=1 cs=1]
              RenderText {#text} at (2,2) size 310x16
                text run at (2,2) width 310: "This tbody should NOT have a lime background"
            RenderTableCell {td} at (318,0) size 314x20 [border: (1px inset #808080)] [r=0 c=1 rs=1 cs=1]
              RenderText {#text} at (2,2) size 310x16
                text run at (2,2) width 310: "This tbody should NOT have a lime background"
