layer at (0,0) size 800x600
  RenderView at (0,0) size 800x600
layer at (0,0) size 800x600
  RenderBlock {HTML} at (0,0) size 800x600
    RenderBody {BODY} at (12,12) size 776x543
      RenderBlock {P} at (0,0) size 776x28
        RenderText {#text} at (0,0) size 275x27
          text run at (0,0) width 275: "Zoomed video with controls."
layer at (57,85) size 240x180
  RenderVideo {VIDEO} at (45,73) size 240x180
layer at (57,85) size 240x180
  RenderFlexibleBox {DIV} at (0,0) size 240x180
    RenderBlock {DIV} at (0,127.50) size 240x52.50
layer at (65,213) size 225x45 scrollWidth 329
  RenderFlexibleBox {DIV} at (7.50,0) size 225x45 [bgcolor=#141414CC]
    RenderButton {INPUT} at (13.50,0) size 45x45
    RenderSlider {INPUT} at (72,16.50) size 37.50x12
      RenderFlexibleBox {DIV} at (0,0) size 37.50x12 [border: (1px solid #E6E6E659)]
        RenderBlock {DIV} at (1,-12) size 56.50x36
          RenderBlock {DIV} at (-10.50,0) size 48x36
    RenderFlexibleBox {DIV} at (132,0) size 40x45 [color=#FFFFFF]
      RenderBlock (anonymous) at (0,0) size 40x45
        RenderText {#text} at (0,10) size 40x24
          text run at (0,10) width 40: "0:00"
    RenderButton {INPUT} at (185.50,0) size 52.50x45
    RenderSlider {INPUT} at (247,16.50) size 22.50x12
      RenderFlexibleBox {DIV} at (0,0) size 22.50x12 [border: (1px solid #E6E6E659)]
        RenderBlock {DIV} at (1,-12) size 41.50x36
          RenderBlock {DIV} at (-5,0) size 36x36
    RenderButton {INPUT} at (284.50,0) size 45x45
layer at (57,310) size 240x180
  RenderVideo {VIDEO} at (45,298) size 240x180
layer at (57,310) size 240x180
  RenderFlexibleBox {DIV} at (0,0) size 240x180
    RenderBlock {DIV} at (0,127.50) size 240x52.50
layer at (65,438) size 225x45 scrollWidth 329
  RenderFlexibleBox {DIV} at (7.50,0) size 225x45 [bgcolor=#141414CC]
    RenderButton {INPUT} at (13.50,0) size 45x45
    RenderSlider {INPUT} at (72,16.50) size 37.50x12
      RenderFlexibleBox {DIV} at (0,0) size 37.50x12 [border: (1px solid #E6E6E659)]
        RenderBlock {DIV} at (1,-12) size 56.50x36
          RenderBlock {DIV} at (-10.50,0) size 48x36
    RenderFlexibleBox {DIV} at (132,0) size 40x45 [color=#FFFFFF]
      RenderBlock (anonymous) at (0,0) size 40x45
        RenderText {#text} at (0,10) size 40x24
          text run at (0,10) width 40: "0:00"
    RenderButton {INPUT} at (185.50,0) size 52.50x45
    RenderSlider {INPUT} at (247,16.50) size 22.50x12
      RenderFlexibleBox {DIV} at (0,0) size 22.50x12 [border: (1px solid #E6E6E659)]
        RenderBlock {DIV} at (1,-12) size 41.50x36
          RenderBlock {DIV} at (-5,0) size 36x36
    RenderButton {INPUT} at (284.50,0) size 45x45
