layer at (0,0) size 800x600
  RenderView at (0,0) size 800x600
layer at (0,0) size 800x364
  RenderBlock {HTML} at (0,0) size 800x364
    RenderBody {BODY} at (8,16) size 784x340
      RenderBlock {P} at (0,0) size 784x32
        RenderText {#text} at (0,0) size 771x32
          text run at (0,0) width 771: "Test passes if the images of all the cats scroll when the box is scrolled. (Presence of cats behind the double border is UA"
          text run at (0,16) width 76: "dependent)."
      RenderBlock {DIV} at (0,340) size 784x0
layer at (8,64) size 292x292 clip at (58,114) size 177x177 scrollY 143.00 scrollHeight 320
  RenderBlock {DIV} at (0,48) size 292x292 [border: (50px double #000000)]
    RenderText {#text} at (50,50) size 140x320
      text run at (50,50) width 140: "Filler Text Filler Text"
      text run at (50,66) width 140: "Filler Text Filler Text"
      text run at (50,82) width 72: "Filler Text "
      text run at (121,82) width 69: "Filler Text"
      text run at (50,98) width 140: "Filler Text Filler Text"
      text run at (50,114) width 140: "Filler Text Filler Text"
      text run at (50,130) width 72: "Filler Text "
      text run at (121,130) width 69: "Filler Text"
      text run at (50,146) width 140: "Filler Text Filler Text"
      text run at (50,162) width 140: "Filler Text Filler Text"
      text run at (50,178) width 72: "Filler Text "
      text run at (121,178) width 69: "Filler Text"
      text run at (50,194) width 140: "Filler Text Filler Text"
      text run at (50,210) width 140: "Filler Text Filler Text"
      text run at (50,226) width 72: "Filler Text "
      text run at (121,226) width 69: "Filler Text"
      text run at (50,242) width 140: "Filler Text Filler Text"
      text run at (50,258) width 140: "Filler Text Filler Text"
      text run at (50,274) width 72: "Filler Text "
      text run at (121,274) width 69: "Filler Text"
      text run at (50,290) width 140: "Filler Text Filler Text"
      text run at (50,306) width 140: "Filler Text Filler Text"
      text run at (50,322) width 72: "Filler Text "
      text run at (121,322) width 69: "Filler Text"
      text run at (50,338) width 140: "Filler Text Filler Text"
      text run at (50,354) width 140: "Filler Text Filler Text"
