layer at (0,0) size 800x600
  RenderView at (0,0) size 800x600
layer at (0,0) size 800x328
  RenderBlock {HTML} at (0,0) size 800x328
    RenderBody {BODY} at (8,16) size 784x304
      RenderBlock {P} at (0,0) size 784x16
        RenderText {#text} at (0,0) size 310x16
          text run at (0,0) width 310: "Test passes if there is no red visible on the page."
      RenderBlock {SPAN} at (0,32) size 272x272 [bgcolor=#FF0000] [border: (20px solid #000000)]
