layer at (0,0) size 800x600
  RenderView at (0,0) size 800x600
layer at (0,0) size 800x158
  RenderBlock {HTML} at (0,0) size 800x158
    RenderBody {BODY} at (8,16) size 784x134
      RenderBlock {P} at (0,0) size 784x16
        RenderText {#text} at (0,0) size 360x16
          text run at (0,0) width 360: "Test passes if there is a box with rounded corners below"
      RenderBlock {DIV} at (0,32) size 784x102
        RenderBlock {DIV} at (0,0) size 102x102 [border: (3px solid #008000)]
