layer at (0,0) size 800x600
  RenderView at (0,0) size 800x600
layer at (0,0) size 800x158
  RenderBlock {HTML} at (0,0) size 800x158
    RenderBody {BODY} at (8,16) size 784x134
      RenderBlock {P} at (0,0) size 784x16
        RenderText {#text} at (0,0) size 364x16
          text run at (0,0) width 364: "Test passes if there is a box with rounded corners below."
      RenderTable {DIV} at (0,32) size 102x102
        RenderBlock {DIV} at (0,0) size 102x102 [border: (3px solid #008000)]
        RenderTableSection (anonymous) at (0,102) size 102x0
          RenderTableRow {DIV} at (0,0) size 102x0
            RenderTableCell {DIV} at (0,0) size 0x0 [r=0 c=0 rs=1 cs=1]
