layer at (0,0) size 800x600
  RenderView at (0,0) size 800x600
layer at (0,0) size 800x158
  RenderBlock {HTML} at (0,0) size 800x158
    RenderBody {BODY} at (8,16) size 784x134
      RenderBlock {P} at (0,0) size 784x16
        RenderText {#text} at (0,0) size 529x16
          text run at (0,0) width 529: "Test passes if the 'Filler Text' below is clipped to the curve of the rounded corners."
layer at (8,48) size 198x102 clip at (11,51) size 192x96 scrollHeight 128
  RenderBlock {DIV} at (0,32) size 198x102 [border: (3px solid #000000)]
    RenderText {#text} at (3,3) size 187x128
      text run at (3,3) width 152: "Filler Text. Filler Text. "
      text run at (154,3) width 36: "Filler"
      text run at (3,19) width 114: "Text. Filler Text. "
      text run at (116,19) width 73: "Filler Text."
      text run at (3,35) width 76: "Filler Text. "
      text run at (78,35) width 112: "Filler Text. Filler"
      text run at (3,51) width 38: "Text. "
      text run at (40,51) width 149: "Filler Text. Filler Text."
      text run at (3,67) width 152: "Filler Text. Filler Text. "
      text run at (154,67) width 36: "Filler"
      text run at (3,83) width 114: "Text. Filler Text. "
      text run at (116,83) width 73: "Filler Text."
      text run at (3,99) width 76: "Filler Text. "
      text run at (78,99) width 112: "Filler Text. Filler"
      text run at (3,115) width 34: "Text."
