layer at (0,0) size 800x600
  RenderView at (0,0) size 800x600
layer at (0,0) size 800x306
  RenderBlock {HTML} at (0,0) size 800x306
    RenderBody {BODY} at (8,16) size 784x282
      RenderBlock {P} at (0,0) size 784x16
        RenderText {#text} at (0,0) size 491x16
          text run at (0,0) width 491: "Test passes if blue, orange and white boxes are visible on a larger black box."
      RenderBlock {DIV} at (0,32) size 250x250 [bgcolor=#000000]
