layer at (0,0) size 785x754
  RenderView at (0,0) size 785x600
layer at (0,0) size 785x754
  RenderBlock {HTML} at (0,0) size 785x754
    RenderBody {BODY} at (8,8) size 769x738 [bgcolor=#CCCCCC]
      RenderBlock {P} at (0,0) size 769x16
        RenderText {#text} at (0,0) size 363x16
          text run at (0,0) width 363: "The style declarations which apply to the text below are:"
      RenderBlock {PRE} at (0,32) size 769x65
        RenderText {#text} at (0,0) size 554x65
          text run at (0,0) width 172: ".one {display: block;}"
          text run at (171,0) width 1: " "
          text run at (0,13) width 180: ".two {display: inline;}"
          text run at (179,13) width 1: " "
          text run at (0,26) width 554: ".three {display: list-item; list-style-type: square; margin-left: 3em;}"
          text run at (553,26) width 1: " "
          text run at (0,39) width 266: ".four {display: none; color: red;}"
          text run at (265,39) width 1: " "
          text run at (0,52) width 149: "I {display: block;}"
          text run at (148,52) width 1: " "
      RenderBlock {HR} at (0,110) size 769x2 [border: (1px inset #EEEEEE)]
      RenderBlock {P} at (0,128) size 769x16
        RenderText {#text} at (0,0) size 300x16
          text run at (0,0) width 300: "This sentence should be a block-level element."
      RenderBlock (anonymous) at (0,160) size 769x48
        RenderInline {P} at (0,0) size 458x16
          RenderText {#text} at (0,0) size 458x16
            text run at (0,0) width 458: "This sentence should be part of an inline element, as are the next three. "
        RenderInline {P} at (0,0) size 749x48
          RenderText {#text} at (457,0) size 749x48
            text run at (457,0) width 280: "This sentence and the next two are part of a"
            text run at (0,16) width 148: "second inline element. "
            text run at (147,16) width 602: "They should therefore appear, along with the sentence above, to be all one paragraph which is"
            text run at (0,32) width 133: "four sentences long. "
            text run at (132,32) width 256: "If this is not the case, then the keyword "
          RenderInline {CODE} at (0,0) size 48x13
            RenderText {#text} at (387,34) size 48x13
              text run at (387,34) width 48: "inline"
          RenderText {#text} at (434,32) size 112x16
            text run at (434,32) width 112: " is being ignored."
        RenderText {#text} at (0,0) size 0x0
      RenderListItem {P} at (48,224) size 721x48
        RenderListMarker at (-16,0) size 6x16: black square
        RenderText {#text} at (0,0) size 694x32
          text run at (0,0) width 694: "This sentence should be treated as a list-item, and therefore be rendered however this user agent displays list"
          text run at (0,16) width 58: "items (if "
        RenderInline {CODE} at (0,0) size 118x13
          RenderText {#text} at (57,18) size 118x13
            text run at (57,18) width 118: "list-style-type"
        RenderText {#text} at (174,16) size 720x32
          text run at (174,16) width 369: " is supported, there will be a square for the item marker). "
          text run at (542,16) width 178: "A 3em left margin has been"
          text run at (0,32) width 439: "applied in order to ensure that there is space for the list-item marker."
      RenderBlock {P} at (0,288) size 769x16
        RenderText {#text} at (0,0) size 467x16
          text run at (0,0) width 467: "The next paragraph should be invisible (if it's visible, you'll see red text)."
      RenderBlock {P} at (0,320) size 769x16
        RenderText {#text} at (0,0) size 252x16
          text run at (0,0) width 252: "There should be no text after the colon:"
        RenderText {#text} at (0,0) size 0x0
      RenderBlock {P} at (0,352) size 769x48
        RenderBlock (anonymous) at (0,0) size 769x16
          RenderText {#text} at (0,0) size 116x16
            text run at (0,0) width 116: "The italicized text"
        RenderBlock {I} at (0,16) size 769x16
          RenderText {#text} at (0,0) size 113x16
            text run at (0,0) width 113: "in this paragraph"
        RenderBlock (anonymous) at (0,32) size 769x16
          RenderText {#text} at (0,0) size 208x16
            text run at (0,0) width 208: "should be a block-level element."
      RenderTable {TABLE} at (0,416) size 769x322 [border: (1px outset #808080)]
        RenderTableSection {TBODY} at (1,1) size 767x320
          RenderTableRow {TR} at (0,0) size 767x24
            RenderTableCell {TD} at (0,0) size 767x24 [bgcolor=#C0C0C0] [border: (1px inset #808080)] [r=0 c=0 rs=1 cs=2]
              RenderInline {STRONG} at (0,0) size 163x16
                RenderText {#text} at (4,4) size 163x16
                  text run at (4,4) width 163: "TABLE Testing Section"
          RenderTableRow {TR} at (0,24) size 767x296
            RenderTableCell {TD} at (0,160) size 12x24 [bgcolor=#C0C0C0] [border: (1px inset #808080)] [r=1 c=0 rs=1 cs=1]
              RenderText {#text} at (4,4) size 4x16
                text run at (4,4) width 4: " "
            RenderTableCell {TD} at (12,24) size 755x296 [border: (1px inset #808080)] [r=1 c=1 rs=1 cs=1]
              RenderBlock {P} at (4,4) size 747x16
                RenderText {#text} at (0,0) size 300x16
                  text run at (0,0) width 300: "This sentence should be a block-level element."
              RenderBlock (anonymous) at (4,36) size 747x48
                RenderInline {P} at (0,0) size 458x16
                  RenderText {#text} at (0,0) size 458x16
                    text run at (0,0) width 458: "This sentence should be part of an inline element, as are the next three. "
                RenderInline {P} at (0,0) size 737x48
                  RenderText {#text} at (457,0) size 737x48
                    text run at (457,0) width 280: "This sentence and the next two are part of a"
                    text run at (0,16) width 148: "second inline element. "
                    text run at (147,16) width 587: "They should therefore appear, along with the sentence above, to be all one paragraph which"
                    text run at (0,32) width 148: "is four sentences long. "
                    text run at (147,32) width 256: "If this is not the case, then the keyword "
                  RenderInline {CODE} at (0,0) size 47x13
                    RenderText {#text} at (402,34) size 47x13
                      text run at (402,34) width 47: "inline"
                  RenderText {#text} at (448,32) size 113x16
                    text run at (448,32) width 113: " is being ignored."
                RenderText {#text} at (0,0) size 0x0
              RenderListItem {P} at (52,100) size 699x48
                RenderListMarker at (-16,0) size 6x16: black square
                RenderText {#text} at (0,0) size 694x32
                  text run at (0,0) width 694: "This sentence should be treated as a list-item, and therefore be rendered however this user agent displays list"
                  text run at (0,16) width 58: "items (if "
                RenderInline {CODE} at (0,0) size 118x13
                  RenderText {#text} at (57,18) size 118x13
                    text run at (57,18) width 118: "list-style-type"
                RenderText {#text} at (174,16) size 686x32
                  text run at (174,16) width 369: " is supported, there will be a square for the item marker). "
                  text run at (542,16) width 144: "A 3em left margin has"
                  text run at (0,32) width 473: "been applied in order to ensure that there is space for the list-item marker."
              RenderBlock {P} at (4,164) size 747x16
                RenderText {#text} at (0,0) size 467x16
                  text run at (0,0) width 467: "The next paragraph should be invisible (if it's visible, you'll see red text)."
              RenderBlock {P} at (4,196) size 747x16
                RenderText {#text} at (0,0) size 252x16
                  text run at (0,0) width 252: "There should be no text after the colon:"
                RenderText {#text} at (0,0) size 0x0
              RenderBlock {P} at (4,228) size 747x48
                RenderBlock (anonymous) at (0,0) size 747x16
                  RenderText {#text} at (0,0) size 116x16
                    text run at (0,0) width 116: "The italicized text"
                RenderBlock {I} at (0,16) size 747x16
                  RenderText {#text} at (0,0) size 113x16
                    text run at (0,0) width 113: "in this paragraph"
                RenderBlock (anonymous) at (0,32) size 747x16
                  RenderText {#text} at (0,0) size 208x16
                    text run at (0,0) width 208: "should be a block-level element."
