layer at (0,0) size 800x600
  RenderView at (0,0) size 800x600
layer at (0,0) size 800x600
  RenderBlock {HTML} at (0,0) size 800x600
    RenderBody {BODY} at (8,8) size 784x584 [bgcolor=#CCCCCC]
      RenderBlock {P} at (0,0) size 784x16
        RenderText {#text} at (0,0) size 363x16
          text run at (0,0) width 363: "The style declarations which apply to the text below are:"
      RenderBlock {PRE} at (0,32) size 784x39
        RenderText {#text} at (0,0) size 430x39
          text run at (0,0) width 430: ".one {list-style-image: url(../resources/oransqr.gif);}"
          text run at (429,0) width 1: " "
          text run at (0,13) width 235: ".two {list-style-image: none;}"
          text run at (234,13) width 1: " "
          text run at (0,26) width 0: " "
      RenderBlock {HR} at (0,84) size 784x2 [border: (1px inset #EEEEEE)]
      RenderBlock {UL} at (0,102) size 784x57
        RenderListItem {LI} at (40,0) size 744x19
          RenderListMarker at (-22,0) size 15x15
          RenderText {#text} at (0,3) size 65x16
            text run at (0,3) width 65: "This list..."
        RenderListItem {LI} at (40,19) size 744x19
          RenderListMarker at (-22,0) size 15x15
          RenderText {#text} at (0,3) size 116x16
            text run at (0,3) width 116: "...should feature..."
        RenderListItem {LI} at (40,38) size 744x19
          RenderListMarker at (-22,0) size 15x15
          RenderText {#text} at (0,3) size 150x16
            text run at (0,3) width 150: "...images for each item."
      RenderBlock {UL} at (0,175) size 784x48
        RenderListItem {LI} at (40,0) size 744x16
          RenderListMarker at (-16,0) size 6x16: bullet
          RenderText {#text} at (0,0) size 65x16
            text run at (0,0) width 65: "This list..."
        RenderListItem {LI} at (40,16) size 744x16
          RenderListMarker at (-16,0) size 6x16: bullet
          RenderText {#text} at (0,0) size 116x16
            text run at (0,0) width 116: "...should feature..."
        RenderListItem {LI} at (40,32) size 744x16
          RenderListMarker at (-16,0) size 6x16: bullet
          RenderText {#text} at (0,0) size 238x16
            text run at (0,0) width 238: "...standard list markers for each item."
      RenderTable {TABLE} at (0,239) size 300x171 [border: (1px outset #808080)]
        RenderTableSection {TBODY} at (1,1) size 298x169
          RenderTableRow {TR} at (0,0) size 298x24
            RenderTableCell {TD} at (0,0) size 298x24 [bgcolor=#C0C0C0] [border: (1px inset #808080)] [r=0 c=0 rs=1 cs=2]
              RenderInline {STRONG} at (0,0) size 163x16
                RenderText {#text} at (4,4) size 163x16
                  text run at (4,4) width 163: "TABLE Testing Section"
          RenderTableRow {TR} at (0,24) size 298x145
            RenderTableCell {TD} at (0,84) size 12x24 [bgcolor=#C0C0C0] [border: (1px inset #808080)] [r=1 c=0 rs=1 cs=1]
              RenderText {#text} at (4,4) size 4x16
                text run at (4,4) width 4: " "
            RenderTableCell {TD} at (12,24) size 286x145 [border: (1px inset #808080)] [r=1 c=1 rs=1 cs=1]
              RenderBlock {UL} at (4,4) size 278x57
                RenderListItem {LI} at (40,0) size 238x19
                  RenderListMarker at (-22,0) size 15x15
                  RenderText {#text} at (0,3) size 65x16
                    text run at (0,3) width 65: "This list..."
                RenderListItem {LI} at (40,19) size 238x19
                  RenderListMarker at (-22,0) size 15x15
                  RenderText {#text} at (0,3) size 116x16
                    text run at (0,3) width 116: "...should feature..."
                RenderListItem {LI} at (40,38) size 238x19
                  RenderListMarker at (-22,0) size 15x15
                  RenderText {#text} at (0,3) size 150x16
                    text run at (0,3) width 150: "...images for each item."
              RenderBlock {UL} at (4,77) size 278x48
                RenderListItem {LI} at (40,0) size 238x16
                  RenderListMarker at (-16,0) size 6x16: bullet
                  RenderText {#text} at (0,0) size 65x16
                    text run at (0,0) width 65: "This list..."
                RenderListItem {LI} at (40,16) size 238x16
                  RenderListMarker at (-16,0) size 6x16: bullet
                  RenderText {#text} at (0,0) size 116x16
                    text run at (0,0) width 116: "...should feature..."
                RenderListItem {LI} at (40,32) size 238x16
                  RenderListMarker at (-16,0) size 6x16: bullet
                  RenderText {#text} at (0,0) size 238x16
                    text run at (0,0) width 238: "...standard list markers for each item."
