layer at (0,0) size 800x600
  RenderView at (0,0) size 800x600
layer at (0,0) size 800x600
  RenderBlock {HTML} at (0,0) size 800x600
    RenderBody {BODY} at (8,8) size 784x584 [bgcolor=#CCCCCC]
      RenderBlock {P} at (0,0) size 784x16
        RenderText {#text} at (0,0) size 363x16
          text run at (0,0) width 363: "The style declarations which apply to the text below are:"
      RenderBlock {PRE} at (0,32) size 784x26
        RenderText {#text} at (0,0) size 484x26
          text run at (0,0) width 297: ".one {list-style: upper-alpha inside;}"
          text run at (296,0) width 1: " "
          text run at (0,13) width 484: ".two {list-style: url(../resources/oransqr.gif) disc outside;}"
          text run at (483,13) width 1: " "
      RenderBlock {HR} at (0,71) size 784x2 [border: (1px inset #EEEEEE)]
      RenderBlock {UL} at (0,89) size 784x32
        RenderListItem {LI} at (40,0) size 744x32
          RenderListMarker at (0,0) size 19.55x16: "A"
          RenderText {#text} at (19,0) size 695x32
            text run at (19,0) width 676: "The text in this item should not behave as expected; that is, it should line up with the capital-A on the left"
            text run at (0,16) width 345: "margin, leaving no blank space beneath the capital-A."
      RenderBlock {UL} at (0,137) size 784x35
        RenderListItem {LI} at (40,0) size 744x35
          RenderListMarker at (-22,0) size 15x15
          RenderText {#text} at (0,3) size 727x32
            text run at (0,3) width 489: "The text in this item have an orange square for its bullet; failing that, a disc. "
            text run at (488,3) width 239: "Also, the bullet should be outside the"
            text run at (0,19) width 290: "text block, as the list has been set to 'outside'."
      RenderTable {TABLE} at (0,188) size 784x133 [border: (1px outset #808080)]
        RenderTableSection {TBODY} at (1,1) size 782x131
          RenderTableRow {TR} at (0,0) size 782x24
            RenderTableCell {TD} at (0,0) size 782x24 [bgcolor=#C0C0C0] [border: (1px inset #808080)] [r=0 c=0 rs=1 cs=2]
              RenderInline {STRONG} at (0,0) size 163x16
                RenderText {#text} at (4,4) size 163x16
                  text run at (4,4) width 163: "TABLE Testing Section"
          RenderTableRow {TR} at (0,24) size 782x107
            RenderTableCell {TD} at (0,65) size 12x24 [bgcolor=#C0C0C0] [border: (1px inset #808080)] [r=1 c=0 rs=1 cs=1]
              RenderText {#text} at (4,4) size 4x16
                text run at (4,4) width 4: " "
            RenderTableCell {TD} at (12,24) size 770x107 [border: (1px inset #808080)] [r=1 c=1 rs=1 cs=1]
              RenderBlock {UL} at (4,4) size 762x32
                RenderListItem {LI} at (40,0) size 722x32
                  RenderListMarker at (0,0) size 19.55x16: "A"
                  RenderText {#text} at (19,0) size 695x32
                    text run at (19,0) width 676: "The text in this item should not behave as expected; that is, it should line up with the capital-A on the left"
                    text run at (0,16) width 345: "margin, leaving no blank space beneath the capital-A."
              RenderBlock {UL} at (4,52) size 762x35
                RenderListItem {LI} at (40,0) size 722x35
                  RenderListMarker at (-22,0) size 15x15
                  RenderText {#text} at (0,3) size 703x32
                    text run at (0,3) width 489: "The text in this item have an orange square for its bullet; failing that, a disc. "
                    text run at (488,3) width 215: "Also, the bullet should be outside"
                    text run at (0,19) width 314: "the text block, as the list has been set to 'outside'."
