layer at (0,0) size 800x600
  RenderView at (0,0) size 800x600
layer at (0,0) size 800x600
  RenderBlock {HTML} at (0,0) size 800x600
    RenderBody {BODY} at (8,8) size 784x584 [bgcolor=#CCCCCC]
      RenderBlock {P} at (0,0) size 784x16
        RenderText {#text} at (0,0) size 363x16
          text run at (0,0) width 363: "The style declarations which apply to the text below are:"
      RenderBlock {PRE} at (0,32) size 784x39
        RenderText {#text} at (0,0) size 281x39
          text run at (0,0) width 281: ".one {list-style-position: outside;}"
          text run at (280,0) width 1: " "
          text run at (0,13) width 274: ".two {list-style-position: inside;}"
          text run at (273,13) width 1: " "
          text run at (0,26) width 0: " "
      RenderBlock {HR} at (0,84) size 784x2 [border: (1px inset #EEEEEE)]
      RenderBlock {UL} at (0,102) size 784x32
        RenderListItem {LI} at (40,0) size 744x32
          RenderListMarker at (-16,0) size 6x16: bullet
          RenderText {#text} at (0,0) size 743x32
            text run at (0,0) width 743: "The text in this item should behave as expected; that is, it should line up with itself on the left margin, leaving blank"
            text run at (0,16) width 158: "space beneath the bullet."
      RenderBlock {UL} at (0,150) size 784x32
        RenderListItem {LI} at (40,0) size 744x32
          RenderListMarker at (-1,0) size 6x16: bullet
          RenderText {#text} at (12,0) size 717x32
            text run at (12,0) width 705: "The text in this item should not behave as expected; that is, it should line up with the bullet on the left margin,"
            text run at (0,16) width 268: "leaving no blank space beneath the bullet."
      RenderTable {TABLE} at (0,198) size 784x130 [border: (1px outset #808080)]
        RenderTableSection {TBODY} at (1,1) size 782x128
          RenderTableRow {TR} at (0,0) size 782x24
            RenderTableCell {TD} at (0,0) size 782x24 [bgcolor=#C0C0C0] [border: (1px inset #808080)] [r=0 c=0 rs=1 cs=2]
              RenderInline {STRONG} at (0,0) size 163x16
                RenderText {#text} at (4,4) size 163x16
                  text run at (4,4) width 163: "TABLE Testing Section"
          RenderTableRow {TR} at (0,24) size 782x104
            RenderTableCell {TD} at (0,64) size 12x24 [bgcolor=#C0C0C0] [border: (1px inset #808080)] [r=1 c=0 rs=1 cs=1]
              RenderText {#text} at (4,4) size 4x16
                text run at (4,4) width 4: " "
            RenderTableCell {TD} at (12,24) size 770x104 [border: (1px inset #808080)] [r=1 c=1 rs=1 cs=1]
              RenderBlock {UL} at (4,4) size 762x32
                RenderListItem {LI} at (40,0) size 722x32
                  RenderListMarker at (-16,0) size 6x16: bullet
                  RenderText {#text} at (0,0) size 704x32
                    text run at (0,0) width 704: "The text in this item should behave as expected; that is, it should line up with itself on the left margin, leaving"
                    text run at (0,16) width 197: "blank space beneath the bullet."
              RenderBlock {UL} at (4,52) size 762x32
                RenderListItem {LI} at (40,0) size 722x32
                  RenderListMarker at (-1,0) size 6x16: bullet
                  RenderText {#text} at (12,0) size 717x32
                    text run at (12,0) width 705: "The text in this item should not behave as expected; that is, it should line up with the bullet on the left margin,"
                    text run at (0,16) width 268: "leaving no blank space beneath the bullet."
