layer at (0,0) size 785x1395
  RenderView at (0,0) size 785x600
layer at (0,0) size 785x1395
  RenderBlock {HTML} at (0,0) size 785x1395
    RenderBody {BODY} at (8,8) size 769x1379 [bgcolor=#CCCCCC]
      RenderBlock {P} at (0,0) size 769x16
        RenderText {#text} at (0,0) size 363x16
          text run at (0,0) width 363: "The style declarations which apply to the text below are:"
      RenderBlock {PRE} at (0,32) size 769x130
        RenderText {#text} at (0,0) size 297x130
          text run at (0,0) width 227: ".one {list-style-type: disc;}"
          text run at (226,0) width 1: " "
          text run at (0,13) width 242: ".two {list-style-type: circle;}"
          text run at (241,13) width 1: " "
          text run at (0,26) width 258: ".three {list-style-type: square;}"
          text run at (257,26) width 1: " "
          text run at (0,39) width 289: ".four {list-style-type: lower-roman;}"
          text run at (288,39) width 1: " "
          text run at (0,52) width 289: ".five {list-style-type: upper-roman;}"
          text run at (288,52) width 1: " "
          text run at (0,65) width 281: ".six {list-style-type: lower-alpha;}"
          text run at (280,65) width 1: " "
          text run at (0,78) width 297: ".seven {list-style-type: upper-alpha;}"
          text run at (296,78) width 1: " "
          text run at (0,91) width 266: ".eight {list-style-type: decimal;}"
          text run at (265,91) width 1: " "
          text run at (0,104) width 235: ".nine {list-style-type: none;}"
          text run at (234,104) width 1: " "
          text run at (0,117) width 0: " "
      RenderBlock {HR} at (0,175) size 769x2 [border: (1px inset #EEEEEE)]
      RenderBlock {UL} at (0,193) size 769x48
        RenderListItem {LI} at (40,0) size 729x16
          RenderListMarker at (-16,0) size 6x16: bullet
          RenderText {#text} at (0,0) size 65x16
            text run at (0,0) width 65: "This list..."
        RenderListItem {LI} at (40,16) size 729x16
          RenderListMarker at (-16,0) size 6x16: bullet
          RenderText {#text} at (0,0) size 116x16
            text run at (0,0) width 116: "...should feature..."
        RenderListItem {LI} at (40,32) size 729x16
          RenderListMarker at (-16,0) size 6x16: bullet
          RenderText {#text} at (0,0) size 137x16
            text run at (0,0) width 137: "...discs for each item."
      RenderBlock {UL} at (0,257) size 769x48
        RenderListItem {LI} at (40,0) size 729x16
          RenderListMarker at (-16,0) size 6x16: white bullet
          RenderText {#text} at (0,0) size 65x16
            text run at (0,0) width 65: "This list..."
        RenderListItem {LI} at (40,16) size 729x16
          RenderListMarker at (-16,0) size 6x16: white bullet
          RenderText {#text} at (0,0) size 116x16
            text run at (0,0) width 116: "...should feature..."
        RenderListItem {LI} at (40,32) size 729x16
          RenderListMarker at (-16,0) size 6x16: white bullet
          RenderText {#text} at (0,0) size 147x16
            text run at (0,0) width 147: "...circles for each item."
      RenderBlock {UL} at (0,321) size 769x48
        RenderListItem {LI} at (40,0) size 729x16
          RenderListMarker at (-16,0) size 6x16: black square
          RenderText {#text} at (0,0) size 65x16
            text run at (0,0) width 65: "This list..."
        RenderListItem {LI} at (40,16) size 729x16
          RenderListMarker at (-16,0) size 6x16: black square
          RenderText {#text} at (0,0) size 116x16
            text run at (0,0) width 116: "...should feature..."
        RenderListItem {LI} at (40,32) size 729x16
          RenderListMarker at (-16,0) size 6x16: black square
          RenderText {#text} at (0,0) size 153x16
            text run at (0,0) width 153: "...squares for each item."
      RenderBlock {OL} at (0,385) size 769x48
        RenderListItem {LI} at (40,0) size 729x16
          RenderListMarker at (-16.44,0) size 12.44x16: "i"
          RenderText {#text} at (0,0) size 65x16
            text run at (0,0) width 65: "This list..."
        RenderListItem {LI} at (40,16) size 729x16
          RenderListMarker at (-20.89,0) size 16.89x16: "ii"
          RenderText {#text} at (0,0) size 116x16
            text run at (0,0) width 116: "...should feature..."
        RenderListItem {LI} at (40,32) size 729x16
          RenderListMarker at (-25.33,0) size 21.33x16: "iii"
          RenderText {#text} at (0,0) size 282x16
            text run at (0,0) width 282: "...lowercase Roman numerals for each item."
      RenderBlock {OL} at (0,449) size 769x48
        RenderListItem {LI} at (40,0) size 729x16
          RenderListMarker at (-17.33,0) size 13.33x16: "I"
          RenderText {#text} at (0,0) size 65x16
            text run at (0,0) width 65: "This list..."
        RenderListItem {LI} at (40,16) size 729x16
          RenderListMarker at (-22.66,0) size 18.66x16: "II"
          RenderText {#text} at (0,0) size 116x16
            text run at (0,0) width 116: "...should feature..."
        RenderListItem {LI} at (40,32) size 729x16
          RenderListMarker at (-27.98,0) size 23.98x16: "III"
          RenderText {#text} at (0,0) size 282x16
            text run at (0,0) width 282: "...uppercase Roman numerals for each item."
      RenderBlock {OL} at (0,513) size 769x48
        RenderListItem {LI} at (40,0) size 729x16
          RenderListMarker at (-19.09,0) size 15.09x16: "a"
          RenderText {#text} at (0,0) size 65x16
            text run at (0,0) width 65: "This list..."
        RenderListItem {LI} at (40,16) size 729x16
          RenderListMarker at (-20,0) size 16x16: "b"
          RenderText {#text} at (0,0) size 116x16
            text run at (0,0) width 116: "...should feature..."
        RenderListItem {LI} at (40,32) size 729x16
          RenderListMarker at (-19.09,0) size 15.09x16: "c"
          RenderText {#text} at (0,0) size 212x16
            text run at (0,0) width 212: "...lowercase letters for each item."
      RenderBlock {OL} at (0,577) size 769x48
        RenderListItem {LI} at (40,0) size 729x16
          RenderListMarker at (-23.55,0) size 19.55x16: "A"
          RenderText {#text} at (0,0) size 65x16
            text run at (0,0) width 65: "This list..."
        RenderListItem {LI} at (40,16) size 729x16
          RenderListMarker at (-22.67,0) size 18.67x16: "B"
          RenderText {#text} at (0,0) size 116x16
            text run at (0,0) width 116: "...should feature..."
        RenderListItem {LI} at (40,32) size 729x16
          RenderListMarker at (-22.67,0) size 18.67x16: "C"
          RenderText {#text} at (0,0) size 212x16
            text run at (0,0) width 212: "...uppercase letters for each item."
      RenderBlock {OL} at (0,641) size 769x48
        RenderListItem {LI} at (40,0) size 729x16
          RenderListMarker at (-23.55,0) size 19.55x16: "A"
          RenderText {#text} at (0,0) size 160x16
            text run at (0,0) width 160: "This list should feature..."
        RenderListItem {LI} at (40,16) size 729x16
          RenderListMarker at (-22.67,0) size 18.67x16: "B"
          RenderText {#text} at (0,0) size 152x16
            text run at (0,0) width 152: "...letters for each item..."
        RenderListItem {LI} at (40,32) size 729x16
          RenderListMarker at (-20,0) size 16x16: "3"
          RenderText {#text} at (0,0) size 112x16
            text run at (0,0) width 112: "...except this one."
      RenderBlock {UL} at (0,705) size 769x48
        RenderListItem {LI} at (40,0) size 729x16
          RenderText {#text} at (0,0) size 65x16
            text run at (0,0) width 65: "This list..."
        RenderListItem {LI} at (40,16) size 729x16
          RenderText {#text} at (0,0) size 116x16
            text run at (0,0) width 116: "...should feature..."
        RenderListItem {LI} at (40,32) size 729x16
          RenderText {#text} at (0,0) size 154x16
            text run at (0,0) width 154: "...nothing for each item."
      RenderTable {TABLE} at (0,769) size 344x610 [border: (1px outset #808080)]
        RenderTableSection {TBODY} at (1,1) size 342x608
          RenderTableRow {TR} at (0,0) size 342x24
            RenderTableCell {TD} at (0,0) size 342x24 [bgcolor=#C0C0C0] [border: (1px inset #808080)] [r=0 c=0 rs=1 cs=2]
              RenderInline {STRONG} at (0,0) size 163x16
                RenderText {#text} at (4,4) size 163x16
                  text run at (4,4) width 163: "TABLE Testing Section"
          RenderTableRow {TR} at (0,24) size 342x584
            RenderTableCell {TD} at (0,304) size 12x24 [bgcolor=#C0C0C0] [border: (1px inset #808080)] [r=1 c=0 rs=1 cs=1]
              RenderText {#text} at (4,4) size 4x16
                text run at (4,4) width 4: " "
            RenderTableCell {TD} at (12,24) size 330x584 [border: (1px inset #808080)] [r=1 c=1 rs=1 cs=1]
              RenderBlock {UL} at (4,4) size 322x48
                RenderListItem {LI} at (40,0) size 282x16
                  RenderListMarker at (-16,0) size 6x16: bullet
                  RenderText {#text} at (0,0) size 65x16
                    text run at (0,0) width 65: "This list..."
                RenderListItem {LI} at (40,16) size 282x16
                  RenderListMarker at (-16,0) size 6x16: bullet
                  RenderText {#text} at (0,0) size 116x16
                    text run at (0,0) width 116: "...should feature..."
                RenderListItem {LI} at (40,32) size 282x16
                  RenderListMarker at (-16,0) size 6x16: bullet
                  RenderText {#text} at (0,0) size 137x16
                    text run at (0,0) width 137: "...discs for each item."
              RenderBlock {UL} at (4,68) size 322x48
                RenderListItem {LI} at (40,0) size 282x16
                  RenderListMarker at (-16,0) size 6x16: white bullet
                  RenderText {#text} at (0,0) size 65x16
                    text run at (0,0) width 65: "This list..."
                RenderListItem {LI} at (40,16) size 282x16
                  RenderListMarker at (-16,0) size 6x16: white bullet
                  RenderText {#text} at (0,0) size 116x16
                    text run at (0,0) width 116: "...should feature..."
                RenderListItem {LI} at (40,32) size 282x16
                  RenderListMarker at (-16,0) size 6x16: white bullet
                  RenderText {#text} at (0,0) size 147x16
                    text run at (0,0) width 147: "...circles for each item."
              RenderBlock {UL} at (4,132) size 322x48
                RenderListItem {LI} at (40,0) size 282x16
                  RenderListMarker at (-16,0) size 6x16: black square
                  RenderText {#text} at (0,0) size 65x16
                    text run at (0,0) width 65: "This list..."
                RenderListItem {LI} at (40,16) size 282x16
                  RenderListMarker at (-16,0) size 6x16: black square
                  RenderText {#text} at (0,0) size 116x16
                    text run at (0,0) width 116: "...should feature..."
                RenderListItem {LI} at (40,32) size 282x16
                  RenderListMarker at (-16,0) size 6x16: black square
                  RenderText {#text} at (0,0) size 153x16
                    text run at (0,0) width 153: "...squares for each item."
              RenderBlock {OL} at (4,196) size 322x48
                RenderListItem {LI} at (40,0) size 282x16
                  RenderListMarker at (-16.44,0) size 12.44x16: "i"
                  RenderText {#text} at (0,0) size 65x16
                    text run at (0,0) width 65: "This list..."
                RenderListItem {LI} at (40,16) size 282x16
                  RenderListMarker at (-20.89,0) size 16.89x16: "ii"
                  RenderText {#text} at (0,0) size 116x16
                    text run at (0,0) width 116: "...should feature..."
                RenderListItem {LI} at (40,32) size 282x16
                  RenderListMarker at (-25.33,0) size 21.33x16: "iii"
                  RenderText {#text} at (0,0) size 282x16
                    text run at (0,0) width 282: "...lowercase Roman numerals for each item."
              RenderBlock {OL} at (4,260) size 322x48
                RenderListItem {LI} at (40,0) size 282x16
                  RenderListMarker at (-17.33,0) size 13.33x16: "I"
                  RenderText {#text} at (0,0) size 65x16
                    text run at (0,0) width 65: "This list..."
                RenderListItem {LI} at (40,16) size 282x16
                  RenderListMarker at (-22.66,0) size 18.66x16: "II"
                  RenderText {#text} at (0,0) size 116x16
                    text run at (0,0) width 116: "...should feature..."
                RenderListItem {LI} at (40,32) size 282x16
                  RenderListMarker at (-27.98,0) size 23.98x16: "III"
                  RenderText {#text} at (0,0) size 282x16
                    text run at (0,0) width 282: "...uppercase Roman numerals for each item."
              RenderBlock {OL} at (4,324) size 322x48
                RenderListItem {LI} at (40,0) size 282x16
                  RenderListMarker at (-19.09,0) size 15.09x16: "a"
                  RenderText {#text} at (0,0) size 65x16
                    text run at (0,0) width 65: "This list..."
                RenderListItem {LI} at (40,16) size 282x16
                  RenderListMarker at (-20,0) size 16x16: "b"
                  RenderText {#text} at (0,0) size 116x16
                    text run at (0,0) width 116: "...should feature..."
                RenderListItem {LI} at (40,32) size 282x16
                  RenderListMarker at (-19.09,0) size 15.09x16: "c"
                  RenderText {#text} at (0,0) size 212x16
                    text run at (0,0) width 212: "...lowercase letters for each item."
              RenderBlock {OL} at (4,388) size 322x48
                RenderListItem {LI} at (40,0) size 282x16
                  RenderListMarker at (-23.55,0) size 19.55x16: "A"
                  RenderText {#text} at (0,0) size 65x16
                    text run at (0,0) width 65: "This list..."
                RenderListItem {LI} at (40,16) size 282x16
                  RenderListMarker at (-22.67,0) size 18.67x16: "B"
                  RenderText {#text} at (0,0) size 116x16
                    text run at (0,0) width 116: "...should feature..."
                RenderListItem {LI} at (40,32) size 282x16
                  RenderListMarker at (-22.67,0) size 18.67x16: "C"
                  RenderText {#text} at (0,0) size 212x16
                    text run at (0,0) width 212: "...uppercase letters for each item."
              RenderBlock {OL} at (4,452) size 322x48
                RenderListItem {LI} at (40,0) size 282x16
                  RenderListMarker at (-23.55,0) size 19.55x16: "A"
                  RenderText {#text} at (0,0) size 160x16
                    text run at (0,0) width 160: "This list should feature..."
                RenderListItem {LI} at (40,16) size 282x16
                  RenderListMarker at (-22.67,0) size 18.67x16: "B"
                  RenderText {#text} at (0,0) size 152x16
                    text run at (0,0) width 152: "...letters for each item..."
                RenderListItem {LI} at (40,32) size 282x16
                  RenderListMarker at (-20,0) size 16x16: "3"
                  RenderText {#text} at (0,0) size 112x16
                    text run at (0,0) width 112: "...except this one."
              RenderBlock {UL} at (4,516) size 322x48
                RenderListItem {LI} at (40,0) size 282x16
                  RenderText {#text} at (0,0) size 65x16
                    text run at (0,0) width 65: "This list..."
                RenderListItem {LI} at (40,16) size 282x16
                  RenderText {#text} at (0,0) size 116x16
                    text run at (0,0) width 116: "...should feature..."
                RenderListItem {LI} at (40,32) size 282x16
                  RenderText {#text} at (0,0) size 154x16
                    text run at (0,0) width 154: "...nothing for each item."
