layer at (0,0) size 936x600
  RenderView at (0,0) size 800x600
layer at (0,0) size 800x600
  RenderBlock {HTML} at (0,0) size 800x600
    RenderBody {BODY} at (8,8) size 784x584 [bgcolor=#CCCCCC]
      RenderBlock {P} at (0,0) size 784x16
        RenderText {#text} at (0,0) size 363x16
          text run at (0,0) width 363: "The style declarations which apply to the text below are:"
      RenderBlock {PRE} at (0,32) size 784x52
        RenderText {#text} at (0,0) size 227x52
          text run at (0,0) width 188: ".one {white-space: pre;}"
          text run at (187,0) width 1: " "
          text run at (0,13) width 211: ".two {white-space: nowrap;}"
          text run at (210,13) width 1: " "
          text run at (0,26) width 227: ".three {white-space: normal;}"
          text run at (226,26) width 1: " "
          text run at (0,39) width 0: " "
      RenderBlock {HR} at (0,97) size 784x2 [border: (1px inset #EEEEEE)]
      RenderBlock {P} at (0,115) size 784x80
        RenderText {#text} at (0,0) size 577x80
          text run at (0,0) width 0: " "
          text run at (0,16) width 577: "This sentence should     show extra space  where there    would ordinarily         not be any."
          text run at (576,16) width 1: " "
          text run at (0,32) width 302: "     There should also be preservation of returns"
          text run at (301,32) width 1: " "
          text run at (0,48) width 100: "as this sentence"
          text run at (99,48) width 1: " "
          text run at (0,64) width 189: "     very clearly demonstrates."
          text run at (188,64) width 1: " "
      RenderBlock {P} at (0,211) size 784x16
        RenderText {#text} at (0,0) size 906x16
          text run at (0,0) width 906: "This sentence should not word-wrap, no matter how long the sentence is, as it has been set to nowrap and that should have the obvious effect."
      RenderBlock {P} at (0,243) size 784x32
        RenderText {#text} at (0,0) size 300x32
          text run at (0,0) width 0: " "
          text run at (0,16) width 300: "This sentence      should     show extra   space, "
        RenderInline {SPAN} at (0,0) size 160x16
          RenderText {#text} at (299,16) size 160x16
            text run at (299,16) width 87: "except in the "
            text run at (385,16) width 74: "second half"
        RenderText {#text} at (458,16) size 5x16
          text run at (458,16) width 5: "."
          text run at (462,16) width 1: " "
      RenderTable {TABLE} at (0,291) size 928x194 [border: (1px outset #808080)]
        RenderTableSection {TBODY} at (1,1) size 926x192
          RenderTableRow {TR} at (0,0) size 926x24
            RenderTableCell {TD} at (0,0) size 926x24 [bgcolor=#C0C0C0] [border: (1px inset #808080)] [r=0 c=0 rs=1 cs=2]
              RenderInline {STRONG} at (0,0) size 163x16
                RenderText {#text} at (4,4) size 163x16
                  text run at (4,4) width 163: "TABLE Testing Section"
          RenderTableRow {TR} at (0,24) size 926x168
            RenderTableCell {TD} at (0,96) size 12x24 [bgcolor=#C0C0C0] [border: (1px inset #808080)] [r=1 c=0 rs=1 cs=1]
              RenderText {#text} at (4,4) size 4x16
                text run at (4,4) width 4: " "
            RenderTableCell {TD} at (12,24) size 914x168 [border: (1px inset #808080)] [r=1 c=1 rs=1 cs=1]
              RenderBlock {P} at (4,4) size 906x80
                RenderText {#text} at (0,0) size 577x80
                  text run at (0,0) width 0: " "
                  text run at (0,16) width 577: "This sentence should     show extra space  where there    would ordinarily         not be any."
                  text run at (576,16) width 1: " "
                  text run at (0,32) width 302: "     There should also be preservation of returns"
                  text run at (301,32) width 1: " "
                  text run at (0,48) width 100: "as this sentence"
                  text run at (99,48) width 1: " "
                  text run at (0,64) width 189: "     very clearly demonstrates."
                  text run at (188,64) width 1: " "
              RenderBlock {P} at (4,100) size 906x16
                RenderText {#text} at (0,0) size 906x16
                  text run at (0,0) width 906: "This sentence should not word-wrap, no matter how long the sentence is, as it has been set to nowrap and that should have the obvious effect."
              RenderBlock {P} at (4,132) size 906x32
                RenderText {#text} at (0,0) size 300x32
                  text run at (0,0) width 0: " "
                  text run at (0,16) width 300: "This sentence      should     show extra   space, "
                RenderInline {SPAN} at (0,0) size 160x16
                  RenderText {#text} at (299,16) size 160x16
                    text run at (299,16) width 87: "except in the "
                    text run at (385,16) width 74: "second half"
                RenderText {#text} at (458,16) size 5x16
                  text run at (458,16) width 5: "."
                  text run at (462,16) width 1: " "
