layer at (0,0) size 800x600
  RenderView at (0,0) size 800x600
layer at (0,0) size 800x84
  RenderBlock {HTML} at (0,0) size 800x84
    RenderBody {BODY} at (8,8) size 784x68
      RenderBlock (anonymous) at (0,0) size 784x18
        RenderText {#text} at (0,0) size 134x17
          text run at (0,0) width 134: "PASS if not crashed."
layer at (8,26) size 50x50 clip at (8,26) size 34x34 scrollWidth 200 scrollHeight 200
  RenderBlock {DIV} at (0,18) size 50x50
    RenderBlock {DIV} at (0,0) size 200x200
