layer at (0,0) size 785x1520
  RenderView at (0,0) size 785x600
layer at (0,0) size 785x600
  RenderBlock {HTML} at (0,0) size 785x600
    RenderBody {BODY} at (8,8) size 769x584
layer at (8,8) size 202x1512
  RenderBlock (positioned) {DIV} at (8,8) size 202.02x1512
    RenderBlock {P} at (0,72) size 202.02x72
      RenderInline {A} at (0,0) size 167x72 [color=#0000EE]
        RenderText {#text} at (0,0) size 167x72
          text run at (0,0) width 167: "link 1"
    RenderBlock {P} at (0,216) size 202.02x72
      RenderInline {A} at (0,0) size 167x72 [color=#0000EE]
        RenderText {#text} at (0,0) size 167x72
          text run at (0,0) width 167: "link 2"
    RenderBlock {P} at (0,360) size 202.02x72
      RenderInline {A} at (0,0) size 167x72 [color=#0000EE]
        RenderText {#text} at (0,0) size 167x72
          text run at (0,0) width 167: "link 3"
    RenderBlock {P} at (0,504) size 202.02x72
      RenderInline {A} at (0,0) size 167x72 [color=#0000EE]
        RenderText {#text} at (0,0) size 167x72
          text run at (0,0) width 167: "link 4"
    RenderBlock {P} at (0,648) size 202.02x72
      RenderInline {A} at (0,0) size 167x72 [color=#0000EE]
        RenderText {#text} at (0,0) size 167x72
          text run at (0,0) width 167: "link 5"
    RenderBlock {P} at (0,792) size 202.02x72
      RenderInline {A} at (0,0) size 167x72 [color=#0000EE]
        RenderText {#text} at (0,0) size 167x72
          text run at (0,0) width 167: "link 6"
    RenderBlock {P} at (0,936) size 202.02x72
      RenderInline {A} at (0,0) size 167x72 [color=#0000EE]
        RenderText {#text} at (0,0) size 167x72
          text run at (0,0) width 167: "link 7"
    RenderBlock {P} at (0,1080) size 202.02x72
      RenderInline {A} at (0,0) size 167x72 [color=#0000EE]
        RenderText {#text} at (0,0) size 167x72
          text run at (0,0) width 167: "link 8"
    RenderBlock {P} at (0,1224) size 202.02x72
      RenderInline {A} at (0,0) size 167x72 [color=#0000EE]
        RenderText {#text} at (0,0) size 167x72
          text run at (0,0) width 167: "link 9"
    RenderBlock {P} at (0,1368) size 202.02x72
      RenderInline {A} at (0,0) size 203x72 [color=#0000EE]
        RenderText {#text} at (0,0) size 203x72
          text run at (0,0) width 203: "link 10"
