layer at (0,0) size 820x585
  RenderView at (0,0) size 800x585
layer at (0,0) size 800x330
  RenderBlock {html} at (0,0) size 800x329.86
    RenderBody {body} at (48,8) size 772x313.86
      RenderBlock {h1} at (10,40.72) size 691.83x29
        RenderText {#text} at (0,0) size 315x28
          text run at (0,0) width 315: "scalable CSS background"
      RenderBlock {h4} at (10,69.72) size 752x16
        RenderText {#text} at (0,0) size 128x16
          text run at (0,0) width 128: "WICD Core 1.0 #11"
      RenderBlock {p} at (10,104.86) size 711.83x36
        RenderText {#text} at (10,10) size 514x16
          text run at (10,10) width 514: "This text paragraph, as well as all following, must have a SVG background image."
      RenderBlock {p} at (10,146.61) size 711.83x52
        RenderText {#text} at (10,10) size 619x32
          text run at (10,10) width 619: "This background image (grey color-gradient and rounded corners) must always exactly fit the text"
          text run at (10,26) width 70: "paragraph."
      RenderBlock {p} at (10,204.36) size 711.83x52
        RenderText {#text} at (10,10) size 681x32
          text run at (10,10) width 681: "This test has failed, if you don't see any graphics on the background. (your user agent does not support SVG"
          text run at (10,26) width 144: "as background image)."
      RenderBlock {p} at (10,262.11) size 711.83x36
        RenderInline {a} at (0,0) size 31x16 [color=#000066]
          RenderText {#text} at (10,10) size 31x16
            text run at (10,10) width 31: "Back"
