layer at (0,0) size 785x846
  RenderView at (0,0) size 785x600
layer at (0,0) size 785x846
  RenderBlock {html} at (0,0) size 785x846.11
    RenderBody {body} at (47.09,30.72) size 737.89x807.39
      RenderBlock {div} at (0,0) size 737.89x807.39
        RenderBlock {h1} at (0,0) size 678.86x29
          RenderText {#text} at (0,0) size 379x28
            text run at (0,0) width 379: "rightsizing to percentage width"
        RenderBlock {h4} at (0,29) size 737.89x16
          RenderText {#text} at (0,0) size 141x16
            text run at (0,0) width 141: "WICD Core 1.0 #20-2"
        RenderBlock (anonymous) at (0,64.14) size 737.89x299
          RenderText {#text} at (295,281) size 5x17
            text run at (295,281) width 5: " "
          RenderText {#text} at (447,281) size 5x17
            text run at (447,281) width 5: " "
          RenderText {#text} at (525,281) size 5x17
            text run at (525,281) width 5: " "
          RenderText {#text} at (0,0) size 0x0
        RenderBlock {p} at (0,366.02) size 678.86x64
          RenderText {#text} at (0,0) size 663x32
            text run at (0,0) width 663: "Above there must be four times the same, square SVG child visible, each referenced by an object element"
            text run at (0,16) width 423: "with different widths (40%, 20%, 10%, 5%) and no height defined. "
          RenderBR {br} at (0,0) size 0x0
          RenderBR {br} at (0,32) size 0x16
          RenderText {#text} at (0,48) size 409x16
            text run at (0,48) width 409: "Beyond there is the same, only with PNG images instead of SVG."
        RenderBlock (anonymous) at (0,435.77) size 737.89x299
          RenderImage {object} at (0,0) size 295.16x295 [bgcolor=#FF0000]
          RenderText {#text} at (295,281) size 5x17
            text run at (295,281) width 5: " "
          RenderImage {object} at (299.59,147) size 147.58x148 [bgcolor=#FF0000]
          RenderText {#text} at (447,281) size 5x17
            text run at (447,281) width 5: " "
          RenderImage {object} at (451.63,221) size 73.78x74 [bgcolor=#FF0000]
          RenderText {#text} at (525,281) size 5x17
            text run at (525,281) width 5: " "
          RenderImage {object} at (529.84,258) size 36.89x37 [bgcolor=#FF0000]
          RenderText {#text} at (0,0) size 0x0
        RenderBlock {p} at (0,737.64) size 678.86x32
          RenderText {#text} at (0,0) size 675x32
            text run at (0,0) width 675: "This test has succeeded, if both rows look exactly the same (SVGs must be square!) and no red background"
            text run at (0,16) width 95: "color is visible."
        RenderBlock {p} at (0,775.39) size 678.86x32
          RenderBR {br} at (0,0) size 0x16
          RenderInline {a} at (0,0) size 31x16 [color=#000066]
            RenderText {#text} at (0,16) size 31x16
              text run at (0,16) width 31: "Back"
layer at (47,95) size 295x295
  RenderEmbeddedObject {object} at (0,0) size 295.16x295 [bgcolor=#FF0000]
    layer at (0,0) size 295x295
      RenderView at (0,0) size 295x295
    layer at (0,0) size 295x295
      RenderSVGRoot {svg} at (0,0) size 295x295
        RenderSVGHiddenContainer {defs} at (0,0) size 0x0
        RenderSVGRect {rect} at (0,0) size 295x295 [fill={[type=SOLID] [color=#5588FF]}] [x=-3000.00] [y=-1000.00] [width=6200.00] [height=2200.00]
        RenderSVGEllipse {circle} at (0,0) size 295x295 [fill={[type=SOLID] [color=#0000FF]}] [cx=100.00] [cy=100.00] [r=100.00]
        RenderSVGContainer {g} at (44,107) size 207x104
          RenderSVGText {text} at (29,72) size 142x71 contains 1 chunk(s)
            RenderSVGInlineText {#text} at (0,0) size 141x70
              chunk 1 (middle anchor) text run 1 at (29.98,125.00) startOffset 0 endOffset 3 width 140.03: "SVG"
layer at (347,242) size 147x148
  RenderEmbeddedObject {object} at (299.59,147) size 147.58x148 [bgcolor=#FF0000]
    layer at (0,0) size 148x148
      RenderView at (0,0) size 148x148
    layer at (0,0) size 148x148
      RenderSVGRoot {svg} at (0,0) size 148x148
        RenderSVGHiddenContainer {defs} at (0,0) size 0x0
        RenderSVGRect {rect} at (0,0) size 148x148 [fill={[type=SOLID] [color=#5588FF]}] [x=-3000.00] [y=-1000.00] [width=6200.00] [height=2200.00]
        RenderSVGEllipse {circle} at (0,0) size 148x148 [fill={[type=SOLID] [color=#0000FF]}] [cx=100.00] [cy=100.00] [r=100.00]
        RenderSVGContainer {g} at (22,53) size 104x53
          RenderSVGText {text} at (29,72) size 142x71 contains 1 chunk(s)
            RenderSVGInlineText {#text} at (0,0) size 141x71
              chunk 1 (middle anchor) text run 1 at (29.98,125.00) startOffset 0 endOffset 3 width 140.03: "SVG"
layer at (499,316) size 73x74
  RenderEmbeddedObject {object} at (451.63,221) size 73.78x74 [bgcolor=#FF0000]
    layer at (0,0) size 74x74
      RenderView at (0,0) size 74x74
    layer at (0,0) size 74x74
      RenderSVGRoot {svg} at (0,0) size 74x74
        RenderSVGHiddenContainer {defs} at (0,0) size 0x0
        RenderSVGRect {rect} at (0,0) size 74x74 [fill={[type=SOLID] [color=#5588FF]}] [x=-3000.00] [y=-1000.00] [width=6200.00] [height=2200.00]
        RenderSVGEllipse {circle} at (0,0) size 74x74 [fill={[type=SOLID] [color=#0000FF]}] [cx=100.00] [cy=100.00] [r=100.00]
        RenderSVGContainer {g} at (11,27) size 52x26
          RenderSVGText {text} at (29,73) size 142x69 contains 1 chunk(s)
            RenderSVGInlineText {#text} at (0,0) size 141x68
              chunk 1 (middle anchor) text run 1 at (29.98,125.00) startOffset 0 endOffset 3 width 140.03: "SVG"
layer at (577,353) size 37x37
  RenderEmbeddedObject {object} at (529.84,258) size 36.89x37 [bgcolor=#FF0000]
    layer at (0,0) size 37x37
      RenderView at (0,0) size 37x37
    layer at (0,0) size 37x37
      RenderSVGRoot {svg} at (0,0) size 37x37
        RenderSVGHiddenContainer {defs} at (0,0) size 0x0
        RenderSVGRect {rect} at (0,0) size 37x37 [fill={[type=SOLID] [color=#5588FF]}] [x=-3000.00] [y=-1000.00] [width=6200.00] [height=2200.00]
        RenderSVGEllipse {circle} at (0,0) size 37x37 [fill={[type=SOLID] [color=#0000FF]}] [cx=100.00] [cy=100.00] [r=100.00]
        RenderSVGContainer {g} at (5,13) size 27x14
          RenderSVGText {text} at (29,70) size 142x72 contains 1 chunk(s)
            RenderSVGInlineText {#text} at (0,0) size 141x71
              chunk 1 (middle anchor) text run 1 at (29.98,125.00) startOffset 0 endOffset 3 width 140.03: "SVG"
