layer at (0,0) size 800x600
  RenderView at (0,0) size 800x600
layer at (0,0) size 800x538
  RenderBlock {html} at (0,0) size 800x537.86
    RenderBody {body} at (48,30.72) size 752x499.14
      RenderBlock {div} at (0,0) size 752x499.14
        RenderBlock {h1} at (0,0) size 691.83x29
          RenderText {#text} at (0,0) size 214x28
            text run at (0,0) width 214: "rightsizing to box"
        RenderBlock {h4} at (0,29) size 752x16
          RenderText {#text} at (0,0) size 141x16
            text run at (0,0) width 141: "WICD Core 1.0 #20-1"
        RenderBlock {div} at (0,64.14) size 176x62 [bgcolor=#FF0000]
          RenderImage {object} at (0,0) size 176x62
          RenderText {#text} at (0,0) size 0x0
        RenderBlock (anonymous) at (0,126.14) size 752x18
          RenderBR {br} at (0,0) size 0x17
        RenderBlock {div} at (0,144.14) size 176x62 [bgcolor=#FF0000]
          RenderText {#text} at (0,0) size 0x0
        RenderBlock {p} at (0,209.02) size 691.83x32
          RenderText {#text} at (0,0) size 690x32
            text run at (0,0) width 690: "Above there must be a GIF- and a SVG-image visible. Both are referenced by an object element (width:100%,"
            text run at (0,16) width 520: "no defined height) and each nested into a div element (width:176px, height:62px)."
        RenderBlock {div} at (0,246.77) size 176x62 [bgcolor=#FF0000]
          RenderImage {object} at (0,0) size 176x62
          RenderText {#text} at (0,0) size 0x0
        RenderBlock (anonymous) at (0,308.77) size 752x18
          RenderBR {br} at (0,0) size 0x17
        RenderBlock {div} at (0,326.77) size 176x62 [bgcolor=#FF0000]
          RenderText {#text} at (0,0) size 0x0
        RenderBlock {p} at (0,391.64) size 691.83x32
          RenderText {#text} at (0,0) size 677x32
            text run at (0,0) width 677: "Above there must be a GIF- and a SVG-image visible. Both are referenced by an object element (no defined"
            text run at (0,16) width 533: "width, height:100%) and each nested into a div element (width:176px, height:62px)."
        RenderBlock {p} at (0,429.39) size 691.83x32
          RenderText {#text} at (0,0) size 657x32
            text run at (0,0) width 657: "This tests have succeeded, if in both cases, the look (dimensions) of the SVG and the GIF are exactly the"
            text run at (0,16) width 461: "same (except the text apparently) and no red background color is visible."
        RenderBlock {p} at (0,467.14) size 691.83x32
          RenderBR {br} at (0,0) size 0x16
          RenderInline {a} at (0,0) size 31x16 [color=#000066]
            RenderText {#text} at (0,16) size 31x16
              text run at (0,16) width 31: "Back"
layer at (48,175) size 176x62
  RenderEmbeddedObject {object} at (0,0) size 176x62
    layer at (0,0) size 176x62
      RenderView at (0,0) size 176x62
    layer at (0,0) size 176x62
      RenderSVGRoot {svg} at (0,0) size 176x62
        RenderSVGRect {rect} at (0,0) size 176x62 [fill={[type=SOLID] [color=#CCCCCC]}] [x=0.00] [y=0.00] [width=176.00] [height=62.00]
        RenderSVGRect {rect} at (2,2) size 174x60 [fill={[type=SOLID] [color=#333333]}] [x=2.00] [y=2.00] [width=174.00] [height=60.00]
        RenderSVGRect {rect} at (2,2) size 172x58 [fill={[type=SOLID] [color=#FFFFFF]}] [x=2.00] [y=2.00] [width=172.00] [height=58.00]
        RenderSVGRect {rect} at (86,2) size 88x58 [fill={[type=SOLID] [color=#FFCC33]}] [x=86.00] [y=2.00] [width=88.00] [height=58.00]
        RenderSVGText {text} at (45,16) size 82x40 contains 1 chunk(s)
          RenderSVGInlineText {#text} at (0,0) size 81x40
            chunk 1 (middle anchor) text run 1 at (45.99,46.00) startOffset 0 endOffset 3 width 80.02: "SVG"
layer at (48,357) size 176x62
  RenderEmbeddedObject {object} at (0,0) size 176x62
    layer at (0,0) size 176x62
      RenderView at (0,0) size 176x62
    layer at (0,0) size 176x62
      RenderSVGRoot {svg} at (0,0) size 176x62
        RenderSVGRect {rect} at (0,0) size 176x62 [fill={[type=SOLID] [color=#CCCCCC]}] [x=0.00] [y=0.00] [width=176.00] [height=62.00]
        RenderSVGRect {rect} at (2,2) size 174x60 [fill={[type=SOLID] [color=#333333]}] [x=2.00] [y=2.00] [width=174.00] [height=60.00]
        RenderSVGRect {rect} at (2,2) size 172x58 [fill={[type=SOLID] [color=#FFFFFF]}] [x=2.00] [y=2.00] [width=172.00] [height=58.00]
        RenderSVGRect {rect} at (86,2) size 88x58 [fill={[type=SOLID] [color=#FFCC33]}] [x=86.00] [y=2.00] [width=88.00] [height=58.00]
        RenderSVGText {text} at (45,16) size 82x40 contains 1 chunk(s)
          RenderSVGInlineText {#text} at (0,0) size 81x40
            chunk 1 (middle anchor) text run 1 at (45.99,46.00) startOffset 0 endOffset 3 width 80.02: "SVG"
