layer at (0,0) size 800x600
  RenderView at (0,0) size 800x600
layer at (0,0) size 800x171
  RenderBlock {HTML} at (0,0) size 800x171
    RenderBody {BODY} at (8,16) size 784x147
      RenderBlock {P} at (0,0) size 784x16
        RenderText {#text} at (0,0) size 608x16
          text run at (0,0) width 608: "The select list box should not display items (options and optgroups) with style \"display: none\"."
      RenderBlock (anonymous) at (0,32) size 784x115
        RenderText {#text} at (47,99) size 5x16
          text run at (47,99) width 5: " "
        RenderText {#text} at (114,99) size 4x16
          text run at (114,99) width 4: " "
        RenderText {#text} at (180,99) size 5x16
          text run at (180,99) width 5: " "
        RenderText {#text} at (232,99) size 4x16
          text run at (232,99) width 4: " "
        RenderText {#text} at (283,99) size 5x16
          text run at (283,99) width 5: " "
        RenderText {#text} at (0,0) size 0x0
        RenderText {#text} at (0,0) size 0x0
layer at (8,62) size 48x101 clip at (9,63) size 35x99
  RenderListBox {SELECT} at (0,13.69) size 47.70x101.31 [bgcolor=#FFFFFF] [border: (1px solid #999999)]
    RenderBlock {OPTION} at (1,1) size 34.70x14.19
      RenderText {#text} at (2,0) size 22x13
        text run at (2,0) width 22: "One"
    RenderBlock {OPTION} at (1,15.19) size 34.70x14.19
      RenderText {#text} at (2,0) size 23x13
        text run at (2,0) width 23: "Two"
    RenderBlock {OPTION} at (1,29.38) size 34.70x14.19
      RenderText {#text} at (2,0) size 31x13
        text run at (2,0) width 31: "Three"
    RenderBlock {OPTION} at (1,43.56) size 34.70x14.19
      RenderText {#text} at (2,0) size 21x13
        text run at (2,0) width 21: "Five"
    RenderBlock {OPTION} at (1,57.75) size 34.70x14.19
      RenderText {#text} at (2,0) size 16x13
        text run at (2,0) width 16: "Six"
    RenderBlock {OPTION} at (1,71.94) size 34.70x14.19
      RenderText {#text} at (2,0) size 31x13
        text run at (2,0) width 31: "Seven"
layer at (60,62) size 62x101 clip at (61,63) size 49x99
  RenderListBox {SELECT} at (51.70,13.69) size 62.30x101.31 [bgcolor=#FFFFFF] [border: (1px solid #999999)]
    RenderBlock {OPTION} at (1,1) size 49.30x14.19
      RenderText {#text} at (2,0) size 22x13
        text run at (2,0) width 22: "One"
    RenderBlock {OPTION} at (1,15.19) size 49.30x14.19
      RenderText {#text} at (2,0) size 23x13
        text run at (2,0) width 23: "Two"
    RenderBlock {OPTION} at (1,29.38) size 49.30x14.19
      RenderText {#text} at (2,0) size 31x13
        text run at (2,0) width 31: "Three"
    RenderBlock {OPTGROUP} at (1,43.56) size 49.30x28.38
      RenderBlock {DIV} at (0,0) size 49.30x14.19
        RenderText {#text} at (2,0) size 46x13
          text run at (2,0) width 46: "***45***"
      RenderBlock {OPTION} at (0,14.19) size 49.30x14.19
        RenderText {#text} at (2,0) size 35x13
          text run at (2,0) width 35: "    Five"
    RenderBlock {OPTION} at (1,71.94) size 49.30x14.19
      RenderText {#text} at (2,0) size 31x13
        text run at (2,0) width 31: "Seven"
layer at (126,62) size 62x101 clip at (127,63) size 49x99
  RenderListBox {SELECT} at (118,13.69) size 62.30x101.31 [bgcolor=#FFFFFF] [border: (1px solid #999999)]
    RenderBlock {OPTION} at (1,1) size 49.30x14.19
      RenderText {#text} at (2,0) size 22x13
        text run at (2,0) width 22: "One"
    RenderBlock {OPTION} at (1,15.19) size 49.30x14.19
      RenderText {#text} at (2,0) size 23x13
        text run at (2,0) width 23: "Two"
    RenderBlock {OPTGROUP} at (1,29.38) size 49.30x28.38
      RenderBlock {DIV} at (0,0) size 49.30x14.19
        RenderText {#text} at (2,0) size 46x13
          text run at (2,0) width 46: "***45***"
      RenderBlock {OPTION} at (0,14.19) size 49.30x14.19
        RenderText {#text} at (2,0) size 38x13
          text run at (2,0) width 38: "    Four"
    RenderBlock {OPTION} at (1,57.75) size 49.30x14.19
      RenderText {#text} at (2,0) size 16x13
        text run at (2,0) width 16: "Six"
    RenderBlock {OPTION} at (1,71.94) size 49.30x14.19
      RenderText {#text} at (2,0) size 31x13
        text run at (2,0) width 31: "Seven"
layer at (192,48) size 48x115 clip at (193,49) size 35x113
  RenderListBox {SELECT} at (184.30,-0.50) size 47.70x115.50 [bgcolor=#FFFFFF] [border: (1px solid #999999)]
    RenderBlock {OPTION} at (1,1) size 34.70x14.19
      RenderText {#text} at (2,0) size 22x13
        text run at (2,0) width 22: "One"
    RenderBlock {OPTION} at (1,15.19) size 34.70x14.19
      RenderText {#text} at (2,0) size 23x13
        text run at (2,0) width 23: "Two"
    RenderBlock {OPTION} at (1,29.38) size 34.70x14.19
      RenderText {#text} at (2,0) size 31x13
        text run at (2,0) width 31: "Three"
    RenderBlock {OPTION} at (1,43.56) size 34.70x14.19
      RenderText {#text} at (2,0) size 31x13
        text run at (2,0) width 31: "Seven"
layer at (244,48) size 48x115 clip at (245,49) size 35x113
  RenderListBox {SELECT} at (236,-0.50) size 47.70x115.50 [bgcolor=#FFFFFF] [border: (1px solid #999999)]
    RenderBlock {OPTION} at (1,1) size 34.70x14.19
      RenderText {#text} at (2,0) size 22x13
        text run at (2,0) width 22: "One"
    RenderBlock {OPTION} at (1,15.19) size 34.70x14.19
      RenderText {#text} at (2,0) size 23x13
        text run at (2,0) width 23: "Two"
    RenderBlock {OPTION} at (1,29.38) size 34.70x14.19
      RenderText {#text} at (2,0) size 31x13
        text run at (2,0) width 31: "Three"
    RenderBlock {OPTION} at (1,43.56) size 34.70x14.19
      RenderText {#text} at (2,0) size 31x13
        text run at (2,0) width 31: "Seven"
layer at (296,48) size 59x115 clip at (297,49) size 46x113
  RenderListBox {SELECT} at (287.70,-0.50) size 59.30x115.50 [bgcolor=#FFFFFF] [border: (1px solid #999999)]
    RenderBlock {OPTION} at (1,1) size 46.30x14.19
      RenderText {#text} at (2,0) size 22x13
        text run at (2,0) width 22: "One"
    RenderBlock {OPTION} at (1,15.19) size 46.30x14.19
      RenderText {#text} at (2,0) size 23x13
        text run at (2,0) width 23: "Two"
    RenderBlock {OPTION} at (1,29.38) size 46.30x14.19
      RenderText {#text} at (2,0) size 31x13
        text run at (2,0) width 31: "Three"
    RenderBlock {OPTGROUP} at (1,43.56) size 46.30x56.75
      RenderBlock {DIV} at (0,0) size 46.30x14.19
        RenderText {#text} at (2,0) size 43x13
          text run at (2,0) width 43: "**456**"
      RenderBlock {OPTION} at (0,14.19) size 46.30x14.19
        RenderText {#text} at (2,0) size 38x13
          text run at (2,0) width 38: "    Four"
      RenderBlock {OPTION} at (0,28.38) size 46.30x14.19
        RenderText {#text} at (2,0) size 35x13
          text run at (2,0) width 35: "    Five"
      RenderBlock {OPTION} at (0,42.56) size 46.30x14.19
        RenderText {#text} at (2,0) size 30x13
          text run at (2,0) width 30: "    Six"
    RenderBlock {OPTION} at (1,100.31) size 46.30x14.19
      RenderText {#text} at (2,0) size 31x13
        text run at (2,0) width 31: "Seven"
