layer at (0,0) size 800x600
  RenderView at (0,0) size 800x600
layer at (0,0) size 800x546
  RenderBlock {HTML} at (0,0) size 800x546
    RenderBody {BODY} at (8,8) size 784x530
      RenderText {#text} at (42,50) size 5x16
        text run at (42,50) width 5: " "
      RenderText {#text} at (89,50) size 5x16
        text run at (89,50) width 5: " "
      RenderText {#text} at (0,0) size 0x0
      RenderText {#text} at (135,50) size 5x16
        text run at (135,50) width 5: " "
      RenderText {#text} at (197,50) size 5x16
        text run at (197,50) width 5: " "
      RenderText {#text} at (251,50) size 5x16
        text run at (251,50) width 5: " "
      RenderText {#text} at (304,50) size 5x16
        text run at (304,50) width 5: " "
      RenderText {#text} at (358,50) size 5x16
        text run at (358,50) width 5: " "
      RenderBR {BR} at (362,50) size 1x16
      RenderText {#text} at (46,120) size 5x16
        text run at (46,120) width 5: " "
      RenderText {#text} at (93,120) size 5x16
        text run at (93,120) width 5: " "
      RenderBR {BR} at (97,120) size 1x16
      RenderText {#text} at (42,186) size 5x16
        text run at (42,186) width 5: " "
      RenderBR {BR} at (46,186) size 1x16
      RenderText {#text} at (42,252) size 5x16
        text run at (42,252) width 5: " "
      RenderBR {BR} at (46,252) size 1x16
      RenderText {#text} at (50,381) size 5x16
        text run at (50,381) width 5: " "
      RenderText {#text} at (111,381) size 5x16
        text run at (111,381) width 5: " "
      RenderText {#text} at (178,381) size 5x16
        text run at (178,381) width 5: " "
      RenderBR {BR} at (182,381) size 1x16
      RenderText {#text} at (57,514) size 5x16
        text run at (57,514) width 5: " "
      RenderText {#text} at (135,514) size 5x16
        text run at (135,514) width 5: " "
      RenderBR {BR} at (139,514) size 1x16
layer at (12,11) size 35x59 clip at (13,12) size 22x57 scrollHeight 56
  RenderListBox {SELECT} at (4,3.25) size 34.56x58.75 [bgcolor=#FFFFFF] [border: (1px solid #999999)]
    RenderBlock {OPTION} at (1,1) size 21.56x14.19
      RenderText {#text} at (2,0) size 18x13
        text run at (2,0) width 18: "foo"
layer at (59,11) size 34x59 clip at (60,12) size 21x57 scrollHeight 56
  RenderListBox {SELECT} at (50.56,3.25) size 34.56x58.75 [bgcolor=#FFFFFF] [border: (1px solid #999999)]
    RenderBlock {OPTION} at (1,1) size 21.56x14.19 [color=#FFFFFF] [bgcolor=#3875D7]
      RenderText {#text} at (2,0) size 18x13
        text run at (2,0) width 18: "foo"
    RenderBlock {OPTION} at (1,15.19) size 21.56x14.19
      RenderText {#text} at (2,0) size 18x13
        text run at (2,0) width 18: "bar"
layer at (105,11) size 35x59 clip at (106,12) size 22x57 scrollHeight 56
  RenderListBox {SELECT} at (97.13,3.25) size 34.56x58.75 [bgcolor=#FFFFFF] [border: (1px solid #999999)]
    RenderBlock {OPTION} at (1,1) size 21.56x14.19 [bgcolor=#D4D4D4]
      RenderText {#text} at (2,0) size 18x13
        text run at (2,0) width 18: "foo"
    RenderBlock {OPTION} at (1,15.19) size 21.56x14.19 [color=#808080] [bgcolor=#D4D4D4]
      RenderText {#text} at (2,0) size 18x13
        text run at (2,0) width 18: "bar"
layer at (152,11) size 50x59 clip at (153,12) size 37x57 scrollHeight 56
  RenderListBox {SELECT} at (143.69,3.25) size 50.23x58.75 [color=#7F7F7F] [bgcolor=#FFFFFF] [border: (1px solid #999999)]
    RenderBlock {OPTION} at (1,1) size 37.23x14.19 [color=#808080] [bgcolor=#D4D4D4]
      RenderText {#text} at (2,0) size 18x13
        text run at (2,0) width 18: "foo"
    RenderBlock {OPTION} at (1,15.19) size 37.23x14.19
      RenderText {#text} at (2,0) size 18x13
        text run at (2,0) width 18: "bar"
    RenderBlock {OPTGROUP} at (1,29.38) size 37.23x28.38
      RenderBlock {DIV} at (0,0) size 37.23x14.19
      RenderBlock {OPTION} at (0,14.19) size 37.23x14.19 [color=#808080] [bgcolor=#D4D4D4]
        RenderText {#text} at (2,0) size 34x13
          text run at (2,0) width 34: "    baz"
layer at (214,54) size 41x16 clip at (215,55) size 28x14 scrollHeight 56
  RenderListBox {SELECT} at (205.92,45.81) size 41.52x16.19 [bgcolor=#FFFFFF] [border: (1px solid #999999)]
    RenderBlock {OPTION} at (1,1) size 28.52x14.19
      RenderText {#text} at (2,0) size 25x13
        text run at (2,0) width 25: "foo1"
    RenderBlock {OPTION} at (1,15.19) size 28.52x14.19
      RenderText {#text} at (2,0) size 25x13
        text run at (2,0) width 25: "foo2"
    RenderBlock {OPTION} at (1,29.38) size 28.52x14.19
      RenderText {#text} at (2,0) size 25x13
        text run at (2,0) width 25: "foo3"
    RenderBlock {OPTION} at (1,43.56) size 28.52x14.19
      RenderText {#text} at (2,0) size 25x13
        text run at (2,0) width 25: "foo4"
layer at (267,40) size 42x30 clip at (268,41) size 29x28 scrollHeight 56
  RenderListBox {SELECT} at (259.44,31.63) size 41.52x30.38 [bgcolor=#FFFFFF] [border: (1px solid #999999)]
    RenderBlock {OPTION} at (1,1) size 28.52x14.19
      RenderText {#text} at (2,0) size 25x13
        text run at (2,0) width 25: "foo1"
    RenderBlock {OPTION} at (1,15.19) size 28.52x14.19
      RenderText {#text} at (2,0) size 25x13
        text run at (2,0) width 25: "foo2"
    RenderBlock {OPTION} at (1,29.38) size 28.52x14.19
      RenderText {#text} at (2,0) size 25x13
        text run at (2,0) width 25: "foo3"
    RenderBlock {OPTION} at (1,43.56) size 28.52x14.19
      RenderText {#text} at (2,0) size 25x13
        text run at (2,0) width 25: "foo4"
layer at (321,25) size 41x45 clip at (322,26) size 28x43 scrollHeight 56
  RenderListBox {SELECT} at (312.95,17.44) size 41.52x44.56 [bgcolor=#FFFFFF] [border: (1px solid #999999)]
    RenderBlock {OPTION} at (1,1) size 28.52x14.19
      RenderText {#text} at (2,0) size 25x13
        text run at (2,0) width 25: "foo1"
    RenderBlock {OPTION} at (1,15.19) size 28.52x14.19
      RenderText {#text} at (2,0) size 25x13
        text run at (2,0) width 25: "foo2"
    RenderBlock {OPTION} at (1,29.38) size 28.52x14.19
      RenderText {#text} at (2,0) size 25x13
        text run at (2,0) width 25: "foo3"
    RenderBlock {OPTION} at (1,43.56) size 28.52x14.19
      RenderText {#text} at (2,0) size 25x13
        text run at (2,0) width 25: "foo4"
layer at (12,77) size 39x63 clip at (15,80) size 22x57 scrollHeight 56
  RenderListBox {SELECT} at (4,69.25) size 38.56x62.75 [bgcolor=#FFFFFF] [border: (3px solid #00FF00)]
    RenderBlock {OPTION} at (3,3) size 21.56x14.19
      RenderText {#text} at (2,0) size 18x13
        text run at (2,0) width 18: "foo"
layer at (63,81) size 34x59 clip at (64,82) size 21x57 scrollHeight 56
  RenderListBox {SELECT} at (54.56,73.25) size 34.56x58.75 [bgcolor=#FFFFFF] [border: (1px solid #999999)]
    RenderBlock {OPTION} at (1,1) size 21.56x14.19
      RenderText {#text} at (2,0) size 18x13
        text run at (2,0) width 18: "foo"
layer at (12,147) size 35x59 clip at (13,148) size 22x57 scrollHeight 56
  RenderListBox {SELECT} at (4,139.25) size 34.56x58.75 [border: (1px solid #999999)]
    RenderBlock {OPTION} at (1,1) size 21.56x14.19
      RenderText {#text} at (2,0) size 18x13
        text run at (2,0) width 18: "foo"
layer at (12,213) size 35x59 clip at (13,214) size 22x57 scrollHeight 56
  RenderListBox {SELECT} at (4,205.25) size 34.56x58.75 [bgcolor=#FFFFFF] [border: (1px solid #999999)]
    RenderBlock {OPTION} at (1,1) size 21.56x14.19
      RenderText {#text} at (2,0) size 18x13
        text run at (2,0) width 18: "foo"
layer at (12,318) size 43x83 clip at (13,319) size 30x81 scrollHeight 80
  RenderListBox {SELECT} at (4,310.25) size 42.55x82.75 [bgcolor=#FFFFFF] [border: (1px solid #999999)]
    RenderBlock {OPTION} at (1,1) size 29.55x20.19
      RenderText {#text} at (2,0) size 26x18
        text run at (2,0) width 26: "foo"
layer at (67,299) size 48x102 clip at (68,300) size 35x100
  RenderListBox {SELECT} at (58.55,291) size 48.94x102 [bgcolor=#FFFFFF] [border: (1px solid #999999)]
    RenderBlock {OPTION} at (1,1) size 35.94x25
      RenderText {#text} at (2,0) size 32x23
        text run at (2,0) width 32: "foo"
layer at (127,280) size 56x121 clip at (128,281) size 43x119
  RenderListBox {SELECT} at (119.48,271.81) size 55.31x121.19 [bgcolor=#FFFFFF] [border: (1px solid #999999)]
    RenderBlock {OPTION} at (1,1) size 42.31x29.80
      RenderText {#text} at (2,0) size 39x28
        text run at (2,0) width 39: "foo"
layer at (14,445) size 45x87 clip at (15,446) size 32x85
  RenderListBox {SELECT} at (6,436.81) size 45.34x87.19 [bgcolor=#FFFFFF] [border: (1px solid #999999)]
    RenderBlock {OPTION} at (1,1) size 32.34x21.30
      RenderText {#text} at (3,0) size 27x19
        text run at (3,0) width 27: "foo"
layer at (77,412) size 58x118 clip at (79,414) size 43x114 scrollHeight 113
  RenderListBox {SELECT} at (69.34,404.44) size 58.13x117.56 [bgcolor=#FFFFFF] [border: (2px solid #999999)]
    RenderBlock {OPTION} at (2,2) size 43.13x28.39
      RenderText {#text} at (4,0) size 36x26
        text run at (4,0) width 36: "foo"
