layer at (0,0) size 800x600
  RenderView at (0,0) size 800x600
layer at (0,0) size 800x319
  RenderBlock {HTML} at (0,0) size 800x319
    RenderBody {BODY} at (8,8) size 784x303
      RenderBlock {FORM} at (0,0) size 784x303
        RenderText {#text} at (69,269) size 5x16
          text run at (69,269) width 5: " "
        RenderBR {BR} at (73,269) size 1x16
        RenderMenuList {SELECT} at (0,285) size 76x18 [bgcolor=#F8F8F8]
          RenderBlock (anonymous) at (0,0) size 76x18
            RenderText at (8,2) size 31x13
              text run at (8,2) width 31: "Three"
        RenderText {#text} at (0,0) size 0x0
layer at (8,7) size 69x286 clip at (9,8) size 56x284 scrollHeight 283
  RenderListBox {SELECT} at (0,-0.75) size 69.16x285.75 [bgcolor=#FFFFFF] [border: (1px solid #999999)]
    RenderBlock {OPTGROUP} at (1,1) size 56.16x70.94 [color=#008000]
      RenderBlock {DIV} at (0,0) size 56.16x14.19
        RenderText {#text} at (2,0) size 45x13
          text run at (2,0) width 45: "Enabled"
      RenderBlock {OPTION} at (0,14.19) size 56.16x14.19 [color=#0000FF]
        RenderText {#text} at (2,0) size 36x13
          text run at (2,0) width 36: "    One"
      RenderBlock {OPTION} at (0,28.38) size 56.16x14.19 [color=#0000FF]
        RenderText {#text} at (2,0) size 37x13
          text run at (2,0) width 37: "    Two"
      RenderBlock {OPTION} at (0,42.56) size 56.16x14.19 [color=#0000FF]
        RenderText {#text} at (2,0) size 45x13
          text run at (2,0) width 45: "    Three"
      RenderBlock {OPTION} at (0,56.75) size 56.16x14.19 [color=#0000FF]
        RenderText {#text} at (2,0) size 38x13
          text run at (2,0) width 38: "    Four"
    RenderBlock {OPTGROUP} at (1,71.94) size 56.16x70.94 [color=#FFC0CB]
      RenderBlock {DIV} at (0,0) size 56.16x14.19
        RenderText {#text} at (2,0) size 50x13
          text run at (2,0) width 50: "Disabled"
      RenderBlock {OPTION} at (0,14.19) size 56.16x14.19 [color=#FF0000]
        RenderText {#text} at (2,0) size 36x13
          text run at (2,0) width 36: "    One"
      RenderBlock {OPTION} at (0,28.38) size 56.16x14.19 [color=#FF0000]
        RenderText {#text} at (2,0) size 37x13
          text run at (2,0) width 37: "    Two"
      RenderBlock {OPTION} at (0,42.56) size 56.16x14.19 [color=#FF0000]
        RenderText {#text} at (2,0) size 45x13
          text run at (2,0) width 45: "    Three"
      RenderBlock {OPTION} at (0,56.75) size 56.16x14.19 [color=#FF0000]
        RenderText {#text} at (2,0) size 38x13
          text run at (2,0) width 38: "    Four"
    RenderBlock {OPTGROUP} at (1,142.88) size 56.16x70.94 [color=#008000]
      RenderBlock {DIV} at (0,0) size 56.16x14.19
        RenderText {#text} at (2,0) size 53x13
          text run at (2,0) width 53: "Enabled2"
      RenderBlock {OPTION} at (0,14.19) size 56.16x14.19 [color=#0000FF]
        RenderText {#text} at (2,0) size 36x13
          text run at (2,0) width 36: "    One"
      RenderBlock {OPTION} at (0,28.38) size 56.16x14.19 [color=#FF0000]
        RenderText {#text} at (2,0) size 37x13
          text run at (2,0) width 37: "    Two"
      RenderBlock {OPTION} at (0,42.56) size 56.16x14.19 [color=#000000] [bgcolor=#D4D4D4]
        RenderText {#text} at (2,0) size 45x13
          text run at (2,0) width 45: "    Three"
      RenderBlock {OPTION} at (0,56.75) size 56.16x14.19 [color=#0000FF]
        RenderText {#text} at (2,0) size 38x13
          text run at (2,0) width 38: "    Four"
