layer at (0,0) size 800x600
  RenderView at (0,0) size 800x600
layer at (0,0) size 800x112
  RenderBlock {HTML} at (0,0) size 800x112
    RenderBody {BODY} at (8,16) size 784x80
      RenderBlock {P} at (0,0) size 784x16
        RenderInline {NOBR} at (0,0) size 270x16
          RenderInline {B} at (0,0) size 50x16
            RenderText {#text} at (0,0) size 50x16
              text run at (0,0) width 50: "\x{179C}\x{17C9}\x{17C2}\x{1794}"
          RenderText {#text} at (49,0) size 5x16
            text run at (49,0) width 5: " "
          RenderInline {A} at (0,0) size 71x16 [color=#0000EE]
            RenderText {#text} at (53,0) size 71x16
              text run at (53,0) width 71: "\x{179A}\x{17BC}\x{1794}\x{1797}\x{17B6}\x{1796}"
          RenderText {#text} at (123,0) size 5x16
            text run at (123,0) width 5: " "
          RenderInline {A} at (0,0) size 58x16 [color=#0000EE]
            RenderText {#text} at (127,0) size 58x16
              text run at (127,0) width 58: "\x{1780}\x{17D2}\x{179A}\x{17BB}\x{1798}"
          RenderText {#text} at (184,0) size 5x16
            text run at (184,0) width 5: " "
          RenderInline {A} at (0,0) size 82x16 [color=#0000EE]
            RenderText {#text} at (188,0) size 82x16
              text run at (188,0) width 82: "\x{1790}\x{178F}\x{17AF}\x{1780}\x{179F}\x{17B6}\x{179A}"
        RenderText {#text} at (0,0) size 0x0
      RenderBlock {P} at (0,32) size 784x48
        RenderText {#text} at (0,0) size 542x16
          text run at (0,0) width 542: "Some Harfbuzz shapers will output cluster logs which suggest that some glyphs had "
        RenderInline {I} at (0,0) size 17x16
          RenderText {#text} at (541,0) size 17x16
            text run at (541,0) width 17: "no"
        RenderText {#text} at (557,0) size 780x32
          text run at (557,0) width 223: " contributing code points. This test"
          text run at (0,16) width 178: "contains such text and uses "
        RenderInline {TT} at (0,0) size 87x13
          RenderText {#text} at (177,18) size 87x13
            text run at (177,18) width 87: "eventSender"
        RenderText {#text} at (263,16) size 447x16
          text run at (263,16) width 447: " to select the text. You should see some of the above text selected and"
        RenderInline {TT} at (0,0) size 79x13
          RenderText {#text} at (0,34) size 79x13
            text run at (0,34) width 79: "test_shell"
        RenderText {#text} at (78,32) size 262x16
          text run at (78,32) width 262: " shouldn't trigger any assertions or crash."
caret: position 0 of child 0 {#text} of child 0 {B} of child 1 {NOBR} of child 1 {P} of body
