layer at (0,0) size 800x600
  RenderView at (0,0) size 800x600
layer at (0,0) size 800x600
  RenderBlock {HTML} at (0,0) size 800x600
    RenderBody {BODY} at (8,8) size 784x584
      RenderBlock {P} at (0,0) size 784x16
        RenderText {#text} at (0,0) size 273x16
          text run at (0,0) width 273: "Tests: the TABLE.createCaption() method"
        RenderBR {BR} at (272,12) size 1x0
      RenderBlock {P} at (0,32) size 784x48
        RenderText {#text} at (0,0) size 75x16
          text run at (0,0) width 75: "Conditions:"
        RenderBR {BR} at (74,12) size 1x0
        RenderText {#text} at (0,16) size 768x32
          text run at (0,16) width 695: "If no caption exists, the method should create an empty caption, add it to the table, and return a pointer to it. "
          text run at (694,16) width 74: "If a caption"
          text run at (0,32) width 326: "does exist, the method should return a pointer to it."
      RenderBlock {P} at (0,96) size 784x32
        RenderText {#text} at (0,0) size 333x16
          text run at (0,0) width 333: "If successful, the first table should have the caption "
        RenderInline {B} at (0,0) size 44x16
          RenderText {#text} at (332,0) size 44x16
            text run at (332,0) width 44: "Fruity"
        RenderText {#text} at (375,0) size 299x16
          text run at (375,0) width 299: ", and the second table should have the caption "
        RenderInline {B} at (0,0) size 77x16
          RenderText {#text} at (673,0) size 77x16
            text run at (673,0) width 77: "Vegetabley"
        RenderText {#text} at (749,0) size 754x32
          text run at (749,0) width 5: "."
          text run at (0,16) width 637: "Upon failure, the first table will have no caption, and the second table will have the caption Things."
      RenderBlock {HR} at (0,144) size 784x2 [border: (1px inset #EEEEEE)]
      RenderTable {TABLE} at (0,154) size 112x86 [border: (1px outset #808080)]
        RenderBlock {CAPTION} at (0,0) size 112x16
          RenderInline {B} at (0,0) size 44x16
            RenderText {#text} at (34,0) size 44x16
              text run at (34,0) width 44: "Fruity"
        RenderTableSection {TBODY} at (1,17) size 110x68
          RenderTableRow {TR} at (0,2) size 110x20
            RenderTableCell {TH} at (2,2) size 52x20 [border: (1px inset #808080)] [r=0 c=0 rs=1 cs=1]
              RenderText {#text} at (8,2) size 36x16
                text run at (8,2) width 36: "Fruit"
            RenderTableCell {TH} at (56,2) size 52x20 [border: (1px inset #808080)] [r=0 c=1 rs=1 cs=1]
              RenderText {#text} at (6,2) size 40x16
                text run at (6,2) width 40: "Color"
          RenderTableRow {TR} at (0,24) size 110x20
            RenderTableCell {TD} at (2,24) size 52x20 [border: (1px inset #808080)] [r=1 c=0 rs=1 cs=1]
              RenderText {#text} at (2,2) size 48x16
                text run at (2,2) width 48: "Banana"
            RenderTableCell {TD} at (56,24) size 52x20 [border: (1px inset #808080)] [r=1 c=1 rs=1 cs=1]
              RenderText {#text} at (2,2) size 48x16
                text run at (2,2) width 48: "Yellow"
          RenderTableRow {TR} at (0,46) size 110x20
            RenderTableCell {TD} at (2,46) size 52x20 [border: (1px inset #808080)] [r=2 c=0 rs=1 cs=1]
              RenderText {#text} at (2,2) size 40x16
                text run at (2,2) width 40: "Grape"
            RenderTableCell {TD} at (56,46) size 52x20 [border: (1px inset #808080)] [r=2 c=1 rs=1 cs=1]
              RenderText {#text} at (2,2) size 42x16
                text run at (2,2) width 42: "Purple"
      RenderBlock (anonymous) at (0,240) size 784x16
        RenderBR {BR} at (0,0) size 0x16
      RenderTable {TABLE} at (0,256) size 132x86 [border: (1px outset #808080)]
        RenderBlock {CAPTION} at (0,0) size 132x16
          RenderInline {B} at (0,0) size 76x16
            RenderText {#text} at (28,0) size 76x16
              text run at (28,0) width 76: "Vegetabley"
        RenderTableSection {TBODY} at (1,17) size 130x68
          RenderTableRow {TR} at (0,2) size 130x20
            RenderTableCell {TH} at (2,2) size 72x20 [border: (1px inset #808080)] [r=0 c=0 rs=1 cs=1]
              RenderText {#text} at (2,2) size 68x16
                text run at (2,2) width 68: "Vegetable"
            RenderTableCell {TH} at (76,2) size 52x20 [border: (1px inset #808080)] [r=0 c=1 rs=1 cs=1]
              RenderText {#text} at (6,2) size 40x16
                text run at (6,2) width 40: "Color"
          RenderTableRow {TR} at (0,24) size 130x20
            RenderTableCell {TD} at (2,24) size 72x20 [border: (1px inset #808080)] [r=1 c=0 rs=1 cs=1]
              RenderText {#text} at (2,2) size 41x16
                text run at (2,2) width 41: "Carrot"
            RenderTableCell {TD} at (76,24) size 52x20 [border: (1px inset #808080)] [r=1 c=1 rs=1 cs=1]
              RenderText {#text} at (2,2) size 48x16
                text run at (2,2) width 48: "Orange"
          RenderTableRow {TR} at (0,46) size 130x20
            RenderTableCell {TD} at (2,46) size 72x20 [border: (1px inset #808080)] [r=2 c=0 rs=1 cs=1]
              RenderText {#text} at (2,2) size 67x16
                text run at (2,2) width 67: "Cucumber"
            RenderTableCell {TD} at (76,46) size 52x20 [border: (1px inset #808080)] [r=2 c=1 rs=1 cs=1]
              RenderText {#text} at (2,2) size 40x16
                text run at (2,2) width 40: "Green"
