layer at (0,0) size 800x600
  RenderView at (0,0) size 800x600
layer at (0,0) size 800x600
  RenderBlock {HTML} at (0,0) size 800x600
    RenderBody {BODY} at (8,8) size 784x584
      RenderBlock {P} at (0,0) size 784x32
        RenderText {#text} at (0,0) size 108x16
          text run at (0,0) width 108: "This is a test for "
        RenderInline {I} at (0,0) size 730x32
          RenderInline {A} at (0,0) size 354x16 [color=#0000EE]
            RenderText {#text} at (107,0) size 354x16
              text run at (107,0) width 354: "http://bugzilla.opendarwin.org/show_bug.cgi?id=9252"
          RenderText {#text} at (460,0) size 730x32
            text run at (460,0) width 5: " "
            text run at (464,0) width 266: "REGRESSION: Very odd roll-over issues"
            text run at (0,16) width 147: "(content disappearing)"
        RenderText {#text} at (146,16) size 5x16
          text run at (146,16) width 5: "."
      RenderBlock {P} at (0,48) size 784x16
        RenderText {#text} at (0,0) size 247x16
          text run at (0,0) width 247: "There should be a green square below."
      RenderBlock {HR} at (0,80) size 784x2 [border: (1px inset #EEEEEE)]
      RenderBlock {DIV} at (0,90) size 784x0
      RenderBlock {DIV} at (0,90) size 100x100 [bgcolor=#008000]
