layer at (0,0) size 800x600
  RenderView at (0,0) size 800x600
layer at (0,0) size 800x600
  RenderBlock {HTML} at (0,0) size 800x600
    RenderBody {BODY} at (8,8) size 784x584
      RenderText {#text} at (0,1) size 715x342
        text run at (0,1) width 692: "You should see"
        text run at (0,116) width 715: "pictographs of a"
        text run at (0,231) width 637: "bug and a cat."
      RenderBR {BR} at (637,321) size 0x0
      RenderText {#text} at (0,346) size 302x112
        text run at (0,346) width 302: "Bug: \x{D80C}\x{DDA3}"
      RenderBR {BR} at (302,436) size 0x0
      RenderText {#text} at (0,461) size 300x112
        text run at (0,461) width 300: "Cat: \x{D80C}\x{DCE0}"
