layer at (0,0) size 800x600
  RenderView at (0,0) size 800x600
layer at (0,0) size 800x600
  RenderBlock {HTML} at (0,0) size 800x600
    RenderBody {BODY} at (8,8) size 784x584
      RenderBlock (anonymous) at (0,0) size 784x20
        RenderText {#text} at (0,0) size 212x19
          text run at (0,0) width 212: "These textfields should not overlap."
      RenderTable {TABLE} at (0,20) size 784x26
        RenderTableSection {TBODY} at (0,0) size 784x26
          RenderTableRow {TR} at (0,1) size 784x24
            RenderTableCell {TD} at (1,1) size 8x24 [r=0 c=0 rs=1 cs=1]
              RenderTextControl {INPUT} at (1,1) size 6x22 [bgcolor=#FFFFFF] [border: (2px inset #EEEEEE)]
                RenderFlexibleBox {DIV} at (3,3) size 0x16
                  RenderBlock {DIV} at (0,2.50) size 1x11
                  RenderBlock {DIV} at (1,0) size 0x16
            RenderTableCell {TD} at (10,1) size 8x24 [r=0 c=1 rs=1 cs=1]
              RenderTextControl {INPUT} at (1,1) size 6x22 [bgcolor=#FFFFFF] [border: (2px inset #EEEEEE)]
                RenderFlexibleBox {DIV} at (3,3) size 0x16
                  RenderBlock {DIV} at (0,2.50) size 1x11
                  RenderBlock {DIV} at (1,0) size 0x16
            RenderTableCell {TD} at (19,1) size 8x24 [r=0 c=2 rs=1 cs=1]
              RenderTextControl {INPUT} at (1,1) size 6x22 [bgcolor=#FFFFFF] [border: (2px inset #EEEEEE)]
                RenderFlexibleBox {DIV} at (3,3) size 0x16
                  RenderBlock {DIV} at (0,2.50) size 1x11
                  RenderBlock {DIV} at (1,0) size 0x16
            RenderTableCell {TD} at (28,2) size 755x22 [r=0 c=3 rs=1 cs=1]
              RenderText {#text} at (1,1) size 4x19
                text run at (1,1) width 4: " "
      RenderBlock (anonymous) at (0,46) size 784x40
        RenderBR {BR} at (0,0) size 0x19
        RenderBR {BR} at (0,20) size 0x19
      RenderTable {TABLE} at (0,86) size 784x26
        RenderTableSection {TBODY} at (0,0) size 784x26
          RenderTableRow {TR} at (0,1) size 784x24
            RenderTableCell {TD} at (1,1) size 8x24 [r=0 c=0 rs=1 cs=1]
              RenderTextControl {INPUT} at (1,1) size 6x22 [bgcolor=#FFFFFF] [border: (2px inset #EEEEEE)]
                RenderFlexibleBox {DIV} at (3,3) size 0x16
                  RenderBlock {DIV} at (2,1.50) size 13x13
                  RenderBlock {DIV} at (18,0) size 0x16
            RenderTableCell {TD} at (10,1) size 8x24 [r=0 c=1 rs=1 cs=1]
              RenderTextControl {INPUT} at (1,1) size 6x22 [bgcolor=#FFFFFF] [border: (2px inset #EEEEEE)]
                RenderFlexibleBox {DIV} at (3,3) size 0x16
                  RenderBlock {DIV} at (2,1.50) size 13x13
                  RenderBlock {DIV} at (18,0) size 0x16
            RenderTableCell {TD} at (19,1) size 8x24 [r=0 c=2 rs=1 cs=1]
              RenderTextControl {INPUT} at (1,1) size 6x22 [bgcolor=#FFFFFF] [border: (2px inset #EEEEEE)]
                RenderFlexibleBox {DIV} at (3,3) size 0x16
                  RenderBlock {DIV} at (2,1.50) size 13x13
                  RenderBlock {DIV} at (18,0) size 0x16
            RenderTableCell {TD} at (28,2) size 755x22 [r=0 c=3 rs=1 cs=1]
              RenderText {#text} at (1,1) size 4x19
                text run at (1,1) width 4: " "
layer at (15,37) size 9x9 transparent
  RenderBlock {DIV} at (2,3.50) size 9x9
layer at (24,37) size 9x9 transparent
  RenderBlock {DIV} at (2,3.50) size 9x9
layer at (33,37) size 9x9 transparent
  RenderBlock {DIV} at (2,3.50) size 9x9
layer at (32,103) size 9x9 transparent
  RenderBlock {DIV} at (19,3.50) size 9x9
layer at (41,103) size 9x9 transparent
  RenderBlock {DIV} at (19,3.50) size 9x9
layer at (50,103) size 9x9 transparent
  RenderBlock {DIV} at (19,3.50) size 9x9
