layer at (0,0) size 800x600
  RenderView at (0,0) size 800x600
layer at (0,0) size 800x163
  RenderBlock {HTML} at (0,0) size 800x163.25
    RenderBody {BODY} at (4.63,4.63) size 790.75x154
      RenderBlock {DIV} at (11.56,11.56) size 129.31x129.31 [border: (1px solid #000000)]
      RenderText {#text} at (152,142) size 3x12
        text run at (152,142) width 3: " "
      RenderBlock {DIV} at (166,11.56) size 129.31x129.31 [border: (1px solid #000000)]
      RenderText {#text} at (306,142) size 3x12
        text run at (306,142) width 3: " "
      RenderBlock {DIV} at (320.44,11.56) size 129.31x129.31 [border: (1px solid #000000)]
      RenderText {#text} at (461,142) size 3x12
        text run at (461,142) width 3: " "
      RenderImage {IMG} at (474.88,11.56) size 129.31x129.31 [border: (1px solid #000000)]
      RenderText {#text} at (0,0) size 0x0
      RenderText {#text} at (0,0) size 0x0
      RenderText {#text} at (0,0) size 0x0
      RenderText {#text} at (0,0) size 0x0
