layer at (0,0) size 800x600
  RenderView at (0,0) size 800x600
layer at (0,0) size 800x172
  RenderBlock {HTML} at (0,0) size 800x172.09
    RenderBody {BODY} at (5.55,5.55) size 788.91x161
      RenderText {#text} at (158,147) size 4x14
        text run at (158,147) width 4: " "
      RenderText {#text} at (0,0) size 0x0
      RenderText {#text} at (0,0) size 0x0
      RenderText {#text} at (0,0) size 0x0
      RenderText {#text} at (0,0) size 0x0
      RenderText {#text} at (0,0) size 0x0
layer at (6,6) size 159x159
  RenderEmbeddedObject {OBJECT} at (0,0) size 158.92x158.92 [border: (1px dashed #800000)]
    layer at (0,0) size 153x153
      RenderView at (0,0) size 153x153
    layer at (0,0) size 153x153
      RenderSVGRoot {svg} at (0,0) size 153x153
        RenderSVGEllipse {circle} at (0,0) size 153x153 [stroke={[type=SOLID] [color=#000000]}] [fill={[type=SOLID] [color=#D9BB7A] [fill rule=EVEN-ODD]}] [cx=110.00] [cy=110.00] [r=110.00]
layer at (167,6) size 159x159
  RenderEmbeddedObject {OBJECT} at (161.92,0) size 158.92x158.92 [border: (1px dashed #800000)]
    layer at (0,0) size 153x153
      RenderView at (0,0) size 153x153
    layer at (0,0) size 153x153
      RenderSVGRoot {svg} at (0,0) size 153x153
        RenderSVGEllipse {circle} at (0,0) size 153x153 [stroke={[type=SOLID] [color=#000000]}] [fill={[type=SOLID] [color=#D9BB7A] [fill rule=EVEN-ODD]}] [cx=110.00] [cy=110.00] [r=110.00]
