layer at (0,0) size 800x600
  RenderView at (0,0) size 800x600
layer at (0,0) size 800x600
  RenderBlock {HTML} at (0,0) size 800x600
    RenderBody {BODY} at (8,8) size 784x584
      RenderBlock {P} at (0,0) size 784x16
        RenderText {#text} at (0,0) size 717x16
          text run at (0,0) width 626: "This tests that in a html document with inline audio content, the media element repaints correctly "
          text run at (625,0) width 92: "while playing."
      RenderBlock (anonymous) at (0,32) size 784x169
        RenderBR {BR} at (300,30) size 0x0
        RenderBR {BR} at (300,85) size 0x0
        RenderBR {BR} at (300,169) size 0x0
layer at (8,40) size 300x30
  RenderMedia {AUDIO} at (0,0) size 300x30
layer at (8,40) size 300x30
  RenderFlexibleBox {DIV} at (0,0) size 300x30
    RenderBlock {DIV} at (0,0) size 300x30
layer at (8,40) size 300x30
  RenderFlexibleBox {DIV} at (0,0) size 300x30 [bgcolor=#141414CC]
    RenderButton {INPUT} at (9,0) size 30x30
    RenderSlider {INPUT} at (48,11) size 102.89x8
      RenderFlexibleBox {DIV} at (0,0) size 102.89x8 [border: (1px solid #E6E6E659)]
        RenderBlock {DIV} at (1,-8) size 114.89x24
          RenderBlock {DIV} at (34.44,0) size 32x24
    RenderFlexibleBox {DIV} at (165.89,0) size 26.03x30 [color=#FFFFFF]
      RenderBlock (anonymous) at (0,0) size 26.03x30
        RenderText {#text} at (0,7) size 27x15
          text run at (0,7) width 27: "0:00"
    RenderButton {INPUT} at (200.92,0) size 35x30
    RenderSlider {INPUT} at (241.92,11) size 43.08x8
      RenderFlexibleBox {DIV} at (0,0) size 43.08x8 [border: (1px solid #E6E6E659)]
        RenderBlock {DIV} at (1,-8) size 55.08x24
          RenderBlock {DIV} at (24.08,0) size 24x24
layer at (8,70) size 300x30
  RenderMedia {AUDIO} at (0,30) size 300x30
layer at (8,70) size 300x30
  RenderFlexibleBox {DIV} at (0,0) size 300x30
    RenderBlock {DIV} at (0,0) size 300x30
layer at (8,70) size 300x30
  RenderFlexibleBox {DIV} at (0,0) size 300x30 [bgcolor=#141414CC]
    RenderButton {INPUT} at (9,0) size 30x30
    RenderSlider {INPUT} at (48,11) size 102.89x8
      RenderFlexibleBox {DIV} at (0,0) size 102.89x8 [border: (1px solid #E6E6E659)]
        RenderBlock {DIV} at (1,-8) size 114.89x24
          RenderBlock {DIV} at (34.44,0) size 32x24
    RenderFlexibleBox {DIV} at (165.89,0) size 26.03x30 [color=#FFFFFF]
      RenderBlock (anonymous) at (0,0) size 26.03x30
        RenderText {#text} at (0,7) size 27x15
          text run at (0,7) width 27: "0:00"
    RenderButton {INPUT} at (200.92,0) size 35x30
    RenderSlider {INPUT} at (241.92,11) size 43.08x8
      RenderFlexibleBox {DIV} at (0,0) size 43.08x8 [border: (1px solid #E6E6E659)]
        RenderBlock {DIV} at (1,-8) size 55.08x24
          RenderBlock {DIV} at (24.08,0) size 24x24
layer at (8,152) size 300x30
  RenderMedia {AUDIO} at (0,112) size 300x30
layer at (8,152) size 300x30
  RenderFlexibleBox {DIV} at (0,0) size 300x30
    RenderBlock {DIV} at (0,0) size 300x30
layer at (8,152) size 300x30
  RenderFlexibleBox {DIV} at (0,0) size 300x30 [bgcolor=#141414CC]
    RenderButton {INPUT} at (9,0) size 30x30
    RenderSlider {INPUT} at (48,11) size 102.89x8
      RenderFlexibleBox {DIV} at (0,0) size 102.89x8 [border: (1px solid #E6E6E659)]
        RenderBlock {DIV} at (1,-8) size 114.89x24
          RenderBlock {DIV} at (34.44,0) size 32x24
    RenderFlexibleBox {DIV} at (165.89,0) size 26.03x30 [color=#FFFFFF]
      RenderBlock (anonymous) at (0,0) size 26.03x30
        RenderText {#text} at (0,7) size 27x15
          text run at (0,7) width 27: "0:00"
    RenderButton {INPUT} at (200.92,0) size 35x30
    RenderSlider {INPUT} at (241.92,11) size 43.08x8
      RenderFlexibleBox {DIV} at (0,0) size 43.08x8 [border: (1px solid #E6E6E659)]
        RenderBlock {DIV} at (1,-8) size 55.08x24
          RenderBlock {DIV} at (24.08,0) size 24x24
