layer at (0,0) size 800x600
  RenderView at (0,0) size 800x600
layer at (0,0) size 800x600
  RenderBlock {HTML} at (0,0) size 800x600
    RenderBody {BODY} at (8,8) size 784x584
      RenderBlock {P} at (0,0) size 784x16
        RenderText {#text} at (0,0) size 759x16
          text run at (0,0) width 667: "This tests that in a standalone media document with audio content, the media element repaints correctly "
          text run at (666,0) width 93: "while playing."
      RenderBlock (anonymous) at (0,32) size 784x334
        RenderText {#text} at (0,0) size 0x0
        RenderText {#text} at (0,0) size 0x0
layer at (8,40) size 384x334
  RenderPartObject {IFRAME} at (0,0) size 384x334 [border: (2px inset #EEEEEE)]
    layer at (0,0) size 380x330
      RenderView at (0,0) size 380x330
    layer at (0,0) size 380x330
      RenderBlock {HTML} at (0,0) size 380x330
        RenderBody {BODY} at (8,8) size 364x314 [bgcolor=#000000]
    layer at (40,165) size 300x1
      RenderVideo {VIDEO} at (40,164.50) size 300x1
    layer at (40,165) size 300x1
      RenderFlexibleBox {DIV} at (0,0) size 300x1
        RenderBlock {DIV} at (0,-34) size 300x35
    layer at (45,131) size 290x30
      RenderFlexibleBox {DIV} at (5,0) size 290x30 [bgcolor=#141414CC]
        RenderButton {INPUT} at (9,0) size 30x30
        RenderSlider {INPUT} at (48,11) size 97.97x8
          RenderFlexibleBox {DIV} at (0,0) size 97.97x8 [border: (1px solid #E6E6E659)]
            RenderBlock {DIV} at (1,-8) size 109.97x24
              RenderBlock {DIV} at (31.97,0) size 32x24
        RenderFlexibleBox {DIV} at (160.97,0) size 26.03x30 [color=#FFFFFF]
          RenderBlock (anonymous) at (0,0) size 26.03x30
            RenderText {#text} at (0,7) size 27x15
              text run at (0,7) width 27: "0:00"
        RenderButton {INPUT} at (196,0) size 35x30
        RenderSlider {INPUT} at (237,11) size 38x8
          RenderFlexibleBox {DIV} at (0,0) size 38x8 [border: (1px solid #E6E6E659)]
            RenderBlock {DIV} at (1,-8) size 50x24
              RenderBlock {DIV} at (19,0) size 24x24
