layer at (0,0) size 785x776
  RenderView at (0,0) size 785x600
layer at (0,0) size 785x544
  RenderBlock {HTML} at (0,0) size 785x544
    RenderBody {BODY} at (8,16) size 769x520
      RenderBlock {P} at (0,0) size 769x16
        RenderText {#text} at (0,0) size 259x16
          text run at (0,0) width 259: "Test controls rendering with cast button."
      RenderBlock {DIV} at (0,32) size 769x244
        RenderText {#text} at (0,0) size 0x0
      RenderBlock {DIV} at (0,276) size 769x244
        RenderText {#text} at (0,0) size 0x0
      RenderBlock {DIV} at (0,520) size 769x0
layer at (8,48) size 320x240
  RenderVideo {VIDEO} at (0,0) size 320x240
layer at (8,292) size 320x240
  RenderVideo {VIDEO} at (0,0) size 320x240
layer at (8,48) size 320x240
  RenderFlexibleBox {DIV} at (0,0) size 320x240
    RenderBlock {DIV} at (0,205) size 320x35
layer at (8,48) size 320x205
  RenderFlexibleBox {DIV} at (0,0) size 320x205
layer at (13,253) size 310x30
  RenderFlexibleBox {DIV} at (5,0) size 310x30 [bgcolor=#141414CC]
    RenderButton {INPUT} at (9,0) size 30x30
    RenderSlider {INPUT} at (48,11) size 72.97x8
      RenderFlexibleBox {DIV} at (0,0) size 72.97x8 [border: (1px solid #E6E6E659)]
        RenderBlock {DIV} at (1,-8) size 84.97x24
          RenderBlock {DIV} at (-7,0) size 32x24
    RenderFlexibleBox {DIV} at (135.97,0) size 26.03x30 [color=#FFFFFF]
      RenderBlock (anonymous) at (0,0) size 26.03x30
        RenderText {#text} at (0,7) size 27x15
          text run at (0,7) width 27: "0:00"
    RenderButton {INPUT} at (171,0) size 35x30
    RenderSlider {INPUT} at (212,11) size 15x8
      RenderFlexibleBox {DIV} at (0,0) size 15x8 [border: (1px solid #E6E6E659)]
        RenderBlock {DIV} at (1,-8) size 27x24
          RenderBlock {DIV} at (-4,0) size 24x24
    RenderButton {INPUT} at (237,0) size 30x30
    RenderButton {INPUT} at (271,0) size 30x30
layer at (8,292) size 320x240
  RenderFlexibleBox {DIV} at (0,0) size 320x240
    RenderBlock {DIV} at (0,205) size 320x35
layer at (8,292) size 320x205
  RenderFlexibleBox {DIV} at (0,0) size 320x205
layer at (13,497) size 310x30
  RenderFlexibleBox {DIV} at (5,0) size 310x30 [bgcolor=#141414CC]
    RenderButton {INPUT} at (9,0) size 30x30
    RenderSlider {INPUT} at (48,11) size 72.97x8
      RenderFlexibleBox {DIV} at (0,0) size 72.97x8 [border: (1px solid #E6E6E659)]
        RenderBlock {DIV} at (1,-8) size 84.97x24
          RenderBlock {DIV} at (-7,0) size 32x24
    RenderFlexibleBox {DIV} at (135.97,0) size 26.03x30 [color=#FFFFFF]
      RenderBlock (anonymous) at (0,0) size 26.03x30
        RenderText {#text} at (0,7) size 27x15
          text run at (0,7) width 27: "0:00"
    RenderButton {INPUT} at (171,0) size 35x30
    RenderSlider {INPUT} at (212,11) size 15x8
      RenderFlexibleBox {DIV} at (0,0) size 15x8 [border: (1px solid #E6E6E659)]
        RenderBlock {DIV} at (1,-8) size 27x24
          RenderBlock {DIV} at (-4,0) size 24x24
    RenderButton {INPUT} at (237,0) size 30x30
    RenderButton {INPUT} at (271,0) size 30x30
layer at (8,536) size 320x240
  RenderVideo {VIDEO} at (8,536) size 320x240
layer at (8,536) size 320x240
  RenderFlexibleBox {DIV} at (0,0) size 320x240
    RenderBlock {DIV} at (0,205) size 320x35
layer at (8,536) size 320x205
  RenderFlexibleBox {DIV} at (0,0) size 320x205
layer at (13,741) size 310x30
  RenderFlexibleBox {DIV} at (5,0) size 310x30 [bgcolor=#141414CC]
    RenderButton {INPUT} at (9,0) size 30x30
    RenderSlider {INPUT} at (48,11) size 72.97x8
      RenderFlexibleBox {DIV} at (0,0) size 72.97x8 [border: (1px solid #E6E6E659)]
        RenderBlock {DIV} at (1,-8) size 84.97x24
          RenderBlock {DIV} at (-7,0) size 32x24
    RenderFlexibleBox {DIV} at (135.97,0) size 26.03x30 [color=#FFFFFF]
      RenderBlock (anonymous) at (0,0) size 26.03x30
        RenderText {#text} at (0,7) size 27x15
          text run at (0,7) width 27: "0:00"
    RenderButton {INPUT} at (171,0) size 35x30
    RenderSlider {INPUT} at (212,11) size 15x8
      RenderFlexibleBox {DIV} at (0,0) size 15x8 [border: (1px solid #E6E6E659)]
        RenderBlock {DIV} at (1,-8) size 27x24
          RenderBlock {DIV} at (-4,0) size 24x24
    RenderButton {INPUT} at (237,0) size 30x30
    RenderButton {INPUT} at (271,0) size 30x30
