layer at (0,0) size 800x600
  RenderView at (0,0) size 800x600
layer at (0,0) size 800x600
  RenderBlock {HTML} at (0,0) size 800x600
    RenderBody {BODY} at (8,8) size 784x584
      RenderText {#text} at (0,0) size 505x16
        text run at (0,0) width 505: "This tests that toggling the display property won't make the controls disappear."
      RenderBR {BR} at (504,12) size 1x0
      RenderText {#text} at (0,0) size 0x0
layer at (8,24) size 320x240
  RenderVideo {VIDEO} at (0,16) size 320x240
layer at (8,24) size 320x240
  RenderFlexibleBox {DIV} at (0,0) size 320x240
    RenderBlock {DIV} at (0,205) size 320x35
layer at (8,24) size 320x205
  RenderFlexibleBox {DIV} at (0,0) size 320x205
layer at (13,229) size 310x30
  RenderFlexibleBox {DIV} at (5,0) size 310x30 [bgcolor=#141414CC]
    RenderButton {INPUT} at (9,0) size 30x30
    RenderSlider {INPUT} at (48,11) size 91.08x8
      RenderFlexibleBox {DIV} at (0,0) size 91.08x8 [border: (1px solid #E6E6E659)]
        RenderBlock {DIV} at (1,-8) size 103.08x24
          RenderBlock {DIV} at (-7,0) size 32x24
    RenderFlexibleBox {DIV} at (154.08,0) size 26.03x30 [color=#FFFFFF]
      RenderBlock (anonymous) at (0,0) size 26.03x30
        RenderText {#text} at (0,7) size 27x15
          text run at (0,7) width 27: "0:06"
    RenderButton {INPUT} at (189.11,0) size 35x30
    RenderSlider {INPUT} at (230.11,11) size 30.89x8
      RenderFlexibleBox {DIV} at (0,0) size 30.89x8 [border: (1px solid #E6E6E659)]
        RenderBlock {DIV} at (1,-8) size 42.89x24
          RenderBlock {DIV} at (11.89,0) size 24x24
    RenderButton {INPUT} at (271,0) size 30x30
