layer at (0,0) size 785x776
  RenderView at (0,0) size 785x600
layer at (0,0) size 785x544
  RenderBlock {HTML} at (0,0) size 785x544
    RenderBody {BODY} at (8,16) size 769x520
      RenderBlock {P} at (0,0) size 769x16
        RenderText {#text} at (0,0) size 355x16
          text run at (0,0) width 355: "Test overlay cast button rendering on dark background."
      RenderBlock {DIV} at (0,32) size 769x244
        RenderText {#text} at (0,0) size 0x0
      RenderBlock {DIV} at (0,276) size 769x244
        RenderText {#text} at (0,0) size 0x0
      RenderBlock {DIV} at (0,520) size 769x0
layer at (8,48) size 320x240
  RenderVideo {VIDEO} at (0,0) size 320x240
layer at (8,292) size 320x240
  RenderVideo {VIDEO} at (0,0) size 320x240
layer at (8,48) size 320x240
  RenderFlexibleBox {DIV} at (0,0) size 320x240
    RenderBlock {DIV} at (0,205) size 320x35
layer at (8,48) size 320x205
  RenderFlexibleBox {DIV} at (0,0) size 320x205
layer at (24,58) size 30x30
  RenderButton {INPUT} at (16,10.25) size 30x30
layer at (8,292) size 320x240
  RenderFlexibleBox {DIV} at (0,0) size 320x240
    RenderBlock {DIV} at (0,205) size 320x35
layer at (8,292) size 320x205
  RenderFlexibleBox {DIV} at (0,0) size 320x205
layer at (24,302) size 30x30
  RenderButton {INPUT} at (16,10.25) size 30x30
layer at (8,536) size 320x240
  RenderVideo {VIDEO} at (8,536) size 320x240
layer at (8,536) size 320x240
  RenderFlexibleBox {DIV} at (0,0) size 320x240
    RenderBlock {DIV} at (0,205) size 320x35
layer at (8,536) size 320x205
  RenderFlexibleBox {DIV} at (0,0) size 320x205
layer at (24,546) size 30x30
  RenderButton {INPUT} at (16,10.25) size 30x30
