layer at (0,0) size 800x600
  RenderView at (0,0) size 800x600
layer at (0,0) size 800x600
  RenderBlock {HTML} at (0,0) size 800x600
    RenderBody {BODY} at (8,8) size 784x584
      RenderBlock {P} at (0,0) size 784x16
        RenderText {#text} at (0,0) size 223x16
          text run at (0,0) width 223: "Test painting of transformed video"
      RenderBlock (anonymous) at (0,32) size 784x480
        RenderText {#text} at (0,144) size 4x16
          text run at (0,144) width 4: " "
        RenderBR {BR} at (210,156) size 0x0
        RenderText {#text} at (0,304) size 4x16
          text run at (0,304) width 4: " "
        RenderBR {BR} at (210,316) size 0x0
        RenderText {#text} at (0,464) size 4x16
          text run at (0,464) width 4: " "
        RenderBR {BR} at (210,476) size 0x0
layer at (12,40) size 206x156
  RenderVideo {VIDEO} at (4,0) size 206x156 [border: (3px solid #FF0000)]
layer at (15,43) size 200x150
  RenderFlexibleBox {DIV} at (3,3) size 200x150
    RenderBlock {DIV} at (0,115) size 200x35
layer at (15,43) size 200x115
  RenderFlexibleBox {DIV} at (0,0) size 200x115
layer at (12,200) size 206x156
  RenderVideo {VIDEO} at (4,160) size 206x156 [border: (3px solid #FF0000)]
layer at (15,203) size 200x150
  RenderFlexibleBox {DIV} at (3,3) size 200x150
    RenderBlock {DIV} at (0,115) size 200x35
layer at (15,203) size 200x115
  RenderFlexibleBox {DIV} at (0,0) size 200x115
layer at (12,360) size 206x156
  RenderVideo {VIDEO} at (4,320) size 206x156 [border: (3px solid #FF0000)]
layer at (15,363) size 200x150
  RenderFlexibleBox {DIV} at (3,3) size 200x150
    RenderBlock {DIV} at (0,115) size 200x35
layer at (15,363) size 200x115
  RenderFlexibleBox {DIV} at (0,0) size 200x115
