layer at (0,0) size 800x600
  RenderView at (0,0) size 800x600
layer at (0,0) size 800x600
  RenderBlock {HTML} at (0,0) size 800x600
    RenderBody {BODY} at (8,8) size 784x584
      RenderBlock {P} at (0,0) size 784x16
        RenderText {#text} at (0,0) size 420x16
          text run at (0,0) width 420: "Movie with no audio track. The volume button should not render."
      RenderBlock (anonymous) at (0,32) size 784x288
        RenderText {#text} at (0,0) size 0x0
layer at (8,40) size 352x288
  RenderVideo {VIDEO} at (0,0) size 352x288
layer at (8,40) size 352x288
  RenderFlexibleBox {DIV} at (0,0) size 352x288
    RenderBlock {DIV} at (0,253) size 352x35
layer at (8,40) size 352x253
  RenderFlexibleBox {DIV} at (0,0) size 352x253
layer at (13,293) size 342x30
  RenderFlexibleBox {DIV} at (5,0) size 342x30 [bgcolor=#141414CC]
    RenderButton {INPUT} at (9,0) size 30x30
    RenderSlider {INPUT} at (48,11) size 168.97x8
      RenderFlexibleBox {DIV} at (0,0) size 168.97x8 [border: (1px solid #E6E6E659)]
        RenderBlock {DIV} at (1,-8) size 180.97x24
          RenderBlock {DIV} at (-7,0) size 32x24
    RenderFlexibleBox {DIV} at (231.97,0) size 26.03x30 [color=#FFFFFF]
      RenderBlock (anonymous) at (0,0) size 26.03x30
        RenderText {#text} at (0,7) size 27x15
          text run at (0,7) width 27: "0:09"
    RenderButton {INPUT} at (267,0) size 35x30
    RenderButton {INPUT} at (303,0) size 30x30
