layer at (0,0) size 800x600
  RenderView at (0,0) size 800x600
layer at (0,0) size 800x600
  RenderBlock {HTML} at (0,0) size 800x600
    RenderBody {BODY} at (8,8) size 784x584
      RenderBlock {P} at (0,0) size 784x16
        RenderText {#text} at (0,0) size 369x16
          text run at (0,0) width 369: "Test dynamic removal of transformed and reflected video"
      RenderBlock (anonymous) at (0,32) size 784x336
        RenderText {#text} at (0,0) size 4x16
          text run at (0,0) width 4: " "
        RenderBR {BR} at (4,12) size 0x0
        RenderText {#text} at (0,160) size 4x16
          text run at (0,160) width 4: " "
        RenderBR {BR} at (210,172) size 0x0
        RenderText {#text} at (0,320) size 4x16
          text run at (0,320) width 4: " "
        RenderBR {BR} at (210,332) size 0x0
layer at (12,56) size 206x156
  RenderVideo {VIDEO} at (4,16) size 206x156 [border: (3px solid #FF0000)]
layer at (15,59) size 200x150
  RenderFlexibleBox {DIV} at (3,3) size 200x150
    RenderBlock {DIV} at (0,115) size 200x35
layer at (15,59) size 200x115
  RenderFlexibleBox {DIV} at (0,0) size 200x115
layer at (12,216) size 206x156
  RenderVideo {VIDEO} at (4,176) size 206x156 [border: (3px solid #FF0000)]
layer at (15,219) size 200x150
  RenderFlexibleBox {DIV} at (3,3) size 200x150
    RenderBlock {DIV} at (0,115) size 200x35
layer at (15,219) size 200x115
  RenderFlexibleBox {DIV} at (0,0) size 200x115
