layer at (0,0) size 785x840
  RenderView at (0,0) size 785x600
layer at (0,0) size 785x840
  RenderBlock {HTML} at (0,0) size 785x840
    RenderBody {BODY} at (8,8) size 769x824
      RenderBlock {P} at (0,0) size 769x16
        RenderText {#text} at (0,0) size 289x16
          text run at (0,0) width 289: "150% zoom, with width and height attributes"
      RenderBlock (anonymous) at (0,32) size 769x372
        RenderText {#text} at (0,356) size 4x16
          text run at (0,356) width 4: " "
        RenderBR {BR} at (492,368) size 0x0
      RenderBlock {P} at (0,420) size 769x16
        RenderText {#text} at (0,0) size 309x16
          text run at (0,0) width 309: "150% zoom, without width and height attributes"
      RenderBlock (anonymous) at (0,452) size 769x372
        RenderText {#text} at (0,356) size 4x16
          text run at (0,356) width 4: " "
        RenderBR {BR} at (492,368) size 0x0
layer at (12,40) size 488x368
  RenderVideo {VIDEO} at (4,0) size 488x368 [border: (4px solid #FF0000)]
layer at (12,460) size 488x368
  RenderVideo {VIDEO} at (4,0) size 488x368 [border: (4px solid #FF0000)]
layer at (16,44) size 480x360
  RenderFlexibleBox {DIV} at (4,4) size 480x360
    RenderBlock {DIV} at (0,307.50) size 480x52.50
layer at (16,44) size 480x308 scrollHeight 307
  RenderFlexibleBox {DIV} at (0,0) size 480x307.50
layer at (16,464) size 480x360
  RenderFlexibleBox {DIV} at (4,4) size 480x360
    RenderBlock {DIV} at (0,307.50) size 480x52.50
layer at (16,464) size 480x308 scrollHeight 307
  RenderFlexibleBox {DIV} at (0,0) size 480x307.50
