layer at (0,0) size 800x600
  RenderView at (0,0) size 800x600
layer at (0,0) size 800x600
  RenderBlock {HTML} at (0,0) size 800x600
    RenderBody {BODY} at (8,8) size 784x584
      RenderBlock {P} at (0,0) size 784x16
        RenderText {#text} at (0,0) size 334x16
          text run at (0,0) width 334: "Test correct colorspace for yuv422, i.e. YU16 video"
      RenderBlock (anonymous) at (0,32) size 784x156
layer at (8,40) size 206x156
  RenderVideo {VIDEO} at (0,0) size 206x156 [border: (3px solid #FF0000)]
layer at (11,43) size 200x150
  RenderFlexibleBox {DIV} at (3,3) size 200x150
    RenderBlock {DIV} at (0,115) size 200x35
layer at (11,43) size 200x115
  RenderFlexibleBox {DIV} at (0,0) size 200x115
