layer at (0,0) size 800x600
  RenderView at (0,0) size 800x600
layer at (0,0) size 800x600
  RenderBlock {HTML} at (0,0) size 800x600
    RenderBody {BODY} at (8,8) size 784x552
      RenderBlock (anonymous) at (0,0) size 784x16
        RenderText {#text} at (0,0) size 485x16
          text run at (0,0) width 485: "This tests the ZWJ and ZWNJ format control characters on basic Latin text."
      RenderBlock {DIV} at (0,56) size 784x200
        RenderBlock {P} at (0,0) size 784x40
          RenderText {#text} at (0,0) size 290x40
            text run at (0,0) width 290: "fi fl ff ffi ffl fl f   i"
        RenderBlock {P} at (0,80) size 784x40
          RenderText {#text} at (0,0) size 290x40
            text run at (0,0) width 290: "f\x{200C}i f\x{200C}l f\x{200C}f f\x{200C}f\x{200C}i f\x{200C}f\x{200C}l f\x{200C}\x{200C}\x{200C}\x{200C}\x{200C}\x{200C}\x{200C}l f\x{200C}\x{200C}\x{200C}\x{200C}\x{200C}\x{200C}\x{200C} \x{200C}\x{200C}\x{200C}\x{200C}\x{200C}\x{200C}\x{200C} \x{200C}\x{200C}\x{200C}\x{200C}\x{200C}\x{200C}\x{200C} \x{200C}\x{200C}\x{200C}\x{200C}\x{200C}\x{200C}\x{200C}i"
        RenderBlock {P} at (0,160) size 784x40
          RenderText {#text} at (0,0) size 290x40
            text run at (0,0) width 290: "f\x{200D}i f\x{200D}l f\x{200D}f f\x{200D}f\x{200D}i f\x{200D}f\x{200D}l f\x{200D}\x{200D}\x{200D}\x{200D}\x{200D}\x{200D}\x{200D}l f\x{200D}\x{200D}\x{200D}\x{200D}\x{200D}\x{200D}\x{200D} \x{200D}\x{200D}\x{200D}\x{200D}\x{200D}\x{200D}\x{200D} \x{200D}\x{200D}\x{200D}\x{200D}\x{200D}\x{200D}\x{200D} \x{200D}\x{200D}\x{200D}\x{200D}\x{200D}\x{200D}\x{200D}i"
      RenderBlock {DIV} at (0,296) size 784x221
        RenderBlock {P} at (0,0) size 784x47
          RenderText {#text} at (0,1) size 290x45
            text run at (0,1) width 290: "fi fl ff ffi ffl fl f   i"
        RenderBlock {P} at (0,87) size 784x47
          RenderText {#text} at (0,1) size 290x45
            text run at (0,1) width 290: "f\x{200C}i f\x{200C}l f\x{200C}f f\x{200C}f\x{200C}i f\x{200C}f\x{200C}l f\x{200C}\x{200C}\x{200C}\x{200C}\x{200C}\x{200C}\x{200C}l f\x{200C}\x{200C}\x{200C}\x{200C}\x{200C}\x{200C}\x{200C} \x{200C}\x{200C}\x{200C}\x{200C}\x{200C}\x{200C}\x{200C} \x{200C}\x{200C}\x{200C}\x{200C}\x{200C}\x{200C}\x{200C} \x{200C}\x{200C}\x{200C}\x{200C}\x{200C}\x{200C}\x{200C}i"
        RenderBlock {P} at (0,174) size 784x47
          RenderText {#text} at (0,1) size 290x45
            text run at (0,1) width 290: "f\x{200D}i f\x{200D}l f\x{200D}f f\x{200D}f\x{200D}i f\x{200D}f\x{200D}l f\x{200D}\x{200D}\x{200D}\x{200D}\x{200D}\x{200D}\x{200D}l f\x{200D}\x{200D}\x{200D}\x{200D}\x{200D}\x{200D}\x{200D} \x{200D}\x{200D}\x{200D}\x{200D}\x{200D}\x{200D}\x{200D} \x{200D}\x{200D}\x{200D}\x{200D}\x{200D}\x{200D}\x{200D} \x{200D}\x{200D}\x{200D}\x{200D}\x{200D}\x{200D}\x{200D}i"
