layer at (0,0) size 785x1289
  RenderView at (0,0) size 785x600
layer at (0,0) size 785x1289
  RenderBlock {HTML} at (0,0) size 785x1289.19
    RenderBody {BODY} at (8,17.41) size 769x1263.78 [color=#00FF00] [bgcolor=#333333]
      RenderBlock {H1} at (0,0) size 769x30
        RenderText {#text} at (0,0) size 515x30
          text run at (0,0) width 515: "CSS2 Table Backgrounds Test Suite"
      RenderBlock {H2} at (0,47.41) size 769x22
        RenderText {#text} at (0,0) size 246x22
          text run at (0,0) width 246: "Part E: Special Tests"
      RenderBlock {H3} at (0,85.58) size 769x17
        RenderText {#text} at (0,0) size 108x17
          text run at (0,0) width 108: "opacity: 0.5"
      RenderBlock {UL} at (0,117.78) size 769x64
        RenderListItem {LI} at (40,0) size 729x16
          RenderListMarker at (-16,0) size 6x16: bullet
          RenderText {#text} at (0,0) size 280x16
            text run at (0,0) width 280: "The first three rows should be red."
        RenderListItem {LI} at (40,16) size 729x16
          RenderListMarker at (-16,0) size 6x16: bullet
          RenderText {#text} at (0,0) size 240x16
            text run at (0,0) width 240: "The last row should be orange."
        RenderListItem {LI} at (40,32) size 729x32
          RenderListMarker at (-16,0) size 6x16: bullet
          RenderText {#text} at (0,0) size 696x32
            text run at (0,0) width 696: "Cell A should be purple. Cell P should also be purple, but of a shade that reflects the"
            text run at (0,16) width 304: "underlying orange rather than the red."
      RenderBlock {DL} at (0,194.78) size 769x96
        RenderBlock {DT} at (0,0) size 769x16
          RenderText {#text} at (0,0) size 32x16
            text run at (0,0) width 32: "next"
        RenderBlock {DD} at (40,16) size 729x16
          RenderInline {A} at (0,0) size 256x16 [color=#FFFF00]
            RenderText {#text} at (0,0) size 256x16
              text run at (0,0) width 256: "Special Tests: Fixed Backgrounds"
          RenderText {#text} at (0,0) size 0x0
        RenderBlock {DT} at (0,32) size 769x16
          RenderText {#text} at (0,0) size 64x16
            text run at (0,0) width 64: "previous"
        RenderBlock {DD} at (40,48) size 729x16
          RenderInline {A} at (0,0) size 408x16 [color=#FFFF00]
            RenderText {#text} at (0,0) size 408x16
              text run at (0,0) width 408: "Background with Borders: Background on 'table-cell'"
          RenderText {#text} at (0,0) size 0x0
        RenderBlock {DT} at (0,64) size 769x16
          RenderText {#text} at (0,0) size 64x16
            text run at (0,0) width 64: "contents"
        RenderBlock {DD} at (40,80) size 729x16
          RenderInline {A} at (0,0) size 136x16 [color=#FFFF00]
            RenderText {#text} at (0,0) size 136x16
              text run at (0,0) width 136: "Table of Contents"
          RenderText {#text} at (0,0) size 0x0
      RenderTable {TABLE} at (0,303.78) size 618x471 [color=#000000] [bgcolor=#FFFFFF] [border: (1px dotted #000000)]
        RenderBlock {CAPTION} at (0,0) size 618x27 [color=#FFFFFF]
          RenderText {#text} at (142,0) size 334x27
            text run at (142,0) width 334: "With 'border-collapse: separate'"
        RenderTableCol {COLGROUP} at (0,0) size 0x0
          RenderTableCol {COL} at (0,0) size 0x0
          RenderTableCol {COL} at (0,0) size 0x0
          RenderTableCol {COL} at (0,0) size 0x0
        RenderTableCol {COLGROUP} at (0,0) size 0x0
          RenderTableCol {COL} at (0,0) size 0x0
        RenderTableSection {THEAD} at (1,28) size 616x114
        RenderTableSection {TBODY} at (1,142) size 616x206
      RenderTable {TABLE} at (0,774.78) size 578x437 [color=#000000] [bgcolor=#FFFFFF] [border: (6px dotted #000000)]
        RenderBlock {CAPTION} at (0,0) size 578x27 [color=#FFFFFF]
          RenderText {#text} at (124,0) size 330x27
            text run at (124,0) width 330: "With 'border-collapse: collapse'"
        RenderTableCol {COLGROUP} at (0,0) size 0x0
          RenderTableCol {COL} at (0,0) size 0x0
          RenderTableCol {COL} at (0,0) size 0x0
          RenderTableCol {COL} at (0,0) size 0x0
        RenderTableCol {COLGROUP} at (0,0) size 0x0
          RenderTableCol {COL} at (0,0) size 0x0
        RenderTableSection {THEAD} at (0,33) size 577x99
        RenderTableSection {TBODY} at (0,132) size 577x190
      RenderBlock {DIV} at (0,1211.78) size 769x35
        RenderInline {A} at (0,0) size 88x16 [color=#FFFF00]
          RenderImage {IMG} at (0,0) size 88x31
        RenderText {#text} at (0,0) size 0x0
      RenderBlock {ADDRESS} at (0,1246.78) size 769x17
        RenderText {#text} at (0,0) size 704x17
          text run at (0,0) width 704: "CSS2 Table Backgrounds Test Suite designed and written by fantasai <fantasai@escape.com>"
layer at (9,356) size 616x100 transparent
  RenderTableRow {TR} at (0,7) size 616x100 [bgcolor=#FF0000]
    RenderTableCell {TH} at (144,32) size 220x50 [border: (13px dotted #000000)] [r=0 c=1 rs=1 cs=1]
      RenderText {#text} at (87,14) size 46x21
        text run at (87,14) width 46: "TH B"
    RenderTableCell {TH} at (371,55) size 118x4 [border: (1px dotted #000000)] [r=0 c=2 rs=1 cs=1]
    RenderTableCell {TH} at (496,44) size 113x26 [border: (1px dotted #000000)] [r=0 c=3 rs=1 cs=1]
      RenderText {#text} at (34,2) size 45x21
        text run at (34,2) width 45: "TH D"
layer at (16,356) size 130x100 transparent
  RenderTableCell {TH} at (7,44) size 130x26 [bgcolor=#0000FF] [border: (1px dotted #000000)] [r=0 c=0 rs=1 cs=1]
    RenderText {#text} at (42,2) size 46x21
      text run at (42,2) width 46: "TH A"
layer at (9,669) size 616x122 transparent
  RenderTableSection {TFOOT} at (1,348) size 616x122 [bgcolor=#FFFF00]
layer at (9,669) size 616x115 transparent
  RenderTableRow {TR} at (0,0) size 616x115 [bgcolor=#FF0000]
    RenderTableCell {TD} at (7,42) size 357x31 [border: (1px dotted #000000)] [r=0 c=0 rs=1 cs=2]
      RenderText {#text} at (2,2) size 54x27
        text run at (2,2) width 54: "TD M"
    RenderTableCell {TD} at (371,42) size 118x31 [border: (1px dotted #000000)] [r=0 c=2 rs=1 cs=1]
      RenderText {#text} at (2,2) size 52x27
        text run at (2,2) width 52: "TD O"
layer at (505,669) size 113x115 transparent
  RenderTableCell {TD} at (496,42) size 113x31 [bgcolor=#0000FF] [border: (1px dotted #000000)] [r=0 c=3 rs=1 cs=1]
    RenderText {#text} at (2,2) size 50x27
      text run at (2,2) width 50: "TD P"
layer at (9,463) size 616x108 transparent
  RenderTableRow {TR} at (0,0) size 616x108 [bgcolor=#FF0000]
    RenderTableCell {TD} at (7,72) size 130x55 [border: (13px dotted #000000)] [r=0 c=0 rs=2 cs=1]
      RenderText {#text} at (14,14) size 50x27
        text run at (14,14) width 50: "TD E"
    RenderTableCell {TD} at (144,38) size 220x31 [border: (1px dotted #000000)] [r=0 c=1 rs=1 cs=1]
      RenderText {#text} at (2,2) size 49x27
        text run at (2,2) width 49: "TD F"
    RenderTableCell {TD} at (371,38) size 118x31 [border: (1px dotted #000000)] [r=0 c=2 rs=1 cs=1]
      RenderText {#text} at (2,2) size 52x27
        text run at (2,2) width 52: "TD G"
    RenderTableCell {TD} at (496,38) size 113x31 [border: (1px dotted #000000)] [r=0 c=3 rs=1 cs=1]
      RenderText {#text} at (2,2) size 52x27
        text run at (2,2) width 52: "TD H"
layer at (9,578) size 616x84 transparent
  RenderTableRow {TR} at (0,115) size 616x84 [bgcolor=#FF0000]
    RenderTableCell {TD} at (144,141) size 220x31 [border: (1px dotted #000000)] [r=1 c=1 rs=1 cs=1]
      RenderText {#text} at (2,2) size 49x27
        text run at (2,2) width 49: "TD J"
    RenderTableCell {TD} at (371,141) size 118x31 [border: (1px dotted #000000)] [r=1 c=2 rs=1 cs=1]
      RenderText {#text} at (2,2) size 52x27
        text run at (2,2) width 52: "TD K"
    RenderTableCell {TD} at (496,141) size 113x31 [border: (1px dotted #000000)] [r=1 c=3 rs=1 cs=1]
      RenderText {#text} at (2,2) size 49x27
        text run at (2,2) width 49: "TD L"
layer at (8,825) size 577x99 transparent
  RenderTableRow {TR} at (0,0) size 577x99 [bgcolor=#FF0000]
    RenderTableCell {TH} at (135,31) size 207x37 [border: (7px dotted #000000)] [r=0 c=1 rs=1 cs=1]
      RenderText {#text} at (81,8) size 46x21
        text run at (81,8) width 46: "TH B"
    RenderTableCell {TH} at (342,48) size 123x3 [border: (1px dotted #000000)] [r=0 c=2 rs=1 cs=1]
    RenderTableCell {TH} at (465,37) size 112x25 [border: (1px dotted #000000)] [r=0 c=3 rs=1 cs=1]
      RenderText {#text} at (34,2) size 45x21
        text run at (34,2) width 45: "TH D"
layer at (8,825) size 135x99 transparent
  RenderTableCell {TH} at (0,34) size 135x31 [bgcolor=#0000FF] [border: (1px dotted #000000)] [r=0 c=0 rs=1 cs=1]
    RenderText {#text} at (42,2) size 46x21
      text run at (42,2) width 46: "TH A"
layer at (8,1114) size 577x114 transparent
  RenderTableSection {TFOOT} at (0,322) size 577x114 [bgcolor=#FFFF00]
layer at (8,1114) size 577x114 transparent
  RenderTableRow {TR} at (0,0) size 577x114 [bgcolor=#FF0000]
    RenderTableCell {TD} at (0,39) size 342x36 [border: (7px dotted #000000)] [r=0 c=0 rs=1 cs=2]
      RenderText {#text} at (2,8) size 54x27
        text run at (2,8) width 54: "TD M"
    RenderTableCell {TD} at (342,42) size 123x30 [border: (1px dotted #000000)] [r=0 c=2 rs=1 cs=1]
      RenderText {#text} at (2,2) size 52x27
        text run at (2,2) width 52: "TD O"
layer at (473,1114) size 112x114 transparent
  RenderTableCell {TD} at (465,42) size 112x30 [bgcolor=#0000FF] [border: (1px dotted #000000)] [r=0 c=3 rs=1 cs=1]
    RenderText {#text} at (2,2) size 50x27
      text run at (2,2) width 50: "TD P"
layer at (8,924) size 577x107 transparent
  RenderTableRow {TR} at (0,0) size 577x107 [bgcolor=#FF0000]
    RenderTableCell {TD} at (0,74) size 135x42 [border: (7px dotted #000000)] [r=0 c=0 rs=2 cs=1]
      RenderText {#text} at (8,8) size 50x27
        text run at (8,8) width 50: "TD E"
    RenderTableCell {TD} at (135,35) size 207x36 [border: (7px dotted #000000)] [r=0 c=1 rs=1 cs=1]
      RenderText {#text} at (8,8) size 49x27
        text run at (8,8) width 49: "TD F"
    RenderTableCell {TD} at (342,38) size 123x30 [border: (1px dotted #000000)] [r=0 c=2 rs=1 cs=1]
      RenderText {#text} at (2,2) size 52x27
        text run at (2,2) width 52: "TD G"
    RenderTableCell {TD} at (465,38) size 112x30 [border: (1px dotted #000000)] [r=0 c=3 rs=1 cs=1]
      RenderText {#text} at (2,2) size 52x27
        text run at (2,2) width 52: "TD H"
layer at (8,1031) size 577x83 transparent
  RenderTableRow {TR} at (0,107) size 577x83 [bgcolor=#FF0000]
    RenderTableCell {TD} at (135,133) size 207x30 [border: (1px dotted #000000)] [r=1 c=1 rs=1 cs=1]
      RenderText {#text} at (8,2) size 49x27
        text run at (8,2) width 49: "TD J"
    RenderTableCell {TD} at (342,133) size 123x30 [border: (1px dotted #000000)] [r=1 c=2 rs=1 cs=1]
      RenderText {#text} at (2,2) size 52x27
        text run at (2,2) width 52: "TD K"
    RenderTableCell {TD} at (465,133) size 112x30 [border: (1px dotted #000000)] [r=1 c=3 rs=1 cs=1]
      RenderText {#text} at (2,2) size 49x27
        text run at (2,2) width 49: "TD L"
