layer at (0,0) size 800x600
  RenderView at (0,0) size 800x600
layer at (0,0) size 800x600
  RenderBlock {HTML} at (0,0) size 800x600
    RenderBody {BODY} at (8,8) size 784x584
      RenderTable {TABLE} at (0,0) size 212x312 [border: (2px outset #808080)]
        RenderTableSection {TBODY} at (2,2) size 208x308
          RenderTableRow {TR} at (0,2) size 208x304
            RenderTableCell {TD} at (2,2) size 204x304 [border: (1px inset #808080)] [r=0 c=0 rs=1 cs=1]
layer at (14,14) size 200x300 clip at (14,14) size 185x300 scrollHeight 384
  RenderBlock {DIV} at (2,2) size 200x300
    RenderText {#text} at (0,0) size 140x16
      text run at (0,0) width 140: "Lots of overflow text."
    RenderBR {BR} at (139,12) size 1x0
    RenderText {#text} at (0,16) size 140x16
      text run at (0,16) width 140: "Lots of overflow text."
    RenderBR {BR} at (139,28) size 1x0
    RenderText {#text} at (0,32) size 140x16
      text run at (0,32) width 140: "Lots of overflow text."
    RenderBR {BR} at (139,44) size 1x0
    RenderText {#text} at (0,48) size 140x16
      text run at (0,48) width 140: "Lots of overflow text."
    RenderBR {BR} at (139,60) size 1x0
    RenderText {#text} at (0,64) size 140x16
      text run at (0,64) width 140: "Lots of overflow text."
    RenderBR {BR} at (139,76) size 1x0
    RenderText {#text} at (0,80) size 140x16
      text run at (0,80) width 140: "Lots of overflow text."
    RenderBR {BR} at (139,92) size 1x0
    RenderText {#text} at (0,96) size 140x16
      text run at (0,96) width 140: "Lots of overflow text."
    RenderBR {BR} at (139,108) size 1x0
    RenderText {#text} at (0,112) size 140x16
      text run at (0,112) width 140: "Lots of overflow text."
    RenderBR {BR} at (139,124) size 1x0
    RenderText {#text} at (0,128) size 140x16
      text run at (0,128) width 140: "Lots of overflow text."
    RenderBR {BR} at (139,140) size 1x0
    RenderText {#text} at (0,144) size 140x16
      text run at (0,144) width 140: "Lots of overflow text."
    RenderBR {BR} at (139,156) size 1x0
    RenderText {#text} at (0,160) size 140x16
      text run at (0,160) width 140: "Lots of overflow text."
    RenderBR {BR} at (139,172) size 1x0
    RenderText {#text} at (0,176) size 140x16
      text run at (0,176) width 140: "Lots of overflow text."
    RenderBR {BR} at (139,188) size 1x0
    RenderText {#text} at (0,192) size 140x16
      text run at (0,192) width 140: "Lots of overflow text."
    RenderBR {BR} at (139,204) size 1x0
    RenderText {#text} at (0,208) size 140x16
      text run at (0,208) width 140: "Lots of overflow text."
    RenderBR {BR} at (139,220) size 1x0
    RenderText {#text} at (0,224) size 140x16
      text run at (0,224) width 140: "Lots of overflow text."
    RenderBR {BR} at (139,236) size 1x0
    RenderText {#text} at (0,240) size 140x16
      text run at (0,240) width 140: "Lots of overflow text."
    RenderBR {BR} at (139,252) size 1x0
    RenderText {#text} at (0,256) size 140x16
      text run at (0,256) width 140: "Lots of overflow text."
    RenderBR {BR} at (139,268) size 1x0
    RenderText {#text} at (0,272) size 140x16
      text run at (0,272) width 140: "Lots of overflow text."
    RenderBR {BR} at (139,284) size 1x0
    RenderText {#text} at (0,288) size 140x16
      text run at (0,288) width 140: "Lots of overflow text."
    RenderBR {BR} at (139,300) size 1x0
    RenderText {#text} at (0,304) size 140x16
      text run at (0,304) width 140: "Lots of overflow text."
    RenderBR {BR} at (139,316) size 1x0
    RenderText {#text} at (0,320) size 140x16
      text run at (0,320) width 140: "Lots of overflow text."
    RenderBR {BR} at (139,332) size 1x0
    RenderText {#text} at (0,336) size 140x16
      text run at (0,336) width 140: "Lots of overflow text."
    RenderBR {BR} at (139,348) size 1x0
    RenderText {#text} at (0,352) size 140x16
      text run at (0,352) width 140: "Lots of overflow text."
    RenderBR {BR} at (139,364) size 1x0
    RenderText {#text} at (0,368) size 140x16
      text run at (0,368) width 140: "Lots of overflow text."
    RenderBR {BR} at (139,380) size 1x0
