layer at (0,0) size 785x880
  RenderView at (0,0) size 785x585
layer at (0,0) size 785x585
  RenderBlock {HTML} at (0,0) size 785x585
    RenderBody {BODY} at (0,0) size 785x585
      RenderText {#text} at (0,0) size 448x16
        text run at (0,0) width 448: "ffffffffffffffffffffffffffffffffffffffffffffffffffffffffffffffffffffffffffffffffffff"
      RenderBR {BR} at (447,12) size 1x0
      RenderText {#text} at (0,16) size 448x16
        text run at (0,16) width 448: "ffffffffffffffffffffffffffffffffffffffffffffffffffffffffffffffffffffffffffffffffffff"
      RenderBR {BR} at (447,28) size 1x0
      RenderText {#text} at (0,32) size 448x16
        text run at (0,32) width 448: "ffffffffffffffffffffffffffffffffffffffffffffffffffffffffffffffffffffffffffffffffffff"
      RenderBR {BR} at (447,44) size 1x0
      RenderText {#text} at (0,48) size 448x16
        text run at (0,48) width 448: "ffffffffffffffffffffffffffffffffffffffffffffffffffffffffffffffffffffffffffffffffffff"
      RenderBR {BR} at (447,60) size 1x0
      RenderText {#text} at (0,64) size 448x16
        text run at (0,64) width 448: "ffffffffffffffffffffffffffffffffffffffffffffffffffffffffffffffffffffffffffffffffffff"
      RenderBR {BR} at (447,76) size 1x0
      RenderText {#text} at (0,80) size 448x16
        text run at (0,80) width 448: "ffffffffffffffffffffffffffffffffffffffffffffffffffffffffffffffffffffffffffffffffffff"
      RenderBR {BR} at (447,92) size 1x0
      RenderText {#text} at (0,96) size 448x16
        text run at (0,96) width 448: "ffffffffffffffffffffffffffffffffffffffffffffffffffffffffffffffffffffffffffffffffffff"
      RenderBR {BR} at (447,108) size 1x0
      RenderText {#text} at (0,112) size 448x16
        text run at (0,112) width 448: "ffffffffffffffffffffffffffffffffffffffffffffffffffffffffffffffffffffffffffffffffffff"
      RenderBR {BR} at (447,124) size 1x0
      RenderText {#text} at (0,128) size 448x16
        text run at (0,128) width 448: "ffffffffffffffffffffffffffffffffffffffffffffffffffffffffffffffffffffffffffffffffffff"
      RenderBR {BR} at (447,140) size 1x0
      RenderText {#text} at (0,144) size 448x16
        text run at (0,144) width 448: "ffffffffffffffffffffffffffffffffffffffffffffffffffffffffffffffffffffffffffffffffffff"
      RenderBR {BR} at (447,156) size 1x0
      RenderText {#text} at (0,160) size 448x16
        text run at (0,160) width 448: "ffffffffffffffffffffffffffffffffffffffffffffffffffffffffffffffffffffffffffffffffffff"
      RenderBR {BR} at (447,172) size 1x0
      RenderText {#text} at (0,176) size 448x16
        text run at (0,176) width 448: "ffffffffffffffffffffffffffffffffffffffffffffffffffffffffffffffffffffffffffffffffffff"
      RenderBR {BR} at (447,188) size 1x0
      RenderText {#text} at (0,192) size 448x16
        text run at (0,192) width 448: "ffffffffffffffffffffffffffffffffffffffffffffffffffffffffffffffffffffffffffffffffffff"
      RenderBR {BR} at (447,204) size 1x0
      RenderText {#text} at (0,208) size 448x16
        text run at (0,208) width 448: "ffffffffffffffffffffffffffffffffffffffffffffffffffffffffffffffffffffffffffffffffffff"
      RenderBR {BR} at (447,220) size 1x0
      RenderText {#text} at (0,224) size 448x16
        text run at (0,224) width 448: "ffffffffffffffffffffffffffffffffffffffffffffffffffffffffffffffffffffffffffffffffffff"
      RenderBR {BR} at (447,236) size 1x0
      RenderText {#text} at (0,240) size 448x16
        text run at (0,240) width 448: "ffffffffffffffffffffffffffffffffffffffffffffffffffffffffffffffffffffffffffffffffffff"
      RenderBR {BR} at (447,252) size 1x0
      RenderText {#text} at (0,256) size 448x16
        text run at (0,256) width 448: "ffffffffffffffffffffffffffffffffffffffffffffffffffffffffffffffffffffffffffffffffffff"
      RenderBR {BR} at (447,268) size 1x0
      RenderText {#text} at (0,272) size 448x16
        text run at (0,272) width 448: "ffffffffffffffffffffffffffffffffffffffffffffffffffffffffffffffffffffffffffffffffffff"
      RenderBR {BR} at (447,284) size 1x0
      RenderText {#text} at (0,288) size 448x16
        text run at (0,288) width 448: "ffffffffffffffffffffffffffffffffffffffffffffffffffffffffffffffffffffffffffffffffffff"
      RenderBR {BR} at (447,300) size 1x0
      RenderText {#text} at (0,304) size 448x16
        text run at (0,304) width 448: "ffffffffffffffffffffffffffffffffffffffffffffffffffffffffffffffffffffffffffffffffffff"
      RenderBR {BR} at (447,316) size 1x0
      RenderText {#text} at (0,320) size 448x16
        text run at (0,320) width 448: "ffffffffffffffffffffffffffffffffffffffffffffffffffffffffffffffffffffffffffffffffffff"
      RenderBR {BR} at (447,332) size 1x0
      RenderText {#text} at (0,336) size 448x16
        text run at (0,336) width 448: "ffffffffffffffffffffffffffffffffffffffffffffffffffffffffffffffffffffffffffffffffffff"
      RenderBR {BR} at (447,348) size 1x0
      RenderText {#text} at (0,352) size 448x16
        text run at (0,352) width 448: "ffffffffffffffffffffffffffffffffffffffffffffffffffffffffffffffffffffffffffffffffffff"
      RenderBR {BR} at (447,364) size 1x0
      RenderText {#text} at (0,368) size 448x16
        text run at (0,368) width 448: "ffffffffffffffffffffffffffffffffffffffffffffffffffffffffffffffffffffffffffffffffffff"
      RenderBR {BR} at (447,380) size 1x0
      RenderText {#text} at (0,384) size 448x16
        text run at (0,384) width 448: "ffffffffffffffffffffffffffffffffffffffffffffffffffffffffffffffffffffffffffffffffffff"
      RenderBR {BR} at (447,396) size 1x0
      RenderText {#text} at (0,400) size 448x16
        text run at (0,400) width 448: "ffffffffffffffffffffffffffffffffffffffffffffffffffffffffffffffffffffffffffffffffffff"
      RenderBR {BR} at (447,412) size 1x0
      RenderText {#text} at (0,416) size 448x16
        text run at (0,416) width 448: "ffffffffffffffffffffffffffffffffffffffffffffffffffffffffffffffffffffffffffffffffffff"
      RenderBR {BR} at (447,428) size 1x0
      RenderText {#text} at (0,432) size 448x16
        text run at (0,432) width 448: "ffffffffffffffffffffffffffffffffffffffffffffffffffffffffffffffffffffffffffffffffffff"
      RenderBR {BR} at (447,444) size 1x0
      RenderText {#text} at (0,448) size 448x16
        text run at (0,448) width 448: "ffffffffffffffffffffffffffffffffffffffffffffffffffffffffffffffffffffffffffffffffffff"
      RenderBR {BR} at (447,460) size 1x0
      RenderText {#text} at (0,464) size 448x16
        text run at (0,464) width 448: "ffffffffffffffffffffffffffffffffffffffffffffffffffffffffffffffffffffffffffffffffffff"
      RenderBR {BR} at (447,476) size 1x0
      RenderText {#text} at (0,480) size 448x16
        text run at (0,480) width 448: "ffffffffffffffffffffffffffffffffffffffffffffffffffffffffffffffffffffffffffffffffffff"
      RenderBR {BR} at (447,492) size 1x0
      RenderText {#text} at (0,496) size 448x16
        text run at (0,496) width 448: "ffffffffffffffffffffffffffffffffffffffffffffffffffffffffffffffffffffffffffffffffffff"
      RenderBR {BR} at (447,508) size 1x0
      RenderText {#text} at (0,512) size 448x16
        text run at (0,512) width 448: "ffffffffffffffffffffffffffffffffffffffffffffffffffffffffffffffffffffffffffffffffffff"
      RenderBR {BR} at (447,524) size 1x0
      RenderText {#text} at (0,528) size 448x16
        text run at (0,528) width 448: "ffffffffffffffffffffffffffffffffffffffffffffffffffffffffffffffffffffffffffffffffffff"
      RenderBR {BR} at (447,540) size 1x0
      RenderText {#text} at (0,544) size 448x16
        text run at (0,544) width 448: "ffffffffffffffffffffffffffffffffffffffffffffffffffffffffffffffffffffffffffffffffffff"
      RenderBR {BR} at (447,556) size 1x0
      RenderText {#text} at (0,560) size 448x16
        text run at (0,560) width 448: "ffffffffffffffffffffffffffffffffffffffffffffffffffffffffffffffffffffffffffffffffffff"
      RenderBR {BR} at (447,572) size 1x0
      RenderText {#text} at (0,576) size 448x16
        text run at (0,576) width 448: "ffffffffffffffffffffffffffffffffffffffffffffffffffffffffffffffffffffffffffffffffffff"
      RenderBR {BR} at (447,588) size 1x0
      RenderText {#text} at (0,592) size 448x16
        text run at (0,592) width 448: "ffffffffffffffffffffffffffffffffffffffffffffffffffffffffffffffffffffffffffffffffffff"
      RenderBR {BR} at (447,604) size 1x0
      RenderText {#text} at (0,608) size 448x16
        text run at (0,608) width 448: "ffffffffffffffffffffffffffffffffffffffffffffffffffffffffffffffffffffffffffffffffffff"
      RenderBR {BR} at (447,620) size 1x0
      RenderText {#text} at (0,624) size 448x16
        text run at (0,624) width 448: "ffffffffffffffffffffffffffffffffffffffffffffffffffffffffffffffffffffffffffffffffffff"
      RenderBR {BR} at (447,636) size 1x0
      RenderText {#text} at (0,640) size 448x16
        text run at (0,640) width 448: "ffffffffffffffffffffffffffffffffffffffffffffffffffffffffffffffffffffffffffffffffffff"
      RenderBR {BR} at (447,652) size 1x0
      RenderText {#text} at (0,656) size 448x16
        text run at (0,656) width 448: "ffffffffffffffffffffffffffffffffffffffffffffffffffffffffffffffffffffffffffffffffffff"
      RenderBR {BR} at (447,668) size 1x0
      RenderText {#text} at (0,672) size 448x16
        text run at (0,672) width 448: "ffffffffffffffffffffffffffffffffffffffffffffffffffffffffffffffffffffffffffffffffffff"
      RenderBR {BR} at (447,684) size 1x0
      RenderText {#text} at (0,688) size 448x16
        text run at (0,688) width 448: "ffffffffffffffffffffffffffffffffffffffffffffffffffffffffffffffffffffffffffffffffffff"
      RenderBR {BR} at (447,700) size 1x0
      RenderText {#text} at (0,704) size 448x16
        text run at (0,704) width 448: "ffffffffffffffffffffffffffffffffffffffffffffffffffffffffffffffffffffffffffffffffffff"
      RenderBR {BR} at (447,716) size 1x0
      RenderText {#text} at (0,720) size 448x16
        text run at (0,720) width 448: "ffffffffffffffffffffffffffffffffffffffffffffffffffffffffffffffffffffffffffffffffffff"
      RenderBR {BR} at (447,732) size 1x0
      RenderText {#text} at (0,736) size 448x16
        text run at (0,736) width 448: "ffffffffffffffffffffffffffffffffffffffffffffffffffffffffffffffffffffffffffffffffffff"
      RenderBR {BR} at (447,748) size 1x0
      RenderText {#text} at (0,752) size 448x16
        text run at (0,752) width 448: "ffffffffffffffffffffffffffffffffffffffffffffffffffffffffffffffffffffffffffffffffffff"
      RenderBR {BR} at (447,764) size 1x0
      RenderText {#text} at (0,768) size 448x16
        text run at (0,768) width 448: "ffffffffffffffffffffffffffffffffffffffffffffffffffffffffffffffffffffffffffffffffffff"
      RenderBR {BR} at (447,780) size 1x0
      RenderText {#text} at (0,784) size 448x16
        text run at (0,784) width 448: "ffffffffffffffffffffffffffffffffffffffffffffffffffffffffffffffffffffffffffffffffffff"
      RenderBR {BR} at (447,796) size 1x0
      RenderText {#text} at (0,800) size 448x16
        text run at (0,800) width 448: "ffffffffffffffffffffffffffffffffffffffffffffffffffffffffffffffffffffffffffffffffffff"
      RenderBR {BR} at (447,812) size 1x0
      RenderText {#text} at (0,816) size 448x16
        text run at (0,816) width 448: "ffffffffffffffffffffffffffffffffffffffffffffffffffffffffffffffffffffffffffffffffffff"
      RenderBR {BR} at (447,828) size 1x0
      RenderText {#text} at (0,832) size 448x16
        text run at (0,832) width 448: "ffffffffffffffffffffffffffffffffffffffffffffffffffffffffffffffffffffffffffffffffffff"
      RenderBR {BR} at (447,844) size 1x0
      RenderText {#text} at (0,848) size 448x16
        text run at (0,848) width 448: "ffffffffffffffffffffffffffffffffffffffffffffffffffffffffffffffffffffffffffffffffffff"
      RenderBR {BR} at (447,860) size 1x0
      RenderText {#text} at (0,864) size 448x16
        text run at (0,864) width 448: "ffffffffffffffffffffffffffffffffffffffffffffffffffffffffffffffffffffffffffffffffffff"
      RenderBR {BR} at (447,876) size 1x0
