layer at (0,0) size 800x600
  RenderView at (0,0) size 800x600
layer at (0,0) size 800x388
  RenderBlock {HTML} at (0,0) size 800x388
    RenderBody {BODY} at (32,32) size 736x324 [bgcolor=#CCCCCC]
layer at (143,32) size 514x146 clip at (144,33) size 497x144 scrollHeight 280
  RenderBlock {DIV} at (111,0) size 514x146 [bgcolor=#FFFFFF] [border: (1px solid #999999)]
    RenderBlock {P} at (17,17) size 465x64
      RenderText {#text} at (0,0) size 225x16
        text run at (0,0) width 225: "This page is to test the behavior of "
      RenderInline {CODE} at (0,0) size 134x13
        RenderText {#text} at (224,2) size 134x13
          text run at (224,2) width 134: "position:absolute"
      RenderText {#text} at (357,0) size 452x32
        text run at (357,0) width 95: " content which"
        text run at (0,16) width 295: "is a child of an overflowed parent object with "
      RenderInline {CODE} at (0,0) size 102x13
        RenderText {#text} at (294,18) size 102x13
          text run at (294,18) width 102: "overflow:auto"
      RenderText {#text} at (395,16) size 433x32
        text run at (395,16) width 38: ", both"
        text run at (0,32) width 176: "when the parent element is "
      RenderInline {CODE} at (0,0) size 118x13
        RenderText {#text} at (175,34) size 118x13
          text run at (175,34) width 118: "position:static"
      RenderText {#text} at (292,32) size 95x16
        text run at (292,32) width 95: " (top case) and"
      RenderInline {CODE} at (0,0) size 133x13
        RenderText {#text} at (0,50) size 133x13
          text run at (0,50) width 133: "position:relative"
      RenderText {#text} at (132,48) size 97x16
        text run at (132,48) width 97: " (bottom case)."
    RenderBlock {P} at (17,97) size 465x156 [color=#999999]
      RenderText {#text} at (0,0) size 462x156
        text run at (0,0) width 444: "Following extra content exists to ensure that the parent box overflows properly. Sed ut"
        text run at (0,13) width 412: "perspiciatis unde omnis iste natus error sit voluptatem accusantium doloremque"
        text run at (0,26) width 429: "laudantium, totam rem aperiam, eaque ipsa quae ab illo inventore veritatis et quasi"
        text run at (0,39) width 455: "architecto beatae vitae dicta sunt explicabo. Nemo enim ipsam voluptatem quia voluptas"
        text run at (0,52) width 440: "sit aspernatur aut odit aut fugit, sed quia consequuntur magni dolores eos qui ratione"
        text run at (0,65) width 450: "voluptatem sequi nesciunt. Neque porro quisquam est, qui dolorem ipsum quia dolor sit"
        text run at (0,78) width 445: "amet, consectetur, adipisci velit, sed quia non numquam eius modi tempora incidunt ut"
        text run at (0,91) width 451: "labore et dolore magnam aliquam quaerat voluptatem. Ut enim ad minima veniam, quis"
        text run at (0,104) width 462: "nostrum exercitationem ullam corporis suscipit laboriosam, nisi ut aliquid ex ea commodi"
        text run at (0,117) width 452: "consequatur? Quis autem vel eum iure reprehenderit qui in ea voluptate velit esse quam"
        text run at (0,130) width 415: "nihil molestiae consequatur, vel illum qui dolorem eum fugiat quo voluptas nulla"
        text run at (0,143) width 50: "pariatur?"
layer at (0,0) size 40x32 transparent
  RenderBlock (positioned) {P} at (0,0) size 40.45x32 [bgcolor=#FF0000]
    RenderText {#text} at (8,8) size 25x16
      text run at (8,8) width 25: "hi 1"
layer at (143,210) size 514x146 clip at (144,211) size 497x144 scrollHeight 328
  RenderBlock (relative positioned) {DIV} at (111,178) size 514x146 [bgcolor=#FFFFFF] [border: (1px solid #999999)]
    RenderBlock {P} at (17,17) size 465x32
      RenderText {#text} at (0,0) size 459x32
        text run at (0,0) width 459: "Safari v1.2.2 incorrectly scrolls the 'hi 1' div when its parent is scrolled."
        text run at (0,16) width 351: "If you resize the page even a little, this bug fixes itself."
    RenderBlock {P} at (17,65) size 465x64
      RenderText {#text} at (0,0) size 410x16
        text run at (0,0) width 410: "Safari v1.2.2 also (really odd) causes the entire second div to be"
      RenderInline {CODE} at (0,0) size 86x13
        RenderText {#text} at (0,18) size 86x13
          text run at (0,18) width 86: "opacity:0.5"
      RenderText {#text} at (85,16) size 451x48
        text run at (85,16) width 358: ", despite the fact that this property is only applied to the"
        text run at (0,32) width 451: "child item. This problem fixes itself if you resize the window and then"
        text run at (0,48) width 88: "scroll the div."
    RenderBlock {P} at (17,145) size 465x156 [color=#999999]
      RenderText {#text} at (0,0) size 462x156
        text run at (0,0) width 444: "Following extra content exists to ensure that the parent box overflows properly. Sed ut"
        text run at (0,13) width 412: "perspiciatis unde omnis iste natus error sit voluptatem accusantium doloremque"
        text run at (0,26) width 429: "laudantium, totam rem aperiam, eaque ipsa quae ab illo inventore veritatis et quasi"
        text run at (0,39) width 455: "architecto beatae vitae dicta sunt explicabo. Nemo enim ipsam voluptatem quia voluptas"
        text run at (0,52) width 440: "sit aspernatur aut odit aut fugit, sed quia consequuntur magni dolores eos qui ratione"
        text run at (0,65) width 450: "voluptatem sequi nesciunt. Neque porro quisquam est, qui dolorem ipsum quia dolor sit"
        text run at (0,78) width 445: "amet, consectetur, adipisci velit, sed quia non numquam eius modi tempora incidunt ut"
        text run at (0,91) width 451: "labore et dolore magnam aliquam quaerat voluptatem. Ut enim ad minima veniam, quis"
        text run at (0,104) width 462: "nostrum exercitationem ullam corporis suscipit laboriosam, nisi ut aliquid ex ea commodi"
        text run at (0,117) width 452: "consequatur? Quis autem vel eum iure reprehenderit qui in ea voluptate velit esse quam"
        text run at (0,130) width 415: "nihil molestiae consequatur, vel illum qui dolorem eum fugiat quo voluptas nulla"
        text run at (0,143) width 50: "pariatur?"
layer at (144,211) size 40x32 transparent
  RenderBlock (positioned) {P} at (1,1) size 40.45x32 [bgcolor=#FF0000]
    RenderText {#text} at (8,8) size 25x16
      text run at (8,8) width 25: "hi 2"
