layer at (0,0) size 800x600
  RenderView at (0,0) size 800x600
layer at (0,0) size 800x8
  RenderBlock {HTML} at (0,0) size 800x8
    RenderBody {BODY} at (8,8) size 784x0
layer at (8,8) size 300x300 scrollHeight 672
  RenderBlock (positioned) {DIV} at (8,8) size 300x300
    RenderText {#text} at (0,0) size 300x672
      text run at (0,0) width 259: "Lorem ipsum dolor sit amet, consectetur"
      text run at (0,16) width 252: "adipisicing elit, sed do eiusmod tempor"
      text run at (0,32) width 300: "incididunt ut labore et dolore magna aliqua. Ut"
      text run at (0,48) width 235: "enim ad minim veniam, quis nostrud"
      text run at (0,64) width 290: "exercitation ullamco laboris nisi ut aliquip ex"
      text run at (0,80) width 292: "ea commodo consequat. Duis aute irure dolor"
      text run at (0,96) width 290: "in reprehenderit in voluptate velit esse cillum"
      text run at (0,112) width 292: "dolore eu fugiat nulla pariatur. Excepteur sint"
      text run at (0,128) width 293: "occaecat cupidatat non proident, sunt in culpa"
      text run at (0,144) width 241: "qui officia deserunt mollit anim id est"
      text run at (0,160) width 244: "laborum. Lorem ipsum dolor sit amet,"
      text run at (0,176) width 280: "consectetur adipisicing elit, sed do eiusmod"
      text run at (0,192) width 282: "tempor incididunt ut labore et dolore magna"
      text run at (0,208) width 250: "aliqua. Ut enim ad minim veniam, quis"
      text run at (0,224) width 275: "nostrud exercitation ullamco laboris nisi ut"
      text run at (0,240) width 287: "aliquip ex ea commodo consequat. Duis aute"
      text run at (0,256) width 287: "irure dolor in reprehenderit in voluptate velit"
      text run at (0,272) width 271: "esse cillum dolore eu fugiat nulla pariatur."
      text run at (0,288) width 242: "Excepteur sint occaecat cupidatat non"
      text run at (0,304) width 272: "proident, sunt in culpa qui officia deserunt"
      text run at (0,320) width 264: "mollit anim id est laborum. Lorem ipsum"
      text run at (0,336) width 297: "dolor sit amet, consectetur adipisicing elit, sed"
      text run at (0,352) width 269: "do eiusmod tempor incididunt ut labore et"
      text run at (0,368) width 256: "dolore magna aliqua. Ut enim ad minim"
      text run at (0,384) width 269: "veniam, quis nostrud exercitation ullamco"
      text run at (0,400) width 241: "laboris nisi ut aliquip ex ea commodo"
      text run at (0,416) width 222: "consequat. Duis aute irure dolor in"
      text run at (0,432) width 274: "reprehenderit in voluptate velit esse cillum"
      text run at (0,448) width 292: "dolore eu fugiat nulla pariatur. Excepteur sint"
      text run at (0,464) width 293: "occaecat cupidatat non proident, sunt in culpa"
      text run at (0,480) width 241: "qui officia deserunt mollit anim id est"
      text run at (0,496) width 240: "laborum.Lorem ipsum dolor sit amet,"
      text run at (0,512) width 280: "consectetur adipisicing elit, sed do eiusmod"
      text run at (0,528) width 282: "tempor incididunt ut labore et dolore magna"
      text run at (0,544) width 250: "aliqua. Ut enim ad minim veniam, quis"
      text run at (0,560) width 275: "nostrud exercitation ullamco laboris nisi ut"
      text run at (0,576) width 287: "aliquip ex ea commodo consequat. Duis aute"
      text run at (0,592) width 287: "irure dolor in reprehenderit in voluptate velit"
      text run at (0,608) width 271: "esse cillum dolore eu fugiat nulla pariatur."
      text run at (0,624) width 242: "Excepteur sint occaecat cupidatat non"
      text run at (0,640) width 272: "proident, sunt in culpa qui officia deserunt"
      text run at (0,656) width 174: "mollit anim id est laborum."
