layer at (0,0) size 800x600
  RenderView at (0,0) size 800x600
layer at (0,0) size 800x600
  RenderBlock {HTML} at (0,0) size 800x600
    RenderBody {BODY} at (8,8) size 784x584
      RenderBlock (anonymous) at (0,0) size 784x16
        RenderText {#text} at (0,0) size 641x16
          text run at (0,0) width 641: "This tests that the scrollbar and resize corner are not visible on an element that has visibility:hidden."
hidden layer at (8,24) size 50x70 clip at (8,24) size 35x55 scrollWidth 43 scrollHeight 96
  RenderBlock {DIV} at (0,16) size 50x70
    RenderText {#text} at (0,0) size 43x96
      text run at (0,0) width 28: "You"
      text run at (0,16) width 43: "should"
      text run at (0,32) width 21: "not"
      text run at (0,48) width 21: "see"
      text run at (0,64) width 24: "this"
      text run at (0,80) width 24: "text"
