layer at (0,0) size 800x600
  RenderView at (0,0) size 800x600
layer at (0,0) size 800x600
  RenderBlock {HTML} at (0,0) size 800x600
    RenderBody {BODY} at (8,8) size 784x584
      RenderText {#text} at (0,0) size 270x16
        text run at (0,0) width 270: "This tests the -webkit-line-clamp property"
      RenderBR {BR} at (269,12) size 1x0
      RenderBR {BR} at (0,16) size 0x16
      RenderText {#text} at (102,102) size 4x16
        text run at (102,102) width 4: " "
      RenderText {#text} at (208,102) size 4x16
        text run at (208,102) width 4: " "
      RenderText {#text} at (314,102) size 4x16
        text run at (314,102) width 4: " "
      RenderText {#text} at (420,102) size 4x16
        text run at (420,102) width 4: " "
      RenderText {#text} at (526,102) size 4x16
        text run at (526,102) width 4: " "
      RenderText {#text} at (632,102) size 4x16
        text run at (632,102) width 4: " "
      RenderText {#text} at (0,0) size 0x0
      RenderText {#text} at (102,220) size 4x16
        text run at (102,220) width 4: " "
      RenderText {#text} at (208,220) size 4x16
        text run at (208,220) width 4: " "
      RenderText {#text} at (0,0) size 0x0
layer at (8,56) size 102x66 clip at (9,57) size 100x64 scrollHeight 128
  RenderDeprecatedFlexibleBox {DIV} at (0,48) size 102x66 [border: (1px solid #808080)]
    RenderBlock (anonymous) at (1,1) size 100x64
      RenderText {#text} at (0,0) size 83x128
        text run at (0,0) width 30: "50%"
        text run at (0,16) width 69: "truncation."
        text run at (0,32) width 63: "This is an"
        text run at (0,48) width 72: "example of"
        text run at (0,64) width 51: "ellipsis-"
        text run at (0,80) width 83: "truncation of"
        text run at (0,96) width 64: "multi-line"
        text run at (0,112) width 28: "text."
      RenderInline {A} at (0,0) size 36x16 [color=#0000EE]
        RenderText {#text} at (27,112) size 36x16
          text run at (27,112) width 36: "More"
      RenderText {#text} at (0,0) size 0x0
layer at (114,104) size 102x18 clip at (115,105) size 100x16 scrollHeight 96
  RenderDeprecatedFlexibleBox {DIV} at (106,96) size 102x18 [border: (1px solid #808080)]
    RenderBlock (anonymous) at (1,1) size 100x16
      RenderText {#text} at (0,0) size 100x96
        text run at (0,0) width 95: "0% truncation."
        text run at (0,16) width 86: "This does the"
        text run at (0,32) width 100: "most truncation"
        text run at (0,48) width 57: "possible,"
        text run at (0,64) width 94: "truncating to 1"
        text run at (0,80) width 28: "line."
      RenderInline {A} at (0,0) size 36x16 [color=#0000EE]
        RenderText {#text} at (27,80) size 36x16
          text run at (27,80) width 36: "More"
      RenderText {#text} at (0,0) size 0x0
layer at (220,88) size 102x34 clip at (221,89) size 100x32 scrollHeight 96
  RenderDeprecatedFlexibleBox {DIV} at (212,80) size 102x34 [border: (1px solid #808080)]
    RenderBlock (anonymous) at (1,1) size 100x32
      RenderText {#text} at (0,0) size 94x96
        text run at (0,0) width 51: "2 lines. "
        text run at (50,0) width 44: "This is"
        text run at (0,16) width 91: "an example of"
        text run at (0,32) width 51: "ellipsis-"
        text run at (0,48) width 83: "truncation of"
        text run at (0,64) width 64: "multi-line"
        text run at (0,80) width 28: "text."
      RenderInline {A} at (0,0) size 36x16 [color=#0000EE]
        RenderText {#text} at (27,80) size 36x16
          text run at (27,80) width 36: "More"
      RenderText {#text} at (0,0) size 0x0
layer at (326,72) size 102x50 clip at (327,73) size 100x48 scrollHeight 144
  RenderDeprecatedFlexibleBox {DIV} at (318,64) size 102x50 [border: (1px solid #808080)]
    RenderBlock (anonymous) at (1,1) size 100x48
      RenderText {#text} at (0,0) size 85x144
        text run at (0,0) width 72: "Backwards"
        text run at (0,16) width 72: "compatible"
        text run at (0,32) width 73: "truncation. "
        text run at (72,32) width 9: "3"
        text run at (0,48) width 74: "lines on the"
        text run at (0,64) width 85: "latest version"
        text run at (0,80) width 76: "of WebKit. "
        text run at (75,80) width 9: "1"
        text run at (0,96) width 81: "line on older"
        text run at (0,112) width 71: "versions of"
        text run at (0,128) width 55: "WebKit."
      RenderInline {A} at (0,0) size 36x16 [color=#0000EE]
        RenderText {#text} at (54,128) size 36x16
          text run at (54,128) width 36: "More"
      RenderText {#text} at (0,0) size 0x0
layer at (432,88) size 102x34 clip at (433,89) size 100x32 scrollHeight 128
  RenderDeprecatedFlexibleBox {DIV} at (424,80) size 102x34 [border: (1px solid #808080)]
    RenderBlock (anonymous) at (1,1) size 100x32
      RenderText {#text} at (0,0) size 96x128
        text run at (0,0) width 30: "30%"
        text run at (0,16) width 73: "truncation. "
        text run at (72,16) width 21: "No"
        text run at (0,32) width 96: "link at the end."
        text run at (0,48) width 63: "This is an"
        text run at (0,64) width 72: "example of"
        text run at (0,80) width 51: "ellipsis-"
        text run at (0,96) width 83: "truncation of"
        text run at (0,112) width 96: "multi-line text."
layer at (538,72) size 102x50 clip at (539,73) size 100x48 scrollHeight 96
  RenderDeprecatedFlexibleBox {DIV} at (530,64) size 102x50 [border: (1px solid #808080)]
    RenderBlock (anonymous) at (1,1) size 100x48
      RenderText {#text} at (0,0) size 99x96
        text run at (0,0) width 51: "3 lines. "
        text run at (50,0) width 49: "No link"
        text run at (0,16) width 71: "at the end. "
        text run at (70,16) width 29: "This"
        text run at (0,32) width 88: "is an example"
        text run at (0,48) width 68: "of ellipsis-"
        text run at (0,64) width 83: "truncation of"
        text run at (0,80) width 96: "multi-line text."
layer at (644,40) size 102x82 clip at (645,41) size 100x80
  RenderDeprecatedFlexibleBox {DIV} at (636,32) size 102x82 [border: (1px solid #808080)]
    RenderBlock (anonymous) at (1,1) size 100x80
      RenderText {#text} at (0,0) size 94x80
        text run at (0,0) width 51: "0 lines. "
        text run at (50,0) width 44: "This is"
        text run at (0,16) width 64: "an invalid"
        text run at (0,32) width 67: "value for -"
        text run at (0,48) width 79: "webkit-line-"
        text run at (0,64) width 44: "clamp."
layer at (8,158) size 102x82 clip at (9,159) size 100x80
  RenderDeprecatedFlexibleBox {DIV} at (0,150) size 102x82 [border: (1px solid #808080)]
    RenderBlock (anonymous) at (1,1) size 100x80
      RenderText {#text} at (0,0) size 99x80
        text run at (0,0) width 56: "-1 lines. "
        text run at (55,0) width 44: "This is"
        text run at (0,16) width 64: "an invalid"
        text run at (0,32) width 67: "value for -"
        text run at (0,48) width 79: "webkit-line-"
        text run at (0,64) width 44: "clamp."
layer at (114,174) size 102x66 clip at (115,175) size 100x64
  RenderDeprecatedFlexibleBox {DIV} at (106,166) size 102x66 [border: (1px solid #808080)]
    RenderBlock (anonymous) at (1,1) size 100x64
      RenderText {#text} at (0,0) size 97x64
        text run at (0,0) width 35: "-1%. "
        text run at (34,0) width 63: "This is an"
        text run at (0,16) width 84: "invalid value"
        text run at (0,32) width 77: "for -webkit-"
        text run at (0,48) width 73: "line-clamp."
layer at (220,126) size 102x114 clip at (221,127) size 100x112
  RenderDeprecatedFlexibleBox {DIV} at (212,118) size 102x114 [border: (1px solid #808080)]
    RenderBlock (anonymous) at (1,1) size 100x112
      RenderText {#text} at (0,0) size 99x112
        text run at (0,0) width 38: "150%"
        text run at (0,16) width 69: "truncation."
        text run at (0,32) width 86: "This does the"
        text run at (0,48) width 99: "least truncation"
        text run at (0,64) width 57: "possible,"
        text run at (0,80) width 65: "truncating"
        text run at (0,96) width 53: "nothing."
