layer at (0,0) size 800x600
  RenderView at (0,0) size 800x600
layer at (0,0) size 800x600
  RenderBlock {HTML} at (0,0) size 800x600
    RenderBody {BODY} at (8,8) size 784x584
      RenderBlock {P} at (0,0) size 784x32
        RenderText {#text} at (0,0) size 218x16
          text run at (0,0) width 218: "This tests for a regression against "
        RenderInline {I} at (0,0) size 731x32
          RenderInline {A} at (0,0) size 355x16 [color=#0000EE]
            RenderText {#text} at (217,0) size 355x16
              text run at (217,0) width 355: "http://bugzilla.opendarwin.org/show_bug.cgi?id=6618"
          RenderText {#text} at (571,0) size 731x32
            text run at (571,0) width 5: " "
            text run at (575,0) width 156: "Inline in RTL block with"
            text run at (0,16) width 350: "overflow:auto and left border makes scroll bar appear"
        RenderText {#text} at (349,16) size 5x16
          text run at (349,16) width 5: "."
      RenderBlock {HR} at (0,48) size 784x2 [border: (1px inset #EEEEEE)]
layer at (8,66) size 784x16 clip at (18,66) size 774x16
  RenderBlock {DIV} at (0,58) size 784x16 [border: none (10px solid #0000FF)]
    RenderText {#text} at (462,0) size 322x16
      text run at (462,0) width 120: "This block should "
      text run at (780,0) width 4 RTL: "."
    RenderInline {EM} at (0,0) size 21x16
      RenderText {#text} at (581,0) size 21x16
        text run at (581,0) width 21: "not"
    RenderText {#text} at (601,0) size 179x16
      text run at (601,0) width 179: " have a horizontal scroll bar"
