layer at (0,0) size 800x2144
  RenderView at (0,0) size 800x600
layer at (0,0) size 800x2144
  RenderBlock {HTML} at (0,0) size 800x2143.81
    RenderBody {BODY} at (8,16) size 784x2111.81
      RenderBlock {P} at (0,0) size 784x16
        RenderText {#text} at (0,0) size 625x16
          text run at (0,0) width 625: "Scrolling should occur even when the frame's overflow is hidden (i.e. it has no visible scrollbars)."
      RenderBlock {DIV} at (0,32) size 784x2000
        RenderInline {A} at (0,0) size 67x16 [color=#0000EE]
          RenderText {#text} at (0,0) size 67x16
            text run at (0,0) width 67: "Click here"
        RenderText {#text} at (0,0) size 0x0
      RenderBlock {H2} at (0,2051.91) size 784x24
        RenderText {#text} at (0,0) size 120x24
          text run at (0,0) width 120: "Test Passed"
      RenderBlock {P} at (0,2095.81) size 784x16
        RenderText {#text} at (0,0) size 510x16
          text run at (0,0) width 510: "The test should have automatically scrolled down to show \"Test Passed\" above."
scrolled to 0,1544
