layer at (0,0) size 785x600
  RenderView at (0,0) size 785x600
layer at (0,0) size 785x600
  RenderBlock {HTML} at (0,0) size 785x600
    RenderBody {BODY} at (8,8) size 769x584
      RenderBlock (anonymous) at (0,0) size 769x16
        RenderText {#text} at (0,0) size 318x16
          text run at (0,0) width 318: "The body should always have a vertical scrollbar."
      RenderBlock (anonymous) at (0,216) size 769x51
        RenderText {#text} at (161,35) size 4x16
          text run at (161,35) width 4: " "
        RenderText {#text} at (0,0) size 0x0
layer at (8,24) size 300x100 clip at (8,24) size 285x100 scrollHeight 288
  RenderBlock {DIV} at (0,16) size 300x100
    RenderText {#text} at (0,0) size 52x16
      text run at (0,0) width 52: "Y scroll"
    RenderBR {BR} at (51,12) size 1x0
    RenderText {#text} at (0,16) size 52x16
      text run at (0,16) width 52: "Y scroll"
    RenderBR {BR} at (51,28) size 1x0
    RenderText {#text} at (0,32) size 52x16
      text run at (0,32) width 52: "Y scroll"
    RenderBR {BR} at (51,44) size 1x0
    RenderText {#text} at (0,48) size 52x16
      text run at (0,48) width 52: "Y scroll"
    RenderBR {BR} at (51,60) size 1x0
    RenderText {#text} at (0,64) size 52x16
      text run at (0,64) width 52: "Y scroll"
    RenderBR {BR} at (51,76) size 1x0
    RenderText {#text} at (0,80) size 52x16
      text run at (0,80) width 52: "Y scroll"
    RenderBR {BR} at (51,92) size 1x0
    RenderText {#text} at (0,96) size 52x16
      text run at (0,96) width 52: "Y scroll"
    RenderBR {BR} at (51,108) size 1x0
    RenderText {#text} at (0,112) size 52x16
      text run at (0,112) width 52: "Y scroll"
    RenderBR {BR} at (51,124) size 1x0
    RenderText {#text} at (0,128) size 52x16
      text run at (0,128) width 52: "Y scroll"
    RenderBR {BR} at (51,140) size 1x0
    RenderText {#text} at (0,144) size 52x16
      text run at (0,144) width 52: "Y scroll"
    RenderBR {BR} at (51,156) size 1x0
    RenderText {#text} at (0,160) size 52x16
      text run at (0,160) width 52: "Y scroll"
    RenderBR {BR} at (51,172) size 1x0
    RenderText {#text} at (0,176) size 52x16
      text run at (0,176) width 52: "Y scroll"
    RenderBR {BR} at (51,188) size 1x0
    RenderText {#text} at (0,192) size 52x16
      text run at (0,192) width 52: "Y scroll"
    RenderBR {BR} at (51,204) size 1x0
    RenderText {#text} at (0,208) size 52x16
      text run at (0,208) width 52: "Y scroll"
    RenderBR {BR} at (51,220) size 1x0
    RenderText {#text} at (0,224) size 52x16
      text run at (0,224) width 52: "Y scroll"
    RenderBR {BR} at (51,236) size 1x0
    RenderText {#text} at (0,240) size 52x16
      text run at (0,240) width 52: "Y scroll"
    RenderBR {BR} at (51,252) size 1x0
    RenderText {#text} at (0,256) size 52x16
      text run at (0,256) width 52: "Y scroll"
    RenderBR {BR} at (51,268) size 1x0
    RenderText {#text} at (0,272) size 52x16
      text run at (0,272) width 52: "Y scroll"
    RenderBR {BR} at (51,284) size 1x0
layer at (8,124) size 300x100 clip at (8,124) size 300x85 scrollWidth 1208
  RenderBlock {DIV} at (0,116) size 300x100
    RenderText {#text} at (0,0) size 1209x16
      text run at (0,0) width 496: "X scroll X scroll X scroll X scroll X scroll X scroll X scroll X scroll X scroll "
      text run at (495,0) width 332: "X scroll X scroll X scroll X scroll X scroll X scroll "
      text run at (826,0) width 383: "X scroll X scroll X scroll X scroll X scroll X scroll X scroll"
layer at (8,239) size 161x32 clip at (9,240) size 144x30
  RenderTextControl {TEXTAREA} at (0,15) size 161x32 [bgcolor=#FFFFFF] [border: (1px solid #000000)]
    RenderBlock {DIV} at (3,3) size 140x13
      RenderText {#text} at (0,0) size 92x13
        text run at (0,0) width 92: "Textarea y-scroll"
layer at (173,224) size 161x47 clip at (174,225) size 159x30
  RenderTextControl {TEXTAREA} at (165,0) size 161x47 [bgcolor=#FFFFFF] [border: (1px solid #000000)]
    RenderBlock {DIV} at (3,3) size 155x13
      RenderText {#text} at (0,0) size 93x13
        text run at (0,0) width 93: "Textarea x-scroll"
