layer at (0,0) size 800x600
  RenderView at (0,0) size 800x600
layer at (0,0) size 800x286
  RenderBlock {HTML} at (0,0) size 800x286
    RenderBody {BODY} at (8,16) size 784x262
      RenderBlock {UL} at (0,0) size 784x48 [color=#000080]
        RenderListItem {LI} at (40,0) size 744x16
          RenderListMarker at (-16,0) size 6x16: bullet
          RenderText {#text} at (0,0) size 340x16
            text run at (0,0) width 340: "You should not see the background under the border."
        RenderListItem {LI} at (40,16) size 744x16
          RenderListMarker at (-16,0) size 6x16: bullet
          RenderText {#text} at (0,0) size 350x16
            text run at (0,0) width 350: "As you scroll the element below the cats should move."
        RenderListItem {LI} at (40,32) size 744x16
          RenderListMarker at (-16,0) size 6x16: bullet
          RenderText {#text} at (0,0) size 300x16
            text run at (0,0) width 300: "The cats should be on a light grey background."
layer at (8,80) size 390x198 clip at (38,110) size 315x138 scrollHeight 320
  RenderBlock {DIV} at (0,64) size 390x198 [bgcolor=#C0C0C0] [border: (30px dotted #000000)]
    RenderText {#text} at (30,30) size 32x320
      text run at (30,30) width 20: "   1"
      text run at (50,30) width 0: " "
      text run at (30,46) width 20: "   2"
      text run at (50,46) width 0: " "
      text run at (30,62) width 20: "   3"
      text run at (50,62) width 0: " "
      text run at (30,78) width 20: "   4"
      text run at (50,78) width 0: " "
      text run at (30,94) width 20: "   5"
      text run at (50,94) width 0: " "
      text run at (30,110) width 20: "   6"
      text run at (50,110) width 0: " "
      text run at (30,126) width 20: "   7"
      text run at (50,126) width 0: " "
      text run at (30,142) width 20: "   8"
      text run at (50,142) width 0: " "
      text run at (30,158) width 20: "   9"
      text run at (50,158) width 0: " "
      text run at (30,174) width 24: "  10"
      text run at (54,174) width 0: " "
      text run at (30,190) width 24: "  11"
      text run at (54,190) width 0: " "
      text run at (30,206) width 24: "  12"
      text run at (54,206) width 0: " "
      text run at (30,222) width 24: "  13"
      text run at (54,222) width 0: " "
      text run at (30,238) width 24: "  14"
      text run at (54,238) width 0: " "
      text run at (30,254) width 24: "  15"
      text run at (54,254) width 0: " "
      text run at (30,270) width 24: "  16"
      text run at (54,270) width 0: " "
      text run at (30,286) width 24: "  17"
      text run at (54,286) width 0: " "
      text run at (30,302) width 24: "  18"
      text run at (54,302) width 0: " "
      text run at (30,318) width 24: "  19"
      text run at (54,318) width 0: " "
      text run at (30,334) width 32: "  20  "
