layer at (0,0) size 800x600
  RenderView at (0,0) size 800x600
layer at (0,0) size 800x600
  RenderBlock {HTML} at (0,0) size 800x600
    RenderBody {BODY} at (0,0) size 800x584
      RenderBlock {HR} at (0,39) size 800x2 [border: (1px inset #EEEEEE)]
      RenderBlock {P} at (0,57) size 800x48
        RenderText {#text} at (0,0) size 213x16
          text run at (0,0) width 213: "This tests for regressions against "
        RenderInline {I} at (0,0) size 782x32
          RenderText {#text} at (212,0) size 782x32
            text run at (212,0) width 458: "http://bugzilla.opendarwin.org/show_bug.cgi?id=5921 Hit-testing text "
            text run at (669,0) width 113: "in overflows does"
            text run at (0,16) width 196: "not take scrolling into account"
        RenderText {#text} at (195,16) size 786x32
          text run at (195,16) width 85: " by scrolling "
          text run at (279,16) width 420: "the above text all the way to the right, clicking the last letter, and "
          text run at (698,16) width 88: "verifying that"
          text run at (0,32) width 323: "the correct caret position is reported to the editing "
          text run at (323,32) width 58: "delegate."
layer at (0,0) size 210x31 clip at (0,0) size 210x16 scrollX 38.00 scrollWidth 249
  RenderBlock {DIV} at (0,0) size 210x31
    RenderText {#text} at (0,0) size 249x16
      text run at (0,0) width 249: "Seals and caribou live in the arctic, too"
caret: position 40 of child 0 {#text} of child 1 {DIV} of body
