layer at (0,0) size 7430x600
  RenderView at (0,0) size 800x600
layer at (0,0) size 800x150
  RenderBlock {HTML} at (0,0) size 800x150
    RenderBody {BODY} at (8,16) size 784x126
      RenderBlock {P} at (0,0) size 784x48
        RenderText {#text} at (0,0) size 763x48
          text run at (0,0) width 756: "This tests the interaction of overflow on some very wide text with auto table layout. The CSS 2.1 spec does not define"
          text run at (0,16) width 763: "how overflow interacts with intrinsic width, so we copy the IE behavior. Therefore the lines should come out very very"
          text run at (0,32) width 244: "wide and scroll along with the border."
      RenderTable {TABLE} at (0,64) size 7422x62 [border: (1px solid #FF0000)]
        RenderTableSection {TBODY} at (1,1) size 7420x60
          RenderTableRow {TR} at (0,2) size 7420x56
            RenderTableCell {TD} at (2,2) size 7416x56 [r=0 c=0 rs=1 cs=1]
layer at (12,97) size 7414x28 clip at (13,98) size 7412x26
  RenderBlock {PRE} at (1,14) size 7414x28 [border: (1px solid #0000FF)]
    RenderText {#text} at (1,1) size 7412x26
      text run at (1,1) width 3121: "this is a very long line this is a very long line this is a very long line this is a very long line this is a very long line this is a very long line this is a very long line this is a very long line this is a very long line this is a very long line this is a very long line this is a very long line this is a very long line this is a very long line this is a very long line this is a very long line "
      text run at (3121,1) width 1: " "
      text run at (1,14) width 7412: "this is a very long line this is a very long line this is a very long line this is a very long line this is a very long line this is a very long line this is a very long line this is a very long line this is a very long line this is a very long line this is a very long line this is a very long line this is a very long line this is a very long line this is a very long line this is a very long line this is a very long line this is a very long line this is a very long line this is a very long line this is a very long line this is a very long line this is a very long line this is a very long line this is a very long line this is a very long line this is a very long line this is a very long line this is a very long line this is a very long line this is a very long line this is a very long line this is a very long line this is a very long line this is a very long line this is a very long line this is a very long line this is a very long line "
      text run at (7412,14) width 1: " "
