layer at (0,0) size 800x600
  RenderView at (0,0) size 800x600
layer at (0,0) size 800x600
  RenderBlock {HTML} at (0,0) size 800x600
    RenderBody {BODY} at (8,8) size 784x584
      RenderBlock (anonymous) at (0,0) size 784x16
        RenderText {#text} at (0,0) size 516x16
          text run at (0,0) width 516: "The focus ring of the following div should not extend beyond the size of the div."
layer at (8,24) size 500x400 scrollWidth 501 scrollHeight 576
  RenderBlock {DIV} at (0,16) size 500x400
    RenderText {#text} at (0,0) size 500x576
      text run at (0,0) width 500: "............................................................................................................................."
      text run at (0,16) width 500: "............................................................................................................................."
      text run at (0,32) width 500: "............................................................................................................................."
      text run at (0,48) width 500: "............................................................................................................................."
      text run at (0,64) width 500: "............................................................................................................................."
      text run at (0,80) width 500: "............................................................................................................................."
      text run at (0,96) width 500: "............................................................................................................................."
      text run at (0,112) width 500: "............................................................................................................................."
      text run at (0,128) width 500: "............................................................................................................................."
      text run at (0,144) width 500: "............................................................................................................................."
      text run at (0,160) width 500: "............................................................................................................................."
      text run at (0,176) width 500: "............................................................................................................................."
      text run at (0,192) width 500: "............................................................................................................................."
      text run at (0,208) width 500: "............................................................................................................................."
      text run at (0,224) width 500: "............................................................................................................................."
      text run at (0,240) width 500: "............................................................................................................................."
      text run at (0,256) width 500: "............................................................................................................................."
      text run at (0,272) width 500: "............................................................................................................................."
      text run at (0,288) width 500: "............................................................................................................................."
      text run at (0,304) width 500: "............................................................................................................................."
      text run at (0,320) width 500: "............................................................................................................................."
      text run at (0,336) width 500: "............................................................................................................................."
      text run at (0,352) width 500: "............................................................................................................................."
      text run at (0,368) width 500: "............................................................................................................................."
      text run at (0,384) width 500: "............................................................................................................................."
      text run at (0,400) width 500: "............................................................................................................................."
      text run at (0,416) width 500: "............................................................................................................................."
      text run at (0,432) width 500: "............................................................................................................................."
      text run at (0,448) width 500: "............................................................................................................................."
      text run at (0,464) width 500: "............................................................................................................................."
      text run at (0,480) width 500: "............................................................................................................................."
      text run at (0,496) width 500: "............................................................................................................................."
      text run at (0,512) width 500: "............................................................................................................................."
      text run at (0,528) width 500: "............................................................................................................................."
      text run at (0,544) width 500: "............................................................................................................................."
      text run at (0,560) width 212: "....................................................."
caret: position 0 of child 0 {#text} of child 1 {DIV} of body
