layer at (0,0) size 800x600
  RenderView at (0,0) size 800x600
layer at (0,0) size 800x435
  RenderBlock {HTML} at (0,0) size 800x435
    RenderBody {BODY} at (8,16) size 784x411
      RenderBlock {P} at (0,0) size 784x32
        RenderText {#text} at (0,0) size 139x16
          text run at (0,0) width 139: "This is a test case for "
        RenderInline {I} at (0,0) size 775x32
          RenderText {#text} at (138,0) size 775x32
            text run at (138,0) width 637: "http://bugzilla.opendarwin.org/show_bug.cgi?id=5826 Blocks with direction:rtl and overflow:auto"
            text run at (0,16) width 221: "or scroll have incorrect scrollbars"
        RenderText {#text} at (220,16) size 5x16
          text run at (220,16) width 5: "."
      RenderBlock (anonymous) at (0,48) size 784x16
        RenderText {#text} at (0,0) size 469x16
          text run at (0,0) width 469: "The right column should be a mirror-image of the left column in terms of"
      RenderBlock {UL} at (0,80) size 784x64
        RenderListItem {LI} at (40,0) size 744x16
          RenderListMarker at (-16,0) size 6x16: bullet
          RenderText {#text} at (0,0) size 168x16
            text run at (0,0) width 168: "the presence of a scrollbar"
        RenderListItem {LI} at (40,16) size 744x16
          RenderListMarker at (-16,0) size 6x16: bullet
          RenderText {#text} at (0,0) size 242x16
            text run at (0,0) width 242: "the initial position of the scroll thumb"
        RenderListItem {LI} at (40,32) size 744x16
          RenderListMarker at (-16,0) size 6x16: bullet
          RenderText {#text} at (0,0) size 462x16
            text run at (0,0) width 462: "which letters are visible initially and when you scroll (in the top 3 rows)"
        RenderListItem {LI} at (40,48) size 744x16
          RenderListMarker at (-16,0) size 6x16: bullet
          RenderText {#text} at (0,0) size 591x16
            text run at (0,0) width 591: "the position of the blue and olive boxes, initially and when you scroll (in the bottom 2 rows)"
      RenderTable {TABLE} at (0,160) size 256x251
        RenderTableSection {TBODY} at (0,0) size 256x251
          RenderTableRow {TR} at (0,2) size 256x247
            RenderTableCell {TD} at (2,2) size 125x247.25 [r=0 c=0 rs=1 cs=1]
            RenderTableCell {TD} at (129,2) size 125x247.25 [r=0 c=1 rs=1 cs=1]
layer at (15,183) size 115x44 clip at (25,183) size 100x29 scrollWidth 191
  RenderBlock {DIV} at (5,5) size 115x44.25 [bgcolor=#FFFF00] [border: none (5px solid #008000) none (10px solid #FF0000)]
    RenderText {#text} at (10,0) size 192x16
      text run at (10,0) width 192: "abcdefghijklmnopqrstuvwxyz"
layer at (15,231) size 115x45 clip at (25,231) size 100x45 scrollHeight 44
  RenderBlock {DIV} at (5,53.25) size 115x44.25 [bgcolor=#FFFF00] [border: none (5px solid #008000) none (10px solid #FF0000)]
    RenderBlock {DIV} at (10,0) size 100x16 [bgcolor=#D3D3D3]
      RenderText {#text} at (-91,0) size 192x16
        text run at (-91,0) width 191: "abcdefghijklmnopqrstuvwxyz"
layer at (15,280) size 115x44 clip at (25,280) size 100x29 scrollWidth 191
  RenderBlock {DIV} at (5,101.50) size 115x44.25 [bgcolor=#FFFF00] [border: none (5px solid #008000) none (10px solid #FF0000)]
    RenderBlock {DIV} at (10,0) size 100x16 [bgcolor=#D3D3D3]
      RenderText {#text} at (0,0) size 192x16
        text run at (0,0) width 192: "abcdefghijklmnopqrstuvwxyz"
layer at (142,183) size 115x44 clip at (147,183) size 100x29 scrollX 91.00 scrollWidth 191
  RenderBlock {DIV} at (5,5) size 115x44.25 [bgcolor=#FFFF00] [border: none (10px solid #FF0000) none (5px solid #008000)]
    RenderText {#text} at (-86,0) size 192x16
      text run at (-86,0) width 191: "zyxwvutsrqponmlkjihgfedcba"
layer at (142,231) size 115x45 clip at (147,231) size 100x45 scrollHeight 44
  RenderBlock {DIV} at (5,53.25) size 115x44.25 [bgcolor=#FFFF00] [border: none (10px solid #FF0000) none (5px solid #008000)]
    RenderBlock {DIV} at (5,0) size 100x16 [bgcolor=#D3D3D3]
      RenderText {#text} at (0,0) size 192x16
        text run at (0,0) width 192: "zyxwvutsrqponmlkjihgfedcba"
layer at (142,280) size 115x44 clip at (147,280) size 100x29 scrollX 91.00 scrollWidth 191
  RenderBlock {DIV} at (5,101.50) size 115x44.25 [bgcolor=#FFFF00] [border: none (10px solid #FF0000) none (5px solid #008000)]
    RenderBlock {DIV} at (5,0) size 100x16 [bgcolor=#D3D3D3]
      RenderText {#text} at (-91,0) size 192x16
        text run at (-91,0) width 191: "zyxwvutsrqponmlkjihgfedcba"
layer at (15,328) size 115x44 clip at (25,328) size 100x44
  RenderBlock (relative positioned) {DIV} at (5,149.75) size 115x44.25 [bgcolor=#FFFF00] [border: none (5px solid #008000) none (10px solid #FF0000)]
layer at (71,348) size 8x4
  RenderBlock (positioned) {DIV} at (56,20) size 8x4 [bgcolor=#0000FF]
layer at (-25,328) size 70x20 backgroundClip at (25,328) size 100x44 clip at (25,328) size 100x44 outlineClip at (25,328) size 100x44
  RenderBlock (positioned) {DIV} at (-40,0) size 70x20 [bgcolor=#808000]
layer at (15,376) size 115x44 clip at (25,376) size 100x29 scrollWidth 150
  RenderBlock (relative positioned) {DIV} at (5,198) size 115x44.25 [bgcolor=#FFFF00] [border: none (5px solid #008000) none (10px solid #FF0000)]
layer at (71,396) size 8x4
  RenderBlock (positioned) {DIV} at (56,20) size 8x4 [bgcolor=#0000FF]
layer at (105,376) size 70x20 backgroundClip at (25,376) size 100x29 clip at (25,376) size 100x29 outlineClip at (25,376) size 100x29
  RenderBlock (positioned) {DIV} at (90,0) size 70x20 [bgcolor=#808000]
layer at (142,328) size 115x44 clip at (147,328) size 100x44
  RenderBlock (relative positioned) {DIV} at (5,149.75) size 115x44.25 [bgcolor=#FFFF00] [border: none (10px solid #FF0000) none (5px solid #008000)]
layer at (193,348) size 8x4
  RenderBlock (positioned) {DIV} at (51,20) size 8x4 [bgcolor=#0000FF]
layer at (227,328) size 70x20 backgroundClip at (147,328) size 100x44 clip at (147,328) size 100x44 outlineClip at (147,328) size 100x44
  RenderBlock (positioned) {DIV} at (85,0) size 70x20 [bgcolor=#808000]
layer at (142,376) size 115x44 clip at (147,376) size 100x29 scrollX 50.00 scrollWidth 150
  RenderBlock (relative positioned) {DIV} at (5,198) size 115x44.25 [bgcolor=#FFFF00] [border: none (10px solid #FF0000) none (5px solid #008000)]
layer at (193,396) size 8x4
  RenderBlock (positioned) {DIV} at (51,20) size 8x4 [bgcolor=#0000FF]
layer at (97,376) size 70x20 backgroundClip at (147,376) size 100x29 clip at (147,376) size 100x29 outlineClip at (147,376) size 100x29
  RenderBlock (positioned) {DIV} at (-45,0) size 70x20 [bgcolor=#808000]
