layer at (0,0) size 800x600
  RenderView at (0,0) size 800x600
layer at (0,0) size 800x600
  RenderBlock {HTML} at (0,0) size 800x600
    RenderBody {BODY} at (8,8) size 784x584
      RenderText {#text} at (0,0) size 696x16
        text run at (0,0) width 696: "Make sure that floating overflow:auto/hidden/scroll blocks stack properly with other floats at the same level."
      RenderText {#text} at (0,0) size 0x0
      RenderBlock (floating) {DIV} at (250,16) size 300x300 [bgcolor=#FFFF00]
        RenderText {#text} at (0,0) size 246x240
          text run at (0,0) width 204: "This block"
          text run at (0,48) width 246: "should be on"
          text run at (0,96) width 184: "top of the"
          text run at (0,144) width 174: "overflow"
          text run at (0,192) width 119: "block."
layer at (8,24) size 300x300 clip at (8,24) size 285x300 scrollHeight 752
  RenderBlock (floating) {DIV} at (0,16) size 300x300 [bgcolor=#00FF00]
    RenderText {#text} at (0,0) size 77x16
      text run at (0,0) width 77: "Hello world"
    RenderBR {BR} at (76,12) size 1x0
    RenderText {#text} at (0,16) size 77x16
      text run at (0,16) width 77: "Hello world"
    RenderBR {BR} at (76,28) size 1x0
    RenderText {#text} at (0,32) size 77x16
      text run at (0,32) width 77: "Hello world"
    RenderBR {BR} at (76,44) size 1x0
    RenderText {#text} at (0,48) size 77x16
      text run at (0,48) width 77: "Hello world"
    RenderBR {BR} at (76,60) size 1x0
    RenderText {#text} at (0,64) size 77x16
      text run at (0,64) width 77: "Hello world"
    RenderBR {BR} at (76,76) size 1x0
    RenderText {#text} at (0,80) size 77x16
      text run at (0,80) width 77: "Hello world"
    RenderBR {BR} at (76,92) size 1x0
    RenderText {#text} at (0,96) size 77x16
      text run at (0,96) width 77: "Hello world"
    RenderBR {BR} at (76,108) size 1x0
    RenderText {#text} at (0,112) size 77x16
      text run at (0,112) width 77: "Hello world"
    RenderBR {BR} at (76,124) size 1x0
    RenderText {#text} at (0,128) size 77x16
      text run at (0,128) width 77: "Hello world"
    RenderBR {BR} at (76,140) size 1x0
    RenderText {#text} at (0,144) size 77x16
      text run at (0,144) width 77: "Hello world"
    RenderBR {BR} at (76,156) size 1x0
    RenderText {#text} at (0,160) size 77x16
      text run at (0,160) width 77: "Hello world"
    RenderBR {BR} at (76,172) size 1x0
    RenderText {#text} at (0,176) size 77x16
      text run at (0,176) width 77: "Hello world"
    RenderBR {BR} at (76,188) size 1x0
    RenderText {#text} at (0,192) size 77x16
      text run at (0,192) width 77: "Hello world"
    RenderBR {BR} at (76,204) size 1x0
    RenderText {#text} at (0,208) size 77x16
      text run at (0,208) width 77: "Hello world"
    RenderBR {BR} at (76,220) size 1x0
    RenderText {#text} at (0,224) size 77x16
      text run at (0,224) width 77: "Hello world"
    RenderBR {BR} at (76,236) size 1x0
    RenderText {#text} at (0,240) size 77x16
      text run at (0,240) width 77: "Hello world"
    RenderBR {BR} at (76,252) size 1x0
    RenderText {#text} at (0,256) size 77x16
      text run at (0,256) width 77: "Hello world"
    RenderBR {BR} at (76,268) size 1x0
    RenderText {#text} at (0,272) size 77x16
      text run at (0,272) width 77: "Hello world"
    RenderBR {BR} at (76,284) size 1x0
    RenderText {#text} at (0,288) size 77x16
      text run at (0,288) width 77: "Hello world"
    RenderBR {BR} at (76,300) size 1x0
    RenderText {#text} at (0,304) size 77x16
      text run at (0,304) width 77: "Hello world"
    RenderBR {BR} at (76,316) size 1x0
    RenderText {#text} at (0,320) size 77x16
      text run at (0,320) width 77: "Hello world"
    RenderBR {BR} at (76,332) size 1x0
    RenderText {#text} at (0,336) size 77x16
      text run at (0,336) width 77: "Hello world"
    RenderBR {BR} at (76,348) size 1x0
    RenderText {#text} at (0,352) size 77x16
      text run at (0,352) width 77: "Hello world"
    RenderBR {BR} at (76,364) size 1x0
    RenderText {#text} at (0,368) size 77x16
      text run at (0,368) width 77: "Hello world"
    RenderBR {BR} at (76,380) size 1x0
    RenderText {#text} at (0,384) size 77x16
      text run at (0,384) width 77: "Hello world"
    RenderBR {BR} at (76,396) size 1x0
    RenderText {#text} at (0,400) size 77x16
      text run at (0,400) width 77: "Hello world"
    RenderBR {BR} at (76,412) size 1x0
    RenderText {#text} at (0,416) size 77x16
      text run at (0,416) width 77: "Hello world"
    RenderBR {BR} at (76,428) size 1x0
    RenderText {#text} at (0,432) size 77x16
      text run at (0,432) width 77: "Hello world"
    RenderBR {BR} at (76,444) size 1x0
    RenderText {#text} at (0,448) size 77x16
      text run at (0,448) width 77: "Hello world"
    RenderBR {BR} at (76,460) size 1x0
    RenderText {#text} at (0,464) size 77x16
      text run at (0,464) width 77: "Hello world"
    RenderBR {BR} at (76,476) size 1x0
    RenderText {#text} at (0,480) size 77x16
      text run at (0,480) width 77: "Hello world"
    RenderBR {BR} at (76,492) size 1x0
    RenderText {#text} at (0,496) size 77x16
      text run at (0,496) width 77: "Hello world"
    RenderBR {BR} at (76,508) size 1x0
    RenderText {#text} at (0,512) size 77x16
      text run at (0,512) width 77: "Hello world"
    RenderBR {BR} at (76,524) size 1x0
    RenderText {#text} at (0,528) size 77x16
      text run at (0,528) width 77: "Hello world"
    RenderBR {BR} at (76,540) size 1x0
    RenderText {#text} at (0,544) size 77x16
      text run at (0,544) width 77: "Hello world"
    RenderBR {BR} at (76,556) size 1x0
    RenderText {#text} at (0,560) size 77x16
      text run at (0,560) width 77: "Hello world"
    RenderBR {BR} at (76,572) size 1x0
    RenderText {#text} at (0,576) size 77x16
      text run at (0,576) width 77: "Hello world"
    RenderBR {BR} at (76,588) size 1x0
    RenderText {#text} at (0,592) size 77x16
      text run at (0,592) width 77: "Hello world"
    RenderBR {BR} at (76,604) size 1x0
    RenderText {#text} at (0,608) size 77x16
      text run at (0,608) width 77: "Hello world"
    RenderBR {BR} at (76,620) size 1x0
    RenderText {#text} at (0,624) size 77x16
      text run at (0,624) width 77: "Hello world"
    RenderBR {BR} at (76,636) size 1x0
    RenderText {#text} at (0,640) size 77x16
      text run at (0,640) width 77: "Hello world"
    RenderBR {BR} at (76,652) size 1x0
    RenderText {#text} at (0,656) size 77x16
      text run at (0,656) width 77: "Hello world"
    RenderBR {BR} at (76,668) size 1x0
    RenderText {#text} at (0,672) size 77x16
      text run at (0,672) width 77: "Hello world"
    RenderBR {BR} at (76,684) size 1x0
    RenderText {#text} at (0,688) size 77x16
      text run at (0,688) width 77: "Hello world"
    RenderBR {BR} at (76,700) size 1x0
    RenderText {#text} at (0,704) size 77x16
      text run at (0,704) width 77: "Hello world"
    RenderBR {BR} at (76,716) size 1x0
    RenderText {#text} at (0,720) size 77x16
      text run at (0,720) width 77: "Hello world"
    RenderBR {BR} at (76,732) size 1x0
    RenderText {#text} at (0,736) size 77x16
      text run at (0,736) width 77: "Hello world"
    RenderBR {BR} at (76,748) size 1x0
