layer at (0,0) size 800x600
  RenderView at (0,0) size 800x600
layer at (0,0) size 323x600
  RenderBlock {HTML} at (0,0) size 323x600
    RenderBody {BODY} at (16,8) size 299x584
      RenderBlock {P} at (0,0) size 32x584
        RenderText {#text} at (0,0) size 16x139
          text run at (0,0) width 139: "This is a test case for "
        RenderInline {I} at (0,0) size 32x571
          RenderText {#text} at (0,138) size 32x571
            text run at (0,138) width 432: "http://bugzilla.opendarwin.org/show_bug.cgi?id=5826 Blocks with"
            text run at (16,0) width 425: "direction:rtl and overflow:auto or scroll have incorrect scrollbars"
        RenderText {#text} at (16,424) size 16x5
          text run at (16,424) width 4: "."
      RenderBlock (anonymous) at (48,0) size 16x584
        RenderText {#text} at (0,0) size 16x469
          text run at (0,0) width 469: "The right column should be a mirror-image of the left column in terms of"
      RenderBlock {UL} at (80,0) size 48x584
        RenderListItem {LI} at (0,40) size 16x544
          RenderListMarker at (0,-16) size 16x6: bullet
          RenderText {#text} at (0,0) size 16x168
            text run at (0,0) width 168: "the presence of a scrollbar"
        RenderListItem {LI} at (16,40) size 16x544
          RenderListMarker at (0,-16) size 16x6: bullet
          RenderText {#text} at (0,0) size 16x242
            text run at (0,0) width 242: "the initial position of the scroll thumb"
        RenderListItem {LI} at (32,40) size 16x544
          RenderListMarker at (0,-16) size 16x6: bullet
          RenderText {#text} at (0,0) size 16x340
            text run at (0,0) width 340: "which letters are visible initially and when you scroll"
      RenderTable {TABLE} at (144,0) size 155x256
        RenderTableSection {TBODY} at (0,0) size 155x256
          RenderTableRow {TR} at (0,2) size 151x256
            RenderTableCell {TD} at (2,2) size 150.75x125 [r=0 c=0 rs=1 cs=1]
            RenderTableCell {TD} at (2,129) size 150.75x125 [r=0 c=1 rs=1 cs=1]
layer at (167,15) size 44x115 clip at (167,25) size 29x100 scrollHeight 191
  RenderBlock {DIV} at (5,5) size 44.25x115 [bgcolor=#FFFF00] [border: (10px solid #FF0000) none (5px solid #008000) none]
    RenderText {#text} at (0,10) size 16x192
      text run at (0,10) width 192: "abcdefghijklmnopqrstuvwxyz"
layer at (215,15) size 45x115 clip at (215,25) size 45x100
  RenderBlock {DIV} at (53.25,5) size 44.25x115 [bgcolor=#FFFF00] [border: (10px solid #FF0000) none (5px solid #008000) none]
    RenderBlock {DIV} at (0,10) size 16x100 [bgcolor=#D3D3D3]
      RenderText {#text} at (0,-91) size 16x192
        text run at (0,-91) width 192: "abcdefghijklmnopqrstuvwxyz"
layer at (264,15) size 44x115 clip at (264,25) size 29x100 scrollHeight 191
  RenderBlock {DIV} at (101.50,5) size 44.25x115 [bgcolor=#FFFF00] [border: (10px solid #FF0000) none (5px solid #008000) none]
    RenderBlock {DIV} at (0,10) size 16x100 [bgcolor=#D3D3D3]
      RenderText {#text} at (0,0) size 16x192
        text run at (0,0) width 192: "abcdefghijklmnopqrstuvwxyz"
layer at (167,142) size 44x115 clip at (167,147) size 29x100 scrollY 91.00 scrollHeight 191
  RenderBlock {DIV} at (5,5) size 44.25x115 [bgcolor=#FFFF00] [border: (5px solid #008000) none (10px solid #FF0000) none]
    RenderText {#text} at (0,-86) size 16x192
      text run at (0,-86) width 192: "zyxwvutsrqponmlkjihgfedcba"
layer at (215,142) size 45x115 clip at (215,147) size 45x100
  RenderBlock {DIV} at (53.25,5) size 44.25x115 [bgcolor=#FFFF00] [border: (5px solid #008000) none (10px solid #FF0000) none]
    RenderBlock {DIV} at (0,5) size 16x100 [bgcolor=#D3D3D3]
      RenderText {#text} at (0,0) size 16x192
        text run at (0,0) width 192: "zyxwvutsrqponmlkjihgfedcba"
layer at (264,142) size 44x115 clip at (264,147) size 29x100 scrollY 91.00 scrollHeight 191
  RenderBlock {DIV} at (101.50,5) size 44.25x115 [bgcolor=#FFFF00] [border: (5px solid #008000) none (10px solid #FF0000) none]
    RenderBlock {DIV} at (0,5) size 16x100 [bgcolor=#D3D3D3]
      RenderText {#text} at (0,-91) size 16x192
        text run at (0,-91) width 192: "zyxwvutsrqponmlkjihgfedcba"
