layer at (0,0) size 800x600
  RenderView at (0,0) size 800x600
layer at (0,0) size 800x600
  RenderBlock {HTML} at (0,0) size 800x600
    RenderBody {BODY} at (8,8) size 784x584
layer at (8,8) size 404x404 clip at (10,10) size 400x385 scrollWidth 2480
  RenderBlock {DIV} at (0,0) size 404x404 [border: (2px solid #000000)]
    RenderText {#text} at (2,2) size 400x1941
      text run at (2,2) width 357: "Lorem ipsum dolor sit amet, consectetur adipiscing elit."
      text run at (2,18) width 399: "Maecenas lacinia massa in lectus pretium vulputate. Curabitur"
      text run at (2,34) width 360: "viverra augue in leo faucibus congue. Vestibulum ligula"
      text run at (2,50) width 362: "neque, commodo eget blandit sit amet, facilisis vitae mi."
      text run at (2,66) width 380: "Vivamus pretium lorem a quam imperdiet in placerat purus"
      text run at (2,82) width 344: "sagittis. Aliquam ut dui nibh. Cras faucibus imperdiet"
      text run at (2,98) width 364: "pellentesque. Curabitur vel tortor quam, ut pharetra eros."
      text run at (2,114) width 383: "Mauris euismod, justo in mattis ultricies, risus velit pretium"
      text run at (2,130) width 392: "ligula, eu sodales libero dolor et massa. Phasellus eros quam,"
      text run at (2,146) width 344: "faucibus sed consectetur et, elementum ut erat. Morbi"
      text run at (2,162) width 349: "fringilla, lorem non fermentum vulputate, quam metus"
      text run at (2,178) width 398: "ullamcorper quam, eu porttitor diam metus eget augue. Donec"
      text run at (2,194) width 380: "non lorem et arcu adipiscing suscipit. Donec porta euismod"
      text run at (2,210) width 344: "magna a fermentum. Suspendisse vestibulum rhoncus"
      text run at (2,226) width 393: "bibendum. Nam in nisi eget nulla vestibulum rutrum. Aenean"
      text run at (2,242) width 364: "eu libero turpis. Lorem ipsum dolor sit amet, consectetur"
      text run at (2,258) width 364: "adipiscing elit. Maecenas lacinia massa in lectus pretium"
      text run at (2,274) width 373: "vulputate. Curabitur viverra augue in leo faucibus congue."
      text run at (2,290) width 367: "Vestibulum ligula neque, commodo eget blandit sit amet,"
      text run at (2,306) width 400: "facilisis vitae mi. Vivamus pretium lorem a quam imperdiet in"
      text run at (2,322) width 373: "placerat purus sagittis. Aliquam ut dui nibh. Cras faucibus"
      text run at (2,338) width 395: "imperdiet pellentesque. Curabitur vel tortor quam, ut pharetra"
      text run at (2,354) width 364: "eros. Mauris euismod, justo in mattis ultricies, risus velit"
      text run at (2,370) width 371: "pretium ligula, eu sodales libero dolor et massa. Phasellus"
      text run at (2,387) width 374: "eros quam, faucibus sed consectetur et, elementum ut erat."
      text run at (2,403) width 393: "Morbi fringilla, lorem non fermentum vulputate, quam metus"
      text run at (2,419) width 398: "ullamcorper quam, eu porttitor diam metus eget augue. Donec"
      text run at (2,435) width 380: "non lorem et arcu adipiscing suscipit. Donec porta euismod"
      text run at (2,451) width 344: "magna a fermentum. Suspendisse vestibulum rhoncus"
      text run at (2,467) width 393: "bibendum. Nam in nisi eget nulla vestibulum rutrum. Aenean"
      text run at (2,483) width 364: "eu libero turpis. Lorem ipsum dolor sit amet, consectetur"
      text run at (2,499) width 364: "adipiscing elit. Maecenas lacinia massa in lectus pretium"
      text run at (2,515) width 373: "vulputate. Curabitur viverra augue in leo faucibus congue."
      text run at (2,531) width 367: "Vestibulum ligula neque, commodo eget blandit sit amet,"
      text run at (2,547) width 400: "facilisis vitae mi. Vivamus pretium lorem a quam imperdiet in"
      text run at (2,563) width 373: "placerat purus sagittis. Aliquam ut dui nibh. Cras faucibus"
      text run at (2,579) width 395: "imperdiet pellentesque. Curabitur vel tortor quam, ut pharetra"
      text run at (2,595) width 364: "eros. Mauris euismod, justo in mattis ultricies, risus velit"
      text run at (2,611) width 371: "pretium ligula, eu sodales libero dolor et massa. Phasellus"
      text run at (2,627) width 374: "eros quam, faucibus sed consectetur et, elementum ut erat."
      text run at (2,643) width 393: "Morbi fringilla, lorem non fermentum vulputate, quam metus"
      text run at (2,659) width 398: "ullamcorper quam, eu porttitor diam metus eget augue. Donec"
      text run at (2,675) width 380: "non lorem et arcu adipiscing suscipit. Donec porta euismod"
      text run at (2,691) width 344: "magna a fermentum. Suspendisse vestibulum rhoncus"
      text run at (2,707) width 393: "bibendum. Nam in nisi eget nulla vestibulum rutrum. Aenean"
      text run at (2,723) width 364: "eu libero turpis. Lorem ipsum dolor sit amet, consectetur"
      text run at (2,739) width 364: "adipiscing elit. Maecenas lacinia massa in lectus pretium"
      text run at (2,755) width 373: "vulputate. Curabitur viverra augue in leo faucibus congue."
      text run at (2,772) width 367: "Vestibulum ligula neque, commodo eget blandit sit amet,"
      text run at (2,788) width 400: "facilisis vitae mi. Vivamus pretium lorem a quam imperdiet in"
      text run at (2,804) width 373: "placerat purus sagittis. Aliquam ut dui nibh. Cras faucibus"
      text run at (2,820) width 395: "imperdiet pellentesque. Curabitur vel tortor quam, ut pharetra"
      text run at (2,836) width 364: "eros. Mauris euismod, justo in mattis ultricies, risus velit"
      text run at (2,852) width 371: "pretium ligula, eu sodales libero dolor et massa. Phasellus"
      text run at (2,868) width 374: "eros quam, faucibus sed consectetur et, elementum ut erat."
      text run at (2,884) width 393: "Morbi fringilla, lorem non fermentum vulputate, quam metus"
      text run at (2,900) width 398: "ullamcorper quam, eu porttitor diam metus eget augue. Donec"
      text run at (2,916) width 380: "non lorem et arcu adipiscing suscipit. Donec porta euismod"
      text run at (2,932) width 344: "magna a fermentum. Suspendisse vestibulum rhoncus"
      text run at (2,948) width 393: "bibendum. Nam in nisi eget nulla vestibulum rutrum. Aenean"
      text run at (2,964) width 364: "eu libero turpis. Lorem ipsum dolor sit amet, consectetur"
      text run at (2,980) width 364: "adipiscing elit. Maecenas lacinia massa in lectus pretium"
      text run at (2,996) width 373: "vulputate. Curabitur viverra augue in leo faucibus congue."
      text run at (2,1012) width 367: "Vestibulum ligula neque, commodo eget blandit sit amet,"
      text run at (2,1028) width 400: "facilisis vitae mi. Vivamus pretium lorem a quam imperdiet in"
      text run at (2,1044) width 373: "placerat purus sagittis. Aliquam ut dui nibh. Cras faucibus"
      text run at (2,1060) width 395: "imperdiet pellentesque. Curabitur vel tortor quam, ut pharetra"
      text run at (2,1076) width 364: "eros. Mauris euismod, justo in mattis ultricies, risus velit"
      text run at (2,1092) width 371: "pretium ligula, eu sodales libero dolor et massa. Phasellus"
      text run at (2,1108) width 374: "eros quam, faucibus sed consectetur et, elementum ut erat."
      text run at (2,1124) width 393: "Morbi fringilla, lorem non fermentum vulputate, quam metus"
      text run at (2,1140) width 398: "ullamcorper quam, eu porttitor diam metus eget augue. Donec"
      text run at (2,1157) width 380: "non lorem et arcu adipiscing suscipit. Donec porta euismod"
      text run at (2,1173) width 344: "magna a fermentum. Suspendisse vestibulum rhoncus"
      text run at (2,1189) width 393: "bibendum. Nam in nisi eget nulla vestibulum rutrum. Aenean"
      text run at (2,1205) width 364: "eu libero turpis. Lorem ipsum dolor sit amet, consectetur"
      text run at (2,1221) width 364: "adipiscing elit. Maecenas lacinia massa in lectus pretium"
      text run at (2,1237) width 373: "vulputate. Curabitur viverra augue in leo faucibus congue."
      text run at (2,1253) width 367: "Vestibulum ligula neque, commodo eget blandit sit amet,"
      text run at (2,1269) width 400: "facilisis vitae mi. Vivamus pretium lorem a quam imperdiet in"
      text run at (2,1285) width 373: "placerat purus sagittis. Aliquam ut dui nibh. Cras faucibus"
      text run at (2,1301) width 395: "imperdiet pellentesque. Curabitur vel tortor quam, ut pharetra"
      text run at (2,1317) width 364: "eros. Mauris euismod, justo in mattis ultricies, risus velit"
      text run at (2,1333) width 371: "pretium ligula, eu sodales libero dolor et massa. Phasellus"
      text run at (2,1349) width 374: "eros quam, faucibus sed consectetur et, elementum ut erat."
      text run at (2,1365) width 393: "Morbi fringilla, lorem non fermentum vulputate, quam metus"
      text run at (2,1381) width 398: "ullamcorper quam, eu porttitor diam metus eget augue. Donec"
      text run at (2,1397) width 380: "non lorem et arcu adipiscing suscipit. Donec porta euismod"
      text run at (2,1413) width 344: "magna a fermentum. Suspendisse vestibulum rhoncus"
      text run at (2,1429) width 393: "bibendum. Nam in nisi eget nulla vestibulum rutrum. Aenean"
      text run at (2,1445) width 364: "eu libero turpis. Lorem ipsum dolor sit amet, consectetur"
      text run at (2,1461) width 364: "adipiscing elit. Maecenas lacinia massa in lectus pretium"
      text run at (2,1477) width 373: "vulputate. Curabitur viverra augue in leo faucibus congue."
      text run at (2,1493) width 367: "Vestibulum ligula neque, commodo eget blandit sit amet,"
      text run at (2,1509) width 400: "facilisis vitae mi. Vivamus pretium lorem a quam imperdiet in"
      text run at (2,1525) width 373: "placerat purus sagittis. Aliquam ut dui nibh. Cras faucibus"
      text run at (2,1542) width 395: "imperdiet pellentesque. Curabitur vel tortor quam, ut pharetra"
      text run at (2,1558) width 364: "eros. Mauris euismod, justo in mattis ultricies, risus velit"
      text run at (2,1574) width 371: "pretium ligula, eu sodales libero dolor et massa. Phasellus"
      text run at (2,1590) width 374: "eros quam, faucibus sed consectetur et, elementum ut erat."
      text run at (2,1606) width 393: "Morbi fringilla, lorem non fermentum vulputate, quam metus"
      text run at (2,1622) width 398: "ullamcorper quam, eu porttitor diam metus eget augue. Donec"
      text run at (2,1638) width 380: "non lorem et arcu adipiscing suscipit. Donec porta euismod"
      text run at (2,1654) width 344: "magna a fermentum. Suspendisse vestibulum rhoncus"
      text run at (2,1670) width 393: "bibendum. Nam in nisi eget nulla vestibulum rutrum. Aenean"
      text run at (2,1686) width 364: "eu libero turpis. Lorem ipsum dolor sit amet, consectetur"
      text run at (2,1702) width 364: "adipiscing elit. Maecenas lacinia massa in lectus pretium"
      text run at (2,1718) width 373: "vulputate. Curabitur viverra augue in leo faucibus congue."
      text run at (2,1734) width 367: "Vestibulum ligula neque, commodo eget blandit sit amet,"
      text run at (2,1750) width 400: "facilisis vitae mi. Vivamus pretium lorem a quam imperdiet in"
      text run at (2,1766) width 373: "placerat purus sagittis. Aliquam ut dui nibh. Cras faucibus"
      text run at (2,1782) width 395: "imperdiet pellentesque. Curabitur vel tortor quam, ut pharetra"
      text run at (2,1798) width 364: "eros. Mauris euismod, justo in mattis ultricies, risus velit"
      text run at (2,1814) width 371: "pretium ligula, eu sodales libero dolor et massa. Phasellus"
      text run at (2,1830) width 374: "eros quam, faucibus sed consectetur et, elementum ut erat."
      text run at (2,1846) width 393: "Morbi fringilla, lorem non fermentum vulputate, quam metus"
      text run at (2,1862) width 398: "ullamcorper quam, eu porttitor diam metus eget augue. Donec"
      text run at (2,1878) width 380: "non lorem et arcu adipiscing suscipit. Donec porta euismod"
      text run at (2,1894) width 344: "magna a fermentum. Suspendisse vestibulum rhoncus"
      text run at (2,1910) width 393: "bibendum. Nam in nisi eget nulla vestibulum rutrum. Aenean"
      text run at (2,1927) width 101: "eu libero turpis."
