layer at (0,0) size 785x1200
  RenderView at (0,0) size 785x600
layer at (0,0) size 785x992
  RenderBlock {HTML} at (0,0) size 785x992
    RenderBody {BODY} at (8,8) size 769x976
      RenderText {#text} at (0,0) size 768x976
        text run at (0,0) width 759: "Lorem ipsum dolor sit amet, consectetur adipiscing elit. Maecenas lacinia massa in lectus pretium vulputate. Curabitur"
        text run at (0,16) width 725: "viverra augue in leo faucibus congue. Vestibulum ligula neque, commodo eget blandit sit amet, facilisis vitae mi."
        text run at (0,32) width 727: "Vivamus pretium lorem a quam imperdiet in placerat purus sagittis. Aliquam ut dui nibh. Cras faucibus imperdiet"
        text run at (0,48) width 750: "pellentesque. Curabitur vel tortor quam, ut pharetra eros. Mauris euismod, justo in mattis ultricies, risus velit pretium"
        text run at (0,64) width 739: "ligula, eu sodales libero dolor et massa. Phasellus eros quam, faucibus sed consectetur et, elementum ut erat. Morbi"
        text run at (0,80) width 750: "fringilla, lorem non fermentum vulputate, quam metus ullamcorper quam, eu porttitor diam metus eget augue. Donec"
        text run at (0,96) width 728: "non lorem et arcu adipiscing suscipit. Donec porta euismod magna a fermentum. Suspendisse vestibulum rhoncus"
        text run at (0,112) width 761: "bibendum. Nam in nisi eget nulla vestibulum rutrum. Aenean eu libero turpis. Lorem ipsum dolor sit amet, consectetur"
        text run at (0,128) width 741: "adipiscing elit. Maecenas lacinia massa in lectus pretium vulputate. Curabitur viverra augue in leo faucibus congue."
        text run at (0,144) width 754: "Vestibulum ligula neque, commodo eget blandit sit amet, facilisis vitae mi. Vivamus pretium lorem a quam imperdiet"
        text run at (0,160) width 731: "in placerat purus sagittis. Aliquam ut dui nibh. Cras faucibus imperdiet pellentesque. Curabitur vel tortor quam, ut"
        text run at (0,176) width 730: "pharetra eros. Mauris euismod, justo in mattis ultricies, risus velit pretium ligula, eu sodales libero dolor et massa."
        text run at (0,192) width 753: "Phasellus eros quam, faucibus sed consectetur et, elementum ut erat. Morbi fringilla, lorem non fermentum vulputate,"
        text run at (0,208) width 768: "quam metus ullamcorper quam, eu porttitor diam metus eget augue. Donec non lorem et arcu adipiscing suscipit. Donec"
        text run at (0,224) width 732: "porta euismod magna a fermentum. Suspendisse vestibulum rhoncus bibendum. Nam in nisi eget nulla vestibulum"
        text run at (0,240) width 741: "rutrum. Aenean eu libero turpis. Lorem ipsum dolor sit amet, consectetur adipiscing elit. Maecenas lacinia massa in"
        text run at (0,256) width 732: "lectus pretium vulputate. Curabitur viverra augue in leo faucibus congue. Vestibulum ligula neque, commodo eget"
        text run at (0,272) width 755: "blandit sit amet, facilisis vitae mi. Vivamus pretium lorem a quam imperdiet in placerat purus sagittis. Aliquam ut dui"
        text run at (0,288) width 763: "nibh. Cras faucibus imperdiet pellentesque. Curabitur vel tortor quam, ut pharetra eros. Mauris euismod, justo in mattis"
        text run at (0,304) width 751: "ultricies, risus velit pretium ligula, eu sodales libero dolor et massa. Phasellus eros quam, faucibus sed consectetur et,"
        text run at (0,320) width 753: "elementum ut erat. Morbi fringilla, lorem non fermentum vulputate, quam metus ullamcorper quam, eu porttitor diam"
        text run at (0,336) width 763: "metus eget augue. Donec non lorem et arcu adipiscing suscipit. Donec porta euismod magna a fermentum. Suspendisse"
        text run at (0,352) width 755: "vestibulum rhoncus bibendum. Nam in nisi eget nulla vestibulum rutrum. Aenean eu libero turpis. Lorem ipsum dolor"
        text run at (0,368) width 763: "sit amet, consectetur adipiscing elit. Maecenas lacinia massa in lectus pretium vulputate. Curabitur viverra augue in leo"
        text run at (0,384) width 761: "faucibus congue. Vestibulum ligula neque, commodo eget blandit sit amet, facilisis vitae mi. Vivamus pretium lorem a"
        text run at (0,400) width 736: "quam imperdiet in placerat purus sagittis. Aliquam ut dui nibh. Cras faucibus imperdiet pellentesque. Curabitur vel"
        text run at (0,416) width 767: "tortor quam, ut pharetra eros. Mauris euismod, justo in mattis ultricies, risus velit pretium ligula, eu sodales libero dolor"
        text run at (0,432) width 748: "et massa. Phasellus eros quam, faucibus sed consectetur et, elementum ut erat. Morbi fringilla, lorem non fermentum"
        text run at (0,448) width 733: "vulputate, quam metus ullamcorper quam, eu porttitor diam metus eget augue. Donec non lorem et arcu adipiscing"
        text run at (0,464) width 759: "suscipit. Donec porta euismod magna a fermentum. Suspendisse vestibulum rhoncus bibendum. Nam in nisi eget nulla"
        text run at (0,480) width 756: "vestibulum rutrum. Aenean eu libero turpis. Lorem ipsum dolor sit amet, consectetur adipiscing elit. Maecenas lacinia"
        text run at (0,496) width 761: "massa in lectus pretium vulputate. Curabitur viverra augue in leo faucibus congue. Vestibulum ligula neque, commodo"
        text run at (0,512) width 761: "eget blandit sit amet, facilisis vitae mi. Vivamus pretium lorem a quam imperdiet in placerat purus sagittis. Aliquam ut"
        text run at (0,528) width 745: "dui nibh. Cras faucibus imperdiet pellentesque. Curabitur vel tortor quam, ut pharetra eros. Mauris euismod, justo in"
        text run at (0,544) width 698: "mattis ultricies, risus velit pretium ligula, eu sodales libero dolor et massa. Phasellus eros quam, faucibus sed"
        text run at (0,560) width 757: "consectetur et, elementum ut erat. Morbi fringilla, lorem non fermentum vulputate, quam metus ullamcorper quam, eu"
        text run at (0,576) width 695: "porttitor diam metus eget augue. Donec non lorem et arcu adipiscing suscipit. Donec porta euismod magna a"
        text run at (0,592) width 744: "fermentum. Suspendisse vestibulum rhoncus bibendum. Nam in nisi eget nulla vestibulum rutrum. Aenean eu libero"
        text run at (0,608) width 739: "turpis. Lorem ipsum dolor sit amet, consectetur adipiscing elit. Maecenas lacinia massa in lectus pretium vulputate."
        text run at (0,624) width 765: "Curabitur viverra augue in leo faucibus congue. Vestibulum ligula neque, commodo eget blandit sit amet, facilisis vitae"
        text run at (0,640) width 752: "mi. Vivamus pretium lorem a quam imperdiet in placerat purus sagittis. Aliquam ut dui nibh. Cras faucibus imperdiet"
        text run at (0,656) width 750: "pellentesque. Curabitur vel tortor quam, ut pharetra eros. Mauris euismod, justo in mattis ultricies, risus velit pretium"
        text run at (0,672) width 739: "ligula, eu sodales libero dolor et massa. Phasellus eros quam, faucibus sed consectetur et, elementum ut erat. Morbi"
        text run at (0,688) width 750: "fringilla, lorem non fermentum vulputate, quam metus ullamcorper quam, eu porttitor diam metus eget augue. Donec"
        text run at (0,704) width 728: "non lorem et arcu adipiscing suscipit. Donec porta euismod magna a fermentum. Suspendisse vestibulum rhoncus"
        text run at (0,720) width 761: "bibendum. Nam in nisi eget nulla vestibulum rutrum. Aenean eu libero turpis. Lorem ipsum dolor sit amet, consectetur"
        text run at (0,736) width 741: "adipiscing elit. Maecenas lacinia massa in lectus pretium vulputate. Curabitur viverra augue in leo faucibus congue."
        text run at (0,752) width 754: "Vestibulum ligula neque, commodo eget blandit sit amet, facilisis vitae mi. Vivamus pretium lorem a quam imperdiet"
        text run at (0,768) width 731: "in placerat purus sagittis. Aliquam ut dui nibh. Cras faucibus imperdiet pellentesque. Curabitur vel tortor quam, ut"
        text run at (0,784) width 730: "pharetra eros. Mauris euismod, justo in mattis ultricies, risus velit pretium ligula, eu sodales libero dolor et massa."
        text run at (0,800) width 753: "Phasellus eros quam, faucibus sed consectetur et, elementum ut erat. Morbi fringilla, lorem non fermentum vulputate,"
        text run at (0,816) width 768: "quam metus ullamcorper quam, eu porttitor diam metus eget augue. Donec non lorem et arcu adipiscing suscipit. Donec"
        text run at (0,832) width 732: "porta euismod magna a fermentum. Suspendisse vestibulum rhoncus bibendum. Nam in nisi eget nulla vestibulum"
        text run at (0,848) width 741: "rutrum. Aenean eu libero turpis. Lorem ipsum dolor sit amet, consectetur adipiscing elit. Maecenas lacinia massa in"
        text run at (0,864) width 732: "lectus pretium vulputate. Curabitur viverra augue in leo faucibus congue. Vestibulum ligula neque, commodo eget"
        text run at (0,880) width 755: "blandit sit amet, facilisis vitae mi. Vivamus pretium lorem a quam imperdiet in placerat purus sagittis. Aliquam ut dui"
        text run at (0,896) width 763: "nibh. Cras faucibus imperdiet pellentesque. Curabitur vel tortor quam, ut pharetra eros. Mauris euismod, justo in mattis"
        text run at (0,912) width 751: "ultricies, risus velit pretium ligula, eu sodales libero dolor et massa. Phasellus eros quam, faucibus sed consectetur et,"
        text run at (0,928) width 753: "elementum ut erat. Morbi fringilla, lorem non fermentum vulputate, quam metus ullamcorper quam, eu porttitor diam"
        text run at (0,944) width 763: "metus eget augue. Donec non lorem et arcu adipiscing suscipit. Donec porta euismod magna a fermentum. Suspendisse"
        text run at (0,960) width 628: "vestibulum rhoncus bibendum. Nam in nisi eget nulla vestibulum rutrum. Aenean eu libero turpis."
