layer at (0,0) size 800x600
  RenderView at (0,0) size 800x600
layer at (0,0) size 800x600
  RenderBlock {HTML} at (0,0) size 800x600
    RenderBody {BODY} at (8,8) size 784x584
layer at (8,8) size 404x404 clip at (10,10) size 400x400 scrollHeight 2064
  RenderBlock {DIV} at (0,0) size 404x404 [border: (2px solid #000000)]
    RenderText {#text} at (2,2) size 400x1936
      text run at (2,2) width 357: "Lorem ipsum dolor sit amet, consectetur adipiscing elit."
      text run at (2,18) width 399: "Maecenas lacinia massa in lectus pretium vulputate. Curabitur"
      text run at (2,34) width 360: "viverra augue in leo faucibus congue. Vestibulum ligula"
      text run at (2,50) width 362: "neque, commodo eget blandit sit amet, facilisis vitae mi."
      text run at (2,66) width 380: "Vivamus pretium lorem a quam imperdiet in placerat purus"
      text run at (2,82) width 344: "sagittis. Aliquam ut dui nibh. Cras faucibus imperdiet"
      text run at (2,98) width 364: "pellentesque. Curabitur vel tortor quam, ut pharetra eros."
      text run at (2,114) width 383: "Mauris euismod, justo in mattis ultricies, risus velit pretium"
      text run at (2,130) width 392: "ligula, eu sodales libero dolor et massa. Phasellus eros quam,"
      text run at (2,146) width 344: "faucibus sed consectetur et, elementum ut erat. Morbi"
      text run at (2,162) width 349: "fringilla, lorem non fermentum vulputate, quam metus"
      text run at (2,178) width 398: "ullamcorper quam, eu porttitor diam metus eget augue. Donec"
      text run at (2,194) width 380: "non lorem et arcu adipiscing suscipit. Donec porta euismod"
      text run at (2,210) width 344: "magna a fermentum. Suspendisse vestibulum rhoncus"
      text run at (2,226) width 393: "bibendum. Nam in nisi eget nulla vestibulum rutrum. Aenean"
      text run at (2,242) width 364: "eu libero turpis. Lorem ipsum dolor sit amet, consectetur"
      text run at (2,258) width 364: "adipiscing elit. Maecenas lacinia massa in lectus pretium"
      text run at (2,274) width 373: "vulputate. Curabitur viverra augue in leo faucibus congue."
      text run at (2,290) width 367: "Vestibulum ligula neque, commodo eget blandit sit amet,"
      text run at (2,306) width 400: "facilisis vitae mi. Vivamus pretium lorem a quam imperdiet in"
      text run at (2,322) width 373: "placerat purus sagittis. Aliquam ut dui nibh. Cras faucibus"
      text run at (2,338) width 395: "imperdiet pellentesque. Curabitur vel tortor quam, ut pharetra"
      text run at (2,354) width 364: "eros. Mauris euismod, justo in mattis ultricies, risus velit"
      text run at (2,370) width 371: "pretium ligula, eu sodales libero dolor et massa. Phasellus"
      text run at (2,386) width 374: "eros quam, faucibus sed consectetur et, elementum ut erat."
      text run at (2,402) width 393: "Morbi fringilla, lorem non fermentum vulputate, quam metus"
      text run at (2,418) width 398: "ullamcorper quam, eu porttitor diam metus eget augue. Donec"
      text run at (2,434) width 380: "non lorem et arcu adipiscing suscipit. Donec porta euismod"
      text run at (2,450) width 344: "magna a fermentum. Suspendisse vestibulum rhoncus"
      text run at (2,466) width 393: "bibendum. Nam in nisi eget nulla vestibulum rutrum. Aenean"
      text run at (2,482) width 364: "eu libero turpis. Lorem ipsum dolor sit amet, consectetur"
      text run at (2,498) width 364: "adipiscing elit. Maecenas lacinia massa in lectus pretium"
      text run at (2,514) width 373: "vulputate. Curabitur viverra augue in leo faucibus congue."
      text run at (2,530) width 367: "Vestibulum ligula neque, commodo eget blandit sit amet,"
      text run at (2,546) width 400: "facilisis vitae mi. Vivamus pretium lorem a quam imperdiet in"
      text run at (2,562) width 373: "placerat purus sagittis. Aliquam ut dui nibh. Cras faucibus"
      text run at (2,578) width 395: "imperdiet pellentesque. Curabitur vel tortor quam, ut pharetra"
      text run at (2,594) width 364: "eros. Mauris euismod, justo in mattis ultricies, risus velit"
      text run at (2,610) width 371: "pretium ligula, eu sodales libero dolor et massa. Phasellus"
      text run at (2,626) width 374: "eros quam, faucibus sed consectetur et, elementum ut erat."
      text run at (2,642) width 393: "Morbi fringilla, lorem non fermentum vulputate, quam metus"
      text run at (2,658) width 398: "ullamcorper quam, eu porttitor diam metus eget augue. Donec"
      text run at (2,674) width 380: "non lorem et arcu adipiscing suscipit. Donec porta euismod"
      text run at (2,690) width 344: "magna a fermentum. Suspendisse vestibulum rhoncus"
      text run at (2,706) width 393: "bibendum. Nam in nisi eget nulla vestibulum rutrum. Aenean"
      text run at (2,722) width 364: "eu libero turpis. Lorem ipsum dolor sit amet, consectetur"
      text run at (2,738) width 364: "adipiscing elit. Maecenas lacinia massa in lectus pretium"
      text run at (2,754) width 373: "vulputate. Curabitur viverra augue in leo faucibus congue."
      text run at (2,770) width 367: "Vestibulum ligula neque, commodo eget blandit sit amet,"
      text run at (2,786) width 400: "facilisis vitae mi. Vivamus pretium lorem a quam imperdiet in"
      text run at (2,802) width 373: "placerat purus sagittis. Aliquam ut dui nibh. Cras faucibus"
      text run at (2,818) width 395: "imperdiet pellentesque. Curabitur vel tortor quam, ut pharetra"
      text run at (2,834) width 364: "eros. Mauris euismod, justo in mattis ultricies, risus velit"
      text run at (2,850) width 371: "pretium ligula, eu sodales libero dolor et massa. Phasellus"
      text run at (2,866) width 374: "eros quam, faucibus sed consectetur et, elementum ut erat."
      text run at (2,882) width 393: "Morbi fringilla, lorem non fermentum vulputate, quam metus"
      text run at (2,898) width 398: "ullamcorper quam, eu porttitor diam metus eget augue. Donec"
      text run at (2,914) width 380: "non lorem et arcu adipiscing suscipit. Donec porta euismod"
      text run at (2,930) width 344: "magna a fermentum. Suspendisse vestibulum rhoncus"
      text run at (2,946) width 393: "bibendum. Nam in nisi eget nulla vestibulum rutrum. Aenean"
      text run at (2,962) width 364: "eu libero turpis. Lorem ipsum dolor sit amet, consectetur"
      text run at (2,978) width 364: "adipiscing elit. Maecenas lacinia massa in lectus pretium"
      text run at (2,994) width 373: "vulputate. Curabitur viverra augue in leo faucibus congue."
      text run at (2,1010) width 367: "Vestibulum ligula neque, commodo eget blandit sit amet,"
      text run at (2,1026) width 400: "facilisis vitae mi. Vivamus pretium lorem a quam imperdiet in"
      text run at (2,1042) width 373: "placerat purus sagittis. Aliquam ut dui nibh. Cras faucibus"
      text run at (2,1058) width 395: "imperdiet pellentesque. Curabitur vel tortor quam, ut pharetra"
      text run at (2,1074) width 364: "eros. Mauris euismod, justo in mattis ultricies, risus velit"
      text run at (2,1090) width 371: "pretium ligula, eu sodales libero dolor et massa. Phasellus"
      text run at (2,1106) width 374: "eros quam, faucibus sed consectetur et, elementum ut erat."
      text run at (2,1122) width 393: "Morbi fringilla, lorem non fermentum vulputate, quam metus"
      text run at (2,1138) width 398: "ullamcorper quam, eu porttitor diam metus eget augue. Donec"
      text run at (2,1154) width 380: "non lorem et arcu adipiscing suscipit. Donec porta euismod"
      text run at (2,1170) width 344: "magna a fermentum. Suspendisse vestibulum rhoncus"
      text run at (2,1186) width 393: "bibendum. Nam in nisi eget nulla vestibulum rutrum. Aenean"
      text run at (2,1202) width 364: "eu libero turpis. Lorem ipsum dolor sit amet, consectetur"
      text run at (2,1218) width 364: "adipiscing elit. Maecenas lacinia massa in lectus pretium"
      text run at (2,1234) width 373: "vulputate. Curabitur viverra augue in leo faucibus congue."
      text run at (2,1250) width 367: "Vestibulum ligula neque, commodo eget blandit sit amet,"
      text run at (2,1266) width 400: "facilisis vitae mi. Vivamus pretium lorem a quam imperdiet in"
      text run at (2,1282) width 373: "placerat purus sagittis. Aliquam ut dui nibh. Cras faucibus"
      text run at (2,1298) width 395: "imperdiet pellentesque. Curabitur vel tortor quam, ut pharetra"
      text run at (2,1314) width 364: "eros. Mauris euismod, justo in mattis ultricies, risus velit"
      text run at (2,1330) width 371: "pretium ligula, eu sodales libero dolor et massa. Phasellus"
      text run at (2,1346) width 374: "eros quam, faucibus sed consectetur et, elementum ut erat."
      text run at (2,1362) width 393: "Morbi fringilla, lorem non fermentum vulputate, quam metus"
      text run at (2,1378) width 398: "ullamcorper quam, eu porttitor diam metus eget augue. Donec"
      text run at (2,1394) width 380: "non lorem et arcu adipiscing suscipit. Donec porta euismod"
      text run at (2,1410) width 344: "magna a fermentum. Suspendisse vestibulum rhoncus"
      text run at (2,1426) width 393: "bibendum. Nam in nisi eget nulla vestibulum rutrum. Aenean"
      text run at (2,1442) width 364: "eu libero turpis. Lorem ipsum dolor sit amet, consectetur"
      text run at (2,1458) width 364: "adipiscing elit. Maecenas lacinia massa in lectus pretium"
      text run at (2,1474) width 373: "vulputate. Curabitur viverra augue in leo faucibus congue."
      text run at (2,1490) width 367: "Vestibulum ligula neque, commodo eget blandit sit amet,"
      text run at (2,1506) width 400: "facilisis vitae mi. Vivamus pretium lorem a quam imperdiet in"
      text run at (2,1522) width 373: "placerat purus sagittis. Aliquam ut dui nibh. Cras faucibus"
      text run at (2,1538) width 395: "imperdiet pellentesque. Curabitur vel tortor quam, ut pharetra"
      text run at (2,1554) width 364: "eros. Mauris euismod, justo in mattis ultricies, risus velit"
      text run at (2,1570) width 371: "pretium ligula, eu sodales libero dolor et massa. Phasellus"
      text run at (2,1586) width 374: "eros quam, faucibus sed consectetur et, elementum ut erat."
      text run at (2,1602) width 393: "Morbi fringilla, lorem non fermentum vulputate, quam metus"
      text run at (2,1618) width 398: "ullamcorper quam, eu porttitor diam metus eget augue. Donec"
      text run at (2,1634) width 380: "non lorem et arcu adipiscing suscipit. Donec porta euismod"
      text run at (2,1650) width 344: "magna a fermentum. Suspendisse vestibulum rhoncus"
      text run at (2,1666) width 393: "bibendum. Nam in nisi eget nulla vestibulum rutrum. Aenean"
      text run at (2,1682) width 364: "eu libero turpis. Lorem ipsum dolor sit amet, consectetur"
      text run at (2,1698) width 364: "adipiscing elit. Maecenas lacinia massa in lectus pretium"
      text run at (2,1714) width 373: "vulputate. Curabitur viverra augue in leo faucibus congue."
      text run at (2,1730) width 367: "Vestibulum ligula neque, commodo eget blandit sit amet,"
      text run at (2,1746) width 400: "facilisis vitae mi. Vivamus pretium lorem a quam imperdiet in"
      text run at (2,1762) width 373: "placerat purus sagittis. Aliquam ut dui nibh. Cras faucibus"
      text run at (2,1778) width 395: "imperdiet pellentesque. Curabitur vel tortor quam, ut pharetra"
      text run at (2,1794) width 364: "eros. Mauris euismod, justo in mattis ultricies, risus velit"
      text run at (2,1810) width 371: "pretium ligula, eu sodales libero dolor et massa. Phasellus"
      text run at (2,1826) width 374: "eros quam, faucibus sed consectetur et, elementum ut erat."
      text run at (2,1842) width 393: "Morbi fringilla, lorem non fermentum vulputate, quam metus"
      text run at (2,1858) width 398: "ullamcorper quam, eu porttitor diam metus eget augue. Donec"
      text run at (2,1874) width 380: "non lorem et arcu adipiscing suscipit. Donec porta euismod"
      text run at (2,1890) width 344: "magna a fermentum. Suspendisse vestibulum rhoncus"
      text run at (2,1906) width 393: "bibendum. Nam in nisi eget nulla vestibulum rutrum. Aenean"
      text run at (2,1922) width 101: "eu libero turpis."
