layer at (0,0) size 785x1186
  RenderView at (0,0) size 785x600
layer at (0,0) size 785x1186
  RenderBlock {HTML} at (0,0) size 785x1186
    RenderBody {BODY} at (8,8) size 769x1170
      RenderBlock (anonymous) at (0,0) size 769x16
        RenderText {#text} at (0,0) size 348x16
          text run at (0,0) width 348: "This test should scroll recursively to reveal the button."
        RenderText {#text} at (0,0) size 0x0
      RenderBlock {DIV} at (0,16) size 769x500
      RenderBlock (anonymous) at (0,516) size 769x154
        RenderText {#text} at (0,0) size 0x0
      RenderBlock {DIV} at (0,670) size 769x500
layer at (8,524) size 304x154
  RenderPartObject {IFRAME} at (0,0) size 304x154 [border: (2px inset #EEEEEE)]
    layer at (0,0) size 308x316
      RenderView at (0,0) size 285x135
    layer at (0,0) size 285x316
      RenderBlock {HTML} at (0,0) size 285x316
        RenderBody {BODY} at (8,8) size 269x300
    layer at (8,8) size 300x300 clip at (8,8) size 285x300 scrollY 541.00 scrollHeight 1266
      RenderBlock {DIV} at (0,0) size 300x300
        RenderBlock (anonymous) at (0,0) size 285x16
          RenderText {#text} at (0,0) size 90x16
            text run at (0,0) width 90: "overflow:auto"
        RenderBlock {DIV} at (0,16) size 285x600
        RenderBlock {DIV} at (0,766) size 285x500
    layer at (8,83) size 150x150 clip at (8,83) size 135x150 scrollY 466.00 scrollHeight 850
      RenderBlock {DIV} at (0,616) size 150x150
        RenderBlock (anonymous) at (0,0) size 135x16
          RenderText {#text} at (0,0) size 90x16
            text run at (0,0) width 90: "overflow:auto"
        RenderBlock {DIV} at (0,16) size 135x500
        RenderBlock (anonymous) at (0,516) size 135x34
          RenderBR {BR} at (0,0) size 0x16
          RenderButton {INPUT} at (0,16) size 50.97x18 [bgcolor=#C0C0C0]
            RenderBlock (anonymous) at (8,2.50) size 34.97x13
              RenderText {#text} at (0,0) size 35x13
                text run at (0,0) width 35: "Button"
          RenderText {#text} at (0,0) size 0x0
        RenderBlock {DIV} at (0,550) size 135x300
scrolled to 0,2
frame 'fr' scrolled to 0,90
