layer at (0,0) size 800x600
  RenderView at (0,0) size 800x600
layer at (0,0) size 800x600
  RenderBlock {HTML} at (0,0) size 800x600
    RenderBody {BODY} at (8,8) size 784x584
      RenderTable {TABLE} at (0,0) size 106x106
        RenderTableSection {TBODY} at (0,0) size 106x106
          RenderTableRow {TR} at (0,2) size 106x102
            RenderTableCell {TD} at (2,2) size 102x102 [bgcolor=#CCCCCC] [r=0 c=0 rs=1 cs=1]
      RenderBlock (anonymous) at (0,106) size 784x112
        RenderText {#text} at (0,0) size 782x32
          text run at (0,0) width 782: "Here it is: a gray, one-cell, no-width-specified table, with a 100x100 scrolling (overflow:auto) div inside. In this div, there"
          text run at (0,16) width 379: "are floating (float: left) span tags with content inside (text)."
        RenderBR {BR} at (378,28) size 1x0
        RenderBR {BR} at (0,32) size 0x16
        RenderText {#text} at (0,48) size 760x32
          text run at (0,48) width 760: "You would expect that the table would expand to fit the defined width of the div tag. But in Safari and Shiira, the table"
          text run at (0,64) width 200: "expands to fit the height of the "
        RenderInline {I} at (0,0) size 137x16
          RenderText {#text} at (199,64) size 137x16
            text run at (199,64) width 137: "content inside the div"
        RenderText {#text} at (335,64) size 780x32
          text run at (335,64) width 445: ", not the height of the div. This behavior does not occur if the content"
          text run at (0,80) width 88: "is not floated."
        RenderBR {BR} at (87,92) size 1x0
        RenderBR {BR} at (0,96) size 0x16
layer at (11,11) size 100x100 clip at (11,11) size 85x100 scrollHeight 272
  RenderBlock {DIV} at (1,1) size 100x100
    RenderBlock (floating) {SPAN} at (0,0) size 29.33x16
      RenderText {#text} at (0,0) size 30x16
        text run at (0,0) width 30: "stuff"
    RenderBlock (floating) {SPAN} at (29.33,0) size 29.33x16
      RenderText {#text} at (0,0) size 30x16
        text run at (0,0) width 30: "stuff"
    RenderBlock (floating) {SPAN} at (0,16) size 29.33x16
      RenderText {#text} at (0,0) size 30x16
        text run at (0,0) width 30: "stuff"
    RenderBlock (floating) {SPAN} at (29.33,16) size 29.33x16
      RenderText {#text} at (0,0) size 30x16
        text run at (0,0) width 30: "stuff"
    RenderBlock (floating) {SPAN} at (0,32) size 29.33x16
      RenderText {#text} at (0,0) size 30x16
        text run at (0,0) width 30: "stuff"
    RenderBlock (floating) {SPAN} at (29.33,32) size 29.33x16
      RenderText {#text} at (0,0) size 30x16
        text run at (0,0) width 30: "stuff"
    RenderBlock (floating) {SPAN} at (0,48) size 29.33x16
      RenderText {#text} at (0,0) size 30x16
        text run at (0,0) width 30: "stuff"
    RenderBlock (floating) {SPAN} at (29.33,48) size 29.33x16
      RenderText {#text} at (0,0) size 30x16
        text run at (0,0) width 30: "stuff"
    RenderBlock (floating) {SPAN} at (0,64) size 29.33x16
      RenderText {#text} at (0,0) size 30x16
        text run at (0,0) width 30: "stuff"
    RenderBlock (floating) {SPAN} at (29.33,64) size 29.33x16
      RenderText {#text} at (0,0) size 30x16
        text run at (0,0) width 30: "stuff"
    RenderBlock (floating) {SPAN} at (0,80) size 29.33x16
      RenderText {#text} at (0,0) size 30x16
        text run at (0,0) width 30: "stuff"
    RenderBlock (floating) {SPAN} at (29.33,80) size 29.33x16
      RenderText {#text} at (0,0) size 30x16
        text run at (0,0) width 30: "stuff"
    RenderBlock (floating) {SPAN} at (0,96) size 29.33x16
      RenderText {#text} at (0,0) size 30x16
        text run at (0,0) width 30: "stuff"
    RenderBlock (floating) {SPAN} at (29.33,96) size 29.33x16
      RenderText {#text} at (0,0) size 30x16
        text run at (0,0) width 30: "stuff"
    RenderBlock (floating) {SPAN} at (0,112) size 29.33x16
      RenderText {#text} at (0,0) size 30x16
        text run at (0,0) width 30: "stuff"
    RenderBlock (floating) {SPAN} at (29.33,112) size 29.33x16
      RenderText {#text} at (0,0) size 30x16
        text run at (0,0) width 30: "stuff"
    RenderBlock (floating) {SPAN} at (0,128) size 29.33x16
      RenderText {#text} at (0,0) size 30x16
        text run at (0,0) width 30: "stuff"
    RenderBlock (floating) {SPAN} at (29.33,128) size 29.33x16
      RenderText {#text} at (0,0) size 30x16
        text run at (0,0) width 30: "stuff"
    RenderBlock (floating) {SPAN} at (0,144) size 29.33x16
      RenderText {#text} at (0,0) size 30x16
        text run at (0,0) width 30: "stuff"
    RenderBlock (floating) {SPAN} at (29.33,144) size 29.33x16
      RenderText {#text} at (0,0) size 30x16
        text run at (0,0) width 30: "stuff"
    RenderBlock (floating) {SPAN} at (0,160) size 29.33x16
      RenderText {#text} at (0,0) size 30x16
        text run at (0,0) width 30: "stuff"
    RenderBlock (floating) {SPAN} at (29.33,160) size 29.33x16
      RenderText {#text} at (0,0) size 30x16
        text run at (0,0) width 30: "stuff"
    RenderBlock (floating) {SPAN} at (0,176) size 29.33x16
      RenderText {#text} at (0,0) size 30x16
        text run at (0,0) width 30: "stuff"
    RenderBlock (floating) {SPAN} at (29.33,176) size 29.33x16
      RenderText {#text} at (0,0) size 30x16
        text run at (0,0) width 30: "stuff"
    RenderBlock (floating) {SPAN} at (0,192) size 29.33x16
      RenderText {#text} at (0,0) size 30x16
        text run at (0,0) width 30: "stuff"
    RenderBlock (floating) {SPAN} at (29.33,192) size 29.33x16
      RenderText {#text} at (0,0) size 30x16
        text run at (0,0) width 30: "stuff"
    RenderBlock (floating) {SPAN} at (0,208) size 29.33x16
      RenderText {#text} at (0,0) size 30x16
        text run at (0,0) width 30: "stuff"
    RenderBlock (floating) {SPAN} at (29.33,208) size 29.33x16
      RenderText {#text} at (0,0) size 30x16
        text run at (0,0) width 30: "stuff"
    RenderBlock (floating) {SPAN} at (0,224) size 29.33x16
      RenderText {#text} at (0,0) size 30x16
        text run at (0,0) width 30: "stuff"
    RenderBlock (floating) {SPAN} at (29.33,224) size 29.33x16
      RenderText {#text} at (0,0) size 30x16
        text run at (0,0) width 30: "stuff"
    RenderBlock (floating) {SPAN} at (0,240) size 29.33x16
      RenderText {#text} at (0,0) size 30x16
        text run at (0,0) width 30: "stuff"
    RenderBlock (floating) {SPAN} at (29.33,240) size 29.33x16
      RenderText {#text} at (0,0) size 30x16
        text run at (0,0) width 30: "stuff"
    RenderBlock (floating) {SPAN} at (0,256) size 29.33x16
      RenderText {#text} at (0,0) size 30x16
        text run at (0,0) width 30: "stuff"
    RenderBlock (floating) {SPAN} at (29.33,256) size 29.33x16
      RenderText {#text} at (0,0) size 30x16
        text run at (0,0) width 30: "stuff"
