layer at (0,0) size 800x600
  RenderView at (0,0) size 800x600
layer at (0,0) size 800x303
  RenderBlock {html} at (0,0) size 800x303
    RenderBody {body} at (8,16) size 784x279
      RenderBlock {p} at (0,0) size 784x22
        RenderTextControl {input} at (0,0) size 333x22 [bgcolor=#FFFFFF] [border: (2px inset #EEEEEE)]
      RenderBlock {p} at (0,38) size 784x20
        RenderText {#text} at (0,0) size 440x19
          text run at (0,0) width 440: "It should say \"PASSED\" above and there should be a green circle below."
      RenderBlock (anonymous) at (0,74) size 784x205
        RenderSVGRoot {svg} at (8,90) size 100x100
          RenderSVGEllipse {circle} at (8,90) size 100x100 [fill={[type=SOLID] [color=#008000]}] [cx=50.00] [cy=50.00] [r=50.00]
        RenderText {#text} at (0,0) size 0x0
        RenderText {#text} at (0,0) size 0x0
layer at (10,19) size 329x16
  RenderBlock {div} at (2,3) size 329x16
    RenderText {#text} at (0,0) size 137x16
      text run at (0,0) width 137: "This test has PASSED."
