layer at (0,0) size 800x600
  RenderView at (0,0) size 800x600
layer at (0,0) size 800x600
  RenderBlock {HTML} at (0,0) size 800x600
    RenderBody {BODY} at (8,8) size 784x584
      RenderTable {TABLE} at (0,0) size 409x84 [border: (1px outset #808080)]
        RenderTableSection {TBODY} at (1,1) size 407x82
          RenderTableRow {TR} at (0,2) size 407x52
            RenderTableCell {TD} at (2,16) size 121x24 [border: (1px inset #808080)] [r=0 c=0 rs=1 cs=1]
              RenderText {#text} at (2,2) size 27x19
                text run at (2,2) width 27: "Blah"
            RenderTableCell {TD} at (125,2) size 280x52 [border: (1px inset #808080)] [r=0 c=1 rs=1 cs=1]
              RenderTable {TABLE} at (106.50,2) size 67x48 [border: (1px outset #808080)]
                RenderTableSection {TBODY} at (1,1) size 65x46
                  RenderTableRow {TR} at (0,2) size 65x42
                    RenderTableCell {TD} at (2,2) size 61x42 [border: (1px inset #808080)] [r=0 c=0 rs=1 cs=1]
                      RenderBlock {FORM} at (2,2) size 57x22
                        RenderButton {INPUT} at (0,0) size 57x22 [bgcolor=#C0C0C0] [border: (2px outset #C0C0C0)]
                          RenderBlock (anonymous) at (8,3) size 41x16
                            RenderText {#text} at (0,0) size 41x16
                              text run at (0,0) width 41: "Submit"
                        RenderText {#text} at (0,0) size 0x0
          RenderTableRow {TR} at (0,56) size 407x24
            RenderTableCell {TD} at (2,56) size 403x24 [border: (1px inset #808080)] [r=1 c=0 rs=1 cs=2]
              RenderText {#text} at (2,2) size 399x19
                text run at (2,2) width 399: "This line is only here to separate the two columns in the row above"
