layer at (0,0) size 7618x600
  RenderView at (0,0) size 800x600
layer at (0,0) size 800x162
  RenderBlock {HTML} at (0,0) size 800x162
    RenderBody {BODY} at (8,16) size 784x138
      RenderBlock {P} at (0,0) size 784x54
        RenderText {#text} at (0,0) size 763x53
          text run at (0,0) width 756: "This tests the interaction of overflow on some very wide text with auto table layout. The CSS 2.1 spec does not define"
          text run at (0,18) width 763: "how overflow interacts with intrinsic width, so we copy the IE behavior. Therefore the lines should come out very very"
          text run at (0,36) width 244: "wide and scroll along with the border."
      RenderTable {TABLE} at (0,70) size 7610x68 [border: (1px solid #FF0000)]
        RenderTableSection {TBODY} at (1,1) size 7608x66
          RenderTableRow {TR} at (0,2) size 7608x62
            RenderTableCell {TD} at (2,2) size 7604x62 [r=0 c=0 rs=1 cs=1]
layer at (12,103) size 7602x34 clip at (13,104) size 7600x32
  RenderBlock {PRE} at (1,14) size 7602x34 [border: (1px solid #0000FF)]
    RenderText {#text} at (1,1) size 7600x32
      text run at (1,1) width 3200: "this is a very long line this is a very long line this is a very long line this is a very long line this is a very long line this is a very long line this is a very long line this is a very long line this is a very long line this is a very long line this is a very long line this is a very long line this is a very long line this is a very long line this is a very long line this is a very long line "
      text run at (3201,1) width 0: " "
      text run at (1,17) width 7600: "this is a very long line this is a very long line this is a very long line this is a very long line this is a very long line this is a very long line this is a very long line this is a very long line this is a very long line this is a very long line this is a very long line this is a very long line this is a very long line this is a very long line this is a very long line this is a very long line this is a very long line this is a very long line this is a very long line this is a very long line this is a very long line this is a very long line this is a very long line this is a very long line this is a very long line this is a very long line this is a very long line this is a very long line this is a very long line this is a very long line this is a very long line this is a very long line this is a very long line this is a very long line this is a very long line this is a very long line this is a very long line this is a very long line "
      text run at (7601,17) width 0: " "
