layer at (0,0) size 800x600
  RenderView at (0,0) size 800x600
layer at (0,0) size 800x600
  RenderBlock {HTML} at (0,0) size 800x600
    RenderBody {BODY} at (8,8) size 784x584
layer at (8,8) size 404x404 clip at (10,10) size 400x385 scrollWidth 2480
  RenderBlock {DIV} at (0,0) size 404x404 [border: (2px solid #000000)]
    RenderText {#text} at (2,2) size 400x2212
      text run at (2,2) width 357: "Lorem ipsum dolor sit amet, consectetur adipiscing elit."
      text run at (2,20) width 399: "Maecenas lacinia massa in lectus pretium vulputate. Curabitur"
      text run at (2,38) width 360: "viverra augue in leo faucibus congue. Vestibulum ligula"
      text run at (2,56) width 362: "neque, commodo eget blandit sit amet, facilisis vitae mi."
      text run at (2,74) width 380: "Vivamus pretium lorem a quam imperdiet in placerat purus"
      text run at (2,92) width 344: "sagittis. Aliquam ut dui nibh. Cras faucibus imperdiet"
      text run at (2,110) width 364: "pellentesque. Curabitur vel tortor quam, ut pharetra eros."
      text run at (2,128) width 383: "Mauris euismod, justo in mattis ultricies, risus velit pretium"
      text run at (2,146) width 392: "ligula, eu sodales libero dolor et massa. Phasellus eros quam,"
      text run at (2,164) width 344: "faucibus sed consectetur et, elementum ut erat. Morbi"
      text run at (2,182) width 349: "fringilla, lorem non fermentum vulputate, quam metus"
      text run at (2,200) width 398: "ullamcorper quam, eu porttitor diam metus eget augue. Donec"
      text run at (2,218) width 380: "non lorem et arcu adipiscing suscipit. Donec porta euismod"
      text run at (2,236) width 344: "magna a fermentum. Suspendisse vestibulum rhoncus"
      text run at (2,254) width 393: "bibendum. Nam in nisi eget nulla vestibulum rutrum. Aenean"
      text run at (2,272) width 364: "eu libero turpis. Lorem ipsum dolor sit amet, consectetur"
      text run at (2,290) width 364: "adipiscing elit. Maecenas lacinia massa in lectus pretium"
      text run at (2,308) width 373: "vulputate. Curabitur viverra augue in leo faucibus congue."
      text run at (2,326) width 367: "Vestibulum ligula neque, commodo eget blandit sit amet,"
      text run at (2,344) width 400: "facilisis vitae mi. Vivamus pretium lorem a quam imperdiet in"
      text run at (2,362) width 373: "placerat purus sagittis. Aliquam ut dui nibh. Cras faucibus"
      text run at (2,387) width 395: "imperdiet pellentesque. Curabitur vel tortor quam, ut pharetra"
      text run at (2,405) width 364: "eros. Mauris euismod, justo in mattis ultricies, risus velit"
      text run at (2,423) width 371: "pretium ligula, eu sodales libero dolor et massa. Phasellus"
      text run at (2,441) width 374: "eros quam, faucibus sed consectetur et, elementum ut erat."
      text run at (2,459) width 393: "Morbi fringilla, lorem non fermentum vulputate, quam metus"
      text run at (2,477) width 398: "ullamcorper quam, eu porttitor diam metus eget augue. Donec"
      text run at (2,495) width 380: "non lorem et arcu adipiscing suscipit. Donec porta euismod"
      text run at (2,513) width 344: "magna a fermentum. Suspendisse vestibulum rhoncus"
      text run at (2,531) width 393: "bibendum. Nam in nisi eget nulla vestibulum rutrum. Aenean"
      text run at (2,549) width 364: "eu libero turpis. Lorem ipsum dolor sit amet, consectetur"
      text run at (2,567) width 364: "adipiscing elit. Maecenas lacinia massa in lectus pretium"
      text run at (2,585) width 373: "vulputate. Curabitur viverra augue in leo faucibus congue."
      text run at (2,603) width 367: "Vestibulum ligula neque, commodo eget blandit sit amet,"
      text run at (2,621) width 400: "facilisis vitae mi. Vivamus pretium lorem a quam imperdiet in"
      text run at (2,639) width 373: "placerat purus sagittis. Aliquam ut dui nibh. Cras faucibus"
      text run at (2,657) width 395: "imperdiet pellentesque. Curabitur vel tortor quam, ut pharetra"
      text run at (2,675) width 364: "eros. Mauris euismod, justo in mattis ultricies, risus velit"
      text run at (2,693) width 371: "pretium ligula, eu sodales libero dolor et massa. Phasellus"
      text run at (2,711) width 374: "eros quam, faucibus sed consectetur et, elementum ut erat."
      text run at (2,729) width 393: "Morbi fringilla, lorem non fermentum vulputate, quam metus"
      text run at (2,747) width 398: "ullamcorper quam, eu porttitor diam metus eget augue. Donec"
      text run at (2,772) width 380: "non lorem et arcu adipiscing suscipit. Donec porta euismod"
      text run at (2,790) width 344: "magna a fermentum. Suspendisse vestibulum rhoncus"
      text run at (2,808) width 393: "bibendum. Nam in nisi eget nulla vestibulum rutrum. Aenean"
      text run at (2,826) width 364: "eu libero turpis. Lorem ipsum dolor sit amet, consectetur"
      text run at (2,844) width 364: "adipiscing elit. Maecenas lacinia massa in lectus pretium"
      text run at (2,862) width 373: "vulputate. Curabitur viverra augue in leo faucibus congue."
      text run at (2,880) width 367: "Vestibulum ligula neque, commodo eget blandit sit amet,"
      text run at (2,898) width 400: "facilisis vitae mi. Vivamus pretium lorem a quam imperdiet in"
      text run at (2,916) width 373: "placerat purus sagittis. Aliquam ut dui nibh. Cras faucibus"
      text run at (2,934) width 395: "imperdiet pellentesque. Curabitur vel tortor quam, ut pharetra"
      text run at (2,952) width 364: "eros. Mauris euismod, justo in mattis ultricies, risus velit"
      text run at (2,970) width 371: "pretium ligula, eu sodales libero dolor et massa. Phasellus"
      text run at (2,988) width 374: "eros quam, faucibus sed consectetur et, elementum ut erat."
      text run at (2,1006) width 393: "Morbi fringilla, lorem non fermentum vulputate, quam metus"
      text run at (2,1024) width 398: "ullamcorper quam, eu porttitor diam metus eget augue. Donec"
      text run at (2,1042) width 380: "non lorem et arcu adipiscing suscipit. Donec porta euismod"
      text run at (2,1060) width 344: "magna a fermentum. Suspendisse vestibulum rhoncus"
      text run at (2,1078) width 393: "bibendum. Nam in nisi eget nulla vestibulum rutrum. Aenean"
      text run at (2,1096) width 364: "eu libero turpis. Lorem ipsum dolor sit amet, consectetur"
      text run at (2,1114) width 364: "adipiscing elit. Maecenas lacinia massa in lectus pretium"
      text run at (2,1132) width 373: "vulputate. Curabitur viverra augue in leo faucibus congue."
      text run at (2,1157) width 367: "Vestibulum ligula neque, commodo eget blandit sit amet,"
      text run at (2,1175) width 400: "facilisis vitae mi. Vivamus pretium lorem a quam imperdiet in"
      text run at (2,1193) width 373: "placerat purus sagittis. Aliquam ut dui nibh. Cras faucibus"
      text run at (2,1211) width 395: "imperdiet pellentesque. Curabitur vel tortor quam, ut pharetra"
      text run at (2,1229) width 364: "eros. Mauris euismod, justo in mattis ultricies, risus velit"
      text run at (2,1247) width 371: "pretium ligula, eu sodales libero dolor et massa. Phasellus"
      text run at (2,1265) width 374: "eros quam, faucibus sed consectetur et, elementum ut erat."
      text run at (2,1283) width 393: "Morbi fringilla, lorem non fermentum vulputate, quam metus"
      text run at (2,1301) width 398: "ullamcorper quam, eu porttitor diam metus eget augue. Donec"
      text run at (2,1319) width 380: "non lorem et arcu adipiscing suscipit. Donec porta euismod"
      text run at (2,1337) width 344: "magna a fermentum. Suspendisse vestibulum rhoncus"
      text run at (2,1355) width 393: "bibendum. Nam in nisi eget nulla vestibulum rutrum. Aenean"
      text run at (2,1373) width 364: "eu libero turpis. Lorem ipsum dolor sit amet, consectetur"
      text run at (2,1391) width 364: "adipiscing elit. Maecenas lacinia massa in lectus pretium"
      text run at (2,1409) width 373: "vulputate. Curabitur viverra augue in leo faucibus congue."
      text run at (2,1427) width 367: "Vestibulum ligula neque, commodo eget blandit sit amet,"
      text run at (2,1445) width 400: "facilisis vitae mi. Vivamus pretium lorem a quam imperdiet in"
      text run at (2,1463) width 373: "placerat purus sagittis. Aliquam ut dui nibh. Cras faucibus"
      text run at (2,1481) width 395: "imperdiet pellentesque. Curabitur vel tortor quam, ut pharetra"
      text run at (2,1499) width 364: "eros. Mauris euismod, justo in mattis ultricies, risus velit"
      text run at (2,1517) width 371: "pretium ligula, eu sodales libero dolor et massa. Phasellus"
      text run at (2,1542) width 374: "eros quam, faucibus sed consectetur et, elementum ut erat."
      text run at (2,1560) width 393: "Morbi fringilla, lorem non fermentum vulputate, quam metus"
      text run at (2,1578) width 398: "ullamcorper quam, eu porttitor diam metus eget augue. Donec"
      text run at (2,1596) width 380: "non lorem et arcu adipiscing suscipit. Donec porta euismod"
      text run at (2,1614) width 344: "magna a fermentum. Suspendisse vestibulum rhoncus"
      text run at (2,1632) width 393: "bibendum. Nam in nisi eget nulla vestibulum rutrum. Aenean"
      text run at (2,1650) width 364: "eu libero turpis. Lorem ipsum dolor sit amet, consectetur"
      text run at (2,1668) width 364: "adipiscing elit. Maecenas lacinia massa in lectus pretium"
      text run at (2,1686) width 373: "vulputate. Curabitur viverra augue in leo faucibus congue."
      text run at (2,1704) width 367: "Vestibulum ligula neque, commodo eget blandit sit amet,"
      text run at (2,1722) width 400: "facilisis vitae mi. Vivamus pretium lorem a quam imperdiet in"
      text run at (2,1740) width 373: "placerat purus sagittis. Aliquam ut dui nibh. Cras faucibus"
      text run at (2,1758) width 395: "imperdiet pellentesque. Curabitur vel tortor quam, ut pharetra"
      text run at (2,1776) width 364: "eros. Mauris euismod, justo in mattis ultricies, risus velit"
      text run at (2,1794) width 371: "pretium ligula, eu sodales libero dolor et massa. Phasellus"
      text run at (2,1812) width 374: "eros quam, faucibus sed consectetur et, elementum ut erat."
      text run at (2,1830) width 393: "Morbi fringilla, lorem non fermentum vulputate, quam metus"
      text run at (2,1848) width 398: "ullamcorper quam, eu porttitor diam metus eget augue. Donec"
      text run at (2,1866) width 380: "non lorem et arcu adipiscing suscipit. Donec porta euismod"
      text run at (2,1884) width 344: "magna a fermentum. Suspendisse vestibulum rhoncus"
      text run at (2,1902) width 393: "bibendum. Nam in nisi eget nulla vestibulum rutrum. Aenean"
      text run at (2,1927) width 364: "eu libero turpis. Lorem ipsum dolor sit amet, consectetur"
      text run at (2,1945) width 364: "adipiscing elit. Maecenas lacinia massa in lectus pretium"
      text run at (2,1963) width 373: "vulputate. Curabitur viverra augue in leo faucibus congue."
      text run at (2,1981) width 367: "Vestibulum ligula neque, commodo eget blandit sit amet,"
      text run at (2,1999) width 400: "facilisis vitae mi. Vivamus pretium lorem a quam imperdiet in"
      text run at (2,2017) width 373: "placerat purus sagittis. Aliquam ut dui nibh. Cras faucibus"
      text run at (2,2035) width 395: "imperdiet pellentesque. Curabitur vel tortor quam, ut pharetra"
      text run at (2,2053) width 364: "eros. Mauris euismod, justo in mattis ultricies, risus velit"
      text run at (2,2071) width 371: "pretium ligula, eu sodales libero dolor et massa. Phasellus"
      text run at (2,2089) width 374: "eros quam, faucibus sed consectetur et, elementum ut erat."
      text run at (2,2107) width 393: "Morbi fringilla, lorem non fermentum vulputate, quam metus"
      text run at (2,2125) width 398: "ullamcorper quam, eu porttitor diam metus eget augue. Donec"
      text run at (2,2143) width 380: "non lorem et arcu adipiscing suscipit. Donec porta euismod"
      text run at (2,2161) width 344: "magna a fermentum. Suspendisse vestibulum rhoncus"
      text run at (2,2179) width 393: "bibendum. Nam in nisi eget nulla vestibulum rutrum. Aenean"
      text run at (2,2197) width 101: "eu libero turpis."
