layer at (0,0) size 800x600
  RenderView at (0,0) size 800x600
layer at (0,0) size 800x600
  RenderBlock {HTML} at (0,0) size 800x600
    RenderBody {BODY} at (8,8) size 784x584
layer at (8,8) size 404x404 clip at (10,10) size 400x400 scrollHeight 2480
  RenderBlock {DIV} at (0,0) size 404x404 [border: (2px solid #000000)]
    RenderText {#text} at (2,2) size 400x2197
      text run at (2,2) width 357: "Lorem ipsum dolor sit amet, consectetur adipiscing elit."
      text run at (2,20) width 399: "Maecenas lacinia massa in lectus pretium vulputate. Curabitur"
      text run at (2,38) width 360: "viverra augue in leo faucibus congue. Vestibulum ligula"
      text run at (2,56) width 362: "neque, commodo eget blandit sit amet, facilisis vitae mi."
      text run at (2,74) width 380: "Vivamus pretium lorem a quam imperdiet in placerat purus"
      text run at (2,92) width 344: "sagittis. Aliquam ut dui nibh. Cras faucibus imperdiet"
      text run at (2,110) width 364: "pellentesque. Curabitur vel tortor quam, ut pharetra eros."
      text run at (2,128) width 383: "Mauris euismod, justo in mattis ultricies, risus velit pretium"
      text run at (2,146) width 392: "ligula, eu sodales libero dolor et massa. Phasellus eros quam,"
      text run at (2,164) width 344: "faucibus sed consectetur et, elementum ut erat. Morbi"
      text run at (2,182) width 349: "fringilla, lorem non fermentum vulputate, quam metus"
      text run at (2,200) width 398: "ullamcorper quam, eu porttitor diam metus eget augue. Donec"
      text run at (2,218) width 380: "non lorem et arcu adipiscing suscipit. Donec porta euismod"
      text run at (2,236) width 344: "magna a fermentum. Suspendisse vestibulum rhoncus"
      text run at (2,254) width 393: "bibendum. Nam in nisi eget nulla vestibulum rutrum. Aenean"
      text run at (2,272) width 364: "eu libero turpis. Lorem ipsum dolor sit amet, consectetur"
      text run at (2,290) width 364: "adipiscing elit. Maecenas lacinia massa in lectus pretium"
      text run at (2,308) width 373: "vulputate. Curabitur viverra augue in leo faucibus congue."
      text run at (2,326) width 367: "Vestibulum ligula neque, commodo eget blandit sit amet,"
      text run at (2,344) width 400: "facilisis vitae mi. Vivamus pretium lorem a quam imperdiet in"
      text run at (2,362) width 373: "placerat purus sagittis. Aliquam ut dui nibh. Cras faucibus"
      text run at (2,380) width 395: "imperdiet pellentesque. Curabitur vel tortor quam, ut pharetra"
      text run at (2,402) width 364: "eros. Mauris euismod, justo in mattis ultricies, risus velit"
      text run at (2,420) width 371: "pretium ligula, eu sodales libero dolor et massa. Phasellus"
      text run at (2,438) width 374: "eros quam, faucibus sed consectetur et, elementum ut erat."
      text run at (2,456) width 393: "Morbi fringilla, lorem non fermentum vulputate, quam metus"
      text run at (2,474) width 398: "ullamcorper quam, eu porttitor diam metus eget augue. Donec"
      text run at (2,492) width 380: "non lorem et arcu adipiscing suscipit. Donec porta euismod"
      text run at (2,510) width 344: "magna a fermentum. Suspendisse vestibulum rhoncus"
      text run at (2,528) width 393: "bibendum. Nam in nisi eget nulla vestibulum rutrum. Aenean"
      text run at (2,546) width 364: "eu libero turpis. Lorem ipsum dolor sit amet, consectetur"
      text run at (2,564) width 364: "adipiscing elit. Maecenas lacinia massa in lectus pretium"
      text run at (2,582) width 373: "vulputate. Curabitur viverra augue in leo faucibus congue."
      text run at (2,600) width 367: "Vestibulum ligula neque, commodo eget blandit sit amet,"
      text run at (2,618) width 400: "facilisis vitae mi. Vivamus pretium lorem a quam imperdiet in"
      text run at (2,636) width 373: "placerat purus sagittis. Aliquam ut dui nibh. Cras faucibus"
      text run at (2,654) width 395: "imperdiet pellentesque. Curabitur vel tortor quam, ut pharetra"
      text run at (2,672) width 364: "eros. Mauris euismod, justo in mattis ultricies, risus velit"
      text run at (2,690) width 371: "pretium ligula, eu sodales libero dolor et massa. Phasellus"
      text run at (2,708) width 374: "eros quam, faucibus sed consectetur et, elementum ut erat."
      text run at (2,726) width 393: "Morbi fringilla, lorem non fermentum vulputate, quam metus"
      text run at (2,744) width 398: "ullamcorper quam, eu porttitor diam metus eget augue. Donec"
      text run at (2,762) width 380: "non lorem et arcu adipiscing suscipit. Donec porta euismod"
      text run at (2,780) width 344: "magna a fermentum. Suspendisse vestibulum rhoncus"
      text run at (2,802) width 393: "bibendum. Nam in nisi eget nulla vestibulum rutrum. Aenean"
      text run at (2,820) width 364: "eu libero turpis. Lorem ipsum dolor sit amet, consectetur"
      text run at (2,838) width 364: "adipiscing elit. Maecenas lacinia massa in lectus pretium"
      text run at (2,856) width 373: "vulputate. Curabitur viverra augue in leo faucibus congue."
      text run at (2,874) width 367: "Vestibulum ligula neque, commodo eget blandit sit amet,"
      text run at (2,892) width 400: "facilisis vitae mi. Vivamus pretium lorem a quam imperdiet in"
      text run at (2,910) width 373: "placerat purus sagittis. Aliquam ut dui nibh. Cras faucibus"
      text run at (2,928) width 395: "imperdiet pellentesque. Curabitur vel tortor quam, ut pharetra"
      text run at (2,946) width 364: "eros. Mauris euismod, justo in mattis ultricies, risus velit"
      text run at (2,964) width 371: "pretium ligula, eu sodales libero dolor et massa. Phasellus"
      text run at (2,982) width 374: "eros quam, faucibus sed consectetur et, elementum ut erat."
      text run at (2,1000) width 393: "Morbi fringilla, lorem non fermentum vulputate, quam metus"
      text run at (2,1018) width 398: "ullamcorper quam, eu porttitor diam metus eget augue. Donec"
      text run at (2,1036) width 380: "non lorem et arcu adipiscing suscipit. Donec porta euismod"
      text run at (2,1054) width 344: "magna a fermentum. Suspendisse vestibulum rhoncus"
      text run at (2,1072) width 393: "bibendum. Nam in nisi eget nulla vestibulum rutrum. Aenean"
      text run at (2,1090) width 364: "eu libero turpis. Lorem ipsum dolor sit amet, consectetur"
      text run at (2,1108) width 364: "adipiscing elit. Maecenas lacinia massa in lectus pretium"
      text run at (2,1126) width 373: "vulputate. Curabitur viverra augue in leo faucibus congue."
      text run at (2,1144) width 367: "Vestibulum ligula neque, commodo eget blandit sit amet,"
      text run at (2,1162) width 400: "facilisis vitae mi. Vivamus pretium lorem a quam imperdiet in"
      text run at (2,1180) width 373: "placerat purus sagittis. Aliquam ut dui nibh. Cras faucibus"
      text run at (2,1202) width 395: "imperdiet pellentesque. Curabitur vel tortor quam, ut pharetra"
      text run at (2,1220) width 364: "eros. Mauris euismod, justo in mattis ultricies, risus velit"
      text run at (2,1238) width 371: "pretium ligula, eu sodales libero dolor et massa. Phasellus"
      text run at (2,1256) width 374: "eros quam, faucibus sed consectetur et, elementum ut erat."
      text run at (2,1274) width 393: "Morbi fringilla, lorem non fermentum vulputate, quam metus"
      text run at (2,1292) width 398: "ullamcorper quam, eu porttitor diam metus eget augue. Donec"
      text run at (2,1310) width 380: "non lorem et arcu adipiscing suscipit. Donec porta euismod"
      text run at (2,1328) width 344: "magna a fermentum. Suspendisse vestibulum rhoncus"
      text run at (2,1346) width 393: "bibendum. Nam in nisi eget nulla vestibulum rutrum. Aenean"
      text run at (2,1364) width 364: "eu libero turpis. Lorem ipsum dolor sit amet, consectetur"
      text run at (2,1382) width 364: "adipiscing elit. Maecenas lacinia massa in lectus pretium"
      text run at (2,1400) width 373: "vulputate. Curabitur viverra augue in leo faucibus congue."
      text run at (2,1418) width 367: "Vestibulum ligula neque, commodo eget blandit sit amet,"
      text run at (2,1436) width 400: "facilisis vitae mi. Vivamus pretium lorem a quam imperdiet in"
      text run at (2,1454) width 373: "placerat purus sagittis. Aliquam ut dui nibh. Cras faucibus"
      text run at (2,1472) width 395: "imperdiet pellentesque. Curabitur vel tortor quam, ut pharetra"
      text run at (2,1490) width 364: "eros. Mauris euismod, justo in mattis ultricies, risus velit"
      text run at (2,1508) width 371: "pretium ligula, eu sodales libero dolor et massa. Phasellus"
      text run at (2,1526) width 374: "eros quam, faucibus sed consectetur et, elementum ut erat."
      text run at (2,1544) width 393: "Morbi fringilla, lorem non fermentum vulputate, quam metus"
      text run at (2,1562) width 398: "ullamcorper quam, eu porttitor diam metus eget augue. Donec"
      text run at (2,1580) width 380: "non lorem et arcu adipiscing suscipit. Donec porta euismod"
      text run at (2,1602) width 344: "magna a fermentum. Suspendisse vestibulum rhoncus"
      text run at (2,1620) width 393: "bibendum. Nam in nisi eget nulla vestibulum rutrum. Aenean"
      text run at (2,1638) width 364: "eu libero turpis. Lorem ipsum dolor sit amet, consectetur"
      text run at (2,1656) width 364: "adipiscing elit. Maecenas lacinia massa in lectus pretium"
      text run at (2,1674) width 373: "vulputate. Curabitur viverra augue in leo faucibus congue."
      text run at (2,1692) width 367: "Vestibulum ligula neque, commodo eget blandit sit amet,"
      text run at (2,1710) width 400: "facilisis vitae mi. Vivamus pretium lorem a quam imperdiet in"
      text run at (2,1728) width 373: "placerat purus sagittis. Aliquam ut dui nibh. Cras faucibus"
      text run at (2,1746) width 395: "imperdiet pellentesque. Curabitur vel tortor quam, ut pharetra"
      text run at (2,1764) width 364: "eros. Mauris euismod, justo in mattis ultricies, risus velit"
      text run at (2,1782) width 371: "pretium ligula, eu sodales libero dolor et massa. Phasellus"
      text run at (2,1800) width 374: "eros quam, faucibus sed consectetur et, elementum ut erat."
      text run at (2,1818) width 393: "Morbi fringilla, lorem non fermentum vulputate, quam metus"
      text run at (2,1836) width 398: "ullamcorper quam, eu porttitor diam metus eget augue. Donec"
      text run at (2,1854) width 380: "non lorem et arcu adipiscing suscipit. Donec porta euismod"
      text run at (2,1872) width 344: "magna a fermentum. Suspendisse vestibulum rhoncus"
      text run at (2,1890) width 393: "bibendum. Nam in nisi eget nulla vestibulum rutrum. Aenean"
      text run at (2,1908) width 364: "eu libero turpis. Lorem ipsum dolor sit amet, consectetur"
      text run at (2,1926) width 364: "adipiscing elit. Maecenas lacinia massa in lectus pretium"
      text run at (2,1944) width 373: "vulputate. Curabitur viverra augue in leo faucibus congue."
      text run at (2,1962) width 367: "Vestibulum ligula neque, commodo eget blandit sit amet,"
      text run at (2,1980) width 400: "facilisis vitae mi. Vivamus pretium lorem a quam imperdiet in"
      text run at (2,2002) width 373: "placerat purus sagittis. Aliquam ut dui nibh. Cras faucibus"
      text run at (2,2020) width 395: "imperdiet pellentesque. Curabitur vel tortor quam, ut pharetra"
      text run at (2,2038) width 364: "eros. Mauris euismod, justo in mattis ultricies, risus velit"
      text run at (2,2056) width 371: "pretium ligula, eu sodales libero dolor et massa. Phasellus"
      text run at (2,2074) width 374: "eros quam, faucibus sed consectetur et, elementum ut erat."
      text run at (2,2092) width 393: "Morbi fringilla, lorem non fermentum vulputate, quam metus"
      text run at (2,2110) width 398: "ullamcorper quam, eu porttitor diam metus eget augue. Donec"
      text run at (2,2128) width 380: "non lorem et arcu adipiscing suscipit. Donec porta euismod"
      text run at (2,2146) width 344: "magna a fermentum. Suspendisse vestibulum rhoncus"
      text run at (2,2164) width 393: "bibendum. Nam in nisi eget nulla vestibulum rutrum. Aenean"
      text run at (2,2182) width 101: "eu libero turpis."
