layer at (0,0) size 800x600
  RenderView at (0,0) size 800x600
layer at (0,0) size 800x600
  RenderBlock {HTML} at (0,0) size 800x600
    RenderBody {BODY} at (8,8) size 784x584
      RenderBlock {DIV} at (0,0) size 100x108
        RenderText {#text} at (0,2) size 40x36
          text run at (0,2) width 40: "a"
        RenderInline {SPAN} at (0,0) size 61x36 [color=#0000FF]
          RenderText {#text} at (0,57) size 61x36
            text run at (0,57) width 61: ".."
        RenderText {#text} at (0,0) size 0x0
