layer at (0,0) size 800x600
  RenderView at (0,0) size 800x600
layer at (0,0) size 800x600
  RenderBlock {HTML} at (0,0) size 800x600
    RenderBody {BODY} at (8,8) size 784x584
layer at (8,8) size 38x315
  RenderBlock (floating) {DIV} at (0,0) size 38.41x315
    RenderText {#text} at (0,5) size 39x11
      text run at (0,5) width 39: "    "
    RenderBR {BR} at (38,16) size 1x0
    RenderText {#text} at (0,26) size 39x11
      text run at (0,26) width 39: "    "
    RenderBR {BR} at (38,37) size 1x0
    RenderText {#text} at (0,47) size 39x11
      text run at (0,47) width 39: "    "
    RenderBR {BR} at (38,58) size 1x0
    RenderText {#text} at (0,68) size 39x11
      text run at (0,68) width 39: "    "
    RenderBR {BR} at (38,79) size 1x0
    RenderText {#text} at (0,89) size 39x11
      text run at (0,89) width 39: "    "
    RenderBR {BR} at (38,100) size 1x0
    RenderText {#text} at (0,110) size 39x11
      text run at (0,110) width 39: "    "
    RenderBR {BR} at (38,121) size 1x0
    RenderText {#text} at (0,131) size 39x11
      text run at (0,131) width 39: "    "
    RenderBR {BR} at (38,142) size 1x0
    RenderText {#text} at (0,152) size 39x11
      text run at (0,152) width 39: "    "
    RenderBR {BR} at (38,163) size 1x0
    RenderText {#text} at (0,173) size 39x11
      text run at (0,173) width 39: "    "
    RenderBR {BR} at (38,184) size 1x0
    RenderText {#text} at (0,194) size 39x11
      text run at (0,194) width 39: "    "
    RenderBR {BR} at (38,205) size 1x0
    RenderText {#text} at (0,215) size 39x11
      text run at (0,215) width 39: "    "
    RenderBR {BR} at (38,226) size 1x0
    RenderText {#text} at (0,236) size 39x11
      text run at (0,236) width 39: "    "
    RenderBR {BR} at (38,247) size 1x0
    RenderText {#text} at (0,257) size 39x11
      text run at (0,257) width 39: "    "
    RenderBR {BR} at (38,268) size 1x0
    RenderText {#text} at (0,278) size 39x11
      text run at (0,278) width 39: "    "
    RenderBR {BR} at (38,289) size 1x0
    RenderText {#text} at (0,299) size 39x11
      text run at (0,299) width 39: "    "
    RenderBR {BR} at (38,310) size 1x0
layer at (61,8) size 39x315
  RenderBlock (floating) {DIV} at (53.41,0) size 38.41x315
    RenderText {#text} at (0,5) size 39x11
      text run at (0,5) width 39: "    "
    RenderBR {BR} at (38,16) size 1x0
    RenderText {#text} at (0,26) size 39x11
      text run at (0,26) width 39: "    "
    RenderBR {BR} at (38,37) size 1x0
    RenderText {#text} at (0,47) size 39x11
      text run at (0,47) width 39: "    "
    RenderBR {BR} at (38,58) size 1x0
    RenderText {#text} at (0,68) size 39x11
      text run at (0,68) width 39: "    "
    RenderBR {BR} at (38,79) size 1x0
    RenderText {#text} at (0,89) size 39x11
      text run at (0,89) width 39: "    "
    RenderBR {BR} at (38,100) size 1x0
    RenderText {#text} at (0,110) size 39x11
      text run at (0,110) width 39: "    "
    RenderBR {BR} at (38,121) size 1x0
    RenderText {#text} at (0,131) size 39x11
      text run at (0,131) width 39: "    "
    RenderBR {BR} at (38,142) size 1x0
    RenderText {#text} at (0,152) size 39x11
      text run at (0,152) width 39: "    "
    RenderBR {BR} at (38,163) size 1x0
    RenderText {#text} at (0,173) size 39x11
      text run at (0,173) width 39: "    "
    RenderBR {BR} at (38,184) size 1x0
    RenderText {#text} at (0,194) size 39x11
      text run at (0,194) width 39: "    "
    RenderBR {BR} at (38,205) size 1x0
    RenderText {#text} at (0,215) size 39x11
      text run at (0,215) width 39: "    "
    RenderBR {BR} at (38,226) size 1x0
    RenderText {#text} at (0,236) size 39x11
      text run at (0,236) width 39: "    "
    RenderBR {BR} at (38,247) size 1x0
    RenderText {#text} at (0,257) size 39x11
      text run at (0,257) width 39: "    "
    RenderBR {BR} at (38,268) size 1x0
    RenderText {#text} at (0,278) size 39x11
      text run at (0,278) width 39: "    "
    RenderBR {BR} at (38,289) size 1x0
    RenderText {#text} at (0,299) size 39x11
      text run at (0,299) width 39: "    "
    RenderBR {BR} at (38,310) size 1x0
layer at (120,8) size 38x315
  RenderBlock (floating) {DIV} at (111.81,0) size 38.41x315
    RenderText {#text} at (0,5) size 39x11
      text run at (0,5) width 39: "    "
    RenderBR {BR} at (38,16) size 1x0
    RenderText {#text} at (0,26) size 39x11
      text run at (0,26) width 39: "    "
    RenderBR {BR} at (38,37) size 1x0
    RenderText {#text} at (0,47) size 39x11
      text run at (0,47) width 39: "    "
    RenderBR {BR} at (38,58) size 1x0
    RenderText {#text} at (0,68) size 39x11
      text run at (0,68) width 39: "    "
    RenderBR {BR} at (38,79) size 1x0
    RenderText {#text} at (0,89) size 39x11
      text run at (0,89) width 39: "    "
    RenderBR {BR} at (38,100) size 1x0
    RenderText {#text} at (0,110) size 39x11
      text run at (0,110) width 39: "    "
    RenderBR {BR} at (38,121) size 1x0
    RenderText {#text} at (0,131) size 39x11
      text run at (0,131) width 39: "    "
    RenderBR {BR} at (38,142) size 1x0
    RenderText {#text} at (0,152) size 39x11
      text run at (0,152) width 39: "    "
    RenderBR {BR} at (38,163) size 1x0
    RenderText {#text} at (0,173) size 39x11
      text run at (0,173) width 39: "    "
    RenderBR {BR} at (38,184) size 1x0
    RenderText {#text} at (0,194) size 39x11
      text run at (0,194) width 39: "    "
    RenderBR {BR} at (38,205) size 1x0
    RenderText {#text} at (0,215) size 39x11
      text run at (0,215) width 39: "    "
    RenderBR {BR} at (38,226) size 1x0
    RenderText {#text} at (0,236) size 39x11
      text run at (0,236) width 39: "    "
    RenderBR {BR} at (38,247) size 1x0
    RenderText {#text} at (0,257) size 39x11
      text run at (0,257) width 39: "    "
    RenderBR {BR} at (38,268) size 1x0
    RenderText {#text} at (0,278) size 39x11
      text run at (0,278) width 39: "    "
    RenderBR {BR} at (38,289) size 1x0
    RenderText {#text} at (0,299) size 39x11
      text run at (0,299) width 39: "    "
    RenderBR {BR} at (38,310) size 1x0
layer at (180,8) size 39x315
  RenderBlock (floating) {DIV} at (172.22,0) size 38.41x315
    RenderText {#text} at (0,5) size 39x11
      text run at (0,5) width 39: "    "
    RenderBR {BR} at (38,16) size 1x0
    RenderText {#text} at (0,26) size 39x11
      text run at (0,26) width 39: "    "
    RenderBR {BR} at (38,37) size 1x0
    RenderText {#text} at (0,47) size 39x11
      text run at (0,47) width 39: "    "
    RenderBR {BR} at (38,58) size 1x0
    RenderText {#text} at (0,68) size 39x11
      text run at (0,68) width 39: "    "
    RenderBR {BR} at (38,79) size 1x0
    RenderText {#text} at (0,89) size 39x11
      text run at (0,89) width 39: "    "
    RenderBR {BR} at (38,100) size 1x0
    RenderText {#text} at (0,110) size 39x11
      text run at (0,110) width 39: "    "
    RenderBR {BR} at (38,121) size 1x0
    RenderText {#text} at (0,131) size 39x11
      text run at (0,131) width 39: "    "
    RenderBR {BR} at (38,142) size 1x0
    RenderText {#text} at (0,152) size 39x11
      text run at (0,152) width 39: "    "
    RenderBR {BR} at (38,163) size 1x0
    RenderText {#text} at (0,173) size 39x11
      text run at (0,173) width 39: "    "
    RenderBR {BR} at (38,184) size 1x0
    RenderText {#text} at (0,194) size 39x11
      text run at (0,194) width 39: "    "
    RenderBR {BR} at (38,205) size 1x0
    RenderText {#text} at (0,215) size 39x11
      text run at (0,215) width 39: "    "
    RenderBR {BR} at (38,226) size 1x0
    RenderText {#text} at (0,236) size 39x11
      text run at (0,236) width 39: "    "
    RenderBR {BR} at (38,247) size 1x0
    RenderText {#text} at (0,257) size 39x11
      text run at (0,257) width 39: "    "
    RenderBR {BR} at (38,268) size 1x0
    RenderText {#text} at (0,278) size 39x11
      text run at (0,278) width 39: "    "
    RenderBR {BR} at (38,289) size 1x0
    RenderText {#text} at (0,299) size 39x11
      text run at (0,299) width 39: "    "
    RenderBR {BR} at (38,310) size 1x0
layer at (249,8) size 38x315
  RenderBlock (floating) {DIV} at (240.63,0) size 38.41x315
    RenderText {#text} at (0,5) size 39x11
      text run at (0,5) width 39: "    "
    RenderBR {BR} at (38,16) size 1x0
    RenderText {#text} at (0,26) size 39x11
      text run at (0,26) width 39: "    "
    RenderBR {BR} at (38,37) size 1x0
    RenderText {#text} at (0,47) size 39x11
      text run at (0,47) width 39: "    "
    RenderBR {BR} at (38,58) size 1x0
    RenderText {#text} at (0,68) size 39x11
      text run at (0,68) width 39: "    "
    RenderBR {BR} at (38,79) size 1x0
    RenderText {#text} at (0,89) size 39x11
      text run at (0,89) width 39: "    "
    RenderBR {BR} at (38,100) size 1x0
    RenderText {#text} at (0,110) size 39x11
      text run at (0,110) width 39: "    "
    RenderBR {BR} at (38,121) size 1x0
    RenderText {#text} at (0,131) size 39x11
      text run at (0,131) width 39: "    "
    RenderBR {BR} at (38,142) size 1x0
    RenderText {#text} at (0,152) size 39x11
      text run at (0,152) width 39: "    "
    RenderBR {BR} at (38,163) size 1x0
    RenderText {#text} at (0,173) size 39x11
      text run at (0,173) width 39: "    "
    RenderBR {BR} at (38,184) size 1x0
    RenderText {#text} at (0,194) size 39x11
      text run at (0,194) width 39: "    "
    RenderBR {BR} at (38,205) size 1x0
    RenderText {#text} at (0,215) size 39x11
      text run at (0,215) width 39: "    "
    RenderBR {BR} at (38,226) size 1x0
    RenderText {#text} at (0,236) size 39x11
      text run at (0,236) width 39: "    "
    RenderBR {BR} at (38,247) size 1x0
    RenderText {#text} at (0,257) size 39x11
      text run at (0,257) width 39: "    "
    RenderBR {BR} at (38,268) size 1x0
    RenderText {#text} at (0,278) size 39x11
      text run at (0,278) width 39: "    "
    RenderBR {BR} at (38,289) size 1x0
    RenderText {#text} at (0,299) size 39x11
      text run at (0,299) width 39: "    "
    RenderBR {BR} at (38,310) size 1x0
layer at (332,8) size 38x315
  RenderBlock (floating) {DIV} at (324.03,0) size 38.41x315
    RenderText {#text} at (0,5) size 39x11
      text run at (0,5) width 39: "    "
    RenderBR {BR} at (38,16) size 1x0
    RenderText {#text} at (0,26) size 39x11
      text run at (0,26) width 39: "    "
    RenderBR {BR} at (38,37) size 1x0
    RenderText {#text} at (0,47) size 39x11
      text run at (0,47) width 39: "    "
    RenderBR {BR} at (38,58) size 1x0
    RenderText {#text} at (0,68) size 39x11
      text run at (0,68) width 39: "    "
    RenderBR {BR} at (38,79) size 1x0
    RenderText {#text} at (0,89) size 39x11
      text run at (0,89) width 39: "    "
    RenderBR {BR} at (38,100) size 1x0
    RenderText {#text} at (0,110) size 39x11
      text run at (0,110) width 39: "    "
    RenderBR {BR} at (38,121) size 1x0
    RenderText {#text} at (0,131) size 39x11
      text run at (0,131) width 39: "    "
    RenderBR {BR} at (38,142) size 1x0
    RenderText {#text} at (0,152) size 39x11
      text run at (0,152) width 39: "    "
    RenderBR {BR} at (38,163) size 1x0
    RenderText {#text} at (0,173) size 39x11
      text run at (0,173) width 39: "    "
    RenderBR {BR} at (38,184) size 1x0
    RenderText {#text} at (0,194) size 39x11
      text run at (0,194) width 39: "    "
    RenderBR {BR} at (38,205) size 1x0
    RenderText {#text} at (0,215) size 39x11
      text run at (0,215) width 39: "    "
    RenderBR {BR} at (38,226) size 1x0
    RenderText {#text} at (0,236) size 39x11
      text run at (0,236) width 39: "    "
    RenderBR {BR} at (38,247) size 1x0
    RenderText {#text} at (0,257) size 39x11
      text run at (0,257) width 39: "    "
    RenderBR {BR} at (38,268) size 1x0
    RenderText {#text} at (0,278) size 39x11
      text run at (0,278) width 39: "    "
    RenderBR {BR} at (38,289) size 1x0
    RenderText {#text} at (0,299) size 39x11
      text run at (0,299) width 39: "    "
    RenderBR {BR} at (38,310) size 1x0
layer at (425,8) size 39x315
  RenderBlock (floating) {DIV} at (417.44,0) size 38.41x315
    RenderText {#text} at (0,5) size 39x11
      text run at (0,5) width 39: "    "
    RenderBR {BR} at (38,16) size 1x0
    RenderText {#text} at (0,26) size 39x11
      text run at (0,26) width 39: "    "
    RenderBR {BR} at (38,37) size 1x0
    RenderText {#text} at (0,47) size 39x11
      text run at (0,47) width 39: "    "
    RenderBR {BR} at (38,58) size 1x0
    RenderText {#text} at (0,68) size 39x11
      text run at (0,68) width 39: "    "
    RenderBR {BR} at (38,79) size 1x0
    RenderText {#text} at (0,89) size 39x11
      text run at (0,89) width 39: "    "
    RenderBR {BR} at (38,100) size 1x0
    RenderText {#text} at (0,110) size 39x11
      text run at (0,110) width 39: "    "
    RenderBR {BR} at (38,121) size 1x0
    RenderText {#text} at (0,131) size 39x11
      text run at (0,131) width 39: "    "
    RenderBR {BR} at (38,142) size 1x0
    RenderText {#text} at (0,152) size 39x11
      text run at (0,152) width 39: "    "
    RenderBR {BR} at (38,163) size 1x0
    RenderText {#text} at (0,173) size 39x11
      text run at (0,173) width 39: "    "
    RenderBR {BR} at (38,184) size 1x0
    RenderText {#text} at (0,194) size 39x11
      text run at (0,194) width 39: "    "
    RenderBR {BR} at (38,205) size 1x0
    RenderText {#text} at (0,215) size 39x11
      text run at (0,215) width 39: "    "
    RenderBR {BR} at (38,226) size 1x0
    RenderText {#text} at (0,236) size 39x11
      text run at (0,236) width 39: "    "
    RenderBR {BR} at (38,247) size 1x0
    RenderText {#text} at (0,257) size 39x11
      text run at (0,257) width 39: "    "
    RenderBR {BR} at (38,268) size 1x0
    RenderText {#text} at (0,278) size 39x11
      text run at (0,278) width 39: "    "
    RenderBR {BR} at (38,289) size 1x0
    RenderText {#text} at (0,299) size 39x11
      text run at (0,299) width 39: "    "
    RenderBR {BR} at (38,310) size 1x0
