layer at (0,0) size 800x600
  RenderView at (0,0) size 800x600
layer at (0,0) size 800x600
  RenderBlock {HTML} at (0,0) size 800x600
    RenderBody {BODY} at (8,8) size 784x584
      RenderBlock {DIV} at (0,0) size 784x54
        RenderText {#text} at (0,11) size 39x23
          text run at (0,11) width 39: "1 "
        RenderRuby (inline) {RUBY} at (0,0) size 97x23
          RenderRubyRun (anonymous) at (38.41,1) size 96.02x53
            RenderRubyText {RT} at (0,-6) size 96.02x21
              RenderText {#text} at (34,5) size 29x11
                text run at (34,5) width 29: "678"
            RenderRubyBase (anonymous) at (0,0) size 96.02x53
              RenderInline {RB} at (0,0) size 97x23
                RenderText {#text} at (0,10) size 58x23
                  text run at (0,10) width 58: "23 "
                RenderInline {SPAN} at (0,0) size 40x23
                  RenderText {#text} at (57,10) size 40x23
                    text run at (57,10) width 40: "45"
        RenderText {#text} at (0,0) size 0x0
      RenderBlock {DIV} at (0,62) size 784x53
        RenderText {#text} at (0,20) size 39x23
          text run at (0,20) width 39: "1 "
        RenderRuby (inline) {RUBY} at (0,0) size 97x23
          RenderRubyRun (anonymous) at (38.41,0) size 96.02x53
            RenderRubyText {RT} at (0,20) size 96.02x0
            RenderRubyBase (anonymous) at (0,0) size 96.02x53
              RenderInline {RB} at (0,0) size 97x23
                RenderText {#text} at (0,20) size 58x23
                  text run at (0,20) width 58: "23 "
                RenderInline {SPAN} at (0,0) size 40x23
                  RenderText {#text} at (57,20) size 40x23
                    text run at (57,20) width 40: "45"
        RenderText {#text} at (0,0) size 0x0
      RenderBlock {DIV} at (0,123) size 784x44
        RenderText {#text} at (0,11) size 39x23
          text run at (0,11) width 39: "1 "
        RenderRuby (inline) {RUBY} at (0,0) size 97x23
          RenderRubyRun (anonymous) at (38.41,1) size 96.02x43
            RenderRubyText {RT} at (0,-6) size 96.02x21
              RenderText {#text} at (34,5) size 29x11
                text run at (34,5) width 29: "678"
            RenderRubyBase (anonymous) at (0,0) size 96.02x43
              RenderInline {RB} at (0,0) size 97x23
                RenderText {#text} at (0,10) size 58x23
                  text run at (0,10) width 58: "23 "
                RenderInline {SPAN} at (0,0) size 40x23
                  RenderText {#text} at (57,10) size 40x23
                    text run at (57,10) width 40: "45"
        RenderText {#text} at (0,0) size 0x0
      RenderBlock {DIV} at (0,175) size 784x54
        RenderText {#text} at (0,10) size 39x23
          text run at (0,10) width 39: "1 "
        RenderRuby (inline) {RUBY} at (0,0) size 97x23
          RenderRubyRun (anonymous) at (38.41,0) size 96.02x53
            RenderRubyText {RT} at (0,38) size 96.02x21
              RenderText {#text} at (34,5) size 29x11
                text run at (34,5) width 29: "678"
            RenderRubyBase (anonymous) at (0,0) size 96.02x53
              RenderInline {RB} at (0,0) size 97x23
                RenderText {#text} at (0,20) size 58x23
                  text run at (0,20) width 58: "23 "
                RenderInline {SPAN} at (0,0) size 40x23
                  RenderText {#text} at (57,20) size 40x23
                    text run at (57,20) width 40: "45"
        RenderText {#text} at (0,0) size 0x0
      RenderBlock {DIV} at (0,237) size 784x53
        RenderText {#text} at (0,20) size 39x23
          text run at (0,20) width 39: "1 "
        RenderRuby (inline) {RUBY} at (0,0) size 97x23
          RenderRubyRun (anonymous) at (38.41,0) size 96.02x53
            RenderRubyText {RT} at (0,33) size 96.02x0
            RenderRubyBase (anonymous) at (0,0) size 96.02x53
              RenderInline {RB} at (0,0) size 97x23
                RenderText {#text} at (0,10) size 58x23
                  text run at (0,10) width 58: "23 "
                RenderInline {SPAN} at (0,0) size 40x23
                  RenderText {#text} at (57,10) size 40x23
                    text run at (57,10) width 40: "45"
        RenderText {#text} at (0,0) size 0x0
      RenderBlock {DIV} at (0,298) size 784x44
        RenderText {#text} at (0,10) size 39x23
          text run at (0,10) width 39: "1 "
        RenderRuby (inline) {RUBY} at (0,0) size 97x23
          RenderRubyRun (anonymous) at (38.41,0) size 96.02x43
            RenderRubyText {RT} at (0,28) size 96.02x21
              RenderText {#text} at (34,5) size 29x11
                text run at (34,5) width 29: "678"
            RenderRubyBase (anonymous) at (0,0) size 96.02x43
              RenderInline {RB} at (0,0) size 97x23
                RenderText {#text} at (0,10) size 58x23
                  text run at (0,10) width 58: "23 "
                RenderInline {SPAN} at (0,0) size 40x23
                  RenderText {#text} at (57,10) size 40x23
                    text run at (57,10) width 40: "45"
        RenderText {#text} at (0,0) size 0x0
