layer at (0,0) size 800x600
  RenderView at (0,0) size 800x600
layer at (0,0) size 800x600
  RenderBlock {HTML} at (0,0) size 800x600
    RenderBody {BODY} at (8,8) size 784x584
      RenderBlock {DIV} at (0,0) size 784x188
        RenderBlock {DIV} at (0,8) size 96.02x172
          RenderText {#text} at (0,10) size 97x23
            text run at (0,10) width 97: "1111 "
          RenderBR {BR} at (0,0) size 0x0
          RenderInline {SPAN} at (0,0) size 77x23
            RenderText {#text} at (0,53) size 77x23
              text run at (0,53) width 77: "2222"
          RenderText {#text} at (76,53) size 21x23
            text run at (76,53) width 21: " "
          RenderBR {BR} at (0,0) size 0x0
          RenderInline {SPAN} at (0,0) size 77x23 [color=#0000FF]
            RenderText {#text} at (0,96) size 77x23
              text run at (0,96) width 77: "3333"
          RenderText {#text} at (76,96) size 21x23
            text run at (76,96) width 21: " "
          RenderBR {BR} at (0,0) size 0x0
          RenderText {#text} at (0,139) size 77x23
            text run at (0,139) width 77: "4444"
        RenderText {#text} at (96,158) size 5x16
          text run at (96,158) width 5: " "
        RenderBlock {DIV} at (100.02,8) size 96.02x172
          RenderText {#text} at (0,10) size 97x23
            text run at (0,10) width 97: "1111 "
          RenderBR {BR} at (0,0) size 0x0
          RenderInline {SPAN} at (0,0) size 77x23 [color=#008000]
            RenderText {#text} at (0,53) size 77x23
              text run at (0,53) width 77: "2222"
          RenderText {#text} at (76,53) size 21x23
            text run at (76,53) width 21: " "
          RenderBR {BR} at (0,0) size 0x0
          RenderInline {SPAN} at (0,0) size 77x23
            RenderText {#text} at (0,96) size 77x23
              text run at (0,96) width 77: "3333"
          RenderText {#text} at (76,96) size 21x23
            text run at (76,96) width 21: " "
          RenderBR {BR} at (0,0) size 0x0
          RenderText {#text} at (0,139) size 77x23
            text run at (0,139) width 77: "4444"
        RenderText {#text} at (196,158) size 5x16
          text run at (196,158) width 5: " "
        RenderBlock {DIV} at (200.03,8) size 96.02x172
          RenderText {#text} at (0,10) size 97x23
            text run at (0,10) width 97: "1111 "
          RenderBR {BR} at (0,0) size 0x0
          RenderInline {SPAN} at (0,0) size 77x23 [color=#008000]
            RenderText {#text} at (0,53) size 77x23
              text run at (0,53) width 77: "2222"
          RenderText {#text} at (76,53) size 21x23
            text run at (76,53) width 21: " "
          RenderBR {BR} at (0,0) size 0x0
          RenderInline {SPAN} at (0,0) size 77x23 [color=#0000FF]
            RenderText {#text} at (0,96) size 77x23
              text run at (0,96) width 77: "3333"
          RenderText {#text} at (76,96) size 21x23
            text run at (76,96) width 21: " "
          RenderBR {BR} at (0,0) size 0x0
          RenderText {#text} at (0,139) size 77x23
            text run at (0,139) width 77: "4444"
        RenderText {#text} at (0,0) size 0x0
      RenderBlock {DIV} at (0,188) size 784x188
        RenderBlock {DIV} at (0,8) size 96.02x172
          RenderText {#text} at (0,10) size 97x23
            text run at (0,10) width 97: "1111 "
          RenderBR {BR} at (0,0) size 0x0
          RenderInline {SPAN} at (0,0) size 77x23
            RenderText {#text} at (0,53) size 77x23
              text run at (0,53) width 77: "2222"
          RenderText {#text} at (76,53) size 21x23
            text run at (76,53) width 21: " "
          RenderBR {BR} at (0,0) size 0x0
          RenderInline {SPAN} at (0,0) size 77x23 [color=#008000]
            RenderText {#text} at (0,96) size 77x23
              text run at (0,96) width 77: "3333"
          RenderText {#text} at (76,96) size 21x23
            text run at (76,96) width 21: " "
          RenderBR {BR} at (0,0) size 0x0
          RenderText {#text} at (0,139) size 77x23
            text run at (0,139) width 77: "4444"
        RenderText {#text} at (96,14) size 5x16
          text run at (96,14) width 5: " "
        RenderBlock {DIV} at (100.02,8) size 96.02x172
          RenderText {#text} at (0,10) size 97x23
            text run at (0,10) width 97: "1111 "
          RenderBR {BR} at (0,0) size 0x0
          RenderInline {SPAN} at (0,0) size 77x23 [color=#0000FF]
            RenderText {#text} at (0,53) size 77x23
              text run at (0,53) width 77: "2222"
          RenderText {#text} at (76,53) size 21x23
            text run at (76,53) width 21: " "
          RenderBR {BR} at (0,0) size 0x0
          RenderInline {SPAN} at (0,0) size 77x23
            RenderText {#text} at (0,96) size 77x23
              text run at (0,96) width 77: "3333"
          RenderText {#text} at (76,96) size 21x23
            text run at (76,96) width 21: " "
          RenderBR {BR} at (0,0) size 0x0
          RenderText {#text} at (0,139) size 77x23
            text run at (0,139) width 77: "4444"
        RenderText {#text} at (196,14) size 5x16
          text run at (196,14) width 5: " "
        RenderBlock {DIV} at (200.03,8) size 96.02x172
          RenderText {#text} at (0,10) size 97x23
            text run at (0,10) width 97: "1111 "
          RenderBR {BR} at (0,0) size 0x0
          RenderInline {SPAN} at (0,0) size 77x23 [color=#0000FF]
            RenderText {#text} at (0,53) size 77x23
              text run at (0,53) width 77: "2222"
          RenderText {#text} at (76,53) size 21x23
            text run at (76,53) width 21: " "
          RenderBR {BR} at (0,0) size 0x0
          RenderInline {SPAN} at (0,0) size 77x23 [color=#008000]
            RenderText {#text} at (0,96) size 77x23
              text run at (0,96) width 77: "3333"
          RenderText {#text} at (76,96) size 21x23
            text run at (76,96) width 21: " "
          RenderBR {BR} at (0,0) size 0x0
          RenderText {#text} at (0,139) size 77x23
            text run at (0,139) width 77: "4444"
        RenderText {#text} at (0,0) size 0x0
