layer at (0,0) size 800x600
  RenderView at (0,0) size 800x600
layer at (0,0) size 800x600
  RenderBlock {HTML} at (0,0) size 800x600
    RenderBody {BODY} at (8,8) size 784x584
      RenderBlock {DIV} at (0,0) size 100x66 [color=#008000] [bgcolor=#FF0000]
        RenderInline {SPAN} at (0,0) size 31x18
          RenderText {#text} at (0,8) size 31x18
            text run at (0,8) width 31: "x\x{C}x"
        RenderInline {SPAN} at (0,0) size 31x18
          RenderText {#text} at (30,8) size 31x18
            text run at (30,8) width 31: "xx"
        RenderText {#text} at (0,0) size 0x0
        RenderText {#text} at (0,0) size 0x0
        RenderInline {SPAN} at (0,0) size 31x18
          RenderText {#text} at (0,41) size 31x18
            text run at (0,41) width 31: "x\x{B}x"
        RenderInline {SPAN} at (0,0) size 31x18
          RenderText {#text} at (30,41) size 31x18
            text run at (30,41) width 31: "xx"
        RenderText {#text} at (0,0) size 0x0
        RenderText {#text} at (0,0) size 0x0
