layer at (0,0) size 800x600
  RenderView at (0,0) size 800x600
layer at (0,0) size 800x600
  RenderBlock {HTML} at (0,0) size 800x600
    RenderBody {BODY} at (8,8) size 784x584
      RenderBlock {DIV} at (0,0) size 656x106 [border: (3px solid #0000FF)]
        RenderInline {SPAN} at (0,0) size 115x18
          RenderText {#text} at (3,19) size 115x18
            text run at (3,19) width 115: "a b c d "
        RenderText {#text} at (117,19) size 301x18
          text run at (117,19) width 301: "e f g h xxxxxxxxxxx "
        RenderBR {BR} at (0,0) size 0x0
        RenderInline {SPAN} at (0,0) size 115x18
          RenderText {#text} at (3,69) size 115x18
            text run at (3,69) width 115: "a b c d "
        RenderText {#text} at (117,69) size 286x18
          text run at (117,69) width 286: "e f g h xxxxxxxxxxx"
