layer at (0,0) size 800x600
  RenderView at (0,0) size 800x600
layer at (0,0) size 800x600
  RenderBlock {HTML} at (0,0) size 800x600
    RenderBody {BODY} at (8,8) size 784x584
      RenderBlock {DIV} at (0,0) size 784x182
        RenderBlock {DIV} at (0,0) size 290x14
          RenderText {#text} at (0,3) size 145x7
            text run at (0,3) width 145: "l l l l l l l l l l l l "
          RenderInline {SPAN} at (0,0) size 37x7
            RenderText {#text} at (144,3) size 37x7
              text run at (144,3) width 37: "llllll"
          RenderText {#text} at (0,0) size 0x0
        RenderBlock {DIV} at (0,14) size 290x14
          RenderText {#text} at (0,3) size 145x7
            text run at (0,3) width 145: "l l l l l l l l l l l l "
          RenderInline {SPAN} at (0,0) size 37x7
            RenderText {#text} at (144,3) size 37x7
              text run at (144,3) width 37: "llllll"
          RenderText {#text} at (0,0) size 0x0
        RenderBlock {DIV} at (0,28) size 290x14
          RenderText {#text} at (0,3) size 145x7
            text run at (0,3) width 145: "l l l l l l l l l l l l "
          RenderInline {SPAN} at (0,0) size 37x7
            RenderText {#text} at (144,3) size 37x7
              text run at (144,3) width 37: "llllll"
          RenderText {#text} at (0,0) size 0x0
        RenderBlock {DIV} at (0,42) size 290x14
          RenderText {#text} at (0,3) size 145x7
            text run at (0,3) width 145: "l l l l l l l l l l l l "
          RenderInline {SPAN} at (0,0) size 37x7
            RenderText {#text} at (144,3) size 37x7
              text run at (144,3) width 37: "llllll"
          RenderText {#text} at (0,0) size 0x0
        RenderBlock {DIV} at (0,56) size 290x14
          RenderText {#text} at (0,3) size 145x7
            text run at (0,3) width 145: "l l l l l l l l l l l l "
          RenderInline {SPAN} at (0,0) size 37x7
            RenderText {#text} at (144,3) size 37x7
              text run at (144,3) width 37: "llllll"
          RenderText {#text} at (0,0) size 0x0
        RenderBlock {DIV} at (0,70) size 290x14
          RenderText {#text} at (0,3) size 145x7
            text run at (0,3) width 145: "l l l l l l l l l l l l "
          RenderInline {SPAN} at (0,0) size 37x7
            RenderText {#text} at (144,3) size 37x7
              text run at (144,3) width 37: "llllll"
          RenderText {#text} at (0,0) size 0x0
        RenderBlock {DIV} at (0,84) size 290x14
          RenderText {#text} at (0,3) size 145x7
            text run at (0,3) width 145: "l l l l l l l l l l l l "
          RenderInline {SPAN} at (0,0) size 37x7
            RenderText {#text} at (144,3) size 37x7
              text run at (144,3) width 37: "llllll"
          RenderText {#text} at (0,0) size 0x0
        RenderBlock {DIV} at (0,98) size 290x14
          RenderText {#text} at (0,3) size 145x7
            text run at (0,3) width 145: "l l l l l l l l l l l l "
          RenderInline {SPAN} at (0,0) size 37x7
            RenderText {#text} at (144,3) size 37x7
              text run at (144,3) width 37: "llllll"
          RenderText {#text} at (0,0) size 0x0
        RenderBlock {DIV} at (0,112) size 290x14
          RenderText {#text} at (0,3) size 145x7
            text run at (0,3) width 145: "l l l l l l l l l l l l "
          RenderInline {SPAN} at (0,0) size 37x7
            RenderText {#text} at (144,3) size 37x7
              text run at (144,3) width 37: "llllll"
          RenderText {#text} at (0,0) size 0x0
        RenderBlock {DIV} at (0,126) size 290x14
          RenderText {#text} at (0,3) size 145x7
            text run at (0,3) width 145: "l l l l l l l l l l l l "
          RenderInline {SPAN} at (0,0) size 37x7
            RenderText {#text} at (144,3) size 37x7
              text run at (144,3) width 37: "llllll"
          RenderText {#text} at (0,0) size 0x0
        RenderBlock {DIV} at (0,140) size 290x14
          RenderText {#text} at (0,3) size 145x7
            text run at (0,3) width 145: "l l l l l l l l l l l l "
          RenderInline {SPAN} at (0,0) size 37x7
            RenderText {#text} at (144,3) size 37x7
              text run at (144,3) width 37: "llllll"
          RenderText {#text} at (0,0) size 0x0
        RenderBlock {DIV} at (0,154) size 290x14
          RenderText {#text} at (0,3) size 145x7
            text run at (0,3) width 145: "l l l l l l l l l l l l "
          RenderInline {SPAN} at (0,0) size 37x7
            RenderText {#text} at (144,3) size 37x7
              text run at (144,3) width 37: "llllll"
          RenderText {#text} at (0,0) size 0x0
        RenderBlock {DIV} at (0,168) size 290x14
          RenderText {#text} at (0,3) size 145x7
            text run at (0,3) width 145: "l l l l l l l l l l l l "
          RenderInline {SPAN} at (0,0) size 37x7
            RenderText {#text} at (144,3) size 37x7
              text run at (144,3) width 37: "llllll"
          RenderText {#text} at (0,0) size 0x0
      RenderBlock {DIV} at (0,182) size 784x182
        RenderBlock {DIV} at (0,0) size 290x14
          RenderText {#text} at (0,3) size 145x7
            text run at (0,3) width 145: "l l l l l l l l l l l l "
          RenderInline {SPAN} at (0,0) size 37x7
            RenderText {#text} at (144,3) size 37x7
              text run at (144,3) width 37: "llllll"
          RenderText {#text} at (0,0) size 0x0
        RenderBlock {DIV} at (0,14) size 290x14
          RenderText {#text} at (0,3) size 145x7
            text run at (0,3) width 145: "l l l l l l l l l l l l "
          RenderInline {SPAN} at (0,0) size 37x7
            RenderText {#text} at (144,3) size 37x7
              text run at (144,3) width 37: "llllll"
          RenderText {#text} at (0,0) size 0x0
        RenderBlock {DIV} at (0,28) size 290x14
          RenderText {#text} at (0,3) size 145x7
            text run at (0,3) width 145: "l l l l l l l l l l l l "
          RenderInline {SPAN} at (0,0) size 37x7
            RenderText {#text} at (144,3) size 37x7
              text run at (144,3) width 37: "llllll"
          RenderText {#text} at (0,0) size 0x0
        RenderBlock {DIV} at (0,42) size 290x14
          RenderText {#text} at (0,3) size 145x7
            text run at (0,3) width 145: "l l l l l l l l l l l l "
          RenderInline {SPAN} at (0,0) size 37x7
            RenderText {#text} at (144,3) size 37x7
              text run at (144,3) width 37: "llllll"
          RenderText {#text} at (0,0) size 0x0
        RenderBlock {DIV} at (0,56) size 290x14
          RenderText {#text} at (0,3) size 145x7
            text run at (0,3) width 145: "l l l l l l l l l l l l "
          RenderInline {SPAN} at (0,0) size 37x7
            RenderText {#text} at (144,3) size 37x7
              text run at (144,3) width 37: "llllll"
          RenderText {#text} at (0,0) size 0x0
        RenderBlock {DIV} at (0,70) size 290x14
          RenderText {#text} at (0,3) size 145x7
            text run at (0,3) width 145: "l l l l l l l l l l l l "
          RenderInline {SPAN} at (0,0) size 37x7
            RenderText {#text} at (144,3) size 37x7
              text run at (144,3) width 37: "llllll"
          RenderText {#text} at (0,0) size 0x0
        RenderBlock {DIV} at (0,84) size 290x14
          RenderText {#text} at (0,3) size 145x7
            text run at (0,3) width 145: "l l l l l l l l l l l l "
          RenderInline {SPAN} at (0,0) size 37x7
            RenderText {#text} at (144,3) size 37x7
              text run at (144,3) width 37: "llllll"
          RenderText {#text} at (0,0) size 0x0
        RenderBlock {DIV} at (0,98) size 290x14
          RenderText {#text} at (0,3) size 145x7
            text run at (0,3) width 145: "l l l l l l l l l l l l "
          RenderInline {SPAN} at (0,0) size 37x7
            RenderText {#text} at (144,3) size 37x7
              text run at (144,3) width 37: "llllll"
          RenderText {#text} at (0,0) size 0x0
        RenderBlock {DIV} at (0,112) size 290x14
          RenderText {#text} at (0,3) size 145x7
            text run at (0,3) width 145: "l l l l l l l l l l l l "
          RenderInline {SPAN} at (0,0) size 37x7
            RenderText {#text} at (144,3) size 37x7
              text run at (144,3) width 37: "llllll"
          RenderText {#text} at (0,0) size 0x0
        RenderBlock {DIV} at (0,126) size 290x14
          RenderText {#text} at (0,3) size 145x7
            text run at (0,3) width 145: "l l l l l l l l l l l l "
          RenderInline {SPAN} at (0,0) size 37x7
            RenderText {#text} at (144,3) size 37x7
              text run at (144,3) width 37: "llllll"
          RenderText {#text} at (0,0) size 0x0
        RenderBlock {DIV} at (0,140) size 290x14
          RenderText {#text} at (0,3) size 145x7
            text run at (0,3) width 145: "l l l l l l l l l l l l "
          RenderInline {SPAN} at (0,0) size 37x7
            RenderText {#text} at (144,3) size 37x7
              text run at (144,3) width 37: "llllll"
          RenderText {#text} at (0,0) size 0x0
        RenderBlock {DIV} at (0,154) size 290x14
          RenderText {#text} at (0,3) size 145x7
            text run at (0,3) width 145: "l l l l l l l l l l l l "
          RenderInline {SPAN} at (0,0) size 37x7
            RenderText {#text} at (144,3) size 37x7
              text run at (144,3) width 37: "llllll"
          RenderText {#text} at (0,0) size 0x0
        RenderBlock {DIV} at (0,168) size 290x14
          RenderText {#text} at (0,3) size 145x7
            text run at (0,3) width 145: "l l l l l l l l l l l l "
          RenderInline {SPAN} at (0,0) size 37x7
            RenderText {#text} at (144,3) size 37x7
              text run at (144,3) width 37: "llllll"
          RenderText {#text} at (0,0) size 0x0
