layer at (0,0) size 800x600
  RenderView at (0,0) size 800x600
layer at (0,0) size 800x600
  RenderBlock {HTML} at (0,0) size 800x600
    RenderBody {BODY} at (8,8) size 784x584
      RenderBlock {DIV} at (0,0) size 100x54 [color=#008000] [bgcolor=#FF0000]
        RenderText {#text} at (0,7) size 65x41
          text run at (0,7) width 65: "hen\x{AD}a\x{AD}" + hyphen string "-"
          text run at (0,34) width 61: "tion."
      RenderBlock {DIV} at (0,54) size 100x54 [color=#008000] [bgcolor=#FF0000]
        RenderText {#text} at (0,7) size 65x41
          text run at (0,7) width 65: "hena\x{AD}" + hyphen string "-"
          text run at (0,34) width 61: "tion."
      RenderBlock {DIV} at (0,108) size 100x27 [color=#008000] [bgcolor=#FF0000]
        RenderText {#text} at (0,7) size 61x14
          text run at (0,7) width 61: "5x5sq"
