layer at (0,0) size 800x600
  RenderView at (0,0) size 800x600
layer at (0,0) size 800x600
  RenderBlock {HTML} at (0,0) size 800x600
    RenderBody {BODY} at (8,8) size 784x584
      RenderBlock {DIV} at (0,0) size 225x33 [color=#FFFFFF]
        RenderText {#text} at (0,8) size 57x18
          text run at (0,8) width 57: "Did \x{AD}"
        RenderInline {SPAN} at (0,0) size 46x18 [color=#008000]
          RenderText {#text} at (56,8) size 46x18
            text run at (56,8) width 46: "not"
        RenderText {#text} at (101,8) size 81x18
          text run at (101,8) width 81: " fail"
