layer at (0,0) size 800x600
  RenderView at (0,0) size 800x600
layer at (0,0) size 800x600
  RenderBlock {HTML} at (0,0) size 800x600
    RenderBody {BODY} at (8,8) size 784x576
      RenderBlock {P} at (0,0) size 784x0
      RenderBlock {DIV} at (0,0) size 344x79 [border: (3px solid #000000)]
        RenderText {#text} at (7,13) size 271x13
          text run at (7,13) width 271: "12345678901 anti\x{AD}aliasing"
        RenderBR {BR} at (277,26) size 1x0
        RenderBR {BR} at (7,33) size 0x13
        RenderText {#text} at (7,53) size 271x13
          text run at (7,53) width 271: "12345678901 anti\x{AD}aliasing"
        RenderText {#text} at (0,0) size 0x0
      RenderBlock {P} at (0,95) size 784x0
