layer at (0,0) size 800x600
  RenderView at (0,0) size 800x600
layer at (0,0) size 800x86
  RenderBlock {HTML} at (0,0) size 800x86
    RenderBody {BODY} at (8,8) size 784x70
      RenderBlock (anonymous) at (0,0) size 784x20
        RenderText {#text} at (0,0) size 127x19
          text run at (0,0) width 127: "PASS if not crashed."
layer at (8,28) size 50x50 clip at (8,28) size 34x34 scrollWidth 200 scrollHeight 200
  RenderBlock {DIV} at (0,20) size 50x50
    RenderBlock {DIV} at (0,0) size 200x200
