layer at (0,0) size 800x600
  RenderView at (0,0) size 800x600
layer at (0,0) size 800x600
  RenderBlock {HTML} at (0,0) size 800x600
    RenderBody {BODY} at (8,8) size 784x584
      RenderText {#text} at (165,0) size 4x19
        text run at (165,0) width 4: " "
      RenderText {#text} at (334,0) size 4x19
        text run at (334,0) width 4: " "
      RenderText {#text} at (503,0) size 4x19
        text run at (503,0) width 4: " "
      RenderText {#text} at (0,0) size 0x0
      RenderText {#text} at (165,140) size 4x19
        text run at (165,140) width 4: " "
      RenderText {#text} at (334,140) size 4x19
        text run at (334,140) width 4: " "
      RenderText {#text} at (0,0) size 0x0
layer at (28,28) size 125x100 clip at (29,29) size 110x98
  RenderListBox {SELECT} at (20,20) size 125x100 [color=#DCDCDC] [bgcolor=#718D93] [border: (1px solid #D3D3D3)]
    RenderBlock {OPTION} at (11,11) size 90x15.39
      RenderText {#text} at (2,0) size 26x14
        text run at (2,0) width 26: "One"
    RenderBlock {OPTION} at (11,26.39) size 90x15.39
      RenderText {#text} at (2,0) size 26x14
        text run at (2,0) width 26: "Two"
    RenderBlock {OPTION} at (11,41.78) size 90x15.39
      RenderText {#text} at (2,0) size 36x14
        text run at (2,0) width 36: "Three"
    RenderBlock {OPTION} at (11,57.17) size 90x15.39
      RenderText {#text} at (2,0) size 28x14
        text run at (2,0) width 28: "Four"
    RenderBlock {OPTION} at (11,72.56) size 90x15.39
      RenderText {#text} at (2,0) size 25x14
        text run at (2,0) width 25: "Five"
layer at (197,28) size 125x100 clip at (198,29) size 110x98
  RenderListBox {SELECT} at (189,20) size 125x100 [color=#DCDCDC] [bgcolor=#718D93] [border: (1px solid #D3D3D3)]
    RenderBlock {OPTION} at (11,11) size 90x15.39
      RenderText {#text} at (2,0) size 26x14
        text run at (2,0) width 26: "One"
    RenderBlock {OPTION} at (11,26.39) size 90x15.39
      RenderText {#text} at (2,0) size 26x14
        text run at (2,0) width 26: "Two"
    RenderBlock {OPTION} at (11,41.78) size 90x15.39
      RenderText {#text} at (2,0) size 36x14
        text run at (2,0) width 36: "Three"
    RenderBlock {OPTION} at (11,57.17) size 90x15.39
      RenderText {#text} at (2,0) size 28x14
        text run at (2,0) width 28: "Four"
    RenderBlock {OPTION} at (11,72.56) size 90x15.39
      RenderText {#text} at (2,0) size 25x14
        text run at (2,0) width 25: "Five"
layer at (366,28) size 125x100 clip at (367,29) size 110x98
  RenderListBox {SELECT} at (358,20) size 125x100 [color=#DCDCDC] [bgcolor=#718D93] [border: (1px solid #D3D3D3)]
    RenderBlock {OPTION} at (11,11) size 90x15.39
      RenderText {#text} at (2,0) size 26x14
        text run at (2,0) width 26: "One"
    RenderBlock {OPTION} at (11,26.39) size 90x15.39
      RenderText {#text} at (2,0) size 26x14
        text run at (2,0) width 26: "Two"
    RenderBlock {OPTION} at (11,41.78) size 90x15.39
      RenderText {#text} at (2,0) size 36x14
        text run at (2,0) width 36: "Three"
    RenderBlock {OPTION} at (11,57.17) size 90x15.39
      RenderText {#text} at (2,0) size 28x14
        text run at (2,0) width 28: "Four"
    RenderBlock {OPTION} at (11,72.56) size 90x15.39
      RenderText {#text} at (2,0) size 25x14
        text run at (2,0) width 25: "Five"
layer at (535,28) size 125x100 clip at (536,29) size 110x98
  RenderListBox {SELECT} at (527,20) size 125x100 [color=#DCDCDC] [bgcolor=#718D93] [border: (1px solid #D3D3D3)]
    RenderBlock {OPTION} at (11,11) size 90x15.39
      RenderText {#text} at (2,0) size 26x14
        text run at (2,0) width 26: "One"
    RenderBlock {OPTION} at (11,26.39) size 90x15.39
      RenderText {#text} at (2,0) size 26x14
        text run at (2,0) width 26: "Two"
    RenderBlock {OPTION} at (11,41.78) size 90x15.39
      RenderText {#text} at (2,0) size 36x14
        text run at (2,0) width 36: "Three"
    RenderBlock {OPTION} at (11,57.17) size 90x15.39
      RenderText {#text} at (2,0) size 28x14
        text run at (2,0) width 28: "Four"
    RenderBlock {OPTION} at (11,72.56) size 90x15.39
      RenderText {#text} at (2,0) size 25x14
        text run at (2,0) width 25: "Five"
layer at (28,168) size 125x100 clip at (29,169) size 110x98
  RenderListBox {SELECT} at (20,160) size 125x100 [color=#DCDCDC] [bgcolor=#718D93] [border: (1px solid #D3D3D3)]
    RenderBlock {OPTION} at (11,11) size 90x15.39
      RenderText {#text} at (2,0) size 26x14
        text run at (2,0) width 26: "One"
    RenderBlock {OPTION} at (11,26.39) size 90x15.39
      RenderText {#text} at (2,0) size 26x14
        text run at (2,0) width 26: "Two"
    RenderBlock {OPTION} at (11,41.78) size 90x15.39
      RenderText {#text} at (2,0) size 36x14
        text run at (2,0) width 36: "Three"
    RenderBlock {OPTION} at (11,57.17) size 90x15.39
      RenderText {#text} at (2,0) size 28x14
        text run at (2,0) width 28: "Four"
    RenderBlock {OPTION} at (11,72.56) size 90x15.39
      RenderText {#text} at (2,0) size 25x14
        text run at (2,0) width 25: "Five"
layer at (197,168) size 125x100 clip at (198,169) size 110x98
  RenderListBox {SELECT} at (189,160) size 125x100 [color=#DCDCDC] [bgcolor=#718D93] [border: (1px solid #D3D3D3)]
    RenderBlock {OPTION} at (11,11) size 90x15.39
      RenderText {#text} at (2,0) size 26x14
        text run at (2,0) width 26: "One"
    RenderBlock {OPTION} at (11,26.39) size 90x15.39
      RenderText {#text} at (2,0) size 26x14
        text run at (2,0) width 26: "Two"
    RenderBlock {OPTION} at (11,41.78) size 90x15.39
      RenderText {#text} at (2,0) size 36x14
        text run at (2,0) width 36: "Three"
    RenderBlock {OPTION} at (11,57.17) size 90x15.39
      RenderText {#text} at (2,0) size 28x14
        text run at (2,0) width 28: "Four"
    RenderBlock {OPTION} at (11,72.56) size 90x15.39
      RenderText {#text} at (2,0) size 25x14
        text run at (2,0) width 25: "Five"
layer at (366,168) size 125x100 clip at (367,169) size 110x98
  RenderListBox {SELECT} at (358,160) size 125x100 [color=#DCDCDC] [bgcolor=#718D93] [border: (1px solid #D3D3D3)]
    RenderBlock {OPTION} at (11,11) size 90x15.39
      RenderText {#text} at (2,0) size 26x14
        text run at (2,0) width 26: "One"
    RenderBlock {OPTION} at (11,26.39) size 90x15.39
      RenderText {#text} at (2,0) size 26x14
        text run at (2,0) width 26: "Two"
