layer at (0,0) size 785x4443
  RenderView at (0,0) size 785x600
layer at (0,0) size 785x4443
  RenderBlock {HTML} at (0,0) size 785x4443.31
    RenderBody {BODY} at (8,8) size 769x4427.31 [bgcolor=#CCCCCC]
      RenderBlock {P} at (0,0) size 769x18
        RenderText {#text} at (0,0) size 363x17
          text run at (0,0) width 363: "The style declarations which apply to the text below are:"
      RenderBlock {PRE} at (0,34) size 769x288
        RenderText {#text} at (0,0) size 512x288
          text run at (0,0) width 160: "P {font-size: 12pt;}"
          text run at (160,0) width 0: " "
          text run at (0,16) width 216: ".one {vertical-align: sub;}"
          text run at (216,16) width 0: " "
          text run at (0,32) width 232: ".two {vertical-align: super;}"
          text run at (232,32) width 0: " "
          text run at (0,48) width 368: ".three {vertical-align: top; font-size: 12pt;}"
          text run at (368,48) width 0: " "
          text run at (0,64) width 400: ".four {vertical-align: text-top; font-size: 12pt;}"
          text run at (400,64) width 0: " "
          text run at (0,80) width 384: ".five {vertical-align: middle; font-size: 12pt;}"
          text run at (384,80) width 0: " "
          text run at (0,96) width 376: ".six {vertical-align: bottom; font-size: 12pt;}"
          text run at (376,96) width 0: " "
          text run at (0,112) width 432: ".seven {vertical-align: text-bottom; font-size: 12pt;}"
          text run at (432,112) width 0: " "
          text run at (0,128) width 408: ".eight {vertical-align: baseline; font-size: 12pt;}"
          text run at (408,128) width 0: " "
          text run at (0,144) width 512: ".nine {vertical-align: 50%; font-size: 12px; line-height: 16px;}"
          text run at (512,144) width 0: " "
          text run at (0,160) width 0: " "
          text run at (0,176) width 224: "P.example {font-size: 14pt;}"
          text run at (224,176) width 0: " "
          text run at (0,192) width 176: "BIG {font-size: 16pt;}"
          text run at (176,192) width 0: " "
          text run at (0,208) width 192: "SMALL {font-size: 12pt;}"
          text run at (192,208) width 0: " "
          text run at (0,224) width 304: ".ttopalign {vertical-align: text-top;}"
          text run at (304,224) width 0: " "
          text run at (0,240) width 256: ".topalign {vertical-align: top;}"
          text run at (256,240) width 0: " "
          text run at (0,256) width 280: ".midalign {vertical-align: middle;}"
          text run at (280,256) width 0: " "
          text run at (0,272) width 0: " "
      RenderBlock {HR} at (0,335) size 769x2 [border: (1px inset #EEEEEE)]
      RenderBlock {P} at (0,353) size 769x76
        RenderImage {IMG} at (0,0) size 15x50
        RenderInline {SPAN} at (0,0) size 129x17
          RenderText {#text} at (15,40) size 129x17
            text run at (15,40) width 129: "The first four words"
        RenderText {#text} at (143,36) size 766x39
          text run at (143,36) width 292: " in this sentence should be subscript-aligned. "
          text run at (434,36) width 332: "The font size of the superscripted text should not be"
          text run at (0,58) width 262: "different from that of the parent element."
      RenderBlock {P} at (0,445) size 769x72
        RenderImage {IMG} at (0,0) size 15x50
        RenderInline {SPAN} at (0,0) size 129x17
          RenderText {#text} at (15,30) size 129x17
            text run at (15,30) width 129: "The first four words"
        RenderText {#text} at (143,36) size 766x35
          text run at (143,36) width 304: " in this sentence should be superscript-aligned. "
          text run at (446,36) width 320: "The font size of the subscripted text should not be"
          text run at (0,54) width 262: "different from that of the parent element."
      RenderBlock {P} at (0,533) size 769x72
        RenderImage {IMG} at (0,0) size 15x50
        RenderInline {SPAN} at (0,0) size 129x17
          RenderText {#text} at (15,0) size 129x17
            text run at (15,0) width 129: "The first four words"
        RenderText {#text} at (143,36) size 729x35
          text run at (143,36) width 586: " in this sentence should be top-aligned, which will align their tops with the top of the tallest"
          text run at (0,54) width 328: "element in the line (probably the orange rectangle)."
      RenderBlock {P} at (0,621) size 769x132
        RenderImage {IMG} at (0,0) size 15x50
        RenderText {#text} at (15,36) size 4x17
          text run at (15,36) width 4: " "
        RenderInline {SPAN} at (0,0) size 755x110
          RenderText {#text} at (0,0) size 0x0
          RenderInline {SPAN} at (0,0) size 129x17
            RenderText {#text} at (19,21) size 129x17
              text run at (19,21) width 129: "The first four words"
          RenderText {#text} at (147,21) size 755x110
            text run at (147,21) width 558: " in this sentence should be text-top-aligned,"
            text run at (0,58) width 755: "which should align their tops with the top of the tallest text"
            text run at (0,95) width 136: "in the line."
        RenderText {#text} at (0,0) size 0x0
      RenderBlock {P} at (0,769) size 769x68
        RenderImage {IMG} at (0,0) size 15x50
        RenderText {#text} at (15,15) size 755x52
          text run at (15,15) width 740: " The image at the beginning of this sentence should be middle-aligned, which should align its middle with the point"
          text run at (0,50) width 318: "defined as the text baseline plus half the x-height."
      RenderBlock {P} at (0,853) size 769x124
        RenderImage {IMG} at (0,0) size 15x50
        RenderText {#text} at (15,15) size 4x17
          text run at (15,15) width 4: " "
        RenderInline {SPAN} at (0,0) size 733x123
          RenderText {#text} at (0,0) size 0x0
          RenderInline {SPAN} at (0,0) size 129x17
            RenderText {#text} at (19,32) size 129x17
              text run at (19,32) width 129: "The first four words"
          RenderText {#text} at (147,0) size 733x123
            text run at (147,0) width 547: " in this sentence should be 12pt in size and"
            text run at (0,50) width 733: "bottom-aligned, which should align their bottom with the"
            text run at (0,87) width 518: "bottom of the lowest element in the line."
        RenderText {#text} at (0,0) size 0x0
      RenderBlock {P} at (0,993) size 769x161
        RenderImage {IMG} at (0,0) size 15x50
        RenderText {#text} at (15,15) size 4x17
          text run at (15,15) width 4: " "
        RenderInline {SPAN} at (0,0) size 752x160
          RenderText {#text} at (0,0) size 0x0
          RenderInline {SPAN} at (0,0) size 298x17
            RenderText {#text} at (19,18) size 298x17
              text run at (19,18) width 298: "The first eight words (\"eight\" has a descender)"
          RenderText {#text} at (316,0) size 752x160
            text run at (316,0) width 436: " in this sentence should be 12pt in"
            text run at (0,50) width 693: "size and text-bottom-aligned, which should align their"
            text run at (0,87) width 671: "bottom with the bottom of the lowest text (including"
            text run at (0,124) width 295: "descenders) in the line."
        RenderText {#text} at (0,0) size 0x0
      RenderBlock {P} at (0,1170) size 769x132
        RenderImage {IMG} at (0,0) size 15x50
        RenderText {#text} at (15,36) size 4x17
          text run at (15,36) width 4: " "
        RenderInline {SPAN} at (0,0) size 761x110
          RenderText {#text} at (0,0) size 0x0
          RenderInline {SPAN} at (0,0) size 129x17
            RenderText {#text} at (19,36) size 129x17
              text run at (19,36) width 129: "The first four words"
          RenderText {#text} at (147,21) size 761x110
            text run at (147,21) width 547: " in this sentence should be 12pt in size and"
            text run at (0,58) width 761: "baseline-aligned, which should align their baseline with the"
            text run at (0,95) width 523: "baseline of the rest of the text in the line."
        RenderText {#text} at (0,0) size 0x0
      RenderBlock {P} at (0,1318) size 769x72
        RenderImage {IMG} at (0,0) size 15x50
        RenderInline {SPAN} at (0,0) size 98x15
          RenderText {#text} at (15,30) size 98x15
            text run at (15,30) width 98: "The first four words"
        RenderText {#text} at (113,36) size 765x35
          text run at (113,36) width 652: " in this sentence should have a font-size of 12px and a line-height of 16px; they are also 50%-aligned,"
          text run at (0,54) width 385: "which should raise them 8px relative to the natural baseline."
      RenderBlock {P} at (0,1406) size 769x36
        RenderText {#text} at (0,0) size 760x35
          text run at (0,0) width 760: "In the following paragraph, all images should be aligned with the top of the 14-point text, which is identical to the first"
          text run at (0,18) width 676: "section of text, whereas any size text should be aligned with the text baseline (which is the default value)."
      RenderBlock {P} at (0,1460.66) size 769x323
        RenderText {#text} at (0,26) size 118x21
          text run at (0,26) width 118: "This paragraph "
        RenderImage {IMG} at (117.09,26) size 9x30
        RenderText {#text} at (126,26) size 5x21
          text run at (126,26) width 5: " "
        RenderInline {SPAN} at (0,0) size 416x52
          RenderText {#text} at (130,1) size 416x52
            text run at (130,1) width 416: "contains many images"
        RenderText {#text} at (545,26) size 6x21
          text run at (545,26) width 6: " "
        RenderImage {IMG} at (550.08,26) size 15x50
        RenderText {#text} at (565,26) size 5x21
          text run at (565,26) width 5: " "
        RenderInline {BIG} at (0,0) size 156x24
          RenderText {#text} at (569,24) size 156x24
            text run at (569,24) width 156: "of varying heights"
        RenderText {#text} at (724,26) size 6x21
          text run at (724,26) width 6: " "
        RenderImage {IMG} at (729.61,26) size 3x10
        RenderText {#text} at (732,26) size 6x21
          text run at (732,26) width 6: " "
        RenderInline {SMALL} at (0,0) size 761x113
          RenderText {#text} at (737,29) size 761x113
            text run at (737,29) width 24: "and"
            text run at (0,125) width 43: "widths"
        RenderText {#text} at (42,122) size 6x21
          text run at (42,122) width 6: " "
        RenderImage {IMG} at (47.33,122) size 6x20
        RenderText {#text} at (53,122) size 99x21
          text run at (53,122) width 99: " all of which "
        RenderImage {IMG} at (151.78,122) size 20x65
        RenderText {#text} at (171,122) size 6x21
          text run at (171,122) width 6: " "
        RenderInline {SPAN} at (0,0) size 264x41
          RenderText {#text} at (176,106) size 264x41
            text run at (176,106) width 264: "should be aligned"
        RenderText {#text} at (439,122) size 6x21
          text run at (439,122) width 6: " "
        RenderImage {IMG} at (444.45,122) size 11x35
        RenderText {#text} at (455,122) size 120x21
          text run at (455,122) width 120: " with the top of "
        RenderImage {IMG} at (574.14,122) size 9x30
        RenderText {#text} at (583,122) size 5x21
          text run at (583,122) width 5: " "
        RenderInline {SPAN} at (0,0) size 701x142
          RenderText {#text} at (587,114) size 21x31
            text run at (587,114) width 21: "a "
          RenderInline {SPAN} at (0,0) size 701x188
            RenderText {#text} at (607,77) size 701x188
              text run at (607,77) width 94: "14-"
              text run at (0,188) width 144: "point"
          RenderText {#text} at (143,225) size 146x31
            text run at (143,225) width 146: " text element"
        RenderText {#text} at (288,233) size 6x21
          text run at (288,233) width 6: " "
        RenderImage {IMG} at (293.16,233) size 15x50
        RenderText {#text} at (308,233) size 5x21
          text run at (308,233) width 5: " "
        RenderInline {SMALL} at (0,0) size 195x17
          RenderText {#text} at (312,236) size 195x17
            text run at (312,236) width 195: "regardless of the line in which"
        RenderText {#text} at (506,233) size 5x21
          text run at (506,233) width 5: " "
        RenderImage {IMG} at (510.77,233) size 5x15
        RenderText {#text} at (515,233) size 6x21
          text run at (515,233) width 6: " "
        RenderInline {BIG} at (0,0) size 160x24
          RenderText {#text} at (520,231) size 160x24
            text run at (520,231) width 160: "the images appear."
        RenderText {#text} at (679,233) size 6x21
          text run at (679,233) width 6: " "
        RenderImage {IMG} at (684.41,233) size 27x90
        RenderText {#text} at (0,0) size 0x0
      RenderBlock {P} at (0,1802.31) size 769x36
        RenderText {#text} at (0,0) size 765x35
          text run at (0,0) width 765: "In the following paragraph, all images should be aligned with the middle of the default text, whereas any text should be"
          text run at (0,18) width 371: "aligned with the text baseline (which is the default value)."
      RenderBlock {P} at (0,1854.31) size 769x231
        RenderText {#text} at (0,23) size 101x17
          text run at (0,23) width 101: "This paragraph "
        RenderImage {IMG} at (100.41,18) size 9x30
        RenderText {#text} at (109,23) size 5x17
          text run at (109,23) width 5: " "
        RenderInline {SPAN} at (0,0) size 356x45
          RenderText {#text} at (113,1) size 356x45
            text run at (113,1) width 356: "contains many images"
        RenderText {#text} at (468,23) size 5x17
          text run at (468,23) width 5: " "
        RenderImage {IMG} at (472.88,8) size 15x50
        RenderText {#text} at (487,23) size 126x17
          text run at (487,23) width 126: " of varying heights "
        RenderImage {IMG} at (612.30,28) size 3x10
        RenderText {#text} at (615,23) size 5x17
          text run at (615,23) width 5: " "
        RenderInline {SMALL} at (0,0) size 71x17
          RenderText {#text} at (619,23) size 71x17
            text run at (619,23) width 71: "and widths"
        RenderText {#text} at (689,23) size 5x17
          text run at (689,23) width 5: " "
        RenderImage {IMG} at (693.06,23) size 6x20
        RenderText {#text} at (699,23) size 737x92
          text run at (699,23) width 38: " all of"
          text run at (0,98) width 44: "which "
        RenderImage {IMG} at (43.09,76) size 20x65
        RenderText {#text} at (63,98) size 121x17
          text run at (63,98) width 121: " should be aligned "
        RenderImage {IMG} at (183.97,91) size 11x35
        RenderText {#text} at (194,98) size 5x17
          text run at (194,98) width 5: " "
        RenderInline {SPAN} at (0,0) size 237x36
          RenderText {#text} at (198,83) size 237x36
            text run at (198,83) width 237: "with the middle of"
        RenderText {#text} at (434,98) size 5x17
          text run at (434,98) width 5: " "
        RenderImage {IMG} at (438.48,83) size 15x50
        RenderText {#text} at (453,98) size 5x17
          text run at (453,98) width 5: " "
        RenderInline {SPAN} at (0,0) size 720x104
          RenderText {#text} at (457,91) size 18x26
            text run at (457,91) width 18: "a "
          RenderInline {SPAN} at (0,0) size 204x66
            RenderText {#text} at (474,59) size 204x66
              text run at (474,59) width 204: "14-point"
          RenderText {#text} at (677,91) size 720x104
            text run at (677,91) width 43: " text"
            text run at (0,169) width 76: "element"
        RenderText {#text} at (75,176) size 5x17
          text run at (75,176) width 5: " "
        RenderImage {IMG} at (79.95,161) size 15x50
        RenderText {#text} at (94,176) size 5x17
          text run at (94,176) width 5: " "
        RenderInline {SMALL} at (0,0) size 195x17
          RenderText {#text} at (98,176) size 195x17
            text run at (98,176) width 195: "regardless of the line in which"
        RenderText {#text} at (292,176) size 5x17
          text run at (292,176) width 5: " "
        RenderImage {IMG} at (296.23,179) size 5x15
        RenderText {#text} at (301,176) size 5x17
          text run at (301,176) width 5: " "
        RenderInline {BIG} at (0,0) size 160x24
          RenderText {#text} at (305,171) size 160x24
            text run at (305,171) width 160: "the images appear."
        RenderText {#text} at (464,176) size 5x17
          text run at (464,176) width 5: " "
        RenderImage {IMG} at (468.53,141) size 27x90
        RenderText {#text} at (0,0) size 0x0
      RenderBlock {P} at (0,2101.31) size 769x36
        RenderText {#text} at (0,0) size 751x35
          text run at (0,0) width 751: "In the following paragraph, all elements should be aligned with the top of the tallest element on the line, whether that"
          text run at (0,18) width 178: "element is an image or not. "
          text run at (177,18) width 565: "Each fragment of text has been SPANned appropriately in order to cause this to happen."
      RenderBlock {P} at (0,2153.31) size 769x202
        RenderInline {SPAN} at (0,0) size 97x17
          RenderText {#text} at (0,0) size 97x17
            text run at (0,0) width 97: "This paragraph"
        RenderText {#text} at (96,0) size 5x17
          text run at (96,0) width 5: " "
        RenderImage {IMG} at (100.41,0) size 3x10
        RenderText {#text} at (103,0) size 5x17
          text run at (103,0) width 5: " "
        RenderInline {SPAN} at (0,0) size 356x45
          RenderText {#text} at (107,1) size 356x45
            text run at (107,1) width 356: "contains many images"
        RenderText {#text} at (462,0) size 5x17
          text run at (462,0) width 5: " "
        RenderImage {IMG} at (466.88,0) size 3x10
        RenderText {#text} at (469,0) size 5x17
          text run at (469,0) width 5: " "
        RenderInline {SPAN} at (0,0) size 90x17
          RenderText {#text} at (473,0) size 90x17
            text run at (473,0) width 90: "and some text"
        RenderText {#text} at (562,0) size 5x17
          text run at (562,0) width 5: " "
        RenderImage {IMG} at (566.73,0) size 3x10
        RenderText {#text} at (569,0) size 5x17
          text run at (569,0) width 5: " "
        RenderInline {SPAN} at (0,0) size 118x17
          RenderText {#text} at (573,0) size 118x17
            text run at (573,0) width 118: "of varying heights"
        RenderText {#text} at (690,0) size 5x17
          text run at (690,0) width 5: " "
        RenderImage {IMG} at (694.16,0) size 3x10
        RenderText {#text} at (697,0) size 5x17
          text run at (697,0) width 5: " "
        RenderInline {BIG} at (0,0) size 732x71
          RenderText {#text} at (701,0) size 732x71
            text run at (701,0) width 31: "and"
            text run at (0,47) width 57: "widths"
        RenderText {#text} at (56,47) size 5x17
          text run at (56,47) width 5: " "
        RenderImage {IMG} at (60.88,47) size 6x20
        RenderText {#text} at (66,47) size 5x17
          text run at (66,47) width 5: " "
        RenderInline {SPAN} at (0,0) size 78x17
          RenderText {#text} at (70,47) size 78x17
            text run at (70,47) width 78: "all of which"
        RenderText {#text} at (147,47) size 5x17
          text run at (147,47) width 5: " "
        RenderImage {IMG} at (151.30,47) size 20x65
        RenderText {#text} at (171,47) size 5x17
          text run at (171,47) width 5: " "
        RenderInline {SPAN} at (0,0) size 114x17
          RenderText {#text} at (175,47) size 114x17
            text run at (175,47) width 114: "should be aligned"
        RenderText {#text} at (288,47) size 5x17
          text run at (288,47) width 5: " "
        RenderImage {IMG} at (292.17,47) size 11x35
        RenderText {#text} at (303,47) size 5x17
          text run at (303,47) width 5: " "
        RenderInline {SPAN} at (0,0) size 188x36
          RenderText {#text} at (307,47) size 188x36
            text run at (307,47) width 188: "with the top of"
        RenderText {#text} at (494,47) size 5x17
          text run at (494,47) width 5: " "
        RenderImage {IMG} at (498.70,47) size 15x50
        RenderText {#text} at (513,47) size 5x17
          text run at (513,47) width 5: " "
        RenderInline {SPAN} at (0,0) size 134x17
          RenderText {#text} at (517,47) size 134x17
            text run at (517,47) width 134: "the tallest element in"
        RenderText {#text} at (650,47) size 5x17
          text run at (650,47) width 5: " "
        RenderImage {IMG} at (654.55,47) size 5x15
        RenderText {#text} at (659,47) size 5x17
          text run at (659,47) width 5: " "
        RenderInline {BIG} at (0,0) size 753x89
          RenderText {#text} at (663,47) size 753x89
            text run at (663,47) width 90: "whichever"
            text run at (0,112) width 213: "line the elements appear."
        RenderText {#text} at (212,112) size 5x17
          text run at (212,112) width 5: " "
        RenderImage {IMG} at (216.02,112) size 27x90
        RenderText {#text} at (0,0) size 0x0
      RenderTable {TABLE} at (0,2371.31) size 769x2056 [border: (1px outset #808080)]
        RenderTableSection {TBODY} at (1,1) size 767x2054
          RenderTableRow {TR} at (0,0) size 767x26
            RenderTableCell {TD} at (0,0) size 767x26 [bgcolor=#C0C0C0] [border: (1px inset #808080)] [r=0 c=0 rs=1 cs=2]
              RenderInline {STRONG} at (0,0) size 163x17
                RenderText {#text} at (4,4) size 163x17
                  text run at (4,4) width 163: "TABLE Testing Section"
          RenderTableRow {TR} at (0,26) size 767x2028
            RenderTableCell {TD} at (0,1027) size 12x26 [bgcolor=#C0C0C0] [border: (1px inset #808080)] [r=1 c=0 rs=1 cs=1]
              RenderText {#text} at (4,4) size 4x17
                text run at (4,4) width 4: " "
            RenderTableCell {TD} at (12,26) size 755x2028.31 [border: (1px inset #808080)] [r=1 c=1 rs=1 cs=1]
              RenderBlock {P} at (4,4) size 747x76
                RenderImage {IMG} at (0,0) size 15x50
                RenderInline {SPAN} at (0,0) size 129x17
                  RenderText {#text} at (15,40) size 129x17
                    text run at (15,40) width 129: "The first four words"
                RenderText {#text} at (143,36) size 747x39
                  text run at (143,36) width 292: " in this sentence should be subscript-aligned. "
                  text run at (434,36) width 313: "The font size of the superscripted text should not"
                  text run at (0,58) width 281: "be different from that of the parent element."
              RenderBlock {P} at (4,96) size 747x72
                RenderImage {IMG} at (0,0) size 15x50
                RenderInline {SPAN} at (0,0) size 129x17
                  RenderText {#text} at (15,30) size 129x17
                    text run at (15,30) width 129: "The first four words"
                RenderText {#text} at (143,36) size 747x35
                  text run at (143,36) width 304: " in this sentence should be superscript-aligned. "
                  text run at (446,36) width 301: "The font size of the subscripted text should not"
                  text run at (0,54) width 281: "be different from that of the parent element."
              RenderBlock {P} at (4,184) size 747x72
                RenderImage {IMG} at (0,0) size 15x50
                RenderInline {SPAN} at (0,0) size 129x17
                  RenderText {#text} at (15,0) size 129x17
                    text run at (15,0) width 129: "The first four words"
                RenderText {#text} at (143,36) size 729x35
                  text run at (143,36) width 586: " in this sentence should be top-aligned, which will align their tops with the top of the tallest"
                  text run at (0,54) width 328: "element in the line (probably the orange rectangle)."
              RenderBlock {P} at (4,272) size 747x132
                RenderImage {IMG} at (0,0) size 15x50
                RenderText {#text} at (15,36) size 4x17
                  text run at (15,36) width 4: " "
                RenderInline {SPAN} at (0,0) size 705x110
                  RenderText {#text} at (0,0) size 0x0
                  RenderInline {SPAN} at (0,0) size 129x17
                    RenderText {#text} at (19,21) size 129x17
                      text run at (19,21) width 129: "The first four words"
                  RenderText {#text} at (147,21) size 705x110
                    text run at (147,21) width 558: " in this sentence should be text-top-aligned,"
                    text run at (0,58) width 699: "which should align their tops with the top of the tallest"
                    text run at (0,95) width 192: "text in the line."
                RenderText {#text} at (0,0) size 0x0
              RenderBlock {P} at (4,420) size 747x68
                RenderImage {IMG} at (0,0) size 15x50
                RenderText {#text} at (15,15) size 718x52
                  text run at (15,15) width 703: " The image at the beginning of this sentence should be middle-aligned, which should align its middle with the"
                  text run at (0,50) width 355: "point defined as the text baseline plus half the x-height."
              RenderBlock {P} at (4,504) size 747x124
                RenderImage {IMG} at (0,0) size 15x50
                RenderText {#text} at (15,15) size 4x17
                  text run at (15,15) width 4: " "
                RenderInline {SPAN} at (0,0) size 733x123
                  RenderText {#text} at (0,0) size 0x0
                  RenderInline {SPAN} at (0,0) size 129x17
                    RenderText {#text} at (19,32) size 129x17
                      text run at (19,32) width 129: "The first four words"
                  RenderText {#text} at (147,0) size 733x123
                    text run at (147,0) width 547: " in this sentence should be 12pt in size and"
                    text run at (0,50) width 733: "bottom-aligned, which should align their bottom with the"
                    text run at (0,87) width 518: "bottom of the lowest element in the line."
                RenderText {#text} at (0,0) size 0x0
              RenderBlock {P} at (4,644) size 747x161
                RenderImage {IMG} at (0,0) size 15x50
                RenderText {#text} at (15,15) size 4x17
                  text run at (15,15) width 4: " "
                RenderInline {SPAN} at (0,0) size 726x160
                  RenderText {#text} at (0,0) size 0x0
                  RenderInline {SPAN} at (0,0) size 298x17
                    RenderText {#text} at (19,18) size 298x17
                      text run at (19,18) width 298: "The first eight words (\"eight\" has a descender)"
                  RenderText {#text} at (316,0) size 726x160
                    text run at (316,0) width 403: " in this sentence should be 12pt"
                    text run at (0,50) width 726: "in size and text-bottom-aligned, which should align their"
                    text run at (0,87) width 671: "bottom with the bottom of the lowest text (including"
                    text run at (0,124) width 295: "descenders) in the line."
                RenderText {#text} at (0,0) size 0x0
              RenderBlock {P} at (4,821) size 747x132
                RenderImage {IMG} at (0,0) size 15x50
                RenderText {#text} at (15,36) size 4x17
                  text run at (15,36) width 4: " "
                RenderInline {SPAN} at (0,0) size 714x110
                  RenderText {#text} at (0,0) size 0x0
                  RenderInline {SPAN} at (0,0) size 129x17
                    RenderText {#text} at (19,36) size 129x17
                      text run at (19,36) width 129: "The first four words"
                  RenderText {#text} at (147,21) size 714x110
                    text run at (147,21) width 547: " in this sentence should be 12pt in size and"
                    text run at (0,58) width 714: "baseline-aligned, which should align their baseline with"
                    text run at (0,95) width 570: "the baseline of the rest of the text in the line."
                RenderText {#text} at (0,0) size 0x0
              RenderBlock {P} at (4,969) size 747x72
                RenderImage {IMG} at (0,0) size 15x50
                RenderInline {SPAN} at (0,0) size 98x15
                  RenderText {#text} at (15,30) size 98x15
                    text run at (15,30) width 98: "The first four words"
                RenderText {#text} at (113,36) size 714x35
                  text run at (113,36) width 601: " in this sentence should have a font-size of 12px and a line-height of 16px; they are also 50%-"
                  text run at (0,54) width 440: "aligned, which should raise them 8px relative to the natural baseline."
              RenderBlock {P} at (4,1057) size 747x36
                RenderText {#text} at (0,0) size 730x35
                  text run at (0,0) width 730: "In the following paragraph, all images should be aligned with the top of the 14-point text, which is identical to the"
                  text run at (0,18) width 706: "first section of text, whereas any size text should be aligned with the text baseline (which is the default value)."
              RenderBlock {P} at (4,1111.66) size 747x323
                RenderText {#text} at (0,26) size 118x21
                  text run at (0,26) width 118: "This paragraph "
                RenderImage {IMG} at (117.09,26) size 9x30
                RenderText {#text} at (126,26) size 5x21
                  text run at (126,26) width 5: " "
                RenderInline {SPAN} at (0,0) size 416x52
                  RenderText {#text} at (130,1) size 416x52
                    text run at (130,1) width 416: "contains many images"
                RenderText {#text} at (545,26) size 6x21
                  text run at (545,26) width 6: " "
                RenderImage {IMG} at (550.08,26) size 15x50
                RenderText {#text} at (565,26) size 5x21
                  text run at (565,26) width 5: " "
                RenderInline {BIG} at (0,0) size 156x24
                  RenderText {#text} at (569,24) size 156x24
                    text run at (569,24) width 156: "of varying heights"
                RenderText {#text} at (724,26) size 6x21
                  text run at (724,26) width 6: " "
                RenderImage {IMG} at (729.61,26) size 3x10
                RenderText {#text} at (0,0) size 0x0
                RenderInline {SMALL} at (0,0) size 70x17
                  RenderText {#text} at (0,125) size 70x17
                    text run at (0,125) width 70: "and widths"
                RenderText {#text} at (69,122) size 6x21
                  text run at (69,122) width 6: " "
                RenderImage {IMG} at (74.44,122) size 6x20
                RenderText {#text} at (80,122) size 99x21
                  text run at (80,122) width 99: " all of which "
                RenderImage {IMG} at (178.89,122) size 20x65
                RenderText {#text} at (198,122) size 6x21
                  text run at (198,122) width 6: " "
                RenderInline {SPAN} at (0,0) size 264x41
                  RenderText {#text} at (203,106) size 264x41
                    text run at (203,106) width 264: "should be aligned"
                RenderText {#text} at (466,122) size 6x21
                  text run at (466,122) width 6: " "
                RenderImage {IMG} at (471.55,122) size 11x35
                RenderText {#text} at (482,122) size 120x21
                  text run at (482,122) width 120: " with the top of "
                RenderImage {IMG} at (601.23,122) size 9x30
                RenderText {#text} at (610,122) size 5x21
                  text run at (610,122) width 5: " "
                RenderInline {SPAN} at (0,0) size 728x142
                  RenderText {#text} at (614,114) size 21x31
                    text run at (614,114) width 21: "a "
                  RenderInline {SPAN} at (0,0) size 728x188
                    RenderText {#text} at (634,77) size 728x188
                      text run at (634,77) width 94: "14-"
                      text run at (0,188) width 144: "point"
                  RenderText {#text} at (143,225) size 146x31
                    text run at (143,225) width 146: " text element"
                RenderText {#text} at (288,233) size 6x21
                  text run at (288,233) width 6: " "
                RenderImage {IMG} at (293.16,233) size 15x50
                RenderText {#text} at (308,233) size 5x21
                  text run at (308,233) width 5: " "
                RenderInline {SMALL} at (0,0) size 195x17
                  RenderText {#text} at (312,236) size 195x17
                    text run at (312,236) width 195: "regardless of the line in which"
                RenderText {#text} at (506,233) size 5x21
                  text run at (506,233) width 5: " "
                RenderImage {IMG} at (510.77,233) size 5x15
                RenderText {#text} at (515,233) size 6x21
                  text run at (515,233) width 6: " "
                RenderInline {BIG} at (0,0) size 160x24
                  RenderText {#text} at (520,231) size 160x24
                    text run at (520,231) width 160: "the images appear."
                RenderText {#text} at (679,233) size 6x21
                  text run at (679,233) width 6: " "
                RenderImage {IMG} at (684.41,233) size 27x90
                RenderText {#text} at (0,0) size 0x0
              RenderBlock {P} at (4,1453.31) size 747x36
                RenderText {#text} at (0,0) size 746x35
                  text run at (0,0) width 746: "In the following paragraph, all images should be aligned with the middle of the default text, whereas any text should"
                  text run at (0,18) width 390: "be aligned with the text baseline (which is the default value)."
              RenderBlock {P} at (4,1505.31) size 747x231
                RenderText {#text} at (0,23) size 101x17
                  text run at (0,23) width 101: "This paragraph "
                RenderImage {IMG} at (100.41,18) size 9x30
                RenderText {#text} at (109,23) size 5x17
                  text run at (109,23) width 5: " "
                RenderInline {SPAN} at (0,0) size 356x45
                  RenderText {#text} at (113,1) size 356x45
                    text run at (113,1) width 356: "contains many images"
                RenderText {#text} at (468,23) size 5x17
                  text run at (468,23) width 5: " "
                RenderImage {IMG} at (472.88,8) size 15x50
                RenderText {#text} at (487,23) size 126x17
                  text run at (487,23) width 126: " of varying heights "
                RenderImage {IMG} at (612.30,28) size 3x10
                RenderText {#text} at (615,23) size 5x17
                  text run at (615,23) width 5: " "
                RenderInline {SMALL} at (0,0) size 71x17
                  RenderText {#text} at (619,23) size 71x17
                    text run at (619,23) width 71: "and widths"
                RenderText {#text} at (689,23) size 5x17
                  text run at (689,23) width 5: " "
                RenderImage {IMG} at (693.06,23) size 6x20
                RenderText {#text} at (699,23) size 737x92
                  text run at (699,23) width 38: " all of"
                  text run at (0,98) width 44: "which "
                RenderImage {IMG} at (43.09,76) size 20x65
                RenderText {#text} at (63,98) size 121x17
                  text run at (63,98) width 121: " should be aligned "
                RenderImage {IMG} at (183.97,91) size 11x35
                RenderText {#text} at (194,98) size 5x17
                  text run at (194,98) width 5: " "
                RenderInline {SPAN} at (0,0) size 237x36
                  RenderText {#text} at (198,83) size 237x36
                    text run at (198,83) width 237: "with the middle of"
                RenderText {#text} at (434,98) size 5x17
                  text run at (434,98) width 5: " "
                RenderImage {IMG} at (438.48,83) size 15x50
                RenderText {#text} at (453,98) size 5x17
                  text run at (453,98) width 5: " "
                RenderInline {SPAN} at (0,0) size 720x104
                  RenderText {#text} at (457,91) size 18x26
                    text run at (457,91) width 18: "a "
                  RenderInline {SPAN} at (0,0) size 204x66
                    RenderText {#text} at (474,59) size 204x66
                      text run at (474,59) width 204: "14-point"
                  RenderText {#text} at (677,91) size 720x104
                    text run at (677,91) width 43: " text"
                    text run at (0,169) width 76: "element"
                RenderText {#text} at (75,176) size 5x17
                  text run at (75,176) width 5: " "
                RenderImage {IMG} at (79.95,161) size 15x50
                RenderText {#text} at (94,176) size 5x17
                  text run at (94,176) width 5: " "
                RenderInline {SMALL} at (0,0) size 195x17
                  RenderText {#text} at (98,176) size 195x17
                    text run at (98,176) width 195: "regardless of the line in which"
                RenderText {#text} at (292,176) size 5x17
                  text run at (292,176) width 5: " "
                RenderImage {IMG} at (296.23,179) size 5x15
                RenderText {#text} at (301,176) size 5x17
                  text run at (301,176) width 5: " "
                RenderInline {BIG} at (0,0) size 160x24
                  RenderText {#text} at (305,171) size 160x24
                    text run at (305,171) width 160: "the images appear."
                RenderText {#text} at (464,176) size 5x17
                  text run at (464,176) width 5: " "
                RenderImage {IMG} at (468.53,141) size 27x90
                RenderText {#text} at (0,0) size 0x0
              RenderBlock {P} at (4,1752.31) size 747x54
                RenderText {#text} at (0,0) size 723x53
                  text run at (0,0) width 723: "In the following paragraph, all elements should be aligned with the top of the tallest element on the line, whether"
                  text run at (0,18) width 206: "that element is an image or not. "
                  text run at (205,18) width 510: "Each fragment of text has been SPANned appropriately in order to cause this to"
                  text run at (0,36) width 51: "happen."
              RenderBlock {P} at (4,1822.31) size 747x202
                RenderInline {SPAN} at (0,0) size 97x17
                  RenderText {#text} at (0,0) size 97x17
                    text run at (0,0) width 97: "This paragraph"
                RenderText {#text} at (96,0) size 5x17
                  text run at (96,0) width 5: " "
                RenderImage {IMG} at (100.41,0) size 3x10
                RenderText {#text} at (103,0) size 5x17
                  text run at (103,0) width 5: " "
                RenderInline {SPAN} at (0,0) size 356x45
                  RenderText {#text} at (107,1) size 356x45
                    text run at (107,1) width 356: "contains many images"
                RenderText {#text} at (462,0) size 5x17
                  text run at (462,0) width 5: " "
                RenderImage {IMG} at (466.88,0) size 3x10
                RenderText {#text} at (469,0) size 5x17
                  text run at (469,0) width 5: " "
                RenderInline {SPAN} at (0,0) size 90x17
                  RenderText {#text} at (473,0) size 90x17
                    text run at (473,0) width 90: "and some text"
                RenderText {#text} at (562,0) size 5x17
                  text run at (562,0) width 5: " "
                RenderImage {IMG} at (566.73,0) size 3x10
                RenderText {#text} at (569,0) size 5x17
                  text run at (569,0) width 5: " "
                RenderInline {SPAN} at (0,0) size 118x17
                  RenderText {#text} at (573,0) size 118x17
                    text run at (573,0) width 118: "of varying heights"
                RenderText {#text} at (690,0) size 5x17
                  text run at (690,0) width 5: " "
                RenderImage {IMG} at (694.16,0) size 3x10
                RenderText {#text} at (697,0) size 5x17
                  text run at (697,0) width 5: " "
                RenderInline {BIG} at (0,0) size 732x71
                  RenderText {#text} at (701,0) size 732x71
                    text run at (701,0) width 31: "and"
                    text run at (0,47) width 57: "widths"
                RenderText {#text} at (56,47) size 5x17
                  text run at (56,47) width 5: " "
                RenderImage {IMG} at (60.88,47) size 6x20
                RenderText {#text} at (66,47) size 5x17
                  text run at (66,47) width 5: " "
                RenderInline {SPAN} at (0,0) size 78x17
                  RenderText {#text} at (70,47) size 78x17
                    text run at (70,47) width 78: "all of which"
                RenderText {#text} at (147,47) size 5x17
                  text run at (147,47) width 5: " "
                RenderImage {IMG} at (151.30,47) size 20x65
                RenderText {#text} at (171,47) size 5x17
                  text run at (171,47) width 5: " "
                RenderInline {SPAN} at (0,0) size 114x17
                  RenderText {#text} at (175,47) size 114x17
                    text run at (175,47) width 114: "should be aligned"
                RenderText {#text} at (288,47) size 5x17
                  text run at (288,47) width 5: " "
                RenderImage {IMG} at (292.17,47) size 11x35
                RenderText {#text} at (303,47) size 5x17
                  text run at (303,47) width 5: " "
                RenderInline {SPAN} at (0,0) size 188x36
                  RenderText {#text} at (307,47) size 188x36
                    text run at (307,47) width 188: "with the top of"
                RenderText {#text} at (494,47) size 5x17
                  text run at (494,47) width 5: " "
                RenderImage {IMG} at (498.70,47) size 15x50
                RenderText {#text} at (513,47) size 5x17
                  text run at (513,47) width 5: " "
                RenderInline {SPAN} at (0,0) size 134x17
                  RenderText {#text} at (517,47) size 134x17
                    text run at (517,47) width 134: "the tallest element in"
                RenderText {#text} at (650,47) size 5x17
                  text run at (650,47) width 5: " "
                RenderImage {IMG} at (654.55,47) size 5x15
                RenderText {#text} at (0,0) size 0x0
                RenderInline {BIG} at (0,0) size 307x24
                  RenderText {#text} at (0,112) size 307x24
                    text run at (0,112) width 307: "whichever line the elements appear."
                RenderText {#text} at (306,112) size 5x17
                  text run at (306,112) width 5: " "
                RenderImage {IMG} at (310.17,112) size 27x90
                RenderText {#text} at (0,0) size 0x0
