layer at (0,0) size 800x600
  RenderView at (0,0) size 800x600
layer at (0,0) size 800x600
  RenderBlock {HTML} at (0,0) size 800x600
    RenderBody {BODY} at (8,8) size 784x584
      RenderBlock {H1} at (0,0) size 784x37
        RenderInline {<pseudo:before>} at (0,0) size 207x36
          RenderTextFragment at (0,0) size 207x36
            text run at (0,0) width 207: "First Chapter: "
        RenderText {#text} at (206,0) size 106x36
          text run at (206,0) width 106: "TEST 1"
      RenderBlock (anonymous) at (0,58.44) size 784x18
        RenderText {#text} at (0,0) size 242x17
          text run at (0,0) width 242: "Should read: \"First Chapter: TEST 1\""
      RenderBlock {H2} at (0,96.34) size 784x27
        RenderInline {<pseudo:before>} at (0,0) size 100x26
          RenderTextFragment at (0,0) size 100x26
            text run at (0,0) width 100: "Chapter: "
        RenderText {#text} at (99,0) size 80x26
          text run at (99,0) width 80: "TEST 2"
      RenderBlock (anonymous) at (0,143.25) size 784x18
        RenderText {#text} at (0,0) size 208x17
          text run at (0,0) width 208: "Should read: \"Chapter: TEST 2\""
      RenderBlock {H3} at (0,179.97) size 784x22
        RenderInline {<pseudo:before>} at (0,0) size 116x21
          RenderTextFragment at (0,0) size 116x21
            text run at (0,0) width 116: "Chapter One: "
        RenderText {#text} at (115,0) size 63x21
          text run at (115,0) width 63: "TEST 3"
      RenderBlock (anonymous) at (0,220.69) size 784x18
        RenderText {#text} at (0,0) size 239x17
          text run at (0,0) width 239: "Should read: \"Chapter One: TEST 3\""
      RenderBlock {H4} at (0,259.95) size 784x18
        RenderInline {<pseudo:before>} at (0,0) size 67x17
          RenderTextFragment at (0,0) size 67x17
            text run at (0,0) width 67: "Chapter: "
        RenderText {#text} at (66,0) size 54x17
          text run at (66,0) width 54: "TEST 4"
      RenderBlock (anonymous) at (0,299.22) size 784x18
        RenderText {#text} at (0,0) size 208x17
          text run at (0,0) width 208: "Should read: \"Chapter: TEST 4\""
