layer at (0,0) size 800x600
  RenderView at (0,0) size 800x600
layer at (0,0) size 800x600
  RenderBlock {HTML} at (0,0) size 800x600
    RenderBody {BODY} at (8,8) size 784x584
      RenderTable {DIV} at (0,0) size 300x59
        RenderTableSection (anonymous) at (0,0) size 300x59
          RenderTableRow (anonymous) at (0,0) size 300x59
            RenderTableCell (anonymous) at (0,0) size 300x58.72 [r=0 c=0 rs=1 cs=1]
              RenderBlock (anonymous) at (0,0) size 300x0
                RenderInline {FORM} at (0,0) size 0x0
                  RenderText {#text} at (0,0) size 0x0
              RenderBlock (anonymous) at (0,0) size 300x22
                RenderBlock {H3} at (0,0) size 300x22
                  RenderText {#text} at (0,0) size 300x21
                    text run at (0,0) width 300: "There should be a fourth dot bellow..."
              RenderBlock (anonymous) at (0,40.72) size 300x18
                RenderInline {FORM} at (0,0) size 0x0
                RenderInline {<pseudo:after>} at (0,0) size 4x17
                  RenderTextFragment at (0,0) size 4x17
                    text run at (0,0) width 4: "."
