layer at (0,0) size 800x600
  RenderView at (0,0) size 800x600
layer at (0,0) size 800x600
  RenderBlock {HTML} at (0,0) size 800x600
    RenderBody {BODY} at (8,8) size 784x584
      RenderBlock {H1} at (0,0) size 784x37
        RenderText {#text} at (0,0) size 91x36
          text run at (0,0) width 91: "Blocks"
      RenderBlock {DIV} at (0,58.44) size 784x18
        RenderInline {<pseudo:before>} at (0,0) size 36x17
          RenderTextFragment at (0,0) size 36x17
            text run at (0,0) width 36: "Test: "
        RenderText {#text} at (35,0) size 49x17
          text run at (35,0) width 49: "content"
      RenderBlock {DIV} at (0,76.44) size 784x18
        RenderBlock {<pseudo:before>} at (0,0) size 32x18
          RenderTextFragment at (0,0) size 32x17
            text run at (0,0) width 32: "Test:"
        RenderText {#text} at (32,0) size 48x17
          text run at (32,0) width 48: "content"
      RenderBlock {DIV} at (0,94.44) size 784x18
        RenderTable {<pseudo:before>} at (0,0) size 32x18
          RenderTableSection (anonymous) at (0,0) size 32x18
            RenderTableRow (anonymous) at (0,0) size 32x18
              RenderTableCell (anonymous) at (0,0) size 32x18 [r=0 c=0 rs=1 cs=1]
                RenderTextFragment at (0,0) size 32x17
                  text run at (0,0) width 32: "Test:"
        RenderText {#text} at (32,0) size 48x17
          text run at (32,0) width 48: "content"
      RenderBlock {H1} at (0,133.88) size 784x37
        RenderText {#text} at (0,0) size 93x36
          text run at (0,0) width 93: "Inlines"
      RenderBlock (anonymous) at (0,192.31) size 784x54
        RenderInline {SPAN} at (0,0) size 84x17
          RenderInline {<pseudo:before>} at (0,0) size 36x17
            RenderTextFragment at (0,0) size 36x17
              text run at (0,0) width 36: "Test: "
          RenderText {#text} at (35,0) size 49x17
            text run at (35,0) width 49: "content"
        RenderBR {BR} at (83,14) size 1x0
        RenderInline {SPAN} at (0,0) size 80x17
          RenderBlock {<pseudo:before>} at (0,18) size 32x18
            RenderTextFragment at (0,0) size 32x17
              text run at (0,0) width 32: "Test:"
          RenderText {#text} at (32,18) size 48x17
            text run at (32,18) width 48: "content"
        RenderBR {BR} at (79,32) size 1x0
        RenderInline {SPAN} at (0,0) size 80x17
          RenderTable {<pseudo:before>} at (0,36) size 32x18
            RenderTableSection (anonymous) at (0,0) size 32x18
              RenderTableRow (anonymous) at (0,0) size 32x18
                RenderTableCell (anonymous) at (0,0) size 32x18 [r=0 c=0 rs=1 cs=1]
                  RenderTextFragment at (0,0) size 32x17
                    text run at (0,0) width 32: "Test:"
          RenderText {#text} at (32,36) size 48x17
            text run at (32,36) width 48: "content"
        RenderBR {BR} at (79,50) size 1x0
