layer at (0,0) size 800x600
  RenderView at (0,0) size 800x600
layer at (0,0) size 800x600
  RenderBlock {HTML} at (0,0) size 800x600
    RenderBody {BODY} at (8,8) size 784x584
      RenderBlock {P} at (0,0) size 784x20
        RenderText {#text} at (0,0) size 147x19
          text run at (0,0) width 147: "Test controls placement."
      RenderBlock (anonymous) at (0,36) size 784x120
        RenderBR {BR} at (300,30) size 0x0
        RenderBR {BR} at (0,30) size 0x19
        RenderBR {BR} at (320,80) size 0x0
        RenderBR {BR} at (0,80) size 0x19
        RenderBR {BR} at (0,100) size 0x19
layer at (8,44) size 300x30
  RenderMedia {AUDIO} at (0,0) size 300x30 [bgcolor=#0000FF]
layer at (8,94) size 320x30
  RenderMedia {AUDIO} at (0,50) size 320x30 [bgcolor=#0000FF]
layer at (8,44) size 300x30
  RenderFlexibleBox {DIV} at (0,0) size 300x30
    RenderBlock {DIV} at (0,0) size 300x30
layer at (8,44) size 300x30
  RenderFlexibleBox {DIV} at (0,0) size 300x30 [bgcolor=#141414CC]
    RenderButton {INPUT} at (9,0) size 30x30
    RenderSlider {INPUT} at (48,11) size 103.39x8
      RenderFlexibleBox {DIV} at (0,0) size 103.39x8 [border: (1px solid #E6E6E659)]
        RenderBlock {DIV} at (1,-8) size 115.39x24
          RenderBlock {DIV} at (-7,0) size 32x24
    RenderFlexibleBox {DIV} at (166.39,0) size 25x30 [color=#FFFFFF]
      RenderBlock (anonymous) at (0,0) size 25x30
        RenderText {#text} at (0,7) size 25x16
          text run at (0,7) width 25: "0:07"
    RenderButton {INPUT} at (200.39,0) size 35x30
    RenderSlider {INPUT} at (241.39,11) size 43.61x8
      RenderFlexibleBox {DIV} at (0,0) size 43.61x8 [border: (1px solid #E6E6E659)]
        RenderBlock {DIV} at (1,-8) size 55.61x24
          RenderBlock {DIV} at (24.61,0) size 24x24
layer at (8,94) size 320x30
  RenderFlexibleBox {DIV} at (0,0) size 320x30
    RenderBlock {DIV} at (0,0) size 320x30
layer at (8,94) size 320x30
  RenderFlexibleBox {DIV} at (0,0) size 320x30 [bgcolor=#141414CC]
    RenderButton {INPUT} at (9,0) size 30x30
    RenderSlider {INPUT} at (48,11) size 113.25x8
      RenderFlexibleBox {DIV} at (0,0) size 113.25x8 [border: (1px solid #E6E6E659)]
        RenderBlock {DIV} at (1,-8) size 125.25x24
          RenderBlock {DIV} at (-7,0) size 32x24
    RenderFlexibleBox {DIV} at (176.25,0) size 25x30 [color=#FFFFFF]
      RenderBlock (anonymous) at (0,0) size 25x30
        RenderText {#text} at (0,7) size 25x16
          text run at (0,7) width 25: "0:07"
    RenderButton {INPUT} at (210.25,0) size 35x30
    RenderSlider {INPUT} at (251.25,11) size 53.75x8
      RenderFlexibleBox {DIV} at (0,0) size 53.75x8 [border: (1px solid #E6E6E659)]
        RenderBlock {DIV} at (1,-8) size 65.75x24
          RenderBlock {DIV} at (34.75,0) size 24x24
layer at (8,144) size 320x100
  RenderMedia {AUDIO} at (8,144) size 320x100 [bgcolor=#0000FF]
layer at (8,144) size 320x100
  RenderFlexibleBox {DIV} at (0,0) size 320x100
    RenderBlock {DIV} at (0,70) size 320x30
layer at (8,214) size 320x30
  RenderFlexibleBox {DIV} at (0,0) size 320x30 [bgcolor=#141414CC]
    RenderButton {INPUT} at (9,0) size 30x30
    RenderSlider {INPUT} at (48,11) size 113.25x8
      RenderFlexibleBox {DIV} at (0,0) size 113.25x8 [border: (1px solid #E6E6E659)]
        RenderBlock {DIV} at (1,-8) size 125.25x24
          RenderBlock {DIV} at (-7,0) size 32x24
    RenderFlexibleBox {DIV} at (176.25,0) size 25x30 [color=#FFFFFF]
      RenderBlock (anonymous) at (0,0) size 25x30
        RenderText {#text} at (0,7) size 25x16
          text run at (0,7) width 25: "0:07"
    RenderButton {INPUT} at (210.25,0) size 35x30
    RenderSlider {INPUT} at (251.25,11) size 53.75x8
      RenderFlexibleBox {DIV} at (0,0) size 53.75x8 [border: (1px solid #E6E6E659)]
        RenderBlock {DIV} at (1,-8) size 65.75x24
          RenderBlock {DIV} at (34.75,0) size 24x24
