layer at (0,0) size 800x600
  RenderView at (0,0) size 800x600
layer at (0,0) size 800x128
  RenderBlock {HTML} at (0,0) size 800x128
    RenderBody {BODY} at (8,8) size 784x112
      RenderBlock {DIV} at (0,0) size 784x112
        RenderBlock {ADDRESS} at (16,0) size 768x16 [bgcolor=#00FF00]
          RenderText {#text} at (0,0) size 336x16
            text run at (0,0) width 336: "A first address that should have a green background"
        RenderBlock {ADDRESS} at (16,32) size 768x16 [bgcolor=#00FF00]
          RenderText {#text} at (0,0) size 355x16
            text run at (0,0) width 355: "A second address that should have a green background"
        RenderBlock {ADDRESS} at (16,64) size 768x16
          RenderText {#text} at (0,0) size 261x16
            text run at (0,0) width 261: "A third address with normal background"
        RenderBlock (anonymous) at (0,96) size 784x16
          RenderText {#text} at (0,0) size 295x16
            text run at (0,0) width 295: "This div should have three addresses above it."
