layer at (0,0) size 800x600
  RenderView at (0,0) size 800x600
layer at (0,0) size 800x126
  RenderBlock {HTML} at (0,0) size 800x126
    RenderBody {BODY} at (8,8) size 784x102
      RenderBlock {DIV} at (0,0) size 784x70
        RenderTable {TABLE} at (0,0) size 125x70 [border: (1px outset #808080)]
          RenderTableSection {TBODY} at (1,1) size 123x68
            RenderTableRow {TR} at (0,2) size 123x20
              RenderTableCell {TD} at (2,2) size 67x20 [bgcolor=#00FF00] [border: (1px inset #808080)] [r=0 c=0 rs=1 cs=1]
                RenderText {#text} at (2,2) size 63x16
                  text run at (2,2) width 63: "green cell"
              RenderTableCell {TD} at (71,2) size 24x20 [border: (1px inset #808080)] [r=0 c=1 rs=1 cs=1]
                RenderText {#text} at (2,2) size 20x16
                  text run at (2,2) width 20: "1.2"
              RenderTableCell {TD} at (97,2) size 24x20 [border: (1px inset #808080)] [r=0 c=2 rs=1 cs=1]
                RenderText {#text} at (2,2) size 20x16
                  text run at (2,2) width 20: "1.3"
            RenderTableRow {TR} at (0,24) size 123x20
              RenderTableCell {TD} at (2,24) size 67x20 [bgcolor=#00FF00] [border: (1px inset #808080)] [r=1 c=0 rs=1 cs=1]
                RenderText {#text} at (2,2) size 63x16
                  text run at (2,2) width 63: "green cell"
              RenderTableCell {TD} at (71,24) size 24x20 [border: (1px inset #808080)] [r=1 c=1 rs=1 cs=1]
                RenderText {#text} at (2,2) size 20x16
                  text run at (2,2) width 20: "2.2"
              RenderTableCell {TD} at (97,24) size 24x20 [border: (1px inset #808080)] [r=1 c=2 rs=1 cs=1]
                RenderText {#text} at (2,2) size 20x16
                  text run at (2,2) width 20: "2.3"
            RenderTableRow {TR} at (0,46) size 123x20
              RenderTableCell {TD} at (2,46) size 67x20 [bgcolor=#00FF00] [border: (1px inset #808080)] [r=2 c=0 rs=1 cs=1]
                RenderText {#text} at (2,2) size 63x16
                  text run at (2,2) width 63: "green cell"
              RenderTableCell {TD} at (71,46) size 24x20 [border: (1px inset #808080)] [r=2 c=1 rs=1 cs=1]
                RenderText {#text} at (2,2) size 20x16
                  text run at (2,2) width 20: "3.2"
              RenderTableCell {TD} at (97,46) size 24x20 [border: (1px inset #808080)] [r=2 c=2 rs=1 cs=1]
                RenderText {#text} at (2,2) size 20x16
                  text run at (2,2) width 20: "3.3"
      RenderBlock {P} at (0,86) size 784x16
        RenderText {#text} at (0,0) size 224x16
          text run at (0,0) width 224: "This paragraph contains some text "
        RenderInline {SPAN} at (0,0) size 308x16 [bgcolor=#00FF00]
          RenderText {#text} at (223,0) size 308x16
            text run at (223,0) width 308: "and a span that should have a green background"
        RenderText {#text} at (0,0) size 0x0
