layer at (0,0) size 800x600
  RenderView at (0,0) size 800x600
layer at (0,0) size 800x128
  RenderBlock {HTML} at (0,0) size 800x128
    RenderBody {BODY} at (8,16) size 784x104
      RenderBlock {P} at (0,0) size 784x16 [bgcolor=#00FF00]
        RenderText {#text} at (0,0) size 272x16
          text run at (0,0) width 272: "This line should have a green background."
      RenderBlock {P} at (0,32) size 784x34 [bgcolor=#00FF00]
        RenderText {#text} at (0,0) size 705x16
          text run at (0,0) width 705: "UAs may render the following element as a pop up menu. If so, please ensure the menu is unstyled (or green)."
        RenderMenuList {SELECT} at (0,16) size 100x18 [border: (1px solid #A6A6A6)]
          RenderBlock (anonymous) at (1,1) size 98x16
            RenderText at (8,1) size 63x13
              text run at (8,1) width 63: "This should"
        RenderText {#text} at (0,0) size 0x0
      RenderTable {TABLE} at (0,82) size 438x22 [bgcolor=#00FF00]
        RenderTableSection {TBODY} at (0,0) size 438x22
          RenderTableRow {TR} at (0,2) size 438x18
            RenderTableCell {TD} at (2,2) size 434x18 [r=0 c=0 rs=1 cs=1]
              RenderText {#text} at (1,1) size 432x16
                text run at (1,1) width 432: "This line should have a green background (or it might be unstyled)."
