layer at (0,0) size 800x600
  RenderView at (0,0) size 800x600
layer at (0,0) size 800x112
  RenderBlock {HTML} at (0,0) size 800x112
    RenderBody {BODY} at (8,16) size 784x80
      RenderBlock {DIV} at (0,0) size 784x80
        RenderBlock {DIV} at (0,0) size 784x80
          RenderBlock {P} at (0,0) size 784x16 [bgcolor=#FF0000]
            RenderText {#text} at (0,0) size 208x16
              text run at (0,0) width 208: "This line should be unstyled. (2)"
          RenderBlock {P} at (0,32) size 784x16
            RenderText {#text} at (0,0) size 295x16
              text run at (0,0) width 295: "This line should have a green background. (3)"
          RenderBlock {P} at (0,64) size 784x16
            RenderText {#text} at (0,0) size 289x16
              text run at (0,0) width 289: "This line should be unstyled. (4 moving to 1)"
