layer at (0,0) size 800x600
  RenderView at (0,0) size 800x600
layer at (0,0) size 800x130
  RenderBlock {HTML} at (0,0) size 800x130
    RenderBody {BODY} at (8,16) size 784x106
      RenderBlock {P} at (0,0) size 784x74 [bgcolor=#00FF00] [border: (5px solid #008000)]
        RenderText {#text} at (21,21) size 741x32
          text run at (21,21) width 741: "This paragraph should have a green background and a green thick solid border because it carries both classes t1 and"
          text run at (21,37) width 17: "t2."
      RenderBlock {DIV} at (0,90) size 784x16 [color=#FFFFFF] [bgcolor=#008000]
        RenderText {#text} at (0,0) size 166x16
          text run at (0,0) width 166: "This line should be green."
