layer at (0,0) size 800x600
  RenderView at (0,0) size 800x600
layer at (0,0) size 800x50
  RenderBlock {HTML} at (0,0) size 800x50
    RenderBody {BODY} at (8,16) size 784x18
      RenderBlock {P} at (0,0) size 784x18
        RenderBlock {INPUT} at (2.91,3) size 12x12 [bgcolor=#00FF00]
        RenderText {#text} at (17,1) size 5x16
          text run at (17,1) width 5: " "
        RenderInline {SPAN} at (0,0) size 395x16 [bgcolor=#00FF00]
          RenderText {#text} at (21,1) size 395x16
            text run at (21,1) width 395: "Everything in this paragraph should have a green background"
