layer at (0,0) size 800x600
  RenderView at (0,0) size 800x600
layer at (0,0) size 800x80
  RenderBlock {HTML} at (0,0) size 800x80
    RenderBody {BODY} at (8,16) size 784x48
      RenderBlock {UL} at (0,0) size 784x48
        RenderListItem {LI} at (40,0) size 744x16 [bgcolor=#00FF00]
          RenderListMarker at (-16,0) size 6x16: bullet
          RenderText {#text} at (0,0) size 439x16
            text run at (0,0) width 439: "This list item should have a green background. because its ID is \"t1\""
        RenderListItem {LI} at (40,16) size 744x16 [bgcolor=#00FF00]
          RenderListMarker at (-16,0) size 6x16: bullet
          RenderText {#text} at (0,0) size 439x16
            text run at (0,0) width 439: "This list item should have a green background. because its ID is \"t2\""
        RenderListItem {LI} at (40,32) size 744x16 [bgcolor=#00FF00]
          RenderListMarker at (-16,0) size 6x16: bullet
          RenderInline {SPAN} at (0,0) size 598x16
            RenderText {#text} at (0,0) size 598x16
              text run at (0,0) width 598: "This list item should have a green background. because the inner SPAN does not match \"#t4\""
