layer at (0,0) size 800x600
  RenderView at (0,0) size 800x600
layer at (0,0) size 800x112
  RenderBlock {HTML} at (0,0) size 800x112
    RenderBody {BODY} at (8,16) size 784x80
      RenderBlock {P} at (0,0) size 784x16 [bgcolor=#00FF00]
        RenderText {#text} at (0,0) size 312x16
          text run at (0,0) width 312: "This paragraph should have a green background."
      RenderBlock {DIV} at (0,32) size 784x48
        RenderBlock (anonymous) at (0,0) size 784x16
          RenderText {#text} at (0,0) size 242x16
            text run at (0,0) width 242: "This div contains only one paragraph."
        RenderBlock {P} at (0,32) size 784x16
          RenderText {#text} at (0,0) size 225x16
            text run at (0,0) width 225: "This paragraph should be unstyled."
