layer at (0,0) size 800x600
  RenderView at (0,0) size 800x600
layer at (0,0) size 800x470
  RenderBlock {HTML} at (0,0) size 800x470
    RenderBody {BODY} at (8,16) size 784x446
      RenderBlock {UL} at (0,0) size 784x96
        RenderListItem {LI} at (40,0) size 744x16
          RenderListMarker at (-16,0) size 6x16: bullet
          RenderText {#text} at (0,0) size 86x16
            text run at (0,0) width 86: "First list item"
        RenderListItem {LI} at (40,16) size 744x16 [bgcolor=#00FF00]
          RenderListMarker at (-16,0) size 6x16: bullet
          RenderText {#text} at (0,0) size 344x16
            text run at (0,0) width 344: "This second list item should have a green background"
        RenderListItem {LI} at (40,32) size 744x16
          RenderListMarker at (-16,0) size 6x16: bullet
          RenderText {#text} at (0,0) size 92x16
            text run at (0,0) width 92: "Third list item"
        RenderListItem {LI} at (40,48) size 744x16 [bgcolor=#00FF00]
          RenderListMarker at (-16,0) size 6x16: bullet
          RenderText {#text} at (0,0) size 339x16
            text run at (0,0) width 339: "This fourth list item should have a green background"
        RenderListItem {LI} at (40,64) size 744x16
          RenderListMarker at (-16,0) size 6x16: bullet
          RenderText {#text} at (0,0) size 88x16
            text run at (0,0) width 88: "Fifth list item"
        RenderListItem {LI} at (40,80) size 744x16 [bgcolor=#00FF00]
          RenderListMarker at (-16,0) size 6x16: bullet
          RenderText {#text} at (0,0) size 331x16
            text run at (0,0) width 331: "This sixth list item should have a green background"
      RenderBlock {OL} at (0,112) size 784x96
        RenderListItem {LI} at (40,0) size 744x16 [bgcolor=#00FF00]
          RenderListMarker at (-20,0) size 16x16: "1"
          RenderText {#text} at (0,0) size 326x16
            text run at (0,0) width 326: "This first list item should have a green background"
        RenderListItem {LI} at (40,16) size 744x16
          RenderListMarker at (-20,0) size 16x16: "2"
          RenderText {#text} at (0,0) size 104x16
            text run at (0,0) width 104: "Second list item"
        RenderListItem {LI} at (40,32) size 744x16 [bgcolor=#00FF00]
          RenderListMarker at (-20,0) size 16x16: "3"
          RenderText {#text} at (0,0) size 330x16
            text run at (0,0) width 330: "This third list item should have a green background"
        RenderListItem {LI} at (40,48) size 744x16
          RenderListMarker at (-20,0) size 16x16: "4"
          RenderText {#text} at (0,0) size 99x16
            text run at (0,0) width 99: "Fourth list item"
        RenderListItem {LI} at (40,64) size 744x16 [bgcolor=#00FF00]
          RenderListMarker at (-20,0) size 16x16: "5"
          RenderText {#text} at (0,0) size 328x16
            text run at (0,0) width 328: "This fifth list item should have a green background"
        RenderListItem {LI} at (40,80) size 744x16
          RenderListMarker at (-20,0) size 16x16: "6"
          RenderText {#text} at (0,0) size 90x16
            text run at (0,0) width 90: "Sixth list item"
      RenderBlock {DIV} at (0,224) size 784x222
        RenderTable {TABLE} at (0,0) size 163x136 [border: (1px outset #808080)]
          RenderTableSection {TBODY} at (1,1) size 161x134
            RenderTableRow {TR} at (0,2) size 161x20
              RenderTableCell {TD} at (2,2) size 105x20 [border: (1px inset #808080)] [r=0 c=0 rs=1 cs=1]
                RenderText {#text} at (2,2) size 20x16
                  text run at (2,2) width 20: "1.1"
              RenderTableCell {TD} at (109,2) size 24x20 [border: (1px inset #808080)] [r=0 c=1 rs=1 cs=1]
                RenderText {#text} at (2,2) size 20x16
                  text run at (2,2) width 20: "1.2"
              RenderTableCell {TD} at (135,2) size 24x20 [border: (1px inset #808080)] [r=0 c=2 rs=1 cs=1]
                RenderText {#text} at (2,2) size 20x16
                  text run at (2,2) width 20: "1.3"
            RenderTableRow {TR} at (0,24) size 161x20
              RenderTableCell {TD} at (2,24) size 105x20 [border: (1px inset #808080)] [r=1 c=0 rs=1 cs=1]
                RenderText {#text} at (2,2) size 20x16
                  text run at (2,2) width 20: "2.1"
              RenderTableCell {TD} at (109,24) size 24x20 [border: (1px inset #808080)] [r=1 c=1 rs=1 cs=1]
                RenderText {#text} at (2,2) size 20x16
                  text run at (2,2) width 20: "2.2"
              RenderTableCell {TD} at (135,24) size 24x20 [border: (1px inset #808080)] [r=1 c=2 rs=1 cs=1]
                RenderText {#text} at (2,2) size 20x16
                  text run at (2,2) width 20: "2.3"
            RenderTableRow {TR} at (0,46) size 161x20 [bgcolor=#00FF00]
              RenderTableCell {TD} at (2,46) size 105x20 [border: (1px inset #808080)] [r=2 c=0 rs=1 cs=1]
                RenderText {#text} at (2,2) size 101x16
                  text run at (2,2) width 101: "Green row : 3.1"
              RenderTableCell {TD} at (109,46) size 24x20 [border: (1px inset #808080)] [r=2 c=1 rs=1 cs=1]
                RenderText {#text} at (2,2) size 20x16
                  text run at (2,2) width 20: "3.2"
              RenderTableCell {TD} at (135,46) size 24x20 [border: (1px inset #808080)] [r=2 c=2 rs=1 cs=1]
                RenderText {#text} at (2,2) size 20x16
                  text run at (2,2) width 20: "3.3"
            RenderTableRow {TR} at (0,68) size 161x20 [bgcolor=#00FF00]
              RenderTableCell {TD} at (2,68) size 105x20 [border: (1px inset #808080)] [r=3 c=0 rs=1 cs=1]
                RenderText {#text} at (2,2) size 101x16
                  text run at (2,2) width 101: "Green row : 4.1"
              RenderTableCell {TD} at (109,68) size 24x20 [border: (1px inset #808080)] [r=3 c=1 rs=1 cs=1]
                RenderText {#text} at (2,2) size 20x16
                  text run at (2,2) width 20: "4.2"
              RenderTableCell {TD} at (135,68) size 24x20 [border: (1px inset #808080)] [r=3 c=2 rs=1 cs=1]
                RenderText {#text} at (2,2) size 20x16
                  text run at (2,2) width 20: "4.3"
            RenderTableRow {TR} at (0,90) size 161x20 [bgcolor=#00FF00]
              RenderTableCell {TD} at (2,90) size 105x20 [border: (1px inset #808080)] [r=4 c=0 rs=1 cs=1]
                RenderText {#text} at (2,2) size 101x16
                  text run at (2,2) width 101: "Green row : 5.1"
              RenderTableCell {TD} at (109,90) size 24x20 [border: (1px inset #808080)] [r=4 c=1 rs=1 cs=1]
                RenderText {#text} at (2,2) size 20x16
                  text run at (2,2) width 20: "5.2"
              RenderTableCell {TD} at (135,90) size 24x20 [border: (1px inset #808080)] [r=4 c=2 rs=1 cs=1]
                RenderText {#text} at (2,2) size 20x16
                  text run at (2,2) width 20: "5.3"
            RenderTableRow {TR} at (0,112) size 161x20 [bgcolor=#00FF00]
              RenderTableCell {TD} at (2,112) size 105x20 [border: (1px inset #808080)] [r=5 c=0 rs=1 cs=1]
                RenderText {#text} at (2,2) size 101x16
                  text run at (2,2) width 101: "Green row : 6.1"
              RenderTableCell {TD} at (109,112) size 24x20 [border: (1px inset #808080)] [r=5 c=1 rs=1 cs=1]
                RenderText {#text} at (2,2) size 20x16
                  text run at (2,2) width 20: "6.2"
              RenderTableCell {TD} at (135,112) size 24x20 [border: (1px inset #808080)] [r=5 c=2 rs=1 cs=1]
                RenderText {#text} at (2,2) size 20x16
                  text run at (2,2) width 20: "6.3"
        RenderBlock {P} at (0,152) size 784x0
        RenderTable {TABLE} at (0,152) size 341x70 [border: (1px outset #808080)]
          RenderTableSection {TBODY} at (1,1) size 339x68
            RenderTableRow {TR} at (0,2) size 339x20
              RenderTableCell {TD} at (2,2) size 24x20 [border: (1px inset #808080)] [r=0 c=0 rs=1 cs=1]
                RenderText {#text} at (2,2) size 20x16
                  text run at (2,2) width 20: "1.1"
              RenderTableCell {TD} at (28,2) size 67x20 [bgcolor=#00FF00] [border: (1px inset #808080)] [r=0 c=1 rs=1 cs=1]
                RenderText {#text} at (2,2) size 63x16
                  text run at (2,2) width 63: "green cell"
              RenderTableCell {TD} at (97,2) size 24x20 [border: (1px inset #808080)] [r=0 c=2 rs=1 cs=1]
                RenderText {#text} at (2,2) size 20x16
                  text run at (2,2) width 20: "1.3"
              RenderTableCell {TD} at (123,2) size 24x20 [border: (1px inset #808080)] [r=0 c=3 rs=1 cs=1]
                RenderText {#text} at (2,2) size 20x16
                  text run at (2,2) width 20: "1.4"
              RenderTableCell {TD} at (149,2) size 67x20 [bgcolor=#00FF00] [border: (1px inset #808080)] [r=0 c=4 rs=1 cs=1]
                RenderText {#text} at (2,2) size 63x16
                  text run at (2,2) width 63: "green cell"
              RenderTableCell {TD} at (218,2) size 24x20 [border: (1px inset #808080)] [r=0 c=5 rs=1 cs=1]
                RenderText {#text} at (2,2) size 20x16
                  text run at (2,2) width 20: "1.6"
              RenderTableCell {TD} at (244,2) size 24x20 [border: (1px inset #808080)] [r=0 c=6 rs=1 cs=1]
                RenderText {#text} at (2,2) size 20x16
                  text run at (2,2) width 20: "1.7"
              RenderTableCell {TD} at (270,2) size 67x20 [bgcolor=#00FF00] [border: (1px inset #808080)] [r=0 c=7 rs=1 cs=1]
                RenderText {#text} at (2,2) size 63x16
                  text run at (2,2) width 63: "green cell"
            RenderTableRow {TR} at (0,24) size 339x20
              RenderTableCell {TD} at (2,24) size 24x20 [border: (1px inset #808080)] [r=1 c=0 rs=1 cs=1]
                RenderText {#text} at (2,2) size 20x16
                  text run at (2,2) width 20: "2.1"
              RenderTableCell {TD} at (28,24) size 67x20 [bgcolor=#00FF00] [border: (1px inset #808080)] [r=1 c=1 rs=1 cs=1]
                RenderText {#text} at (2,2) size 63x16
                  text run at (2,2) width 63: "green cell"
              RenderTableCell {TD} at (97,24) size 24x20 [border: (1px inset #808080)] [r=1 c=2 rs=1 cs=1]
                RenderText {#text} at (2,2) size 20x16
                  text run at (2,2) width 20: "2.3"
              RenderTableCell {TD} at (123,24) size 24x20 [border: (1px inset #808080)] [r=1 c=3 rs=1 cs=1]
                RenderText {#text} at (2,2) size 20x16
                  text run at (2,2) width 20: "2.4"
              RenderTableCell {TD} at (149,24) size 67x20 [bgcolor=#00FF00] [border: (1px inset #808080)] [r=1 c=4 rs=1 cs=1]
                RenderText {#text} at (2,2) size 63x16
                  text run at (2,2) width 63: "green cell"
              RenderTableCell {TD} at (218,24) size 24x20 [border: (1px inset #808080)] [r=1 c=5 rs=1 cs=1]
                RenderText {#text} at (2,2) size 20x16
                  text run at (2,2) width 20: "2.6"
              RenderTableCell {TD} at (244,24) size 24x20 [border: (1px inset #808080)] [r=1 c=6 rs=1 cs=1]
                RenderText {#text} at (2,2) size 20x16
                  text run at (2,2) width 20: "2.7"
              RenderTableCell {TD} at (270,24) size 67x20 [bgcolor=#00FF00] [border: (1px inset #808080)] [r=1 c=7 rs=1 cs=1]
                RenderText {#text} at (2,2) size 63x16
                  text run at (2,2) width 63: "green cell"
            RenderTableRow {TR} at (0,46) size 339x20
              RenderTableCell {TD} at (2,46) size 24x20 [border: (1px inset #808080)] [r=2 c=0 rs=1 cs=1]
                RenderText {#text} at (2,2) size 20x16
                  text run at (2,2) width 20: "3.1"
              RenderTableCell {TD} at (28,46) size 67x20 [bgcolor=#00FF00] [border: (1px inset #808080)] [r=2 c=1 rs=1 cs=1]
                RenderText {#text} at (2,2) size 63x16
                  text run at (2,2) width 63: "green cell"
              RenderTableCell {TD} at (97,46) size 24x20 [border: (1px inset #808080)] [r=2 c=2 rs=1 cs=1]
                RenderText {#text} at (2,2) size 20x16
                  text run at (2,2) width 20: "3.3"
              RenderTableCell {TD} at (123,46) size 24x20 [border: (1px inset #808080)] [r=2 c=3 rs=1 cs=1]
                RenderText {#text} at (2,2) size 20x16
                  text run at (2,2) width 20: "3.4"
              RenderTableCell {TD} at (149,46) size 67x20 [bgcolor=#00FF00] [border: (1px inset #808080)] [r=2 c=4 rs=1 cs=1]
                RenderText {#text} at (2,2) size 63x16
                  text run at (2,2) width 63: "green cell"
              RenderTableCell {TD} at (218,46) size 24x20 [border: (1px inset #808080)] [r=2 c=5 rs=1 cs=1]
                RenderText {#text} at (2,2) size 20x16
                  text run at (2,2) width 20: "3.6"
              RenderTableCell {TD} at (244,46) size 24x20 [border: (1px inset #808080)] [r=2 c=6 rs=1 cs=1]
                RenderText {#text} at (2,2) size 20x16
                  text run at (2,2) width 20: "3.7"
              RenderTableCell {TD} at (270,46) size 67x20 [bgcolor=#00FF00] [border: (1px inset #808080)] [r=2 c=7 rs=1 cs=1]
                RenderText {#text} at (2,2) size 63x16
                  text run at (2,2) width 63: "green cell"
