layer at (0,0) size 800x600
  RenderView at (0,0) size 800x600
layer at (0,0) size 800x32
  RenderBlock {HTML} at (0,0) size 800x32
    RenderBody {BODY} at (8,8) size 784x16
      RenderBlock {ADDRESS} at (0,0) size 784x16 [bgcolor=#00FF00]
        RenderInline {SPAN} at (0,0) size 107x16
          RenderText {#text} at (0,0) size 107x16
            text run at (0,0) width 107: "This line should "
        RenderText {#text} at (0,0) size 0x0
        RenderInline {SPAN} at (0,0) size 168x16
          RenderText {#text} at (106,0) size 168x16
            text run at (106,0) width 168: "have a green background."
        RenderText {#text} at (0,0) size 0x0
