layer at (0,0) size 800x600
  RenderView at (0,0) size 800x600
layer at (0,0) size 800x112
  RenderBlock {HTML} at (0,0) size 800x112
    RenderBody {BODY} at (8,16) size 784x80
      RenderBlock {DIV} at (0,0) size 784x80
        RenderBlock {P} at (0,0) size 784x16 [color=#00FF00]
          RenderText {#text} at (0,0) size 291x16
            text run at (0,0) width 291: "This paragraph should be in green characters."
        RenderBlock {P} at (0,32) size 784x16 [color=#00FF00]
          RenderText {#text} at (0,0) size 291x16
            text run at (0,0) width 291: "This paragraph should be in green characters."
        RenderBlock {P} at (0,64) size 784x16 [color=#FF0000]
          RenderInline {SPAN} at (0,0) size 291x16 [color=#00FF00]
            RenderText {#text} at (0,0) size 291x16
              text run at (0,0) width 291: "This paragraph should be in green characters."
          RenderText {#text} at (0,0) size 0x0
