layer at (0,0) size 800x600
  RenderView at (0,0) size 800x600
layer at (0,0) size 800x96
  RenderBlock {HTML} at (0,0) size 800x96
    RenderBody {BODY} at (8,16) size 784x64
      RenderBlock {UL} at (0,0) size 784x32
        RenderListItem {LI} at (40,0) size 744x16 [bgcolor=#00FF00]
          RenderListMarker at (-16,0) size 6x16: bullet
          RenderText {#text} at (0,0) size 311x16
            text run at (0,0) width 311: "The background of this list item should be green"
        RenderListItem {LI} at (40,16) size 744x16 [bgcolor=#00FF00]
          RenderListMarker at (-16,0) size 6x16: bullet
          RenderText {#text} at (0,0) size 389x16
            text run at (0,0) width 389: "The background of this second list item should be also green"
      RenderBlock {P} at (0,48) size 784x16 [bgcolor=#00FF00]
        RenderText {#text} at (0,0) size 327x16
          text run at (0,0) width 327: "The background of this paragraph should be green."
