layer at (0,0) size 800x600
  RenderView at (0,0) size 800x600
layer at (0,0) size 800x176
  RenderBlock {HTML} at (0,0) size 800x176
    RenderBody {BODY} at (8,16) size 784x144
      RenderBlock {DIV} at (0,0) size 784x144
        RenderBlock {P} at (0,0) size 784x16
          RenderText {#text} at (0,0) size 225x16
            text run at (0,0) width 225: "This paragraph should be unstyled."
        RenderBlock {P} at (0,32) size 784x16 [bgcolor=#00FF00]
          RenderText {#text} at (0,0) size 289x16
            text run at (0,0) width 289: "But this one should have a green background"
        RenderBlock {P} at (0,64) size 784x16 [bgcolor=#00FF00]
          RenderText {#text} at (0,0) size 323x16
            text run at (0,0) width 323: "And this one should also have a green background"
        RenderBlock {ADDRESS} at (0,96) size 784x16
          RenderText {#text} at (0,0) size 438x16
            text run at (0,0) width 438: "This address is only here to fill some space between two paragraphs"
        RenderBlock {P} at (0,128) size 784x16 [bgcolor=#00FF00]
          RenderText {#text} at (0,0) size 308x16
            text run at (0,0) width 308: "This paragraph should have a green background"
