layer at (0,0) size 800x600
  RenderView at (0,0) size 800x600
layer at (0,0) size 800x240
  RenderBlock {HTML} at (0,0) size 800x240
    RenderBody {BODY} at (8,16) size 784x208
      RenderBlock {P} at (0,0) size 784x208
        RenderInline {<pseudo:before>} at (0,0) size 20x16 [color=#FF0000]
          RenderInline (generated) at (0,0) size 20x32 [color=#00FF00]
            RenderTextFragment at (0,0) size 20x32
              text run at (0,0) width 20: "T"
          RenderTextFragment at (0,0) size 0x0
        RenderText {#text} at (19,12) size 766x196
          text run at (19,12) width 397: "his very long paragraph should have a big green first letter T. "
          text run at (415,12) width 351: "Dummy text. Dummy text. Dummy text. Dummy text."
          text run at (0,32) width 760: "Dummy text. Dummy text. Dummy text. Dummy text. Dummy text. Dummy text. Dummy text. Dummy text. Dummy"
          text run at (0,48) width 736: "text. Dummy text. Dummy text. Dummy text. Dummy text. Dummy text. Dummy text. Dummy text. Dummy text."
          text run at (0,64) width 760: "Dummy text. Dummy text. Dummy text. Dummy text. Dummy text. Dummy text. Dummy text. Dummy text. Dummy"
          text run at (0,80) width 736: "text. Dummy text. Dummy text. Dummy text. Dummy text. Dummy text. Dummy text. Dummy text. Dummy text."
          text run at (0,96) width 760: "Dummy text. Dummy text. Dummy text. Dummy text. Dummy text. Dummy text. Dummy text. Dummy text. Dummy"
          text run at (0,112) width 736: "text. Dummy text. Dummy text. Dummy text. Dummy text. Dummy text. Dummy text. Dummy text. Dummy text."
          text run at (0,128) width 760: "Dummy text. Dummy text. Dummy text. Dummy text. Dummy text. Dummy text. Dummy text. Dummy text. Dummy"
          text run at (0,144) width 736: "text. Dummy text. Dummy text. Dummy text. Dummy text. Dummy text. Dummy text. Dummy text. Dummy text."
          text run at (0,160) width 760: "Dummy text. Dummy text. Dummy text. Dummy text. Dummy text. Dummy text. Dummy text. Dummy text. Dummy"
          text run at (0,176) width 736: "text. Dummy text. Dummy text. Dummy text. Dummy text. Dummy text. Dummy text. Dummy text. Dummy text."
          text run at (0,192) width 527: "Dummy text. Dummy text. Dummy text. Dummy text. Dummy text. Dummy text."
