layer at (0,0) size 800x600
  RenderView at (0,0) size 800x600
layer at (0,0) size 800x412
  RenderBlock {HTML} at (0,0) size 800x412
    RenderBody {BODY} at (8,16) size 784x380
      RenderBlock {P} at (0,0) size 784x16
        RenderText {#text} at (0,0) size 617x16
          text run at (0,0) width 617: "The following two blocks should look identical (to the pixel), and they should both say \"PASS\":"
      RenderBlock {P} at (0,32) size 784x166
      RenderBlock {P} at (0,214) size 784x166
layer at (8,48) size 784x162
  RenderEmbeddedObject {OBJECT} at (0,0) size 784x162 [border: (3px inset #000080)]
    layer at (0,0) size 778x156
      RenderView at (0,0) size 778x156
    layer at (0,0) size 778x156
      RenderSVGRoot {svg} at (0,7) size 372x149
        RenderSVGText {text} at (0,0) size 3x2 contains 1 chunk(s)
          RenderSVGInlineText {#text} at (0,0) size 3x2
            chunk 1 text run 1 at (0.00,0.80) startOffset 0 endOffset 4 width 2.39: "PASS"
layer at (8,230) size 784x162
  RenderEmbeddedObject {OBJECT} at (0,0) size 784x162 [border: (3px inset #000080)]
    layer at (0,0) size 778x156
      RenderView at (0,0) size 778x156
    layer at (0,0) size 778x156
      RenderSVGRoot {svg} at (0,7) size 372x149
        RenderSVGText {text} at (0,48) size 2391x1003 contains 1 chunk(s)
          RenderSVGInlineText {#text} at (0,0) size 2391x1003
            chunk 1 text run 1 at (0.00,800.00) startOffset 0 endOffset 4 width 2390.47: "PASS"
