layer at (0,0) size 800x600
  RenderView at (0,0) size 800x600
layer at (0,0) size 800x600
  RenderBlock {HTML} at (0,0) size 800x600
    RenderBody {BODY} at (8,8) size 784x584
      RenderBlock {H1} at (0,0) size 784x32
        RenderText {#text} at (0,0) size 353x32
          text run at (0,0) width 353: "Radial Gradient Example"
      RenderBlock {DIV} at (0,53.44) size 784x170
        RenderBlock {<pseudo:before>} at (0,0) size 154x154 [border: (2px solid #000000)]
          RenderImage at (2,2) size 150x150
        RenderBlock (anonymous) at (0,154) size 784x16
          RenderText {#text} at (0,0) size 272x16
            text run at (0,0) width 272: "There's some generated content above me."
      RenderBlock {H1} at (0,244.88) size 784x32
        RenderText {#text} at (0,0) size 354x32
          text run at (0,0) width 354: "Linear Gradient Example"
      RenderBlock {DIV} at (0,298.31) size 784x150
        RenderBlock (anonymous) at (0,0) size 784x16
          RenderText {#text} at (0,0) size 273x16
            text run at (0,0) width 273: "There's some generated content below me."
        RenderBlock {<pseudo:after>} at (0,16) size 134x134 [border: (2px solid #000000)]
          RenderImage at (2,2) size 130x130
