layer at (0,0) size 800x600
  RenderView at (0,0) size 800x600
layer at (0,0) size 800x600
  RenderBlock {HTML} at (0,0) size 800x600
    RenderBody {BODY} at (8,8) size 784x584
      RenderBlock (anonymous) at (0,0) size 784x16
        RenderText {#text} at (0,0) size 647x16
          text run at (0,0) width 647: "The test passes if all four boxes have a radial gradient that's green in the center and black at the edge."
      RenderBlock {H1} at (0,37.44) size 784x32
        RenderText {#text} at (0,0) size 727x32
          text run at (0,0) width 727: "Radial Gradients With One Center, Inner Radius > 0"
      RenderBlock (anonymous) at (0,90.88) size 784x154
        RenderBlock {DIV} at (0,0) size 150x150
        RenderText {#text} at (150,138) size 4x16
          text run at (150,138) width 4: " "
        RenderBlock {DIV} at (154,0) size 150x150
        RenderText {#text} at (0,0) size 0x0
      RenderBlock {H1} at (0,266.31) size 784x32
        RenderText {#text} at (0,0) size 643x32
          text run at (0,0) width 643: "Radial Gradients With One, Inner Radius == 0"
      RenderBlock (anonymous) at (0,319.75) size 784x154
        RenderBlock {DIV} at (0,0) size 150x150
        RenderText {#text} at (150,138) size 4x16
          text run at (150,138) width 4: " "
        RenderBlock {DIV} at (154,0) size 150x150
        RenderText {#text} at (0,0) size 0x0
