layer at (0,0) size 800x600
  RenderView at (0,0) size 800x600
layer at (0,0) size 800x600
  RenderBlock {HTML} at (0,0) size 800x600
    RenderBody {BODY} at (8,8) size 784x584
      RenderBlock {FORM} at (0,0) size 784x19
        RenderMenuList {SELECT} at (0,1) size 95x18 [bgcolor=#F8F8F8]
          RenderBlock (anonymous) at (0,0) size 95x18
            RenderText at (8,2) size 62x13
              text run at (8,2) width 62: "append cell"
        RenderText {#text} at (95,2) size 53x16
          text run at (95,2) width 53: "   tbody "
        RenderTextControl {INPUT} at (147.44,0) size 48x19 [bgcolor=#FFFFFF] [border: (2px inset #EEEEEE)]
        RenderText {#text} at (195,2) size 42x16
          text run at (195,2) width 42: "   row "
        RenderTextControl {INPUT} at (236.33,0) size 48x19 [bgcolor=#FFFFFF] [border: (2px inset #EEEEEE)]
        RenderText {#text} at (284,2) size 36x16
          text run at (284,2) width 36: "   col "
        RenderTextControl {INPUT} at (319.88,0) size 48x19 [bgcolor=#FFFFFF] [border: (2px inset #EEEEEE)]
        RenderText {#text} at (367,2) size 76x16
          text run at (367,2) width 76: "   row span "
        RenderTextControl {INPUT} at (442.08,0) size 48x19 [bgcolor=#FFFFFF] [border: (2px inset #EEEEEE)]
        RenderText {#text} at (490,2) size 69x16
          text run at (490,2) width 69: "   col span "
        RenderTextControl {INPUT} at (558.95,0) size 48x19 [bgcolor=#FFFFFF] [border: (2px inset #EEEEEE)]
        RenderText {#text} at (606,2) size 21x16
          text run at (606,2) width 21: "     "
        RenderButton {INPUT} at (626.95,1) size 41.77x18 [bgcolor=#C0C0C0]
          RenderBlock (anonymous) at (8,2.50) size 25.77x13
            RenderText {#text} at (0,0) size 26x13
              text run at (0,0) width 26: "Do It"
        RenderText {#text} at (0,0) size 0x0
      RenderBlock (anonymous) at (0,35) size 784x16
        RenderBR {BR} at (0,0) size 0x16
      RenderTable {TABLE} at (0,51) size 64x48 [bgcolor=#FFA500] [border: (1px outset #808080)]
        RenderTableSection {TBODY} at (1,1) size 62x46
          RenderTableRow {TR} at (0,2) size 62x20
            RenderTableCell {TD} at (2,2) size 28x20 [border: (1px inset #808080)] [r=0 c=0 rs=1 cs=1]
              RenderText {#text} at (2,2) size 24x16
                text run at (2,2) width 24: "c11"
          RenderTableRow {TR} at (0,24) size 62x20
            RenderTableCell {TD} at (2,24) size 28x20 [border: (1px inset #808080)] [r=1 c=0 rs=1 cs=1]
              RenderText {#text} at (2,2) size 24x16
                text run at (2,2) width 24: "c21"
            RenderTableCell {TD} at (32,24) size 28x20 [border: (1px inset #808080)] [r=1 c=1 rs=1 cs=1]
              RenderText {#text} at (2,2) size 24x16
                text run at (2,2) width 24: "c22"
      RenderBlock (anonymous) at (0,99) size 784x16
        RenderBR {BR} at (0,0) size 0x16
layer at (158,11) size 42x13
  RenderBlock {DIV} at (3,3) size 42x13
    RenderText {#text} at (0,0) size 7x13
      text run at (0,0) width 7: "0"
layer at (247,11) size 42x13
  RenderBlock {DIV} at (3,3) size 42x13
    RenderText {#text} at (0,0) size 7x13
      text run at (0,0) width 7: "0"
layer at (331,11) size 42x13
  RenderBlock {DIV} at (3,3) size 42x13
    RenderText {#text} at (0,0) size 7x13
      text run at (0,0) width 7: "0"
layer at (453,11) size 42x13
  RenderBlock {DIV} at (3,3) size 42x13
    RenderText {#text} at (0,0) size 7x13
      text run at (0,0) width 7: "1"
layer at (570,11) size 42x13
  RenderBlock {DIV} at (3,3) size 42x13
    RenderText {#text} at (0,0) size 7x13
      text run at (0,0) width 7: "1"
