layer at (0,0) size 785x950
  RenderView at (0,0) size 785x600
layer at (0,0) size 785x926
  RenderBlock {HTML} at (0,0) size 785x926
    RenderBody {BODY} at (8,8) size 769x910
      RenderText {#text} at (0,0) size 467x16
        text run at (0,0) width 467: "All of the replaced elements below should be clipped to a border-radius. "
      RenderBR {BR} at (0,0) size 0x0
      RenderImage {IMG} at (0,16) size 100x100
      RenderText {#text} at (100,104) size 4x16
        text run at (100,104) width 4: " "
      RenderBR {BR} at (0,0) size 0x0
      RenderImage {INPUT} at (0,120) size 100x100
      RenderText {#text} at (100,208) size 4x16
        text run at (100,208) width 4: " "
      RenderBR {BR} at (0,0) size 0x0
      RenderText {#text} at (304,366) size 4x16
        text run at (304,366) width 4: " "
      RenderBR {BR} at (0,0) size 0x0
      RenderText {#text} at (300,520) size 4x16
        text run at (300,520) width 4: " "
      RenderBR {BR} at (0,0) size 0x0
      RenderText {#text} at (0,0) size 0x0
layer at (8,232) size 304x154
  RenderPartObject {IFRAME} at (0,224) size 304x154 [border: (2px inset #EEEEEE)]
    layer at (0,0) size 300x150
      RenderView at (0,0) size 300x150
    layer at (0,0) size 300x150
      RenderBlock {HTML} at (0,0) size 300x150
        RenderBody {BODY} at (0,0) size 300x150
          RenderImage {IMG} at (0,0) size 100x100
layer at (8,390) size 300x150
  RenderVideo {VIDEO} at (0,382) size 300x150
layer at (8,544) size 556x406
  RenderEmbeddedObject {EMBED} at (0,536) size 556x406 [bgcolor=#00FF00] [border: (3px solid #000000)]
layer at (8,390) size 300x150
  RenderFlexibleBox {DIV} at (0,0) size 300x150
    RenderBlock {DIV} at (0,115) size 300x35
layer at (8,390) size 300x115
  RenderFlexibleBox {DIV} at (0,0) size 300x115
