layer at (0,0) size 800x600
  RenderView at (0,0) size 800x600
layer at (0,0) size 800x300
  RenderBlock {HTML} at (0,0) size 800x300
    RenderBody {BODY} at (8,16) size 784x268
      RenderBlock {P} at (0,0) size 784x16
        RenderText {#text} at (0,0) size 402x16
          text run at (0,0) width 402: "These images should all look the same, square not rectangular."
      RenderBlock {P} at (0,32) size 784x68
        RenderImage {IMG} at (0,0) size 64x64
      RenderBlock {P} at (0,116) size 784x68
        RenderImage {IMG} at (0,0) size 64x64
      RenderBlock {P} at (0,200) size 784x68
        RenderImage {IMG} at (0,0) size 64x64
