layer at (0,0) size 800x600
  RenderView at (0,0) size 800x600
layer at (0,0) size 800x600
  RenderBlock {HTML} at (0,0) size 800x600
    RenderBody {BODY} at (8,8) size 784x584
      RenderBlock {P} at (0,0) size 784x32
        RenderText {#text} at (0,0) size 260x16
          text run at (0,0) width 260: "This test checks for a regression against "
        RenderInline {I} at (0,0) size 757x32
          RenderInline {A} at (0,0) size 354x16 [color=#0000EE]
            RenderText {#text} at (259,0) size 354x16
              text run at (259,0) width 354: "http://bugzilla.opendarwin.org/show_bug.cgi?id=6276"
          RenderText {#text} at (612,0) size 757x32
            text run at (612,0) width 5: " "
            text run at (616,0) width 141: "Image thumbnails are"
            text run at (0,16) width 198: "misplaced on forum.2ostrov.ru"
        RenderText {#text} at (197,16) size 5x16
          text run at (197,16) width 5: "."
      RenderBlock {HR} at (0,48) size 784x2 [border: (1px inset #EEEEEE)]
      RenderBlock {P} at (0,66) size 784x16
        RenderText {#text} at (0,0) size 235x16
          text run at (0,0) width 235: "Box 1 and box 2 should be identical."
      RenderBlock (anonymous) at (0,98) size 784x16
        RenderText {#text} at (0,0) size 44x16
          text run at (0,0) width 44: "Box 1:"
      RenderBlock {DIV} at (0,114) size 67x80 [border: (1px solid #000000)]
        RenderBlock {DIV} at (6,6) size 40x20 [bgcolor=#0000FF]
        RenderText {#text} at (6,34) size 16x16
          text run at (6,34) width 16: "A "
        RenderBlock {DIV} at (21.55,26) size 35x20 [bgcolor=#FF0000]
        RenderText {#text} at (6,58) size 15x16
          text run at (6,58) width 15: "B "
        RenderBlock {DIV} at (20.67,50) size 20x20 [bgcolor=#008000]
        RenderText {#text} at (40,58) size 16x16
          text run at (40,58) width 16: " C"
      RenderBlock (anonymous) at (0,194) size 784x32
        RenderBR {BR} at (0,0) size 0x16
        RenderText {#text} at (0,16) size 44x16
          text run at (0,16) width 44: "Box 2:"
      RenderBlock {DIV} at (0,226) size 67x80 [border: (1px solid #000000)]
        RenderBlock {DIV} at (6,6) size 40x20 [bgcolor=#0000FF]
        RenderText {#text} at (6,34) size 16x16
          text run at (6,34) width 16: "A "
        RenderBlock {DIV} at (21.55,26) size 35x20 [bgcolor=#FF0000]
        RenderText {#text} at (6,58) size 15x16
          text run at (6,58) width 15: "B "
        RenderBlock {DIV} at (20.67,50) size 20x20 [bgcolor=#008000]
        RenderText {#text} at (40,58) size 16x16
          text run at (40,58) width 16: " C"
