layer at (0,0) size 800x600
  RenderView at (0,0) size 800x600
layer at (0,0) size 800x600
  RenderBlock {HTML} at (0,0) size 800x600
    RenderBody {BODY} at (8,8) size 784x584
      RenderBlock {P} at (0,0) size 784x32
        RenderText {#text} at (0,0) size 381x16
          text run at (0,0) width 381: "Tests selection painting on a transformed, replaced element"
        RenderBR {BR} at (380,12) size 1x0
        RenderInline {A} at (0,0) size 310x16 [color=#0000EE]
          RenderText {#text} at (0,16) size 310x16
            text run at (0,16) width 310: "https://bugs.webkit.org/show_bug.cgi?id=15739"
        RenderText {#text} at (0,0) size 0x0
      RenderBlock {P} at (0,48) size 784x16
        RenderText {#text} at (0,0) size 524x16
          text run at (0,0) width 524: "You should see a dark green square rotated 45\x{B0}. If you see any red, the test failed."
      RenderBlock {DIV} at (0,80) size 784x150
        RenderText {#text} at (0,0) size 0x0
layer at (58,138) size 100x100
  RenderImage {IMG} at (50,50) size 100x100 [bgcolor=#FF0000]
selection start: position 0 of child 1 {IMG} of child 4 {DIV} of body
selection end:   position 1 of child 1 {IMG} of child 4 {DIV} of body
