layer at (0,0) size 800x600
  RenderView at (0,0) size 800x600
layer at (0,0) size 800x600
  RenderBlock {HTML} at (0,0) size 800x600
    RenderBody {BODY} at (8,8) size 784x584
      RenderBlock (anonymous) at (0,0) size 784x16
        RenderText {#text} at (0,0) size 229x16
          text run at (0,0) width 229: "These textfields should not overlap."
      RenderTable {TABLE} at (0,16) size 784x23
        RenderTableSection {TBODY} at (0,0) size 784x23
          RenderTableRow {TR} at (0,1) size 784x21
            RenderTableCell {TD} at (1,1) size 10x21 [r=0 c=0 rs=1 cs=1]
              RenderTextControl {INPUT} at (1,1) size 8x19 [bgcolor=#FFFFFF] [border: (2px inset #EEEEEE)]
                RenderFlexibleBox {DIV} at (4,3) size 0x13
                  RenderBlock {DIV} at (0,6.50) size 5x0
                  RenderBlock {DIV} at (5,0) size 0x13
            RenderTableCell {TD} at (12,1) size 10x21 [r=0 c=1 rs=1 cs=1]
              RenderTextControl {INPUT} at (1,1) size 8x19 [bgcolor=#FFFFFF] [border: (2px inset #EEEEEE)]
                RenderFlexibleBox {DIV} at (4,3) size 0x13
                  RenderBlock {DIV} at (0,6.50) size 5x0
                  RenderBlock {DIV} at (5,0) size 0x13
            RenderTableCell {TD} at (23,1) size 10x21 [r=0 c=2 rs=1 cs=1]
              RenderTextControl {INPUT} at (1,1) size 8x19 [bgcolor=#FFFFFF] [border: (2px inset #EEEEEE)]
                RenderFlexibleBox {DIV} at (4,3) size 0x13
                  RenderBlock {DIV} at (0,6.50) size 5x0
                  RenderBlock {DIV} at (5,0) size 0x13
            RenderTableCell {TD} at (34,2) size 749x18 [r=0 c=3 rs=1 cs=1]
              RenderText {#text} at (1,1) size 4x16
                text run at (1,1) width 4: " "
      RenderBlock (anonymous) at (0,39) size 784x32
        RenderBR {BR} at (0,0) size 0x16
        RenderBR {BR} at (0,16) size 0x16
      RenderTable {TABLE} at (0,71) size 784x23
        RenderTableSection {TBODY} at (0,0) size 784x23
          RenderTableRow {TR} at (0,1) size 784x21
            RenderTableCell {TD} at (1,1) size 10x21 [r=0 c=0 rs=1 cs=1]
              RenderTextControl {INPUT} at (1,1) size 8x19 [bgcolor=#FFFFFF] [border: (2px inset #EEEEEE)]
                RenderFlexibleBox {DIV} at (4,3) size 0x13
                  RenderBlock {DIV} at (0,0) size 16x13
                  RenderBlock {DIV} at (16,0) size 0x13
            RenderTableCell {TD} at (12,1) size 10x21 [r=0 c=1 rs=1 cs=1]
              RenderTextControl {INPUT} at (1,1) size 8x19 [bgcolor=#FFFFFF] [border: (2px inset #EEEEEE)]
                RenderFlexibleBox {DIV} at (4,3) size 0x13
                  RenderBlock {DIV} at (0,0) size 16x13
                  RenderBlock {DIV} at (16,0) size 0x13
            RenderTableCell {TD} at (23,1) size 10x21 [r=0 c=2 rs=1 cs=1]
              RenderTextControl {INPUT} at (1,1) size 8x19 [bgcolor=#FFFFFF] [border: (2px inset #EEEEEE)]
                RenderFlexibleBox {DIV} at (4,3) size 0x13
                  RenderBlock {DIV} at (0,0) size 16x13
                  RenderBlock {DIV} at (16,0) size 0x13
            RenderTableCell {TD} at (34,2) size 749x18 [r=0 c=3 rs=1 cs=1]
              RenderText {#text} at (1,1) size 4x16
                text run at (1,1) width 4: " "
layer at (20,30) size 11x11 transparent
  RenderBlock {DIV} at (6,1) size 11x11
layer at (31,30) size 11x11 transparent
  RenderBlock {DIV} at (6,1) size 11x11
layer at (42,30) size 11x11 transparent
  RenderBlock {DIV} at (6,1) size 11x11
layer at (31,85) size 11x11 transparent
  RenderBlock {DIV} at (17,1) size 11x11
layer at (42,85) size 11x11 transparent
  RenderBlock {DIV} at (17,1) size 11x11
layer at (53,85) size 11x11 transparent
  RenderBlock {DIV} at (17,1) size 11x11
