layer at (0,0) size 800x600
  RenderView at (0,0) size 800x600
layer at (0,0) size 800x600
  RenderBlock {HTML} at (0,0) size 800x600
    RenderBody {BODY} at (8,8) size 784x584
      RenderBlock (anonymous) at (0,0) size 784x32
        RenderText {#text} at (0,0) size 777x32
          text run at (0,0) width 734: "The following elements behave differently in different browsers. Our current behavior will cause them to overlap, "
          text run at (733,0) width 44: "but we"
          text run at (0,16) width 241: "may need to change this in the future."
      RenderTable {TABLE} at (0,32) size 784x20
        RenderTableSection {TBODY} at (0,0) size 784x20
          RenderTableRow {TR} at (0,1) size 784x18
            RenderTableCell {TD} at (1,9) size 2x2 [r=0 c=0 rs=1 cs=1]
              RenderImage {IMG} at (1,1) size 0x0
            RenderTableCell {TD} at (4,9) size 2x2 [r=0 c=1 rs=1 cs=1]
              RenderImage {IMG} at (1,1) size 0x0
            RenderTableCell {TD} at (7,9) size 2x2 [r=0 c=2 rs=1 cs=1]
              RenderImage {IMG} at (1,1) size 0x0
            RenderTableCell {TD} at (10,1) size 773x18 [r=0 c=3 rs=1 cs=1]
              RenderText {#text} at (1,1) size 4x16
                text run at (1,1) width 4: " "
      RenderBlock (anonymous) at (0,52) size 784x32
        RenderBR {BR} at (0,0) size 0x16
        RenderBR {BR} at (0,16) size 0x16
      RenderTable {TABLE} at (0,84) size 784x279
        RenderTableSection {TBODY} at (0,0) size 784x279
          RenderTableRow {TR} at (0,1) size 784x277
            RenderTableCell {TD} at (1,1) size 216x277 [r=0 c=0 rs=1 cs=1]
              RenderImage {IMG} at (1,1) size 214x275
            RenderTableCell {TD} at (218,1) size 216x277 [r=0 c=1 rs=1 cs=1]
              RenderImage {IMG} at (1,1) size 214x275
            RenderTableCell {TD} at (435,1) size 216x277 [r=0 c=2 rs=1 cs=1]
              RenderImage {IMG} at (1,1) size 214x275
            RenderTableCell {TD} at (652,130) size 131x18 [r=0 c=3 rs=1 cs=1]
              RenderText {#text} at (1,1) size 4x16
                text run at (1,1) width 4: " "
