layer at (0,0) size 800x600
  RenderView at (0,0) size 800x600
layer at (0,0) size 800x600
  RenderBlock {HTML} at (0,0) size 800x600
    RenderBody {BODY} at (8,8) size 784x584
      RenderText {#text} at (0,0) size 494x19
        text run at (0,0) width 494: "This tests that we don't honor line-height for controls that have restricted font size. "
      RenderBR {BR} at (0,0) size 0x0
      RenderMenuList {SELECT} at (0,20) size 319x20 [bgcolor=#FFFFFF] [border: (1px solid #A9A9A9)]
        RenderBlock (anonymous) at (1,1) size 317x18
          RenderText at (4,1) size 294x16
            text run at (4,1) width 294: "This text should be centered vertically in the button"
      RenderText {#text} at (319,20) size 4x19
        text run at (319,20) width 4: " "
      RenderBR {BR} at (0,0) size 0x0
      RenderButton {INPUT} at (0,40) size 310x22 [bgcolor=#C0C0C0] [border: (2px outset #C0C0C0)]
        RenderBlock (anonymous) at (8,3) size 294x16
          RenderText {#text} at (0,0) size 294x16
            text run at (0,0) width 294: "This text should be centered vertically in the button"
      RenderText {#text} at (310,41) size 4x19
        text run at (310,41) width 4: " "
      RenderBR {BR} at (0,0) size 0x0
      RenderTextControl {INPUT} at (0,62) size 155x22 [bgcolor=#FFFFFF] [border: (2px inset #EEEEEE)]
        RenderFlexibleBox {DIV} at (3,3) size 149x16
          RenderBlock {DIV} at (0,2.50) size 1x11
          RenderBlock {DIV} at (1,0) size 135x16
      RenderText {#text} at (0,0) size 0x0
layer at (12,73) size 135x16 scrollWidth 295
  RenderBlock {DIV} at (0,0) size 135x16
    RenderText {#text} at (0,0) size 294x16
      text run at (0,0) width 294: "This text should be centered vertically in the button"
layer at (148,77) size 9x9 transparent
  RenderBlock {DIV} at (137,3.50) size 9x9
