layer at (0,0) size 785x1411
  RenderView at (0,0) size 785x600
layer at (0,0) size 785x1411
  RenderBlock {HTML} at (0,0) size 785x1410.75
    RenderBody {BODY} at (8,8) size 769x1387.75
      RenderBlock {P} at (0,0) size 769x20
        RenderText {#text} at (0,0) size 101x19
          text run at (0,0) width 101: "Legend align test"
      RenderFieldSet {FIELDSET} at (2,36) size 765x59.59 [border: (2px groove #C0C0C0)]
        RenderBlock {LEGEND} at (14,0) size 96x20
          RenderText {#text} at (2,0) size 92x19
            text run at (2,0) width 92: "My Legend left"
        RenderBlock (anonymous) at (14,25.59) size 737x22
          RenderTextControl {INPUT} at (0,0) size 153x22 [bgcolor=#FFFFFF] [border: (2px inset #EEEEEE)]
          RenderText {#text} at (0,0) size 0x0
      RenderFieldSet {FIELDSET} at (2,95.59) size 765x59.59 [border: (2px groove #C0C0C0)]
        RenderBlock {LEGEND} at (325,0) size 115x20
          RenderText {#text} at (2,0) size 111x19
            text run at (2,0) width 111: "My Legend center"
        RenderBlock (anonymous) at (14,25.59) size 737x22
          RenderTextControl {INPUT} at (0,0) size 153x22 [bgcolor=#FFFFFF] [border: (2px inset #EEEEEE)]
          RenderText {#text} at (0,0) size 0x0
      RenderFieldSet {FIELDSET} at (2,155.19) size 765x59.59 [border: (2px groove #C0C0C0)]
        RenderBlock {LEGEND} at (647,0) size 104x20
          RenderText {#text} at (2,0) size 100x19
            text run at (2,0) width 100: "My Legend right"
        RenderBlock (anonymous) at (14,25.59) size 737x22
          RenderTextControl {INPUT} at (0,0) size 153x22 [bgcolor=#FFFFFF] [border: (2px inset #EEEEEE)]
          RenderText {#text} at (0,0) size 0x0
      RenderFieldSet {FIELDSET} at (2,214.78) size 765x59.59 [border: (2px groove #C0C0C0)]
        RenderBlock {LEGEND} at (14,0) size 118x20
          RenderText {#text} at (2,0) size 114x19
            text run at (2,0) width 114: "My Legend default"
        RenderBlock (anonymous) at (14,25.59) size 737x22
          RenderTextControl {INPUT} at (0,0) size 153x22 [bgcolor=#FFFFFF] [border: (2px inset #EEEEEE)]
          RenderText {#text} at (0,0) size 0x0
      RenderBlock {HR} at (0,282.38) size 769x2 [border: (1px inset #EEEEEE)]
      RenderBlock {P} at (0,300.38) size 769x20
        RenderText {#text} at (0,0) size 137x19
          text run at (0,0) width 137: "Legend align test, RTL"
      RenderBlock (anonymous) at (0,336.38) size 769x0
        RenderInline {SPAN} at (0,0) size 0x0
          RenderText {#text} at (0,0) size 0x0
      RenderBlock (anonymous) at (0,336.38) size 769x238.38
        RenderFieldSet {FIELDSET} at (2,0) size 765x59.59 [border: (2px groove #C0C0C0)]
          RenderBlock {LEGEND} at (14,0) size 96x20
            RenderText {#text} at (2,0) size 92x19
              text run at (2,0) width 92: "My Legend left"
          RenderBlock (anonymous) at (14,25.59) size 737x22
            RenderTextControl {INPUT} at (584,0) size 153x22 [bgcolor=#FFFFFF] [border: (2px inset #EEEEEE)]
            RenderText {#text} at (0,0) size 0x0
        RenderFieldSet {FIELDSET} at (2,59.59) size 765x59.59 [border: (2px groove #C0C0C0)]
          RenderBlock {LEGEND} at (325,0) size 115x20
            RenderText {#text} at (2,0) size 111x19
              text run at (2,0) width 111: "My Legend center"
          RenderBlock (anonymous) at (14,25.59) size 737x22
            RenderTextControl {INPUT} at (584,0) size 153x22 [bgcolor=#FFFFFF] [border: (2px inset #EEEEEE)]
            RenderText {#text} at (0,0) size 0x0
        RenderFieldSet {FIELDSET} at (2,119.19) size 765x59.59 [border: (2px groove #C0C0C0)]
          RenderBlock {LEGEND} at (647,0) size 104x20
            RenderText {#text} at (2,0) size 100x19
              text run at (2,0) width 100: "My Legend right"
          RenderBlock (anonymous) at (14,25.59) size 737x22
            RenderTextControl {INPUT} at (584,0) size 153x22 [bgcolor=#FFFFFF] [border: (2px inset #EEEEEE)]
            RenderText {#text} at (0,0) size 0x0
        RenderFieldSet {FIELDSET} at (2,178.78) size 765x59.59 [border: (2px groove #C0C0C0)]
          RenderBlock {LEGEND} at (633,0) size 118x20
            RenderText {#text} at (2,0) size 114x19
              text run at (2,0) width 114: "My Legend default"
          RenderBlock (anonymous) at (14,25.59) size 737x22
            RenderTextControl {INPUT} at (584,0) size 153x22 [bgcolor=#FFFFFF] [border: (2px inset #EEEEEE)]
            RenderText {#text} at (0,0) size 0x0
      RenderBlock (anonymous) at (0,574.75) size 769x0
        RenderInline {SPAN} at (0,0) size 0x0
        RenderText {#text} at (0,0) size 0x0
      RenderBlock {HR} at (0,582.75) size 769x2 [border: (1px inset #EEEEEE)]
      RenderBlock {P} at (0,600.75) size 769x20
        RenderText {#text} at (0,0) size 252x19
          text run at (0,0) width 252: "Legend align test with margin and padding"
      RenderFieldSet {FIELDSET} at (15,636.75) size 739x74 [border: (2px groove #C0C0C0)]
        RenderBlock {LEGEND} at (17,0) size 96x20
          RenderText {#text} at (2,0) size 92x19
            text run at (2,0) width 92: "My Legend left"
        RenderBlock (anonymous) at (17,35) size 705x22
          RenderTextControl {INPUT} at (0,0) size 153x22 [bgcolor=#FFFFFF] [border: (2px inset #EEEEEE)]
          RenderText {#text} at (0,0) size 0x0
      RenderFieldSet {FIELDSET} at (15,725.75) size 739x74 [border: (2px groove #C0C0C0)]
        RenderBlock {LEGEND} at (312,0) size 115x20
          RenderText {#text} at (2,0) size 111x19
            text run at (2,0) width 111: "My Legend center"
        RenderBlock (anonymous) at (17,35) size 705x22
          RenderTextControl {INPUT} at (0,0) size 153x22 [bgcolor=#FFFFFF] [border: (2px inset #EEEEEE)]
          RenderText {#text} at (0,0) size 0x0
      RenderFieldSet {FIELDSET} at (15,814.75) size 739x74 [border: (2px groove #C0C0C0)]
        RenderBlock {LEGEND} at (618,0) size 104x20
          RenderText {#text} at (2,0) size 100x19
            text run at (2,0) width 100: "My Legend right"
        RenderBlock (anonymous) at (17,35) size 705x22
          RenderTextControl {INPUT} at (0,0) size 153x22 [bgcolor=#FFFFFF] [border: (2px inset #EEEEEE)]
          RenderText {#text} at (0,0) size 0x0
      RenderFieldSet {FIELDSET} at (15,903.75) size 739x74 [border: (2px groove #C0C0C0)]
        RenderBlock {LEGEND} at (17,0) size 118x20
          RenderText {#text} at (2,0) size 114x19
            text run at (2,0) width 114: "My Legend default"
        RenderBlock (anonymous) at (17,35) size 705x22
          RenderTextControl {INPUT} at (0,0) size 153x22 [bgcolor=#FFFFFF] [border: (2px inset #EEEEEE)]
          RenderText {#text} at (0,0) size 0x0
      RenderBlock {HR} at (0,992.75) size 769x2 [border: (1px inset #EEEEEE)]
      RenderBlock {P} at (0,1010.75) size 769x20
        RenderText {#text} at (0,0) size 288x19
          text run at (0,0) width 288: "Legend align test with margin and padding, RTL"
      RenderBlock (anonymous) at (0,1046.75) size 769x0
        RenderInline {SPAN} at (0,0) size 0x0
          RenderText {#text} at (0,0) size 0x0
      RenderBlock (anonymous) at (0,1046.75) size 769x341
        RenderFieldSet {FIELDSET} at (15,0) size 739x74 [border: (2px groove #C0C0C0)]
          RenderBlock {LEGEND} at (17,0) size 96x20
            RenderText {#text} at (2,0) size 92x19
              text run at (2,0) width 92: "My Legend left"
          RenderBlock (anonymous) at (17,35) size 705x22
            RenderTextControl {INPUT} at (552,0) size 153x22 [bgcolor=#FFFFFF] [border: (2px inset #EEEEEE)]
            RenderText {#text} at (0,0) size 0x0
        RenderFieldSet {FIELDSET} at (15,89) size 739x74 [border: (2px groove #C0C0C0)]
          RenderBlock {LEGEND} at (312,0) size 115x20
            RenderText {#text} at (2,0) size 111x19
              text run at (2,0) width 111: "My Legend center"
          RenderBlock (anonymous) at (17,35) size 705x22
            RenderTextControl {INPUT} at (552,0) size 153x22 [bgcolor=#FFFFFF] [border: (2px inset #EEEEEE)]
            RenderText {#text} at (0,0) size 0x0
        RenderFieldSet {FIELDSET} at (15,178) size 739x74 [border: (2px groove #C0C0C0)]
          RenderBlock {LEGEND} at (618,0) size 104x20
            RenderText {#text} at (2,0) size 100x19
              text run at (2,0) width 100: "My Legend right"
          RenderBlock (anonymous) at (17,35) size 705x22
            RenderTextControl {INPUT} at (552,0) size 153x22 [bgcolor=#FFFFFF] [border: (2px inset #EEEEEE)]
            RenderText {#text} at (0,0) size 0x0
        RenderFieldSet {FIELDSET} at (15,267) size 739x74 [border: (2px groove #C0C0C0)]
          RenderBlock {LEGEND} at (604,0) size 118x20
            RenderText {#text} at (2,0) size 114x19
              text run at (2,0) width 114: "My Legend default"
          RenderBlock (anonymous) at (17,35) size 705x22
            RenderTextControl {INPUT} at (552,0) size 153x22 [bgcolor=#FFFFFF] [border: (2px inset #EEEEEE)]
            RenderText {#text} at (0,0) size 0x0
      RenderBlock (anonymous) at (0,1402.75) size 769x0
        RenderInline {SPAN} at (0,0) size 0x0
        RenderText {#text} at (0,0) size 0x0
layer at (26,73) size 149x16
  RenderBlock {DIV} at (2,3) size 149x16
layer at (26,132) size 149x16
  RenderBlock {DIV} at (2,3) size 149x16
layer at (26,192) size 149x16
  RenderBlock {DIV} at (2,3) size 149x16
layer at (26,251) size 149x16
  RenderBlock {DIV} at (2,3) size 149x16
layer at (610,373) size 149x16
  RenderBlock {DIV} at (2,3) size 149x16
layer at (610,433) size 149x16
  RenderBlock {DIV} at (2,3) size 149x16
layer at (610,492) size 149x16
  RenderBlock {DIV} at (2,3) size 149x16
layer at (610,552) size 149x16
  RenderBlock {DIV} at (2,3) size 149x16
layer at (42,683) size 149x16
  RenderBlock {DIV} at (2,3) size 149x16
layer at (42,772) size 149x16
  RenderBlock {DIV} at (2,3) size 149x16
layer at (42,861) size 149x16
  RenderBlock {DIV} at (2,3) size 149x16
layer at (42,950) size 149x16
  RenderBlock {DIV} at (2,3) size 149x16
layer at (594,1093) size 149x16
  RenderBlock {DIV} at (2,3) size 149x16
layer at (594,1182) size 149x16
  RenderBlock {DIV} at (2,3) size 149x16
layer at (594,1271) size 149x16
  RenderBlock {DIV} at (2,3) size 149x16
layer at (594,1360) size 149x16
  RenderBlock {DIV} at (2,3) size 149x16
