layer at (0,0) size 800x600
  RenderView at (0,0) size 800x600
layer at (0,0) size 800x600
  RenderBlock {HTML} at (0,0) size 800x600
    RenderBody {BODY} at (8,8) size 784x584
      RenderText {#text} at (0,0) size 382x19
        text run at (0,0) width 382: "This tests that text can not be inserted into a readonly text field. "
      RenderBR {BR} at (382,15) size 0x0
      RenderTextControl {INPUT} at (0,20) size 153x22 [bgcolor=#FFFFFF] [border: (2px inset #EEEEEE)]
      RenderText {#text} at (0,0) size 0x0
layer at (10,31) size 149x16
  RenderBlock {DIV} at (2,3) size 149x16
    RenderText {#text} at (0,0) size 73x16
      text run at (0,0) width 73: "Test Passed"
caret: position 0 of child 0 {#text} of child 0 {DIV} of {#document-fragment} of child 2 {INPUT} of body
