layer at (0,0) size 800x600
  RenderView at (0,0) size 800x600
layer at (0,0) size 800x600
  RenderBlock {HTML} at (0,0) size 800x600
    RenderBody {BODY} at (8,8) size 784x584
      RenderBlock {P} at (0,0) size 784x20
        RenderText {#text} at (0,0) size 533x19
          text run at (0,0) width 533: "The following 5 inputs should be all be rendered exactly the same, aligned to the left side."
      RenderBlock (anonymous) at (0,36) size 784x88
        RenderTextControl {INPUT} at (0,0) size 153x22 [bgcolor=#FFFFFF] [border: (2px inset #EEEEEE)]
        RenderText {#text} at (153,1) size 4x19
          text run at (153,1) width 4: " "
        RenderBR {BR} at (0,0) size 0x0
        RenderTextControl {INPUT} at (0,22) size 153x22 [bgcolor=#FFFFFF] [border: (2px inset #EEEEEE)]
        RenderText {#text} at (153,23) size 4x19
          text run at (153,23) width 4: " "
        RenderBR {BR} at (0,0) size 0x0
        RenderTextControl {INPUT} at (0,44) size 153x22 [bgcolor=#FFFFFF] [border: (2px inset #EEEEEE)]
        RenderText {#text} at (153,45) size 4x19
          text run at (153,45) width 4: " "
        RenderBR {BR} at (0,0) size 0x0
        RenderTextControl {INPUT} at (0,66) size 153x22 [bgcolor=#FFFFFF] [border: (2px inset #EEEEEE)]
        RenderText {#text} at (153,67) size 4x19
          text run at (153,67) width 4: " "
        RenderBR {BR} at (0,0) size 0x0
      RenderBlock {DIV} at (0,124) size 784x22
        RenderTextControl {INPUT} at (0,0) size 153x22 [bgcolor=#FFFFFF] [border: (2px inset #EEEEEE)]
layer at (10,47) size 149x16
  RenderBlock {DIV} at (2,3) size 149x16
    RenderText {#text} at (0,0) size 106x16
      text run at (0,0) width 106: "The quick brown..."
layer at (10,69) size 149x16
  RenderBlock {DIV} at (2,3) size 149x16
    RenderText {#text} at (0,0) size 106x16
      text run at (0,0) width 106: "The quick brown..."
layer at (10,91) size 149x16
  RenderBlock {DIV} at (2,3) size 149x16
    RenderText {#text} at (0,0) size 106x16
      text run at (0,0) width 106: "The quick brown..."
layer at (10,113) size 149x16
  RenderBlock {DIV} at (2,3) size 149x16
    RenderText {#text} at (0,0) size 106x16
      text run at (0,0) width 106: "The quick brown..."
layer at (10,135) size 149x16
  RenderBlock {DIV} at (2,3) size 149x16
    RenderText {#text} at (0,0) size 106x16
      text run at (0,0) width 106: "The quick brown..."
