layer at (0,0) size 800x600
  RenderView at (0,0) size 800x600
layer at (0,0) size 800x600
  RenderBlock {HTML} at (0,0) size 800x600
    RenderBody {BODY} at (8,8) size 784x584
      RenderBlock {P} at (0,0) size 784x20
        RenderText {#text} at (0,0) size 367x19
          text run at (0,0) width 367: "Only the second search field should have a cancel button (\x{D7})."
      RenderBlock (anonymous) at (0,36) size 784x22
        RenderTextControl {INPUT} at (0,0) size 155x22 [bgcolor=#FFFFFF] [border: (2px inset #EEEEEE)]
          RenderFlexibleBox {DIV} at (3,3) size 149x16
            RenderBlock {DIV} at (0,2.50) size 1x11
            RenderBlock {DIV} at (1,0) size 135x16
        RenderText {#text} at (155,1) size 4x19
          text run at (155,1) width 4: " "
        RenderTextControl {INPUT} at (159,0) size 155x22 [bgcolor=#FFFFFF] [border: (2px inset #EEEEEE)]
          RenderFlexibleBox {DIV} at (3,3) size 149x16
            RenderBlock {DIV} at (0,2.50) size 1x11
            RenderBlock {DIV} at (1,0) size 135x16
            RenderBlock {DIV} at (137,3.50) size 9x9
        RenderText {#text} at (0,0) size 0x0
        RenderText {#text} at (0,0) size 0x0
layer at (12,47) size 135x16
  RenderBlock {DIV} at (0,0) size 135x16
layer at (171,47) size 135x16
  RenderBlock {DIV} at (0,0) size 135x16
    RenderText {#text} at (0,0) size 46x16
      text run at (0,0) width 46: "this one"
layer at (148,51) size 9x9 transparent
  RenderBlock {DIV} at (137,3.50) size 9x9
caret: position 0 of child 0 {#text} of child 0 {DIV} of child 1 {DIV} of child 0 {DIV} of {#document-fragment} of child 4 {INPUT} of body
