layer at (0,0) size 800x600
  RenderView at (0,0) size 800x600
layer at (0,0) size 800x600
  RenderBlock {HTML} at (0,0) size 800x600
    RenderBody {BODY} at (8,8) size 784x584
      RenderBlock {P} at (0,0) size 784x40
        RenderText {#text} at (0,0) size 51x19
          text run at (0,0) width 51: "Test for "
        RenderInline {I} at (0,0) size 744x39
          RenderInline {A} at (0,0) size 305x19 [color=#0000EE]
            RenderText {#text} at (51,0) size 305x19
              text run at (51,0) width 305: "http://bugs.webkit.org/show_bug.cgi?id=12986"
          RenderText {#text} at (356,0) size 744x39
            text run at (356,0) width 4: " "
            text run at (360,0) width 384: "REGRESSION(NativeListBox): Listboxes not updated when"
            text run at (0,20) width 125: "resized dynamically"
        RenderText {#text} at (125,20) size 4x19
          text run at (125,20) width 4: "."
      RenderBlock {P} at (0,56) size 784x20
        RenderText {#text} at (0,0) size 297x19
          text run at (0,0) width 297: "This list box should be tall enough to fit 6 options."
      RenderBlock (anonymous) at (0,92) size 784x104
        RenderText {#text} at (0,0) size 0x0
        RenderText {#text} at (0,0) size 0x0
layer at (8,100) size 53x104 clip at (9,101) size 36x102
  RenderListBox {SELECT} at (0,0) size 53x104 [bgcolor=#FFFFFF] [border: (1px solid #A9A9A9)]
    RenderBlock {OPTION} at (1,1) size 36x17
      RenderText {#text} at (2,0) size 24x16
        text run at (2,0) width 24: "One"
    RenderBlock {OPTION} at (1,18) size 36x17
      RenderText {#text} at (2,0) size 23x16
        text run at (2,0) width 23: "Two"
    RenderBlock {OPTION} at (1,35) size 36x17
      RenderText {#text} at (2,0) size 32x16
        text run at (2,0) width 32: "Three"
    RenderBlock {OPTION} at (1,52) size 36x17
      RenderText {#text} at (2,0) size 26x16
        text run at (2,0) width 26: "Four"
    RenderBlock {OPTION} at (1,69) size 36x17
      RenderText {#text} at (2,0) size 23x16
        text run at (2,0) width 23: "Five"
    RenderBlock {OPTION} at (1,86) size 36x17
      RenderText {#text} at (2,0) size 19x16
        text run at (2,0) width 19: "Six"
