layer at (0,0) size 800x600
  RenderView at (0,0) size 800x600
layer at (0,0) size 800x600
  RenderBlock {HTML} at (0,0) size 800x600
    RenderBody {BODY} at (8,8) size 784x584
      RenderBlock (anonymous) at (0,0) size 784x20
        RenderText {#text} at (0,0) size 515x19
          text run at (0,0) width 515: "This tests that backgrounds for list box items draw correctly when a list box is a block"
        RenderBR {BR} at (515,15) size 0x0
layer at (8,28) size 53x70 clip at (9,29) size 36x68
  RenderListBox {SELECT} at (0,20) size 53x70 [bgcolor=#FFFFFF] [border: (1px solid #A9A9A9)]
    RenderBlock {OPTION} at (1,1) size 36x17 [color=#FFFFFF] [bgcolor=#999999]
      RenderText {#text} at (2,0) size 32x16
        text run at (2,0) width 32: "Item1"
