layer at (0,0) size 800x600
  RenderView at (0,0) size 800x600
layer at (0,0) size 800x600
  RenderBlock {HTML} at (0,0) size 800x600
    RenderBody {BODY} at (8,8) size 784x584
      RenderBlock {P} at (0,0) size 784x40
        RenderText {#text} at (0,0) size 51x19
          text run at (0,0) width 51: "Test for "
        RenderInline {I} at (0,0) size 778x39
          RenderInline {A} at (0,0) size 305x19 [color=#0000EE]
            RenderText {#text} at (51,0) size 305x19
              text run at (51,0) width 305: "http://bugs.webkit.org/show_bug.cgi?id=12364"
          RenderText {#text} at (356,0) size 778x39
            text run at (356,0) width 4: " "
            text run at (360,0) width 418: "REGRESSSION (NativeListBox): Selected option's background is"
            text run at (0,20) width 163: "not clipped to the list box"
        RenderText {#text} at (163,20) size 4x19
          text run at (163,20) width 4: "."
      RenderBlock (anonymous) at (0,56) size 784x66
        RenderText {#text} at (0,0) size 0x0
        RenderText {#text} at (0,0) size 0x0
layer at (8,63) size 60x68 clip at (11,66) size 39x62 scrollHeight 74
  RenderListBox {SELECT} at (0,-0.75) size 60x67.75 [bgcolor=#FFFFFF] [border: (3px solid #0000FF)]
    RenderBlock {OPTION} at (6,6) size 33x17
      RenderText {#text} at (2,0) size 21x16
        text run at (2,0) width 21: "one"
    RenderBlock {OPTION} at (6,23) size 33x17
      RenderText {#text} at (2,0) size 20x16
        text run at (2,0) width 20: "two"
    RenderBlock {OPTION} at (6,40) size 33x17
      RenderText {#text} at (2,0) size 29x16
        text run at (2,0) width 29: "three"
    RenderBlock {OPTION} at (6,57) size 33x17 [bgcolor=#800080]
      RenderText {#text} at (2,0) size 21x16
        text run at (2,0) width 21: "four"
