layer at (0,0) size 800x600
  RenderView at (0,0) size 800x600
layer at (0,0) size 800x94
  RenderBlock {HTML} at (0,0) size 800x94
    RenderBody {BODY} at (8,16) size 784x70
      RenderBlock {P} at (0,0) size 784x20
        RenderText {#text} at (0,0) size 208x19
          text run at (0,0) width 208: "The background should be yellow."
      RenderBlock (anonymous) at (0,36) size 784x34
        RenderMenuList {SELECT} at (0,0) size 168x34 [bgcolor=#FAFFBD] [border: (1px solid #A9A9A9)]
          RenderBlock (anonymous) at (6,6.50) size 156x21
            RenderText at (4,1) size 23x18
              text run at (4,1) width 23: "CA"
        RenderText {#text} at (0,0) size 0x0
        RenderText {#text} at (0,0) size 0x0
