layer at (0,0) size 800x600
  RenderView at (0,0) size 800x600
layer at (0,0) size 800x600
  RenderBlock {HTML} at (0,0) size 800x600
    RenderBody {BODY} at (8,8) size 784x584
      RenderText {#text} at (0,0) size 315x19
        text run at (0,0) width 315: "This tests that you can set the placeholder text color."
      RenderBR {BR} at (315,15) size 0x0
      RenderText {#text} at (179,41) size 4x19
        text run at (179,41) width 4: " "
      RenderText {#text} at (362,41) size 4x19
        text run at (362,41) width 4: " "
      RenderText {#text} at (545,41) size 4x19
        text run at (545,41) width 4: " "
      RenderText {#text} at (0,0) size 0x0
layer at (8,28) size 179x36 clip at (9,29) size 177x34
  RenderTextControl {TEXTAREA} at (0,20) size 179x36 [bgcolor=#FFFFFF] [border: (1px solid #A9A9A9)]
    RenderBlock {DIV} at (3,3) size 175x16 [color=#640000]
      RenderText {#text} at (0,0) size 32x16
        text run at (0,0) width 32: "text"
    RenderBlock {DIV} at (3,3) size 175x16
layer at (191,28) size 179x36 clip at (192,29) size 177x34
  RenderTextControl {TEXTAREA} at (183,20) size 179x36 [color=#545454] [bgcolor=#EBEBE4] [border: (1px solid #A9A9A9)]
    RenderBlock {DIV} at (3,3) size 175x16 [color=#640000]
      RenderText {#text} at (0,0) size 104x16
        text run at (0,0) width 104: "disabled text"
    RenderBlock {DIV} at (3,3) size 175x16
layer at (374,28) size 179x36 clip at (375,29) size 177x34
  RenderTextControl {TEXTAREA} at (366,20) size 179x36 [bgcolor=#FFFFFF] [border: (1px solid #A9A9A9)]
    RenderBlock {DIV} at (3,3) size 175x16 [color=#A9A9A9]
      RenderText {#text} at (0,0) size 56x16
        text run at (0,0) width 56: "default"
    RenderBlock {DIV} at (3,3) size 175x16
layer at (557,28) size 179x36 clip at (558,29) size 177x34
  RenderTextControl {TEXTAREA} at (549,20) size 179x36 [color=#545454] [bgcolor=#EBEBE4] [border: (1px solid #A9A9A9)]
    RenderBlock {DIV} at (3,3) size 175x16 [color=#A9A9A9]
      RenderText {#text} at (0,0) size 128x16
        text run at (0,0) width 128: "default disabled"
    RenderBlock {DIV} at (3,3) size 175x16
