layer at (0,0) size 800x600
  RenderView at (0,0) size 800x600
layer at (0,0) size 800x600
  RenderBlock {HTML} at (0,0) size 800x600
    RenderBody {BODY} at (8,8) size 784x584
      RenderBlock (anonymous) at (0,0) size 784x141
        RenderText {#text} at (0,0) size 478x19
          text run at (0,0) width 478: "This tests that typing in a scrolled textarea does not cause unnecessary scrolling."
        RenderBR {BR} at (478,15) size 0x0
        RenderText {#text} at (179,121) size 4x19
          text run at (179,121) width 4: " "
        RenderBR {BR} at (183,136) size 0x0
      RenderBlock {DIV} at (0,141) size 784x0
layer at (8,28) size 179x116 clip at (9,29) size 162x114 scrollY 224.00 scrollHeight 338
  RenderTextControl {TEXTAREA} at (0,20) size 179x116 [bgcolor=#FFFFFF] [border: (1px solid #A9A9A9)]
    RenderBlock {DIV} at (3,3) size 160x336
      RenderText {#text} at (0,0) size 8x16
        text run at (0,0) width 8: "1"
      RenderBR {BR} at (8,12) size 0x0
      RenderText {#text} at (0,16) size 8x16
        text run at (0,16) width 8: "2"
      RenderBR {BR} at (8,28) size 0x0
      RenderText {#text} at (0,32) size 8x16
        text run at (0,32) width 8: "3"
      RenderBR {BR} at (8,44) size 0x0
      RenderText {#text} at (0,48) size 8x16
        text run at (0,48) width 8: "4"
      RenderBR {BR} at (8,60) size 0x0
      RenderText {#text} at (0,64) size 8x16
        text run at (0,64) width 8: "5"
      RenderBR {BR} at (8,76) size 0x0
      RenderText {#text} at (0,80) size 8x16
        text run at (0,80) width 8: "6"
      RenderBR {BR} at (8,92) size 0x0
      RenderText {#text} at (0,96) size 8x16
        text run at (0,96) width 8: "7"
      RenderBR {BR} at (8,108) size 0x0
      RenderText {#text} at (0,112) size 8x16
        text run at (0,112) width 8: "8"
      RenderBR {BR} at (8,124) size 0x0
      RenderText {#text} at (0,128) size 8x16
        text run at (0,128) width 8: "9"
      RenderBR {BR} at (8,140) size 0x0
      RenderText {#text} at (0,144) size 16x16
        text run at (0,144) width 16: "10"
      RenderBR {BR} at (16,156) size 0x0
      RenderText {#text} at (0,160) size 16x16
        text run at (0,160) width 16: "11"
      RenderBR {BR} at (16,172) size 0x0
      RenderText {#text} at (0,176) size 16x16
        text run at (0,176) width 16: "12"
      RenderBR {BR} at (16,188) size 0x0
      RenderText {#text} at (0,192) size 16x16
        text run at (0,192) width 16: "13"
      RenderBR {BR} at (16,204) size 0x0
      RenderText {#text} at (0,208) size 16x16
        text run at (0,208) width 16: "14"
      RenderBR {BR} at (16,220) size 0x0
      RenderText {#text} at (0,224) size 16x16
        text run at (0,224) width 16: "15"
      RenderBR {BR} at (16,236) size 0x0
      RenderText {#text} at (0,240) size 16x16
        text run at (0,240) width 16: "16"
      RenderBR {BR} at (16,252) size 0x0
      RenderText {#text} at (0,256) size 16x16
        text run at (0,256) width 16: "17"
      RenderBR {BR} at (16,268) size 0x0
      RenderText {#text} at (0,272) size 56x16
        text run at (0,272) width 56: "18 Pass"
      RenderBR {BR} at (56,284) size 0x0
      RenderText {#text} at (0,288) size 16x16
        text run at (0,288) width 16: "19"
      RenderBR {BR} at (16,300) size 0x0
      RenderText {#text} at (0,304) size 16x16
        text run at (0,304) width 16: "20"
      RenderBR {BR} at (16,316) size 0x0
      RenderBR {BR} at (0,320) size 0x16
caret: position 7 of child 34 {#text} of child 0 {DIV} of {#document-fragment} of child 3 {TEXTAREA} of body
