layer at (0,0) size 800x600
  RenderView at (0,0) size 800x600
layer at (0,0) size 800x354
  RenderBlock {HTML} at (0,0) size 800x354.44
    RenderBody {BODY} at (8,18.72) size 784x327.72
      RenderBlock {H3} at (0,0) size 784x23
        RenderText {#text} at (0,0) size 92x22
          text run at (0,0) width 92: "It passes if:"
      RenderBlock {UL} at (0,41.72) size 784x40
        RenderListItem {LI} at (40,0) size 744x20
          RenderListMarker at (-18,0) size 7x19: bullet
          RenderText {#text} at (0,0) size 389x19
            text run at (0,0) width 389: "the video content has rounded corners (top left and bottom right)"
        RenderListItem {LI} at (40,20) size 744x20
          RenderListMarker at (-18,0) size 7x19: bullet
          RenderText {#text} at (0,0) size 451x19
            text run at (0,0) width 451: "the remaining space is gray and has same rounded corners as video content"
      RenderBlock (anonymous) at (0,97.72) size 784x230
        RenderText {#text} at (0,0) size 0x0
layer at (8,116) size 500x225
  RenderVideo {VIDEO} at (0,0) size 500x225 [bgcolor=#808080]
