layer at (0,0) size 800x600
  RenderView at (0,0) size 800x600
layer at (0,0) size 800x112
  RenderBlock {HTML} at (0,0) size 800x112
    RenderBody {BODY} at (8,16) size 784x80
      RenderBlock {P} at (0,0) size 784x16
        RenderText {#text} at (0,0) size 295x16
          text run at (0,0) width 295: "The following paragraphs should be identical:"
      RenderBlock {P} at (0,32) size 784x16
        RenderText {#text} at (0,0) size 199x16
          text run at (0,0) width 199: "This should be in a bold font."
      RenderBlock {P} at (0,64) size 784x16
        RenderText {#text} at (0,0) size 199x16
          text run at (0,0) width 199: "This should be in a bold font."
