layer at (0,0) size 800x600
  RenderView at (0,0) size 800x600
layer at (0,0) size 800x144
  RenderBlock {HTML} at (0,0) size 800x144
    RenderBody {BODY} at (8,16) size 784x112
      RenderBlock {P} at (0,0) size 784x16
        RenderText {#text} at (0,0) size 344x16
          text run at (0,0) width 344: "The following three paragraphs should look identical:"
      RenderBlock {P} at (0,32) size 784x16
        RenderText {#text} at (0,0) size 153x16
          text run at (0,0) width 153: "This is a test paragraph."
      RenderBlock {P} at (0,64) size 784x16
        RenderInline {<pseudo:before>} at (0,0) size 33x16
          RenderTextFragment at (0,0) size 33x16
            text run at (0,0) width 33: "This "
        RenderText {#text} at (32,0) size 121x16
          text run at (32,0) width 121: "is a test paragraph."
      RenderBlock {P} at (0,96) size 784x16
        RenderInline {<pseudo:before>} at (0,0) size 33x16
          RenderTextFragment at (0,0) size 33x16
            text run at (0,0) width 33: "This "
        RenderText {#text} at (32,0) size 121x16
          text run at (32,0) width 121: "is a test paragraph."
