layer at (0,0) size 800x600
  RenderView at (0,0) size 800x600
layer at (0,0) size 800x124
  RenderBlock {HTML} at (0,0) size 800x124
    RenderBody {BODY} at (8,16) size 784x92
      RenderBlock {P} at (0,0) size 784x16
        RenderText {#text} at (0,0) size 302x16
          text run at (0,0) width 302: "The next two paragraphs should look identical:"
      RenderBlock {P} at (0,32) size 166x22 [border: (3px solid #000000)]
        RenderText {#text} at (3,3) size 32x16
          text run at (3,3) width 32: "Test."
      RenderBlock {P} at (0,70) size 166x22 [border: (3px solid #000000)]
        RenderText {#text} at (3,3) size 32x16
          text run at (3,3) width 32: "Test."
