layer at (0,0) size 800x600
  RenderView at (0,0) size 800x600
layer at (0,0) size 800x104
  RenderBlock {HTML} at (0,0) size 800x104
    RenderBody {BODY} at (8,16) size 784x80 [color=#0000FF]
      RenderBlock {P} at (0,0) size 784x16
        RenderText {#text} at (0,0) size 663x16
          text run at (0,0) width 663: "There should be three solid bars of colour below, each longer than the last, each of the colour specified."
      RenderBlock {DIV} at (0,32) size 784x16
        RenderText {#text} at (0,0) size 39x16
          text run at (0,0) width 39: "Blue: "
        RenderInline {SPAN} at (0,0) size 16x15
          RenderText {#text} at (38,1) size 16x15
            text run at (38,1) width 16: "X"
        RenderInline {SPAN} at (0,0) size 16x15
          RenderText {#text} at (53,1) size 16x15
            text run at (53,1) width 16: "X"
        RenderImage {IMG} at (68.66,1) size 15x15 [color=#FF0000]
        RenderText {#text} at (0,0) size 0x0
      RenderBlock {DIV} at (0,48) size 784x16
        RenderText {#text} at (0,0) size 56x16
          text run at (0,0) width 56: "Orange: "
        RenderInline {SPAN} at (0,0) size 16x15 [color=#FFA500]
          RenderText {#text} at (55,1) size 16x15
            text run at (55,1) width 16: "X"
        RenderInline {SPAN} at (0,0) size 16x15 [color=#FFA500]
          RenderText {#text} at (70,1) size 16x15
            text run at (70,1) width 16: "X"
        RenderInline {SPAN} at (0,0) size 16x15 [color=#FFA500]
          RenderText {#text} at (85,1) size 16x15
            text run at (85,1) width 16: "X"
        RenderInline {SPAN} at (0,0) size 16x15 [color=#FFA500]
          RenderText {#text} at (100,1) size 16x15
            text run at (100,1) width 16: "X"
        RenderImage {IMG} at (115.53,1) size 15x15 [color=#FF0000]
        RenderText {#text} at (0,0) size 0x0
      RenderBlock {DIV} at (0,64) size 784x16
        RenderText {#text} at (0,0) size 43x16
          text run at (0,0) width 43: "Lime: "
        RenderInline {SPAN} at (0,0) size 16x15 [color=#00FF00]
          RenderText {#text} at (42,1) size 16x15
            text run at (42,1) width 16: "X"
        RenderInline {SPAN} at (0,0) size 16x15 [color=#00FF00]
          RenderText {#text} at (57,1) size 16x15
            text run at (57,1) width 16: "X"
        RenderInline {SPAN} at (0,0) size 16x15 [color=#00FF00]
          RenderText {#text} at (72,1) size 16x15
            text run at (72,1) width 16: "X"
        RenderInline {SPAN} at (0,0) size 16x15 [color=#00FF00]
          RenderText {#text} at (87,1) size 16x15
            text run at (87,1) width 16: "X"
        RenderInline {SPAN} at (0,0) size 16x15 [color=#00FF00]
          RenderText {#text} at (102,1) size 16x15
            text run at (102,1) width 16: "X"
        RenderInline {SPAN} at (0,0) size 16x15 [color=#00FF00]
          RenderText {#text} at (117,1) size 16x15
            text run at (117,1) width 16: "X"
        RenderInline {SPAN} at (0,0) size 16x15 [color=#00FF00]
          RenderText {#text} at (132,1) size 16x15
            text run at (132,1) width 16: "X"
        RenderInline {SPAN} at (0,0) size 16x15 [color=#00FF00]
          RenderText {#text} at (147,1) size 16x15
            text run at (147,1) width 16: "X"
        RenderInline {SPAN} at (0,0) size 16x15 [color=#00FF00]
          RenderText {#text} at (162,1) size 16x15
            text run at (162,1) width 16: "X"
        RenderInline {SPAN} at (0,0) size 16x15 [color=#00FF00]
          RenderText {#text} at (177,1) size 16x15
            text run at (177,1) width 16: "X"
        RenderInline {SPAN} at (0,0) size 16x15 [color=#00FF00]
          RenderText {#text} at (192,1) size 16x15
            text run at (192,1) width 16: "X"
        RenderInline {SPAN} at (0,0) size 16x15 [color=#00FF00]
          RenderText {#text} at (207,1) size 16x15
            text run at (207,1) width 16: "X"
        RenderImage {IMG} at (222.20,1) size 15x15 [color=#FF0000]
        RenderText {#text} at (0,0) size 0x0
