layer at (0,0) size 800x600
  RenderView at (0,0) size 800x600
layer at (0,0) size 800x205
  RenderBlock {HTML} at (0,0) size 800x205
    RenderBody {BODY} at (8,16) size 784x173 [color=#FF0000]
      RenderBlock {P} at (0,0) size 784x16 [color=#008000]
        RenderText {#text} at (0,0) size 197x16
          text run at (0,0) width 197: "This sentence should be green."
      RenderBlock {DIV} at (0,32) size 784x16 [color=#008000]
        RenderBlock {P} at (0,0) size 784x16
          RenderText {#text} at (0,0) size 197x16
            text run at (0,0) width 197: "This sentence should be green."
      RenderBlock {P} at (0,64) size 784x16 [color=#008000]
        RenderText {#text} at (0,0) size 197x16
          text run at (0,0) width 197: "This sentence should be green."
      RenderBlock {P} at (0,96) size 784x16 [color=#008000]
        RenderText {#text} at (0,0) size 197x16
          text run at (0,0) width 197: "This sentence should be green."
      RenderBlock {DIV} at (0,128) size 784x13 [color=#008000]
        RenderBlock {PRE} at (0,0) size 784x13
          RenderText {#text} at (0,0) size 235x13
            text run at (0,0) width 235: "This sentence should be green."
      RenderBlock {DIV} at (0,157) size 784x16 [color=#008000]
        RenderBlock {UL} at (0,0) size 784x16
          RenderListItem {LI} at (40,0) size 744x16
            RenderListMarker at (-16,0) size 6x16: bullet
            RenderText {#text} at (0,0) size 197x16
              text run at (0,0) width 197: "This sentence should be green."
