layer at (0,0) size 800x600
  RenderView at (0,0) size 800x600
layer at (0,0) size 800x109
  RenderBlock {HTML} at (0,0) size 800x109
    RenderBody {BODY} at (8,16) size 784x77 [color=#008000]
      RenderBlock {P} at (0,0) size 784x16 [color=#FF0000]
        RenderInline {SPAN} at (0,0) size 166x16 [color=#008000]
          RenderText {#text} at (0,0) size 166x16
            text run at (0,0) width 166: "This line should be green."
        RenderText {#text} at (0,0) size 0x0
      RenderBlock {PRE} at (0,32) size 784x13
        RenderText {#text} at (0,0) size 219x13
          text run at (0,0) width 219: " This line should be green. "
      RenderBlock {UL} at (0,61) size 784x16
        RenderListItem {LI} at (40,0) size 744x16
          RenderListMarker at (-16,0) size 6x16: bullet
          RenderText {#text} at (0,0) size 166x16
            text run at (0,0) width 166: "This line should be green."
