layer at (0,0) size 800x600
  RenderView at (0,0) size 800x600
layer at (0,0) size 800x384
  RenderBlock {HTML} at (0,0) size 800x384
    RenderBody {BODY} at (8,16) size 784x352 [color=#0000FF]
      RenderBlock {P} at (0,0) size 784x96
        RenderText {#text} at (0,0) size 29x16
          text run at (0,0) width 29: "The "
        RenderInline {STRONG} at (0,0) size 59x16
          RenderText {#text} at (28,0) size 59x16
            text run at (28,0) width 59: "first line"
        RenderText {#text} at (86,0) size 306x16
          text run at (86,0) width 209: " of this paragraph, and only that "
          text run at (294,0) width 98: "one, should be "
        RenderInline {STRONG} at (0,0) size 39x16
          RenderText {#text} at (391,0) size 39x16
            text run at (391,0) width 39: "green"
        RenderText {#text} at (429,0) size 779x96
          text run at (429,0) width 184: ". If this precise combination "
          text run at (612,0) width 153: "does not occur, then the"
          text run at (0,16) width 267: "user agent has failed this test. Remember "
          text run at (266,16) width 395: "that in order to ensure a complete test, the paragraph must be "
          text run at (660,16) width 119: "displayed on more"
          text run at (0,32) width 324: "than one line. Dummy text. Dummy text. Dummy "
          text run at (323,32) width 440: "text. Dummy text. Dummy text. Dummy text. Dummy text. Dummy"
          text run at (0,48) width 32: "text. "
          text run at (31,48) width 500: "Dummy text. Dummy text. Dummy text. Dummy text. Dummy text. Dummy "
          text run at (530,48) width 206: "text. Dummy text. Dummy text."
          text run at (0,64) width 266: "Dummy text. Dummy text. Dummy text. "
          text run at (265,64) width 495: "Dummy text. Dummy text. Dummy text. Dummy text. Dummy text. Dummy"
          text run at (0,80) width 294: "text. Dummy text. Dummy text. Dummy text."
      RenderBlock {P} at (0,112) size 784x128
        RenderText {#text} at (0,0) size 58x32
          text run at (0,0) width 58: "The "
        RenderInline {STRONG} at (0,0) size 116x32
          RenderText {#text} at (57,0) size 116x32
            text run at (57,0) width 116: "first line"
        RenderText {#text} at (172,0) size 775x48
          text run at (172,0) width 417: " of this paragraph, and only that "
          text run at (588,0) width 187: "one, should be"
          text run at (0,32) width 12: "a "
        RenderInline {STRONG} at (0,0) size 42x16
          RenderText {#text} at (11,32) size 42x16
            text run at (11,32) width 42: "larger"
        RenderText {#text} at (52,32) size 130x16
          text run at (52,32) width 130: " font size as well as "
        RenderInline {STRONG} at (0,0) size 39x16
          RenderText {#text} at (181,32) size 39x16
            text run at (181,32) width 39: "green"
        RenderText {#text} at (219,32) size 766x96
          text run at (219,32) width 286: ". If this precise combination does not occur, "
          text run at (504,32) width 244: "then the user agent has failed this test."
          text run at (0,48) width 173: "Remember that in order to "
          text run at (172,48) width 419: "ensure a complete test, the paragraph must be displayed on more "
          text run at (590,48) width 176: "than one line. Dummy text."
          text run at (0,64) width 266: "Dummy text. Dummy text. Dummy text. "
          text run at (265,64) width 495: "Dummy text. Dummy text. Dummy text. Dummy text. Dummy text. Dummy"
          text run at (0,80) width 475: "text. Dummy text. Dummy text. Dummy text. Dummy text. Dummy text. "
          text run at (474,80) width 262: "Dummy text. Dummy text. Dummy text."
          text run at (0,96) width 234: "Dummy text. Dummy text. Dummy "
          text run at (233,96) width 475: "text. Dummy text. Dummy text. Dummy text. Dummy text. Dummy text. "
          text run at (707,96) width 53: "Dummy"
          text run at (0,112) width 117: "text. Dummy text."
      RenderBlock {P} at (0,256) size 784x96
        RenderText {#text} at (0,0) size 29x16
          text run at (0,0) width 29: "The "
        RenderInline {STRONG} at (0,0) size 64x16
          RenderText {#text} at (28,0) size 64x16
            text run at (28,0) width 64: "first line"
        RenderText {#text} at (91,0) size 400x16
          text run at (91,0) width 222: " of this paragraph, and only that "
          text run at (312,0) width 179: "one, should be displayed in "
        RenderInline {STRONG} at (0,0) size 74x16
          RenderText {#text} at (490,0) size 74x16
            text run at (490,0) width 74: "small-caps"
        RenderText {#text} at (563,0) size 114x16
          text run at (563,0) width 62: " style as "
          text run at (624,0) width 53: "well as "
        RenderInline {STRONG} at (0,0) size 40x16
          RenderText {#text} at (676,0) size 40x16
            text run at (676,0) width 40: "green"
        RenderText {#text} at (715,0) size 778x96
          text run at (715,0) width 59: ". Thus, if"
          text run at (0,16) width 137: "the first line is not in "
          text run at (136,16) width 352: "small-caps style, or if the entire paragraph turns out in "
          text run at (487,16) width 291: "small-caps, then the user agent has failed this"
          text run at (0,32) width 119: "test. Dummy text. "
          text run at (118,32) width 500: "Dummy text. Dummy text. Dummy text. Dummy text. Dummy text. Dummy "
          text run at (617,32) width 117: "text. Dummy text."
          text run at (0,48) width 354: "Dummy text. Dummy text. Dummy text. Dummy text. "
          text run at (353,48) width 407: "Dummy text. Dummy text. Dummy text. Dummy text. Dummy"
          text run at (0,64) width 89: "text. Dummy "
          text run at (88,64) width 475: "text. Dummy text. Dummy text. Dummy text. Dummy text. Dummy text. "
          text run at (562,64) width 174: "Dummy text. Dummy text."
          text run at (0,80) width 262: "Dummy text. Dummy text. Dummy text."
