layer at (0,0) size 800x600
  RenderView at (0,0) size 800x600
layer at (0,0) size 800x232
  RenderBlock {HTML} at (0,0) size 800x232
    RenderBody {BODY} at (8,16) size 784x200 [color=#0000FF]
      RenderBlock {P} at (0,0) size 784x32
        RenderInline (generated) at (0,0) size 10x16 [color=#008000]
          RenderTextFragment {#text} at (0,0) size 10x16
            text run at (0,0) width 10: "T"
        RenderTextFragment {#text} at (9,0) size 20x16
          text run at (9,0) width 20: "he "
        RenderInline {STRONG} at (0,0) size 70x16
          RenderText {#text} at (28,0) size 70x16
            text run at (28,0) width 70: "first letter"
        RenderText {#text} at (97,0) size 306x16
          text run at (97,0) width 209: " of this paragraph, and only that "
          text run at (305,0) width 98: "one, should be "
        RenderInline {STRONG} at (0,0) size 39x16
          RenderText {#text} at (402,0) size 39x16
            text run at (402,0) width 39: "green"
        RenderText {#text} at (440,0) size 777x32
          text run at (440,0) width 184: ". If this precise combination "
          text run at (623,0) width 154: "does not occur, then the"
          text run at (0,16) width 189: "user agent has failed this test."
      RenderBlock {P} at (0,48) size 784x48
        RenderInline (generated) at (0,0) size 20x32 [color=#008000]
          RenderTextFragment {#text} at (0,0) size 20x32
            text run at (0,0) width 20: "T"
        RenderTextFragment {#text} at (19,12) size 20x16
          text run at (19,12) width 20: "he "
        RenderInline {STRONG} at (0,0) size 70x16
          RenderText {#text} at (38,12) size 70x16
            text run at (38,12) width 70: "first letter"
        RenderText {#text} at (107,12) size 333x16
          text run at (107,12) width 209: " of this paragraph, and only that "
          text run at (315,12) width 125: "one, should be in a "
        RenderInline {STRONG} at (0,0) size 43x16
          RenderText {#text} at (439,12) size 43x16
            text run at (439,12) width 43: "larger"
        RenderText {#text} at (481,12) size 134x16
          text run at (481,12) width 134: " font size, as well as "
        RenderInline {STRONG} at (0,0) size 39x16
          RenderText {#text} at (614,12) size 39x16
            text run at (614,12) width 39: "green"
        RenderText {#text} at (652,12) size 748x36
          text run at (652,12) width 96: ". If this precise"
          text run at (0,32) width 186: "combination does not occur, "
          text run at (185,32) width 244: "then the user agent has failed this test."
      RenderBlock {P} at (0,112) size 784x88
        RenderInline (generated) at (0,0) size 58x56 [color=#008000]
          RenderTextFragment {#text} at (0,0) size 58x56
            text run at (0,0) width 58: "\"T"
        RenderTextFragment {#text} at (57,30) size 20x16
          text run at (57,30) width 20: "he "
        RenderInline {STRONG} at (0,0) size 134x16
          RenderText {#text} at (76,30) size 134x16
            text run at (76,30) width 134: "first two characters"
        RenderText {#text} at (209,30) size 461x16
          text run at (209,30) width 133: " in this paragraph (a "
          text run at (341,30) width 329: "double-quote mark and a capital 'T') should be in a "
        RenderInline {STRONG} at (0,0) size 85x16
          RenderText {#text} at (669,30) size 85x16
            text run at (669,30) width 43: "much "
            text run at (711,30) width 43: "larger"
        RenderText {#text} at (753,30) size 784x42
          text run at (753,30) width 31: " font"
          text run at (0,56) width 252: "size than the rest of the paragraph, and "
        RenderInline {STRONG} at (0,0) size 39x16
          RenderText {#text} at (251,56) size 39x16
            text run at (251,56) width 39: "green"
        RenderText {#text} at (289,56) size 760x32
          text run at (289,56) width 285: ". If this precise combination does not occur, "
          text run at (573,56) width 187: "then the user agent has failed"
          text run at (0,72) width 54: "this test."
