layer at (0,0) size 800x600
  RenderView at (0,0) size 800x600
layer at (0,0) size 800x408
  RenderBlock {HTML} at (0,0) size 800x408
    RenderBody {BODY} at (8,16) size 784x384 [color=#0000FF]
      RenderBlock {P} at (0,0) size 784x208
        RenderInline (generated) at (0,0) size 88x144 [color=#00FFFF]
          RenderTextFragment {#text} at (0,0) size 88x144
            text run at (0,0) width 88: "T"
        RenderTextFragment {#text} at (87,72) size 59x48
          text run at (87,72) width 59: "he "
        RenderInline {STRONG} at (0,0) size 207x48
          RenderText {#text} at (145,72) size 207x48
            text run at (145,72) width 207: "first letter"
        RenderText {#text} at (351,72) size 783x88
          text run at (351,72) width 432: " of this paragraph, and"
          text run at (0,144) width 61: "only that "
          text run at (60,144) width 98: "one, should be "
        RenderInline {STRONG} at (0,0) size 88x16
          RenderText {#text} at (157,144) size 88x16
            text run at (157,144) width 88: "600% bigger"
        RenderText {#text} at (244,144) size 527x16
          text run at (244,144) width 138: " than the normal text "
          text run at (381,144) width 390: "(300% bigger than the rest of first line of this paragraph) and"
        RenderInline {STRONG} at (0,0) size 34x16
          RenderText {#text} at (0,160) size 34x16
            text run at (0,160) width 34: "aqua"
        RenderText {#text} at (33,160) size 113x16
          text run at (33,160) width 113: ", while the entire "
        RenderInline {STRONG} at (0,0) size 58x16
          RenderText {#text} at (145,160) size 58x16
            text run at (145,160) width 58: "first line"
        RenderText {#text} at (202,160) size 71x16
          text run at (202,160) width 5: " "
          text run at (206,160) width 67: "should be "
        RenderInline {STRONG} at (0,0) size 88x16
          RenderText {#text} at (272,160) size 88x16
            text run at (272,160) width 88: "300% bigger"
        RenderText {#text} at (359,160) size 113x16
          text run at (359,160) width 113: " than normal and "
        RenderInline {STRONG} at (0,0) size 26x16
          RenderText {#text} at (471,160) size 26x16
            text run at (471,160) width 26: "teal"
        RenderText {#text} at (496,160) size 778x48
          text run at (496,160) width 282: ". If this precise combination does not occur,"
          text run at (0,176) width 421: "then the user agent has failed this test. Remember that in order to "
          text run at (420,176) width 358: "ensure a complete test, the paragraph must be displayed"
          text run at (0,192) width 57: "on more "
          text run at (56,192) width 149: "than one line. (TEST1)"
      RenderBlock {P} at (0,224) size 784x64
        RenderInline (generated) at (0,0) size 33x32 [color=#00FFFF]
          RenderTextFragment {#text} at (0,0) size 33x32
            text run at (0,0) width 33: "\"T"
        RenderTextFragment {#text} at (32,12) size 98x16
          text run at (32,12) width 98: "est\": The first "
        RenderInline {STRONG} at (0,0) size 109x16
          RenderText {#text} at (129,12) size 109x16
            text run at (129,12) width 109: "two characters"
        RenderText {#text} at (237,12) size 447x16
          text run at (237,12) width 120: " in this paragraph "
          text run at (356,12) width 328: "(a double-quote mark and a capital 'T') should be "
        RenderInline {STRONG} at (0,0) size 89x16
          RenderText {#text} at (683,12) size 89x16
            text run at (683,12) width 45: "200% "
            text run at (727,12) width 45: "bigger"
        RenderText {#text} at (0,32) size 223x16
          text run at (0,32) width 223: "than the rest of the paragraph, and "
        RenderInline {STRONG} at (0,0) size 34x16
          RenderText {#text} at (222,32) size 34x16
            text run at (222,32) width 34: "aqua"
        RenderText {#text} at (255,32) size 151x16
          text run at (255,32) width 151: ". In addition, the entire "
        RenderInline {STRONG} at (0,0) size 58x16
          RenderText {#text} at (405,32) size 58x16
            text run at (405,32) width 34: "first "
            text run at (438,32) width 25: "line"
        RenderText {#text} at (462,32) size 99x16
          text run at (462,32) width 99: " should be in a "
        RenderInline {STRONG} at (0,0) size 163x16
          RenderText {#text} at (560,32) size 163x16
            text run at (560,32) width 138: "small-caps font and "
            text run at (697,32) width 26: "teal"
        RenderText {#text} at (722,32) size 738x32
          text run at (722,32) width 5: "."
          text run at (0,48) width 323: "Remember that in order to ensure a complete test, "
          text run at (322,48) width 416: "the paragraph must be displayed on more than one line. (TEST2)"
      RenderBlock {P} at (0,304) size 784x48
        RenderInline (generated) at (0,0) size 10x16 [color=#00FFFF]
          RenderTextFragment {#text} at (0,0) size 10x16
            text run at (0,0) width 10: "T"
        RenderTextFragment {#text} at (9,0) size 20x16
          text run at (9,0) width 20: "he "
        RenderInline {STRONG} at (0,0) size 70x16
          RenderText {#text} at (28,0) size 70x16
            text run at (28,0) width 70: "first letter"
        RenderText {#text} at (97,0) size 306x16
          text run at (97,0) width 209: " of this paragraph, and only that "
          text run at (305,0) width 98: "one, should be "
        RenderInline {STRONG} at (0,0) size 35x16
          RenderText {#text} at (402,0) size 35x16
            text run at (402,0) width 35: "aqua"
        RenderText {#text} at (436,0) size 112x16
          text run at (436,0) width 112: ", while the entire "
        RenderInline {STRONG} at (0,0) size 59x16
          RenderText {#text} at (547,0) size 59x16
            text run at (547,0) width 59: "first line"
        RenderText {#text} at (605,0) size 70x16
          text run at (605,0) width 70: " should be "
        RenderInline {STRONG} at (0,0) size 26x16
          RenderText {#text} at (674,0) size 26x16
            text run at (674,0) width 26: "teal"
        RenderText {#text} at (699,0) size 771x48
          text run at (699,0) width 24: ". If "
          text run at (722,0) width 24: "this"
          text run at (0,16) width 385: "precise combination does not occur, then the user agent has "
          text run at (384,16) width 387: "failed this test. Remember that in order to ensure a complete"
          text run at (0,32) width 31: "test, "
          text run at (30,32) width 416: "the paragraph must be displayed on more than one line. (TEST3)"
      RenderBlock {DIV} at (0,368) size 784x16
        RenderText {#text} at (0,0) size 170x16
          text run at (0,0) width 170: "You should see the words "
        RenderInline {STRONG} at (0,0) size 67x16
          RenderText {#text} at (169,0) size 67x16
            text run at (169,0) width 67: "\"TEST1\""
        RenderText {#text} at (235,0) size 9x16
          text run at (235,0) width 9: ", "
        RenderInline {STRONG} at (0,0) size 68x16
          RenderText {#text} at (243,0) size 68x16
            text run at (243,0) width 68: "\"TEST2\""
        RenderText {#text} at (310,0) size 36x16
          text run at (310,0) width 36: ", and "
        RenderInline {STRONG} at (0,0) size 68x16
          RenderText {#text} at (345,0) size 68x16
            text run at (345,0) width 68: "\"TEST3\""
        RenderText {#text} at (412,0) size 241x16
          text run at (412,0) width 88: " at the end of "
          text run at (499,0) width 154: "three paragraphs above."
