layer at (0,0) size 800x600
  RenderView at (0,0) size 800x600
layer at (0,0) size 800x104
  RenderBlock {HTML} at (0,0) size 800x104
    RenderBody {BODY} at (8,8) size 784x80
      RenderBlock {DIV} at (0,0) size 784x16
        RenderText {#text} at (0,0) size 258x16
          text run at (0,0) width 258: "There should be two lines of text below."
      RenderBlock {P} at (0,32) size 784x16 [color=#FF0000]
        RenderText {#text} at (0,0) size 226x16
          text run at (0,0) width 226: "This line should be white on green."
      RenderBlock {P} at (0,64) size 784x16 [color=#FF0000]
        RenderText {#text} at (0,0) size 226x16
          text run at (0,0) width 226: "This line should be white on green."
