layer at (0,0) size 800x600
  RenderView at (0,0) size 800x600
layer at (0,0) size 800x80
  RenderBlock {HTML} at (0,0) size 800x80
    RenderBody {BODY} at (8,16) size 784x48
      RenderBlock {P} at (0,0) size 784x16
        RenderText {#text} at (0,0) size 243x16
          text run at (0,0) width 243: "This sentence should have no border. "
        RenderInline {SPAN} at (0,0) size 279x26 [border: (5px solid #00FF00)]
          RenderText {#text} at (247,0) size 269x16
            text run at (247,0) width 269: "This sentence should have a green border."
        RenderText {#text} at (0,0) size 0x0
      RenderBlock {P} at (0,32) size 784x16
        RenderInline {SPAN} at (0,0) size 380x32 [bgcolor=#FF0000]
          RenderInline {SPAN} at (0,0) size 380x32 [bgcolor=#00FF00]
            RenderText {#text} at (0,0) size 380x16
              text run at (0,0) width 380: "This sentence should be in a green bar, with no red present."
        RenderText {#text} at (0,0) size 0x0
