layer at (0,0) size 802x585
  RenderView at (0,0) size 800x585
layer at (0,0) size 800x64
  RenderBlock {HTML} at (0,0) size 800x64
    RenderBody {BODY} at (8,24) size 784x16
      RenderBlock {P} at (0,0) size 794x16 [color=#000080]
        RenderText {#text} at (0,0) size 292x16
          text run at (0,0) width 292: "This page should have a horizontal scroll bar."
