layer at (0,0) size 800x600
  RenderView at (0,0) size 800x600
layer at (0,0) size 800x289
  RenderBlock {HTML} at (0,0) size 800x289
    RenderBody {BODY} at (8,16) size 784x257 [color=#0000FF]
      RenderBlock {P} at (0,0) size 784x35
        RenderText {#text} at (0,3) size 491x16
          text run at (0,3) width 491: "There should be a solid blue line directly over every occurance of the word \""
        RenderInline {SPAN} at (0,0) size 63x18 [border: (2px solid #0000FF) none]
          RenderText {#text} at (490,3) size 63x16
            text run at (490,3) width 63: "HERE \x{21E7}"
        RenderText {#text} at (552,3) size 769x32
          text run at (552,3) width 217: "\". (So there should be 8 blue lines"
          text run at (0,19) width 87: "on this page.)"
      RenderTable {TABLE} at (0,51) size 140x79
        RenderTableSection {TBODY} at (0,0) size 140x79
          RenderTableRow {TR} at (0,2) size 140x23
            RenderTableCell {TD} at (2,2) size 136x23 [border: (2px solid #0000FF) none] [r=0 c=0 rs=1 cs=2]
              RenderText {#text} at (37,6) size 62x16
                text run at (37,6) width 62: "HERE \x{21E7}"
          RenderTableRow {TR} at (0,27) size 140x50
            RenderTableCell {TD} at (2,40) size 64x23 [border: (2px solid #0000FF) none] [r=1 c=0 rs=1 cs=1]
              RenderText {#text} at (1,6) size 62x16
                text run at (1,6) width 62: "HERE \x{21E7}"
            RenderTableCell {TD} at (68,27) size 70x50 [border: (2px solid #0000FF) none] [r=1 c=1 rs=1 cs=1]
              RenderBlock (anonymous) at (1,3) size 68x19
                RenderText {#text} at (3,3) size 62x16
                  text run at (3,3) width 62: "HERE \x{21E7}"
              RenderTable {TABLE} at (1,22) size 68x27
                RenderTableSection {TBODY} at (0,0) size 68x27
                  RenderTableRow {TR} at (0,2) size 68x23
                    RenderTableCell {TD} at (2,2) size 64x23 [border: (2px solid #0000FF) none] [r=0 c=0 rs=1 cs=1]
                      RenderText {#text} at (1,6) size 62x16
                        text run at (1,6) width 62: "HERE \x{21E7}"
      RenderBlock {UL} at (0,146) size 784x111
        RenderListItem {LI} at (40,0) size 744x69 [border: (2px solid #0000FF) none]
          RenderBlock (anonymous) at (0,2) size 744x19
            RenderListMarker at (-16,3) size 6x16: bullet
            RenderText {#text} at (0,3) size 62x16
              text run at (0,3) width 62: "HERE \x{21E7}"
          RenderBlock {UL} at (0,21) size 744x48
            RenderListItem {LI} at (40,0) size 704x16
              RenderListMarker at (-16,0) size 6x16: white bullet
              RenderText {#text} at (0,0) size 77x16
                text run at (0,0) width 77: "dummy text"
            RenderListItem {LI} at (40,16) size 704x16
              RenderListMarker at (-16,0) size 6x16: white bullet
              RenderText {#text} at (0,0) size 77x16
                text run at (0,0) width 77: "dummy text"
            RenderListItem {LI} at (40,32) size 704x16
              RenderListMarker at (-16,0) size 6x16: white bullet
              RenderText {#text} at (0,0) size 77x16
                text run at (0,0) width 77: "dummy text"
        RenderListItem {LI} at (40,69) size 744x21 [border: (2px solid #0000FF) none]
          RenderListMarker at (-16,5) size 6x16: bullet
          RenderText {#text} at (0,5) size 62x16
            text run at (0,5) width 62: "HERE \x{21E7}"
        RenderListItem {LI} at (40,90) size 744x21 [border: (2px solid #0000FF) none]
          RenderListMarker at (-16,5) size 6x16: bullet
          RenderText {#text} at (0,5) size 62x16
            text run at (0,5) width 62: "HERE \x{21E7}"
