layer at (0,0) size 800x600
  RenderView at (0,0) size 800x600
layer at (0,0) size 800x64
  RenderBlock {HTML} at (0,0) size 800x64
    RenderBody {BODY} at (8,24) size 784x16
      RenderBlock {P} at (-10,0) size 794x16 [color=#000080]
        RenderText {#text} at (0,0) size 300x16
          text run at (0,0) width 300: "  This page should have a horizontal scroll bar."
