layer at (0,0) size 800x600
  RenderView at (0,0) size 800x600
layer at (0,0) size 800x500
  RenderBlock {HTML} at (0,0) size 800x500
    RenderBody {BODY} at (8,16) size 784x468
      RenderBlock {P} at (0,0) size 784x16
        RenderText {#text} at (0,0) size 273x16
          text run at (0,0) width 273: "The borders below should be as described:"
      RenderBlock {P} at (0,32) size 784x26 [border: (5px dotted #000080)]
        RenderText {#text} at (5,5) size 106x16
          text run at (5,5) width 106: "Blue and dotted."
      RenderBlock {P} at (0,74) size 784x26 [border: (5px dashed #000080)]
        RenderText {#text} at (5,5) size 110x16
          text run at (5,5) width 110: "Blue and dashed."
      RenderBlock {P} at (0,116) size 784x26 [border: (5px solid #000080)]
        RenderText {#text} at (5,5) size 97x16
          text run at (5,5) width 97: "Blue and solid."
      RenderBlock {P} at (0,158) size 784x26 [border: (5px double #000080)]
        RenderText {#text} at (5,5) size 109x16
          text run at (5,5) width 109: "Blue and double."
      RenderBlock {P} at (0,200) size 784x26 [border: (5px groove #FFA500)]
        RenderText {#text} at (5,5) size 127x16
          text run at (5,5) width 127: "Orange and groove."
      RenderBlock {P} at (0,242) size 784x26 [border: (5px ridge #FFA500)]
        RenderText {#text} at (5,5) size 116x16
          text run at (5,5) width 116: "Orange and ridge."
      RenderBlock {P} at (0,284) size 784x26 [border: (5px inset #FFA500)]
        RenderText {#text} at (5,5) size 113x16
          text run at (5,5) width 113: "Orange and inset."
      RenderBlock {P} at (0,326) size 784x26 [border: (5px outset #FFA500)]
        RenderText {#text} at (5,5) size 121x16
          text run at (5,5) width 121: "Orange and outset."
      RenderBlock {P} at (0,368) size 784x26 [border: (5px double #0000FF) (5px groove #0000FF) (5px double #0000FF) (5px groove #0000FF)]
        RenderText {#text} at (5,5) size 483x16
          text run at (5,5) width 483: "Blue and double on top and bottom; Blue and grooved on the left and right."
      RenderBlock {P} at (0,410) size 784x26 [border: (5px dotted #0000FF) (5px double #0000FF) (5px dashed #0000FF) (5px solid #0000FF)]
        RenderText {#text} at (5,5) size 531x16
          text run at (5,5) width 531: "Blue borders which are, in clockwise order from top: dotted, double, dashed, solid."
      RenderBlock {P} at (0,452) size 784x16
        RenderText {#text} at (0,0) size 283x16
          text run at (0,0) width 283: "This paragraph should have no border at all."
