layer at (0,0) size 800x600
  RenderView at (0,0) size 800x600
layer at (0,0) size 800x76
  RenderBlock {HTML} at (0,0) size 800x76
    RenderBody {BODY} at (8,8) size 784x60 [color=#0000FF]
      RenderTable {TABLE} at (0,0) size 719x60
        RenderTableSection {TBODY} at (0,0) size 719x60
          RenderTableRow {TR} at (0,2) size 719x22
            RenderTableCell {TD} at (2,2) size 715x22 [border: (2px solid #0000FF)] [r=0 c=0 rs=1 cs=2]
              RenderText {#text} at (3,3) size 331x16
                text run at (3,3) width 331: "There should be a blue border around this sentence."
          RenderTableRow {TR} at (0,26) size 719x32
            RenderTableCell {TD} at (2,31) size 337x22 [border: (2px solid #0000FF)] [r=1 c=0 rs=1 cs=1]
              RenderText {#text} at (3,3) size 331x16
                text run at (3,3) width 331: "There should be a blue border around this sentence."
            RenderTableCell {TD} at (341,26) size 376x32 [border: (2px solid #0000FF)] [r=1 c=1 rs=1 cs=1]
              RenderTable {TABLE} at (3,3) size 370x26
                RenderTableSection {TBODY} at (0,0) size 370x26
                  RenderTableRow {TR} at (0,2) size 370x22
                    RenderTableCell {TD} at (2,2) size 366x22 [border: (2px solid #0000FF)] [r=0 c=0 rs=1 cs=1]
                      RenderText {#text} at (3,3) size 108x16
                        text run at (3,3) width 108: "There should be "
                      RenderInline {STRONG} at (0,0) size 114x16
                        RenderInline {EM} at (0,0) size 24x16
                          RenderText {#text} at (110,3) size 24x16
                            text run at (110,3) width 24: "two"
                        RenderText {#text} at (133,3) size 91x16
                          text run at (133,3) width 91: " blue borders"
                      RenderText {#text} at (223,3) size 140x16
                        text run at (223,3) width 140: " around this sentence."
