layer at (0,0) size 800x600
  RenderView at (0,0) size 800x600
layer at (0,0) size 800x370
  RenderBlock {HTML} at (0,0) size 800x370
    RenderBody {BODY} at (8,16) size 784x338
      RenderBlock {P} at (0,0) size 784x16 [color=#0000FF]
        RenderText {#text} at (0,0) size 230x16
          text run at (0,0) width 230: "The borders should be as described."
      RenderBlock {P} at (0,32) size 784x22 [color=#0000FF] [border: (3px solid #FFA500)]
        RenderText {#text} at (3,3) size 114x16
          text run at (3,3) width 114: "Orange and solid."
      RenderBlock {P} at (0,70) size 784x26 [color=#0000FF] [border: (5px outset #FFA500)]
        RenderText {#text} at (5,5) size 121x16
          text run at (5,5) width 121: "Orange and outset."
      RenderBlock {P} at (0,112) size 784x26 [color=#0000FF] [border: (5px inset #FFA500)]
        RenderText {#text} at (5,5) size 113x16
          text run at (5,5) width 113: "Orange and inset."
      RenderBlock {P} at (0,154) size 784x36 [color=#0000FF] [border: (10px ridge #FFA500)]
        RenderText {#text} at (10,10) size 124x16
          text run at (10,10) width 124: "Orange and ridged."
      RenderBlock {P} at (0,206) size 784x36 [color=#0000FF] [border: (10px double #FFA500)]
        RenderText {#text} at (10,10) size 126x16
          text run at (10,10) width 126: "Orange and double."
      RenderBlock {P} at (0,258) size 784x16 [color=#0000FF]
        RenderText {#text} at (0,0) size 70x16
          text run at (0,0) width 70: "No border."
      RenderBlock {P} at (0,290) size 784x16 [color=#0000FF]
        RenderText {#text} at (0,0) size 70x16
          text run at (0,0) width 70: "No border."
      RenderBlock {P} at (0,322) size 784x16 [color=#0000FF]
        RenderText {#text} at (0,0) size 70x16
          text run at (0,0) width 70: "No border."
