layer at (0,0) size 800x600
  RenderView at (0,0) size 800x600
layer at (0,0) size 800x304
  RenderBlock {HTML} at (0,0) size 800x304
    RenderBody {BODY} at (8,8) size 784x288
      RenderBlock {DIV} at (0,0) size 784x16
        RenderText {#text} at (0,0) size 348x16
          text run at (0,0) width 348: "The blue bits of text should be decorated as described."
      RenderBlock {P} at (0,32) size 784x224 [color=#C0C0C0]
        RenderText {#text} at (0,0) size 777x54
          text run at (0,0) width 486: "dummy text dummy text dummy text dummy text dummy text dummy text "
          text run at (485,0) width 292: "dummy text dummy text dummy text dummy"
          text run at (0,16) width 190: "text dummy text dummy text "
          text run at (189,16) width 487: "dummy text dummy text dummy text dummy text dummy text dummy text "
          text run at (675,16) width 77: "dummy text"
          text run at (0,38) width 405: "dummy text dummy text dummy text dummy text dummy text "
        RenderInline {SPAN} at (0,0) size 777x50 [color=#0000FF] [border: none (10px double #0000FF)]
          RenderText {#text} at (414,38) size 180x16
            text run at (414,38) width 180: "\x{21E6} two blue lines to the left "
          RenderInline {SPAN} at (0,0) size 777x50 [color=#C0C0C0]
            RenderText {#text} at (593,38) size 777x50
              text run at (593,38) width 54: "dummy "
              text run at (646,38) width 106: "text dummy text"
              text run at (0,56) width 377: "dummy text dummy text dummy text dummy text dummy "
              text run at (376,56) width 401: "text dummy text dummy text dummy text dummy text dummy"
              text run at (0,72) width 24: "text"
          RenderText {#text} at (23,72) size 5x16
            text run at (23,72) width 5: " "
        RenderText {#text} at (27,72) size 777x86
          text run at (27,72) width 406: "dummy text dummy text dummy text dummy text dummy text "
          text run at (432,72) width 320: "dummy text dummy text dummy text dummy text"
          text run at (0,88) width 162: "dummy text dummy text "
          text run at (161,88) width 487: "dummy text dummy text dummy text dummy text dummy text dummy text "
          text run at (647,88) width 130: "dummy text dummy"
          text run at (0,104) width 352: "text dummy text dummy text dummy text dummy text "
          text run at (351,104) width 401: "dummy text dummy text dummy text dummy text dummy text"
          text run at (0,120) width 81: "dummy text "
          text run at (80,120) width 487: "dummy text dummy text dummy text dummy text dummy text dummy text "
          text run at (566,120) width 211: "dummy text dummy text dummy"
          text run at (0,142) width 190: "text dummy text dummy text "
        RenderInline {SPAN} at (0,0) size 203x16 [color=#0000FF] [border: none (1px solid #0000FF)]
          RenderText {#text} at (190,142) size 202x16
            text run at (190,142) width 202: "\x{21E6} one thin blue line to the left "
        RenderText {#text} at (391,142) size 777x82
          text run at (391,142) width 54: "dummy "
          text run at (444,142) width 321: "text dummy text dummy text dummy text dummy"
          text run at (0,160) width 162: "text dummy text dummy "
          text run at (161,160) width 487: "text dummy text dummy text dummy text dummy text dummy text dummy "
          text run at (647,160) width 105: "text dummy text"
          text run at (0,176) width 377: "dummy text dummy text dummy text dummy text dummy "
          text run at (376,176) width 401: "text dummy text dummy text dummy text dummy text dummy"
          text run at (0,192) width 81: "text dummy "
          text run at (80,192) width 487: "text dummy text dummy text dummy text dummy text dummy text dummy "
          text run at (566,192) width 186: "text dummy text dummy text"
          text run at (0,208) width 296: "dummy text dummy text dummy text dummy "
          text run at (295,208) width 187: "text dummy text dummy text"
      RenderBlock {DIV} at (0,272) size 784x16
        RenderText {#text} at (0,0) size 425x16
          text run at (0,0) width 425: "(All the lines of text in the block above should be equally spaced.)"
