layer at (0,0) size 800x600
  RenderView at (0,0) size 800x600
layer at (0,0) size 800x232
  RenderBlock {HTML} at (0,0) size 800x232
    RenderBody {BODY} at (8,16) size 784x200 [color=#0000FF]
      RenderBlock {P} at (0,0) size 784x34
        RenderText {#text} at (0,14) size 498x16
          text run at (0,14) width 498: "There should be a solid blue line to the right of every occurance of the word \""
        RenderInline {SPAN} at (0,0) size 143x32 [border: none (2px solid #0000FF) none]
          RenderText {#text} at (497,2) size 141x32
            text run at (497,2) width 141: "THERE \x{2799}"
        RenderText {#text} at (639,14) size 12x16
          text run at (639,14) width 12: "\"."
      RenderTable {TABLE} at (0,50) size 304x118
        RenderTableSection {TBODY} at (0,0) size 304x118
          RenderTableRow {TR} at (0,2) size 304x36
            RenderTableCell {TD} at (2,2) size 300x36 [border: none (2px solid #0000FF) none] [r=0 c=0 rs=1 cs=2]
              RenderText {#text} at (156,3) size 141x32
                text run at (156,3) width 141: "THERE \x{2799}"
          RenderTableRow {TR} at (0,40) size 304x76
            RenderTableCell {TD} at (2,60) size 145x36 [border: none (2px solid #0000FF) none] [r=1 c=0 rs=1 cs=1]
              RenderText {#text} at (1,3) size 141x32
                text run at (1,3) width 141: "THERE \x{2799}"
            RenderTableCell {TD} at (149,40) size 153x76 [border: none (2px solid #0000FF) none] [r=1 c=1 rs=1 cs=1]
              RenderBlock (anonymous) at (1,1) size 149x34
                RenderText {#text} at (13,2) size 136x32
                  text run at (13,2) width 136: "THERE \x{2798}"
              RenderTable {TABLE} at (1,35) size 149x40
                RenderTableSection {TBODY} at (0,0) size 149x40
                  RenderTableRow {TR} at (0,2) size 149x36
                    RenderTableCell {TD} at (2,2) size 145x36 [border: none (2px solid #0000FF) none] [r=0 c=0 rs=1 cs=1]
                      RenderText {#text} at (1,3) size 141x32
                        text run at (1,3) width 141: "THERE \x{2799}"
      RenderBlock {P} at (0,184) size 784x16
        RenderText {#text} at (0,0) size 344x16
          text run at (0,0) width 344: "There should be 3 short lines and 2 long lines in total."
