layer at (0,0) size 800x600
  RenderView at (0,0) size 800x600
layer at (0,0) size 800x288
  RenderBlock {HTML} at (0,0) size 800x288
    RenderBody {BODY} at (8,16) size 784x256 [color=#0000FF]
      RenderBlock {P} at (0,0) size 784x48
        RenderText {#text} at (0,24) size 489x16
          text run at (0,24) width 489: "There should be a solid blue line to the left of every occurance of the word \""
        RenderInline {SPAN} at (0,0) size 138x32 [border: none (2px solid #0000FF)]
          RenderText {#text} at (490,12) size 136x32
            text run at (490,12) width 136: "\x{21E6}THERE"
        RenderText {#text} at (625,24) size 11x16
          text run at (625,24) width 11: "\"."
      RenderTable {TABLE} at (0,64) size 294x160
        RenderTableSection {TBODY} at (0,0) size 294x160
          RenderTableRow {TR} at (0,2) size 294x50
            RenderTableCell {TD} at (2,2) size 290x50 [border: none (2px solid #0000FF)] [r=0 c=0 rs=1 cs=2]
              RenderText {#text} at (3,13) size 136x32
                text run at (3,13) width 136: "\x{21E6}THERE"
          RenderTableRow {TR} at (0,54) size 294x104
            RenderTableCell {TD} at (2,81) size 140x50 [border: none (2px solid #0000FF)] [r=1 c=0 rs=1 cs=1]
              RenderText {#text} at (3,13) size 136x32
                text run at (3,13) width 136: "\x{21E6}THERE"
            RenderTableCell {TD} at (144,54) size 148x104 [border: none (2px solid #0000FF)] [r=1 c=1 rs=1 cs=1]
              RenderBlock (anonymous) at (3,1) size 144x48
                RenderText {#text} at (0,12) size 136x32
                  text run at (0,12) width 136: "\x{21E6}THERE"
              RenderTable {TABLE} at (3,49) size 144x54
                RenderTableSection {TBODY} at (0,0) size 144x54
                  RenderTableRow {TR} at (0,2) size 144x50
                    RenderTableCell {TD} at (2,2) size 140x50 [border: none (2px solid #0000FF)] [r=0 c=0 rs=1 cs=1]
                      RenderText {#text} at (3,13) size 136x32
                        text run at (3,13) width 136: "\x{21E6}THERE"
      RenderBlock {P} at (0,240) size 784x16
        RenderText {#text} at (0,0) size 344x16
          text run at (0,0) width 344: "There should be 3 short lines and 2 long lines in total."
