layer at (0,0) size 800x600
  RenderView at (0,0) size 800x600
layer at (0,0) size 800x80
  RenderBlock {HTML} at (0,0) size 800x80
    RenderBody {BODY} at (8,16) size 784x48
      RenderBlock {P} at (0,0) size 784x16
        RenderInline {SPAN} at (0,0) size 266x22 [border: (3px solid #000000) (1px solid #000000) (3px solid #000000)]
          RenderText {#text} at (3,0) size 262x16
            text run at (3,0) width 262: "This box should have a thin right border."
        RenderText {#text} at (0,0) size 0x0
      RenderBlock {P} at (0,32) size 784x16
        RenderText {#text} at (0,0) size 231x16
          text run at (0,0) width 231: "There should be no red on this line. "
        RenderInline {SPAN} at (0,0) size 13x16 [color=#FF0000]
          RenderText {#text} at (230,0) size 13x16
            text run at (230,0) width 13: "   "
        RenderText {#text} at (0,0) size 0x0
