layer at (0,0) size 800x600
  RenderView at (0,0) size 800x600
layer at (0,0) size 800x162
  RenderBlock {HTML} at (0,0) size 800x162
    RenderBody {BODY} at (8,16) size 784x130
      RenderBlock {P} at (0,0) size 784x16
        RenderText {#text} at (0,0) size 456x16
          text run at (0,0) width 456: "The three boxes below should have progressively thinner right borders."
      RenderBlock {P} at (0,32) size 784x22 [border: (3px solid #000000) (5px solid #000000) (3px solid #000000)]
        RenderText {#text} at (3,3) size 12x16
          text run at (3,3) width 12: "A"
      RenderBlock {P} at (0,70) size 784x22 [border: (3px solid #000000)]
        RenderText {#text} at (3,3) size 11x16
          text run at (3,3) width 11: "B"
      RenderBlock {P} at (0,108) size 784x22 [border: (3px solid #000000) (1px solid #000000) (3px solid #000000)]
        RenderText {#text} at (3,3) size 11x16
          text run at (3,3) width 11: "C"
