layer at (0,0) size 800x600
  RenderView at (0,0) size 800x600
layer at (0,0) size 800x324
  RenderBlock {HTML} at (0,0) size 800x324
    RenderBody {BODY} at (8,16) size 784x292 [color=#0000FF]
      RenderBlock {P} at (0,0) size 784x40
        RenderText {#text} at (0,6) size 505x16
          text run at (0,6) width 505: "There should be a solid blue line directly under every occurrence of the word \""
        RenderInline {SPAN} at (0,0) size 62x18 [border: none (2px solid #0000FF) none]
          RenderText {#text} at (504,6) size 62x16
            text run at (504,6) width 62: "HERE \x{21E9}"
        RenderText {#text} at (565,6) size 783x34
          text run at (565,6) width 218: "\". (So there should be 8 blue lines"
          text run at (0,24) width 87: "on this page.)"
      RenderTable {TABLE} at (0,56) size 140x94
        RenderTableSection {TBODY} at (0,0) size 140x94
          RenderTableRow {TR} at (0,2) size 140x28
            RenderTableCell {TD} at (2,2) size 136x28 [border: none (2px solid #0000FF) none] [r=0 c=0 rs=1 cs=2]
              RenderText {#text} at (37,7) size 62x16
                text run at (37,7) width 62: "HERE \x{21E9}"
          RenderTableRow {TR} at (0,32) size 140x60
            RenderTableCell {TD} at (2,48) size 64x28 [border: none (2px solid #0000FF) none] [r=1 c=0 rs=1 cs=1]
              RenderText {#text} at (1,7) size 62x16
                text run at (1,7) width 62: "HERE \x{21E9}"
            RenderTableCell {TD} at (68,32) size 70x60 [border: none (2px solid #0000FF) none] [r=1 c=1 rs=1 cs=1]
              RenderTable {TABLE} at (1,1) size 68x32
                RenderTableSection {TBODY} at (0,0) size 68x32
                  RenderTableRow {TR} at (0,2) size 68x28
                    RenderTableCell {TD} at (2,2) size 64x28 [border: none (2px solid #0000FF) none] [r=0 c=0 rs=1 cs=1]
                      RenderText {#text} at (1,7) size 62x16
                        text run at (1,7) width 62: "HERE \x{21E9}"
              RenderBlock (anonymous) at (1,33) size 68x24
                RenderText {#text} at (3,6) size 62x16
                  text run at (3,6) width 62: "HERE \x{21E9}"
      RenderBlock {UL} at (0,166) size 784x126
        RenderListItem {LI} at (40,0) size 744x74 [border: none (2px solid #0000FF) none]
          RenderBlock {UL} at (0,0) size 744x48
            RenderListItem {LI} at (40,0) size 704x16
              RenderListMarker at (-56,0) size 6x16: bullet
              RenderListMarker at (-16,0) size 6x16: white bullet
              RenderText {#text} at (0,0) size 77x16
                text run at (0,0) width 77: "dummy text"
            RenderListItem {LI} at (40,16) size 704x16
              RenderListMarker at (-16,0) size 6x16: white bullet
              RenderText {#text} at (0,0) size 77x16
                text run at (0,0) width 77: "dummy text"
            RenderListItem {LI} at (40,32) size 704x16
              RenderListMarker at (-16,0) size 6x16: white bullet
              RenderText {#text} at (0,0) size 77x16
                text run at (0,0) width 77: "dummy text"
          RenderBlock (anonymous) at (0,48) size 744x24
            RenderText {#text} at (0,6) size 62x16
              text run at (0,6) width 62: "HERE \x{21E9}"
        RenderListItem {LI} at (40,74) size 744x26 [border: none (2px solid #0000FF) none]
          RenderListMarker at (-16,6) size 6x16: bullet
          RenderText {#text} at (0,6) size 62x16
            text run at (0,6) width 62: "HERE \x{21E9}"
        RenderListItem {LI} at (40,100) size 744x26 [border: none (2px solid #0000FF) none]
          RenderListMarker at (-16,6) size 6x16: bullet
          RenderText {#text} at (0,6) size 62x16
            text run at (0,6) width 62: "HERE \x{21E9}"
