layer at (0,0) size 800x600
  RenderView at (0,0) size 800x600
layer at (0,0) size 800x112
  RenderBlock {HTML} at (0,0) size 800x112
    RenderBody {BODY} at (8,16) size 784x80
      RenderBlock {P} at (0,0) size 784x16
        RenderText {#text} at (0,0) size 245x16
          text run at (0,0) width 245: "The next two bars should be identical:"
      RenderBlock {DIV} at (16,32) size 192x16 [color=#FFFF00] [bgcolor=#000080]
        RenderText {#text} at (0,0) size 39x16
          text run at (0,0) width 39: "TEST"
      RenderBlock {DIV} at (16,64) size 192x16 [color=#FFFF00] [bgcolor=#000080]
        RenderText {#text} at (0,0) size 39x16
          text run at (0,0) width 39: "TEST"
