layer at (0,0) size 800x600
  RenderView at (0,0) size 800x600
layer at (0,0) size 800x80
  RenderBlock {HTML} at (0,0) size 800x80
    RenderBody {BODY} at (8,16) size 784x48
      RenderBlock {P} at (0,0) size 784x16
        RenderText {#text} at (0,0) size 234x16
          text run at (0,0) width 234: "There should be no red on this page:"
      RenderBlock {P} at (0,32) size 784x16 [color=#FF0000]
        RenderText {#text} at (0,0) size 4x16
          text run at (0,0) width 4: " "
