layer at (0,0) size 800x600
  RenderView at (0,0) size 800x600
layer at (0,0) size 800x264
  RenderBlock {HTML} at (0,0) size 800x264
    RenderBody {BODY} at (8,16) size 784x232
      RenderBlock {P} at (0,0) size 784x232 [color=#000080]
        RenderImage {IMG} at (734,0) size 50x50
        RenderText {#text} at (0,6) size 343x16
          text run at (0,6) width 343: "This text should flow around the box on the right. \x{21E8} "
        RenderInline {SPAN} at (0,0) size 777x226 [color=#C0C0C0]
          RenderText {#text} at (342,6) size 777x226
            text run at (342,6) width 373: "dummy text dummy text dummy text dummy text dummy"
            text run at (0,24) width 81: "text dummy "
            text run at (80,24) width 487: "text dummy text dummy text dummy text dummy text dummy text dummy "
            text run at (566,24) width 158: "text dummy text dummy"
            text run at (0,40) width 324: "text dummy text dummy text dummy text dummy "
            text run at (323,40) width 401: "text dummy text dummy text dummy text dummy text dummy"
            text run at (0,56) width 81: "text dummy "
            text run at (80,56) width 487: "text dummy text dummy text dummy text dummy text dummy text dummy "
            text run at (566,56) width 186: "text dummy text dummy text"
            text run at (0,72) width 296: "dummy text dummy text dummy text dummy "
            text run at (295,72) width 482: "text dummy text dummy text dummy text dummy text dummy text dummy"
            text run at (0,88) width 486: "text dummy text dummy text dummy text dummy text dummy text dummy "
            text run at (485,88) width 267: "text dummy text dummy text dummy text"
            text run at (0,104) width 215: "dummy text dummy text dummy "
            text run at (214,104) width 486: "text dummy text dummy text dummy text dummy text dummy text dummy "
            text run at (699,104) width 78: "text dummy"
            text run at (0,120) width 405: "text dummy text dummy text dummy text dummy text dummy "
            text run at (404,120) width 348: "text dummy text dummy text dummy text dummy text"
            text run at (0,136) width 134: "dummy text dummy "
            text run at (133,136) width 487: "text dummy text dummy text dummy text dummy text dummy text dummy "
            text run at (619,136) width 158: "text dummy text dummy"
            text run at (0,152) width 324: "text dummy text dummy text dummy text dummy "
            text run at (323,152) width 429: "text dummy text dummy text dummy text dummy text dummy text"
            text run at (0,168) width 53: "dummy "
            text run at (52,168) width 487: "text dummy text dummy text dummy text dummy text dummy text dummy "
            text run at (538,168) width 239: "text dummy text dummy text dummy"
            text run at (0,184) width 243: "text dummy text dummy text dummy "
            text run at (242,184) width 486: "text dummy text dummy text dummy text dummy text dummy text dummy "
            text run at (727,184) width 25: "text"
            text run at (0,200) width 458: "dummy text dummy text dummy text dummy text dummy text dummy "
            text run at (457,200) width 320: "text dummy text dummy text dummy text dummy"
            text run at (0,216) width 162: "text dummy text dummy "
            text run at (161,216) width 430: "text dummy text dummy text dummy text dummy text dummy text"
        RenderText {#text} at (0,0) size 0x0
