layer at (0,0) size 800x600
  RenderView at (0,0) size 800x600
layer at (0,0) size 800x478
  RenderBlock {HTML} at (0,0) size 800x478
    RenderBody {BODY} at (8,16) size 784x446
      RenderBlock {P} at (0,0) size 784x48 [color=#000080]
        RenderText {#text} at (0,0) size 761x48
          text run at (0,0) width 416: "The big coloured boxes should be level with the top of the small "
          text run at (415,0) width 337: "coloured boxes of the same color (unless there is not"
          text run at (0,16) width 89: "enough room "
          text run at (88,16) width 410: "for the big box to fit on the small box's line after the small box, "
          text run at (497,16) width 264: "in which case the big box should be level"
          text run at (0,32) width 147: "with the bottom of the "
          text run at (146,32) width 142: "respective small box)."
      RenderBlock {DIV} at (16,64) size 752x382 [color=#C0C0C0] [border: (5px solid #800080)]
        RenderText {#text} at (171,23) size 486x16
          text run at (171,23) width 486: "dummy text dummy text dummy text dummy text dummy text dummy text "
        RenderInline {SPAN} at (0,0) size 18x22 [color=#FFFFFF] [bgcolor=#008080] [border: (3px solid #00FFFF)]
          RenderText {#text} at (659,23) size 12x16
            text run at (659,23) width 12: "A"
        RenderText {#text} at (673,23) size 5x16
          text run at (673,23) width 5: " "
        RenderBlock (floating) {P} at (21,21) size 150x58 [color=#FFFFFF] [bgcolor=#008080] [border: (3px solid #00FFFF)]
          RenderText {#text} at (19,21) size 47x16
            text run at (19,21) width 47: "AAAA"
        RenderText {#text} at (677,23) size 556x36
          text run at (677,23) width 50: "dummy"
          text run at (171,43) width 433: "text dummy text dummy text dummy text dummy text dummy text "
        RenderInline {SPAN} at (0,0) size 18x22 [color=#FFFFFF] [bgcolor=#800080] [border: (3px solid #FF00FF)]
          RenderText {#text} at (606,43) size 12x16
            text run at (606,43) width 12: "B"
        RenderText {#text} at (620,43) size 5x16
          text run at (620,43) width 5: " "
        RenderBlock (floating) {P} at (581,61) size 150x58 [color=#FFFFFF] [bgcolor=#800080] [border: (3px solid #FF00FF)]
          RenderText {#text} at (19,21) size 43x16
            text run at (19,21) width 43: "BBBB"
        RenderText {#text} at (624,43) size 696x316
          text run at (624,43) width 77: "dummy text"
          text run at (171,63) width 401: "dummy text dummy text dummy text dummy text dummy text"
          text run at (21,83) width 486: "dummy text dummy text dummy text dummy text dummy text dummy text "
          text run at (506,83) width 50: "dummy"
          text run at (21,103) width 433: "text dummy text dummy text dummy text dummy text dummy text "
          text run at (453,103) width 78: "dummy text"
          text run at (21,123) width 405: "dummy text dummy text dummy text dummy text dummy text "
          text run at (425,123) width 292: "dummy text dummy text dummy text dummy"
          text run at (21,143) width 190: "text dummy text dummy text "
          text run at (210,143) width 483: "dummy text dummy text dummy text dummy text dummy text dummy text"
          text run at (21,163) width 486: "dummy text dummy text dummy text dummy text dummy text dummy text "
          text run at (506,163) width 211: "dummy text dummy text dummy"
          text run at (21,183) width 271: "text dummy text dummy text dummy text "
          text run at (291,183) width 402: "dummy text dummy text dummy text dummy text dummy text"
          text run at (21,203) width 81: "dummy text "
          text run at (101,203) width 487: "dummy text dummy text dummy text dummy text dummy text dummy text "
          text run at (587,203) width 130: "dummy text dummy"
          text run at (21,223) width 352: "text dummy text dummy text dummy text dummy text "
          text run at (372,223) width 321: "dummy text dummy text dummy text dummy text"
          text run at (21,243) width 162: "dummy text dummy text "
          text run at (182,243) width 487: "dummy text dummy text dummy text dummy text dummy text dummy text "
          text run at (668,243) width 49: "dummy"
          text run at (21,263) width 433: "text dummy text dummy text dummy text dummy text dummy text "
          text run at (453,263) width 240: "dummy text dummy text dummy text"
          text run at (21,283) width 243: "dummy text dummy text dummy text "
          text run at (263,283) width 454: "dummy text dummy text dummy text dummy text dummy text dummy"
          text run at (21,303) width 28: "text "
          text run at (48,303) width 487: "dummy text dummy text dummy text dummy text dummy text dummy text "
          text run at (534,303) width 159: "dummy text dummy text"
          text run at (21,323) width 324: "dummy text dummy text dummy text dummy text "
          text run at (344,323) width 373: "dummy text dummy text dummy text dummy text dummy"
          text run at (21,343) width 109: "text dummy text "
          text run at (129,343) width 483: "dummy text dummy text dummy text dummy text dummy text dummy text"
