layer at (0,0) size 800x600
  RenderView at (0,0) size 800x600
layer at (0,0) size 800x294
  RenderBlock {HTML} at (0,0) size 800x294
    RenderBody {BODY} at (8,16) size 784x32
      RenderBlock {P} at (0,0) size 784x32 [color=#000080]
        RenderText {#text} at (0,0) size 748x32
          text run at (0,0) width 428: "The blue boxes below should be in numeric order and form a \"D\". "
          text run at (427,0) width 321: "(Boxes labelled \"A\" should be in the first column;"
          text run at (0,16) width 96: "boxes labelled "
          text run at (95,16) width 362: "\"B\" should be in the second; arrows indicate the correct "
          text run at (456,16) width 74: "alignment.)"
      RenderBlock {DIV} at (16,48) size 320x0
        RenderBlock (floating) {P} at (4,4) size 126x38 [color=#FFFFFF] [bgcolor=#000080] [border: (3px solid #0000FF)]
          RenderText {#text} at (7,13) size 44x16
            text run at (7,13) width 44: "\x{21E6} A 1"
        RenderBlock (floating) {P} at (138,4) size 126x38 [color=#FFFFFF] [bgcolor=#000080] [border: (3px solid #0000FF)]
          RenderText {#text} at (7,13) size 43x16
            text run at (7,13) width 43: "\x{21E6} B 2"
        RenderBlock (floating) {P} at (4,50) size 126x38 [color=#FFFFFF] [bgcolor=#000080] [border: (3px solid #0000FF)]
          RenderText {#text} at (7,13) size 44x16
            text run at (7,13) width 44: "\x{21E6} A 3"
        RenderBlock (floating) {P} at (190,50) size 126x38 [color=#FFFFFF] [bgcolor=#000080] [border: (3px solid #0000FF)]
          RenderText {#text} at (76,13) size 43x16
            text run at (76,13) width 43: "B 4 \x{21E8}"
        RenderBlock (floating) {P} at (4,96) size 126x38 [color=#FFFFFF] [bgcolor=#000080] [border: (3px solid #0000FF)]
          RenderText {#text} at (7,13) size 44x16
            text run at (7,13) width 44: "\x{21E6} A 5"
        RenderBlock (floating) {P} at (190,96) size 126x38 [color=#FFFFFF] [bgcolor=#000080] [border: (3px solid #0000FF)]
          RenderText {#text} at (76,13) size 43x16
            text run at (76,13) width 43: "B 6 \x{21E8}"
        RenderBlock (floating) {P} at (190,142) size 126x38 [color=#FFFFFF] [bgcolor=#000080] [border: (3px solid #0000FF)]
          RenderText {#text} at (76,13) size 43x16
            text run at (76,13) width 43: "B 8 \x{21E8}"
        RenderBlock (floating) {P} at (4,142) size 126x38 [color=#FFFFFF] [bgcolor=#000080] [border: (3px solid #0000FF)]
          RenderText {#text} at (7,13) size 44x16
            text run at (7,13) width 44: "\x{21E6} A 7"
        RenderBlock (floating) {P} at (4,188) size 126x38 [color=#FFFFFF] [bgcolor=#000080] [border: (3px solid #0000FF)]
          RenderText {#text} at (7,13) size 44x16
            text run at (7,13) width 44: "\x{21E6} A 9"
        RenderBlock (floating) {P} at (138,188) size 126x38 [color=#FFFFFF] [bgcolor=#000080] [border: (3px solid #0000FF)]
          RenderText {#text} at (7,13) size 51x16
            text run at (7,13) width 51: "\x{21E6} B 10"
