layer at (0,0) size 800x600
  RenderView at (0,0) size 800x600
layer at (0,0) size 800x144
  RenderBlock {HTML} at (0,0) size 800x144
    RenderBody {BODY} at (8,16) size 784x112
      RenderBlock {P} at (0,0) size 784x16 [color=#000080]
        RenderText {#text} at (0,0) size 554x16
          text run at (0,0) width 554: "In the following test, the blue blocks should be on the given sides of the teal rectangle."
      RenderBlock {DIV} at (0,32) size 784x80
        RenderBlock {DIV} at (16,0) size 752x80 [color=#00FFFF] [bgcolor=#008080]
          RenderBlock (floating) {P} at (8,8) size 176x56 [color=#FFFFFF] [bgcolor=#000080] [border: (4px solid #0000FF)]
            RenderText {#text} at (8,14) size 135x34
              text run at (8,14) width 120: "\x{21E6} This blue block"
              text run at (8,32) width 135: "should be on the left."
          RenderBlock (floating) {P} at (568,8) size 176x56 [color=#FFFFFF] [bgcolor=#000080] [border: (4px solid #0000FF)]
            RenderText {#text} at (8,14) size 144x34
              text run at (8,14) width 120: "\x{21E8} This blue block"
              text run at (8,32) width 144: "should be on the right."
          RenderText {#text} at (184,8) size 360x64
            text run at (184,8) width 326: "Teal rectangle. Teal rectangle. Teal rectangle. Teal"
            text run at (184,24) width 265: "rectangle. Teal rectangle. Teal rectangle. "
            text run at (448,24) width 96: "Teal rectangle."
            text run at (184,40) width 326: "Teal rectangle. Teal rectangle. Teal rectangle. Teal"
            text run at (184,56) width 162: "rectangle. Teal rectangle."
