layer at (0,0) size 800x600
  RenderView at (0,0) size 800x600
layer at (0,0) size 800x176
  RenderBlock {HTML} at (0,0) size 800x176.31
    RenderBody {BODY} at (8,16) size 784x144.31
      RenderBlock {P} at (0,0) size 784x16 [color=#000080]
        RenderText {#text} at (0,0) size 265x16
          text run at (0,0) width 265: "The word \"fail\" should not appear below."
      RenderBlock {DIV} at (16,32) size 240x112.31 [color=#FFFFFF] [bgcolor=#FFFFFF]
        RenderBlock (floating) {P} at (0,0) size 42.98x16.31 [color=#000080]
          RenderText {#text} at (0,0) size 43x16
            text run at (0,0) width 43: "TEST:"
        RenderBlock (floating) {P} at (0.02,16) size 239.98x16.31 [color=#00FFFF] [bgcolor=#008080]
          RenderText {#text} at (100,0) size 40x16
            text run at (100,0) width 40: "PASS"
        RenderText {#text} at (42,0) size 224x112
          text run at (42,0) width 175: "fail fail fail fail fail fail fail"
          text run at (0,32) width 76: "fail fail fail "
          text run at (75,32) width 149: "fail fail fail fail fail fail"
          text run at (0,48) width 102: "fail fail fail fail "
          text run at (101,48) width 123: "fail fail fail fail fail"
          text run at (0,64) width 127: "fail fail fail fail fail "
          text run at (126,64) width 98: "fail fail fail fail"
          text run at (0,80) width 152: "fail fail fail fail fail fail "
          text run at (151,80) width 73: "fail fail fail"
          text run at (0,96) width 174: "fail fail fail fail fail fail fail"
