layer at (0,0) size 800x600
  RenderView at (0,0) size 800x600
layer at (0,0) size 800x264
  RenderBlock {HTML} at (0,0) size 800x264
    RenderBody {BODY} at (8,16) size 784x232
      RenderBlock {P} at (0,0) size 784x232 [color=#000080]
        RenderImage {IMG} at (0,0) size 50x50
        RenderText {#text} at (50,6) size 334x16
          text run at (50,6) width 334: "\x{21E6} This text should flow around the box on the left. "
        RenderInline {SPAN} at (0,0) size 784x226 [color=#C0C0C0]
          RenderText {#text} at (383,6) size 784x226
            text run at (383,6) width 401: "dummy text dummy text dummy text dummy text dummy text"
            text run at (50,24) width 53: "dummy "
            text run at (102,24) width 487: "text dummy text dummy text dummy text dummy text dummy text dummy "
            text run at (588,24) width 186: "text dummy text dummy text"
            text run at (50,40) width 296: "dummy text dummy text dummy text dummy "
            text run at (345,40) width 429: "text dummy text dummy text dummy text dummy text dummy text"
            text run at (0,56) width 53: "dummy "
            text run at (52,56) width 487: "text dummy text dummy text dummy text dummy text dummy text dummy "
            text run at (538,56) width 239: "text dummy text dummy text dummy"
            text run at (0,72) width 243: "text dummy text dummy text dummy "
            text run at (242,72) width 486: "text dummy text dummy text dummy text dummy text dummy text dummy "
            text run at (727,72) width 25: "text"
            text run at (0,88) width 458: "dummy text dummy text dummy text dummy text dummy text dummy "
            text run at (457,88) width 320: "text dummy text dummy text dummy text dummy"
            text run at (0,104) width 162: "text dummy text dummy "
            text run at (161,104) width 487: "text dummy text dummy text dummy text dummy text dummy text dummy "
            text run at (647,104) width 105: "text dummy text"
            text run at (0,120) width 377: "dummy text dummy text dummy text dummy text dummy "
            text run at (376,120) width 401: "text dummy text dummy text dummy text dummy text dummy"
            text run at (0,136) width 81: "text dummy "
            text run at (80,136) width 487: "text dummy text dummy text dummy text dummy text dummy text dummy "
            text run at (566,136) width 186: "text dummy text dummy text"
            text run at (0,152) width 296: "dummy text dummy text dummy text dummy "
            text run at (295,152) width 482: "text dummy text dummy text dummy text dummy text dummy text dummy"
            text run at (0,168) width 486: "text dummy text dummy text dummy text dummy text dummy text dummy "
            text run at (485,168) width 267: "text dummy text dummy text dummy text"
            text run at (0,184) width 215: "dummy text dummy text dummy "
            text run at (214,184) width 486: "text dummy text dummy text dummy text dummy text dummy text dummy "
            text run at (699,184) width 78: "text dummy"
            text run at (0,200) width 405: "text dummy text dummy text dummy text dummy text dummy "
            text run at (404,200) width 348: "text dummy text dummy text dummy text dummy text"
            text run at (0,216) width 134: "dummy text dummy "
            text run at (133,216) width 430: "text dummy text dummy text dummy text dummy text dummy text"
        RenderText {#text} at (0,0) size 0x0
