layer at (0,0) size 785x727
  RenderView at (0,0) size 785x600
layer at (0,0) size 785x727
  RenderBlock {HTML} at (0,0) size 785x727
    RenderBody {BODY} at (8,32) size 769x663
      RenderBlock {P} at (32,0) size 705x112 [color=#000080]
        RenderText {#text} at (0,12) size 679x100
          text run at (0,12) width 679: "\x{21E9} The following blue box should be exactly half the"
          text run at (0,48) width 81: "width "
          text run at (80,48) width 559: "of the viewport, on the left of the 50% ruler"
          text run at (0,80) width 74: "mark."
      RenderBlock (floating) {DIV} at (0,144) size 384.50x304 [color=#FFFFFF] [bgcolor=#0000FF]
        RenderText {#text} at (0,0) size 385x304
          text run at (0,0) width 385: "ignore this float text ignore this float text ignore this"
          text run at (0,16) width 42: "float "
          text run at (41,16) width 343: "text ignore this float text ignore this float text"
          text run at (0,32) width 79: "ignore this "
          text run at (78,32) width 307: "float text ignore this float text ignore this"
          text run at (0,48) width 126: "float text ignore "
          text run at (125,48) width 259: "this float text ignore this float text"
          text run at (0,64) width 156: "ignore this float text "
          text run at (155,64) width 230: "ignore this float text ignore this"
          text run at (0,80) width 199: "float text ignore this float "
          text run at (198,80) width 186: "text ignore this float text"
          text run at (0,96) width 235: "ignore this float text ignore this "
          text run at (234,96) width 151: "float text ignore this"
          text run at (0,112) width 283: "float text ignore this float text ignore "
          text run at (282,112) width 102: "this float text"
          text run at (0,128) width 312: "ignore this float text ignore this float text "
          text run at (311,128) width 74: "ignore this"
          text run at (0,144) width 356: "float text ignore this float text ignore this float "
          text run at (355,144) width 29: "text"
          text run at (0,160) width 385: "ignore this float text ignore this float text ignore this"
          text run at (0,176) width 384: "float text ignore this float text ignore this float text"
          text run at (0,192) width 48: "ignore "
          text run at (47,192) width 338: "this float text ignore this float text ignore this"
          text run at (0,208) width 77: "float text "
          text run at (76,208) width 308: "ignore this float text ignore this float text"
          text run at (0,224) width 121: "ignore this float "
          text run at (120,224) width 265: "text ignore this float text ignore this"
          text run at (0,240) width 157: "float text ignore this "
          text run at (156,240) width 228: "float text ignore this float text"
          text run at (0,256) width 205: "ignore this float text ignore "
          text run at (204,256) width 181: "this float text ignore this"
          text run at (0,272) width 235: "float text ignore this float text "
          text run at (234,272) width 150: "ignore this float text"
          text run at (0,288) width 255: "ignore this float text ignore this float"
      RenderBlock {DIV} at (0,144) size 769x416 [color=#C0C0C0]
        RenderText {#text} at (384,0) size 769x416
          text run at (384,0) width 385: "this is some dummy text this is some dummy text this is"
          text run at (384,16) width 97: "some dummy "
          text run at (480,16) width 289: "text this is some dummy text this is some"
          text run at (384,32) width 168: "dummy text this is some "
          text run at (551,32) width 218: "dummy text this is some dummy"
          text run at (384,48) width 240: "text this is some dummy text this is "
          text run at (623,48) width 146: "some dummy text this"
          text run at (384,64) width 307: "is some dummy text this is some dummy text "
          text run at (690,64) width 79: "this is some"
          text run at (384,80) width 385: "dummy text this is some dummy text this is some dummy"
          text run at (384,96) width 385: "text this is some dummy text this is some dummy text this"
          text run at (384,112) width 55: "is some "
          text run at (438,112) width 331: "dummy text this is some dummy text this is some"
          text run at (384,128) width 129: "dummy text this is "
          text run at (512,128) width 257: "some dummy text this is some dummy"
          text run at (384,144) width 195: "text this is some dummy text "
          text run at (578,144) width 191: "this is some dummy text this"
          text run at (384,160) width 278: "is some dummy text this is some dummy "
          text run at (661,160) width 108: "text this is some"
          text run at (384,176) width 336: "dummy text this is some dummy text this is some "
          text run at (719,176) width 50: "dummy"
          text run at (384,192) width 385: "text this is some dummy text this is some dummy text this"
          text run at (384,208) width 17: "is "
          text run at (400,208) width 369: "some dummy text this is some dummy text this is some"
          text run at (384,224) width 84: "dummy text "
          text run at (467,224) width 302: "this is some dummy text this is some dummy"
          text run at (384,240) width 166: "text this is some dummy "
          text run at (549,240) width 220: "text this is some dummy text this"
          text run at (384,256) width 223: "is some dummy text this is some "
          text run at (606,256) width 163: "dummy text this is some"
          text run at (384,272) width 297: "dummy text this is some dummy text this is "
          text run at (680,272) width 89: "some dummy"
          text run at (384,288) width 362: "text this is some dummy text this is some dummy text "
          text run at (745,288) width 24: "this"
          text run at (0,304) width 442: "is some dummy text this is some dummy text this is some dummy "
          text run at (441,304) width 328: "text this is some dummy text this is some dummy"
          text run at (0,320) width 112: "text this is some "
          text run at (111,320) width 459: "dummy text this is some dummy text this is some dummy text this is "
          text run at (569,320) width 200: "some dummy text this is some"
          text run at (0,336) width 244: "dummy text this is some dummy text "
          text run at (243,336) width 459: "this is some dummy text this is some dummy text this is some dummy "
          text run at (701,336) width 68: "text this is"
          text run at (0,352) width 365: "some dummy text this is some dummy text this is some "
          text run at (364,352) width 405: "dummy text this is some dummy text this is some dummy text"
          text run at (0,368) width 46: "this is "
          text run at (45,368) width 471: "some dummy text this is some dummy text this is some dummy text "
          text run at (515,368) width 254: "this is some dummy text this is some"
          text run at (0,384) width 216: "dummy text this is some dummy "
          text run at (215,384) width 434: "text this is some dummy text this is some dummy text this is some "
          text run at (648,384) width 121: "dummy text this is"
          text run at (0,400) width 321: "some dummy text this is some dummy text this is "
          text run at (320,400) width 276: "some dummy text this is some dummy text"
      RenderBlock {P} at (32,592) size 705x71 [color=#000080]
        RenderText {#text} at (18,0) size 687x71
          text run at (18,0) width 687: "The above gray text should flow around the blue box."
          text run at (673,39) width 32: "\x{21E7}"
