layer at (0,0) size 800x600
  RenderView at (0,0) size 800x600
layer at (0,0) size 800x304
  RenderBlock {HTML} at (0,0) size 800x304
    RenderBody {BODY} at (8,8) size 784x288
      RenderBlock (floating) {DIV} at (0,0) size 196x264 [color=#FFFFFF] [bgcolor=#000080]
        RenderBlock {P} at (0,0) size 196x264
          RenderText {#text} at (0,18) size 186x246
            text run at (0,18) width 146: "\x{21E6} This"
            text run at (0,72) width 167: "blue box"
            text run at (0,120) width 186: "should be"
            text run at (0,168) width 119: "on the"
            text run at (0,216) width 76: "left."
      RenderBlock (floating) {DIV} at (588,0) size 196x264 [color=#FFFFFF] [bgcolor=#008080]
        RenderBlock {P} at (0,0) size 196x264
          RenderText {#text} at (0,0) size 186x258
            text run at (0,0) width 167: "This teal"
            text run at (0,48) width 72: "box"
            text run at (0,96) width 186: "should be"
            text run at (0,144) width 119: "on the"
            text run at (0,210) width 163: "right. \x{21E8}"
      RenderBlock {P} at (0,0) size 784x288
        RenderText {#text} at (196,0) size 367x282
          text run at (196,0) width 367: "This text should be"
          text run at (196,48) width 338: "in between a blue"
          text run at (196,114) width 327: "box on the \x{21E6}left"
          text run at (196,168) width 328: "and a teal box on"
          text run at (196,234) width 222: "the right\x{21E8}."
