layer at (0,0) size 800x600
  RenderView at (0,0) size 800x600
layer at (0,0) size 800x538
  RenderBlock {HTML} at (0,0) size 800x538
    RenderBody {BODY} at (8,16) size 784x506
      RenderBlock {P} at (0,0) size 784x48 [color=#000080]
        RenderText {#text} at (0,0) size 776x48
          text run at (0,0) width 416: "The big coloured boxes should be level with the top of the small "
          text run at (415,0) width 337: "coloured boxes of the same color (unless there is not"
          text run at (0,16) width 89: "enough room "
          text run at (88,16) width 410: "for the big box to fit on the small box's line after the small box, "
          text run at (497,16) width 279: "in which case the big box should be as high"
          text run at (0,32) width 141: "as possible below the "
          text run at (140,32) width 73: "small box)."
      RenderBlock {DIV} at (16,64) size 752x442 [color=#C0C0C0] [border: (5px solid #800080)]
        RenderText {#text} at (21,23) size 567x16
          text run at (21,23) width 486: "dummy text dummy text dummy text dummy text dummy text dummy text "
          text run at (506,23) width 82: "dummy text "
        RenderInline {SPAN} at (0,0) size 18x22 [color=#FFFFFF] [bgcolor=#008080] [border: (3px solid #00FFFF)]
          RenderText {#text} at (590,23) size 12x16
            text run at (590,23) width 12: "A"
        RenderText {#text} at (604,23) size 5x16
          text run at (604,23) width 5: " "
        RenderBlock (floating) {P} at (21,41) size 150x58 [color=#FFFFFF] [bgcolor=#008080] [border: (3px solid #00FFFF)]
          RenderText {#text} at (19,21) size 47x16
            text run at (19,21) width 47: "AAAA"
        RenderText {#text} at (608,23) size 515x36
          text run at (608,23) width 78: "dummy text"
          text run at (171,43) width 405: "dummy text dummy text dummy text dummy text dummy text "
        RenderInline {SPAN} at (0,0) size 18x22 [color=#FFFFFF] [bgcolor=#800080] [border: (3px solid #FF00FF)]
          RenderText {#text} at (578,43) size 12x16
            text run at (578,43) width 12: "B"
        RenderText {#text} at (592,43) size 5x16
          text run at (592,43) width 5: " "
        RenderBlock (floating) {P} at (581,61) size 150x58 [color=#FFFFFF] [bgcolor=#800080] [border: (3px solid #FF00FF)]
          RenderText {#text} at (19,21) size 43x16
            text run at (19,21) width 43: "BBBB"
        RenderText {#text} at (596,43) size 405x36
          text run at (596,43) width 130: "dummy text dummy"
          text run at (321,63) width 109: "text dummy text "
        RenderInline {SPAN} at (0,0) size 18x22 [color=#FFFFFF] [bgcolor=#FFA500] [border: (3px solid #FFFF00)]
          RenderText {#text} at (432,63) size 12x16
            text run at (432,63) width 12: "C"
        RenderText {#text} at (446,63) size 5x16
          text run at (446,63) width 5: " "
        RenderBlock (floating) {P} at (171,61) size 150x58 [color=#FFFFFF] [bgcolor=#FFA500] [border: (3px solid #FFFF00)]
          RenderText {#text} at (19,21) size 43x16
            text run at (19,21) width 43: "CCCC"
        RenderText {#text} at (450,63) size 260x56
          text run at (450,63) width 131: "dummy text dummy"
          text run at (321,83) width 239: "text dummy text dummy text dummy"
          text run at (321,103) width 109: "text dummy text "
        RenderInline {SPAN} at (0,0) size 19x22 [color=#FFFFFF] [bgcolor=#008000] [border: (3px solid #00FF00)]
          RenderText {#text} at (432,103) size 13x16
            text run at (432,103) width 13: "D"
        RenderText {#text} at (447,103) size 5x16
          text run at (447,103) width 5: " "
        RenderBlock (floating) {P} at (21,121) size 150x58 [color=#FFFFFF] [bgcolor=#008000] [border: (3px solid #00FF00)]
          RenderText {#text} at (19,21) size 47x16
            text run at (19,21) width 47: "DDDD"
        RenderText {#text} at (451,103) size 696x316
          text run at (451,103) width 78: "dummy text"
          text run at (171,123) width 405: "dummy text dummy text dummy text dummy text dummy text "
          text run at (575,123) width 131: "dummy text dummy"
          text run at (171,143) width 352: "text dummy text dummy text dummy text dummy text "
          text run at (522,143) width 159: "dummy text dummy text"
          text run at (171,163) width 324: "dummy text dummy text dummy text dummy text "
          text run at (494,163) width 212: "dummy text dummy text dummy"
          text run at (21,183) width 271: "text dummy text dummy text dummy text "
          text run at (291,183) width 402: "dummy text dummy text dummy text dummy text dummy text"
          text run at (21,203) width 81: "dummy text "
          text run at (101,203) width 487: "dummy text dummy text dummy text dummy text dummy text dummy text "
          text run at (587,203) width 130: "dummy text dummy"
          text run at (21,223) width 352: "text dummy text dummy text dummy text dummy text "
          text run at (372,223) width 321: "dummy text dummy text dummy text dummy text"
          text run at (21,243) width 162: "dummy text dummy text "
          text run at (182,243) width 487: "dummy text dummy text dummy text dummy text dummy text dummy text "
          text run at (668,243) width 49: "dummy"
          text run at (21,263) width 433: "text dummy text dummy text dummy text dummy text dummy text "
          text run at (453,263) width 240: "dummy text dummy text dummy text"
          text run at (21,283) width 243: "dummy text dummy text dummy text "
          text run at (263,283) width 454: "dummy text dummy text dummy text dummy text dummy text dummy"
          text run at (21,303) width 28: "text "
          text run at (48,303) width 487: "dummy text dummy text dummy text dummy text dummy text dummy text "
          text run at (534,303) width 159: "dummy text dummy text"
          text run at (21,323) width 324: "dummy text dummy text dummy text dummy text "
          text run at (344,323) width 373: "dummy text dummy text dummy text dummy text dummy"
          text run at (21,343) width 109: "text dummy text "
          text run at (129,343) width 487: "dummy text dummy text dummy text dummy text dummy text dummy text "
          text run at (615,343) width 78: "dummy text"
          text run at (21,363) width 405: "dummy text dummy text dummy text dummy text dummy text "
          text run at (425,363) width 292: "dummy text dummy text dummy text dummy"
          text run at (21,383) width 190: "text dummy text dummy text "
          text run at (210,383) width 483: "dummy text dummy text dummy text dummy text dummy text dummy text"
          text run at (21,403) width 482: "dummy text dummy text dummy text dummy text dummy text dummy text"
