layer at (0,0) size 800x600
  RenderView at (0,0) size 800x600
layer at (0,0) size 800x48
  RenderBlock {HTML} at (0,0) size 800x48
    RenderBody {BODY} at (8,8) size 784x16
      RenderBlock {DIV} at (0,0) size 784x16
        RenderBlock {DIV} at (0,0) size 784x16
          RenderBlock (floating) {P} at (392,0) size 392x40
            RenderImage {IMG} at (0,0) size 15x15 [color=#FF0000]
            RenderText {#text} at (15,6) size 369x34
              text run at (15,6) width 4: " "
              text run at (19,6) width 350: "\x{21E6} There should be a green square at the top left of the"
              text run at (0,24) width 56: "window."
          RenderImage {IMG} at (0,0) size 15x15 [color=#FF0000]
          RenderText {#text} at (0,0) size 0x0
