layer at (0,0) size 800x600
  RenderView at (0,0) size 800x600
layer at (0,0) size 800x161
  RenderBlock {HTML} at (0,0) size 800x161
    RenderBody {BODY} at (8,16) size 784x110
      RenderBlock {P} at (0,0) size 784x16 [color=#000080]
        RenderText {#text} at (0,0) size 387x16
          text run at (0,0) width 387: "The word \"fail\" should not appear below, just a green block."
      RenderBlock {DIV} at (16,32) size 240x78 [color=#FFFFFF] [bgcolor=#FFFFFF]
        RenderImage {IMG} at (0,0) size 1x1
        RenderImage {IMG} at (0,1) size 240x112
        RenderInline {SPAN} at (0,0) size 188x78
          RenderText {#text} at (1,0) size 188x78
            text run at (1,0) width 188: "FAIL"
        RenderText {#text} at (0,0) size 0x0
