layer at (0,0) size 800x600
  RenderView at (0,0) size 800x600
layer at (0,0) size 800x458
  RenderBlock {HTML} at (0,0) size 800x458
    RenderBody {BODY} at (8,16) size 784x426
      RenderBlock {P} at (0,0) size 784x48 [color=#000080]
        RenderText {#text} at (0,0) size 776x48
          text run at (0,0) width 416: "The big coloured boxes should be level with the top of the small "
          text run at (415,0) width 337: "coloured boxes of the same color (unless there is not"
          text run at (0,16) width 89: "enough room "
          text run at (88,16) width 410: "for the big box to fit on the small box's line after the small box, "
          text run at (497,16) width 279: "in which case the big box should be as high"
          text run at (0,32) width 141: "as possible below the "
          text run at (140,32) width 73: "small box)."
      RenderBlock {DIV} at (16,64) size 752x362 [color=#C0C0C0] [border: (5px solid #800080)]
        RenderText {#text} at (171,23) size 324x16
          text run at (171,23) width 324: "dummy text dummy text dummy text dummy text "
        RenderInline {SPAN} at (0,0) size 19x22 [color=#FFFFFF] [bgcolor=#008080] [border: (3px solid #00FFFF)]
          RenderText {#text} at (497,23) size 13x16
            text run at (497,23) width 13: "A"
        RenderText {#text} at (512,23) size 5x16
          text run at (512,23) width 5: " "
        RenderBlock (floating) {P} at (21,21) size 150x58 [color=#FFFFFF] [bgcolor=#008080] [border: (3px solid #00FFFF)]
          RenderText {#text} at (19,21) size 47x16
            text run at (19,21) width 47: "AAAA"
        RenderText {#text} at (0,0) size 0x0
        RenderInline {SPAN} at (0,0) size 17x22 [color=#FFFFFF] [bgcolor=#800080] [border: (3px solid #FF00FF)]
          RenderText {#text} at (519,23) size 11x16
            text run at (519,23) width 11: "B"
        RenderText {#text} at (0,0) size 0x0
        RenderBlock (floating) {P} at (581,21) size 150x58 [color=#FFFFFF] [bgcolor=#800080] [border: (3px solid #FF00FF)]
          RenderText {#text} at (19,21) size 43x16
            text run at (19,21) width 43: "BBBB"
        RenderText {#text} at (171,43) size 696x296
          text run at (171,43) width 401: "dummy text dummy text dummy text dummy text dummy text"
          text run at (171,63) width 81: "dummy text "
          text run at (251,63) width 321: "dummy text dummy text dummy text dummy text"
          text run at (21,83) width 162: "dummy text dummy text "
          text run at (182,83) width 487: "dummy text dummy text dummy text dummy text dummy text dummy text "
          text run at (668,83) width 49: "dummy"
          text run at (21,103) width 433: "text dummy text dummy text dummy text dummy text dummy text "
          text run at (453,103) width 240: "dummy text dummy text dummy text"
          text run at (21,123) width 243: "dummy text dummy text dummy text "
          text run at (263,123) width 454: "dummy text dummy text dummy text dummy text dummy text dummy"
          text run at (21,143) width 28: "text "
          text run at (48,143) width 487: "dummy text dummy text dummy text dummy text dummy text dummy text "
          text run at (534,143) width 159: "dummy text dummy text"
          text run at (21,163) width 324: "dummy text dummy text dummy text dummy text "
          text run at (344,163) width 373: "dummy text dummy text dummy text dummy text dummy"
          text run at (21,183) width 109: "text dummy text "
          text run at (129,183) width 487: "dummy text dummy text dummy text dummy text dummy text dummy text "
          text run at (615,183) width 78: "dummy text"
          text run at (21,203) width 405: "dummy text dummy text dummy text dummy text dummy text "
          text run at (425,203) width 292: "dummy text dummy text dummy text dummy"
          text run at (21,223) width 190: "text dummy text dummy text "
          text run at (210,223) width 483: "dummy text dummy text dummy text dummy text dummy text dummy text"
          text run at (21,243) width 486: "dummy text dummy text dummy text dummy text dummy text dummy text "
          text run at (506,243) width 211: "dummy text dummy text dummy"
          text run at (21,263) width 271: "text dummy text dummy text dummy text "
          text run at (291,263) width 402: "dummy text dummy text dummy text dummy text dummy text"
          text run at (21,283) width 81: "dummy text "
          text run at (101,283) width 487: "dummy text dummy text dummy text dummy text dummy text dummy text "
          text run at (587,283) width 130: "dummy text dummy"
          text run at (21,303) width 352: "text dummy text dummy text dummy text dummy text "
          text run at (372,303) width 321: "dummy text dummy text dummy text dummy text"
          text run at (21,323) width 162: "dummy text dummy text "
          text run at (182,323) width 483: "dummy text dummy text dummy text dummy text dummy text dummy text"
