layer at (0,0) size 800x600
  RenderView at (0,0) size 800x600
layer at (0,0) size 800x167
  RenderBlock {HTML} at (0,0) size 800x167
    RenderBody {BODY} at (8,16) size 784x135
      RenderBlock {P} at (0,0) size 784x16 [color=#000080]
        RenderText {#text} at (0,0) size 218x16
          text run at (0,0) width 218: "There should be no red anywhere."
      RenderBlock {P} at (0,32) size 784x19 [color=#000080]
        RenderText {#text} at (0,3) size 390x16
          text run at (0,3) width 390: "There should be two identical squares at the end of this line: "
        RenderImage {IMG} at (389.22,0) size 15x15
        RenderText {#text} at (404,3) size 5x16
          text run at (404,3) width 5: " "
        RenderInline {SPAN} at (0,0) size 16x15 [color=#0000FF] [bgcolor=#FF0000]
          RenderText {#text} at (408,0) size 16x15
            text run at (408,0) width 16: "X"
        RenderText {#text} at (0,0) size 0x0
      RenderBlock {P} at (0,67) size 784x68 [color=#000080]
        RenderText {#text} at (0,52) size 390x16
          text run at (0,52) width 390: "There should be two identical squares at the end of this line: "
        RenderImage {IMG} at (389.22,0) size 64x64
        RenderText {#text} at (453,52) size 5x16
          text run at (453,52) width 5: " "
        RenderInline {SPAN} at (0,0) size 65x64 [color=#0000FF] [bgcolor=#FF0000]
          RenderText {#text} at (457,0) size 65x64
            text run at (457,0) width 65: "X"
        RenderText {#text} at (0,0) size 0x0
