layer at (0,0) size 800x600
  RenderView at (0,0) size 800x600
layer at (0,0) size 800x211
  RenderBlock {HTML} at (0,0) size 800x211
    RenderBody {BODY} at (8,16) size 784x187
      RenderBlock {P} at (0,0) size 784x16
        RenderText {#text} at (0,0) size 407x16
          text run at (0,0) width 407: "The square below should be exactly 50 pixels high on the ruler."
      RenderBlock {DIV} at (0,32) size 784x155
        RenderImage {IMG} at (45,0) size 50x50
