layer at (0,0) size 800x600
  RenderView at (0,0) size 800x600
layer at (0,0) size 800x544
  RenderBlock {HTML} at (0,0) size 800x544
    RenderBody {BODY} at (8,16) size 784x520
      RenderBlock {P} at (0,0) size 784x16
        RenderText {#text} at (0,0) size 424x16
          text run at (0,0) width 381: "The blue text should not go past the 50% mark on the ruler "
          text run at (380,0) width 44: "below."
      RenderBlock {DIV} at (0,32) size 392x448 [color=#0000FF]
        RenderText {#text} at (0,0) size 387x448
          text run at (0,0) width 387: "a bit of dummy text a bit of dummy text a bit of dummy text"
          text run at (0,16) width 12: "a "
          text run at (11,16) width 376: "bit of dummy text a bit of dummy text a bit of dummy text"
          text run at (0,32) width 50: "a bit of "
          text run at (49,32) width 338: "dummy text a bit of dummy text a bit of dummy text"
          text run at (0,48) width 103: "a bit of dummy "
          text run at (102,48) width 285: "text a bit of dummy text a bit of dummy text"
          text run at (0,64) width 142: "a bit of dummy text a "
          text run at (141,64) width 246: "bit of dummy text a bit of dummy text"
          text run at (0,80) width 180: "a bit of dummy text a bit of "
          text run at (179,80) width 208: "dummy text a bit of dummy text"
          text run at (0,96) width 233: "a bit of dummy text a bit of dummy "
          text run at (232,96) width 155: "text a bit of dummy text"
          text run at (0,112) width 272: "a bit of dummy text a bit of dummy text a "
          text run at (271,112) width 116: "bit of dummy text"
          text run at (0,128) width 310: "a bit of dummy text a bit of dummy text a bit of "
          text run at (309,128) width 78: "dummy text"
          text run at (0,144) width 363: "a bit of dummy text a bit of dummy text a bit of dummy "
          text run at (362,144) width 25: "text"
          text run at (0,160) width 387: "a bit of dummy text a bit of dummy text a bit of dummy text"
          text run at (0,176) width 12: "a "
          text run at (11,176) width 376: "bit of dummy text a bit of dummy text a bit of dummy text"
          text run at (0,192) width 50: "a bit of "
          text run at (49,192) width 338: "dummy text a bit of dummy text a bit of dummy text"
          text run at (0,208) width 103: "a bit of dummy "
          text run at (102,208) width 285: "text a bit of dummy text a bit of dummy text"
          text run at (0,224) width 142: "a bit of dummy text a "
          text run at (141,224) width 246: "bit of dummy text a bit of dummy text"
          text run at (0,240) width 180: "a bit of dummy text a bit of "
          text run at (179,240) width 208: "dummy text a bit of dummy text"
          text run at (0,256) width 233: "a bit of dummy text a bit of dummy "
          text run at (232,256) width 155: "text a bit of dummy text"
          text run at (0,272) width 272: "a bit of dummy text a bit of dummy text a "
          text run at (271,272) width 116: "bit of dummy text"
          text run at (0,288) width 310: "a bit of dummy text a bit of dummy text a bit of "
          text run at (309,288) width 78: "dummy text"
          text run at (0,304) width 363: "a bit of dummy text a bit of dummy text a bit of dummy "
          text run at (362,304) width 25: "text"
          text run at (0,320) width 387: "a bit of dummy text a bit of dummy text a bit of dummy text"
          text run at (0,336) width 12: "a "
          text run at (11,336) width 376: "bit of dummy text a bit of dummy text a bit of dummy text"
          text run at (0,352) width 50: "a bit of "
          text run at (49,352) width 338: "dummy text a bit of dummy text a bit of dummy text"
          text run at (0,368) width 103: "a bit of dummy "
          text run at (102,368) width 285: "text a bit of dummy text a bit of dummy text"
          text run at (0,384) width 142: "a bit of dummy text a "
          text run at (141,384) width 246: "bit of dummy text a bit of dummy text"
          text run at (0,400) width 180: "a bit of dummy text a bit of "
          text run at (179,400) width 208: "dummy text a bit of dummy text"
          text run at (0,416) width 233: "a bit of dummy text a bit of dummy "
          text run at (232,416) width 155: "text a bit of dummy text"
          text run at (0,432) width 233: "a bit of dummy text a bit of dummy "
          text run at (232,432) width 25: "text"
