layer at (0,0) size 800x600
  RenderView at (0,0) size 800x600
layer at (0,0) size 800x151
  RenderBlock {HTML} at (0,0) size 800x151
    RenderBody {BODY} at (8,16) size 784x127
      RenderBlock {P} at (0,0) size 784x16
        RenderText {#text} at (0,0) size 409x16
          text run at (0,0) width 409: "The square below should be exactly 50 pixels wide on the ruler."
      RenderBlock {DIV} at (0,32) size 784x95
        RenderImage {IMG} at (0,0) size 50x50
