layer at (0,0) size 800x600
  RenderView at (0,0) size 800x600
layer at (0,0) size 800x88
  RenderBlock {HTML} at (0,0) size 800x88
    RenderBody {BODY} at (8,16) size 784x64
      RenderBlock {P} at (0,0) size 784x16
        RenderText {#text} at (0,0) size 283x16
          text run at (0,0) width 283: "The following two lines should be identical:"
      RenderBlock {DIV} at (0,32) size 784x16
        RenderInline {SPAN} at (0,0) size 12x16
          RenderInline {<pseudo:before>} at (0,0) size 12x16
            RenderCounter at (0,0) size 8x16
              text run at (0,0) width 8: "0"
            RenderTextFragment at (8,0) size 4x16
              text run at (8,0) width 4: " "
        RenderInline {SPAN} at (0,0) size 8x16
          RenderInline {SPAN} at (0,0) size 8x16
            RenderInline {<pseudo:before>} at (0,0) size 8x16
              RenderCounter at (12,0) size 8x16
                text run at (12,0) width 8: "1"
              RenderTextFragment at (0,0) size 0x0
      RenderBlock {DIV} at (0,48) size 784x16
        RenderText {#text} at (0,0) size 20x16
          text run at (0,0) width 20: "0 1"
