layer at (0,0) size 800x600
  RenderView at (0,0) size 800x600
layer at (0,0) size 800x88
  RenderBlock {HTML} at (0,0) size 800x88
    RenderBody {BODY} at (8,16) size 784x64
      RenderBlock {P} at (0,0) size 784x16
        RenderText {#text} at (0,0) size 284x16
          text run at (0,0) width 284: "The following two lines should be the same:"
      RenderBlock {DIV} at (0,32) size 784x16
        RenderInline {SPAN} at (0,0) size 195x16
          RenderInline {<pseudo:before>} at (0,0) size 24x16
            RenderTextFragment at (0,0) size 11x16
              text run at (0,0) width 11: "B"
            RenderCounter at (10,0) size 9x16
              text run at (10,0) width 9: "1"
            RenderTextFragment at (18,0) size 6x16
              text run at (18,0) width 6: "-"
          RenderInline {SPAN} at (0,0) size 146x16
            RenderInline {<pseudo:before>} at (0,0) size 36x16
              RenderTextFragment at (24,0) size 11x16
                text run at (24,0) width 11: "B"
              RenderCounter at (34,0) size 21x16
                text run at (34,0) width 21: "1.1"
              RenderTextFragment at (54,0) size 6x16
                text run at (54,0) width 6: "-"
            RenderInline {SPAN} at (0,0) size 73x16
              RenderInline {<pseudo:before>} at (0,0) size 36x16
                RenderTextFragment at (60,0) size 11x16
                  text run at (60,0) width 11: "B"
                RenderCounter at (70,0) size 21x16
                  text run at (70,0) width 21: "1.2"
                RenderTextFragment at (90,0) size 6x16
                  text run at (90,0) width 6: "-"
              RenderInline {<pseudo:after>} at (0,0) size 37x16
                RenderTextFragment at (96,0) size 12x16
                  text run at (96,0) width 12: "A"
                RenderCounter at (107,0) size 21x16
                  text run at (107,0) width 21: "1.3"
                RenderTextFragment at (127,0) size 6x16
                  text run at (127,0) width 6: "-"
            RenderInline {<pseudo:after>} at (0,0) size 38x16
              RenderTextFragment at (132,0) size 13x16
                text run at (132,0) width 13: "A"
              RenderCounter at (144,0) size 21x16
                text run at (144,0) width 21: "1.4"
              RenderTextFragment at (164,0) size 6x16
                text run at (164,0) width 6: "-"
          RenderInline {<pseudo:after>} at (0,0) size 26x16
            RenderTextFragment at (169,0) size 13x16
              text run at (169,0) width 13: "A"
            RenderCounter at (181,0) size 9x16
              text run at (181,0) width 9: "2"
            RenderTextFragment at (189,0) size 6x16
              text run at (189,0) width 6: "-"
      RenderBlock {DIV} at (0,48) size 784x16
        RenderText {#text} at (0,0) size 195x16
          text run at (0,0) width 195: "B1-B1.1-B1.2-A1.3-A1.4-A2-"
