layer at (0,0) size 800x600
  RenderView at (0,0) size 800x600
layer at (0,0) size 800x88
  RenderBlock {HTML} at (0,0) size 800x88
    RenderBody {BODY} at (8,16) size 784x64
      RenderBlock {P} at (0,0) size 784x16
        RenderText {#text} at (0,0) size 221x16
          text run at (0,0) width 221: "The following should be identical:"
      RenderBlock {DIV} at (0,32) size 784x16
        RenderInline {SPAN} at (0,0) size 8x16
          RenderInline {<pseudo:before>} at (0,0) size 8x16
            RenderCounter at (0,0) size 8x16
              text run at (0,0) width 8: "1"
        RenderInline {SPAN} at (0,0) size 8x16
          RenderInline {<pseudo:before>} at (0,0) size 8x16
            RenderCounter at (8,0) size 8x16
              text run at (8,0) width 8: "2"
      RenderBlock {DIV} at (0,48) size 784x16
        RenderText {#text} at (0,0) size 16x16
          text run at (0,0) width 16: "12"
