layer at (0,0) size 800x600
  RenderView at (0,0) size 800x600
layer at (0,0) size 800x184
  RenderBlock {HTML} at (0,0) size 800x184
    RenderBody {BODY} at (8,16) size 784x160
      RenderBlock {P} at (0,0) size 784x16 [color=#000080]
        RenderText {#text} at (0,0) size 773x16
          text run at (0,0) width 773: "There should be eight numbered lines below, all identical except for the numbering, which should match the description."
      RenderListItem {DIV} at (0,32) size 784x16 [color=#000080]
        RenderListMarker at (0,0) size 16x16: "1"
        RenderText {#text} at (16,0) size 154x16
          text run at (16,0) width 154: "This should be line one."
      RenderBlock {DIV} at (0,48) size 784x16 [color=#000080]
        RenderText {#text} at (0,0) size 171x16
          text run at (0,0) width 171: "2. This should be line two."
      RenderBlock (anonymous) at (0,64) size 784x16
        RenderInline {DIV} at (0,0) size 96x16 [color=#000080]
          RenderText {#text} at (0,0) size 96x16
            text run at (0,0) width 96: "3. This should "
        RenderText {#text} at (0,0) size 0x0
        RenderInline {DIV} at (0,0) size 84x16 [color=#000080]
          RenderText {#text} at (95,0) size 84x16
            text run at (95,0) width 84: "be line three."
        RenderText {#text} at (0,0) size 0x0
      RenderBlock {DIV} at (0,80) size 784x16 [color=#000080]
        RenderText {#text} at (0,0) size 173x16
          text run at (0,0) width 173: "4. This should be line four."
      RenderBlock {DIV} at (0,96) size 784x16 [color=#000080]
        RenderText {#text} at (0,0) size 172x16
          text run at (0,0) width 172: "5. This should be line five."
        RenderText {#text} at (0,0) size 0x0
      RenderBlock {DIV} at (0,112) size 784x48 [color=#000080]
        RenderBlock (anonymous) at (0,0) size 784x16
          RenderText {#text} at (0,0) size 165x16
            text run at (0,0) width 165: "6. This should be line six."
        RenderBlock {A} at (0,16) size 784x16
          RenderText {#text} at (0,0) size 183x16
            text run at (0,0) width 183: "7. This should be line seven."
        RenderBlock (anonymous) at (0,32) size 784x16
          RenderText {#text} at (0,0) size 179x16
            text run at (0,0) width 179: "8. This should be line eight."
