layer at (0,0) size 800x600
  RenderView at (0,0) size 800x600
layer at (0,0) size 800x91
  RenderBlock {HTML} at (0,0) size 800x91
    RenderBody {BODY} at (8,16) size 784x67
      RenderBlock {P} at (0,0) size 784x16
        RenderText {#text} at (0,0) size 237x16
          text run at (0,0) width 237: "The following two lines should look "
        RenderInline {EM} at (0,0) size 93x16
          RenderText {#text} at (236,0) size 93x16
            text run at (236,0) width 93: "approximately"
        RenderText {#text} at (328,0) size 66x16
          text run at (328,0) width 66: " the same:"
      RenderBlock {DIV} at (0,32) size 784x19
        RenderInline {SPAN} at (0,0) size 22x16
          RenderInline {<pseudo:before>} at (0,0) size 22x16
            RenderCounter at (0,3) size 22x16
              text run at (0,3) width 22: "\x{25A0}.\x{25A0}"
        RenderText {#text} at (21,3) size 5x16
          text run at (21,3) width 5: " "
        RenderInline {SPAN} at (0,0) size 22x16
          RenderInline {<pseudo:before>} at (0,0) size 22x16
            RenderCounter at (25,3) size 22x16
              text run at (25,3) width 22: "\x{25A0}.\x{25A0}"
        RenderText {#text} at (46,3) size 5x16
          text run at (46,3) width 5: " "
        RenderInline {SPAN} at (0,0) size 23x16
          RenderInline {<pseudo:before>} at (0,0) size 23x16
            RenderCounter at (50,3) size 23x16
              text run at (50,3) width 23: "\x{25A0}.\x{25A0}"
        RenderText {#text} at (72,3) size 5x16
          text run at (72,3) width 5: " "
        RenderInline {SPAN} at (0,0) size 22x16
          RenderInline {<pseudo:before>} at (0,0) size 22x16
            RenderCounter at (76,3) size 22x16
              text run at (76,3) width 22: "\x{25A0}.\x{25A0}"
        RenderText {#text} at (97,3) size 5x16
          text run at (97,3) width 5: " "
        RenderInline {SPAN} at (0,0) size 22x16
          RenderInline {<pseudo:before>} at (0,0) size 22x16
            RenderCounter at (101,3) size 22x16
              text run at (101,3) width 22: "\x{25A0}.\x{25A0}"
        RenderText {#text} at (122,3) size 5x16
          text run at (122,3) width 5: " "
        RenderInline {SPAN} at (0,0) size 23x16
          RenderInline {<pseudo:before>} at (0,0) size 23x16
            RenderCounter at (126,3) size 23x16
              text run at (126,3) width 23: "\x{25A0}.\x{25A0}"
        RenderText {#text} at (148,3) size 5x16
          text run at (148,3) width 5: " "
        RenderInline {SPAN} at (0,0) size 22x16
          RenderInline {<pseudo:before>} at (0,0) size 22x16
            RenderCounter at (152,3) size 22x16
              text run at (152,3) width 22: "\x{25A0}.\x{25A0}"
        RenderText {#text} at (173,3) size 5x16
          text run at (173,3) width 5: " "
        RenderInline {SPAN} at (0,0) size 22x16
          RenderInline {<pseudo:before>} at (0,0) size 22x16
            RenderCounter at (177,3) size 22x16
              text run at (177,3) width 22: "\x{25A0}.\x{25A0}"
        RenderText {#text} at (198,3) size 5x16
          text run at (198,3) width 5: " "
        RenderInline {SPAN} at (0,0) size 23x16
          RenderInline {<pseudo:before>} at (0,0) size 23x16
            RenderCounter at (202,3) size 23x16
              text run at (202,3) width 23: "\x{25A0}.\x{25A0}"
        RenderText {#text} at (224,3) size 5x16
          text run at (224,3) width 5: " "
        RenderInline {SPAN} at (0,0) size 22x16
          RenderInline {<pseudo:before>} at (0,0) size 22x16
            RenderCounter at (228,3) size 22x16
              text run at (228,3) width 22: "\x{25A0}.\x{25A0}"
        RenderText {#text} at (249,3) size 5x16
          text run at (249,3) width 5: " "
        RenderInline {SPAN} at (0,0) size 22x16
          RenderInline {<pseudo:before>} at (0,0) size 22x16
            RenderCounter at (253,3) size 22x16
              text run at (253,3) width 22: "\x{25A0}.\x{25A0}"
        RenderText {#text} at (274,3) size 5x16
          text run at (274,3) width 5: " "
        RenderInline {SPAN} at (0,0) size 23x16
          RenderInline {<pseudo:before>} at (0,0) size 23x16
            RenderCounter at (278,3) size 23x16
              text run at (278,3) width 23: "\x{25A0}.\x{25A0}"
        RenderText {#text} at (0,0) size 0x0
      RenderBlock {DIV} at (0,51) size 784x16
        RenderText {#text} at (0,0) size 370x16
          text run at (0,0) width 32: "\x{25FE}.\x{25FE} "
          text run at (31,0) width 32: "\x{25FE}.\x{25FE} "
          text run at (62,0) width 32: "\x{25FE}.\x{25FE} "
          text run at (93,0) width 32: "\x{25FE}.\x{25FE} "
          text run at (124,0) width 32: "\x{25FE}.\x{25FE} "
          text run at (155,0) width 32: "\x{25FE}.\x{25FE} "
          text run at (186,0) width 32: "\x{25FE}.\x{25FE} "
          text run at (217,0) width 32: "\x{25FE}.\x{25FE} "
          text run at (248,0) width 32: "\x{25FE}.\x{25FE} "
          text run at (279,0) width 33: "\x{25FE}.\x{25FE} "
          text run at (311,0) width 32: "\x{25FE}.\x{25FE} "
          text run at (342,0) width 28: "\x{25FE}.\x{25FE}"
