layer at (0,0) size 785x2608
  RenderView at (0,0) size 785x600
layer at (0,0) size 785x2608
  RenderBlock {HTML} at (0,0) size 785x2608
    RenderBody {BODY} at (8,8) size 769x2592
      RenderBlock {DIV} at (0,0) size 769x16 [color=#C0C0C0]
        RenderText {#text} at (0,0) size 85x16
          text run at (0,0) width 85: "Dummy text."
      RenderBlock {DIV} at (0,16) size 769x16 [color=#C0C0C0]
        RenderText {#text} at (0,0) size 85x16
          text run at (0,0) width 85: "Dummy text."
      RenderBlock {DIV} at (0,32) size 769x16 [color=#C0C0C0]
        RenderText {#text} at (0,0) size 85x16
          text run at (0,0) width 85: "Dummy text."
      RenderBlock {P} at (0,64) size 769x16
        RenderText {#text} at (0,0) size 631x16
          text run at (0,0) width 405: "Scroll this document. A line of blue should remain stuck at the "
          text run at (404,0) width 227: "top of the viewport the whole time."
      RenderBlock {DIV} at (0,96) size 769x16 [color=#C0C0C0]
        RenderText {#text} at (0,0) size 85x16
          text run at (0,0) width 85: "Dummy text."
      RenderBlock {DIV} at (0,112) size 769x16 [color=#C0C0C0]
        RenderText {#text} at (0,0) size 85x16
          text run at (0,0) width 85: "Dummy text."
      RenderBlock {DIV} at (0,128) size 769x16 [color=#C0C0C0]
        RenderText {#text} at (0,0) size 85x16
          text run at (0,0) width 85: "Dummy text."
      RenderBlock {DIV} at (0,144) size 769x16 [color=#C0C0C0]
        RenderText {#text} at (0,0) size 85x16
          text run at (0,0) width 85: "Dummy text."
      RenderBlock {DIV} at (0,160) size 769x16 [color=#C0C0C0]
        RenderText {#text} at (0,0) size 85x16
          text run at (0,0) width 85: "Dummy text."
      RenderBlock {DIV} at (0,176) size 769x16 [color=#C0C0C0]
        RenderText {#text} at (0,0) size 85x16
          text run at (0,0) width 85: "Dummy text."
      RenderBlock {DIV} at (0,192) size 769x16 [color=#C0C0C0]
        RenderText {#text} at (0,0) size 85x16
          text run at (0,0) width 85: "Dummy text."
      RenderBlock {DIV} at (0,208) size 769x16 [color=#C0C0C0]
        RenderText {#text} at (0,0) size 85x16
          text run at (0,0) width 85: "Dummy text."
      RenderBlock {DIV} at (0,224) size 769x16 [color=#C0C0C0]
        RenderText {#text} at (0,0) size 85x16
          text run at (0,0) width 85: "Dummy text."
      RenderBlock {DIV} at (0,240) size 769x16 [color=#C0C0C0]
        RenderText {#text} at (0,0) size 85x16
          text run at (0,0) width 85: "Dummy text."
      RenderBlock {DIV} at (0,256) size 769x16 [color=#C0C0C0]
        RenderText {#text} at (0,0) size 85x16
          text run at (0,0) width 85: "Dummy text."
      RenderBlock {DIV} at (0,272) size 769x16 [color=#C0C0C0]
        RenderText {#text} at (0,0) size 85x16
          text run at (0,0) width 85: "Dummy text."
      RenderBlock {DIV} at (0,288) size 769x16 [color=#C0C0C0]
        RenderText {#text} at (0,0) size 85x16
          text run at (0,0) width 85: "Dummy text."
      RenderBlock {DIV} at (0,304) size 769x16 [color=#C0C0C0]
        RenderText {#text} at (0,0) size 85x16
          text run at (0,0) width 85: "Dummy text."
      RenderBlock {DIV} at (0,320) size 769x16 [color=#C0C0C0]
        RenderText {#text} at (0,0) size 85x16
          text run at (0,0) width 85: "Dummy text."
      RenderBlock {DIV} at (0,336) size 769x16 [color=#C0C0C0]
        RenderText {#text} at (0,0) size 85x16
          text run at (0,0) width 85: "Dummy text."
      RenderBlock {DIV} at (0,352) size 769x16 [color=#C0C0C0]
        RenderText {#text} at (0,0) size 85x16
          text run at (0,0) width 85: "Dummy text."
      RenderBlock {DIV} at (0,368) size 769x16 [color=#C0C0C0]
        RenderText {#text} at (0,0) size 85x16
          text run at (0,0) width 85: "Dummy text."
      RenderBlock {DIV} at (0,384) size 769x16 [color=#C0C0C0]
        RenderText {#text} at (0,0) size 85x16
          text run at (0,0) width 85: "Dummy text."
      RenderBlock {DIV} at (0,400) size 769x16 [color=#C0C0C0]
        RenderText {#text} at (0,0) size 85x16
          text run at (0,0) width 85: "Dummy text."
      RenderBlock {DIV} at (0,416) size 769x16 [color=#C0C0C0]
        RenderText {#text} at (0,0) size 85x16
          text run at (0,0) width 85: "Dummy text."
      RenderBlock {DIV} at (0,432) size 769x16 [color=#C0C0C0]
        RenderText {#text} at (0,0) size 85x16
          text run at (0,0) width 85: "Dummy text."
      RenderBlock {DIV} at (0,448) size 769x16 [color=#C0C0C0]
        RenderText {#text} at (0,0) size 85x16
          text run at (0,0) width 85: "Dummy text."
      RenderBlock {DIV} at (0,464) size 769x16 [color=#C0C0C0]
        RenderText {#text} at (0,0) size 85x16
          text run at (0,0) width 85: "Dummy text."
      RenderBlock {DIV} at (0,480) size 769x16 [color=#C0C0C0]
        RenderText {#text} at (0,0) size 85x16
          text run at (0,0) width 85: "Dummy text."
      RenderBlock {DIV} at (0,496) size 769x16 [color=#C0C0C0]
        RenderText {#text} at (0,0) size 85x16
          text run at (0,0) width 85: "Dummy text."
      RenderBlock {DIV} at (0,512) size 769x16 [color=#C0C0C0]
        RenderText {#text} at (0,0) size 85x16
          text run at (0,0) width 85: "Dummy text."
      RenderBlock {DIV} at (0,528) size 769x16 [color=#C0C0C0]
        RenderText {#text} at (0,0) size 85x16
          text run at (0,0) width 85: "Dummy text."
      RenderBlock {DIV} at (0,544) size 769x16 [color=#C0C0C0]
        RenderText {#text} at (0,0) size 85x16
          text run at (0,0) width 85: "Dummy text."
      RenderBlock {DIV} at (0,560) size 769x16 [color=#C0C0C0]
        RenderText {#text} at (0,0) size 85x16
          text run at (0,0) width 85: "Dummy text."
      RenderBlock {DIV} at (0,576) size 769x16 [color=#C0C0C0]
        RenderText {#text} at (0,0) size 85x16
          text run at (0,0) width 85: "Dummy text."
      RenderBlock {DIV} at (0,592) size 769x16 [color=#C0C0C0]
        RenderText {#text} at (0,0) size 85x16
          text run at (0,0) width 85: "Dummy text."
      RenderBlock {DIV} at (0,608) size 769x16 [color=#C0C0C0]
        RenderText {#text} at (0,0) size 85x16
          text run at (0,0) width 85: "Dummy text."
      RenderBlock {DIV} at (0,624) size 769x16 [color=#C0C0C0]
        RenderText {#text} at (0,0) size 85x16
          text run at (0,0) width 85: "Dummy text."
      RenderBlock {DIV} at (0,640) size 769x16 [color=#C0C0C0]
        RenderText {#text} at (0,0) size 85x16
          text run at (0,0) width 85: "Dummy text."
      RenderBlock {DIV} at (0,656) size 769x16 [color=#C0C0C0]
        RenderText {#text} at (0,0) size 85x16
          text run at (0,0) width 85: "Dummy text."
      RenderBlock {DIV} at (0,672) size 769x16 [color=#C0C0C0]
        RenderText {#text} at (0,0) size 85x16
          text run at (0,0) width 85: "Dummy text."
      RenderBlock {DIV} at (0,688) size 769x16 [color=#C0C0C0]
        RenderText {#text} at (0,0) size 85x16
          text run at (0,0) width 85: "Dummy text."
      RenderBlock {DIV} at (0,704) size 769x16 [color=#C0C0C0]
        RenderText {#text} at (0,0) size 85x16
          text run at (0,0) width 85: "Dummy text."
      RenderBlock {DIV} at (0,720) size 769x16 [color=#C0C0C0]
        RenderText {#text} at (0,0) size 85x16
          text run at (0,0) width 85: "Dummy text."
      RenderBlock {DIV} at (0,736) size 769x16 [color=#C0C0C0]
        RenderText {#text} at (0,0) size 85x16
          text run at (0,0) width 85: "Dummy text."
      RenderBlock {DIV} at (0,752) size 769x16 [color=#C0C0C0]
        RenderText {#text} at (0,0) size 85x16
          text run at (0,0) width 85: "Dummy text."
      RenderBlock {DIV} at (0,768) size 769x16 [color=#C0C0C0]
        RenderText {#text} at (0,0) size 85x16
          text run at (0,0) width 85: "Dummy text."
      RenderBlock {DIV} at (0,784) size 769x16 [color=#C0C0C0]
        RenderText {#text} at (0,0) size 85x16
          text run at (0,0) width 85: "Dummy text."
      RenderBlock {DIV} at (0,800) size 769x16 [color=#C0C0C0]
        RenderText {#text} at (0,0) size 85x16
          text run at (0,0) width 85: "Dummy text."
      RenderBlock {DIV} at (0,816) size 769x16 [color=#C0C0C0]
        RenderText {#text} at (0,0) size 85x16
          text run at (0,0) width 85: "Dummy text."
      RenderBlock {DIV} at (0,832) size 769x16 [color=#C0C0C0]
        RenderText {#text} at (0,0) size 85x16
          text run at (0,0) width 85: "Dummy text."
      RenderBlock {DIV} at (0,848) size 769x16 [color=#C0C0C0]
        RenderText {#text} at (0,0) size 85x16
          text run at (0,0) width 85: "Dummy text."
      RenderBlock {DIV} at (0,864) size 769x16 [color=#C0C0C0]
        RenderText {#text} at (0,0) size 85x16
          text run at (0,0) width 85: "Dummy text."
      RenderBlock {DIV} at (0,880) size 769x16 [color=#C0C0C0]
        RenderText {#text} at (0,0) size 85x16
          text run at (0,0) width 85: "Dummy text."
      RenderBlock {DIV} at (0,896) size 769x16 [color=#C0C0C0]
        RenderText {#text} at (0,0) size 85x16
          text run at (0,0) width 85: "Dummy text."
      RenderBlock {DIV} at (0,912) size 769x16 [color=#C0C0C0]
        RenderText {#text} at (0,0) size 85x16
          text run at (0,0) width 85: "Dummy text."
      RenderBlock {DIV} at (0,928) size 769x16 [color=#C0C0C0]
        RenderText {#text} at (0,0) size 85x16
          text run at (0,0) width 85: "Dummy text."
      RenderBlock {DIV} at (0,944) size 769x16 [color=#C0C0C0]
        RenderText {#text} at (0,0) size 85x16
          text run at (0,0) width 85: "Dummy text."
      RenderBlock {DIV} at (0,960) size 769x16 [color=#C0C0C0]
        RenderText {#text} at (0,0) size 85x16
          text run at (0,0) width 85: "Dummy text."
      RenderBlock {DIV} at (0,976) size 769x16 [color=#C0C0C0]
        RenderText {#text} at (0,0) size 85x16
          text run at (0,0) width 85: "Dummy text."
      RenderBlock {DIV} at (0,992) size 769x16 [color=#C0C0C0]
        RenderText {#text} at (0,0) size 85x16
          text run at (0,0) width 85: "Dummy text."
      RenderBlock {DIV} at (0,1008) size 769x16 [color=#C0C0C0]
        RenderText {#text} at (0,0) size 85x16
          text run at (0,0) width 85: "Dummy text."
      RenderBlock {DIV} at (0,1024) size 769x16 [color=#C0C0C0]
        RenderText {#text} at (0,0) size 85x16
          text run at (0,0) width 85: "Dummy text."
      RenderBlock {DIV} at (0,1040) size 769x16 [color=#C0C0C0]
        RenderText {#text} at (0,0) size 85x16
          text run at (0,0) width 85: "Dummy text."
      RenderBlock {DIV} at (0,1056) size 769x16 [color=#C0C0C0]
        RenderText {#text} at (0,0) size 85x16
          text run at (0,0) width 85: "Dummy text."
      RenderBlock {DIV} at (0,1072) size 769x16 [color=#C0C0C0]
        RenderText {#text} at (0,0) size 85x16
          text run at (0,0) width 85: "Dummy text."
      RenderBlock {DIV} at (0,1088) size 769x16 [color=#C0C0C0]
        RenderText {#text} at (0,0) size 85x16
          text run at (0,0) width 85: "Dummy text."
      RenderBlock {DIV} at (0,1104) size 769x16 [color=#C0C0C0]
        RenderText {#text} at (0,0) size 85x16
          text run at (0,0) width 85: "Dummy text."
      RenderBlock {DIV} at (0,1120) size 769x16 [color=#C0C0C0]
        RenderText {#text} at (0,0) size 85x16
          text run at (0,0) width 85: "Dummy text."
      RenderBlock {DIV} at (0,1136) size 769x16 [color=#C0C0C0]
        RenderText {#text} at (0,0) size 85x16
          text run at (0,0) width 85: "Dummy text."
      RenderBlock {DIV} at (0,1152) size 769x16 [color=#C0C0C0]
        RenderText {#text} at (0,0) size 85x16
          text run at (0,0) width 85: "Dummy text."
      RenderBlock {DIV} at (0,1168) size 769x16 [color=#C0C0C0]
        RenderText {#text} at (0,0) size 85x16
          text run at (0,0) width 85: "Dummy text."
      RenderBlock {DIV} at (0,1184) size 769x16 [color=#C0C0C0]
        RenderText {#text} at (0,0) size 85x16
          text run at (0,0) width 85: "Dummy text."
      RenderBlock {DIV} at (0,1200) size 769x16 [color=#C0C0C0]
        RenderText {#text} at (0,0) size 85x16
          text run at (0,0) width 85: "Dummy text."
      RenderBlock {DIV} at (0,1216) size 769x16 [color=#C0C0C0]
        RenderText {#text} at (0,0) size 85x16
          text run at (0,0) width 85: "Dummy text."
      RenderBlock {DIV} at (0,1232) size 769x16 [color=#C0C0C0]
        RenderText {#text} at (0,0) size 85x16
          text run at (0,0) width 85: "Dummy text."
      RenderBlock {DIV} at (0,1248) size 769x16 [color=#C0C0C0]
        RenderText {#text} at (0,0) size 85x16
          text run at (0,0) width 85: "Dummy text."
      RenderBlock {DIV} at (0,1264) size 769x16 [color=#C0C0C0]
        RenderText {#text} at (0,0) size 85x16
          text run at (0,0) width 85: "Dummy text."
      RenderBlock {DIV} at (0,1280) size 769x16 [color=#C0C0C0]
        RenderText {#text} at (0,0) size 85x16
          text run at (0,0) width 85: "Dummy text."
      RenderBlock {DIV} at (0,1296) size 769x16 [color=#C0C0C0]
        RenderText {#text} at (0,0) size 85x16
          text run at (0,0) width 85: "Dummy text."
      RenderBlock {DIV} at (0,1312) size 769x16 [color=#C0C0C0]
        RenderText {#text} at (0,0) size 85x16
          text run at (0,0) width 85: "Dummy text."
      RenderBlock {DIV} at (0,1328) size 769x16 [color=#C0C0C0]
        RenderText {#text} at (0,0) size 85x16
          text run at (0,0) width 85: "Dummy text."
      RenderBlock {DIV} at (0,1344) size 769x16 [color=#C0C0C0]
        RenderText {#text} at (0,0) size 85x16
          text run at (0,0) width 85: "Dummy text."
      RenderBlock {DIV} at (0,1360) size 769x16 [color=#C0C0C0]
        RenderText {#text} at (0,0) size 85x16
          text run at (0,0) width 85: "Dummy text."
      RenderBlock {DIV} at (0,1376) size 769x16 [color=#C0C0C0]
        RenderText {#text} at (0,0) size 85x16
          text run at (0,0) width 85: "Dummy text."
      RenderBlock {DIV} at (0,1392) size 769x16 [color=#C0C0C0]
        RenderText {#text} at (0,0) size 85x16
          text run at (0,0) width 85: "Dummy text."
      RenderBlock {DIV} at (0,1408) size 769x16 [color=#C0C0C0]
        RenderText {#text} at (0,0) size 85x16
          text run at (0,0) width 85: "Dummy text."
      RenderBlock {DIV} at (0,1424) size 769x16 [color=#C0C0C0]
        RenderText {#text} at (0,0) size 85x16
          text run at (0,0) width 85: "Dummy text."
      RenderBlock {DIV} at (0,1440) size 769x16 [color=#C0C0C0]
        RenderText {#text} at (0,0) size 85x16
          text run at (0,0) width 85: "Dummy text."
      RenderBlock {DIV} at (0,1456) size 769x16 [color=#C0C0C0]
        RenderText {#text} at (0,0) size 85x16
          text run at (0,0) width 85: "Dummy text."
      RenderBlock {DIV} at (0,1472) size 769x16 [color=#C0C0C0]
        RenderText {#text} at (0,0) size 85x16
          text run at (0,0) width 85: "Dummy text."
      RenderBlock {DIV} at (0,1488) size 769x16 [color=#C0C0C0]
        RenderText {#text} at (0,0) size 85x16
          text run at (0,0) width 85: "Dummy text."
      RenderBlock {DIV} at (0,1504) size 769x16 [color=#C0C0C0]
        RenderText {#text} at (0,0) size 85x16
          text run at (0,0) width 85: "Dummy text."
      RenderBlock {DIV} at (0,1520) size 769x16 [color=#C0C0C0]
        RenderText {#text} at (0,0) size 85x16
          text run at (0,0) width 85: "Dummy text."
      RenderBlock {DIV} at (0,1536) size 769x16 [color=#C0C0C0]
        RenderText {#text} at (0,0) size 85x16
          text run at (0,0) width 85: "Dummy text."
      RenderBlock {DIV} at (0,1552) size 769x16 [color=#C0C0C0]
        RenderText {#text} at (0,0) size 85x16
          text run at (0,0) width 85: "Dummy text."
      RenderBlock {DIV} at (0,1568) size 769x16 [color=#C0C0C0]
        RenderText {#text} at (0,0) size 85x16
          text run at (0,0) width 85: "Dummy text."
      RenderBlock {DIV} at (0,1584) size 769x16 [color=#C0C0C0]
        RenderText {#text} at (0,0) size 85x16
          text run at (0,0) width 85: "Dummy text."
      RenderBlock {DIV} at (0,1600) size 769x16 [color=#C0C0C0]
        RenderText {#text} at (0,0) size 85x16
          text run at (0,0) width 85: "Dummy text."
      RenderBlock {DIV} at (0,1616) size 769x16 [color=#C0C0C0]
        RenderText {#text} at (0,0) size 85x16
          text run at (0,0) width 85: "Dummy text."
      RenderBlock {DIV} at (0,1632) size 769x16 [color=#C0C0C0]
        RenderText {#text} at (0,0) size 85x16
          text run at (0,0) width 85: "Dummy text."
      RenderBlock {DIV} at (0,1648) size 769x16 [color=#C0C0C0]
        RenderText {#text} at (0,0) size 85x16
          text run at (0,0) width 85: "Dummy text."
      RenderBlock {DIV} at (0,1664) size 769x16 [color=#C0C0C0]
        RenderText {#text} at (0,0) size 85x16
          text run at (0,0) width 85: "Dummy text."
      RenderBlock {DIV} at (0,1680) size 769x16 [color=#C0C0C0]
        RenderText {#text} at (0,0) size 85x16
          text run at (0,0) width 85: "Dummy text."
      RenderBlock {DIV} at (0,1696) size 769x16 [color=#C0C0C0]
        RenderText {#text} at (0,0) size 85x16
          text run at (0,0) width 85: "Dummy text."
      RenderBlock {DIV} at (0,1712) size 769x16 [color=#C0C0C0]
        RenderText {#text} at (0,0) size 85x16
          text run at (0,0) width 85: "Dummy text."
      RenderBlock {DIV} at (0,1728) size 769x16 [color=#C0C0C0]
        RenderText {#text} at (0,0) size 85x16
          text run at (0,0) width 85: "Dummy text."
      RenderBlock {DIV} at (0,1744) size 769x16 [color=#C0C0C0]
        RenderText {#text} at (0,0) size 85x16
          text run at (0,0) width 85: "Dummy text."
      RenderBlock {DIV} at (0,1760) size 769x16 [color=#C0C0C0]
        RenderText {#text} at (0,0) size 85x16
          text run at (0,0) width 85: "Dummy text."
      RenderBlock {DIV} at (0,1776) size 769x16 [color=#C0C0C0]
        RenderText {#text} at (0,0) size 85x16
          text run at (0,0) width 85: "Dummy text."
      RenderBlock {DIV} at (0,1792) size 769x16 [color=#C0C0C0]
        RenderText {#text} at (0,0) size 85x16
          text run at (0,0) width 85: "Dummy text."
      RenderBlock {DIV} at (0,1808) size 769x16 [color=#C0C0C0]
        RenderText {#text} at (0,0) size 85x16
          text run at (0,0) width 85: "Dummy text."
      RenderBlock {DIV} at (0,1824) size 769x16 [color=#C0C0C0]
        RenderText {#text} at (0,0) size 85x16
          text run at (0,0) width 85: "Dummy text."
      RenderBlock {DIV} at (0,1840) size 769x16 [color=#C0C0C0]
        RenderText {#text} at (0,0) size 85x16
          text run at (0,0) width 85: "Dummy text."
      RenderBlock {DIV} at (0,1856) size 769x16 [color=#C0C0C0]
        RenderText {#text} at (0,0) size 85x16
          text run at (0,0) width 85: "Dummy text."
      RenderBlock {DIV} at (0,1872) size 769x16 [color=#C0C0C0]
        RenderText {#text} at (0,0) size 85x16
          text run at (0,0) width 85: "Dummy text."
      RenderBlock {DIV} at (0,1888) size 769x16 [color=#C0C0C0]
        RenderText {#text} at (0,0) size 85x16
          text run at (0,0) width 85: "Dummy text."
      RenderBlock {DIV} at (0,1904) size 769x16 [color=#C0C0C0]
        RenderText {#text} at (0,0) size 85x16
          text run at (0,0) width 85: "Dummy text."
      RenderBlock {DIV} at (0,1920) size 769x16 [color=#C0C0C0]
        RenderText {#text} at (0,0) size 85x16
          text run at (0,0) width 85: "Dummy text."
      RenderBlock {DIV} at (0,1936) size 769x16 [color=#C0C0C0]
        RenderText {#text} at (0,0) size 85x16
          text run at (0,0) width 85: "Dummy text."
      RenderBlock {DIV} at (0,1952) size 769x16 [color=#C0C0C0]
        RenderText {#text} at (0,0) size 85x16
          text run at (0,0) width 85: "Dummy text."
      RenderBlock {DIV} at (0,1968) size 769x16 [color=#C0C0C0]
        RenderText {#text} at (0,0) size 85x16
          text run at (0,0) width 85: "Dummy text."
      RenderBlock {DIV} at (0,1984) size 769x16 [color=#C0C0C0]
        RenderText {#text} at (0,0) size 85x16
          text run at (0,0) width 85: "Dummy text."
      RenderBlock {DIV} at (0,2000) size 769x16 [color=#C0C0C0]
        RenderText {#text} at (0,0) size 85x16
          text run at (0,0) width 85: "Dummy text."
      RenderBlock {DIV} at (0,2016) size 769x16 [color=#C0C0C0]
        RenderText {#text} at (0,0) size 85x16
          text run at (0,0) width 85: "Dummy text."
      RenderBlock {DIV} at (0,2032) size 769x16 [color=#C0C0C0]
        RenderText {#text} at (0,0) size 85x16
          text run at (0,0) width 85: "Dummy text."
      RenderBlock {DIV} at (0,2048) size 769x16 [color=#C0C0C0]
        RenderText {#text} at (0,0) size 85x16
          text run at (0,0) width 85: "Dummy text."
      RenderBlock {DIV} at (0,2064) size 769x16 [color=#C0C0C0]
        RenderText {#text} at (0,0) size 85x16
          text run at (0,0) width 85: "Dummy text."
      RenderBlock {DIV} at (0,2080) size 769x16 [color=#C0C0C0]
        RenderText {#text} at (0,0) size 85x16
          text run at (0,0) width 85: "Dummy text."
      RenderBlock {DIV} at (0,2096) size 769x16 [color=#C0C0C0]
        RenderText {#text} at (0,0) size 85x16
          text run at (0,0) width 85: "Dummy text."
      RenderBlock {DIV} at (0,2112) size 769x16 [color=#C0C0C0]
        RenderText {#text} at (0,0) size 85x16
          text run at (0,0) width 85: "Dummy text."
      RenderBlock {DIV} at (0,2128) size 769x16 [color=#C0C0C0]
        RenderText {#text} at (0,0) size 85x16
          text run at (0,0) width 85: "Dummy text."
      RenderBlock {DIV} at (0,2144) size 769x16 [color=#C0C0C0]
        RenderText {#text} at (0,0) size 85x16
          text run at (0,0) width 85: "Dummy text."
      RenderBlock {DIV} at (0,2160) size 769x16 [color=#C0C0C0]
        RenderText {#text} at (0,0) size 85x16
          text run at (0,0) width 85: "Dummy text."
      RenderBlock {DIV} at (0,2176) size 769x16 [color=#C0C0C0]
        RenderText {#text} at (0,0) size 85x16
          text run at (0,0) width 85: "Dummy text."
      RenderBlock {DIV} at (0,2192) size 769x16 [color=#C0C0C0]
        RenderText {#text} at (0,0) size 85x16
          text run at (0,0) width 85: "Dummy text."
      RenderBlock {DIV} at (0,2208) size 769x16 [color=#C0C0C0]
        RenderText {#text} at (0,0) size 85x16
          text run at (0,0) width 85: "Dummy text."
      RenderBlock {DIV} at (0,2224) size 769x16 [color=#C0C0C0]
        RenderText {#text} at (0,0) size 85x16
          text run at (0,0) width 85: "Dummy text."
      RenderBlock {DIV} at (0,2240) size 769x16 [color=#C0C0C0]
        RenderText {#text} at (0,0) size 85x16
          text run at (0,0) width 85: "Dummy text."
      RenderBlock {DIV} at (0,2256) size 769x16 [color=#C0C0C0]
        RenderText {#text} at (0,0) size 85x16
          text run at (0,0) width 85: "Dummy text."
      RenderBlock {DIV} at (0,2272) size 769x16 [color=#C0C0C0]
        RenderText {#text} at (0,0) size 85x16
          text run at (0,0) width 85: "Dummy text."
      RenderBlock {DIV} at (0,2288) size 769x16 [color=#C0C0C0]
        RenderText {#text} at (0,0) size 85x16
          text run at (0,0) width 85: "Dummy text."
      RenderBlock {DIV} at (0,2304) size 769x16 [color=#C0C0C0]
        RenderText {#text} at (0,0) size 85x16
          text run at (0,0) width 85: "Dummy text."
      RenderBlock {DIV} at (0,2320) size 769x16 [color=#C0C0C0]
        RenderText {#text} at (0,0) size 85x16
          text run at (0,0) width 85: "Dummy text."
      RenderBlock {DIV} at (0,2336) size 769x16 [color=#C0C0C0]
        RenderText {#text} at (0,0) size 85x16
          text run at (0,0) width 85: "Dummy text."
      RenderBlock {DIV} at (0,2352) size 769x16 [color=#C0C0C0]
        RenderText {#text} at (0,0) size 85x16
          text run at (0,0) width 85: "Dummy text."
      RenderBlock {DIV} at (0,2368) size 769x16 [color=#C0C0C0]
        RenderText {#text} at (0,0) size 85x16
          text run at (0,0) width 85: "Dummy text."
      RenderBlock {DIV} at (0,2384) size 769x16 [color=#C0C0C0]
        RenderText {#text} at (0,0) size 85x16
          text run at (0,0) width 85: "Dummy text."
      RenderBlock {DIV} at (0,2400) size 769x16 [color=#C0C0C0]
        RenderText {#text} at (0,0) size 85x16
          text run at (0,0) width 85: "Dummy text."
      RenderBlock {DIV} at (0,2416) size 769x16 [color=#C0C0C0]
        RenderText {#text} at (0,0) size 85x16
          text run at (0,0) width 85: "Dummy text."
      RenderBlock {DIV} at (0,2432) size 769x16 [color=#C0C0C0]
        RenderText {#text} at (0,0) size 85x16
          text run at (0,0) width 85: "Dummy text."
      RenderBlock {DIV} at (0,2448) size 769x16 [color=#C0C0C0]
        RenderText {#text} at (0,0) size 85x16
          text run at (0,0) width 85: "Dummy text."
      RenderBlock {DIV} at (0,2464) size 769x16 [color=#C0C0C0]
        RenderText {#text} at (0,0) size 85x16
          text run at (0,0) width 85: "Dummy text."
      RenderBlock {DIV} at (0,2480) size 769x16 [color=#C0C0C0]
        RenderText {#text} at (0,0) size 85x16
          text run at (0,0) width 85: "Dummy text."
      RenderBlock {DIV} at (0,2496) size 769x16 [color=#C0C0C0]
        RenderText {#text} at (0,0) size 85x16
          text run at (0,0) width 85: "Dummy text."
      RenderBlock {DIV} at (0,2512) size 769x16 [color=#C0C0C0]
        RenderText {#text} at (0,0) size 85x16
          text run at (0,0) width 85: "Dummy text."
      RenderBlock {DIV} at (0,2528) size 769x16 [color=#C0C0C0]
        RenderText {#text} at (0,0) size 85x16
          text run at (0,0) width 85: "Dummy text."
      RenderBlock {DIV} at (0,2544) size 769x16 [color=#C0C0C0]
        RenderText {#text} at (0,0) size 85x16
          text run at (0,0) width 85: "Dummy text."
      RenderBlock {DIV} at (0,2560) size 769x16 [color=#C0C0C0]
        RenderText {#text} at (0,0) size 85x16
          text run at (0,0) width 85: "Dummy text."
      RenderBlock {DIV} at (0,2576) size 769x16 [color=#C0C0C0]
        RenderText {#text} at (0,0) size 85x16
          text run at (0,0) width 85: "Dummy text."
