layer at (0,0) size 785x1841
  RenderView at (0,0) size 785x600
layer at (0,0) size 785x1841
  RenderBlock {HTML} at (0,0) size 785x1841
    RenderBody {BODY} at (8,16) size 769x1809
      RenderBlock {P} at (0,0) size 769x16 [color=#C0C0C0]
        RenderText {#text} at (0,0) size 85x16
          text run at (0,0) width 85: "Dummy text."
      RenderBlock {P} at (0,32) size 769x16 [color=#C0C0C0]
        RenderText {#text} at (0,0) size 85x16
          text run at (0,0) width 85: "Dummy text."
      RenderBlock {P} at (0,64) size 769x16 [color=#C0C0C0]
        RenderText {#text} at (0,0) size 85x16
          text run at (0,0) width 85: "Dummy text."
      RenderBlock {P} at (0,96) size 769x32
        RenderText {#text} at (0,0) size 759x32
          text run at (0,0) width 405: "Scroll this document. A line of blue should remain stuck at the "
          text run at (404,0) width 355: "top of the viewport the whole time, and there should be"
          text run at (0,16) width 45: "no red "
          text run at (44,16) width 183: "below, just a block of green."
      RenderBlock {DIV} at (30,144) size 165x75 [color=#008000] [bgcolor=#008000]
        RenderText {#text} at (0,0) size 165x75
          text run at (0,0) width 165: "          X"
          text run at (0,15) width 165: "          X"
          text run at (0,30) width 165: "          X"
          text run at (0,45) width 165: "          X"
          text run at (0,60) width 165: "          X"
      RenderBlock {DIV} at (30,219) size 165x75 [color=#008000] [bgcolor=#008000]
        RenderText {#text} at (0,0) size 165x75
          text run at (0,0) width 165: "     X     "
          text run at (0,15) width 165: "     X     "
          text run at (0,30) width 165: "     X     "
          text run at (0,45) width 165: "     X     "
          text run at (0,60) width 165: "     X     "
      RenderBlock {DIV} at (30,294) size 165x75 [color=#008000] [bgcolor=#008000]
        RenderText {#text} at (0,0) size 165x75
          text run at (0,0) width 165: "XXXXXXXXXXX"
          text run at (0,15) width 165: "           "
          text run at (0,30) width 165: "           "
          text run at (0,45) width 165: "           "
          text run at (0,60) width 165: "           "
      RenderBlock {P} at (0,385) size 769x16 [color=#C0C0C0]
        RenderText {#text} at (0,0) size 85x16
          text run at (0,0) width 85: "Dummy text."
      RenderBlock {P} at (0,417) size 769x16 [color=#C0C0C0]
        RenderText {#text} at (0,0) size 85x16
          text run at (0,0) width 85: "Dummy text."
      RenderBlock {P} at (0,449) size 769x16 [color=#C0C0C0]
        RenderText {#text} at (0,0) size 85x16
          text run at (0,0) width 85: "Dummy text."
      RenderBlock {P} at (0,481) size 769x16 [color=#C0C0C0]
        RenderText {#text} at (0,0) size 85x16
          text run at (0,0) width 85: "Dummy text."
      RenderBlock {P} at (0,513) size 769x16 [color=#C0C0C0]
        RenderText {#text} at (0,0) size 85x16
          text run at (0,0) width 85: "Dummy text."
      RenderBlock {P} at (0,545) size 769x16 [color=#C0C0C0]
        RenderText {#text} at (0,0) size 85x16
          text run at (0,0) width 85: "Dummy text."
      RenderBlock {P} at (0,577) size 769x16 [color=#C0C0C0]
        RenderText {#text} at (0,0) size 85x16
          text run at (0,0) width 85: "Dummy text."
      RenderBlock {P} at (0,609) size 769x16 [color=#C0C0C0]
        RenderText {#text} at (0,0) size 85x16
          text run at (0,0) width 85: "Dummy text."
      RenderBlock {P} at (0,641) size 769x16 [color=#C0C0C0]
        RenderText {#text} at (0,0) size 85x16
          text run at (0,0) width 85: "Dummy text."
      RenderBlock {P} at (0,673) size 769x16 [color=#C0C0C0]
        RenderText {#text} at (0,0) size 85x16
          text run at (0,0) width 85: "Dummy text."
      RenderBlock {P} at (0,705) size 769x16 [color=#C0C0C0]
        RenderText {#text} at (0,0) size 85x16
          text run at (0,0) width 85: "Dummy text."
      RenderBlock {P} at (0,737) size 769x16 [color=#C0C0C0]
        RenderText {#text} at (0,0) size 85x16
          text run at (0,0) width 85: "Dummy text."
      RenderBlock {P} at (0,769) size 769x16 [color=#C0C0C0]
        RenderText {#text} at (0,0) size 85x16
          text run at (0,0) width 85: "Dummy text."
      RenderBlock {P} at (0,801) size 769x16 [color=#C0C0C0]
        RenderText {#text} at (0,0) size 85x16
          text run at (0,0) width 85: "Dummy text."
      RenderBlock {P} at (0,833) size 769x16 [color=#C0C0C0]
        RenderText {#text} at (0,0) size 85x16
          text run at (0,0) width 85: "Dummy text."
      RenderBlock {P} at (0,865) size 769x16 [color=#C0C0C0]
        RenderText {#text} at (0,0) size 85x16
          text run at (0,0) width 85: "Dummy text."
      RenderBlock {P} at (0,897) size 769x16 [color=#C0C0C0]
        RenderText {#text} at (0,0) size 85x16
          text run at (0,0) width 85: "Dummy text."
      RenderBlock {P} at (0,929) size 769x16 [color=#C0C0C0]
        RenderText {#text} at (0,0) size 85x16
          text run at (0,0) width 85: "Dummy text."
      RenderBlock {P} at (0,961) size 769x16 [color=#C0C0C0]
        RenderText {#text} at (0,0) size 85x16
          text run at (0,0) width 85: "Dummy text."
      RenderBlock {P} at (0,993) size 769x16 [color=#C0C0C0]
        RenderText {#text} at (0,0) size 85x16
          text run at (0,0) width 85: "Dummy text."
      RenderBlock {P} at (0,1025) size 769x16 [color=#C0C0C0]
        RenderText {#text} at (0,0) size 85x16
          text run at (0,0) width 85: "Dummy text."
      RenderBlock {P} at (0,1057) size 769x16 [color=#C0C0C0]
        RenderText {#text} at (0,0) size 85x16
          text run at (0,0) width 85: "Dummy text."
      RenderBlock {P} at (0,1089) size 769x16 [color=#C0C0C0]
        RenderText {#text} at (0,0) size 85x16
          text run at (0,0) width 85: "Dummy text."
      RenderBlock {P} at (0,1121) size 769x16 [color=#C0C0C0]
        RenderText {#text} at (0,0) size 85x16
          text run at (0,0) width 85: "Dummy text."
      RenderBlock {P} at (0,1153) size 769x16 [color=#C0C0C0]
        RenderText {#text} at (0,0) size 85x16
          text run at (0,0) width 85: "Dummy text."
      RenderBlock {P} at (0,1185) size 769x16 [color=#C0C0C0]
        RenderText {#text} at (0,0) size 85x16
          text run at (0,0) width 85: "Dummy text."
      RenderBlock {P} at (0,1217) size 769x16 [color=#C0C0C0]
        RenderText {#text} at (0,0) size 85x16
          text run at (0,0) width 85: "Dummy text."
      RenderBlock {P} at (0,1249) size 769x16 [color=#C0C0C0]
        RenderText {#text} at (0,0) size 85x16
          text run at (0,0) width 85: "Dummy text."
      RenderBlock {P} at (0,1281) size 769x16 [color=#C0C0C0]
        RenderText {#text} at (0,0) size 85x16
          text run at (0,0) width 85: "Dummy text."
      RenderBlock {P} at (0,1313) size 769x16 [color=#C0C0C0]
        RenderText {#text} at (0,0) size 85x16
          text run at (0,0) width 85: "Dummy text."
      RenderBlock {P} at (0,1345) size 769x16 [color=#C0C0C0]
        RenderText {#text} at (0,0) size 85x16
          text run at (0,0) width 85: "Dummy text."
      RenderBlock {P} at (0,1377) size 769x16 [color=#C0C0C0]
        RenderText {#text} at (0,0) size 85x16
          text run at (0,0) width 85: "Dummy text."
      RenderBlock {P} at (0,1409) size 769x16 [color=#C0C0C0]
        RenderText {#text} at (0,0) size 85x16
          text run at (0,0) width 85: "Dummy text."
      RenderBlock {P} at (0,1441) size 769x16 [color=#C0C0C0]
        RenderText {#text} at (0,0) size 85x16
          text run at (0,0) width 85: "Dummy text."
      RenderBlock {P} at (0,1473) size 769x16 [color=#C0C0C0]
        RenderText {#text} at (0,0) size 85x16
          text run at (0,0) width 85: "Dummy text."
      RenderBlock {P} at (0,1505) size 769x16 [color=#C0C0C0]
        RenderText {#text} at (0,0) size 85x16
          text run at (0,0) width 85: "Dummy text."
      RenderBlock {P} at (0,1537) size 769x16 [color=#C0C0C0]
        RenderText {#text} at (0,0) size 85x16
          text run at (0,0) width 85: "Dummy text."
      RenderBlock {P} at (0,1569) size 769x16 [color=#C0C0C0]
        RenderText {#text} at (0,0) size 85x16
          text run at (0,0) width 85: "Dummy text."
      RenderBlock {P} at (0,1601) size 769x16 [color=#C0C0C0]
        RenderText {#text} at (0,0) size 85x16
          text run at (0,0) width 85: "Dummy text."
      RenderBlock {P} at (0,1633) size 769x16 [color=#C0C0C0]
        RenderText {#text} at (0,0) size 85x16
          text run at (0,0) width 85: "Dummy text."
      RenderBlock {P} at (0,1665) size 769x16 [color=#C0C0C0]
        RenderText {#text} at (0,0) size 85x16
          text run at (0,0) width 85: "Dummy text."
      RenderBlock {P} at (0,1697) size 769x16 [color=#C0C0C0]
        RenderText {#text} at (0,0) size 85x16
          text run at (0,0) width 85: "Dummy text."
      RenderBlock {P} at (0,1729) size 769x16 [color=#C0C0C0]
        RenderText {#text} at (0,0) size 85x16
          text run at (0,0) width 85: "Dummy text."
      RenderBlock {P} at (0,1761) size 769x16 [color=#C0C0C0]
        RenderText {#text} at (0,0) size 85x16
          text run at (0,0) width 85: "Dummy text."
      RenderBlock {P} at (0,1793) size 769x16 [color=#C0C0C0]
        RenderText {#text} at (0,0) size 85x16
          text run at (0,0) width 85: "Dummy text."
