layer at (0,0) size 800x600
  RenderView at (0,0) size 800x600
layer at (0,0) size 800x119
  RenderBlock {HTML} at (0,0) size 800x119.19
    RenderBody {BODY} at (8,9.59) size 784x100 [color=#000080]
      RenderBlock {P} at (0,0) size 784x100
        RenderText {#text} at (0,8) size 430x9
          text run at (0,8) width 430: "This test should be about 10px, sans-serif, and light. There should be about 15px between each line. "
        RenderInline {SPAN} at (0,0) size 782x84 [color=#C0C0C0]
          RenderText {#text} at (429,8) size 782x84
            text run at (429,8) width 297: "dummy text dummy text dummy text dummy text dummy text dummy "
            text run at (725,8) width 50: "text dummy"
            text run at (0,33) width 262: "text dummy text dummy text dummy text dummy text dummy "
            text run at (261,33) width 315: "text dummy text dummy text dummy text dummy text dummy text dummy "
            text run at (575,33) width 207: "text dummy text dummy text dummy text dummy"
            text run at (0,58) width 105: "text dummy text dummy "
            text run at (104,58) width 315: "text dummy text dummy text dummy text dummy text dummy text dummy "
            text run at (418,58) width 314: "text dummy text dummy text dummy text dummy text dummy text dummy "
            text run at (731,58) width 51: "text dummy"
            text run at (0,83) width 262: "text dummy text dummy text dummy text dummy text dummy "
            text run at (261,83) width 278: "text dummy text dummy text dummy text dummy text dummy text"
        RenderText {#text} at (0,0) size 0x0
