layer at (0,0) size 800x600
  RenderView at (0,0) size 800x600
layer at (0,0) size 800x252
  RenderBlock {HTML} at (0,0) size 800x252
    RenderBody {BODY} at (8,18) size 784x216 [color=#000080]
      RenderBlock {P} at (0,0) size 784x216
        RenderText {#text} at (0,4) size 753x45
          text run at (0,4) width 753: "This text should be 18px sans-serif, in small-caps, italicized, and very bold. There should be a"
          text run at (0,31) width 217: "9px gap between each line. "
        RenderInline {SPAN} at (0,0) size 766x180 [color=#C0C0C0]
          RenderText {#text} at (216,31) size 766x180
            text run at (216,31) width 517: "dummy text dummy text dummy text dummy text dummy text dummy "
            text run at (732,31) width 34: "text"
            text run at (0,58) width 516: "dummy text dummy text dummy text dummy text dummy text dummy "
            text run at (515,58) width 219: "text dummy text dummy text"
            text run at (0,85) width 332: "dummy text dummy text dummy text dummy "
            text run at (331,85) width 403: "text dummy text dummy text dummy text dummy text"
            text run at (0,112) width 147: "dummy text dummy "
            text run at (146,112) width 555: "text dummy text dummy text dummy text dummy text dummy text dummy "
            text run at (700,112) width 34: "text"
            text run at (0,139) width 516: "dummy text dummy text dummy text dummy text dummy text dummy "
            text run at (515,139) width 219: "text dummy text dummy text"
            text run at (0,166) width 332: "dummy text dummy text dummy text dummy "
            text run at (331,166) width 403: "text dummy text dummy text dummy text dummy text"
            text run at (0,193) width 88: "dummy text"
        RenderText {#text} at (0,0) size 0x0
