layer at (0,0) size 800x600
  RenderView at (0,0) size 800x600
layer at (0,0) size 800x414
  RenderBlock {HTML} at (0,0) size 800x414
    RenderBody {BODY} at (8,18) size 784x378 [color=#000080]
      RenderBlock {P} at (0,0) size 784x378
        RenderText {#text} at (0,18) size 763x72
          text run at (0,18) width 763: "This text should be 18px sans-serif, in small-caps, italicized, and very light. There should be a 36px"
          text run at (0,72) width 176: "gap between each line. "
        RenderInline {SPAN} at (0,0) size 759x288 [color=#C0C0C0]
          RenderText {#text} at (175,72) size 759x288
            text run at (175,72) width 498: "dummy text dummy text dummy text dummy text dummy text dummy "
            text run at (672,72) width 85: "text dummy"
            text run at (0,126) width 444: "text dummy text dummy text dummy text dummy text dummy "
            text run at (443,126) width 298: "text dummy text dummy text dummy text"
            text run at (0,180) width 231: "dummy text dummy text dummy "
            text run at (230,180) width 529: "text dummy text dummy text dummy text dummy text dummy text dummy"
            text run at (0,234) width 533: "text dummy text dummy text dummy text dummy text dummy text dummy "
            text run at (532,234) width 209: "text dummy text dummy text"
            text run at (0,288) width 320: "dummy text dummy text dummy text dummy "
            text run at (319,288) width 440: "text dummy text dummy text dummy text dummy text dummy"
            text run at (0,342) width 89: "text dummy "
            text run at (88,342) width 475: "text dummy text dummy text dummy text dummy text dummy text"
        RenderText {#text} at (0,0) size 0x0
