layer at (0,0) size 800x600
  RenderView at (0,0) size 800x600
layer at (0,0) size 800x225
  RenderBlock {HTML} at (0,0) size 800x225
    RenderBody {BODY} at (8,18) size 784x189 [color=#000080]
      RenderBlock {P} at (0,0) size 784x189
        RenderText {#text} at (0,4) size 663x18
          text run at (0,4) width 663: "This text should be 18px sans-serif. There should be a 9px gap between each line. "
        RenderInline {SPAN} at (0,0) size 780x180 [color=#C0C0C0]
          RenderText {#text} at (662,4) size 780x180
            text run at (662,4) width 94: "dummy text"
            text run at (0,31) width 457: "dummy text dummy text dummy text dummy text dummy "
            text run at (456,31) width 324: "text dummy text dummy text dummy text"
            text run at (0,58) width 261: "dummy text dummy text dummy "
            text run at (260,58) width 520: "text dummy text dummy text dummy text dummy text dummy text"
            text run at (0,85) width 65: "dummy "
            text run at (64,85) width 589: "text dummy text dummy text dummy text dummy text dummy text dummy "
            text run at (652,85) width 128: "text dummy text"
            text run at (0,112) width 457: "dummy text dummy text dummy text dummy text dummy "
            text run at (456,112) width 324: "text dummy text dummy text dummy text"
            text run at (0,139) width 261: "dummy text dummy text dummy "
            text run at (260,139) width 520: "text dummy text dummy text dummy text dummy text dummy text"
            text run at (0,166) width 65: "dummy "
            text run at (64,166) width 520: "text dummy text dummy text dummy text dummy text dummy text"
        RenderText {#text} at (0,0) size 0x0
