layer at (0,0) size 800x600
  RenderView at (0,0) size 800x600
layer at (0,0) size 800x225
  RenderBlock {HTML} at (0,0) size 800x225
    RenderBody {BODY} at (8,18) size 784x189 [color=#000080]
      RenderBlock {P} at (0,0) size 784x189
        RenderText {#text} at (0,4) size 557x19
          text run at (0,4) width 557: "This text should be 18px serif. There should be a 9px gap between each line. "
        RenderInline {SPAN} at (0,0) size 783x181 [color=#C0C0C0]
          RenderText {#text} at (556,4) size 783x181
            text run at (556,4) width 178: "dummy text dummy text"
            text run at (0,31) width 333: "dummy text dummy text dummy text dummy "
            text run at (332,31) width 451: "text dummy text dummy text dummy text dummy text dummy"
            text run at (0,58) width 91: "text dummy "
            text run at (90,58) width 547: "text dummy text dummy text dummy text dummy text dummy text dummy "
            text run at (636,58) width 119: "text dummy text"
            text run at (0,85) width 424: "dummy text dummy text dummy text dummy text dummy "
            text run at (423,85) width 360: "text dummy text dummy text dummy text dummy"
            text run at (0,112) width 182: "text dummy text dummy "
            text run at (181,112) width 547: "text dummy text dummy text dummy text dummy text dummy text dummy "
            text run at (727,112) width 28: "text"
            text run at (0,139) width 515: "dummy text dummy text dummy text dummy text dummy text dummy "
            text run at (514,139) width 269: "text dummy text dummy text dummy"
            text run at (0,166) width 209: "text dummy text dummy text"
        RenderText {#text} at (0,0) size 0x0
