layer at (0,0) size 800x600
  RenderView at (0,0) size 800x600
layer at (0,0) size 800x468
  RenderBlock {HTML} at (0,0) size 800x468
    RenderBody {BODY} at (8,18) size 784x432
      RenderBlock {P} at (0,0) size 784x432
        RenderInline {SPAN} at (0,0) size 782x396 [color=#FFFFFF] [bgcolor=#000080]
          RenderText {#text} at (0,18) size 763x72
            text run at (0,18) width 467: "This text should be 18px sans-serif, in small-caps, italicized, "
            text run at (466,18) width 297: "and very light. There should be a 36px"
            text run at (0,72) width 201: "gap betwen each line. The "
            text run at (200,72) width 444: "text should have a blue background, the gap should not. "
          RenderInline {SPAN} at (0,0) size 782x342 [color=#0000FF]
            RenderText {#text} at (643,72) size 782x342
              text run at (643,72) width 139: "dummy text dummy"
              text run at (0,126) width 355: "text dummy text dummy text dummy text dummy "
              text run at (354,126) width 387: "text dummy text dummy text dummy text dummy text"
              text run at (0,180) width 143: "dummy text dummy "
              text run at (142,180) width 533: "text dummy text dummy text dummy text dummy text dummy text dummy "
              text run at (674,180) width 85: "text dummy"
              text run at (0,234) width 444: "text dummy text dummy text dummy text dummy text dummy "
              text run at (443,234) width 298: "text dummy text dummy text dummy text"
              text run at (0,288) width 231: "dummy text dummy text dummy "
              text run at (230,288) width 529: "text dummy text dummy text dummy text dummy text dummy text dummy"
              text run at (0,342) width 533: "text dummy text dummy text dummy text dummy text dummy text dummy "
              text run at (532,342) width 209: "text dummy text dummy text"
              text run at (0,396) width 262: "dummy text dummy text dummy text"
          RenderText {#text} at (0,0) size 0x0
        RenderText {#text} at (0,0) size 0x0
