layer at (0,0) size 800x600
  RenderView at (0,0) size 800x600
layer at (0,0) size 800x91
  RenderBlock {HTML} at (0,0) size 800x91
    RenderBody {BODY} at (8,13) size 784x65 [color=#000080]
      RenderBlock {P} at (0,0) size 784x65
        RenderText {#text} at (0,0) size 613x13
          text run at (0,0) width 613: "This text should be 13px Helvetica in small-caps and italicized. There should be a small gap between each line. "
        RenderInline {SPAN} at (0,0) size 775x65 [color=#C0C0C0]
          RenderText {#text} at (612,0) size 775x65
            text run at (612,0) width 163: "dummy text dummy text dummy"
            text run at (0,13) width 193: "text dummy text dummy text dummy "
            text run at (192,13) width 386: "text dummy text dummy text dummy text dummy text dummy text dummy "
            text run at (577,13) width 191: "text dummy text dummy text dummy"
            text run at (0,26) width 193: "text dummy text dummy text dummy "
            text run at (192,26) width 386: "text dummy text dummy text dummy text dummy text dummy text dummy "
            text run at (577,26) width 191: "text dummy text dummy text dummy"
            text run at (0,39) width 193: "text dummy text dummy text dummy "
            text run at (192,39) width 386: "text dummy text dummy text dummy text dummy text dummy text dummy "
            text run at (577,39) width 191: "text dummy text dummy text dummy"
            text run at (0,52) width 193: "text dummy text dummy text dummy "
            text run at (192,52) width 345: "text dummy text dummy text dummy text dummy text dummy text"
        RenderText {#text} at (0,0) size 0x0
