layer at (0,0) size 800x600
  RenderView at (0,0) size 800x600
layer at (0,0) size 800x416
  RenderBlock {HTML} at (0,0) size 800x415.80
    RenderBody {BODY} at (8,16) size 784x383.80
      RenderBlock {P} at (0,0) size 784x16 [color=#000080]
        RenderText {#text} at (0,0) size 207x16
          text run at (0,0) width 207: "This sentence should be normal."
      RenderBlock {P} at (0,32) size 784x16 [color=#000080]
        RenderText {#text} at (0,0) size 303x16
          text run at (0,0) width 303: "This sentence should be bolder than normal."
      RenderBlock {P} at (0,64) size 784x16 [color=#000080]
        RenderText {#text} at (0,0) size 200x16
          text run at (0,0) width 200: "This sentence should be bold."
      RenderBlock {H4} at (0,101.27) size 784x16 [color=#000080]
        RenderText {#text} at (0,0) size 206x16
          text run at (0,0) width 206: "Whatever this line looks like..."
      RenderBlock {H4} at (0,138.53) size 784x16 [color=#000080]
        RenderText {#text} at (0,0) size 295x16
          text run at (0,0) width 295: "...this line should look bolder (or the same)."
      RenderBlock {P} at (0,175.80) size 784x16 [color=#000080]
        RenderInline {B} at (0,0) size 207x16
          RenderText {#text} at (0,0) size 207x16
            text run at (0,0) width 207: "This sentence should be normal."
        RenderText {#text} at (0,0) size 0x0
      RenderBlock {P} at (0,207.80) size 784x16 [color=#000080]
        RenderText {#text} at (0,0) size 224x16
          text run at (0,0) width 224: "This sentence should be very light."
      RenderBlock {P} at (0,239.80) size 784x16 [color=#000080]
        RenderText {#text} at (0,0) size 343x16
          text run at (0,0) width 343: "This sentence should be slightly bolder (or the same)."
      RenderBlock {P} at (0,271.80) size 784x16 [color=#000080]
        RenderText {#text} at (0,0) size 382x16
          text run at (0,0) width 382: "This sentence should be slightly bolder again (or the same)."
      RenderBlock {P} at (0,303.80) size 784x16 [color=#000080]
        RenderText {#text} at (0,0) size 425x16
          text run at (0,0) width 425: "This sentence should be slightly bolder still (but not the same)."
      RenderBlock {P} at (0,335.80) size 784x16 [color=#000080]
        RenderText {#text} at (0,0) size 516x16
          text run at (0,0) width 516: "This sentence should be the most bold (and maybe the same as the last one)."
      RenderBlock {P} at (0,367.80) size 784x16 [color=#000080]
        RenderText {#text} at (0,0) size 204x16
          text run at (0,0) width 204: "This sentence should be bold. "
        RenderInline {SPAN} at (0,0) size 208x16
          RenderText {#text} at (203,0) size 208x16
            text run at (203,0) width 208: "This sentence should be normal."
        RenderText {#text} at (0,0) size 0x0
