layer at (0,0) size 800x600
  RenderView at (0,0) size 800x600
layer at (0,0) size 800x80
  RenderBlock {HTML} at (0,0) size 800x80
    RenderBody {BODY} at (8,16) size 784x48
      RenderBlock {P} at (0,0) size 784x16 [color=#000080]
        RenderText {#text} at (0,0) size 267x16
          text run at (0,0) width 267: "This Paragraph should be in Small Caps."
      RenderBlock {P} at (0,32) size 784x16 [color=#000080]
        RenderText {#text} at (0,0) size 260x16
          text run at (0,0) width 260: "This Sentence should be in Small Caps. "
        RenderInline {SPAN} at (0,0) size 214x16
          RenderText {#text} at (259,0) size 214x16
            text run at (259,0) width 214: "This Sentence should be Normal."
        RenderText {#text} at (0,0) size 0x0
