layer at (0,0) size 800x600
  RenderView at (0,0) size 800x600
layer at (0,0) size 800x216
  RenderBlock {HTML} at (0,0) size 800x216
    RenderBody {BODY} at (8,16) size 784x192
      RenderBlock {P} at (0,0) size 784x32 [bgcolor=#00FFFF]
        RenderText {#text} at (392,0) size 759x32
          text run at (392,0) width 367: "The first line of this sentence should be indented halfway"
          text run at (0,16) width 68: "across the "
          text run at (67,16) width 426: "page, but the rest of it should be flush with the normal left margin "
          text run at (492,16) width 76: "of the page."
      RenderBlock {P} at (0,48) size 784x64 [bgcolor=#00FFFF]
        RenderText {#text} at (80,0) size 217x16
          text run at (80,0) width 217: "Only the first line of this sentence"
        RenderBR {BR} at (296,0) size 1x16
        RenderText {#text} at (0,16) size 125x16
          text run at (0,16) width 125: "should be indented,"
        RenderBR {BR} at (124,16) size 1x16
        RenderText {#text} at (0,32) size 149x16
          text run at (0,32) width 149: "the others should all be"
        RenderBR {BR} at (148,32) size 1x16
        RenderInline {EM} at (0,0) size 116x16
          RenderText {#text} at (0,48) size 116x16
            text run at (0,48) width 116: "aligned on the left"
        RenderText {#text} at (115,48) size 102x16
          text run at (115,48) width 102: " of the window."
      RenderBlock {DIV} at (0,128) size 196x64 [bgcolor=#00FFFF]
        RenderText {#text} at (392,0) size 404x64
          text run at (392,0) width 12: "X"
          text run at (0,16) width 172: "The X on the previous line"
          text run at (0,32) width 188: "should be centered across the"
          text run at (0,48) width 56: "window."
