layer at (0,0) size 800x600
  RenderView at (0,0) size 800x600
layer at (0,0) size 800x296
  RenderBlock {HTML} at (0,0) size 800x296
    RenderBody {BODY} at (8,16) size 784x272
      RenderBlock {P} at (0,0) size 784x16
        RenderText {#text} at (0,0) size 387x16
          text run at (0,0) width 387: "There should be a tall solid unbroken column of blue below."
      RenderBlock {DIV} at (0,32) size 432x24 [color=#0000FF]
        RenderText {#text} at (0,0) size 48x24
          text run at (0,0) width 48: " x"
      RenderBlock {DIV} at (0,56) size 432x24 [color=#0000FF]
        RenderText {#text} at (24,0) size 24x24
          text run at (24,0) width 24: "x"
      RenderBlock {DIV} at (0,80) size 432x24 [color=#0000FF]
        RenderText {#text} at (24,0) size 24x24
          text run at (24,0) width 24: "x"
      RenderBlock {DIV} at (0,104) size 432x24 [color=#0000FF]
        RenderText {#text} at (24,0) size 24x24
          text run at (24,0) width 24: "x"
      RenderBlock {DIV} at (0,128) size 432x24 [color=#0000FF]
        RenderText {#text} at (24,0) size 24x24
          text run at (24,0) width 24: "x"
      RenderBlock {DIV} at (0,152) size 432x24 [color=#0000FF]
        RenderText {#text} at (24,0) size 24x24
          text run at (24,0) width 24: "x"
      RenderBlock {DIV} at (0,176) size 432x24 [color=#0000FF]
        RenderText {#text} at (24,0) size 24x24
          text run at (24,0) width 24: "x"
      RenderBlock {DIV} at (0,200) size 432x24 [color=#0000FF]
        RenderText {#text} at (30,0) size 24x24
          text run at (30,0) width 24: "x"
      RenderBlock {DIV} at (0,224) size 432x24 [color=#0000FF]
        RenderText {#text} at (24,0) size 24x24
          text run at (24,0) width 24: "x"
      RenderBlock {DIV} at (0,248) size 432x24 [color=#0000FF]
        RenderText {#text} at (0,0) size 48x24
          text run at (0,0) width 48: " x"
