layer at (0,0) size 800x600
  RenderView at (0,0) size 800x600
layer at (0,0) size 800x206
  RenderBlock {HTML} at (0,0) size 800x206
    RenderBody {BODY} at (8,16) size 784x182
      RenderBlock {P} at (0,0) size 784x16
        RenderText {#text} at (0,0) size 322x16
          text run at (0,0) width 322: "There should be no red borders on the table below"
      RenderTable {TABLE} at (0,32) size 138x150
        RenderTableSection {TBODY} at (0,0) size 138x150
          RenderTableRow {TR} at (0,0) size 138x50
            RenderTableCell {TD} at (0,16) size 46x18 [r=0 c=0 rs=1 cs=1]
              RenderText {#text} at (1,1) size 44x16
                text run at (1,1) width 44: "hidden"
            RenderTableCell {TD} at (46,16) size 46x18 [r=0 c=1 rs=1 cs=1]
              RenderText {#text} at (1,1) size 44x16
                text run at (1,1) width 44: "hidden"
            RenderTableCell {TD} at (92,16) size 46x18 [r=0 c=2 rs=1 cs=1]
              RenderText {#text} at (1,1) size 44x16
                text run at (1,1) width 44: "hidden"
          RenderTableRow {TR} at (0,50) size 138x50
            RenderTableCell {TD} at (0,66) size 46x18 [r=1 c=0 rs=1 cs=1]
              RenderText {#text} at (1,1) size 44x16
                text run at (1,1) width 44: "hidden"
            RenderTableCell {TD} at (46,66) size 46x18 [r=1 c=1 rs=1 cs=1]
              RenderText {#text} at (1,1) size 40x16
                text run at (1,1) width 40: "dotted"
            RenderTableCell {TD} at (92,66) size 46x18 [r=1 c=2 rs=1 cs=1]
              RenderText {#text} at (1,1) size 44x16
                text run at (1,1) width 44: "hidden"
          RenderTableRow {TR} at (0,100) size 138x50
            RenderTableCell {TD} at (0,116) size 46x18 [r=2 c=0 rs=1 cs=1]
              RenderText {#text} at (1,1) size 44x16
                text run at (1,1) width 44: "hidden"
            RenderTableCell {TD} at (46,116) size 46x18 [r=2 c=1 rs=1 cs=1]
              RenderText {#text} at (1,1) size 44x16
                text run at (1,1) width 44: "hidden"
            RenderTableCell {TD} at (92,116) size 46x18 [r=2 c=2 rs=1 cs=1]
              RenderText {#text} at (1,1) size 44x16
                text run at (1,1) width 44: "hidden"
