layer at (0,0) size 800x600
  RenderView at (0,0) size 800x600
layer at (0,0) size 800x226
  RenderBlock {HTML} at (0,0) size 800x226
    RenderBody {BODY} at (8,16) size 784x202
      RenderBlock {P} at (0,0) size 784x16
        RenderText {#text} at (0,0) size 322x16
          text run at (0,0) width 322: "There should be no red borders on the table below"
      RenderTable {TABLE} at (0,32) size 134x170
        RenderTableSection {TBODY} at (0,0) size 134x170
          RenderTableRow {TR} at (0,0) size 134x55
            RenderTableCell {TD} at (0,18) size 39x18 [r=0 c=0 rs=1 cs=1]
              RenderText {#text} at (1,1) size 32x16
                text run at (1,1) width 32: "none"
            RenderTableCell {TD} at (39,16) size 56x23 [border: none] [r=0 c=1 rs=1 cs=1]
              RenderText {#text} at (1,1) size 32x16
                text run at (1,1) width 32: "none"
            RenderTableCell {TD} at (95,18) size 39x18 [r=0 c=2 rs=1 cs=1]
              RenderText {#text} at (1,1) size 32x16
                text run at (1,1) width 32: "none"
          RenderTableRow {TR} at (0,55) size 134x60
            RenderTableCell {TD} at (0,76) size 39x18 [border: none] [r=1 c=0 rs=1 cs=1]
              RenderText {#text} at (1,1) size 32x16
                text run at (1,1) width 32: "none"
            RenderTableCell {TD} at (39,71) size 56x28 [border: (5px double #00FF00)] [r=1 c=1 rs=1 cs=1]
              RenderText {#text} at (6,6) size 44x16
                text run at (6,6) width 44: "double"
            RenderTableCell {TD} at (95,76) size 39x18 [border: none] [r=1 c=2 rs=1 cs=1]
              RenderText {#text} at (6,1) size 32x16
                text run at (6,1) width 32: "none"
          RenderTableRow {TR} at (0,115) size 134x55
            RenderTableCell {TD} at (0,133) size 39x18 [r=2 c=0 rs=1 cs=1]
              RenderText {#text} at (1,1) size 32x16
                text run at (1,1) width 32: "none"
            RenderTableCell {TD} at (39,131) size 56x23 [border: (5px none #FF0000)] [r=2 c=1 rs=1 cs=1]
              RenderText {#text} at (1,6) size 32x16
                text run at (1,6) width 32: "none"
            RenderTableCell {TD} at (95,133) size 39x18 [r=2 c=2 rs=1 cs=1]
              RenderText {#text} at (1,1) size 32x16
                text run at (1,1) width 32: "none"
