layer at (0,0) size 800x600
  RenderView at (0,0) size 800x600
layer at (0,0) size 800x226
  RenderBlock {HTML} at (0,0) size 800x226
    RenderBody {BODY} at (8,16) size 784x202
      RenderBlock {P} at (0,0) size 784x16
        RenderText {#text} at (0,0) size 322x16
          text run at (0,0) width 322: "There should be no red borders on the table below"
      RenderTable {TABLE} at (0,32) size 158x170 [border: (2px none #808080)]
        RenderTableSection {TBODY} at (2,2) size 153x165
          RenderTableRow {TR} at (0,0) size 153x55
            RenderTableCell {TD} at (0,16) size 51x23 [border: (3px double #00FF00)] [r=0 c=0 rs=1 cs=1]
              RenderText {#text} at (4,4) size 44x16
                text run at (4,4) width 44: "double"
            RenderTableCell {TD} at (51,17) size 51x21 [border: (3px double #00FF00) none (3px double #00FF00)] [r=0 c=1 rs=1 cs=1]
              RenderText {#text} at (4,4) size 44x16
                text run at (4,4) width 44: "double"
            RenderTableCell {TD} at (102,16) size 51x23 [border: (3px double #00FF00)] [r=0 c=2 rs=1 cs=1]
              RenderText {#text} at (4,4) size 44x16
                text run at (4,4) width 44: "double"
          RenderTableRow {TR} at (0,55) size 153x55
            RenderTableCell {TD} at (0,71) size 51x23 [border: (3px double #00FF00) none (2px double #00FF00)] [r=1 c=0 rs=1 cs=1]
              RenderText {#text} at (4,4) size 44x16
                text run at (4,4) width 44: "double"
            RenderTableCell {TD} at (51,73) size 51x18 [r=1 c=1 rs=1 cs=1]
              RenderText {#text} at (1,1) size 44x16
                text run at (1,1) width 44: "hidden"
            RenderTableCell {TD} at (102,71) size 51x23 [border: (3px double #00FF00) none] [r=1 c=2 rs=1 cs=1]
              RenderText {#text} at (1,4) size 44x16
                text run at (1,4) width 44: "double"
          RenderTableRow {TR} at (0,110) size 153x55
            RenderTableCell {TD} at (0,126) size 51x23 [border: (3px double #00FF00)] [r=2 c=0 rs=1 cs=1]
              RenderText {#text} at (4,4) size 44x16
                text run at (4,4) width 44: "double"
            RenderTableCell {TD} at (51,127) size 51x20 [border: none (2px double #00FF00)] [r=2 c=1 rs=1 cs=1]
              RenderText {#text} at (4,1) size 44x16
                text run at (4,1) width 44: "double"
            RenderTableCell {TD} at (102,126) size 51x23 [border: (3px double #00FF00)] [r=2 c=2 rs=1 cs=1]
              RenderText {#text} at (4,4) size 44x16
                text run at (4,4) width 44: "double"
