layer at (0,0) size 800x600
  RenderView at (0,0) size 800x600
layer at (0,0) size 800x236
  RenderBlock {HTML} at (0,0) size 800x236
    RenderBody {BODY} at (8,16) size 784x212
      RenderBlock {P} at (0,0) size 784x16
        RenderText {#text} at (0,0) size 322x16
          text run at (0,0) width 322: "There should be no red borders on the table below"
      RenderTable {TABLE} at (0,32) size 151x180 [border: (2px none #808080)]
        RenderTableSection {TBODY} at (2,2) size 146x175
          RenderTableRow {TR} at (0,0) size 146x58
            RenderTableCell {TD} at (0,17) size 50x23 [border: (3px dotted #00FF00)] [r=0 c=0 rs=1 cs=1]
              RenderText {#text} at (4,4) size 40x16
                text run at (4,4) width 40: "dotted"
            RenderTableCell {TD} at (50,16) size 47x26 [border: (3px dotted #00FF00) (5px dotted #FF0000) (3px dotted #00FF00)] [r=0 c=1 rs=1 cs=1]
              RenderText {#text} at (4,4) size 40x16
                text run at (4,4) width 40: "dotted"
            RenderTableCell {TD} at (97,17) size 49x23 [border: (3px dotted #00FF00)] [r=0 c=2 rs=1 cs=1]
              RenderText {#text} at (4,4) size 40x16
                text run at (4,4) width 40: "dotted"
          RenderTableRow {TR} at (0,58) size 146x60
            RenderTableCell {TD} at (0,76) size 50x23 [border: (3px dotted #00FF00) (5px dotted #FF0000) (2px dotted #00FF00)] [r=1 c=0 rs=1 cs=1]
              RenderText {#text} at (4,4) size 40x16
                text run at (4,4) width 40: "dotted"
            RenderTableCell {TD} at (50,74) size 47x28 [border: (5px solid #00FF00)] [r=1 c=1 rs=1 cs=1]
              RenderText {#text} at (6,6) size 32x16
                text run at (6,6) width 32: "solid"
            RenderTableCell {TD} at (97,76) size 49x23 [border: (3px dotted #00FF00) (5px dotted #FF0000)] [r=1 c=2 rs=1 cs=1]
              RenderText {#text} at (6,4) size 40x16
                text run at (6,4) width 40: "dotted"
          RenderTableRow {TR} at (0,118) size 146x57
            RenderTableCell {TD} at (0,135) size 50x23 [border: (3px dotted #00FF00)] [r=2 c=0 rs=1 cs=1]
              RenderText {#text} at (4,4) size 40x16
                text run at (4,4) width 40: "dotted"
            RenderTableCell {TD} at (50,134) size 47x25 [border: (5px dotted #FF0000) (2px dotted #00FF00)] [r=2 c=1 rs=1 cs=1]
              RenderText {#text} at (4,6) size 40x16
                text run at (4,6) width 40: "dotted"
            RenderTableCell {TD} at (97,135) size 49x23 [border: (3px dotted #00FF00)] [r=2 c=2 rs=1 cs=1]
              RenderText {#text} at (4,4) size 40x16
                text run at (4,4) width 40: "dotted"
