layer at (0,0) size 800x600
  RenderView at (0,0) size 800x600
layer at (0,0) size 800x236
  RenderBlock {HTML} at (0,0) size 800x236
    RenderBody {BODY} at (8,16) size 784x212
      RenderBlock {P} at (0,0) size 784x16
        RenderText {#text} at (0,0) size 322x16
          text run at (0,0) width 322: "There should be no red borders on the table below"
      RenderTable {TABLE} at (0,32) size 134x180 [border: (2px none #808080)]
        RenderTableSection {TBODY} at (2,2) size 129x175
          RenderTableRow {TR} at (0,0) size 129x58
            RenderTableCell {TD} at (0,17) size 43x23 [border: (3px ridge #00FF00)] [r=0 c=0 rs=1 cs=1]
              RenderText {#text} at (4,4) size 33x16
                text run at (4,4) width 33: "ridge"
            RenderTableCell {TD} at (43,16) size 44x26 [border: (3px ridge #00FF00) (5px ridge #FF0000) (3px ridge #00FF00)] [r=0 c=1 rs=1 cs=1]
              RenderText {#text} at (4,4) size 33x16
                text run at (4,4) width 33: "ridge"
            RenderTableCell {TD} at (87,17) size 42x23 [border: (3px ridge #00FF00)] [r=0 c=2 rs=1 cs=1]
              RenderText {#text} at (4,4) size 33x16
                text run at (4,4) width 33: "ridge"
          RenderTableRow {TR} at (0,58) size 129x60
            RenderTableCell {TD} at (0,76) size 43x23 [border: (3px ridge #00FF00) (5px ridge #FF0000) (2px ridge #00FF00)] [r=1 c=0 rs=1 cs=1]
              RenderText {#text} at (4,4) size 33x16
                text run at (4,4) width 33: "ridge"
            RenderTableCell {TD} at (43,74) size 44x28 [border: (5px solid #00FF00)] [r=1 c=1 rs=1 cs=1]
              RenderText {#text} at (6,6) size 32x16
                text run at (6,6) width 32: "solid"
            RenderTableCell {TD} at (87,76) size 42x23 [border: (3px ridge #00FF00) (5px ridge #FF0000)] [r=1 c=2 rs=1 cs=1]
              RenderText {#text} at (6,4) size 33x16
                text run at (6,4) width 33: "ridge"
          RenderTableRow {TR} at (0,118) size 129x57
            RenderTableCell {TD} at (0,135) size 43x23 [border: (3px ridge #00FF00)] [r=2 c=0 rs=1 cs=1]
              RenderText {#text} at (4,4) size 33x16
                text run at (4,4) width 33: "ridge"
            RenderTableCell {TD} at (43,134) size 44x25 [border: (5px ridge #FF0000) (2px ridge #00FF00)] [r=2 c=1 rs=1 cs=1]
              RenderText {#text} at (4,6) size 33x16
                text run at (4,6) width 33: "ridge"
            RenderTableCell {TD} at (87,135) size 42x23 [border: (3px ridge #00FF00)] [r=2 c=2 rs=1 cs=1]
              RenderText {#text} at (4,4) size 33x16
                text run at (4,4) width 33: "ridge"
