layer at (0,0) size 800x600
  RenderView at (0,0) size 800x600
layer at (0,0) size 800x226
  RenderBlock {HTML} at (0,0) size 800x226
    RenderBody {BODY} at (8,16) size 784x202
      RenderBlock {P} at (0,0) size 784x16
        RenderText {#text} at (0,0) size 322x16
          text run at (0,0) width 322: "There should be no red borders on the table below"
      RenderTable {TABLE} at (0,32) size 143x170 [border: (2px none #808080)]
        RenderTableSection {TBODY} at (2,2) size 138x165
          RenderTableRow {TR} at (0,0) size 138x55
            RenderTableCell {TD} at (0,16) size 46x23 [border: (3px outset #00FF00)] [r=0 c=0 rs=1 cs=1]
              RenderText {#text} at (4,4) size 39x16
                text run at (4,4) width 39: "outset"
            RenderTableCell {TD} at (46,17) size 46x21 [border: (3px outset #00FF00) none (3px outset #00FF00)] [r=0 c=1 rs=1 cs=1]
              RenderText {#text} at (4,4) size 39x16
                text run at (4,4) width 39: "outset"
            RenderTableCell {TD} at (92,16) size 46x23 [border: (3px outset #00FF00)] [r=0 c=2 rs=1 cs=1]
              RenderText {#text} at (4,4) size 39x16
                text run at (4,4) width 39: "outset"
          RenderTableRow {TR} at (0,55) size 138x55
            RenderTableCell {TD} at (0,71) size 46x23 [border: (3px outset #00FF00) none (2px outset #00FF00)] [r=1 c=0 rs=1 cs=1]
              RenderText {#text} at (4,4) size 39x16
                text run at (4,4) width 39: "outset"
            RenderTableCell {TD} at (46,73) size 46x18 [r=1 c=1 rs=1 cs=1]
              RenderText {#text} at (1,1) size 44x16
                text run at (1,1) width 44: "hidden"
            RenderTableCell {TD} at (92,71) size 46x23 [border: (3px outset #00FF00) none] [r=1 c=2 rs=1 cs=1]
              RenderText {#text} at (1,4) size 39x16
                text run at (1,4) width 39: "outset"
          RenderTableRow {TR} at (0,110) size 138x55
            RenderTableCell {TD} at (0,126) size 46x23 [border: (3px outset #00FF00)] [r=2 c=0 rs=1 cs=1]
              RenderText {#text} at (4,4) size 39x16
                text run at (4,4) width 39: "outset"
            RenderTableCell {TD} at (46,127) size 46x20 [border: none (2px outset #00FF00)] [r=2 c=1 rs=1 cs=1]
              RenderText {#text} at (4,1) size 39x16
                text run at (4,1) width 39: "outset"
            RenderTableCell {TD} at (92,126) size 46x23 [border: (3px outset #00FF00)] [r=2 c=2 rs=1 cs=1]
              RenderText {#text} at (4,4) size 39x16
                text run at (4,4) width 39: "outset"
