layer at (0,0) size 800x600
  RenderView at (0,0) size 800x600
layer at (0,0) size 800x199
  RenderBlock {HTML} at (0,0) size 800x199
    RenderBody {BODY} at (8,16) size 784x175
      RenderBlock {P} at (0,0) size 784x20
        RenderText {#text} at (0,0) size 560x19
          text run at (0,0) width 560: "The select list box should not display items (options and optgroups) with style \"display: none\"."
      RenderBlock (anonymous) at (0,36) size 784x139
        RenderText {#text} at (56,119) size 4x19
          text run at (56,119) width 4: " "
        RenderText {#text} at (125,119) size 4x19
          text run at (125,119) width 4: " "
        RenderText {#text} at (194,119) size 4x19
          text run at (194,119) width 4: " "
        RenderText {#text} at (254,119) size 4x19
          text run at (254,119) width 4: " "
        RenderText {#text} at (314,119) size 4x19
          text run at (314,119) width 4: " "
        RenderText {#text} at (0,0) size 0x0
        RenderText {#text} at (0,0) size 0x0
layer at (8,69) size 56x121 clip at (9,70) size 39x119
  RenderListBox {SELECT} at (0,17) size 56x121 [bgcolor=#FFFFFF] [border: (1px solid #A9A9A9)]
    RenderBlock {OPTION} at (1,1) size 39x17
      RenderText {#text} at (2,0) size 24x16
        text run at (2,0) width 24: "One"
    RenderBlock {OPTION} at (1,18) size 39x17
      RenderText {#text} at (2,0) size 23x16
        text run at (2,0) width 23: "Two"
    RenderBlock {OPTION} at (1,35) size 39x17
      RenderText {#text} at (2,0) size 32x16
        text run at (2,0) width 32: "Three"
    RenderBlock {OPTION} at (1,52) size 39x17
      RenderText {#text} at (2,0) size 23x16
        text run at (2,0) width 23: "Five"
    RenderBlock {OPTION} at (1,69) size 39x17
      RenderText {#text} at (2,0) size 19x16
        text run at (2,0) width 19: "Six"
    RenderBlock {OPTION} at (1,86) size 39x17
      RenderText {#text} at (2,0) size 35x16
        text run at (2,0) width 35: "Seven"
layer at (68,69) size 65x121 clip at (69,70) size 48x119
  RenderListBox {SELECT} at (60,17) size 65x121 [bgcolor=#FFFFFF] [border: (1px solid #A9A9A9)]
    RenderBlock {OPTION} at (1,1) size 48x17
      RenderText {#text} at (2,0) size 24x16
        text run at (2,0) width 24: "One"
    RenderBlock {OPTION} at (1,18) size 48x17
      RenderText {#text} at (2,0) size 23x16
        text run at (2,0) width 23: "Two"
    RenderBlock {OPTION} at (1,35) size 48x17
      RenderText {#text} at (2,0) size 32x16
        text run at (2,0) width 32: "Three"
    RenderBlock {OPTGROUP} at (1,52) size 48x34
      RenderBlock {DIV} at (0,0) size 48x17
        RenderText {#text} at (2,0) size 44x16
          text run at (2,0) width 44: "***45***"
      RenderBlock {OPTION} at (0,17) size 48x17
        RenderText {#text} at (2,0) size 39x16
          text run at (2,0) width 39: "    Five"
    RenderBlock {OPTION} at (1,86) size 48x17
      RenderText {#text} at (2,0) size 35x16
        text run at (2,0) width 35: "Seven"
layer at (137,69) size 65x121 clip at (138,70) size 48x119
  RenderListBox {SELECT} at (129,17) size 65x121 [bgcolor=#FFFFFF] [border: (1px solid #A9A9A9)]
    RenderBlock {OPTION} at (1,1) size 48x17
      RenderText {#text} at (2,0) size 24x16
        text run at (2,0) width 24: "One"
    RenderBlock {OPTION} at (1,18) size 48x17
      RenderText {#text} at (2,0) size 23x16
        text run at (2,0) width 23: "Two"
    RenderBlock {OPTGROUP} at (1,35) size 48x34
      RenderBlock {DIV} at (0,0) size 48x17
        RenderText {#text} at (2,0) size 44x16
          text run at (2,0) width 44: "***45***"
      RenderBlock {OPTION} at (0,17) size 48x17
        RenderText {#text} at (2,0) size 42x16
          text run at (2,0) width 42: "    Four"
    RenderBlock {OPTION} at (1,69) size 48x17
      RenderText {#text} at (2,0) size 19x16
        text run at (2,0) width 19: "Six"
    RenderBlock {OPTION} at (1,86) size 48x17
      RenderText {#text} at (2,0) size 35x16
        text run at (2,0) width 35: "Seven"
layer at (206,52) size 56x138 clip at (207,53) size 39x136
  RenderListBox {SELECT} at (198,0) size 56x138 [bgcolor=#FFFFFF] [border: (1px solid #A9A9A9)]
    RenderBlock {OPTION} at (1,1) size 39x17
      RenderText {#text} at (2,0) size 24x16
        text run at (2,0) width 24: "One"
    RenderBlock {OPTION} at (1,18) size 39x17
      RenderText {#text} at (2,0) size 23x16
        text run at (2,0) width 23: "Two"
    RenderBlock {OPTION} at (1,35) size 39x17
      RenderText {#text} at (2,0) size 32x16
        text run at (2,0) width 32: "Three"
    RenderBlock {OPTION} at (1,52) size 39x17
      RenderText {#text} at (2,0) size 35x16
        text run at (2,0) width 35: "Seven"
layer at (266,52) size 56x138 clip at (267,53) size 39x136
  RenderListBox {SELECT} at (258,0) size 56x138 [bgcolor=#FFFFFF] [border: (1px solid #A9A9A9)]
    RenderBlock {OPTION} at (1,1) size 39x17
      RenderText {#text} at (2,0) size 24x16
        text run at (2,0) width 24: "One"
    RenderBlock {OPTION} at (1,18) size 39x17
      RenderText {#text} at (2,0) size 23x16
        text run at (2,0) width 23: "Two"
    RenderBlock {OPTION} at (1,35) size 39x17
      RenderText {#text} at (2,0) size 32x16
        text run at (2,0) width 32: "Three"
    RenderBlock {OPTION} at (1,52) size 39x17
      RenderText {#text} at (2,0) size 35x16
        text run at (2,0) width 35: "Seven"
layer at (326,52) size 63x138 clip at (327,53) size 46x136
  RenderListBox {SELECT} at (318,0) size 63x138 [bgcolor=#FFFFFF] [border: (1px solid #A9A9A9)]
    RenderBlock {OPTION} at (1,1) size 46x17
      RenderText {#text} at (2,0) size 24x16
        text run at (2,0) width 24: "One"
    RenderBlock {OPTION} at (1,18) size 46x17
      RenderText {#text} at (2,0) size 23x16
        text run at (2,0) width 23: "Two"
    RenderBlock {OPTION} at (1,35) size 46x17
      RenderText {#text} at (2,0) size 32x16
        text run at (2,0) width 32: "Three"
    RenderBlock {OPTGROUP} at (1,52) size 46x68
      RenderBlock {DIV} at (0,0) size 46x17
        RenderText {#text} at (2,0) size 41x16
          text run at (2,0) width 41: "**456**"
      RenderBlock {OPTION} at (0,17) size 46x17
        RenderText {#text} at (2,0) size 42x16
          text run at (2,0) width 42: "    Four"
      RenderBlock {OPTION} at (0,34) size 46x17
        RenderText {#text} at (2,0) size 39x16
          text run at (2,0) width 39: "    Five"
      RenderBlock {OPTION} at (0,51) size 46x17
        RenderText {#text} at (2,0) size 35x16
          text run at (2,0) width 35: "    Six"
    RenderBlock {OPTION} at (1,120) size 46x17
      RenderText {#text} at (2,0) size 35x16
        text run at (2,0) width 35: "Seven"
