layer at (0,0) size 800x600
  RenderView at (0,0) size 800x600
layer at (0,0) size 800x522
  RenderBlock {HTML} at (0,0) size 800x522
    RenderBody {BODY} at (8,16) size 784x476
      RenderBlock {P} at (0,0) size 784x16
        RenderText {#text} at (0,0) size 559x16
          text run at (0,0) width 559: "Tests that origin of rotation is the center of the border box, with and without box-sizing"
      RenderBlock {DIV} at (30,46) size 200x200 [bgcolor=#FF0000]
      RenderBlock {DIV} at (30,276) size 200x200 [bgcolor=#FF0000]
layer at (38,62) size 200x200
  RenderBlock {DIV} at (0,0) size 200x200 [bgcolor=#008000] [border: none (100px solid #808080) none]
    RenderText {#text} at (0,0) size 72x32
      text run at (0,0) width 72: "box-sizing:"
      text run at (0,16) width 28: "auto"
layer at (38,292) size 200x200
  RenderBlock {DIV} at (0,0) size 200x200 [bgcolor=#008000] [border: none (100px solid #808080) none]
    RenderText {#text} at (0,0) size 72x32
      text run at (0,0) width 72: "box-sizing:"
      text run at (0,16) width 28: "auto"
