layer at (0,0) size 800x600
  RenderView at (0,0) size 800x600
layer at (0,0) size 800x600
  RenderBlock {HTML} at (0,0) size 800x600
    RenderBody {BODY} at (8,8) size 784x584
      RenderBlock {P} at (0,0) size 784x40
        RenderText {#text} at (0,0) size 748x39
          text run at (0,0) width 391: "This tests smart paste of a fragment that ends in a select element. "
          text run at (391,0) width 357: "There should be spaces added before and after the inserted"
          text run at (0,20) width 48: "content."
      RenderBlock {DIV} at (0,56) size 784x20
        RenderMenuList {SELECT} at (0,0) size 32x20 [bgcolor=#C0C0C0] [border: (1px solid #A9A9A9)]
          RenderBlock (anonymous) at (1,1) size 30x18
            RenderText at (4,1) size 7x16
              text run at (4,1) width 7: "1"
      RenderBlock {DIV} at (0,76) size 784x20
        RenderText {#text} at (0,0) size 27x19
          text run at (0,0) width 27: "xfoo"
        RenderMenuList {SELECT} at (27,0) size 32x20 [bgcolor=#C0C0C0] [border: (1px solid #A9A9A9)]
          RenderBlock (anonymous) at (1,1) size 30x18
            RenderText at (4,1) size 7x16
              text run at (4,1) width 7: "1"
        RenderText {#text} at (59,0) size 7x19
          text run at (59,0) width 7: "x"
caret: position 3 of child 1 {SELECT} of child 4 {DIV} of body
