EDITING DELEGATE: webViewDidChangeSelection:WebViewDidChangeSelectionNotification
EDITING DELEGATE: webViewDidChangeSelection:WebViewDidChangeSelectionNotification
EDITING DELEGATE: webViewDidChange:WebViewDidChangeNotification
EDITING DELEGATE: webViewDidChangeSelection:WebViewDidChangeSelectionNotification
EDITING DELEGATE: webViewDidChangeSelection:WebViewDidChangeSelectionNotification
EDITING DELEGATE: webViewDidChangeSelection:WebViewDidChangeSelectionNotification
EDITING DELEGATE: webViewDidChangeSelection:WebViewDidChangeSelectionNotification
EDITING DELEGATE: webViewDidChange:WebViewDidChangeNotification
layer at (0,0) size 800x600
  RenderView at (0,0) size 800x600
layer at (0,0) size 800x600
  RenderBlock {HTML} at (0,0) size 800x600
    RenderBody {BODY} at (0,0) size 800x584
      RenderBlock (anonymous) at (0,0) size 800x304
        RenderText {#text} at (0,0) size 0x0
      RenderBlock {P} at (0,320) size 800x40
        RenderText {#text} at (0,0) size 774x39
          text run at (0,0) width 774: "This test uses the eventSender to do drag and drop. To run it manually, drag the word selected in the above subframe and drop it"
          text run at (0,20) width 66: "after 'baz'. "
          text run at (66,20) width 204: "The result should be 'foo baz bar'."
layer at (0,0) size 304x304
  RenderPartObject {IFRAME} at (0,0) size 304x304 [border: (2px inset #EEEEEE)]
    layer at (0,0) size 300x300
      RenderView at (0,0) size 300x300
    layer at (0,0) size 300x300
      RenderBlock {HTML} at (0,0) size 300x300
        RenderBody {BODY} at (8,8) size 284x284 [bgcolor=#FFFFE0]
          RenderText {#text} at (0,0) size 69x19
            text run at (0,0) width 69: "foo baz bar"
