EDITING DELEGATE: webViewDidChangeSelection:WebViewDidChangeSelectionNotification
EDITING DELEGATE: webViewDidChangeSelection:WebViewDidChangeSelectionNotification
EDITING DELEGATE: webViewDidChangeSelection:WebViewDidChangeSelectionNotification
EDITING DELEGATE: webViewDidChangeSelection:WebViewDidChangeSelectionNotification
EDITING DELEGATE: webViewDidChange:WebViewDidChangeNotification
EDITING DELEGATE: webViewDidChangeSelection:WebViewDidChangeSelectionNotification
EDITING DELEGATE: webViewDidChange:WebViewDidChangeNotification
layer at (0,0) size 800x600
  RenderView at (0,0) size 800x600
layer at (0,0) size 800x600
  RenderBlock {HTML} at (0,0) size 800x600
    RenderBody {BODY} at (8,8) size 784x584
      RenderBlock {P} at (0,0) size 784x40
        RenderText {#text} at (0,0) size 761x39
          text run at (0,0) width 550: "This is a testcase for 8193, hitting an assert inside RemoveNodeCommand on Undo Paste. "
          text run at (550,0) width 211: "Both editable regions below should"
          text run at (0,20) width 166: "look the same after the test."
      RenderBlock {HR} at (0,56) size 784x2 [border: (1px inset #EEEEEE)]
      RenderBlock {DIV} at (0,66) size 784x42 [border: (1px solid #000000)]
        RenderBlock {DIV} at (1,1) size 782x20
          RenderText {#text} at (0,0) size 20x19
            text run at (0,0) width 20: "foo"
        RenderBlock {DIV} at (1,21) size 782x20
          RenderText {#text} at (0,0) size 20x19
            text run at (0,0) width 20: "bar"
      RenderBlock {DIV} at (0,108) size 784x22 [border: (1px solid #000000)]
        RenderBR {BR} at (1,1) size 0x19
caret: position 0 of child 0 {BR} of child 6 {DIV} of body
