layer at (0,0) size 800x600
  RenderView at (0,0) size 800x600
layer at (0,0) size 800x98
  RenderBlock {HTML} at (0,0) size 800x98
    RenderBody {BODY} at (8,16) size 784x74
      RenderBlock {P} at (0,0) size 784x16
        RenderText {#text} at (0,0) size 298x16
          text run at (0,0) width 298: "The following two lines should look the same:"
      RenderBlock {DIV} at (0,32) size 784x21
        RenderInline {SPAN} at (0,0) size 7x16
          RenderInline {<pseudo:before>} at (0,0) size 7x16
            RenderCounter at (0,5) size 7x16
              text run at (0,5) width 7: "\x{10D0}"
        RenderText {#text} at (6,5) size 5x16
          text run at (6,5) width 5: " "
        RenderInline {SPAN} at (0,0) size 10x16
          RenderInline {<pseudo:before>} at (0,0) size 10x16
            RenderCounter at (10,5) size 10x16
              text run at (10,5) width 10: "\x{10D1}"
        RenderText {#text} at (19,5) size 5x16
          text run at (19,5) width 5: " "
        RenderInline {SPAN} at (0,0) size 10x16
          RenderInline {<pseudo:before>} at (0,0) size 10x16
            RenderCounter at (23,5) size 10x16
              text run at (23,5) width 10: "\x{10D2}"
        RenderText {#text} at (32,5) size 5x16
          text run at (32,5) width 5: " "
        RenderInline {SPAN} at (0,0) size 15x16
          RenderInline {<pseudo:before>} at (0,0) size 15x16
            RenderCounter at (36,5) size 15x16
              text run at (36,5) width 15: "\x{10D3}"
        RenderText {#text} at (50,5) size 5x16
          text run at (50,5) width 5: " "
        RenderInline {SPAN} at (0,0) size 9x16
          RenderInline {<pseudo:before>} at (0,0) size 9x16
            RenderCounter at (54,5) size 9x16
              text run at (54,5) width 9: "\x{10D4}"
        RenderText {#text} at (62,5) size 5x16
          text run at (62,5) width 5: " "
        RenderInline {SPAN} at (0,0) size 10x16
          RenderInline {<pseudo:before>} at (0,0) size 10x16
            RenderCounter at (66,5) size 10x16
              text run at (66,5) width 10: "\x{10D5}"
        RenderText {#text} at (75,5) size 5x16
          text run at (75,5) width 5: " "
        RenderInline {SPAN} at (0,0) size 13x16
          RenderInline {<pseudo:before>} at (0,0) size 13x16
            RenderCounter at (79,5) size 13x16
              text run at (79,5) width 13: "\x{10D6}"
        RenderText {#text} at (91,5) size 5x16
          text run at (91,5) width 5: " "
        RenderInline {SPAN} at (0,0) size 11x16
          RenderInline {<pseudo:before>} at (0,0) size 11x16
            RenderCounter at (95,5) size 11x16
              text run at (95,5) width 11: "\x{10F1}"
        RenderText {#text} at (105,5) size 5x16
          text run at (105,5) width 5: " "
        RenderInline {SPAN} at (0,0) size 15x16
          RenderInline {<pseudo:before>} at (0,0) size 15x16
            RenderCounter at (109,5) size 15x16
              text run at (109,5) width 15: "\x{10D7}"
        RenderText {#text} at (123,5) size 5x16
          text run at (123,5) width 5: " "
        RenderInline {SPAN} at (0,0) size 10x16
          RenderInline {<pseudo:before>} at (0,0) size 10x16
            RenderCounter at (127,5) size 10x16
              text run at (127,5) width 10: "\x{10D8}"
        RenderText {#text} at (136,5) size 5x16
          text run at (136,5) width 5: " "
        RenderInline {SPAN} at (0,0) size 16x16
          RenderInline {<pseudo:before>} at (0,0) size 16x16
            RenderCounter at (140,5) size 16x16
              text run at (140,5) width 16: "\x{10D8}\x{10D0}"
        RenderText {#text} at (155,5) size 5x16
          text run at (155,5) width 5: " "
        RenderInline {SPAN} at (0,0) size 18x16
          RenderInline {<pseudo:before>} at (0,0) size 18x16
            RenderCounter at (159,5) size 18x16
              text run at (159,5) width 18: "\x{10D8}\x{10D1}"
        RenderText {#text} at (176,5) size 5x16
          text run at (176,5) width 5: " "
        RenderInline {SPAN} at (0,0) size 10x16
          RenderInline {<pseudo:before>} at (0,0) size 10x16
            RenderCounter at (180,5) size 10x16
              text run at (180,5) width 10: "\x{10D9}"
        RenderText {#text} at (189,5) size 5x16
          text run at (189,5) width 5: " "
        RenderInline {SPAN} at (0,0) size 16x16
          RenderInline {<pseudo:before>} at (0,0) size 16x16
            RenderCounter at (193,5) size 16x16
              text run at (193,5) width 16: "\x{10DA}"
        RenderText {#text} at (208,5) size 5x16
          text run at (208,5) width 5: " "
        RenderInline {SPAN} at (0,0) size 10x16
          RenderInline {<pseudo:before>} at (0,0) size 10x16
            RenderCounter at (212,5) size 10x16
              text run at (212,5) width 10: "\x{10DB}"
        RenderText {#text} at (221,5) size 5x16
          text run at (221,5) width 5: " "
        RenderInline {SPAN} at (0,0) size 10x16
          RenderInline {<pseudo:before>} at (0,0) size 10x16
            RenderCounter at (225,5) size 10x16
              text run at (225,5) width 10: "\x{10DC}"
        RenderText {#text} at (234,5) size 5x16
          text run at (234,5) width 5: " "
        RenderInline {SPAN} at (0,0) size 10x16
          RenderInline {<pseudo:before>} at (0,0) size 10x16
            RenderCounter at (238,5) size 10x16
              text run at (238,5) width 10: "\x{10F2}"
        RenderText {#text} at (247,5) size 5x16
          text run at (247,5) width 5: " "
        RenderInline {SPAN} at (0,0) size 12x16
          RenderInline {<pseudo:before>} at (0,0) size 12x16
            RenderCounter at (251,5) size 12x16
              text run at (251,5) width 12: "\x{10DD}"
        RenderText {#text} at (262,5) size 5x16
          text run at (262,5) width 5: " "
        RenderInline {SPAN} at (0,0) size 10x16
          RenderInline {<pseudo:before>} at (0,0) size 10x16
            RenderCounter at (266,5) size 10x16
              text run at (266,5) width 10: "\x{10DE}"
        RenderText {#text} at (275,5) size 5x16
          text run at (275,5) width 5: " "
        RenderInline {SPAN} at (0,0) size 10x16
          RenderInline {<pseudo:before>} at (0,0) size 10x16
            RenderCounter at (279,5) size 10x16
              text run at (279,5) width 10: "\x{10DF}"
        RenderText {#text} at (288,5) size 5x16
          text run at (288,5) width 5: " "
        RenderInline {SPAN} at (0,0) size 12x16
          RenderInline {<pseudo:before>} at (0,0) size 12x16
            RenderCounter at (292,5) size 12x16
              text run at (292,5) width 12: "\x{10E0}"
        RenderText {#text} at (303,5) size 5x16
          text run at (303,5) width 5: " "
        RenderInline {SPAN} at (0,0) size 10x16
          RenderInline {<pseudo:before>} at (0,0) size 10x16
            RenderCounter at (307,5) size 10x16
              text run at (307,5) width 10: "\x{10E1}"
        RenderText {#text} at (316,5) size 5x16
          text run at (316,5) width 5: " "
        RenderInline {SPAN} at (0,0) size 14x16
          RenderInline {<pseudo:before>} at (0,0) size 14x16
            RenderCounter at (320,5) size 14x16
              text run at (320,5) width 14: "\x{10E2}"
        RenderText {#text} at (333,5) size 5x16
          text run at (333,5) width 5: " "
        RenderInline {SPAN} at (0,0) size 9x16
          RenderInline {<pseudo:before>} at (0,0) size 9x16
            RenderCounter at (337,5) size 9x16
              text run at (337,5) width 9: "\x{10F3}"
        RenderText {#text} at (345,5) size 5x16
          text run at (345,5) width 5: " "
        RenderInline {SPAN} at (0,0) size 14x16
          RenderInline {<pseudo:before>} at (0,0) size 14x16
            RenderCounter at (349,5) size 14x16
              text run at (349,5) width 14: "\x{10E4}"
        RenderText {#text} at (362,5) size 5x16
          text run at (362,5) width 5: " "
        RenderInline {SPAN} at (0,0) size 9x16
          RenderInline {<pseudo:before>} at (0,0) size 9x16
            RenderCounter at (366,5) size 9x16
              text run at (366,5) width 9: "\x{10E5}"
        RenderText {#text} at (374,5) size 5x16
          text run at (374,5) width 5: " "
        RenderInline {SPAN} at (0,0) size 12x16
          RenderInline {<pseudo:before>} at (0,0) size 12x16
            RenderCounter at (378,5) size 12x16
              text run at (378,5) width 12: "\x{10E6}"
        RenderText {#text} at (389,5) size 5x16
          text run at (389,5) width 5: " "
        RenderInline {SPAN} at (0,0) size 9x16
          RenderInline {<pseudo:before>} at (0,0) size 9x16
            RenderCounter at (393,5) size 9x16
              text run at (393,5) width 9: "\x{10E7}"
        RenderText {#text} at (401,5) size 5x16
          text run at (401,5) width 5: " "
        RenderInline {SPAN} at (0,0) size 10x16
          RenderInline {<pseudo:before>} at (0,0) size 10x16
            RenderCounter at (405,5) size 10x16
              text run at (405,5) width 10: "\x{10E8}"
        RenderText {#text} at (414,5) size 5x16
          text run at (414,5) width 5: " "
        RenderInline {SPAN} at (0,0) size 9x16
          RenderInline {<pseudo:before>} at (0,0) size 9x16
            RenderCounter at (418,5) size 9x16
              text run at (418,5) width 9: "\x{10E9}"
        RenderText {#text} at (426,5) size 5x16
          text run at (426,5) width 5: " "
        RenderInline {SPAN} at (0,0) size 10x16
          RenderInline {<pseudo:before>} at (0,0) size 10x16
            RenderCounter at (430,5) size 10x16
              text run at (430,5) width 10: "\x{10EA}"
        RenderText {#text} at (439,5) size 5x16
          text run at (439,5) width 5: " "
        RenderInline {SPAN} at (0,0) size 10x16
          RenderInline {<pseudo:before>} at (0,0) size 10x16
            RenderCounter at (443,5) size 10x16
              text run at (443,5) width 10: "\x{10EB}"
        RenderText {#text} at (452,5) size 5x16
          text run at (452,5) width 5: " "
        RenderInline {SPAN} at (0,0) size 10x16
          RenderInline {<pseudo:before>} at (0,0) size 10x16
            RenderCounter at (456,5) size 10x16
              text run at (456,5) width 10: "\x{10EC}"
        RenderText {#text} at (465,5) size 5x16
          text run at (465,5) width 5: " "
        RenderInline {SPAN} at (0,0) size 10x16
          RenderInline {<pseudo:before>} at (0,0) size 10x16
            RenderCounter at (469,5) size 10x16
              text run at (469,5) width 10: "\x{10ED}"
        RenderText {#text} at (478,5) size 5x16
          text run at (478,5) width 5: " "
        RenderInline {SPAN} at (0,0) size 10x16
          RenderInline {<pseudo:before>} at (0,0) size 10x16
            RenderCounter at (482,5) size 10x16
              text run at (482,5) width 10: "\x{10EE}"
        RenderText {#text} at (491,5) size 5x16
          text run at (491,5) width 5: " "
        RenderInline {SPAN} at (0,0) size 9x16
          RenderInline {<pseudo:before>} at (0,0) size 9x16
            RenderCounter at (495,5) size 9x16
              text run at (495,5) width 9: "\x{10F4}"
        RenderText {#text} at (503,5) size 5x16
          text run at (503,5) width 5: " "
        RenderInline {SPAN} at (0,0) size 13x16
          RenderInline {<pseudo:before>} at (0,0) size 13x16
            RenderCounter at (507,5) size 13x16
              text run at (507,5) width 13: "\x{10EF}"
        RenderText {#text} at (519,5) size 5x16
          text run at (519,5) width 5: " "
        RenderInline {SPAN} at (0,0) size 9x16
          RenderInline {<pseudo:before>} at (0,0) size 9x16
            RenderCounter at (523,5) size 9x16
              text run at (523,5) width 9: "\x{10F0}"
        RenderText {#text} at (531,5) size 5x16
          text run at (531,5) width 5: " "
        RenderInline {SPAN} at (0,0) size 11x16
          RenderInline {<pseudo:before>} at (0,0) size 11x16
            RenderCounter at (535,5) size 11x16
              text run at (535,5) width 11: "\x{10F5}"
        RenderText {#text} at (545,5) size 5x16
          text run at (545,5) width 5: " "
        RenderInline {SPAN} at (0,0) size 50x16
          RenderInline {<pseudo:before>} at (0,0) size 50x16
            RenderCounter at (549,5) size 50x16
              text run at (549,5) width 50: "\x{10F5}\x{10F0}\x{10E8}\x{10DF}\x{10D7}"
        RenderText {#text} at (0,0) size 0x0
      RenderBlock {DIV} at (0,53) size 784x21
        RenderText {#text} at (0,5) size 599x16
          text run at (0,5) width 11: "\x{10D0} "
          text run at (10,5) width 14: "\x{10D1} "
          text run at (23,5) width 14: "\x{10D2} "
          text run at (36,5) width 19: "\x{10D3} "
          text run at (54,5) width 13: "\x{10D4} "
          text run at (66,5) width 14: "\x{10D5} "
          text run at (79,5) width 17: "\x{10D6} "
          text run at (95,5) width 15: "\x{10F1} "
          text run at (109,5) width 19: "\x{10D7} "
          text run at (127,5) width 14: "\x{10D8} "
          text run at (140,5) width 20: "\x{10D8}\x{10D0} "
          text run at (159,5) width 22: "\x{10D8}\x{10D1} "
          text run at (180,5) width 14: "\x{10D9} "
          text run at (193,5) width 20: "\x{10DA} "
          text run at (212,5) width 14: "\x{10DB} "
          text run at (225,5) width 14: "\x{10DC} "
          text run at (238,5) width 14: "\x{10F2} "
          text run at (251,5) width 16: "\x{10DD} "
          text run at (266,5) width 14: "\x{10DE} "
          text run at (279,5) width 14: "\x{10DF} "
          text run at (292,5) width 16: "\x{10E0} "
          text run at (307,5) width 14: "\x{10E1} "
          text run at (320,5) width 18: "\x{10E2} "
          text run at (337,5) width 13: "\x{10F3} "
          text run at (349,5) width 18: "\x{10E4} "
          text run at (366,5) width 13: "\x{10E5} "
          text run at (378,5) width 16: "\x{10E6} "
          text run at (393,5) width 13: "\x{10E7} "
          text run at (405,5) width 14: "\x{10E8} "
          text run at (418,5) width 13: "\x{10E9} "
          text run at (430,5) width 14: "\x{10EA} "
          text run at (443,5) width 14: "\x{10EB} "
          text run at (456,5) width 14: "\x{10EC} "
          text run at (469,5) width 14: "\x{10ED} "
          text run at (482,5) width 14: "\x{10EE} "
          text run at (495,5) width 13: "\x{10F4} "
          text run at (507,5) width 17: "\x{10EF} "
          text run at (523,5) width 13: "\x{10F0} "
          text run at (535,5) width 15: "\x{10F5} "
          text run at (549,5) width 50: "\x{10F5}\x{10F0}\x{10E8}\x{10DF}\x{10D7}"
