layer at (0,0) size 1045x600
  RenderView at (0,0) size 800x600
layer at (0,0) size 800x98
  RenderBlock {HTML} at (0,0) size 800x98
    RenderBody {BODY} at (8,16) size 784x74
      RenderBlock {P} at (0,0) size 784x16
        RenderText {#text} at (0,0) size 298x16
          text run at (0,0) width 298: "The following two lines should look the same:"
      RenderBlock {DIV} at (0,32) size 784x21
        RenderInline {SPAN} at (0,0) size 18x16
          RenderInline {<pseudo:before>} at (0,0) size 18x16
            RenderCounter at (0,5) size 18x16
              text run at (0,5) width 18: "\x{10D0}.\x{10D0}"
        RenderText {#text} at (17,5) size 5x16
          text run at (17,5) width 5: " "
        RenderInline {SPAN} at (0,0) size 21x16
          RenderInline {<pseudo:before>} at (0,0) size 21x16
            RenderCounter at (21,5) size 21x16
              text run at (21,5) width 21: "\x{10D0}.\x{10D1}"
        RenderText {#text} at (41,5) size 5x16
          text run at (41,5) width 5: " "
        RenderInline {SPAN} at (0,0) size 21x16
          RenderInline {<pseudo:before>} at (0,0) size 21x16
            RenderCounter at (45,5) size 21x16
              text run at (45,5) width 21: "\x{10D0}.\x{10D2}"
        RenderText {#text} at (65,5) size 5x16
          text run at (65,5) width 5: " "
        RenderInline {SPAN} at (0,0) size 26x16
          RenderInline {<pseudo:before>} at (0,0) size 26x16
            RenderCounter at (69,5) size 26x16
              text run at (69,5) width 26: "\x{10D0}.\x{10D3}"
        RenderText {#text} at (94,5) size 5x16
          text run at (94,5) width 5: " "
        RenderInline {SPAN} at (0,0) size 20x16
          RenderInline {<pseudo:before>} at (0,0) size 20x16
            RenderCounter at (98,5) size 20x16
              text run at (98,5) width 20: "\x{10D0}.\x{10D4}"
        RenderText {#text} at (117,5) size 5x16
          text run at (117,5) width 5: " "
        RenderInline {SPAN} at (0,0) size 21x16
          RenderInline {<pseudo:before>} at (0,0) size 21x16
            RenderCounter at (121,5) size 21x16
              text run at (121,5) width 21: "\x{10D0}.\x{10D5}"
        RenderText {#text} at (141,5) size 5x16
          text run at (141,5) width 5: " "
        RenderInline {SPAN} at (0,0) size 23x16
          RenderInline {<pseudo:before>} at (0,0) size 23x16
            RenderCounter at (145,5) size 23x16
              text run at (145,5) width 23: "\x{10D0}.\x{10D6}"
        RenderText {#text} at (167,5) size 5x16
          text run at (167,5) width 5: " "
        RenderInline {SPAN} at (0,0) size 23x16
          RenderInline {<pseudo:before>} at (0,0) size 23x16
            RenderCounter at (171,5) size 23x16
              text run at (171,5) width 23: "\x{10D0}.\x{10F1}"
        RenderText {#text} at (193,5) size 5x16
          text run at (193,5) width 5: " "
        RenderInline {SPAN} at (0,0) size 26x16
          RenderInline {<pseudo:before>} at (0,0) size 26x16
            RenderCounter at (197,5) size 26x16
              text run at (197,5) width 26: "\x{10D0}.\x{10D7}"
        RenderText {#text} at (222,5) size 5x16
          text run at (222,5) width 5: " "
        RenderInline {SPAN} at (0,0) size 20x16
          RenderInline {<pseudo:before>} at (0,0) size 20x16
            RenderCounter at (226,5) size 20x16
              text run at (226,5) width 20: "\x{10D0}.\x{10D8}"
        RenderText {#text} at (245,5) size 5x16
          text run at (245,5) width 5: " "
        RenderInline {SPAN} at (0,0) size 28x16
          RenderInline {<pseudo:before>} at (0,0) size 28x16
            RenderCounter at (249,5) size 28x16
              text run at (249,5) width 28: "\x{10D0}.\x{10D8}\x{10D0}"
        RenderText {#text} at (276,5) size 5x16
          text run at (276,5) width 5: " "
        RenderInline {SPAN} at (0,0) size 29x16
          RenderInline {<pseudo:before>} at (0,0) size 29x16
            RenderCounter at (280,5) size 29x16
              text run at (280,5) width 29: "\x{10D0}.\x{10D8}\x{10D1}"
        RenderText {#text} at (308,5) size 5x16
          text run at (308,5) width 5: " "
        RenderInline {SPAN} at (0,0) size 20x16
          RenderInline {<pseudo:before>} at (0,0) size 20x16
            RenderCounter at (312,5) size 20x16
              text run at (312,5) width 20: "\x{10D0}.\x{10D9}"
        RenderText {#text} at (331,5) size 5x16
          text run at (331,5) width 5: " "
        RenderInline {SPAN} at (0,0) size 28x16
          RenderInline {<pseudo:before>} at (0,0) size 28x16
            RenderCounter at (335,5) size 28x16
              text run at (335,5) width 28: "\x{10D0}.\x{10DA}"
        RenderText {#text} at (362,5) size 5x16
          text run at (362,5) width 5: " "
        RenderInline {SPAN} at (0,0) size 20x16
          RenderInline {<pseudo:before>} at (0,0) size 20x16
            RenderCounter at (366,5) size 20x16
              text run at (366,5) width 20: "\x{10D0}.\x{10DB}"
        RenderText {#text} at (385,5) size 5x16
          text run at (385,5) width 5: " "
        RenderInline {SPAN} at (0,0) size 21x16
          RenderInline {<pseudo:before>} at (0,0) size 21x16
            RenderCounter at (389,5) size 21x16
              text run at (389,5) width 21: "\x{10D0}.\x{10DC}"
        RenderText {#text} at (409,5) size 5x16
          text run at (409,5) width 5: " "
        RenderInline {SPAN} at (0,0) size 21x16
          RenderInline {<pseudo:before>} at (0,0) size 21x16
            RenderCounter at (413,5) size 21x16
              text run at (413,5) width 21: "\x{10D0}.\x{10F2}"
        RenderText {#text} at (433,5) size 5x16
          text run at (433,5) width 5: " "
        RenderInline {SPAN} at (0,0) size 24x16
          RenderInline {<pseudo:before>} at (0,0) size 24x16
            RenderCounter at (437,5) size 24x16
              text run at (437,5) width 24: "\x{10D0}.\x{10DD}"
        RenderText {#text} at (460,5) size 5x16
          text run at (460,5) width 5: " "
        RenderInline {SPAN} at (0,0) size 20x16
          RenderInline {<pseudo:before>} at (0,0) size 20x16
            RenderCounter at (464,5) size 20x16
              text run at (464,5) width 20: "\x{10D0}.\x{10DE}"
        RenderText {#text} at (483,5) size 5x16
          text run at (483,5) width 5: " "
        RenderInline {SPAN} at (0,0) size 22x16
          RenderInline {<pseudo:before>} at (0,0) size 22x16
            RenderCounter at (487,5) size 22x16
              text run at (487,5) width 22: "\x{10D0}.\x{10DF}"
        RenderText {#text} at (508,5) size 5x16
          text run at (508,5) width 5: " "
        RenderInline {SPAN} at (0,0) size 23x16
          RenderInline {<pseudo:before>} at (0,0) size 23x16
            RenderCounter at (512,5) size 23x16
              text run at (512,5) width 23: "\x{10D0}.\x{10E0}"
        RenderText {#text} at (534,5) size 5x16
          text run at (534,5) width 5: " "
        RenderInline {SPAN} at (0,0) size 20x16
          RenderInline {<pseudo:before>} at (0,0) size 20x16
            RenderCounter at (538,5) size 20x16
              text run at (538,5) width 20: "\x{10D0}.\x{10E1}"
        RenderText {#text} at (557,5) size 5x16
          text run at (557,5) width 5: " "
        RenderInline {SPAN} at (0,0) size 25x16
          RenderInline {<pseudo:before>} at (0,0) size 25x16
            RenderCounter at (561,5) size 25x16
              text run at (561,5) width 25: "\x{10D0}.\x{10E2}"
        RenderText {#text} at (585,5) size 5x16
          text run at (585,5) width 5: " "
        RenderInline {SPAN} at (0,0) size 21x16
          RenderInline {<pseudo:before>} at (0,0) size 21x16
            RenderCounter at (589,5) size 21x16
              text run at (589,5) width 21: "\x{10D0}.\x{10F3}"
        RenderText {#text} at (609,5) size 5x16
          text run at (609,5) width 5: " "
        RenderInline {SPAN} at (0,0) size 24x16
          RenderInline {<pseudo:before>} at (0,0) size 24x16
            RenderCounter at (613,5) size 24x16
              text run at (613,5) width 24: "\x{10D0}.\x{10E4}"
        RenderText {#text} at (636,5) size 5x16
          text run at (636,5) width 5: " "
        RenderInline {SPAN} at (0,0) size 20x16
          RenderInline {<pseudo:before>} at (0,0) size 20x16
            RenderCounter at (640,5) size 20x16
              text run at (640,5) width 20: "\x{10D0}.\x{10E5}"
        RenderText {#text} at (659,5) size 5x16
          text run at (659,5) width 5: " "
        RenderInline {SPAN} at (0,0) size 23x16
          RenderInline {<pseudo:before>} at (0,0) size 23x16
            RenderCounter at (663,5) size 23x16
              text run at (663,5) width 23: "\x{10D0}.\x{10E6}"
        RenderText {#text} at (685,5) size 5x16
          text run at (685,5) width 5: " "
        RenderInline {SPAN} at (0,0) size 20x16
          RenderInline {<pseudo:before>} at (0,0) size 20x16
            RenderCounter at (689,5) size 20x16
              text run at (689,5) width 20: "\x{10D0}.\x{10E7}"
        RenderText {#text} at (708,5) size 5x16
          text run at (708,5) width 5: " "
        RenderInline {SPAN} at (0,0) size 21x16
          RenderInline {<pseudo:before>} at (0,0) size 21x16
            RenderCounter at (712,5) size 21x16
              text run at (712,5) width 21: "\x{10D0}.\x{10E8}"
        RenderText {#text} at (732,5) size 5x16
          text run at (732,5) width 5: " "
        RenderInline {SPAN} at (0,0) size 20x16
          RenderInline {<pseudo:before>} at (0,0) size 20x16
            RenderCounter at (736,5) size 20x16
              text run at (736,5) width 20: "\x{10D0}.\x{10E9}"
        RenderText {#text} at (755,5) size 5x16
          text run at (755,5) width 5: " "
        RenderInline {SPAN} at (0,0) size 21x16
          RenderInline {<pseudo:before>} at (0,0) size 21x16
            RenderCounter at (759,5) size 21x16
              text run at (759,5) width 21: "\x{10D0}.\x{10EA}"
        RenderText {#text} at (779,5) size 5x16
          text run at (779,5) width 5: " "
        RenderInline {SPAN} at (0,0) size 21x16
          RenderInline {<pseudo:before>} at (0,0) size 21x16
            RenderCounter at (783,5) size 21x16
              text run at (783,5) width 21: "\x{10D0}.\x{10EB}"
        RenderText {#text} at (803,5) size 5x16
          text run at (803,5) width 5: " "
        RenderInline {SPAN} at (0,0) size 21x16
          RenderInline {<pseudo:before>} at (0,0) size 21x16
            RenderCounter at (807,5) size 21x16
              text run at (807,5) width 21: "\x{10D0}.\x{10EC}"
        RenderText {#text} at (827,5) size 5x16
          text run at (827,5) width 5: " "
        RenderInline {SPAN} at (0,0) size 21x16
          RenderInline {<pseudo:before>} at (0,0) size 21x16
            RenderCounter at (831,5) size 21x16
              text run at (831,5) width 21: "\x{10D0}.\x{10ED}"
        RenderText {#text} at (851,5) size 5x16
          text run at (851,5) width 5: " "
        RenderInline {SPAN} at (0,0) size 21x16
          RenderInline {<pseudo:before>} at (0,0) size 21x16
            RenderCounter at (855,5) size 21x16
              text run at (855,5) width 21: "\x{10D0}.\x{10EE}"
        RenderText {#text} at (875,5) size 5x16
          text run at (875,5) width 5: " "
        RenderInline {SPAN} at (0,0) size 19x16
          RenderInline {<pseudo:before>} at (0,0) size 19x16
            RenderCounter at (879,5) size 19x16
              text run at (879,5) width 19: "\x{10D0}.\x{10F4}"
        RenderText {#text} at (897,5) size 5x16
          text run at (897,5) width 5: " "
        RenderInline {SPAN} at (0,0) size 24x16
          RenderInline {<pseudo:before>} at (0,0) size 24x16
            RenderCounter at (901,5) size 24x16
              text run at (901,5) width 24: "\x{10D0}.\x{10EF}"
        RenderText {#text} at (924,5) size 5x16
          text run at (924,5) width 5: " "
        RenderInline {SPAN} at (0,0) size 21x16
          RenderInline {<pseudo:before>} at (0,0) size 21x16
            RenderCounter at (928,5) size 21x16
              text run at (928,5) width 21: "\x{10D0}.\x{10F0}"
        RenderText {#text} at (948,5) size 5x16
          text run at (948,5) width 5: " "
        RenderInline {SPAN} at (0,0) size 21x16
          RenderInline {<pseudo:before>} at (0,0) size 21x16
            RenderCounter at (952,5) size 21x16
              text run at (952,5) width 21: "\x{10D0}.\x{10F5}"
        RenderText {#text} at (972,5) size 5x16
          text run at (972,5) width 5: " "
        RenderInline {SPAN} at (0,0) size 62x16
          RenderInline {<pseudo:before>} at (0,0) size 62x16
            RenderCounter at (976,5) size 62x16
              text run at (976,5) width 62: "\x{10D0}.\x{10F5}\x{10F0}\x{10E8}\x{10DF}\x{10D7}"
        RenderText {#text} at (0,0) size 0x0
      RenderBlock {DIV} at (0,53) size 784x21
        RenderText {#text} at (0,5) size 1038x16
          text run at (0,5) width 22: "\x{10D0}.\x{10D0} "
          text run at (21,5) width 25: "\x{10D0}.\x{10D1} "
          text run at (45,5) width 25: "\x{10D0}.\x{10D2} "
          text run at (69,5) width 30: "\x{10D0}.\x{10D3} "
          text run at (98,5) width 24: "\x{10D0}.\x{10D4} "
          text run at (121,5) width 25: "\x{10D0}.\x{10D5} "
          text run at (145,5) width 27: "\x{10D0}.\x{10D6} "
          text run at (171,5) width 27: "\x{10D0}.\x{10F1} "
          text run at (197,5) width 30: "\x{10D0}.\x{10D7} "
          text run at (226,5) width 24: "\x{10D0}.\x{10D8} "
          text run at (249,5) width 32: "\x{10D0}.\x{10D8}\x{10D0} "
          text run at (280,5) width 33: "\x{10D0}.\x{10D8}\x{10D1} "
          text run at (312,5) width 24: "\x{10D0}.\x{10D9} "
          text run at (335,5) width 32: "\x{10D0}.\x{10DA} "
          text run at (366,5) width 24: "\x{10D0}.\x{10DB} "
          text run at (389,5) width 25: "\x{10D0}.\x{10DC} "
          text run at (413,5) width 25: "\x{10D0}.\x{10F2} "
          text run at (437,5) width 28: "\x{10D0}.\x{10DD} "
          text run at (464,5) width 24: "\x{10D0}.\x{10DE} "
          text run at (487,5) width 26: "\x{10D0}.\x{10DF} "
          text run at (512,5) width 27: "\x{10D0}.\x{10E0} "
          text run at (538,5) width 24: "\x{10D0}.\x{10E1} "
          text run at (561,5) width 29: "\x{10D0}.\x{10E2} "
          text run at (589,5) width 25: "\x{10D0}.\x{10F3} "
          text run at (613,5) width 28: "\x{10D0}.\x{10E4} "
          text run at (640,5) width 24: "\x{10D0}.\x{10E5} "
          text run at (663,5) width 27: "\x{10D0}.\x{10E6} "
          text run at (689,5) width 24: "\x{10D0}.\x{10E7} "
          text run at (712,5) width 25: "\x{10D0}.\x{10E8} "
          text run at (736,5) width 24: "\x{10D0}.\x{10E9} "
          text run at (759,5) width 25: "\x{10D0}.\x{10EA} "
          text run at (783,5) width 25: "\x{10D0}.\x{10EB} "
          text run at (807,5) width 25: "\x{10D0}.\x{10EC} "
          text run at (831,5) width 25: "\x{10D0}.\x{10ED} "
          text run at (855,5) width 25: "\x{10D0}.\x{10EE} "
          text run at (879,5) width 23: "\x{10D0}.\x{10F4} "
          text run at (901,5) width 28: "\x{10D0}.\x{10EF} "
          text run at (928,5) width 25: "\x{10D0}.\x{10F0} "
          text run at (952,5) width 25: "\x{10D0}.\x{10F5} "
          text run at (976,5) width 62: "\x{10D0}.\x{10F5}\x{10F0}\x{10E8}\x{10DF}\x{10D7}"
