layer at (0,0) size 800x600
  RenderView at (0,0) size 800x600
layer at (0,0) size 800x468
  RenderBlock {HTML} at (0,0) size 800x468
    RenderBody {BODY} at (8,18) size 784x432
      RenderBlock {P} at (0,0) size 784x432
        RenderInline {SPAN} at (0,0) size 772x396 [color=#FFFFFF] [bgcolor=#000080]
          RenderText {#text} at (0,18) size 745x72
            text run at (0,18) width 482: "This text should be 18px sans-serif, in small-caps, italicized, "
            text run at (481,18) width 264: "and very light. There should be a"
            text run at (0,72) width 250: "36px gap betwen each line. The "
            text run at (249,72) width 455: "text should have a blue background, the gap should not. "
          RenderInline {SPAN} at (0,0) size 772x342 [color=#0000FF]
            RenderText {#text} at (703,72) size 772x342
              text run at (703,72) width 50: "dummy"
              text run at (0,126) width 462: "text dummy text dummy text dummy text dummy text dummy "
              text run at (461,126) width 311: "text dummy text dummy text dummy text"
              text run at (0,180) width 239: "dummy text dummy text dummy "
              text run at (238,180) width 496: "text dummy text dummy text dummy text dummy text dummy text"
              text run at (0,234) width 55: "dummy "
              text run at (54,234) width 555: "text dummy text dummy text dummy text dummy text dummy text dummy "
              text run at (608,234) width 126: "text dummy text"
              text run at (0,288) width 424: "dummy text dummy text dummy text dummy text dummy "
              text run at (423,288) width 311: "text dummy text dummy text dummy text"
              text run at (0,342) width 239: "dummy text dummy text dummy "
              text run at (238,342) width 496: "text dummy text dummy text dummy text dummy text dummy text"
              text run at (0,396) width 55: "dummy "
              text run at (54,396) width 495: "text dummy text dummy text dummy text dummy text dummy text"
          RenderText {#text} at (0,0) size 0x0
        RenderText {#text} at (0,0) size 0x0
