layer at (0,0) size 800x600
  RenderView at (0,0) size 800x600
layer at (0,0) size 800x468
  RenderBlock {HTML} at (0,0) size 800x468
    RenderBody {BODY} at (8,18) size 784x432 [color=#000080]
      RenderBlock {P} at (0,0) size 784x432
        RenderText {#text} at (0,18) size 745x72
          text run at (0,18) width 745: "This text should be 18px sans-serif, in small-caps, italicized, and very light. There should be a"
          text run at (0,72) width 225: "36px gap between each line. "
        RenderInline {SPAN} at (0,0) size 774x342 [color=#C0C0C0]
          RenderText {#text} at (224,72) size 774x342
            text run at (224,72) width 516: "dummy text dummy text dummy text dummy text dummy text dummy "
            text run at (739,72) width 35: "text"
            text run at (0,126) width 516: "dummy text dummy text dummy text dummy text dummy text dummy "
            text run at (515,126) width 219: "text dummy text dummy text"
            text run at (0,180) width 332: "dummy text dummy text dummy text dummy "
            text run at (331,180) width 403: "text dummy text dummy text dummy text dummy text"
            text run at (0,234) width 147: "dummy text dummy "
            text run at (146,234) width 555: "text dummy text dummy text dummy text dummy text dummy text dummy "
            text run at (700,234) width 34: "text"
            text run at (0,288) width 516: "dummy text dummy text dummy text dummy text dummy text dummy "
            text run at (515,288) width 219: "text dummy text dummy text"
            text run at (0,342) width 332: "dummy text dummy text dummy text dummy "
            text run at (331,342) width 403: "text dummy text dummy text dummy text dummy text"
            text run at (0,396) width 88: "dummy text"
        RenderText {#text} at (0,0) size 0x0
