layer at (0,0) size 800x600
  RenderView at (0,0) size 800x600
layer at (0,0) size 800x32
  RenderBlock {html} at (0,0) size 800x32
    RenderBody {BODY} at (8,8) size 784x16
      RenderBlock {P} at (0,0) size 784x16
        RenderText {#text} at (0,0) size 340x16
          text run at (0,0) width 340: "This line should be green and there should be no red."
