layer at (0,0) size 800x600
  RenderView at (0,0) size 800x600
layer at (0,0) size 800x600
  RenderBlock {HTML} at (0,0) size 800x600
    RenderBody {BODY} at (11.52,11.52) size 776.97x576.97
      RenderText {#text} at (0,0) size 771x236
        text run at (0,0) width 771: "This test can be used to ensure that a focus ring is drawn correctly for an imagemap"
        text run at (0,23) width 753: "even when the page is zoomed. This test PASSED if a focus ring is drawn around"
        text run at (0,213) width 376: "the <area> in the imagemap to the right. "
      RenderInline {MAP} at (0,0) size 0x0
        RenderText {#text} at (0,0) size 0x0
        RenderInline {AREA} at (0,0) size 0x0
        RenderText {#text} at (0,0) size 0x0
      RenderText {#text} at (0,0) size 0x0
      RenderImage {IMG} at (375.94,46) size 184.31x184.31
      RenderText {#text} at (0,0) size 0x0
