layer at (0,0) size 800x600
  RenderView at (0,0) size 800x600
layer at (0,0) size 800x88
  RenderBlock {HTML} at (0,0) size 800x88
    RenderBody {BODY} at (8,16) size 784x56
      RenderBlock {UL} at (0,0) size 784x56
        RenderListItem {LI} at (40,0) size 744x56
          RenderBlock {FORM} at (0,0) size 744x22
            RenderBlock {P} at (0,0) size 744x22
              RenderListMarker at (-17,2) size 7x17: bullet
              RenderTextControl {INPUT} at (0,0) size 313x22 [bgcolor=#FFFFFF] [border: (2px inset #EEEEEE)]
              RenderText {#text} at (0,0) size 0x0
          RenderBlock {P} at (0,38) size 744x18
            RenderText {#text} at (0,0) size 340x17
              text run at (0,0) width 340: "There should be an input field above this line of text."
layer at (50,19) size 309x16
  RenderBlock {DIV} at (2,3) size 309x16
    RenderText {#text} at (0,0) size 59x16
      text run at (0,0) width 59: "blah blubb"
