layer at (0,0) size 800x600
  RenderView at (0,0) size 800x600
layer at (0,0) size 800x507
  RenderBlock {HTML} at (0,0) size 800x507
    RenderBody {BODY} at (0,0) size 800x506
      RenderBlock {DIV} at (0,0) size 600x36
        RenderText {#text} at (0,0) size 293x12
          text run at (0,0) width 293: "Table autosizing tests - css-table-single-cell-lots-of-text.html"
        RenderBR {BR} at (292,0) size 1x12
        RenderText {#text} at (0,12) size 566x12
          text run at (0,12) width 566: "This test passes if there is a one cell with lots of text that's autosized, and five single-word cells that are not autosized."
      RenderTable {DIV} at (1,37) size 798x469
        RenderTableSection (anonymous) at (0,0) size 798x469
          RenderTableRow {DIV} at (0,0) size 798x33
            RenderTableCell {DIV} at (0,14) size 26x14 [bgcolor=#F0FFF0] [border: (1px dotted #006400)] [r=0 c=0 rs=1 cs=1]
              RenderText {#text} at (1,1) size 24x12
                text run at (1,1) width 24: "hello"
            RenderTableCell {DIV} at (26,0) size 746x33 [bgcolor=#F0FFF0] [border: (1px dotted #006400)] [r=0 c=1 rs=1 cs=1]
              RenderText {#text} at (1,1) size 60x31
                text run at (1,1) width 60: "hello"
            RenderTableCell {DIV} at (772,14) size 26x14 [bgcolor=#F0FFF0] [border: (1px dotted #006400)] [r=0 c=2 rs=1 cs=1]
              RenderText {#text} at (1,1) size 24x12
                text run at (1,1) width 24: "hello"
          RenderTableRow {DIV} at (0,33) size 798x436
            RenderTableCell {DIV} at (0,47) size 26x14 [bgcolor=#F0FFF0] [border: (1px dotted #006400)] [r=1 c=0 rs=1 cs=1]
              RenderText {#text} at (1,1) size 24x12
                text run at (1,1) width 24: "hello"
            RenderTableCell {DIV} at (26,33) size 746x436 [bgcolor=#F0FFF0] [border: (1px dotted #006400)] [r=1 c=1 rs=1 cs=1]
              RenderText {#text} at (1,1) size 735x434
                text run at (1,1) width 735: "hello hello hello hello hello hello hello hello hello hello hello"
                text run at (1,32) width 735: "hello hello hello hello hello hello hello hello hello hello hello"
                text run at (1,63) width 735: "hello hello hello hello hello hello hello hello hello hello hello"
                text run at (1,94) width 735: "hello hello hello hello hello hello hello hello hello hello hello"
                text run at (1,125) width 735: "hello hello hello hello hello hello hello hello hello hello hello"
                text run at (1,156) width 735: "hello hello hello hello hello hello hello hello hello hello hello"
                text run at (1,187) width 735: "hello hello hello hello hello hello hello hello hello hello hello"
                text run at (1,218) width 735: "hello hello hello hello hello hello hello hello hello hello hello"
                text run at (1,249) width 735: "hello hello hello hello hello hello hello hello hello hello hello"
                text run at (1,280) width 735: "hello hello hello hello hello hello hello hello hello hello hello"
                text run at (1,311) width 735: "hello hello hello hello hello hello hello hello hello hello hello"
                text run at (1,342) width 735: "hello hello hello hello hello hello hello hello hello hello hello"
                text run at (1,373) width 735: "hello hello hello hello hello hello hello hello hello hello hello"
                text run at (1,404) width 600: "hello hello hello hello hello hello hello hello hello"
            RenderTableCell {DIV} at (772,47) size 26x14 [bgcolor=#F0FFF0] [border: (1px dotted #006400)] [r=1 c=2 rs=1 cs=1]
              RenderText {#text} at (1,1) size 24x12
                text run at (1,1) width 24: "hello"
