layer at (0,0) size 800x600
  RenderView at (0,0) size 800x600
layer at (0,0) size 800x510
  RenderBlock {HTML} at (0,0) size 800x510
    RenderBody {BODY} at (0,0) size 800x509
      RenderBlock {DIV} at (0,0) size 600x36
        RenderText {#text} at (0,0) size 303x12
          text run at (0,0) width 303: "Table autosizing tests - fixed-table-single-cell-lots-of-text.html"
        RenderBR {BR} at (302,0) size 1x12
        RenderText {#text} at (0,12) size 566x12
          text run at (0,12) width 566: "This test passes if there is a one cell with lots of text that's autosized, and five single-word cells that are not autosized."
      RenderTable {TABLE} at (1,37) size 798x472 [border: none]
        RenderTableSection {TBODY} at (0,0) size 797x471
          RenderTableRow {TR} at (0,0) size 797x34
            RenderTableCell {TD} at (0,9) size 27x15 [bgcolor=#F0FFF0] [border: (1px dotted #006400)] [r=0 c=0 rs=1 cs=1]
              RenderText {#text} at (2,2) size 24x12
                text run at (2,2) width 24: "hello"
            RenderTableCell {TD} at (27,0) size 743x34 [bgcolor=#F0FFF0] [border: (1px dotted #006400)] [r=0 c=1 rs=1 cs=1]
              RenderText {#text} at (2,2) size 60x31
                text run at (2,2) width 60: "hello"
            RenderTableCell {TD} at (770,9) size 27x15 [bgcolor=#F0FFF0] [border: (1px dotted #006400)] [r=0 c=2 rs=1 cs=1]
              RenderText {#text} at (2,2) size 24x12
                text run at (2,2) width 24: "hello"
          RenderTableRow {TR} at (0,34) size 797x437
            RenderTableCell {TD} at (0,245) size 27x15 [bgcolor=#F0FFF0] [border: (1px dotted #006400)] [r=1 c=0 rs=1 cs=1]
              RenderText {#text} at (2,2) size 24x12
                text run at (2,2) width 24: "hello"
            RenderTableCell {TD} at (27,34) size 743x437 [bgcolor=#F0FFF0] [border: (1px dotted #006400)] [r=1 c=1 rs=1 cs=1]
              RenderText {#text} at (2,2) size 735x434
                text run at (2,2) width 735: "hello hello hello hello hello hello hello hello hello hello hello"
                text run at (2,33) width 735: "hello hello hello hello hello hello hello hello hello hello hello"
                text run at (2,64) width 735: "hello hello hello hello hello hello hello hello hello hello hello"
                text run at (2,95) width 735: "hello hello hello hello hello hello hello hello hello hello hello"
                text run at (2,126) width 735: "hello hello hello hello hello hello hello hello hello hello hello"
                text run at (2,157) width 735: "hello hello hello hello hello hello hello hello hello hello hello"
                text run at (2,188) width 735: "hello hello hello hello hello hello hello hello hello hello hello"
                text run at (2,219) width 735: "hello hello hello hello hello hello hello hello hello hello hello"
                text run at (2,250) width 735: "hello hello hello hello hello hello hello hello hello hello hello"
                text run at (2,281) width 735: "hello hello hello hello hello hello hello hello hello hello hello"
                text run at (2,312) width 735: "hello hello hello hello hello hello hello hello hello hello hello"
                text run at (2,343) width 735: "hello hello hello hello hello hello hello hello hello hello hello"
                text run at (2,374) width 735: "hello hello hello hello hello hello hello hello hello hello hello"
                text run at (2,405) width 600: "hello hello hello hello hello hello hello hello hello"
            RenderTableCell {TD} at (770,245) size 27x15 [bgcolor=#F0FFF0] [border: (1px dotted #006400)] [r=1 c=2 rs=1 cs=1]
              RenderText {#text} at (2,2) size 24x12
                text run at (2,2) width 24: "hello"
