layer at (0,0) size 800x600
  RenderView at (0,0) size 800x600
layer at (0,0) size 800x120
  RenderBlock {HTML} at (0,0) size 800x120
    RenderBody {BODY} at (0,0) size 800x119
      RenderBlock {DIV} at (0,0) size 600x36
        RenderText {#text} at (0,0) size 249x12
          text run at (0,0) width 249: "Table autosizing tests - lots-of-text-many-cells.html"
        RenderBR {BR} at (248,0) size 1x12
        RenderText {#text} at (0,12) size 251x12
          text run at (0,12) width 251: "This test passes if none of the 18 cells are autosized."
      RenderTable {TABLE} at (1,37) size 798x82 [border: none]
        RenderTableSection {TBODY} at (0,0) size 797x81
          RenderTableRow {TR} at (0,0) size 797x27
            RenderTableCell {TD} at (0,6) size 132x15 [bgcolor=#F0FFF0] [border: (1px dotted #006400)] [r=0 c=0 rs=1 cs=1]
              RenderText {#text} at (2,2) size 24x12
                text run at (2,2) width 24: "hello"
            RenderTableCell {TD} at (132,0) size 133x27 [bgcolor=#F0FFF0] [border: (1px dotted #006400)] [r=0 c=1 rs=1 cs=1]
              RenderText {#text} at (2,2) size 105x24
                text run at (2,2) width 105: "hello hello hello hello"
                text run at (2,14) width 78: "hello hello hello"
            RenderTableCell {TD} at (265,0) size 133x27 [bgcolor=#F0FFF0] [border: (1px dotted #006400)] [r=0 c=2 rs=1 cs=1]
              RenderText {#text} at (2,2) size 105x24
                text run at (2,2) width 105: "hello hello hello hello"
                text run at (2,14) width 78: "hello hello hello"
            RenderTableCell {TD} at (398,0) size 133x27 [bgcolor=#F0FFF0] [border: (1px dotted #006400)] [r=0 c=3 rs=1 cs=1]
              RenderText {#text} at (2,2) size 105x24
                text run at (2,2) width 105: "hello hello hello hello"
                text run at (2,14) width 78: "hello hello hello"
            RenderTableCell {TD} at (531,0) size 133x27 [bgcolor=#F0FFF0] [border: (1px dotted #006400)] [r=0 c=4 rs=1 cs=1]
              RenderText {#text} at (2,2) size 105x24
                text run at (2,2) width 105: "hello hello hello hello"
                text run at (2,14) width 78: "hello hello hello"
            RenderTableCell {TD} at (664,0) size 133x27 [bgcolor=#F0FFF0] [border: (1px dotted #006400)] [r=0 c=5 rs=1 cs=1]
              RenderText {#text} at (2,2) size 105x24
                text run at (2,2) width 105: "hello hello hello hello"
                text run at (2,14) width 78: "hello hello hello"
          RenderTableRow {TR} at (0,27) size 797x27
            RenderTableCell {TD} at (0,27) size 132x27 [bgcolor=#F0FFF0] [border: (1px dotted #006400)] [r=1 c=0 rs=1 cs=1]
              RenderText {#text} at (2,2) size 105x24
                text run at (2,2) width 105: "hello hello hello hello"
                text run at (2,14) width 78: "hello hello hello"
            RenderTableCell {TD} at (132,27) size 133x27 [bgcolor=#F0FFF0] [border: (1px dotted #006400)] [r=1 c=1 rs=1 cs=1]
              RenderText {#text} at (2,2) size 105x24
                text run at (2,2) width 105: "hello hello hello hello"
                text run at (2,14) width 78: "hello hello hello"
            RenderTableCell {TD} at (265,27) size 133x27 [bgcolor=#F0FFF0] [border: (1px dotted #006400)] [r=1 c=2 rs=1 cs=1]
              RenderText {#text} at (2,2) size 105x24
                text run at (2,2) width 105: "hello hello hello hello"
                text run at (2,14) width 78: "hello hello hello"
            RenderTableCell {TD} at (398,27) size 133x27 [bgcolor=#F0FFF0] [border: (1px dotted #006400)] [r=1 c=3 rs=1 cs=1]
              RenderText {#text} at (2,2) size 105x24
                text run at (2,2) width 105: "hello hello hello hello"
                text run at (2,14) width 78: "hello hello hello"
            RenderTableCell {TD} at (531,27) size 133x27 [bgcolor=#F0FFF0] [border: (1px dotted #006400)] [r=1 c=4 rs=1 cs=1]
              RenderText {#text} at (2,2) size 105x24
                text run at (2,2) width 105: "hello hello hello hello"
                text run at (2,14) width 78: "hello hello hello"
            RenderTableCell {TD} at (664,27) size 133x27 [bgcolor=#F0FFF0] [border: (1px dotted #006400)] [r=1 c=5 rs=1 cs=1]
              RenderText {#text} at (2,2) size 105x24
                text run at (2,2) width 105: "hello hello hello hello"
                text run at (2,14) width 78: "hello hello hello"
          RenderTableRow {TR} at (0,54) size 797x27
            RenderTableCell {TD} at (0,54) size 132x27 [bgcolor=#F0FFF0] [border: (1px dotted #006400)] [r=2 c=0 rs=1 cs=1]
              RenderText {#text} at (2,2) size 105x24
                text run at (2,2) width 105: "hello hello hello hello"
                text run at (2,14) width 78: "hello hello hello"
            RenderTableCell {TD} at (132,54) size 133x27 [bgcolor=#F0FFF0] [border: (1px dotted #006400)] [r=2 c=1 rs=1 cs=1]
              RenderText {#text} at (2,2) size 105x24
                text run at (2,2) width 105: "hello hello hello hello"
                text run at (2,14) width 78: "hello hello hello"
            RenderTableCell {TD} at (265,54) size 133x27 [bgcolor=#F0FFF0] [border: (1px dotted #006400)] [r=2 c=2 rs=1 cs=1]
              RenderText {#text} at (2,2) size 105x24
                text run at (2,2) width 105: "hello hello hello hello"
                text run at (2,14) width 78: "hello hello hello"
            RenderTableCell {TD} at (398,54) size 133x27 [bgcolor=#F0FFF0] [border: (1px dotted #006400)] [r=2 c=3 rs=1 cs=1]
              RenderText {#text} at (2,2) size 105x24
                text run at (2,2) width 105: "hello hello hello hello"
                text run at (2,14) width 78: "hello hello hello"
            RenderTableCell {TD} at (531,54) size 133x27 [bgcolor=#F0FFF0] [border: (1px dotted #006400)] [r=2 c=4 rs=1 cs=1]
              RenderText {#text} at (2,2) size 105x24
                text run at (2,2) width 105: "hello hello hello hello"
                text run at (2,14) width 78: "hello hello hello"
            RenderTableCell {TD} at (664,54) size 133x27 [bgcolor=#F0FFF0] [border: (1px dotted #006400)] [r=2 c=5 rs=1 cs=1]
              RenderText {#text} at (2,2) size 105x24
                text run at (2,2) width 105: "hello hello hello hello"
                text run at (2,14) width 78: "hello hello hello"
