layer at (0,0) size 800x600
  RenderView at (0,0) size 800x600
layer at (0,0) size 800x273
  RenderBlock {HTML} at (0,0) size 800x273
    RenderBody {BODY} at (0,0) size 800x272
      RenderBlock {DIV} at (0,0) size 600x36
        RenderText {#text} at (0,0) size 202x12
          text run at (0,0) width 202: "Table autosizing tests - nested-tables.html"
        RenderBR {BR} at (201,0) size 1x12
        RenderText {#text} at (0,12) size 365x12
          text run at (0,12) width 365: "This test passes if \"This text should not overlap itself\" doesn't overlap itself."
      RenderTable {TABLE} at (1,37) size 798x235 [border: none]
        RenderTableSection {TBODY} at (0,0) size 797x234
          RenderTableRow {TR} at (0,0) size 797x234
            RenderTableCell {TD} at (0,0) size 797x234 [bgcolor=#F0FFF0] [border: (1px dotted #006400)] [r=0 c=0 rs=1 cs=1]
              RenderBlock (anonymous) at (2,2) size 794x174
                RenderText {#text} at (0,0) size 786x174
                  text run at (0,0) width 786: "Autosize Autosize Autosize Autosize Autosize Autosize Autosize"
                  text run at (0,29) width 786: "Autosize Autosize Autosize Autosize Autosize Autosize Autosize"
                  text run at (0,58) width 786: "Autosize Autosize Autosize Autosize Autosize Autosize Autosize"
                  text run at (0,87) width 786: "Autosize Autosize Autosize Autosize Autosize Autosize Autosize"
                  text run at (0,116) width 786: "Autosize Autosize Autosize Autosize Autosize Autosize Autosize"
                  text run at (0,145) width 106: "Autosize"
              RenderTable {TABLE} at (3,177) size 94x55 [border: none]
                RenderTableSection {TBODY} at (0,0) size 93x54
                  RenderTableRow {TR} at (0,0) size 93x39
                    RenderTableCell {TD} at (0,0) size 93x39 [bgcolor=#F0FFF0] [border: (1px dotted #006400)] [r=0 c=0 rs=1 cs=1]
                      RenderText {#text} at (2,2) size 43x12
                        text run at (2,2) width 43: "This text"
                      RenderBR {BR} at (44,2) size 1x12
                      RenderText {#text} at (2,14) size 90x12
                        text run at (2,14) width 90: "should not overlap"
                      RenderBR {BR} at (91,14) size 1x12
                      RenderText {#text} at (2,26) size 27x12
                        text run at (2,26) width 27: "itself."
                  RenderTableRow {TR} at (0,39) size 93x15
                    RenderTableCell {TD} at (0,39) size 93x15 [bgcolor=#F0FFF0] [border: (1px dotted #006400)] [r=1 c=0 rs=1 cs=1]
                      RenderImage {IMG} at (2,6) size 5x5
