layer at (0,0) size 800x1638
  RenderView at (0,0) size 800x600
layer at (0,0) size 800x1638
  RenderBlock {HTML} at (0,0) size 800x1638
    RenderBody {BODY} at (0,0) size 800x1637
      RenderBlock {DIV} at (0,0) size 600x36
        RenderText {#text} at (0,0) size 317x12
          text run at (0,0) width 317: "Table autosizing tests - single-percent-width-cell-lots-of-text.html"
        RenderBR {BR} at (316,0) size 1x12
        RenderText {#text} at (0,12) size 506x12
          text run at (0,12) width 506: "This test passes if there is a one cell with lots of text that's autosized, and five cells that are not autosized."
      RenderTable {TABLE} at (1,37) size 798x1600 [border: none]
        RenderTableSection {TBODY} at (0,0) size 797x1599
          RenderTableRow {TR} at (0,0) size 797x15
            RenderTableCell {TD} at (0,0) size 279x15 [bgcolor=#F0FFF0] [border: (1px dotted #006400)] [r=0 c=0 rs=1 cs=1]
              RenderText {#text} at (2,2) size 24x12
                text run at (2,2) width 24: "hello"
            RenderTableCell {TD} at (279,0) size 239x15 [bgcolor=#F0FFF0] [border: (1px dotted #006400)] [r=0 c=1 rs=1 cs=1]
              RenderText {#text} at (2,2) size 24x12
                text run at (2,2) width 24: "hello"
            RenderTableCell {TD} at (518,0) size 279x15 [bgcolor=#F0FFF0] [border: (1px dotted #006400)] [r=0 c=2 rs=1 cs=1]
              RenderText {#text} at (2,2) size 24x12
                text run at (2,2) width 24: "hello"
          RenderTableRow {TR} at (0,15) size 797x1584
            RenderTableCell {TD} at (0,799) size 279x15 [bgcolor=#F0FFF0] [border: (1px dotted #006400)] [r=1 c=0 rs=1 cs=1]
              RenderText {#text} at (2,2) size 24x12
                text run at (2,2) width 24: "hello"
            RenderTableCell {TD} at (279,15) size 239x1584 [bgcolor=#F0FFF0] [border: (1px dotted #006400)] [r=1 c=1 rs=1 cs=1]
              RenderText {#text} at (2,2) size 195x1581
                text run at (2,2) width 195: "hello hello hello"
                text run at (2,33) width 195: "hello hello hello"
                text run at (2,64) width 195: "hello hello hello"
                text run at (2,95) width 195: "hello hello hello"
                text run at (2,126) width 195: "hello hello hello"
                text run at (2,157) width 195: "hello hello hello"
                text run at (2,188) width 195: "hello hello hello"
                text run at (2,219) width 195: "hello hello hello"
                text run at (2,250) width 195: "hello hello hello"
                text run at (2,281) width 195: "hello hello hello"
                text run at (2,312) width 195: "hello hello hello"
                text run at (2,343) width 195: "hello hello hello"
                text run at (2,374) width 195: "hello hello hello"
                text run at (2,405) width 195: "hello hello hello"
                text run at (2,436) width 195: "hello hello hello"
                text run at (2,467) width 195: "hello hello hello"
                text run at (2,498) width 195: "hello hello hello"
                text run at (2,529) width 195: "hello hello hello"
                text run at (2,560) width 195: "hello hello hello"
                text run at (2,591) width 195: "hello hello hello"
                text run at (2,622) width 195: "hello hello hello"
                text run at (2,653) width 195: "hello hello hello"
                text run at (2,684) width 195: "hello hello hello"
                text run at (2,715) width 195: "hello hello hello"
                text run at (2,746) width 195: "hello hello hello"
                text run at (2,777) width 195: "hello hello hello"
                text run at (2,808) width 195: "hello hello hello"
                text run at (2,839) width 195: "hello hello hello"
                text run at (2,870) width 195: "hello hello hello"
                text run at (2,901) width 195: "hello hello hello"
                text run at (2,932) width 195: "hello hello hello"
                text run at (2,963) width 195: "hello hello hello"
                text run at (2,994) width 195: "hello hello hello"
                text run at (2,1025) width 195: "hello hello hello"
                text run at (2,1056) width 195: "hello hello hello"
                text run at (2,1087) width 195: "hello hello hello"
                text run at (2,1118) width 195: "hello hello hello"
                text run at (2,1149) width 195: "hello hello hello"
                text run at (2,1180) width 195: "hello hello hello"
                text run at (2,1211) width 195: "hello hello hello"
                text run at (2,1242) width 195: "hello hello hello"
                text run at (2,1273) width 195: "hello hello hello"
                text run at (2,1304) width 195: "hello hello hello"
                text run at (2,1335) width 195: "hello hello hello"
                text run at (2,1366) width 195: "hello hello hello"
                text run at (2,1397) width 195: "hello hello hello"
                text run at (2,1428) width 195: "hello hello hello"
                text run at (2,1459) width 195: "hello hello hello"
                text run at (2,1490) width 195: "hello hello hello"
                text run at (2,1521) width 195: "hello hello hello"
                text run at (2,1552) width 128: "hello hello"
            RenderTableCell {TD} at (518,799) size 279x15 [bgcolor=#F0FFF0] [border: (1px dotted #006400)] [r=1 c=2 rs=1 cs=1]
              RenderText {#text} at (2,2) size 24x12
                text run at (2,2) width 24: "hello"
