layer at (0,0) size 800x1163
  RenderView at (0,0) size 800x600
layer at (0,0) size 800x1163
  RenderBlock {HTML} at (0,0) size 800x1163
    RenderBody {BODY} at (0,0) size 800x1162
      RenderBlock {DIV} at (0,0) size 600x48
        RenderText {#text} at (0,0) size 323x18
          text run at (0,0) width 323: "Table autosizing tests - table-with-inline-block.html"
        RenderBR {BR} at (323,0) size 0x18
        RenderText {#text} at (0,18) size 373x18
          text run at (0,18) width 373: "This test passes if there is not extra space in the pink boxes."
      RenderTable {TABLE} at (1,49) size 798x280 [border: none]
        RenderTableSection {TBODY} at (0,0) size 797x279
          RenderTableRow {TR} at (0,0) size 797x279
            RenderTableCell {TD} at (0,0) size 797x279 [bgcolor=#F0FFF0] [border: (1px dotted #006400)] [r=0 c=0 rs=1 cs=1]
              RenderText {#text} at (2,2) size 750x138
                text run at (2,2) width 750: "Autosize Autosize Autosize Autosize Autosize"
                text run at (2,48) width 750: "Autosize Autosize Autosize Autosize Autosize"
                text run at (2,94) width 608: "Autosize Autosize Autosize Autosize "
              RenderBlock {B} at (610,116) size 90x18 [bgcolor=#FFC0CB]
                RenderText {#text} at (0,0) size 90x18
                  text run at (0,0) width 90: "wrapped text"
              RenderText {#text} at (2,140) size 750x138
                text run at (2,140) width 750: "Autosize Autosize Autosize Autosize Autosize"
                text run at (2,186) width 750: "Autosize Autosize Autosize Autosize Autosize"
                text run at (2,232) width 598: "Autosize Autosize Autosize Autosize"
      RenderTable {TABLE} at (1,330) size 147x832 [border: none]
        RenderTableSection {TBODY} at (0,0) size 146x831
          RenderTableRow {TR} at (0,0) size 146x831
            RenderTableCell {TD} at (0,0) size 146x831 [bgcolor=#F0FFF0] [border: (1px dotted #006400)] [r=0 c=0 rs=1 cs=1]
              RenderText {#text} at (2,2) size 142x46
                text run at (2,2) width 142: "Autosize"
              RenderBR {BR} at (144,2) size 0x46
              RenderBlock {B} at (2,70) size 94x18 [bgcolor=#FFC0CB]
                RenderText {#text} at (0,0) size 94x18
                  text run at (0,0) width 94: "Wrapped text"
              RenderBR {BR} at (96,48) size 0x46
              RenderText {#text} at (2,94) size 142x46
                text run at (2,94) width 142: "Autosize"
              RenderBR {BR} at (144,94) size 0x46
              RenderText {#text} at (2,140) size 143x46
                text run at (2,140) width 143: "Autosize"
              RenderBR {BR} at (145,140) size 0x46
              RenderText {#text} at (2,186) size 143x46
                text run at (2,186) width 143: "Autosize"
              RenderBR {BR} at (145,186) size 0x46
              RenderText {#text} at (2,232) size 143x46
                text run at (2,232) width 143: "Autosize"
              RenderBR {BR} at (145,232) size 0x46
              RenderText {#text} at (2,278) size 143x46
                text run at (2,278) width 143: "Autosize"
              RenderBR {BR} at (145,278) size 0x46
              RenderText {#text} at (2,324) size 143x46
                text run at (2,324) width 143: "Autosize"
              RenderBR {BR} at (145,324) size 0x46
              RenderText {#text} at (2,370) size 143x46
                text run at (2,370) width 143: "Autosize"
              RenderBR {BR} at (145,370) size 0x46
              RenderText {#text} at (2,416) size 143x46
                text run at (2,416) width 143: "Autosize"
              RenderBR {BR} at (145,416) size 0x46
              RenderText {#text} at (2,462) size 142x46
                text run at (2,462) width 142: "Autosize"
              RenderBR {BR} at (144,462) size 0x46
              RenderText {#text} at (2,508) size 143x46
                text run at (2,508) width 143: "Autosize"
              RenderBR {BR} at (145,508) size 0x46
              RenderText {#text} at (2,554) size 143x46
                text run at (2,554) width 143: "Autosize"
              RenderBR {BR} at (145,554) size 0x46
              RenderText {#text} at (2,600) size 143x46
                text run at (2,600) width 143: "Autosize"
              RenderBR {BR} at (145,600) size 0x46
              RenderText {#text} at (2,646) size 143x46
                text run at (2,646) width 143: "Autosize"
              RenderBR {BR} at (145,646) size 0x46
              RenderText {#text} at (2,692) size 143x46
                text run at (2,692) width 143: "Autosize"
              RenderBR {BR} at (145,692) size 0x46
              RenderText {#text} at (2,738) size 143x46
                text run at (2,738) width 143: "Autosize"
              RenderBR {BR} at (145,738) size 0x46
              RenderText {#text} at (2,784) size 143x46
                text run at (2,784) width 143: "Autosize"
              RenderBR {BR} at (145,784) size 0x46
