layer at (0,0) size 800x600
  RenderView at (0,0) size 800x600
layer at (0,0) size 800x178
  RenderBlock {HTML} at (0,0) size 800x178
    RenderBody {BODY} at (0,0) size 800x177
      RenderBlock {DIV} at (0,0) size 600x36
        RenderText {#text} at (0,0) size 250x12
          text run at (0,0) width 250: "Table autosizing tests - wide-percentage-width.html"
        RenderBR {BR} at (249,0) size 1x12
        RenderText {#text} at (0,12) size 469x12
          text run at (0,12) width 469: "This test passes if the cell with lots of text is autosized and none of the other 5 cells are autosized."
      RenderTable {TABLE} at (1,37) size 500x140 [border: none]
        RenderTableSection {TBODY} at (0,0) size 499x139
          RenderTableRow {TR} at (0,0) size 499x22
            RenderTableCell {TD} at (0,3) size 27x15 [bgcolor=#F0FFF0] [border: (1px dotted #006400)] [r=0 c=0 rs=1 cs=1]
              RenderText {#text} at (2,2) size 24x12
                text run at (2,2) width 24: "hello"
            RenderTableCell {TD} at (27,0) size 445x22 [bgcolor=#F0FFF0] [border: (1px dotted #006400)] [r=0 c=1 rs=1 cs=1]
              RenderText {#text} at (2,2) size 38x19
                text run at (2,2) width 38: "hello"
            RenderTableCell {TD} at (472,3) size 27x15 [bgcolor=#F0FFF0] [border: (1px dotted #006400)] [r=0 c=2 rs=1 cs=1]
              RenderText {#text} at (2,2) size 24x12
                text run at (2,2) width 24: "hello"
          RenderTableRow {TR} at (0,22) size 499x117
            RenderTableCell {TD} at (0,73) size 27x15 [bgcolor=#F0FFF0] [border: (1px dotted #006400)] [r=1 c=0 rs=1 cs=1]
              RenderText {#text} at (2,2) size 24x12
                text run at (2,2) width 24: "hello"
            RenderTableCell {TD} at (27,22) size 445x117 [bgcolor=#F0FFF0] [border: (1px dotted #006400)] [r=1 c=1 rs=1 cs=1]
              RenderText {#text} at (2,2) size 418x114
                text run at (2,2) width 418: "hello hello hello hello hello hello hello hello hello hello"
                text run at (2,21) width 418: "hello hello hello hello hello hello hello hello hello hello"
                text run at (2,40) width 418: "hello hello hello hello hello hello hello hello hello hello"
                text run at (2,59) width 418: "hello hello hello hello hello hello hello hello hello hello"
                text run at (2,78) width 418: "hello hello hello hello hello hello hello hello hello hello"
                text run at (2,97) width 80: "hello hello"
            RenderTableCell {TD} at (472,73) size 27x15 [bgcolor=#F0FFF0] [border: (1px dotted #006400)] [r=1 c=2 rs=1 cs=1]
              RenderText {#text} at (2,2) size 24x12
                text run at (2,2) width 24: "hello"
